V "4.8.0.0 Sep  5 2018"
R
U 0
U 0
U 0
U 0
C 345
R
U 0
U 0
U 0
U 0
C 345
R
C 346
R
C 3
= 0x7f2a7c170d28
R
P 0x7f2a7c170d28
S "model"
S "true"
C 5
R
P 0x7f2a7c170d28
C 7
= 0x7f2a7c191628
R
P 0x7f2a7c170d28
C 4
R
P 0x7f2a7c191628
U 2
C 332
R
P 0x7f2a7c191628
C 342
M "findSchedulerModel"
R
P 0x7f2a7c191628
C 34
= 0x7f2a7c19b1e8
R
P 0x7f2a7c191628
C 342
R
P 0x7f2a7c191628
P 0x7f2a7c19b1e8
C 257
R
P 0x7f2a7c191628
C 342
R
P 0x7f2a7c191628
P 0x7f2a7c19b1e8
C 9
R
P 0x7f2a7c191628
C 342
R
P 0x7f2a7c191628
I 100
P 0x7f2a7c19b1e8
C 150
= 0x7f2a7c19bb28
R
P 0x7f2a7c191628
C 342
R
P 0x7f2a7c191628
P 0x7f2a7c19bb28
C 258
R
P 0x7f2a7c191628
C 342
R
P 0x7f2a7c191628
P 0x7f2a7c19bb28
C 9
R
P 0x7f2a7c191628
C 342
R
P 0x7f2a7c191628
I 100
P 0x7f2a7c19b1e8
C 150
= 0x7f2a7c19bb28
R
P 0x7f2a7c191628
C 342
R
P 0x7f2a7c191628
P 0x7f2a7c19bb28
C 258
R
P 0x7f2a7c191628
C 342
R
P 0x7f2a7c191628
P 0x7f2a7c19bb28
C 9
R
P 0x7f2a7c191628
C 342
R
P 0x7f2a7c191628
I 2
P 0x7f2a7c19b1e8
C 150
= 0x7f2a7c19bb48
R
P 0x7f2a7c191628
C 342
R
P 0x7f2a7c191628
P 0x7f2a7c19bb48
C 258
R
P 0x7f2a7c191628
C 342
R
P 0x7f2a7c191628
P 0x7f2a7c19bb48
C 9
R
P 0x7f2a7c191628
C 342
R
P 0x7f2a7c191628
I 1
P 0x7f2a7c19b1e8
C 150
= 0x7f2a7c19bb68
R
P 0x7f2a7c191628
C 342
R
P 0x7f2a7c191628
P 0x7f2a7c19bb68
C 258
R
P 0x7f2a7c191628
C 342
R
P 0x7f2a7c191628
P 0x7f2a7c19bb68
C 9
R
P 0x7f2a7c191628
C 342
R
P 0x7f2a7c191628
I 0
P 0x7f2a7c19b1e8
C 150
= 0x7f2a7c19bb88
R
P 0x7f2a7c191628
C 342
R
P 0x7f2a7c191628
P 0x7f2a7c19bb88
C 258
R
P 0x7f2a7c191628
C 342
R
P 0x7f2a7c191628
P 0x7f2a7c19bb88
C 9
R
P 0x7f2a7c191628
C 342
R
P 0x7f2a7c191628
I 15
P 0x7f2a7c19b1e8
C 150
= 0x7f2a7c19bba8
R
P 0x7f2a7c191628
C 342
R
P 0x7f2a7c191628
P 0x7f2a7c19bba8
C 258
R
P 0x7f2a7c191628
C 342
R
P 0x7f2a7c191628
P 0x7f2a7c19bba8
C 9
R
P 0x7f2a7c191628
C 342
R
P 0x7f2a7c191628
I 5
P 0x7f2a7c19b1e8
C 150
= 0x7f2a7c19bbc8
R
P 0x7f2a7c191628
C 342
R
P 0x7f2a7c191628
P 0x7f2a7c19bbc8
C 258
R
P 0x7f2a7c191628
C 342
R
P 0x7f2a7c191628
P 0x7f2a7c19bbc8
C 9
R
P 0x7f2a7c191628
C 342
R
P 0x7f2a7c191628
C 33
= 0x7f2a7c19b208
R
P 0x7f2a7c191628
C 342
R
P 0x7f2a7c191628
P 0x7f2a7c19b208
C 257
R
P 0x7f2a7c191628
C 342
R
P 0x7f2a7c191628
P 0x7f2a7c19b208
C 9
R
P 0x7f2a7c191628
C 342
R
P 0x7f2a7c191628
S "cycleDuration"
C 30
R
P 0x7f2a7c191628
C 342
R
P 0x7f2a7c191628
$ |cycleDuration|
C 202
R
P 0x7f2a7c191628
C 342
R
P 0x7f2a7c191628
$ |cycleDuration|
P 0x7f2a7c19b208
C 51
= 0x7f2a7c19bbe8
R
P 0x7f2a7c191628
C 342
R
P 0x7f2a7c191628
P 0x7f2a7c19bbe8
C 257
R
P 0x7f2a7c191628
C 342
R
P 0x7f2a7c191628
P 0x7f2a7c19bbe8
C 254
= 0x7f2a7c19b208
R
P 0x7f2a7c191628
C 342
R
P 0x7f2a7c191628
P 0x7f2a7c19b208
C 209
R
P 0x7f2a7c191628
C 342
R
P 0x7f2a7c191628
P 0x7f2a7c19bbe8
C 260
R
P 0x7f2a7c191628
C 342
R
P 0x7f2a7c191628
P 0x7f2a7c19bbe8
C 259
R
P 0x7f2a7c191628
C 342
R
P 0x7f2a7c191628
P 0x7f2a7c19bbe8
C 258
R
P 0x7f2a7c191628
C 342
R
P 0x7f2a7c191628
P 0x7f2a7c19bbe8
C 9
R
P 0x7f2a7c191628
C 342
R
P 0x7f2a7c191628
I 1
P 0x7f2a7c19b1e8
C 150
= 0x7f2a7c19bb68
R
P 0x7f2a7c191628
C 342
R
P 0x7f2a7c191628
P 0x7f2a7c19bb68
C 258
R
P 0x7f2a7c191628
C 342
R
P 0x7f2a7c191628
P 0x7f2a7c19bb68
C 9
R
P 0x7f2a7c191628
C 342
R
P 0x7f2a7c191628
I 3
P 0x7f2a7c19b1e8
C 150
= 0x7f2a7c19bc08
R
P 0x7f2a7c191628
C 342
R
P 0x7f2a7c191628
P 0x7f2a7c19bc08
C 258
R
P 0x7f2a7c191628
C 342
R
P 0x7f2a7c191628
P 0x7f2a7c19bc08
C 9
R
P 0x7f2a7c191628
C 342
R
P 0x7f2a7c191628
I 100
P 0x7f2a7c19b1e8
C 150
= 0x7f2a7c19bb28
R
P 0x7f2a7c191628
C 342
R
P 0x7f2a7c191628
P 0x7f2a7c19bb28
C 258
R
P 0x7f2a7c191628
C 342
R
P 0x7f2a7c191628
P 0x7f2a7c19bb28
C 9
R
P 0x7f2a7c191628
C 342
R
P 0x7f2a7c191628
S "firstT1Time"
C 30
R
P 0x7f2a7c191628
C 342
R
P 0x7f2a7c191628
$ |firstT1Time|
C 202
R
P 0x7f2a7c191628
C 342
R
P 0x7f2a7c191628
$ |firstT1Time|
P 0x7f2a7c19b1e8
C 51
= 0x7f2a7c19bc28
R
P 0x7f2a7c191628
C 342
R
P 0x7f2a7c191628
P 0x7f2a7c19bc28
C 257
R
P 0x7f2a7c191628
C 342
R
P 0x7f2a7c191628
P 0x7f2a7c19bc28
C 254
= 0x7f2a7c19b1e8
R
P 0x7f2a7c191628
C 342
R
P 0x7f2a7c191628
P 0x7f2a7c19b1e8
C 209
R
P 0x7f2a7c191628
C 342
R
P 0x7f2a7c191628
P 0x7f2a7c19bc28
C 260
R
P 0x7f2a7c191628
C 342
R
P 0x7f2a7c191628
P 0x7f2a7c19bc28
C 259
R
P 0x7f2a7c191628
C 342
R
P 0x7f2a7c191628
P 0x7f2a7c19bc28
C 258
R
P 0x7f2a7c191628
C 342
R
P 0x7f2a7c191628
P 0x7f2a7c19bc28
C 9
R
P 0x7f2a7c191628
C 342
R
P 0x7f2a7c191628
I 10
P 0x7f2a7c19b1e8
C 150
= 0x7f2a7c19bc48
R
P 0x7f2a7c191628
C 342
R
P 0x7f2a7c191628
P 0x7f2a7c19bc48
C 258
R
P 0x7f2a7c191628
C 342
R
P 0x7f2a7c191628
P 0x7f2a7c19bc48
C 9
R
P 0x7f2a7c191628
C 342
R
P 0x7f2a7c191628
S "flowPriority"
C 30
R
P 0x7f2a7c191628
C 342
R
P 0x7f2a7c191628
$ |flowPriority|
C 202
R
P 0x7f2a7c191628
C 342
R
P 0x7f2a7c191628
$ |flowPriority|
P 0x7f2a7c19b208
C 51
= 0x7f2a7c19bc68
R
P 0x7f2a7c191628
C 342
R
P 0x7f2a7c191628
P 0x7f2a7c19bc68
C 257
R
P 0x7f2a7c191628
C 342
R
P 0x7f2a7c191628
P 0x7f2a7c19bc68
C 254
= 0x7f2a7c19b208
R
P 0x7f2a7c191628
C 342
R
P 0x7f2a7c191628
P 0x7f2a7c19b208
C 209
R
P 0x7f2a7c191628
C 342
R
P 0x7f2a7c191628
P 0x7f2a7c19bc68
C 260
R
P 0x7f2a7c191628
C 342
R
P 0x7f2a7c191628
P 0x7f2a7c19bc68
C 259
R
P 0x7f2a7c191628
C 342
R
P 0x7f2a7c191628
P 0x7f2a7c19bc68
C 258
R
P 0x7f2a7c191628
C 342
R
P 0x7f2a7c191628
P 0x7f2a7c19bc68
C 9
R
P 0x7f2a7c191628
C 342
R
P 0x7f2a7c191628
I 15
P 0x7f2a7c19b1e8
C 150
= 0x7f2a7c19bba8
R
P 0x7f2a7c191628
C 342
R
P 0x7f2a7c191628
P 0x7f2a7c19bba8
C 258
R
P 0x7f2a7c191628
C 342
R
P 0x7f2a7c191628
P 0x7f2a7c19bba8
C 9
R
P 0x7f2a7c191628
C 342
R
P 0x7f2a7c191628
I 1
P 0x7f2a7c19b208
C 150
= 0x7f2a7c19bc88
R
P 0x7f2a7c191628
C 342
R
P 0x7f2a7c191628
P 0x7f2a7c19bc88
C 258
R
P 0x7f2a7c191628
C 342
R
P 0x7f2a7c191628
P 0x7f2a7c19bc88
C 9
R
P 0x7f2a7c191628
C 342
R
P 0x7f2a7c191628
I 1
P 0x7f2a7c19b208
C 150
= 0x7f2a7c19bc88
R
P 0x7f2a7c191628
C 342
R
P 0x7f2a7c191628
P 0x7f2a7c19bc88
C 258
R
P 0x7f2a7c191628
C 342
R
P 0x7f2a7c191628
P 0x7f2a7c19bc88
C 9
R
P 0x7f2a7c191628
C 342
R
P 0x7f2a7c191628
P 0x7f2a7c19bc88
P 0x7f2a7c19bc88
C 75
= 0x7f2a7c1a1778
R
P 0x7f2a7c191628
C 342
R
P 0x7f2a7c191628
P 0x7f2a7c1a1778
C 258
R
P 0x7f2a7c191628
C 342
R
P 0x7f2a7c191628
P 0x7f2a7c1a1778
C 9
R
P 0x7f2a7c191628
C 342
R
P 0x7f2a7c191628
I 1
P 0x7f2a7c19b208
C 150
= 0x7f2a7c19bc88
R
P 0x7f2a7c191628
C 342
R
P 0x7f2a7c191628
P 0x7f2a7c19bc88
C 258
R
P 0x7f2a7c191628
C 342
R
P 0x7f2a7c191628
P 0x7f2a7c19bc88
C 9
R
P 0x7f2a7c191628
C 342
R
P 0x7f2a7c191628
U 2
P 0x7f2a7c19bc88
P 0x7f2a7c19bc88
p 2
C 67
= 0x7f2a7c1a17b0
R
P 0x7f2a7c191628
C 342
R
P 0x7f2a7c191628
P 0x7f2a7c1a17b0
C 257
R
P 0x7f2a7c191628
C 342
R
P 0x7f2a7c191628
P 0x7f2a7c1a17b0
C 254
= 0x7f2a7c19b208
R
P 0x7f2a7c191628
C 342
R
P 0x7f2a7c191628
P 0x7f2a7c19b208
C 209
R
P 0x7f2a7c191628
C 342
R
P 0x7f2a7c191628
P 0x7f2a7c1a17b0
C 260
R
P 0x7f2a7c191628
C 342
R
P 0x7f2a7c191628
P 0x7f2a7c1a17b0
C 259
R
P 0x7f2a7c191628
C 342
R
P 0x7f2a7c191628
P 0x7f2a7c1a17b0
C 258
R
P 0x7f2a7c191628
C 342
R
P 0x7f2a7c191628
P 0x7f2a7c1a17b0
C 9
R
P 0x7f2a7c191628
C 342
R
P 0x7f2a7c191628
U 2
P 0x7f2a7c19bba8
P 0x7f2a7c1a17b0
p 2
C 66
= 0x7f2a7c1a17e8
R
P 0x7f2a7c191628
C 342
R
P 0x7f2a7c191628
P 0x7f2a7c1a17e8
C 257
R
P 0x7f2a7c191628
C 342
R
P 0x7f2a7c191628
P 0x7f2a7c1a17e8
C 254
= 0x7f2a7c19b1e8
R
P 0x7f2a7c191628
C 342
R
P 0x7f2a7c191628
P 0x7f2a7c19b1e8
C 209
R
P 0x7f2a7c191628
C 342
R
P 0x7f2a7c191628
P 0x7f2a7c1a17e8
C 260
R
P 0x7f2a7c191628
C 342
R
P 0x7f2a7c191628
P 0x7f2a7c1a17e8
C 259
R
P 0x7f2a7c191628
C 342
R
P 0x7f2a7c191628
P 0x7f2a7c1a17e8
C 258
R
P 0x7f2a7c191628
C 342
R
P 0x7f2a7c191628
P 0x7f2a7c1a17e8
C 9
R
P 0x7f2a7c191628
C 342
R
P 0x7f2a7c191628
U 2
P 0x7f2a7c19bc28
P 0x7f2a7c1a17e8
p 2
C 65
= 0x7f2a7c1a1820
R
P 0x7f2a7c191628
C 342
R
P 0x7f2a7c191628
P 0x7f2a7c1a1820
C 257
R
P 0x7f2a7c191628
C 342
R
P 0x7f2a7c191628
P 0x7f2a7c1a1820
C 254
= 0x7f2a7c19b1e8
R
P 0x7f2a7c191628
C 342
R
P 0x7f2a7c191628
P 0x7f2a7c19b1e8
C 209
R
P 0x7f2a7c191628
C 342
R
P 0x7f2a7c191628
P 0x7f2a7c1a1820
C 260
R
P 0x7f2a7c191628
C 342
R
P 0x7f2a7c191628
P 0x7f2a7c1a1820
C 259
R
P 0x7f2a7c191628
C 342
R
P 0x7f2a7c191628
P 0x7f2a7c1a1820
C 258
R
P 0x7f2a7c191628
C 342
R
P 0x7f2a7c191628
P 0x7f2a7c1a1820
C 9
R
P 0x7f2a7c191628
C 342
R
P 0x7f2a7c191628
P 0x7f2a7c1a1778
P 0x7f2a7c1a1820
P 0x7f2a7c19bc28
C 59
= 0x7f2a7c19f848
R
P 0x7f2a7c191628
C 342
R
P 0x7f2a7c191628
P 0x7f2a7c19f848
C 257
R
P 0x7f2a7c191628
C 342
R
P 0x7f2a7c191628
P 0x7f2a7c19f848
C 254
= 0x7f2a7c19b1e8
R
P 0x7f2a7c191628
C 342
R
P 0x7f2a7c191628
P 0x7f2a7c19b1e8
C 209
R
P 0x7f2a7c191628
C 342
R
P 0x7f2a7c191628
P 0x7f2a7c19f848
C 260
R
P 0x7f2a7c191628
C 342
R
P 0x7f2a7c191628
P 0x7f2a7c19f848
C 259
R
P 0x7f2a7c191628
C 342
R
P 0x7f2a7c191628
P 0x7f2a7c19f848
C 258
R
P 0x7f2a7c191628
C 342
R
P 0x7f2a7c191628
P 0x7f2a7c19f848
C 9
R
P 0x7f2a7c191628
C 342
R
P 0x7f2a7c191628
I 1
P 0x7f2a7c19b208
C 150
= 0x7f2a7c19bc88
R
P 0x7f2a7c191628
C 342
R
P 0x7f2a7c191628
P 0x7f2a7c19bc88
C 258
R
P 0x7f2a7c191628
C 342
R
P 0x7f2a7c191628
P 0x7f2a7c19bc88
C 9
R
P 0x7f2a7c191628
C 342
R
P 0x7f2a7c191628
I 1
P 0x7f2a7c19b208
C 150
= 0x7f2a7c19bc88
R
P 0x7f2a7c191628
C 342
R
P 0x7f2a7c191628
P 0x7f2a7c19bc88
C 258
R
P 0x7f2a7c191628
C 342
R
P 0x7f2a7c191628
P 0x7f2a7c19bc88
C 9
R
P 0x7f2a7c191628
C 342
R
P 0x7f2a7c191628
P 0x7f2a7c19bc88
P 0x7f2a7c19bc88
C 75
= 0x7f2a7c1a1778
R
P 0x7f2a7c191628
C 342
R
P 0x7f2a7c191628
P 0x7f2a7c1a1778
C 258
R
P 0x7f2a7c191628
C 342
R
P 0x7f2a7c191628
P 0x7f2a7c1a1778
C 9
R
P 0x7f2a7c191628
C 342
R
P 0x7f2a7c191628
I 1
P 0x7f2a7c19b208
C 150
= 0x7f2a7c19bc88
R
P 0x7f2a7c191628
C 342
R
P 0x7f2a7c191628
P 0x7f2a7c19bc88
C 258
R
P 0x7f2a7c191628
C 342
R
P 0x7f2a7c191628
P 0x7f2a7c19bc88
C 9
R
P 0x7f2a7c191628
C 342
R
P 0x7f2a7c191628
U 2
P 0x7f2a7c19bc88
P 0x7f2a7c19bc88
p 2
C 67
= 0x7f2a7c1a17b0
R
P 0x7f2a7c191628
C 342
R
P 0x7f2a7c191628
P 0x7f2a7c1a17b0
C 257
R
P 0x7f2a7c191628
C 342
R
P 0x7f2a7c191628
P 0x7f2a7c1a17b0
C 254
= 0x7f2a7c19b208
R
P 0x7f2a7c191628
C 342
R
P 0x7f2a7c191628
P 0x7f2a7c19b208
C 209
R
P 0x7f2a7c191628
C 342
R
P 0x7f2a7c191628
P 0x7f2a7c1a17b0
C 260
R
P 0x7f2a7c191628
C 342
R
P 0x7f2a7c191628
P 0x7f2a7c1a17b0
C 259
R
P 0x7f2a7c191628
C 342
R
P 0x7f2a7c191628
P 0x7f2a7c1a17b0
C 258
R
P 0x7f2a7c191628
C 342
R
P 0x7f2a7c191628
P 0x7f2a7c1a17b0
C 9
R
P 0x7f2a7c191628
C 342
R
P 0x7f2a7c191628
U 2
P 0x7f2a7c19bba8
P 0x7f2a7c1a17b0
p 2
C 66
= 0x7f2a7c1a17e8
R
P 0x7f2a7c191628
C 342
R
P 0x7f2a7c191628
P 0x7f2a7c1a17e8
C 257
R
P 0x7f2a7c191628
C 342
R
P 0x7f2a7c191628
P 0x7f2a7c1a17e8
C 254
= 0x7f2a7c19b1e8
R
P 0x7f2a7c191628
C 342
R
P 0x7f2a7c191628
P 0x7f2a7c19b1e8
C 209
R
P 0x7f2a7c191628
C 342
R
P 0x7f2a7c191628
P 0x7f2a7c1a17e8
C 260
R
P 0x7f2a7c191628
C 342
R
P 0x7f2a7c191628
P 0x7f2a7c1a17e8
C 259
R
P 0x7f2a7c191628
C 342
R
P 0x7f2a7c191628
P 0x7f2a7c1a17e8
C 258
R
P 0x7f2a7c191628
C 342
R
P 0x7f2a7c191628
P 0x7f2a7c1a17e8
C 9
R
P 0x7f2a7c191628
C 342
R
P 0x7f2a7c191628
U 2
P 0x7f2a7c19bc28
P 0x7f2a7c1a17e8
p 2
C 65
= 0x7f2a7c1a1820
R
P 0x7f2a7c191628
C 342
R
P 0x7f2a7c191628
P 0x7f2a7c1a1820
C 257
R
P 0x7f2a7c191628
C 342
R
P 0x7f2a7c191628
P 0x7f2a7c1a1820
C 254
= 0x7f2a7c19b1e8
R
P 0x7f2a7c191628
C 342
R
P 0x7f2a7c191628
P 0x7f2a7c19b1e8
C 209
R
P 0x7f2a7c191628
C 342
R
P 0x7f2a7c191628
P 0x7f2a7c1a1820
C 260
R
P 0x7f2a7c191628
C 342
R
P 0x7f2a7c191628
P 0x7f2a7c1a1820
C 259
R
P 0x7f2a7c191628
C 342
R
P 0x7f2a7c191628
P 0x7f2a7c1a1820
C 258
R
P 0x7f2a7c191628
C 342
R
P 0x7f2a7c191628
P 0x7f2a7c1a1820
C 9
R
P 0x7f2a7c191628
C 342
R
P 0x7f2a7c191628
P 0x7f2a7c1a1778
P 0x7f2a7c1a1820
P 0x7f2a7c19bc28
C 59
= 0x7f2a7c19f848
R
P 0x7f2a7c191628
C 342
R
P 0x7f2a7c191628
P 0x7f2a7c19f848
C 257
R
P 0x7f2a7c191628
C 342
R
P 0x7f2a7c191628
P 0x7f2a7c19f848
C 254
= 0x7f2a7c19b1e8
R
P 0x7f2a7c191628
C 342
R
P 0x7f2a7c191628
P 0x7f2a7c19b1e8
C 209
R
P 0x7f2a7c191628
C 342
R
P 0x7f2a7c191628
P 0x7f2a7c19f848
C 260
R
P 0x7f2a7c191628
C 342
R
P 0x7f2a7c191628
P 0x7f2a7c19f848
C 259
R
P 0x7f2a7c191628
C 342
R
P 0x7f2a7c191628
P 0x7f2a7c19f848
C 258
R
P 0x7f2a7c191628
C 342
R
P 0x7f2a7c191628
P 0x7f2a7c19f848
C 9
R
P 0x7f2a7c191628
C 342
R
P 0x7f2a7c191628
U 2
P 0x7f2a7c19f848
P 0x7f2a7c19bb48
p 2
C 65
= 0x7f2a7c1a1858
R
P 0x7f2a7c191628
C 342
R
P 0x7f2a7c191628
P 0x7f2a7c1a1858
C 257
R
P 0x7f2a7c191628
C 342
R
P 0x7f2a7c191628
P 0x7f2a7c1a1858
C 254
= 0x7f2a7c19b1e8
R
P 0x7f2a7c191628
C 342
R
P 0x7f2a7c191628
P 0x7f2a7c19b1e8
C 209
R
P 0x7f2a7c191628
C 342
R
P 0x7f2a7c191628
P 0x7f2a7c1a1858
C 260
R
P 0x7f2a7c191628
C 342
R
P 0x7f2a7c191628
P 0x7f2a7c1a1858
C 259
R
P 0x7f2a7c191628
C 342
R
P 0x7f2a7c191628
P 0x7f2a7c1a1858
C 258
R
P 0x7f2a7c191628
C 342
R
P 0x7f2a7c191628
P 0x7f2a7c1a1858
C 9
R
P 0x7f2a7c191628
C 342
R
P 0x7f2a7c191628
I 1
P 0x7f2a7c19b208
C 150
= 0x7f2a7c19bc88
R
P 0x7f2a7c191628
C 342
R
P 0x7f2a7c191628
P 0x7f2a7c19bc88
C 258
R
P 0x7f2a7c191628
C 342
R
P 0x7f2a7c191628
P 0x7f2a7c19bc88
C 9
R
P 0x7f2a7c191628
C 342
R
P 0x7f2a7c191628
P 0x7f2a7c19bc88
C 263
R
P 0x7f2a7c191628
C 342
R
P 0x7f2a7c191628
S "dev0T31"
C 30
R
P 0x7f2a7c191628
C 342
R
P 0x7f2a7c191628
$ |dev0T31|
C 202
R
P 0x7f2a7c191628
C 342
R
P 0x7f2a7c191628
$ |dev0T31|
P 0x7f2a7c19b1e8
C 51
= 0x7f2a7c19bca8
R
P 0x7f2a7c191628
C 342
R
P 0x7f2a7c191628
P 0x7f2a7c19bca8
C 257
R
P 0x7f2a7c191628
C 342
R
P 0x7f2a7c191628
P 0x7f2a7c19bca8
C 254
= 0x7f2a7c19b1e8
R
P 0x7f2a7c191628
C 342
R
P 0x7f2a7c191628
P 0x7f2a7c19b1e8
C 209
R
P 0x7f2a7c191628
C 342
R
P 0x7f2a7c191628
P 0x7f2a7c19bca8
C 260
R
P 0x7f2a7c191628
C 342
R
P 0x7f2a7c191628
P 0x7f2a7c19bca8
C 259
R
P 0x7f2a7c191628
C 342
R
P 0x7f2a7c191628
P 0x7f2a7c19bca8
C 258
R
P 0x7f2a7c191628
C 342
R
P 0x7f2a7c191628
P 0x7f2a7c19bca8
C 9
R
P 0x7f2a7c191628
C 342
R
P 0x7f2a7c191628
I 2
P 0x7f2a7c19b208
C 150
= 0x7f2a7c19bcc8
R
P 0x7f2a7c191628
C 342
R
P 0x7f2a7c191628
P 0x7f2a7c19bcc8
C 258
R
P 0x7f2a7c191628
C 342
R
P 0x7f2a7c191628
P 0x7f2a7c19bcc8
C 9
R
P 0x7f2a7c191628
C 342
R
P 0x7f2a7c191628
I 1
P 0x7f2a7c19b208
C 150
= 0x7f2a7c19bc88
R
P 0x7f2a7c191628
C 342
R
P 0x7f2a7c191628
P 0x7f2a7c19bc88
C 258
R
P 0x7f2a7c191628
C 342
R
P 0x7f2a7c191628
P 0x7f2a7c19bc88
C 9
R
P 0x7f2a7c191628
C 342
R
P 0x7f2a7c191628
P 0x7f2a7c19bcc8
P 0x7f2a7c19bc88
C 75
= 0x7f2a7c1a1890
R
P 0x7f2a7c191628
C 342
R
P 0x7f2a7c191628
P 0x7f2a7c1a1890
C 258
R
P 0x7f2a7c191628
C 342
R
P 0x7f2a7c191628
P 0x7f2a7c1a1890
C 9
R
P 0x7f2a7c191628
C 342
R
P 0x7f2a7c191628
I 1
P 0x7f2a7c19b208
C 150
= 0x7f2a7c19bc88
R
P 0x7f2a7c191628
C 342
R
P 0x7f2a7c191628
P 0x7f2a7c19bc88
C 258
R
P 0x7f2a7c191628
C 342
R
P 0x7f2a7c191628
P 0x7f2a7c19bc88
C 9
R
P 0x7f2a7c191628
C 342
R
P 0x7f2a7c191628
U 2
P 0x7f2a7c19bcc8
P 0x7f2a7c19bc88
p 2
C 67
= 0x7f2a7c1a18c8
R
P 0x7f2a7c191628
C 342
R
P 0x7f2a7c191628
P 0x7f2a7c1a18c8
C 257
R
P 0x7f2a7c191628
C 342
R
P 0x7f2a7c191628
P 0x7f2a7c1a18c8
C 254
= 0x7f2a7c19b208
R
P 0x7f2a7c191628
C 342
R
P 0x7f2a7c191628
P 0x7f2a7c19b208
C 209
R
P 0x7f2a7c191628
C 342
R
P 0x7f2a7c191628
P 0x7f2a7c1a18c8
C 260
R
P 0x7f2a7c191628
C 342
R
P 0x7f2a7c191628
P 0x7f2a7c1a18c8
C 259
R
P 0x7f2a7c191628
C 342
R
P 0x7f2a7c191628
P 0x7f2a7c1a18c8
C 258
R
P 0x7f2a7c191628
C 342
R
P 0x7f2a7c191628
P 0x7f2a7c1a18c8
C 9
R
P 0x7f2a7c191628
C 342
R
P 0x7f2a7c191628
U 2
P 0x7f2a7c19bba8
P 0x7f2a7c1a18c8
p 2
C 66
= 0x7f2a7c1a1900
R
P 0x7f2a7c191628
C 342
R
P 0x7f2a7c191628
P 0x7f2a7c1a1900
C 257
R
P 0x7f2a7c191628
C 342
R
P 0x7f2a7c191628
P 0x7f2a7c1a1900
C 254
= 0x7f2a7c19b1e8
R
P 0x7f2a7c191628
C 342
R
P 0x7f2a7c191628
P 0x7f2a7c19b1e8
C 209
R
P 0x7f2a7c191628
C 342
R
P 0x7f2a7c191628
P 0x7f2a7c1a1900
C 260
R
P 0x7f2a7c191628
C 342
R
P 0x7f2a7c191628
P 0x7f2a7c1a1900
C 259
R
P 0x7f2a7c191628
C 342
R
P 0x7f2a7c191628
P 0x7f2a7c1a1900
C 258
R
P 0x7f2a7c191628
C 342
R
P 0x7f2a7c191628
P 0x7f2a7c1a1900
C 9
R
P 0x7f2a7c191628
C 342
R
P 0x7f2a7c191628
U 2
P 0x7f2a7c19bc28
P 0x7f2a7c1a1900
p 2
C 65
= 0x7f2a7c1a1938
R
P 0x7f2a7c191628
C 342
R
P 0x7f2a7c191628
P 0x7f2a7c1a1938
C 257
R
P 0x7f2a7c191628
C 342
R
P 0x7f2a7c191628
P 0x7f2a7c1a1938
C 254
= 0x7f2a7c19b1e8
R
P 0x7f2a7c191628
C 342
R
P 0x7f2a7c191628
P 0x7f2a7c19b1e8
C 209
R
P 0x7f2a7c191628
C 342
R
P 0x7f2a7c191628
P 0x7f2a7c1a1938
C 260
R
P 0x7f2a7c191628
C 342
R
P 0x7f2a7c191628
P 0x7f2a7c1a1938
C 259
R
P 0x7f2a7c191628
C 342
R
P 0x7f2a7c191628
P 0x7f2a7c1a1938
C 258
R
P 0x7f2a7c191628
C 342
R
P 0x7f2a7c191628
P 0x7f2a7c1a1938
C 9
R
P 0x7f2a7c191628
C 342
R
P 0x7f2a7c191628
P 0x7f2a7c1a1890
P 0x7f2a7c1a1938
P 0x7f2a7c19bc28
C 59
= 0x7f2a7c19f888
R
P 0x7f2a7c191628
C 342
R
P 0x7f2a7c191628
P 0x7f2a7c19f888
C 257
R
P 0x7f2a7c191628
C 342
R
P 0x7f2a7c191628
P 0x7f2a7c19f888
C 254
= 0x7f2a7c19b1e8
R
P 0x7f2a7c191628
C 342
R
P 0x7f2a7c191628
P 0x7f2a7c19b1e8
C 209
R
P 0x7f2a7c191628
C 342
R
P 0x7f2a7c191628
P 0x7f2a7c19f888
C 260
R
P 0x7f2a7c191628
C 342
R
P 0x7f2a7c191628
P 0x7f2a7c19f888
C 259
R
P 0x7f2a7c191628
C 342
R
P 0x7f2a7c191628
P 0x7f2a7c19f888
C 258
R
P 0x7f2a7c191628
C 342
R
P 0x7f2a7c191628
P 0x7f2a7c19f888
C 9
R
P 0x7f2a7c191628
C 342
R
P 0x7f2a7c191628
I 2
P 0x7f2a7c19b208
C 150
= 0x7f2a7c19bcc8
R
P 0x7f2a7c191628
C 342
R
P 0x7f2a7c191628
P 0x7f2a7c19bcc8
C 258
R
P 0x7f2a7c191628
C 342
R
P 0x7f2a7c191628
P 0x7f2a7c19bcc8
C 9
R
P 0x7f2a7c191628
C 342
R
P 0x7f2a7c191628
I 1
P 0x7f2a7c19b208
C 150
= 0x7f2a7c19bc88
R
P 0x7f2a7c191628
C 342
R
P 0x7f2a7c191628
P 0x7f2a7c19bc88
C 258
R
P 0x7f2a7c191628
C 342
R
P 0x7f2a7c191628
P 0x7f2a7c19bc88
C 9
R
P 0x7f2a7c191628
C 342
R
P 0x7f2a7c191628
P 0x7f2a7c19bcc8
P 0x7f2a7c19bc88
C 75
= 0x7f2a7c1a1890
R
P 0x7f2a7c191628
C 342
R
P 0x7f2a7c191628
P 0x7f2a7c1a1890
C 258
R
P 0x7f2a7c191628
C 342
R
P 0x7f2a7c191628
P 0x7f2a7c1a1890
C 9
R
P 0x7f2a7c191628
C 342
R
P 0x7f2a7c191628
I 1
P 0x7f2a7c19b208
C 150
= 0x7f2a7c19bc88
R
P 0x7f2a7c191628
C 342
R
P 0x7f2a7c191628
P 0x7f2a7c19bc88
C 258
R
P 0x7f2a7c191628
C 342
R
P 0x7f2a7c191628
P 0x7f2a7c19bc88
C 9
R
P 0x7f2a7c191628
C 342
R
P 0x7f2a7c191628
U 2
P 0x7f2a7c19bcc8
P 0x7f2a7c19bc88
p 2
C 67
= 0x7f2a7c1a18c8
R
P 0x7f2a7c191628
C 342
R
P 0x7f2a7c191628
P 0x7f2a7c1a18c8
C 257
R
P 0x7f2a7c191628
C 342
R
P 0x7f2a7c191628
P 0x7f2a7c1a18c8
C 254
= 0x7f2a7c19b208
R
P 0x7f2a7c191628
C 342
R
P 0x7f2a7c191628
P 0x7f2a7c19b208
C 209
R
P 0x7f2a7c191628
C 342
R
P 0x7f2a7c191628
P 0x7f2a7c1a18c8
C 260
R
P 0x7f2a7c191628
C 342
R
P 0x7f2a7c191628
P 0x7f2a7c1a18c8
C 259
R
P 0x7f2a7c191628
C 342
R
P 0x7f2a7c191628
P 0x7f2a7c1a18c8
C 258
R
P 0x7f2a7c191628
C 342
R
P 0x7f2a7c191628
P 0x7f2a7c1a18c8
C 9
R
P 0x7f2a7c191628
C 342
R
P 0x7f2a7c191628
U 2
P 0x7f2a7c19bba8
P 0x7f2a7c1a18c8
p 2
C 66
= 0x7f2a7c1a1900
R
P 0x7f2a7c191628
C 342
R
P 0x7f2a7c191628
P 0x7f2a7c1a1900
C 257
R
P 0x7f2a7c191628
C 342
R
P 0x7f2a7c191628
P 0x7f2a7c1a1900
C 254
= 0x7f2a7c19b1e8
R
P 0x7f2a7c191628
C 342
R
P 0x7f2a7c191628
P 0x7f2a7c19b1e8
C 209
R
P 0x7f2a7c191628
C 342
R
P 0x7f2a7c191628
P 0x7f2a7c1a1900
C 260
R
P 0x7f2a7c191628
C 342
R
P 0x7f2a7c191628
P 0x7f2a7c1a1900
C 259
R
P 0x7f2a7c191628
C 342
R
P 0x7f2a7c191628
P 0x7f2a7c1a1900
C 258
R
P 0x7f2a7c191628
C 342
R
P 0x7f2a7c191628
P 0x7f2a7c1a1900
C 9
R
P 0x7f2a7c191628
C 342
R
P 0x7f2a7c191628
U 2
P 0x7f2a7c19bc28
P 0x7f2a7c1a1900
p 2
C 65
= 0x7f2a7c1a1938
R
P 0x7f2a7c191628
C 342
R
P 0x7f2a7c191628
P 0x7f2a7c1a1938
C 257
R
P 0x7f2a7c191628
C 342
R
P 0x7f2a7c191628
P 0x7f2a7c1a1938
C 254
= 0x7f2a7c19b1e8
R
P 0x7f2a7c191628
C 342
R
P 0x7f2a7c191628
P 0x7f2a7c19b1e8
C 209
R
P 0x7f2a7c191628
C 342
R
P 0x7f2a7c191628
P 0x7f2a7c1a1938
C 260
R
P 0x7f2a7c191628
C 342
R
P 0x7f2a7c191628
P 0x7f2a7c1a1938
C 259
R
P 0x7f2a7c191628
C 342
R
P 0x7f2a7c191628
P 0x7f2a7c1a1938
C 258
R
P 0x7f2a7c191628
C 342
R
P 0x7f2a7c191628
P 0x7f2a7c1a1938
C 9
R
P 0x7f2a7c191628
C 342
R
P 0x7f2a7c191628
P 0x7f2a7c1a1890
P 0x7f2a7c1a1938
P 0x7f2a7c19bc28
C 59
= 0x7f2a7c19f888
R
P 0x7f2a7c191628
C 342
R
P 0x7f2a7c191628
P 0x7f2a7c19f888
C 257
R
P 0x7f2a7c191628
C 342
R
P 0x7f2a7c191628
P 0x7f2a7c19f888
C 254
= 0x7f2a7c19b1e8
R
P 0x7f2a7c191628
C 342
R
P 0x7f2a7c191628
P 0x7f2a7c19b1e8
C 209
R
P 0x7f2a7c191628
C 342
R
P 0x7f2a7c191628
P 0x7f2a7c19f888
C 260
R
P 0x7f2a7c191628
C 342
R
P 0x7f2a7c191628
P 0x7f2a7c19f888
C 259
R
P 0x7f2a7c191628
C 342
R
P 0x7f2a7c191628
P 0x7f2a7c19f888
C 258
R
P 0x7f2a7c191628
C 342
R
P 0x7f2a7c191628
P 0x7f2a7c19f888
C 9
R
P 0x7f2a7c191628
C 342
R
P 0x7f2a7c191628
U 2
P 0x7f2a7c19f888
P 0x7f2a7c19bb48
p 2
C 65
= 0x7f2a7c1a1970
R
P 0x7f2a7c191628
C 342
R
P 0x7f2a7c191628
P 0x7f2a7c1a1970
C 257
R
P 0x7f2a7c191628
C 342
R
P 0x7f2a7c191628
P 0x7f2a7c1a1970
C 254
= 0x7f2a7c19b1e8
R
P 0x7f2a7c191628
C 342
R
P 0x7f2a7c191628
P 0x7f2a7c19b1e8
C 209
R
P 0x7f2a7c191628
C 342
R
P 0x7f2a7c191628
P 0x7f2a7c1a1970
C 260
R
P 0x7f2a7c191628
C 342
R
P 0x7f2a7c191628
P 0x7f2a7c1a1970
C 259
R
P 0x7f2a7c191628
C 342
R
P 0x7f2a7c191628
P 0x7f2a7c1a1970
C 258
R
P 0x7f2a7c191628
C 342
R
P 0x7f2a7c191628
P 0x7f2a7c1a1970
C 9
R
P 0x7f2a7c191628
C 342
R
P 0x7f2a7c191628
I 2
P 0x7f2a7c19b208
C 150
= 0x7f2a7c19bcc8
R
P 0x7f2a7c191628
C 342
R
P 0x7f2a7c191628
P 0x7f2a7c19bcc8
C 258
R
P 0x7f2a7c191628
C 342
R
P 0x7f2a7c191628
P 0x7f2a7c19bcc8
C 9
R
P 0x7f2a7c191628
C 342
R
P 0x7f2a7c191628
P 0x7f2a7c19bcc8
C 263
R
P 0x7f2a7c191628
C 342
R
P 0x7f2a7c191628
S "dev0T32"
C 30
R
P 0x7f2a7c191628
C 342
R
P 0x7f2a7c191628
$ |dev0T32|
C 202
R
P 0x7f2a7c191628
C 342
R
P 0x7f2a7c191628
$ |dev0T32|
P 0x7f2a7c19b1e8
C 51
= 0x7f2a7c19bce8
R
P 0x7f2a7c191628
C 342
R
P 0x7f2a7c191628
P 0x7f2a7c19bce8
C 257
R
P 0x7f2a7c191628
C 342
R
P 0x7f2a7c191628
P 0x7f2a7c19bce8
C 254
= 0x7f2a7c19b1e8
R
P 0x7f2a7c191628
C 342
R
P 0x7f2a7c191628
P 0x7f2a7c19b1e8
C 209
R
P 0x7f2a7c191628
C 342
R
P 0x7f2a7c191628
P 0x7f2a7c19bce8
C 260
R
P 0x7f2a7c191628
C 342
R
P 0x7f2a7c191628
P 0x7f2a7c19bce8
C 259
R
P 0x7f2a7c191628
C 342
R
P 0x7f2a7c191628
P 0x7f2a7c19bce8
C 258
R
P 0x7f2a7c191628
C 342
R
P 0x7f2a7c191628
P 0x7f2a7c19bce8
C 9
R
P 0x7f2a7c191628
C 342
R
P 0x7f2a7c191628
C 412
= 0x7f2a7c1e1fc8
R
P 0x7f2a7c191628
C 342
R
P 0x7f2a7c191628
P 0x7f2a7c1e1fc8
C 421
R
P 0x7f2a7c191628
C 342
R
P 0x7f2a7c191628
I 0
P 0x7f2a7c19b208
C 150
= 0x7f2a7c19bd08
R
P 0x7f2a7c191628
C 342
R
P 0x7f2a7c191628
P 0x7f2a7c19bd08
C 258
R
P 0x7f2a7c191628
C 342
R
P 0x7f2a7c191628
P 0x7f2a7c19bd08
C 9
R
P 0x7f2a7c191628
C 342
R
P 0x7f2a7c191628
P 0x7f2a7c19bc28
P 0x7f2a7c19bd08
C 75
= 0x7f2a7c1a19a8
R
P 0x7f2a7c191628
C 342
R
P 0x7f2a7c191628
P 0x7f2a7c1a19a8
C 258
R
P 0x7f2a7c191628
C 342
R
P 0x7f2a7c191628
P 0x7f2a7c1a19a8
C 9
R
P 0x7f2a7c191628
C 342
R
P 0x7f2a7c191628
P 0x7f2a7c1e1fc8
P 0x7f2a7c1a19a8
C 427
R
P 0x7f2a7c191628
C 342
R
P 0x7f2a7c191628
I 2
P 0x7f2a7c19b208
C 150
= 0x7f2a7c19bcc8
R
P 0x7f2a7c191628
C 342
R
P 0x7f2a7c191628
P 0x7f2a7c19bcc8
C 258
R
P 0x7f2a7c191628
C 342
R
P 0x7f2a7c191628
P 0x7f2a7c19bcc8
C 9
R
P 0x7f2a7c191628
C 342
R
P 0x7f2a7c191628
P 0x7f2a7c19bc28
P 0x7f2a7c19bcc8
C 56
= 0x7f2a7c1a1a18
R
P 0x7f2a7c191628
C 342
R
P 0x7f2a7c191628
P 0x7f2a7c1a1a18
C 258
R
P 0x7f2a7c191628
C 342
R
P 0x7f2a7c191628
P 0x7f2a7c1a1a18
C 9
R
P 0x7f2a7c191628
C 342
R
P 0x7f2a7c191628
P 0x7f2a7c1e1fc8
P 0x7f2a7c1a1a18
C 427
R
P 0x7f2a7c191628
C 342
R
P 0x7f2a7c191628
P 0x7f2a7c19bbe8
P 0x7f2a7c19bbc8
C 75
= 0x7f2a7c1a1a50
R
P 0x7f2a7c191628
C 342
R
P 0x7f2a7c191628
P 0x7f2a7c1a1a50
C 258
R
P 0x7f2a7c191628
C 342
R
P 0x7f2a7c191628
P 0x7f2a7c1a1a50
C 9
R
P 0x7f2a7c191628
C 342
R
P 0x7f2a7c191628
P 0x7f2a7c1e1fc8
P 0x7f2a7c1a1a50
C 427
R
P 0x7f2a7c191628
C 342
R
P 0x7f2a7c191628
P 0x7f2a7c19bbe8
P 0x7f2a7c19bba8
C 73
= 0x7f2a7c1a1a88
R
P 0x7f2a7c191628
C 342
R
P 0x7f2a7c191628
P 0x7f2a7c1a1a88
C 258
R
P 0x7f2a7c191628
C 342
R
P 0x7f2a7c191628
P 0x7f2a7c1a1a88
C 9
R
P 0x7f2a7c191628
C 342
R
P 0x7f2a7c191628
P 0x7f2a7c1e1fc8
P 0x7f2a7c1a1a88
C 427
R
P 0x7f2a7c191628
C 342
R
P 0x7f2a7c191628
I 1
P 0x7f2a7c19b208
C 150
= 0x7f2a7c19bc88
R
P 0x7f2a7c191628
C 342
R
P 0x7f2a7c191628
P 0x7f2a7c19bc88
C 258
R
P 0x7f2a7c191628
C 342
R
P 0x7f2a7c191628
P 0x7f2a7c19bc88
C 9
R
P 0x7f2a7c191628
C 342
R
P 0x7f2a7c191628
P 0x7f2a7c19bc88
C 263
R
P 0x7f2a7c191628
C 342
R
P 0x7f2a7c191628
S "slot1Start"
C 30
R
P 0x7f2a7c191628
C 342
R
P 0x7f2a7c191628
$ |slot1Start|
C 202
R
P 0x7f2a7c191628
C 342
R
P 0x7f2a7c191628
$ |slot1Start|
P 0x7f2a7c19b1e8
C 51
= 0x7f2a7c19bf48
R
P 0x7f2a7c191628
C 342
R
P 0x7f2a7c191628
P 0x7f2a7c19bf48
C 257
R
P 0x7f2a7c191628
C 342
R
P 0x7f2a7c191628
P 0x7f2a7c19bf48
C 254
= 0x7f2a7c19b1e8
R
P 0x7f2a7c191628
C 342
R
P 0x7f2a7c191628
P 0x7f2a7c19b1e8
C 209
R
P 0x7f2a7c191628
C 342
R
P 0x7f2a7c191628
P 0x7f2a7c19bf48
C 260
R
P 0x7f2a7c191628
C 342
R
P 0x7f2a7c191628
P 0x7f2a7c19bf48
C 259
R
P 0x7f2a7c191628
C 342
R
P 0x7f2a7c191628
P 0x7f2a7c19bf48
C 258
R
P 0x7f2a7c191628
C 342
R
P 0x7f2a7c191628
P 0x7f2a7c19bf48
C 9
R
P 0x7f2a7c191628
C 342
R
P 0x7f2a7c191628
I 0
P 0x7f2a7c19b208
C 150
= 0x7f2a7c19bd08
R
P 0x7f2a7c191628
C 342
R
P 0x7f2a7c191628
P 0x7f2a7c19bd08
C 258
R
P 0x7f2a7c191628
C 342
R
P 0x7f2a7c191628
P 0x7f2a7c19bd08
C 9
R
P 0x7f2a7c191628
C 342
R
P 0x7f2a7c191628
P 0x7f2a7c19bf48
P 0x7f2a7c19bd08
C 76
= 0x7f2a7c1a1ac0
R
P 0x7f2a7c191628
C 342
R
P 0x7f2a7c191628
P 0x7f2a7c1a1ac0
C 258
R
P 0x7f2a7c191628
C 342
R
P 0x7f2a7c191628
P 0x7f2a7c1a1ac0
C 9
R
P 0x7f2a7c191628
C 342
R
P 0x7f2a7c191628
P 0x7f2a7c1e1fc8
P 0x7f2a7c1a1ac0
C 427
R
P 0x7f2a7c191628
C 342
R
P 0x7f2a7c191628
I 1
P 0x7f2a7c19b208
C 150
= 0x7f2a7c19bc88
R
P 0x7f2a7c191628
C 342
R
P 0x7f2a7c191628
P 0x7f2a7c19bc88
C 258
R
P 0x7f2a7c191628
C 342
R
P 0x7f2a7c191628
P 0x7f2a7c19bc88
C 9
R
P 0x7f2a7c191628
C 342
R
P 0x7f2a7c191628
P 0x7f2a7c19bc88
C 263
R
P 0x7f2a7c191628
C 342
R
P 0x7f2a7c191628
S "slot1Start"
C 30
R
P 0x7f2a7c191628
C 342
R
P 0x7f2a7c191628
$ |slot1Start|
C 202
R
P 0x7f2a7c191628
C 342
R
P 0x7f2a7c191628
$ |slot1Start|
P 0x7f2a7c19b1e8
C 51
= 0x7f2a7c19bf48
R
P 0x7f2a7c191628
C 342
R
P 0x7f2a7c191628
P 0x7f2a7c19bf48
C 257
R
P 0x7f2a7c191628
C 342
R
P 0x7f2a7c191628
P 0x7f2a7c19bf48
C 254
= 0x7f2a7c19b1e8
R
P 0x7f2a7c191628
C 342
R
P 0x7f2a7c191628
P 0x7f2a7c19b1e8
C 209
R
P 0x7f2a7c191628
C 342
R
P 0x7f2a7c191628
P 0x7f2a7c19bf48
C 260
R
P 0x7f2a7c191628
C 342
R
P 0x7f2a7c191628
P 0x7f2a7c19bf48
C 259
R
P 0x7f2a7c191628
C 342
R
P 0x7f2a7c191628
P 0x7f2a7c19bf48
C 258
R
P 0x7f2a7c191628
C 342
R
P 0x7f2a7c191628
P 0x7f2a7c19bf48
C 9
R
P 0x7f2a7c191628
C 342
R
P 0x7f2a7c191628
I 1
P 0x7f2a7c19b208
C 150
= 0x7f2a7c19bc88
R
P 0x7f2a7c191628
C 342
R
P 0x7f2a7c191628
P 0x7f2a7c19bc88
C 258
R
P 0x7f2a7c191628
C 342
R
P 0x7f2a7c191628
P 0x7f2a7c19bc88
C 9
R
P 0x7f2a7c191628
C 342
R
P 0x7f2a7c191628
P 0x7f2a7c19bc88
C 263
R
P 0x7f2a7c191628
C 342
R
P 0x7f2a7c191628
S "slot1Duration"
C 30
R
P 0x7f2a7c191628
C 342
R
P 0x7f2a7c191628
$ |slot1Duration|
C 202
R
P 0x7f2a7c191628
C 342
R
P 0x7f2a7c191628
$ |slot1Duration|
P 0x7f2a7c19b1e8
C 51
= 0x7f2a7c19bf68
R
P 0x7f2a7c191628
C 342
R
P 0x7f2a7c191628
P 0x7f2a7c19bf68
C 257
R
P 0x7f2a7c191628
C 342
R
P 0x7f2a7c191628
P 0x7f2a7c19bf68
C 254
= 0x7f2a7c19b1e8
R
P 0x7f2a7c191628
C 342
R
P 0x7f2a7c191628
P 0x7f2a7c19b1e8
C 209
R
P 0x7f2a7c191628
C 342
R
P 0x7f2a7c191628
P 0x7f2a7c19bf68
C 260
R
P 0x7f2a7c191628
C 342
R
P 0x7f2a7c191628
P 0x7f2a7c19bf68
C 259
R
P 0x7f2a7c191628
C 342
R
P 0x7f2a7c191628
P 0x7f2a7c19bf68
C 258
R
P 0x7f2a7c191628
C 342
R
P 0x7f2a7c191628
P 0x7f2a7c19bf68
C 9
R
P 0x7f2a7c191628
C 342
R
P 0x7f2a7c191628
U 2
P 0x7f2a7c19bbe8
P 0x7f2a7c19bf68
p 2
C 67
= 0x7f2a7c1a1af8
R
P 0x7f2a7c191628
C 342
R
P 0x7f2a7c191628
P 0x7f2a7c1a1af8
C 257
R
P 0x7f2a7c191628
C 342
R
P 0x7f2a7c191628
P 0x7f2a7c1a1af8
C 254
= 0x7f2a7c19b1e8
R
P 0x7f2a7c191628
C 342
R
P 0x7f2a7c191628
P 0x7f2a7c19b1e8
C 209
R
P 0x7f2a7c191628
C 342
R
P 0x7f2a7c191628
P 0x7f2a7c1a1af8
C 260
R
P 0x7f2a7c191628
C 342
R
P 0x7f2a7c191628
P 0x7f2a7c1a1af8
C 259
R
P 0x7f2a7c191628
C 342
R
P 0x7f2a7c191628
P 0x7f2a7c1a1af8
C 258
R
P 0x7f2a7c191628
C 342
R
P 0x7f2a7c191628
P 0x7f2a7c1a1af8
C 9
R
P 0x7f2a7c191628
C 342
R
P 0x7f2a7c191628
P 0x7f2a7c19bf48
P 0x7f2a7c1a1af8
C 74
= 0x7f2a7c1a1b30
R
P 0x7f2a7c191628
C 342
R
P 0x7f2a7c191628
P 0x7f2a7c1a1b30
C 258
R
P 0x7f2a7c191628
C 342
R
P 0x7f2a7c191628
P 0x7f2a7c1a1b30
C 9
R
P 0x7f2a7c191628
C 342
R
P 0x7f2a7c191628
P 0x7f2a7c1e1fc8
P 0x7f2a7c1a1b30
C 427
R
P 0x7f2a7c191628
C 342
R
P 0x7f2a7c191628
I 1
P 0x7f2a7c19b208
C 150
= 0x7f2a7c19bc88
R
P 0x7f2a7c191628
C 342
R
P 0x7f2a7c191628
P 0x7f2a7c19bc88
C 258
R
P 0x7f2a7c191628
C 342
R
P 0x7f2a7c191628
P 0x7f2a7c19bc88
C 9
R
P 0x7f2a7c191628
C 342
R
P 0x7f2a7c191628
P 0x7f2a7c19bc88
C 263
R
P 0x7f2a7c191628
C 342
R
P 0x7f2a7c191628
S "slot1Duration"
C 30
R
P 0x7f2a7c191628
C 342
R
P 0x7f2a7c191628
$ |slot1Duration|
C 202
R
P 0x7f2a7c191628
C 342
R
P 0x7f2a7c191628
$ |slot1Duration|
P 0x7f2a7c19b1e8
C 51
= 0x7f2a7c19bf68
R
P 0x7f2a7c191628
C 342
R
P 0x7f2a7c191628
P 0x7f2a7c19bf68
C 257
R
P 0x7f2a7c191628
C 342
R
P 0x7f2a7c191628
P 0x7f2a7c19bf68
C 254
= 0x7f2a7c19b1e8
R
P 0x7f2a7c191628
C 342
R
P 0x7f2a7c191628
P 0x7f2a7c19b1e8
C 209
R
P 0x7f2a7c191628
C 342
R
P 0x7f2a7c191628
P 0x7f2a7c19bf68
C 260
R
P 0x7f2a7c191628
C 342
R
P 0x7f2a7c191628
P 0x7f2a7c19bf68
C 259
R
P 0x7f2a7c191628
C 342
R
P 0x7f2a7c191628
P 0x7f2a7c19bf68
C 258
R
P 0x7f2a7c191628
C 342
R
P 0x7f2a7c191628
P 0x7f2a7c19bf68
C 9
R
P 0x7f2a7c191628
C 342
R
P 0x7f2a7c191628
I 0
P 0x7f2a7c19b208
C 150
= 0x7f2a7c19bd08
R
P 0x7f2a7c191628
C 342
R
P 0x7f2a7c191628
P 0x7f2a7c19bd08
C 258
R
P 0x7f2a7c191628
C 342
R
P 0x7f2a7c191628
P 0x7f2a7c19bd08
C 9
R
P 0x7f2a7c191628
C 342
R
P 0x7f2a7c191628
P 0x7f2a7c19bf68
P 0x7f2a7c19bd08
C 76
= 0x7f2a7c1a1b68
R
P 0x7f2a7c191628
C 342
R
P 0x7f2a7c191628
P 0x7f2a7c1a1b68
C 258
R
P 0x7f2a7c191628
C 342
R
P 0x7f2a7c191628
P 0x7f2a7c1a1b68
C 9
R
P 0x7f2a7c191628
C 342
R
P 0x7f2a7c191628
P 0x7f2a7c1e1fc8
P 0x7f2a7c1a1b68
C 427
R
P 0x7f2a7c191628
C 342
R
P 0x7f2a7c191628
I 1
P 0x7f2a7c19b208
C 150
= 0x7f2a7c19bc88
R
P 0x7f2a7c191628
C 342
R
P 0x7f2a7c191628
P 0x7f2a7c19bc88
C 258
R
P 0x7f2a7c191628
C 342
R
P 0x7f2a7c191628
P 0x7f2a7c19bc88
C 9
R
P 0x7f2a7c191628
C 342
R
P 0x7f2a7c191628
P 0x7f2a7c19bc88
C 263
R
P 0x7f2a7c191628
C 342
R
P 0x7f2a7c191628
S "slot1Duration"
C 30
R
P 0x7f2a7c191628
C 342
R
P 0x7f2a7c191628
$ |slot1Duration|
C 202
R
P 0x7f2a7c191628
C 342
R
P 0x7f2a7c191628
$ |slot1Duration|
P 0x7f2a7c19b1e8
C 51
= 0x7f2a7c19bf68
R
P 0x7f2a7c191628
C 342
R
P 0x7f2a7c191628
P 0x7f2a7c19bf68
C 257
R
P 0x7f2a7c191628
C 342
R
P 0x7f2a7c191628
P 0x7f2a7c19bf68
C 254
= 0x7f2a7c19b1e8
R
P 0x7f2a7c191628
C 342
R
P 0x7f2a7c191628
P 0x7f2a7c19b1e8
C 209
R
P 0x7f2a7c191628
C 342
R
P 0x7f2a7c191628
P 0x7f2a7c19bf68
C 260
R
P 0x7f2a7c191628
C 342
R
P 0x7f2a7c191628
P 0x7f2a7c19bf68
C 259
R
P 0x7f2a7c191628
C 342
R
P 0x7f2a7c191628
P 0x7f2a7c19bf68
C 258
R
P 0x7f2a7c191628
C 342
R
P 0x7f2a7c191628
P 0x7f2a7c19bf68
C 9
R
P 0x7f2a7c191628
C 342
R
P 0x7f2a7c191628
P 0x7f2a7c19bf68
P 0x7f2a7c19bc08
C 74
= 0x7f2a7c1a1ba0
R
P 0x7f2a7c191628
C 342
R
P 0x7f2a7c191628
P 0x7f2a7c1a1ba0
C 258
R
P 0x7f2a7c191628
C 342
R
P 0x7f2a7c191628
P 0x7f2a7c1a1ba0
C 9
R
P 0x7f2a7c191628
C 342
R
P 0x7f2a7c191628
P 0x7f2a7c1e1fc8
P 0x7f2a7c1a1ba0
C 427
R
P 0x7f2a7c191628
C 342
R
P 0x7f2a7c191628
I 1
P 0x7f2a7c19b208
C 150
= 0x7f2a7c19bc88
R
P 0x7f2a7c191628
C 342
R
P 0x7f2a7c191628
P 0x7f2a7c19bc88
C 258
R
P 0x7f2a7c191628
C 342
R
P 0x7f2a7c191628
P 0x7f2a7c19bc88
C 9
R
P 0x7f2a7c191628
C 342
R
P 0x7f2a7c191628
P 0x7f2a7c19bc88
C 263
R
P 0x7f2a7c191628
C 342
R
P 0x7f2a7c191628
S "slot1Start"
C 30
R
P 0x7f2a7c191628
C 342
R
P 0x7f2a7c191628
$ |slot1Start|
C 202
R
P 0x7f2a7c191628
C 342
R
P 0x7f2a7c191628
$ |slot1Start|
P 0x7f2a7c19b1e8
C 51
= 0x7f2a7c19bf48
R
P 0x7f2a7c191628
C 342
R
P 0x7f2a7c191628
P 0x7f2a7c19bf48
C 257
R
P 0x7f2a7c191628
C 342
R
P 0x7f2a7c191628
P 0x7f2a7c19bf48
C 254
= 0x7f2a7c19b1e8
R
P 0x7f2a7c191628
C 342
R
P 0x7f2a7c191628
P 0x7f2a7c19b1e8
C 209
R
P 0x7f2a7c191628
C 342
R
P 0x7f2a7c191628
P 0x7f2a7c19bf48
C 260
R
P 0x7f2a7c191628
C 342
R
P 0x7f2a7c191628
P 0x7f2a7c19bf48
C 259
R
P 0x7f2a7c191628
C 342
R
P 0x7f2a7c191628
P 0x7f2a7c19bf48
C 258
R
P 0x7f2a7c191628
C 342
R
P 0x7f2a7c191628
P 0x7f2a7c19bf48
C 9
R
P 0x7f2a7c191628
C 342
R
P 0x7f2a7c191628
I 1
P 0x7f2a7c19b208
C 150
= 0x7f2a7c19bc88
R
P 0x7f2a7c191628
C 342
R
P 0x7f2a7c191628
P 0x7f2a7c19bc88
C 258
R
P 0x7f2a7c191628
C 342
R
P 0x7f2a7c191628
P 0x7f2a7c19bc88
C 9
R
P 0x7f2a7c191628
C 342
R
P 0x7f2a7c191628
P 0x7f2a7c19bc88
C 263
R
P 0x7f2a7c191628
C 342
R
P 0x7f2a7c191628
S "slot1Start"
C 30
R
P 0x7f2a7c191628
C 342
R
P 0x7f2a7c191628
$ |slot1Start|
C 202
R
P 0x7f2a7c191628
C 342
R
P 0x7f2a7c191628
$ |slot1Start|
P 0x7f2a7c19b1e8
C 51
= 0x7f2a7c19bf48
R
P 0x7f2a7c191628
C 342
R
P 0x7f2a7c191628
P 0x7f2a7c19bf48
C 257
R
P 0x7f2a7c191628
C 342
R
P 0x7f2a7c191628
P 0x7f2a7c19bf48
C 254
= 0x7f2a7c19b1e8
R
P 0x7f2a7c191628
C 342
R
P 0x7f2a7c191628
P 0x7f2a7c19b1e8
C 209
R
P 0x7f2a7c191628
C 342
R
P 0x7f2a7c191628
P 0x7f2a7c19bf48
C 260
R
P 0x7f2a7c191628
C 342
R
P 0x7f2a7c191628
P 0x7f2a7c19bf48
C 259
R
P 0x7f2a7c191628
C 342
R
P 0x7f2a7c191628
P 0x7f2a7c19bf48
C 258
R
P 0x7f2a7c191628
C 342
R
P 0x7f2a7c191628
P 0x7f2a7c19bf48
C 9
R
P 0x7f2a7c191628
C 342
R
P 0x7f2a7c191628
U 2
P 0x7f2a7c19bf48
P 0x7f2a7c19bf48
p 2
C 65
= 0x7f2a7c1a1bd8
R
P 0x7f2a7c191628
C 342
R
P 0x7f2a7c191628
P 0x7f2a7c1a1bd8
C 257
R
P 0x7f2a7c191628
C 342
R
P 0x7f2a7c191628
P 0x7f2a7c1a1bd8
C 254
= 0x7f2a7c19b1e8
R
P 0x7f2a7c191628
C 342
R
P 0x7f2a7c191628
P 0x7f2a7c19b1e8
C 209
R
P 0x7f2a7c191628
C 342
R
P 0x7f2a7c191628
P 0x7f2a7c1a1bd8
C 260
R
P 0x7f2a7c191628
C 342
R
P 0x7f2a7c191628
P 0x7f2a7c1a1bd8
C 259
R
P 0x7f2a7c191628
C 342
R
P 0x7f2a7c191628
P 0x7f2a7c1a1bd8
C 258
R
P 0x7f2a7c191628
C 342
R
P 0x7f2a7c191628
P 0x7f2a7c1a1bd8
C 9
R
P 0x7f2a7c191628
C 342
R
P 0x7f2a7c191628
P 0x7f2a7c19bbe8
P 0x7f2a7c1a1bd8
C 76
= 0x7f2a7c1a1c10
R
P 0x7f2a7c191628
C 342
R
P 0x7f2a7c191628
P 0x7f2a7c1a1c10
C 258
R
P 0x7f2a7c191628
C 342
R
P 0x7f2a7c191628
P 0x7f2a7c1a1c10
C 9
R
P 0x7f2a7c191628
C 342
R
P 0x7f2a7c191628
P 0x7f2a7c1e1fc8
P 0x7f2a7c1a1c10
C 427
R
P 0x7f2a7c191628
C 342
R
P 0x7f2a7c191628
I 1
P 0x7f2a7c19b208
C 150
= 0x7f2a7c19bc88
R
P 0x7f2a7c191628
C 342
R
P 0x7f2a7c191628
P 0x7f2a7c19bc88
C 258
R
P 0x7f2a7c191628
C 342
R
P 0x7f2a7c191628
P 0x7f2a7c19bc88
C 9
R
P 0x7f2a7c191628
C 342
R
P 0x7f2a7c191628
I 1
P 0x7f2a7c19b208
C 150
= 0x7f2a7c19bc88
R
P 0x7f2a7c191628
C 342
R
P 0x7f2a7c191628
P 0x7f2a7c19bc88
C 258
R
P 0x7f2a7c191628
C 342
R
P 0x7f2a7c191628
P 0x7f2a7c19bc88
C 9
R
P 0x7f2a7c191628
C 342
R
P 0x7f2a7c191628
P 0x7f2a7c19bc88
P 0x7f2a7c19bc88
C 56
= 0x7f2a7c1a1c48
R
P 0x7f2a7c191628
C 342
R
P 0x7f2a7c191628
P 0x7f2a7c1a1c48
C 258
R
P 0x7f2a7c191628
C 342
R
P 0x7f2a7c191628
P 0x7f2a7c1a1c48
C 9
R
P 0x7f2a7c191628
C 342
R
P 0x7f2a7c191628
P 0x7f2a7c1a1c48
C 58
= 0x7f2a7c19d798
R
P 0x7f2a7c191628
C 342
R
P 0x7f2a7c191628
P 0x7f2a7c19d798
C 258
R
P 0x7f2a7c191628
C 342
R
P 0x7f2a7c191628
P 0x7f2a7c19d798
C 9
R
P 0x7f2a7c191628
C 342
R
P 0x7f2a7c191628
I 1
P 0x7f2a7c19b208
C 150
= 0x7f2a7c19bc88
R
P 0x7f2a7c191628
C 342
R
P 0x7f2a7c191628
P 0x7f2a7c19bc88
C 258
R
P 0x7f2a7c191628
C 342
R
P 0x7f2a7c191628
P 0x7f2a7c19bc88
C 9
R
P 0x7f2a7c191628
C 342
R
P 0x7f2a7c191628
P 0x7f2a7c19bc88
C 263
R
P 0x7f2a7c191628
C 342
R
P 0x7f2a7c191628
S "slot1Start"
C 30
R
P 0x7f2a7c191628
C 342
R
P 0x7f2a7c191628
$ |slot1Start|
C 202
R
P 0x7f2a7c191628
C 342
R
P 0x7f2a7c191628
$ |slot1Start|
P 0x7f2a7c19b1e8
C 51
= 0x7f2a7c19bf48
R
P 0x7f2a7c191628
C 342
R
P 0x7f2a7c191628
P 0x7f2a7c19bf48
C 257
R
P 0x7f2a7c191628
C 342
R
P 0x7f2a7c191628
P 0x7f2a7c19bf48
C 254
= 0x7f2a7c19b1e8
R
P 0x7f2a7c191628
C 342
R
P 0x7f2a7c191628
P 0x7f2a7c19b1e8
C 209
R
P 0x7f2a7c191628
C 342
R
P 0x7f2a7c191628
P 0x7f2a7c19bf48
C 260
R
P 0x7f2a7c191628
C 342
R
P 0x7f2a7c191628
P 0x7f2a7c19bf48
C 259
R
P 0x7f2a7c191628
C 342
R
P 0x7f2a7c191628
P 0x7f2a7c19bf48
C 258
R
P 0x7f2a7c191628
C 342
R
P 0x7f2a7c191628
P 0x7f2a7c19bf48
C 9
R
P 0x7f2a7c191628
C 342
R
P 0x7f2a7c191628
I 1
P 0x7f2a7c19b208
C 150
= 0x7f2a7c19bc88
R
P 0x7f2a7c191628
C 342
R
P 0x7f2a7c191628
P 0x7f2a7c19bc88
C 258
R
P 0x7f2a7c191628
C 342
R
P 0x7f2a7c191628
P 0x7f2a7c19bc88
C 9
R
P 0x7f2a7c191628
C 342
R
P 0x7f2a7c191628
P 0x7f2a7c19bc88
C 263
R
P 0x7f2a7c191628
C 342
R
P 0x7f2a7c191628
S "slot1Start"
C 30
R
P 0x7f2a7c191628
C 342
R
P 0x7f2a7c191628
$ |slot1Start|
C 202
R
P 0x7f2a7c191628
C 342
R
P 0x7f2a7c191628
$ |slot1Start|
P 0x7f2a7c19b1e8
C 51
= 0x7f2a7c19bf48
R
P 0x7f2a7c191628
C 342
R
P 0x7f2a7c191628
P 0x7f2a7c19bf48
C 257
R
P 0x7f2a7c191628
C 342
R
P 0x7f2a7c191628
P 0x7f2a7c19bf48
C 254
= 0x7f2a7c19b1e8
R
P 0x7f2a7c191628
C 342
R
P 0x7f2a7c191628
P 0x7f2a7c19b1e8
C 209
R
P 0x7f2a7c191628
C 342
R
P 0x7f2a7c191628
P 0x7f2a7c19bf48
C 260
R
P 0x7f2a7c191628
C 342
R
P 0x7f2a7c191628
P 0x7f2a7c19bf48
C 259
R
P 0x7f2a7c191628
C 342
R
P 0x7f2a7c191628
P 0x7f2a7c19bf48
C 258
R
P 0x7f2a7c191628
C 342
R
P 0x7f2a7c191628
P 0x7f2a7c19bf48
C 9
R
P 0x7f2a7c191628
C 342
R
P 0x7f2a7c191628
P 0x7f2a7c19bf48
P 0x7f2a7c19bf48
C 76
= 0x7f2a7c1a1c80
R
P 0x7f2a7c191628
C 342
R
P 0x7f2a7c191628
P 0x7f2a7c1a1c80
C 258
R
P 0x7f2a7c191628
C 342
R
P 0x7f2a7c191628
P 0x7f2a7c1a1c80
C 9
R
P 0x7f2a7c191628
C 342
R
P 0x7f2a7c191628
I 1
P 0x7f2a7c19b208
C 150
= 0x7f2a7c19bc88
R
P 0x7f2a7c191628
C 342
R
P 0x7f2a7c191628
P 0x7f2a7c19bc88
C 258
R
P 0x7f2a7c191628
C 342
R
P 0x7f2a7c191628
P 0x7f2a7c19bc88
C 9
R
P 0x7f2a7c191628
C 342
R
P 0x7f2a7c191628
P 0x7f2a7c19bc88
C 263
R
P 0x7f2a7c191628
C 342
R
P 0x7f2a7c191628
S "slot1Start"
C 30
R
P 0x7f2a7c191628
C 342
R
P 0x7f2a7c191628
$ |slot1Start|
C 202
R
P 0x7f2a7c191628
C 342
R
P 0x7f2a7c191628
$ |slot1Start|
P 0x7f2a7c19b1e8
C 51
= 0x7f2a7c19bf48
R
P 0x7f2a7c191628
C 342
R
P 0x7f2a7c191628
P 0x7f2a7c19bf48
C 257
R
P 0x7f2a7c191628
C 342
R
P 0x7f2a7c191628
P 0x7f2a7c19bf48
C 254
= 0x7f2a7c19b1e8
R
P 0x7f2a7c191628
C 342
R
P 0x7f2a7c191628
P 0x7f2a7c19b1e8
C 209
R
P 0x7f2a7c191628
C 342
R
P 0x7f2a7c191628
P 0x7f2a7c19bf48
C 260
R
P 0x7f2a7c191628
C 342
R
P 0x7f2a7c191628
P 0x7f2a7c19bf48
C 259
R
P 0x7f2a7c191628
C 342
R
P 0x7f2a7c191628
P 0x7f2a7c19bf48
C 258
R
P 0x7f2a7c191628
C 342
R
P 0x7f2a7c191628
P 0x7f2a7c19bf48
C 9
R
P 0x7f2a7c191628
C 342
R
P 0x7f2a7c191628
I 1
P 0x7f2a7c19b208
C 150
= 0x7f2a7c19bc88
R
P 0x7f2a7c191628
C 342
R
P 0x7f2a7c191628
P 0x7f2a7c19bc88
C 258
R
P 0x7f2a7c191628
C 342
R
P 0x7f2a7c191628
P 0x7f2a7c19bc88
C 9
R
P 0x7f2a7c191628
C 342
R
P 0x7f2a7c191628
P 0x7f2a7c19bc88
C 263
R
P 0x7f2a7c191628
C 342
R
P 0x7f2a7c191628
S "slot1Start"
C 30
R
P 0x7f2a7c191628
C 342
R
P 0x7f2a7c191628
$ |slot1Start|
C 202
R
P 0x7f2a7c191628
C 342
R
P 0x7f2a7c191628
$ |slot1Start|
P 0x7f2a7c19b1e8
C 51
= 0x7f2a7c19bf48
R
P 0x7f2a7c191628
C 342
R
P 0x7f2a7c191628
P 0x7f2a7c19bf48
C 257
R
P 0x7f2a7c191628
C 342
R
P 0x7f2a7c191628
P 0x7f2a7c19bf48
C 254
= 0x7f2a7c19b1e8
R
P 0x7f2a7c191628
C 342
R
P 0x7f2a7c191628
P 0x7f2a7c19b1e8
C 209
R
P 0x7f2a7c191628
C 342
R
P 0x7f2a7c191628
P 0x7f2a7c19bf48
C 260
R
P 0x7f2a7c191628
C 342
R
P 0x7f2a7c191628
P 0x7f2a7c19bf48
C 259
R
P 0x7f2a7c191628
C 342
R
P 0x7f2a7c191628
P 0x7f2a7c19bf48
C 258
R
P 0x7f2a7c191628
C 342
R
P 0x7f2a7c191628
P 0x7f2a7c19bf48
C 9
R
P 0x7f2a7c191628
C 342
R
P 0x7f2a7c191628
I 1
P 0x7f2a7c19b208
C 150
= 0x7f2a7c19bc88
R
P 0x7f2a7c191628
C 342
R
P 0x7f2a7c191628
P 0x7f2a7c19bc88
C 258
R
P 0x7f2a7c191628
C 342
R
P 0x7f2a7c191628
P 0x7f2a7c19bc88
C 9
R
P 0x7f2a7c191628
C 342
R
P 0x7f2a7c191628
P 0x7f2a7c19bc88
C 263
R
P 0x7f2a7c191628
C 342
R
P 0x7f2a7c191628
S "slot1Duration"
C 30
R
P 0x7f2a7c191628
C 342
R
P 0x7f2a7c191628
$ |slot1Duration|
C 202
R
P 0x7f2a7c191628
C 342
R
P 0x7f2a7c191628
$ |slot1Duration|
P 0x7f2a7c19b1e8
C 51
= 0x7f2a7c19bf68
R
P 0x7f2a7c191628
C 342
R
P 0x7f2a7c191628
P 0x7f2a7c19bf68
C 257
R
P 0x7f2a7c191628
C 342
R
P 0x7f2a7c191628
P 0x7f2a7c19bf68
C 254
= 0x7f2a7c19b1e8
R
P 0x7f2a7c191628
C 342
R
P 0x7f2a7c191628
P 0x7f2a7c19b1e8
C 209
R
P 0x7f2a7c191628
C 342
R
P 0x7f2a7c191628
P 0x7f2a7c19bf68
C 260
R
P 0x7f2a7c191628
C 342
R
P 0x7f2a7c191628
P 0x7f2a7c19bf68
C 259
R
P 0x7f2a7c191628
C 342
R
P 0x7f2a7c191628
P 0x7f2a7c19bf68
C 258
R
P 0x7f2a7c191628
C 342
R
P 0x7f2a7c191628
P 0x7f2a7c19bf68
C 9
R
P 0x7f2a7c191628
C 342
R
P 0x7f2a7c191628
U 2
P 0x7f2a7c19bf48
P 0x7f2a7c19bf68
p 2
C 65
= 0x7f2a7c1a1cb8
R
P 0x7f2a7c191628
C 342
R
P 0x7f2a7c191628
P 0x7f2a7c1a1cb8
C 257
R
P 0x7f2a7c191628
C 342
R
P 0x7f2a7c191628
P 0x7f2a7c1a1cb8
C 254
= 0x7f2a7c19b1e8
R
P 0x7f2a7c191628
C 342
R
P 0x7f2a7c191628
P 0x7f2a7c19b1e8
C 209
R
P 0x7f2a7c191628
C 342
R
P 0x7f2a7c191628
P 0x7f2a7c1a1cb8
C 260
R
P 0x7f2a7c191628
C 342
R
P 0x7f2a7c191628
P 0x7f2a7c1a1cb8
C 259
R
P 0x7f2a7c191628
C 342
R
P 0x7f2a7c191628
P 0x7f2a7c1a1cb8
C 258
R
P 0x7f2a7c191628
C 342
R
P 0x7f2a7c191628
P 0x7f2a7c1a1cb8
C 9
R
P 0x7f2a7c191628
C 342
R
P 0x7f2a7c191628
P 0x7f2a7c19bf48
P 0x7f2a7c1a1cb8
C 74
= 0x7f2a7c1a1cf0
R
P 0x7f2a7c191628
C 342
R
P 0x7f2a7c191628
P 0x7f2a7c1a1cf0
C 258
R
P 0x7f2a7c191628
C 342
R
P 0x7f2a7c191628
P 0x7f2a7c1a1cf0
C 9
R
P 0x7f2a7c191628
C 342
R
P 0x7f2a7c191628
U 2
P 0x7f2a7c1a1c80
P 0x7f2a7c1a1cf0
p 2
C 63
= 0x7f2a7c1a1d28
R
P 0x7f2a7c191628
C 342
R
P 0x7f2a7c191628
P 0x7f2a7c1a1d28
C 258
R
P 0x7f2a7c191628
C 342
R
P 0x7f2a7c191628
P 0x7f2a7c1a1d28
C 9
R
P 0x7f2a7c191628
C 342
R
P 0x7f2a7c191628
P 0x7f2a7c1a1d28
C 58
= 0x7f2a7c19d7c8
R
P 0x7f2a7c191628
C 342
R
P 0x7f2a7c191628
P 0x7f2a7c19d7c8
C 258
R
P 0x7f2a7c191628
C 342
R
P 0x7f2a7c191628
P 0x7f2a7c19d7c8
C 9
R
P 0x7f2a7c191628
C 342
R
P 0x7f2a7c191628
P 0x7f2a7c19d798
P 0x7f2a7c19d7c8
C 61
= 0x7f2a7c1a1d60
R
P 0x7f2a7c191628
C 342
R
P 0x7f2a7c191628
P 0x7f2a7c1a1d60
C 258
R
P 0x7f2a7c191628
C 342
R
P 0x7f2a7c191628
P 0x7f2a7c1a1d60
C 9
R
P 0x7f2a7c191628
C 342
R
P 0x7f2a7c191628
P 0x7f2a7c1e1fc8
P 0x7f2a7c1a1d60
C 427
R
P 0x7f2a7c191628
C 342
R
P 0x7f2a7c191628
I 1
P 0x7f2a7c19b208
C 150
= 0x7f2a7c19bc88
R
P 0x7f2a7c191628
C 342
R
P 0x7f2a7c191628
P 0x7f2a7c19bc88
C 258
R
P 0x7f2a7c191628
C 342
R
P 0x7f2a7c191628
P 0x7f2a7c19bc88
C 9
R
P 0x7f2a7c191628
C 342
R
P 0x7f2a7c191628
I 2
P 0x7f2a7c19b208
C 150
= 0x7f2a7c19bcc8
R
P 0x7f2a7c191628
C 342
R
P 0x7f2a7c191628
P 0x7f2a7c19bcc8
C 258
R
P 0x7f2a7c191628
C 342
R
P 0x7f2a7c191628
P 0x7f2a7c19bcc8
C 9
R
P 0x7f2a7c191628
C 342
R
P 0x7f2a7c191628
P 0x7f2a7c19bc88
P 0x7f2a7c19bcc8
C 56
= 0x7f2a7c1a1d98
R
P 0x7f2a7c191628
C 342
R
P 0x7f2a7c191628
P 0x7f2a7c1a1d98
C 258
R
P 0x7f2a7c191628
C 342
R
P 0x7f2a7c191628
P 0x7f2a7c1a1d98
C 9
R
P 0x7f2a7c191628
C 342
R
P 0x7f2a7c191628
P 0x7f2a7c1a1d98
C 58
= 0x7f2a7c19d7f8
R
P 0x7f2a7c191628
C 342
R
P 0x7f2a7c191628
P 0x7f2a7c19d7f8
C 258
R
P 0x7f2a7c191628
C 342
R
P 0x7f2a7c191628
P 0x7f2a7c19d7f8
C 9
R
P 0x7f2a7c191628
C 342
R
P 0x7f2a7c191628
I 1
P 0x7f2a7c19b208
C 150
= 0x7f2a7c19bc88
R
P 0x7f2a7c191628
C 342
R
P 0x7f2a7c191628
P 0x7f2a7c19bc88
C 258
R
P 0x7f2a7c191628
C 342
R
P 0x7f2a7c191628
P 0x7f2a7c19bc88
C 9
R
P 0x7f2a7c191628
C 342
R
P 0x7f2a7c191628
P 0x7f2a7c19bc88
C 263
R
P 0x7f2a7c191628
C 342
R
P 0x7f2a7c191628
S "slot1Start"
C 30
R
P 0x7f2a7c191628
C 342
R
P 0x7f2a7c191628
$ |slot1Start|
C 202
R
P 0x7f2a7c191628
C 342
R
P 0x7f2a7c191628
$ |slot1Start|
P 0x7f2a7c19b1e8
C 51
= 0x7f2a7c19bf48
R
P 0x7f2a7c191628
C 342
R
P 0x7f2a7c191628
P 0x7f2a7c19bf48
C 257
R
P 0x7f2a7c191628
C 342
R
P 0x7f2a7c191628
P 0x7f2a7c19bf48
C 254
= 0x7f2a7c19b1e8
R
P 0x7f2a7c191628
C 342
R
P 0x7f2a7c191628
P 0x7f2a7c19b1e8
C 209
R
P 0x7f2a7c191628
C 342
R
P 0x7f2a7c191628
P 0x7f2a7c19bf48
C 260
R
P 0x7f2a7c191628
C 342
R
P 0x7f2a7c191628
P 0x7f2a7c19bf48
C 259
R
P 0x7f2a7c191628
C 342
R
P 0x7f2a7c191628
P 0x7f2a7c19bf48
C 258
R
P 0x7f2a7c191628
C 342
R
P 0x7f2a7c191628
P 0x7f2a7c19bf48
C 9
R
P 0x7f2a7c191628
C 342
R
P 0x7f2a7c191628
I 2
P 0x7f2a7c19b208
C 150
= 0x7f2a7c19bcc8
R
P 0x7f2a7c191628
C 342
R
P 0x7f2a7c191628
P 0x7f2a7c19bcc8
C 258
R
P 0x7f2a7c191628
C 342
R
P 0x7f2a7c191628
P 0x7f2a7c19bcc8
C 9
R
P 0x7f2a7c191628
C 342
R
P 0x7f2a7c191628
P 0x7f2a7c19bcc8
C 263
R
P 0x7f2a7c191628
C 342
R
P 0x7f2a7c191628
S "slot2Start"
C 30
R
P 0x7f2a7c191628
C 342
R
P 0x7f2a7c191628
$ |slot2Start|
C 202
R
P 0x7f2a7c191628
C 342
R
P 0x7f2a7c191628
$ |slot2Start|
P 0x7f2a7c19b1e8
C 51
= 0x7f2a7c19bf88
R
P 0x7f2a7c191628
C 342
R
P 0x7f2a7c191628
P 0x7f2a7c19bf88
C 257
R
P 0x7f2a7c191628
C 342
R
P 0x7f2a7c191628
P 0x7f2a7c19bf88
C 254
= 0x7f2a7c19b1e8
R
P 0x7f2a7c191628
C 342
R
P 0x7f2a7c191628
P 0x7f2a7c19b1e8
C 209
R
P 0x7f2a7c191628
C 342
R
P 0x7f2a7c191628
P 0x7f2a7c19bf88
C 260
R
P 0x7f2a7c191628
C 342
R
P 0x7f2a7c191628
P 0x7f2a7c19bf88
C 259
R
P 0x7f2a7c191628
C 342
R
P 0x7f2a7c191628
P 0x7f2a7c19bf88
C 258
R
P 0x7f2a7c191628
C 342
R
P 0x7f2a7c191628
P 0x7f2a7c19bf88
C 9
R
P 0x7f2a7c191628
C 342
R
P 0x7f2a7c191628
P 0x7f2a7c19bf48
P 0x7f2a7c19bf88
C 76
= 0x7f2a7c1a1dd0
R
P 0x7f2a7c191628
C 342
R
P 0x7f2a7c191628
P 0x7f2a7c1a1dd0
C 258
R
P 0x7f2a7c191628
C 342
R
P 0x7f2a7c191628
P 0x7f2a7c1a1dd0
C 9
R
P 0x7f2a7c191628
C 342
R
P 0x7f2a7c191628
I 1
P 0x7f2a7c19b208
C 150
= 0x7f2a7c19bc88
R
P 0x7f2a7c191628
C 342
R
P 0x7f2a7c191628
P 0x7f2a7c19bc88
C 258
R
P 0x7f2a7c191628
C 342
R
P 0x7f2a7c191628
P 0x7f2a7c19bc88
C 9
R
P 0x7f2a7c191628
C 342
R
P 0x7f2a7c191628
P 0x7f2a7c19bc88
C 263
R
P 0x7f2a7c191628
C 342
R
P 0x7f2a7c191628
S "slot1Start"
C 30
R
P 0x7f2a7c191628
C 342
R
P 0x7f2a7c191628
$ |slot1Start|
C 202
R
P 0x7f2a7c191628
C 342
R
P 0x7f2a7c191628
$ |slot1Start|
P 0x7f2a7c19b1e8
C 51
= 0x7f2a7c19bf48
R
P 0x7f2a7c191628
C 342
R
P 0x7f2a7c191628
P 0x7f2a7c19bf48
C 257
R
P 0x7f2a7c191628
C 342
R
P 0x7f2a7c191628
P 0x7f2a7c19bf48
C 254
= 0x7f2a7c19b1e8
R
P 0x7f2a7c191628
C 342
R
P 0x7f2a7c191628
P 0x7f2a7c19b1e8
C 209
R
P 0x7f2a7c191628
C 342
R
P 0x7f2a7c191628
P 0x7f2a7c19bf48
C 260
R
P 0x7f2a7c191628
C 342
R
P 0x7f2a7c191628
P 0x7f2a7c19bf48
C 259
R
P 0x7f2a7c191628
C 342
R
P 0x7f2a7c191628
P 0x7f2a7c19bf48
C 258
R
P 0x7f2a7c191628
C 342
R
P 0x7f2a7c191628
P 0x7f2a7c19bf48
C 9
R
P 0x7f2a7c191628
C 342
R
P 0x7f2a7c191628
I 2
P 0x7f2a7c19b208
C 150
= 0x7f2a7c19bcc8
R
P 0x7f2a7c191628
C 342
R
P 0x7f2a7c191628
P 0x7f2a7c19bcc8
C 258
R
P 0x7f2a7c191628
C 342
R
P 0x7f2a7c191628
P 0x7f2a7c19bcc8
C 9
R
P 0x7f2a7c191628
C 342
R
P 0x7f2a7c191628
P 0x7f2a7c19bcc8
C 263
R
P 0x7f2a7c191628
C 342
R
P 0x7f2a7c191628
S "slot2Start"
C 30
R
P 0x7f2a7c191628
C 342
R
P 0x7f2a7c191628
$ |slot2Start|
C 202
R
P 0x7f2a7c191628
C 342
R
P 0x7f2a7c191628
$ |slot2Start|
P 0x7f2a7c19b1e8
C 51
= 0x7f2a7c19bf88
R
P 0x7f2a7c191628
C 342
R
P 0x7f2a7c191628
P 0x7f2a7c19bf88
C 257
R
P 0x7f2a7c191628
C 342
R
P 0x7f2a7c191628
P 0x7f2a7c19bf88
C 254
= 0x7f2a7c19b1e8
R
P 0x7f2a7c191628
C 342
R
P 0x7f2a7c191628
P 0x7f2a7c19b1e8
C 209
R
P 0x7f2a7c191628
C 342
R
P 0x7f2a7c191628
P 0x7f2a7c19bf88
C 260
R
P 0x7f2a7c191628
C 342
R
P 0x7f2a7c191628
P 0x7f2a7c19bf88
C 259
R
P 0x7f2a7c191628
C 342
R
P 0x7f2a7c191628
P 0x7f2a7c19bf88
C 258
R
P 0x7f2a7c191628
C 342
R
P 0x7f2a7c191628
P 0x7f2a7c19bf88
C 9
R
P 0x7f2a7c191628
C 342
R
P 0x7f2a7c191628
I 2
P 0x7f2a7c19b208
C 150
= 0x7f2a7c19bcc8
R
P 0x7f2a7c191628
C 342
R
P 0x7f2a7c191628
P 0x7f2a7c19bcc8
C 258
R
P 0x7f2a7c191628
C 342
R
P 0x7f2a7c191628
P 0x7f2a7c19bcc8
C 9
R
P 0x7f2a7c191628
C 342
R
P 0x7f2a7c191628
P 0x7f2a7c19bcc8
C 263
R
P 0x7f2a7c191628
C 342
R
P 0x7f2a7c191628
S "slot2Duration"
C 30
R
P 0x7f2a7c191628
C 342
R
P 0x7f2a7c191628
$ |slot2Duration|
C 202
R
P 0x7f2a7c191628
C 342
R
P 0x7f2a7c191628
$ |slot2Duration|
P 0x7f2a7c19b1e8
C 51
= 0x7f2a7c19bfa8
R
P 0x7f2a7c191628
C 342
R
P 0x7f2a7c191628
P 0x7f2a7c19bfa8
C 257
R
P 0x7f2a7c191628
C 342
R
P 0x7f2a7c191628
P 0x7f2a7c19bfa8
C 254
= 0x7f2a7c19b1e8
R
P 0x7f2a7c191628
C 342
R
P 0x7f2a7c191628
P 0x7f2a7c19b1e8
C 209
R
P 0x7f2a7c191628
C 342
R
P 0x7f2a7c191628
P 0x7f2a7c19bfa8
C 260
R
P 0x7f2a7c191628
C 342
R
P 0x7f2a7c191628
P 0x7f2a7c19bfa8
C 259
R
P 0x7f2a7c191628
C 342
R
P 0x7f2a7c191628
P 0x7f2a7c19bfa8
C 258
R
P 0x7f2a7c191628
C 342
R
P 0x7f2a7c191628
P 0x7f2a7c19bfa8
C 9
R
P 0x7f2a7c191628
C 342
R
P 0x7f2a7c191628
U 2
P 0x7f2a7c19bf88
P 0x7f2a7c19bfa8
p 2
C 65
= 0x7f2a7c1a1e08
R
P 0x7f2a7c191628
C 342
R
P 0x7f2a7c191628
P 0x7f2a7c1a1e08
C 257
R
P 0x7f2a7c191628
C 342
R
P 0x7f2a7c191628
P 0x7f2a7c1a1e08
C 254
= 0x7f2a7c19b1e8
R
P 0x7f2a7c191628
C 342
R
P 0x7f2a7c191628
P 0x7f2a7c19b1e8
C 209
R
P 0x7f2a7c191628
C 342
R
P 0x7f2a7c191628
P 0x7f2a7c1a1e08
C 260
R
P 0x7f2a7c191628
C 342
R
P 0x7f2a7c191628
P 0x7f2a7c1a1e08
C 259
R
P 0x7f2a7c191628
C 342
R
P 0x7f2a7c191628
P 0x7f2a7c1a1e08
C 258
R
P 0x7f2a7c191628
C 342
R
P 0x7f2a7c191628
P 0x7f2a7c1a1e08
C 9
R
P 0x7f2a7c191628
C 342
R
P 0x7f2a7c191628
P 0x7f2a7c19bf48
P 0x7f2a7c1a1e08
C 74
= 0x7f2a7c1a1e40
R
P 0x7f2a7c191628
C 342
R
P 0x7f2a7c191628
P 0x7f2a7c1a1e40
C 258
R
P 0x7f2a7c191628
C 342
R
P 0x7f2a7c191628
P 0x7f2a7c1a1e40
C 9
R
P 0x7f2a7c191628
C 342
R
P 0x7f2a7c191628
U 2
P 0x7f2a7c1a1dd0
P 0x7f2a7c1a1e40
p 2
C 63
= 0x7f2a7c1a1e78
R
P 0x7f2a7c191628
C 342
R
P 0x7f2a7c191628
P 0x7f2a7c1a1e78
C 258
R
P 0x7f2a7c191628
C 342
R
P 0x7f2a7c191628
P 0x7f2a7c1a1e78
C 9
R
P 0x7f2a7c191628
C 342
R
P 0x7f2a7c191628
P 0x7f2a7c1a1e78
C 58
= 0x7f2a7c19d888
R
P 0x7f2a7c191628
C 342
R
P 0x7f2a7c191628
P 0x7f2a7c19d888
C 258
R
P 0x7f2a7c191628
C 342
R
P 0x7f2a7c191628
P 0x7f2a7c19d888
C 9
R
P 0x7f2a7c191628
C 342
R
P 0x7f2a7c191628
P 0x7f2a7c19d7f8
P 0x7f2a7c19d888
C 61
= 0x7f2a7c1a1eb0
R
P 0x7f2a7c191628
C 342
R
P 0x7f2a7c191628
P 0x7f2a7c1a1eb0
C 258
R
P 0x7f2a7c191628
C 342
R
P 0x7f2a7c191628
P 0x7f2a7c1a1eb0
C 9
R
P 0x7f2a7c191628
C 342
R
P 0x7f2a7c191628
P 0x7f2a7c1e1fc8
P 0x7f2a7c1a1eb0
C 427
R
P 0x7f2a7c191628
C 342
R
P 0x7f2a7c191628
I 1
P 0x7f2a7c19b208
C 150
= 0x7f2a7c19bc88
R
P 0x7f2a7c191628
C 342
R
P 0x7f2a7c191628
P 0x7f2a7c19bc88
C 258
R
P 0x7f2a7c191628
C 342
R
P 0x7f2a7c191628
P 0x7f2a7c19bc88
C 9
R
P 0x7f2a7c191628
C 342
R
P 0x7f2a7c191628
I 3
P 0x7f2a7c19b208
C 150
= 0x7f2a7c19bfc8
R
P 0x7f2a7c191628
C 342
R
P 0x7f2a7c191628
P 0x7f2a7c19bfc8
C 258
R
P 0x7f2a7c191628
C 342
R
P 0x7f2a7c191628
P 0x7f2a7c19bfc8
C 9
R
P 0x7f2a7c191628
C 342
R
P 0x7f2a7c191628
P 0x7f2a7c19bc88
P 0x7f2a7c19bfc8
C 56
= 0x7f2a7c1a1ee8
R
P 0x7f2a7c191628
C 342
R
P 0x7f2a7c191628
P 0x7f2a7c1a1ee8
C 258
R
P 0x7f2a7c191628
C 342
R
P 0x7f2a7c191628
P 0x7f2a7c1a1ee8
C 9
R
P 0x7f2a7c191628
C 342
R
P 0x7f2a7c191628
P 0x7f2a7c1a1ee8
C 58
= 0x7f2a7c19d8e8
R
P 0x7f2a7c191628
C 342
R
P 0x7f2a7c191628
P 0x7f2a7c19d8e8
C 258
R
P 0x7f2a7c191628
C 342
R
P 0x7f2a7c191628
P 0x7f2a7c19d8e8
C 9
R
P 0x7f2a7c191628
C 342
R
P 0x7f2a7c191628
I 1
P 0x7f2a7c19b208
C 150
= 0x7f2a7c19bc88
R
P 0x7f2a7c191628
C 342
R
P 0x7f2a7c191628
P 0x7f2a7c19bc88
C 258
R
P 0x7f2a7c191628
C 342
R
P 0x7f2a7c191628
P 0x7f2a7c19bc88
C 9
R
P 0x7f2a7c191628
C 342
R
P 0x7f2a7c191628
P 0x7f2a7c19bc88
C 263
R
P 0x7f2a7c191628
C 342
R
P 0x7f2a7c191628
S "slot1Start"
C 30
R
P 0x7f2a7c191628
C 342
R
P 0x7f2a7c191628
$ |slot1Start|
C 202
R
P 0x7f2a7c191628
C 342
R
P 0x7f2a7c191628
$ |slot1Start|
P 0x7f2a7c19b1e8
C 51
= 0x7f2a7c19bf48
R
P 0x7f2a7c191628
C 342
R
P 0x7f2a7c191628
P 0x7f2a7c19bf48
C 257
R
P 0x7f2a7c191628
C 342
R
P 0x7f2a7c191628
P 0x7f2a7c19bf48
C 254
= 0x7f2a7c19b1e8
R
P 0x7f2a7c191628
C 342
R
P 0x7f2a7c191628
P 0x7f2a7c19b1e8
C 209
R
P 0x7f2a7c191628
C 342
R
P 0x7f2a7c191628
P 0x7f2a7c19bf48
C 260
R
P 0x7f2a7c191628
C 342
R
P 0x7f2a7c191628
P 0x7f2a7c19bf48
C 259
R
P 0x7f2a7c191628
C 342
R
P 0x7f2a7c191628
P 0x7f2a7c19bf48
C 258
R
P 0x7f2a7c191628
C 342
R
P 0x7f2a7c191628
P 0x7f2a7c19bf48
C 9
R
P 0x7f2a7c191628
C 342
R
P 0x7f2a7c191628
I 3
P 0x7f2a7c19b208
C 150
= 0x7f2a7c19bfc8
R
P 0x7f2a7c191628
C 342
R
P 0x7f2a7c191628
P 0x7f2a7c19bfc8
C 258
R
P 0x7f2a7c191628
C 342
R
P 0x7f2a7c191628
P 0x7f2a7c19bfc8
C 9
R
P 0x7f2a7c191628
C 342
R
P 0x7f2a7c191628
P 0x7f2a7c19bfc8
C 263
R
P 0x7f2a7c191628
C 342
R
P 0x7f2a7c191628
S "slot3Start"
C 30
R
P 0x7f2a7c191628
C 342
R
P 0x7f2a7c191628
$ |slot3Start|
C 202
R
P 0x7f2a7c191628
C 342
R
P 0x7f2a7c191628
$ |slot3Start|
P 0x7f2a7c19b1e8
C 51
= 0x7f2a7c19bfe8
R
P 0x7f2a7c191628
C 342
R
P 0x7f2a7c191628
P 0x7f2a7c19bfe8
C 257
R
P 0x7f2a7c191628
C 342
R
P 0x7f2a7c191628
P 0x7f2a7c19bfe8
C 254
= 0x7f2a7c19b1e8
R
P 0x7f2a7c191628
C 342
R
P 0x7f2a7c191628
P 0x7f2a7c19b1e8
C 209
R
P 0x7f2a7c191628
C 342
R
P 0x7f2a7c191628
P 0x7f2a7c19bfe8
C 260
R
P 0x7f2a7c191628
C 342
R
P 0x7f2a7c191628
P 0x7f2a7c19bfe8
C 259
R
P 0x7f2a7c191628
C 342
R
P 0x7f2a7c191628
P 0x7f2a7c19bfe8
C 258
R
P 0x7f2a7c191628
C 342
R
P 0x7f2a7c191628
P 0x7f2a7c19bfe8
C 9
R
P 0x7f2a7c191628
C 342
R
P 0x7f2a7c191628
P 0x7f2a7c19bf48
P 0x7f2a7c19bfe8
C 76
= 0x7f2a7c1a1f20
R
P 0x7f2a7c191628
C 342
R
P 0x7f2a7c191628
P 0x7f2a7c1a1f20
C 258
R
P 0x7f2a7c191628
C 342
R
P 0x7f2a7c191628
P 0x7f2a7c1a1f20
C 9
R
P 0x7f2a7c191628
C 342
R
P 0x7f2a7c191628
I 1
P 0x7f2a7c19b208
C 150
= 0x7f2a7c19bc88
R
P 0x7f2a7c191628
C 342
R
P 0x7f2a7c191628
P 0x7f2a7c19bc88
C 258
R
P 0x7f2a7c191628
C 342
R
P 0x7f2a7c191628
P 0x7f2a7c19bc88
C 9
R
P 0x7f2a7c191628
C 342
R
P 0x7f2a7c191628
P 0x7f2a7c19bc88
C 263
R
P 0x7f2a7c191628
C 342
R
P 0x7f2a7c191628
S "slot1Start"
C 30
R
P 0x7f2a7c191628
C 342
R
P 0x7f2a7c191628
$ |slot1Start|
C 202
R
P 0x7f2a7c191628
C 342
R
P 0x7f2a7c191628
$ |slot1Start|
P 0x7f2a7c19b1e8
C 51
= 0x7f2a7c19bf48
R
P 0x7f2a7c191628
C 342
R
P 0x7f2a7c191628
P 0x7f2a7c19bf48
C 257
R
P 0x7f2a7c191628
C 342
R
P 0x7f2a7c191628
P 0x7f2a7c19bf48
C 254
= 0x7f2a7c19b1e8
R
P 0x7f2a7c191628
C 342
R
P 0x7f2a7c191628
P 0x7f2a7c19b1e8
C 209
R
P 0x7f2a7c191628
C 342
R
P 0x7f2a7c191628
P 0x7f2a7c19bf48
C 260
R
P 0x7f2a7c191628
C 342
R
P 0x7f2a7c191628
P 0x7f2a7c19bf48
C 259
R
P 0x7f2a7c191628
C 342
R
P 0x7f2a7c191628
P 0x7f2a7c19bf48
C 258
R
P 0x7f2a7c191628
C 342
R
P 0x7f2a7c191628
P 0x7f2a7c19bf48
C 9
R
P 0x7f2a7c191628
C 342
R
P 0x7f2a7c191628
I 3
P 0x7f2a7c19b208
C 150
= 0x7f2a7c19bfc8
R
P 0x7f2a7c191628
C 342
R
P 0x7f2a7c191628
P 0x7f2a7c19bfc8
C 258
R
P 0x7f2a7c191628
C 342
R
P 0x7f2a7c191628
P 0x7f2a7c19bfc8
C 9
R
P 0x7f2a7c191628
C 342
R
P 0x7f2a7c191628
P 0x7f2a7c19bfc8
C 263
R
P 0x7f2a7c191628
C 342
R
P 0x7f2a7c191628
S "slot3Start"
C 30
R
P 0x7f2a7c191628
C 342
R
P 0x7f2a7c191628
$ |slot3Start|
C 202
R
P 0x7f2a7c191628
C 342
R
P 0x7f2a7c191628
$ |slot3Start|
P 0x7f2a7c19b1e8
C 51
= 0x7f2a7c19bfe8
R
P 0x7f2a7c191628
C 342
R
P 0x7f2a7c191628
P 0x7f2a7c19bfe8
C 257
R
P 0x7f2a7c191628
C 342
R
P 0x7f2a7c191628
P 0x7f2a7c19bfe8
C 254
= 0x7f2a7c19b1e8
R
P 0x7f2a7c191628
C 342
R
P 0x7f2a7c191628
P 0x7f2a7c19b1e8
C 209
R
P 0x7f2a7c191628
C 342
R
P 0x7f2a7c191628
P 0x7f2a7c19bfe8
C 260
R
P 0x7f2a7c191628
C 342
R
P 0x7f2a7c191628
P 0x7f2a7c19bfe8
C 259
R
P 0x7f2a7c191628
C 342
R
P 0x7f2a7c191628
P 0x7f2a7c19bfe8
C 258
R
P 0x7f2a7c191628
C 342
R
P 0x7f2a7c191628
P 0x7f2a7c19bfe8
C 9
R
P 0x7f2a7c191628
C 342
R
P 0x7f2a7c191628
I 3
P 0x7f2a7c19b208
C 150
= 0x7f2a7c19bfc8
R
P 0x7f2a7c191628
C 342
R
P 0x7f2a7c191628
P 0x7f2a7c19bfc8
C 258
R
P 0x7f2a7c191628
C 342
R
P 0x7f2a7c191628
P 0x7f2a7c19bfc8
C 9
R
P 0x7f2a7c191628
C 342
R
P 0x7f2a7c191628
P 0x7f2a7c19bfc8
C 263
R
P 0x7f2a7c191628
C 342
R
P 0x7f2a7c191628
S "slot3Duration"
C 30
R
P 0x7f2a7c191628
C 342
R
P 0x7f2a7c191628
$ |slot3Duration|
C 202
R
P 0x7f2a7c191628
C 342
R
P 0x7f2a7c191628
$ |slot3Duration|
P 0x7f2a7c19b1e8
C 51
= 0x7f2a7c19c008
R
P 0x7f2a7c191628
C 342
R
P 0x7f2a7c191628
P 0x7f2a7c19c008
C 257
R
P 0x7f2a7c191628
C 342
R
P 0x7f2a7c191628
P 0x7f2a7c19c008
C 254
= 0x7f2a7c19b1e8
R
P 0x7f2a7c191628
C 342
R
P 0x7f2a7c191628
P 0x7f2a7c19b1e8
C 209
R
P 0x7f2a7c191628
C 342
R
P 0x7f2a7c191628
P 0x7f2a7c19c008
C 260
R
P 0x7f2a7c191628
C 342
R
P 0x7f2a7c191628
P 0x7f2a7c19c008
C 259
R
P 0x7f2a7c191628
C 342
R
P 0x7f2a7c191628
P 0x7f2a7c19c008
C 258
R
P 0x7f2a7c191628
C 342
R
P 0x7f2a7c191628
P 0x7f2a7c19c008
C 9
R
P 0x7f2a7c191628
C 342
R
P 0x7f2a7c191628
U 2
P 0x7f2a7c19bfe8
P 0x7f2a7c19c008
p 2
C 65
= 0x7f2a7c1a1f58
R
P 0x7f2a7c191628
C 342
R
P 0x7f2a7c191628
P 0x7f2a7c1a1f58
C 257
R
P 0x7f2a7c191628
C 342
R
P 0x7f2a7c191628
P 0x7f2a7c1a1f58
C 254
= 0x7f2a7c19b1e8
R
P 0x7f2a7c191628
C 342
R
P 0x7f2a7c191628
P 0x7f2a7c19b1e8
C 209
R
P 0x7f2a7c191628
C 342
R
P 0x7f2a7c191628
P 0x7f2a7c1a1f58
C 260
R
P 0x7f2a7c191628
C 342
R
P 0x7f2a7c191628
P 0x7f2a7c1a1f58
C 259
R
P 0x7f2a7c191628
C 342
R
P 0x7f2a7c191628
P 0x7f2a7c1a1f58
C 258
R
P 0x7f2a7c191628
C 342
R
P 0x7f2a7c191628
P 0x7f2a7c1a1f58
C 9
R
P 0x7f2a7c191628
C 342
R
P 0x7f2a7c191628
P 0x7f2a7c19bf48
P 0x7f2a7c1a1f58
C 74
= 0x7f2a7c1a1f90
R
P 0x7f2a7c191628
C 342
R
P 0x7f2a7c191628
P 0x7f2a7c1a1f90
C 258
R
P 0x7f2a7c191628
C 342
R
P 0x7f2a7c191628
P 0x7f2a7c1a1f90
C 9
R
P 0x7f2a7c191628
C 342
R
P 0x7f2a7c191628
U 2
P 0x7f2a7c1a1f20
P 0x7f2a7c1a1f90
p 2
C 63
= 0x7f2a7c1a1fc8
R
P 0x7f2a7c191628
C 342
R
P 0x7f2a7c191628
P 0x7f2a7c1a1fc8
C 258
R
P 0x7f2a7c191628
C 342
R
P 0x7f2a7c191628
P 0x7f2a7c1a1fc8
C 9
R
P 0x7f2a7c191628
C 342
R
P 0x7f2a7c191628
P 0x7f2a7c1a1fc8
C 58
= 0x7f2a7c19d978
R
P 0x7f2a7c191628
C 342
R
P 0x7f2a7c191628
P 0x7f2a7c19d978
C 258
R
P 0x7f2a7c191628
C 342
R
P 0x7f2a7c191628
P 0x7f2a7c19d978
C 9
R
P 0x7f2a7c191628
C 342
R
P 0x7f2a7c191628
P 0x7f2a7c19d8e8
P 0x7f2a7c19d978
C 61
= 0x7f2a7c1a2000
R
P 0x7f2a7c191628
C 342
R
P 0x7f2a7c191628
P 0x7f2a7c1a2000
C 258
R
P 0x7f2a7c191628
C 342
R
P 0x7f2a7c191628
P 0x7f2a7c1a2000
C 9
R
P 0x7f2a7c191628
C 342
R
P 0x7f2a7c191628
P 0x7f2a7c1e1fc8
P 0x7f2a7c1a2000
C 427
R
P 0x7f2a7c191628
C 342
R
P 0x7f2a7c191628
I 1
P 0x7f2a7c19b208
C 150
= 0x7f2a7c19bc88
R
P 0x7f2a7c191628
C 342
R
P 0x7f2a7c191628
P 0x7f2a7c19bc88
C 258
R
P 0x7f2a7c191628
C 342
R
P 0x7f2a7c191628
P 0x7f2a7c19bc88
C 9
R
P 0x7f2a7c191628
C 342
R
P 0x7f2a7c191628
I 4
P 0x7f2a7c19b208
C 150
= 0x7f2a7c19c028
R
P 0x7f2a7c191628
C 342
R
P 0x7f2a7c191628
P 0x7f2a7c19c028
C 258
R
P 0x7f2a7c191628
C 342
R
P 0x7f2a7c191628
P 0x7f2a7c19c028
C 9
R
P 0x7f2a7c191628
C 342
R
P 0x7f2a7c191628
P 0x7f2a7c19bc88
P 0x7f2a7c19c028
C 56
= 0x7f2a7c1a2038
R
P 0x7f2a7c191628
C 342
R
P 0x7f2a7c191628
P 0x7f2a7c1a2038
C 258
R
P 0x7f2a7c191628
C 342
R
P 0x7f2a7c191628
P 0x7f2a7c1a2038
C 9
R
P 0x7f2a7c191628
C 342
R
P 0x7f2a7c191628
P 0x7f2a7c1a2038
C 58
= 0x7f2a7c19d9d8
R
P 0x7f2a7c191628
C 342
R
P 0x7f2a7c191628
P 0x7f2a7c19d9d8
C 258
R
P 0x7f2a7c191628
C 342
R
P 0x7f2a7c191628
P 0x7f2a7c19d9d8
C 9
R
P 0x7f2a7c191628
C 342
R
P 0x7f2a7c191628
I 1
P 0x7f2a7c19b208
C 150
= 0x7f2a7c19bc88
R
P 0x7f2a7c191628
C 342
R
P 0x7f2a7c191628
P 0x7f2a7c19bc88
C 258
R
P 0x7f2a7c191628
C 342
R
P 0x7f2a7c191628
P 0x7f2a7c19bc88
C 9
R
P 0x7f2a7c191628
C 342
R
P 0x7f2a7c191628
P 0x7f2a7c19bc88
C 263
R
P 0x7f2a7c191628
C 342
R
P 0x7f2a7c191628
S "slot1Start"
C 30
R
P 0x7f2a7c191628
C 342
R
P 0x7f2a7c191628
$ |slot1Start|
C 202
R
P 0x7f2a7c191628
C 342
R
P 0x7f2a7c191628
$ |slot1Start|
P 0x7f2a7c19b1e8
C 51
= 0x7f2a7c19bf48
R
P 0x7f2a7c191628
C 342
R
P 0x7f2a7c191628
P 0x7f2a7c19bf48
C 257
R
P 0x7f2a7c191628
C 342
R
P 0x7f2a7c191628
P 0x7f2a7c19bf48
C 254
= 0x7f2a7c19b1e8
R
P 0x7f2a7c191628
C 342
R
P 0x7f2a7c191628
P 0x7f2a7c19b1e8
C 209
R
P 0x7f2a7c191628
C 342
R
P 0x7f2a7c191628
P 0x7f2a7c19bf48
C 260
R
P 0x7f2a7c191628
C 342
R
P 0x7f2a7c191628
P 0x7f2a7c19bf48
C 259
R
P 0x7f2a7c191628
C 342
R
P 0x7f2a7c191628
P 0x7f2a7c19bf48
C 258
R
P 0x7f2a7c191628
C 342
R
P 0x7f2a7c191628
P 0x7f2a7c19bf48
C 9
R
P 0x7f2a7c191628
C 342
R
P 0x7f2a7c191628
I 4
P 0x7f2a7c19b208
C 150
= 0x7f2a7c19c028
R
P 0x7f2a7c191628
C 342
R
P 0x7f2a7c191628
P 0x7f2a7c19c028
C 258
R
P 0x7f2a7c191628
C 342
R
P 0x7f2a7c191628
P 0x7f2a7c19c028
C 9
R
P 0x7f2a7c191628
C 342
R
P 0x7f2a7c191628
P 0x7f2a7c19c028
C 263
R
P 0x7f2a7c191628
C 342
R
P 0x7f2a7c191628
S "slot4Start"
C 30
R
P 0x7f2a7c191628
C 342
R
P 0x7f2a7c191628
$ |slot4Start|
C 202
R
P 0x7f2a7c191628
C 342
R
P 0x7f2a7c191628
$ |slot4Start|
P 0x7f2a7c19b1e8
C 51
= 0x7f2a7c19c048
R
P 0x7f2a7c191628
C 342
R
P 0x7f2a7c191628
P 0x7f2a7c19c048
C 257
R
P 0x7f2a7c191628
C 342
R
P 0x7f2a7c191628
P 0x7f2a7c19c048
C 254
= 0x7f2a7c19b1e8
R
P 0x7f2a7c191628
C 342
R
P 0x7f2a7c191628
P 0x7f2a7c19b1e8
C 209
R
P 0x7f2a7c191628
C 342
R
P 0x7f2a7c191628
P 0x7f2a7c19c048
C 260
R
P 0x7f2a7c191628
C 342
R
P 0x7f2a7c191628
P 0x7f2a7c19c048
C 259
R
P 0x7f2a7c191628
C 342
R
P 0x7f2a7c191628
P 0x7f2a7c19c048
C 258
R
P 0x7f2a7c191628
C 342
R
P 0x7f2a7c191628
P 0x7f2a7c19c048
C 9
R
P 0x7f2a7c191628
C 342
R
P 0x7f2a7c191628
P 0x7f2a7c19bf48
P 0x7f2a7c19c048
C 76
= 0x7f2a7c1a2070
R
P 0x7f2a7c191628
C 342
R
P 0x7f2a7c191628
P 0x7f2a7c1a2070
C 258
R
P 0x7f2a7c191628
C 342
R
P 0x7f2a7c191628
P 0x7f2a7c1a2070
C 9
R
P 0x7f2a7c191628
C 342
R
P 0x7f2a7c191628
I 1
P 0x7f2a7c19b208
C 150
= 0x7f2a7c19bc88
R
P 0x7f2a7c191628
C 342
R
P 0x7f2a7c191628
P 0x7f2a7c19bc88
C 258
R
P 0x7f2a7c191628
C 342
R
P 0x7f2a7c191628
P 0x7f2a7c19bc88
C 9
R
P 0x7f2a7c191628
C 342
R
P 0x7f2a7c191628
P 0x7f2a7c19bc88
C 263
R
P 0x7f2a7c191628
C 342
R
P 0x7f2a7c191628
S "slot1Start"
C 30
R
P 0x7f2a7c191628
C 342
R
P 0x7f2a7c191628
$ |slot1Start|
C 202
R
P 0x7f2a7c191628
C 342
R
P 0x7f2a7c191628
$ |slot1Start|
P 0x7f2a7c19b1e8
C 51
= 0x7f2a7c19bf48
R
P 0x7f2a7c191628
C 342
R
P 0x7f2a7c191628
P 0x7f2a7c19bf48
C 257
R
P 0x7f2a7c191628
C 342
R
P 0x7f2a7c191628
P 0x7f2a7c19bf48
C 254
= 0x7f2a7c19b1e8
R
P 0x7f2a7c191628
C 342
R
P 0x7f2a7c191628
P 0x7f2a7c19b1e8
C 209
R
P 0x7f2a7c191628
C 342
R
P 0x7f2a7c191628
P 0x7f2a7c19bf48
C 260
R
P 0x7f2a7c191628
C 342
R
P 0x7f2a7c191628
P 0x7f2a7c19bf48
C 259
R
P 0x7f2a7c191628
C 342
R
P 0x7f2a7c191628
P 0x7f2a7c19bf48
C 258
R
P 0x7f2a7c191628
C 342
R
P 0x7f2a7c191628
P 0x7f2a7c19bf48
C 9
R
P 0x7f2a7c191628
C 342
R
P 0x7f2a7c191628
I 4
P 0x7f2a7c19b208
C 150
= 0x7f2a7c19c028
R
P 0x7f2a7c191628
C 342
R
P 0x7f2a7c191628
P 0x7f2a7c19c028
C 258
R
P 0x7f2a7c191628
C 342
R
P 0x7f2a7c191628
P 0x7f2a7c19c028
C 9
R
P 0x7f2a7c191628
C 342
R
P 0x7f2a7c191628
P 0x7f2a7c19c028
C 263
R
P 0x7f2a7c191628
C 342
R
P 0x7f2a7c191628
S "slot4Start"
C 30
R
P 0x7f2a7c191628
C 342
R
P 0x7f2a7c191628
$ |slot4Start|
C 202
R
P 0x7f2a7c191628
C 342
R
P 0x7f2a7c191628
$ |slot4Start|
P 0x7f2a7c19b1e8
C 51
= 0x7f2a7c19c048
R
P 0x7f2a7c191628
C 342
R
P 0x7f2a7c191628
P 0x7f2a7c19c048
C 257
R
P 0x7f2a7c191628
C 342
R
P 0x7f2a7c191628
P 0x7f2a7c19c048
C 254
= 0x7f2a7c19b1e8
R
P 0x7f2a7c191628
C 342
R
P 0x7f2a7c191628
P 0x7f2a7c19b1e8
C 209
R
P 0x7f2a7c191628
C 342
R
P 0x7f2a7c191628
P 0x7f2a7c19c048
C 260
R
P 0x7f2a7c191628
C 342
R
P 0x7f2a7c191628
P 0x7f2a7c19c048
C 259
R
P 0x7f2a7c191628
C 342
R
P 0x7f2a7c191628
P 0x7f2a7c19c048
C 258
R
P 0x7f2a7c191628
C 342
R
P 0x7f2a7c191628
P 0x7f2a7c19c048
C 9
R
P 0x7f2a7c191628
C 342
R
P 0x7f2a7c191628
I 4
P 0x7f2a7c19b208
C 150
= 0x7f2a7c19c028
R
P 0x7f2a7c191628
C 342
R
P 0x7f2a7c191628
P 0x7f2a7c19c028
C 258
R
P 0x7f2a7c191628
C 342
R
P 0x7f2a7c191628
P 0x7f2a7c19c028
C 9
R
P 0x7f2a7c191628
C 342
R
P 0x7f2a7c191628
P 0x7f2a7c19c028
C 263
R
P 0x7f2a7c191628
C 342
R
P 0x7f2a7c191628
S "slot4Duration"
C 30
R
P 0x7f2a7c191628
C 342
R
P 0x7f2a7c191628
$ |slot4Duration|
C 202
R
P 0x7f2a7c191628
C 342
R
P 0x7f2a7c191628
$ |slot4Duration|
P 0x7f2a7c19b1e8
C 51
= 0x7f2a7c19c068
R
P 0x7f2a7c191628
C 342
R
P 0x7f2a7c191628
P 0x7f2a7c19c068
C 257
R
P 0x7f2a7c191628
C 342
R
P 0x7f2a7c191628
P 0x7f2a7c19c068
C 254
= 0x7f2a7c19b1e8
R
P 0x7f2a7c191628
C 342
R
P 0x7f2a7c191628
P 0x7f2a7c19b1e8
C 209
R
P 0x7f2a7c191628
C 342
R
P 0x7f2a7c191628
P 0x7f2a7c19c068
C 260
R
P 0x7f2a7c191628
C 342
R
P 0x7f2a7c191628
P 0x7f2a7c19c068
C 259
R
P 0x7f2a7c191628
C 342
R
P 0x7f2a7c191628
P 0x7f2a7c19c068
C 258
R
P 0x7f2a7c191628
C 342
R
P 0x7f2a7c191628
P 0x7f2a7c19c068
C 9
R
P 0x7f2a7c191628
C 342
R
P 0x7f2a7c191628
U 2
P 0x7f2a7c19c048
P 0x7f2a7c19c068
p 2
C 65
= 0x7f2a7c1a20a8
R
P 0x7f2a7c191628
C 342
R
P 0x7f2a7c191628
P 0x7f2a7c1a20a8
C 257
R
P 0x7f2a7c191628
C 342
R
P 0x7f2a7c191628
P 0x7f2a7c1a20a8
C 254
= 0x7f2a7c19b1e8
R
P 0x7f2a7c191628
C 342
R
P 0x7f2a7c191628
P 0x7f2a7c19b1e8
C 209
R
P 0x7f2a7c191628
C 342
R
P 0x7f2a7c191628
P 0x7f2a7c1a20a8
C 260
R
P 0x7f2a7c191628
C 342
R
P 0x7f2a7c191628
P 0x7f2a7c1a20a8
C 259
R
P 0x7f2a7c191628
C 342
R
P 0x7f2a7c191628
P 0x7f2a7c1a20a8
C 258
R
P 0x7f2a7c191628
C 342
R
P 0x7f2a7c191628
P 0x7f2a7c1a20a8
C 9
R
P 0x7f2a7c191628
C 342
R
P 0x7f2a7c191628
P 0x7f2a7c19bf48
P 0x7f2a7c1a20a8
C 74
= 0x7f2a7c1a20e0
R
P 0x7f2a7c191628
C 342
R
P 0x7f2a7c191628
P 0x7f2a7c1a20e0
C 258
R
P 0x7f2a7c191628
C 342
R
P 0x7f2a7c191628
P 0x7f2a7c1a20e0
C 9
R
P 0x7f2a7c191628
C 342
R
P 0x7f2a7c191628
U 2
P 0x7f2a7c1a2070
P 0x7f2a7c1a20e0
p 2
C 63
= 0x7f2a7c1a2118
R
P 0x7f2a7c191628
C 342
R
P 0x7f2a7c191628
P 0x7f2a7c1a2118
C 258
R
P 0x7f2a7c191628
C 342
R
P 0x7f2a7c191628
P 0x7f2a7c1a2118
C 9
R
P 0x7f2a7c191628
C 342
R
P 0x7f2a7c191628
P 0x7f2a7c1a2118
C 58
= 0x7f2a7c19da68
R
P 0x7f2a7c191628
C 342
R
P 0x7f2a7c191628
P 0x7f2a7c19da68
C 258
R
P 0x7f2a7c191628
C 342
R
P 0x7f2a7c191628
P 0x7f2a7c19da68
C 9
R
P 0x7f2a7c191628
C 342
R
P 0x7f2a7c191628
P 0x7f2a7c19d9d8
P 0x7f2a7c19da68
C 61
= 0x7f2a7c1a2150
R
P 0x7f2a7c191628
C 342
R
P 0x7f2a7c191628
P 0x7f2a7c1a2150
C 258
R
P 0x7f2a7c191628
C 342
R
P 0x7f2a7c191628
P 0x7f2a7c1a2150
C 9
R
P 0x7f2a7c191628
C 342
R
P 0x7f2a7c191628
P 0x7f2a7c1e1fc8
P 0x7f2a7c1a2150
C 427
R
P 0x7f2a7c191628
C 342
R
P 0x7f2a7c191628
I 1
P 0x7f2a7c19b208
C 150
= 0x7f2a7c19bc88
R
P 0x7f2a7c191628
C 342
R
P 0x7f2a7c191628
P 0x7f2a7c19bc88
C 258
R
P 0x7f2a7c191628
C 342
R
P 0x7f2a7c191628
P 0x7f2a7c19bc88
C 9
R
P 0x7f2a7c191628
C 342
R
P 0x7f2a7c191628
I 5
P 0x7f2a7c19b208
C 150
= 0x7f2a7c19c088
R
P 0x7f2a7c191628
C 342
R
P 0x7f2a7c191628
P 0x7f2a7c19c088
C 258
R
P 0x7f2a7c191628
C 342
R
P 0x7f2a7c191628
P 0x7f2a7c19c088
C 9
R
P 0x7f2a7c191628
C 342
R
P 0x7f2a7c191628
P 0x7f2a7c19bc88
P 0x7f2a7c19c088
C 56
= 0x7f2a7c1a2188
R
P 0x7f2a7c191628
C 342
R
P 0x7f2a7c191628
P 0x7f2a7c1a2188
C 258
R
P 0x7f2a7c191628
C 342
R
P 0x7f2a7c191628
P 0x7f2a7c1a2188
C 9
R
P 0x7f2a7c191628
C 342
R
P 0x7f2a7c191628
P 0x7f2a7c1a2188
C 58
= 0x7f2a7c19dac8
R
P 0x7f2a7c191628
C 342
R
P 0x7f2a7c191628
P 0x7f2a7c19dac8
C 258
R
P 0x7f2a7c191628
C 342
R
P 0x7f2a7c191628
P 0x7f2a7c19dac8
C 9
R
P 0x7f2a7c191628
C 342
R
P 0x7f2a7c191628
I 1
P 0x7f2a7c19b208
C 150
= 0x7f2a7c19bc88
R
P 0x7f2a7c191628
C 342
R
P 0x7f2a7c191628
P 0x7f2a7c19bc88
C 258
R
P 0x7f2a7c191628
C 342
R
P 0x7f2a7c191628
P 0x7f2a7c19bc88
C 9
R
P 0x7f2a7c191628
C 342
R
P 0x7f2a7c191628
P 0x7f2a7c19bc88
C 263
R
P 0x7f2a7c191628
C 342
R
P 0x7f2a7c191628
S "slot1Start"
C 30
R
P 0x7f2a7c191628
C 342
R
P 0x7f2a7c191628
$ |slot1Start|
C 202
R
P 0x7f2a7c191628
C 342
R
P 0x7f2a7c191628
$ |slot1Start|
P 0x7f2a7c19b1e8
C 51
= 0x7f2a7c19bf48
R
P 0x7f2a7c191628
C 342
R
P 0x7f2a7c191628
P 0x7f2a7c19bf48
C 257
R
P 0x7f2a7c191628
C 342
R
P 0x7f2a7c191628
P 0x7f2a7c19bf48
C 254
= 0x7f2a7c19b1e8
R
P 0x7f2a7c191628
C 342
R
P 0x7f2a7c191628
P 0x7f2a7c19b1e8
C 209
R
P 0x7f2a7c191628
C 342
R
P 0x7f2a7c191628
P 0x7f2a7c19bf48
C 260
R
P 0x7f2a7c191628
C 342
R
P 0x7f2a7c191628
P 0x7f2a7c19bf48
C 259
R
P 0x7f2a7c191628
C 342
R
P 0x7f2a7c191628
P 0x7f2a7c19bf48
C 258
R
P 0x7f2a7c191628
C 342
R
P 0x7f2a7c191628
P 0x7f2a7c19bf48
C 9
R
P 0x7f2a7c191628
C 342
R
P 0x7f2a7c191628
I 5
P 0x7f2a7c19b208
C 150
= 0x7f2a7c19c088
R
P 0x7f2a7c191628
C 342
R
P 0x7f2a7c191628
P 0x7f2a7c19c088
C 258
R
P 0x7f2a7c191628
C 342
R
P 0x7f2a7c191628
P 0x7f2a7c19c088
C 9
R
P 0x7f2a7c191628
C 342
R
P 0x7f2a7c191628
P 0x7f2a7c19c088
C 263
R
P 0x7f2a7c191628
C 342
R
P 0x7f2a7c191628
S "slot5Start"
C 30
R
P 0x7f2a7c191628
C 342
R
P 0x7f2a7c191628
$ |slot5Start|
C 202
R
P 0x7f2a7c191628
C 342
R
P 0x7f2a7c191628
$ |slot5Start|
P 0x7f2a7c19b1e8
C 51
= 0x7f2a7c19c0a8
R
P 0x7f2a7c191628
C 342
R
P 0x7f2a7c191628
P 0x7f2a7c19c0a8
C 257
R
P 0x7f2a7c191628
C 342
R
P 0x7f2a7c191628
P 0x7f2a7c19c0a8
C 254
= 0x7f2a7c19b1e8
R
P 0x7f2a7c191628
C 342
R
P 0x7f2a7c191628
P 0x7f2a7c19b1e8
C 209
R
P 0x7f2a7c191628
C 342
R
P 0x7f2a7c191628
P 0x7f2a7c19c0a8
C 260
R
P 0x7f2a7c191628
C 342
R
P 0x7f2a7c191628
P 0x7f2a7c19c0a8
C 259
R
P 0x7f2a7c191628
C 342
R
P 0x7f2a7c191628
P 0x7f2a7c19c0a8
C 258
R
P 0x7f2a7c191628
C 342
R
P 0x7f2a7c191628
P 0x7f2a7c19c0a8
C 9
R
P 0x7f2a7c191628
C 342
R
P 0x7f2a7c191628
P 0x7f2a7c19bf48
P 0x7f2a7c19c0a8
C 76
= 0x7f2a7c1a21c0
R
P 0x7f2a7c191628
C 342
R
P 0x7f2a7c191628
P 0x7f2a7c1a21c0
C 258
R
P 0x7f2a7c191628
C 342
R
P 0x7f2a7c191628
P 0x7f2a7c1a21c0
C 9
R
P 0x7f2a7c191628
C 342
R
P 0x7f2a7c191628
I 1
P 0x7f2a7c19b208
C 150
= 0x7f2a7c19bc88
R
P 0x7f2a7c191628
C 342
R
P 0x7f2a7c191628
P 0x7f2a7c19bc88
C 258
R
P 0x7f2a7c191628
C 342
R
P 0x7f2a7c191628
P 0x7f2a7c19bc88
C 9
R
P 0x7f2a7c191628
C 342
R
P 0x7f2a7c191628
P 0x7f2a7c19bc88
C 263
R
P 0x7f2a7c191628
C 342
R
P 0x7f2a7c191628
S "slot1Start"
C 30
R
P 0x7f2a7c191628
C 342
R
P 0x7f2a7c191628
$ |slot1Start|
C 202
R
P 0x7f2a7c191628
C 342
R
P 0x7f2a7c191628
$ |slot1Start|
P 0x7f2a7c19b1e8
C 51
= 0x7f2a7c19bf48
R
P 0x7f2a7c191628
C 342
R
P 0x7f2a7c191628
P 0x7f2a7c19bf48
C 257
R
P 0x7f2a7c191628
C 342
R
P 0x7f2a7c191628
P 0x7f2a7c19bf48
C 254
= 0x7f2a7c19b1e8
R
P 0x7f2a7c191628
C 342
R
P 0x7f2a7c191628
P 0x7f2a7c19b1e8
C 209
R
P 0x7f2a7c191628
C 342
R
P 0x7f2a7c191628
P 0x7f2a7c19bf48
C 260
R
P 0x7f2a7c191628
C 342
R
P 0x7f2a7c191628
P 0x7f2a7c19bf48
C 259
R
P 0x7f2a7c191628
C 342
R
P 0x7f2a7c191628
P 0x7f2a7c19bf48
C 258
R
P 0x7f2a7c191628
C 342
R
P 0x7f2a7c191628
P 0x7f2a7c19bf48
C 9
R
P 0x7f2a7c191628
C 342
R
P 0x7f2a7c191628
I 5
P 0x7f2a7c19b208
C 150
= 0x7f2a7c19c088
R
P 0x7f2a7c191628
C 342
R
P 0x7f2a7c191628
P 0x7f2a7c19c088
C 258
R
P 0x7f2a7c191628
C 342
R
P 0x7f2a7c191628
P 0x7f2a7c19c088
C 9
R
P 0x7f2a7c191628
C 342
R
P 0x7f2a7c191628
P 0x7f2a7c19c088
C 263
R
P 0x7f2a7c191628
C 342
R
P 0x7f2a7c191628
S "slot5Start"
C 30
R
P 0x7f2a7c191628
C 342
R
P 0x7f2a7c191628
$ |slot5Start|
C 202
R
P 0x7f2a7c191628
C 342
R
P 0x7f2a7c191628
$ |slot5Start|
P 0x7f2a7c19b1e8
C 51
= 0x7f2a7c19c0a8
R
P 0x7f2a7c191628
C 342
R
P 0x7f2a7c191628
P 0x7f2a7c19c0a8
C 257
R
P 0x7f2a7c191628
C 342
R
P 0x7f2a7c191628
P 0x7f2a7c19c0a8
C 254
= 0x7f2a7c19b1e8
R
P 0x7f2a7c191628
C 342
R
P 0x7f2a7c191628
P 0x7f2a7c19b1e8
C 209
R
P 0x7f2a7c191628
C 342
R
P 0x7f2a7c191628
P 0x7f2a7c19c0a8
C 260
R
P 0x7f2a7c191628
C 342
R
P 0x7f2a7c191628
P 0x7f2a7c19c0a8
C 259
R
P 0x7f2a7c191628
C 342
R
P 0x7f2a7c191628
P 0x7f2a7c19c0a8
C 258
R
P 0x7f2a7c191628
C 342
R
P 0x7f2a7c191628
P 0x7f2a7c19c0a8
C 9
R
P 0x7f2a7c191628
C 342
R
P 0x7f2a7c191628
I 5
P 0x7f2a7c19b208
C 150
= 0x7f2a7c19c088
R
P 0x7f2a7c191628
C 342
R
P 0x7f2a7c191628
P 0x7f2a7c19c088
C 258
R
P 0x7f2a7c191628
C 342
R
P 0x7f2a7c191628
P 0x7f2a7c19c088
C 9
R
P 0x7f2a7c191628
C 342
R
P 0x7f2a7c191628
P 0x7f2a7c19c088
C 263
R
P 0x7f2a7c191628
C 342
R
P 0x7f2a7c191628
S "slot5Duration"
C 30
R
P 0x7f2a7c191628
C 342
R
P 0x7f2a7c191628
$ |slot5Duration|
C 202
R
P 0x7f2a7c191628
C 342
R
P 0x7f2a7c191628
$ |slot5Duration|
P 0x7f2a7c19b1e8
C 51
= 0x7f2a7c19c0c8
R
P 0x7f2a7c191628
C 342
R
P 0x7f2a7c191628
P 0x7f2a7c19c0c8
C 257
R
P 0x7f2a7c191628
C 342
R
P 0x7f2a7c191628
P 0x7f2a7c19c0c8
C 254
= 0x7f2a7c19b1e8
R
P 0x7f2a7c191628
C 342
R
P 0x7f2a7c191628
P 0x7f2a7c19b1e8
C 209
R
P 0x7f2a7c191628
C 342
R
P 0x7f2a7c191628
P 0x7f2a7c19c0c8
C 260
R
P 0x7f2a7c191628
C 342
R
P 0x7f2a7c191628
P 0x7f2a7c19c0c8
C 259
R
P 0x7f2a7c191628
C 342
R
P 0x7f2a7c191628
P 0x7f2a7c19c0c8
C 258
R
P 0x7f2a7c191628
C 342
R
P 0x7f2a7c191628
P 0x7f2a7c19c0c8
C 9
R
P 0x7f2a7c191628
C 342
R
P 0x7f2a7c191628
U 2
P 0x7f2a7c19c0a8
P 0x7f2a7c19c0c8
p 2
C 65
= 0x7f2a7c1a21f8
R
P 0x7f2a7c191628
C 342
R
P 0x7f2a7c191628
P 0x7f2a7c1a21f8
C 257
R
P 0x7f2a7c191628
C 342
R
P 0x7f2a7c191628
P 0x7f2a7c1a21f8
C 254
= 0x7f2a7c19b1e8
R
P 0x7f2a7c191628
C 342
R
P 0x7f2a7c191628
P 0x7f2a7c19b1e8
C 209
R
P 0x7f2a7c191628
C 342
R
P 0x7f2a7c191628
P 0x7f2a7c1a21f8
C 260
R
P 0x7f2a7c191628
C 342
R
P 0x7f2a7c191628
P 0x7f2a7c1a21f8
C 259
R
P 0x7f2a7c191628
C 342
R
P 0x7f2a7c191628
P 0x7f2a7c1a21f8
C 258
R
P 0x7f2a7c191628
C 342
R
P 0x7f2a7c191628
P 0x7f2a7c1a21f8
C 9
R
P 0x7f2a7c191628
C 342
R
P 0x7f2a7c191628
P 0x7f2a7c19bf48
P 0x7f2a7c1a21f8
C 74
= 0x7f2a7c1a2230
R
P 0x7f2a7c191628
C 342
R
P 0x7f2a7c191628
P 0x7f2a7c1a2230
C 258
R
P 0x7f2a7c191628
C 342
R
P 0x7f2a7c191628
P 0x7f2a7c1a2230
C 9
R
P 0x7f2a7c191628
C 342
R
P 0x7f2a7c191628
U 2
P 0x7f2a7c1a21c0
P 0x7f2a7c1a2230
p 2
C 63
= 0x7f2a7c1a2268
R
P 0x7f2a7c191628
C 342
R
P 0x7f2a7c191628
P 0x7f2a7c1a2268
C 258
R
P 0x7f2a7c191628
C 342
R
P 0x7f2a7c191628
P 0x7f2a7c1a2268
C 9
R
P 0x7f2a7c191628
C 342
R
P 0x7f2a7c191628
P 0x7f2a7c1a2268
C 58
= 0x7f2a7c19db58
R
P 0x7f2a7c191628
C 342
R
P 0x7f2a7c191628
P 0x7f2a7c19db58
C 258
R
P 0x7f2a7c191628
C 342
R
P 0x7f2a7c191628
P 0x7f2a7c19db58
C 9
R
P 0x7f2a7c191628
C 342
R
P 0x7f2a7c191628
P 0x7f2a7c19dac8
P 0x7f2a7c19db58
C 61
= 0x7f2a7c1a22a0
R
P 0x7f2a7c191628
C 342
R
P 0x7f2a7c191628
P 0x7f2a7c1a22a0
C 258
R
P 0x7f2a7c191628
C 342
R
P 0x7f2a7c191628
P 0x7f2a7c1a22a0
C 9
R
P 0x7f2a7c191628
C 342
R
P 0x7f2a7c191628
P 0x7f2a7c1e1fc8
P 0x7f2a7c1a22a0
C 427
R
P 0x7f2a7c191628
C 342
R
P 0x7f2a7c191628
I 1
P 0x7f2a7c19b208
C 150
= 0x7f2a7c19bc88
R
P 0x7f2a7c191628
C 342
R
P 0x7f2a7c191628
P 0x7f2a7c19bc88
C 258
R
P 0x7f2a7c191628
C 342
R
P 0x7f2a7c191628
P 0x7f2a7c19bc88
C 9
R
P 0x7f2a7c191628
C 342
R
P 0x7f2a7c191628
I 6
P 0x7f2a7c19b208
C 150
= 0x7f2a7c19c0e8
R
P 0x7f2a7c191628
C 342
R
P 0x7f2a7c191628
P 0x7f2a7c19c0e8
C 258
R
P 0x7f2a7c191628
C 342
R
P 0x7f2a7c191628
P 0x7f2a7c19c0e8
C 9
R
P 0x7f2a7c191628
C 342
R
P 0x7f2a7c191628
P 0x7f2a7c19bc88
P 0x7f2a7c19c0e8
C 56
= 0x7f2a7c1a22d8
R
P 0x7f2a7c191628
C 342
R
P 0x7f2a7c191628
P 0x7f2a7c1a22d8
C 258
R
P 0x7f2a7c191628
C 342
R
P 0x7f2a7c191628
P 0x7f2a7c1a22d8
C 9
R
P 0x7f2a7c191628
C 342
R
P 0x7f2a7c191628
P 0x7f2a7c1a22d8
C 58
= 0x7f2a7c19dbb8
R
P 0x7f2a7c191628
C 342
R
P 0x7f2a7c191628
P 0x7f2a7c19dbb8
C 258
R
P 0x7f2a7c191628
C 342
R
P 0x7f2a7c191628
P 0x7f2a7c19dbb8
C 9
R
P 0x7f2a7c191628
C 342
R
P 0x7f2a7c191628
I 1
P 0x7f2a7c19b208
C 150
= 0x7f2a7c19bc88
R
P 0x7f2a7c191628
C 342
R
P 0x7f2a7c191628
P 0x7f2a7c19bc88
C 258
R
P 0x7f2a7c191628
C 342
R
P 0x7f2a7c191628
P 0x7f2a7c19bc88
C 9
R
P 0x7f2a7c191628
C 342
R
P 0x7f2a7c191628
P 0x7f2a7c19bc88
C 263
R
P 0x7f2a7c191628
C 342
R
P 0x7f2a7c191628
S "slot1Start"
C 30
R
P 0x7f2a7c191628
C 342
R
P 0x7f2a7c191628
$ |slot1Start|
C 202
R
P 0x7f2a7c191628
C 342
R
P 0x7f2a7c191628
$ |slot1Start|
P 0x7f2a7c19b1e8
C 51
= 0x7f2a7c19bf48
R
P 0x7f2a7c191628
C 342
R
P 0x7f2a7c191628
P 0x7f2a7c19bf48
C 257
R
P 0x7f2a7c191628
C 342
R
P 0x7f2a7c191628
P 0x7f2a7c19bf48
C 254
= 0x7f2a7c19b1e8
R
P 0x7f2a7c191628
C 342
R
P 0x7f2a7c191628
P 0x7f2a7c19b1e8
C 209
R
P 0x7f2a7c191628
C 342
R
P 0x7f2a7c191628
P 0x7f2a7c19bf48
C 260
R
P 0x7f2a7c191628
C 342
R
P 0x7f2a7c191628
P 0x7f2a7c19bf48
C 259
R
P 0x7f2a7c191628
C 342
R
P 0x7f2a7c191628
P 0x7f2a7c19bf48
C 258
R
P 0x7f2a7c191628
C 342
R
P 0x7f2a7c191628
P 0x7f2a7c19bf48
C 9
R
P 0x7f2a7c191628
C 342
R
P 0x7f2a7c191628
I 6
P 0x7f2a7c19b208
C 150
= 0x7f2a7c19c0e8
R
P 0x7f2a7c191628
C 342
R
P 0x7f2a7c191628
P 0x7f2a7c19c0e8
C 258
R
P 0x7f2a7c191628
C 342
R
P 0x7f2a7c191628
P 0x7f2a7c19c0e8
C 9
R
P 0x7f2a7c191628
C 342
R
P 0x7f2a7c191628
P 0x7f2a7c19c0e8
C 263
R
P 0x7f2a7c191628
C 342
R
P 0x7f2a7c191628
S "slot6Start"
C 30
R
P 0x7f2a7c191628
C 342
R
P 0x7f2a7c191628
$ |slot6Start|
C 202
R
P 0x7f2a7c191628
C 342
R
P 0x7f2a7c191628
$ |slot6Start|
P 0x7f2a7c19b1e8
C 51
= 0x7f2a7c19c108
R
P 0x7f2a7c191628
C 342
R
P 0x7f2a7c191628
P 0x7f2a7c19c108
C 257
R
P 0x7f2a7c191628
C 342
R
P 0x7f2a7c191628
P 0x7f2a7c19c108
C 254
= 0x7f2a7c19b1e8
R
P 0x7f2a7c191628
C 342
R
P 0x7f2a7c191628
P 0x7f2a7c19b1e8
C 209
R
P 0x7f2a7c191628
C 342
R
P 0x7f2a7c191628
P 0x7f2a7c19c108
C 260
R
P 0x7f2a7c191628
C 342
R
P 0x7f2a7c191628
P 0x7f2a7c19c108
C 259
R
P 0x7f2a7c191628
C 342
R
P 0x7f2a7c191628
P 0x7f2a7c19c108
C 258
R
P 0x7f2a7c191628
C 342
R
P 0x7f2a7c191628
P 0x7f2a7c19c108
C 9
R
P 0x7f2a7c191628
C 342
R
P 0x7f2a7c191628
P 0x7f2a7c19bf48
P 0x7f2a7c19c108
C 76
= 0x7f2a7c1a2310
R
P 0x7f2a7c191628
C 342
R
P 0x7f2a7c191628
P 0x7f2a7c1a2310
C 258
R
P 0x7f2a7c191628
C 342
R
P 0x7f2a7c191628
P 0x7f2a7c1a2310
C 9
R
P 0x7f2a7c191628
C 342
R
P 0x7f2a7c191628
I 1
P 0x7f2a7c19b208
C 150
= 0x7f2a7c19bc88
R
P 0x7f2a7c191628
C 342
R
P 0x7f2a7c191628
P 0x7f2a7c19bc88
C 258
R
P 0x7f2a7c191628
C 342
R
P 0x7f2a7c191628
P 0x7f2a7c19bc88
C 9
R
P 0x7f2a7c191628
C 342
R
P 0x7f2a7c191628
P 0x7f2a7c19bc88
C 263
R
P 0x7f2a7c191628
C 342
R
P 0x7f2a7c191628
S "slot1Start"
C 30
R
P 0x7f2a7c191628
C 342
R
P 0x7f2a7c191628
$ |slot1Start|
C 202
R
P 0x7f2a7c191628
C 342
R
P 0x7f2a7c191628
$ |slot1Start|
P 0x7f2a7c19b1e8
C 51
= 0x7f2a7c19bf48
R
P 0x7f2a7c191628
C 342
R
P 0x7f2a7c191628
P 0x7f2a7c19bf48
C 257
R
P 0x7f2a7c191628
C 342
R
P 0x7f2a7c191628
P 0x7f2a7c19bf48
C 254
= 0x7f2a7c19b1e8
R
P 0x7f2a7c191628
C 342
R
P 0x7f2a7c191628
P 0x7f2a7c19b1e8
C 209
R
P 0x7f2a7c191628
C 342
R
P 0x7f2a7c191628
P 0x7f2a7c19bf48
C 260
R
P 0x7f2a7c191628
C 342
R
P 0x7f2a7c191628
P 0x7f2a7c19bf48
C 259
R
P 0x7f2a7c191628
C 342
R
P 0x7f2a7c191628
P 0x7f2a7c19bf48
C 258
R
P 0x7f2a7c191628
C 342
R
P 0x7f2a7c191628
P 0x7f2a7c19bf48
C 9
R
P 0x7f2a7c191628
C 342
R
P 0x7f2a7c191628
I 6
P 0x7f2a7c19b208
C 150
= 0x7f2a7c19c0e8
R
P 0x7f2a7c191628
C 342
R
P 0x7f2a7c191628
P 0x7f2a7c19c0e8
C 258
R
P 0x7f2a7c191628
C 342
R
P 0x7f2a7c191628
P 0x7f2a7c19c0e8
C 9
R
P 0x7f2a7c191628
C 342
R
P 0x7f2a7c191628
P 0x7f2a7c19c0e8
C 263
R
P 0x7f2a7c191628
C 342
R
P 0x7f2a7c191628
S "slot6Start"
C 30
R
P 0x7f2a7c191628
C 342
R
P 0x7f2a7c191628
$ |slot6Start|
C 202
R
P 0x7f2a7c191628
C 342
R
P 0x7f2a7c191628
$ |slot6Start|
P 0x7f2a7c19b1e8
C 51
= 0x7f2a7c19c108
R
P 0x7f2a7c191628
C 342
R
P 0x7f2a7c191628
P 0x7f2a7c19c108
C 257
R
P 0x7f2a7c191628
C 342
R
P 0x7f2a7c191628
P 0x7f2a7c19c108
C 254
= 0x7f2a7c19b1e8
R
P 0x7f2a7c191628
C 342
R
P 0x7f2a7c191628
P 0x7f2a7c19b1e8
C 209
R
P 0x7f2a7c191628
C 342
R
P 0x7f2a7c191628
P 0x7f2a7c19c108
C 260
R
P 0x7f2a7c191628
C 342
R
P 0x7f2a7c191628
P 0x7f2a7c19c108
C 259
R
P 0x7f2a7c191628
C 342
R
P 0x7f2a7c191628
P 0x7f2a7c19c108
C 258
R
P 0x7f2a7c191628
C 342
R
P 0x7f2a7c191628
P 0x7f2a7c19c108
C 9
R
P 0x7f2a7c191628
C 342
R
P 0x7f2a7c191628
I 6
P 0x7f2a7c19b208
C 150
= 0x7f2a7c19c0e8
R
P 0x7f2a7c191628
C 342
R
P 0x7f2a7c191628
P 0x7f2a7c19c0e8
C 258
R
P 0x7f2a7c191628
C 342
R
P 0x7f2a7c191628
P 0x7f2a7c19c0e8
C 9
R
P 0x7f2a7c191628
C 342
R
P 0x7f2a7c191628
P 0x7f2a7c19c0e8
C 263
R
P 0x7f2a7c191628
C 342
R
P 0x7f2a7c191628
S "slot6Duration"
C 30
R
P 0x7f2a7c191628
C 342
R
P 0x7f2a7c191628
$ |slot6Duration|
C 202
R
P 0x7f2a7c191628
C 342
R
P 0x7f2a7c191628
$ |slot6Duration|
P 0x7f2a7c19b1e8
C 51
= 0x7f2a7c19c128
R
P 0x7f2a7c191628
C 342
R
P 0x7f2a7c191628
P 0x7f2a7c19c128
C 257
R
P 0x7f2a7c191628
C 342
R
P 0x7f2a7c191628
P 0x7f2a7c19c128
C 254
= 0x7f2a7c19b1e8
R
P 0x7f2a7c191628
C 342
R
P 0x7f2a7c191628
P 0x7f2a7c19b1e8
C 209
R
P 0x7f2a7c191628
C 342
R
P 0x7f2a7c191628
P 0x7f2a7c19c128
C 260
R
P 0x7f2a7c191628
C 342
R
P 0x7f2a7c191628
P 0x7f2a7c19c128
C 259
R
P 0x7f2a7c191628
C 342
R
P 0x7f2a7c191628
P 0x7f2a7c19c128
C 258
R
P 0x7f2a7c191628
C 342
R
P 0x7f2a7c191628
P 0x7f2a7c19c128
C 9
R
P 0x7f2a7c191628
C 342
R
P 0x7f2a7c191628
U 2
P 0x7f2a7c19c108
P 0x7f2a7c19c128
p 2
C 65
= 0x7f2a7c1a2348
R
P 0x7f2a7c191628
C 342
R
P 0x7f2a7c191628
P 0x7f2a7c1a2348
C 257
R
P 0x7f2a7c191628
C 342
R
P 0x7f2a7c191628
P 0x7f2a7c1a2348
C 254
= 0x7f2a7c19b1e8
R
P 0x7f2a7c191628
C 342
R
P 0x7f2a7c191628
P 0x7f2a7c19b1e8
C 209
R
P 0x7f2a7c191628
C 342
R
P 0x7f2a7c191628
P 0x7f2a7c1a2348
C 260
R
P 0x7f2a7c191628
C 342
R
P 0x7f2a7c191628
P 0x7f2a7c1a2348
C 259
R
P 0x7f2a7c191628
C 342
R
P 0x7f2a7c191628
P 0x7f2a7c1a2348
C 258
R
P 0x7f2a7c191628
C 342
R
P 0x7f2a7c191628
P 0x7f2a7c1a2348
C 9
R
P 0x7f2a7c191628
C 342
R
P 0x7f2a7c191628
P 0x7f2a7c19bf48
P 0x7f2a7c1a2348
C 74
= 0x7f2a7c1a2380
R
P 0x7f2a7c191628
C 342
R
P 0x7f2a7c191628
P 0x7f2a7c1a2380
C 258
R
P 0x7f2a7c191628
C 342
R
P 0x7f2a7c191628
P 0x7f2a7c1a2380
C 9
R
P 0x7f2a7c191628
C 342
R
P 0x7f2a7c191628
U 2
P 0x7f2a7c1a2310
P 0x7f2a7c1a2380
p 2
C 63
= 0x7f2a7c1a23b8
R
P 0x7f2a7c191628
C 342
R
P 0x7f2a7c191628
P 0x7f2a7c1a23b8
C 258
R
P 0x7f2a7c191628
C 342
R
P 0x7f2a7c191628
P 0x7f2a7c1a23b8
C 9
R
P 0x7f2a7c191628
C 342
R
P 0x7f2a7c191628
P 0x7f2a7c1a23b8
C 58
= 0x7f2a7c19dc48
R
P 0x7f2a7c191628
C 342
R
P 0x7f2a7c191628
P 0x7f2a7c19dc48
C 258
R
P 0x7f2a7c191628
C 342
R
P 0x7f2a7c191628
P 0x7f2a7c19dc48
C 9
R
P 0x7f2a7c191628
C 342
R
P 0x7f2a7c191628
P 0x7f2a7c19dbb8
P 0x7f2a7c19dc48
C 61
= 0x7f2a7c1a23f0
R
P 0x7f2a7c191628
C 342
R
P 0x7f2a7c191628
P 0x7f2a7c1a23f0
C 258
R
P 0x7f2a7c191628
C 342
R
P 0x7f2a7c191628
P 0x7f2a7c1a23f0
C 9
R
P 0x7f2a7c191628
C 342
R
P 0x7f2a7c191628
P 0x7f2a7c1e1fc8
P 0x7f2a7c1a23f0
C 427
R
P 0x7f2a7c191628
C 342
R
P 0x7f2a7c191628
I 1
P 0x7f2a7c19b208
C 150
= 0x7f2a7c19bc88
R
P 0x7f2a7c191628
C 342
R
P 0x7f2a7c191628
P 0x7f2a7c19bc88
C 258
R
P 0x7f2a7c191628
C 342
R
P 0x7f2a7c191628
P 0x7f2a7c19bc88
C 9
R
P 0x7f2a7c191628
C 342
R
P 0x7f2a7c191628
I 7
P 0x7f2a7c19b208
C 150
= 0x7f2a7c19c148
R
P 0x7f2a7c191628
C 342
R
P 0x7f2a7c191628
P 0x7f2a7c19c148
C 258
R
P 0x7f2a7c191628
C 342
R
P 0x7f2a7c191628
P 0x7f2a7c19c148
C 9
R
P 0x7f2a7c191628
C 342
R
P 0x7f2a7c191628
P 0x7f2a7c19bc88
P 0x7f2a7c19c148
C 56
= 0x7f2a7c1a2428
R
P 0x7f2a7c191628
C 342
R
P 0x7f2a7c191628
P 0x7f2a7c1a2428
C 258
R
P 0x7f2a7c191628
C 342
R
P 0x7f2a7c191628
P 0x7f2a7c1a2428
C 9
R
P 0x7f2a7c191628
C 342
R
P 0x7f2a7c191628
P 0x7f2a7c1a2428
C 58
= 0x7f2a7c19dca8
R
P 0x7f2a7c191628
C 342
R
P 0x7f2a7c191628
P 0x7f2a7c19dca8
C 258
R
P 0x7f2a7c191628
C 342
R
P 0x7f2a7c191628
P 0x7f2a7c19dca8
C 9
R
P 0x7f2a7c191628
C 342
R
P 0x7f2a7c191628
I 1
P 0x7f2a7c19b208
C 150
= 0x7f2a7c19bc88
R
P 0x7f2a7c191628
C 342
R
P 0x7f2a7c191628
P 0x7f2a7c19bc88
C 258
R
P 0x7f2a7c191628
C 342
R
P 0x7f2a7c191628
P 0x7f2a7c19bc88
C 9
R
P 0x7f2a7c191628
C 342
R
P 0x7f2a7c191628
P 0x7f2a7c19bc88
C 263
R
P 0x7f2a7c191628
C 342
R
P 0x7f2a7c191628
S "slot1Start"
C 30
R
P 0x7f2a7c191628
C 342
R
P 0x7f2a7c191628
$ |slot1Start|
C 202
R
P 0x7f2a7c191628
C 342
R
P 0x7f2a7c191628
$ |slot1Start|
P 0x7f2a7c19b1e8
C 51
= 0x7f2a7c19bf48
R
P 0x7f2a7c191628
C 342
R
P 0x7f2a7c191628
P 0x7f2a7c19bf48
C 257
R
P 0x7f2a7c191628
C 342
R
P 0x7f2a7c191628
P 0x7f2a7c19bf48
C 254
= 0x7f2a7c19b1e8
R
P 0x7f2a7c191628
C 342
R
P 0x7f2a7c191628
P 0x7f2a7c19b1e8
C 209
R
P 0x7f2a7c191628
C 342
R
P 0x7f2a7c191628
P 0x7f2a7c19bf48
C 260
R
P 0x7f2a7c191628
C 342
R
P 0x7f2a7c191628
P 0x7f2a7c19bf48
C 259
R
P 0x7f2a7c191628
C 342
R
P 0x7f2a7c191628
P 0x7f2a7c19bf48
C 258
R
P 0x7f2a7c191628
C 342
R
P 0x7f2a7c191628
P 0x7f2a7c19bf48
C 9
R
P 0x7f2a7c191628
C 342
R
P 0x7f2a7c191628
I 7
P 0x7f2a7c19b208
C 150
= 0x7f2a7c19c148
R
P 0x7f2a7c191628
C 342
R
P 0x7f2a7c191628
P 0x7f2a7c19c148
C 258
R
P 0x7f2a7c191628
C 342
R
P 0x7f2a7c191628
P 0x7f2a7c19c148
C 9
R
P 0x7f2a7c191628
C 342
R
P 0x7f2a7c191628
P 0x7f2a7c19c148
C 263
R
P 0x7f2a7c191628
C 342
R
P 0x7f2a7c191628
S "slot7Start"
C 30
R
P 0x7f2a7c191628
C 342
R
P 0x7f2a7c191628
$ |slot7Start|
C 202
R
P 0x7f2a7c191628
C 342
R
P 0x7f2a7c191628
$ |slot7Start|
P 0x7f2a7c19b1e8
C 51
= 0x7f2a7c19c168
R
P 0x7f2a7c191628
C 342
R
P 0x7f2a7c191628
P 0x7f2a7c19c168
C 257
R
P 0x7f2a7c191628
C 342
R
P 0x7f2a7c191628
P 0x7f2a7c19c168
C 254
= 0x7f2a7c19b1e8
R
P 0x7f2a7c191628
C 342
R
P 0x7f2a7c191628
P 0x7f2a7c19b1e8
C 209
R
P 0x7f2a7c191628
C 342
R
P 0x7f2a7c191628
P 0x7f2a7c19c168
C 260
R
P 0x7f2a7c191628
C 342
R
P 0x7f2a7c191628
P 0x7f2a7c19c168
C 259
R
P 0x7f2a7c191628
C 342
R
P 0x7f2a7c191628
P 0x7f2a7c19c168
C 258
R
P 0x7f2a7c191628
C 342
R
P 0x7f2a7c191628
P 0x7f2a7c19c168
C 9
R
P 0x7f2a7c191628
C 342
R
P 0x7f2a7c191628
P 0x7f2a7c19bf48
P 0x7f2a7c19c168
C 76
= 0x7f2a7c1a2460
R
P 0x7f2a7c191628
C 342
R
P 0x7f2a7c191628
P 0x7f2a7c1a2460
C 258
R
P 0x7f2a7c191628
C 342
R
P 0x7f2a7c191628
P 0x7f2a7c1a2460
C 9
R
P 0x7f2a7c191628
C 342
R
P 0x7f2a7c191628
I 1
P 0x7f2a7c19b208
C 150
= 0x7f2a7c19bc88
R
P 0x7f2a7c191628
C 342
R
P 0x7f2a7c191628
P 0x7f2a7c19bc88
C 258
R
P 0x7f2a7c191628
C 342
R
P 0x7f2a7c191628
P 0x7f2a7c19bc88
C 9
R
P 0x7f2a7c191628
C 342
R
P 0x7f2a7c191628
P 0x7f2a7c19bc88
C 263
R
P 0x7f2a7c191628
C 342
R
P 0x7f2a7c191628
S "slot1Start"
C 30
R
P 0x7f2a7c191628
C 342
R
P 0x7f2a7c191628
$ |slot1Start|
C 202
R
P 0x7f2a7c191628
C 342
R
P 0x7f2a7c191628
$ |slot1Start|
P 0x7f2a7c19b1e8
C 51
= 0x7f2a7c19bf48
R
P 0x7f2a7c191628
C 342
R
P 0x7f2a7c191628
P 0x7f2a7c19bf48
C 257
R
P 0x7f2a7c191628
C 342
R
P 0x7f2a7c191628
P 0x7f2a7c19bf48
C 254
= 0x7f2a7c19b1e8
R
P 0x7f2a7c191628
C 342
R
P 0x7f2a7c191628
P 0x7f2a7c19b1e8
C 209
R
P 0x7f2a7c191628
C 342
R
P 0x7f2a7c191628
P 0x7f2a7c19bf48
C 260
R
P 0x7f2a7c191628
C 342
R
P 0x7f2a7c191628
P 0x7f2a7c19bf48
C 259
R
P 0x7f2a7c191628
C 342
R
P 0x7f2a7c191628
P 0x7f2a7c19bf48
C 258
R
P 0x7f2a7c191628
C 342
R
P 0x7f2a7c191628
P 0x7f2a7c19bf48
C 9
R
P 0x7f2a7c191628
C 342
R
P 0x7f2a7c191628
I 7
P 0x7f2a7c19b208
C 150
= 0x7f2a7c19c148
R
P 0x7f2a7c191628
C 342
R
P 0x7f2a7c191628
P 0x7f2a7c19c148
C 258
R
P 0x7f2a7c191628
C 342
R
P 0x7f2a7c191628
P 0x7f2a7c19c148
C 9
R
P 0x7f2a7c191628
C 342
R
P 0x7f2a7c191628
P 0x7f2a7c19c148
C 263
R
P 0x7f2a7c191628
C 342
R
P 0x7f2a7c191628
S "slot7Start"
C 30
R
P 0x7f2a7c191628
C 342
R
P 0x7f2a7c191628
$ |slot7Start|
C 202
R
P 0x7f2a7c191628
C 342
R
P 0x7f2a7c191628
$ |slot7Start|
P 0x7f2a7c19b1e8
C 51
= 0x7f2a7c19c168
R
P 0x7f2a7c191628
C 342
R
P 0x7f2a7c191628
P 0x7f2a7c19c168
C 257
R
P 0x7f2a7c191628
C 342
R
P 0x7f2a7c191628
P 0x7f2a7c19c168
C 254
= 0x7f2a7c19b1e8
R
P 0x7f2a7c191628
C 342
R
P 0x7f2a7c191628
P 0x7f2a7c19b1e8
C 209
R
P 0x7f2a7c191628
C 342
R
P 0x7f2a7c191628
P 0x7f2a7c19c168
C 260
R
P 0x7f2a7c191628
C 342
R
P 0x7f2a7c191628
P 0x7f2a7c19c168
C 259
R
P 0x7f2a7c191628
C 342
R
P 0x7f2a7c191628
P 0x7f2a7c19c168
C 258
R
P 0x7f2a7c191628
C 342
R
P 0x7f2a7c191628
P 0x7f2a7c19c168
C 9
R
P 0x7f2a7c191628
C 342
R
P 0x7f2a7c191628
I 7
P 0x7f2a7c19b208
C 150
= 0x7f2a7c19c148
R
P 0x7f2a7c191628
C 342
R
P 0x7f2a7c191628
P 0x7f2a7c19c148
C 258
R
P 0x7f2a7c191628
C 342
R
P 0x7f2a7c191628
P 0x7f2a7c19c148
C 9
R
P 0x7f2a7c191628
C 342
R
P 0x7f2a7c191628
P 0x7f2a7c19c148
C 263
R
P 0x7f2a7c191628
C 342
R
P 0x7f2a7c191628
S "slot7Duration"
C 30
R
P 0x7f2a7c191628
C 342
R
P 0x7f2a7c191628
$ |slot7Duration|
C 202
R
P 0x7f2a7c191628
C 342
R
P 0x7f2a7c191628
$ |slot7Duration|
P 0x7f2a7c19b1e8
C 51
= 0x7f2a7c19c188
R
P 0x7f2a7c191628
C 342
R
P 0x7f2a7c191628
P 0x7f2a7c19c188
C 257
R
P 0x7f2a7c191628
C 342
R
P 0x7f2a7c191628
P 0x7f2a7c19c188
C 254
= 0x7f2a7c19b1e8
R
P 0x7f2a7c191628
C 342
R
P 0x7f2a7c191628
P 0x7f2a7c19b1e8
C 209
R
P 0x7f2a7c191628
C 342
R
P 0x7f2a7c191628
P 0x7f2a7c19c188
C 260
R
P 0x7f2a7c191628
C 342
R
P 0x7f2a7c191628
P 0x7f2a7c19c188
C 259
R
P 0x7f2a7c191628
C 342
R
P 0x7f2a7c191628
P 0x7f2a7c19c188
C 258
R
P 0x7f2a7c191628
C 342
R
P 0x7f2a7c191628
P 0x7f2a7c19c188
C 9
R
P 0x7f2a7c191628
C 342
R
P 0x7f2a7c191628
U 2
P 0x7f2a7c19c168
P 0x7f2a7c19c188
p 2
C 65
= 0x7f2a7c1a2498
R
P 0x7f2a7c191628
C 342
R
P 0x7f2a7c191628
P 0x7f2a7c1a2498
C 257
R
P 0x7f2a7c191628
C 342
R
P 0x7f2a7c191628
P 0x7f2a7c1a2498
C 254
= 0x7f2a7c19b1e8
R
P 0x7f2a7c191628
C 342
R
P 0x7f2a7c191628
P 0x7f2a7c19b1e8
C 209
R
P 0x7f2a7c191628
C 342
R
P 0x7f2a7c191628
P 0x7f2a7c1a2498
C 260
R
P 0x7f2a7c191628
C 342
R
P 0x7f2a7c191628
P 0x7f2a7c1a2498
C 259
R
P 0x7f2a7c191628
C 342
R
P 0x7f2a7c191628
P 0x7f2a7c1a2498
C 258
R
P 0x7f2a7c191628
C 342
R
P 0x7f2a7c191628
P 0x7f2a7c1a2498
C 9
R
P 0x7f2a7c191628
C 342
R
P 0x7f2a7c191628
P 0x7f2a7c19bf48
P 0x7f2a7c1a2498
C 74
= 0x7f2a7c1a24d0
R
P 0x7f2a7c191628
C 342
R
P 0x7f2a7c191628
P 0x7f2a7c1a24d0
C 258
R
P 0x7f2a7c191628
C 342
R
P 0x7f2a7c191628
P 0x7f2a7c1a24d0
C 9
R
P 0x7f2a7c191628
C 342
R
P 0x7f2a7c191628
U 2
P 0x7f2a7c1a2460
P 0x7f2a7c1a24d0
p 2
C 63
= 0x7f2a7c1a2508
R
P 0x7f2a7c191628
C 342
R
P 0x7f2a7c191628
P 0x7f2a7c1a2508
C 258
R
P 0x7f2a7c191628
C 342
R
P 0x7f2a7c191628
P 0x7f2a7c1a2508
C 9
R
P 0x7f2a7c191628
C 342
R
P 0x7f2a7c191628
P 0x7f2a7c1a2508
C 58
= 0x7f2a7c19dd38
R
P 0x7f2a7c191628
C 342
R
P 0x7f2a7c191628
P 0x7f2a7c19dd38
C 258
R
P 0x7f2a7c191628
C 342
R
P 0x7f2a7c191628
P 0x7f2a7c19dd38
C 9
R
P 0x7f2a7c191628
C 342
R
P 0x7f2a7c191628
P 0x7f2a7c19dca8
P 0x7f2a7c19dd38
C 61
= 0x7f2a7c1a2540
R
P 0x7f2a7c191628
C 342
R
P 0x7f2a7c191628
P 0x7f2a7c1a2540
C 258
R
P 0x7f2a7c191628
C 342
R
P 0x7f2a7c191628
P 0x7f2a7c1a2540
C 9
R
P 0x7f2a7c191628
C 342
R
P 0x7f2a7c191628
P 0x7f2a7c1e1fc8
P 0x7f2a7c1a2540
C 427
R
P 0x7f2a7c191628
C 342
R
P 0x7f2a7c191628
I 1
P 0x7f2a7c19b208
C 150
= 0x7f2a7c19bc88
R
P 0x7f2a7c191628
C 342
R
P 0x7f2a7c191628
P 0x7f2a7c19bc88
C 258
R
P 0x7f2a7c191628
C 342
R
P 0x7f2a7c191628
P 0x7f2a7c19bc88
C 9
R
P 0x7f2a7c191628
C 342
R
P 0x7f2a7c191628
I 8
P 0x7f2a7c19b208
C 150
= 0x7f2a7c19c1a8
R
P 0x7f2a7c191628
C 342
R
P 0x7f2a7c191628
P 0x7f2a7c19c1a8
C 258
R
P 0x7f2a7c191628
C 342
R
P 0x7f2a7c191628
P 0x7f2a7c19c1a8
C 9
R
P 0x7f2a7c191628
C 342
R
P 0x7f2a7c191628
P 0x7f2a7c19bc88
P 0x7f2a7c19c1a8
C 56
= 0x7f2a7c1a2578
R
P 0x7f2a7c191628
C 342
R
P 0x7f2a7c191628
P 0x7f2a7c1a2578
C 258
R
P 0x7f2a7c191628
C 342
R
P 0x7f2a7c191628
P 0x7f2a7c1a2578
C 9
R
P 0x7f2a7c191628
C 342
R
P 0x7f2a7c191628
P 0x7f2a7c1a2578
C 58
= 0x7f2a7c19dd98
R
P 0x7f2a7c191628
C 342
R
P 0x7f2a7c191628
P 0x7f2a7c19dd98
C 258
R
P 0x7f2a7c191628
C 342
R
P 0x7f2a7c191628
P 0x7f2a7c19dd98
C 9
R
P 0x7f2a7c191628
C 342
R
P 0x7f2a7c191628
I 1
P 0x7f2a7c19b208
C 150
= 0x7f2a7c19bc88
R
P 0x7f2a7c191628
C 342
R
P 0x7f2a7c191628
P 0x7f2a7c19bc88
C 258
R
P 0x7f2a7c191628
C 342
R
P 0x7f2a7c191628
P 0x7f2a7c19bc88
C 9
R
P 0x7f2a7c191628
C 342
R
P 0x7f2a7c191628
P 0x7f2a7c19bc88
C 263
R
P 0x7f2a7c191628
C 342
R
P 0x7f2a7c191628
S "slot1Start"
C 30
R
P 0x7f2a7c191628
C 342
R
P 0x7f2a7c191628
$ |slot1Start|
C 202
R
P 0x7f2a7c191628
C 342
R
P 0x7f2a7c191628
$ |slot1Start|
P 0x7f2a7c19b1e8
C 51
= 0x7f2a7c19bf48
R
P 0x7f2a7c191628
C 342
R
P 0x7f2a7c191628
P 0x7f2a7c19bf48
C 257
R
P 0x7f2a7c191628
C 342
R
P 0x7f2a7c191628
P 0x7f2a7c19bf48
C 254
= 0x7f2a7c19b1e8
R
P 0x7f2a7c191628
C 342
R
P 0x7f2a7c191628
P 0x7f2a7c19b1e8
C 209
R
P 0x7f2a7c191628
C 342
R
P 0x7f2a7c191628
P 0x7f2a7c19bf48
C 260
R
P 0x7f2a7c191628
C 342
R
P 0x7f2a7c191628
P 0x7f2a7c19bf48
C 259
R
P 0x7f2a7c191628
C 342
R
P 0x7f2a7c191628
P 0x7f2a7c19bf48
C 258
R
P 0x7f2a7c191628
C 342
R
P 0x7f2a7c191628
P 0x7f2a7c19bf48
C 9
R
P 0x7f2a7c191628
C 342
R
P 0x7f2a7c191628
I 8
P 0x7f2a7c19b208
C 150
= 0x7f2a7c19c1a8
R
P 0x7f2a7c191628
C 342
R
P 0x7f2a7c191628
P 0x7f2a7c19c1a8
C 258
R
P 0x7f2a7c191628
C 342
R
P 0x7f2a7c191628
P 0x7f2a7c19c1a8
C 9
R
P 0x7f2a7c191628
C 342
R
P 0x7f2a7c191628
P 0x7f2a7c19c1a8
C 263
R
P 0x7f2a7c191628
C 342
R
P 0x7f2a7c191628
S "slot8Start"
C 30
R
P 0x7f2a7c191628
C 342
R
P 0x7f2a7c191628
$ |slot8Start|
C 202
R
P 0x7f2a7c191628
C 342
R
P 0x7f2a7c191628
$ |slot8Start|
P 0x7f2a7c19b1e8
C 51
= 0x7f2a7c19c1c8
R
P 0x7f2a7c191628
C 342
R
P 0x7f2a7c191628
P 0x7f2a7c19c1c8
C 257
R
P 0x7f2a7c191628
C 342
R
P 0x7f2a7c191628
P 0x7f2a7c19c1c8
C 254
= 0x7f2a7c19b1e8
R
P 0x7f2a7c191628
C 342
R
P 0x7f2a7c191628
P 0x7f2a7c19b1e8
C 209
R
P 0x7f2a7c191628
C 342
R
P 0x7f2a7c191628
P 0x7f2a7c19c1c8
C 260
R
P 0x7f2a7c191628
C 342
R
P 0x7f2a7c191628
P 0x7f2a7c19c1c8
C 259
R
P 0x7f2a7c191628
C 342
R
P 0x7f2a7c191628
P 0x7f2a7c19c1c8
C 258
R
P 0x7f2a7c191628
C 342
R
P 0x7f2a7c191628
P 0x7f2a7c19c1c8
C 9
R
P 0x7f2a7c191628
C 342
R
P 0x7f2a7c191628
P 0x7f2a7c19bf48
P 0x7f2a7c19c1c8
C 76
= 0x7f2a7c1a25b0
R
P 0x7f2a7c191628
C 342
R
P 0x7f2a7c191628
P 0x7f2a7c1a25b0
C 258
R
P 0x7f2a7c191628
C 342
R
P 0x7f2a7c191628
P 0x7f2a7c1a25b0
C 9
R
P 0x7f2a7c191628
C 342
R
P 0x7f2a7c191628
I 1
P 0x7f2a7c19b208
C 150
= 0x7f2a7c19bc88
R
P 0x7f2a7c191628
C 342
R
P 0x7f2a7c191628
P 0x7f2a7c19bc88
C 258
R
P 0x7f2a7c191628
C 342
R
P 0x7f2a7c191628
P 0x7f2a7c19bc88
C 9
R
P 0x7f2a7c191628
C 342
R
P 0x7f2a7c191628
P 0x7f2a7c19bc88
C 263
R
P 0x7f2a7c191628
C 342
R
P 0x7f2a7c191628
S "slot1Start"
C 30
R
P 0x7f2a7c191628
C 342
R
P 0x7f2a7c191628
$ |slot1Start|
C 202
R
P 0x7f2a7c191628
C 342
R
P 0x7f2a7c191628
$ |slot1Start|
P 0x7f2a7c19b1e8
C 51
= 0x7f2a7c19bf48
R
P 0x7f2a7c191628
C 342
R
P 0x7f2a7c191628
P 0x7f2a7c19bf48
C 257
R
P 0x7f2a7c191628
C 342
R
P 0x7f2a7c191628
P 0x7f2a7c19bf48
C 254
= 0x7f2a7c19b1e8
R
P 0x7f2a7c191628
C 342
R
P 0x7f2a7c191628
P 0x7f2a7c19b1e8
C 209
R
P 0x7f2a7c191628
C 342
R
P 0x7f2a7c191628
P 0x7f2a7c19bf48
C 260
R
P 0x7f2a7c191628
C 342
R
P 0x7f2a7c191628
P 0x7f2a7c19bf48
C 259
R
P 0x7f2a7c191628
C 342
R
P 0x7f2a7c191628
P 0x7f2a7c19bf48
C 258
R
P 0x7f2a7c191628
C 342
R
P 0x7f2a7c191628
P 0x7f2a7c19bf48
C 9
R
P 0x7f2a7c191628
C 342
R
P 0x7f2a7c191628
I 8
P 0x7f2a7c19b208
C 150
= 0x7f2a7c19c1a8
R
P 0x7f2a7c191628
C 342
R
P 0x7f2a7c191628
P 0x7f2a7c19c1a8
C 258
R
P 0x7f2a7c191628
C 342
R
P 0x7f2a7c191628
P 0x7f2a7c19c1a8
C 9
R
P 0x7f2a7c191628
C 342
R
P 0x7f2a7c191628
P 0x7f2a7c19c1a8
C 263
R
P 0x7f2a7c191628
C 342
R
P 0x7f2a7c191628
S "slot8Start"
C 30
R
P 0x7f2a7c191628
C 342
R
P 0x7f2a7c191628
$ |slot8Start|
C 202
R
P 0x7f2a7c191628
C 342
R
P 0x7f2a7c191628
$ |slot8Start|
P 0x7f2a7c19b1e8
C 51
= 0x7f2a7c19c1c8
R
P 0x7f2a7c191628
C 342
R
P 0x7f2a7c191628
P 0x7f2a7c19c1c8
C 257
R
P 0x7f2a7c191628
C 342
R
P 0x7f2a7c191628
P 0x7f2a7c19c1c8
C 254
= 0x7f2a7c19b1e8
R
P 0x7f2a7c191628
C 342
R
P 0x7f2a7c191628
P 0x7f2a7c19b1e8
C 209
R
P 0x7f2a7c191628
C 342
R
P 0x7f2a7c191628
P 0x7f2a7c19c1c8
C 260
R
P 0x7f2a7c191628
C 342
R
P 0x7f2a7c191628
P 0x7f2a7c19c1c8
C 259
R
P 0x7f2a7c191628
C 342
R
P 0x7f2a7c191628
P 0x7f2a7c19c1c8
C 258
R
P 0x7f2a7c191628
C 342
R
P 0x7f2a7c191628
P 0x7f2a7c19c1c8
C 9
R
P 0x7f2a7c191628
C 342
R
P 0x7f2a7c191628
I 8
P 0x7f2a7c19b208
C 150
= 0x7f2a7c19c1a8
R
P 0x7f2a7c191628
C 342
R
P 0x7f2a7c191628
P 0x7f2a7c19c1a8
C 258
R
P 0x7f2a7c191628
C 342
R
P 0x7f2a7c191628
P 0x7f2a7c19c1a8
C 9
R
P 0x7f2a7c191628
C 342
R
P 0x7f2a7c191628
P 0x7f2a7c19c1a8
C 263
R
P 0x7f2a7c191628
C 342
R
P 0x7f2a7c191628
S "slot8Duration"
C 30
R
P 0x7f2a7c191628
C 342
R
P 0x7f2a7c191628
$ |slot8Duration|
C 202
R
P 0x7f2a7c191628
C 342
R
P 0x7f2a7c191628
$ |slot8Duration|
P 0x7f2a7c19b1e8
C 51
= 0x7f2a7c19c1e8
R
P 0x7f2a7c191628
C 342
R
P 0x7f2a7c191628
P 0x7f2a7c19c1e8
C 257
R
P 0x7f2a7c191628
C 342
R
P 0x7f2a7c191628
P 0x7f2a7c19c1e8
C 254
= 0x7f2a7c19b1e8
R
P 0x7f2a7c191628
C 342
R
P 0x7f2a7c191628
P 0x7f2a7c19b1e8
C 209
R
P 0x7f2a7c191628
C 342
R
P 0x7f2a7c191628
P 0x7f2a7c19c1e8
C 260
R
P 0x7f2a7c191628
C 342
R
P 0x7f2a7c191628
P 0x7f2a7c19c1e8
C 259
R
P 0x7f2a7c191628
C 342
R
P 0x7f2a7c191628
P 0x7f2a7c19c1e8
C 258
R
P 0x7f2a7c191628
C 342
R
P 0x7f2a7c191628
P 0x7f2a7c19c1e8
C 9
R
P 0x7f2a7c191628
C 342
R
P 0x7f2a7c191628
U 2
P 0x7f2a7c19c1c8
P 0x7f2a7c19c1e8
p 2
C 65
= 0x7f2a7c1a25e8
R
P 0x7f2a7c191628
C 342
R
P 0x7f2a7c191628
P 0x7f2a7c1a25e8
C 257
R
P 0x7f2a7c191628
C 342
R
P 0x7f2a7c191628
P 0x7f2a7c1a25e8
C 254
= 0x7f2a7c19b1e8
R
P 0x7f2a7c191628
C 342
R
P 0x7f2a7c191628
P 0x7f2a7c19b1e8
C 209
R
P 0x7f2a7c191628
C 342
R
P 0x7f2a7c191628
P 0x7f2a7c1a25e8
C 260
R
P 0x7f2a7c191628
C 342
R
P 0x7f2a7c191628
P 0x7f2a7c1a25e8
C 259
R
P 0x7f2a7c191628
C 342
R
P 0x7f2a7c191628
P 0x7f2a7c1a25e8
C 258
R
P 0x7f2a7c191628
C 342
R
P 0x7f2a7c191628
P 0x7f2a7c1a25e8
C 9
R
P 0x7f2a7c191628
C 342
R
P 0x7f2a7c191628
P 0x7f2a7c19bf48
P 0x7f2a7c1a25e8
C 74
= 0x7f2a7c1a2620
R
P 0x7f2a7c191628
C 342
R
P 0x7f2a7c191628
P 0x7f2a7c1a2620
C 258
R
P 0x7f2a7c191628
C 342
R
P 0x7f2a7c191628
P 0x7f2a7c1a2620
C 9
R
P 0x7f2a7c191628
C 342
R
P 0x7f2a7c191628
U 2
P 0x7f2a7c1a25b0
P 0x7f2a7c1a2620
p 2
C 63
= 0x7f2a7c1a2658
R
P 0x7f2a7c191628
C 342
R
P 0x7f2a7c191628
P 0x7f2a7c1a2658
C 258
R
P 0x7f2a7c191628
C 342
R
P 0x7f2a7c191628
P 0x7f2a7c1a2658
C 9
R
P 0x7f2a7c191628
C 342
R
P 0x7f2a7c191628
P 0x7f2a7c1a2658
C 58
= 0x7f2a7c19de28
R
P 0x7f2a7c191628
C 342
R
P 0x7f2a7c191628
P 0x7f2a7c19de28
C 258
R
P 0x7f2a7c191628
C 342
R
P 0x7f2a7c191628
P 0x7f2a7c19de28
C 9
R
P 0x7f2a7c191628
C 342
R
P 0x7f2a7c191628
P 0x7f2a7c19dd98
P 0x7f2a7c19de28
C 61
= 0x7f2a7c1a2690
R
P 0x7f2a7c191628
C 342
R
P 0x7f2a7c191628
P 0x7f2a7c1a2690
C 258
R
P 0x7f2a7c191628
C 342
R
P 0x7f2a7c191628
P 0x7f2a7c1a2690
C 9
R
P 0x7f2a7c191628
C 342
R
P 0x7f2a7c191628
P 0x7f2a7c1e1fc8
P 0x7f2a7c1a2690
C 427
R
P 0x7f2a7c191628
C 342
R
P 0x7f2a7c191628
I 1
P 0x7f2a7c19b208
C 150
= 0x7f2a7c19bc88
R
P 0x7f2a7c191628
C 342
R
P 0x7f2a7c191628
P 0x7f2a7c19bc88
C 258
R
P 0x7f2a7c191628
C 342
R
P 0x7f2a7c191628
P 0x7f2a7c19bc88
C 9
R
P 0x7f2a7c191628
C 342
R
P 0x7f2a7c191628
I 1
P 0x7f2a7c19b208
C 150
= 0x7f2a7c19bc88
R
P 0x7f2a7c191628
C 342
R
P 0x7f2a7c191628
P 0x7f2a7c19bc88
C 258
R
P 0x7f2a7c191628
C 342
R
P 0x7f2a7c191628
P 0x7f2a7c19bc88
C 9
R
P 0x7f2a7c191628
C 342
R
P 0x7f2a7c191628
P 0x7f2a7c19bc88
P 0x7f2a7c19bc88
C 56
= 0x7f2a7c1a1c48
R
P 0x7f2a7c191628
C 342
R
P 0x7f2a7c191628
P 0x7f2a7c1a1c48
C 258
R
P 0x7f2a7c191628
C 342
R
P 0x7f2a7c191628
P 0x7f2a7c1a1c48
C 9
R
P 0x7f2a7c191628
C 342
R
P 0x7f2a7c191628
P 0x7f2a7c1a1c48
C 58
= 0x7f2a7c19d798
R
P 0x7f2a7c191628
C 342
R
P 0x7f2a7c191628
P 0x7f2a7c19d798
C 258
R
P 0x7f2a7c191628
C 342
R
P 0x7f2a7c191628
P 0x7f2a7c19d798
C 9
R
P 0x7f2a7c191628
C 342
R
P 0x7f2a7c191628
I 1
P 0x7f2a7c19b208
C 150
= 0x7f2a7c19bc88
R
P 0x7f2a7c191628
C 342
R
P 0x7f2a7c191628
P 0x7f2a7c19bc88
C 258
R
P 0x7f2a7c191628
C 342
R
P 0x7f2a7c191628
P 0x7f2a7c19bc88
C 9
R
P 0x7f2a7c191628
C 342
R
P 0x7f2a7c191628
P 0x7f2a7c19bc88
C 263
R
P 0x7f2a7c191628
C 342
R
P 0x7f2a7c191628
S "slot1Start"
C 30
R
P 0x7f2a7c191628
C 342
R
P 0x7f2a7c191628
$ |slot1Start|
C 202
R
P 0x7f2a7c191628
C 342
R
P 0x7f2a7c191628
$ |slot1Start|
P 0x7f2a7c19b1e8
C 51
= 0x7f2a7c19bf48
R
P 0x7f2a7c191628
C 342
R
P 0x7f2a7c191628
P 0x7f2a7c19bf48
C 257
R
P 0x7f2a7c191628
C 342
R
P 0x7f2a7c191628
P 0x7f2a7c19bf48
C 254
= 0x7f2a7c19b1e8
R
P 0x7f2a7c191628
C 342
R
P 0x7f2a7c191628
P 0x7f2a7c19b1e8
C 209
R
P 0x7f2a7c191628
C 342
R
P 0x7f2a7c191628
P 0x7f2a7c19bf48
C 260
R
P 0x7f2a7c191628
C 342
R
P 0x7f2a7c191628
P 0x7f2a7c19bf48
C 259
R
P 0x7f2a7c191628
C 342
R
P 0x7f2a7c191628
P 0x7f2a7c19bf48
C 258
R
P 0x7f2a7c191628
C 342
R
P 0x7f2a7c191628
P 0x7f2a7c19bf48
C 9
R
P 0x7f2a7c191628
C 342
R
P 0x7f2a7c191628
I 1
P 0x7f2a7c19b208
C 150
= 0x7f2a7c19bc88
R
P 0x7f2a7c191628
C 342
R
P 0x7f2a7c191628
P 0x7f2a7c19bc88
C 258
R
P 0x7f2a7c191628
C 342
R
P 0x7f2a7c191628
P 0x7f2a7c19bc88
C 9
R
P 0x7f2a7c191628
C 342
R
P 0x7f2a7c191628
P 0x7f2a7c19bc88
C 263
R
P 0x7f2a7c191628
C 342
R
P 0x7f2a7c191628
S "slot1Start"
C 30
R
P 0x7f2a7c191628
C 342
R
P 0x7f2a7c191628
$ |slot1Start|
C 202
R
P 0x7f2a7c191628
C 342
R
P 0x7f2a7c191628
$ |slot1Start|
P 0x7f2a7c19b1e8
C 51
= 0x7f2a7c19bf48
R
P 0x7f2a7c191628
C 342
R
P 0x7f2a7c191628
P 0x7f2a7c19bf48
C 257
R
P 0x7f2a7c191628
C 342
R
P 0x7f2a7c191628
P 0x7f2a7c19bf48
C 254
= 0x7f2a7c19b1e8
R
P 0x7f2a7c191628
C 342
R
P 0x7f2a7c191628
P 0x7f2a7c19b1e8
C 209
R
P 0x7f2a7c191628
C 342
R
P 0x7f2a7c191628
P 0x7f2a7c19bf48
C 260
R
P 0x7f2a7c191628
C 342
R
P 0x7f2a7c191628
P 0x7f2a7c19bf48
C 259
R
P 0x7f2a7c191628
C 342
R
P 0x7f2a7c191628
P 0x7f2a7c19bf48
C 258
R
P 0x7f2a7c191628
C 342
R
P 0x7f2a7c191628
P 0x7f2a7c19bf48
C 9
R
P 0x7f2a7c191628
C 342
R
P 0x7f2a7c191628
I 1
P 0x7f2a7c19b208
C 150
= 0x7f2a7c19bc88
R
P 0x7f2a7c191628
C 342
R
P 0x7f2a7c191628
P 0x7f2a7c19bc88
C 258
R
P 0x7f2a7c191628
C 342
R
P 0x7f2a7c191628
P 0x7f2a7c19bc88
C 9
R
P 0x7f2a7c191628
C 342
R
P 0x7f2a7c191628
P 0x7f2a7c19bc88
C 263
R
P 0x7f2a7c191628
C 342
R
P 0x7f2a7c191628
S "slot1Duration"
C 30
R
P 0x7f2a7c191628
C 342
R
P 0x7f2a7c191628
$ |slot1Duration|
C 202
R
P 0x7f2a7c191628
C 342
R
P 0x7f2a7c191628
$ |slot1Duration|
P 0x7f2a7c19b1e8
C 51
= 0x7f2a7c19bf68
R
P 0x7f2a7c191628
C 342
R
P 0x7f2a7c191628
P 0x7f2a7c19bf68
C 257
R
P 0x7f2a7c191628
C 342
R
P 0x7f2a7c191628
P 0x7f2a7c19bf68
C 254
= 0x7f2a7c19b1e8
R
P 0x7f2a7c191628
C 342
R
P 0x7f2a7c191628
P 0x7f2a7c19b1e8
C 209
R
P 0x7f2a7c191628
C 342
R
P 0x7f2a7c191628
P 0x7f2a7c19bf68
C 260
R
P 0x7f2a7c191628
C 342
R
P 0x7f2a7c191628
P 0x7f2a7c19bf68
C 259
R
P 0x7f2a7c191628
C 342
R
P 0x7f2a7c191628
P 0x7f2a7c19bf68
C 258
R
P 0x7f2a7c191628
C 342
R
P 0x7f2a7c191628
P 0x7f2a7c19bf68
C 9
R
P 0x7f2a7c191628
C 342
R
P 0x7f2a7c191628
U 2
P 0x7f2a7c19bf48
P 0x7f2a7c19bf68
p 2
C 65
= 0x7f2a7c1a1cb8
R
P 0x7f2a7c191628
C 342
R
P 0x7f2a7c191628
P 0x7f2a7c1a1cb8
C 257
R
P 0x7f2a7c191628
C 342
R
P 0x7f2a7c191628
P 0x7f2a7c1a1cb8
C 254
= 0x7f2a7c19b1e8
R
P 0x7f2a7c191628
C 342
R
P 0x7f2a7c191628
P 0x7f2a7c19b1e8
C 209
R
P 0x7f2a7c191628
C 342
R
P 0x7f2a7c191628
P 0x7f2a7c1a1cb8
C 260
R
P 0x7f2a7c191628
C 342
R
P 0x7f2a7c191628
P 0x7f2a7c1a1cb8
C 259
R
P 0x7f2a7c191628
C 342
R
P 0x7f2a7c191628
P 0x7f2a7c1a1cb8
C 258
R
P 0x7f2a7c191628
C 342
R
P 0x7f2a7c191628
P 0x7f2a7c1a1cb8
C 9
R
P 0x7f2a7c191628
C 342
R
P 0x7f2a7c191628
P 0x7f2a7c19bf48
P 0x7f2a7c1a1cb8
C 74
= 0x7f2a7c1a1cf0
R
P 0x7f2a7c191628
C 342
R
P 0x7f2a7c191628
P 0x7f2a7c1a1cf0
C 258
R
P 0x7f2a7c191628
C 342
R
P 0x7f2a7c191628
P 0x7f2a7c1a1cf0
C 9
R
P 0x7f2a7c191628
C 342
R
P 0x7f2a7c191628
I 1
P 0x7f2a7c19b208
C 150
= 0x7f2a7c19bc88
R
P 0x7f2a7c191628
C 342
R
P 0x7f2a7c191628
P 0x7f2a7c19bc88
C 258
R
P 0x7f2a7c191628
C 342
R
P 0x7f2a7c191628
P 0x7f2a7c19bc88
C 9
R
P 0x7f2a7c191628
C 342
R
P 0x7f2a7c191628
P 0x7f2a7c19bc88
C 263
R
P 0x7f2a7c191628
C 342
R
P 0x7f2a7c191628
S "slot1Start"
C 30
R
P 0x7f2a7c191628
C 342
R
P 0x7f2a7c191628
$ |slot1Start|
C 202
R
P 0x7f2a7c191628
C 342
R
P 0x7f2a7c191628
$ |slot1Start|
P 0x7f2a7c19b1e8
C 51
= 0x7f2a7c19bf48
R
P 0x7f2a7c191628
C 342
R
P 0x7f2a7c191628
P 0x7f2a7c19bf48
C 257
R
P 0x7f2a7c191628
C 342
R
P 0x7f2a7c191628
P 0x7f2a7c19bf48
C 254
= 0x7f2a7c19b1e8
R
P 0x7f2a7c191628
C 342
R
P 0x7f2a7c191628
P 0x7f2a7c19b1e8
C 209
R
P 0x7f2a7c191628
C 342
R
P 0x7f2a7c191628
P 0x7f2a7c19bf48
C 260
R
P 0x7f2a7c191628
C 342
R
P 0x7f2a7c191628
P 0x7f2a7c19bf48
C 259
R
P 0x7f2a7c191628
C 342
R
P 0x7f2a7c191628
P 0x7f2a7c19bf48
C 258
R
P 0x7f2a7c191628
C 342
R
P 0x7f2a7c191628
P 0x7f2a7c19bf48
C 9
R
P 0x7f2a7c191628
C 342
R
P 0x7f2a7c191628
I 1
P 0x7f2a7c19b208
C 150
= 0x7f2a7c19bc88
R
P 0x7f2a7c191628
C 342
R
P 0x7f2a7c191628
P 0x7f2a7c19bc88
C 258
R
P 0x7f2a7c191628
C 342
R
P 0x7f2a7c191628
P 0x7f2a7c19bc88
C 9
R
P 0x7f2a7c191628
C 342
R
P 0x7f2a7c191628
P 0x7f2a7c19bc88
C 263
R
P 0x7f2a7c191628
C 342
R
P 0x7f2a7c191628
S "slot1Duration"
C 30
R
P 0x7f2a7c191628
C 342
R
P 0x7f2a7c191628
$ |slot1Duration|
C 202
R
P 0x7f2a7c191628
C 342
R
P 0x7f2a7c191628
$ |slot1Duration|
P 0x7f2a7c19b1e8
C 51
= 0x7f2a7c19bf68
R
P 0x7f2a7c191628
C 342
R
P 0x7f2a7c191628
P 0x7f2a7c19bf68
C 257
R
P 0x7f2a7c191628
C 342
R
P 0x7f2a7c191628
P 0x7f2a7c19bf68
C 254
= 0x7f2a7c19b1e8
R
P 0x7f2a7c191628
C 342
R
P 0x7f2a7c191628
P 0x7f2a7c19b1e8
C 209
R
P 0x7f2a7c191628
C 342
R
P 0x7f2a7c191628
P 0x7f2a7c19bf68
C 260
R
P 0x7f2a7c191628
C 342
R
P 0x7f2a7c191628
P 0x7f2a7c19bf68
C 259
R
P 0x7f2a7c191628
C 342
R
P 0x7f2a7c191628
P 0x7f2a7c19bf68
C 258
R
P 0x7f2a7c191628
C 342
R
P 0x7f2a7c191628
P 0x7f2a7c19bf68
C 9
R
P 0x7f2a7c191628
C 342
R
P 0x7f2a7c191628
U 2
P 0x7f2a7c19bf48
P 0x7f2a7c19bf68
p 2
C 65
= 0x7f2a7c1a1cb8
R
P 0x7f2a7c191628
C 342
R
P 0x7f2a7c191628
P 0x7f2a7c1a1cb8
C 257
R
P 0x7f2a7c191628
C 342
R
P 0x7f2a7c191628
P 0x7f2a7c1a1cb8
C 254
= 0x7f2a7c19b1e8
R
P 0x7f2a7c191628
C 342
R
P 0x7f2a7c191628
P 0x7f2a7c19b1e8
C 209
R
P 0x7f2a7c191628
C 342
R
P 0x7f2a7c191628
P 0x7f2a7c1a1cb8
C 260
R
P 0x7f2a7c191628
C 342
R
P 0x7f2a7c191628
P 0x7f2a7c1a1cb8
C 259
R
P 0x7f2a7c191628
C 342
R
P 0x7f2a7c191628
P 0x7f2a7c1a1cb8
C 258
R
P 0x7f2a7c191628
C 342
R
P 0x7f2a7c191628
P 0x7f2a7c1a1cb8
C 9
R
P 0x7f2a7c191628
C 342
R
P 0x7f2a7c191628
I 1
P 0x7f2a7c19b208
C 150
= 0x7f2a7c19bc88
R
P 0x7f2a7c191628
C 342
R
P 0x7f2a7c191628
P 0x7f2a7c19bc88
C 258
R
P 0x7f2a7c191628
C 342
R
P 0x7f2a7c191628
P 0x7f2a7c19bc88
C 9
R
P 0x7f2a7c191628
C 342
R
P 0x7f2a7c191628
P 0x7f2a7c19bc88
C 263
R
P 0x7f2a7c191628
C 342
R
P 0x7f2a7c191628
S "slot1Start"
C 30
R
P 0x7f2a7c191628
C 342
R
P 0x7f2a7c191628
$ |slot1Start|
C 202
R
P 0x7f2a7c191628
C 342
R
P 0x7f2a7c191628
$ |slot1Start|
P 0x7f2a7c19b1e8
C 51
= 0x7f2a7c19bf48
R
P 0x7f2a7c191628
C 342
R
P 0x7f2a7c191628
P 0x7f2a7c19bf48
C 257
R
P 0x7f2a7c191628
C 342
R
P 0x7f2a7c191628
P 0x7f2a7c19bf48
C 254
= 0x7f2a7c19b1e8
R
P 0x7f2a7c191628
C 342
R
P 0x7f2a7c191628
P 0x7f2a7c19b1e8
C 209
R
P 0x7f2a7c191628
C 342
R
P 0x7f2a7c191628
P 0x7f2a7c19bf48
C 260
R
P 0x7f2a7c191628
C 342
R
P 0x7f2a7c191628
P 0x7f2a7c19bf48
C 259
R
P 0x7f2a7c191628
C 342
R
P 0x7f2a7c191628
P 0x7f2a7c19bf48
C 258
R
P 0x7f2a7c191628
C 342
R
P 0x7f2a7c191628
P 0x7f2a7c19bf48
C 9
R
P 0x7f2a7c191628
C 342
R
P 0x7f2a7c191628
I 1
P 0x7f2a7c19b208
C 150
= 0x7f2a7c19bc88
R
P 0x7f2a7c191628
C 342
R
P 0x7f2a7c191628
P 0x7f2a7c19bc88
C 258
R
P 0x7f2a7c191628
C 342
R
P 0x7f2a7c191628
P 0x7f2a7c19bc88
C 9
R
P 0x7f2a7c191628
C 342
R
P 0x7f2a7c191628
P 0x7f2a7c19bc88
C 263
R
P 0x7f2a7c191628
C 342
R
P 0x7f2a7c191628
S "slot1Duration"
C 30
R
P 0x7f2a7c191628
C 342
R
P 0x7f2a7c191628
$ |slot1Duration|
C 202
R
P 0x7f2a7c191628
C 342
R
P 0x7f2a7c191628
$ |slot1Duration|
P 0x7f2a7c19b1e8
C 51
= 0x7f2a7c19bf68
R
P 0x7f2a7c191628
C 342
R
P 0x7f2a7c191628
P 0x7f2a7c19bf68
C 257
R
P 0x7f2a7c191628
C 342
R
P 0x7f2a7c191628
P 0x7f2a7c19bf68
C 254
= 0x7f2a7c19b1e8
R
P 0x7f2a7c191628
C 342
R
P 0x7f2a7c191628
P 0x7f2a7c19b1e8
C 209
R
P 0x7f2a7c191628
C 342
R
P 0x7f2a7c191628
P 0x7f2a7c19bf68
C 260
R
P 0x7f2a7c191628
C 342
R
P 0x7f2a7c191628
P 0x7f2a7c19bf68
C 259
R
P 0x7f2a7c191628
C 342
R
P 0x7f2a7c191628
P 0x7f2a7c19bf68
C 258
R
P 0x7f2a7c191628
C 342
R
P 0x7f2a7c191628
P 0x7f2a7c19bf68
C 9
R
P 0x7f2a7c191628
C 342
R
P 0x7f2a7c191628
U 2
P 0x7f2a7c19bf48
P 0x7f2a7c19bf68
p 2
C 65
= 0x7f2a7c1a1cb8
R
P 0x7f2a7c191628
C 342
R
P 0x7f2a7c191628
P 0x7f2a7c1a1cb8
C 257
R
P 0x7f2a7c191628
C 342
R
P 0x7f2a7c191628
P 0x7f2a7c1a1cb8
C 254
= 0x7f2a7c19b1e8
R
P 0x7f2a7c191628
C 342
R
P 0x7f2a7c191628
P 0x7f2a7c19b1e8
C 209
R
P 0x7f2a7c191628
C 342
R
P 0x7f2a7c191628
P 0x7f2a7c1a1cb8
C 260
R
P 0x7f2a7c191628
C 342
R
P 0x7f2a7c191628
P 0x7f2a7c1a1cb8
C 259
R
P 0x7f2a7c191628
C 342
R
P 0x7f2a7c191628
P 0x7f2a7c1a1cb8
C 258
R
P 0x7f2a7c191628
C 342
R
P 0x7f2a7c191628
P 0x7f2a7c1a1cb8
C 9
R
P 0x7f2a7c191628
C 342
R
P 0x7f2a7c191628
P 0x7f2a7c1a1cb8
P 0x7f2a7c1a1cb8
C 74
= 0x7f2a7c1a26c8
R
P 0x7f2a7c191628
C 342
R
P 0x7f2a7c191628
P 0x7f2a7c1a26c8
C 258
R
P 0x7f2a7c191628
C 342
R
P 0x7f2a7c191628
P 0x7f2a7c1a26c8
C 9
R
P 0x7f2a7c191628
C 342
R
P 0x7f2a7c191628
U 2
P 0x7f2a7c1a1cf0
P 0x7f2a7c1a26c8
p 2
C 63
= 0x7f2a7c1a2700
R
P 0x7f2a7c191628
C 342
R
P 0x7f2a7c191628
P 0x7f2a7c1a2700
C 258
R
P 0x7f2a7c191628
C 342
R
P 0x7f2a7c191628
P 0x7f2a7c1a2700
C 9
R
P 0x7f2a7c191628
C 342
R
P 0x7f2a7c191628
P 0x7f2a7c1a2700
C 58
= 0x7f2a7c19de58
R
P 0x7f2a7c191628
C 342
R
P 0x7f2a7c191628
P 0x7f2a7c19de58
C 258
R
P 0x7f2a7c191628
C 342
R
P 0x7f2a7c191628
P 0x7f2a7c19de58
C 9
R
P 0x7f2a7c191628
C 342
R
P 0x7f2a7c191628
P 0x7f2a7c19d798
P 0x7f2a7c19de58
C 61
= 0x7f2a7c1a2738
R
P 0x7f2a7c191628
C 342
R
P 0x7f2a7c191628
P 0x7f2a7c1a2738
C 258
R
P 0x7f2a7c191628
C 342
R
P 0x7f2a7c191628
P 0x7f2a7c1a2738
C 9
R
P 0x7f2a7c191628
C 342
R
P 0x7f2a7c191628
P 0x7f2a7c1e1fc8
P 0x7f2a7c1a2738
C 427
R
P 0x7f2a7c191628
C 342
R
P 0x7f2a7c191628
I 1
P 0x7f2a7c19b208
C 150
= 0x7f2a7c19bc88
R
P 0x7f2a7c191628
C 342
R
P 0x7f2a7c191628
P 0x7f2a7c19bc88
C 258
R
P 0x7f2a7c191628
C 342
R
P 0x7f2a7c191628
P 0x7f2a7c19bc88
C 9
R
P 0x7f2a7c191628
C 342
R
P 0x7f2a7c191628
I 2
P 0x7f2a7c19b208
C 150
= 0x7f2a7c19bcc8
R
P 0x7f2a7c191628
C 342
R
P 0x7f2a7c191628
P 0x7f2a7c19bcc8
C 258
R
P 0x7f2a7c191628
C 342
R
P 0x7f2a7c191628
P 0x7f2a7c19bcc8
C 9
R
P 0x7f2a7c191628
C 342
R
P 0x7f2a7c191628
P 0x7f2a7c19bc88
P 0x7f2a7c19bcc8
C 56
= 0x7f2a7c1a1d98
R
P 0x7f2a7c191628
C 342
R
P 0x7f2a7c191628
P 0x7f2a7c1a1d98
C 258
R
P 0x7f2a7c191628
C 342
R
P 0x7f2a7c191628
P 0x7f2a7c1a1d98
C 9
R
P 0x7f2a7c191628
C 342
R
P 0x7f2a7c191628
P 0x7f2a7c1a1d98
C 58
= 0x7f2a7c19d7f8
R
P 0x7f2a7c191628
C 342
R
P 0x7f2a7c191628
P 0x7f2a7c19d7f8
C 258
R
P 0x7f2a7c191628
C 342
R
P 0x7f2a7c191628
P 0x7f2a7c19d7f8
C 9
R
P 0x7f2a7c191628
C 342
R
P 0x7f2a7c191628
I 2
P 0x7f2a7c19b208
C 150
= 0x7f2a7c19bcc8
R
P 0x7f2a7c191628
C 342
R
P 0x7f2a7c191628
P 0x7f2a7c19bcc8
C 258
R
P 0x7f2a7c191628
C 342
R
P 0x7f2a7c191628
P 0x7f2a7c19bcc8
C 9
R
P 0x7f2a7c191628
C 342
R
P 0x7f2a7c191628
P 0x7f2a7c19bcc8
C 263
R
P 0x7f2a7c191628
C 342
R
P 0x7f2a7c191628
S "slot2Start"
C 30
R
P 0x7f2a7c191628
C 342
R
P 0x7f2a7c191628
$ |slot2Start|
C 202
R
P 0x7f2a7c191628
C 342
R
P 0x7f2a7c191628
$ |slot2Start|
P 0x7f2a7c19b1e8
C 51
= 0x7f2a7c19bf88
R
P 0x7f2a7c191628
C 342
R
P 0x7f2a7c191628
P 0x7f2a7c19bf88
C 257
R
P 0x7f2a7c191628
C 342
R
P 0x7f2a7c191628
P 0x7f2a7c19bf88
C 254
= 0x7f2a7c19b1e8
R
P 0x7f2a7c191628
C 342
R
P 0x7f2a7c191628
P 0x7f2a7c19b1e8
C 209
R
P 0x7f2a7c191628
C 342
R
P 0x7f2a7c191628
P 0x7f2a7c19bf88
C 260
R
P 0x7f2a7c191628
C 342
R
P 0x7f2a7c191628
P 0x7f2a7c19bf88
C 259
R
P 0x7f2a7c191628
C 342
R
P 0x7f2a7c191628
P 0x7f2a7c19bf88
C 258
R
P 0x7f2a7c191628
C 342
R
P 0x7f2a7c191628
P 0x7f2a7c19bf88
C 9
R
P 0x7f2a7c191628
C 342
R
P 0x7f2a7c191628
I 1
P 0x7f2a7c19b208
C 150
= 0x7f2a7c19bc88
R
P 0x7f2a7c191628
C 342
R
P 0x7f2a7c191628
P 0x7f2a7c19bc88
C 258
R
P 0x7f2a7c191628
C 342
R
P 0x7f2a7c191628
P 0x7f2a7c19bc88
C 9
R
P 0x7f2a7c191628
C 342
R
P 0x7f2a7c191628
P 0x7f2a7c19bc88
C 263
R
P 0x7f2a7c191628
C 342
R
P 0x7f2a7c191628
S "slot1Start"
C 30
R
P 0x7f2a7c191628
C 342
R
P 0x7f2a7c191628
$ |slot1Start|
C 202
R
P 0x7f2a7c191628
C 342
R
P 0x7f2a7c191628
$ |slot1Start|
P 0x7f2a7c19b1e8
C 51
= 0x7f2a7c19bf48
R
P 0x7f2a7c191628
C 342
R
P 0x7f2a7c191628
P 0x7f2a7c19bf48
C 257
R
P 0x7f2a7c191628
C 342
R
P 0x7f2a7c191628
P 0x7f2a7c19bf48
C 254
= 0x7f2a7c19b1e8
R
P 0x7f2a7c191628
C 342
R
P 0x7f2a7c191628
P 0x7f2a7c19b1e8
C 209
R
P 0x7f2a7c191628
C 342
R
P 0x7f2a7c191628
P 0x7f2a7c19bf48
C 260
R
P 0x7f2a7c191628
C 342
R
P 0x7f2a7c191628
P 0x7f2a7c19bf48
C 259
R
P 0x7f2a7c191628
C 342
R
P 0x7f2a7c191628
P 0x7f2a7c19bf48
C 258
R
P 0x7f2a7c191628
C 342
R
P 0x7f2a7c191628
P 0x7f2a7c19bf48
C 9
R
P 0x7f2a7c191628
C 342
R
P 0x7f2a7c191628
I 1
P 0x7f2a7c19b208
C 150
= 0x7f2a7c19bc88
R
P 0x7f2a7c191628
C 342
R
P 0x7f2a7c191628
P 0x7f2a7c19bc88
C 258
R
P 0x7f2a7c191628
C 342
R
P 0x7f2a7c191628
P 0x7f2a7c19bc88
C 9
R
P 0x7f2a7c191628
C 342
R
P 0x7f2a7c191628
P 0x7f2a7c19bc88
C 263
R
P 0x7f2a7c191628
C 342
R
P 0x7f2a7c191628
S "slot1Duration"
C 30
R
P 0x7f2a7c191628
C 342
R
P 0x7f2a7c191628
$ |slot1Duration|
C 202
R
P 0x7f2a7c191628
C 342
R
P 0x7f2a7c191628
$ |slot1Duration|
P 0x7f2a7c19b1e8
C 51
= 0x7f2a7c19bf68
R
P 0x7f2a7c191628
C 342
R
P 0x7f2a7c191628
P 0x7f2a7c19bf68
C 257
R
P 0x7f2a7c191628
C 342
R
P 0x7f2a7c191628
P 0x7f2a7c19bf68
C 254
= 0x7f2a7c19b1e8
R
P 0x7f2a7c191628
C 342
R
P 0x7f2a7c191628
P 0x7f2a7c19b1e8
C 209
R
P 0x7f2a7c191628
C 342
R
P 0x7f2a7c191628
P 0x7f2a7c19bf68
C 260
R
P 0x7f2a7c191628
C 342
R
P 0x7f2a7c191628
P 0x7f2a7c19bf68
C 259
R
P 0x7f2a7c191628
C 342
R
P 0x7f2a7c191628
P 0x7f2a7c19bf68
C 258
R
P 0x7f2a7c191628
C 342
R
P 0x7f2a7c191628
P 0x7f2a7c19bf68
C 9
R
P 0x7f2a7c191628
C 342
R
P 0x7f2a7c191628
U 2
P 0x7f2a7c19bf48
P 0x7f2a7c19bf68
p 2
C 65
= 0x7f2a7c1a1cb8
R
P 0x7f2a7c191628
C 342
R
P 0x7f2a7c191628
P 0x7f2a7c1a1cb8
C 257
R
P 0x7f2a7c191628
C 342
R
P 0x7f2a7c191628
P 0x7f2a7c1a1cb8
C 254
= 0x7f2a7c19b1e8
R
P 0x7f2a7c191628
C 342
R
P 0x7f2a7c191628
P 0x7f2a7c19b1e8
C 209
R
P 0x7f2a7c191628
C 342
R
P 0x7f2a7c191628
P 0x7f2a7c1a1cb8
C 260
R
P 0x7f2a7c191628
C 342
R
P 0x7f2a7c191628
P 0x7f2a7c1a1cb8
C 259
R
P 0x7f2a7c191628
C 342
R
P 0x7f2a7c191628
P 0x7f2a7c1a1cb8
C 258
R
P 0x7f2a7c191628
C 342
R
P 0x7f2a7c191628
P 0x7f2a7c1a1cb8
C 9
R
P 0x7f2a7c191628
C 342
R
P 0x7f2a7c191628
P 0x7f2a7c19bf88
P 0x7f2a7c1a1cb8
C 74
= 0x7f2a7c1a2770
R
P 0x7f2a7c191628
C 342
R
P 0x7f2a7c191628
P 0x7f2a7c1a2770
C 258
R
P 0x7f2a7c191628
C 342
R
P 0x7f2a7c191628
P 0x7f2a7c1a2770
C 9
R
P 0x7f2a7c191628
C 342
R
P 0x7f2a7c191628
I 1
P 0x7f2a7c19b208
C 150
= 0x7f2a7c19bc88
R
P 0x7f2a7c191628
C 342
R
P 0x7f2a7c191628
P 0x7f2a7c19bc88
C 258
R
P 0x7f2a7c191628
C 342
R
P 0x7f2a7c191628
P 0x7f2a7c19bc88
C 9
R
P 0x7f2a7c191628
C 342
R
P 0x7f2a7c191628
P 0x7f2a7c19bc88
C 263
R
P 0x7f2a7c191628
C 342
R
P 0x7f2a7c191628
S "slot1Start"
C 30
R
P 0x7f2a7c191628
C 342
R
P 0x7f2a7c191628
$ |slot1Start|
C 202
R
P 0x7f2a7c191628
C 342
R
P 0x7f2a7c191628
$ |slot1Start|
P 0x7f2a7c19b1e8
C 51
= 0x7f2a7c19bf48
R
P 0x7f2a7c191628
C 342
R
P 0x7f2a7c191628
P 0x7f2a7c19bf48
C 257
R
P 0x7f2a7c191628
C 342
R
P 0x7f2a7c191628
P 0x7f2a7c19bf48
C 254
= 0x7f2a7c19b1e8
R
P 0x7f2a7c191628
C 342
R
P 0x7f2a7c191628
P 0x7f2a7c19b1e8
C 209
R
P 0x7f2a7c191628
C 342
R
P 0x7f2a7c191628
P 0x7f2a7c19bf48
C 260
R
P 0x7f2a7c191628
C 342
R
P 0x7f2a7c191628
P 0x7f2a7c19bf48
C 259
R
P 0x7f2a7c191628
C 342
R
P 0x7f2a7c191628
P 0x7f2a7c19bf48
C 258
R
P 0x7f2a7c191628
C 342
R
P 0x7f2a7c191628
P 0x7f2a7c19bf48
C 9
R
P 0x7f2a7c191628
C 342
R
P 0x7f2a7c191628
I 1
P 0x7f2a7c19b208
C 150
= 0x7f2a7c19bc88
R
P 0x7f2a7c191628
C 342
R
P 0x7f2a7c191628
P 0x7f2a7c19bc88
C 258
R
P 0x7f2a7c191628
C 342
R
P 0x7f2a7c191628
P 0x7f2a7c19bc88
C 9
R
P 0x7f2a7c191628
C 342
R
P 0x7f2a7c191628
P 0x7f2a7c19bc88
C 263
R
P 0x7f2a7c191628
C 342
R
P 0x7f2a7c191628
S "slot1Duration"
C 30
R
P 0x7f2a7c191628
C 342
R
P 0x7f2a7c191628
$ |slot1Duration|
C 202
R
P 0x7f2a7c191628
C 342
R
P 0x7f2a7c191628
$ |slot1Duration|
P 0x7f2a7c19b1e8
C 51
= 0x7f2a7c19bf68
R
P 0x7f2a7c191628
C 342
R
P 0x7f2a7c191628
P 0x7f2a7c19bf68
C 257
R
P 0x7f2a7c191628
C 342
R
P 0x7f2a7c191628
P 0x7f2a7c19bf68
C 254
= 0x7f2a7c19b1e8
R
P 0x7f2a7c191628
C 342
R
P 0x7f2a7c191628
P 0x7f2a7c19b1e8
C 209
R
P 0x7f2a7c191628
C 342
R
P 0x7f2a7c191628
P 0x7f2a7c19bf68
C 260
R
P 0x7f2a7c191628
C 342
R
P 0x7f2a7c191628
P 0x7f2a7c19bf68
C 259
R
P 0x7f2a7c191628
C 342
R
P 0x7f2a7c191628
P 0x7f2a7c19bf68
C 258
R
P 0x7f2a7c191628
C 342
R
P 0x7f2a7c191628
P 0x7f2a7c19bf68
C 9
R
P 0x7f2a7c191628
C 342
R
P 0x7f2a7c191628
U 2
P 0x7f2a7c19bf48
P 0x7f2a7c19bf68
p 2
C 65
= 0x7f2a7c1a1cb8
R
P 0x7f2a7c191628
C 342
R
P 0x7f2a7c191628
P 0x7f2a7c1a1cb8
C 257
R
P 0x7f2a7c191628
C 342
R
P 0x7f2a7c191628
P 0x7f2a7c1a1cb8
C 254
= 0x7f2a7c19b1e8
R
P 0x7f2a7c191628
C 342
R
P 0x7f2a7c191628
P 0x7f2a7c19b1e8
C 209
R
P 0x7f2a7c191628
C 342
R
P 0x7f2a7c191628
P 0x7f2a7c1a1cb8
C 260
R
P 0x7f2a7c191628
C 342
R
P 0x7f2a7c191628
P 0x7f2a7c1a1cb8
C 259
R
P 0x7f2a7c191628
C 342
R
P 0x7f2a7c191628
P 0x7f2a7c1a1cb8
C 258
R
P 0x7f2a7c191628
C 342
R
P 0x7f2a7c191628
P 0x7f2a7c1a1cb8
C 9
R
P 0x7f2a7c191628
C 342
R
P 0x7f2a7c191628
I 2
P 0x7f2a7c19b208
C 150
= 0x7f2a7c19bcc8
R
P 0x7f2a7c191628
C 342
R
P 0x7f2a7c191628
P 0x7f2a7c19bcc8
C 258
R
P 0x7f2a7c191628
C 342
R
P 0x7f2a7c191628
P 0x7f2a7c19bcc8
C 9
R
P 0x7f2a7c191628
C 342
R
P 0x7f2a7c191628
P 0x7f2a7c19bcc8
C 263
R
P 0x7f2a7c191628
C 342
R
P 0x7f2a7c191628
S "slot2Start"
C 30
R
P 0x7f2a7c191628
C 342
R
P 0x7f2a7c191628
$ |slot2Start|
C 202
R
P 0x7f2a7c191628
C 342
R
P 0x7f2a7c191628
$ |slot2Start|
P 0x7f2a7c19b1e8
C 51
= 0x7f2a7c19bf88
R
P 0x7f2a7c191628
C 342
R
P 0x7f2a7c191628
P 0x7f2a7c19bf88
C 257
R
P 0x7f2a7c191628
C 342
R
P 0x7f2a7c191628
P 0x7f2a7c19bf88
C 254
= 0x7f2a7c19b1e8
R
P 0x7f2a7c191628
C 342
R
P 0x7f2a7c191628
P 0x7f2a7c19b1e8
C 209
R
P 0x7f2a7c191628
C 342
R
P 0x7f2a7c191628
P 0x7f2a7c19bf88
C 260
R
P 0x7f2a7c191628
C 342
R
P 0x7f2a7c191628
P 0x7f2a7c19bf88
C 259
R
P 0x7f2a7c191628
C 342
R
P 0x7f2a7c191628
P 0x7f2a7c19bf88
C 258
R
P 0x7f2a7c191628
C 342
R
P 0x7f2a7c191628
P 0x7f2a7c19bf88
C 9
R
P 0x7f2a7c191628
C 342
R
P 0x7f2a7c191628
I 2
P 0x7f2a7c19b208
C 150
= 0x7f2a7c19bcc8
R
P 0x7f2a7c191628
C 342
R
P 0x7f2a7c191628
P 0x7f2a7c19bcc8
C 258
R
P 0x7f2a7c191628
C 342
R
P 0x7f2a7c191628
P 0x7f2a7c19bcc8
C 9
R
P 0x7f2a7c191628
C 342
R
P 0x7f2a7c191628
P 0x7f2a7c19bcc8
C 263
R
P 0x7f2a7c191628
C 342
R
P 0x7f2a7c191628
S "slot2Duration"
C 30
R
P 0x7f2a7c191628
C 342
R
P 0x7f2a7c191628
$ |slot2Duration|
C 202
R
P 0x7f2a7c191628
C 342
R
P 0x7f2a7c191628
$ |slot2Duration|
P 0x7f2a7c19b1e8
C 51
= 0x7f2a7c19bfa8
R
P 0x7f2a7c191628
C 342
R
P 0x7f2a7c191628
P 0x7f2a7c19bfa8
C 257
R
P 0x7f2a7c191628
C 342
R
P 0x7f2a7c191628
P 0x7f2a7c19bfa8
C 254
= 0x7f2a7c19b1e8
R
P 0x7f2a7c191628
C 342
R
P 0x7f2a7c191628
P 0x7f2a7c19b1e8
C 209
R
P 0x7f2a7c191628
C 342
R
P 0x7f2a7c191628
P 0x7f2a7c19bfa8
C 260
R
P 0x7f2a7c191628
C 342
R
P 0x7f2a7c191628
P 0x7f2a7c19bfa8
C 259
R
P 0x7f2a7c191628
C 342
R
P 0x7f2a7c191628
P 0x7f2a7c19bfa8
C 258
R
P 0x7f2a7c191628
C 342
R
P 0x7f2a7c191628
P 0x7f2a7c19bfa8
C 9
R
P 0x7f2a7c191628
C 342
R
P 0x7f2a7c191628
U 2
P 0x7f2a7c19bf88
P 0x7f2a7c19bfa8
p 2
C 65
= 0x7f2a7c1a1e08
R
P 0x7f2a7c191628
C 342
R
P 0x7f2a7c191628
P 0x7f2a7c1a1e08
C 257
R
P 0x7f2a7c191628
C 342
R
P 0x7f2a7c191628
P 0x7f2a7c1a1e08
C 254
= 0x7f2a7c19b1e8
R
P 0x7f2a7c191628
C 342
R
P 0x7f2a7c191628
P 0x7f2a7c19b1e8
C 209
R
P 0x7f2a7c191628
C 342
R
P 0x7f2a7c191628
P 0x7f2a7c1a1e08
C 260
R
P 0x7f2a7c191628
C 342
R
P 0x7f2a7c191628
P 0x7f2a7c1a1e08
C 259
R
P 0x7f2a7c191628
C 342
R
P 0x7f2a7c191628
P 0x7f2a7c1a1e08
C 258
R
P 0x7f2a7c191628
C 342
R
P 0x7f2a7c191628
P 0x7f2a7c1a1e08
C 9
R
P 0x7f2a7c191628
C 342
R
P 0x7f2a7c191628
P 0x7f2a7c1a1cb8
P 0x7f2a7c1a1e08
C 74
= 0x7f2a7c1a27a8
R
P 0x7f2a7c191628
C 342
R
P 0x7f2a7c191628
P 0x7f2a7c1a27a8
C 258
R
P 0x7f2a7c191628
C 342
R
P 0x7f2a7c191628
P 0x7f2a7c1a27a8
C 9
R
P 0x7f2a7c191628
C 342
R
P 0x7f2a7c191628
U 2
P 0x7f2a7c1a2770
P 0x7f2a7c1a27a8
p 2
C 63
= 0x7f2a7c1a27e0
R
P 0x7f2a7c191628
C 342
R
P 0x7f2a7c191628
P 0x7f2a7c1a27e0
C 258
R
P 0x7f2a7c191628
C 342
R
P 0x7f2a7c191628
P 0x7f2a7c1a27e0
C 9
R
P 0x7f2a7c191628
C 342
R
P 0x7f2a7c191628
P 0x7f2a7c1a27e0
C 58
= 0x7f2a7c19de88
R
P 0x7f2a7c191628
C 342
R
P 0x7f2a7c191628
P 0x7f2a7c19de88
C 258
R
P 0x7f2a7c191628
C 342
R
P 0x7f2a7c191628
P 0x7f2a7c19de88
C 9
R
P 0x7f2a7c191628
C 342
R
P 0x7f2a7c191628
P 0x7f2a7c19d7f8
P 0x7f2a7c19de88
C 61
= 0x7f2a7c1a2818
R
P 0x7f2a7c191628
C 342
R
P 0x7f2a7c191628
P 0x7f2a7c1a2818
C 258
R
P 0x7f2a7c191628
C 342
R
P 0x7f2a7c191628
P 0x7f2a7c1a2818
C 9
R
P 0x7f2a7c191628
C 342
R
P 0x7f2a7c191628
P 0x7f2a7c1e1fc8
P 0x7f2a7c1a2818
C 427
R
P 0x7f2a7c191628
C 342
R
P 0x7f2a7c191628
I 1
P 0x7f2a7c19b208
C 150
= 0x7f2a7c19bc88
R
P 0x7f2a7c191628
C 342
R
P 0x7f2a7c191628
P 0x7f2a7c19bc88
C 258
R
P 0x7f2a7c191628
C 342
R
P 0x7f2a7c191628
P 0x7f2a7c19bc88
C 9
R
P 0x7f2a7c191628
C 342
R
P 0x7f2a7c191628
I 3
P 0x7f2a7c19b208
C 150
= 0x7f2a7c19bfc8
R
P 0x7f2a7c191628
C 342
R
P 0x7f2a7c191628
P 0x7f2a7c19bfc8
C 258
R
P 0x7f2a7c191628
C 342
R
P 0x7f2a7c191628
P 0x7f2a7c19bfc8
C 9
R
P 0x7f2a7c191628
C 342
R
P 0x7f2a7c191628
P 0x7f2a7c19bc88
P 0x7f2a7c19bfc8
C 56
= 0x7f2a7c1a1ee8
R
P 0x7f2a7c191628
C 342
R
P 0x7f2a7c191628
P 0x7f2a7c1a1ee8
C 258
R
P 0x7f2a7c191628
C 342
R
P 0x7f2a7c191628
P 0x7f2a7c1a1ee8
C 9
R
P 0x7f2a7c191628
C 342
R
P 0x7f2a7c191628
P 0x7f2a7c1a1ee8
C 58
= 0x7f2a7c19d8e8
R
P 0x7f2a7c191628
C 342
R
P 0x7f2a7c191628
P 0x7f2a7c19d8e8
C 258
R
P 0x7f2a7c191628
C 342
R
P 0x7f2a7c191628
P 0x7f2a7c19d8e8
C 9
R
P 0x7f2a7c191628
C 342
R
P 0x7f2a7c191628
I 3
P 0x7f2a7c19b208
C 150
= 0x7f2a7c19bfc8
R
P 0x7f2a7c191628
C 342
R
P 0x7f2a7c191628
P 0x7f2a7c19bfc8
C 258
R
P 0x7f2a7c191628
C 342
R
P 0x7f2a7c191628
P 0x7f2a7c19bfc8
C 9
R
P 0x7f2a7c191628
C 342
R
P 0x7f2a7c191628
P 0x7f2a7c19bfc8
C 263
R
P 0x7f2a7c191628
C 342
R
P 0x7f2a7c191628
S "slot3Start"
C 30
R
P 0x7f2a7c191628
C 342
R
P 0x7f2a7c191628
$ |slot3Start|
C 202
R
P 0x7f2a7c191628
C 342
R
P 0x7f2a7c191628
$ |slot3Start|
P 0x7f2a7c19b1e8
C 51
= 0x7f2a7c19bfe8
R
P 0x7f2a7c191628
C 342
R
P 0x7f2a7c191628
P 0x7f2a7c19bfe8
C 257
R
P 0x7f2a7c191628
C 342
R
P 0x7f2a7c191628
P 0x7f2a7c19bfe8
C 254
= 0x7f2a7c19b1e8
R
P 0x7f2a7c191628
C 342
R
P 0x7f2a7c191628
P 0x7f2a7c19b1e8
C 209
R
P 0x7f2a7c191628
C 342
R
P 0x7f2a7c191628
P 0x7f2a7c19bfe8
C 260
R
P 0x7f2a7c191628
C 342
R
P 0x7f2a7c191628
P 0x7f2a7c19bfe8
C 259
R
P 0x7f2a7c191628
C 342
R
P 0x7f2a7c191628
P 0x7f2a7c19bfe8
C 258
R
P 0x7f2a7c191628
C 342
R
P 0x7f2a7c191628
P 0x7f2a7c19bfe8
C 9
R
P 0x7f2a7c191628
C 342
R
P 0x7f2a7c191628
I 1
P 0x7f2a7c19b208
C 150
= 0x7f2a7c19bc88
R
P 0x7f2a7c191628
C 342
R
P 0x7f2a7c191628
P 0x7f2a7c19bc88
C 258
R
P 0x7f2a7c191628
C 342
R
P 0x7f2a7c191628
P 0x7f2a7c19bc88
C 9
R
P 0x7f2a7c191628
C 342
R
P 0x7f2a7c191628
P 0x7f2a7c19bc88
C 263
R
P 0x7f2a7c191628
C 342
R
P 0x7f2a7c191628
S "slot1Start"
C 30
R
P 0x7f2a7c191628
C 342
R
P 0x7f2a7c191628
$ |slot1Start|
C 202
R
P 0x7f2a7c191628
C 342
R
P 0x7f2a7c191628
$ |slot1Start|
P 0x7f2a7c19b1e8
C 51
= 0x7f2a7c19bf48
R
P 0x7f2a7c191628
C 342
R
P 0x7f2a7c191628
P 0x7f2a7c19bf48
C 257
R
P 0x7f2a7c191628
C 342
R
P 0x7f2a7c191628
P 0x7f2a7c19bf48
C 254
= 0x7f2a7c19b1e8
R
P 0x7f2a7c191628
C 342
R
P 0x7f2a7c191628
P 0x7f2a7c19b1e8
C 209
R
P 0x7f2a7c191628
C 342
R
P 0x7f2a7c191628
P 0x7f2a7c19bf48
C 260
R
P 0x7f2a7c191628
C 342
R
P 0x7f2a7c191628
P 0x7f2a7c19bf48
C 259
R
P 0x7f2a7c191628
C 342
R
P 0x7f2a7c191628
P 0x7f2a7c19bf48
C 258
R
P 0x7f2a7c191628
C 342
R
P 0x7f2a7c191628
P 0x7f2a7c19bf48
C 9
R
P 0x7f2a7c191628
C 342
R
P 0x7f2a7c191628
I 1
P 0x7f2a7c19b208
C 150
= 0x7f2a7c19bc88
R
P 0x7f2a7c191628
C 342
R
P 0x7f2a7c191628
P 0x7f2a7c19bc88
C 258
R
P 0x7f2a7c191628
C 342
R
P 0x7f2a7c191628
P 0x7f2a7c19bc88
C 9
R
P 0x7f2a7c191628
C 342
R
P 0x7f2a7c191628
P 0x7f2a7c19bc88
C 263
R
P 0x7f2a7c191628
C 342
R
P 0x7f2a7c191628
S "slot1Duration"
C 30
R
P 0x7f2a7c191628
C 342
R
P 0x7f2a7c191628
$ |slot1Duration|
C 202
R
P 0x7f2a7c191628
C 342
R
P 0x7f2a7c191628
$ |slot1Duration|
P 0x7f2a7c19b1e8
C 51
= 0x7f2a7c19bf68
R
P 0x7f2a7c191628
C 342
R
P 0x7f2a7c191628
P 0x7f2a7c19bf68
C 257
R
P 0x7f2a7c191628
C 342
R
P 0x7f2a7c191628
P 0x7f2a7c19bf68
C 254
= 0x7f2a7c19b1e8
R
P 0x7f2a7c191628
C 342
R
P 0x7f2a7c191628
P 0x7f2a7c19b1e8
C 209
R
P 0x7f2a7c191628
C 342
R
P 0x7f2a7c191628
P 0x7f2a7c19bf68
C 260
R
P 0x7f2a7c191628
C 342
R
P 0x7f2a7c191628
P 0x7f2a7c19bf68
C 259
R
P 0x7f2a7c191628
C 342
R
P 0x7f2a7c191628
P 0x7f2a7c19bf68
C 258
R
P 0x7f2a7c191628
C 342
R
P 0x7f2a7c191628
P 0x7f2a7c19bf68
C 9
R
P 0x7f2a7c191628
C 342
R
P 0x7f2a7c191628
U 2
P 0x7f2a7c19bf48
P 0x7f2a7c19bf68
p 2
C 65
= 0x7f2a7c1a1cb8
R
P 0x7f2a7c191628
C 342
R
P 0x7f2a7c191628
P 0x7f2a7c1a1cb8
C 257
R
P 0x7f2a7c191628
C 342
R
P 0x7f2a7c191628
P 0x7f2a7c1a1cb8
C 254
= 0x7f2a7c19b1e8
R
P 0x7f2a7c191628
C 342
R
P 0x7f2a7c191628
P 0x7f2a7c19b1e8
C 209
R
P 0x7f2a7c191628
C 342
R
P 0x7f2a7c191628
P 0x7f2a7c1a1cb8
C 260
R
P 0x7f2a7c191628
C 342
R
P 0x7f2a7c191628
P 0x7f2a7c1a1cb8
C 259
R
P 0x7f2a7c191628
C 342
R
P 0x7f2a7c191628
P 0x7f2a7c1a1cb8
C 258
R
P 0x7f2a7c191628
C 342
R
P 0x7f2a7c191628
P 0x7f2a7c1a1cb8
C 9
R
P 0x7f2a7c191628
C 342
R
P 0x7f2a7c191628
P 0x7f2a7c19bfe8
P 0x7f2a7c1a1cb8
C 74
= 0x7f2a7c1a2850
R
P 0x7f2a7c191628
C 342
R
P 0x7f2a7c191628
P 0x7f2a7c1a2850
C 258
R
P 0x7f2a7c191628
C 342
R
P 0x7f2a7c191628
P 0x7f2a7c1a2850
C 9
R
P 0x7f2a7c191628
C 342
R
P 0x7f2a7c191628
I 1
P 0x7f2a7c19b208
C 150
= 0x7f2a7c19bc88
R
P 0x7f2a7c191628
C 342
R
P 0x7f2a7c191628
P 0x7f2a7c19bc88
C 258
R
P 0x7f2a7c191628
C 342
R
P 0x7f2a7c191628
P 0x7f2a7c19bc88
C 9
R
P 0x7f2a7c191628
C 342
R
P 0x7f2a7c191628
P 0x7f2a7c19bc88
C 263
R
P 0x7f2a7c191628
C 342
R
P 0x7f2a7c191628
S "slot1Start"
C 30
R
P 0x7f2a7c191628
C 342
R
P 0x7f2a7c191628
$ |slot1Start|
C 202
R
P 0x7f2a7c191628
C 342
R
P 0x7f2a7c191628
$ |slot1Start|
P 0x7f2a7c19b1e8
C 51
= 0x7f2a7c19bf48
R
P 0x7f2a7c191628
C 342
R
P 0x7f2a7c191628
P 0x7f2a7c19bf48
C 257
R
P 0x7f2a7c191628
C 342
R
P 0x7f2a7c191628
P 0x7f2a7c19bf48
C 254
= 0x7f2a7c19b1e8
R
P 0x7f2a7c191628
C 342
R
P 0x7f2a7c191628
P 0x7f2a7c19b1e8
C 209
R
P 0x7f2a7c191628
C 342
R
P 0x7f2a7c191628
P 0x7f2a7c19bf48
C 260
R
P 0x7f2a7c191628
C 342
R
P 0x7f2a7c191628
P 0x7f2a7c19bf48
C 259
R
P 0x7f2a7c191628
C 342
R
P 0x7f2a7c191628
P 0x7f2a7c19bf48
C 258
R
P 0x7f2a7c191628
C 342
R
P 0x7f2a7c191628
P 0x7f2a7c19bf48
C 9
R
P 0x7f2a7c191628
C 342
R
P 0x7f2a7c191628
I 1
P 0x7f2a7c19b208
C 150
= 0x7f2a7c19bc88
R
P 0x7f2a7c191628
C 342
R
P 0x7f2a7c191628
P 0x7f2a7c19bc88
C 258
R
P 0x7f2a7c191628
C 342
R
P 0x7f2a7c191628
P 0x7f2a7c19bc88
C 9
R
P 0x7f2a7c191628
C 342
R
P 0x7f2a7c191628
P 0x7f2a7c19bc88
C 263
R
P 0x7f2a7c191628
C 342
R
P 0x7f2a7c191628
S "slot1Duration"
C 30
R
P 0x7f2a7c191628
C 342
R
P 0x7f2a7c191628
$ |slot1Duration|
C 202
R
P 0x7f2a7c191628
C 342
R
P 0x7f2a7c191628
$ |slot1Duration|
P 0x7f2a7c19b1e8
C 51
= 0x7f2a7c19bf68
R
P 0x7f2a7c191628
C 342
R
P 0x7f2a7c191628
P 0x7f2a7c19bf68
C 257
R
P 0x7f2a7c191628
C 342
R
P 0x7f2a7c191628
P 0x7f2a7c19bf68
C 254
= 0x7f2a7c19b1e8
R
P 0x7f2a7c191628
C 342
R
P 0x7f2a7c191628
P 0x7f2a7c19b1e8
C 209
R
P 0x7f2a7c191628
C 342
R
P 0x7f2a7c191628
P 0x7f2a7c19bf68
C 260
R
P 0x7f2a7c191628
C 342
R
P 0x7f2a7c191628
P 0x7f2a7c19bf68
C 259
R
P 0x7f2a7c191628
C 342
R
P 0x7f2a7c191628
P 0x7f2a7c19bf68
C 258
R
P 0x7f2a7c191628
C 342
R
P 0x7f2a7c191628
P 0x7f2a7c19bf68
C 9
R
P 0x7f2a7c191628
C 342
R
P 0x7f2a7c191628
U 2
P 0x7f2a7c19bf48
P 0x7f2a7c19bf68
p 2
C 65
= 0x7f2a7c1a1cb8
R
P 0x7f2a7c191628
C 342
R
P 0x7f2a7c191628
P 0x7f2a7c1a1cb8
C 257
R
P 0x7f2a7c191628
C 342
R
P 0x7f2a7c191628
P 0x7f2a7c1a1cb8
C 254
= 0x7f2a7c19b1e8
R
P 0x7f2a7c191628
C 342
R
P 0x7f2a7c191628
P 0x7f2a7c19b1e8
C 209
R
P 0x7f2a7c191628
C 342
R
P 0x7f2a7c191628
P 0x7f2a7c1a1cb8
C 260
R
P 0x7f2a7c191628
C 342
R
P 0x7f2a7c191628
P 0x7f2a7c1a1cb8
C 259
R
P 0x7f2a7c191628
C 342
R
P 0x7f2a7c191628
P 0x7f2a7c1a1cb8
C 258
R
P 0x7f2a7c191628
C 342
R
P 0x7f2a7c191628
P 0x7f2a7c1a1cb8
C 9
R
P 0x7f2a7c191628
C 342
R
P 0x7f2a7c191628
I 3
P 0x7f2a7c19b208
C 150
= 0x7f2a7c19bfc8
R
P 0x7f2a7c191628
C 342
R
P 0x7f2a7c191628
P 0x7f2a7c19bfc8
C 258
R
P 0x7f2a7c191628
C 342
R
P 0x7f2a7c191628
P 0x7f2a7c19bfc8
C 9
R
P 0x7f2a7c191628
C 342
R
P 0x7f2a7c191628
P 0x7f2a7c19bfc8
C 263
R
P 0x7f2a7c191628
C 342
R
P 0x7f2a7c191628
S "slot3Start"
C 30
R
P 0x7f2a7c191628
C 342
R
P 0x7f2a7c191628
$ |slot3Start|
C 202
R
P 0x7f2a7c191628
C 342
R
P 0x7f2a7c191628
$ |slot3Start|
P 0x7f2a7c19b1e8
C 51
= 0x7f2a7c19bfe8
R
P 0x7f2a7c191628
C 342
R
P 0x7f2a7c191628
P 0x7f2a7c19bfe8
C 257
R
P 0x7f2a7c191628
C 342
R
P 0x7f2a7c191628
P 0x7f2a7c19bfe8
C 254
= 0x7f2a7c19b1e8
R
P 0x7f2a7c191628
C 342
R
P 0x7f2a7c191628
P 0x7f2a7c19b1e8
C 209
R
P 0x7f2a7c191628
C 342
R
P 0x7f2a7c191628
P 0x7f2a7c19bfe8
C 260
R
P 0x7f2a7c191628
C 342
R
P 0x7f2a7c191628
P 0x7f2a7c19bfe8
C 259
R
P 0x7f2a7c191628
C 342
R
P 0x7f2a7c191628
P 0x7f2a7c19bfe8
C 258
R
P 0x7f2a7c191628
C 342
R
P 0x7f2a7c191628
P 0x7f2a7c19bfe8
C 9
R
P 0x7f2a7c191628
C 342
R
P 0x7f2a7c191628
I 3
P 0x7f2a7c19b208
C 150
= 0x7f2a7c19bfc8
R
P 0x7f2a7c191628
C 342
R
P 0x7f2a7c191628
P 0x7f2a7c19bfc8
C 258
R
P 0x7f2a7c191628
C 342
R
P 0x7f2a7c191628
P 0x7f2a7c19bfc8
C 9
R
P 0x7f2a7c191628
C 342
R
P 0x7f2a7c191628
P 0x7f2a7c19bfc8
C 263
R
P 0x7f2a7c191628
C 342
R
P 0x7f2a7c191628
S "slot3Duration"
C 30
R
P 0x7f2a7c191628
C 342
R
P 0x7f2a7c191628
$ |slot3Duration|
C 202
R
P 0x7f2a7c191628
C 342
R
P 0x7f2a7c191628
$ |slot3Duration|
P 0x7f2a7c19b1e8
C 51
= 0x7f2a7c19c008
R
P 0x7f2a7c191628
C 342
R
P 0x7f2a7c191628
P 0x7f2a7c19c008
C 257
R
P 0x7f2a7c191628
C 342
R
P 0x7f2a7c191628
P 0x7f2a7c19c008
C 254
= 0x7f2a7c19b1e8
R
P 0x7f2a7c191628
C 342
R
P 0x7f2a7c191628
P 0x7f2a7c19b1e8
C 209
R
P 0x7f2a7c191628
C 342
R
P 0x7f2a7c191628
P 0x7f2a7c19c008
C 260
R
P 0x7f2a7c191628
C 342
R
P 0x7f2a7c191628
P 0x7f2a7c19c008
C 259
R
P 0x7f2a7c191628
C 342
R
P 0x7f2a7c191628
P 0x7f2a7c19c008
C 258
R
P 0x7f2a7c191628
C 342
R
P 0x7f2a7c191628
P 0x7f2a7c19c008
C 9
R
P 0x7f2a7c191628
C 342
R
P 0x7f2a7c191628
U 2
P 0x7f2a7c19bfe8
P 0x7f2a7c19c008
p 2
C 65
= 0x7f2a7c1a1f58
R
P 0x7f2a7c191628
C 342
R
P 0x7f2a7c191628
P 0x7f2a7c1a1f58
C 257
R
P 0x7f2a7c191628
C 342
R
P 0x7f2a7c191628
P 0x7f2a7c1a1f58
C 254
= 0x7f2a7c19b1e8
R
P 0x7f2a7c191628
C 342
R
P 0x7f2a7c191628
P 0x7f2a7c19b1e8
C 209
R
P 0x7f2a7c191628
C 342
R
P 0x7f2a7c191628
P 0x7f2a7c1a1f58
C 260
R
P 0x7f2a7c191628
C 342
R
P 0x7f2a7c191628
P 0x7f2a7c1a1f58
C 259
R
P 0x7f2a7c191628
C 342
R
P 0x7f2a7c191628
P 0x7f2a7c1a1f58
C 258
R
P 0x7f2a7c191628
C 342
R
P 0x7f2a7c191628
P 0x7f2a7c1a1f58
C 9
R
P 0x7f2a7c191628
C 342
R
P 0x7f2a7c191628
P 0x7f2a7c1a1cb8
P 0x7f2a7c1a1f58
C 74
= 0x7f2a7c1a2888
R
P 0x7f2a7c191628
C 342
R
P 0x7f2a7c191628
P 0x7f2a7c1a2888
C 258
R
P 0x7f2a7c191628
C 342
R
P 0x7f2a7c191628
P 0x7f2a7c1a2888
C 9
R
P 0x7f2a7c191628
C 342
R
P 0x7f2a7c191628
U 2
P 0x7f2a7c1a2850
P 0x7f2a7c1a2888
p 2
C 63
= 0x7f2a7c1a28c0
R
P 0x7f2a7c191628
C 342
R
P 0x7f2a7c191628
P 0x7f2a7c1a28c0
C 258
R
P 0x7f2a7c191628
C 342
R
P 0x7f2a7c191628
P 0x7f2a7c1a28c0
C 9
R
P 0x7f2a7c191628
C 342
R
P 0x7f2a7c191628
P 0x7f2a7c1a28c0
C 58
= 0x7f2a7c19deb8
R
P 0x7f2a7c191628
C 342
R
P 0x7f2a7c191628
P 0x7f2a7c19deb8
C 258
R
P 0x7f2a7c191628
C 342
R
P 0x7f2a7c191628
P 0x7f2a7c19deb8
C 9
R
P 0x7f2a7c191628
C 342
R
P 0x7f2a7c191628
P 0x7f2a7c19d8e8
P 0x7f2a7c19deb8
C 61
= 0x7f2a7c1a28f8
R
P 0x7f2a7c191628
C 342
R
P 0x7f2a7c191628
P 0x7f2a7c1a28f8
C 258
R
P 0x7f2a7c191628
C 342
R
P 0x7f2a7c191628
P 0x7f2a7c1a28f8
C 9
R
P 0x7f2a7c191628
C 342
R
P 0x7f2a7c191628
P 0x7f2a7c1e1fc8
P 0x7f2a7c1a28f8
C 427
R
P 0x7f2a7c191628
C 342
R
P 0x7f2a7c191628
I 1
P 0x7f2a7c19b208
C 150
= 0x7f2a7c19bc88
R
P 0x7f2a7c191628
C 342
R
P 0x7f2a7c191628
P 0x7f2a7c19bc88
C 258
R
P 0x7f2a7c191628
C 342
R
P 0x7f2a7c191628
P 0x7f2a7c19bc88
C 9
R
P 0x7f2a7c191628
C 342
R
P 0x7f2a7c191628
I 4
P 0x7f2a7c19b208
C 150
= 0x7f2a7c19c028
R
P 0x7f2a7c191628
C 342
R
P 0x7f2a7c191628
P 0x7f2a7c19c028
C 258
R
P 0x7f2a7c191628
C 342
R
P 0x7f2a7c191628
P 0x7f2a7c19c028
C 9
R
P 0x7f2a7c191628
C 342
R
P 0x7f2a7c191628
P 0x7f2a7c19bc88
P 0x7f2a7c19c028
C 56
= 0x7f2a7c1a2038
R
P 0x7f2a7c191628
C 342
R
P 0x7f2a7c191628
P 0x7f2a7c1a2038
C 258
R
P 0x7f2a7c191628
C 342
R
P 0x7f2a7c191628
P 0x7f2a7c1a2038
C 9
R
P 0x7f2a7c191628
C 342
R
P 0x7f2a7c191628
P 0x7f2a7c1a2038
C 58
= 0x7f2a7c19d9d8
R
P 0x7f2a7c191628
C 342
R
P 0x7f2a7c191628
P 0x7f2a7c19d9d8
C 258
R
P 0x7f2a7c191628
C 342
R
P 0x7f2a7c191628
P 0x7f2a7c19d9d8
C 9
R
P 0x7f2a7c191628
C 342
R
P 0x7f2a7c191628
I 4
P 0x7f2a7c19b208
C 150
= 0x7f2a7c19c028
R
P 0x7f2a7c191628
C 342
R
P 0x7f2a7c191628
P 0x7f2a7c19c028
C 258
R
P 0x7f2a7c191628
C 342
R
P 0x7f2a7c191628
P 0x7f2a7c19c028
C 9
R
P 0x7f2a7c191628
C 342
R
P 0x7f2a7c191628
P 0x7f2a7c19c028
C 263
R
P 0x7f2a7c191628
C 342
R
P 0x7f2a7c191628
S "slot4Start"
C 30
R
P 0x7f2a7c191628
C 342
R
P 0x7f2a7c191628
$ |slot4Start|
C 202
R
P 0x7f2a7c191628
C 342
R
P 0x7f2a7c191628
$ |slot4Start|
P 0x7f2a7c19b1e8
C 51
= 0x7f2a7c19c048
R
P 0x7f2a7c191628
C 342
R
P 0x7f2a7c191628
P 0x7f2a7c19c048
C 257
R
P 0x7f2a7c191628
C 342
R
P 0x7f2a7c191628
P 0x7f2a7c19c048
C 254
= 0x7f2a7c19b1e8
R
P 0x7f2a7c191628
C 342
R
P 0x7f2a7c191628
P 0x7f2a7c19b1e8
C 209
R
P 0x7f2a7c191628
C 342
R
P 0x7f2a7c191628
P 0x7f2a7c19c048
C 260
R
P 0x7f2a7c191628
C 342
R
P 0x7f2a7c191628
P 0x7f2a7c19c048
C 259
R
P 0x7f2a7c191628
C 342
R
P 0x7f2a7c191628
P 0x7f2a7c19c048
C 258
R
P 0x7f2a7c191628
C 342
R
P 0x7f2a7c191628
P 0x7f2a7c19c048
C 9
R
P 0x7f2a7c191628
C 342
R
P 0x7f2a7c191628
I 1
P 0x7f2a7c19b208
C 150
= 0x7f2a7c19bc88
R
P 0x7f2a7c191628
C 342
R
P 0x7f2a7c191628
P 0x7f2a7c19bc88
C 258
R
P 0x7f2a7c191628
C 342
R
P 0x7f2a7c191628
P 0x7f2a7c19bc88
C 9
R
P 0x7f2a7c191628
C 342
R
P 0x7f2a7c191628
P 0x7f2a7c19bc88
C 263
R
P 0x7f2a7c191628
C 342
R
P 0x7f2a7c191628
S "slot1Start"
C 30
R
P 0x7f2a7c191628
C 342
R
P 0x7f2a7c191628
$ |slot1Start|
C 202
R
P 0x7f2a7c191628
C 342
R
P 0x7f2a7c191628
$ |slot1Start|
P 0x7f2a7c19b1e8
C 51
= 0x7f2a7c19bf48
R
P 0x7f2a7c191628
C 342
R
P 0x7f2a7c191628
P 0x7f2a7c19bf48
C 257
R
P 0x7f2a7c191628
C 342
R
P 0x7f2a7c191628
P 0x7f2a7c19bf48
C 254
= 0x7f2a7c19b1e8
R
P 0x7f2a7c191628
C 342
R
P 0x7f2a7c191628
P 0x7f2a7c19b1e8
C 209
R
P 0x7f2a7c191628
C 342
R
P 0x7f2a7c191628
P 0x7f2a7c19bf48
C 260
R
P 0x7f2a7c191628
C 342
R
P 0x7f2a7c191628
P 0x7f2a7c19bf48
C 259
R
P 0x7f2a7c191628
C 342
R
P 0x7f2a7c191628
P 0x7f2a7c19bf48
C 258
R
P 0x7f2a7c191628
C 342
R
P 0x7f2a7c191628
P 0x7f2a7c19bf48
C 9
R
P 0x7f2a7c191628
C 342
R
P 0x7f2a7c191628
I 1
P 0x7f2a7c19b208
C 150
= 0x7f2a7c19bc88
R
P 0x7f2a7c191628
C 342
R
P 0x7f2a7c191628
P 0x7f2a7c19bc88
C 258
R
P 0x7f2a7c191628
C 342
R
P 0x7f2a7c191628
P 0x7f2a7c19bc88
C 9
R
P 0x7f2a7c191628
C 342
R
P 0x7f2a7c191628
P 0x7f2a7c19bc88
C 263
R
P 0x7f2a7c191628
C 342
R
P 0x7f2a7c191628
S "slot1Duration"
C 30
R
P 0x7f2a7c191628
C 342
R
P 0x7f2a7c191628
$ |slot1Duration|
C 202
R
P 0x7f2a7c191628
C 342
R
P 0x7f2a7c191628
$ |slot1Duration|
P 0x7f2a7c19b1e8
C 51
= 0x7f2a7c19bf68
R
P 0x7f2a7c191628
C 342
R
P 0x7f2a7c191628
P 0x7f2a7c19bf68
C 257
R
P 0x7f2a7c191628
C 342
R
P 0x7f2a7c191628
P 0x7f2a7c19bf68
C 254
= 0x7f2a7c19b1e8
R
P 0x7f2a7c191628
C 342
R
P 0x7f2a7c191628
P 0x7f2a7c19b1e8
C 209
R
P 0x7f2a7c191628
C 342
R
P 0x7f2a7c191628
P 0x7f2a7c19bf68
C 260
R
P 0x7f2a7c191628
C 342
R
P 0x7f2a7c191628
P 0x7f2a7c19bf68
C 259
R
P 0x7f2a7c191628
C 342
R
P 0x7f2a7c191628
P 0x7f2a7c19bf68
C 258
R
P 0x7f2a7c191628
C 342
R
P 0x7f2a7c191628
P 0x7f2a7c19bf68
C 9
R
P 0x7f2a7c191628
C 342
R
P 0x7f2a7c191628
U 2
P 0x7f2a7c19bf48
P 0x7f2a7c19bf68
p 2
C 65
= 0x7f2a7c1a1cb8
R
P 0x7f2a7c191628
C 342
R
P 0x7f2a7c191628
P 0x7f2a7c1a1cb8
C 257
R
P 0x7f2a7c191628
C 342
R
P 0x7f2a7c191628
P 0x7f2a7c1a1cb8
C 254
= 0x7f2a7c19b1e8
R
P 0x7f2a7c191628
C 342
R
P 0x7f2a7c191628
P 0x7f2a7c19b1e8
C 209
R
P 0x7f2a7c191628
C 342
R
P 0x7f2a7c191628
P 0x7f2a7c1a1cb8
C 260
R
P 0x7f2a7c191628
C 342
R
P 0x7f2a7c191628
P 0x7f2a7c1a1cb8
C 259
R
P 0x7f2a7c191628
C 342
R
P 0x7f2a7c191628
P 0x7f2a7c1a1cb8
C 258
R
P 0x7f2a7c191628
C 342
R
P 0x7f2a7c191628
P 0x7f2a7c1a1cb8
C 9
R
P 0x7f2a7c191628
C 342
R
P 0x7f2a7c191628
P 0x7f2a7c19c048
P 0x7f2a7c1a1cb8
C 74
= 0x7f2a7c1a2930
R
P 0x7f2a7c191628
C 342
R
P 0x7f2a7c191628
P 0x7f2a7c1a2930
C 258
R
P 0x7f2a7c191628
C 342
R
P 0x7f2a7c191628
P 0x7f2a7c1a2930
C 9
R
P 0x7f2a7c191628
C 342
R
P 0x7f2a7c191628
I 1
P 0x7f2a7c19b208
C 150
= 0x7f2a7c19bc88
R
P 0x7f2a7c191628
C 342
R
P 0x7f2a7c191628
P 0x7f2a7c19bc88
C 258
R
P 0x7f2a7c191628
C 342
R
P 0x7f2a7c191628
P 0x7f2a7c19bc88
C 9
R
P 0x7f2a7c191628
C 342
R
P 0x7f2a7c191628
P 0x7f2a7c19bc88
C 263
R
P 0x7f2a7c191628
C 342
R
P 0x7f2a7c191628
S "slot1Start"
C 30
R
P 0x7f2a7c191628
C 342
R
P 0x7f2a7c191628
$ |slot1Start|
C 202
R
P 0x7f2a7c191628
C 342
R
P 0x7f2a7c191628
$ |slot1Start|
P 0x7f2a7c19b1e8
C 51
= 0x7f2a7c19bf48
R
P 0x7f2a7c191628
C 342
R
P 0x7f2a7c191628
P 0x7f2a7c19bf48
C 257
R
P 0x7f2a7c191628
C 342
R
P 0x7f2a7c191628
P 0x7f2a7c19bf48
C 254
= 0x7f2a7c19b1e8
R
P 0x7f2a7c191628
C 342
R
P 0x7f2a7c191628
P 0x7f2a7c19b1e8
C 209
R
P 0x7f2a7c191628
C 342
R
P 0x7f2a7c191628
P 0x7f2a7c19bf48
C 260
R
P 0x7f2a7c191628
C 342
R
P 0x7f2a7c191628
P 0x7f2a7c19bf48
C 259
R
P 0x7f2a7c191628
C 342
R
P 0x7f2a7c191628
P 0x7f2a7c19bf48
C 258
R
P 0x7f2a7c191628
C 342
R
P 0x7f2a7c191628
P 0x7f2a7c19bf48
C 9
R
P 0x7f2a7c191628
C 342
R
P 0x7f2a7c191628
I 1
P 0x7f2a7c19b208
C 150
= 0x7f2a7c19bc88
R
P 0x7f2a7c191628
C 342
R
P 0x7f2a7c191628
P 0x7f2a7c19bc88
C 258
R
P 0x7f2a7c191628
C 342
R
P 0x7f2a7c191628
P 0x7f2a7c19bc88
C 9
R
P 0x7f2a7c191628
C 342
R
P 0x7f2a7c191628
P 0x7f2a7c19bc88
C 263
R
P 0x7f2a7c191628
C 342
R
P 0x7f2a7c191628
S "slot1Duration"
C 30
R
P 0x7f2a7c191628
C 342
R
P 0x7f2a7c191628
$ |slot1Duration|
C 202
R
P 0x7f2a7c191628
C 342
R
P 0x7f2a7c191628
$ |slot1Duration|
P 0x7f2a7c19b1e8
C 51
= 0x7f2a7c19bf68
R
P 0x7f2a7c191628
C 342
R
P 0x7f2a7c191628
P 0x7f2a7c19bf68
C 257
R
P 0x7f2a7c191628
C 342
R
P 0x7f2a7c191628
P 0x7f2a7c19bf68
C 254
= 0x7f2a7c19b1e8
R
P 0x7f2a7c191628
C 342
R
P 0x7f2a7c191628
P 0x7f2a7c19b1e8
C 209
R
P 0x7f2a7c191628
C 342
R
P 0x7f2a7c191628
P 0x7f2a7c19bf68
C 260
R
P 0x7f2a7c191628
C 342
R
P 0x7f2a7c191628
P 0x7f2a7c19bf68
C 259
R
P 0x7f2a7c191628
C 342
R
P 0x7f2a7c191628
P 0x7f2a7c19bf68
C 258
R
P 0x7f2a7c191628
C 342
R
P 0x7f2a7c191628
P 0x7f2a7c19bf68
C 9
R
P 0x7f2a7c191628
C 342
R
P 0x7f2a7c191628
U 2
P 0x7f2a7c19bf48
P 0x7f2a7c19bf68
p 2
C 65
= 0x7f2a7c1a1cb8
R
P 0x7f2a7c191628
C 342
R
P 0x7f2a7c191628
P 0x7f2a7c1a1cb8
C 257
R
P 0x7f2a7c191628
C 342
R
P 0x7f2a7c191628
P 0x7f2a7c1a1cb8
C 254
= 0x7f2a7c19b1e8
R
P 0x7f2a7c191628
C 342
R
P 0x7f2a7c191628
P 0x7f2a7c19b1e8
C 209
R
P 0x7f2a7c191628
C 342
R
P 0x7f2a7c191628
P 0x7f2a7c1a1cb8
C 260
R
P 0x7f2a7c191628
C 342
R
P 0x7f2a7c191628
P 0x7f2a7c1a1cb8
C 259
R
P 0x7f2a7c191628
C 342
R
P 0x7f2a7c191628
P 0x7f2a7c1a1cb8
C 258
R
P 0x7f2a7c191628
C 342
R
P 0x7f2a7c191628
P 0x7f2a7c1a1cb8
C 9
R
P 0x7f2a7c191628
C 342
R
P 0x7f2a7c191628
I 4
P 0x7f2a7c19b208
C 150
= 0x7f2a7c19c028
R
P 0x7f2a7c191628
C 342
R
P 0x7f2a7c191628
P 0x7f2a7c19c028
C 258
R
P 0x7f2a7c191628
C 342
R
P 0x7f2a7c191628
P 0x7f2a7c19c028
C 9
R
P 0x7f2a7c191628
C 342
R
P 0x7f2a7c191628
P 0x7f2a7c19c028
C 263
R
P 0x7f2a7c191628
C 342
R
P 0x7f2a7c191628
S "slot4Start"
C 30
R
P 0x7f2a7c191628
C 342
R
P 0x7f2a7c191628
$ |slot4Start|
C 202
R
P 0x7f2a7c191628
C 342
R
P 0x7f2a7c191628
$ |slot4Start|
P 0x7f2a7c19b1e8
C 51
= 0x7f2a7c19c048
R
P 0x7f2a7c191628
C 342
R
P 0x7f2a7c191628
P 0x7f2a7c19c048
C 257
R
P 0x7f2a7c191628
C 342
R
P 0x7f2a7c191628
P 0x7f2a7c19c048
C 254
= 0x7f2a7c19b1e8
R
P 0x7f2a7c191628
C 342
R
P 0x7f2a7c191628
P 0x7f2a7c19b1e8
C 209
R
P 0x7f2a7c191628
C 342
R
P 0x7f2a7c191628
P 0x7f2a7c19c048
C 260
R
P 0x7f2a7c191628
C 342
R
P 0x7f2a7c191628
P 0x7f2a7c19c048
C 259
R
P 0x7f2a7c191628
C 342
R
P 0x7f2a7c191628
P 0x7f2a7c19c048
C 258
R
P 0x7f2a7c191628
C 342
R
P 0x7f2a7c191628
P 0x7f2a7c19c048
C 9
R
P 0x7f2a7c191628
C 342
R
P 0x7f2a7c191628
I 4
P 0x7f2a7c19b208
C 150
= 0x7f2a7c19c028
R
P 0x7f2a7c191628
C 342
R
P 0x7f2a7c191628
P 0x7f2a7c19c028
C 258
R
P 0x7f2a7c191628
C 342
R
P 0x7f2a7c191628
P 0x7f2a7c19c028
C 9
R
P 0x7f2a7c191628
C 342
R
P 0x7f2a7c191628
P 0x7f2a7c19c028
C 263
R
P 0x7f2a7c191628
C 342
R
P 0x7f2a7c191628
S "slot4Duration"
C 30
R
P 0x7f2a7c191628
C 342
R
P 0x7f2a7c191628
$ |slot4Duration|
C 202
R
P 0x7f2a7c191628
C 342
R
P 0x7f2a7c191628
$ |slot4Duration|
P 0x7f2a7c19b1e8
C 51
= 0x7f2a7c19c068
R
P 0x7f2a7c191628
C 342
R
P 0x7f2a7c191628
P 0x7f2a7c19c068
C 257
R
P 0x7f2a7c191628
C 342
R
P 0x7f2a7c191628
P 0x7f2a7c19c068
C 254
= 0x7f2a7c19b1e8
R
P 0x7f2a7c191628
C 342
R
P 0x7f2a7c191628
P 0x7f2a7c19b1e8
C 209
R
P 0x7f2a7c191628
C 342
R
P 0x7f2a7c191628
P 0x7f2a7c19c068
C 260
R
P 0x7f2a7c191628
C 342
R
P 0x7f2a7c191628
P 0x7f2a7c19c068
C 259
R
P 0x7f2a7c191628
C 342
R
P 0x7f2a7c191628
P 0x7f2a7c19c068
C 258
R
P 0x7f2a7c191628
C 342
R
P 0x7f2a7c191628
P 0x7f2a7c19c068
C 9
R
P 0x7f2a7c191628
C 342
R
P 0x7f2a7c191628
U 2
P 0x7f2a7c19c048
P 0x7f2a7c19c068
p 2
C 65
= 0x7f2a7c1a20a8
R
P 0x7f2a7c191628
C 342
R
P 0x7f2a7c191628
P 0x7f2a7c1a20a8
C 257
R
P 0x7f2a7c191628
C 342
R
P 0x7f2a7c191628
P 0x7f2a7c1a20a8
C 254
= 0x7f2a7c19b1e8
R
P 0x7f2a7c191628
C 342
R
P 0x7f2a7c191628
P 0x7f2a7c19b1e8
C 209
R
P 0x7f2a7c191628
C 342
R
P 0x7f2a7c191628
P 0x7f2a7c1a20a8
C 260
R
P 0x7f2a7c191628
C 342
R
P 0x7f2a7c191628
P 0x7f2a7c1a20a8
C 259
R
P 0x7f2a7c191628
C 342
R
P 0x7f2a7c191628
P 0x7f2a7c1a20a8
C 258
R
P 0x7f2a7c191628
C 342
R
P 0x7f2a7c191628
P 0x7f2a7c1a20a8
C 9
R
P 0x7f2a7c191628
C 342
R
P 0x7f2a7c191628
P 0x7f2a7c1a1cb8
P 0x7f2a7c1a20a8
C 74
= 0x7f2a7c1a2968
R
P 0x7f2a7c191628
C 342
R
P 0x7f2a7c191628
P 0x7f2a7c1a2968
C 258
R
P 0x7f2a7c191628
C 342
R
P 0x7f2a7c191628
P 0x7f2a7c1a2968
C 9
R
P 0x7f2a7c191628
C 342
R
P 0x7f2a7c191628
U 2
P 0x7f2a7c1a2930
P 0x7f2a7c1a2968
p 2
C 63
= 0x7f2a7c1a29a0
R
P 0x7f2a7c191628
C 342
R
P 0x7f2a7c191628
P 0x7f2a7c1a29a0
C 258
R
P 0x7f2a7c191628
C 342
R
P 0x7f2a7c191628
P 0x7f2a7c1a29a0
C 9
R
P 0x7f2a7c191628
C 342
R
P 0x7f2a7c191628
P 0x7f2a7c1a29a0
C 58
= 0x7f2a7c19dee8
R
P 0x7f2a7c191628
C 342
R
P 0x7f2a7c191628
P 0x7f2a7c19dee8
C 258
R
P 0x7f2a7c191628
C 342
R
P 0x7f2a7c191628
P 0x7f2a7c19dee8
C 9
R
P 0x7f2a7c191628
C 342
R
P 0x7f2a7c191628
P 0x7f2a7c19d9d8
P 0x7f2a7c19dee8
C 61
= 0x7f2a7c1a29d8
R
P 0x7f2a7c191628
C 342
R
P 0x7f2a7c191628
P 0x7f2a7c1a29d8
C 258
R
P 0x7f2a7c191628
C 342
R
P 0x7f2a7c191628
P 0x7f2a7c1a29d8
C 9
R
P 0x7f2a7c191628
C 342
R
P 0x7f2a7c191628
P 0x7f2a7c1e1fc8
P 0x7f2a7c1a29d8
C 427
R
P 0x7f2a7c191628
C 342
R
P 0x7f2a7c191628
I 1
P 0x7f2a7c19b208
C 150
= 0x7f2a7c19bc88
R
P 0x7f2a7c191628
C 342
R
P 0x7f2a7c191628
P 0x7f2a7c19bc88
C 258
R
P 0x7f2a7c191628
C 342
R
P 0x7f2a7c191628
P 0x7f2a7c19bc88
C 9
R
P 0x7f2a7c191628
C 342
R
P 0x7f2a7c191628
I 5
P 0x7f2a7c19b208
C 150
= 0x7f2a7c19c088
R
P 0x7f2a7c191628
C 342
R
P 0x7f2a7c191628
P 0x7f2a7c19c088
C 258
R
P 0x7f2a7c191628
C 342
R
P 0x7f2a7c191628
P 0x7f2a7c19c088
C 9
R
P 0x7f2a7c191628
C 342
R
P 0x7f2a7c191628
P 0x7f2a7c19bc88
P 0x7f2a7c19c088
C 56
= 0x7f2a7c1a2188
R
P 0x7f2a7c191628
C 342
R
P 0x7f2a7c191628
P 0x7f2a7c1a2188
C 258
R
P 0x7f2a7c191628
C 342
R
P 0x7f2a7c191628
P 0x7f2a7c1a2188
C 9
R
P 0x7f2a7c191628
C 342
R
P 0x7f2a7c191628
P 0x7f2a7c1a2188
C 58
= 0x7f2a7c19dac8
R
P 0x7f2a7c191628
C 342
R
P 0x7f2a7c191628
P 0x7f2a7c19dac8
C 258
R
P 0x7f2a7c191628
C 342
R
P 0x7f2a7c191628
P 0x7f2a7c19dac8
C 9
R
P 0x7f2a7c191628
C 342
R
P 0x7f2a7c191628
I 5
P 0x7f2a7c19b208
C 150
= 0x7f2a7c19c088
R
P 0x7f2a7c191628
C 342
R
P 0x7f2a7c191628
P 0x7f2a7c19c088
C 258
R
P 0x7f2a7c191628
C 342
R
P 0x7f2a7c191628
P 0x7f2a7c19c088
C 9
R
P 0x7f2a7c191628
C 342
R
P 0x7f2a7c191628
P 0x7f2a7c19c088
C 263
R
P 0x7f2a7c191628
C 342
R
P 0x7f2a7c191628
S "slot5Start"
C 30
R
P 0x7f2a7c191628
C 342
R
P 0x7f2a7c191628
$ |slot5Start|
C 202
R
P 0x7f2a7c191628
C 342
R
P 0x7f2a7c191628
$ |slot5Start|
P 0x7f2a7c19b1e8
C 51
= 0x7f2a7c19c0a8
R
P 0x7f2a7c191628
C 342
R
P 0x7f2a7c191628
P 0x7f2a7c19c0a8
C 257
R
P 0x7f2a7c191628
C 342
R
P 0x7f2a7c191628
P 0x7f2a7c19c0a8
C 254
= 0x7f2a7c19b1e8
R
P 0x7f2a7c191628
C 342
R
P 0x7f2a7c191628
P 0x7f2a7c19b1e8
C 209
R
P 0x7f2a7c191628
C 342
R
P 0x7f2a7c191628
P 0x7f2a7c19c0a8
C 260
R
P 0x7f2a7c191628
C 342
R
P 0x7f2a7c191628
P 0x7f2a7c19c0a8
C 259
R
P 0x7f2a7c191628
C 342
R
P 0x7f2a7c191628
P 0x7f2a7c19c0a8
C 258
R
P 0x7f2a7c191628
C 342
R
P 0x7f2a7c191628
P 0x7f2a7c19c0a8
C 9
R
P 0x7f2a7c191628
C 342
R
P 0x7f2a7c191628
I 1
P 0x7f2a7c19b208
C 150
= 0x7f2a7c19bc88
R
P 0x7f2a7c191628
C 342
R
P 0x7f2a7c191628
P 0x7f2a7c19bc88
C 258
R
P 0x7f2a7c191628
C 342
R
P 0x7f2a7c191628
P 0x7f2a7c19bc88
C 9
R
P 0x7f2a7c191628
C 342
R
P 0x7f2a7c191628
P 0x7f2a7c19bc88
C 263
R
P 0x7f2a7c191628
C 342
R
P 0x7f2a7c191628
S "slot1Start"
C 30
R
P 0x7f2a7c191628
C 342
R
P 0x7f2a7c191628
$ |slot1Start|
C 202
R
P 0x7f2a7c191628
C 342
R
P 0x7f2a7c191628
$ |slot1Start|
P 0x7f2a7c19b1e8
C 51
= 0x7f2a7c19bf48
R
P 0x7f2a7c191628
C 342
R
P 0x7f2a7c191628
P 0x7f2a7c19bf48
C 257
R
P 0x7f2a7c191628
C 342
R
P 0x7f2a7c191628
P 0x7f2a7c19bf48
C 254
= 0x7f2a7c19b1e8
R
P 0x7f2a7c191628
C 342
R
P 0x7f2a7c191628
P 0x7f2a7c19b1e8
C 209
R
P 0x7f2a7c191628
C 342
R
P 0x7f2a7c191628
P 0x7f2a7c19bf48
C 260
R
P 0x7f2a7c191628
C 342
R
P 0x7f2a7c191628
P 0x7f2a7c19bf48
C 259
R
P 0x7f2a7c191628
C 342
R
P 0x7f2a7c191628
P 0x7f2a7c19bf48
C 258
R
P 0x7f2a7c191628
C 342
R
P 0x7f2a7c191628
P 0x7f2a7c19bf48
C 9
R
P 0x7f2a7c191628
C 342
R
P 0x7f2a7c191628
I 1
P 0x7f2a7c19b208
C 150
= 0x7f2a7c19bc88
R
P 0x7f2a7c191628
C 342
R
P 0x7f2a7c191628
P 0x7f2a7c19bc88
C 258
R
P 0x7f2a7c191628
C 342
R
P 0x7f2a7c191628
P 0x7f2a7c19bc88
C 9
R
P 0x7f2a7c191628
C 342
R
P 0x7f2a7c191628
P 0x7f2a7c19bc88
C 263
R
P 0x7f2a7c191628
C 342
R
P 0x7f2a7c191628
S "slot1Duration"
C 30
R
P 0x7f2a7c191628
C 342
R
P 0x7f2a7c191628
$ |slot1Duration|
C 202
R
P 0x7f2a7c191628
C 342
R
P 0x7f2a7c191628
$ |slot1Duration|
P 0x7f2a7c19b1e8
C 51
= 0x7f2a7c19bf68
R
P 0x7f2a7c191628
C 342
R
P 0x7f2a7c191628
P 0x7f2a7c19bf68
C 257
R
P 0x7f2a7c191628
C 342
R
P 0x7f2a7c191628
P 0x7f2a7c19bf68
C 254
= 0x7f2a7c19b1e8
R
P 0x7f2a7c191628
C 342
R
P 0x7f2a7c191628
P 0x7f2a7c19b1e8
C 209
R
P 0x7f2a7c191628
C 342
R
P 0x7f2a7c191628
P 0x7f2a7c19bf68
C 260
R
P 0x7f2a7c191628
C 342
R
P 0x7f2a7c191628
P 0x7f2a7c19bf68
C 259
R
P 0x7f2a7c191628
C 342
R
P 0x7f2a7c191628
P 0x7f2a7c19bf68
C 258
R
P 0x7f2a7c191628
C 342
R
P 0x7f2a7c191628
P 0x7f2a7c19bf68
C 9
R
P 0x7f2a7c191628
C 342
R
P 0x7f2a7c191628
U 2
P 0x7f2a7c19bf48
P 0x7f2a7c19bf68
p 2
C 65
= 0x7f2a7c1a1cb8
R
P 0x7f2a7c191628
C 342
R
P 0x7f2a7c191628
P 0x7f2a7c1a1cb8
C 257
R
P 0x7f2a7c191628
C 342
R
P 0x7f2a7c191628
P 0x7f2a7c1a1cb8
C 254
= 0x7f2a7c19b1e8
R
P 0x7f2a7c191628
C 342
R
P 0x7f2a7c191628
P 0x7f2a7c19b1e8
C 209
R
P 0x7f2a7c191628
C 342
R
P 0x7f2a7c191628
P 0x7f2a7c1a1cb8
C 260
R
P 0x7f2a7c191628
C 342
R
P 0x7f2a7c191628
P 0x7f2a7c1a1cb8
C 259
R
P 0x7f2a7c191628
C 342
R
P 0x7f2a7c191628
P 0x7f2a7c1a1cb8
C 258
R
P 0x7f2a7c191628
C 342
R
P 0x7f2a7c191628
P 0x7f2a7c1a1cb8
C 9
R
P 0x7f2a7c191628
C 342
R
P 0x7f2a7c191628
P 0x7f2a7c19c0a8
P 0x7f2a7c1a1cb8
C 74
= 0x7f2a7c1a2a10
R
P 0x7f2a7c191628
C 342
R
P 0x7f2a7c191628
P 0x7f2a7c1a2a10
C 258
R
P 0x7f2a7c191628
C 342
R
P 0x7f2a7c191628
P 0x7f2a7c1a2a10
C 9
R
P 0x7f2a7c191628
C 342
R
P 0x7f2a7c191628
I 1
P 0x7f2a7c19b208
C 150
= 0x7f2a7c19bc88
R
P 0x7f2a7c191628
C 342
R
P 0x7f2a7c191628
P 0x7f2a7c19bc88
C 258
R
P 0x7f2a7c191628
C 342
R
P 0x7f2a7c191628
P 0x7f2a7c19bc88
C 9
R
P 0x7f2a7c191628
C 342
R
P 0x7f2a7c191628
P 0x7f2a7c19bc88
C 263
R
P 0x7f2a7c191628
C 342
R
P 0x7f2a7c191628
S "slot1Start"
C 30
R
P 0x7f2a7c191628
C 342
R
P 0x7f2a7c191628
$ |slot1Start|
C 202
R
P 0x7f2a7c191628
C 342
R
P 0x7f2a7c191628
$ |slot1Start|
P 0x7f2a7c19b1e8
C 51
= 0x7f2a7c19bf48
R
P 0x7f2a7c191628
C 342
R
P 0x7f2a7c191628
P 0x7f2a7c19bf48
C 257
R
P 0x7f2a7c191628
C 342
R
P 0x7f2a7c191628
P 0x7f2a7c19bf48
C 254
= 0x7f2a7c19b1e8
R
P 0x7f2a7c191628
C 342
R
P 0x7f2a7c191628
P 0x7f2a7c19b1e8
C 209
R
P 0x7f2a7c191628
C 342
R
P 0x7f2a7c191628
P 0x7f2a7c19bf48
C 260
R
P 0x7f2a7c191628
C 342
R
P 0x7f2a7c191628
P 0x7f2a7c19bf48
C 259
R
P 0x7f2a7c191628
C 342
R
P 0x7f2a7c191628
P 0x7f2a7c19bf48
C 258
R
P 0x7f2a7c191628
C 342
R
P 0x7f2a7c191628
P 0x7f2a7c19bf48
C 9
R
P 0x7f2a7c191628
C 342
R
P 0x7f2a7c191628
I 1
P 0x7f2a7c19b208
C 150
= 0x7f2a7c19bc88
R
P 0x7f2a7c191628
C 342
R
P 0x7f2a7c191628
P 0x7f2a7c19bc88
C 258
R
P 0x7f2a7c191628
C 342
R
P 0x7f2a7c191628
P 0x7f2a7c19bc88
C 9
R
P 0x7f2a7c191628
C 342
R
P 0x7f2a7c191628
P 0x7f2a7c19bc88
C 263
R
P 0x7f2a7c191628
C 342
R
P 0x7f2a7c191628
S "slot1Duration"
C 30
R
P 0x7f2a7c191628
C 342
R
P 0x7f2a7c191628
$ |slot1Duration|
C 202
R
P 0x7f2a7c191628
C 342
R
P 0x7f2a7c191628
$ |slot1Duration|
P 0x7f2a7c19b1e8
C 51
= 0x7f2a7c19bf68
R
P 0x7f2a7c191628
C 342
R
P 0x7f2a7c191628
P 0x7f2a7c19bf68
C 257
R
P 0x7f2a7c191628
C 342
R
P 0x7f2a7c191628
P 0x7f2a7c19bf68
C 254
= 0x7f2a7c19b1e8
R
P 0x7f2a7c191628
C 342
R
P 0x7f2a7c191628
P 0x7f2a7c19b1e8
C 209
R
P 0x7f2a7c191628
C 342
R
P 0x7f2a7c191628
P 0x7f2a7c19bf68
C 260
R
P 0x7f2a7c191628
C 342
R
P 0x7f2a7c191628
P 0x7f2a7c19bf68
C 259
R
P 0x7f2a7c191628
C 342
R
P 0x7f2a7c191628
P 0x7f2a7c19bf68
C 258
R
P 0x7f2a7c191628
C 342
R
P 0x7f2a7c191628
P 0x7f2a7c19bf68
C 9
R
P 0x7f2a7c191628
C 342
R
P 0x7f2a7c191628
U 2
P 0x7f2a7c19bf48
P 0x7f2a7c19bf68
p 2
C 65
= 0x7f2a7c1a1cb8
R
P 0x7f2a7c191628
C 342
R
P 0x7f2a7c191628
P 0x7f2a7c1a1cb8
C 257
R
P 0x7f2a7c191628
C 342
R
P 0x7f2a7c191628
P 0x7f2a7c1a1cb8
C 254
= 0x7f2a7c19b1e8
R
P 0x7f2a7c191628
C 342
R
P 0x7f2a7c191628
P 0x7f2a7c19b1e8
C 209
R
P 0x7f2a7c191628
C 342
R
P 0x7f2a7c191628
P 0x7f2a7c1a1cb8
C 260
R
P 0x7f2a7c191628
C 342
R
P 0x7f2a7c191628
P 0x7f2a7c1a1cb8
C 259
R
P 0x7f2a7c191628
C 342
R
P 0x7f2a7c191628
P 0x7f2a7c1a1cb8
C 258
R
P 0x7f2a7c191628
C 342
R
P 0x7f2a7c191628
P 0x7f2a7c1a1cb8
C 9
R
P 0x7f2a7c191628
C 342
R
P 0x7f2a7c191628
I 5
P 0x7f2a7c19b208
C 150
= 0x7f2a7c19c088
R
P 0x7f2a7c191628
C 342
R
P 0x7f2a7c191628
P 0x7f2a7c19c088
C 258
R
P 0x7f2a7c191628
C 342
R
P 0x7f2a7c191628
P 0x7f2a7c19c088
C 9
R
P 0x7f2a7c191628
C 342
R
P 0x7f2a7c191628
P 0x7f2a7c19c088
C 263
R
P 0x7f2a7c191628
C 342
R
P 0x7f2a7c191628
S "slot5Start"
C 30
R
P 0x7f2a7c191628
C 342
R
P 0x7f2a7c191628
$ |slot5Start|
C 202
R
P 0x7f2a7c191628
C 342
R
P 0x7f2a7c191628
$ |slot5Start|
P 0x7f2a7c19b1e8
C 51
= 0x7f2a7c19c0a8
R
P 0x7f2a7c191628
C 342
R
P 0x7f2a7c191628
P 0x7f2a7c19c0a8
C 257
R
P 0x7f2a7c191628
C 342
R
P 0x7f2a7c191628
P 0x7f2a7c19c0a8
C 254
= 0x7f2a7c19b1e8
R
P 0x7f2a7c191628
C 342
R
P 0x7f2a7c191628
P 0x7f2a7c19b1e8
C 209
R
P 0x7f2a7c191628
C 342
R
P 0x7f2a7c191628
P 0x7f2a7c19c0a8
C 260
R
P 0x7f2a7c191628
C 342
R
P 0x7f2a7c191628
P 0x7f2a7c19c0a8
C 259
R
P 0x7f2a7c191628
C 342
R
P 0x7f2a7c191628
P 0x7f2a7c19c0a8
C 258
R
P 0x7f2a7c191628
C 342
R
P 0x7f2a7c191628
P 0x7f2a7c19c0a8
C 9
R
P 0x7f2a7c191628
C 342
R
P 0x7f2a7c191628
I 5
P 0x7f2a7c19b208
C 150
= 0x7f2a7c19c088
R
P 0x7f2a7c191628
C 342
R
P 0x7f2a7c191628
P 0x7f2a7c19c088
C 258
R
P 0x7f2a7c191628
C 342
R
P 0x7f2a7c191628
P 0x7f2a7c19c088
C 9
R
P 0x7f2a7c191628
C 342
R
P 0x7f2a7c191628
P 0x7f2a7c19c088
C 263
R
P 0x7f2a7c191628
C 342
R
P 0x7f2a7c191628
S "slot5Duration"
C 30
R
P 0x7f2a7c191628
C 342
R
P 0x7f2a7c191628
$ |slot5Duration|
C 202
R
P 0x7f2a7c191628
C 342
R
P 0x7f2a7c191628
$ |slot5Duration|
P 0x7f2a7c19b1e8
C 51
= 0x7f2a7c19c0c8
R
P 0x7f2a7c191628
C 342
R
P 0x7f2a7c191628
P 0x7f2a7c19c0c8
C 257
R
P 0x7f2a7c191628
C 342
R
P 0x7f2a7c191628
P 0x7f2a7c19c0c8
C 254
= 0x7f2a7c19b1e8
R
P 0x7f2a7c191628
C 342
R
P 0x7f2a7c191628
P 0x7f2a7c19b1e8
C 209
R
P 0x7f2a7c191628
C 342
R
P 0x7f2a7c191628
P 0x7f2a7c19c0c8
C 260
R
P 0x7f2a7c191628
C 342
R
P 0x7f2a7c191628
P 0x7f2a7c19c0c8
C 259
R
P 0x7f2a7c191628
C 342
R
P 0x7f2a7c191628
P 0x7f2a7c19c0c8
C 258
R
P 0x7f2a7c191628
C 342
R
P 0x7f2a7c191628
P 0x7f2a7c19c0c8
C 9
R
P 0x7f2a7c191628
C 342
R
P 0x7f2a7c191628
U 2
P 0x7f2a7c19c0a8
P 0x7f2a7c19c0c8
p 2
C 65
= 0x7f2a7c1a21f8
R
P 0x7f2a7c191628
C 342
R
P 0x7f2a7c191628
P 0x7f2a7c1a21f8
C 257
R
P 0x7f2a7c191628
C 342
R
P 0x7f2a7c191628
P 0x7f2a7c1a21f8
C 254
= 0x7f2a7c19b1e8
R
P 0x7f2a7c191628
C 342
R
P 0x7f2a7c191628
P 0x7f2a7c19b1e8
C 209
R
P 0x7f2a7c191628
C 342
R
P 0x7f2a7c191628
P 0x7f2a7c1a21f8
C 260
R
P 0x7f2a7c191628
C 342
R
P 0x7f2a7c191628
P 0x7f2a7c1a21f8
C 259
R
P 0x7f2a7c191628
C 342
R
P 0x7f2a7c191628
P 0x7f2a7c1a21f8
C 258
R
P 0x7f2a7c191628
C 342
R
P 0x7f2a7c191628
P 0x7f2a7c1a21f8
C 9
R
P 0x7f2a7c191628
C 342
R
P 0x7f2a7c191628
P 0x7f2a7c1a1cb8
P 0x7f2a7c1a21f8
C 74
= 0x7f2a7c1a2a48
R
P 0x7f2a7c191628
C 342
R
P 0x7f2a7c191628
P 0x7f2a7c1a2a48
C 258
R
P 0x7f2a7c191628
C 342
R
P 0x7f2a7c191628
P 0x7f2a7c1a2a48
C 9
R
P 0x7f2a7c191628
C 342
R
P 0x7f2a7c191628
U 2
P 0x7f2a7c1a2a10
P 0x7f2a7c1a2a48
p 2
C 63
= 0x7f2a7c1a2a80
R
P 0x7f2a7c191628
C 342
R
P 0x7f2a7c191628
P 0x7f2a7c1a2a80
C 258
R
P 0x7f2a7c191628
C 342
R
P 0x7f2a7c191628
P 0x7f2a7c1a2a80
C 9
R
P 0x7f2a7c191628
C 342
R
P 0x7f2a7c191628
P 0x7f2a7c1a2a80
C 58
= 0x7f2a7c19df18
R
P 0x7f2a7c191628
C 342
R
P 0x7f2a7c191628
P 0x7f2a7c19df18
C 258
R
P 0x7f2a7c191628
C 342
R
P 0x7f2a7c191628
P 0x7f2a7c19df18
C 9
R
P 0x7f2a7c191628
C 342
R
P 0x7f2a7c191628
P 0x7f2a7c19dac8
P 0x7f2a7c19df18
C 61
= 0x7f2a7c1a2ab8
R
P 0x7f2a7c191628
C 342
R
P 0x7f2a7c191628
P 0x7f2a7c1a2ab8
C 258
R
P 0x7f2a7c191628
C 342
R
P 0x7f2a7c191628
P 0x7f2a7c1a2ab8
C 9
R
P 0x7f2a7c191628
C 342
R
P 0x7f2a7c191628
P 0x7f2a7c1e1fc8
P 0x7f2a7c1a2ab8
C 427
R
P 0x7f2a7c191628
C 342
R
P 0x7f2a7c191628
I 1
P 0x7f2a7c19b208
C 150
= 0x7f2a7c19bc88
R
P 0x7f2a7c191628
C 342
R
P 0x7f2a7c191628
P 0x7f2a7c19bc88
C 258
R
P 0x7f2a7c191628
C 342
R
P 0x7f2a7c191628
P 0x7f2a7c19bc88
C 9
R
P 0x7f2a7c191628
C 342
R
P 0x7f2a7c191628
I 6
P 0x7f2a7c19b208
C 150
= 0x7f2a7c19c0e8
R
P 0x7f2a7c191628
C 342
R
P 0x7f2a7c191628
P 0x7f2a7c19c0e8
C 258
R
P 0x7f2a7c191628
C 342
R
P 0x7f2a7c191628
P 0x7f2a7c19c0e8
C 9
R
P 0x7f2a7c191628
C 342
R
P 0x7f2a7c191628
P 0x7f2a7c19bc88
P 0x7f2a7c19c0e8
C 56
= 0x7f2a7c1a22d8
R
P 0x7f2a7c191628
C 342
R
P 0x7f2a7c191628
P 0x7f2a7c1a22d8
C 258
R
P 0x7f2a7c191628
C 342
R
P 0x7f2a7c191628
P 0x7f2a7c1a22d8
C 9
R
P 0x7f2a7c191628
C 342
R
P 0x7f2a7c191628
P 0x7f2a7c1a22d8
C 58
= 0x7f2a7c19dbb8
R
P 0x7f2a7c191628
C 342
R
P 0x7f2a7c191628
P 0x7f2a7c19dbb8
C 258
R
P 0x7f2a7c191628
C 342
R
P 0x7f2a7c191628
P 0x7f2a7c19dbb8
C 9
R
P 0x7f2a7c191628
C 342
R
P 0x7f2a7c191628
I 6
P 0x7f2a7c19b208
C 150
= 0x7f2a7c19c0e8
R
P 0x7f2a7c191628
C 342
R
P 0x7f2a7c191628
P 0x7f2a7c19c0e8
C 258
R
P 0x7f2a7c191628
C 342
R
P 0x7f2a7c191628
P 0x7f2a7c19c0e8
C 9
R
P 0x7f2a7c191628
C 342
R
P 0x7f2a7c191628
P 0x7f2a7c19c0e8
C 263
R
P 0x7f2a7c191628
C 342
R
P 0x7f2a7c191628
S "slot6Start"
C 30
R
P 0x7f2a7c191628
C 342
R
P 0x7f2a7c191628
$ |slot6Start|
C 202
R
P 0x7f2a7c191628
C 342
R
P 0x7f2a7c191628
$ |slot6Start|
P 0x7f2a7c19b1e8
C 51
= 0x7f2a7c19c108
R
P 0x7f2a7c191628
C 342
R
P 0x7f2a7c191628
P 0x7f2a7c19c108
C 257
R
P 0x7f2a7c191628
C 342
R
P 0x7f2a7c191628
P 0x7f2a7c19c108
C 254
= 0x7f2a7c19b1e8
R
P 0x7f2a7c191628
C 342
R
P 0x7f2a7c191628
P 0x7f2a7c19b1e8
C 209
R
P 0x7f2a7c191628
C 342
R
P 0x7f2a7c191628
P 0x7f2a7c19c108
C 260
R
P 0x7f2a7c191628
C 342
R
P 0x7f2a7c191628
P 0x7f2a7c19c108
C 259
R
P 0x7f2a7c191628
C 342
R
P 0x7f2a7c191628
P 0x7f2a7c19c108
C 258
R
P 0x7f2a7c191628
C 342
R
P 0x7f2a7c191628
P 0x7f2a7c19c108
C 9
R
P 0x7f2a7c191628
C 342
R
P 0x7f2a7c191628
I 1
P 0x7f2a7c19b208
C 150
= 0x7f2a7c19bc88
R
P 0x7f2a7c191628
C 342
R
P 0x7f2a7c191628
P 0x7f2a7c19bc88
C 258
R
P 0x7f2a7c191628
C 342
R
P 0x7f2a7c191628
P 0x7f2a7c19bc88
C 9
R
P 0x7f2a7c191628
C 342
R
P 0x7f2a7c191628
P 0x7f2a7c19bc88
C 263
R
P 0x7f2a7c191628
C 342
R
P 0x7f2a7c191628
S "slot1Start"
C 30
R
P 0x7f2a7c191628
C 342
R
P 0x7f2a7c191628
$ |slot1Start|
C 202
R
P 0x7f2a7c191628
C 342
R
P 0x7f2a7c191628
$ |slot1Start|
P 0x7f2a7c19b1e8
C 51
= 0x7f2a7c19bf48
R
P 0x7f2a7c191628
C 342
R
P 0x7f2a7c191628
P 0x7f2a7c19bf48
C 257
R
P 0x7f2a7c191628
C 342
R
P 0x7f2a7c191628
P 0x7f2a7c19bf48
C 254
= 0x7f2a7c19b1e8
R
P 0x7f2a7c191628
C 342
R
P 0x7f2a7c191628
P 0x7f2a7c19b1e8
C 209
R
P 0x7f2a7c191628
C 342
R
P 0x7f2a7c191628
P 0x7f2a7c19bf48
C 260
R
P 0x7f2a7c191628
C 342
R
P 0x7f2a7c191628
P 0x7f2a7c19bf48
C 259
R
P 0x7f2a7c191628
C 342
R
P 0x7f2a7c191628
P 0x7f2a7c19bf48
C 258
R
P 0x7f2a7c191628
C 342
R
P 0x7f2a7c191628
P 0x7f2a7c19bf48
C 9
R
P 0x7f2a7c191628
C 342
R
P 0x7f2a7c191628
I 1
P 0x7f2a7c19b208
C 150
= 0x7f2a7c19bc88
R
P 0x7f2a7c191628
C 342
R
P 0x7f2a7c191628
P 0x7f2a7c19bc88
C 258
R
P 0x7f2a7c191628
C 342
R
P 0x7f2a7c191628
P 0x7f2a7c19bc88
C 9
R
P 0x7f2a7c191628
C 342
R
P 0x7f2a7c191628
P 0x7f2a7c19bc88
C 263
R
P 0x7f2a7c191628
C 342
R
P 0x7f2a7c191628
S "slot1Duration"
C 30
R
P 0x7f2a7c191628
C 342
R
P 0x7f2a7c191628
$ |slot1Duration|
C 202
R
P 0x7f2a7c191628
C 342
R
P 0x7f2a7c191628
$ |slot1Duration|
P 0x7f2a7c19b1e8
C 51
= 0x7f2a7c19bf68
R
P 0x7f2a7c191628
C 342
R
P 0x7f2a7c191628
P 0x7f2a7c19bf68
C 257
R
P 0x7f2a7c191628
C 342
R
P 0x7f2a7c191628
P 0x7f2a7c19bf68
C 254
= 0x7f2a7c19b1e8
R
P 0x7f2a7c191628
C 342
R
P 0x7f2a7c191628
P 0x7f2a7c19b1e8
C 209
R
P 0x7f2a7c191628
C 342
R
P 0x7f2a7c191628
P 0x7f2a7c19bf68
C 260
R
P 0x7f2a7c191628
C 342
R
P 0x7f2a7c191628
P 0x7f2a7c19bf68
C 259
R
P 0x7f2a7c191628
C 342
R
P 0x7f2a7c191628
P 0x7f2a7c19bf68
C 258
R
P 0x7f2a7c191628
C 342
R
P 0x7f2a7c191628
P 0x7f2a7c19bf68
C 9
R
P 0x7f2a7c191628
C 342
R
P 0x7f2a7c191628
U 2
P 0x7f2a7c19bf48
P 0x7f2a7c19bf68
p 2
C 65
= 0x7f2a7c1a1cb8
R
P 0x7f2a7c191628
C 342
R
P 0x7f2a7c191628
P 0x7f2a7c1a1cb8
C 257
R
P 0x7f2a7c191628
C 342
R
P 0x7f2a7c191628
P 0x7f2a7c1a1cb8
C 254
= 0x7f2a7c19b1e8
R
P 0x7f2a7c191628
C 342
R
P 0x7f2a7c191628
P 0x7f2a7c19b1e8
C 209
R
P 0x7f2a7c191628
C 342
R
P 0x7f2a7c191628
P 0x7f2a7c1a1cb8
C 260
R
P 0x7f2a7c191628
C 342
R
P 0x7f2a7c191628
P 0x7f2a7c1a1cb8
C 259
R
P 0x7f2a7c191628
C 342
R
P 0x7f2a7c191628
P 0x7f2a7c1a1cb8
C 258
R
P 0x7f2a7c191628
C 342
R
P 0x7f2a7c191628
P 0x7f2a7c1a1cb8
C 9
R
P 0x7f2a7c191628
C 342
R
P 0x7f2a7c191628
P 0x7f2a7c19c108
P 0x7f2a7c1a1cb8
C 74
= 0x7f2a7c1a2af0
R
P 0x7f2a7c191628
C 342
R
P 0x7f2a7c191628
P 0x7f2a7c1a2af0
C 258
R
P 0x7f2a7c191628
C 342
R
P 0x7f2a7c191628
P 0x7f2a7c1a2af0
C 9
R
P 0x7f2a7c191628
C 342
R
P 0x7f2a7c191628
I 1
P 0x7f2a7c19b208
C 150
= 0x7f2a7c19bc88
R
P 0x7f2a7c191628
C 342
R
P 0x7f2a7c191628
P 0x7f2a7c19bc88
C 258
R
P 0x7f2a7c191628
C 342
R
P 0x7f2a7c191628
P 0x7f2a7c19bc88
C 9
R
P 0x7f2a7c191628
C 342
R
P 0x7f2a7c191628
P 0x7f2a7c19bc88
C 263
R
P 0x7f2a7c191628
C 342
R
P 0x7f2a7c191628
S "slot1Start"
C 30
R
P 0x7f2a7c191628
C 342
R
P 0x7f2a7c191628
$ |slot1Start|
C 202
R
P 0x7f2a7c191628
C 342
R
P 0x7f2a7c191628
$ |slot1Start|
P 0x7f2a7c19b1e8
C 51
= 0x7f2a7c19bf48
R
P 0x7f2a7c191628
C 342
R
P 0x7f2a7c191628
P 0x7f2a7c19bf48
C 257
R
P 0x7f2a7c191628
C 342
R
P 0x7f2a7c191628
P 0x7f2a7c19bf48
C 254
= 0x7f2a7c19b1e8
R
P 0x7f2a7c191628
C 342
R
P 0x7f2a7c191628
P 0x7f2a7c19b1e8
C 209
R
P 0x7f2a7c191628
C 342
R
P 0x7f2a7c191628
P 0x7f2a7c19bf48
C 260
R
P 0x7f2a7c191628
C 342
R
P 0x7f2a7c191628
P 0x7f2a7c19bf48
C 259
R
P 0x7f2a7c191628
C 342
R
P 0x7f2a7c191628
P 0x7f2a7c19bf48
C 258
R
P 0x7f2a7c191628
C 342
R
P 0x7f2a7c191628
P 0x7f2a7c19bf48
C 9
R
P 0x7f2a7c191628
C 342
R
P 0x7f2a7c191628
I 1
P 0x7f2a7c19b208
C 150
= 0x7f2a7c19bc88
R
P 0x7f2a7c191628
C 342
R
P 0x7f2a7c191628
P 0x7f2a7c19bc88
C 258
R
P 0x7f2a7c191628
C 342
R
P 0x7f2a7c191628
P 0x7f2a7c19bc88
C 9
R
P 0x7f2a7c191628
C 342
R
P 0x7f2a7c191628
P 0x7f2a7c19bc88
C 263
R
P 0x7f2a7c191628
C 342
R
P 0x7f2a7c191628
S "slot1Duration"
C 30
R
P 0x7f2a7c191628
C 342
R
P 0x7f2a7c191628
$ |slot1Duration|
C 202
R
P 0x7f2a7c191628
C 342
R
P 0x7f2a7c191628
$ |slot1Duration|
P 0x7f2a7c19b1e8
C 51
= 0x7f2a7c19bf68
R
P 0x7f2a7c191628
C 342
R
P 0x7f2a7c191628
P 0x7f2a7c19bf68
C 257
R
P 0x7f2a7c191628
C 342
R
P 0x7f2a7c191628
P 0x7f2a7c19bf68
C 254
= 0x7f2a7c19b1e8
R
P 0x7f2a7c191628
C 342
R
P 0x7f2a7c191628
P 0x7f2a7c19b1e8
C 209
R
P 0x7f2a7c191628
C 342
R
P 0x7f2a7c191628
P 0x7f2a7c19bf68
C 260
R
P 0x7f2a7c191628
C 342
R
P 0x7f2a7c191628
P 0x7f2a7c19bf68
C 259
R
P 0x7f2a7c191628
C 342
R
P 0x7f2a7c191628
P 0x7f2a7c19bf68
C 258
R
P 0x7f2a7c191628
C 342
R
P 0x7f2a7c191628
P 0x7f2a7c19bf68
C 9
R
P 0x7f2a7c191628
C 342
R
P 0x7f2a7c191628
U 2
P 0x7f2a7c19bf48
P 0x7f2a7c19bf68
p 2
C 65
= 0x7f2a7c1a1cb8
R
P 0x7f2a7c191628
C 342
R
P 0x7f2a7c191628
P 0x7f2a7c1a1cb8
C 257
R
P 0x7f2a7c191628
C 342
R
P 0x7f2a7c191628
P 0x7f2a7c1a1cb8
C 254
= 0x7f2a7c19b1e8
R
P 0x7f2a7c191628
C 342
R
P 0x7f2a7c191628
P 0x7f2a7c19b1e8
C 209
R
P 0x7f2a7c191628
C 342
R
P 0x7f2a7c191628
P 0x7f2a7c1a1cb8
C 260
R
P 0x7f2a7c191628
C 342
R
P 0x7f2a7c191628
P 0x7f2a7c1a1cb8
C 259
R
P 0x7f2a7c191628
C 342
R
P 0x7f2a7c191628
P 0x7f2a7c1a1cb8
C 258
R
P 0x7f2a7c191628
C 342
R
P 0x7f2a7c191628
P 0x7f2a7c1a1cb8
C 9
R
P 0x7f2a7c191628
C 342
R
P 0x7f2a7c191628
I 6
P 0x7f2a7c19b208
C 150
= 0x7f2a7c19c0e8
R
P 0x7f2a7c191628
C 342
R
P 0x7f2a7c191628
P 0x7f2a7c19c0e8
C 258
R
P 0x7f2a7c191628
C 342
R
P 0x7f2a7c191628
P 0x7f2a7c19c0e8
C 9
R
P 0x7f2a7c191628
C 342
R
P 0x7f2a7c191628
P 0x7f2a7c19c0e8
C 263
R
P 0x7f2a7c191628
C 342
R
P 0x7f2a7c191628
S "slot6Start"
C 30
R
P 0x7f2a7c191628
C 342
R
P 0x7f2a7c191628
$ |slot6Start|
C 202
R
P 0x7f2a7c191628
C 342
R
P 0x7f2a7c191628
$ |slot6Start|
P 0x7f2a7c19b1e8
C 51
= 0x7f2a7c19c108
R
P 0x7f2a7c191628
C 342
R
P 0x7f2a7c191628
P 0x7f2a7c19c108
C 257
R
P 0x7f2a7c191628
C 342
R
P 0x7f2a7c191628
P 0x7f2a7c19c108
C 254
= 0x7f2a7c19b1e8
R
P 0x7f2a7c191628
C 342
R
P 0x7f2a7c191628
P 0x7f2a7c19b1e8
C 209
R
P 0x7f2a7c191628
C 342
R
P 0x7f2a7c191628
P 0x7f2a7c19c108
C 260
R
P 0x7f2a7c191628
C 342
R
P 0x7f2a7c191628
P 0x7f2a7c19c108
C 259
R
P 0x7f2a7c191628
C 342
R
P 0x7f2a7c191628
P 0x7f2a7c19c108
C 258
R
P 0x7f2a7c191628
C 342
R
P 0x7f2a7c191628
P 0x7f2a7c19c108
C 9
R
P 0x7f2a7c191628
C 342
R
P 0x7f2a7c191628
I 6
P 0x7f2a7c19b208
C 150
= 0x7f2a7c19c0e8
R
P 0x7f2a7c191628
C 342
R
P 0x7f2a7c191628
P 0x7f2a7c19c0e8
C 258
R
P 0x7f2a7c191628
C 342
R
P 0x7f2a7c191628
P 0x7f2a7c19c0e8
C 9
R
P 0x7f2a7c191628
C 342
R
P 0x7f2a7c191628
P 0x7f2a7c19c0e8
C 263
R
P 0x7f2a7c191628
C 342
R
P 0x7f2a7c191628
S "slot6Duration"
C 30
R
P 0x7f2a7c191628
C 342
R
P 0x7f2a7c191628
$ |slot6Duration|
C 202
R
P 0x7f2a7c191628
C 342
R
P 0x7f2a7c191628
$ |slot6Duration|
P 0x7f2a7c19b1e8
C 51
= 0x7f2a7c19c128
R
P 0x7f2a7c191628
C 342
R
P 0x7f2a7c191628
P 0x7f2a7c19c128
C 257
R
P 0x7f2a7c191628
C 342
R
P 0x7f2a7c191628
P 0x7f2a7c19c128
C 254
= 0x7f2a7c19b1e8
R
P 0x7f2a7c191628
C 342
R
P 0x7f2a7c191628
P 0x7f2a7c19b1e8
C 209
R
P 0x7f2a7c191628
C 342
R
P 0x7f2a7c191628
P 0x7f2a7c19c128
C 260
R
P 0x7f2a7c191628
C 342
R
P 0x7f2a7c191628
P 0x7f2a7c19c128
C 259
R
P 0x7f2a7c191628
C 342
R
P 0x7f2a7c191628
P 0x7f2a7c19c128
C 258
R
P 0x7f2a7c191628
C 342
R
P 0x7f2a7c191628
P 0x7f2a7c19c128
C 9
R
P 0x7f2a7c191628
C 342
R
P 0x7f2a7c191628
U 2
P 0x7f2a7c19c108
P 0x7f2a7c19c128
p 2
C 65
= 0x7f2a7c1a2348
R
P 0x7f2a7c191628
C 342
R
P 0x7f2a7c191628
P 0x7f2a7c1a2348
C 257
R
P 0x7f2a7c191628
C 342
R
P 0x7f2a7c191628
P 0x7f2a7c1a2348
C 254
= 0x7f2a7c19b1e8
R
P 0x7f2a7c191628
C 342
R
P 0x7f2a7c191628
P 0x7f2a7c19b1e8
C 209
R
P 0x7f2a7c191628
C 342
R
P 0x7f2a7c191628
P 0x7f2a7c1a2348
C 260
R
P 0x7f2a7c191628
C 342
R
P 0x7f2a7c191628
P 0x7f2a7c1a2348
C 259
R
P 0x7f2a7c191628
C 342
R
P 0x7f2a7c191628
P 0x7f2a7c1a2348
C 258
R
P 0x7f2a7c191628
C 342
R
P 0x7f2a7c191628
P 0x7f2a7c1a2348
C 9
R
P 0x7f2a7c191628
C 342
R
P 0x7f2a7c191628
P 0x7f2a7c1a1cb8
P 0x7f2a7c1a2348
C 74
= 0x7f2a7c1a2b28
R
P 0x7f2a7c191628
C 342
R
P 0x7f2a7c191628
P 0x7f2a7c1a2b28
C 258
R
P 0x7f2a7c191628
C 342
R
P 0x7f2a7c191628
P 0x7f2a7c1a2b28
C 9
R
P 0x7f2a7c191628
C 342
R
P 0x7f2a7c191628
U 2
P 0x7f2a7c1a2af0
P 0x7f2a7c1a2b28
p 2
C 63
= 0x7f2a7c1a2b60
R
P 0x7f2a7c191628
C 342
R
P 0x7f2a7c191628
P 0x7f2a7c1a2b60
C 258
R
P 0x7f2a7c191628
C 342
R
P 0x7f2a7c191628
P 0x7f2a7c1a2b60
C 9
R
P 0x7f2a7c191628
C 342
R
P 0x7f2a7c191628
P 0x7f2a7c1a2b60
C 58
= 0x7f2a7c19df48
R
P 0x7f2a7c191628
C 342
R
P 0x7f2a7c191628
P 0x7f2a7c19df48
C 258
R
P 0x7f2a7c191628
C 342
R
P 0x7f2a7c191628
P 0x7f2a7c19df48
C 9
R
P 0x7f2a7c191628
C 342
R
P 0x7f2a7c191628
P 0x7f2a7c19dbb8
P 0x7f2a7c19df48
C 61
= 0x7f2a7c1a2b98
R
P 0x7f2a7c191628
C 342
R
P 0x7f2a7c191628
P 0x7f2a7c1a2b98
C 258
R
P 0x7f2a7c191628
C 342
R
P 0x7f2a7c191628
P 0x7f2a7c1a2b98
C 9
R
P 0x7f2a7c191628
C 342
R
P 0x7f2a7c191628
P 0x7f2a7c1e1fc8
P 0x7f2a7c1a2b98
C 427
R
P 0x7f2a7c191628
C 342
R
P 0x7f2a7c191628
I 1
P 0x7f2a7c19b208
C 150
= 0x7f2a7c19bc88
R
P 0x7f2a7c191628
C 342
R
P 0x7f2a7c191628
P 0x7f2a7c19bc88
C 258
R
P 0x7f2a7c191628
C 342
R
P 0x7f2a7c191628
P 0x7f2a7c19bc88
C 9
R
P 0x7f2a7c191628
C 342
R
P 0x7f2a7c191628
I 7
P 0x7f2a7c19b208
C 150
= 0x7f2a7c19c148
R
P 0x7f2a7c191628
C 342
R
P 0x7f2a7c191628
P 0x7f2a7c19c148
C 258
R
P 0x7f2a7c191628
C 342
R
P 0x7f2a7c191628
P 0x7f2a7c19c148
C 9
R
P 0x7f2a7c191628
C 342
R
P 0x7f2a7c191628
P 0x7f2a7c19bc88
P 0x7f2a7c19c148
C 56
= 0x7f2a7c1a2428
R
P 0x7f2a7c191628
C 342
R
P 0x7f2a7c191628
P 0x7f2a7c1a2428
C 258
R
P 0x7f2a7c191628
C 342
R
P 0x7f2a7c191628
P 0x7f2a7c1a2428
C 9
R
P 0x7f2a7c191628
C 342
R
P 0x7f2a7c191628
P 0x7f2a7c1a2428
C 58
= 0x7f2a7c19dca8
R
P 0x7f2a7c191628
C 342
R
P 0x7f2a7c191628
P 0x7f2a7c19dca8
C 258
R
P 0x7f2a7c191628
C 342
R
P 0x7f2a7c191628
P 0x7f2a7c19dca8
C 9
R
P 0x7f2a7c191628
C 342
R
P 0x7f2a7c191628
I 7
P 0x7f2a7c19b208
C 150
= 0x7f2a7c19c148
R
P 0x7f2a7c191628
C 342
R
P 0x7f2a7c191628
P 0x7f2a7c19c148
C 258
R
P 0x7f2a7c191628
C 342
R
P 0x7f2a7c191628
P 0x7f2a7c19c148
C 9
R
P 0x7f2a7c191628
C 342
R
P 0x7f2a7c191628
P 0x7f2a7c19c148
C 263
R
P 0x7f2a7c191628
C 342
R
P 0x7f2a7c191628
S "slot7Start"
C 30
R
P 0x7f2a7c191628
C 342
R
P 0x7f2a7c191628
$ |slot7Start|
C 202
R
P 0x7f2a7c191628
C 342
R
P 0x7f2a7c191628
$ |slot7Start|
P 0x7f2a7c19b1e8
C 51
= 0x7f2a7c19c168
R
P 0x7f2a7c191628
C 342
R
P 0x7f2a7c191628
P 0x7f2a7c19c168
C 257
R
P 0x7f2a7c191628
C 342
R
P 0x7f2a7c191628
P 0x7f2a7c19c168
C 254
= 0x7f2a7c19b1e8
R
P 0x7f2a7c191628
C 342
R
P 0x7f2a7c191628
P 0x7f2a7c19b1e8
C 209
R
P 0x7f2a7c191628
C 342
R
P 0x7f2a7c191628
P 0x7f2a7c19c168
C 260
R
P 0x7f2a7c191628
C 342
R
P 0x7f2a7c191628
P 0x7f2a7c19c168
C 259
R
P 0x7f2a7c191628
C 342
R
P 0x7f2a7c191628
P 0x7f2a7c19c168
C 258
R
P 0x7f2a7c191628
C 342
R
P 0x7f2a7c191628
P 0x7f2a7c19c168
C 9
R
P 0x7f2a7c191628
C 342
R
P 0x7f2a7c191628
I 1
P 0x7f2a7c19b208
C 150
= 0x7f2a7c19bc88
R
P 0x7f2a7c191628
C 342
R
P 0x7f2a7c191628
P 0x7f2a7c19bc88
C 258
R
P 0x7f2a7c191628
C 342
R
P 0x7f2a7c191628
P 0x7f2a7c19bc88
C 9
R
P 0x7f2a7c191628
C 342
R
P 0x7f2a7c191628
P 0x7f2a7c19bc88
C 263
R
P 0x7f2a7c191628
C 342
R
P 0x7f2a7c191628
S "slot1Start"
C 30
R
P 0x7f2a7c191628
C 342
R
P 0x7f2a7c191628
$ |slot1Start|
C 202
R
P 0x7f2a7c191628
C 342
R
P 0x7f2a7c191628
$ |slot1Start|
P 0x7f2a7c19b1e8
C 51
= 0x7f2a7c19bf48
R
P 0x7f2a7c191628
C 342
R
P 0x7f2a7c191628
P 0x7f2a7c19bf48
C 257
R
P 0x7f2a7c191628
C 342
R
P 0x7f2a7c191628
P 0x7f2a7c19bf48
C 254
= 0x7f2a7c19b1e8
R
P 0x7f2a7c191628
C 342
R
P 0x7f2a7c191628
P 0x7f2a7c19b1e8
C 209
R
P 0x7f2a7c191628
C 342
R
P 0x7f2a7c191628
P 0x7f2a7c19bf48
C 260
R
P 0x7f2a7c191628
C 342
R
P 0x7f2a7c191628
P 0x7f2a7c19bf48
C 259
R
P 0x7f2a7c191628
C 342
R
P 0x7f2a7c191628
P 0x7f2a7c19bf48
C 258
R
P 0x7f2a7c191628
C 342
R
P 0x7f2a7c191628
P 0x7f2a7c19bf48
C 9
R
P 0x7f2a7c191628
C 342
R
P 0x7f2a7c191628
I 1
P 0x7f2a7c19b208
C 150
= 0x7f2a7c19bc88
R
P 0x7f2a7c191628
C 342
R
P 0x7f2a7c191628
P 0x7f2a7c19bc88
C 258
R
P 0x7f2a7c191628
C 342
R
P 0x7f2a7c191628
P 0x7f2a7c19bc88
C 9
R
P 0x7f2a7c191628
C 342
R
P 0x7f2a7c191628
P 0x7f2a7c19bc88
C 263
R
P 0x7f2a7c191628
C 342
R
P 0x7f2a7c191628
S "slot1Duration"
C 30
R
P 0x7f2a7c191628
C 342
R
P 0x7f2a7c191628
$ |slot1Duration|
C 202
R
P 0x7f2a7c191628
C 342
R
P 0x7f2a7c191628
$ |slot1Duration|
P 0x7f2a7c19b1e8
C 51
= 0x7f2a7c19bf68
R
P 0x7f2a7c191628
C 342
R
P 0x7f2a7c191628
P 0x7f2a7c19bf68
C 257
R
P 0x7f2a7c191628
C 342
R
P 0x7f2a7c191628
P 0x7f2a7c19bf68
C 254
= 0x7f2a7c19b1e8
R
P 0x7f2a7c191628
C 342
R
P 0x7f2a7c191628
P 0x7f2a7c19b1e8
C 209
R
P 0x7f2a7c191628
C 342
R
P 0x7f2a7c191628
P 0x7f2a7c19bf68
C 260
R
P 0x7f2a7c191628
C 342
R
P 0x7f2a7c191628
P 0x7f2a7c19bf68
C 259
R
P 0x7f2a7c191628
C 342
R
P 0x7f2a7c191628
P 0x7f2a7c19bf68
C 258
R
P 0x7f2a7c191628
C 342
R
P 0x7f2a7c191628
P 0x7f2a7c19bf68
C 9
R
P 0x7f2a7c191628
C 342
R
P 0x7f2a7c191628
U 2
P 0x7f2a7c19bf48
P 0x7f2a7c19bf68
p 2
C 65
= 0x7f2a7c1a1cb8
R
P 0x7f2a7c191628
C 342
R
P 0x7f2a7c191628
P 0x7f2a7c1a1cb8
C 257
R
P 0x7f2a7c191628
C 342
R
P 0x7f2a7c191628
P 0x7f2a7c1a1cb8
C 254
= 0x7f2a7c19b1e8
R
P 0x7f2a7c191628
C 342
R
P 0x7f2a7c191628
P 0x7f2a7c19b1e8
C 209
R
P 0x7f2a7c191628
C 342
R
P 0x7f2a7c191628
P 0x7f2a7c1a1cb8
C 260
R
P 0x7f2a7c191628
C 342
R
P 0x7f2a7c191628
P 0x7f2a7c1a1cb8
C 259
R
P 0x7f2a7c191628
C 342
R
P 0x7f2a7c191628
P 0x7f2a7c1a1cb8
C 258
R
P 0x7f2a7c191628
C 342
R
P 0x7f2a7c191628
P 0x7f2a7c1a1cb8
C 9
R
P 0x7f2a7c191628
C 342
R
P 0x7f2a7c191628
P 0x7f2a7c19c168
P 0x7f2a7c1a1cb8
C 74
= 0x7f2a7c1a2bd0
R
P 0x7f2a7c191628
C 342
R
P 0x7f2a7c191628
P 0x7f2a7c1a2bd0
C 258
R
P 0x7f2a7c191628
C 342
R
P 0x7f2a7c191628
P 0x7f2a7c1a2bd0
C 9
R
P 0x7f2a7c191628
C 342
R
P 0x7f2a7c191628
I 1
P 0x7f2a7c19b208
C 150
= 0x7f2a7c19bc88
R
P 0x7f2a7c191628
C 342
R
P 0x7f2a7c191628
P 0x7f2a7c19bc88
C 258
R
P 0x7f2a7c191628
C 342
R
P 0x7f2a7c191628
P 0x7f2a7c19bc88
C 9
R
P 0x7f2a7c191628
C 342
R
P 0x7f2a7c191628
P 0x7f2a7c19bc88
C 263
R
P 0x7f2a7c191628
C 342
R
P 0x7f2a7c191628
S "slot1Start"
C 30
R
P 0x7f2a7c191628
C 342
R
P 0x7f2a7c191628
$ |slot1Start|
C 202
R
P 0x7f2a7c191628
C 342
R
P 0x7f2a7c191628
$ |slot1Start|
P 0x7f2a7c19b1e8
C 51
= 0x7f2a7c19bf48
R
P 0x7f2a7c191628
C 342
R
P 0x7f2a7c191628
P 0x7f2a7c19bf48
C 257
R
P 0x7f2a7c191628
C 342
R
P 0x7f2a7c191628
P 0x7f2a7c19bf48
C 254
= 0x7f2a7c19b1e8
R
P 0x7f2a7c191628
C 342
R
P 0x7f2a7c191628
P 0x7f2a7c19b1e8
C 209
R
P 0x7f2a7c191628
C 342
R
P 0x7f2a7c191628
P 0x7f2a7c19bf48
C 260
R
P 0x7f2a7c191628
C 342
R
P 0x7f2a7c191628
P 0x7f2a7c19bf48
C 259
R
P 0x7f2a7c191628
C 342
R
P 0x7f2a7c191628
P 0x7f2a7c19bf48
C 258
R
P 0x7f2a7c191628
C 342
R
P 0x7f2a7c191628
P 0x7f2a7c19bf48
C 9
R
P 0x7f2a7c191628
C 342
R
P 0x7f2a7c191628
I 1
P 0x7f2a7c19b208
C 150
= 0x7f2a7c19bc88
R
P 0x7f2a7c191628
C 342
R
P 0x7f2a7c191628
P 0x7f2a7c19bc88
C 258
R
P 0x7f2a7c191628
C 342
R
P 0x7f2a7c191628
P 0x7f2a7c19bc88
C 9
R
P 0x7f2a7c191628
C 342
R
P 0x7f2a7c191628
P 0x7f2a7c19bc88
C 263
R
P 0x7f2a7c191628
C 342
R
P 0x7f2a7c191628
S "slot1Duration"
C 30
R
P 0x7f2a7c191628
C 342
R
P 0x7f2a7c191628
$ |slot1Duration|
C 202
R
P 0x7f2a7c191628
C 342
R
P 0x7f2a7c191628
$ |slot1Duration|
P 0x7f2a7c19b1e8
C 51
= 0x7f2a7c19bf68
R
P 0x7f2a7c191628
C 342
R
P 0x7f2a7c191628
P 0x7f2a7c19bf68
C 257
R
P 0x7f2a7c191628
C 342
R
P 0x7f2a7c191628
P 0x7f2a7c19bf68
C 254
= 0x7f2a7c19b1e8
R
P 0x7f2a7c191628
C 342
R
P 0x7f2a7c191628
P 0x7f2a7c19b1e8
C 209
R
P 0x7f2a7c191628
C 342
R
P 0x7f2a7c191628
P 0x7f2a7c19bf68
C 260
R
P 0x7f2a7c191628
C 342
R
P 0x7f2a7c191628
P 0x7f2a7c19bf68
C 259
R
P 0x7f2a7c191628
C 342
R
P 0x7f2a7c191628
P 0x7f2a7c19bf68
C 258
R
P 0x7f2a7c191628
C 342
R
P 0x7f2a7c191628
P 0x7f2a7c19bf68
C 9
R
P 0x7f2a7c191628
C 342
R
P 0x7f2a7c191628
U 2
P 0x7f2a7c19bf48
P 0x7f2a7c19bf68
p 2
C 65
= 0x7f2a7c1a1cb8
R
P 0x7f2a7c191628
C 342
R
P 0x7f2a7c191628
P 0x7f2a7c1a1cb8
C 257
R
P 0x7f2a7c191628
C 342
R
P 0x7f2a7c191628
P 0x7f2a7c1a1cb8
C 254
= 0x7f2a7c19b1e8
R
P 0x7f2a7c191628
C 342
R
P 0x7f2a7c191628
P 0x7f2a7c19b1e8
C 209
R
P 0x7f2a7c191628
C 342
R
P 0x7f2a7c191628
P 0x7f2a7c1a1cb8
C 260
R
P 0x7f2a7c191628
C 342
R
P 0x7f2a7c191628
P 0x7f2a7c1a1cb8
C 259
R
P 0x7f2a7c191628
C 342
R
P 0x7f2a7c191628
P 0x7f2a7c1a1cb8
C 258
R
P 0x7f2a7c191628
C 342
R
P 0x7f2a7c191628
P 0x7f2a7c1a1cb8
C 9
R
P 0x7f2a7c191628
C 342
R
P 0x7f2a7c191628
I 7
P 0x7f2a7c19b208
C 150
= 0x7f2a7c19c148
R
P 0x7f2a7c191628
C 342
R
P 0x7f2a7c191628
P 0x7f2a7c19c148
C 258
R
P 0x7f2a7c191628
C 342
R
P 0x7f2a7c191628
P 0x7f2a7c19c148
C 9
R
P 0x7f2a7c191628
C 342
R
P 0x7f2a7c191628
P 0x7f2a7c19c148
C 263
R
P 0x7f2a7c191628
C 342
R
P 0x7f2a7c191628
S "slot7Start"
C 30
R
P 0x7f2a7c191628
C 342
R
P 0x7f2a7c191628
$ |slot7Start|
C 202
R
P 0x7f2a7c191628
C 342
R
P 0x7f2a7c191628
$ |slot7Start|
P 0x7f2a7c19b1e8
C 51
= 0x7f2a7c19c168
R
P 0x7f2a7c191628
C 342
R
P 0x7f2a7c191628
P 0x7f2a7c19c168
C 257
R
P 0x7f2a7c191628
C 342
R
P 0x7f2a7c191628
P 0x7f2a7c19c168
C 254
= 0x7f2a7c19b1e8
R
P 0x7f2a7c191628
C 342
R
P 0x7f2a7c191628
P 0x7f2a7c19b1e8
C 209
R
P 0x7f2a7c191628
C 342
R
P 0x7f2a7c191628
P 0x7f2a7c19c168
C 260
R
P 0x7f2a7c191628
C 342
R
P 0x7f2a7c191628
P 0x7f2a7c19c168
C 259
R
P 0x7f2a7c191628
C 342
R
P 0x7f2a7c191628
P 0x7f2a7c19c168
C 258
R
P 0x7f2a7c191628
C 342
R
P 0x7f2a7c191628
P 0x7f2a7c19c168
C 9
R
P 0x7f2a7c191628
C 342
R
P 0x7f2a7c191628
I 7
P 0x7f2a7c19b208
C 150
= 0x7f2a7c19c148
R
P 0x7f2a7c191628
C 342
R
P 0x7f2a7c191628
P 0x7f2a7c19c148
C 258
R
P 0x7f2a7c191628
C 342
R
P 0x7f2a7c191628
P 0x7f2a7c19c148
C 9
R
P 0x7f2a7c191628
C 342
R
P 0x7f2a7c191628
P 0x7f2a7c19c148
C 263
R
P 0x7f2a7c191628
C 342
R
P 0x7f2a7c191628
S "slot7Duration"
C 30
R
P 0x7f2a7c191628
C 342
R
P 0x7f2a7c191628
$ |slot7Duration|
C 202
R
P 0x7f2a7c191628
C 342
R
P 0x7f2a7c191628
$ |slot7Duration|
P 0x7f2a7c19b1e8
C 51
= 0x7f2a7c19c188
R
P 0x7f2a7c191628
C 342
R
P 0x7f2a7c191628
P 0x7f2a7c19c188
C 257
R
P 0x7f2a7c191628
C 342
R
P 0x7f2a7c191628
P 0x7f2a7c19c188
C 254
= 0x7f2a7c19b1e8
R
P 0x7f2a7c191628
C 342
R
P 0x7f2a7c191628
P 0x7f2a7c19b1e8
C 209
R
P 0x7f2a7c191628
C 342
R
P 0x7f2a7c191628
P 0x7f2a7c19c188
C 260
R
P 0x7f2a7c191628
C 342
R
P 0x7f2a7c191628
P 0x7f2a7c19c188
C 259
R
P 0x7f2a7c191628
C 342
R
P 0x7f2a7c191628
P 0x7f2a7c19c188
C 258
R
P 0x7f2a7c191628
C 342
R
P 0x7f2a7c191628
P 0x7f2a7c19c188
C 9
R
P 0x7f2a7c191628
C 342
R
P 0x7f2a7c191628
U 2
P 0x7f2a7c19c168
P 0x7f2a7c19c188
p 2
C 65
= 0x7f2a7c1a2498
R
P 0x7f2a7c191628
C 342
R
P 0x7f2a7c191628
P 0x7f2a7c1a2498
C 257
R
P 0x7f2a7c191628
C 342
R
P 0x7f2a7c191628
P 0x7f2a7c1a2498
C 254
= 0x7f2a7c19b1e8
R
P 0x7f2a7c191628
C 342
R
P 0x7f2a7c191628
P 0x7f2a7c19b1e8
C 209
R
P 0x7f2a7c191628
C 342
R
P 0x7f2a7c191628
P 0x7f2a7c1a2498
C 260
R
P 0x7f2a7c191628
C 342
R
P 0x7f2a7c191628
P 0x7f2a7c1a2498
C 259
R
P 0x7f2a7c191628
C 342
R
P 0x7f2a7c191628
P 0x7f2a7c1a2498
C 258
R
P 0x7f2a7c191628
C 342
R
P 0x7f2a7c191628
P 0x7f2a7c1a2498
C 9
R
P 0x7f2a7c191628
C 342
R
P 0x7f2a7c191628
P 0x7f2a7c1a1cb8
P 0x7f2a7c1a2498
C 74
= 0x7f2a7c1a2c08
R
P 0x7f2a7c191628
C 342
R
P 0x7f2a7c191628
P 0x7f2a7c1a2c08
C 258
R
P 0x7f2a7c191628
C 342
R
P 0x7f2a7c191628
P 0x7f2a7c1a2c08
C 9
R
P 0x7f2a7c191628
C 342
R
P 0x7f2a7c191628
U 2
P 0x7f2a7c1a2bd0
P 0x7f2a7c1a2c08
p 2
C 63
= 0x7f2a7c1a2c40
R
P 0x7f2a7c191628
C 342
R
P 0x7f2a7c191628
P 0x7f2a7c1a2c40
C 258
R
P 0x7f2a7c191628
C 342
R
P 0x7f2a7c191628
P 0x7f2a7c1a2c40
C 9
R
P 0x7f2a7c191628
C 342
R
P 0x7f2a7c191628
P 0x7f2a7c1a2c40
C 58
= 0x7f2a7c19df78
R
P 0x7f2a7c191628
C 342
R
P 0x7f2a7c191628
P 0x7f2a7c19df78
C 258
R
P 0x7f2a7c191628
C 342
R
P 0x7f2a7c191628
P 0x7f2a7c19df78
C 9
R
P 0x7f2a7c191628
C 342
R
P 0x7f2a7c191628
P 0x7f2a7c19dca8
P 0x7f2a7c19df78
C 61
= 0x7f2a7c1a2c78
R
P 0x7f2a7c191628
C 342
R
P 0x7f2a7c191628
P 0x7f2a7c1a2c78
C 258
R
P 0x7f2a7c191628
C 342
R
P 0x7f2a7c191628
P 0x7f2a7c1a2c78
C 9
R
P 0x7f2a7c191628
C 342
R
P 0x7f2a7c191628
P 0x7f2a7c1e1fc8
P 0x7f2a7c1a2c78
C 427
R
P 0x7f2a7c191628
C 342
R
P 0x7f2a7c191628
I 1
P 0x7f2a7c19b208
C 150
= 0x7f2a7c19bc88
R
P 0x7f2a7c191628
C 342
R
P 0x7f2a7c191628
P 0x7f2a7c19bc88
C 258
R
P 0x7f2a7c191628
C 342
R
P 0x7f2a7c191628
P 0x7f2a7c19bc88
C 9
R
P 0x7f2a7c191628
C 342
R
P 0x7f2a7c191628
I 8
P 0x7f2a7c19b208
C 150
= 0x7f2a7c19c1a8
R
P 0x7f2a7c191628
C 342
R
P 0x7f2a7c191628
P 0x7f2a7c19c1a8
C 258
R
P 0x7f2a7c191628
C 342
R
P 0x7f2a7c191628
P 0x7f2a7c19c1a8
C 9
R
P 0x7f2a7c191628
C 342
R
P 0x7f2a7c191628
P 0x7f2a7c19bc88
P 0x7f2a7c19c1a8
C 56
= 0x7f2a7c1a2578
R
P 0x7f2a7c191628
C 342
R
P 0x7f2a7c191628
P 0x7f2a7c1a2578
C 258
R
P 0x7f2a7c191628
C 342
R
P 0x7f2a7c191628
P 0x7f2a7c1a2578
C 9
R
P 0x7f2a7c191628
C 342
R
P 0x7f2a7c191628
P 0x7f2a7c1a2578
C 58
= 0x7f2a7c19dd98
R
P 0x7f2a7c191628
C 342
R
P 0x7f2a7c191628
P 0x7f2a7c19dd98
C 258
R
P 0x7f2a7c191628
C 342
R
P 0x7f2a7c191628
P 0x7f2a7c19dd98
C 9
R
P 0x7f2a7c191628
C 342
R
P 0x7f2a7c191628
I 8
P 0x7f2a7c19b208
C 150
= 0x7f2a7c19c1a8
R
P 0x7f2a7c191628
C 342
R
P 0x7f2a7c191628
P 0x7f2a7c19c1a8
C 258
R
P 0x7f2a7c191628
C 342
R
P 0x7f2a7c191628
P 0x7f2a7c19c1a8
C 9
R
P 0x7f2a7c191628
C 342
R
P 0x7f2a7c191628
P 0x7f2a7c19c1a8
C 263
R
P 0x7f2a7c191628
C 342
R
P 0x7f2a7c191628
S "slot8Start"
C 30
R
P 0x7f2a7c191628
C 342
R
P 0x7f2a7c191628
$ |slot8Start|
C 202
R
P 0x7f2a7c191628
C 342
R
P 0x7f2a7c191628
$ |slot8Start|
P 0x7f2a7c19b1e8
C 51
= 0x7f2a7c19c1c8
R
P 0x7f2a7c191628
C 342
R
P 0x7f2a7c191628
P 0x7f2a7c19c1c8
C 257
R
P 0x7f2a7c191628
C 342
R
P 0x7f2a7c191628
P 0x7f2a7c19c1c8
C 254
= 0x7f2a7c19b1e8
R
P 0x7f2a7c191628
C 342
R
P 0x7f2a7c191628
P 0x7f2a7c19b1e8
C 209
R
P 0x7f2a7c191628
C 342
R
P 0x7f2a7c191628
P 0x7f2a7c19c1c8
C 260
R
P 0x7f2a7c191628
C 342
R
P 0x7f2a7c191628
P 0x7f2a7c19c1c8
C 259
R
P 0x7f2a7c191628
C 342
R
P 0x7f2a7c191628
P 0x7f2a7c19c1c8
C 258
R
P 0x7f2a7c191628
C 342
R
P 0x7f2a7c191628
P 0x7f2a7c19c1c8
C 9
R
P 0x7f2a7c191628
C 342
R
P 0x7f2a7c191628
I 1
P 0x7f2a7c19b208
C 150
= 0x7f2a7c19bc88
R
P 0x7f2a7c191628
C 342
R
P 0x7f2a7c191628
P 0x7f2a7c19bc88
C 258
R
P 0x7f2a7c191628
C 342
R
P 0x7f2a7c191628
P 0x7f2a7c19bc88
C 9
R
P 0x7f2a7c191628
C 342
R
P 0x7f2a7c191628
P 0x7f2a7c19bc88
C 263
R
P 0x7f2a7c191628
C 342
R
P 0x7f2a7c191628
S "slot1Start"
C 30
R
P 0x7f2a7c191628
C 342
R
P 0x7f2a7c191628
$ |slot1Start|
C 202
R
P 0x7f2a7c191628
C 342
R
P 0x7f2a7c191628
$ |slot1Start|
P 0x7f2a7c19b1e8
C 51
= 0x7f2a7c19bf48
R
P 0x7f2a7c191628
C 342
R
P 0x7f2a7c191628
P 0x7f2a7c19bf48
C 257
R
P 0x7f2a7c191628
C 342
R
P 0x7f2a7c191628
P 0x7f2a7c19bf48
C 254
= 0x7f2a7c19b1e8
R
P 0x7f2a7c191628
C 342
R
P 0x7f2a7c191628
P 0x7f2a7c19b1e8
C 209
R
P 0x7f2a7c191628
C 342
R
P 0x7f2a7c191628
P 0x7f2a7c19bf48
C 260
R
P 0x7f2a7c191628
C 342
R
P 0x7f2a7c191628
P 0x7f2a7c19bf48
C 259
R
P 0x7f2a7c191628
C 342
R
P 0x7f2a7c191628
P 0x7f2a7c19bf48
C 258
R
P 0x7f2a7c191628
C 342
R
P 0x7f2a7c191628
P 0x7f2a7c19bf48
C 9
R
P 0x7f2a7c191628
C 342
R
P 0x7f2a7c191628
I 1
P 0x7f2a7c19b208
C 150
= 0x7f2a7c19bc88
R
P 0x7f2a7c191628
C 342
R
P 0x7f2a7c191628
P 0x7f2a7c19bc88
C 258
R
P 0x7f2a7c191628
C 342
R
P 0x7f2a7c191628
P 0x7f2a7c19bc88
C 9
R
P 0x7f2a7c191628
C 342
R
P 0x7f2a7c191628
P 0x7f2a7c19bc88
C 263
R
P 0x7f2a7c191628
C 342
R
P 0x7f2a7c191628
S "slot1Duration"
C 30
R
P 0x7f2a7c191628
C 342
R
P 0x7f2a7c191628
$ |slot1Duration|
C 202
R
P 0x7f2a7c191628
C 342
R
P 0x7f2a7c191628
$ |slot1Duration|
P 0x7f2a7c19b1e8
C 51
= 0x7f2a7c19bf68
R
P 0x7f2a7c191628
C 342
R
P 0x7f2a7c191628
P 0x7f2a7c19bf68
C 257
R
P 0x7f2a7c191628
C 342
R
P 0x7f2a7c191628
P 0x7f2a7c19bf68
C 254
= 0x7f2a7c19b1e8
R
P 0x7f2a7c191628
C 342
R
P 0x7f2a7c191628
P 0x7f2a7c19b1e8
C 209
R
P 0x7f2a7c191628
C 342
R
P 0x7f2a7c191628
P 0x7f2a7c19bf68
C 260
R
P 0x7f2a7c191628
C 342
R
P 0x7f2a7c191628
P 0x7f2a7c19bf68
C 259
R
P 0x7f2a7c191628
C 342
R
P 0x7f2a7c191628
P 0x7f2a7c19bf68
C 258
R
P 0x7f2a7c191628
C 342
R
P 0x7f2a7c191628
P 0x7f2a7c19bf68
C 9
R
P 0x7f2a7c191628
C 342
R
P 0x7f2a7c191628
U 2
P 0x7f2a7c19bf48
P 0x7f2a7c19bf68
p 2
C 65
= 0x7f2a7c1a1cb8
R
P 0x7f2a7c191628
C 342
R
P 0x7f2a7c191628
P 0x7f2a7c1a1cb8
C 257
R
P 0x7f2a7c191628
C 342
R
P 0x7f2a7c191628
P 0x7f2a7c1a1cb8
C 254
= 0x7f2a7c19b1e8
R
P 0x7f2a7c191628
C 342
R
P 0x7f2a7c191628
P 0x7f2a7c19b1e8
C 209
R
P 0x7f2a7c191628
C 342
R
P 0x7f2a7c191628
P 0x7f2a7c1a1cb8
C 260
R
P 0x7f2a7c191628
C 342
R
P 0x7f2a7c191628
P 0x7f2a7c1a1cb8
C 259
R
P 0x7f2a7c191628
C 342
R
P 0x7f2a7c191628
P 0x7f2a7c1a1cb8
C 258
R
P 0x7f2a7c191628
C 342
R
P 0x7f2a7c191628
P 0x7f2a7c1a1cb8
C 9
R
P 0x7f2a7c191628
C 342
R
P 0x7f2a7c191628
P 0x7f2a7c19c1c8
P 0x7f2a7c1a1cb8
C 74
= 0x7f2a7c1a2cb0
R
P 0x7f2a7c191628
C 342
R
P 0x7f2a7c191628
P 0x7f2a7c1a2cb0
C 258
R
P 0x7f2a7c191628
C 342
R
P 0x7f2a7c191628
P 0x7f2a7c1a2cb0
C 9
R
P 0x7f2a7c191628
C 342
R
P 0x7f2a7c191628
I 1
P 0x7f2a7c19b208
C 150
= 0x7f2a7c19bc88
R
P 0x7f2a7c191628
C 342
R
P 0x7f2a7c191628
P 0x7f2a7c19bc88
C 258
R
P 0x7f2a7c191628
C 342
R
P 0x7f2a7c191628
P 0x7f2a7c19bc88
C 9
R
P 0x7f2a7c191628
C 342
R
P 0x7f2a7c191628
P 0x7f2a7c19bc88
C 263
R
P 0x7f2a7c191628
C 342
R
P 0x7f2a7c191628
S "slot1Start"
C 30
R
P 0x7f2a7c191628
C 342
R
P 0x7f2a7c191628
$ |slot1Start|
C 202
R
P 0x7f2a7c191628
C 342
R
P 0x7f2a7c191628
$ |slot1Start|
P 0x7f2a7c19b1e8
C 51
= 0x7f2a7c19bf48
R
P 0x7f2a7c191628
C 342
R
P 0x7f2a7c191628
P 0x7f2a7c19bf48
C 257
R
P 0x7f2a7c191628
C 342
R
P 0x7f2a7c191628
P 0x7f2a7c19bf48
C 254
= 0x7f2a7c19b1e8
R
P 0x7f2a7c191628
C 342
R
P 0x7f2a7c191628
P 0x7f2a7c19b1e8
C 209
R
P 0x7f2a7c191628
C 342
R
P 0x7f2a7c191628
P 0x7f2a7c19bf48
C 260
R
P 0x7f2a7c191628
C 342
R
P 0x7f2a7c191628
P 0x7f2a7c19bf48
C 259
R
P 0x7f2a7c191628
C 342
R
P 0x7f2a7c191628
P 0x7f2a7c19bf48
C 258
R
P 0x7f2a7c191628
C 342
R
P 0x7f2a7c191628
P 0x7f2a7c19bf48
C 9
R
P 0x7f2a7c191628
C 342
R
P 0x7f2a7c191628
I 1
P 0x7f2a7c19b208
C 150
= 0x7f2a7c19bc88
R
P 0x7f2a7c191628
C 342
R
P 0x7f2a7c191628
P 0x7f2a7c19bc88
C 258
R
P 0x7f2a7c191628
C 342
R
P 0x7f2a7c191628
P 0x7f2a7c19bc88
C 9
R
P 0x7f2a7c191628
C 342
R
P 0x7f2a7c191628
P 0x7f2a7c19bc88
C 263
R
P 0x7f2a7c191628
C 342
R
P 0x7f2a7c191628
S "slot1Duration"
C 30
R
P 0x7f2a7c191628
C 342
R
P 0x7f2a7c191628
$ |slot1Duration|
C 202
R
P 0x7f2a7c191628
C 342
R
P 0x7f2a7c191628
$ |slot1Duration|
P 0x7f2a7c19b1e8
C 51
= 0x7f2a7c19bf68
R
P 0x7f2a7c191628
C 342
R
P 0x7f2a7c191628
P 0x7f2a7c19bf68
C 257
R
P 0x7f2a7c191628
C 342
R
P 0x7f2a7c191628
P 0x7f2a7c19bf68
C 254
= 0x7f2a7c19b1e8
R
P 0x7f2a7c191628
C 342
R
P 0x7f2a7c191628
P 0x7f2a7c19b1e8
C 209
R
P 0x7f2a7c191628
C 342
R
P 0x7f2a7c191628
P 0x7f2a7c19bf68
C 260
R
P 0x7f2a7c191628
C 342
R
P 0x7f2a7c191628
P 0x7f2a7c19bf68
C 259
R
P 0x7f2a7c191628
C 342
R
P 0x7f2a7c191628
P 0x7f2a7c19bf68
C 258
R
P 0x7f2a7c191628
C 342
R
P 0x7f2a7c191628
P 0x7f2a7c19bf68
C 9
R
P 0x7f2a7c191628
C 342
R
P 0x7f2a7c191628
U 2
P 0x7f2a7c19bf48
P 0x7f2a7c19bf68
p 2
C 65
= 0x7f2a7c1a1cb8
R
P 0x7f2a7c191628
C 342
R
P 0x7f2a7c191628
P 0x7f2a7c1a1cb8
C 257
R
P 0x7f2a7c191628
C 342
R
P 0x7f2a7c191628
P 0x7f2a7c1a1cb8
C 254
= 0x7f2a7c19b1e8
R
P 0x7f2a7c191628
C 342
R
P 0x7f2a7c191628
P 0x7f2a7c19b1e8
C 209
R
P 0x7f2a7c191628
C 342
R
P 0x7f2a7c191628
P 0x7f2a7c1a1cb8
C 260
R
P 0x7f2a7c191628
C 342
R
P 0x7f2a7c191628
P 0x7f2a7c1a1cb8
C 259
R
P 0x7f2a7c191628
C 342
R
P 0x7f2a7c191628
P 0x7f2a7c1a1cb8
C 258
R
P 0x7f2a7c191628
C 342
R
P 0x7f2a7c191628
P 0x7f2a7c1a1cb8
C 9
R
P 0x7f2a7c191628
C 342
R
P 0x7f2a7c191628
I 8
P 0x7f2a7c19b208
C 150
= 0x7f2a7c19c1a8
R
P 0x7f2a7c191628
C 342
R
P 0x7f2a7c191628
P 0x7f2a7c19c1a8
C 258
R
P 0x7f2a7c191628
C 342
R
P 0x7f2a7c191628
P 0x7f2a7c19c1a8
C 9
R
P 0x7f2a7c191628
C 342
R
P 0x7f2a7c191628
P 0x7f2a7c19c1a8
C 263
R
P 0x7f2a7c191628
C 342
R
P 0x7f2a7c191628
S "slot8Start"
C 30
R
P 0x7f2a7c191628
C 342
R
P 0x7f2a7c191628
$ |slot8Start|
C 202
R
P 0x7f2a7c191628
C 342
R
P 0x7f2a7c191628
$ |slot8Start|
P 0x7f2a7c19b1e8
C 51
= 0x7f2a7c19c1c8
R
P 0x7f2a7c191628
C 342
R
P 0x7f2a7c191628
P 0x7f2a7c19c1c8
C 257
R
P 0x7f2a7c191628
C 342
R
P 0x7f2a7c191628
P 0x7f2a7c19c1c8
C 254
= 0x7f2a7c19b1e8
R
P 0x7f2a7c191628
C 342
R
P 0x7f2a7c191628
P 0x7f2a7c19b1e8
C 209
R
P 0x7f2a7c191628
C 342
R
P 0x7f2a7c191628
P 0x7f2a7c19c1c8
C 260
R
P 0x7f2a7c191628
C 342
R
P 0x7f2a7c191628
P 0x7f2a7c19c1c8
C 259
R
P 0x7f2a7c191628
C 342
R
P 0x7f2a7c191628
P 0x7f2a7c19c1c8
C 258
R
P 0x7f2a7c191628
C 342
R
P 0x7f2a7c191628
P 0x7f2a7c19c1c8
C 9
R
P 0x7f2a7c191628
C 342
R
P 0x7f2a7c191628
I 8
P 0x7f2a7c19b208
C 150
= 0x7f2a7c19c1a8
R
P 0x7f2a7c191628
C 342
R
P 0x7f2a7c191628
P 0x7f2a7c19c1a8
C 258
R
P 0x7f2a7c191628
C 342
R
P 0x7f2a7c191628
P 0x7f2a7c19c1a8
C 9
R
P 0x7f2a7c191628
C 342
R
P 0x7f2a7c191628
P 0x7f2a7c19c1a8
C 263
R
P 0x7f2a7c191628
C 342
R
P 0x7f2a7c191628
S "slot8Duration"
C 30
R
P 0x7f2a7c191628
C 342
R
P 0x7f2a7c191628
$ |slot8Duration|
C 202
R
P 0x7f2a7c191628
C 342
R
P 0x7f2a7c191628
$ |slot8Duration|
P 0x7f2a7c19b1e8
C 51
= 0x7f2a7c19c1e8
R
P 0x7f2a7c191628
C 342
R
P 0x7f2a7c191628
P 0x7f2a7c19c1e8
C 257
R
P 0x7f2a7c191628
C 342
R
P 0x7f2a7c191628
P 0x7f2a7c19c1e8
C 254
= 0x7f2a7c19b1e8
R
P 0x7f2a7c191628
C 342
R
P 0x7f2a7c191628
P 0x7f2a7c19b1e8
C 209
R
P 0x7f2a7c191628
C 342
R
P 0x7f2a7c191628
P 0x7f2a7c19c1e8
C 260
R
P 0x7f2a7c191628
C 342
R
P 0x7f2a7c191628
P 0x7f2a7c19c1e8
C 259
R
P 0x7f2a7c191628
C 342
R
P 0x7f2a7c191628
P 0x7f2a7c19c1e8
C 258
R
P 0x7f2a7c191628
C 342
R
P 0x7f2a7c191628
P 0x7f2a7c19c1e8
C 9
R
P 0x7f2a7c191628
C 342
R
P 0x7f2a7c191628
U 2
P 0x7f2a7c19c1c8
P 0x7f2a7c19c1e8
p 2
C 65
= 0x7f2a7c1a25e8
R
P 0x7f2a7c191628
C 342
R
P 0x7f2a7c191628
P 0x7f2a7c1a25e8
C 257
R
P 0x7f2a7c191628
C 342
R
P 0x7f2a7c191628
P 0x7f2a7c1a25e8
C 254
= 0x7f2a7c19b1e8
R
P 0x7f2a7c191628
C 342
R
P 0x7f2a7c191628
P 0x7f2a7c19b1e8
C 209
R
P 0x7f2a7c191628
C 342
R
P 0x7f2a7c191628
P 0x7f2a7c1a25e8
C 260
R
P 0x7f2a7c191628
C 342
R
P 0x7f2a7c191628
P 0x7f2a7c1a25e8
C 259
R
P 0x7f2a7c191628
C 342
R
P 0x7f2a7c191628
P 0x7f2a7c1a25e8
C 258
R
P 0x7f2a7c191628
C 342
R
P 0x7f2a7c191628
P 0x7f2a7c1a25e8
C 9
R
P 0x7f2a7c191628
C 342
R
P 0x7f2a7c191628
P 0x7f2a7c1a1cb8
P 0x7f2a7c1a25e8
C 74
= 0x7f2a7c1a2ce8
R
P 0x7f2a7c191628
C 342
R
P 0x7f2a7c191628
P 0x7f2a7c1a2ce8
C 258
R
P 0x7f2a7c191628
C 342
R
P 0x7f2a7c191628
P 0x7f2a7c1a2ce8
C 9
R
P 0x7f2a7c191628
C 342
R
P 0x7f2a7c191628
U 2
P 0x7f2a7c1a2cb0
P 0x7f2a7c1a2ce8
p 2
C 63
= 0x7f2a7c1a2d20
R
P 0x7f2a7c191628
C 342
R
P 0x7f2a7c191628
P 0x7f2a7c1a2d20
C 258
R
P 0x7f2a7c191628
C 342
R
P 0x7f2a7c191628
P 0x7f2a7c1a2d20
C 9
R
P 0x7f2a7c191628
C 342
R
P 0x7f2a7c191628
P 0x7f2a7c1a2d20
C 58
= 0x7f2a7c19dfa8
R
P 0x7f2a7c191628
C 342
R
P 0x7f2a7c191628
P 0x7f2a7c19dfa8
C 258
R
P 0x7f2a7c191628
C 342
R
P 0x7f2a7c191628
P 0x7f2a7c19dfa8
C 9
R
P 0x7f2a7c191628
C 342
R
P 0x7f2a7c191628
P 0x7f2a7c19dd98
P 0x7f2a7c19dfa8
C 61
= 0x7f2a7c1a2d58
R
P 0x7f2a7c191628
C 342
R
P 0x7f2a7c191628
P 0x7f2a7c1a2d58
C 258
R
P 0x7f2a7c191628
C 342
R
P 0x7f2a7c191628
P 0x7f2a7c1a2d58
C 9
R
P 0x7f2a7c191628
C 342
R
P 0x7f2a7c191628
P 0x7f2a7c1e1fc8
P 0x7f2a7c1a2d58
C 427
R
P 0x7f2a7c191628
C 342
R
P 0x7f2a7c191628
I 2
P 0x7f2a7c19b208
C 150
= 0x7f2a7c19bcc8
R
P 0x7f2a7c191628
C 342
R
P 0x7f2a7c191628
P 0x7f2a7c19bcc8
C 258
R
P 0x7f2a7c191628
C 342
R
P 0x7f2a7c191628
P 0x7f2a7c19bcc8
C 9
R
P 0x7f2a7c191628
C 342
R
P 0x7f2a7c191628
P 0x7f2a7c19bcc8
C 263
R
P 0x7f2a7c191628
C 342
R
P 0x7f2a7c191628
S "slot2Start"
C 30
R
P 0x7f2a7c191628
C 342
R
P 0x7f2a7c191628
$ |slot2Start|
C 202
R
P 0x7f2a7c191628
C 342
R
P 0x7f2a7c191628
$ |slot2Start|
P 0x7f2a7c19b1e8
C 51
= 0x7f2a7c19bf88
R
P 0x7f2a7c191628
C 342
R
P 0x7f2a7c191628
P 0x7f2a7c19bf88
C 257
R
P 0x7f2a7c191628
C 342
R
P 0x7f2a7c191628
P 0x7f2a7c19bf88
C 254
= 0x7f2a7c19b1e8
R
P 0x7f2a7c191628
C 342
R
P 0x7f2a7c191628
P 0x7f2a7c19b1e8
C 209
R
P 0x7f2a7c191628
C 342
R
P 0x7f2a7c191628
P 0x7f2a7c19bf88
C 260
R
P 0x7f2a7c191628
C 342
R
P 0x7f2a7c191628
P 0x7f2a7c19bf88
C 259
R
P 0x7f2a7c191628
C 342
R
P 0x7f2a7c191628
P 0x7f2a7c19bf88
C 258
R
P 0x7f2a7c191628
C 342
R
P 0x7f2a7c191628
P 0x7f2a7c19bf88
C 9
R
P 0x7f2a7c191628
C 342
R
P 0x7f2a7c191628
I 0
P 0x7f2a7c19b208
C 150
= 0x7f2a7c19bd08
R
P 0x7f2a7c191628
C 342
R
P 0x7f2a7c191628
P 0x7f2a7c19bd08
C 258
R
P 0x7f2a7c191628
C 342
R
P 0x7f2a7c191628
P 0x7f2a7c19bd08
C 9
R
P 0x7f2a7c191628
C 342
R
P 0x7f2a7c191628
P 0x7f2a7c19bf88
P 0x7f2a7c19bd08
C 76
= 0x7f2a7c1a2d90
R
P 0x7f2a7c191628
C 342
R
P 0x7f2a7c191628
P 0x7f2a7c1a2d90
C 258
R
P 0x7f2a7c191628
C 342
R
P 0x7f2a7c191628
P 0x7f2a7c1a2d90
C 9
R
P 0x7f2a7c191628
C 342
R
P 0x7f2a7c191628
P 0x7f2a7c1e1fc8
P 0x7f2a7c1a2d90
C 427
R
P 0x7f2a7c191628
C 342
R
P 0x7f2a7c191628
I 2
P 0x7f2a7c19b208
C 150
= 0x7f2a7c19bcc8
R
P 0x7f2a7c191628
C 342
R
P 0x7f2a7c191628
P 0x7f2a7c19bcc8
C 258
R
P 0x7f2a7c191628
C 342
R
P 0x7f2a7c191628
P 0x7f2a7c19bcc8
C 9
R
P 0x7f2a7c191628
C 342
R
P 0x7f2a7c191628
P 0x7f2a7c19bcc8
C 263
R
P 0x7f2a7c191628
C 342
R
P 0x7f2a7c191628
S "slot2Start"
C 30
R
P 0x7f2a7c191628
C 342
R
P 0x7f2a7c191628
$ |slot2Start|
C 202
R
P 0x7f2a7c191628
C 342
R
P 0x7f2a7c191628
$ |slot2Start|
P 0x7f2a7c19b1e8
C 51
= 0x7f2a7c19bf88
R
P 0x7f2a7c191628
C 342
R
P 0x7f2a7c191628
P 0x7f2a7c19bf88
C 257
R
P 0x7f2a7c191628
C 342
R
P 0x7f2a7c191628
P 0x7f2a7c19bf88
C 254
= 0x7f2a7c19b1e8
R
P 0x7f2a7c191628
C 342
R
P 0x7f2a7c191628
P 0x7f2a7c19b1e8
C 209
R
P 0x7f2a7c191628
C 342
R
P 0x7f2a7c191628
P 0x7f2a7c19bf88
C 260
R
P 0x7f2a7c191628
C 342
R
P 0x7f2a7c191628
P 0x7f2a7c19bf88
C 259
R
P 0x7f2a7c191628
C 342
R
P 0x7f2a7c191628
P 0x7f2a7c19bf88
C 258
R
P 0x7f2a7c191628
C 342
R
P 0x7f2a7c191628
P 0x7f2a7c19bf88
C 9
R
P 0x7f2a7c191628
C 342
R
P 0x7f2a7c191628
I 2
P 0x7f2a7c19b208
C 150
= 0x7f2a7c19bcc8
R
P 0x7f2a7c191628
C 342
R
P 0x7f2a7c191628
P 0x7f2a7c19bcc8
C 258
R
P 0x7f2a7c191628
C 342
R
P 0x7f2a7c191628
P 0x7f2a7c19bcc8
C 9
R
P 0x7f2a7c191628
C 342
R
P 0x7f2a7c191628
P 0x7f2a7c19bcc8
C 263
R
P 0x7f2a7c191628
C 342
R
P 0x7f2a7c191628
S "slot2Duration"
C 30
R
P 0x7f2a7c191628
C 342
R
P 0x7f2a7c191628
$ |slot2Duration|
C 202
R
P 0x7f2a7c191628
C 342
R
P 0x7f2a7c191628
$ |slot2Duration|
P 0x7f2a7c19b1e8
C 51
= 0x7f2a7c19bfa8
R
P 0x7f2a7c191628
C 342
R
P 0x7f2a7c191628
P 0x7f2a7c19bfa8
C 257
R
P 0x7f2a7c191628
C 342
R
P 0x7f2a7c191628
P 0x7f2a7c19bfa8
C 254
= 0x7f2a7c19b1e8
R
P 0x7f2a7c191628
C 342
R
P 0x7f2a7c191628
P 0x7f2a7c19b1e8
C 209
R
P 0x7f2a7c191628
C 342
R
P 0x7f2a7c191628
P 0x7f2a7c19bfa8
C 260
R
P 0x7f2a7c191628
C 342
R
P 0x7f2a7c191628
P 0x7f2a7c19bfa8
C 259
R
P 0x7f2a7c191628
C 342
R
P 0x7f2a7c191628
P 0x7f2a7c19bfa8
C 258
R
P 0x7f2a7c191628
C 342
R
P 0x7f2a7c191628
P 0x7f2a7c19bfa8
C 9
R
P 0x7f2a7c191628
C 342
R
P 0x7f2a7c191628
U 2
P 0x7f2a7c19bbe8
P 0x7f2a7c19bfa8
p 2
C 67
= 0x7f2a7c1a2dc8
R
P 0x7f2a7c191628
C 342
R
P 0x7f2a7c191628
P 0x7f2a7c1a2dc8
C 257
R
P 0x7f2a7c191628
C 342
R
P 0x7f2a7c191628
P 0x7f2a7c1a2dc8
C 254
= 0x7f2a7c19b1e8
R
P 0x7f2a7c191628
C 342
R
P 0x7f2a7c191628
P 0x7f2a7c19b1e8
C 209
R
P 0x7f2a7c191628
C 342
R
P 0x7f2a7c191628
P 0x7f2a7c1a2dc8
C 260
R
P 0x7f2a7c191628
C 342
R
P 0x7f2a7c191628
P 0x7f2a7c1a2dc8
C 259
R
P 0x7f2a7c191628
C 342
R
P 0x7f2a7c191628
P 0x7f2a7c1a2dc8
C 258
R
P 0x7f2a7c191628
C 342
R
P 0x7f2a7c191628
P 0x7f2a7c1a2dc8
C 9
R
P 0x7f2a7c191628
C 342
R
P 0x7f2a7c191628
P 0x7f2a7c19bf88
P 0x7f2a7c1a2dc8
C 74
= 0x7f2a7c1a2e00
R
P 0x7f2a7c191628
C 342
R
P 0x7f2a7c191628
P 0x7f2a7c1a2e00
C 258
R
P 0x7f2a7c191628
C 342
R
P 0x7f2a7c191628
P 0x7f2a7c1a2e00
C 9
R
P 0x7f2a7c191628
C 342
R
P 0x7f2a7c191628
P 0x7f2a7c1e1fc8
P 0x7f2a7c1a2e00
C 427
R
P 0x7f2a7c191628
C 342
R
P 0x7f2a7c191628
I 2
P 0x7f2a7c19b208
C 150
= 0x7f2a7c19bcc8
R
P 0x7f2a7c191628
C 342
R
P 0x7f2a7c191628
P 0x7f2a7c19bcc8
C 258
R
P 0x7f2a7c191628
C 342
R
P 0x7f2a7c191628
P 0x7f2a7c19bcc8
C 9
R
P 0x7f2a7c191628
C 342
R
P 0x7f2a7c191628
P 0x7f2a7c19bcc8
C 263
R
P 0x7f2a7c191628
C 342
R
P 0x7f2a7c191628
S "slot2Duration"
C 30
R
P 0x7f2a7c191628
C 342
R
P 0x7f2a7c191628
$ |slot2Duration|
C 202
R
P 0x7f2a7c191628
C 342
R
P 0x7f2a7c191628
$ |slot2Duration|
P 0x7f2a7c19b1e8
C 51
= 0x7f2a7c19bfa8
R
P 0x7f2a7c191628
C 342
R
P 0x7f2a7c191628
P 0x7f2a7c19bfa8
C 257
R
P 0x7f2a7c191628
C 342
R
P 0x7f2a7c191628
P 0x7f2a7c19bfa8
C 254
= 0x7f2a7c19b1e8
R
P 0x7f2a7c191628
C 342
R
P 0x7f2a7c191628
P 0x7f2a7c19b1e8
C 209
R
P 0x7f2a7c191628
C 342
R
P 0x7f2a7c191628
P 0x7f2a7c19bfa8
C 260
R
P 0x7f2a7c191628
C 342
R
P 0x7f2a7c191628
P 0x7f2a7c19bfa8
C 259
R
P 0x7f2a7c191628
C 342
R
P 0x7f2a7c191628
P 0x7f2a7c19bfa8
C 258
R
P 0x7f2a7c191628
C 342
R
P 0x7f2a7c191628
P 0x7f2a7c19bfa8
C 9
R
P 0x7f2a7c191628
C 342
R
P 0x7f2a7c191628
I 0
P 0x7f2a7c19b208
C 150
= 0x7f2a7c19bd08
R
P 0x7f2a7c191628
C 342
R
P 0x7f2a7c191628
P 0x7f2a7c19bd08
C 258
R
P 0x7f2a7c191628
C 342
R
P 0x7f2a7c191628
P 0x7f2a7c19bd08
C 9
R
P 0x7f2a7c191628
C 342
R
P 0x7f2a7c191628
P 0x7f2a7c19bfa8
P 0x7f2a7c19bd08
C 76
= 0x7f2a7c1a2e38
R
P 0x7f2a7c191628
C 342
R
P 0x7f2a7c191628
P 0x7f2a7c1a2e38
C 258
R
P 0x7f2a7c191628
C 342
R
P 0x7f2a7c191628
P 0x7f2a7c1a2e38
C 9
R
P 0x7f2a7c191628
C 342
R
P 0x7f2a7c191628
P 0x7f2a7c1e1fc8
P 0x7f2a7c1a2e38
C 427
R
P 0x7f2a7c191628
C 342
R
P 0x7f2a7c191628
I 2
P 0x7f2a7c19b208
C 150
= 0x7f2a7c19bcc8
R
P 0x7f2a7c191628
C 342
R
P 0x7f2a7c191628
P 0x7f2a7c19bcc8
C 258
R
P 0x7f2a7c191628
C 342
R
P 0x7f2a7c191628
P 0x7f2a7c19bcc8
C 9
R
P 0x7f2a7c191628
C 342
R
P 0x7f2a7c191628
P 0x7f2a7c19bcc8
C 263
R
P 0x7f2a7c191628
C 342
R
P 0x7f2a7c191628
S "slot2Duration"
C 30
R
P 0x7f2a7c191628
C 342
R
P 0x7f2a7c191628
$ |slot2Duration|
C 202
R
P 0x7f2a7c191628
C 342
R
P 0x7f2a7c191628
$ |slot2Duration|
P 0x7f2a7c19b1e8
C 51
= 0x7f2a7c19bfa8
R
P 0x7f2a7c191628
C 342
R
P 0x7f2a7c191628
P 0x7f2a7c19bfa8
C 257
R
P 0x7f2a7c191628
C 342
R
P 0x7f2a7c191628
P 0x7f2a7c19bfa8
C 254
= 0x7f2a7c19b1e8
R
P 0x7f2a7c191628
C 342
R
P 0x7f2a7c191628
P 0x7f2a7c19b1e8
C 209
R
P 0x7f2a7c191628
C 342
R
P 0x7f2a7c191628
P 0x7f2a7c19bfa8
C 260
R
P 0x7f2a7c191628
C 342
R
P 0x7f2a7c191628
P 0x7f2a7c19bfa8
C 259
R
P 0x7f2a7c191628
C 342
R
P 0x7f2a7c191628
P 0x7f2a7c19bfa8
C 258
R
P 0x7f2a7c191628
C 342
R
P 0x7f2a7c191628
P 0x7f2a7c19bfa8
C 9
R
P 0x7f2a7c191628
C 342
R
P 0x7f2a7c191628
P 0x7f2a7c19bfa8
P 0x7f2a7c19bc08
C 74
= 0x7f2a7c1a2e70
R
P 0x7f2a7c191628
C 342
R
P 0x7f2a7c191628
P 0x7f2a7c1a2e70
C 258
R
P 0x7f2a7c191628
C 342
R
P 0x7f2a7c191628
P 0x7f2a7c1a2e70
C 9
R
P 0x7f2a7c191628
C 342
R
P 0x7f2a7c191628
P 0x7f2a7c1e1fc8
P 0x7f2a7c1a2e70
C 427
R
P 0x7f2a7c191628
C 342
R
P 0x7f2a7c191628
I 2
P 0x7f2a7c19b208
C 150
= 0x7f2a7c19bcc8
R
P 0x7f2a7c191628
C 342
R
P 0x7f2a7c191628
P 0x7f2a7c19bcc8
C 258
R
P 0x7f2a7c191628
C 342
R
P 0x7f2a7c191628
P 0x7f2a7c19bcc8
C 9
R
P 0x7f2a7c191628
C 342
R
P 0x7f2a7c191628
P 0x7f2a7c19bcc8
C 263
R
P 0x7f2a7c191628
C 342
R
P 0x7f2a7c191628
S "slot2Start"
C 30
R
P 0x7f2a7c191628
C 342
R
P 0x7f2a7c191628
$ |slot2Start|
C 202
R
P 0x7f2a7c191628
C 342
R
P 0x7f2a7c191628
$ |slot2Start|
P 0x7f2a7c19b1e8
C 51
= 0x7f2a7c19bf88
R
P 0x7f2a7c191628
C 342
R
P 0x7f2a7c191628
P 0x7f2a7c19bf88
C 257
R
P 0x7f2a7c191628
C 342
R
P 0x7f2a7c191628
P 0x7f2a7c19bf88
C 254
= 0x7f2a7c19b1e8
R
P 0x7f2a7c191628
C 342
R
P 0x7f2a7c191628
P 0x7f2a7c19b1e8
C 209
R
P 0x7f2a7c191628
C 342
R
P 0x7f2a7c191628
P 0x7f2a7c19bf88
C 260
R
P 0x7f2a7c191628
C 342
R
P 0x7f2a7c191628
P 0x7f2a7c19bf88
C 259
R
P 0x7f2a7c191628
C 342
R
P 0x7f2a7c191628
P 0x7f2a7c19bf88
C 258
R
P 0x7f2a7c191628
C 342
R
P 0x7f2a7c191628
P 0x7f2a7c19bf88
C 9
R
P 0x7f2a7c191628
C 342
R
P 0x7f2a7c191628
I 2
P 0x7f2a7c19b208
C 150
= 0x7f2a7c19bcc8
R
P 0x7f2a7c191628
C 342
R
P 0x7f2a7c191628
P 0x7f2a7c19bcc8
C 258
R
P 0x7f2a7c191628
C 342
R
P 0x7f2a7c191628
P 0x7f2a7c19bcc8
C 9
R
P 0x7f2a7c191628
C 342
R
P 0x7f2a7c191628
P 0x7f2a7c19bcc8
C 263
R
P 0x7f2a7c191628
C 342
R
P 0x7f2a7c191628
S "slot2Start"
C 30
R
P 0x7f2a7c191628
C 342
R
P 0x7f2a7c191628
$ |slot2Start|
C 202
R
P 0x7f2a7c191628
C 342
R
P 0x7f2a7c191628
$ |slot2Start|
P 0x7f2a7c19b1e8
C 51
= 0x7f2a7c19bf88
R
P 0x7f2a7c191628
C 342
R
P 0x7f2a7c191628
P 0x7f2a7c19bf88
C 257
R
P 0x7f2a7c191628
C 342
R
P 0x7f2a7c191628
P 0x7f2a7c19bf88
C 254
= 0x7f2a7c19b1e8
R
P 0x7f2a7c191628
C 342
R
P 0x7f2a7c191628
P 0x7f2a7c19b1e8
C 209
R
P 0x7f2a7c191628
C 342
R
P 0x7f2a7c191628
P 0x7f2a7c19bf88
C 260
R
P 0x7f2a7c191628
C 342
R
P 0x7f2a7c191628
P 0x7f2a7c19bf88
C 259
R
P 0x7f2a7c191628
C 342
R
P 0x7f2a7c191628
P 0x7f2a7c19bf88
C 258
R
P 0x7f2a7c191628
C 342
R
P 0x7f2a7c191628
P 0x7f2a7c19bf88
C 9
R
P 0x7f2a7c191628
C 342
R
P 0x7f2a7c191628
U 2
P 0x7f2a7c19bf88
P 0x7f2a7c19bf88
p 2
C 65
= 0x7f2a7c1a2ea8
R
P 0x7f2a7c191628
C 342
R
P 0x7f2a7c191628
P 0x7f2a7c1a2ea8
C 257
R
P 0x7f2a7c191628
C 342
R
P 0x7f2a7c191628
P 0x7f2a7c1a2ea8
C 254
= 0x7f2a7c19b1e8
R
P 0x7f2a7c191628
C 342
R
P 0x7f2a7c191628
P 0x7f2a7c19b1e8
C 209
R
P 0x7f2a7c191628
C 342
R
P 0x7f2a7c191628
P 0x7f2a7c1a2ea8
C 260
R
P 0x7f2a7c191628
C 342
R
P 0x7f2a7c191628
P 0x7f2a7c1a2ea8
C 259
R
P 0x7f2a7c191628
C 342
R
P 0x7f2a7c191628
P 0x7f2a7c1a2ea8
C 258
R
P 0x7f2a7c191628
C 342
R
P 0x7f2a7c191628
P 0x7f2a7c1a2ea8
C 9
R
P 0x7f2a7c191628
C 342
R
P 0x7f2a7c191628
P 0x7f2a7c19bbe8
P 0x7f2a7c1a2ea8
C 76
= 0x7f2a7c1a2ee0
R
P 0x7f2a7c191628
C 342
R
P 0x7f2a7c191628
P 0x7f2a7c1a2ee0
C 258
R
P 0x7f2a7c191628
C 342
R
P 0x7f2a7c191628
P 0x7f2a7c1a2ee0
C 9
R
P 0x7f2a7c191628
C 342
R
P 0x7f2a7c191628
P 0x7f2a7c1e1fc8
P 0x7f2a7c1a2ee0
C 427
R
P 0x7f2a7c191628
C 342
R
P 0x7f2a7c191628
I 2
P 0x7f2a7c19b208
C 150
= 0x7f2a7c19bcc8
R
P 0x7f2a7c191628
C 342
R
P 0x7f2a7c191628
P 0x7f2a7c19bcc8
C 258
R
P 0x7f2a7c191628
C 342
R
P 0x7f2a7c191628
P 0x7f2a7c19bcc8
C 9
R
P 0x7f2a7c191628
C 342
R
P 0x7f2a7c191628
I 1
P 0x7f2a7c19b208
C 150
= 0x7f2a7c19bc88
R
P 0x7f2a7c191628
C 342
R
P 0x7f2a7c191628
P 0x7f2a7c19bc88
C 258
R
P 0x7f2a7c191628
C 342
R
P 0x7f2a7c191628
P 0x7f2a7c19bc88
C 9
R
P 0x7f2a7c191628
C 342
R
P 0x7f2a7c191628
P 0x7f2a7c19bcc8
P 0x7f2a7c19bc88
C 56
= 0x7f2a7c1a2f18
R
P 0x7f2a7c191628
C 342
R
P 0x7f2a7c191628
P 0x7f2a7c1a2f18
C 258
R
P 0x7f2a7c191628
C 342
R
P 0x7f2a7c191628
P 0x7f2a7c1a2f18
C 9
R
P 0x7f2a7c191628
C 342
R
P 0x7f2a7c191628
P 0x7f2a7c1a2f18
C 58
= 0x7f2a7c19dfd8
R
P 0x7f2a7c191628
C 342
R
P 0x7f2a7c191628
P 0x7f2a7c19dfd8
C 258
R
P 0x7f2a7c191628
C 342
R
P 0x7f2a7c191628
P 0x7f2a7c19dfd8
C 9
R
P 0x7f2a7c191628
C 342
R
P 0x7f2a7c191628
I 2
P 0x7f2a7c19b208
C 150
= 0x7f2a7c19bcc8
R
P 0x7f2a7c191628
C 342
R
P 0x7f2a7c191628
P 0x7f2a7c19bcc8
C 258
R
P 0x7f2a7c191628
C 342
R
P 0x7f2a7c191628
P 0x7f2a7c19bcc8
C 9
R
P 0x7f2a7c191628
C 342
R
P 0x7f2a7c191628
P 0x7f2a7c19bcc8
C 263
R
P 0x7f2a7c191628
C 342
R
P 0x7f2a7c191628
S "slot2Start"
C 30
R
P 0x7f2a7c191628
C 342
R
P 0x7f2a7c191628
$ |slot2Start|
C 202
R
P 0x7f2a7c191628
C 342
R
P 0x7f2a7c191628
$ |slot2Start|
P 0x7f2a7c19b1e8
C 51
= 0x7f2a7c19bf88
R
P 0x7f2a7c191628
C 342
R
P 0x7f2a7c191628
P 0x7f2a7c19bf88
C 257
R
P 0x7f2a7c191628
C 342
R
P 0x7f2a7c191628
P 0x7f2a7c19bf88
C 254
= 0x7f2a7c19b1e8
R
P 0x7f2a7c191628
C 342
R
P 0x7f2a7c191628
P 0x7f2a7c19b1e8
C 209
R
P 0x7f2a7c191628
C 342
R
P 0x7f2a7c191628
P 0x7f2a7c19bf88
C 260
R
P 0x7f2a7c191628
C 342
R
P 0x7f2a7c191628
P 0x7f2a7c19bf88
C 259
R
P 0x7f2a7c191628
C 342
R
P 0x7f2a7c191628
P 0x7f2a7c19bf88
C 258
R
P 0x7f2a7c191628
C 342
R
P 0x7f2a7c191628
P 0x7f2a7c19bf88
C 9
R
P 0x7f2a7c191628
C 342
R
P 0x7f2a7c191628
I 1
P 0x7f2a7c19b208
C 150
= 0x7f2a7c19bc88
R
P 0x7f2a7c191628
C 342
R
P 0x7f2a7c191628
P 0x7f2a7c19bc88
C 258
R
P 0x7f2a7c191628
C 342
R
P 0x7f2a7c191628
P 0x7f2a7c19bc88
C 9
R
P 0x7f2a7c191628
C 342
R
P 0x7f2a7c191628
P 0x7f2a7c19bc88
C 263
R
P 0x7f2a7c191628
C 342
R
P 0x7f2a7c191628
S "slot1Start"
C 30
R
P 0x7f2a7c191628
C 342
R
P 0x7f2a7c191628
$ |slot1Start|
C 202
R
P 0x7f2a7c191628
C 342
R
P 0x7f2a7c191628
$ |slot1Start|
P 0x7f2a7c19b1e8
C 51
= 0x7f2a7c19bf48
R
P 0x7f2a7c191628
C 342
R
P 0x7f2a7c191628
P 0x7f2a7c19bf48
C 257
R
P 0x7f2a7c191628
C 342
R
P 0x7f2a7c191628
P 0x7f2a7c19bf48
C 254
= 0x7f2a7c19b1e8
R
P 0x7f2a7c191628
C 342
R
P 0x7f2a7c191628
P 0x7f2a7c19b1e8
C 209
R
P 0x7f2a7c191628
C 342
R
P 0x7f2a7c191628
P 0x7f2a7c19bf48
C 260
R
P 0x7f2a7c191628
C 342
R
P 0x7f2a7c191628
P 0x7f2a7c19bf48
C 259
R
P 0x7f2a7c191628
C 342
R
P 0x7f2a7c191628
P 0x7f2a7c19bf48
C 258
R
P 0x7f2a7c191628
C 342
R
P 0x7f2a7c191628
P 0x7f2a7c19bf48
C 9
R
P 0x7f2a7c191628
C 342
R
P 0x7f2a7c191628
P 0x7f2a7c19bf88
P 0x7f2a7c19bf48
C 76
= 0x7f2a7c1a2f50
R
P 0x7f2a7c191628
C 342
R
P 0x7f2a7c191628
P 0x7f2a7c1a2f50
C 258
R
P 0x7f2a7c191628
C 342
R
P 0x7f2a7c191628
P 0x7f2a7c1a2f50
C 9
R
P 0x7f2a7c191628
C 342
R
P 0x7f2a7c191628
I 2
P 0x7f2a7c19b208
C 150
= 0x7f2a7c19bcc8
R
P 0x7f2a7c191628
C 342
R
P 0x7f2a7c191628
P 0x7f2a7c19bcc8
C 258
R
P 0x7f2a7c191628
C 342
R
P 0x7f2a7c191628
P 0x7f2a7c19bcc8
C 9
R
P 0x7f2a7c191628
C 342
R
P 0x7f2a7c191628
P 0x7f2a7c19bcc8
C 263
R
P 0x7f2a7c191628
C 342
R
P 0x7f2a7c191628
S "slot2Start"
C 30
R
P 0x7f2a7c191628
C 342
R
P 0x7f2a7c191628
$ |slot2Start|
C 202
R
P 0x7f2a7c191628
C 342
R
P 0x7f2a7c191628
$ |slot2Start|
P 0x7f2a7c19b1e8
C 51
= 0x7f2a7c19bf88
R
P 0x7f2a7c191628
C 342
R
P 0x7f2a7c191628
P 0x7f2a7c19bf88
C 257
R
P 0x7f2a7c191628
C 342
R
P 0x7f2a7c191628
P 0x7f2a7c19bf88
C 254
= 0x7f2a7c19b1e8
R
P 0x7f2a7c191628
C 342
R
P 0x7f2a7c191628
P 0x7f2a7c19b1e8
C 209
R
P 0x7f2a7c191628
C 342
R
P 0x7f2a7c191628
P 0x7f2a7c19bf88
C 260
R
P 0x7f2a7c191628
C 342
R
P 0x7f2a7c191628
P 0x7f2a7c19bf88
C 259
R
P 0x7f2a7c191628
C 342
R
P 0x7f2a7c191628
P 0x7f2a7c19bf88
C 258
R
P 0x7f2a7c191628
C 342
R
P 0x7f2a7c191628
P 0x7f2a7c19bf88
C 9
R
P 0x7f2a7c191628
C 342
R
P 0x7f2a7c191628
I 1
P 0x7f2a7c19b208
C 150
= 0x7f2a7c19bc88
R
P 0x7f2a7c191628
C 342
R
P 0x7f2a7c191628
P 0x7f2a7c19bc88
C 258
R
P 0x7f2a7c191628
C 342
R
P 0x7f2a7c191628
P 0x7f2a7c19bc88
C 9
R
P 0x7f2a7c191628
C 342
R
P 0x7f2a7c191628
P 0x7f2a7c19bc88
C 263
R
P 0x7f2a7c191628
C 342
R
P 0x7f2a7c191628
S "slot1Start"
C 30
R
P 0x7f2a7c191628
C 342
R
P 0x7f2a7c191628
$ |slot1Start|
C 202
R
P 0x7f2a7c191628
C 342
R
P 0x7f2a7c191628
$ |slot1Start|
P 0x7f2a7c19b1e8
C 51
= 0x7f2a7c19bf48
R
P 0x7f2a7c191628
C 342
R
P 0x7f2a7c191628
P 0x7f2a7c19bf48
C 257
R
P 0x7f2a7c191628
C 342
R
P 0x7f2a7c191628
P 0x7f2a7c19bf48
C 254
= 0x7f2a7c19b1e8
R
P 0x7f2a7c191628
C 342
R
P 0x7f2a7c191628
P 0x7f2a7c19b1e8
C 209
R
P 0x7f2a7c191628
C 342
R
P 0x7f2a7c191628
P 0x7f2a7c19bf48
C 260
R
P 0x7f2a7c191628
C 342
R
P 0x7f2a7c191628
P 0x7f2a7c19bf48
C 259
R
P 0x7f2a7c191628
C 342
R
P 0x7f2a7c191628
P 0x7f2a7c19bf48
C 258
R
P 0x7f2a7c191628
C 342
R
P 0x7f2a7c191628
P 0x7f2a7c19bf48
C 9
R
P 0x7f2a7c191628
C 342
R
P 0x7f2a7c191628
I 1
P 0x7f2a7c19b208
C 150
= 0x7f2a7c19bc88
R
P 0x7f2a7c191628
C 342
R
P 0x7f2a7c191628
P 0x7f2a7c19bc88
C 258
R
P 0x7f2a7c191628
C 342
R
P 0x7f2a7c191628
P 0x7f2a7c19bc88
C 9
R
P 0x7f2a7c191628
C 342
R
P 0x7f2a7c191628
P 0x7f2a7c19bc88
C 263
R
P 0x7f2a7c191628
C 342
R
P 0x7f2a7c191628
S "slot1Duration"
C 30
R
P 0x7f2a7c191628
C 342
R
P 0x7f2a7c191628
$ |slot1Duration|
C 202
R
P 0x7f2a7c191628
C 342
R
P 0x7f2a7c191628
$ |slot1Duration|
P 0x7f2a7c19b1e8
C 51
= 0x7f2a7c19bf68
R
P 0x7f2a7c191628
C 342
R
P 0x7f2a7c191628
P 0x7f2a7c19bf68
C 257
R
P 0x7f2a7c191628
C 342
R
P 0x7f2a7c191628
P 0x7f2a7c19bf68
C 254
= 0x7f2a7c19b1e8
R
P 0x7f2a7c191628
C 342
R
P 0x7f2a7c191628
P 0x7f2a7c19b1e8
C 209
R
P 0x7f2a7c191628
C 342
R
P 0x7f2a7c191628
P 0x7f2a7c19bf68
C 260
R
P 0x7f2a7c191628
C 342
R
P 0x7f2a7c191628
P 0x7f2a7c19bf68
C 259
R
P 0x7f2a7c191628
C 342
R
P 0x7f2a7c191628
P 0x7f2a7c19bf68
C 258
R
P 0x7f2a7c191628
C 342
R
P 0x7f2a7c191628
P 0x7f2a7c19bf68
C 9
R
P 0x7f2a7c191628
C 342
R
P 0x7f2a7c191628
U 2
P 0x7f2a7c19bf48
P 0x7f2a7c19bf68
p 2
C 65
= 0x7f2a7c1a1cb8
R
P 0x7f2a7c191628
C 342
R
P 0x7f2a7c191628
P 0x7f2a7c1a1cb8
C 257
R
P 0x7f2a7c191628
C 342
R
P 0x7f2a7c191628
P 0x7f2a7c1a1cb8
C 254
= 0x7f2a7c19b1e8
R
P 0x7f2a7c191628
C 342
R
P 0x7f2a7c191628
P 0x7f2a7c19b1e8
C 209
R
P 0x7f2a7c191628
C 342
R
P 0x7f2a7c191628
P 0x7f2a7c1a1cb8
C 260
R
P 0x7f2a7c191628
C 342
R
P 0x7f2a7c191628
P 0x7f2a7c1a1cb8
C 259
R
P 0x7f2a7c191628
C 342
R
P 0x7f2a7c191628
P 0x7f2a7c1a1cb8
C 258
R
P 0x7f2a7c191628
C 342
R
P 0x7f2a7c191628
P 0x7f2a7c1a1cb8
C 9
R
P 0x7f2a7c191628
C 342
R
P 0x7f2a7c191628
P 0x7f2a7c19bf88
P 0x7f2a7c1a1cb8
C 74
= 0x7f2a7c1a2770
R
P 0x7f2a7c191628
C 342
R
P 0x7f2a7c191628
P 0x7f2a7c1a2770
C 258
R
P 0x7f2a7c191628
C 342
R
P 0x7f2a7c191628
P 0x7f2a7c1a2770
C 9
R
P 0x7f2a7c191628
C 342
R
P 0x7f2a7c191628
U 2
P 0x7f2a7c1a2f50
P 0x7f2a7c1a2770
p 2
C 63
= 0x7f2a7c1a2f88
R
P 0x7f2a7c191628
C 342
R
P 0x7f2a7c191628
P 0x7f2a7c1a2f88
C 258
R
P 0x7f2a7c191628
C 342
R
P 0x7f2a7c191628
P 0x7f2a7c1a2f88
C 9
R
P 0x7f2a7c191628
C 342
R
P 0x7f2a7c191628
P 0x7f2a7c1a2f88
C 58
= 0x7f2a7c19e008
R
P 0x7f2a7c191628
C 342
R
P 0x7f2a7c191628
P 0x7f2a7c19e008
C 258
R
P 0x7f2a7c191628
C 342
R
P 0x7f2a7c191628
P 0x7f2a7c19e008
C 9
R
P 0x7f2a7c191628
C 342
R
P 0x7f2a7c191628
P 0x7f2a7c19dfd8
P 0x7f2a7c19e008
C 61
= 0x7f2a7c1a2fc0
R
P 0x7f2a7c191628
C 342
R
P 0x7f2a7c191628
P 0x7f2a7c1a2fc0
C 258
R
P 0x7f2a7c191628
C 342
R
P 0x7f2a7c191628
P 0x7f2a7c1a2fc0
C 9
R
P 0x7f2a7c191628
C 342
R
P 0x7f2a7c191628
P 0x7f2a7c1e1fc8
P 0x7f2a7c1a2fc0
C 427
R
P 0x7f2a7c191628
C 342
R
P 0x7f2a7c191628
I 2
P 0x7f2a7c19b208
C 150
= 0x7f2a7c19bcc8
R
P 0x7f2a7c191628
C 342
R
P 0x7f2a7c191628
P 0x7f2a7c19bcc8
C 258
R
P 0x7f2a7c191628
C 342
R
P 0x7f2a7c191628
P 0x7f2a7c19bcc8
C 9
R
P 0x7f2a7c191628
C 342
R
P 0x7f2a7c191628
I 2
P 0x7f2a7c19b208
C 150
= 0x7f2a7c19bcc8
R
P 0x7f2a7c191628
C 342
R
P 0x7f2a7c191628
P 0x7f2a7c19bcc8
C 258
R
P 0x7f2a7c191628
C 342
R
P 0x7f2a7c191628
P 0x7f2a7c19bcc8
C 9
R
P 0x7f2a7c191628
C 342
R
P 0x7f2a7c191628
P 0x7f2a7c19bcc8
P 0x7f2a7c19bcc8
C 56
= 0x7f2a7c1a2ff8
R
P 0x7f2a7c191628
C 342
R
P 0x7f2a7c191628
P 0x7f2a7c1a2ff8
C 258
R
P 0x7f2a7c191628
C 342
R
P 0x7f2a7c191628
P 0x7f2a7c1a2ff8
C 9
R
P 0x7f2a7c191628
C 342
R
P 0x7f2a7c191628
P 0x7f2a7c1a2ff8
C 58
= 0x7f2a7c19e038
R
P 0x7f2a7c191628
C 342
R
P 0x7f2a7c191628
P 0x7f2a7c19e038
C 258
R
P 0x7f2a7c191628
C 342
R
P 0x7f2a7c191628
P 0x7f2a7c19e038
C 9
R
P 0x7f2a7c191628
C 342
R
P 0x7f2a7c191628
I 2
P 0x7f2a7c19b208
C 150
= 0x7f2a7c19bcc8
R
P 0x7f2a7c191628
C 342
R
P 0x7f2a7c191628
P 0x7f2a7c19bcc8
C 258
R
P 0x7f2a7c191628
C 342
R
P 0x7f2a7c191628
P 0x7f2a7c19bcc8
C 9
R
P 0x7f2a7c191628
C 342
R
P 0x7f2a7c191628
P 0x7f2a7c19bcc8
C 263
R
P 0x7f2a7c191628
C 342
R
P 0x7f2a7c191628
S "slot2Start"
C 30
R
P 0x7f2a7c191628
C 342
R
P 0x7f2a7c191628
$ |slot2Start|
C 202
R
P 0x7f2a7c191628
C 342
R
P 0x7f2a7c191628
$ |slot2Start|
P 0x7f2a7c19b1e8
C 51
= 0x7f2a7c19bf88
R
P 0x7f2a7c191628
C 342
R
P 0x7f2a7c191628
P 0x7f2a7c19bf88
C 257
R
P 0x7f2a7c191628
C 342
R
P 0x7f2a7c191628
P 0x7f2a7c19bf88
C 254
= 0x7f2a7c19b1e8
R
P 0x7f2a7c191628
C 342
R
P 0x7f2a7c191628
P 0x7f2a7c19b1e8
C 209
R
P 0x7f2a7c191628
C 342
R
P 0x7f2a7c191628
P 0x7f2a7c19bf88
C 260
R
P 0x7f2a7c191628
C 342
R
P 0x7f2a7c191628
P 0x7f2a7c19bf88
C 259
R
P 0x7f2a7c191628
C 342
R
P 0x7f2a7c191628
P 0x7f2a7c19bf88
C 258
R
P 0x7f2a7c191628
C 342
R
P 0x7f2a7c191628
P 0x7f2a7c19bf88
C 9
R
P 0x7f2a7c191628
C 342
R
P 0x7f2a7c191628
I 2
P 0x7f2a7c19b208
C 150
= 0x7f2a7c19bcc8
R
P 0x7f2a7c191628
C 342
R
P 0x7f2a7c191628
P 0x7f2a7c19bcc8
C 258
R
P 0x7f2a7c191628
C 342
R
P 0x7f2a7c191628
P 0x7f2a7c19bcc8
C 9
R
P 0x7f2a7c191628
C 342
R
P 0x7f2a7c191628
P 0x7f2a7c19bcc8
C 263
R
P 0x7f2a7c191628
C 342
R
P 0x7f2a7c191628
S "slot2Start"
C 30
R
P 0x7f2a7c191628
C 342
R
P 0x7f2a7c191628
$ |slot2Start|
C 202
R
P 0x7f2a7c191628
C 342
R
P 0x7f2a7c191628
$ |slot2Start|
P 0x7f2a7c19b1e8
C 51
= 0x7f2a7c19bf88
R
P 0x7f2a7c191628
C 342
R
P 0x7f2a7c191628
P 0x7f2a7c19bf88
C 257
R
P 0x7f2a7c191628
C 342
R
P 0x7f2a7c191628
P 0x7f2a7c19bf88
C 254
= 0x7f2a7c19b1e8
R
P 0x7f2a7c191628
C 342
R
P 0x7f2a7c191628
P 0x7f2a7c19b1e8
C 209
R
P 0x7f2a7c191628
C 342
R
P 0x7f2a7c191628
P 0x7f2a7c19bf88
C 260
R
P 0x7f2a7c191628
C 342
R
P 0x7f2a7c191628
P 0x7f2a7c19bf88
C 259
R
P 0x7f2a7c191628
C 342
R
P 0x7f2a7c191628
P 0x7f2a7c19bf88
C 258
R
P 0x7f2a7c191628
C 342
R
P 0x7f2a7c191628
P 0x7f2a7c19bf88
C 9
R
P 0x7f2a7c191628
C 342
R
P 0x7f2a7c191628
P 0x7f2a7c19bf88
P 0x7f2a7c19bf88
C 76
= 0x7f2a7c1a3030
R
P 0x7f2a7c191628
C 342
R
P 0x7f2a7c191628
P 0x7f2a7c1a3030
C 258
R
P 0x7f2a7c191628
C 342
R
P 0x7f2a7c191628
P 0x7f2a7c1a3030
C 9
R
P 0x7f2a7c191628
C 342
R
P 0x7f2a7c191628
I 2
P 0x7f2a7c19b208
C 150
= 0x7f2a7c19bcc8
R
P 0x7f2a7c191628
C 342
R
P 0x7f2a7c191628
P 0x7f2a7c19bcc8
C 258
R
P 0x7f2a7c191628
C 342
R
P 0x7f2a7c191628
P 0x7f2a7c19bcc8
C 9
R
P 0x7f2a7c191628
C 342
R
P 0x7f2a7c191628
P 0x7f2a7c19bcc8
C 263
R
P 0x7f2a7c191628
C 342
R
P 0x7f2a7c191628
S "slot2Start"
C 30
R
P 0x7f2a7c191628
C 342
R
P 0x7f2a7c191628
$ |slot2Start|
C 202
R
P 0x7f2a7c191628
C 342
R
P 0x7f2a7c191628
$ |slot2Start|
P 0x7f2a7c19b1e8
C 51
= 0x7f2a7c19bf88
R
P 0x7f2a7c191628
C 342
R
P 0x7f2a7c191628
P 0x7f2a7c19bf88
C 257
R
P 0x7f2a7c191628
C 342
R
P 0x7f2a7c191628
P 0x7f2a7c19bf88
C 254
= 0x7f2a7c19b1e8
R
P 0x7f2a7c191628
C 342
R
P 0x7f2a7c191628
P 0x7f2a7c19b1e8
C 209
R
P 0x7f2a7c191628
C 342
R
P 0x7f2a7c191628
P 0x7f2a7c19bf88
C 260
R
P 0x7f2a7c191628
C 342
R
P 0x7f2a7c191628
P 0x7f2a7c19bf88
C 259
R
P 0x7f2a7c191628
C 342
R
P 0x7f2a7c191628
P 0x7f2a7c19bf88
C 258
R
P 0x7f2a7c191628
C 342
R
P 0x7f2a7c191628
P 0x7f2a7c19bf88
C 9
R
P 0x7f2a7c191628
C 342
R
P 0x7f2a7c191628
I 2
P 0x7f2a7c19b208
C 150
= 0x7f2a7c19bcc8
R
P 0x7f2a7c191628
C 342
R
P 0x7f2a7c191628
P 0x7f2a7c19bcc8
C 258
R
P 0x7f2a7c191628
C 342
R
P 0x7f2a7c191628
P 0x7f2a7c19bcc8
C 9
R
P 0x7f2a7c191628
C 342
R
P 0x7f2a7c191628
P 0x7f2a7c19bcc8
C 263
R
P 0x7f2a7c191628
C 342
R
P 0x7f2a7c191628
S "slot2Start"
C 30
R
P 0x7f2a7c191628
C 342
R
P 0x7f2a7c191628
$ |slot2Start|
C 202
R
P 0x7f2a7c191628
C 342
R
P 0x7f2a7c191628
$ |slot2Start|
P 0x7f2a7c19b1e8
C 51
= 0x7f2a7c19bf88
R
P 0x7f2a7c191628
C 342
R
P 0x7f2a7c191628
P 0x7f2a7c19bf88
C 257
R
P 0x7f2a7c191628
C 342
R
P 0x7f2a7c191628
P 0x7f2a7c19bf88
C 254
= 0x7f2a7c19b1e8
R
P 0x7f2a7c191628
C 342
R
P 0x7f2a7c191628
P 0x7f2a7c19b1e8
C 209
R
P 0x7f2a7c191628
C 342
R
P 0x7f2a7c191628
P 0x7f2a7c19bf88
C 260
R
P 0x7f2a7c191628
C 342
R
P 0x7f2a7c191628
P 0x7f2a7c19bf88
C 259
R
P 0x7f2a7c191628
C 342
R
P 0x7f2a7c191628
P 0x7f2a7c19bf88
C 258
R
P 0x7f2a7c191628
C 342
R
P 0x7f2a7c191628
P 0x7f2a7c19bf88
C 9
R
P 0x7f2a7c191628
C 342
R
P 0x7f2a7c191628
I 2
P 0x7f2a7c19b208
C 150
= 0x7f2a7c19bcc8
R
P 0x7f2a7c191628
C 342
R
P 0x7f2a7c191628
P 0x7f2a7c19bcc8
C 258
R
P 0x7f2a7c191628
C 342
R
P 0x7f2a7c191628
P 0x7f2a7c19bcc8
C 9
R
P 0x7f2a7c191628
C 342
R
P 0x7f2a7c191628
P 0x7f2a7c19bcc8
C 263
R
P 0x7f2a7c191628
C 342
R
P 0x7f2a7c191628
S "slot2Duration"
C 30
R
P 0x7f2a7c191628
C 342
R
P 0x7f2a7c191628
$ |slot2Duration|
C 202
R
P 0x7f2a7c191628
C 342
R
P 0x7f2a7c191628
$ |slot2Duration|
P 0x7f2a7c19b1e8
C 51
= 0x7f2a7c19bfa8
R
P 0x7f2a7c191628
C 342
R
P 0x7f2a7c191628
P 0x7f2a7c19bfa8
C 257
R
P 0x7f2a7c191628
C 342
R
P 0x7f2a7c191628
P 0x7f2a7c19bfa8
C 254
= 0x7f2a7c19b1e8
R
P 0x7f2a7c191628
C 342
R
P 0x7f2a7c191628
P 0x7f2a7c19b1e8
C 209
R
P 0x7f2a7c191628
C 342
R
P 0x7f2a7c191628
P 0x7f2a7c19bfa8
C 260
R
P 0x7f2a7c191628
C 342
R
P 0x7f2a7c191628
P 0x7f2a7c19bfa8
C 259
R
P 0x7f2a7c191628
C 342
R
P 0x7f2a7c191628
P 0x7f2a7c19bfa8
C 258
R
P 0x7f2a7c191628
C 342
R
P 0x7f2a7c191628
P 0x7f2a7c19bfa8
C 9
R
P 0x7f2a7c191628
C 342
R
P 0x7f2a7c191628
U 2
P 0x7f2a7c19bf88
P 0x7f2a7c19bfa8
p 2
C 65
= 0x7f2a7c1a1e08
R
P 0x7f2a7c191628
C 342
R
P 0x7f2a7c191628
P 0x7f2a7c1a1e08
C 257
R
P 0x7f2a7c191628
C 342
R
P 0x7f2a7c191628
P 0x7f2a7c1a1e08
C 254
= 0x7f2a7c19b1e8
R
P 0x7f2a7c191628
C 342
R
P 0x7f2a7c191628
P 0x7f2a7c19b1e8
C 209
R
P 0x7f2a7c191628
C 342
R
P 0x7f2a7c191628
P 0x7f2a7c1a1e08
C 260
R
P 0x7f2a7c191628
C 342
R
P 0x7f2a7c191628
P 0x7f2a7c1a1e08
C 259
R
P 0x7f2a7c191628
C 342
R
P 0x7f2a7c191628
P 0x7f2a7c1a1e08
C 258
R
P 0x7f2a7c191628
C 342
R
P 0x7f2a7c191628
P 0x7f2a7c1a1e08
C 9
R
P 0x7f2a7c191628
C 342
R
P 0x7f2a7c191628
P 0x7f2a7c19bf88
P 0x7f2a7c1a1e08
C 74
= 0x7f2a7c1a3068
R
P 0x7f2a7c191628
C 342
R
P 0x7f2a7c191628
P 0x7f2a7c1a3068
C 258
R
P 0x7f2a7c191628
C 342
R
P 0x7f2a7c191628
P 0x7f2a7c1a3068
C 9
R
P 0x7f2a7c191628
C 342
R
P 0x7f2a7c191628
U 2
P 0x7f2a7c1a3030
P 0x7f2a7c1a3068
p 2
C 63
= 0x7f2a7c1a30a0
R
P 0x7f2a7c191628
C 342
R
P 0x7f2a7c191628
P 0x7f2a7c1a30a0
C 258
R
P 0x7f2a7c191628
C 342
R
P 0x7f2a7c191628
P 0x7f2a7c1a30a0
C 9
R
P 0x7f2a7c191628
C 342
R
P 0x7f2a7c191628
P 0x7f2a7c1a30a0
C 58
= 0x7f2a7c19e068
R
P 0x7f2a7c191628
C 342
R
P 0x7f2a7c191628
P 0x7f2a7c19e068
C 258
R
P 0x7f2a7c191628
C 342
R
P 0x7f2a7c191628
P 0x7f2a7c19e068
C 9
R
P 0x7f2a7c191628
C 342
R
P 0x7f2a7c191628
P 0x7f2a7c19e038
P 0x7f2a7c19e068
C 61
= 0x7f2a7c1a30d8
R
P 0x7f2a7c191628
C 342
R
P 0x7f2a7c191628
P 0x7f2a7c1a30d8
C 258
R
P 0x7f2a7c191628
C 342
R
P 0x7f2a7c191628
P 0x7f2a7c1a30d8
C 9
R
P 0x7f2a7c191628
C 342
R
P 0x7f2a7c191628
P 0x7f2a7c1e1fc8
P 0x7f2a7c1a30d8
C 427
R
P 0x7f2a7c191628
C 342
R
P 0x7f2a7c191628
I 2
P 0x7f2a7c19b208
C 150
= 0x7f2a7c19bcc8
R
P 0x7f2a7c191628
C 342
R
P 0x7f2a7c191628
P 0x7f2a7c19bcc8
C 258
R
P 0x7f2a7c191628
C 342
R
P 0x7f2a7c191628
P 0x7f2a7c19bcc8
C 9
R
P 0x7f2a7c191628
C 342
R
P 0x7f2a7c191628
I 3
P 0x7f2a7c19b208
C 150
= 0x7f2a7c19bfc8
R
P 0x7f2a7c191628
C 342
R
P 0x7f2a7c191628
P 0x7f2a7c19bfc8
C 258
R
P 0x7f2a7c191628
C 342
R
P 0x7f2a7c191628
P 0x7f2a7c19bfc8
C 9
R
P 0x7f2a7c191628
C 342
R
P 0x7f2a7c191628
P 0x7f2a7c19bcc8
P 0x7f2a7c19bfc8
C 56
= 0x7f2a7c1a3110
R
P 0x7f2a7c191628
C 342
R
P 0x7f2a7c191628
P 0x7f2a7c1a3110
C 258
R
P 0x7f2a7c191628
C 342
R
P 0x7f2a7c191628
P 0x7f2a7c1a3110
C 9
R
P 0x7f2a7c191628
C 342
R
P 0x7f2a7c191628
P 0x7f2a7c1a3110
C 58
= 0x7f2a7c19e098
R
P 0x7f2a7c191628
C 342
R
P 0x7f2a7c191628
P 0x7f2a7c19e098
C 258
R
P 0x7f2a7c191628
C 342
R
P 0x7f2a7c191628
P 0x7f2a7c19e098
C 9
R
P 0x7f2a7c191628
C 342
R
P 0x7f2a7c191628
I 2
P 0x7f2a7c19b208
C 150
= 0x7f2a7c19bcc8
R
P 0x7f2a7c191628
C 342
R
P 0x7f2a7c191628
P 0x7f2a7c19bcc8
C 258
R
P 0x7f2a7c191628
C 342
R
P 0x7f2a7c191628
P 0x7f2a7c19bcc8
C 9
R
P 0x7f2a7c191628
C 342
R
P 0x7f2a7c191628
P 0x7f2a7c19bcc8
C 263
R
P 0x7f2a7c191628
C 342
R
P 0x7f2a7c191628
S "slot2Start"
C 30
R
P 0x7f2a7c191628
C 342
R
P 0x7f2a7c191628
$ |slot2Start|
C 202
R
P 0x7f2a7c191628
C 342
R
P 0x7f2a7c191628
$ |slot2Start|
P 0x7f2a7c19b1e8
C 51
= 0x7f2a7c19bf88
R
P 0x7f2a7c191628
C 342
R
P 0x7f2a7c191628
P 0x7f2a7c19bf88
C 257
R
P 0x7f2a7c191628
C 342
R
P 0x7f2a7c191628
P 0x7f2a7c19bf88
C 254
= 0x7f2a7c19b1e8
R
P 0x7f2a7c191628
C 342
R
P 0x7f2a7c191628
P 0x7f2a7c19b1e8
C 209
R
P 0x7f2a7c191628
C 342
R
P 0x7f2a7c191628
P 0x7f2a7c19bf88
C 260
R
P 0x7f2a7c191628
C 342
R
P 0x7f2a7c191628
P 0x7f2a7c19bf88
C 259
R
P 0x7f2a7c191628
C 342
R
P 0x7f2a7c191628
P 0x7f2a7c19bf88
C 258
R
P 0x7f2a7c191628
C 342
R
P 0x7f2a7c191628
P 0x7f2a7c19bf88
C 9
R
P 0x7f2a7c191628
C 342
R
P 0x7f2a7c191628
I 3
P 0x7f2a7c19b208
C 150
= 0x7f2a7c19bfc8
R
P 0x7f2a7c191628
C 342
R
P 0x7f2a7c191628
P 0x7f2a7c19bfc8
C 258
R
P 0x7f2a7c191628
C 342
R
P 0x7f2a7c191628
P 0x7f2a7c19bfc8
C 9
R
P 0x7f2a7c191628
C 342
R
P 0x7f2a7c191628
P 0x7f2a7c19bfc8
C 263
R
P 0x7f2a7c191628
C 342
R
P 0x7f2a7c191628
S "slot3Start"
C 30
R
P 0x7f2a7c191628
C 342
R
P 0x7f2a7c191628
$ |slot3Start|
C 202
R
P 0x7f2a7c191628
C 342
R
P 0x7f2a7c191628
$ |slot3Start|
P 0x7f2a7c19b1e8
C 51
= 0x7f2a7c19bfe8
R
P 0x7f2a7c191628
C 342
R
P 0x7f2a7c191628
P 0x7f2a7c19bfe8
C 257
R
P 0x7f2a7c191628
C 342
R
P 0x7f2a7c191628
P 0x7f2a7c19bfe8
C 254
= 0x7f2a7c19b1e8
R
P 0x7f2a7c191628
C 342
R
P 0x7f2a7c191628
P 0x7f2a7c19b1e8
C 209
R
P 0x7f2a7c191628
C 342
R
P 0x7f2a7c191628
P 0x7f2a7c19bfe8
C 260
R
P 0x7f2a7c191628
C 342
R
P 0x7f2a7c191628
P 0x7f2a7c19bfe8
C 259
R
P 0x7f2a7c191628
C 342
R
P 0x7f2a7c191628
P 0x7f2a7c19bfe8
C 258
R
P 0x7f2a7c191628
C 342
R
P 0x7f2a7c191628
P 0x7f2a7c19bfe8
C 9
R
P 0x7f2a7c191628
C 342
R
P 0x7f2a7c191628
P 0x7f2a7c19bf88
P 0x7f2a7c19bfe8
C 76
= 0x7f2a7c1a3148
R
P 0x7f2a7c191628
C 342
R
P 0x7f2a7c191628
P 0x7f2a7c1a3148
C 258
R
P 0x7f2a7c191628
C 342
R
P 0x7f2a7c191628
P 0x7f2a7c1a3148
C 9
R
P 0x7f2a7c191628
C 342
R
P 0x7f2a7c191628
I 2
P 0x7f2a7c19b208
C 150
= 0x7f2a7c19bcc8
R
P 0x7f2a7c191628
C 342
R
P 0x7f2a7c191628
P 0x7f2a7c19bcc8
C 258
R
P 0x7f2a7c191628
C 342
R
P 0x7f2a7c191628
P 0x7f2a7c19bcc8
C 9
R
P 0x7f2a7c191628
C 342
R
P 0x7f2a7c191628
P 0x7f2a7c19bcc8
C 263
R
P 0x7f2a7c191628
C 342
R
P 0x7f2a7c191628
S "slot2Start"
C 30
R
P 0x7f2a7c191628
C 342
R
P 0x7f2a7c191628
$ |slot2Start|
C 202
R
P 0x7f2a7c191628
C 342
R
P 0x7f2a7c191628
$ |slot2Start|
P 0x7f2a7c19b1e8
C 51
= 0x7f2a7c19bf88
R
P 0x7f2a7c191628
C 342
R
P 0x7f2a7c191628
P 0x7f2a7c19bf88
C 257
R
P 0x7f2a7c191628
C 342
R
P 0x7f2a7c191628
P 0x7f2a7c19bf88
C 254
= 0x7f2a7c19b1e8
R
P 0x7f2a7c191628
C 342
R
P 0x7f2a7c191628
P 0x7f2a7c19b1e8
C 209
R
P 0x7f2a7c191628
C 342
R
P 0x7f2a7c191628
P 0x7f2a7c19bf88
C 260
R
P 0x7f2a7c191628
C 342
R
P 0x7f2a7c191628
P 0x7f2a7c19bf88
C 259
R
P 0x7f2a7c191628
C 342
R
P 0x7f2a7c191628
P 0x7f2a7c19bf88
C 258
R
P 0x7f2a7c191628
C 342
R
P 0x7f2a7c191628
P 0x7f2a7c19bf88
C 9
R
P 0x7f2a7c191628
C 342
R
P 0x7f2a7c191628
I 3
P 0x7f2a7c19b208
C 150
= 0x7f2a7c19bfc8
R
P 0x7f2a7c191628
C 342
R
P 0x7f2a7c191628
P 0x7f2a7c19bfc8
C 258
R
P 0x7f2a7c191628
C 342
R
P 0x7f2a7c191628
P 0x7f2a7c19bfc8
C 9
R
P 0x7f2a7c191628
C 342
R
P 0x7f2a7c191628
P 0x7f2a7c19bfc8
C 263
R
P 0x7f2a7c191628
C 342
R
P 0x7f2a7c191628
S "slot3Start"
C 30
R
P 0x7f2a7c191628
C 342
R
P 0x7f2a7c191628
$ |slot3Start|
C 202
R
P 0x7f2a7c191628
C 342
R
P 0x7f2a7c191628
$ |slot3Start|
P 0x7f2a7c19b1e8
C 51
= 0x7f2a7c19bfe8
R
P 0x7f2a7c191628
C 342
R
P 0x7f2a7c191628
P 0x7f2a7c19bfe8
C 257
R
P 0x7f2a7c191628
C 342
R
P 0x7f2a7c191628
P 0x7f2a7c19bfe8
C 254
= 0x7f2a7c19b1e8
R
P 0x7f2a7c191628
C 342
R
P 0x7f2a7c191628
P 0x7f2a7c19b1e8
C 209
R
P 0x7f2a7c191628
C 342
R
P 0x7f2a7c191628
P 0x7f2a7c19bfe8
C 260
R
P 0x7f2a7c191628
C 342
R
P 0x7f2a7c191628
P 0x7f2a7c19bfe8
C 259
R
P 0x7f2a7c191628
C 342
R
P 0x7f2a7c191628
P 0x7f2a7c19bfe8
C 258
R
P 0x7f2a7c191628
C 342
R
P 0x7f2a7c191628
P 0x7f2a7c19bfe8
C 9
R
P 0x7f2a7c191628
C 342
R
P 0x7f2a7c191628
I 3
P 0x7f2a7c19b208
C 150
= 0x7f2a7c19bfc8
R
P 0x7f2a7c191628
C 342
R
P 0x7f2a7c191628
P 0x7f2a7c19bfc8
C 258
R
P 0x7f2a7c191628
C 342
R
P 0x7f2a7c191628
P 0x7f2a7c19bfc8
C 9
R
P 0x7f2a7c191628
C 342
R
P 0x7f2a7c191628
P 0x7f2a7c19bfc8
C 263
R
P 0x7f2a7c191628
C 342
R
P 0x7f2a7c191628
S "slot3Duration"
C 30
R
P 0x7f2a7c191628
C 342
R
P 0x7f2a7c191628
$ |slot3Duration|
C 202
R
P 0x7f2a7c191628
C 342
R
P 0x7f2a7c191628
$ |slot3Duration|
P 0x7f2a7c19b1e8
C 51
= 0x7f2a7c19c008
R
P 0x7f2a7c191628
C 342
R
P 0x7f2a7c191628
P 0x7f2a7c19c008
C 257
R
P 0x7f2a7c191628
C 342
R
P 0x7f2a7c191628
P 0x7f2a7c19c008
C 254
= 0x7f2a7c19b1e8
R
P 0x7f2a7c191628
C 342
R
P 0x7f2a7c191628
P 0x7f2a7c19b1e8
C 209
R
P 0x7f2a7c191628
C 342
R
P 0x7f2a7c191628
P 0x7f2a7c19c008
C 260
R
P 0x7f2a7c191628
C 342
R
P 0x7f2a7c191628
P 0x7f2a7c19c008
C 259
R
P 0x7f2a7c191628
C 342
R
P 0x7f2a7c191628
P 0x7f2a7c19c008
C 258
R
P 0x7f2a7c191628
C 342
R
P 0x7f2a7c191628
P 0x7f2a7c19c008
C 9
R
P 0x7f2a7c191628
C 342
R
P 0x7f2a7c191628
U 2
P 0x7f2a7c19bfe8
P 0x7f2a7c19c008
p 2
C 65
= 0x7f2a7c1a1f58
R
P 0x7f2a7c191628
C 342
R
P 0x7f2a7c191628
P 0x7f2a7c1a1f58
C 257
R
P 0x7f2a7c191628
C 342
R
P 0x7f2a7c191628
P 0x7f2a7c1a1f58
C 254
= 0x7f2a7c19b1e8
R
P 0x7f2a7c191628
C 342
R
P 0x7f2a7c191628
P 0x7f2a7c19b1e8
C 209
R
P 0x7f2a7c191628
C 342
R
P 0x7f2a7c191628
P 0x7f2a7c1a1f58
C 260
R
P 0x7f2a7c191628
C 342
R
P 0x7f2a7c191628
P 0x7f2a7c1a1f58
C 259
R
P 0x7f2a7c191628
C 342
R
P 0x7f2a7c191628
P 0x7f2a7c1a1f58
C 258
R
P 0x7f2a7c191628
C 342
R
P 0x7f2a7c191628
P 0x7f2a7c1a1f58
C 9
R
P 0x7f2a7c191628
C 342
R
P 0x7f2a7c191628
P 0x7f2a7c19bf88
P 0x7f2a7c1a1f58
C 74
= 0x7f2a7c1a3180
R
P 0x7f2a7c191628
C 342
R
P 0x7f2a7c191628
P 0x7f2a7c1a3180
C 258
R
P 0x7f2a7c191628
C 342
R
P 0x7f2a7c191628
P 0x7f2a7c1a3180
C 9
R
P 0x7f2a7c191628
C 342
R
P 0x7f2a7c191628
U 2
P 0x7f2a7c1a3148
P 0x7f2a7c1a3180
p 2
C 63
= 0x7f2a7c1a31b8
R
P 0x7f2a7c191628
C 342
R
P 0x7f2a7c191628
P 0x7f2a7c1a31b8
C 258
R
P 0x7f2a7c191628
C 342
R
P 0x7f2a7c191628
P 0x7f2a7c1a31b8
C 9
R
P 0x7f2a7c191628
C 342
R
P 0x7f2a7c191628
P 0x7f2a7c1a31b8
C 58
= 0x7f2a7c19e0c8
R
P 0x7f2a7c191628
C 342
R
P 0x7f2a7c191628
P 0x7f2a7c19e0c8
C 258
R
P 0x7f2a7c191628
C 342
R
P 0x7f2a7c191628
P 0x7f2a7c19e0c8
C 9
R
P 0x7f2a7c191628
C 342
R
P 0x7f2a7c191628
P 0x7f2a7c19e098
P 0x7f2a7c19e0c8
C 61
= 0x7f2a7c1a31f0
R
P 0x7f2a7c191628
C 342
R
P 0x7f2a7c191628
P 0x7f2a7c1a31f0
C 258
R
P 0x7f2a7c191628
C 342
R
P 0x7f2a7c191628
P 0x7f2a7c1a31f0
C 9
R
P 0x7f2a7c191628
C 342
R
P 0x7f2a7c191628
P 0x7f2a7c1e1fc8
P 0x7f2a7c1a31f0
C 427
R
P 0x7f2a7c191628
C 342
R
P 0x7f2a7c191628
I 2
P 0x7f2a7c19b208
C 150
= 0x7f2a7c19bcc8
R
P 0x7f2a7c191628
C 342
R
P 0x7f2a7c191628
P 0x7f2a7c19bcc8
C 258
R
P 0x7f2a7c191628
C 342
R
P 0x7f2a7c191628
P 0x7f2a7c19bcc8
C 9
R
P 0x7f2a7c191628
C 342
R
P 0x7f2a7c191628
I 4
P 0x7f2a7c19b208
C 150
= 0x7f2a7c19c028
R
P 0x7f2a7c191628
C 342
R
P 0x7f2a7c191628
P 0x7f2a7c19c028
C 258
R
P 0x7f2a7c191628
C 342
R
P 0x7f2a7c191628
P 0x7f2a7c19c028
C 9
R
P 0x7f2a7c191628
C 342
R
P 0x7f2a7c191628
P 0x7f2a7c19bcc8
P 0x7f2a7c19c028
C 56
= 0x7f2a7c1a3228
R
P 0x7f2a7c191628
C 342
R
P 0x7f2a7c191628
P 0x7f2a7c1a3228
C 258
R
P 0x7f2a7c191628
C 342
R
P 0x7f2a7c191628
P 0x7f2a7c1a3228
C 9
R
P 0x7f2a7c191628
C 342
R
P 0x7f2a7c191628
P 0x7f2a7c1a3228
C 58
= 0x7f2a7c19e0f8
R
P 0x7f2a7c191628
C 342
R
P 0x7f2a7c191628
P 0x7f2a7c19e0f8
C 258
R
P 0x7f2a7c191628
C 342
R
P 0x7f2a7c191628
P 0x7f2a7c19e0f8
C 9
R
P 0x7f2a7c191628
C 342
R
P 0x7f2a7c191628
I 2
P 0x7f2a7c19b208
C 150
= 0x7f2a7c19bcc8
R
P 0x7f2a7c191628
C 342
R
P 0x7f2a7c191628
P 0x7f2a7c19bcc8
C 258
R
P 0x7f2a7c191628
C 342
R
P 0x7f2a7c191628
P 0x7f2a7c19bcc8
C 9
R
P 0x7f2a7c191628
C 342
R
P 0x7f2a7c191628
P 0x7f2a7c19bcc8
C 263
R
P 0x7f2a7c191628
C 342
R
P 0x7f2a7c191628
S "slot2Start"
C 30
R
P 0x7f2a7c191628
C 342
R
P 0x7f2a7c191628
$ |slot2Start|
C 202
R
P 0x7f2a7c191628
C 342
R
P 0x7f2a7c191628
$ |slot2Start|
P 0x7f2a7c19b1e8
C 51
= 0x7f2a7c19bf88
R
P 0x7f2a7c191628
C 342
R
P 0x7f2a7c191628
P 0x7f2a7c19bf88
C 257
R
P 0x7f2a7c191628
C 342
R
P 0x7f2a7c191628
P 0x7f2a7c19bf88
C 254
= 0x7f2a7c19b1e8
R
P 0x7f2a7c191628
C 342
R
P 0x7f2a7c191628
P 0x7f2a7c19b1e8
C 209
R
P 0x7f2a7c191628
C 342
R
P 0x7f2a7c191628
P 0x7f2a7c19bf88
C 260
R
P 0x7f2a7c191628
C 342
R
P 0x7f2a7c191628
P 0x7f2a7c19bf88
C 259
R
P 0x7f2a7c191628
C 342
R
P 0x7f2a7c191628
P 0x7f2a7c19bf88
C 258
R
P 0x7f2a7c191628
C 342
R
P 0x7f2a7c191628
P 0x7f2a7c19bf88
C 9
R
P 0x7f2a7c191628
C 342
R
P 0x7f2a7c191628
I 4
P 0x7f2a7c19b208
C 150
= 0x7f2a7c19c028
R
P 0x7f2a7c191628
C 342
R
P 0x7f2a7c191628
P 0x7f2a7c19c028
C 258
R
P 0x7f2a7c191628
C 342
R
P 0x7f2a7c191628
P 0x7f2a7c19c028
C 9
R
P 0x7f2a7c191628
C 342
R
P 0x7f2a7c191628
P 0x7f2a7c19c028
C 263
R
P 0x7f2a7c191628
C 342
R
P 0x7f2a7c191628
S "slot4Start"
C 30
R
P 0x7f2a7c191628
C 342
R
P 0x7f2a7c191628
$ |slot4Start|
C 202
R
P 0x7f2a7c191628
C 342
R
P 0x7f2a7c191628
$ |slot4Start|
P 0x7f2a7c19b1e8
C 51
= 0x7f2a7c19c048
R
P 0x7f2a7c191628
C 342
R
P 0x7f2a7c191628
P 0x7f2a7c19c048
C 257
R
P 0x7f2a7c191628
C 342
R
P 0x7f2a7c191628
P 0x7f2a7c19c048
C 254
= 0x7f2a7c19b1e8
R
P 0x7f2a7c191628
C 342
R
P 0x7f2a7c191628
P 0x7f2a7c19b1e8
C 209
R
P 0x7f2a7c191628
C 342
R
P 0x7f2a7c191628
P 0x7f2a7c19c048
C 260
R
P 0x7f2a7c191628
C 342
R
P 0x7f2a7c191628
P 0x7f2a7c19c048
C 259
R
P 0x7f2a7c191628
C 342
R
P 0x7f2a7c191628
P 0x7f2a7c19c048
C 258
R
P 0x7f2a7c191628
C 342
R
P 0x7f2a7c191628
P 0x7f2a7c19c048
C 9
R
P 0x7f2a7c191628
C 342
R
P 0x7f2a7c191628
P 0x7f2a7c19bf88
P 0x7f2a7c19c048
C 76
= 0x7f2a7c2cb548
R
P 0x7f2a7c191628
C 342
R
P 0x7f2a7c191628
P 0x7f2a7c2cb548
C 258
R
P 0x7f2a7c191628
C 342
R
P 0x7f2a7c191628
P 0x7f2a7c2cb548
C 9
R
P 0x7f2a7c191628
C 342
R
P 0x7f2a7c191628
I 2
P 0x7f2a7c19b208
C 150
= 0x7f2a7c19bcc8
R
P 0x7f2a7c191628
C 342
R
P 0x7f2a7c191628
P 0x7f2a7c19bcc8
C 258
R
P 0x7f2a7c191628
C 342
R
P 0x7f2a7c191628
P 0x7f2a7c19bcc8
C 9
R
P 0x7f2a7c191628
C 342
R
P 0x7f2a7c191628
P 0x7f2a7c19bcc8
C 263
R
P 0x7f2a7c191628
C 342
R
P 0x7f2a7c191628
S "slot2Start"
C 30
R
P 0x7f2a7c191628
C 342
R
P 0x7f2a7c191628
$ |slot2Start|
C 202
R
P 0x7f2a7c191628
C 342
R
P 0x7f2a7c191628
$ |slot2Start|
P 0x7f2a7c19b1e8
C 51
= 0x7f2a7c19bf88
R
P 0x7f2a7c191628
C 342
R
P 0x7f2a7c191628
P 0x7f2a7c19bf88
C 257
R
P 0x7f2a7c191628
C 342
R
P 0x7f2a7c191628
P 0x7f2a7c19bf88
C 254
= 0x7f2a7c19b1e8
R
P 0x7f2a7c191628
C 342
R
P 0x7f2a7c191628
P 0x7f2a7c19b1e8
C 209
R
P 0x7f2a7c191628
C 342
R
P 0x7f2a7c191628
P 0x7f2a7c19bf88
C 260
R
P 0x7f2a7c191628
C 342
R
P 0x7f2a7c191628
P 0x7f2a7c19bf88
C 259
R
P 0x7f2a7c191628
C 342
R
P 0x7f2a7c191628
P 0x7f2a7c19bf88
C 258
R
P 0x7f2a7c191628
C 342
R
P 0x7f2a7c191628
P 0x7f2a7c19bf88
C 9
R
P 0x7f2a7c191628
C 342
R
P 0x7f2a7c191628
I 4
P 0x7f2a7c19b208
C 150
= 0x7f2a7c19c028
R
P 0x7f2a7c191628
C 342
R
P 0x7f2a7c191628
P 0x7f2a7c19c028
C 258
R
P 0x7f2a7c191628
C 342
R
P 0x7f2a7c191628
P 0x7f2a7c19c028
C 9
R
P 0x7f2a7c191628
C 342
R
P 0x7f2a7c191628
P 0x7f2a7c19c028
C 263
R
P 0x7f2a7c191628
C 342
R
P 0x7f2a7c191628
S "slot4Start"
C 30
R
P 0x7f2a7c191628
C 342
R
P 0x7f2a7c191628
$ |slot4Start|
C 202
R
P 0x7f2a7c191628
C 342
R
P 0x7f2a7c191628
$ |slot4Start|
P 0x7f2a7c19b1e8
C 51
= 0x7f2a7c19c048
R
P 0x7f2a7c191628
C 342
R
P 0x7f2a7c191628
P 0x7f2a7c19c048
C 257
R
P 0x7f2a7c191628
C 342
R
P 0x7f2a7c191628
P 0x7f2a7c19c048
C 254
= 0x7f2a7c19b1e8
R
P 0x7f2a7c191628
C 342
R
P 0x7f2a7c191628
P 0x7f2a7c19b1e8
C 209
R
P 0x7f2a7c191628
C 342
R
P 0x7f2a7c191628
P 0x7f2a7c19c048
C 260
R
P 0x7f2a7c191628
C 342
R
P 0x7f2a7c191628
P 0x7f2a7c19c048
C 259
R
P 0x7f2a7c191628
C 342
R
P 0x7f2a7c191628
P 0x7f2a7c19c048
C 258
R
P 0x7f2a7c191628
C 342
R
P 0x7f2a7c191628
P 0x7f2a7c19c048
C 9
R
P 0x7f2a7c191628
C 342
R
P 0x7f2a7c191628
I 4
P 0x7f2a7c19b208
C 150
= 0x7f2a7c19c028
R
P 0x7f2a7c191628
C 342
R
P 0x7f2a7c191628
P 0x7f2a7c19c028
C 258
R
P 0x7f2a7c191628
C 342
R
P 0x7f2a7c191628
P 0x7f2a7c19c028
C 9
R
P 0x7f2a7c191628
C 342
R
P 0x7f2a7c191628
P 0x7f2a7c19c028
C 263
R
P 0x7f2a7c191628
C 342
R
P 0x7f2a7c191628
S "slot4Duration"
C 30
R
P 0x7f2a7c191628
C 342
R
P 0x7f2a7c191628
$ |slot4Duration|
C 202
R
P 0x7f2a7c191628
C 342
R
P 0x7f2a7c191628
$ |slot4Duration|
P 0x7f2a7c19b1e8
C 51
= 0x7f2a7c19c068
R
P 0x7f2a7c191628
C 342
R
P 0x7f2a7c191628
P 0x7f2a7c19c068
C 257
R
P 0x7f2a7c191628
C 342
R
P 0x7f2a7c191628
P 0x7f2a7c19c068
C 254
= 0x7f2a7c19b1e8
R
P 0x7f2a7c191628
C 342
R
P 0x7f2a7c191628
P 0x7f2a7c19b1e8
C 209
R
P 0x7f2a7c191628
C 342
R
P 0x7f2a7c191628
P 0x7f2a7c19c068
C 260
R
P 0x7f2a7c191628
C 342
R
P 0x7f2a7c191628
P 0x7f2a7c19c068
C 259
R
P 0x7f2a7c191628
C 342
R
P 0x7f2a7c191628
P 0x7f2a7c19c068
C 258
R
P 0x7f2a7c191628
C 342
R
P 0x7f2a7c191628
P 0x7f2a7c19c068
C 9
R
P 0x7f2a7c191628
C 342
R
P 0x7f2a7c191628
U 2
P 0x7f2a7c19c048
P 0x7f2a7c19c068
p 2
C 65
= 0x7f2a7c1a20a8
R
P 0x7f2a7c191628
C 342
R
P 0x7f2a7c191628
P 0x7f2a7c1a20a8
C 257
R
P 0x7f2a7c191628
C 342
R
P 0x7f2a7c191628
P 0x7f2a7c1a20a8
C 254
= 0x7f2a7c19b1e8
R
P 0x7f2a7c191628
C 342
R
P 0x7f2a7c191628
P 0x7f2a7c19b1e8
C 209
R
P 0x7f2a7c191628
C 342
R
P 0x7f2a7c191628
P 0x7f2a7c1a20a8
C 260
R
P 0x7f2a7c191628
C 342
R
P 0x7f2a7c191628
P 0x7f2a7c1a20a8
C 259
R
P 0x7f2a7c191628
C 342
R
P 0x7f2a7c191628
P 0x7f2a7c1a20a8
C 258
R
P 0x7f2a7c191628
C 342
R
P 0x7f2a7c191628
P 0x7f2a7c1a20a8
C 9
R
P 0x7f2a7c191628
C 342
R
P 0x7f2a7c191628
P 0x7f2a7c19bf88
P 0x7f2a7c1a20a8
C 74
= 0x7f2a7c2cb580
R
P 0x7f2a7c191628
C 342
R
P 0x7f2a7c191628
P 0x7f2a7c2cb580
C 258
R
P 0x7f2a7c191628
C 342
R
P 0x7f2a7c191628
P 0x7f2a7c2cb580
C 9
R
P 0x7f2a7c191628
C 342
R
P 0x7f2a7c191628
U 2
P 0x7f2a7c2cb548
P 0x7f2a7c2cb580
p 2
C 63
= 0x7f2a7c2cb5b8
R
P 0x7f2a7c191628
C 342
R
P 0x7f2a7c191628
P 0x7f2a7c2cb5b8
C 258
R
P 0x7f2a7c191628
C 342
R
P 0x7f2a7c191628
P 0x7f2a7c2cb5b8
C 9
R
P 0x7f2a7c191628
C 342
R
P 0x7f2a7c191628
P 0x7f2a7c2cb5b8
C 58
= 0x7f2a7c19e128
R
P 0x7f2a7c191628
C 342
R
P 0x7f2a7c191628
P 0x7f2a7c19e128
C 258
R
P 0x7f2a7c191628
C 342
R
P 0x7f2a7c191628
P 0x7f2a7c19e128
C 9
R
P 0x7f2a7c191628
C 342
R
P 0x7f2a7c191628
P 0x7f2a7c19e0f8
P 0x7f2a7c19e128
C 61
= 0x7f2a7c2cb5f0
R
P 0x7f2a7c191628
C 342
R
P 0x7f2a7c191628
P 0x7f2a7c2cb5f0
C 258
R
P 0x7f2a7c191628
C 342
R
P 0x7f2a7c191628
P 0x7f2a7c2cb5f0
C 9
R
P 0x7f2a7c191628
C 342
R
P 0x7f2a7c191628
P 0x7f2a7c1e1fc8
P 0x7f2a7c2cb5f0
C 427
R
P 0x7f2a7c191628
C 342
R
P 0x7f2a7c191628
I 2
P 0x7f2a7c19b208
C 150
= 0x7f2a7c19bcc8
R
P 0x7f2a7c191628
C 342
R
P 0x7f2a7c191628
P 0x7f2a7c19bcc8
C 258
R
P 0x7f2a7c191628
C 342
R
P 0x7f2a7c191628
P 0x7f2a7c19bcc8
C 9
R
P 0x7f2a7c191628
C 342
R
P 0x7f2a7c191628
I 5
P 0x7f2a7c19b208
C 150
= 0x7f2a7c19c088
R
P 0x7f2a7c191628
C 342
R
P 0x7f2a7c191628
P 0x7f2a7c19c088
C 258
R
P 0x7f2a7c191628
C 342
R
P 0x7f2a7c191628
P 0x7f2a7c19c088
C 9
R
P 0x7f2a7c191628
C 342
R
P 0x7f2a7c191628
P 0x7f2a7c19bcc8
P 0x7f2a7c19c088
C 56
= 0x7f2a7c2cb628
R
P 0x7f2a7c191628
C 342
R
P 0x7f2a7c191628
P 0x7f2a7c2cb628
C 258
R
P 0x7f2a7c191628
C 342
R
P 0x7f2a7c191628
P 0x7f2a7c2cb628
C 9
R
P 0x7f2a7c191628
C 342
R
P 0x7f2a7c191628
P 0x7f2a7c2cb628
C 58
= 0x7f2a7c19e158
R
P 0x7f2a7c191628
C 342
R
P 0x7f2a7c191628
P 0x7f2a7c19e158
C 258
R
P 0x7f2a7c191628
C 342
R
P 0x7f2a7c191628
P 0x7f2a7c19e158
C 9
R
P 0x7f2a7c191628
C 342
R
P 0x7f2a7c191628
I 2
P 0x7f2a7c19b208
C 150
= 0x7f2a7c19bcc8
R
P 0x7f2a7c191628
C 342
R
P 0x7f2a7c191628
P 0x7f2a7c19bcc8
C 258
R
P 0x7f2a7c191628
C 342
R
P 0x7f2a7c191628
P 0x7f2a7c19bcc8
C 9
R
P 0x7f2a7c191628
C 342
R
P 0x7f2a7c191628
P 0x7f2a7c19bcc8
C 263
R
P 0x7f2a7c191628
C 342
R
P 0x7f2a7c191628
S "slot2Start"
C 30
R
P 0x7f2a7c191628
C 342
R
P 0x7f2a7c191628
$ |slot2Start|
C 202
R
P 0x7f2a7c191628
C 342
R
P 0x7f2a7c191628
$ |slot2Start|
P 0x7f2a7c19b1e8
C 51
= 0x7f2a7c19bf88
R
P 0x7f2a7c191628
C 342
R
P 0x7f2a7c191628
P 0x7f2a7c19bf88
C 257
R
P 0x7f2a7c191628
C 342
R
P 0x7f2a7c191628
P 0x7f2a7c19bf88
C 254
= 0x7f2a7c19b1e8
R
P 0x7f2a7c191628
C 342
R
P 0x7f2a7c191628
P 0x7f2a7c19b1e8
C 209
R
P 0x7f2a7c191628
C 342
R
P 0x7f2a7c191628
P 0x7f2a7c19bf88
C 260
R
P 0x7f2a7c191628
C 342
R
P 0x7f2a7c191628
P 0x7f2a7c19bf88
C 259
R
P 0x7f2a7c191628
C 342
R
P 0x7f2a7c191628
P 0x7f2a7c19bf88
C 258
R
P 0x7f2a7c191628
C 342
R
P 0x7f2a7c191628
P 0x7f2a7c19bf88
C 9
R
P 0x7f2a7c191628
C 342
R
P 0x7f2a7c191628
I 5
P 0x7f2a7c19b208
C 150
= 0x7f2a7c19c088
R
P 0x7f2a7c191628
C 342
R
P 0x7f2a7c191628
P 0x7f2a7c19c088
C 258
R
P 0x7f2a7c191628
C 342
R
P 0x7f2a7c191628
P 0x7f2a7c19c088
C 9
R
P 0x7f2a7c191628
C 342
R
P 0x7f2a7c191628
P 0x7f2a7c19c088
C 263
R
P 0x7f2a7c191628
C 342
R
P 0x7f2a7c191628
S "slot5Start"
C 30
R
P 0x7f2a7c191628
C 342
R
P 0x7f2a7c191628
$ |slot5Start|
C 202
R
P 0x7f2a7c191628
C 342
R
P 0x7f2a7c191628
$ |slot5Start|
P 0x7f2a7c19b1e8
C 51
= 0x7f2a7c19c0a8
R
P 0x7f2a7c191628
C 342
R
P 0x7f2a7c191628
P 0x7f2a7c19c0a8
C 257
R
P 0x7f2a7c191628
C 342
R
P 0x7f2a7c191628
P 0x7f2a7c19c0a8
C 254
= 0x7f2a7c19b1e8
R
P 0x7f2a7c191628
C 342
R
P 0x7f2a7c191628
P 0x7f2a7c19b1e8
C 209
R
P 0x7f2a7c191628
C 342
R
P 0x7f2a7c191628
P 0x7f2a7c19c0a8
C 260
R
P 0x7f2a7c191628
C 342
R
P 0x7f2a7c191628
P 0x7f2a7c19c0a8
C 259
R
P 0x7f2a7c191628
C 342
R
P 0x7f2a7c191628
P 0x7f2a7c19c0a8
C 258
R
P 0x7f2a7c191628
C 342
R
P 0x7f2a7c191628
P 0x7f2a7c19c0a8
C 9
R
P 0x7f2a7c191628
C 342
R
P 0x7f2a7c191628
P 0x7f2a7c19bf88
P 0x7f2a7c19c0a8
C 76
= 0x7f2a7c2cb660
R
P 0x7f2a7c191628
C 342
R
P 0x7f2a7c191628
P 0x7f2a7c2cb660
C 258
R
P 0x7f2a7c191628
C 342
R
P 0x7f2a7c191628
P 0x7f2a7c2cb660
C 9
R
P 0x7f2a7c191628
C 342
R
P 0x7f2a7c191628
I 2
P 0x7f2a7c19b208
C 150
= 0x7f2a7c19bcc8
R
P 0x7f2a7c191628
C 342
R
P 0x7f2a7c191628
P 0x7f2a7c19bcc8
C 258
R
P 0x7f2a7c191628
C 342
R
P 0x7f2a7c191628
P 0x7f2a7c19bcc8
C 9
R
P 0x7f2a7c191628
C 342
R
P 0x7f2a7c191628
P 0x7f2a7c19bcc8
C 263
R
P 0x7f2a7c191628
C 342
R
P 0x7f2a7c191628
S "slot2Start"
C 30
R
P 0x7f2a7c191628
C 342
R
P 0x7f2a7c191628
$ |slot2Start|
C 202
R
P 0x7f2a7c191628
C 342
R
P 0x7f2a7c191628
$ |slot2Start|
P 0x7f2a7c19b1e8
C 51
= 0x7f2a7c19bf88
R
P 0x7f2a7c191628
C 342
R
P 0x7f2a7c191628
P 0x7f2a7c19bf88
C 257
R
P 0x7f2a7c191628
C 342
R
P 0x7f2a7c191628
P 0x7f2a7c19bf88
C 254
= 0x7f2a7c19b1e8
R
P 0x7f2a7c191628
C 342
R
P 0x7f2a7c191628
P 0x7f2a7c19b1e8
C 209
R
P 0x7f2a7c191628
C 342
R
P 0x7f2a7c191628
P 0x7f2a7c19bf88
C 260
R
P 0x7f2a7c191628
C 342
R
P 0x7f2a7c191628
P 0x7f2a7c19bf88
C 259
R
P 0x7f2a7c191628
C 342
R
P 0x7f2a7c191628
P 0x7f2a7c19bf88
C 258
R
P 0x7f2a7c191628
C 342
R
P 0x7f2a7c191628
P 0x7f2a7c19bf88
C 9
R
P 0x7f2a7c191628
C 342
R
P 0x7f2a7c191628
I 5
P 0x7f2a7c19b208
C 150
= 0x7f2a7c19c088
R
P 0x7f2a7c191628
C 342
R
P 0x7f2a7c191628
P 0x7f2a7c19c088
C 258
R
P 0x7f2a7c191628
C 342
R
P 0x7f2a7c191628
P 0x7f2a7c19c088
C 9
R
P 0x7f2a7c191628
C 342
R
P 0x7f2a7c191628
P 0x7f2a7c19c088
C 263
R
P 0x7f2a7c191628
C 342
R
P 0x7f2a7c191628
S "slot5Start"
C 30
R
P 0x7f2a7c191628
C 342
R
P 0x7f2a7c191628
$ |slot5Start|
C 202
R
P 0x7f2a7c191628
C 342
R
P 0x7f2a7c191628
$ |slot5Start|
P 0x7f2a7c19b1e8
C 51
= 0x7f2a7c19c0a8
R
P 0x7f2a7c191628
C 342
R
P 0x7f2a7c191628
P 0x7f2a7c19c0a8
C 257
R
P 0x7f2a7c191628
C 342
R
P 0x7f2a7c191628
P 0x7f2a7c19c0a8
C 254
= 0x7f2a7c19b1e8
R
P 0x7f2a7c191628
C 342
R
P 0x7f2a7c191628
P 0x7f2a7c19b1e8
C 209
R
P 0x7f2a7c191628
C 342
R
P 0x7f2a7c191628
P 0x7f2a7c19c0a8
C 260
R
P 0x7f2a7c191628
C 342
R
P 0x7f2a7c191628
P 0x7f2a7c19c0a8
C 259
R
P 0x7f2a7c191628
C 342
R
P 0x7f2a7c191628
P 0x7f2a7c19c0a8
C 258
R
P 0x7f2a7c191628
C 342
R
P 0x7f2a7c191628
P 0x7f2a7c19c0a8
C 9
R
P 0x7f2a7c191628
C 342
R
P 0x7f2a7c191628
I 5
P 0x7f2a7c19b208
C 150
= 0x7f2a7c19c088
R
P 0x7f2a7c191628
C 342
R
P 0x7f2a7c191628
P 0x7f2a7c19c088
C 258
R
P 0x7f2a7c191628
C 342
R
P 0x7f2a7c191628
P 0x7f2a7c19c088
C 9
R
P 0x7f2a7c191628
C 342
R
P 0x7f2a7c191628
P 0x7f2a7c19c088
C 263
R
P 0x7f2a7c191628
C 342
R
P 0x7f2a7c191628
S "slot5Duration"
C 30
R
P 0x7f2a7c191628
C 342
R
P 0x7f2a7c191628
$ |slot5Duration|
C 202
R
P 0x7f2a7c191628
C 342
R
P 0x7f2a7c191628
$ |slot5Duration|
P 0x7f2a7c19b1e8
C 51
= 0x7f2a7c19c0c8
R
P 0x7f2a7c191628
C 342
R
P 0x7f2a7c191628
P 0x7f2a7c19c0c8
C 257
R
P 0x7f2a7c191628
C 342
R
P 0x7f2a7c191628
P 0x7f2a7c19c0c8
C 254
= 0x7f2a7c19b1e8
R
P 0x7f2a7c191628
C 342
R
P 0x7f2a7c191628
P 0x7f2a7c19b1e8
C 209
R
P 0x7f2a7c191628
C 342
R
P 0x7f2a7c191628
P 0x7f2a7c19c0c8
C 260
R
P 0x7f2a7c191628
C 342
R
P 0x7f2a7c191628
P 0x7f2a7c19c0c8
C 259
R
P 0x7f2a7c191628
C 342
R
P 0x7f2a7c191628
P 0x7f2a7c19c0c8
C 258
R
P 0x7f2a7c191628
C 342
R
P 0x7f2a7c191628
P 0x7f2a7c19c0c8
C 9
R
P 0x7f2a7c191628
C 342
R
P 0x7f2a7c191628
U 2
P 0x7f2a7c19c0a8
P 0x7f2a7c19c0c8
p 2
C 65
= 0x7f2a7c1a21f8
R
P 0x7f2a7c191628
C 342
R
P 0x7f2a7c191628
P 0x7f2a7c1a21f8
C 257
R
P 0x7f2a7c191628
C 342
R
P 0x7f2a7c191628
P 0x7f2a7c1a21f8
C 254
= 0x7f2a7c19b1e8
R
P 0x7f2a7c191628
C 342
R
P 0x7f2a7c191628
P 0x7f2a7c19b1e8
C 209
R
P 0x7f2a7c191628
C 342
R
P 0x7f2a7c191628
P 0x7f2a7c1a21f8
C 260
R
P 0x7f2a7c191628
C 342
R
P 0x7f2a7c191628
P 0x7f2a7c1a21f8
C 259
R
P 0x7f2a7c191628
C 342
R
P 0x7f2a7c191628
P 0x7f2a7c1a21f8
C 258
R
P 0x7f2a7c191628
C 342
R
P 0x7f2a7c191628
P 0x7f2a7c1a21f8
C 9
R
P 0x7f2a7c191628
C 342
R
P 0x7f2a7c191628
P 0x7f2a7c19bf88
P 0x7f2a7c1a21f8
C 74
= 0x7f2a7c2cb698
R
P 0x7f2a7c191628
C 342
R
P 0x7f2a7c191628
P 0x7f2a7c2cb698
C 258
R
P 0x7f2a7c191628
C 342
R
P 0x7f2a7c191628
P 0x7f2a7c2cb698
C 9
R
P 0x7f2a7c191628
C 342
R
P 0x7f2a7c191628
U 2
P 0x7f2a7c2cb660
P 0x7f2a7c2cb698
p 2
C 63
= 0x7f2a7c2cb6d0
R
P 0x7f2a7c191628
C 342
R
P 0x7f2a7c191628
P 0x7f2a7c2cb6d0
C 258
R
P 0x7f2a7c191628
C 342
R
P 0x7f2a7c191628
P 0x7f2a7c2cb6d0
C 9
R
P 0x7f2a7c191628
C 342
R
P 0x7f2a7c191628
P 0x7f2a7c2cb6d0
C 58
= 0x7f2a7c19e188
R
P 0x7f2a7c191628
C 342
R
P 0x7f2a7c191628
P 0x7f2a7c19e188
C 258
R
P 0x7f2a7c191628
C 342
R
P 0x7f2a7c191628
P 0x7f2a7c19e188
C 9
R
P 0x7f2a7c191628
C 342
R
P 0x7f2a7c191628
P 0x7f2a7c19e158
P 0x7f2a7c19e188
C 61
= 0x7f2a7c2cb708
R
P 0x7f2a7c191628
C 342
R
P 0x7f2a7c191628
P 0x7f2a7c2cb708
C 258
R
P 0x7f2a7c191628
C 342
R
P 0x7f2a7c191628
P 0x7f2a7c2cb708
C 9
R
P 0x7f2a7c191628
C 342
R
P 0x7f2a7c191628
P 0x7f2a7c1e1fc8
P 0x7f2a7c2cb708
C 427
R
P 0x7f2a7c191628
C 342
R
P 0x7f2a7c191628
I 2
P 0x7f2a7c19b208
C 150
= 0x7f2a7c19bcc8
R
P 0x7f2a7c191628
C 342
R
P 0x7f2a7c191628
P 0x7f2a7c19bcc8
C 258
R
P 0x7f2a7c191628
C 342
R
P 0x7f2a7c191628
P 0x7f2a7c19bcc8
C 9
R
P 0x7f2a7c191628
C 342
R
P 0x7f2a7c191628
I 6
P 0x7f2a7c19b208
C 150
= 0x7f2a7c19c0e8
R
P 0x7f2a7c191628
C 342
R
P 0x7f2a7c191628
P 0x7f2a7c19c0e8
C 258
R
P 0x7f2a7c191628
C 342
R
P 0x7f2a7c191628
P 0x7f2a7c19c0e8
C 9
R
P 0x7f2a7c191628
C 342
R
P 0x7f2a7c191628
P 0x7f2a7c19bcc8
P 0x7f2a7c19c0e8
C 56
= 0x7f2a7c2cb740
R
P 0x7f2a7c191628
C 342
R
P 0x7f2a7c191628
P 0x7f2a7c2cb740
C 258
R
P 0x7f2a7c191628
C 342
R
P 0x7f2a7c191628
P 0x7f2a7c2cb740
C 9
R
P 0x7f2a7c191628
C 342
R
P 0x7f2a7c191628
P 0x7f2a7c2cb740
C 58
= 0x7f2a7c19e1b8
R
P 0x7f2a7c191628
C 342
R
P 0x7f2a7c191628
P 0x7f2a7c19e1b8
C 258
R
P 0x7f2a7c191628
C 342
R
P 0x7f2a7c191628
P 0x7f2a7c19e1b8
C 9
R
P 0x7f2a7c191628
C 342
R
P 0x7f2a7c191628
I 2
P 0x7f2a7c19b208
C 150
= 0x7f2a7c19bcc8
R
P 0x7f2a7c191628
C 342
R
P 0x7f2a7c191628
P 0x7f2a7c19bcc8
C 258
R
P 0x7f2a7c191628
C 342
R
P 0x7f2a7c191628
P 0x7f2a7c19bcc8
C 9
R
P 0x7f2a7c191628
C 342
R
P 0x7f2a7c191628
P 0x7f2a7c19bcc8
C 263
R
P 0x7f2a7c191628
C 342
R
P 0x7f2a7c191628
S "slot2Start"
C 30
R
P 0x7f2a7c191628
C 342
R
P 0x7f2a7c191628
$ |slot2Start|
C 202
R
P 0x7f2a7c191628
C 342
R
P 0x7f2a7c191628
$ |slot2Start|
P 0x7f2a7c19b1e8
C 51
= 0x7f2a7c19bf88
R
P 0x7f2a7c191628
C 342
R
P 0x7f2a7c191628
P 0x7f2a7c19bf88
C 257
R
P 0x7f2a7c191628
C 342
R
P 0x7f2a7c191628
P 0x7f2a7c19bf88
C 254
= 0x7f2a7c19b1e8
R
P 0x7f2a7c191628
C 342
R
P 0x7f2a7c191628
P 0x7f2a7c19b1e8
C 209
R
P 0x7f2a7c191628
C 342
R
P 0x7f2a7c191628
P 0x7f2a7c19bf88
C 260
R
P 0x7f2a7c191628
C 342
R
P 0x7f2a7c191628
P 0x7f2a7c19bf88
C 259
R
P 0x7f2a7c191628
C 342
R
P 0x7f2a7c191628
P 0x7f2a7c19bf88
C 258
R
P 0x7f2a7c191628
C 342
R
P 0x7f2a7c191628
P 0x7f2a7c19bf88
C 9
R
P 0x7f2a7c191628
C 342
R
P 0x7f2a7c191628
I 6
P 0x7f2a7c19b208
C 150
= 0x7f2a7c19c0e8
R
P 0x7f2a7c191628
C 342
R
P 0x7f2a7c191628
P 0x7f2a7c19c0e8
C 258
R
P 0x7f2a7c191628
C 342
R
P 0x7f2a7c191628
P 0x7f2a7c19c0e8
C 9
R
P 0x7f2a7c191628
C 342
R
P 0x7f2a7c191628
P 0x7f2a7c19c0e8
C 263
R
P 0x7f2a7c191628
C 342
R
P 0x7f2a7c191628
S "slot6Start"
C 30
R
P 0x7f2a7c191628
C 342
R
P 0x7f2a7c191628
$ |slot6Start|
C 202
R
P 0x7f2a7c191628
C 342
R
P 0x7f2a7c191628
$ |slot6Start|
P 0x7f2a7c19b1e8
C 51
= 0x7f2a7c19c108
R
P 0x7f2a7c191628
C 342
R
P 0x7f2a7c191628
P 0x7f2a7c19c108
C 257
R
P 0x7f2a7c191628
C 342
R
P 0x7f2a7c191628
P 0x7f2a7c19c108
C 254
= 0x7f2a7c19b1e8
R
P 0x7f2a7c191628
C 342
R
P 0x7f2a7c191628
P 0x7f2a7c19b1e8
C 209
R
P 0x7f2a7c191628
C 342
R
P 0x7f2a7c191628
P 0x7f2a7c19c108
C 260
R
P 0x7f2a7c191628
C 342
R
P 0x7f2a7c191628
P 0x7f2a7c19c108
C 259
R
P 0x7f2a7c191628
C 342
R
P 0x7f2a7c191628
P 0x7f2a7c19c108
C 258
R
P 0x7f2a7c191628
C 342
R
P 0x7f2a7c191628
P 0x7f2a7c19c108
C 9
R
P 0x7f2a7c191628
C 342
R
P 0x7f2a7c191628
P 0x7f2a7c19bf88
P 0x7f2a7c19c108
C 76
= 0x7f2a7c2cb778
R
P 0x7f2a7c191628
C 342
R
P 0x7f2a7c191628
P 0x7f2a7c2cb778
C 258
R
P 0x7f2a7c191628
C 342
R
P 0x7f2a7c191628
P 0x7f2a7c2cb778
C 9
R
P 0x7f2a7c191628
C 342
R
P 0x7f2a7c191628
I 2
P 0x7f2a7c19b208
C 150
= 0x7f2a7c19bcc8
R
P 0x7f2a7c191628
C 342
R
P 0x7f2a7c191628
P 0x7f2a7c19bcc8
C 258
R
P 0x7f2a7c191628
C 342
R
P 0x7f2a7c191628
P 0x7f2a7c19bcc8
C 9
R
P 0x7f2a7c191628
C 342
R
P 0x7f2a7c191628
P 0x7f2a7c19bcc8
C 263
R
P 0x7f2a7c191628
C 342
R
P 0x7f2a7c191628
S "slot2Start"
C 30
R
P 0x7f2a7c191628
C 342
R
P 0x7f2a7c191628
$ |slot2Start|
C 202
R
P 0x7f2a7c191628
C 342
R
P 0x7f2a7c191628
$ |slot2Start|
P 0x7f2a7c19b1e8
C 51
= 0x7f2a7c19bf88
R
P 0x7f2a7c191628
C 342
R
P 0x7f2a7c191628
P 0x7f2a7c19bf88
C 257
R
P 0x7f2a7c191628
C 342
R
P 0x7f2a7c191628
P 0x7f2a7c19bf88
C 254
= 0x7f2a7c19b1e8
R
P 0x7f2a7c191628
C 342
R
P 0x7f2a7c191628
P 0x7f2a7c19b1e8
C 209
R
P 0x7f2a7c191628
C 342
R
P 0x7f2a7c191628
P 0x7f2a7c19bf88
C 260
R
P 0x7f2a7c191628
C 342
R
P 0x7f2a7c191628
P 0x7f2a7c19bf88
C 259
R
P 0x7f2a7c191628
C 342
R
P 0x7f2a7c191628
P 0x7f2a7c19bf88
C 258
R
P 0x7f2a7c191628
C 342
R
P 0x7f2a7c191628
P 0x7f2a7c19bf88
C 9
R
P 0x7f2a7c191628
C 342
R
P 0x7f2a7c191628
I 6
P 0x7f2a7c19b208
C 150
= 0x7f2a7c19c0e8
R
P 0x7f2a7c191628
C 342
R
P 0x7f2a7c191628
P 0x7f2a7c19c0e8
C 258
R
P 0x7f2a7c191628
C 342
R
P 0x7f2a7c191628
P 0x7f2a7c19c0e8
C 9
R
P 0x7f2a7c191628
C 342
R
P 0x7f2a7c191628
P 0x7f2a7c19c0e8
C 263
R
P 0x7f2a7c191628
C 342
R
P 0x7f2a7c191628
S "slot6Start"
C 30
R
P 0x7f2a7c191628
C 342
R
P 0x7f2a7c191628
$ |slot6Start|
C 202
R
P 0x7f2a7c191628
C 342
R
P 0x7f2a7c191628
$ |slot6Start|
P 0x7f2a7c19b1e8
C 51
= 0x7f2a7c19c108
R
P 0x7f2a7c191628
C 342
R
P 0x7f2a7c191628
P 0x7f2a7c19c108
C 257
R
P 0x7f2a7c191628
C 342
R
P 0x7f2a7c191628
P 0x7f2a7c19c108
C 254
= 0x7f2a7c19b1e8
R
P 0x7f2a7c191628
C 342
R
P 0x7f2a7c191628
P 0x7f2a7c19b1e8
C 209
R
P 0x7f2a7c191628
C 342
R
P 0x7f2a7c191628
P 0x7f2a7c19c108
C 260
R
P 0x7f2a7c191628
C 342
R
P 0x7f2a7c191628
P 0x7f2a7c19c108
C 259
R
P 0x7f2a7c191628
C 342
R
P 0x7f2a7c191628
P 0x7f2a7c19c108
C 258
R
P 0x7f2a7c191628
C 342
R
P 0x7f2a7c191628
P 0x7f2a7c19c108
C 9
R
P 0x7f2a7c191628
C 342
R
P 0x7f2a7c191628
I 6
P 0x7f2a7c19b208
C 150
= 0x7f2a7c19c0e8
R
P 0x7f2a7c191628
C 342
R
P 0x7f2a7c191628
P 0x7f2a7c19c0e8
C 258
R
P 0x7f2a7c191628
C 342
R
P 0x7f2a7c191628
P 0x7f2a7c19c0e8
C 9
R
P 0x7f2a7c191628
C 342
R
P 0x7f2a7c191628
P 0x7f2a7c19c0e8
C 263
R
P 0x7f2a7c191628
C 342
R
P 0x7f2a7c191628
S "slot6Duration"
C 30
R
P 0x7f2a7c191628
C 342
R
P 0x7f2a7c191628
$ |slot6Duration|
C 202
R
P 0x7f2a7c191628
C 342
R
P 0x7f2a7c191628
$ |slot6Duration|
P 0x7f2a7c19b1e8
C 51
= 0x7f2a7c19c128
R
P 0x7f2a7c191628
C 342
R
P 0x7f2a7c191628
P 0x7f2a7c19c128
C 257
R
P 0x7f2a7c191628
C 342
R
P 0x7f2a7c191628
P 0x7f2a7c19c128
C 254
= 0x7f2a7c19b1e8
R
P 0x7f2a7c191628
C 342
R
P 0x7f2a7c191628
P 0x7f2a7c19b1e8
C 209
R
P 0x7f2a7c191628
C 342
R
P 0x7f2a7c191628
P 0x7f2a7c19c128
C 260
R
P 0x7f2a7c191628
C 342
R
P 0x7f2a7c191628
P 0x7f2a7c19c128
C 259
R
P 0x7f2a7c191628
C 342
R
P 0x7f2a7c191628
P 0x7f2a7c19c128
C 258
R
P 0x7f2a7c191628
C 342
R
P 0x7f2a7c191628
P 0x7f2a7c19c128
C 9
R
P 0x7f2a7c191628
C 342
R
P 0x7f2a7c191628
U 2
P 0x7f2a7c19c108
P 0x7f2a7c19c128
p 2
C 65
= 0x7f2a7c1a2348
R
P 0x7f2a7c191628
C 342
R
P 0x7f2a7c191628
P 0x7f2a7c1a2348
C 257
R
P 0x7f2a7c191628
C 342
R
P 0x7f2a7c191628
P 0x7f2a7c1a2348
C 254
= 0x7f2a7c19b1e8
R
P 0x7f2a7c191628
C 342
R
P 0x7f2a7c191628
P 0x7f2a7c19b1e8
C 209
R
P 0x7f2a7c191628
C 342
R
P 0x7f2a7c191628
P 0x7f2a7c1a2348
C 260
R
P 0x7f2a7c191628
C 342
R
P 0x7f2a7c191628
P 0x7f2a7c1a2348
C 259
R
P 0x7f2a7c191628
C 342
R
P 0x7f2a7c191628
P 0x7f2a7c1a2348
C 258
R
P 0x7f2a7c191628
C 342
R
P 0x7f2a7c191628
P 0x7f2a7c1a2348
C 9
R
P 0x7f2a7c191628
C 342
R
P 0x7f2a7c191628
P 0x7f2a7c19bf88
P 0x7f2a7c1a2348
C 74
= 0x7f2a7c2cb7b0
R
P 0x7f2a7c191628
C 342
R
P 0x7f2a7c191628
P 0x7f2a7c2cb7b0
C 258
R
P 0x7f2a7c191628
C 342
R
P 0x7f2a7c191628
P 0x7f2a7c2cb7b0
C 9
R
P 0x7f2a7c191628
C 342
R
P 0x7f2a7c191628
U 2
P 0x7f2a7c2cb778
P 0x7f2a7c2cb7b0
p 2
C 63
= 0x7f2a7c2cb7e8
R
P 0x7f2a7c191628
C 342
R
P 0x7f2a7c191628
P 0x7f2a7c2cb7e8
C 258
R
P 0x7f2a7c191628
C 342
R
P 0x7f2a7c191628
P 0x7f2a7c2cb7e8
C 9
R
P 0x7f2a7c191628
C 342
R
P 0x7f2a7c191628
P 0x7f2a7c2cb7e8
C 58
= 0x7f2a7c19e1e8
R
P 0x7f2a7c191628
C 342
R
P 0x7f2a7c191628
P 0x7f2a7c19e1e8
C 258
R
P 0x7f2a7c191628
C 342
R
P 0x7f2a7c191628
P 0x7f2a7c19e1e8
C 9
R
P 0x7f2a7c191628
C 342
R
P 0x7f2a7c191628
P 0x7f2a7c19e1b8
P 0x7f2a7c19e1e8
C 61
= 0x7f2a7c2cb820
R
P 0x7f2a7c191628
C 342
R
P 0x7f2a7c191628
P 0x7f2a7c2cb820
C 258
R
P 0x7f2a7c191628
C 342
R
P 0x7f2a7c191628
P 0x7f2a7c2cb820
C 9
R
P 0x7f2a7c191628
C 342
R
P 0x7f2a7c191628
P 0x7f2a7c1e1fc8
P 0x7f2a7c2cb820
C 427
R
P 0x7f2a7c191628
C 342
R
P 0x7f2a7c191628
I 2
P 0x7f2a7c19b208
C 150
= 0x7f2a7c19bcc8
R
P 0x7f2a7c191628
C 342
R
P 0x7f2a7c191628
P 0x7f2a7c19bcc8
C 258
R
P 0x7f2a7c191628
C 342
R
P 0x7f2a7c191628
P 0x7f2a7c19bcc8
C 9
R
P 0x7f2a7c191628
C 342
R
P 0x7f2a7c191628
I 7
P 0x7f2a7c19b208
C 150
= 0x7f2a7c19c148
R
P 0x7f2a7c191628
C 342
R
P 0x7f2a7c191628
P 0x7f2a7c19c148
C 258
R
P 0x7f2a7c191628
C 342
R
P 0x7f2a7c191628
P 0x7f2a7c19c148
C 9
R
P 0x7f2a7c191628
C 342
R
P 0x7f2a7c191628
P 0x7f2a7c19bcc8
P 0x7f2a7c19c148
C 56
= 0x7f2a7c2cb858
R
P 0x7f2a7c191628
C 342
R
P 0x7f2a7c191628
P 0x7f2a7c2cb858
C 258
R
P 0x7f2a7c191628
C 342
R
P 0x7f2a7c191628
P 0x7f2a7c2cb858
C 9
R
P 0x7f2a7c191628
C 342
R
P 0x7f2a7c191628
P 0x7f2a7c2cb858
C 58
= 0x7f2a7c19e218
R
P 0x7f2a7c191628
C 342
R
P 0x7f2a7c191628
P 0x7f2a7c19e218
C 258
R
P 0x7f2a7c191628
C 342
R
P 0x7f2a7c191628
P 0x7f2a7c19e218
C 9
R
P 0x7f2a7c191628
C 342
R
P 0x7f2a7c191628
I 2
P 0x7f2a7c19b208
C 150
= 0x7f2a7c19bcc8
R
P 0x7f2a7c191628
C 342
R
P 0x7f2a7c191628
P 0x7f2a7c19bcc8
C 258
R
P 0x7f2a7c191628
C 342
R
P 0x7f2a7c191628
P 0x7f2a7c19bcc8
C 9
R
P 0x7f2a7c191628
C 342
R
P 0x7f2a7c191628
P 0x7f2a7c19bcc8
C 263
R
P 0x7f2a7c191628
C 342
R
P 0x7f2a7c191628
S "slot2Start"
C 30
R
P 0x7f2a7c191628
C 342
R
P 0x7f2a7c191628
$ |slot2Start|
C 202
R
P 0x7f2a7c191628
C 342
R
P 0x7f2a7c191628
$ |slot2Start|
P 0x7f2a7c19b1e8
C 51
= 0x7f2a7c19bf88
R
P 0x7f2a7c191628
C 342
R
P 0x7f2a7c191628
P 0x7f2a7c19bf88
C 257
R
P 0x7f2a7c191628
C 342
R
P 0x7f2a7c191628
P 0x7f2a7c19bf88
C 254
= 0x7f2a7c19b1e8
R
P 0x7f2a7c191628
C 342
R
P 0x7f2a7c191628
P 0x7f2a7c19b1e8
C 209
R
P 0x7f2a7c191628
C 342
R
P 0x7f2a7c191628
P 0x7f2a7c19bf88
C 260
R
P 0x7f2a7c191628
C 342
R
P 0x7f2a7c191628
P 0x7f2a7c19bf88
C 259
R
P 0x7f2a7c191628
C 342
R
P 0x7f2a7c191628
P 0x7f2a7c19bf88
C 258
R
P 0x7f2a7c191628
C 342
R
P 0x7f2a7c191628
P 0x7f2a7c19bf88
C 9
R
P 0x7f2a7c191628
C 342
R
P 0x7f2a7c191628
I 7
P 0x7f2a7c19b208
C 150
= 0x7f2a7c19c148
R
P 0x7f2a7c191628
C 342
R
P 0x7f2a7c191628
P 0x7f2a7c19c148
C 258
R
P 0x7f2a7c191628
C 342
R
P 0x7f2a7c191628
P 0x7f2a7c19c148
C 9
R
P 0x7f2a7c191628
C 342
R
P 0x7f2a7c191628
P 0x7f2a7c19c148
C 263
R
P 0x7f2a7c191628
C 342
R
P 0x7f2a7c191628
S "slot7Start"
C 30
R
P 0x7f2a7c191628
C 342
R
P 0x7f2a7c191628
$ |slot7Start|
C 202
R
P 0x7f2a7c191628
C 342
R
P 0x7f2a7c191628
$ |slot7Start|
P 0x7f2a7c19b1e8
C 51
= 0x7f2a7c19c168
R
P 0x7f2a7c191628
C 342
R
P 0x7f2a7c191628
P 0x7f2a7c19c168
C 257
R
P 0x7f2a7c191628
C 342
R
P 0x7f2a7c191628
P 0x7f2a7c19c168
C 254
= 0x7f2a7c19b1e8
R
P 0x7f2a7c191628
C 342
R
P 0x7f2a7c191628
P 0x7f2a7c19b1e8
C 209
R
P 0x7f2a7c191628
C 342
R
P 0x7f2a7c191628
P 0x7f2a7c19c168
C 260
R
P 0x7f2a7c191628
C 342
R
P 0x7f2a7c191628
P 0x7f2a7c19c168
C 259
R
P 0x7f2a7c191628
C 342
R
P 0x7f2a7c191628
P 0x7f2a7c19c168
C 258
R
P 0x7f2a7c191628
C 342
R
P 0x7f2a7c191628
P 0x7f2a7c19c168
C 9
R
P 0x7f2a7c191628
C 342
R
P 0x7f2a7c191628
P 0x7f2a7c19bf88
P 0x7f2a7c19c168
C 76
= 0x7f2a7c2cb890
R
P 0x7f2a7c191628
C 342
R
P 0x7f2a7c191628
P 0x7f2a7c2cb890
C 258
R
P 0x7f2a7c191628
C 342
R
P 0x7f2a7c191628
P 0x7f2a7c2cb890
C 9
R
P 0x7f2a7c191628
C 342
R
P 0x7f2a7c191628
I 2
P 0x7f2a7c19b208
C 150
= 0x7f2a7c19bcc8
R
P 0x7f2a7c191628
C 342
R
P 0x7f2a7c191628
P 0x7f2a7c19bcc8
C 258
R
P 0x7f2a7c191628
C 342
R
P 0x7f2a7c191628
P 0x7f2a7c19bcc8
C 9
R
P 0x7f2a7c191628
C 342
R
P 0x7f2a7c191628
P 0x7f2a7c19bcc8
C 263
R
P 0x7f2a7c191628
C 342
R
P 0x7f2a7c191628
S "slot2Start"
C 30
R
P 0x7f2a7c191628
C 342
R
P 0x7f2a7c191628
$ |slot2Start|
C 202
R
P 0x7f2a7c191628
C 342
R
P 0x7f2a7c191628
$ |slot2Start|
P 0x7f2a7c19b1e8
C 51
= 0x7f2a7c19bf88
R
P 0x7f2a7c191628
C 342
R
P 0x7f2a7c191628
P 0x7f2a7c19bf88
C 257
R
P 0x7f2a7c191628
C 342
R
P 0x7f2a7c191628
P 0x7f2a7c19bf88
C 254
= 0x7f2a7c19b1e8
R
P 0x7f2a7c191628
C 342
R
P 0x7f2a7c191628
P 0x7f2a7c19b1e8
C 209
R
P 0x7f2a7c191628
C 342
R
P 0x7f2a7c191628
P 0x7f2a7c19bf88
C 260
R
P 0x7f2a7c191628
C 342
R
P 0x7f2a7c191628
P 0x7f2a7c19bf88
C 259
R
P 0x7f2a7c191628
C 342
R
P 0x7f2a7c191628
P 0x7f2a7c19bf88
C 258
R
P 0x7f2a7c191628
C 342
R
P 0x7f2a7c191628
P 0x7f2a7c19bf88
C 9
R
P 0x7f2a7c191628
C 342
R
P 0x7f2a7c191628
I 7
P 0x7f2a7c19b208
C 150
= 0x7f2a7c19c148
R
P 0x7f2a7c191628
C 342
R
P 0x7f2a7c191628
P 0x7f2a7c19c148
C 258
R
P 0x7f2a7c191628
C 342
R
P 0x7f2a7c191628
P 0x7f2a7c19c148
C 9
R
P 0x7f2a7c191628
C 342
R
P 0x7f2a7c191628
P 0x7f2a7c19c148
C 263
R
P 0x7f2a7c191628
C 342
R
P 0x7f2a7c191628
S "slot7Start"
C 30
R
P 0x7f2a7c191628
C 342
R
P 0x7f2a7c191628
$ |slot7Start|
C 202
R
P 0x7f2a7c191628
C 342
R
P 0x7f2a7c191628
$ |slot7Start|
P 0x7f2a7c19b1e8
C 51
= 0x7f2a7c19c168
R
P 0x7f2a7c191628
C 342
R
P 0x7f2a7c191628
P 0x7f2a7c19c168
C 257
R
P 0x7f2a7c191628
C 342
R
P 0x7f2a7c191628
P 0x7f2a7c19c168
C 254
= 0x7f2a7c19b1e8
R
P 0x7f2a7c191628
C 342
R
P 0x7f2a7c191628
P 0x7f2a7c19b1e8
C 209
R
P 0x7f2a7c191628
C 342
R
P 0x7f2a7c191628
P 0x7f2a7c19c168
C 260
R
P 0x7f2a7c191628
C 342
R
P 0x7f2a7c191628
P 0x7f2a7c19c168
C 259
R
P 0x7f2a7c191628
C 342
R
P 0x7f2a7c191628
P 0x7f2a7c19c168
C 258
R
P 0x7f2a7c191628
C 342
R
P 0x7f2a7c191628
P 0x7f2a7c19c168
C 9
R
P 0x7f2a7c191628
C 342
R
P 0x7f2a7c191628
I 7
P 0x7f2a7c19b208
C 150
= 0x7f2a7c19c148
R
P 0x7f2a7c191628
C 342
R
P 0x7f2a7c191628
P 0x7f2a7c19c148
C 258
R
P 0x7f2a7c191628
C 342
R
P 0x7f2a7c191628
P 0x7f2a7c19c148
C 9
R
P 0x7f2a7c191628
C 342
R
P 0x7f2a7c191628
P 0x7f2a7c19c148
C 263
R
P 0x7f2a7c191628
C 342
R
P 0x7f2a7c191628
S "slot7Duration"
C 30
R
P 0x7f2a7c191628
C 342
R
P 0x7f2a7c191628
$ |slot7Duration|
C 202
R
P 0x7f2a7c191628
C 342
R
P 0x7f2a7c191628
$ |slot7Duration|
P 0x7f2a7c19b1e8
C 51
= 0x7f2a7c19c188
R
P 0x7f2a7c191628
C 342
R
P 0x7f2a7c191628
P 0x7f2a7c19c188
C 257
R
P 0x7f2a7c191628
C 342
R
P 0x7f2a7c191628
P 0x7f2a7c19c188
C 254
= 0x7f2a7c19b1e8
R
P 0x7f2a7c191628
C 342
R
P 0x7f2a7c191628
P 0x7f2a7c19b1e8
C 209
R
P 0x7f2a7c191628
C 342
R
P 0x7f2a7c191628
P 0x7f2a7c19c188
C 260
R
P 0x7f2a7c191628
C 342
R
P 0x7f2a7c191628
P 0x7f2a7c19c188
C 259
R
P 0x7f2a7c191628
C 342
R
P 0x7f2a7c191628
P 0x7f2a7c19c188
C 258
R
P 0x7f2a7c191628
C 342
R
P 0x7f2a7c191628
P 0x7f2a7c19c188
C 9
R
P 0x7f2a7c191628
C 342
R
P 0x7f2a7c191628
U 2
P 0x7f2a7c19c168
P 0x7f2a7c19c188
p 2
C 65
= 0x7f2a7c1a2498
R
P 0x7f2a7c191628
C 342
R
P 0x7f2a7c191628
P 0x7f2a7c1a2498
C 257
R
P 0x7f2a7c191628
C 342
R
P 0x7f2a7c191628
P 0x7f2a7c1a2498
C 254
= 0x7f2a7c19b1e8
R
P 0x7f2a7c191628
C 342
R
P 0x7f2a7c191628
P 0x7f2a7c19b1e8
C 209
R
P 0x7f2a7c191628
C 342
R
P 0x7f2a7c191628
P 0x7f2a7c1a2498
C 260
R
P 0x7f2a7c191628
C 342
R
P 0x7f2a7c191628
P 0x7f2a7c1a2498
C 259
R
P 0x7f2a7c191628
C 342
R
P 0x7f2a7c191628
P 0x7f2a7c1a2498
C 258
R
P 0x7f2a7c191628
C 342
R
P 0x7f2a7c191628
P 0x7f2a7c1a2498
C 9
R
P 0x7f2a7c191628
C 342
R
P 0x7f2a7c191628
P 0x7f2a7c19bf88
P 0x7f2a7c1a2498
C 74
= 0x7f2a7c2cb8c8
R
P 0x7f2a7c191628
C 342
R
P 0x7f2a7c191628
P 0x7f2a7c2cb8c8
C 258
R
P 0x7f2a7c191628
C 342
R
P 0x7f2a7c191628
P 0x7f2a7c2cb8c8
C 9
R
P 0x7f2a7c191628
C 342
R
P 0x7f2a7c191628
U 2
P 0x7f2a7c2cb890
P 0x7f2a7c2cb8c8
p 2
C 63
= 0x7f2a7c2cb900
R
P 0x7f2a7c191628
C 342
R
P 0x7f2a7c191628
P 0x7f2a7c2cb900
C 258
R
P 0x7f2a7c191628
C 342
R
P 0x7f2a7c191628
P 0x7f2a7c2cb900
C 9
R
P 0x7f2a7c191628
C 342
R
P 0x7f2a7c191628
P 0x7f2a7c2cb900
C 58
= 0x7f2a7c19e248
R
P 0x7f2a7c191628
C 342
R
P 0x7f2a7c191628
P 0x7f2a7c19e248
C 258
R
P 0x7f2a7c191628
C 342
R
P 0x7f2a7c191628
P 0x7f2a7c19e248
C 9
R
P 0x7f2a7c191628
C 342
R
P 0x7f2a7c191628
P 0x7f2a7c19e218
P 0x7f2a7c19e248
C 61
= 0x7f2a7c2cb938
R
P 0x7f2a7c191628
C 342
R
P 0x7f2a7c191628
P 0x7f2a7c2cb938
C 258
R
P 0x7f2a7c191628
C 342
R
P 0x7f2a7c191628
P 0x7f2a7c2cb938
C 9
R
P 0x7f2a7c191628
C 342
R
P 0x7f2a7c191628
P 0x7f2a7c1e1fc8
P 0x7f2a7c2cb938
C 427
R
P 0x7f2a7c191628
C 342
R
P 0x7f2a7c191628
I 2
P 0x7f2a7c19b208
C 150
= 0x7f2a7c19bcc8
R
P 0x7f2a7c191628
C 342
R
P 0x7f2a7c191628
P 0x7f2a7c19bcc8
C 258
R
P 0x7f2a7c191628
C 342
R
P 0x7f2a7c191628
P 0x7f2a7c19bcc8
C 9
R
P 0x7f2a7c191628
C 342
R
P 0x7f2a7c191628
I 8
P 0x7f2a7c19b208
C 150
= 0x7f2a7c19c1a8
R
P 0x7f2a7c191628
C 342
R
P 0x7f2a7c191628
P 0x7f2a7c19c1a8
C 258
R
P 0x7f2a7c191628
C 342
R
P 0x7f2a7c191628
P 0x7f2a7c19c1a8
C 9
R
P 0x7f2a7c191628
C 342
R
P 0x7f2a7c191628
P 0x7f2a7c19bcc8
P 0x7f2a7c19c1a8
C 56
= 0x7f2a7c2cb970
R
P 0x7f2a7c191628
C 342
R
P 0x7f2a7c191628
P 0x7f2a7c2cb970
C 258
R
P 0x7f2a7c191628
C 342
R
P 0x7f2a7c191628
P 0x7f2a7c2cb970
C 9
R
P 0x7f2a7c191628
C 342
R
P 0x7f2a7c191628
P 0x7f2a7c2cb970
C 58
= 0x7f2a7c19e278
R
P 0x7f2a7c191628
C 342
R
P 0x7f2a7c191628
P 0x7f2a7c19e278
C 258
R
P 0x7f2a7c191628
C 342
R
P 0x7f2a7c191628
P 0x7f2a7c19e278
C 9
R
P 0x7f2a7c191628
C 342
R
P 0x7f2a7c191628
I 2
P 0x7f2a7c19b208
C 150
= 0x7f2a7c19bcc8
R
P 0x7f2a7c191628
C 342
R
P 0x7f2a7c191628
P 0x7f2a7c19bcc8
C 258
R
P 0x7f2a7c191628
C 342
R
P 0x7f2a7c191628
P 0x7f2a7c19bcc8
C 9
R
P 0x7f2a7c191628
C 342
R
P 0x7f2a7c191628
P 0x7f2a7c19bcc8
C 263
R
P 0x7f2a7c191628
C 342
R
P 0x7f2a7c191628
S "slot2Start"
C 30
R
P 0x7f2a7c191628
C 342
R
P 0x7f2a7c191628
$ |slot2Start|
C 202
R
P 0x7f2a7c191628
C 342
R
P 0x7f2a7c191628
$ |slot2Start|
P 0x7f2a7c19b1e8
C 51
= 0x7f2a7c19bf88
R
P 0x7f2a7c191628
C 342
R
P 0x7f2a7c191628
P 0x7f2a7c19bf88
C 257
R
P 0x7f2a7c191628
C 342
R
P 0x7f2a7c191628
P 0x7f2a7c19bf88
C 254
= 0x7f2a7c19b1e8
R
P 0x7f2a7c191628
C 342
R
P 0x7f2a7c191628
P 0x7f2a7c19b1e8
C 209
R
P 0x7f2a7c191628
C 342
R
P 0x7f2a7c191628
P 0x7f2a7c19bf88
C 260
R
P 0x7f2a7c191628
C 342
R
P 0x7f2a7c191628
P 0x7f2a7c19bf88
C 259
R
P 0x7f2a7c191628
C 342
R
P 0x7f2a7c191628
P 0x7f2a7c19bf88
C 258
R
P 0x7f2a7c191628
C 342
R
P 0x7f2a7c191628
P 0x7f2a7c19bf88
C 9
R
P 0x7f2a7c191628
C 342
R
P 0x7f2a7c191628
I 8
P 0x7f2a7c19b208
C 150
= 0x7f2a7c19c1a8
R
P 0x7f2a7c191628
C 342
R
P 0x7f2a7c191628
P 0x7f2a7c19c1a8
C 258
R
P 0x7f2a7c191628
C 342
R
P 0x7f2a7c191628
P 0x7f2a7c19c1a8
C 9
R
P 0x7f2a7c191628
C 342
R
P 0x7f2a7c191628
P 0x7f2a7c19c1a8
C 263
R
P 0x7f2a7c191628
C 342
R
P 0x7f2a7c191628
S "slot8Start"
C 30
R
P 0x7f2a7c191628
C 342
R
P 0x7f2a7c191628
$ |slot8Start|
C 202
R
P 0x7f2a7c191628
C 342
R
P 0x7f2a7c191628
$ |slot8Start|
P 0x7f2a7c19b1e8
C 51
= 0x7f2a7c19c1c8
R
P 0x7f2a7c191628
C 342
R
P 0x7f2a7c191628
P 0x7f2a7c19c1c8
C 257
R
P 0x7f2a7c191628
C 342
R
P 0x7f2a7c191628
P 0x7f2a7c19c1c8
C 254
= 0x7f2a7c19b1e8
R
P 0x7f2a7c191628
C 342
R
P 0x7f2a7c191628
P 0x7f2a7c19b1e8
C 209
R
P 0x7f2a7c191628
C 342
R
P 0x7f2a7c191628
P 0x7f2a7c19c1c8
C 260
R
P 0x7f2a7c191628
C 342
R
P 0x7f2a7c191628
P 0x7f2a7c19c1c8
C 259
R
P 0x7f2a7c191628
C 342
R
P 0x7f2a7c191628
P 0x7f2a7c19c1c8
C 258
R
P 0x7f2a7c191628
C 342
R
P 0x7f2a7c191628
P 0x7f2a7c19c1c8
C 9
R
P 0x7f2a7c191628
C 342
R
P 0x7f2a7c191628
P 0x7f2a7c19bf88
P 0x7f2a7c19c1c8
C 76
= 0x7f2a7c2cb9a8
R
P 0x7f2a7c191628
C 342
R
P 0x7f2a7c191628
P 0x7f2a7c2cb9a8
C 258
R
P 0x7f2a7c191628
C 342
R
P 0x7f2a7c191628
P 0x7f2a7c2cb9a8
C 9
R
P 0x7f2a7c191628
C 342
R
P 0x7f2a7c191628
I 2
P 0x7f2a7c19b208
C 150
= 0x7f2a7c19bcc8
R
P 0x7f2a7c191628
C 342
R
P 0x7f2a7c191628
P 0x7f2a7c19bcc8
C 258
R
P 0x7f2a7c191628
C 342
R
P 0x7f2a7c191628
P 0x7f2a7c19bcc8
C 9
R
P 0x7f2a7c191628
C 342
R
P 0x7f2a7c191628
P 0x7f2a7c19bcc8
C 263
R
P 0x7f2a7c191628
C 342
R
P 0x7f2a7c191628
S "slot2Start"
C 30
R
P 0x7f2a7c191628
C 342
R
P 0x7f2a7c191628
$ |slot2Start|
C 202
R
P 0x7f2a7c191628
C 342
R
P 0x7f2a7c191628
$ |slot2Start|
P 0x7f2a7c19b1e8
C 51
= 0x7f2a7c19bf88
R
P 0x7f2a7c191628
C 342
R
P 0x7f2a7c191628
P 0x7f2a7c19bf88
C 257
R
P 0x7f2a7c191628
C 342
R
P 0x7f2a7c191628
P 0x7f2a7c19bf88
C 254
= 0x7f2a7c19b1e8
R
P 0x7f2a7c191628
C 342
R
P 0x7f2a7c191628
P 0x7f2a7c19b1e8
C 209
R
P 0x7f2a7c191628
C 342
R
P 0x7f2a7c191628
P 0x7f2a7c19bf88
C 260
R
P 0x7f2a7c191628
C 342
R
P 0x7f2a7c191628
P 0x7f2a7c19bf88
C 259
R
P 0x7f2a7c191628
C 342
R
P 0x7f2a7c191628
P 0x7f2a7c19bf88
C 258
R
P 0x7f2a7c191628
C 342
R
P 0x7f2a7c191628
P 0x7f2a7c19bf88
C 9
R
P 0x7f2a7c191628
C 342
R
P 0x7f2a7c191628
I 8
P 0x7f2a7c19b208
C 150
= 0x7f2a7c19c1a8
R
P 0x7f2a7c191628
C 342
R
P 0x7f2a7c191628
P 0x7f2a7c19c1a8
C 258
R
P 0x7f2a7c191628
C 342
R
P 0x7f2a7c191628
P 0x7f2a7c19c1a8
C 9
R
P 0x7f2a7c191628
C 342
R
P 0x7f2a7c191628
P 0x7f2a7c19c1a8
C 263
R
P 0x7f2a7c191628
C 342
R
P 0x7f2a7c191628
S "slot8Start"
C 30
R
P 0x7f2a7c191628
C 342
R
P 0x7f2a7c191628
$ |slot8Start|
C 202
R
P 0x7f2a7c191628
C 342
R
P 0x7f2a7c191628
$ |slot8Start|
P 0x7f2a7c19b1e8
C 51
= 0x7f2a7c19c1c8
R
P 0x7f2a7c191628
C 342
R
P 0x7f2a7c191628
P 0x7f2a7c19c1c8
C 257
R
P 0x7f2a7c191628
C 342
R
P 0x7f2a7c191628
P 0x7f2a7c19c1c8
C 254
= 0x7f2a7c19b1e8
R
P 0x7f2a7c191628
C 342
R
P 0x7f2a7c191628
P 0x7f2a7c19b1e8
C 209
R
P 0x7f2a7c191628
C 342
R
P 0x7f2a7c191628
P 0x7f2a7c19c1c8
C 260
R
P 0x7f2a7c191628
C 342
R
P 0x7f2a7c191628
P 0x7f2a7c19c1c8
C 259
R
P 0x7f2a7c191628
C 342
R
P 0x7f2a7c191628
P 0x7f2a7c19c1c8
C 258
R
P 0x7f2a7c191628
C 342
R
P 0x7f2a7c191628
P 0x7f2a7c19c1c8
C 9
R
P 0x7f2a7c191628
C 342
R
P 0x7f2a7c191628
I 8
P 0x7f2a7c19b208
C 150
= 0x7f2a7c19c1a8
R
P 0x7f2a7c191628
C 342
R
P 0x7f2a7c191628
P 0x7f2a7c19c1a8
C 258
R
P 0x7f2a7c191628
C 342
R
P 0x7f2a7c191628
P 0x7f2a7c19c1a8
C 9
R
P 0x7f2a7c191628
C 342
R
P 0x7f2a7c191628
P 0x7f2a7c19c1a8
C 263
R
P 0x7f2a7c191628
C 342
R
P 0x7f2a7c191628
S "slot8Duration"
C 30
R
P 0x7f2a7c191628
C 342
R
P 0x7f2a7c191628
$ |slot8Duration|
C 202
R
P 0x7f2a7c191628
C 342
R
P 0x7f2a7c191628
$ |slot8Duration|
P 0x7f2a7c19b1e8
C 51
= 0x7f2a7c19c1e8
R
P 0x7f2a7c191628
C 342
R
P 0x7f2a7c191628
P 0x7f2a7c19c1e8
C 257
R
P 0x7f2a7c191628
C 342
R
P 0x7f2a7c191628
P 0x7f2a7c19c1e8
C 254
= 0x7f2a7c19b1e8
R
P 0x7f2a7c191628
C 342
R
P 0x7f2a7c191628
P 0x7f2a7c19b1e8
C 209
R
P 0x7f2a7c191628
C 342
R
P 0x7f2a7c191628
P 0x7f2a7c19c1e8
C 260
R
P 0x7f2a7c191628
C 342
R
P 0x7f2a7c191628
P 0x7f2a7c19c1e8
C 259
R
P 0x7f2a7c191628
C 342
R
P 0x7f2a7c191628
P 0x7f2a7c19c1e8
C 258
R
P 0x7f2a7c191628
C 342
R
P 0x7f2a7c191628
P 0x7f2a7c19c1e8
C 9
R
P 0x7f2a7c191628
C 342
R
P 0x7f2a7c191628
U 2
P 0x7f2a7c19c1c8
P 0x7f2a7c19c1e8
p 2
C 65
= 0x7f2a7c1a25e8
R
P 0x7f2a7c191628
C 342
R
P 0x7f2a7c191628
P 0x7f2a7c1a25e8
C 257
R
P 0x7f2a7c191628
C 342
R
P 0x7f2a7c191628
P 0x7f2a7c1a25e8
C 254
= 0x7f2a7c19b1e8
R
P 0x7f2a7c191628
C 342
R
P 0x7f2a7c191628
P 0x7f2a7c19b1e8
C 209
R
P 0x7f2a7c191628
C 342
R
P 0x7f2a7c191628
P 0x7f2a7c1a25e8
C 260
R
P 0x7f2a7c191628
C 342
R
P 0x7f2a7c191628
P 0x7f2a7c1a25e8
C 259
R
P 0x7f2a7c191628
C 342
R
P 0x7f2a7c191628
P 0x7f2a7c1a25e8
C 258
R
P 0x7f2a7c191628
C 342
R
P 0x7f2a7c191628
P 0x7f2a7c1a25e8
C 9
R
P 0x7f2a7c191628
C 342
R
P 0x7f2a7c191628
P 0x7f2a7c19bf88
P 0x7f2a7c1a25e8
C 74
= 0x7f2a7c2cb9e0
R
P 0x7f2a7c191628
C 342
R
P 0x7f2a7c191628
P 0x7f2a7c2cb9e0
C 258
R
P 0x7f2a7c191628
C 342
R
P 0x7f2a7c191628
P 0x7f2a7c2cb9e0
C 9
R
P 0x7f2a7c191628
C 342
R
P 0x7f2a7c191628
U 2
P 0x7f2a7c2cb9a8
P 0x7f2a7c2cb9e0
p 2
C 63
= 0x7f2a7c2cba18
R
P 0x7f2a7c191628
C 342
R
P 0x7f2a7c191628
P 0x7f2a7c2cba18
C 258
R
P 0x7f2a7c191628
C 342
R
P 0x7f2a7c191628
P 0x7f2a7c2cba18
C 9
R
P 0x7f2a7c191628
C 342
R
P 0x7f2a7c191628
P 0x7f2a7c2cba18
C 58
= 0x7f2a7c19e2a8
R
P 0x7f2a7c191628
C 342
R
P 0x7f2a7c191628
P 0x7f2a7c19e2a8
C 258
R
P 0x7f2a7c191628
C 342
R
P 0x7f2a7c191628
P 0x7f2a7c19e2a8
C 9
R
P 0x7f2a7c191628
C 342
R
P 0x7f2a7c191628
P 0x7f2a7c19e278
P 0x7f2a7c19e2a8
C 61
= 0x7f2a7c2cba50
R
P 0x7f2a7c191628
C 342
R
P 0x7f2a7c191628
P 0x7f2a7c2cba50
C 258
R
P 0x7f2a7c191628
C 342
R
P 0x7f2a7c191628
P 0x7f2a7c2cba50
C 9
R
P 0x7f2a7c191628
C 342
R
P 0x7f2a7c191628
P 0x7f2a7c1e1fc8
P 0x7f2a7c2cba50
C 427
R
P 0x7f2a7c191628
C 342
R
P 0x7f2a7c191628
I 2
P 0x7f2a7c19b208
C 150
= 0x7f2a7c19bcc8
R
P 0x7f2a7c191628
C 342
R
P 0x7f2a7c191628
P 0x7f2a7c19bcc8
C 258
R
P 0x7f2a7c191628
C 342
R
P 0x7f2a7c191628
P 0x7f2a7c19bcc8
C 9
R
P 0x7f2a7c191628
C 342
R
P 0x7f2a7c191628
I 1
P 0x7f2a7c19b208
C 150
= 0x7f2a7c19bc88
R
P 0x7f2a7c191628
C 342
R
P 0x7f2a7c191628
P 0x7f2a7c19bc88
C 258
R
P 0x7f2a7c191628
C 342
R
P 0x7f2a7c191628
P 0x7f2a7c19bc88
C 9
R
P 0x7f2a7c191628
C 342
R
P 0x7f2a7c191628
P 0x7f2a7c19bcc8
P 0x7f2a7c19bc88
C 56
= 0x7f2a7c1a2f18
R
P 0x7f2a7c191628
C 342
R
P 0x7f2a7c191628
P 0x7f2a7c1a2f18
C 258
R
P 0x7f2a7c191628
C 342
R
P 0x7f2a7c191628
P 0x7f2a7c1a2f18
C 9
R
P 0x7f2a7c191628
C 342
R
P 0x7f2a7c191628
P 0x7f2a7c1a2f18
C 58
= 0x7f2a7c19dfd8
R
P 0x7f2a7c191628
C 342
R
P 0x7f2a7c191628
P 0x7f2a7c19dfd8
C 258
R
P 0x7f2a7c191628
C 342
R
P 0x7f2a7c191628
P 0x7f2a7c19dfd8
C 9
R
P 0x7f2a7c191628
C 342
R
P 0x7f2a7c191628
I 1
P 0x7f2a7c19b208
C 150
= 0x7f2a7c19bc88
R
P 0x7f2a7c191628
C 342
R
P 0x7f2a7c191628
P 0x7f2a7c19bc88
C 258
R
P 0x7f2a7c191628
C 342
R
P 0x7f2a7c191628
P 0x7f2a7c19bc88
C 9
R
P 0x7f2a7c191628
C 342
R
P 0x7f2a7c191628
P 0x7f2a7c19bc88
C 263
R
P 0x7f2a7c191628
C 342
R
P 0x7f2a7c191628
S "slot1Start"
C 30
R
P 0x7f2a7c191628
C 342
R
P 0x7f2a7c191628
$ |slot1Start|
C 202
R
P 0x7f2a7c191628
C 342
R
P 0x7f2a7c191628
$ |slot1Start|
P 0x7f2a7c19b1e8
C 51
= 0x7f2a7c19bf48
R
P 0x7f2a7c191628
C 342
R
P 0x7f2a7c191628
P 0x7f2a7c19bf48
C 257
R
P 0x7f2a7c191628
C 342
R
P 0x7f2a7c191628
P 0x7f2a7c19bf48
C 254
= 0x7f2a7c19b1e8
R
P 0x7f2a7c191628
C 342
R
P 0x7f2a7c191628
P 0x7f2a7c19b1e8
C 209
R
P 0x7f2a7c191628
C 342
R
P 0x7f2a7c191628
P 0x7f2a7c19bf48
C 260
R
P 0x7f2a7c191628
C 342
R
P 0x7f2a7c191628
P 0x7f2a7c19bf48
C 259
R
P 0x7f2a7c191628
C 342
R
P 0x7f2a7c191628
P 0x7f2a7c19bf48
C 258
R
P 0x7f2a7c191628
C 342
R
P 0x7f2a7c191628
P 0x7f2a7c19bf48
C 9
R
P 0x7f2a7c191628
C 342
R
P 0x7f2a7c191628
I 2
P 0x7f2a7c19b208
C 150
= 0x7f2a7c19bcc8
R
P 0x7f2a7c191628
C 342
R
P 0x7f2a7c191628
P 0x7f2a7c19bcc8
C 258
R
P 0x7f2a7c191628
C 342
R
P 0x7f2a7c191628
P 0x7f2a7c19bcc8
C 9
R
P 0x7f2a7c191628
C 342
R
P 0x7f2a7c191628
P 0x7f2a7c19bcc8
C 263
R
P 0x7f2a7c191628
C 342
R
P 0x7f2a7c191628
S "slot2Start"
C 30
R
P 0x7f2a7c191628
C 342
R
P 0x7f2a7c191628
$ |slot2Start|
C 202
R
P 0x7f2a7c191628
C 342
R
P 0x7f2a7c191628
$ |slot2Start|
P 0x7f2a7c19b1e8
C 51
= 0x7f2a7c19bf88
R
P 0x7f2a7c191628
C 342
R
P 0x7f2a7c191628
P 0x7f2a7c19bf88
C 257
R
P 0x7f2a7c191628
C 342
R
P 0x7f2a7c191628
P 0x7f2a7c19bf88
C 254
= 0x7f2a7c19b1e8
R
P 0x7f2a7c191628
C 342
R
P 0x7f2a7c191628
P 0x7f2a7c19b1e8
C 209
R
P 0x7f2a7c191628
C 342
R
P 0x7f2a7c191628
P 0x7f2a7c19bf88
C 260
R
P 0x7f2a7c191628
C 342
R
P 0x7f2a7c191628
P 0x7f2a7c19bf88
C 259
R
P 0x7f2a7c191628
C 342
R
P 0x7f2a7c191628
P 0x7f2a7c19bf88
C 258
R
P 0x7f2a7c191628
C 342
R
P 0x7f2a7c191628
P 0x7f2a7c19bf88
C 9
R
P 0x7f2a7c191628
C 342
R
P 0x7f2a7c191628
I 2
P 0x7f2a7c19b208
C 150
= 0x7f2a7c19bcc8
R
P 0x7f2a7c191628
C 342
R
P 0x7f2a7c191628
P 0x7f2a7c19bcc8
C 258
R
P 0x7f2a7c191628
C 342
R
P 0x7f2a7c191628
P 0x7f2a7c19bcc8
C 9
R
P 0x7f2a7c191628
C 342
R
P 0x7f2a7c191628
P 0x7f2a7c19bcc8
C 263
R
P 0x7f2a7c191628
C 342
R
P 0x7f2a7c191628
S "slot2Duration"
C 30
R
P 0x7f2a7c191628
C 342
R
P 0x7f2a7c191628
$ |slot2Duration|
C 202
R
P 0x7f2a7c191628
C 342
R
P 0x7f2a7c191628
$ |slot2Duration|
P 0x7f2a7c19b1e8
C 51
= 0x7f2a7c19bfa8
R
P 0x7f2a7c191628
C 342
R
P 0x7f2a7c191628
P 0x7f2a7c19bfa8
C 257
R
P 0x7f2a7c191628
C 342
R
P 0x7f2a7c191628
P 0x7f2a7c19bfa8
C 254
= 0x7f2a7c19b1e8
R
P 0x7f2a7c191628
C 342
R
P 0x7f2a7c191628
P 0x7f2a7c19b1e8
C 209
R
P 0x7f2a7c191628
C 342
R
P 0x7f2a7c191628
P 0x7f2a7c19bfa8
C 260
R
P 0x7f2a7c191628
C 342
R
P 0x7f2a7c191628
P 0x7f2a7c19bfa8
C 259
R
P 0x7f2a7c191628
C 342
R
P 0x7f2a7c191628
P 0x7f2a7c19bfa8
C 258
R
P 0x7f2a7c191628
C 342
R
P 0x7f2a7c191628
P 0x7f2a7c19bfa8
C 9
R
P 0x7f2a7c191628
C 342
R
P 0x7f2a7c191628
U 2
P 0x7f2a7c19bf88
P 0x7f2a7c19bfa8
p 2
C 65
= 0x7f2a7c1a1e08
R
P 0x7f2a7c191628
C 342
R
P 0x7f2a7c191628
P 0x7f2a7c1a1e08
C 257
R
P 0x7f2a7c191628
C 342
R
P 0x7f2a7c191628
P 0x7f2a7c1a1e08
C 254
= 0x7f2a7c19b1e8
R
P 0x7f2a7c191628
C 342
R
P 0x7f2a7c191628
P 0x7f2a7c19b1e8
C 209
R
P 0x7f2a7c191628
C 342
R
P 0x7f2a7c191628
P 0x7f2a7c1a1e08
C 260
R
P 0x7f2a7c191628
C 342
R
P 0x7f2a7c191628
P 0x7f2a7c1a1e08
C 259
R
P 0x7f2a7c191628
C 342
R
P 0x7f2a7c191628
P 0x7f2a7c1a1e08
C 258
R
P 0x7f2a7c191628
C 342
R
P 0x7f2a7c191628
P 0x7f2a7c1a1e08
C 9
R
P 0x7f2a7c191628
C 342
R
P 0x7f2a7c191628
P 0x7f2a7c19bf48
P 0x7f2a7c1a1e08
C 74
= 0x7f2a7c1a1e40
R
P 0x7f2a7c191628
C 342
R
P 0x7f2a7c191628
P 0x7f2a7c1a1e40
C 258
R
P 0x7f2a7c191628
C 342
R
P 0x7f2a7c191628
P 0x7f2a7c1a1e40
C 9
R
P 0x7f2a7c191628
C 342
R
P 0x7f2a7c191628
I 2
P 0x7f2a7c19b208
C 150
= 0x7f2a7c19bcc8
R
P 0x7f2a7c191628
C 342
R
P 0x7f2a7c191628
P 0x7f2a7c19bcc8
C 258
R
P 0x7f2a7c191628
C 342
R
P 0x7f2a7c191628
P 0x7f2a7c19bcc8
C 9
R
P 0x7f2a7c191628
C 342
R
P 0x7f2a7c191628
P 0x7f2a7c19bcc8
C 263
R
P 0x7f2a7c191628
C 342
R
P 0x7f2a7c191628
S "slot2Start"
C 30
R
P 0x7f2a7c191628
C 342
R
P 0x7f2a7c191628
$ |slot2Start|
C 202
R
P 0x7f2a7c191628
C 342
R
P 0x7f2a7c191628
$ |slot2Start|
P 0x7f2a7c19b1e8
C 51
= 0x7f2a7c19bf88
R
P 0x7f2a7c191628
C 342
R
P 0x7f2a7c191628
P 0x7f2a7c19bf88
C 257
R
P 0x7f2a7c191628
C 342
R
P 0x7f2a7c191628
P 0x7f2a7c19bf88
C 254
= 0x7f2a7c19b1e8
R
P 0x7f2a7c191628
C 342
R
P 0x7f2a7c191628
P 0x7f2a7c19b1e8
C 209
R
P 0x7f2a7c191628
C 342
R
P 0x7f2a7c191628
P 0x7f2a7c19bf88
C 260
R
P 0x7f2a7c191628
C 342
R
P 0x7f2a7c191628
P 0x7f2a7c19bf88
C 259
R
P 0x7f2a7c191628
C 342
R
P 0x7f2a7c191628
P 0x7f2a7c19bf88
C 258
R
P 0x7f2a7c191628
C 342
R
P 0x7f2a7c191628
P 0x7f2a7c19bf88
C 9
R
P 0x7f2a7c191628
C 342
R
P 0x7f2a7c191628
I 2
P 0x7f2a7c19b208
C 150
= 0x7f2a7c19bcc8
R
P 0x7f2a7c191628
C 342
R
P 0x7f2a7c191628
P 0x7f2a7c19bcc8
C 258
R
P 0x7f2a7c191628
C 342
R
P 0x7f2a7c191628
P 0x7f2a7c19bcc8
C 9
R
P 0x7f2a7c191628
C 342
R
P 0x7f2a7c191628
P 0x7f2a7c19bcc8
C 263
R
P 0x7f2a7c191628
C 342
R
P 0x7f2a7c191628
S "slot2Duration"
C 30
R
P 0x7f2a7c191628
C 342
R
P 0x7f2a7c191628
$ |slot2Duration|
C 202
R
P 0x7f2a7c191628
C 342
R
P 0x7f2a7c191628
$ |slot2Duration|
P 0x7f2a7c19b1e8
C 51
= 0x7f2a7c19bfa8
R
P 0x7f2a7c191628
C 342
R
P 0x7f2a7c191628
P 0x7f2a7c19bfa8
C 257
R
P 0x7f2a7c191628
C 342
R
P 0x7f2a7c191628
P 0x7f2a7c19bfa8
C 254
= 0x7f2a7c19b1e8
R
P 0x7f2a7c191628
C 342
R
P 0x7f2a7c191628
P 0x7f2a7c19b1e8
C 209
R
P 0x7f2a7c191628
C 342
R
P 0x7f2a7c191628
P 0x7f2a7c19bfa8
C 260
R
P 0x7f2a7c191628
C 342
R
P 0x7f2a7c191628
P 0x7f2a7c19bfa8
C 259
R
P 0x7f2a7c191628
C 342
R
P 0x7f2a7c191628
P 0x7f2a7c19bfa8
C 258
R
P 0x7f2a7c191628
C 342
R
P 0x7f2a7c191628
P 0x7f2a7c19bfa8
C 9
R
P 0x7f2a7c191628
C 342
R
P 0x7f2a7c191628
U 2
P 0x7f2a7c19bf88
P 0x7f2a7c19bfa8
p 2
C 65
= 0x7f2a7c1a1e08
R
P 0x7f2a7c191628
C 342
R
P 0x7f2a7c191628
P 0x7f2a7c1a1e08
C 257
R
P 0x7f2a7c191628
C 342
R
P 0x7f2a7c191628
P 0x7f2a7c1a1e08
C 254
= 0x7f2a7c19b1e8
R
P 0x7f2a7c191628
C 342
R
P 0x7f2a7c191628
P 0x7f2a7c19b1e8
C 209
R
P 0x7f2a7c191628
C 342
R
P 0x7f2a7c191628
P 0x7f2a7c1a1e08
C 260
R
P 0x7f2a7c191628
C 342
R
P 0x7f2a7c191628
P 0x7f2a7c1a1e08
C 259
R
P 0x7f2a7c191628
C 342
R
P 0x7f2a7c191628
P 0x7f2a7c1a1e08
C 258
R
P 0x7f2a7c191628
C 342
R
P 0x7f2a7c191628
P 0x7f2a7c1a1e08
C 9
R
P 0x7f2a7c191628
C 342
R
P 0x7f2a7c191628
I 1
P 0x7f2a7c19b208
C 150
= 0x7f2a7c19bc88
R
P 0x7f2a7c191628
C 342
R
P 0x7f2a7c191628
P 0x7f2a7c19bc88
C 258
R
P 0x7f2a7c191628
C 342
R
P 0x7f2a7c191628
P 0x7f2a7c19bc88
C 9
R
P 0x7f2a7c191628
C 342
R
P 0x7f2a7c191628
P 0x7f2a7c19bc88
C 263
R
P 0x7f2a7c191628
C 342
R
P 0x7f2a7c191628
S "slot1Start"
C 30
R
P 0x7f2a7c191628
C 342
R
P 0x7f2a7c191628
$ |slot1Start|
C 202
R
P 0x7f2a7c191628
C 342
R
P 0x7f2a7c191628
$ |slot1Start|
P 0x7f2a7c19b1e8
C 51
= 0x7f2a7c19bf48
R
P 0x7f2a7c191628
C 342
R
P 0x7f2a7c191628
P 0x7f2a7c19bf48
C 257
R
P 0x7f2a7c191628
C 342
R
P 0x7f2a7c191628
P 0x7f2a7c19bf48
C 254
= 0x7f2a7c19b1e8
R
P 0x7f2a7c191628
C 342
R
P 0x7f2a7c191628
P 0x7f2a7c19b1e8
C 209
R
P 0x7f2a7c191628
C 342
R
P 0x7f2a7c191628
P 0x7f2a7c19bf48
C 260
R
P 0x7f2a7c191628
C 342
R
P 0x7f2a7c191628
P 0x7f2a7c19bf48
C 259
R
P 0x7f2a7c191628
C 342
R
P 0x7f2a7c191628
P 0x7f2a7c19bf48
C 258
R
P 0x7f2a7c191628
C 342
R
P 0x7f2a7c191628
P 0x7f2a7c19bf48
C 9
R
P 0x7f2a7c191628
C 342
R
P 0x7f2a7c191628
I 1
P 0x7f2a7c19b208
C 150
= 0x7f2a7c19bc88
R
P 0x7f2a7c191628
C 342
R
P 0x7f2a7c191628
P 0x7f2a7c19bc88
C 258
R
P 0x7f2a7c191628
C 342
R
P 0x7f2a7c191628
P 0x7f2a7c19bc88
C 9
R
P 0x7f2a7c191628
C 342
R
P 0x7f2a7c191628
P 0x7f2a7c19bc88
C 263
R
P 0x7f2a7c191628
C 342
R
P 0x7f2a7c191628
S "slot1Duration"
C 30
R
P 0x7f2a7c191628
C 342
R
P 0x7f2a7c191628
$ |slot1Duration|
C 202
R
P 0x7f2a7c191628
C 342
R
P 0x7f2a7c191628
$ |slot1Duration|
P 0x7f2a7c19b1e8
C 51
= 0x7f2a7c19bf68
R
P 0x7f2a7c191628
C 342
R
P 0x7f2a7c191628
P 0x7f2a7c19bf68
C 257
R
P 0x7f2a7c191628
C 342
R
P 0x7f2a7c191628
P 0x7f2a7c19bf68
C 254
= 0x7f2a7c19b1e8
R
P 0x7f2a7c191628
C 342
R
P 0x7f2a7c191628
P 0x7f2a7c19b1e8
C 209
R
P 0x7f2a7c191628
C 342
R
P 0x7f2a7c191628
P 0x7f2a7c19bf68
C 260
R
P 0x7f2a7c191628
C 342
R
P 0x7f2a7c191628
P 0x7f2a7c19bf68
C 259
R
P 0x7f2a7c191628
C 342
R
P 0x7f2a7c191628
P 0x7f2a7c19bf68
C 258
R
P 0x7f2a7c191628
C 342
R
P 0x7f2a7c191628
P 0x7f2a7c19bf68
C 9
R
P 0x7f2a7c191628
C 342
R
P 0x7f2a7c191628
U 2
P 0x7f2a7c19bf48
P 0x7f2a7c19bf68
p 2
C 65
= 0x7f2a7c1a1cb8
R
P 0x7f2a7c191628
C 342
R
P 0x7f2a7c191628
P 0x7f2a7c1a1cb8
C 257
R
P 0x7f2a7c191628
C 342
R
P 0x7f2a7c191628
P 0x7f2a7c1a1cb8
C 254
= 0x7f2a7c19b1e8
R
P 0x7f2a7c191628
C 342
R
P 0x7f2a7c191628
P 0x7f2a7c19b1e8
C 209
R
P 0x7f2a7c191628
C 342
R
P 0x7f2a7c191628
P 0x7f2a7c1a1cb8
C 260
R
P 0x7f2a7c191628
C 342
R
P 0x7f2a7c191628
P 0x7f2a7c1a1cb8
C 259
R
P 0x7f2a7c191628
C 342
R
P 0x7f2a7c191628
P 0x7f2a7c1a1cb8
C 258
R
P 0x7f2a7c191628
C 342
R
P 0x7f2a7c191628
P 0x7f2a7c1a1cb8
C 9
R
P 0x7f2a7c191628
C 342
R
P 0x7f2a7c191628
P 0x7f2a7c1a1e08
P 0x7f2a7c1a1cb8
C 74
= 0x7f2a7c2cba88
R
P 0x7f2a7c191628
C 342
R
P 0x7f2a7c191628
P 0x7f2a7c2cba88
C 258
R
P 0x7f2a7c191628
C 342
R
P 0x7f2a7c191628
P 0x7f2a7c2cba88
C 9
R
P 0x7f2a7c191628
C 342
R
P 0x7f2a7c191628
U 2
P 0x7f2a7c1a1e40
P 0x7f2a7c2cba88
p 2
C 63
= 0x7f2a7c2cbac0
R
P 0x7f2a7c191628
C 342
R
P 0x7f2a7c191628
P 0x7f2a7c2cbac0
C 258
R
P 0x7f2a7c191628
C 342
R
P 0x7f2a7c191628
P 0x7f2a7c2cbac0
C 9
R
P 0x7f2a7c191628
C 342
R
P 0x7f2a7c191628
P 0x7f2a7c2cbac0
C 58
= 0x7f2a7c19e2d8
R
P 0x7f2a7c191628
C 342
R
P 0x7f2a7c191628
P 0x7f2a7c19e2d8
C 258
R
P 0x7f2a7c191628
C 342
R
P 0x7f2a7c191628
P 0x7f2a7c19e2d8
C 9
R
P 0x7f2a7c191628
C 342
R
P 0x7f2a7c191628
P 0x7f2a7c19dfd8
P 0x7f2a7c19e2d8
C 61
= 0x7f2a7c2cbaf8
R
P 0x7f2a7c191628
C 342
R
P 0x7f2a7c191628
P 0x7f2a7c2cbaf8
C 258
R
P 0x7f2a7c191628
C 342
R
P 0x7f2a7c191628
P 0x7f2a7c2cbaf8
C 9
R
P 0x7f2a7c191628
C 342
R
P 0x7f2a7c191628
P 0x7f2a7c1e1fc8
P 0x7f2a7c2cbaf8
C 427
R
P 0x7f2a7c191628
C 342
R
P 0x7f2a7c191628
I 2
P 0x7f2a7c19b208
C 150
= 0x7f2a7c19bcc8
R
P 0x7f2a7c191628
C 342
R
P 0x7f2a7c191628
P 0x7f2a7c19bcc8
C 258
R
P 0x7f2a7c191628
C 342
R
P 0x7f2a7c191628
P 0x7f2a7c19bcc8
C 9
R
P 0x7f2a7c191628
C 342
R
P 0x7f2a7c191628
I 2
P 0x7f2a7c19b208
C 150
= 0x7f2a7c19bcc8
R
P 0x7f2a7c191628
C 342
R
P 0x7f2a7c191628
P 0x7f2a7c19bcc8
C 258
R
P 0x7f2a7c191628
C 342
R
P 0x7f2a7c191628
P 0x7f2a7c19bcc8
C 9
R
P 0x7f2a7c191628
C 342
R
P 0x7f2a7c191628
P 0x7f2a7c19bcc8
P 0x7f2a7c19bcc8
C 56
= 0x7f2a7c1a2ff8
R
P 0x7f2a7c191628
C 342
R
P 0x7f2a7c191628
P 0x7f2a7c1a2ff8
C 258
R
P 0x7f2a7c191628
C 342
R
P 0x7f2a7c191628
P 0x7f2a7c1a2ff8
C 9
R
P 0x7f2a7c191628
C 342
R
P 0x7f2a7c191628
P 0x7f2a7c1a2ff8
C 58
= 0x7f2a7c19e038
R
P 0x7f2a7c191628
C 342
R
P 0x7f2a7c191628
P 0x7f2a7c19e038
C 258
R
P 0x7f2a7c191628
C 342
R
P 0x7f2a7c191628
P 0x7f2a7c19e038
C 9
R
P 0x7f2a7c191628
C 342
R
P 0x7f2a7c191628
I 2
P 0x7f2a7c19b208
C 150
= 0x7f2a7c19bcc8
R
P 0x7f2a7c191628
C 342
R
P 0x7f2a7c191628
P 0x7f2a7c19bcc8
C 258
R
P 0x7f2a7c191628
C 342
R
P 0x7f2a7c191628
P 0x7f2a7c19bcc8
C 9
R
P 0x7f2a7c191628
C 342
R
P 0x7f2a7c191628
P 0x7f2a7c19bcc8
C 263
R
P 0x7f2a7c191628
C 342
R
P 0x7f2a7c191628
S "slot2Start"
C 30
R
P 0x7f2a7c191628
C 342
R
P 0x7f2a7c191628
$ |slot2Start|
C 202
R
P 0x7f2a7c191628
C 342
R
P 0x7f2a7c191628
$ |slot2Start|
P 0x7f2a7c19b1e8
C 51
= 0x7f2a7c19bf88
R
P 0x7f2a7c191628
C 342
R
P 0x7f2a7c191628
P 0x7f2a7c19bf88
C 257
R
P 0x7f2a7c191628
C 342
R
P 0x7f2a7c191628
P 0x7f2a7c19bf88
C 254
= 0x7f2a7c19b1e8
R
P 0x7f2a7c191628
C 342
R
P 0x7f2a7c191628
P 0x7f2a7c19b1e8
C 209
R
P 0x7f2a7c191628
C 342
R
P 0x7f2a7c191628
P 0x7f2a7c19bf88
C 260
R
P 0x7f2a7c191628
C 342
R
P 0x7f2a7c191628
P 0x7f2a7c19bf88
C 259
R
P 0x7f2a7c191628
C 342
R
P 0x7f2a7c191628
P 0x7f2a7c19bf88
C 258
R
P 0x7f2a7c191628
C 342
R
P 0x7f2a7c191628
P 0x7f2a7c19bf88
C 9
R
P 0x7f2a7c191628
C 342
R
P 0x7f2a7c191628
I 2
P 0x7f2a7c19b208
C 150
= 0x7f2a7c19bcc8
R
P 0x7f2a7c191628
C 342
R
P 0x7f2a7c191628
P 0x7f2a7c19bcc8
C 258
R
P 0x7f2a7c191628
C 342
R
P 0x7f2a7c191628
P 0x7f2a7c19bcc8
C 9
R
P 0x7f2a7c191628
C 342
R
P 0x7f2a7c191628
P 0x7f2a7c19bcc8
C 263
R
P 0x7f2a7c191628
C 342
R
P 0x7f2a7c191628
S "slot2Start"
C 30
R
P 0x7f2a7c191628
C 342
R
P 0x7f2a7c191628
$ |slot2Start|
C 202
R
P 0x7f2a7c191628
C 342
R
P 0x7f2a7c191628
$ |slot2Start|
P 0x7f2a7c19b1e8
C 51
= 0x7f2a7c19bf88
R
P 0x7f2a7c191628
C 342
R
P 0x7f2a7c191628
P 0x7f2a7c19bf88
C 257
R
P 0x7f2a7c191628
C 342
R
P 0x7f2a7c191628
P 0x7f2a7c19bf88
C 254
= 0x7f2a7c19b1e8
R
P 0x7f2a7c191628
C 342
R
P 0x7f2a7c191628
P 0x7f2a7c19b1e8
C 209
R
P 0x7f2a7c191628
C 342
R
P 0x7f2a7c191628
P 0x7f2a7c19bf88
C 260
R
P 0x7f2a7c191628
C 342
R
P 0x7f2a7c191628
P 0x7f2a7c19bf88
C 259
R
P 0x7f2a7c191628
C 342
R
P 0x7f2a7c191628
P 0x7f2a7c19bf88
C 258
R
P 0x7f2a7c191628
C 342
R
P 0x7f2a7c191628
P 0x7f2a7c19bf88
C 9
R
P 0x7f2a7c191628
C 342
R
P 0x7f2a7c191628
I 2
P 0x7f2a7c19b208
C 150
= 0x7f2a7c19bcc8
R
P 0x7f2a7c191628
C 342
R
P 0x7f2a7c191628
P 0x7f2a7c19bcc8
C 258
R
P 0x7f2a7c191628
C 342
R
P 0x7f2a7c191628
P 0x7f2a7c19bcc8
C 9
R
P 0x7f2a7c191628
C 342
R
P 0x7f2a7c191628
P 0x7f2a7c19bcc8
C 263
R
P 0x7f2a7c191628
C 342
R
P 0x7f2a7c191628
S "slot2Duration"
C 30
R
P 0x7f2a7c191628
C 342
R
P 0x7f2a7c191628
$ |slot2Duration|
C 202
R
P 0x7f2a7c191628
C 342
R
P 0x7f2a7c191628
$ |slot2Duration|
P 0x7f2a7c19b1e8
C 51
= 0x7f2a7c19bfa8
R
P 0x7f2a7c191628
C 342
R
P 0x7f2a7c191628
P 0x7f2a7c19bfa8
C 257
R
P 0x7f2a7c191628
C 342
R
P 0x7f2a7c191628
P 0x7f2a7c19bfa8
C 254
= 0x7f2a7c19b1e8
R
P 0x7f2a7c191628
C 342
R
P 0x7f2a7c191628
P 0x7f2a7c19b1e8
C 209
R
P 0x7f2a7c191628
C 342
R
P 0x7f2a7c191628
P 0x7f2a7c19bfa8
C 260
R
P 0x7f2a7c191628
C 342
R
P 0x7f2a7c191628
P 0x7f2a7c19bfa8
C 259
R
P 0x7f2a7c191628
C 342
R
P 0x7f2a7c191628
P 0x7f2a7c19bfa8
C 258
R
P 0x7f2a7c191628
C 342
R
P 0x7f2a7c191628
P 0x7f2a7c19bfa8
C 9
R
P 0x7f2a7c191628
C 342
R
P 0x7f2a7c191628
U 2
P 0x7f2a7c19bf88
P 0x7f2a7c19bfa8
p 2
C 65
= 0x7f2a7c1a1e08
R
P 0x7f2a7c191628
C 342
R
P 0x7f2a7c191628
P 0x7f2a7c1a1e08
C 257
R
P 0x7f2a7c191628
C 342
R
P 0x7f2a7c191628
P 0x7f2a7c1a1e08
C 254
= 0x7f2a7c19b1e8
R
P 0x7f2a7c191628
C 342
R
P 0x7f2a7c191628
P 0x7f2a7c19b1e8
C 209
R
P 0x7f2a7c191628
C 342
R
P 0x7f2a7c191628
P 0x7f2a7c1a1e08
C 260
R
P 0x7f2a7c191628
C 342
R
P 0x7f2a7c191628
P 0x7f2a7c1a1e08
C 259
R
P 0x7f2a7c191628
C 342
R
P 0x7f2a7c191628
P 0x7f2a7c1a1e08
C 258
R
P 0x7f2a7c191628
C 342
R
P 0x7f2a7c191628
P 0x7f2a7c1a1e08
C 9
R
P 0x7f2a7c191628
C 342
R
P 0x7f2a7c191628
P 0x7f2a7c19bf88
P 0x7f2a7c1a1e08
C 74
= 0x7f2a7c1a3068
R
P 0x7f2a7c191628
C 342
R
P 0x7f2a7c191628
P 0x7f2a7c1a3068
C 258
R
P 0x7f2a7c191628
C 342
R
P 0x7f2a7c191628
P 0x7f2a7c1a3068
C 9
R
P 0x7f2a7c191628
C 342
R
P 0x7f2a7c191628
I 2
P 0x7f2a7c19b208
C 150
= 0x7f2a7c19bcc8
R
P 0x7f2a7c191628
C 342
R
P 0x7f2a7c191628
P 0x7f2a7c19bcc8
C 258
R
P 0x7f2a7c191628
C 342
R
P 0x7f2a7c191628
P 0x7f2a7c19bcc8
C 9
R
P 0x7f2a7c191628
C 342
R
P 0x7f2a7c191628
P 0x7f2a7c19bcc8
C 263
R
P 0x7f2a7c191628
C 342
R
P 0x7f2a7c191628
S "slot2Start"
C 30
R
P 0x7f2a7c191628
C 342
R
P 0x7f2a7c191628
$ |slot2Start|
C 202
R
P 0x7f2a7c191628
C 342
R
P 0x7f2a7c191628
$ |slot2Start|
P 0x7f2a7c19b1e8
C 51
= 0x7f2a7c19bf88
R
P 0x7f2a7c191628
C 342
R
P 0x7f2a7c191628
P 0x7f2a7c19bf88
C 257
R
P 0x7f2a7c191628
C 342
R
P 0x7f2a7c191628
P 0x7f2a7c19bf88
C 254
= 0x7f2a7c19b1e8
R
P 0x7f2a7c191628
C 342
R
P 0x7f2a7c191628
P 0x7f2a7c19b1e8
C 209
R
P 0x7f2a7c191628
C 342
R
P 0x7f2a7c191628
P 0x7f2a7c19bf88
C 260
R
P 0x7f2a7c191628
C 342
R
P 0x7f2a7c191628
P 0x7f2a7c19bf88
C 259
R
P 0x7f2a7c191628
C 342
R
P 0x7f2a7c191628
P 0x7f2a7c19bf88
C 258
R
P 0x7f2a7c191628
C 342
R
P 0x7f2a7c191628
P 0x7f2a7c19bf88
C 9
R
P 0x7f2a7c191628
C 342
R
P 0x7f2a7c191628
I 2
P 0x7f2a7c19b208
C 150
= 0x7f2a7c19bcc8
R
P 0x7f2a7c191628
C 342
R
P 0x7f2a7c191628
P 0x7f2a7c19bcc8
C 258
R
P 0x7f2a7c191628
C 342
R
P 0x7f2a7c191628
P 0x7f2a7c19bcc8
C 9
R
P 0x7f2a7c191628
C 342
R
P 0x7f2a7c191628
P 0x7f2a7c19bcc8
C 263
R
P 0x7f2a7c191628
C 342
R
P 0x7f2a7c191628
S "slot2Duration"
C 30
R
P 0x7f2a7c191628
C 342
R
P 0x7f2a7c191628
$ |slot2Duration|
C 202
R
P 0x7f2a7c191628
C 342
R
P 0x7f2a7c191628
$ |slot2Duration|
P 0x7f2a7c19b1e8
C 51
= 0x7f2a7c19bfa8
R
P 0x7f2a7c191628
C 342
R
P 0x7f2a7c191628
P 0x7f2a7c19bfa8
C 257
R
P 0x7f2a7c191628
C 342
R
P 0x7f2a7c191628
P 0x7f2a7c19bfa8
C 254
= 0x7f2a7c19b1e8
R
P 0x7f2a7c191628
C 342
R
P 0x7f2a7c191628
P 0x7f2a7c19b1e8
C 209
R
P 0x7f2a7c191628
C 342
R
P 0x7f2a7c191628
P 0x7f2a7c19bfa8
C 260
R
P 0x7f2a7c191628
C 342
R
P 0x7f2a7c191628
P 0x7f2a7c19bfa8
C 259
R
P 0x7f2a7c191628
C 342
R
P 0x7f2a7c191628
P 0x7f2a7c19bfa8
C 258
R
P 0x7f2a7c191628
C 342
R
P 0x7f2a7c191628
P 0x7f2a7c19bfa8
C 9
R
P 0x7f2a7c191628
C 342
R
P 0x7f2a7c191628
U 2
P 0x7f2a7c19bf88
P 0x7f2a7c19bfa8
p 2
C 65
= 0x7f2a7c1a1e08
R
P 0x7f2a7c191628
C 342
R
P 0x7f2a7c191628
P 0x7f2a7c1a1e08
C 257
R
P 0x7f2a7c191628
C 342
R
P 0x7f2a7c191628
P 0x7f2a7c1a1e08
C 254
= 0x7f2a7c19b1e8
R
P 0x7f2a7c191628
C 342
R
P 0x7f2a7c191628
P 0x7f2a7c19b1e8
C 209
R
P 0x7f2a7c191628
C 342
R
P 0x7f2a7c191628
P 0x7f2a7c1a1e08
C 260
R
P 0x7f2a7c191628
C 342
R
P 0x7f2a7c191628
P 0x7f2a7c1a1e08
C 259
R
P 0x7f2a7c191628
C 342
R
P 0x7f2a7c191628
P 0x7f2a7c1a1e08
C 258
R
P 0x7f2a7c191628
C 342
R
P 0x7f2a7c191628
P 0x7f2a7c1a1e08
C 9
R
P 0x7f2a7c191628
C 342
R
P 0x7f2a7c191628
I 2
P 0x7f2a7c19b208
C 150
= 0x7f2a7c19bcc8
R
P 0x7f2a7c191628
C 342
R
P 0x7f2a7c191628
P 0x7f2a7c19bcc8
C 258
R
P 0x7f2a7c191628
C 342
R
P 0x7f2a7c191628
P 0x7f2a7c19bcc8
C 9
R
P 0x7f2a7c191628
C 342
R
P 0x7f2a7c191628
P 0x7f2a7c19bcc8
C 263
R
P 0x7f2a7c191628
C 342
R
P 0x7f2a7c191628
S "slot2Start"
C 30
R
P 0x7f2a7c191628
C 342
R
P 0x7f2a7c191628
$ |slot2Start|
C 202
R
P 0x7f2a7c191628
C 342
R
P 0x7f2a7c191628
$ |slot2Start|
P 0x7f2a7c19b1e8
C 51
= 0x7f2a7c19bf88
R
P 0x7f2a7c191628
C 342
R
P 0x7f2a7c191628
P 0x7f2a7c19bf88
C 257
R
P 0x7f2a7c191628
C 342
R
P 0x7f2a7c191628
P 0x7f2a7c19bf88
C 254
= 0x7f2a7c19b1e8
R
P 0x7f2a7c191628
C 342
R
P 0x7f2a7c191628
P 0x7f2a7c19b1e8
C 209
R
P 0x7f2a7c191628
C 342
R
P 0x7f2a7c191628
P 0x7f2a7c19bf88
C 260
R
P 0x7f2a7c191628
C 342
R
P 0x7f2a7c191628
P 0x7f2a7c19bf88
C 259
R
P 0x7f2a7c191628
C 342
R
P 0x7f2a7c191628
P 0x7f2a7c19bf88
C 258
R
P 0x7f2a7c191628
C 342
R
P 0x7f2a7c191628
P 0x7f2a7c19bf88
C 9
R
P 0x7f2a7c191628
C 342
R
P 0x7f2a7c191628
I 2
P 0x7f2a7c19b208
C 150
= 0x7f2a7c19bcc8
R
P 0x7f2a7c191628
C 342
R
P 0x7f2a7c191628
P 0x7f2a7c19bcc8
C 258
R
P 0x7f2a7c191628
C 342
R
P 0x7f2a7c191628
P 0x7f2a7c19bcc8
C 9
R
P 0x7f2a7c191628
C 342
R
P 0x7f2a7c191628
P 0x7f2a7c19bcc8
C 263
R
P 0x7f2a7c191628
C 342
R
P 0x7f2a7c191628
S "slot2Duration"
C 30
R
P 0x7f2a7c191628
C 342
R
P 0x7f2a7c191628
$ |slot2Duration|
C 202
R
P 0x7f2a7c191628
C 342
R
P 0x7f2a7c191628
$ |slot2Duration|
P 0x7f2a7c19b1e8
C 51
= 0x7f2a7c19bfa8
R
P 0x7f2a7c191628
C 342
R
P 0x7f2a7c191628
P 0x7f2a7c19bfa8
C 257
R
P 0x7f2a7c191628
C 342
R
P 0x7f2a7c191628
P 0x7f2a7c19bfa8
C 254
= 0x7f2a7c19b1e8
R
P 0x7f2a7c191628
C 342
R
P 0x7f2a7c191628
P 0x7f2a7c19b1e8
C 209
R
P 0x7f2a7c191628
C 342
R
P 0x7f2a7c191628
P 0x7f2a7c19bfa8
C 260
R
P 0x7f2a7c191628
C 342
R
P 0x7f2a7c191628
P 0x7f2a7c19bfa8
C 259
R
P 0x7f2a7c191628
C 342
R
P 0x7f2a7c191628
P 0x7f2a7c19bfa8
C 258
R
P 0x7f2a7c191628
C 342
R
P 0x7f2a7c191628
P 0x7f2a7c19bfa8
C 9
R
P 0x7f2a7c191628
C 342
R
P 0x7f2a7c191628
U 2
P 0x7f2a7c19bf88
P 0x7f2a7c19bfa8
p 2
C 65
= 0x7f2a7c1a1e08
R
P 0x7f2a7c191628
C 342
R
P 0x7f2a7c191628
P 0x7f2a7c1a1e08
C 257
R
P 0x7f2a7c191628
C 342
R
P 0x7f2a7c191628
P 0x7f2a7c1a1e08
C 254
= 0x7f2a7c19b1e8
R
P 0x7f2a7c191628
C 342
R
P 0x7f2a7c191628
P 0x7f2a7c19b1e8
C 209
R
P 0x7f2a7c191628
C 342
R
P 0x7f2a7c191628
P 0x7f2a7c1a1e08
C 260
R
P 0x7f2a7c191628
C 342
R
P 0x7f2a7c191628
P 0x7f2a7c1a1e08
C 259
R
P 0x7f2a7c191628
C 342
R
P 0x7f2a7c191628
P 0x7f2a7c1a1e08
C 258
R
P 0x7f2a7c191628
C 342
R
P 0x7f2a7c191628
P 0x7f2a7c1a1e08
C 9
R
P 0x7f2a7c191628
C 342
R
P 0x7f2a7c191628
P 0x7f2a7c1a1e08
P 0x7f2a7c1a1e08
C 74
= 0x7f2a7c2cbb30
R
P 0x7f2a7c191628
C 342
R
P 0x7f2a7c191628
P 0x7f2a7c2cbb30
C 258
R
P 0x7f2a7c191628
C 342
R
P 0x7f2a7c191628
P 0x7f2a7c2cbb30
C 9
R
P 0x7f2a7c191628
C 342
R
P 0x7f2a7c191628
U 2
P 0x7f2a7c1a3068
P 0x7f2a7c2cbb30
p 2
C 63
= 0x7f2a7c2cbb68
R
P 0x7f2a7c191628
C 342
R
P 0x7f2a7c191628
P 0x7f2a7c2cbb68
C 258
R
P 0x7f2a7c191628
C 342
R
P 0x7f2a7c191628
P 0x7f2a7c2cbb68
C 9
R
P 0x7f2a7c191628
C 342
R
P 0x7f2a7c191628
P 0x7f2a7c2cbb68
C 58
= 0x7f2a7c19e308
R
P 0x7f2a7c191628
C 342
R
P 0x7f2a7c191628
P 0x7f2a7c19e308
C 258
R
P 0x7f2a7c191628
C 342
R
P 0x7f2a7c191628
P 0x7f2a7c19e308
C 9
R
P 0x7f2a7c191628
C 342
R
P 0x7f2a7c191628
P 0x7f2a7c19e038
P 0x7f2a7c19e308
C 61
= 0x7f2a7c2cbba0
R
P 0x7f2a7c191628
C 342
R
P 0x7f2a7c191628
P 0x7f2a7c2cbba0
C 258
R
P 0x7f2a7c191628
C 342
R
P 0x7f2a7c191628
P 0x7f2a7c2cbba0
C 9
R
P 0x7f2a7c191628
C 342
R
P 0x7f2a7c191628
P 0x7f2a7c1e1fc8
P 0x7f2a7c2cbba0
C 427
R
P 0x7f2a7c191628
C 342
R
P 0x7f2a7c191628
I 2
P 0x7f2a7c19b208
C 150
= 0x7f2a7c19bcc8
R
P 0x7f2a7c191628
C 342
R
P 0x7f2a7c191628
P 0x7f2a7c19bcc8
C 258
R
P 0x7f2a7c191628
C 342
R
P 0x7f2a7c191628
P 0x7f2a7c19bcc8
C 9
R
P 0x7f2a7c191628
C 342
R
P 0x7f2a7c191628
I 3
P 0x7f2a7c19b208
C 150
= 0x7f2a7c19bfc8
R
P 0x7f2a7c191628
C 342
R
P 0x7f2a7c191628
P 0x7f2a7c19bfc8
C 258
R
P 0x7f2a7c191628
C 342
R
P 0x7f2a7c191628
P 0x7f2a7c19bfc8
C 9
R
P 0x7f2a7c191628
C 342
R
P 0x7f2a7c191628
P 0x7f2a7c19bcc8
P 0x7f2a7c19bfc8
C 56
= 0x7f2a7c1a3110
R
P 0x7f2a7c191628
C 342
R
P 0x7f2a7c191628
P 0x7f2a7c1a3110
C 258
R
P 0x7f2a7c191628
C 342
R
P 0x7f2a7c191628
P 0x7f2a7c1a3110
C 9
R
P 0x7f2a7c191628
C 342
R
P 0x7f2a7c191628
P 0x7f2a7c1a3110
C 58
= 0x7f2a7c19e098
R
P 0x7f2a7c191628
C 342
R
P 0x7f2a7c191628
P 0x7f2a7c19e098
C 258
R
P 0x7f2a7c191628
C 342
R
P 0x7f2a7c191628
P 0x7f2a7c19e098
C 9
R
P 0x7f2a7c191628
C 342
R
P 0x7f2a7c191628
I 3
P 0x7f2a7c19b208
C 150
= 0x7f2a7c19bfc8
R
P 0x7f2a7c191628
C 342
R
P 0x7f2a7c191628
P 0x7f2a7c19bfc8
C 258
R
P 0x7f2a7c191628
C 342
R
P 0x7f2a7c191628
P 0x7f2a7c19bfc8
C 9
R
P 0x7f2a7c191628
C 342
R
P 0x7f2a7c191628
P 0x7f2a7c19bfc8
C 263
R
P 0x7f2a7c191628
C 342
R
P 0x7f2a7c191628
S "slot3Start"
C 30
R
P 0x7f2a7c191628
C 342
R
P 0x7f2a7c191628
$ |slot3Start|
C 202
R
P 0x7f2a7c191628
C 342
R
P 0x7f2a7c191628
$ |slot3Start|
P 0x7f2a7c19b1e8
C 51
= 0x7f2a7c19bfe8
R
P 0x7f2a7c191628
C 342
R
P 0x7f2a7c191628
P 0x7f2a7c19bfe8
C 257
R
P 0x7f2a7c191628
C 342
R
P 0x7f2a7c191628
P 0x7f2a7c19bfe8
C 254
= 0x7f2a7c19b1e8
R
P 0x7f2a7c191628
C 342
R
P 0x7f2a7c191628
P 0x7f2a7c19b1e8
C 209
R
P 0x7f2a7c191628
C 342
R
P 0x7f2a7c191628
P 0x7f2a7c19bfe8
C 260
R
P 0x7f2a7c191628
C 342
R
P 0x7f2a7c191628
P 0x7f2a7c19bfe8
C 259
R
P 0x7f2a7c191628
C 342
R
P 0x7f2a7c191628
P 0x7f2a7c19bfe8
C 258
R
P 0x7f2a7c191628
C 342
R
P 0x7f2a7c191628
P 0x7f2a7c19bfe8
C 9
R
P 0x7f2a7c191628
C 342
R
P 0x7f2a7c191628
I 2
P 0x7f2a7c19b208
C 150
= 0x7f2a7c19bcc8
R
P 0x7f2a7c191628
C 342
R
P 0x7f2a7c191628
P 0x7f2a7c19bcc8
C 258
R
P 0x7f2a7c191628
C 342
R
P 0x7f2a7c191628
P 0x7f2a7c19bcc8
C 9
R
P 0x7f2a7c191628
C 342
R
P 0x7f2a7c191628
P 0x7f2a7c19bcc8
C 263
R
P 0x7f2a7c191628
C 342
R
P 0x7f2a7c191628
S "slot2Start"
C 30
R
P 0x7f2a7c191628
C 342
R
P 0x7f2a7c191628
$ |slot2Start|
C 202
R
P 0x7f2a7c191628
C 342
R
P 0x7f2a7c191628
$ |slot2Start|
P 0x7f2a7c19b1e8
C 51
= 0x7f2a7c19bf88
R
P 0x7f2a7c191628
C 342
R
P 0x7f2a7c191628
P 0x7f2a7c19bf88
C 257
R
P 0x7f2a7c191628
C 342
R
P 0x7f2a7c191628
P 0x7f2a7c19bf88
C 254
= 0x7f2a7c19b1e8
R
P 0x7f2a7c191628
C 342
R
P 0x7f2a7c191628
P 0x7f2a7c19b1e8
C 209
R
P 0x7f2a7c191628
C 342
R
P 0x7f2a7c191628
P 0x7f2a7c19bf88
C 260
R
P 0x7f2a7c191628
C 342
R
P 0x7f2a7c191628
P 0x7f2a7c19bf88
C 259
R
P 0x7f2a7c191628
C 342
R
P 0x7f2a7c191628
P 0x7f2a7c19bf88
C 258
R
P 0x7f2a7c191628
C 342
R
P 0x7f2a7c191628
P 0x7f2a7c19bf88
C 9
R
P 0x7f2a7c191628
C 342
R
P 0x7f2a7c191628
I 2
P 0x7f2a7c19b208
C 150
= 0x7f2a7c19bcc8
R
P 0x7f2a7c191628
C 342
R
P 0x7f2a7c191628
P 0x7f2a7c19bcc8
C 258
R
P 0x7f2a7c191628
C 342
R
P 0x7f2a7c191628
P 0x7f2a7c19bcc8
C 9
R
P 0x7f2a7c191628
C 342
R
P 0x7f2a7c191628
P 0x7f2a7c19bcc8
C 263
R
P 0x7f2a7c191628
C 342
R
P 0x7f2a7c191628
S "slot2Duration"
C 30
R
P 0x7f2a7c191628
C 342
R
P 0x7f2a7c191628
$ |slot2Duration|
C 202
R
P 0x7f2a7c191628
C 342
R
P 0x7f2a7c191628
$ |slot2Duration|
P 0x7f2a7c19b1e8
C 51
= 0x7f2a7c19bfa8
R
P 0x7f2a7c191628
C 342
R
P 0x7f2a7c191628
P 0x7f2a7c19bfa8
C 257
R
P 0x7f2a7c191628
C 342
R
P 0x7f2a7c191628
P 0x7f2a7c19bfa8
C 254
= 0x7f2a7c19b1e8
R
P 0x7f2a7c191628
C 342
R
P 0x7f2a7c191628
P 0x7f2a7c19b1e8
C 209
R
P 0x7f2a7c191628
C 342
R
P 0x7f2a7c191628
P 0x7f2a7c19bfa8
C 260
R
P 0x7f2a7c191628
C 342
R
P 0x7f2a7c191628
P 0x7f2a7c19bfa8
C 259
R
P 0x7f2a7c191628
C 342
R
P 0x7f2a7c191628
P 0x7f2a7c19bfa8
C 258
R
P 0x7f2a7c191628
C 342
R
P 0x7f2a7c191628
P 0x7f2a7c19bfa8
C 9
R
P 0x7f2a7c191628
C 342
R
P 0x7f2a7c191628
U 2
P 0x7f2a7c19bf88
P 0x7f2a7c19bfa8
p 2
C 65
= 0x7f2a7c1a1e08
R
P 0x7f2a7c191628
C 342
R
P 0x7f2a7c191628
P 0x7f2a7c1a1e08
C 257
R
P 0x7f2a7c191628
C 342
R
P 0x7f2a7c191628
P 0x7f2a7c1a1e08
C 254
= 0x7f2a7c19b1e8
R
P 0x7f2a7c191628
C 342
R
P 0x7f2a7c191628
P 0x7f2a7c19b1e8
C 209
R
P 0x7f2a7c191628
C 342
R
P 0x7f2a7c191628
P 0x7f2a7c1a1e08
C 260
R
P 0x7f2a7c191628
C 342
R
P 0x7f2a7c191628
P 0x7f2a7c1a1e08
C 259
R
P 0x7f2a7c191628
C 342
R
P 0x7f2a7c191628
P 0x7f2a7c1a1e08
C 258
R
P 0x7f2a7c191628
C 342
R
P 0x7f2a7c191628
P 0x7f2a7c1a1e08
C 9
R
P 0x7f2a7c191628
C 342
R
P 0x7f2a7c191628
P 0x7f2a7c19bfe8
P 0x7f2a7c1a1e08
C 74
= 0x7f2a7c2cbbd8
R
P 0x7f2a7c191628
C 342
R
P 0x7f2a7c191628
P 0x7f2a7c2cbbd8
C 258
R
P 0x7f2a7c191628
C 342
R
P 0x7f2a7c191628
P 0x7f2a7c2cbbd8
C 9
R
P 0x7f2a7c191628
C 342
R
P 0x7f2a7c191628
I 2
P 0x7f2a7c19b208
C 150
= 0x7f2a7c19bcc8
R
P 0x7f2a7c191628
C 342
R
P 0x7f2a7c191628
P 0x7f2a7c19bcc8
C 258
R
P 0x7f2a7c191628
C 342
R
P 0x7f2a7c191628
P 0x7f2a7c19bcc8
C 9
R
P 0x7f2a7c191628
C 342
R
P 0x7f2a7c191628
P 0x7f2a7c19bcc8
C 263
R
P 0x7f2a7c191628
C 342
R
P 0x7f2a7c191628
S "slot2Start"
C 30
R
P 0x7f2a7c191628
C 342
R
P 0x7f2a7c191628
$ |slot2Start|
C 202
R
P 0x7f2a7c191628
C 342
R
P 0x7f2a7c191628
$ |slot2Start|
P 0x7f2a7c19b1e8
C 51
= 0x7f2a7c19bf88
R
P 0x7f2a7c191628
C 342
R
P 0x7f2a7c191628
P 0x7f2a7c19bf88
C 257
R
P 0x7f2a7c191628
C 342
R
P 0x7f2a7c191628
P 0x7f2a7c19bf88
C 254
= 0x7f2a7c19b1e8
R
P 0x7f2a7c191628
C 342
R
P 0x7f2a7c191628
P 0x7f2a7c19b1e8
C 209
R
P 0x7f2a7c191628
C 342
R
P 0x7f2a7c191628
P 0x7f2a7c19bf88
C 260
R
P 0x7f2a7c191628
C 342
R
P 0x7f2a7c191628
P 0x7f2a7c19bf88
C 259
R
P 0x7f2a7c191628
C 342
R
P 0x7f2a7c191628
P 0x7f2a7c19bf88
C 258
R
P 0x7f2a7c191628
C 342
R
P 0x7f2a7c191628
P 0x7f2a7c19bf88
C 9
R
P 0x7f2a7c191628
C 342
R
P 0x7f2a7c191628
I 2
P 0x7f2a7c19b208
C 150
= 0x7f2a7c19bcc8
R
P 0x7f2a7c191628
C 342
R
P 0x7f2a7c191628
P 0x7f2a7c19bcc8
C 258
R
P 0x7f2a7c191628
C 342
R
P 0x7f2a7c191628
P 0x7f2a7c19bcc8
C 9
R
P 0x7f2a7c191628
C 342
R
P 0x7f2a7c191628
P 0x7f2a7c19bcc8
C 263
R
P 0x7f2a7c191628
C 342
R
P 0x7f2a7c191628
S "slot2Duration"
C 30
R
P 0x7f2a7c191628
C 342
R
P 0x7f2a7c191628
$ |slot2Duration|
C 202
R
P 0x7f2a7c191628
C 342
R
P 0x7f2a7c191628
$ |slot2Duration|
P 0x7f2a7c19b1e8
C 51
= 0x7f2a7c19bfa8
R
P 0x7f2a7c191628
C 342
R
P 0x7f2a7c191628
P 0x7f2a7c19bfa8
C 257
R
P 0x7f2a7c191628
C 342
R
P 0x7f2a7c191628
P 0x7f2a7c19bfa8
C 254
= 0x7f2a7c19b1e8
R
P 0x7f2a7c191628
C 342
R
P 0x7f2a7c191628
P 0x7f2a7c19b1e8
C 209
R
P 0x7f2a7c191628
C 342
R
P 0x7f2a7c191628
P 0x7f2a7c19bfa8
C 260
R
P 0x7f2a7c191628
C 342
R
P 0x7f2a7c191628
P 0x7f2a7c19bfa8
C 259
R
P 0x7f2a7c191628
C 342
R
P 0x7f2a7c191628
P 0x7f2a7c19bfa8
C 258
R
P 0x7f2a7c191628
C 342
R
P 0x7f2a7c191628
P 0x7f2a7c19bfa8
C 9
R
P 0x7f2a7c191628
C 342
R
P 0x7f2a7c191628
U 2
P 0x7f2a7c19bf88
P 0x7f2a7c19bfa8
p 2
C 65
= 0x7f2a7c1a1e08
R
P 0x7f2a7c191628
C 342
R
P 0x7f2a7c191628
P 0x7f2a7c1a1e08
C 257
R
P 0x7f2a7c191628
C 342
R
P 0x7f2a7c191628
P 0x7f2a7c1a1e08
C 254
= 0x7f2a7c19b1e8
R
P 0x7f2a7c191628
C 342
R
P 0x7f2a7c191628
P 0x7f2a7c19b1e8
C 209
R
P 0x7f2a7c191628
C 342
R
P 0x7f2a7c191628
P 0x7f2a7c1a1e08
C 260
R
P 0x7f2a7c191628
C 342
R
P 0x7f2a7c191628
P 0x7f2a7c1a1e08
C 259
R
P 0x7f2a7c191628
C 342
R
P 0x7f2a7c191628
P 0x7f2a7c1a1e08
C 258
R
P 0x7f2a7c191628
C 342
R
P 0x7f2a7c191628
P 0x7f2a7c1a1e08
C 9
R
P 0x7f2a7c191628
C 342
R
P 0x7f2a7c191628
I 3
P 0x7f2a7c19b208
C 150
= 0x7f2a7c19bfc8
R
P 0x7f2a7c191628
C 342
R
P 0x7f2a7c191628
P 0x7f2a7c19bfc8
C 258
R
P 0x7f2a7c191628
C 342
R
P 0x7f2a7c191628
P 0x7f2a7c19bfc8
C 9
R
P 0x7f2a7c191628
C 342
R
P 0x7f2a7c191628
P 0x7f2a7c19bfc8
C 263
R
P 0x7f2a7c191628
C 342
R
P 0x7f2a7c191628
S "slot3Start"
C 30
R
P 0x7f2a7c191628
C 342
R
P 0x7f2a7c191628
$ |slot3Start|
C 202
R
P 0x7f2a7c191628
C 342
R
P 0x7f2a7c191628
$ |slot3Start|
P 0x7f2a7c19b1e8
C 51
= 0x7f2a7c19bfe8
R
P 0x7f2a7c191628
C 342
R
P 0x7f2a7c191628
P 0x7f2a7c19bfe8
C 257
R
P 0x7f2a7c191628
C 342
R
P 0x7f2a7c191628
P 0x7f2a7c19bfe8
C 254
= 0x7f2a7c19b1e8
R
P 0x7f2a7c191628
C 342
R
P 0x7f2a7c191628
P 0x7f2a7c19b1e8
C 209
R
P 0x7f2a7c191628
C 342
R
P 0x7f2a7c191628
P 0x7f2a7c19bfe8
C 260
R
P 0x7f2a7c191628
C 342
R
P 0x7f2a7c191628
P 0x7f2a7c19bfe8
C 259
R
P 0x7f2a7c191628
C 342
R
P 0x7f2a7c191628
P 0x7f2a7c19bfe8
C 258
R
P 0x7f2a7c191628
C 342
R
P 0x7f2a7c191628
P 0x7f2a7c19bfe8
C 9
R
P 0x7f2a7c191628
C 342
R
P 0x7f2a7c191628
I 3
P 0x7f2a7c19b208
C 150
= 0x7f2a7c19bfc8
R
P 0x7f2a7c191628
C 342
R
P 0x7f2a7c191628
P 0x7f2a7c19bfc8
C 258
R
P 0x7f2a7c191628
C 342
R
P 0x7f2a7c191628
P 0x7f2a7c19bfc8
C 9
R
P 0x7f2a7c191628
C 342
R
P 0x7f2a7c191628
P 0x7f2a7c19bfc8
C 263
R
P 0x7f2a7c191628
C 342
R
P 0x7f2a7c191628
S "slot3Duration"
C 30
R
P 0x7f2a7c191628
C 342
R
P 0x7f2a7c191628
$ |slot3Duration|
C 202
R
P 0x7f2a7c191628
C 342
R
P 0x7f2a7c191628
$ |slot3Duration|
P 0x7f2a7c19b1e8
C 51
= 0x7f2a7c19c008
R
P 0x7f2a7c191628
C 342
R
P 0x7f2a7c191628
P 0x7f2a7c19c008
C 257
R
P 0x7f2a7c191628
C 342
R
P 0x7f2a7c191628
P 0x7f2a7c19c008
C 254
= 0x7f2a7c19b1e8
R
P 0x7f2a7c191628
C 342
R
P 0x7f2a7c191628
P 0x7f2a7c19b1e8
C 209
R
P 0x7f2a7c191628
C 342
R
P 0x7f2a7c191628
P 0x7f2a7c19c008
C 260
R
P 0x7f2a7c191628
C 342
R
P 0x7f2a7c191628
P 0x7f2a7c19c008
C 259
R
P 0x7f2a7c191628
C 342
R
P 0x7f2a7c191628
P 0x7f2a7c19c008
C 258
R
P 0x7f2a7c191628
C 342
R
P 0x7f2a7c191628
P 0x7f2a7c19c008
C 9
R
P 0x7f2a7c191628
C 342
R
P 0x7f2a7c191628
U 2
P 0x7f2a7c19bfe8
P 0x7f2a7c19c008
p 2
C 65
= 0x7f2a7c1a1f58
R
P 0x7f2a7c191628
C 342
R
P 0x7f2a7c191628
P 0x7f2a7c1a1f58
C 257
R
P 0x7f2a7c191628
C 342
R
P 0x7f2a7c191628
P 0x7f2a7c1a1f58
C 254
= 0x7f2a7c19b1e8
R
P 0x7f2a7c191628
C 342
R
P 0x7f2a7c191628
P 0x7f2a7c19b1e8
C 209
R
P 0x7f2a7c191628
C 342
R
P 0x7f2a7c191628
P 0x7f2a7c1a1f58
C 260
R
P 0x7f2a7c191628
C 342
R
P 0x7f2a7c191628
P 0x7f2a7c1a1f58
C 259
R
P 0x7f2a7c191628
C 342
R
P 0x7f2a7c191628
P 0x7f2a7c1a1f58
C 258
R
P 0x7f2a7c191628
C 342
R
P 0x7f2a7c191628
P 0x7f2a7c1a1f58
C 9
R
P 0x7f2a7c191628
C 342
R
P 0x7f2a7c191628
P 0x7f2a7c1a1e08
P 0x7f2a7c1a1f58
C 74
= 0x7f2a7c2cbc10
R
P 0x7f2a7c191628
C 342
R
P 0x7f2a7c191628
P 0x7f2a7c2cbc10
C 258
R
P 0x7f2a7c191628
C 342
R
P 0x7f2a7c191628
P 0x7f2a7c2cbc10
C 9
R
P 0x7f2a7c191628
C 342
R
P 0x7f2a7c191628
U 2
P 0x7f2a7c2cbbd8
P 0x7f2a7c2cbc10
p 2
C 63
= 0x7f2a7c2cbc48
R
P 0x7f2a7c191628
C 342
R
P 0x7f2a7c191628
P 0x7f2a7c2cbc48
C 258
R
P 0x7f2a7c191628
C 342
R
P 0x7f2a7c191628
P 0x7f2a7c2cbc48
C 9
R
P 0x7f2a7c191628
C 342
R
P 0x7f2a7c191628
P 0x7f2a7c2cbc48
C 58
= 0x7f2a7c19e338
R
P 0x7f2a7c191628
C 342
R
P 0x7f2a7c191628
P 0x7f2a7c19e338
C 258
R
P 0x7f2a7c191628
C 342
R
P 0x7f2a7c191628
P 0x7f2a7c19e338
C 9
R
P 0x7f2a7c191628
C 342
R
P 0x7f2a7c191628
P 0x7f2a7c19e098
P 0x7f2a7c19e338
C 61
= 0x7f2a7c2cbc80
R
P 0x7f2a7c191628
C 342
R
P 0x7f2a7c191628
P 0x7f2a7c2cbc80
C 258
R
P 0x7f2a7c191628
C 342
R
P 0x7f2a7c191628
P 0x7f2a7c2cbc80
C 9
R
P 0x7f2a7c191628
C 342
R
P 0x7f2a7c191628
P 0x7f2a7c1e1fc8
P 0x7f2a7c2cbc80
C 427
R
P 0x7f2a7c191628
C 342
R
P 0x7f2a7c191628
I 2
P 0x7f2a7c19b208
C 150
= 0x7f2a7c19bcc8
R
P 0x7f2a7c191628
C 342
R
P 0x7f2a7c191628
P 0x7f2a7c19bcc8
C 258
R
P 0x7f2a7c191628
C 342
R
P 0x7f2a7c191628
P 0x7f2a7c19bcc8
C 9
R
P 0x7f2a7c191628
C 342
R
P 0x7f2a7c191628
I 4
P 0x7f2a7c19b208
C 150
= 0x7f2a7c19c028
R
P 0x7f2a7c191628
C 342
R
P 0x7f2a7c191628
P 0x7f2a7c19c028
C 258
R
P 0x7f2a7c191628
C 342
R
P 0x7f2a7c191628
P 0x7f2a7c19c028
C 9
R
P 0x7f2a7c191628
C 342
R
P 0x7f2a7c191628
P 0x7f2a7c19bcc8
P 0x7f2a7c19c028
C 56
= 0x7f2a7c1a3228
R
P 0x7f2a7c191628
C 342
R
P 0x7f2a7c191628
P 0x7f2a7c1a3228
C 258
R
P 0x7f2a7c191628
C 342
R
P 0x7f2a7c191628
P 0x7f2a7c1a3228
C 9
R
P 0x7f2a7c191628
C 342
R
P 0x7f2a7c191628
P 0x7f2a7c1a3228
C 58
= 0x7f2a7c19e0f8
R
P 0x7f2a7c191628
C 342
R
P 0x7f2a7c191628
P 0x7f2a7c19e0f8
C 258
R
P 0x7f2a7c191628
C 342
R
P 0x7f2a7c191628
P 0x7f2a7c19e0f8
C 9
R
P 0x7f2a7c191628
C 342
R
P 0x7f2a7c191628
I 4
P 0x7f2a7c19b208
C 150
= 0x7f2a7c19c028
R
P 0x7f2a7c191628
C 342
R
P 0x7f2a7c191628
P 0x7f2a7c19c028
C 258
R
P 0x7f2a7c191628
C 342
R
P 0x7f2a7c191628
P 0x7f2a7c19c028
C 9
R
P 0x7f2a7c191628
C 342
R
P 0x7f2a7c191628
P 0x7f2a7c19c028
C 263
R
P 0x7f2a7c191628
C 342
R
P 0x7f2a7c191628
S "slot4Start"
C 30
R
P 0x7f2a7c191628
C 342
R
P 0x7f2a7c191628
$ |slot4Start|
C 202
R
P 0x7f2a7c191628
C 342
R
P 0x7f2a7c191628
$ |slot4Start|
P 0x7f2a7c19b1e8
C 51
= 0x7f2a7c19c048
R
P 0x7f2a7c191628
C 342
R
P 0x7f2a7c191628
P 0x7f2a7c19c048
C 257
R
P 0x7f2a7c191628
C 342
R
P 0x7f2a7c191628
P 0x7f2a7c19c048
C 254
= 0x7f2a7c19b1e8
R
P 0x7f2a7c191628
C 342
R
P 0x7f2a7c191628
P 0x7f2a7c19b1e8
C 209
R
P 0x7f2a7c191628
C 342
R
P 0x7f2a7c191628
P 0x7f2a7c19c048
C 260
R
P 0x7f2a7c191628
C 342
R
P 0x7f2a7c191628
P 0x7f2a7c19c048
C 259
R
P 0x7f2a7c191628
C 342
R
P 0x7f2a7c191628
P 0x7f2a7c19c048
C 258
R
P 0x7f2a7c191628
C 342
R
P 0x7f2a7c191628
P 0x7f2a7c19c048
C 9
R
P 0x7f2a7c191628
C 342
R
P 0x7f2a7c191628
I 2
P 0x7f2a7c19b208
C 150
= 0x7f2a7c19bcc8
R
P 0x7f2a7c191628
C 342
R
P 0x7f2a7c191628
P 0x7f2a7c19bcc8
C 258
R
P 0x7f2a7c191628
C 342
R
P 0x7f2a7c191628
P 0x7f2a7c19bcc8
C 9
R
P 0x7f2a7c191628
C 342
R
P 0x7f2a7c191628
P 0x7f2a7c19bcc8
C 263
R
P 0x7f2a7c191628
C 342
R
P 0x7f2a7c191628
S "slot2Start"
C 30
R
P 0x7f2a7c191628
C 342
R
P 0x7f2a7c191628
$ |slot2Start|
C 202
R
P 0x7f2a7c191628
C 342
R
P 0x7f2a7c191628
$ |slot2Start|
P 0x7f2a7c19b1e8
C 51
= 0x7f2a7c19bf88
R
P 0x7f2a7c191628
C 342
R
P 0x7f2a7c191628
P 0x7f2a7c19bf88
C 257
R
P 0x7f2a7c191628
C 342
R
P 0x7f2a7c191628
P 0x7f2a7c19bf88
C 254
= 0x7f2a7c19b1e8
R
P 0x7f2a7c191628
C 342
R
P 0x7f2a7c191628
P 0x7f2a7c19b1e8
C 209
R
P 0x7f2a7c191628
C 342
R
P 0x7f2a7c191628
P 0x7f2a7c19bf88
C 260
R
P 0x7f2a7c191628
C 342
R
P 0x7f2a7c191628
P 0x7f2a7c19bf88
C 259
R
P 0x7f2a7c191628
C 342
R
P 0x7f2a7c191628
P 0x7f2a7c19bf88
C 258
R
P 0x7f2a7c191628
C 342
R
P 0x7f2a7c191628
P 0x7f2a7c19bf88
C 9
R
P 0x7f2a7c191628
C 342
R
P 0x7f2a7c191628
I 2
P 0x7f2a7c19b208
C 150
= 0x7f2a7c19bcc8
R
P 0x7f2a7c191628
C 342
R
P 0x7f2a7c191628
P 0x7f2a7c19bcc8
C 258
R
P 0x7f2a7c191628
C 342
R
P 0x7f2a7c191628
P 0x7f2a7c19bcc8
C 9
R
P 0x7f2a7c191628
C 342
R
P 0x7f2a7c191628
P 0x7f2a7c19bcc8
C 263
R
P 0x7f2a7c191628
C 342
R
P 0x7f2a7c191628
S "slot2Duration"
C 30
R
P 0x7f2a7c191628
C 342
R
P 0x7f2a7c191628
$ |slot2Duration|
C 202
R
P 0x7f2a7c191628
C 342
R
P 0x7f2a7c191628
$ |slot2Duration|
P 0x7f2a7c19b1e8
C 51
= 0x7f2a7c19bfa8
R
P 0x7f2a7c191628
C 342
R
P 0x7f2a7c191628
P 0x7f2a7c19bfa8
C 257
R
P 0x7f2a7c191628
C 342
R
P 0x7f2a7c191628
P 0x7f2a7c19bfa8
C 254
= 0x7f2a7c19b1e8
R
P 0x7f2a7c191628
C 342
R
P 0x7f2a7c191628
P 0x7f2a7c19b1e8
C 209
R
P 0x7f2a7c191628
C 342
R
P 0x7f2a7c191628
P 0x7f2a7c19bfa8
C 260
R
P 0x7f2a7c191628
C 342
R
P 0x7f2a7c191628
P 0x7f2a7c19bfa8
C 259
R
P 0x7f2a7c191628
C 342
R
P 0x7f2a7c191628
P 0x7f2a7c19bfa8
C 258
R
P 0x7f2a7c191628
C 342
R
P 0x7f2a7c191628
P 0x7f2a7c19bfa8
C 9
R
P 0x7f2a7c191628
C 342
R
P 0x7f2a7c191628
U 2
P 0x7f2a7c19bf88
P 0x7f2a7c19bfa8
p 2
C 65
= 0x7f2a7c1a1e08
R
P 0x7f2a7c191628
C 342
R
P 0x7f2a7c191628
P 0x7f2a7c1a1e08
C 257
R
P 0x7f2a7c191628
C 342
R
P 0x7f2a7c191628
P 0x7f2a7c1a1e08
C 254
= 0x7f2a7c19b1e8
R
P 0x7f2a7c191628
C 342
R
P 0x7f2a7c191628
P 0x7f2a7c19b1e8
C 209
R
P 0x7f2a7c191628
C 342
R
P 0x7f2a7c191628
P 0x7f2a7c1a1e08
C 260
R
P 0x7f2a7c191628
C 342
R
P 0x7f2a7c191628
P 0x7f2a7c1a1e08
C 259
R
P 0x7f2a7c191628
C 342
R
P 0x7f2a7c191628
P 0x7f2a7c1a1e08
C 258
R
P 0x7f2a7c191628
C 342
R
P 0x7f2a7c191628
P 0x7f2a7c1a1e08
C 9
R
P 0x7f2a7c191628
C 342
R
P 0x7f2a7c191628
P 0x7f2a7c19c048
P 0x7f2a7c1a1e08
C 74
= 0x7f2a7c2cbcb8
R
P 0x7f2a7c191628
C 342
R
P 0x7f2a7c191628
P 0x7f2a7c2cbcb8
C 258
R
P 0x7f2a7c191628
C 342
R
P 0x7f2a7c191628
P 0x7f2a7c2cbcb8
C 9
R
P 0x7f2a7c191628
C 342
R
P 0x7f2a7c191628
I 2
P 0x7f2a7c19b208
C 150
= 0x7f2a7c19bcc8
R
P 0x7f2a7c191628
C 342
R
P 0x7f2a7c191628
P 0x7f2a7c19bcc8
C 258
R
P 0x7f2a7c191628
C 342
R
P 0x7f2a7c191628
P 0x7f2a7c19bcc8
C 9
R
P 0x7f2a7c191628
C 342
R
P 0x7f2a7c191628
P 0x7f2a7c19bcc8
C 263
R
P 0x7f2a7c191628
C 342
R
P 0x7f2a7c191628
S "slot2Start"
C 30
R
P 0x7f2a7c191628
C 342
R
P 0x7f2a7c191628
$ |slot2Start|
C 202
R
P 0x7f2a7c191628
C 342
R
P 0x7f2a7c191628
$ |slot2Start|
P 0x7f2a7c19b1e8
C 51
= 0x7f2a7c19bf88
R
P 0x7f2a7c191628
C 342
R
P 0x7f2a7c191628
P 0x7f2a7c19bf88
C 257
R
P 0x7f2a7c191628
C 342
R
P 0x7f2a7c191628
P 0x7f2a7c19bf88
C 254
= 0x7f2a7c19b1e8
R
P 0x7f2a7c191628
C 342
R
P 0x7f2a7c191628
P 0x7f2a7c19b1e8
C 209
R
P 0x7f2a7c191628
C 342
R
P 0x7f2a7c191628
P 0x7f2a7c19bf88
C 260
R
P 0x7f2a7c191628
C 342
R
P 0x7f2a7c191628
P 0x7f2a7c19bf88
C 259
R
P 0x7f2a7c191628
C 342
R
P 0x7f2a7c191628
P 0x7f2a7c19bf88
C 258
R
P 0x7f2a7c191628
C 342
R
P 0x7f2a7c191628
P 0x7f2a7c19bf88
C 9
R
P 0x7f2a7c191628
C 342
R
P 0x7f2a7c191628
I 2
P 0x7f2a7c19b208
C 150
= 0x7f2a7c19bcc8
R
P 0x7f2a7c191628
C 342
R
P 0x7f2a7c191628
P 0x7f2a7c19bcc8
C 258
R
P 0x7f2a7c191628
C 342
R
P 0x7f2a7c191628
P 0x7f2a7c19bcc8
C 9
R
P 0x7f2a7c191628
C 342
R
P 0x7f2a7c191628
P 0x7f2a7c19bcc8
C 263
R
P 0x7f2a7c191628
C 342
R
P 0x7f2a7c191628
S "slot2Duration"
C 30
R
P 0x7f2a7c191628
C 342
R
P 0x7f2a7c191628
$ |slot2Duration|
C 202
R
P 0x7f2a7c191628
C 342
R
P 0x7f2a7c191628
$ |slot2Duration|
P 0x7f2a7c19b1e8
C 51
= 0x7f2a7c19bfa8
R
P 0x7f2a7c191628
C 342
R
P 0x7f2a7c191628
P 0x7f2a7c19bfa8
C 257
R
P 0x7f2a7c191628
C 342
R
P 0x7f2a7c191628
P 0x7f2a7c19bfa8
C 254
= 0x7f2a7c19b1e8
R
P 0x7f2a7c191628
C 342
R
P 0x7f2a7c191628
P 0x7f2a7c19b1e8
C 209
R
P 0x7f2a7c191628
C 342
R
P 0x7f2a7c191628
P 0x7f2a7c19bfa8
C 260
R
P 0x7f2a7c191628
C 342
R
P 0x7f2a7c191628
P 0x7f2a7c19bfa8
C 259
R
P 0x7f2a7c191628
C 342
R
P 0x7f2a7c191628
P 0x7f2a7c19bfa8
C 258
R
P 0x7f2a7c191628
C 342
R
P 0x7f2a7c191628
P 0x7f2a7c19bfa8
C 9
R
P 0x7f2a7c191628
C 342
R
P 0x7f2a7c191628
U 2
P 0x7f2a7c19bf88
P 0x7f2a7c19bfa8
p 2
C 65
= 0x7f2a7c1a1e08
R
P 0x7f2a7c191628
C 342
R
P 0x7f2a7c191628
P 0x7f2a7c1a1e08
C 257
R
P 0x7f2a7c191628
C 342
R
P 0x7f2a7c191628
P 0x7f2a7c1a1e08
C 254
= 0x7f2a7c19b1e8
R
P 0x7f2a7c191628
C 342
R
P 0x7f2a7c191628
P 0x7f2a7c19b1e8
C 209
R
P 0x7f2a7c191628
C 342
R
P 0x7f2a7c191628
P 0x7f2a7c1a1e08
C 260
R
P 0x7f2a7c191628
C 342
R
P 0x7f2a7c191628
P 0x7f2a7c1a1e08
C 259
R
P 0x7f2a7c191628
C 342
R
P 0x7f2a7c191628
P 0x7f2a7c1a1e08
C 258
R
P 0x7f2a7c191628
C 342
R
P 0x7f2a7c191628
P 0x7f2a7c1a1e08
C 9
R
P 0x7f2a7c191628
C 342
R
P 0x7f2a7c191628
I 4
P 0x7f2a7c19b208
C 150
= 0x7f2a7c19c028
R
P 0x7f2a7c191628
C 342
R
P 0x7f2a7c191628
P 0x7f2a7c19c028
C 258
R
P 0x7f2a7c191628
C 342
R
P 0x7f2a7c191628
P 0x7f2a7c19c028
C 9
R
P 0x7f2a7c191628
C 342
R
P 0x7f2a7c191628
P 0x7f2a7c19c028
C 263
R
P 0x7f2a7c191628
C 342
R
P 0x7f2a7c191628
S "slot4Start"
C 30
R
P 0x7f2a7c191628
C 342
R
P 0x7f2a7c191628
$ |slot4Start|
C 202
R
P 0x7f2a7c191628
C 342
R
P 0x7f2a7c191628
$ |slot4Start|
P 0x7f2a7c19b1e8
C 51
= 0x7f2a7c19c048
R
P 0x7f2a7c191628
C 342
R
P 0x7f2a7c191628
P 0x7f2a7c19c048
C 257
R
P 0x7f2a7c191628
C 342
R
P 0x7f2a7c191628
P 0x7f2a7c19c048
C 254
= 0x7f2a7c19b1e8
R
P 0x7f2a7c191628
C 342
R
P 0x7f2a7c191628
P 0x7f2a7c19b1e8
C 209
R
P 0x7f2a7c191628
C 342
R
P 0x7f2a7c191628
P 0x7f2a7c19c048
C 260
R
P 0x7f2a7c191628
C 342
R
P 0x7f2a7c191628
P 0x7f2a7c19c048
C 259
R
P 0x7f2a7c191628
C 342
R
P 0x7f2a7c191628
P 0x7f2a7c19c048
C 258
R
P 0x7f2a7c191628
C 342
R
P 0x7f2a7c191628
P 0x7f2a7c19c048
C 9
R
P 0x7f2a7c191628
C 342
R
P 0x7f2a7c191628
I 4
P 0x7f2a7c19b208
C 150
= 0x7f2a7c19c028
R
P 0x7f2a7c191628
C 342
R
P 0x7f2a7c191628
P 0x7f2a7c19c028
C 258
R
P 0x7f2a7c191628
C 342
R
P 0x7f2a7c191628
P 0x7f2a7c19c028
C 9
R
P 0x7f2a7c191628
C 342
R
P 0x7f2a7c191628
P 0x7f2a7c19c028
C 263
R
P 0x7f2a7c191628
C 342
R
P 0x7f2a7c191628
S "slot4Duration"
C 30
R
P 0x7f2a7c191628
C 342
R
P 0x7f2a7c191628
$ |slot4Duration|
C 202
R
P 0x7f2a7c191628
C 342
R
P 0x7f2a7c191628
$ |slot4Duration|
P 0x7f2a7c19b1e8
C 51
= 0x7f2a7c19c068
R
P 0x7f2a7c191628
C 342
R
P 0x7f2a7c191628
P 0x7f2a7c19c068
C 257
R
P 0x7f2a7c191628
C 342
R
P 0x7f2a7c191628
P 0x7f2a7c19c068
C 254
= 0x7f2a7c19b1e8
R
P 0x7f2a7c191628
C 342
R
P 0x7f2a7c191628
P 0x7f2a7c19b1e8
C 209
R
P 0x7f2a7c191628
C 342
R
P 0x7f2a7c191628
P 0x7f2a7c19c068
C 260
R
P 0x7f2a7c191628
C 342
R
P 0x7f2a7c191628
P 0x7f2a7c19c068
C 259
R
P 0x7f2a7c191628
C 342
R
P 0x7f2a7c191628
P 0x7f2a7c19c068
C 258
R
P 0x7f2a7c191628
C 342
R
P 0x7f2a7c191628
P 0x7f2a7c19c068
C 9
R
P 0x7f2a7c191628
C 342
R
P 0x7f2a7c191628
U 2
P 0x7f2a7c19c048
P 0x7f2a7c19c068
p 2
C 65
= 0x7f2a7c1a20a8
R
P 0x7f2a7c191628
C 342
R
P 0x7f2a7c191628
P 0x7f2a7c1a20a8
C 257
R
P 0x7f2a7c191628
C 342
R
P 0x7f2a7c191628
P 0x7f2a7c1a20a8
C 254
= 0x7f2a7c19b1e8
R
P 0x7f2a7c191628
C 342
R
P 0x7f2a7c191628
P 0x7f2a7c19b1e8
C 209
R
P 0x7f2a7c191628
C 342
R
P 0x7f2a7c191628
P 0x7f2a7c1a20a8
C 260
R
P 0x7f2a7c191628
C 342
R
P 0x7f2a7c191628
P 0x7f2a7c1a20a8
C 259
R
P 0x7f2a7c191628
C 342
R
P 0x7f2a7c191628
P 0x7f2a7c1a20a8
C 258
R
P 0x7f2a7c191628
C 342
R
P 0x7f2a7c191628
P 0x7f2a7c1a20a8
C 9
R
P 0x7f2a7c191628
C 342
R
P 0x7f2a7c191628
P 0x7f2a7c1a1e08
P 0x7f2a7c1a20a8
C 74
= 0x7f2a7c2cbcf0
R
P 0x7f2a7c191628
C 342
R
P 0x7f2a7c191628
P 0x7f2a7c2cbcf0
C 258
R
P 0x7f2a7c191628
C 342
R
P 0x7f2a7c191628
P 0x7f2a7c2cbcf0
C 9
R
P 0x7f2a7c191628
C 342
R
P 0x7f2a7c191628
U 2
P 0x7f2a7c2cbcb8
P 0x7f2a7c2cbcf0
p 2
C 63
= 0x7f2a7c2cbd28
R
P 0x7f2a7c191628
C 342
R
P 0x7f2a7c191628
P 0x7f2a7c2cbd28
C 258
R
P 0x7f2a7c191628
C 342
R
P 0x7f2a7c191628
P 0x7f2a7c2cbd28
C 9
R
P 0x7f2a7c191628
C 342
R
P 0x7f2a7c191628
P 0x7f2a7c2cbd28
C 58
= 0x7f2a7c19e368
R
P 0x7f2a7c191628
C 342
R
P 0x7f2a7c191628
P 0x7f2a7c19e368
C 258
R
P 0x7f2a7c191628
C 342
R
P 0x7f2a7c191628
P 0x7f2a7c19e368
C 9
R
P 0x7f2a7c191628
C 342
R
P 0x7f2a7c191628
P 0x7f2a7c19e0f8
P 0x7f2a7c19e368
C 61
= 0x7f2a7c2cbd60
R
P 0x7f2a7c191628
C 342
R
P 0x7f2a7c191628
P 0x7f2a7c2cbd60
C 258
R
P 0x7f2a7c191628
C 342
R
P 0x7f2a7c191628
P 0x7f2a7c2cbd60
C 9
R
P 0x7f2a7c191628
C 342
R
P 0x7f2a7c191628
P 0x7f2a7c1e1fc8
P 0x7f2a7c2cbd60
C 427
R
P 0x7f2a7c191628
C 342
R
P 0x7f2a7c191628
I 2
P 0x7f2a7c19b208
C 150
= 0x7f2a7c19bcc8
R
P 0x7f2a7c191628
C 342
R
P 0x7f2a7c191628
P 0x7f2a7c19bcc8
C 258
R
P 0x7f2a7c191628
C 342
R
P 0x7f2a7c191628
P 0x7f2a7c19bcc8
C 9
R
P 0x7f2a7c191628
C 342
R
P 0x7f2a7c191628
I 5
P 0x7f2a7c19b208
C 150
= 0x7f2a7c19c088
R
P 0x7f2a7c191628
C 342
R
P 0x7f2a7c191628
P 0x7f2a7c19c088
C 258
R
P 0x7f2a7c191628
C 342
R
P 0x7f2a7c191628
P 0x7f2a7c19c088
C 9
R
P 0x7f2a7c191628
C 342
R
P 0x7f2a7c191628
P 0x7f2a7c19bcc8
P 0x7f2a7c19c088
C 56
= 0x7f2a7c2cb628
R
P 0x7f2a7c191628
C 342
R
P 0x7f2a7c191628
P 0x7f2a7c2cb628
C 258
R
P 0x7f2a7c191628
C 342
R
P 0x7f2a7c191628
P 0x7f2a7c2cb628
C 9
R
P 0x7f2a7c191628
C 342
R
P 0x7f2a7c191628
P 0x7f2a7c2cb628
C 58
= 0x7f2a7c19e158
R
P 0x7f2a7c191628
C 342
R
P 0x7f2a7c191628
P 0x7f2a7c19e158
C 258
R
P 0x7f2a7c191628
C 342
R
P 0x7f2a7c191628
P 0x7f2a7c19e158
C 9
R
P 0x7f2a7c191628
C 342
R
P 0x7f2a7c191628
I 5
P 0x7f2a7c19b208
C 150
= 0x7f2a7c19c088
R
P 0x7f2a7c191628
C 342
R
P 0x7f2a7c191628
P 0x7f2a7c19c088
C 258
R
P 0x7f2a7c191628
C 342
R
P 0x7f2a7c191628
P 0x7f2a7c19c088
C 9
R
P 0x7f2a7c191628
C 342
R
P 0x7f2a7c191628
P 0x7f2a7c19c088
C 263
R
P 0x7f2a7c191628
C 342
R
P 0x7f2a7c191628
S "slot5Start"
C 30
R
P 0x7f2a7c191628
C 342
R
P 0x7f2a7c191628
$ |slot5Start|
C 202
R
P 0x7f2a7c191628
C 342
R
P 0x7f2a7c191628
$ |slot5Start|
P 0x7f2a7c19b1e8
C 51
= 0x7f2a7c19c0a8
R
P 0x7f2a7c191628
C 342
R
P 0x7f2a7c191628
P 0x7f2a7c19c0a8
C 257
R
P 0x7f2a7c191628
C 342
R
P 0x7f2a7c191628
P 0x7f2a7c19c0a8
C 254
= 0x7f2a7c19b1e8
R
P 0x7f2a7c191628
C 342
R
P 0x7f2a7c191628
P 0x7f2a7c19b1e8
C 209
R
P 0x7f2a7c191628
C 342
R
P 0x7f2a7c191628
P 0x7f2a7c19c0a8
C 260
R
P 0x7f2a7c191628
C 342
R
P 0x7f2a7c191628
P 0x7f2a7c19c0a8
C 259
R
P 0x7f2a7c191628
C 342
R
P 0x7f2a7c191628
P 0x7f2a7c19c0a8
C 258
R
P 0x7f2a7c191628
C 342
R
P 0x7f2a7c191628
P 0x7f2a7c19c0a8
C 9
R
P 0x7f2a7c191628
C 342
R
P 0x7f2a7c191628
I 2
P 0x7f2a7c19b208
C 150
= 0x7f2a7c19bcc8
R
P 0x7f2a7c191628
C 342
R
P 0x7f2a7c191628
P 0x7f2a7c19bcc8
C 258
R
P 0x7f2a7c191628
C 342
R
P 0x7f2a7c191628
P 0x7f2a7c19bcc8
C 9
R
P 0x7f2a7c191628
C 342
R
P 0x7f2a7c191628
P 0x7f2a7c19bcc8
C 263
R
P 0x7f2a7c191628
C 342
R
P 0x7f2a7c191628
S "slot2Start"
C 30
R
P 0x7f2a7c191628
C 342
R
P 0x7f2a7c191628
$ |slot2Start|
C 202
R
P 0x7f2a7c191628
C 342
R
P 0x7f2a7c191628
$ |slot2Start|
P 0x7f2a7c19b1e8
C 51
= 0x7f2a7c19bf88
R
P 0x7f2a7c191628
C 342
R
P 0x7f2a7c191628
P 0x7f2a7c19bf88
C 257
R
P 0x7f2a7c191628
C 342
R
P 0x7f2a7c191628
P 0x7f2a7c19bf88
C 254
= 0x7f2a7c19b1e8
R
P 0x7f2a7c191628
C 342
R
P 0x7f2a7c191628
P 0x7f2a7c19b1e8
C 209
R
P 0x7f2a7c191628
C 342
R
P 0x7f2a7c191628
P 0x7f2a7c19bf88
C 260
R
P 0x7f2a7c191628
C 342
R
P 0x7f2a7c191628
P 0x7f2a7c19bf88
C 259
R
P 0x7f2a7c191628
C 342
R
P 0x7f2a7c191628
P 0x7f2a7c19bf88
C 258
R
P 0x7f2a7c191628
C 342
R
P 0x7f2a7c191628
P 0x7f2a7c19bf88
C 9
R
P 0x7f2a7c191628
C 342
R
P 0x7f2a7c191628
I 2
P 0x7f2a7c19b208
C 150
= 0x7f2a7c19bcc8
R
P 0x7f2a7c191628
C 342
R
P 0x7f2a7c191628
P 0x7f2a7c19bcc8
C 258
R
P 0x7f2a7c191628
C 342
R
P 0x7f2a7c191628
P 0x7f2a7c19bcc8
C 9
R
P 0x7f2a7c191628
C 342
R
P 0x7f2a7c191628
P 0x7f2a7c19bcc8
C 263
R
P 0x7f2a7c191628
C 342
R
P 0x7f2a7c191628
S "slot2Duration"
C 30
R
P 0x7f2a7c191628
C 342
R
P 0x7f2a7c191628
$ |slot2Duration|
C 202
R
P 0x7f2a7c191628
C 342
R
P 0x7f2a7c191628
$ |slot2Duration|
P 0x7f2a7c19b1e8
C 51
= 0x7f2a7c19bfa8
R
P 0x7f2a7c191628
C 342
R
P 0x7f2a7c191628
P 0x7f2a7c19bfa8
C 257
R
P 0x7f2a7c191628
C 342
R
P 0x7f2a7c191628
P 0x7f2a7c19bfa8
C 254
= 0x7f2a7c19b1e8
R
P 0x7f2a7c191628
C 342
R
P 0x7f2a7c191628
P 0x7f2a7c19b1e8
C 209
R
P 0x7f2a7c191628
C 342
R
P 0x7f2a7c191628
P 0x7f2a7c19bfa8
C 260
R
P 0x7f2a7c191628
C 342
R
P 0x7f2a7c191628
P 0x7f2a7c19bfa8
C 259
R
P 0x7f2a7c191628
C 342
R
P 0x7f2a7c191628
P 0x7f2a7c19bfa8
C 258
R
P 0x7f2a7c191628
C 342
R
P 0x7f2a7c191628
P 0x7f2a7c19bfa8
C 9
R
P 0x7f2a7c191628
C 342
R
P 0x7f2a7c191628
U 2
P 0x7f2a7c19bf88
P 0x7f2a7c19bfa8
p 2
C 65
= 0x7f2a7c1a1e08
R
P 0x7f2a7c191628
C 342
R
P 0x7f2a7c191628
P 0x7f2a7c1a1e08
C 257
R
P 0x7f2a7c191628
C 342
R
P 0x7f2a7c191628
P 0x7f2a7c1a1e08
C 254
= 0x7f2a7c19b1e8
R
P 0x7f2a7c191628
C 342
R
P 0x7f2a7c191628
P 0x7f2a7c19b1e8
C 209
R
P 0x7f2a7c191628
C 342
R
P 0x7f2a7c191628
P 0x7f2a7c1a1e08
C 260
R
P 0x7f2a7c191628
C 342
R
P 0x7f2a7c191628
P 0x7f2a7c1a1e08
C 259
R
P 0x7f2a7c191628
C 342
R
P 0x7f2a7c191628
P 0x7f2a7c1a1e08
C 258
R
P 0x7f2a7c191628
C 342
R
P 0x7f2a7c191628
P 0x7f2a7c1a1e08
C 9
R
P 0x7f2a7c191628
C 342
R
P 0x7f2a7c191628
P 0x7f2a7c19c0a8
P 0x7f2a7c1a1e08
C 74
= 0x7f2a7c2cbd98
R
P 0x7f2a7c191628
C 342
R
P 0x7f2a7c191628
P 0x7f2a7c2cbd98
C 258
R
P 0x7f2a7c191628
C 342
R
P 0x7f2a7c191628
P 0x7f2a7c2cbd98
C 9
R
P 0x7f2a7c191628
C 342
R
P 0x7f2a7c191628
I 2
P 0x7f2a7c19b208
C 150
= 0x7f2a7c19bcc8
R
P 0x7f2a7c191628
C 342
R
P 0x7f2a7c191628
P 0x7f2a7c19bcc8
C 258
R
P 0x7f2a7c191628
C 342
R
P 0x7f2a7c191628
P 0x7f2a7c19bcc8
C 9
R
P 0x7f2a7c191628
C 342
R
P 0x7f2a7c191628
P 0x7f2a7c19bcc8
C 263
R
P 0x7f2a7c191628
C 342
R
P 0x7f2a7c191628
S "slot2Start"
C 30
R
P 0x7f2a7c191628
C 342
R
P 0x7f2a7c191628
$ |slot2Start|
C 202
R
P 0x7f2a7c191628
C 342
R
P 0x7f2a7c191628
$ |slot2Start|
P 0x7f2a7c19b1e8
C 51
= 0x7f2a7c19bf88
R
P 0x7f2a7c191628
C 342
R
P 0x7f2a7c191628
P 0x7f2a7c19bf88
C 257
R
P 0x7f2a7c191628
C 342
R
P 0x7f2a7c191628
P 0x7f2a7c19bf88
C 254
= 0x7f2a7c19b1e8
R
P 0x7f2a7c191628
C 342
R
P 0x7f2a7c191628
P 0x7f2a7c19b1e8
C 209
R
P 0x7f2a7c191628
C 342
R
P 0x7f2a7c191628
P 0x7f2a7c19bf88
C 260
R
P 0x7f2a7c191628
C 342
R
P 0x7f2a7c191628
P 0x7f2a7c19bf88
C 259
R
P 0x7f2a7c191628
C 342
R
P 0x7f2a7c191628
P 0x7f2a7c19bf88
C 258
R
P 0x7f2a7c191628
C 342
R
P 0x7f2a7c191628
P 0x7f2a7c19bf88
C 9
R
P 0x7f2a7c191628
C 342
R
P 0x7f2a7c191628
I 2
P 0x7f2a7c19b208
C 150
= 0x7f2a7c19bcc8
R
P 0x7f2a7c191628
C 342
R
P 0x7f2a7c191628
P 0x7f2a7c19bcc8
C 258
R
P 0x7f2a7c191628
C 342
R
P 0x7f2a7c191628
P 0x7f2a7c19bcc8
C 9
R
P 0x7f2a7c191628
C 342
R
P 0x7f2a7c191628
P 0x7f2a7c19bcc8
C 263
R
P 0x7f2a7c191628
C 342
R
P 0x7f2a7c191628
S "slot2Duration"
C 30
R
P 0x7f2a7c191628
C 342
R
P 0x7f2a7c191628
$ |slot2Duration|
C 202
R
P 0x7f2a7c191628
C 342
R
P 0x7f2a7c191628
$ |slot2Duration|
P 0x7f2a7c19b1e8
C 51
= 0x7f2a7c19bfa8
R
P 0x7f2a7c191628
C 342
R
P 0x7f2a7c191628
P 0x7f2a7c19bfa8
C 257
R
P 0x7f2a7c191628
C 342
R
P 0x7f2a7c191628
P 0x7f2a7c19bfa8
C 254
= 0x7f2a7c19b1e8
R
P 0x7f2a7c191628
C 342
R
P 0x7f2a7c191628
P 0x7f2a7c19b1e8
C 209
R
P 0x7f2a7c191628
C 342
R
P 0x7f2a7c191628
P 0x7f2a7c19bfa8
C 260
R
P 0x7f2a7c191628
C 342
R
P 0x7f2a7c191628
P 0x7f2a7c19bfa8
C 259
R
P 0x7f2a7c191628
C 342
R
P 0x7f2a7c191628
P 0x7f2a7c19bfa8
C 258
R
P 0x7f2a7c191628
C 342
R
P 0x7f2a7c191628
P 0x7f2a7c19bfa8
C 9
R
P 0x7f2a7c191628
C 342
R
P 0x7f2a7c191628
U 2
P 0x7f2a7c19bf88
P 0x7f2a7c19bfa8
p 2
C 65
= 0x7f2a7c1a1e08
R
P 0x7f2a7c191628
C 342
R
P 0x7f2a7c191628
P 0x7f2a7c1a1e08
C 257
R
P 0x7f2a7c191628
C 342
R
P 0x7f2a7c191628
P 0x7f2a7c1a1e08
C 254
= 0x7f2a7c19b1e8
R
P 0x7f2a7c191628
C 342
R
P 0x7f2a7c191628
P 0x7f2a7c19b1e8
C 209
R
P 0x7f2a7c191628
C 342
R
P 0x7f2a7c191628
P 0x7f2a7c1a1e08
C 260
R
P 0x7f2a7c191628
C 342
R
P 0x7f2a7c191628
P 0x7f2a7c1a1e08
C 259
R
P 0x7f2a7c191628
C 342
R
P 0x7f2a7c191628
P 0x7f2a7c1a1e08
C 258
R
P 0x7f2a7c191628
C 342
R
P 0x7f2a7c191628
P 0x7f2a7c1a1e08
C 9
R
P 0x7f2a7c191628
C 342
R
P 0x7f2a7c191628
I 5
P 0x7f2a7c19b208
C 150
= 0x7f2a7c19c088
R
P 0x7f2a7c191628
C 342
R
P 0x7f2a7c191628
P 0x7f2a7c19c088
C 258
R
P 0x7f2a7c191628
C 342
R
P 0x7f2a7c191628
P 0x7f2a7c19c088
C 9
R
P 0x7f2a7c191628
C 342
R
P 0x7f2a7c191628
P 0x7f2a7c19c088
C 263
R
P 0x7f2a7c191628
C 342
R
P 0x7f2a7c191628
S "slot5Start"
C 30
R
P 0x7f2a7c191628
C 342
R
P 0x7f2a7c191628
$ |slot5Start|
C 202
R
P 0x7f2a7c191628
C 342
R
P 0x7f2a7c191628
$ |slot5Start|
P 0x7f2a7c19b1e8
C 51
= 0x7f2a7c19c0a8
R
P 0x7f2a7c191628
C 342
R
P 0x7f2a7c191628
P 0x7f2a7c19c0a8
C 257
R
P 0x7f2a7c191628
C 342
R
P 0x7f2a7c191628
P 0x7f2a7c19c0a8
C 254
= 0x7f2a7c19b1e8
R
P 0x7f2a7c191628
C 342
R
P 0x7f2a7c191628
P 0x7f2a7c19b1e8
C 209
R
P 0x7f2a7c191628
C 342
R
P 0x7f2a7c191628
P 0x7f2a7c19c0a8
C 260
R
P 0x7f2a7c191628
C 342
R
P 0x7f2a7c191628
P 0x7f2a7c19c0a8
C 259
R
P 0x7f2a7c191628
C 342
R
P 0x7f2a7c191628
P 0x7f2a7c19c0a8
C 258
R
P 0x7f2a7c191628
C 342
R
P 0x7f2a7c191628
P 0x7f2a7c19c0a8
C 9
R
P 0x7f2a7c191628
C 342
R
P 0x7f2a7c191628
I 5
P 0x7f2a7c19b208
C 150
= 0x7f2a7c19c088
R
P 0x7f2a7c191628
C 342
R
P 0x7f2a7c191628
P 0x7f2a7c19c088
C 258
R
P 0x7f2a7c191628
C 342
R
P 0x7f2a7c191628
P 0x7f2a7c19c088
C 9
R
P 0x7f2a7c191628
C 342
R
P 0x7f2a7c191628
P 0x7f2a7c19c088
C 263
R
P 0x7f2a7c191628
C 342
R
P 0x7f2a7c191628
S "slot5Duration"
C 30
R
P 0x7f2a7c191628
C 342
R
P 0x7f2a7c191628
$ |slot5Duration|
C 202
R
P 0x7f2a7c191628
C 342
R
P 0x7f2a7c191628
$ |slot5Duration|
P 0x7f2a7c19b1e8
C 51
= 0x7f2a7c19c0c8
R
P 0x7f2a7c191628
C 342
R
P 0x7f2a7c191628
P 0x7f2a7c19c0c8
C 257
R
P 0x7f2a7c191628
C 342
R
P 0x7f2a7c191628
P 0x7f2a7c19c0c8
C 254
= 0x7f2a7c19b1e8
R
P 0x7f2a7c191628
C 342
R
P 0x7f2a7c191628
P 0x7f2a7c19b1e8
C 209
R
P 0x7f2a7c191628
C 342
R
P 0x7f2a7c191628
P 0x7f2a7c19c0c8
C 260
R
P 0x7f2a7c191628
C 342
R
P 0x7f2a7c191628
P 0x7f2a7c19c0c8
C 259
R
P 0x7f2a7c191628
C 342
R
P 0x7f2a7c191628
P 0x7f2a7c19c0c8
C 258
R
P 0x7f2a7c191628
C 342
R
P 0x7f2a7c191628
P 0x7f2a7c19c0c8
C 9
R
P 0x7f2a7c191628
C 342
R
P 0x7f2a7c191628
U 2
P 0x7f2a7c19c0a8
P 0x7f2a7c19c0c8
p 2
C 65
= 0x7f2a7c1a21f8
R
P 0x7f2a7c191628
C 342
R
P 0x7f2a7c191628
P 0x7f2a7c1a21f8
C 257
R
P 0x7f2a7c191628
C 342
R
P 0x7f2a7c191628
P 0x7f2a7c1a21f8
C 254
= 0x7f2a7c19b1e8
R
P 0x7f2a7c191628
C 342
R
P 0x7f2a7c191628
P 0x7f2a7c19b1e8
C 209
R
P 0x7f2a7c191628
C 342
R
P 0x7f2a7c191628
P 0x7f2a7c1a21f8
C 260
R
P 0x7f2a7c191628
C 342
R
P 0x7f2a7c191628
P 0x7f2a7c1a21f8
C 259
R
P 0x7f2a7c191628
C 342
R
P 0x7f2a7c191628
P 0x7f2a7c1a21f8
C 258
R
P 0x7f2a7c191628
C 342
R
P 0x7f2a7c191628
P 0x7f2a7c1a21f8
C 9
R
P 0x7f2a7c191628
C 342
R
P 0x7f2a7c191628
P 0x7f2a7c1a1e08
P 0x7f2a7c1a21f8
C 74
= 0x7f2a7c2cbdd0
R
P 0x7f2a7c191628
C 342
R
P 0x7f2a7c191628
P 0x7f2a7c2cbdd0
C 258
R
P 0x7f2a7c191628
C 342
R
P 0x7f2a7c191628
P 0x7f2a7c2cbdd0
C 9
R
P 0x7f2a7c191628
C 342
R
P 0x7f2a7c191628
U 2
P 0x7f2a7c2cbd98
P 0x7f2a7c2cbdd0
p 2
C 63
= 0x7f2a7c2cbe08
R
P 0x7f2a7c191628
C 342
R
P 0x7f2a7c191628
P 0x7f2a7c2cbe08
C 258
R
P 0x7f2a7c191628
C 342
R
P 0x7f2a7c191628
P 0x7f2a7c2cbe08
C 9
R
P 0x7f2a7c191628
C 342
R
P 0x7f2a7c191628
P 0x7f2a7c2cbe08
C 58
= 0x7f2a7c19e398
R
P 0x7f2a7c191628
C 342
R
P 0x7f2a7c191628
P 0x7f2a7c19e398
C 258
R
P 0x7f2a7c191628
C 342
R
P 0x7f2a7c191628
P 0x7f2a7c19e398
C 9
R
P 0x7f2a7c191628
C 342
R
P 0x7f2a7c191628
P 0x7f2a7c19e158
P 0x7f2a7c19e398
C 61
= 0x7f2a7c2cbe40
R
P 0x7f2a7c191628
C 342
R
P 0x7f2a7c191628
P 0x7f2a7c2cbe40
C 258
R
P 0x7f2a7c191628
C 342
R
P 0x7f2a7c191628
P 0x7f2a7c2cbe40
C 9
R
P 0x7f2a7c191628
C 342
R
P 0x7f2a7c191628
P 0x7f2a7c1e1fc8
P 0x7f2a7c2cbe40
C 427
R
P 0x7f2a7c191628
C 342
R
P 0x7f2a7c191628
I 2
P 0x7f2a7c19b208
C 150
= 0x7f2a7c19bcc8
R
P 0x7f2a7c191628
C 342
R
P 0x7f2a7c191628
P 0x7f2a7c19bcc8
C 258
R
P 0x7f2a7c191628
C 342
R
P 0x7f2a7c191628
P 0x7f2a7c19bcc8
C 9
R
P 0x7f2a7c191628
C 342
R
P 0x7f2a7c191628
I 6
P 0x7f2a7c19b208
C 150
= 0x7f2a7c19c0e8
R
P 0x7f2a7c191628
C 342
R
P 0x7f2a7c191628
P 0x7f2a7c19c0e8
C 258
R
P 0x7f2a7c191628
C 342
R
P 0x7f2a7c191628
P 0x7f2a7c19c0e8
C 9
R
P 0x7f2a7c191628
C 342
R
P 0x7f2a7c191628
P 0x7f2a7c19bcc8
P 0x7f2a7c19c0e8
C 56
= 0x7f2a7c2cb740
R
P 0x7f2a7c191628
C 342
R
P 0x7f2a7c191628
P 0x7f2a7c2cb740
C 258
R
P 0x7f2a7c191628
C 342
R
P 0x7f2a7c191628
P 0x7f2a7c2cb740
C 9
R
P 0x7f2a7c191628
C 342
R
P 0x7f2a7c191628
P 0x7f2a7c2cb740
C 58
= 0x7f2a7c19e1b8
R
P 0x7f2a7c191628
C 342
R
P 0x7f2a7c191628
P 0x7f2a7c19e1b8
C 258
R
P 0x7f2a7c191628
C 342
R
P 0x7f2a7c191628
P 0x7f2a7c19e1b8
C 9
R
P 0x7f2a7c191628
C 342
R
P 0x7f2a7c191628
I 6
P 0x7f2a7c19b208
C 150
= 0x7f2a7c19c0e8
R
P 0x7f2a7c191628
C 342
R
P 0x7f2a7c191628
P 0x7f2a7c19c0e8
C 258
R
P 0x7f2a7c191628
C 342
R
P 0x7f2a7c191628
P 0x7f2a7c19c0e8
C 9
R
P 0x7f2a7c191628
C 342
R
P 0x7f2a7c191628
P 0x7f2a7c19c0e8
C 263
R
P 0x7f2a7c191628
C 342
R
P 0x7f2a7c191628
S "slot6Start"
C 30
R
P 0x7f2a7c191628
C 342
R
P 0x7f2a7c191628
$ |slot6Start|
C 202
R
P 0x7f2a7c191628
C 342
R
P 0x7f2a7c191628
$ |slot6Start|
P 0x7f2a7c19b1e8
C 51
= 0x7f2a7c19c108
R
P 0x7f2a7c191628
C 342
R
P 0x7f2a7c191628
P 0x7f2a7c19c108
C 257
R
P 0x7f2a7c191628
C 342
R
P 0x7f2a7c191628
P 0x7f2a7c19c108
C 254
= 0x7f2a7c19b1e8
R
P 0x7f2a7c191628
C 342
R
P 0x7f2a7c191628
P 0x7f2a7c19b1e8
C 209
R
P 0x7f2a7c191628
C 342
R
P 0x7f2a7c191628
P 0x7f2a7c19c108
C 260
R
P 0x7f2a7c191628
C 342
R
P 0x7f2a7c191628
P 0x7f2a7c19c108
C 259
R
P 0x7f2a7c191628
C 342
R
P 0x7f2a7c191628
P 0x7f2a7c19c108
C 258
R
P 0x7f2a7c191628
C 342
R
P 0x7f2a7c191628
P 0x7f2a7c19c108
C 9
R
P 0x7f2a7c191628
C 342
R
P 0x7f2a7c191628
I 2
P 0x7f2a7c19b208
C 150
= 0x7f2a7c19bcc8
R
P 0x7f2a7c191628
C 342
R
P 0x7f2a7c191628
P 0x7f2a7c19bcc8
C 258
R
P 0x7f2a7c191628
C 342
R
P 0x7f2a7c191628
P 0x7f2a7c19bcc8
C 9
R
P 0x7f2a7c191628
C 342
R
P 0x7f2a7c191628
P 0x7f2a7c19bcc8
C 263
R
P 0x7f2a7c191628
C 342
R
P 0x7f2a7c191628
S "slot2Start"
C 30
R
P 0x7f2a7c191628
C 342
R
P 0x7f2a7c191628
$ |slot2Start|
C 202
R
P 0x7f2a7c191628
C 342
R
P 0x7f2a7c191628
$ |slot2Start|
P 0x7f2a7c19b1e8
C 51
= 0x7f2a7c19bf88
R
P 0x7f2a7c191628
C 342
R
P 0x7f2a7c191628
P 0x7f2a7c19bf88
C 257
R
P 0x7f2a7c191628
C 342
R
P 0x7f2a7c191628
P 0x7f2a7c19bf88
C 254
= 0x7f2a7c19b1e8
R
P 0x7f2a7c191628
C 342
R
P 0x7f2a7c191628
P 0x7f2a7c19b1e8
C 209
R
P 0x7f2a7c191628
C 342
R
P 0x7f2a7c191628
P 0x7f2a7c19bf88
C 260
R
P 0x7f2a7c191628
C 342
R
P 0x7f2a7c191628
P 0x7f2a7c19bf88
C 259
R
P 0x7f2a7c191628
C 342
R
P 0x7f2a7c191628
P 0x7f2a7c19bf88
C 258
R
P 0x7f2a7c191628
C 342
R
P 0x7f2a7c191628
P 0x7f2a7c19bf88
C 9
R
P 0x7f2a7c191628
C 342
R
P 0x7f2a7c191628
I 2
P 0x7f2a7c19b208
C 150
= 0x7f2a7c19bcc8
R
P 0x7f2a7c191628
C 342
R
P 0x7f2a7c191628
P 0x7f2a7c19bcc8
C 258
R
P 0x7f2a7c191628
C 342
R
P 0x7f2a7c191628
P 0x7f2a7c19bcc8
C 9
R
P 0x7f2a7c191628
C 342
R
P 0x7f2a7c191628
P 0x7f2a7c19bcc8
C 263
R
P 0x7f2a7c191628
C 342
R
P 0x7f2a7c191628
S "slot2Duration"
C 30
R
P 0x7f2a7c191628
C 342
R
P 0x7f2a7c191628
$ |slot2Duration|
C 202
R
P 0x7f2a7c191628
C 342
R
P 0x7f2a7c191628
$ |slot2Duration|
P 0x7f2a7c19b1e8
C 51
= 0x7f2a7c19bfa8
R
P 0x7f2a7c191628
C 342
R
P 0x7f2a7c191628
P 0x7f2a7c19bfa8
C 257
R
P 0x7f2a7c191628
C 342
R
P 0x7f2a7c191628
P 0x7f2a7c19bfa8
C 254
= 0x7f2a7c19b1e8
R
P 0x7f2a7c191628
C 342
R
P 0x7f2a7c191628
P 0x7f2a7c19b1e8
C 209
R
P 0x7f2a7c191628
C 342
R
P 0x7f2a7c191628
P 0x7f2a7c19bfa8
C 260
R
P 0x7f2a7c191628
C 342
R
P 0x7f2a7c191628
P 0x7f2a7c19bfa8
C 259
R
P 0x7f2a7c191628
C 342
R
P 0x7f2a7c191628
P 0x7f2a7c19bfa8
C 258
R
P 0x7f2a7c191628
C 342
R
P 0x7f2a7c191628
P 0x7f2a7c19bfa8
C 9
R
P 0x7f2a7c191628
C 342
R
P 0x7f2a7c191628
U 2
P 0x7f2a7c19bf88
P 0x7f2a7c19bfa8
p 2
C 65
= 0x7f2a7c1a1e08
R
P 0x7f2a7c191628
C 342
R
P 0x7f2a7c191628
P 0x7f2a7c1a1e08
C 257
R
P 0x7f2a7c191628
C 342
R
P 0x7f2a7c191628
P 0x7f2a7c1a1e08
C 254
= 0x7f2a7c19b1e8
R
P 0x7f2a7c191628
C 342
R
P 0x7f2a7c191628
P 0x7f2a7c19b1e8
C 209
R
P 0x7f2a7c191628
C 342
R
P 0x7f2a7c191628
P 0x7f2a7c1a1e08
C 260
R
P 0x7f2a7c191628
C 342
R
P 0x7f2a7c191628
P 0x7f2a7c1a1e08
C 259
R
P 0x7f2a7c191628
C 342
R
P 0x7f2a7c191628
P 0x7f2a7c1a1e08
C 258
R
P 0x7f2a7c191628
C 342
R
P 0x7f2a7c191628
P 0x7f2a7c1a1e08
C 9
R
P 0x7f2a7c191628
C 342
R
P 0x7f2a7c191628
P 0x7f2a7c19c108
P 0x7f2a7c1a1e08
C 74
= 0x7f2a7c2cbe78
R
P 0x7f2a7c191628
C 342
R
P 0x7f2a7c191628
P 0x7f2a7c2cbe78
C 258
R
P 0x7f2a7c191628
C 342
R
P 0x7f2a7c191628
P 0x7f2a7c2cbe78
C 9
R
P 0x7f2a7c191628
C 342
R
P 0x7f2a7c191628
I 2
P 0x7f2a7c19b208
C 150
= 0x7f2a7c19bcc8
R
P 0x7f2a7c191628
C 342
R
P 0x7f2a7c191628
P 0x7f2a7c19bcc8
C 258
R
P 0x7f2a7c191628
C 342
R
P 0x7f2a7c191628
P 0x7f2a7c19bcc8
C 9
R
P 0x7f2a7c191628
C 342
R
P 0x7f2a7c191628
P 0x7f2a7c19bcc8
C 263
R
P 0x7f2a7c191628
C 342
R
P 0x7f2a7c191628
S "slot2Start"
C 30
R
P 0x7f2a7c191628
C 342
R
P 0x7f2a7c191628
$ |slot2Start|
C 202
R
P 0x7f2a7c191628
C 342
R
P 0x7f2a7c191628
$ |slot2Start|
P 0x7f2a7c19b1e8
C 51
= 0x7f2a7c19bf88
R
P 0x7f2a7c191628
C 342
R
P 0x7f2a7c191628
P 0x7f2a7c19bf88
C 257
R
P 0x7f2a7c191628
C 342
R
P 0x7f2a7c191628
P 0x7f2a7c19bf88
C 254
= 0x7f2a7c19b1e8
R
P 0x7f2a7c191628
C 342
R
P 0x7f2a7c191628
P 0x7f2a7c19b1e8
C 209
R
P 0x7f2a7c191628
C 342
R
P 0x7f2a7c191628
P 0x7f2a7c19bf88
C 260
R
P 0x7f2a7c191628
C 342
R
P 0x7f2a7c191628
P 0x7f2a7c19bf88
C 259
R
P 0x7f2a7c191628
C 342
R
P 0x7f2a7c191628
P 0x7f2a7c19bf88
C 258
R
P 0x7f2a7c191628
C 342
R
P 0x7f2a7c191628
P 0x7f2a7c19bf88
C 9
R
P 0x7f2a7c191628
C 342
R
P 0x7f2a7c191628
I 2
P 0x7f2a7c19b208
C 150
= 0x7f2a7c19bcc8
R
P 0x7f2a7c191628
C 342
R
P 0x7f2a7c191628
P 0x7f2a7c19bcc8
C 258
R
P 0x7f2a7c191628
C 342
R
P 0x7f2a7c191628
P 0x7f2a7c19bcc8
C 9
R
P 0x7f2a7c191628
C 342
R
P 0x7f2a7c191628
P 0x7f2a7c19bcc8
C 263
R
P 0x7f2a7c191628
C 342
R
P 0x7f2a7c191628
S "slot2Duration"
C 30
R
P 0x7f2a7c191628
C 342
R
P 0x7f2a7c191628
$ |slot2Duration|
C 202
R
P 0x7f2a7c191628
C 342
R
P 0x7f2a7c191628
$ |slot2Duration|
P 0x7f2a7c19b1e8
C 51
= 0x7f2a7c19bfa8
R
P 0x7f2a7c191628
C 342
R
P 0x7f2a7c191628
P 0x7f2a7c19bfa8
C 257
R
P 0x7f2a7c191628
C 342
R
P 0x7f2a7c191628
P 0x7f2a7c19bfa8
C 254
= 0x7f2a7c19b1e8
R
P 0x7f2a7c191628
C 342
R
P 0x7f2a7c191628
P 0x7f2a7c19b1e8
C 209
R
P 0x7f2a7c191628
C 342
R
P 0x7f2a7c191628
P 0x7f2a7c19bfa8
C 260
R
P 0x7f2a7c191628
C 342
R
P 0x7f2a7c191628
P 0x7f2a7c19bfa8
C 259
R
P 0x7f2a7c191628
C 342
R
P 0x7f2a7c191628
P 0x7f2a7c19bfa8
C 258
R
P 0x7f2a7c191628
C 342
R
P 0x7f2a7c191628
P 0x7f2a7c19bfa8
C 9
R
P 0x7f2a7c191628
C 342
R
P 0x7f2a7c191628
U 2
P 0x7f2a7c19bf88
P 0x7f2a7c19bfa8
p 2
C 65
= 0x7f2a7c1a1e08
R
P 0x7f2a7c191628
C 342
R
P 0x7f2a7c191628
P 0x7f2a7c1a1e08
C 257
R
P 0x7f2a7c191628
C 342
R
P 0x7f2a7c191628
P 0x7f2a7c1a1e08
C 254
= 0x7f2a7c19b1e8
R
P 0x7f2a7c191628
C 342
R
P 0x7f2a7c191628
P 0x7f2a7c19b1e8
C 209
R
P 0x7f2a7c191628
C 342
R
P 0x7f2a7c191628
P 0x7f2a7c1a1e08
C 260
R
P 0x7f2a7c191628
C 342
R
P 0x7f2a7c191628
P 0x7f2a7c1a1e08
C 259
R
P 0x7f2a7c191628
C 342
R
P 0x7f2a7c191628
P 0x7f2a7c1a1e08
C 258
R
P 0x7f2a7c191628
C 342
R
P 0x7f2a7c191628
P 0x7f2a7c1a1e08
C 9
R
P 0x7f2a7c191628
C 342
R
P 0x7f2a7c191628
I 6
P 0x7f2a7c19b208
C 150
= 0x7f2a7c19c0e8
R
P 0x7f2a7c191628
C 342
R
P 0x7f2a7c191628
P 0x7f2a7c19c0e8
C 258
R
P 0x7f2a7c191628
C 342
R
P 0x7f2a7c191628
P 0x7f2a7c19c0e8
C 9
R
P 0x7f2a7c191628
C 342
R
P 0x7f2a7c191628
P 0x7f2a7c19c0e8
C 263
R
P 0x7f2a7c191628
C 342
R
P 0x7f2a7c191628
S "slot6Start"
C 30
R
P 0x7f2a7c191628
C 342
R
P 0x7f2a7c191628
$ |slot6Start|
C 202
R
P 0x7f2a7c191628
C 342
R
P 0x7f2a7c191628
$ |slot6Start|
P 0x7f2a7c19b1e8
C 51
= 0x7f2a7c19c108
R
P 0x7f2a7c191628
C 342
R
P 0x7f2a7c191628
P 0x7f2a7c19c108
C 257
R
P 0x7f2a7c191628
C 342
R
P 0x7f2a7c191628
P 0x7f2a7c19c108
C 254
= 0x7f2a7c19b1e8
R
P 0x7f2a7c191628
C 342
R
P 0x7f2a7c191628
P 0x7f2a7c19b1e8
C 209
R
P 0x7f2a7c191628
C 342
R
P 0x7f2a7c191628
P 0x7f2a7c19c108
C 260
R
P 0x7f2a7c191628
C 342
R
P 0x7f2a7c191628
P 0x7f2a7c19c108
C 259
R
P 0x7f2a7c191628
C 342
R
P 0x7f2a7c191628
P 0x7f2a7c19c108
C 258
R
P 0x7f2a7c191628
C 342
R
P 0x7f2a7c191628
P 0x7f2a7c19c108
C 9
R
P 0x7f2a7c191628
C 342
R
P 0x7f2a7c191628
I 6
P 0x7f2a7c19b208
C 150
= 0x7f2a7c19c0e8
R
P 0x7f2a7c191628
C 342
R
P 0x7f2a7c191628
P 0x7f2a7c19c0e8
C 258
R
P 0x7f2a7c191628
C 342
R
P 0x7f2a7c191628
P 0x7f2a7c19c0e8
C 9
R
P 0x7f2a7c191628
C 342
R
P 0x7f2a7c191628
P 0x7f2a7c19c0e8
C 263
R
P 0x7f2a7c191628
C 342
R
P 0x7f2a7c191628
S "slot6Duration"
C 30
R
P 0x7f2a7c191628
C 342
R
P 0x7f2a7c191628
$ |slot6Duration|
C 202
R
P 0x7f2a7c191628
C 342
R
P 0x7f2a7c191628
$ |slot6Duration|
P 0x7f2a7c19b1e8
C 51
= 0x7f2a7c19c128
R
P 0x7f2a7c191628
C 342
R
P 0x7f2a7c191628
P 0x7f2a7c19c128
C 257
R
P 0x7f2a7c191628
C 342
R
P 0x7f2a7c191628
P 0x7f2a7c19c128
C 254
= 0x7f2a7c19b1e8
R
P 0x7f2a7c191628
C 342
R
P 0x7f2a7c191628
P 0x7f2a7c19b1e8
C 209
R
P 0x7f2a7c191628
C 342
R
P 0x7f2a7c191628
P 0x7f2a7c19c128
C 260
R
P 0x7f2a7c191628
C 342
R
P 0x7f2a7c191628
P 0x7f2a7c19c128
C 259
R
P 0x7f2a7c191628
C 342
R
P 0x7f2a7c191628
P 0x7f2a7c19c128
C 258
R
P 0x7f2a7c191628
C 342
R
P 0x7f2a7c191628
P 0x7f2a7c19c128
C 9
R
P 0x7f2a7c191628
C 342
R
P 0x7f2a7c191628
U 2
P 0x7f2a7c19c108
P 0x7f2a7c19c128
p 2
C 65
= 0x7f2a7c1a2348
R
P 0x7f2a7c191628
C 342
R
P 0x7f2a7c191628
P 0x7f2a7c1a2348
C 257
R
P 0x7f2a7c191628
C 342
R
P 0x7f2a7c191628
P 0x7f2a7c1a2348
C 254
= 0x7f2a7c19b1e8
R
P 0x7f2a7c191628
C 342
R
P 0x7f2a7c191628
P 0x7f2a7c19b1e8
C 209
R
P 0x7f2a7c191628
C 342
R
P 0x7f2a7c191628
P 0x7f2a7c1a2348
C 260
R
P 0x7f2a7c191628
C 342
R
P 0x7f2a7c191628
P 0x7f2a7c1a2348
C 259
R
P 0x7f2a7c191628
C 342
R
P 0x7f2a7c191628
P 0x7f2a7c1a2348
C 258
R
P 0x7f2a7c191628
C 342
R
P 0x7f2a7c191628
P 0x7f2a7c1a2348
C 9
R
P 0x7f2a7c191628
C 342
R
P 0x7f2a7c191628
P 0x7f2a7c1a1e08
P 0x7f2a7c1a2348
C 74
= 0x7f2a7c2cbeb0
R
P 0x7f2a7c191628
C 342
R
P 0x7f2a7c191628
P 0x7f2a7c2cbeb0
C 258
R
P 0x7f2a7c191628
C 342
R
P 0x7f2a7c191628
P 0x7f2a7c2cbeb0
C 9
R
P 0x7f2a7c191628
C 342
R
P 0x7f2a7c191628
U 2
P 0x7f2a7c2cbe78
P 0x7f2a7c2cbeb0
p 2
C 63
= 0x7f2a7c2cbee8
R
P 0x7f2a7c191628
C 342
R
P 0x7f2a7c191628
P 0x7f2a7c2cbee8
C 258
R
P 0x7f2a7c191628
C 342
R
P 0x7f2a7c191628
P 0x7f2a7c2cbee8
C 9
R
P 0x7f2a7c191628
C 342
R
P 0x7f2a7c191628
P 0x7f2a7c2cbee8
C 58
= 0x7f2a7c19e3c8
R
P 0x7f2a7c191628
C 342
R
P 0x7f2a7c191628
P 0x7f2a7c19e3c8
C 258
R
P 0x7f2a7c191628
C 342
R
P 0x7f2a7c191628
P 0x7f2a7c19e3c8
C 9
R
P 0x7f2a7c191628
C 342
R
P 0x7f2a7c191628
P 0x7f2a7c19e1b8
P 0x7f2a7c19e3c8
C 61
= 0x7f2a7c2cbf20
R
P 0x7f2a7c191628
C 342
R
P 0x7f2a7c191628
P 0x7f2a7c2cbf20
C 258
R
P 0x7f2a7c191628
C 342
R
P 0x7f2a7c191628
P 0x7f2a7c2cbf20
C 9
R
P 0x7f2a7c191628
C 342
R
P 0x7f2a7c191628
P 0x7f2a7c1e1fc8
P 0x7f2a7c2cbf20
C 427
R
P 0x7f2a7c191628
C 342
R
P 0x7f2a7c191628
I 2
P 0x7f2a7c19b208
C 150
= 0x7f2a7c19bcc8
R
P 0x7f2a7c191628
C 342
R
P 0x7f2a7c191628
P 0x7f2a7c19bcc8
C 258
R
P 0x7f2a7c191628
C 342
R
P 0x7f2a7c191628
P 0x7f2a7c19bcc8
C 9
R
P 0x7f2a7c191628
C 342
R
P 0x7f2a7c191628
I 7
P 0x7f2a7c19b208
C 150
= 0x7f2a7c19c148
R
P 0x7f2a7c191628
C 342
R
P 0x7f2a7c191628
P 0x7f2a7c19c148
C 258
R
P 0x7f2a7c191628
C 342
R
P 0x7f2a7c191628
P 0x7f2a7c19c148
C 9
R
P 0x7f2a7c191628
C 342
R
P 0x7f2a7c191628
P 0x7f2a7c19bcc8
P 0x7f2a7c19c148
C 56
= 0x7f2a7c2cb858
R
P 0x7f2a7c191628
C 342
R
P 0x7f2a7c191628
P 0x7f2a7c2cb858
C 258
R
P 0x7f2a7c191628
C 342
R
P 0x7f2a7c191628
P 0x7f2a7c2cb858
C 9
R
P 0x7f2a7c191628
C 342
R
P 0x7f2a7c191628
P 0x7f2a7c2cb858
C 58
= 0x7f2a7c19e218
R
P 0x7f2a7c191628
C 342
R
P 0x7f2a7c191628
P 0x7f2a7c19e218
C 258
R
P 0x7f2a7c191628
C 342
R
P 0x7f2a7c191628
P 0x7f2a7c19e218
C 9
R
P 0x7f2a7c191628
C 342
R
P 0x7f2a7c191628
I 7
P 0x7f2a7c19b208
C 150
= 0x7f2a7c19c148
R
P 0x7f2a7c191628
C 342
R
P 0x7f2a7c191628
P 0x7f2a7c19c148
C 258
R
P 0x7f2a7c191628
C 342
R
P 0x7f2a7c191628
P 0x7f2a7c19c148
C 9
R
P 0x7f2a7c191628
C 342
R
P 0x7f2a7c191628
P 0x7f2a7c19c148
C 263
R
P 0x7f2a7c191628
C 342
R
P 0x7f2a7c191628
S "slot7Start"
C 30
R
P 0x7f2a7c191628
C 342
R
P 0x7f2a7c191628
$ |slot7Start|
C 202
R
P 0x7f2a7c191628
C 342
R
P 0x7f2a7c191628
$ |slot7Start|
P 0x7f2a7c19b1e8
C 51
= 0x7f2a7c19c168
R
P 0x7f2a7c191628
C 342
R
P 0x7f2a7c191628
P 0x7f2a7c19c168
C 257
R
P 0x7f2a7c191628
C 342
R
P 0x7f2a7c191628
P 0x7f2a7c19c168
C 254
= 0x7f2a7c19b1e8
R
P 0x7f2a7c191628
C 342
R
P 0x7f2a7c191628
P 0x7f2a7c19b1e8
C 209
R
P 0x7f2a7c191628
C 342
R
P 0x7f2a7c191628
P 0x7f2a7c19c168
C 260
R
P 0x7f2a7c191628
C 342
R
P 0x7f2a7c191628
P 0x7f2a7c19c168
C 259
R
P 0x7f2a7c191628
C 342
R
P 0x7f2a7c191628
P 0x7f2a7c19c168
C 258
R
P 0x7f2a7c191628
C 342
R
P 0x7f2a7c191628
P 0x7f2a7c19c168
C 9
R
P 0x7f2a7c191628
C 342
R
P 0x7f2a7c191628
I 2
P 0x7f2a7c19b208
C 150
= 0x7f2a7c19bcc8
R
P 0x7f2a7c191628
C 342
R
P 0x7f2a7c191628
P 0x7f2a7c19bcc8
C 258
R
P 0x7f2a7c191628
C 342
R
P 0x7f2a7c191628
P 0x7f2a7c19bcc8
C 9
R
P 0x7f2a7c191628
C 342
R
P 0x7f2a7c191628
P 0x7f2a7c19bcc8
C 263
R
P 0x7f2a7c191628
C 342
R
P 0x7f2a7c191628
S "slot2Start"
C 30
R
P 0x7f2a7c191628
C 342
R
P 0x7f2a7c191628
$ |slot2Start|
C 202
R
P 0x7f2a7c191628
C 342
R
P 0x7f2a7c191628
$ |slot2Start|
P 0x7f2a7c19b1e8
C 51
= 0x7f2a7c19bf88
R
P 0x7f2a7c191628
C 342
R
P 0x7f2a7c191628
P 0x7f2a7c19bf88
C 257
R
P 0x7f2a7c191628
C 342
R
P 0x7f2a7c191628
P 0x7f2a7c19bf88
C 254
= 0x7f2a7c19b1e8
R
P 0x7f2a7c191628
C 342
R
P 0x7f2a7c191628
P 0x7f2a7c19b1e8
C 209
R
P 0x7f2a7c191628
C 342
R
P 0x7f2a7c191628
P 0x7f2a7c19bf88
C 260
R
P 0x7f2a7c191628
C 342
R
P 0x7f2a7c191628
P 0x7f2a7c19bf88
C 259
R
P 0x7f2a7c191628
C 342
R
P 0x7f2a7c191628
P 0x7f2a7c19bf88
C 258
R
P 0x7f2a7c191628
C 342
R
P 0x7f2a7c191628
P 0x7f2a7c19bf88
C 9
R
P 0x7f2a7c191628
C 342
R
P 0x7f2a7c191628
I 2
P 0x7f2a7c19b208
C 150
= 0x7f2a7c19bcc8
R
P 0x7f2a7c191628
C 342
R
P 0x7f2a7c191628
P 0x7f2a7c19bcc8
C 258
R
P 0x7f2a7c191628
C 342
R
P 0x7f2a7c191628
P 0x7f2a7c19bcc8
C 9
R
P 0x7f2a7c191628
C 342
R
P 0x7f2a7c191628
P 0x7f2a7c19bcc8
C 263
R
P 0x7f2a7c191628
C 342
R
P 0x7f2a7c191628
S "slot2Duration"
C 30
R
P 0x7f2a7c191628
C 342
R
P 0x7f2a7c191628
$ |slot2Duration|
C 202
R
P 0x7f2a7c191628
C 342
R
P 0x7f2a7c191628
$ |slot2Duration|
P 0x7f2a7c19b1e8
C 51
= 0x7f2a7c19bfa8
R
P 0x7f2a7c191628
C 342
R
P 0x7f2a7c191628
P 0x7f2a7c19bfa8
C 257
R
P 0x7f2a7c191628
C 342
R
P 0x7f2a7c191628
P 0x7f2a7c19bfa8
C 254
= 0x7f2a7c19b1e8
R
P 0x7f2a7c191628
C 342
R
P 0x7f2a7c191628
P 0x7f2a7c19b1e8
C 209
R
P 0x7f2a7c191628
C 342
R
P 0x7f2a7c191628
P 0x7f2a7c19bfa8
C 260
R
P 0x7f2a7c191628
C 342
R
P 0x7f2a7c191628
P 0x7f2a7c19bfa8
C 259
R
P 0x7f2a7c191628
C 342
R
P 0x7f2a7c191628
P 0x7f2a7c19bfa8
C 258
R
P 0x7f2a7c191628
C 342
R
P 0x7f2a7c191628
P 0x7f2a7c19bfa8
C 9
R
P 0x7f2a7c191628
C 342
R
P 0x7f2a7c191628
U 2
P 0x7f2a7c19bf88
P 0x7f2a7c19bfa8
p 2
C 65
= 0x7f2a7c1a1e08
R
P 0x7f2a7c191628
C 342
R
P 0x7f2a7c191628
P 0x7f2a7c1a1e08
C 257
R
P 0x7f2a7c191628
C 342
R
P 0x7f2a7c191628
P 0x7f2a7c1a1e08
C 254
= 0x7f2a7c19b1e8
R
P 0x7f2a7c191628
C 342
R
P 0x7f2a7c191628
P 0x7f2a7c19b1e8
C 209
R
P 0x7f2a7c191628
C 342
R
P 0x7f2a7c191628
P 0x7f2a7c1a1e08
C 260
R
P 0x7f2a7c191628
C 342
R
P 0x7f2a7c191628
P 0x7f2a7c1a1e08
C 259
R
P 0x7f2a7c191628
C 342
R
P 0x7f2a7c191628
P 0x7f2a7c1a1e08
C 258
R
P 0x7f2a7c191628
C 342
R
P 0x7f2a7c191628
P 0x7f2a7c1a1e08
C 9
R
P 0x7f2a7c191628
C 342
R
P 0x7f2a7c191628
P 0x7f2a7c19c168
P 0x7f2a7c1a1e08
C 74
= 0x7f2a7c2cbf58
R
P 0x7f2a7c191628
C 342
R
P 0x7f2a7c191628
P 0x7f2a7c2cbf58
C 258
R
P 0x7f2a7c191628
C 342
R
P 0x7f2a7c191628
P 0x7f2a7c2cbf58
C 9
R
P 0x7f2a7c191628
C 342
R
P 0x7f2a7c191628
I 2
P 0x7f2a7c19b208
C 150
= 0x7f2a7c19bcc8
R
P 0x7f2a7c191628
C 342
R
P 0x7f2a7c191628
P 0x7f2a7c19bcc8
C 258
R
P 0x7f2a7c191628
C 342
R
P 0x7f2a7c191628
P 0x7f2a7c19bcc8
C 9
R
P 0x7f2a7c191628
C 342
R
P 0x7f2a7c191628
P 0x7f2a7c19bcc8
C 263
R
P 0x7f2a7c191628
C 342
R
P 0x7f2a7c191628
S "slot2Start"
C 30
R
P 0x7f2a7c191628
C 342
R
P 0x7f2a7c191628
$ |slot2Start|
C 202
R
P 0x7f2a7c191628
C 342
R
P 0x7f2a7c191628
$ |slot2Start|
P 0x7f2a7c19b1e8
C 51
= 0x7f2a7c19bf88
R
P 0x7f2a7c191628
C 342
R
P 0x7f2a7c191628
P 0x7f2a7c19bf88
C 257
R
P 0x7f2a7c191628
C 342
R
P 0x7f2a7c191628
P 0x7f2a7c19bf88
C 254
= 0x7f2a7c19b1e8
R
P 0x7f2a7c191628
C 342
R
P 0x7f2a7c191628
P 0x7f2a7c19b1e8
C 209
R
P 0x7f2a7c191628
C 342
R
P 0x7f2a7c191628
P 0x7f2a7c19bf88
C 260
R
P 0x7f2a7c191628
C 342
R
P 0x7f2a7c191628
P 0x7f2a7c19bf88
C 259
R
P 0x7f2a7c191628
C 342
R
P 0x7f2a7c191628
P 0x7f2a7c19bf88
C 258
R
P 0x7f2a7c191628
C 342
R
P 0x7f2a7c191628
P 0x7f2a7c19bf88
C 9
R
P 0x7f2a7c191628
C 342
R
P 0x7f2a7c191628
I 2
P 0x7f2a7c19b208
C 150
= 0x7f2a7c19bcc8
R
P 0x7f2a7c191628
C 342
R
P 0x7f2a7c191628
P 0x7f2a7c19bcc8
C 258
R
P 0x7f2a7c191628
C 342
R
P 0x7f2a7c191628
P 0x7f2a7c19bcc8
C 9
R
P 0x7f2a7c191628
C 342
R
P 0x7f2a7c191628
P 0x7f2a7c19bcc8
C 263
R
P 0x7f2a7c191628
C 342
R
P 0x7f2a7c191628
S "slot2Duration"
C 30
R
P 0x7f2a7c191628
C 342
R
P 0x7f2a7c191628
$ |slot2Duration|
C 202
R
P 0x7f2a7c191628
C 342
R
P 0x7f2a7c191628
$ |slot2Duration|
P 0x7f2a7c19b1e8
C 51
= 0x7f2a7c19bfa8
R
P 0x7f2a7c191628
C 342
R
P 0x7f2a7c191628
P 0x7f2a7c19bfa8
C 257
R
P 0x7f2a7c191628
C 342
R
P 0x7f2a7c191628
P 0x7f2a7c19bfa8
C 254
= 0x7f2a7c19b1e8
R
P 0x7f2a7c191628
C 342
R
P 0x7f2a7c191628
P 0x7f2a7c19b1e8
C 209
R
P 0x7f2a7c191628
C 342
R
P 0x7f2a7c191628
P 0x7f2a7c19bfa8
C 260
R
P 0x7f2a7c191628
C 342
R
P 0x7f2a7c191628
P 0x7f2a7c19bfa8
C 259
R
P 0x7f2a7c191628
C 342
R
P 0x7f2a7c191628
P 0x7f2a7c19bfa8
C 258
R
P 0x7f2a7c191628
C 342
R
P 0x7f2a7c191628
P 0x7f2a7c19bfa8
C 9
R
P 0x7f2a7c191628
C 342
R
P 0x7f2a7c191628
U 2
P 0x7f2a7c19bf88
P 0x7f2a7c19bfa8
p 2
C 65
= 0x7f2a7c1a1e08
R
P 0x7f2a7c191628
C 342
R
P 0x7f2a7c191628
P 0x7f2a7c1a1e08
C 257
R
P 0x7f2a7c191628
C 342
R
P 0x7f2a7c191628
P 0x7f2a7c1a1e08
C 254
= 0x7f2a7c19b1e8
R
P 0x7f2a7c191628
C 342
R
P 0x7f2a7c191628
P 0x7f2a7c19b1e8
C 209
R
P 0x7f2a7c191628
C 342
R
P 0x7f2a7c191628
P 0x7f2a7c1a1e08
C 260
R
P 0x7f2a7c191628
C 342
R
P 0x7f2a7c191628
P 0x7f2a7c1a1e08
C 259
R
P 0x7f2a7c191628
C 342
R
P 0x7f2a7c191628
P 0x7f2a7c1a1e08
C 258
R
P 0x7f2a7c191628
C 342
R
P 0x7f2a7c191628
P 0x7f2a7c1a1e08
C 9
R
P 0x7f2a7c191628
C 342
R
P 0x7f2a7c191628
I 7
P 0x7f2a7c19b208
C 150
= 0x7f2a7c19c148
R
P 0x7f2a7c191628
C 342
R
P 0x7f2a7c191628
P 0x7f2a7c19c148
C 258
R
P 0x7f2a7c191628
C 342
R
P 0x7f2a7c191628
P 0x7f2a7c19c148
C 9
R
P 0x7f2a7c191628
C 342
R
P 0x7f2a7c191628
P 0x7f2a7c19c148
C 263
R
P 0x7f2a7c191628
C 342
R
P 0x7f2a7c191628
S "slot7Start"
C 30
R
P 0x7f2a7c191628
C 342
R
P 0x7f2a7c191628
$ |slot7Start|
C 202
R
P 0x7f2a7c191628
C 342
R
P 0x7f2a7c191628
$ |slot7Start|
P 0x7f2a7c19b1e8
C 51
= 0x7f2a7c19c168
R
P 0x7f2a7c191628
C 342
R
P 0x7f2a7c191628
P 0x7f2a7c19c168
C 257
R
P 0x7f2a7c191628
C 342
R
P 0x7f2a7c191628
P 0x7f2a7c19c168
C 254
= 0x7f2a7c19b1e8
R
P 0x7f2a7c191628
C 342
R
P 0x7f2a7c191628
P 0x7f2a7c19b1e8
C 209
R
P 0x7f2a7c191628
C 342
R
P 0x7f2a7c191628
P 0x7f2a7c19c168
C 260
R
P 0x7f2a7c191628
C 342
R
P 0x7f2a7c191628
P 0x7f2a7c19c168
C 259
R
P 0x7f2a7c191628
C 342
R
P 0x7f2a7c191628
P 0x7f2a7c19c168
C 258
R
P 0x7f2a7c191628
C 342
R
P 0x7f2a7c191628
P 0x7f2a7c19c168
C 9
R
P 0x7f2a7c191628
C 342
R
P 0x7f2a7c191628
I 7
P 0x7f2a7c19b208
C 150
= 0x7f2a7c19c148
R
P 0x7f2a7c191628
C 342
R
P 0x7f2a7c191628
P 0x7f2a7c19c148
C 258
R
P 0x7f2a7c191628
C 342
R
P 0x7f2a7c191628
P 0x7f2a7c19c148
C 9
R
P 0x7f2a7c191628
C 342
R
P 0x7f2a7c191628
P 0x7f2a7c19c148
C 263
R
P 0x7f2a7c191628
C 342
R
P 0x7f2a7c191628
S "slot7Duration"
C 30
R
P 0x7f2a7c191628
C 342
R
P 0x7f2a7c191628
$ |slot7Duration|
C 202
R
P 0x7f2a7c191628
C 342
R
P 0x7f2a7c191628
$ |slot7Duration|
P 0x7f2a7c19b1e8
C 51
= 0x7f2a7c19c188
R
P 0x7f2a7c191628
C 342
R
P 0x7f2a7c191628
P 0x7f2a7c19c188
C 257
R
P 0x7f2a7c191628
C 342
R
P 0x7f2a7c191628
P 0x7f2a7c19c188
C 254
= 0x7f2a7c19b1e8
R
P 0x7f2a7c191628
C 342
R
P 0x7f2a7c191628
P 0x7f2a7c19b1e8
C 209
R
P 0x7f2a7c191628
C 342
R
P 0x7f2a7c191628
P 0x7f2a7c19c188
C 260
R
P 0x7f2a7c191628
C 342
R
P 0x7f2a7c191628
P 0x7f2a7c19c188
C 259
R
P 0x7f2a7c191628
C 342
R
P 0x7f2a7c191628
P 0x7f2a7c19c188
C 258
R
P 0x7f2a7c191628
C 342
R
P 0x7f2a7c191628
P 0x7f2a7c19c188
C 9
R
P 0x7f2a7c191628
C 342
R
P 0x7f2a7c191628
U 2
P 0x7f2a7c19c168
P 0x7f2a7c19c188
p 2
C 65
= 0x7f2a7c1a2498
R
P 0x7f2a7c191628
C 342
R
P 0x7f2a7c191628
P 0x7f2a7c1a2498
C 257
R
P 0x7f2a7c191628
C 342
R
P 0x7f2a7c191628
P 0x7f2a7c1a2498
C 254
= 0x7f2a7c19b1e8
R
P 0x7f2a7c191628
C 342
R
P 0x7f2a7c191628
P 0x7f2a7c19b1e8
C 209
R
P 0x7f2a7c191628
C 342
R
P 0x7f2a7c191628
P 0x7f2a7c1a2498
C 260
R
P 0x7f2a7c191628
C 342
R
P 0x7f2a7c191628
P 0x7f2a7c1a2498
C 259
R
P 0x7f2a7c191628
C 342
R
P 0x7f2a7c191628
P 0x7f2a7c1a2498
C 258
R
P 0x7f2a7c191628
C 342
R
P 0x7f2a7c191628
P 0x7f2a7c1a2498
C 9
R
P 0x7f2a7c191628
C 342
R
P 0x7f2a7c191628
P 0x7f2a7c1a1e08
P 0x7f2a7c1a2498
C 74
= 0x7f2a7c2cbf90
R
P 0x7f2a7c191628
C 342
R
P 0x7f2a7c191628
P 0x7f2a7c2cbf90
C 258
R
P 0x7f2a7c191628
C 342
R
P 0x7f2a7c191628
P 0x7f2a7c2cbf90
C 9
R
P 0x7f2a7c191628
C 342
R
P 0x7f2a7c191628
U 2
P 0x7f2a7c2cbf58
P 0x7f2a7c2cbf90
p 2
C 63
= 0x7f2a7c2cbfc8
R
P 0x7f2a7c191628
C 342
R
P 0x7f2a7c191628
P 0x7f2a7c2cbfc8
C 258
R
P 0x7f2a7c191628
C 342
R
P 0x7f2a7c191628
P 0x7f2a7c2cbfc8
C 9
R
P 0x7f2a7c191628
C 342
R
P 0x7f2a7c191628
P 0x7f2a7c2cbfc8
C 58
= 0x7f2a7c19e3f8
R
P 0x7f2a7c191628
C 342
R
P 0x7f2a7c191628
P 0x7f2a7c19e3f8
C 258
R
P 0x7f2a7c191628
C 342
R
P 0x7f2a7c191628
P 0x7f2a7c19e3f8
C 9
R
P 0x7f2a7c191628
C 342
R
P 0x7f2a7c191628
P 0x7f2a7c19e218
P 0x7f2a7c19e3f8
C 61
= 0x7f2a7c2cc000
R
P 0x7f2a7c191628
C 342
R
P 0x7f2a7c191628
P 0x7f2a7c2cc000
C 258
R
P 0x7f2a7c191628
C 342
R
P 0x7f2a7c191628
P 0x7f2a7c2cc000
C 9
R
P 0x7f2a7c191628
C 342
R
P 0x7f2a7c191628
P 0x7f2a7c1e1fc8
P 0x7f2a7c2cc000
C 427
R
P 0x7f2a7c191628
C 342
R
P 0x7f2a7c191628
I 2
P 0x7f2a7c19b208
C 150
= 0x7f2a7c19bcc8
R
P 0x7f2a7c191628
C 342
R
P 0x7f2a7c191628
P 0x7f2a7c19bcc8
C 258
R
P 0x7f2a7c191628
C 342
R
P 0x7f2a7c191628
P 0x7f2a7c19bcc8
C 9
R
P 0x7f2a7c191628
C 342
R
P 0x7f2a7c191628
I 8
P 0x7f2a7c19b208
C 150
= 0x7f2a7c19c1a8
R
P 0x7f2a7c191628
C 342
R
P 0x7f2a7c191628
P 0x7f2a7c19c1a8
C 258
R
P 0x7f2a7c191628
C 342
R
P 0x7f2a7c191628
P 0x7f2a7c19c1a8
C 9
R
P 0x7f2a7c191628
C 342
R
P 0x7f2a7c191628
P 0x7f2a7c19bcc8
P 0x7f2a7c19c1a8
C 56
= 0x7f2a7c2cb970
R
P 0x7f2a7c191628
C 342
R
P 0x7f2a7c191628
P 0x7f2a7c2cb970
C 258
R
P 0x7f2a7c191628
C 342
R
P 0x7f2a7c191628
P 0x7f2a7c2cb970
C 9
R
P 0x7f2a7c191628
C 342
R
P 0x7f2a7c191628
P 0x7f2a7c2cb970
C 58
= 0x7f2a7c19e278
R
P 0x7f2a7c191628
C 342
R
P 0x7f2a7c191628
P 0x7f2a7c19e278
C 258
R
P 0x7f2a7c191628
C 342
R
P 0x7f2a7c191628
P 0x7f2a7c19e278
C 9
R
P 0x7f2a7c191628
C 342
R
P 0x7f2a7c191628
I 8
P 0x7f2a7c19b208
C 150
= 0x7f2a7c19c1a8
R
P 0x7f2a7c191628
C 342
R
P 0x7f2a7c191628
P 0x7f2a7c19c1a8
C 258
R
P 0x7f2a7c191628
C 342
R
P 0x7f2a7c191628
P 0x7f2a7c19c1a8
C 9
R
P 0x7f2a7c191628
C 342
R
P 0x7f2a7c191628
P 0x7f2a7c19c1a8
C 263
R
P 0x7f2a7c191628
C 342
R
P 0x7f2a7c191628
S "slot8Start"
C 30
R
P 0x7f2a7c191628
C 342
R
P 0x7f2a7c191628
$ |slot8Start|
C 202
R
P 0x7f2a7c191628
C 342
R
P 0x7f2a7c191628
$ |slot8Start|
P 0x7f2a7c19b1e8
C 51
= 0x7f2a7c19c1c8
R
P 0x7f2a7c191628
C 342
R
P 0x7f2a7c191628
P 0x7f2a7c19c1c8
C 257
R
P 0x7f2a7c191628
C 342
R
P 0x7f2a7c191628
P 0x7f2a7c19c1c8
C 254
= 0x7f2a7c19b1e8
R
P 0x7f2a7c191628
C 342
R
P 0x7f2a7c191628
P 0x7f2a7c19b1e8
C 209
R
P 0x7f2a7c191628
C 342
R
P 0x7f2a7c191628
P 0x7f2a7c19c1c8
C 260
R
P 0x7f2a7c191628
C 342
R
P 0x7f2a7c191628
P 0x7f2a7c19c1c8
C 259
R
P 0x7f2a7c191628
C 342
R
P 0x7f2a7c191628
P 0x7f2a7c19c1c8
C 258
R
P 0x7f2a7c191628
C 342
R
P 0x7f2a7c191628
P 0x7f2a7c19c1c8
C 9
R
P 0x7f2a7c191628
C 342
R
P 0x7f2a7c191628
I 2
P 0x7f2a7c19b208
C 150
= 0x7f2a7c19bcc8
R
P 0x7f2a7c191628
C 342
R
P 0x7f2a7c191628
P 0x7f2a7c19bcc8
C 258
R
P 0x7f2a7c191628
C 342
R
P 0x7f2a7c191628
P 0x7f2a7c19bcc8
C 9
R
P 0x7f2a7c191628
C 342
R
P 0x7f2a7c191628
P 0x7f2a7c19bcc8
C 263
R
P 0x7f2a7c191628
C 342
R
P 0x7f2a7c191628
S "slot2Start"
C 30
R
P 0x7f2a7c191628
C 342
R
P 0x7f2a7c191628
$ |slot2Start|
C 202
R
P 0x7f2a7c191628
C 342
R
P 0x7f2a7c191628
$ |slot2Start|
P 0x7f2a7c19b1e8
C 51
= 0x7f2a7c19bf88
R
P 0x7f2a7c191628
C 342
R
P 0x7f2a7c191628
P 0x7f2a7c19bf88
C 257
R
P 0x7f2a7c191628
C 342
R
P 0x7f2a7c191628
P 0x7f2a7c19bf88
C 254
= 0x7f2a7c19b1e8
R
P 0x7f2a7c191628
C 342
R
P 0x7f2a7c191628
P 0x7f2a7c19b1e8
C 209
R
P 0x7f2a7c191628
C 342
R
P 0x7f2a7c191628
P 0x7f2a7c19bf88
C 260
R
P 0x7f2a7c191628
C 342
R
P 0x7f2a7c191628
P 0x7f2a7c19bf88
C 259
R
P 0x7f2a7c191628
C 342
R
P 0x7f2a7c191628
P 0x7f2a7c19bf88
C 258
R
P 0x7f2a7c191628
C 342
R
P 0x7f2a7c191628
P 0x7f2a7c19bf88
C 9
R
P 0x7f2a7c191628
C 342
R
P 0x7f2a7c191628
I 2
P 0x7f2a7c19b208
C 150
= 0x7f2a7c19bcc8
R
P 0x7f2a7c191628
C 342
R
P 0x7f2a7c191628
P 0x7f2a7c19bcc8
C 258
R
P 0x7f2a7c191628
C 342
R
P 0x7f2a7c191628
P 0x7f2a7c19bcc8
C 9
R
P 0x7f2a7c191628
C 342
R
P 0x7f2a7c191628
P 0x7f2a7c19bcc8
C 263
R
P 0x7f2a7c191628
C 342
R
P 0x7f2a7c191628
S "slot2Duration"
C 30
R
P 0x7f2a7c191628
C 342
R
P 0x7f2a7c191628
$ |slot2Duration|
C 202
R
P 0x7f2a7c191628
C 342
R
P 0x7f2a7c191628
$ |slot2Duration|
P 0x7f2a7c19b1e8
C 51
= 0x7f2a7c19bfa8
R
P 0x7f2a7c191628
C 342
R
P 0x7f2a7c191628
P 0x7f2a7c19bfa8
C 257
R
P 0x7f2a7c191628
C 342
R
P 0x7f2a7c191628
P 0x7f2a7c19bfa8
C 254
= 0x7f2a7c19b1e8
R
P 0x7f2a7c191628
C 342
R
P 0x7f2a7c191628
P 0x7f2a7c19b1e8
C 209
R
P 0x7f2a7c191628
C 342
R
P 0x7f2a7c191628
P 0x7f2a7c19bfa8
C 260
R
P 0x7f2a7c191628
C 342
R
P 0x7f2a7c191628
P 0x7f2a7c19bfa8
C 259
R
P 0x7f2a7c191628
C 342
R
P 0x7f2a7c191628
P 0x7f2a7c19bfa8
C 258
R
P 0x7f2a7c191628
C 342
R
P 0x7f2a7c191628
P 0x7f2a7c19bfa8
C 9
R
P 0x7f2a7c191628
C 342
R
P 0x7f2a7c191628
U 2
P 0x7f2a7c19bf88
P 0x7f2a7c19bfa8
p 2
C 65
= 0x7f2a7c1a1e08
R
P 0x7f2a7c191628
C 342
R
P 0x7f2a7c191628
P 0x7f2a7c1a1e08
C 257
R
P 0x7f2a7c191628
C 342
R
P 0x7f2a7c191628
P 0x7f2a7c1a1e08
C 254
= 0x7f2a7c19b1e8
R
P 0x7f2a7c191628
C 342
R
P 0x7f2a7c191628
P 0x7f2a7c19b1e8
C 209
R
P 0x7f2a7c191628
C 342
R
P 0x7f2a7c191628
P 0x7f2a7c1a1e08
C 260
R
P 0x7f2a7c191628
C 342
R
P 0x7f2a7c191628
P 0x7f2a7c1a1e08
C 259
R
P 0x7f2a7c191628
C 342
R
P 0x7f2a7c191628
P 0x7f2a7c1a1e08
C 258
R
P 0x7f2a7c191628
C 342
R
P 0x7f2a7c191628
P 0x7f2a7c1a1e08
C 9
R
P 0x7f2a7c191628
C 342
R
P 0x7f2a7c191628
P 0x7f2a7c19c1c8
P 0x7f2a7c1a1e08
C 74
= 0x7f2a7c2cc038
R
P 0x7f2a7c191628
C 342
R
P 0x7f2a7c191628
P 0x7f2a7c2cc038
C 258
R
P 0x7f2a7c191628
C 342
R
P 0x7f2a7c191628
P 0x7f2a7c2cc038
C 9
R
P 0x7f2a7c191628
C 342
R
P 0x7f2a7c191628
I 2
P 0x7f2a7c19b208
C 150
= 0x7f2a7c19bcc8
R
P 0x7f2a7c191628
C 342
R
P 0x7f2a7c191628
P 0x7f2a7c19bcc8
C 258
R
P 0x7f2a7c191628
C 342
R
P 0x7f2a7c191628
P 0x7f2a7c19bcc8
C 9
R
P 0x7f2a7c191628
C 342
R
P 0x7f2a7c191628
P 0x7f2a7c19bcc8
C 263
R
P 0x7f2a7c191628
C 342
R
P 0x7f2a7c191628
S "slot2Start"
C 30
R
P 0x7f2a7c191628
C 342
R
P 0x7f2a7c191628
$ |slot2Start|
C 202
R
P 0x7f2a7c191628
C 342
R
P 0x7f2a7c191628
$ |slot2Start|
P 0x7f2a7c19b1e8
C 51
= 0x7f2a7c19bf88
R
P 0x7f2a7c191628
C 342
R
P 0x7f2a7c191628
P 0x7f2a7c19bf88
C 257
R
P 0x7f2a7c191628
C 342
R
P 0x7f2a7c191628
P 0x7f2a7c19bf88
C 254
= 0x7f2a7c19b1e8
R
P 0x7f2a7c191628
C 342
R
P 0x7f2a7c191628
P 0x7f2a7c19b1e8
C 209
R
P 0x7f2a7c191628
C 342
R
P 0x7f2a7c191628
P 0x7f2a7c19bf88
C 260
R
P 0x7f2a7c191628
C 342
R
P 0x7f2a7c191628
P 0x7f2a7c19bf88
C 259
R
P 0x7f2a7c191628
C 342
R
P 0x7f2a7c191628
P 0x7f2a7c19bf88
C 258
R
P 0x7f2a7c191628
C 342
R
P 0x7f2a7c191628
P 0x7f2a7c19bf88
C 9
R
P 0x7f2a7c191628
C 342
R
P 0x7f2a7c191628
I 2
P 0x7f2a7c19b208
C 150
= 0x7f2a7c19bcc8
R
P 0x7f2a7c191628
C 342
R
P 0x7f2a7c191628
P 0x7f2a7c19bcc8
C 258
R
P 0x7f2a7c191628
C 342
R
P 0x7f2a7c191628
P 0x7f2a7c19bcc8
C 9
R
P 0x7f2a7c191628
C 342
R
P 0x7f2a7c191628
P 0x7f2a7c19bcc8
C 263
R
P 0x7f2a7c191628
C 342
R
P 0x7f2a7c191628
S "slot2Duration"
C 30
R
P 0x7f2a7c191628
C 342
R
P 0x7f2a7c191628
$ |slot2Duration|
C 202
R
P 0x7f2a7c191628
C 342
R
P 0x7f2a7c191628
$ |slot2Duration|
P 0x7f2a7c19b1e8
C 51
= 0x7f2a7c19bfa8
R
P 0x7f2a7c191628
C 342
R
P 0x7f2a7c191628
P 0x7f2a7c19bfa8
C 257
R
P 0x7f2a7c191628
C 342
R
P 0x7f2a7c191628
P 0x7f2a7c19bfa8
C 254
= 0x7f2a7c19b1e8
R
P 0x7f2a7c191628
C 342
R
P 0x7f2a7c191628
P 0x7f2a7c19b1e8
C 209
R
P 0x7f2a7c191628
C 342
R
P 0x7f2a7c191628
P 0x7f2a7c19bfa8
C 260
R
P 0x7f2a7c191628
C 342
R
P 0x7f2a7c191628
P 0x7f2a7c19bfa8
C 259
R
P 0x7f2a7c191628
C 342
R
P 0x7f2a7c191628
P 0x7f2a7c19bfa8
C 258
R
P 0x7f2a7c191628
C 342
R
P 0x7f2a7c191628
P 0x7f2a7c19bfa8
C 9
R
P 0x7f2a7c191628
C 342
R
P 0x7f2a7c191628
U 2
P 0x7f2a7c19bf88
P 0x7f2a7c19bfa8
p 2
C 65
= 0x7f2a7c1a1e08
R
P 0x7f2a7c191628
C 342
R
P 0x7f2a7c191628
P 0x7f2a7c1a1e08
C 257
R
P 0x7f2a7c191628
C 342
R
P 0x7f2a7c191628
P 0x7f2a7c1a1e08
C 254
= 0x7f2a7c19b1e8
R
P 0x7f2a7c191628
C 342
R
P 0x7f2a7c191628
P 0x7f2a7c19b1e8
C 209
R
P 0x7f2a7c191628
C 342
R
P 0x7f2a7c191628
P 0x7f2a7c1a1e08
C 260
R
P 0x7f2a7c191628
C 342
R
P 0x7f2a7c191628
P 0x7f2a7c1a1e08
C 259
R
P 0x7f2a7c191628
C 342
R
P 0x7f2a7c191628
P 0x7f2a7c1a1e08
C 258
R
P 0x7f2a7c191628
C 342
R
P 0x7f2a7c191628
P 0x7f2a7c1a1e08
C 9
R
P 0x7f2a7c191628
C 342
R
P 0x7f2a7c191628
I 8
P 0x7f2a7c19b208
C 150
= 0x7f2a7c19c1a8
R
P 0x7f2a7c191628
C 342
R
P 0x7f2a7c191628
P 0x7f2a7c19c1a8
C 258
R
P 0x7f2a7c191628
C 342
R
P 0x7f2a7c191628
P 0x7f2a7c19c1a8
C 9
R
P 0x7f2a7c191628
C 342
R
P 0x7f2a7c191628
P 0x7f2a7c19c1a8
C 263
R
P 0x7f2a7c191628
C 342
R
P 0x7f2a7c191628
S "slot8Start"
C 30
R
P 0x7f2a7c191628
C 342
R
P 0x7f2a7c191628
$ |slot8Start|
C 202
R
P 0x7f2a7c191628
C 342
R
P 0x7f2a7c191628
$ |slot8Start|
P 0x7f2a7c19b1e8
C 51
= 0x7f2a7c19c1c8
R
P 0x7f2a7c191628
C 342
R
P 0x7f2a7c191628
P 0x7f2a7c19c1c8
C 257
R
P 0x7f2a7c191628
C 342
R
P 0x7f2a7c191628
P 0x7f2a7c19c1c8
C 254
= 0x7f2a7c19b1e8
R
P 0x7f2a7c191628
C 342
R
P 0x7f2a7c191628
P 0x7f2a7c19b1e8
C 209
R
P 0x7f2a7c191628
C 342
R
P 0x7f2a7c191628
P 0x7f2a7c19c1c8
C 260
R
P 0x7f2a7c191628
C 342
R
P 0x7f2a7c191628
P 0x7f2a7c19c1c8
C 259
R
P 0x7f2a7c191628
C 342
R
P 0x7f2a7c191628
P 0x7f2a7c19c1c8
C 258
R
P 0x7f2a7c191628
C 342
R
P 0x7f2a7c191628
P 0x7f2a7c19c1c8
C 9
R
P 0x7f2a7c191628
C 342
R
P 0x7f2a7c191628
I 8
P 0x7f2a7c19b208
C 150
= 0x7f2a7c19c1a8
R
P 0x7f2a7c191628
C 342
R
P 0x7f2a7c191628
P 0x7f2a7c19c1a8
C 258
R
P 0x7f2a7c191628
C 342
R
P 0x7f2a7c191628
P 0x7f2a7c19c1a8
C 9
R
P 0x7f2a7c191628
C 342
R
P 0x7f2a7c191628
P 0x7f2a7c19c1a8
C 263
R
P 0x7f2a7c191628
C 342
R
P 0x7f2a7c191628
S "slot8Duration"
C 30
R
P 0x7f2a7c191628
C 342
R
P 0x7f2a7c191628
$ |slot8Duration|
C 202
R
P 0x7f2a7c191628
C 342
R
P 0x7f2a7c191628
$ |slot8Duration|
P 0x7f2a7c19b1e8
C 51
= 0x7f2a7c19c1e8
R
P 0x7f2a7c191628
C 342
R
P 0x7f2a7c191628
P 0x7f2a7c19c1e8
C 257
R
P 0x7f2a7c191628
C 342
R
P 0x7f2a7c191628
P 0x7f2a7c19c1e8
C 254
= 0x7f2a7c19b1e8
R
P 0x7f2a7c191628
C 342
R
P 0x7f2a7c191628
P 0x7f2a7c19b1e8
C 209
R
P 0x7f2a7c191628
C 342
R
P 0x7f2a7c191628
P 0x7f2a7c19c1e8
C 260
R
P 0x7f2a7c191628
C 342
R
P 0x7f2a7c191628
P 0x7f2a7c19c1e8
C 259
R
P 0x7f2a7c191628
C 342
R
P 0x7f2a7c191628
P 0x7f2a7c19c1e8
C 258
R
P 0x7f2a7c191628
C 342
R
P 0x7f2a7c191628
P 0x7f2a7c19c1e8
C 9
R
P 0x7f2a7c191628
C 342
R
P 0x7f2a7c191628
U 2
P 0x7f2a7c19c1c8
P 0x7f2a7c19c1e8
p 2
C 65
= 0x7f2a7c1a25e8
R
P 0x7f2a7c191628
C 342
R
P 0x7f2a7c191628
P 0x7f2a7c1a25e8
C 257
R
P 0x7f2a7c191628
C 342
R
P 0x7f2a7c191628
P 0x7f2a7c1a25e8
C 254
= 0x7f2a7c19b1e8
R
P 0x7f2a7c191628
C 342
R
P 0x7f2a7c191628
P 0x7f2a7c19b1e8
C 209
R
P 0x7f2a7c191628
C 342
R
P 0x7f2a7c191628
P 0x7f2a7c1a25e8
C 260
R
P 0x7f2a7c191628
C 342
R
P 0x7f2a7c191628
P 0x7f2a7c1a25e8
C 259
R
P 0x7f2a7c191628
C 342
R
P 0x7f2a7c191628
P 0x7f2a7c1a25e8
C 258
R
P 0x7f2a7c191628
C 342
R
P 0x7f2a7c191628
P 0x7f2a7c1a25e8
C 9
R
P 0x7f2a7c191628
C 342
R
P 0x7f2a7c191628
P 0x7f2a7c1a1e08
P 0x7f2a7c1a25e8
C 74
= 0x7f2a7c2cc070
R
P 0x7f2a7c191628
C 342
R
P 0x7f2a7c191628
P 0x7f2a7c2cc070
C 258
R
P 0x7f2a7c191628
C 342
R
P 0x7f2a7c191628
P 0x7f2a7c2cc070
C 9
R
P 0x7f2a7c191628
C 342
R
P 0x7f2a7c191628
U 2
P 0x7f2a7c2cc038
P 0x7f2a7c2cc070
p 2
C 63
= 0x7f2a7c2cc0a8
R
P 0x7f2a7c191628
C 342
R
P 0x7f2a7c191628
P 0x7f2a7c2cc0a8
C 258
R
P 0x7f2a7c191628
C 342
R
P 0x7f2a7c191628
P 0x7f2a7c2cc0a8
C 9
R
P 0x7f2a7c191628
C 342
R
P 0x7f2a7c191628
P 0x7f2a7c2cc0a8
C 58
= 0x7f2a7c19e428
R
P 0x7f2a7c191628
C 342
R
P 0x7f2a7c191628
P 0x7f2a7c19e428
C 258
R
P 0x7f2a7c191628
C 342
R
P 0x7f2a7c191628
P 0x7f2a7c19e428
C 9
R
P 0x7f2a7c191628
C 342
R
P 0x7f2a7c191628
P 0x7f2a7c19e278
P 0x7f2a7c19e428
C 61
= 0x7f2a7c2cc0e0
R
P 0x7f2a7c191628
C 342
R
P 0x7f2a7c191628
P 0x7f2a7c2cc0e0
C 258
R
P 0x7f2a7c191628
C 342
R
P 0x7f2a7c191628
P 0x7f2a7c2cc0e0
C 9
R
P 0x7f2a7c191628
C 342
R
P 0x7f2a7c191628
P 0x7f2a7c1e1fc8
P 0x7f2a7c2cc0e0
C 427
R
P 0x7f2a7c191628
C 342
R
P 0x7f2a7c191628
I 3
P 0x7f2a7c19b208
C 150
= 0x7f2a7c19bfc8
R
P 0x7f2a7c191628
C 342
R
P 0x7f2a7c191628
P 0x7f2a7c19bfc8
C 258
R
P 0x7f2a7c191628
C 342
R
P 0x7f2a7c191628
P 0x7f2a7c19bfc8
C 9
R
P 0x7f2a7c191628
C 342
R
P 0x7f2a7c191628
P 0x7f2a7c19bfc8
C 263
R
P 0x7f2a7c191628
C 342
R
P 0x7f2a7c191628
S "slot3Start"
C 30
R
P 0x7f2a7c191628
C 342
R
P 0x7f2a7c191628
$ |slot3Start|
C 202
R
P 0x7f2a7c191628
C 342
R
P 0x7f2a7c191628
$ |slot3Start|
P 0x7f2a7c19b1e8
C 51
= 0x7f2a7c19bfe8
R
P 0x7f2a7c191628
C 342
R
P 0x7f2a7c191628
P 0x7f2a7c19bfe8
C 257
R
P 0x7f2a7c191628
C 342
R
P 0x7f2a7c191628
P 0x7f2a7c19bfe8
C 254
= 0x7f2a7c19b1e8
R
P 0x7f2a7c191628
C 342
R
P 0x7f2a7c191628
P 0x7f2a7c19b1e8
C 209
R
P 0x7f2a7c191628
C 342
R
P 0x7f2a7c191628
P 0x7f2a7c19bfe8
C 260
R
P 0x7f2a7c191628
C 342
R
P 0x7f2a7c191628
P 0x7f2a7c19bfe8
C 259
R
P 0x7f2a7c191628
C 342
R
P 0x7f2a7c191628
P 0x7f2a7c19bfe8
C 258
R
P 0x7f2a7c191628
C 342
R
P 0x7f2a7c191628
P 0x7f2a7c19bfe8
C 9
R
P 0x7f2a7c191628
C 342
R
P 0x7f2a7c191628
I 0
P 0x7f2a7c19b208
C 150
= 0x7f2a7c19bd08
R
P 0x7f2a7c191628
C 342
R
P 0x7f2a7c191628
P 0x7f2a7c19bd08
C 258
R
P 0x7f2a7c191628
C 342
R
P 0x7f2a7c191628
P 0x7f2a7c19bd08
C 9
R
P 0x7f2a7c191628
C 342
R
P 0x7f2a7c191628
P 0x7f2a7c19bfe8
P 0x7f2a7c19bd08
C 76
= 0x7f2a7c2cc118
R
P 0x7f2a7c191628
C 342
R
P 0x7f2a7c191628
P 0x7f2a7c2cc118
C 258
R
P 0x7f2a7c191628
C 342
R
P 0x7f2a7c191628
P 0x7f2a7c2cc118
C 9
R
P 0x7f2a7c191628
C 342
R
P 0x7f2a7c191628
P 0x7f2a7c1e1fc8
P 0x7f2a7c2cc118
C 427
R
P 0x7f2a7c191628
C 342
R
P 0x7f2a7c191628
I 3
P 0x7f2a7c19b208
C 150
= 0x7f2a7c19bfc8
R
P 0x7f2a7c191628
C 342
R
P 0x7f2a7c191628
P 0x7f2a7c19bfc8
C 258
R
P 0x7f2a7c191628
C 342
R
P 0x7f2a7c191628
P 0x7f2a7c19bfc8
C 9
R
P 0x7f2a7c191628
C 342
R
P 0x7f2a7c191628
P 0x7f2a7c19bfc8
C 263
R
P 0x7f2a7c191628
C 342
R
P 0x7f2a7c191628
S "slot3Start"
C 30
R
P 0x7f2a7c191628
C 342
R
P 0x7f2a7c191628
$ |slot3Start|
C 202
R
P 0x7f2a7c191628
C 342
R
P 0x7f2a7c191628
$ |slot3Start|
P 0x7f2a7c19b1e8
C 51
= 0x7f2a7c19bfe8
R
P 0x7f2a7c191628
C 342
R
P 0x7f2a7c191628
P 0x7f2a7c19bfe8
C 257
R
P 0x7f2a7c191628
C 342
R
P 0x7f2a7c191628
P 0x7f2a7c19bfe8
C 254
= 0x7f2a7c19b1e8
R
P 0x7f2a7c191628
C 342
R
P 0x7f2a7c191628
P 0x7f2a7c19b1e8
C 209
R
P 0x7f2a7c191628
C 342
R
P 0x7f2a7c191628
P 0x7f2a7c19bfe8
C 260
R
P 0x7f2a7c191628
C 342
R
P 0x7f2a7c191628
P 0x7f2a7c19bfe8
C 259
R
P 0x7f2a7c191628
C 342
R
P 0x7f2a7c191628
P 0x7f2a7c19bfe8
C 258
R
P 0x7f2a7c191628
C 342
R
P 0x7f2a7c191628
P 0x7f2a7c19bfe8
C 9
R
P 0x7f2a7c191628
C 342
R
P 0x7f2a7c191628
I 3
P 0x7f2a7c19b208
C 150
= 0x7f2a7c19bfc8
R
P 0x7f2a7c191628
C 342
R
P 0x7f2a7c191628
P 0x7f2a7c19bfc8
C 258
R
P 0x7f2a7c191628
C 342
R
P 0x7f2a7c191628
P 0x7f2a7c19bfc8
C 9
R
P 0x7f2a7c191628
C 342
R
P 0x7f2a7c191628
P 0x7f2a7c19bfc8
C 263
R
P 0x7f2a7c191628
C 342
R
P 0x7f2a7c191628
S "slot3Duration"
C 30
R
P 0x7f2a7c191628
C 342
R
P 0x7f2a7c191628
$ |slot3Duration|
C 202
R
P 0x7f2a7c191628
C 342
R
P 0x7f2a7c191628
$ |slot3Duration|
P 0x7f2a7c19b1e8
C 51
= 0x7f2a7c19c008
R
P 0x7f2a7c191628
C 342
R
P 0x7f2a7c191628
P 0x7f2a7c19c008
C 257
R
P 0x7f2a7c191628
C 342
R
P 0x7f2a7c191628
P 0x7f2a7c19c008
C 254
= 0x7f2a7c19b1e8
R
P 0x7f2a7c191628
C 342
R
P 0x7f2a7c191628
P 0x7f2a7c19b1e8
C 209
R
P 0x7f2a7c191628
C 342
R
P 0x7f2a7c191628
P 0x7f2a7c19c008
C 260
R
P 0x7f2a7c191628
C 342
R
P 0x7f2a7c191628
P 0x7f2a7c19c008
C 259
R
P 0x7f2a7c191628
C 342
R
P 0x7f2a7c191628
P 0x7f2a7c19c008
C 258
R
P 0x7f2a7c191628
C 342
R
P 0x7f2a7c191628
P 0x7f2a7c19c008
C 9
R
P 0x7f2a7c191628
C 342
R
P 0x7f2a7c191628
U 2
P 0x7f2a7c19bbe8
P 0x7f2a7c19c008
p 2
C 67
= 0x7f2a7c2cc150
R
P 0x7f2a7c191628
C 342
R
P 0x7f2a7c191628
P 0x7f2a7c2cc150
C 257
R
P 0x7f2a7c191628
C 342
R
P 0x7f2a7c191628
P 0x7f2a7c2cc150
C 254
= 0x7f2a7c19b1e8
R
P 0x7f2a7c191628
C 342
R
P 0x7f2a7c191628
P 0x7f2a7c19b1e8
C 209
R
P 0x7f2a7c191628
C 342
R
P 0x7f2a7c191628
P 0x7f2a7c2cc150
C 260
R
P 0x7f2a7c191628
C 342
R
P 0x7f2a7c191628
P 0x7f2a7c2cc150
C 259
R
P 0x7f2a7c191628
C 342
R
P 0x7f2a7c191628
P 0x7f2a7c2cc150
C 258
R
P 0x7f2a7c191628
C 342
R
P 0x7f2a7c191628
P 0x7f2a7c2cc150
C 9
R
P 0x7f2a7c191628
C 342
R
P 0x7f2a7c191628
P 0x7f2a7c19bfe8
P 0x7f2a7c2cc150
C 74
= 0x7f2a7c2cc188
R
P 0x7f2a7c191628
C 342
R
P 0x7f2a7c191628
P 0x7f2a7c2cc188
C 258
R
P 0x7f2a7c191628
C 342
R
P 0x7f2a7c191628
P 0x7f2a7c2cc188
C 9
R
P 0x7f2a7c191628
C 342
R
P 0x7f2a7c191628
P 0x7f2a7c1e1fc8
P 0x7f2a7c2cc188
C 427
R
P 0x7f2a7c191628
C 342
R
P 0x7f2a7c191628
I 3
P 0x7f2a7c19b208
C 150
= 0x7f2a7c19bfc8
R
P 0x7f2a7c191628
C 342
R
P 0x7f2a7c191628
P 0x7f2a7c19bfc8
C 258
R
P 0x7f2a7c191628
C 342
R
P 0x7f2a7c191628
P 0x7f2a7c19bfc8
C 9
R
P 0x7f2a7c191628
C 342
R
P 0x7f2a7c191628
P 0x7f2a7c19bfc8
C 263
R
P 0x7f2a7c191628
C 342
R
P 0x7f2a7c191628
S "slot3Duration"
C 30
R
P 0x7f2a7c191628
C 342
R
P 0x7f2a7c191628
$ |slot3Duration|
C 202
R
P 0x7f2a7c191628
C 342
R
P 0x7f2a7c191628
$ |slot3Duration|
P 0x7f2a7c19b1e8
C 51
= 0x7f2a7c19c008
R
P 0x7f2a7c191628
C 342
R
P 0x7f2a7c191628
P 0x7f2a7c19c008
C 257
R
P 0x7f2a7c191628
C 342
R
P 0x7f2a7c191628
P 0x7f2a7c19c008
C 254
= 0x7f2a7c19b1e8
R
P 0x7f2a7c191628
C 342
R
P 0x7f2a7c191628
P 0x7f2a7c19b1e8
C 209
R
P 0x7f2a7c191628
C 342
R
P 0x7f2a7c191628
P 0x7f2a7c19c008
C 260
R
P 0x7f2a7c191628
C 342
R
P 0x7f2a7c191628
P 0x7f2a7c19c008
C 259
R
P 0x7f2a7c191628
C 342
R
P 0x7f2a7c191628
P 0x7f2a7c19c008
C 258
R
P 0x7f2a7c191628
C 342
R
P 0x7f2a7c191628
P 0x7f2a7c19c008
C 9
R
P 0x7f2a7c191628
C 342
R
P 0x7f2a7c191628
I 0
P 0x7f2a7c19b208
C 150
= 0x7f2a7c19bd08
R
P 0x7f2a7c191628
C 342
R
P 0x7f2a7c191628
P 0x7f2a7c19bd08
C 258
R
P 0x7f2a7c191628
C 342
R
P 0x7f2a7c191628
P 0x7f2a7c19bd08
C 9
R
P 0x7f2a7c191628
C 342
R
P 0x7f2a7c191628
P 0x7f2a7c19c008
P 0x7f2a7c19bd08
C 76
= 0x7f2a7c2cc1c0
R
P 0x7f2a7c191628
C 342
R
P 0x7f2a7c191628
P 0x7f2a7c2cc1c0
C 258
R
P 0x7f2a7c191628
C 342
R
P 0x7f2a7c191628
P 0x7f2a7c2cc1c0
C 9
R
P 0x7f2a7c191628
C 342
R
P 0x7f2a7c191628
P 0x7f2a7c1e1fc8
P 0x7f2a7c2cc1c0
C 427
R
P 0x7f2a7c191628
C 342
R
P 0x7f2a7c191628
I 3
P 0x7f2a7c19b208
C 150
= 0x7f2a7c19bfc8
R
P 0x7f2a7c191628
C 342
R
P 0x7f2a7c191628
P 0x7f2a7c19bfc8
C 258
R
P 0x7f2a7c191628
C 342
R
P 0x7f2a7c191628
P 0x7f2a7c19bfc8
C 9
R
P 0x7f2a7c191628
C 342
R
P 0x7f2a7c191628
P 0x7f2a7c19bfc8
C 263
R
P 0x7f2a7c191628
C 342
R
P 0x7f2a7c191628
S "slot3Duration"
C 30
R
P 0x7f2a7c191628
C 342
R
P 0x7f2a7c191628
$ |slot3Duration|
C 202
R
P 0x7f2a7c191628
C 342
R
P 0x7f2a7c191628
$ |slot3Duration|
P 0x7f2a7c19b1e8
C 51
= 0x7f2a7c19c008
R
P 0x7f2a7c191628
C 342
R
P 0x7f2a7c191628
P 0x7f2a7c19c008
C 257
R
P 0x7f2a7c191628
C 342
R
P 0x7f2a7c191628
P 0x7f2a7c19c008
C 254
= 0x7f2a7c19b1e8
R
P 0x7f2a7c191628
C 342
R
P 0x7f2a7c191628
P 0x7f2a7c19b1e8
C 209
R
P 0x7f2a7c191628
C 342
R
P 0x7f2a7c191628
P 0x7f2a7c19c008
C 260
R
P 0x7f2a7c191628
C 342
R
P 0x7f2a7c191628
P 0x7f2a7c19c008
C 259
R
P 0x7f2a7c191628
C 342
R
P 0x7f2a7c191628
P 0x7f2a7c19c008
C 258
R
P 0x7f2a7c191628
C 342
R
P 0x7f2a7c191628
P 0x7f2a7c19c008
C 9
R
P 0x7f2a7c191628
C 342
R
P 0x7f2a7c191628
P 0x7f2a7c19c008
P 0x7f2a7c19bc08
C 74
= 0x7f2a7c2cc1f8
R
P 0x7f2a7c191628
C 342
R
P 0x7f2a7c191628
P 0x7f2a7c2cc1f8
C 258
R
P 0x7f2a7c191628
C 342
R
P 0x7f2a7c191628
P 0x7f2a7c2cc1f8
C 9
R
P 0x7f2a7c191628
C 342
R
P 0x7f2a7c191628
P 0x7f2a7c1e1fc8
P 0x7f2a7c2cc1f8
C 427
R
P 0x7f2a7c191628
C 342
R
P 0x7f2a7c191628
I 3
P 0x7f2a7c19b208
C 150
= 0x7f2a7c19bfc8
R
P 0x7f2a7c191628
C 342
R
P 0x7f2a7c191628
P 0x7f2a7c19bfc8
C 258
R
P 0x7f2a7c191628
C 342
R
P 0x7f2a7c191628
P 0x7f2a7c19bfc8
C 9
R
P 0x7f2a7c191628
C 342
R
P 0x7f2a7c191628
P 0x7f2a7c19bfc8
C 263
R
P 0x7f2a7c191628
C 342
R
P 0x7f2a7c191628
S "slot3Start"
C 30
R
P 0x7f2a7c191628
C 342
R
P 0x7f2a7c191628
$ |slot3Start|
C 202
R
P 0x7f2a7c191628
C 342
R
P 0x7f2a7c191628
$ |slot3Start|
P 0x7f2a7c19b1e8
C 51
= 0x7f2a7c19bfe8
R
P 0x7f2a7c191628
C 342
R
P 0x7f2a7c191628
P 0x7f2a7c19bfe8
C 257
R
P 0x7f2a7c191628
C 342
R
P 0x7f2a7c191628
P 0x7f2a7c19bfe8
C 254
= 0x7f2a7c19b1e8
R
P 0x7f2a7c191628
C 342
R
P 0x7f2a7c191628
P 0x7f2a7c19b1e8
C 209
R
P 0x7f2a7c191628
C 342
R
P 0x7f2a7c191628
P 0x7f2a7c19bfe8
C 260
R
P 0x7f2a7c191628
C 342
R
P 0x7f2a7c191628
P 0x7f2a7c19bfe8
C 259
R
P 0x7f2a7c191628
C 342
R
P 0x7f2a7c191628
P 0x7f2a7c19bfe8
C 258
R
P 0x7f2a7c191628
C 342
R
P 0x7f2a7c191628
P 0x7f2a7c19bfe8
C 9
R
P 0x7f2a7c191628
C 342
R
P 0x7f2a7c191628
I 3
P 0x7f2a7c19b208
C 150
= 0x7f2a7c19bfc8
R
P 0x7f2a7c191628
C 342
R
P 0x7f2a7c191628
P 0x7f2a7c19bfc8
C 258
R
P 0x7f2a7c191628
C 342
R
P 0x7f2a7c191628
P 0x7f2a7c19bfc8
C 9
R
P 0x7f2a7c191628
C 342
R
P 0x7f2a7c191628
P 0x7f2a7c19bfc8
C 263
R
P 0x7f2a7c191628
C 342
R
P 0x7f2a7c191628
S "slot3Start"
C 30
R
P 0x7f2a7c191628
C 342
R
P 0x7f2a7c191628
$ |slot3Start|
C 202
R
P 0x7f2a7c191628
C 342
R
P 0x7f2a7c191628
$ |slot3Start|
P 0x7f2a7c19b1e8
C 51
= 0x7f2a7c19bfe8
R
P 0x7f2a7c191628
C 342
R
P 0x7f2a7c191628
P 0x7f2a7c19bfe8
C 257
R
P 0x7f2a7c191628
C 342
R
P 0x7f2a7c191628
P 0x7f2a7c19bfe8
C 254
= 0x7f2a7c19b1e8
R
P 0x7f2a7c191628
C 342
R
P 0x7f2a7c191628
P 0x7f2a7c19b1e8
C 209
R
P 0x7f2a7c191628
C 342
R
P 0x7f2a7c191628
P 0x7f2a7c19bfe8
C 260
R
P 0x7f2a7c191628
C 342
R
P 0x7f2a7c191628
P 0x7f2a7c19bfe8
C 259
R
P 0x7f2a7c191628
C 342
R
P 0x7f2a7c191628
P 0x7f2a7c19bfe8
C 258
R
P 0x7f2a7c191628
C 342
R
P 0x7f2a7c191628
P 0x7f2a7c19bfe8
C 9
R
P 0x7f2a7c191628
C 342
R
P 0x7f2a7c191628
U 2
P 0x7f2a7c19bfe8
P 0x7f2a7c19bfe8
p 2
C 65
= 0x7f2a7c2cc230
R
P 0x7f2a7c191628
C 342
R
P 0x7f2a7c191628
P 0x7f2a7c2cc230
C 257
R
P 0x7f2a7c191628
C 342
R
P 0x7f2a7c191628
P 0x7f2a7c2cc230
C 254
= 0x7f2a7c19b1e8
R
P 0x7f2a7c191628
C 342
R
P 0x7f2a7c191628
P 0x7f2a7c19b1e8
C 209
R
P 0x7f2a7c191628
C 342
R
P 0x7f2a7c191628
P 0x7f2a7c2cc230
C 260
R
P 0x7f2a7c191628
C 342
R
P 0x7f2a7c191628
P 0x7f2a7c2cc230
C 259
R
P 0x7f2a7c191628
C 342
R
P 0x7f2a7c191628
P 0x7f2a7c2cc230
C 258
R
P 0x7f2a7c191628
C 342
R
P 0x7f2a7c191628
P 0x7f2a7c2cc230
C 9
R
P 0x7f2a7c191628
C 342
R
P 0x7f2a7c191628
P 0x7f2a7c19bbe8
P 0x7f2a7c2cc230
C 76
= 0x7f2a7c2cc268
R
P 0x7f2a7c191628
C 342
R
P 0x7f2a7c191628
P 0x7f2a7c2cc268
C 258
R
P 0x7f2a7c191628
C 342
R
P 0x7f2a7c191628
P 0x7f2a7c2cc268
C 9
R
P 0x7f2a7c191628
C 342
R
P 0x7f2a7c191628
P 0x7f2a7c1e1fc8
P 0x7f2a7c2cc268
C 427
R
P 0x7f2a7c191628
C 342
R
P 0x7f2a7c191628
I 3
P 0x7f2a7c19b208
C 150
= 0x7f2a7c19bfc8
R
P 0x7f2a7c191628
C 342
R
P 0x7f2a7c191628
P 0x7f2a7c19bfc8
C 258
R
P 0x7f2a7c191628
C 342
R
P 0x7f2a7c191628
P 0x7f2a7c19bfc8
C 9
R
P 0x7f2a7c191628
C 342
R
P 0x7f2a7c191628
I 1
P 0x7f2a7c19b208
C 150
= 0x7f2a7c19bc88
R
P 0x7f2a7c191628
C 342
R
P 0x7f2a7c191628
P 0x7f2a7c19bc88
C 258
R
P 0x7f2a7c191628
C 342
R
P 0x7f2a7c191628
P 0x7f2a7c19bc88
C 9
R
P 0x7f2a7c191628
C 342
R
P 0x7f2a7c191628
P 0x7f2a7c19bfc8
P 0x7f2a7c19bc88
C 56
= 0x7f2a7c2cc2a0
R
P 0x7f2a7c191628
C 342
R
P 0x7f2a7c191628
P 0x7f2a7c2cc2a0
C 258
R
P 0x7f2a7c191628
C 342
R
P 0x7f2a7c191628
P 0x7f2a7c2cc2a0
C 9
R
P 0x7f2a7c191628
C 342
R
P 0x7f2a7c191628
P 0x7f2a7c2cc2a0
C 58
= 0x7f2a7c19e458
R
P 0x7f2a7c191628
C 342
R
P 0x7f2a7c191628
P 0x7f2a7c19e458
C 258
R
P 0x7f2a7c191628
C 342
R
P 0x7f2a7c191628
P 0x7f2a7c19e458
C 9
R
P 0x7f2a7c191628
C 342
R
P 0x7f2a7c191628
I 3
P 0x7f2a7c19b208
C 150
= 0x7f2a7c19bfc8
R
P 0x7f2a7c191628
C 342
R
P 0x7f2a7c191628
P 0x7f2a7c19bfc8
C 258
R
P 0x7f2a7c191628
C 342
R
P 0x7f2a7c191628
P 0x7f2a7c19bfc8
C 9
R
P 0x7f2a7c191628
C 342
R
P 0x7f2a7c191628
P 0x7f2a7c19bfc8
C 263
R
P 0x7f2a7c191628
C 342
R
P 0x7f2a7c191628
S "slot3Start"
C 30
R
P 0x7f2a7c191628
C 342
R
P 0x7f2a7c191628
$ |slot3Start|
C 202
R
P 0x7f2a7c191628
C 342
R
P 0x7f2a7c191628
$ |slot3Start|
P 0x7f2a7c19b1e8
C 51
= 0x7f2a7c19bfe8
R
P 0x7f2a7c191628
C 342
R
P 0x7f2a7c191628
P 0x7f2a7c19bfe8
C 257
R
P 0x7f2a7c191628
C 342
R
P 0x7f2a7c191628
P 0x7f2a7c19bfe8
C 254
= 0x7f2a7c19b1e8
R
P 0x7f2a7c191628
C 342
R
P 0x7f2a7c191628
P 0x7f2a7c19b1e8
C 209
R
P 0x7f2a7c191628
C 342
R
P 0x7f2a7c191628
P 0x7f2a7c19bfe8
C 260
R
P 0x7f2a7c191628
C 342
R
P 0x7f2a7c191628
P 0x7f2a7c19bfe8
C 259
R
P 0x7f2a7c191628
C 342
R
P 0x7f2a7c191628
P 0x7f2a7c19bfe8
C 258
R
P 0x7f2a7c191628
C 342
R
P 0x7f2a7c191628
P 0x7f2a7c19bfe8
C 9
R
P 0x7f2a7c191628
C 342
R
P 0x7f2a7c191628
I 1
P 0x7f2a7c19b208
C 150
= 0x7f2a7c19bc88
R
P 0x7f2a7c191628
C 342
R
P 0x7f2a7c191628
P 0x7f2a7c19bc88
C 258
R
P 0x7f2a7c191628
C 342
R
P 0x7f2a7c191628
P 0x7f2a7c19bc88
C 9
R
P 0x7f2a7c191628
C 342
R
P 0x7f2a7c191628
P 0x7f2a7c19bc88
C 263
R
P 0x7f2a7c191628
C 342
R
P 0x7f2a7c191628
S "slot1Start"
C 30
R
P 0x7f2a7c191628
C 342
R
P 0x7f2a7c191628
$ |slot1Start|
C 202
R
P 0x7f2a7c191628
C 342
R
P 0x7f2a7c191628
$ |slot1Start|
P 0x7f2a7c19b1e8
C 51
= 0x7f2a7c19bf48
R
P 0x7f2a7c191628
C 342
R
P 0x7f2a7c191628
P 0x7f2a7c19bf48
C 257
R
P 0x7f2a7c191628
C 342
R
P 0x7f2a7c191628
P 0x7f2a7c19bf48
C 254
= 0x7f2a7c19b1e8
R
P 0x7f2a7c191628
C 342
R
P 0x7f2a7c191628
P 0x7f2a7c19b1e8
C 209
R
P 0x7f2a7c191628
C 342
R
P 0x7f2a7c191628
P 0x7f2a7c19bf48
C 260
R
P 0x7f2a7c191628
C 342
R
P 0x7f2a7c191628
P 0x7f2a7c19bf48
C 259
R
P 0x7f2a7c191628
C 342
R
P 0x7f2a7c191628
P 0x7f2a7c19bf48
C 258
R
P 0x7f2a7c191628
C 342
R
P 0x7f2a7c191628
P 0x7f2a7c19bf48
C 9
R
P 0x7f2a7c191628
C 342
R
P 0x7f2a7c191628
P 0x7f2a7c19bfe8
P 0x7f2a7c19bf48
C 76
= 0x7f2a7c2cc2d8
R
P 0x7f2a7c191628
C 342
R
P 0x7f2a7c191628
P 0x7f2a7c2cc2d8
C 258
R
P 0x7f2a7c191628
C 342
R
P 0x7f2a7c191628
P 0x7f2a7c2cc2d8
C 9
R
P 0x7f2a7c191628
C 342
R
P 0x7f2a7c191628
I 3
P 0x7f2a7c19b208
C 150
= 0x7f2a7c19bfc8
R
P 0x7f2a7c191628
C 342
R
P 0x7f2a7c191628
P 0x7f2a7c19bfc8
C 258
R
P 0x7f2a7c191628
C 342
R
P 0x7f2a7c191628
P 0x7f2a7c19bfc8
C 9
R
P 0x7f2a7c191628
C 342
R
P 0x7f2a7c191628
P 0x7f2a7c19bfc8
C 263
R
P 0x7f2a7c191628
C 342
R
P 0x7f2a7c191628
S "slot3Start"
C 30
R
P 0x7f2a7c191628
C 342
R
P 0x7f2a7c191628
$ |slot3Start|
C 202
R
P 0x7f2a7c191628
C 342
R
P 0x7f2a7c191628
$ |slot3Start|
P 0x7f2a7c19b1e8
C 51
= 0x7f2a7c19bfe8
R
P 0x7f2a7c191628
C 342
R
P 0x7f2a7c191628
P 0x7f2a7c19bfe8
C 257
R
P 0x7f2a7c191628
C 342
R
P 0x7f2a7c191628
P 0x7f2a7c19bfe8
C 254
= 0x7f2a7c19b1e8
R
P 0x7f2a7c191628
C 342
R
P 0x7f2a7c191628
P 0x7f2a7c19b1e8
C 209
R
P 0x7f2a7c191628
C 342
R
P 0x7f2a7c191628
P 0x7f2a7c19bfe8
C 260
R
P 0x7f2a7c191628
C 342
R
P 0x7f2a7c191628
P 0x7f2a7c19bfe8
C 259
R
P 0x7f2a7c191628
C 342
R
P 0x7f2a7c191628
P 0x7f2a7c19bfe8
C 258
R
P 0x7f2a7c191628
C 342
R
P 0x7f2a7c191628
P 0x7f2a7c19bfe8
C 9
R
P 0x7f2a7c191628
C 342
R
P 0x7f2a7c191628
I 1
P 0x7f2a7c19b208
C 150
= 0x7f2a7c19bc88
R
P 0x7f2a7c191628
C 342
R
P 0x7f2a7c191628
P 0x7f2a7c19bc88
C 258
R
P 0x7f2a7c191628
C 342
R
P 0x7f2a7c191628
P 0x7f2a7c19bc88
C 9
R
P 0x7f2a7c191628
C 342
R
P 0x7f2a7c191628
P 0x7f2a7c19bc88
C 263
R
P 0x7f2a7c191628
C 342
R
P 0x7f2a7c191628
S "slot1Start"
C 30
R
P 0x7f2a7c191628
C 342
R
P 0x7f2a7c191628
$ |slot1Start|
C 202
R
P 0x7f2a7c191628
C 342
R
P 0x7f2a7c191628
$ |slot1Start|
P 0x7f2a7c19b1e8
C 51
= 0x7f2a7c19bf48
R
P 0x7f2a7c191628
C 342
R
P 0x7f2a7c191628
P 0x7f2a7c19bf48
C 257
R
P 0x7f2a7c191628
C 342
R
P 0x7f2a7c191628
P 0x7f2a7c19bf48
C 254
= 0x7f2a7c19b1e8
R
P 0x7f2a7c191628
C 342
R
P 0x7f2a7c191628
P 0x7f2a7c19b1e8
C 209
R
P 0x7f2a7c191628
C 342
R
P 0x7f2a7c191628
P 0x7f2a7c19bf48
C 260
R
P 0x7f2a7c191628
C 342
R
P 0x7f2a7c191628
P 0x7f2a7c19bf48
C 259
R
P 0x7f2a7c191628
C 342
R
P 0x7f2a7c191628
P 0x7f2a7c19bf48
C 258
R
P 0x7f2a7c191628
C 342
R
P 0x7f2a7c191628
P 0x7f2a7c19bf48
C 9
R
P 0x7f2a7c191628
C 342
R
P 0x7f2a7c191628
I 1
P 0x7f2a7c19b208
C 150
= 0x7f2a7c19bc88
R
P 0x7f2a7c191628
C 342
R
P 0x7f2a7c191628
P 0x7f2a7c19bc88
C 258
R
P 0x7f2a7c191628
C 342
R
P 0x7f2a7c191628
P 0x7f2a7c19bc88
C 9
R
P 0x7f2a7c191628
C 342
R
P 0x7f2a7c191628
P 0x7f2a7c19bc88
C 263
R
P 0x7f2a7c191628
C 342
R
P 0x7f2a7c191628
S "slot1Duration"
C 30
R
P 0x7f2a7c191628
C 342
R
P 0x7f2a7c191628
$ |slot1Duration|
C 202
R
P 0x7f2a7c191628
C 342
R
P 0x7f2a7c191628
$ |slot1Duration|
P 0x7f2a7c19b1e8
C 51
= 0x7f2a7c19bf68
R
P 0x7f2a7c191628
C 342
R
P 0x7f2a7c191628
P 0x7f2a7c19bf68
C 257
R
P 0x7f2a7c191628
C 342
R
P 0x7f2a7c191628
P 0x7f2a7c19bf68
C 254
= 0x7f2a7c19b1e8
R
P 0x7f2a7c191628
C 342
R
P 0x7f2a7c191628
P 0x7f2a7c19b1e8
C 209
R
P 0x7f2a7c191628
C 342
R
P 0x7f2a7c191628
P 0x7f2a7c19bf68
C 260
R
P 0x7f2a7c191628
C 342
R
P 0x7f2a7c191628
P 0x7f2a7c19bf68
C 259
R
P 0x7f2a7c191628
C 342
R
P 0x7f2a7c191628
P 0x7f2a7c19bf68
C 258
R
P 0x7f2a7c191628
C 342
R
P 0x7f2a7c191628
P 0x7f2a7c19bf68
C 9
R
P 0x7f2a7c191628
C 342
R
P 0x7f2a7c191628
U 2
P 0x7f2a7c19bf48
P 0x7f2a7c19bf68
p 2
C 65
= 0x7f2a7c1a1cb8
R
P 0x7f2a7c191628
C 342
R
P 0x7f2a7c191628
P 0x7f2a7c1a1cb8
C 257
R
P 0x7f2a7c191628
C 342
R
P 0x7f2a7c191628
P 0x7f2a7c1a1cb8
C 254
= 0x7f2a7c19b1e8
R
P 0x7f2a7c191628
C 342
R
P 0x7f2a7c191628
P 0x7f2a7c19b1e8
C 209
R
P 0x7f2a7c191628
C 342
R
P 0x7f2a7c191628
P 0x7f2a7c1a1cb8
C 260
R
P 0x7f2a7c191628
C 342
R
P 0x7f2a7c191628
P 0x7f2a7c1a1cb8
C 259
R
P 0x7f2a7c191628
C 342
R
P 0x7f2a7c191628
P 0x7f2a7c1a1cb8
C 258
R
P 0x7f2a7c191628
C 342
R
P 0x7f2a7c191628
P 0x7f2a7c1a1cb8
C 9
R
P 0x7f2a7c191628
C 342
R
P 0x7f2a7c191628
P 0x7f2a7c19bfe8
P 0x7f2a7c1a1cb8
C 74
= 0x7f2a7c1a2850
R
P 0x7f2a7c191628
C 342
R
P 0x7f2a7c191628
P 0x7f2a7c1a2850
C 258
R
P 0x7f2a7c191628
C 342
R
P 0x7f2a7c191628
P 0x7f2a7c1a2850
C 9
R
P 0x7f2a7c191628
C 342
R
P 0x7f2a7c191628
U 2
P 0x7f2a7c2cc2d8
P 0x7f2a7c1a2850
p 2
C 63
= 0x7f2a7c2cc310
R
P 0x7f2a7c191628
C 342
R
P 0x7f2a7c191628
P 0x7f2a7c2cc310
C 258
R
P 0x7f2a7c191628
C 342
R
P 0x7f2a7c191628
P 0x7f2a7c2cc310
C 9
R
P 0x7f2a7c191628
C 342
R
P 0x7f2a7c191628
P 0x7f2a7c2cc310
C 58
= 0x7f2a7c19e488
R
P 0x7f2a7c191628
C 342
R
P 0x7f2a7c191628
P 0x7f2a7c19e488
C 258
R
P 0x7f2a7c191628
C 342
R
P 0x7f2a7c191628
P 0x7f2a7c19e488
C 9
R
P 0x7f2a7c191628
C 342
R
P 0x7f2a7c191628
P 0x7f2a7c19e458
P 0x7f2a7c19e488
C 61
= 0x7f2a7c2cc348
R
P 0x7f2a7c191628
C 342
R
P 0x7f2a7c191628
P 0x7f2a7c2cc348
C 258
R
P 0x7f2a7c191628
C 342
R
P 0x7f2a7c191628
P 0x7f2a7c2cc348
C 9
R
P 0x7f2a7c191628
C 342
R
P 0x7f2a7c191628
P 0x7f2a7c1e1fc8
P 0x7f2a7c2cc348
C 427
R
P 0x7f2a7c191628
C 342
R
P 0x7f2a7c191628
I 3
P 0x7f2a7c19b208
C 150
= 0x7f2a7c19bfc8
R
P 0x7f2a7c191628
C 342
R
P 0x7f2a7c191628
P 0x7f2a7c19bfc8
C 258
R
P 0x7f2a7c191628
C 342
R
P 0x7f2a7c191628
P 0x7f2a7c19bfc8
C 9
R
P 0x7f2a7c191628
C 342
R
P 0x7f2a7c191628
I 2
P 0x7f2a7c19b208
C 150
= 0x7f2a7c19bcc8
R
P 0x7f2a7c191628
C 342
R
P 0x7f2a7c191628
P 0x7f2a7c19bcc8
C 258
R
P 0x7f2a7c191628
C 342
R
P 0x7f2a7c191628
P 0x7f2a7c19bcc8
C 9
R
P 0x7f2a7c191628
C 342
R
P 0x7f2a7c191628
P 0x7f2a7c19bfc8
P 0x7f2a7c19bcc8
C 56
= 0x7f2a7c2cc380
R
P 0x7f2a7c191628
C 342
R
P 0x7f2a7c191628
P 0x7f2a7c2cc380
C 258
R
P 0x7f2a7c191628
C 342
R
P 0x7f2a7c191628
P 0x7f2a7c2cc380
C 9
R
P 0x7f2a7c191628
C 342
R
P 0x7f2a7c191628
P 0x7f2a7c2cc380
C 58
= 0x7f2a7c19e4b8
R
P 0x7f2a7c191628
C 342
R
P 0x7f2a7c191628
P 0x7f2a7c19e4b8
C 258
R
P 0x7f2a7c191628
C 342
R
P 0x7f2a7c191628
P 0x7f2a7c19e4b8
C 9
R
P 0x7f2a7c191628
C 342
R
P 0x7f2a7c191628
I 3
P 0x7f2a7c19b208
C 150
= 0x7f2a7c19bfc8
R
P 0x7f2a7c191628
C 342
R
P 0x7f2a7c191628
P 0x7f2a7c19bfc8
C 258
R
P 0x7f2a7c191628
C 342
R
P 0x7f2a7c191628
P 0x7f2a7c19bfc8
C 9
R
P 0x7f2a7c191628
C 342
R
P 0x7f2a7c191628
P 0x7f2a7c19bfc8
C 263
R
P 0x7f2a7c191628
C 342
R
P 0x7f2a7c191628
S "slot3Start"
C 30
R
P 0x7f2a7c191628
C 342
R
P 0x7f2a7c191628
$ |slot3Start|
C 202
R
P 0x7f2a7c191628
C 342
R
P 0x7f2a7c191628
$ |slot3Start|
P 0x7f2a7c19b1e8
C 51
= 0x7f2a7c19bfe8
R
P 0x7f2a7c191628
C 342
R
P 0x7f2a7c191628
P 0x7f2a7c19bfe8
C 257
R
P 0x7f2a7c191628
C 342
R
P 0x7f2a7c191628
P 0x7f2a7c19bfe8
C 254
= 0x7f2a7c19b1e8
R
P 0x7f2a7c191628
C 342
R
P 0x7f2a7c191628
P 0x7f2a7c19b1e8
C 209
R
P 0x7f2a7c191628
C 342
R
P 0x7f2a7c191628
P 0x7f2a7c19bfe8
C 260
R
P 0x7f2a7c191628
C 342
R
P 0x7f2a7c191628
P 0x7f2a7c19bfe8
C 259
R
P 0x7f2a7c191628
C 342
R
P 0x7f2a7c191628
P 0x7f2a7c19bfe8
C 258
R
P 0x7f2a7c191628
C 342
R
P 0x7f2a7c191628
P 0x7f2a7c19bfe8
C 9
R
P 0x7f2a7c191628
C 342
R
P 0x7f2a7c191628
I 2
P 0x7f2a7c19b208
C 150
= 0x7f2a7c19bcc8
R
P 0x7f2a7c191628
C 342
R
P 0x7f2a7c191628
P 0x7f2a7c19bcc8
C 258
R
P 0x7f2a7c191628
C 342
R
P 0x7f2a7c191628
P 0x7f2a7c19bcc8
C 9
R
P 0x7f2a7c191628
C 342
R
P 0x7f2a7c191628
P 0x7f2a7c19bcc8
C 263
R
P 0x7f2a7c191628
C 342
R
P 0x7f2a7c191628
S "slot2Start"
C 30
R
P 0x7f2a7c191628
C 342
R
P 0x7f2a7c191628
$ |slot2Start|
C 202
R
P 0x7f2a7c191628
C 342
R
P 0x7f2a7c191628
$ |slot2Start|
P 0x7f2a7c19b1e8
C 51
= 0x7f2a7c19bf88
R
P 0x7f2a7c191628
C 342
R
P 0x7f2a7c191628
P 0x7f2a7c19bf88
C 257
R
P 0x7f2a7c191628
C 342
R
P 0x7f2a7c191628
P 0x7f2a7c19bf88
C 254
= 0x7f2a7c19b1e8
R
P 0x7f2a7c191628
C 342
R
P 0x7f2a7c191628
P 0x7f2a7c19b1e8
C 209
R
P 0x7f2a7c191628
C 342
R
P 0x7f2a7c191628
P 0x7f2a7c19bf88
C 260
R
P 0x7f2a7c191628
C 342
R
P 0x7f2a7c191628
P 0x7f2a7c19bf88
C 259
R
P 0x7f2a7c191628
C 342
R
P 0x7f2a7c191628
P 0x7f2a7c19bf88
C 258
R
P 0x7f2a7c191628
C 342
R
P 0x7f2a7c191628
P 0x7f2a7c19bf88
C 9
R
P 0x7f2a7c191628
C 342
R
P 0x7f2a7c191628
P 0x7f2a7c19bfe8
P 0x7f2a7c19bf88
C 76
= 0x7f2a7c2cc3b8
R
P 0x7f2a7c191628
C 342
R
P 0x7f2a7c191628
P 0x7f2a7c2cc3b8
C 258
R
P 0x7f2a7c191628
C 342
R
P 0x7f2a7c191628
P 0x7f2a7c2cc3b8
C 9
R
P 0x7f2a7c191628
C 342
R
P 0x7f2a7c191628
I 3
P 0x7f2a7c19b208
C 150
= 0x7f2a7c19bfc8
R
P 0x7f2a7c191628
C 342
R
P 0x7f2a7c191628
P 0x7f2a7c19bfc8
C 258
R
P 0x7f2a7c191628
C 342
R
P 0x7f2a7c191628
P 0x7f2a7c19bfc8
C 9
R
P 0x7f2a7c191628
C 342
R
P 0x7f2a7c191628
P 0x7f2a7c19bfc8
C 263
R
P 0x7f2a7c191628
C 342
R
P 0x7f2a7c191628
S "slot3Start"
C 30
R
P 0x7f2a7c191628
C 342
R
P 0x7f2a7c191628
$ |slot3Start|
C 202
R
P 0x7f2a7c191628
C 342
R
P 0x7f2a7c191628
$ |slot3Start|
P 0x7f2a7c19b1e8
C 51
= 0x7f2a7c19bfe8
R
P 0x7f2a7c191628
C 342
R
P 0x7f2a7c191628
P 0x7f2a7c19bfe8
C 257
R
P 0x7f2a7c191628
C 342
R
P 0x7f2a7c191628
P 0x7f2a7c19bfe8
C 254
= 0x7f2a7c19b1e8
R
P 0x7f2a7c191628
C 342
R
P 0x7f2a7c191628
P 0x7f2a7c19b1e8
C 209
R
P 0x7f2a7c191628
C 342
R
P 0x7f2a7c191628
P 0x7f2a7c19bfe8
C 260
R
P 0x7f2a7c191628
C 342
R
P 0x7f2a7c191628
P 0x7f2a7c19bfe8
C 259
R
P 0x7f2a7c191628
C 342
R
P 0x7f2a7c191628
P 0x7f2a7c19bfe8
C 258
R
P 0x7f2a7c191628
C 342
R
P 0x7f2a7c191628
P 0x7f2a7c19bfe8
C 9
R
P 0x7f2a7c191628
C 342
R
P 0x7f2a7c191628
I 2
P 0x7f2a7c19b208
C 150
= 0x7f2a7c19bcc8
R
P 0x7f2a7c191628
C 342
R
P 0x7f2a7c191628
P 0x7f2a7c19bcc8
C 258
R
P 0x7f2a7c191628
C 342
R
P 0x7f2a7c191628
P 0x7f2a7c19bcc8
C 9
R
P 0x7f2a7c191628
C 342
R
P 0x7f2a7c191628
P 0x7f2a7c19bcc8
C 263
R
P 0x7f2a7c191628
C 342
R
P 0x7f2a7c191628
S "slot2Start"
C 30
R
P 0x7f2a7c191628
C 342
R
P 0x7f2a7c191628
$ |slot2Start|
C 202
R
P 0x7f2a7c191628
C 342
R
P 0x7f2a7c191628
$ |slot2Start|
P 0x7f2a7c19b1e8
C 51
= 0x7f2a7c19bf88
R
P 0x7f2a7c191628
C 342
R
P 0x7f2a7c191628
P 0x7f2a7c19bf88
C 257
R
P 0x7f2a7c191628
C 342
R
P 0x7f2a7c191628
P 0x7f2a7c19bf88
C 254
= 0x7f2a7c19b1e8
R
P 0x7f2a7c191628
C 342
R
P 0x7f2a7c191628
P 0x7f2a7c19b1e8
C 209
R
P 0x7f2a7c191628
C 342
R
P 0x7f2a7c191628
P 0x7f2a7c19bf88
C 260
R
P 0x7f2a7c191628
C 342
R
P 0x7f2a7c191628
P 0x7f2a7c19bf88
C 259
R
P 0x7f2a7c191628
C 342
R
P 0x7f2a7c191628
P 0x7f2a7c19bf88
C 258
R
P 0x7f2a7c191628
C 342
R
P 0x7f2a7c191628
P 0x7f2a7c19bf88
C 9
R
P 0x7f2a7c191628
C 342
R
P 0x7f2a7c191628
I 2
P 0x7f2a7c19b208
C 150
= 0x7f2a7c19bcc8
R
P 0x7f2a7c191628
C 342
R
P 0x7f2a7c191628
P 0x7f2a7c19bcc8
C 258
R
P 0x7f2a7c191628
C 342
R
P 0x7f2a7c191628
P 0x7f2a7c19bcc8
C 9
R
P 0x7f2a7c191628
C 342
R
P 0x7f2a7c191628
P 0x7f2a7c19bcc8
C 263
R
P 0x7f2a7c191628
C 342
R
P 0x7f2a7c191628
S "slot2Duration"
C 30
R
P 0x7f2a7c191628
C 342
R
P 0x7f2a7c191628
$ |slot2Duration|
C 202
R
P 0x7f2a7c191628
C 342
R
P 0x7f2a7c191628
$ |slot2Duration|
P 0x7f2a7c19b1e8
C 51
= 0x7f2a7c19bfa8
R
P 0x7f2a7c191628
C 342
R
P 0x7f2a7c191628
P 0x7f2a7c19bfa8
C 257
R
P 0x7f2a7c191628
C 342
R
P 0x7f2a7c191628
P 0x7f2a7c19bfa8
C 254
= 0x7f2a7c19b1e8
R
P 0x7f2a7c191628
C 342
R
P 0x7f2a7c191628
P 0x7f2a7c19b1e8
C 209
R
P 0x7f2a7c191628
C 342
R
P 0x7f2a7c191628
P 0x7f2a7c19bfa8
C 260
R
P 0x7f2a7c191628
C 342
R
P 0x7f2a7c191628
P 0x7f2a7c19bfa8
C 259
R
P 0x7f2a7c191628
C 342
R
P 0x7f2a7c191628
P 0x7f2a7c19bfa8
C 258
R
P 0x7f2a7c191628
C 342
R
P 0x7f2a7c191628
P 0x7f2a7c19bfa8
C 9
R
P 0x7f2a7c191628
C 342
R
P 0x7f2a7c191628
U 2
P 0x7f2a7c19bf88
P 0x7f2a7c19bfa8
p 2
C 65
= 0x7f2a7c1a1e08
R
P 0x7f2a7c191628
C 342
R
P 0x7f2a7c191628
P 0x7f2a7c1a1e08
C 257
R
P 0x7f2a7c191628
C 342
R
P 0x7f2a7c191628
P 0x7f2a7c1a1e08
C 254
= 0x7f2a7c19b1e8
R
P 0x7f2a7c191628
C 342
R
P 0x7f2a7c191628
P 0x7f2a7c19b1e8
C 209
R
P 0x7f2a7c191628
C 342
R
P 0x7f2a7c191628
P 0x7f2a7c1a1e08
C 260
R
P 0x7f2a7c191628
C 342
R
P 0x7f2a7c191628
P 0x7f2a7c1a1e08
C 259
R
P 0x7f2a7c191628
C 342
R
P 0x7f2a7c191628
P 0x7f2a7c1a1e08
C 258
R
P 0x7f2a7c191628
C 342
R
P 0x7f2a7c191628
P 0x7f2a7c1a1e08
C 9
R
P 0x7f2a7c191628
C 342
R
P 0x7f2a7c191628
P 0x7f2a7c19bfe8
P 0x7f2a7c1a1e08
C 74
= 0x7f2a7c2cbbd8
R
P 0x7f2a7c191628
C 342
R
P 0x7f2a7c191628
P 0x7f2a7c2cbbd8
C 258
R
P 0x7f2a7c191628
C 342
R
P 0x7f2a7c191628
P 0x7f2a7c2cbbd8
C 9
R
P 0x7f2a7c191628
C 342
R
P 0x7f2a7c191628
U 2
P 0x7f2a7c2cc3b8
P 0x7f2a7c2cbbd8
p 2
C 63
= 0x7f2a7c2cc3f0
R
P 0x7f2a7c191628
C 342
R
P 0x7f2a7c191628
P 0x7f2a7c2cc3f0
C 258
R
P 0x7f2a7c191628
C 342
R
P 0x7f2a7c191628
P 0x7f2a7c2cc3f0
C 9
R
P 0x7f2a7c191628
C 342
R
P 0x7f2a7c191628
P 0x7f2a7c2cc3f0
C 58
= 0x7f2a7c19e4e8
R
P 0x7f2a7c191628
C 342
R
P 0x7f2a7c191628
P 0x7f2a7c19e4e8
C 258
R
P 0x7f2a7c191628
C 342
R
P 0x7f2a7c191628
P 0x7f2a7c19e4e8
C 9
R
P 0x7f2a7c191628
C 342
R
P 0x7f2a7c191628
P 0x7f2a7c19e4b8
P 0x7f2a7c19e4e8
C 61
= 0x7f2a7c2cc428
R
P 0x7f2a7c191628
C 342
R
P 0x7f2a7c191628
P 0x7f2a7c2cc428
C 258
R
P 0x7f2a7c191628
C 342
R
P 0x7f2a7c191628
P 0x7f2a7c2cc428
C 9
R
P 0x7f2a7c191628
C 342
R
P 0x7f2a7c191628
P 0x7f2a7c1e1fc8
P 0x7f2a7c2cc428
C 427
R
P 0x7f2a7c191628
C 342
R
P 0x7f2a7c191628
I 3
P 0x7f2a7c19b208
C 150
= 0x7f2a7c19bfc8
R
P 0x7f2a7c191628
C 342
R
P 0x7f2a7c191628
P 0x7f2a7c19bfc8
C 258
R
P 0x7f2a7c191628
C 342
R
P 0x7f2a7c191628
P 0x7f2a7c19bfc8
C 9
R
P 0x7f2a7c191628
C 342
R
P 0x7f2a7c191628
I 3
P 0x7f2a7c19b208
C 150
= 0x7f2a7c19bfc8
R
P 0x7f2a7c191628
C 342
R
P 0x7f2a7c191628
P 0x7f2a7c19bfc8
C 258
R
P 0x7f2a7c191628
C 342
R
P 0x7f2a7c191628
P 0x7f2a7c19bfc8
C 9
R
P 0x7f2a7c191628
C 342
R
P 0x7f2a7c191628
P 0x7f2a7c19bfc8
P 0x7f2a7c19bfc8
C 56
= 0x7f2a7c2cc460
R
P 0x7f2a7c191628
C 342
R
P 0x7f2a7c191628
P 0x7f2a7c2cc460
C 258
R
P 0x7f2a7c191628
C 342
R
P 0x7f2a7c191628
P 0x7f2a7c2cc460
C 9
R
P 0x7f2a7c191628
C 342
R
P 0x7f2a7c191628
P 0x7f2a7c2cc460
C 58
= 0x7f2a7c19e518
R
P 0x7f2a7c191628
C 342
R
P 0x7f2a7c191628
P 0x7f2a7c19e518
C 258
R
P 0x7f2a7c191628
C 342
R
P 0x7f2a7c191628
P 0x7f2a7c19e518
C 9
R
P 0x7f2a7c191628
C 342
R
P 0x7f2a7c191628
I 3
P 0x7f2a7c19b208
C 150
= 0x7f2a7c19bfc8
R
P 0x7f2a7c191628
C 342
R
P 0x7f2a7c191628
P 0x7f2a7c19bfc8
C 258
R
P 0x7f2a7c191628
C 342
R
P 0x7f2a7c191628
P 0x7f2a7c19bfc8
C 9
R
P 0x7f2a7c191628
C 342
R
P 0x7f2a7c191628
P 0x7f2a7c19bfc8
C 263
R
P 0x7f2a7c191628
C 342
R
P 0x7f2a7c191628
S "slot3Start"
C 30
R
P 0x7f2a7c191628
C 342
R
P 0x7f2a7c191628
$ |slot3Start|
C 202
R
P 0x7f2a7c191628
C 342
R
P 0x7f2a7c191628
$ |slot3Start|
P 0x7f2a7c19b1e8
C 51
= 0x7f2a7c19bfe8
R
P 0x7f2a7c191628
C 342
R
P 0x7f2a7c191628
P 0x7f2a7c19bfe8
C 257
R
P 0x7f2a7c191628
C 342
R
P 0x7f2a7c191628
P 0x7f2a7c19bfe8
C 254
= 0x7f2a7c19b1e8
R
P 0x7f2a7c191628
C 342
R
P 0x7f2a7c191628
P 0x7f2a7c19b1e8
C 209
R
P 0x7f2a7c191628
C 342
R
P 0x7f2a7c191628
P 0x7f2a7c19bfe8
C 260
R
P 0x7f2a7c191628
C 342
R
P 0x7f2a7c191628
P 0x7f2a7c19bfe8
C 259
R
P 0x7f2a7c191628
C 342
R
P 0x7f2a7c191628
P 0x7f2a7c19bfe8
C 258
R
P 0x7f2a7c191628
C 342
R
P 0x7f2a7c191628
P 0x7f2a7c19bfe8
C 9
R
P 0x7f2a7c191628
C 342
R
P 0x7f2a7c191628
I 3
P 0x7f2a7c19b208
C 150
= 0x7f2a7c19bfc8
R
P 0x7f2a7c191628
C 342
R
P 0x7f2a7c191628
P 0x7f2a7c19bfc8
C 258
R
P 0x7f2a7c191628
C 342
R
P 0x7f2a7c191628
P 0x7f2a7c19bfc8
C 9
R
P 0x7f2a7c191628
C 342
R
P 0x7f2a7c191628
P 0x7f2a7c19bfc8
C 263
R
P 0x7f2a7c191628
C 342
R
P 0x7f2a7c191628
S "slot3Start"
C 30
R
P 0x7f2a7c191628
C 342
R
P 0x7f2a7c191628
$ |slot3Start|
C 202
R
P 0x7f2a7c191628
C 342
R
P 0x7f2a7c191628
$ |slot3Start|
P 0x7f2a7c19b1e8
C 51
= 0x7f2a7c19bfe8
R
P 0x7f2a7c191628
C 342
R
P 0x7f2a7c191628
P 0x7f2a7c19bfe8
C 257
R
P 0x7f2a7c191628
C 342
R
P 0x7f2a7c191628
P 0x7f2a7c19bfe8
C 254
= 0x7f2a7c19b1e8
R
P 0x7f2a7c191628
C 342
R
P 0x7f2a7c191628
P 0x7f2a7c19b1e8
C 209
R
P 0x7f2a7c191628
C 342
R
P 0x7f2a7c191628
P 0x7f2a7c19bfe8
C 260
R
P 0x7f2a7c191628
C 342
R
P 0x7f2a7c191628
P 0x7f2a7c19bfe8
C 259
R
P 0x7f2a7c191628
C 342
R
P 0x7f2a7c191628
P 0x7f2a7c19bfe8
C 258
R
P 0x7f2a7c191628
C 342
R
P 0x7f2a7c191628
P 0x7f2a7c19bfe8
C 9
R
P 0x7f2a7c191628
C 342
R
P 0x7f2a7c191628
P 0x7f2a7c19bfe8
P 0x7f2a7c19bfe8
C 76
= 0x7f2a7c2cc498
R
P 0x7f2a7c191628
C 342
R
P 0x7f2a7c191628
P 0x7f2a7c2cc498
C 258
R
P 0x7f2a7c191628
C 342
R
P 0x7f2a7c191628
P 0x7f2a7c2cc498
C 9
R
P 0x7f2a7c191628
C 342
R
P 0x7f2a7c191628
I 3
P 0x7f2a7c19b208
C 150
= 0x7f2a7c19bfc8
R
P 0x7f2a7c191628
C 342
R
P 0x7f2a7c191628
P 0x7f2a7c19bfc8
C 258
R
P 0x7f2a7c191628
C 342
R
P 0x7f2a7c191628
P 0x7f2a7c19bfc8
C 9
R
P 0x7f2a7c191628
C 342
R
P 0x7f2a7c191628
P 0x7f2a7c19bfc8
C 263
R
P 0x7f2a7c191628
C 342
R
P 0x7f2a7c191628
S "slot3Start"
C 30
R
P 0x7f2a7c191628
C 342
R
P 0x7f2a7c191628
$ |slot3Start|
C 202
R
P 0x7f2a7c191628
C 342
R
P 0x7f2a7c191628
$ |slot3Start|
P 0x7f2a7c19b1e8
C 51
= 0x7f2a7c19bfe8
R
P 0x7f2a7c191628
C 342
R
P 0x7f2a7c191628
P 0x7f2a7c19bfe8
C 257
R
P 0x7f2a7c191628
C 342
R
P 0x7f2a7c191628
P 0x7f2a7c19bfe8
C 254
= 0x7f2a7c19b1e8
R
P 0x7f2a7c191628
C 342
R
P 0x7f2a7c191628
P 0x7f2a7c19b1e8
C 209
R
P 0x7f2a7c191628
C 342
R
P 0x7f2a7c191628
P 0x7f2a7c19bfe8
C 260
R
P 0x7f2a7c191628
C 342
R
P 0x7f2a7c191628
P 0x7f2a7c19bfe8
C 259
R
P 0x7f2a7c191628
C 342
R
P 0x7f2a7c191628
P 0x7f2a7c19bfe8
C 258
R
P 0x7f2a7c191628
C 342
R
P 0x7f2a7c191628
P 0x7f2a7c19bfe8
C 9
R
P 0x7f2a7c191628
C 342
R
P 0x7f2a7c191628
I 3
P 0x7f2a7c19b208
C 150
= 0x7f2a7c19bfc8
R
P 0x7f2a7c191628
C 342
R
P 0x7f2a7c191628
P 0x7f2a7c19bfc8
C 258
R
P 0x7f2a7c191628
C 342
R
P 0x7f2a7c191628
P 0x7f2a7c19bfc8
C 9
R
P 0x7f2a7c191628
C 342
R
P 0x7f2a7c191628
P 0x7f2a7c19bfc8
C 263
R
P 0x7f2a7c191628
C 342
R
P 0x7f2a7c191628
S "slot3Start"
C 30
R
P 0x7f2a7c191628
C 342
R
P 0x7f2a7c191628
$ |slot3Start|
C 202
R
P 0x7f2a7c191628
C 342
R
P 0x7f2a7c191628
$ |slot3Start|
P 0x7f2a7c19b1e8
C 51
= 0x7f2a7c19bfe8
R
P 0x7f2a7c191628
C 342
R
P 0x7f2a7c191628
P 0x7f2a7c19bfe8
C 257
R
P 0x7f2a7c191628
C 342
R
P 0x7f2a7c191628
P 0x7f2a7c19bfe8
C 254
= 0x7f2a7c19b1e8
R
P 0x7f2a7c191628
C 342
R
P 0x7f2a7c191628
P 0x7f2a7c19b1e8
C 209
R
P 0x7f2a7c191628
C 342
R
P 0x7f2a7c191628
P 0x7f2a7c19bfe8
C 260
R
P 0x7f2a7c191628
C 342
R
P 0x7f2a7c191628
P 0x7f2a7c19bfe8
C 259
R
P 0x7f2a7c191628
C 342
R
P 0x7f2a7c191628
P 0x7f2a7c19bfe8
C 258
R
P 0x7f2a7c191628
C 342
R
P 0x7f2a7c191628
P 0x7f2a7c19bfe8
C 9
R
P 0x7f2a7c191628
C 342
R
P 0x7f2a7c191628
I 3
P 0x7f2a7c19b208
C 150
= 0x7f2a7c19bfc8
R
P 0x7f2a7c191628
C 342
R
P 0x7f2a7c191628
P 0x7f2a7c19bfc8
C 258
R
P 0x7f2a7c191628
C 342
R
P 0x7f2a7c191628
P 0x7f2a7c19bfc8
C 9
R
P 0x7f2a7c191628
C 342
R
P 0x7f2a7c191628
P 0x7f2a7c19bfc8
C 263
R
P 0x7f2a7c191628
C 342
R
P 0x7f2a7c191628
S "slot3Duration"
C 30
R
P 0x7f2a7c191628
C 342
R
P 0x7f2a7c191628
$ |slot3Duration|
C 202
R
P 0x7f2a7c191628
C 342
R
P 0x7f2a7c191628
$ |slot3Duration|
P 0x7f2a7c19b1e8
C 51
= 0x7f2a7c19c008
R
P 0x7f2a7c191628
C 342
R
P 0x7f2a7c191628
P 0x7f2a7c19c008
C 257
R
P 0x7f2a7c191628
C 342
R
P 0x7f2a7c191628
P 0x7f2a7c19c008
C 254
= 0x7f2a7c19b1e8
R
P 0x7f2a7c191628
C 342
R
P 0x7f2a7c191628
P 0x7f2a7c19b1e8
C 209
R
P 0x7f2a7c191628
C 342
R
P 0x7f2a7c191628
P 0x7f2a7c19c008
C 260
R
P 0x7f2a7c191628
C 342
R
P 0x7f2a7c191628
P 0x7f2a7c19c008
C 259
R
P 0x7f2a7c191628
C 342
R
P 0x7f2a7c191628
P 0x7f2a7c19c008
C 258
R
P 0x7f2a7c191628
C 342
R
P 0x7f2a7c191628
P 0x7f2a7c19c008
C 9
R
P 0x7f2a7c191628
C 342
R
P 0x7f2a7c191628
U 2
P 0x7f2a7c19bfe8
P 0x7f2a7c19c008
p 2
C 65
= 0x7f2a7c1a1f58
R
P 0x7f2a7c191628
C 342
R
P 0x7f2a7c191628
P 0x7f2a7c1a1f58
C 257
R
P 0x7f2a7c191628
C 342
R
P 0x7f2a7c191628
P 0x7f2a7c1a1f58
C 254
= 0x7f2a7c19b1e8
R
P 0x7f2a7c191628
C 342
R
P 0x7f2a7c191628
P 0x7f2a7c19b1e8
C 209
R
P 0x7f2a7c191628
C 342
R
P 0x7f2a7c191628
P 0x7f2a7c1a1f58
C 260
R
P 0x7f2a7c191628
C 342
R
P 0x7f2a7c191628
P 0x7f2a7c1a1f58
C 259
R
P 0x7f2a7c191628
C 342
R
P 0x7f2a7c191628
P 0x7f2a7c1a1f58
C 258
R
P 0x7f2a7c191628
C 342
R
P 0x7f2a7c191628
P 0x7f2a7c1a1f58
C 9
R
P 0x7f2a7c191628
C 342
R
P 0x7f2a7c191628
P 0x7f2a7c19bfe8
P 0x7f2a7c1a1f58
C 74
= 0x7f2a7c2cc4d0
R
P 0x7f2a7c191628
C 342
R
P 0x7f2a7c191628
P 0x7f2a7c2cc4d0
C 258
R
P 0x7f2a7c191628
C 342
R
P 0x7f2a7c191628
P 0x7f2a7c2cc4d0
C 9
R
P 0x7f2a7c191628
C 342
R
P 0x7f2a7c191628
U 2
P 0x7f2a7c2cc498
P 0x7f2a7c2cc4d0
p 2
C 63
= 0x7f2a7c2cc508
R
P 0x7f2a7c191628
C 342
R
P 0x7f2a7c191628
P 0x7f2a7c2cc508
C 258
R
P 0x7f2a7c191628
C 342
R
P 0x7f2a7c191628
P 0x7f2a7c2cc508
C 9
R
P 0x7f2a7c191628
C 342
R
P 0x7f2a7c191628
P 0x7f2a7c2cc508
C 58
= 0x7f2a7c19e548
R
P 0x7f2a7c191628
C 342
R
P 0x7f2a7c191628
P 0x7f2a7c19e548
C 258
R
P 0x7f2a7c191628
C 342
R
P 0x7f2a7c191628
P 0x7f2a7c19e548
C 9
R
P 0x7f2a7c191628
C 342
R
P 0x7f2a7c191628
P 0x7f2a7c19e518
P 0x7f2a7c19e548
C 61
= 0x7f2a7c2cc540
R
P 0x7f2a7c191628
C 342
R
P 0x7f2a7c191628
P 0x7f2a7c2cc540
C 258
R
P 0x7f2a7c191628
C 342
R
P 0x7f2a7c191628
P 0x7f2a7c2cc540
C 9
R
P 0x7f2a7c191628
C 342
R
P 0x7f2a7c191628
P 0x7f2a7c1e1fc8
P 0x7f2a7c2cc540
C 427
R
P 0x7f2a7c191628
C 342
R
P 0x7f2a7c191628
I 3
P 0x7f2a7c19b208
C 150
= 0x7f2a7c19bfc8
R
P 0x7f2a7c191628
C 342
R
P 0x7f2a7c191628
P 0x7f2a7c19bfc8
C 258
R
P 0x7f2a7c191628
C 342
R
P 0x7f2a7c191628
P 0x7f2a7c19bfc8
C 9
R
P 0x7f2a7c191628
C 342
R
P 0x7f2a7c191628
I 4
P 0x7f2a7c19b208
C 150
= 0x7f2a7c19c028
R
P 0x7f2a7c191628
C 342
R
P 0x7f2a7c191628
P 0x7f2a7c19c028
C 258
R
P 0x7f2a7c191628
C 342
R
P 0x7f2a7c191628
P 0x7f2a7c19c028
C 9
R
P 0x7f2a7c191628
C 342
R
P 0x7f2a7c191628
P 0x7f2a7c19bfc8
P 0x7f2a7c19c028
C 56
= 0x7f2a7c2cc578
R
P 0x7f2a7c191628
C 342
R
P 0x7f2a7c191628
P 0x7f2a7c2cc578
C 258
R
P 0x7f2a7c191628
C 342
R
P 0x7f2a7c191628
P 0x7f2a7c2cc578
C 9
R
P 0x7f2a7c191628
C 342
R
P 0x7f2a7c191628
P 0x7f2a7c2cc578
C 58
= 0x7f2a7c19e578
R
P 0x7f2a7c191628
C 342
R
P 0x7f2a7c191628
P 0x7f2a7c19e578
C 258
R
P 0x7f2a7c191628
C 342
R
P 0x7f2a7c191628
P 0x7f2a7c19e578
C 9
R
P 0x7f2a7c191628
C 342
R
P 0x7f2a7c191628
I 3
P 0x7f2a7c19b208
C 150
= 0x7f2a7c19bfc8
R
P 0x7f2a7c191628
C 342
R
P 0x7f2a7c191628
P 0x7f2a7c19bfc8
C 258
R
P 0x7f2a7c191628
C 342
R
P 0x7f2a7c191628
P 0x7f2a7c19bfc8
C 9
R
P 0x7f2a7c191628
C 342
R
P 0x7f2a7c191628
P 0x7f2a7c19bfc8
C 263
R
P 0x7f2a7c191628
C 342
R
P 0x7f2a7c191628
S "slot3Start"
C 30
R
P 0x7f2a7c191628
C 342
R
P 0x7f2a7c191628
$ |slot3Start|
C 202
R
P 0x7f2a7c191628
C 342
R
P 0x7f2a7c191628
$ |slot3Start|
P 0x7f2a7c19b1e8
C 51
= 0x7f2a7c19bfe8
R
P 0x7f2a7c191628
C 342
R
P 0x7f2a7c191628
P 0x7f2a7c19bfe8
C 257
R
P 0x7f2a7c191628
C 342
R
P 0x7f2a7c191628
P 0x7f2a7c19bfe8
C 254
= 0x7f2a7c19b1e8
R
P 0x7f2a7c191628
C 342
R
P 0x7f2a7c191628
P 0x7f2a7c19b1e8
C 209
R
P 0x7f2a7c191628
C 342
R
P 0x7f2a7c191628
P 0x7f2a7c19bfe8
C 260
R
P 0x7f2a7c191628
C 342
R
P 0x7f2a7c191628
P 0x7f2a7c19bfe8
C 259
R
P 0x7f2a7c191628
C 342
R
P 0x7f2a7c191628
P 0x7f2a7c19bfe8
C 258
R
P 0x7f2a7c191628
C 342
R
P 0x7f2a7c191628
P 0x7f2a7c19bfe8
C 9
R
P 0x7f2a7c191628
C 342
R
P 0x7f2a7c191628
I 4
P 0x7f2a7c19b208
C 150
= 0x7f2a7c19c028
R
P 0x7f2a7c191628
C 342
R
P 0x7f2a7c191628
P 0x7f2a7c19c028
C 258
R
P 0x7f2a7c191628
C 342
R
P 0x7f2a7c191628
P 0x7f2a7c19c028
C 9
R
P 0x7f2a7c191628
C 342
R
P 0x7f2a7c191628
P 0x7f2a7c19c028
C 263
R
P 0x7f2a7c191628
C 342
R
P 0x7f2a7c191628
S "slot4Start"
C 30
R
P 0x7f2a7c191628
C 342
R
P 0x7f2a7c191628
$ |slot4Start|
C 202
R
P 0x7f2a7c191628
C 342
R
P 0x7f2a7c191628
$ |slot4Start|
P 0x7f2a7c19b1e8
C 51
= 0x7f2a7c19c048
R
P 0x7f2a7c191628
C 342
R
P 0x7f2a7c191628
P 0x7f2a7c19c048
C 257
R
P 0x7f2a7c191628
C 342
R
P 0x7f2a7c191628
P 0x7f2a7c19c048
C 254
= 0x7f2a7c19b1e8
R
P 0x7f2a7c191628
C 342
R
P 0x7f2a7c191628
P 0x7f2a7c19b1e8
C 209
R
P 0x7f2a7c191628
C 342
R
P 0x7f2a7c191628
P 0x7f2a7c19c048
C 260
R
P 0x7f2a7c191628
C 342
R
P 0x7f2a7c191628
P 0x7f2a7c19c048
C 259
R
P 0x7f2a7c191628
C 342
R
P 0x7f2a7c191628
P 0x7f2a7c19c048
C 258
R
P 0x7f2a7c191628
C 342
R
P 0x7f2a7c191628
P 0x7f2a7c19c048
C 9
R
P 0x7f2a7c191628
C 342
R
P 0x7f2a7c191628
P 0x7f2a7c19bfe8
P 0x7f2a7c19c048
C 76
= 0x7f2a7c2cc5b0
R
P 0x7f2a7c191628
C 342
R
P 0x7f2a7c191628
P 0x7f2a7c2cc5b0
C 258
R
P 0x7f2a7c191628
C 342
R
P 0x7f2a7c191628
P 0x7f2a7c2cc5b0
C 9
R
P 0x7f2a7c191628
C 342
R
P 0x7f2a7c191628
I 3
P 0x7f2a7c19b208
C 150
= 0x7f2a7c19bfc8
R
P 0x7f2a7c191628
C 342
R
P 0x7f2a7c191628
P 0x7f2a7c19bfc8
C 258
R
P 0x7f2a7c191628
C 342
R
P 0x7f2a7c191628
P 0x7f2a7c19bfc8
C 9
R
P 0x7f2a7c191628
C 342
R
P 0x7f2a7c191628
P 0x7f2a7c19bfc8
C 263
R
P 0x7f2a7c191628
C 342
R
P 0x7f2a7c191628
S "slot3Start"
C 30
R
P 0x7f2a7c191628
C 342
R
P 0x7f2a7c191628
$ |slot3Start|
C 202
R
P 0x7f2a7c191628
C 342
R
P 0x7f2a7c191628
$ |slot3Start|
P 0x7f2a7c19b1e8
C 51
= 0x7f2a7c19bfe8
R
P 0x7f2a7c191628
C 342
R
P 0x7f2a7c191628
P 0x7f2a7c19bfe8
C 257
R
P 0x7f2a7c191628
C 342
R
P 0x7f2a7c191628
P 0x7f2a7c19bfe8
C 254
= 0x7f2a7c19b1e8
R
P 0x7f2a7c191628
C 342
R
P 0x7f2a7c191628
P 0x7f2a7c19b1e8
C 209
R
P 0x7f2a7c191628
C 342
R
P 0x7f2a7c191628
P 0x7f2a7c19bfe8
C 260
R
P 0x7f2a7c191628
C 342
R
P 0x7f2a7c191628
P 0x7f2a7c19bfe8
C 259
R
P 0x7f2a7c191628
C 342
R
P 0x7f2a7c191628
P 0x7f2a7c19bfe8
C 258
R
P 0x7f2a7c191628
C 342
R
P 0x7f2a7c191628
P 0x7f2a7c19bfe8
C 9
R
P 0x7f2a7c191628
C 342
R
P 0x7f2a7c191628
I 4
P 0x7f2a7c19b208
C 150
= 0x7f2a7c19c028
R
P 0x7f2a7c191628
C 342
R
P 0x7f2a7c191628
P 0x7f2a7c19c028
C 258
R
P 0x7f2a7c191628
C 342
R
P 0x7f2a7c191628
P 0x7f2a7c19c028
C 9
R
P 0x7f2a7c191628
C 342
R
P 0x7f2a7c191628
P 0x7f2a7c19c028
C 263
R
P 0x7f2a7c191628
C 342
R
P 0x7f2a7c191628
S "slot4Start"
C 30
R
P 0x7f2a7c191628
C 342
R
P 0x7f2a7c191628
$ |slot4Start|
C 202
R
P 0x7f2a7c191628
C 342
R
P 0x7f2a7c191628
$ |slot4Start|
P 0x7f2a7c19b1e8
C 51
= 0x7f2a7c19c048
R
P 0x7f2a7c191628
C 342
R
P 0x7f2a7c191628
P 0x7f2a7c19c048
C 257
R
P 0x7f2a7c191628
C 342
R
P 0x7f2a7c191628
P 0x7f2a7c19c048
C 254
= 0x7f2a7c19b1e8
R
P 0x7f2a7c191628
C 342
R
P 0x7f2a7c191628
P 0x7f2a7c19b1e8
C 209
R
P 0x7f2a7c191628
C 342
R
P 0x7f2a7c191628
P 0x7f2a7c19c048
C 260
R
P 0x7f2a7c191628
C 342
R
P 0x7f2a7c191628
P 0x7f2a7c19c048
C 259
R
P 0x7f2a7c191628
C 342
R
P 0x7f2a7c191628
P 0x7f2a7c19c048
C 258
R
P 0x7f2a7c191628
C 342
R
P 0x7f2a7c191628
P 0x7f2a7c19c048
C 9
R
P 0x7f2a7c191628
C 342
R
P 0x7f2a7c191628
I 4
P 0x7f2a7c19b208
C 150
= 0x7f2a7c19c028
R
P 0x7f2a7c191628
C 342
R
P 0x7f2a7c191628
P 0x7f2a7c19c028
C 258
R
P 0x7f2a7c191628
C 342
R
P 0x7f2a7c191628
P 0x7f2a7c19c028
C 9
R
P 0x7f2a7c191628
C 342
R
P 0x7f2a7c191628
P 0x7f2a7c19c028
C 263
R
P 0x7f2a7c191628
C 342
R
P 0x7f2a7c191628
S "slot4Duration"
C 30
R
P 0x7f2a7c191628
C 342
R
P 0x7f2a7c191628
$ |slot4Duration|
C 202
R
P 0x7f2a7c191628
C 342
R
P 0x7f2a7c191628
$ |slot4Duration|
P 0x7f2a7c19b1e8
C 51
= 0x7f2a7c19c068
R
P 0x7f2a7c191628
C 342
R
P 0x7f2a7c191628
P 0x7f2a7c19c068
C 257
R
P 0x7f2a7c191628
C 342
R
P 0x7f2a7c191628
P 0x7f2a7c19c068
C 254
= 0x7f2a7c19b1e8
R
P 0x7f2a7c191628
C 342
R
P 0x7f2a7c191628
P 0x7f2a7c19b1e8
C 209
R
P 0x7f2a7c191628
C 342
R
P 0x7f2a7c191628
P 0x7f2a7c19c068
C 260
R
P 0x7f2a7c191628
C 342
R
P 0x7f2a7c191628
P 0x7f2a7c19c068
C 259
R
P 0x7f2a7c191628
C 342
R
P 0x7f2a7c191628
P 0x7f2a7c19c068
C 258
R
P 0x7f2a7c191628
C 342
R
P 0x7f2a7c191628
P 0x7f2a7c19c068
C 9
R
P 0x7f2a7c191628
C 342
R
P 0x7f2a7c191628
U 2
P 0x7f2a7c19c048
P 0x7f2a7c19c068
p 2
C 65
= 0x7f2a7c1a20a8
R
P 0x7f2a7c191628
C 342
R
P 0x7f2a7c191628
P 0x7f2a7c1a20a8
C 257
R
P 0x7f2a7c191628
C 342
R
P 0x7f2a7c191628
P 0x7f2a7c1a20a8
C 254
= 0x7f2a7c19b1e8
R
P 0x7f2a7c191628
C 342
R
P 0x7f2a7c191628
P 0x7f2a7c19b1e8
C 209
R
P 0x7f2a7c191628
C 342
R
P 0x7f2a7c191628
P 0x7f2a7c1a20a8
C 260
R
P 0x7f2a7c191628
C 342
R
P 0x7f2a7c191628
P 0x7f2a7c1a20a8
C 259
R
P 0x7f2a7c191628
C 342
R
P 0x7f2a7c191628
P 0x7f2a7c1a20a8
C 258
R
P 0x7f2a7c191628
C 342
R
P 0x7f2a7c191628
P 0x7f2a7c1a20a8
C 9
R
P 0x7f2a7c191628
C 342
R
P 0x7f2a7c191628
P 0x7f2a7c19bfe8
P 0x7f2a7c1a20a8
C 74
= 0x7f2a7c2cc5e8
R
P 0x7f2a7c191628
C 342
R
P 0x7f2a7c191628
P 0x7f2a7c2cc5e8
C 258
R
P 0x7f2a7c191628
C 342
R
P 0x7f2a7c191628
P 0x7f2a7c2cc5e8
C 9
R
P 0x7f2a7c191628
C 342
R
P 0x7f2a7c191628
U 2
P 0x7f2a7c2cc5b0
P 0x7f2a7c2cc5e8
p 2
C 63
= 0x7f2a7c2cc620
R
P 0x7f2a7c191628
C 342
R
P 0x7f2a7c191628
P 0x7f2a7c2cc620
C 258
R
P 0x7f2a7c191628
C 342
R
P 0x7f2a7c191628
P 0x7f2a7c2cc620
C 9
R
P 0x7f2a7c191628
C 342
R
P 0x7f2a7c191628
P 0x7f2a7c2cc620
C 58
= 0x7f2a7c19e5a8
R
P 0x7f2a7c191628
C 342
R
P 0x7f2a7c191628
P 0x7f2a7c19e5a8
C 258
R
P 0x7f2a7c191628
C 342
R
P 0x7f2a7c191628
P 0x7f2a7c19e5a8
C 9
R
P 0x7f2a7c191628
C 342
R
P 0x7f2a7c191628
P 0x7f2a7c19e578
P 0x7f2a7c19e5a8
C 61
= 0x7f2a7c2cc658
R
P 0x7f2a7c191628
C 342
R
P 0x7f2a7c191628
P 0x7f2a7c2cc658
C 258
R
P 0x7f2a7c191628
C 342
R
P 0x7f2a7c191628
P 0x7f2a7c2cc658
C 9
R
P 0x7f2a7c191628
C 342
R
P 0x7f2a7c191628
P 0x7f2a7c1e1fc8
P 0x7f2a7c2cc658
C 427
R
P 0x7f2a7c191628
C 342
R
P 0x7f2a7c191628
I 3
P 0x7f2a7c19b208
C 150
= 0x7f2a7c19bfc8
R
P 0x7f2a7c191628
C 342
R
P 0x7f2a7c191628
P 0x7f2a7c19bfc8
C 258
R
P 0x7f2a7c191628
C 342
R
P 0x7f2a7c191628
P 0x7f2a7c19bfc8
C 9
R
P 0x7f2a7c191628
C 342
R
P 0x7f2a7c191628
I 5
P 0x7f2a7c19b208
C 150
= 0x7f2a7c19c088
R
P 0x7f2a7c191628
C 342
R
P 0x7f2a7c191628
P 0x7f2a7c19c088
C 258
R
P 0x7f2a7c191628
C 342
R
P 0x7f2a7c191628
P 0x7f2a7c19c088
C 9
R
P 0x7f2a7c191628
C 342
R
P 0x7f2a7c191628
P 0x7f2a7c19bfc8
P 0x7f2a7c19c088
C 56
= 0x7f2a7c2cc690
R
P 0x7f2a7c191628
C 342
R
P 0x7f2a7c191628
P 0x7f2a7c2cc690
C 258
R
P 0x7f2a7c191628
C 342
R
P 0x7f2a7c191628
P 0x7f2a7c2cc690
C 9
R
P 0x7f2a7c191628
C 342
R
P 0x7f2a7c191628
P 0x7f2a7c2cc690
C 58
= 0x7f2a7c19e5d8
R
P 0x7f2a7c191628
C 342
R
P 0x7f2a7c191628
P 0x7f2a7c19e5d8
C 258
R
P 0x7f2a7c191628
C 342
R
P 0x7f2a7c191628
P 0x7f2a7c19e5d8
C 9
R
P 0x7f2a7c191628
C 342
R
P 0x7f2a7c191628
I 3
P 0x7f2a7c19b208
C 150
= 0x7f2a7c19bfc8
R
P 0x7f2a7c191628
C 342
R
P 0x7f2a7c191628
P 0x7f2a7c19bfc8
C 258
R
P 0x7f2a7c191628
C 342
R
P 0x7f2a7c191628
P 0x7f2a7c19bfc8
C 9
R
P 0x7f2a7c191628
C 342
R
P 0x7f2a7c191628
P 0x7f2a7c19bfc8
C 263
R
P 0x7f2a7c191628
C 342
R
P 0x7f2a7c191628
S "slot3Start"
C 30
R
P 0x7f2a7c191628
C 342
R
P 0x7f2a7c191628
$ |slot3Start|
C 202
R
P 0x7f2a7c191628
C 342
R
P 0x7f2a7c191628
$ |slot3Start|
P 0x7f2a7c19b1e8
C 51
= 0x7f2a7c19bfe8
R
P 0x7f2a7c191628
C 342
R
P 0x7f2a7c191628
P 0x7f2a7c19bfe8
C 257
R
P 0x7f2a7c191628
C 342
R
P 0x7f2a7c191628
P 0x7f2a7c19bfe8
C 254
= 0x7f2a7c19b1e8
R
P 0x7f2a7c191628
C 342
R
P 0x7f2a7c191628
P 0x7f2a7c19b1e8
C 209
R
P 0x7f2a7c191628
C 342
R
P 0x7f2a7c191628
P 0x7f2a7c19bfe8
C 260
R
P 0x7f2a7c191628
C 342
R
P 0x7f2a7c191628
P 0x7f2a7c19bfe8
C 259
R
P 0x7f2a7c191628
C 342
R
P 0x7f2a7c191628
P 0x7f2a7c19bfe8
C 258
R
P 0x7f2a7c191628
C 342
R
P 0x7f2a7c191628
P 0x7f2a7c19bfe8
C 9
R
P 0x7f2a7c191628
C 342
R
P 0x7f2a7c191628
I 5
P 0x7f2a7c19b208
C 150
= 0x7f2a7c19c088
R
P 0x7f2a7c191628
C 342
R
P 0x7f2a7c191628
P 0x7f2a7c19c088
C 258
R
P 0x7f2a7c191628
C 342
R
P 0x7f2a7c191628
P 0x7f2a7c19c088
C 9
R
P 0x7f2a7c191628
C 342
R
P 0x7f2a7c191628
P 0x7f2a7c19c088
C 263
R
P 0x7f2a7c191628
C 342
R
P 0x7f2a7c191628
S "slot5Start"
C 30
R
P 0x7f2a7c191628
C 342
R
P 0x7f2a7c191628
$ |slot5Start|
C 202
R
P 0x7f2a7c191628
C 342
R
P 0x7f2a7c191628
$ |slot5Start|
P 0x7f2a7c19b1e8
C 51
= 0x7f2a7c19c0a8
R
P 0x7f2a7c191628
C 342
R
P 0x7f2a7c191628
P 0x7f2a7c19c0a8
C 257
R
P 0x7f2a7c191628
C 342
R
P 0x7f2a7c191628
P 0x7f2a7c19c0a8
C 254
= 0x7f2a7c19b1e8
R
P 0x7f2a7c191628
C 342
R
P 0x7f2a7c191628
P 0x7f2a7c19b1e8
C 209
R
P 0x7f2a7c191628
C 342
R
P 0x7f2a7c191628
P 0x7f2a7c19c0a8
C 260
R
P 0x7f2a7c191628
C 342
R
P 0x7f2a7c191628
P 0x7f2a7c19c0a8
C 259
R
P 0x7f2a7c191628
C 342
R
P 0x7f2a7c191628
P 0x7f2a7c19c0a8
C 258
R
P 0x7f2a7c191628
C 342
R
P 0x7f2a7c191628
P 0x7f2a7c19c0a8
C 9
R
P 0x7f2a7c191628
C 342
R
P 0x7f2a7c191628
P 0x7f2a7c19bfe8
P 0x7f2a7c19c0a8
C 76
= 0x7f2a7c2cc6c8
R
P 0x7f2a7c191628
C 342
R
P 0x7f2a7c191628
P 0x7f2a7c2cc6c8
C 258
R
P 0x7f2a7c191628
C 342
R
P 0x7f2a7c191628
P 0x7f2a7c2cc6c8
C 9
R
P 0x7f2a7c191628
C 342
R
P 0x7f2a7c191628
I 3
P 0x7f2a7c19b208
C 150
= 0x7f2a7c19bfc8
R
P 0x7f2a7c191628
C 342
R
P 0x7f2a7c191628
P 0x7f2a7c19bfc8
C 258
R
P 0x7f2a7c191628
C 342
R
P 0x7f2a7c191628
P 0x7f2a7c19bfc8
C 9
R
P 0x7f2a7c191628
C 342
R
P 0x7f2a7c191628
P 0x7f2a7c19bfc8
C 263
R
P 0x7f2a7c191628
C 342
R
P 0x7f2a7c191628
S "slot3Start"
C 30
R
P 0x7f2a7c191628
C 342
R
P 0x7f2a7c191628
$ |slot3Start|
C 202
R
P 0x7f2a7c191628
C 342
R
P 0x7f2a7c191628
$ |slot3Start|
P 0x7f2a7c19b1e8
C 51
= 0x7f2a7c19bfe8
R
P 0x7f2a7c191628
C 342
R
P 0x7f2a7c191628
P 0x7f2a7c19bfe8
C 257
R
P 0x7f2a7c191628
C 342
R
P 0x7f2a7c191628
P 0x7f2a7c19bfe8
C 254
= 0x7f2a7c19b1e8
R
P 0x7f2a7c191628
C 342
R
P 0x7f2a7c191628
P 0x7f2a7c19b1e8
C 209
R
P 0x7f2a7c191628
C 342
R
P 0x7f2a7c191628
P 0x7f2a7c19bfe8
C 260
R
P 0x7f2a7c191628
C 342
R
P 0x7f2a7c191628
P 0x7f2a7c19bfe8
C 259
R
P 0x7f2a7c191628
C 342
R
P 0x7f2a7c191628
P 0x7f2a7c19bfe8
C 258
R
P 0x7f2a7c191628
C 342
R
P 0x7f2a7c191628
P 0x7f2a7c19bfe8
C 9
R
P 0x7f2a7c191628
C 342
R
P 0x7f2a7c191628
I 5
P 0x7f2a7c19b208
C 150
= 0x7f2a7c19c088
R
P 0x7f2a7c191628
C 342
R
P 0x7f2a7c191628
P 0x7f2a7c19c088
C 258
R
P 0x7f2a7c191628
C 342
R
P 0x7f2a7c191628
P 0x7f2a7c19c088
C 9
R
P 0x7f2a7c191628
C 342
R
P 0x7f2a7c191628
P 0x7f2a7c19c088
C 263
R
P 0x7f2a7c191628
C 342
R
P 0x7f2a7c191628
S "slot5Start"
C 30
R
P 0x7f2a7c191628
C 342
R
P 0x7f2a7c191628
$ |slot5Start|
C 202
R
P 0x7f2a7c191628
C 342
R
P 0x7f2a7c191628
$ |slot5Start|
P 0x7f2a7c19b1e8
C 51
= 0x7f2a7c19c0a8
R
P 0x7f2a7c191628
C 342
R
P 0x7f2a7c191628
P 0x7f2a7c19c0a8
C 257
R
P 0x7f2a7c191628
C 342
R
P 0x7f2a7c191628
P 0x7f2a7c19c0a8
C 254
= 0x7f2a7c19b1e8
R
P 0x7f2a7c191628
C 342
R
P 0x7f2a7c191628
P 0x7f2a7c19b1e8
C 209
R
P 0x7f2a7c191628
C 342
R
P 0x7f2a7c191628
P 0x7f2a7c19c0a8
C 260
R
P 0x7f2a7c191628
C 342
R
P 0x7f2a7c191628
P 0x7f2a7c19c0a8
C 259
R
P 0x7f2a7c191628
C 342
R
P 0x7f2a7c191628
P 0x7f2a7c19c0a8
C 258
R
P 0x7f2a7c191628
C 342
R
P 0x7f2a7c191628
P 0x7f2a7c19c0a8
C 9
R
P 0x7f2a7c191628
C 342
R
P 0x7f2a7c191628
I 5
P 0x7f2a7c19b208
C 150
= 0x7f2a7c19c088
R
P 0x7f2a7c191628
C 342
R
P 0x7f2a7c191628
P 0x7f2a7c19c088
C 258
R
P 0x7f2a7c191628
C 342
R
P 0x7f2a7c191628
P 0x7f2a7c19c088
C 9
R
P 0x7f2a7c191628
C 342
R
P 0x7f2a7c191628
P 0x7f2a7c19c088
C 263
R
P 0x7f2a7c191628
C 342
R
P 0x7f2a7c191628
S "slot5Duration"
C 30
R
P 0x7f2a7c191628
C 342
R
P 0x7f2a7c191628
$ |slot5Duration|
C 202
R
P 0x7f2a7c191628
C 342
R
P 0x7f2a7c191628
$ |slot5Duration|
P 0x7f2a7c19b1e8
C 51
= 0x7f2a7c19c0c8
R
P 0x7f2a7c191628
C 342
R
P 0x7f2a7c191628
P 0x7f2a7c19c0c8
C 257
R
P 0x7f2a7c191628
C 342
R
P 0x7f2a7c191628
P 0x7f2a7c19c0c8
C 254
= 0x7f2a7c19b1e8
R
P 0x7f2a7c191628
C 342
R
P 0x7f2a7c191628
P 0x7f2a7c19b1e8
C 209
R
P 0x7f2a7c191628
C 342
R
P 0x7f2a7c191628
P 0x7f2a7c19c0c8
C 260
R
P 0x7f2a7c191628
C 342
R
P 0x7f2a7c191628
P 0x7f2a7c19c0c8
C 259
R
P 0x7f2a7c191628
C 342
R
P 0x7f2a7c191628
P 0x7f2a7c19c0c8
C 258
R
P 0x7f2a7c191628
C 342
R
P 0x7f2a7c191628
P 0x7f2a7c19c0c8
C 9
R
P 0x7f2a7c191628
C 342
R
P 0x7f2a7c191628
U 2
P 0x7f2a7c19c0a8
P 0x7f2a7c19c0c8
p 2
C 65
= 0x7f2a7c1a21f8
R
P 0x7f2a7c191628
C 342
R
P 0x7f2a7c191628
P 0x7f2a7c1a21f8
C 257
R
P 0x7f2a7c191628
C 342
R
P 0x7f2a7c191628
P 0x7f2a7c1a21f8
C 254
= 0x7f2a7c19b1e8
R
P 0x7f2a7c191628
C 342
R
P 0x7f2a7c191628
P 0x7f2a7c19b1e8
C 209
R
P 0x7f2a7c191628
C 342
R
P 0x7f2a7c191628
P 0x7f2a7c1a21f8
C 260
R
P 0x7f2a7c191628
C 342
R
P 0x7f2a7c191628
P 0x7f2a7c1a21f8
C 259
R
P 0x7f2a7c191628
C 342
R
P 0x7f2a7c191628
P 0x7f2a7c1a21f8
C 258
R
P 0x7f2a7c191628
C 342
R
P 0x7f2a7c191628
P 0x7f2a7c1a21f8
C 9
R
P 0x7f2a7c191628
C 342
R
P 0x7f2a7c191628
P 0x7f2a7c19bfe8
P 0x7f2a7c1a21f8
C 74
= 0x7f2a7c2cc700
R
P 0x7f2a7c191628
C 342
R
P 0x7f2a7c191628
P 0x7f2a7c2cc700
C 258
R
P 0x7f2a7c191628
C 342
R
P 0x7f2a7c191628
P 0x7f2a7c2cc700
C 9
R
P 0x7f2a7c191628
C 342
R
P 0x7f2a7c191628
U 2
P 0x7f2a7c2cc6c8
P 0x7f2a7c2cc700
p 2
C 63
= 0x7f2a7c2cc738
R
P 0x7f2a7c191628
C 342
R
P 0x7f2a7c191628
P 0x7f2a7c2cc738
C 258
R
P 0x7f2a7c191628
C 342
R
P 0x7f2a7c191628
P 0x7f2a7c2cc738
C 9
R
P 0x7f2a7c191628
C 342
R
P 0x7f2a7c191628
P 0x7f2a7c2cc738
C 58
= 0x7f2a7c19e608
R
P 0x7f2a7c191628
C 342
R
P 0x7f2a7c191628
P 0x7f2a7c19e608
C 258
R
P 0x7f2a7c191628
C 342
R
P 0x7f2a7c191628
P 0x7f2a7c19e608
C 9
R
P 0x7f2a7c191628
C 342
R
P 0x7f2a7c191628
P 0x7f2a7c19e5d8
P 0x7f2a7c19e608
C 61
= 0x7f2a7c2cc770
R
P 0x7f2a7c191628
C 342
R
P 0x7f2a7c191628
P 0x7f2a7c2cc770
C 258
R
P 0x7f2a7c191628
C 342
R
P 0x7f2a7c191628
P 0x7f2a7c2cc770
C 9
R
P 0x7f2a7c191628
C 342
R
P 0x7f2a7c191628
P 0x7f2a7c1e1fc8
P 0x7f2a7c2cc770
C 427
R
P 0x7f2a7c191628
C 342
R
P 0x7f2a7c191628
I 3
P 0x7f2a7c19b208
C 150
= 0x7f2a7c19bfc8
R
P 0x7f2a7c191628
C 342
R
P 0x7f2a7c191628
P 0x7f2a7c19bfc8
C 258
R
P 0x7f2a7c191628
C 342
R
P 0x7f2a7c191628
P 0x7f2a7c19bfc8
C 9
R
P 0x7f2a7c191628
C 342
R
P 0x7f2a7c191628
I 6
P 0x7f2a7c19b208
C 150
= 0x7f2a7c19c0e8
R
P 0x7f2a7c191628
C 342
R
P 0x7f2a7c191628
P 0x7f2a7c19c0e8
C 258
R
P 0x7f2a7c191628
C 342
R
P 0x7f2a7c191628
P 0x7f2a7c19c0e8
C 9
R
P 0x7f2a7c191628
C 342
R
P 0x7f2a7c191628
P 0x7f2a7c19bfc8
P 0x7f2a7c19c0e8
C 56
= 0x7f2a7c2cc7a8
R
P 0x7f2a7c191628
C 342
R
P 0x7f2a7c191628
P 0x7f2a7c2cc7a8
C 258
R
P 0x7f2a7c191628
C 342
R
P 0x7f2a7c191628
P 0x7f2a7c2cc7a8
C 9
R
P 0x7f2a7c191628
C 342
R
P 0x7f2a7c191628
P 0x7f2a7c2cc7a8
C 58
= 0x7f2a7c19e638
R
P 0x7f2a7c191628
C 342
R
P 0x7f2a7c191628
P 0x7f2a7c19e638
C 258
R
P 0x7f2a7c191628
C 342
R
P 0x7f2a7c191628
P 0x7f2a7c19e638
C 9
R
P 0x7f2a7c191628
C 342
R
P 0x7f2a7c191628
I 3
P 0x7f2a7c19b208
C 150
= 0x7f2a7c19bfc8
R
P 0x7f2a7c191628
C 342
R
P 0x7f2a7c191628
P 0x7f2a7c19bfc8
C 258
R
P 0x7f2a7c191628
C 342
R
P 0x7f2a7c191628
P 0x7f2a7c19bfc8
C 9
R
P 0x7f2a7c191628
C 342
R
P 0x7f2a7c191628
P 0x7f2a7c19bfc8
C 263
R
P 0x7f2a7c191628
C 342
R
P 0x7f2a7c191628
S "slot3Start"
C 30
R
P 0x7f2a7c191628
C 342
R
P 0x7f2a7c191628
$ |slot3Start|
C 202
R
P 0x7f2a7c191628
C 342
R
P 0x7f2a7c191628
$ |slot3Start|
P 0x7f2a7c19b1e8
C 51
= 0x7f2a7c19bfe8
R
P 0x7f2a7c191628
C 342
R
P 0x7f2a7c191628
P 0x7f2a7c19bfe8
C 257
R
P 0x7f2a7c191628
C 342
R
P 0x7f2a7c191628
P 0x7f2a7c19bfe8
C 254
= 0x7f2a7c19b1e8
R
P 0x7f2a7c191628
C 342
R
P 0x7f2a7c191628
P 0x7f2a7c19b1e8
C 209
R
P 0x7f2a7c191628
C 342
R
P 0x7f2a7c191628
P 0x7f2a7c19bfe8
C 260
R
P 0x7f2a7c191628
C 342
R
P 0x7f2a7c191628
P 0x7f2a7c19bfe8
C 259
R
P 0x7f2a7c191628
C 342
R
P 0x7f2a7c191628
P 0x7f2a7c19bfe8
C 258
R
P 0x7f2a7c191628
C 342
R
P 0x7f2a7c191628
P 0x7f2a7c19bfe8
C 9
R
P 0x7f2a7c191628
C 342
R
P 0x7f2a7c191628
I 6
P 0x7f2a7c19b208
C 150
= 0x7f2a7c19c0e8
R
P 0x7f2a7c191628
C 342
R
P 0x7f2a7c191628
P 0x7f2a7c19c0e8
C 258
R
P 0x7f2a7c191628
C 342
R
P 0x7f2a7c191628
P 0x7f2a7c19c0e8
C 9
R
P 0x7f2a7c191628
C 342
R
P 0x7f2a7c191628
P 0x7f2a7c19c0e8
C 263
R
P 0x7f2a7c191628
C 342
R
P 0x7f2a7c191628
S "slot6Start"
C 30
R
P 0x7f2a7c191628
C 342
R
P 0x7f2a7c191628
$ |slot6Start|
C 202
R
P 0x7f2a7c191628
C 342
R
P 0x7f2a7c191628
$ |slot6Start|
P 0x7f2a7c19b1e8
C 51
= 0x7f2a7c19c108
R
P 0x7f2a7c191628
C 342
R
P 0x7f2a7c191628
P 0x7f2a7c19c108
C 257
R
P 0x7f2a7c191628
C 342
R
P 0x7f2a7c191628
P 0x7f2a7c19c108
C 254
= 0x7f2a7c19b1e8
R
P 0x7f2a7c191628
C 342
R
P 0x7f2a7c191628
P 0x7f2a7c19b1e8
C 209
R
P 0x7f2a7c191628
C 342
R
P 0x7f2a7c191628
P 0x7f2a7c19c108
C 260
R
P 0x7f2a7c191628
C 342
R
P 0x7f2a7c191628
P 0x7f2a7c19c108
C 259
R
P 0x7f2a7c191628
C 342
R
P 0x7f2a7c191628
P 0x7f2a7c19c108
C 258
R
P 0x7f2a7c191628
C 342
R
P 0x7f2a7c191628
P 0x7f2a7c19c108
C 9
R
P 0x7f2a7c191628
C 342
R
P 0x7f2a7c191628
P 0x7f2a7c19bfe8
P 0x7f2a7c19c108
C 76
= 0x7f2a7c2cc7e0
R
P 0x7f2a7c191628
C 342
R
P 0x7f2a7c191628
P 0x7f2a7c2cc7e0
C 258
R
P 0x7f2a7c191628
C 342
R
P 0x7f2a7c191628
P 0x7f2a7c2cc7e0
C 9
R
P 0x7f2a7c191628
C 342
R
P 0x7f2a7c191628
I 3
P 0x7f2a7c19b208
C 150
= 0x7f2a7c19bfc8
R
P 0x7f2a7c191628
C 342
R
P 0x7f2a7c191628
P 0x7f2a7c19bfc8
C 258
R
P 0x7f2a7c191628
C 342
R
P 0x7f2a7c191628
P 0x7f2a7c19bfc8
C 9
R
P 0x7f2a7c191628
C 342
R
P 0x7f2a7c191628
P 0x7f2a7c19bfc8
C 263
R
P 0x7f2a7c191628
C 342
R
P 0x7f2a7c191628
S "slot3Start"
C 30
R
P 0x7f2a7c191628
C 342
R
P 0x7f2a7c191628
$ |slot3Start|
C 202
R
P 0x7f2a7c191628
C 342
R
P 0x7f2a7c191628
$ |slot3Start|
P 0x7f2a7c19b1e8
C 51
= 0x7f2a7c19bfe8
R
P 0x7f2a7c191628
C 342
R
P 0x7f2a7c191628
P 0x7f2a7c19bfe8
C 257
R
P 0x7f2a7c191628
C 342
R
P 0x7f2a7c191628
P 0x7f2a7c19bfe8
C 254
= 0x7f2a7c19b1e8
R
P 0x7f2a7c191628
C 342
R
P 0x7f2a7c191628
P 0x7f2a7c19b1e8
C 209
R
P 0x7f2a7c191628
C 342
R
P 0x7f2a7c191628
P 0x7f2a7c19bfe8
C 260
R
P 0x7f2a7c191628
C 342
R
P 0x7f2a7c191628
P 0x7f2a7c19bfe8
C 259
R
P 0x7f2a7c191628
C 342
R
P 0x7f2a7c191628
P 0x7f2a7c19bfe8
C 258
R
P 0x7f2a7c191628
C 342
R
P 0x7f2a7c191628
P 0x7f2a7c19bfe8
C 9
R
P 0x7f2a7c191628
C 342
R
P 0x7f2a7c191628
I 6
P 0x7f2a7c19b208
C 150
= 0x7f2a7c19c0e8
R
P 0x7f2a7c191628
C 342
R
P 0x7f2a7c191628
P 0x7f2a7c19c0e8
C 258
R
P 0x7f2a7c191628
C 342
R
P 0x7f2a7c191628
P 0x7f2a7c19c0e8
C 9
R
P 0x7f2a7c191628
C 342
R
P 0x7f2a7c191628
P 0x7f2a7c19c0e8
C 263
R
P 0x7f2a7c191628
C 342
R
P 0x7f2a7c191628
S "slot6Start"
C 30
R
P 0x7f2a7c191628
C 342
R
P 0x7f2a7c191628
$ |slot6Start|
C 202
R
P 0x7f2a7c191628
C 342
R
P 0x7f2a7c191628
$ |slot6Start|
P 0x7f2a7c19b1e8
C 51
= 0x7f2a7c19c108
R
P 0x7f2a7c191628
C 342
R
P 0x7f2a7c191628
P 0x7f2a7c19c108
C 257
R
P 0x7f2a7c191628
C 342
R
P 0x7f2a7c191628
P 0x7f2a7c19c108
C 254
= 0x7f2a7c19b1e8
R
P 0x7f2a7c191628
C 342
R
P 0x7f2a7c191628
P 0x7f2a7c19b1e8
C 209
R
P 0x7f2a7c191628
C 342
R
P 0x7f2a7c191628
P 0x7f2a7c19c108
C 260
R
P 0x7f2a7c191628
C 342
R
P 0x7f2a7c191628
P 0x7f2a7c19c108
C 259
R
P 0x7f2a7c191628
C 342
R
P 0x7f2a7c191628
P 0x7f2a7c19c108
C 258
R
P 0x7f2a7c191628
C 342
R
P 0x7f2a7c191628
P 0x7f2a7c19c108
C 9
R
P 0x7f2a7c191628
C 342
R
P 0x7f2a7c191628
I 6
P 0x7f2a7c19b208
C 150
= 0x7f2a7c19c0e8
R
P 0x7f2a7c191628
C 342
R
P 0x7f2a7c191628
P 0x7f2a7c19c0e8
C 258
R
P 0x7f2a7c191628
C 342
R
P 0x7f2a7c191628
P 0x7f2a7c19c0e8
C 9
R
P 0x7f2a7c191628
C 342
R
P 0x7f2a7c191628
P 0x7f2a7c19c0e8
C 263
R
P 0x7f2a7c191628
C 342
R
P 0x7f2a7c191628
S "slot6Duration"
C 30
R
P 0x7f2a7c191628
C 342
R
P 0x7f2a7c191628
$ |slot6Duration|
C 202
R
P 0x7f2a7c191628
C 342
R
P 0x7f2a7c191628
$ |slot6Duration|
P 0x7f2a7c19b1e8
C 51
= 0x7f2a7c19c128
R
P 0x7f2a7c191628
C 342
R
P 0x7f2a7c191628
P 0x7f2a7c19c128
C 257
R
P 0x7f2a7c191628
C 342
R
P 0x7f2a7c191628
P 0x7f2a7c19c128
C 254
= 0x7f2a7c19b1e8
R
P 0x7f2a7c191628
C 342
R
P 0x7f2a7c191628
P 0x7f2a7c19b1e8
C 209
R
P 0x7f2a7c191628
C 342
R
P 0x7f2a7c191628
P 0x7f2a7c19c128
C 260
R
P 0x7f2a7c191628
C 342
R
P 0x7f2a7c191628
P 0x7f2a7c19c128
C 259
R
P 0x7f2a7c191628
C 342
R
P 0x7f2a7c191628
P 0x7f2a7c19c128
C 258
R
P 0x7f2a7c191628
C 342
R
P 0x7f2a7c191628
P 0x7f2a7c19c128
C 9
R
P 0x7f2a7c191628
C 342
R
P 0x7f2a7c191628
U 2
P 0x7f2a7c19c108
P 0x7f2a7c19c128
p 2
C 65
= 0x7f2a7c1a2348
R
P 0x7f2a7c191628
C 342
R
P 0x7f2a7c191628
P 0x7f2a7c1a2348
C 257
R
P 0x7f2a7c191628
C 342
R
P 0x7f2a7c191628
P 0x7f2a7c1a2348
C 254
= 0x7f2a7c19b1e8
R
P 0x7f2a7c191628
C 342
R
P 0x7f2a7c191628
P 0x7f2a7c19b1e8
C 209
R
P 0x7f2a7c191628
C 342
R
P 0x7f2a7c191628
P 0x7f2a7c1a2348
C 260
R
P 0x7f2a7c191628
C 342
R
P 0x7f2a7c191628
P 0x7f2a7c1a2348
C 259
R
P 0x7f2a7c191628
C 342
R
P 0x7f2a7c191628
P 0x7f2a7c1a2348
C 258
R
P 0x7f2a7c191628
C 342
R
P 0x7f2a7c191628
P 0x7f2a7c1a2348
C 9
R
P 0x7f2a7c191628
C 342
R
P 0x7f2a7c191628
P 0x7f2a7c19bfe8
P 0x7f2a7c1a2348
C 74
= 0x7f2a7c2cc818
R
P 0x7f2a7c191628
C 342
R
P 0x7f2a7c191628
P 0x7f2a7c2cc818
C 258
R
P 0x7f2a7c191628
C 342
R
P 0x7f2a7c191628
P 0x7f2a7c2cc818
C 9
R
P 0x7f2a7c191628
C 342
R
P 0x7f2a7c191628
U 2
P 0x7f2a7c2cc7e0
P 0x7f2a7c2cc818
p 2
C 63
= 0x7f2a7c2cc850
R
P 0x7f2a7c191628
C 342
R
P 0x7f2a7c191628
P 0x7f2a7c2cc850
C 258
R
P 0x7f2a7c191628
C 342
R
P 0x7f2a7c191628
P 0x7f2a7c2cc850
C 9
R
P 0x7f2a7c191628
C 342
R
P 0x7f2a7c191628
P 0x7f2a7c2cc850
C 58
= 0x7f2a7c19e668
R
P 0x7f2a7c191628
C 342
R
P 0x7f2a7c191628
P 0x7f2a7c19e668
C 258
R
P 0x7f2a7c191628
C 342
R
P 0x7f2a7c191628
P 0x7f2a7c19e668
C 9
R
P 0x7f2a7c191628
C 342
R
P 0x7f2a7c191628
P 0x7f2a7c19e638
P 0x7f2a7c19e668
C 61
= 0x7f2a7c2cc888
R
P 0x7f2a7c191628
C 342
R
P 0x7f2a7c191628
P 0x7f2a7c2cc888
C 258
R
P 0x7f2a7c191628
C 342
R
P 0x7f2a7c191628
P 0x7f2a7c2cc888
C 9
R
P 0x7f2a7c191628
C 342
R
P 0x7f2a7c191628
P 0x7f2a7c1e1fc8
P 0x7f2a7c2cc888
C 427
R
P 0x7f2a7c191628
C 342
R
P 0x7f2a7c191628
I 3
P 0x7f2a7c19b208
C 150
= 0x7f2a7c19bfc8
R
P 0x7f2a7c191628
C 342
R
P 0x7f2a7c191628
P 0x7f2a7c19bfc8
C 258
R
P 0x7f2a7c191628
C 342
R
P 0x7f2a7c191628
P 0x7f2a7c19bfc8
C 9
R
P 0x7f2a7c191628
C 342
R
P 0x7f2a7c191628
I 7
P 0x7f2a7c19b208
C 150
= 0x7f2a7c19c148
R
P 0x7f2a7c191628
C 342
R
P 0x7f2a7c191628
P 0x7f2a7c19c148
C 258
R
P 0x7f2a7c191628
C 342
R
P 0x7f2a7c191628
P 0x7f2a7c19c148
C 9
R
P 0x7f2a7c191628
C 342
R
P 0x7f2a7c191628
P 0x7f2a7c19bfc8
P 0x7f2a7c19c148
C 56
= 0x7f2a7c2cc8c0
R
P 0x7f2a7c191628
C 342
R
P 0x7f2a7c191628
P 0x7f2a7c2cc8c0
C 258
R
P 0x7f2a7c191628
C 342
R
P 0x7f2a7c191628
P 0x7f2a7c2cc8c0
C 9
R
P 0x7f2a7c191628
C 342
R
P 0x7f2a7c191628
P 0x7f2a7c2cc8c0
C 58
= 0x7f2a7c19e698
R
P 0x7f2a7c191628
C 342
R
P 0x7f2a7c191628
P 0x7f2a7c19e698
C 258
R
P 0x7f2a7c191628
C 342
R
P 0x7f2a7c191628
P 0x7f2a7c19e698
C 9
R
P 0x7f2a7c191628
C 342
R
P 0x7f2a7c191628
I 3
P 0x7f2a7c19b208
C 150
= 0x7f2a7c19bfc8
R
P 0x7f2a7c191628
C 342
R
P 0x7f2a7c191628
P 0x7f2a7c19bfc8
C 258
R
P 0x7f2a7c191628
C 342
R
P 0x7f2a7c191628
P 0x7f2a7c19bfc8
C 9
R
P 0x7f2a7c191628
C 342
R
P 0x7f2a7c191628
P 0x7f2a7c19bfc8
C 263
R
P 0x7f2a7c191628
C 342
R
P 0x7f2a7c191628
S "slot3Start"
C 30
R
P 0x7f2a7c191628
C 342
R
P 0x7f2a7c191628
$ |slot3Start|
C 202
R
P 0x7f2a7c191628
C 342
R
P 0x7f2a7c191628
$ |slot3Start|
P 0x7f2a7c19b1e8
C 51
= 0x7f2a7c19bfe8
R
P 0x7f2a7c191628
C 342
R
P 0x7f2a7c191628
P 0x7f2a7c19bfe8
C 257
R
P 0x7f2a7c191628
C 342
R
P 0x7f2a7c191628
P 0x7f2a7c19bfe8
C 254
= 0x7f2a7c19b1e8
R
P 0x7f2a7c191628
C 342
R
P 0x7f2a7c191628
P 0x7f2a7c19b1e8
C 209
R
P 0x7f2a7c191628
C 342
R
P 0x7f2a7c191628
P 0x7f2a7c19bfe8
C 260
R
P 0x7f2a7c191628
C 342
R
P 0x7f2a7c191628
P 0x7f2a7c19bfe8
C 259
R
P 0x7f2a7c191628
C 342
R
P 0x7f2a7c191628
P 0x7f2a7c19bfe8
C 258
R
P 0x7f2a7c191628
C 342
R
P 0x7f2a7c191628
P 0x7f2a7c19bfe8
C 9
R
P 0x7f2a7c191628
C 342
R
P 0x7f2a7c191628
I 7
P 0x7f2a7c19b208
C 150
= 0x7f2a7c19c148
R
P 0x7f2a7c191628
C 342
R
P 0x7f2a7c191628
P 0x7f2a7c19c148
C 258
R
P 0x7f2a7c191628
C 342
R
P 0x7f2a7c191628
P 0x7f2a7c19c148
C 9
R
P 0x7f2a7c191628
C 342
R
P 0x7f2a7c191628
P 0x7f2a7c19c148
C 263
R
P 0x7f2a7c191628
C 342
R
P 0x7f2a7c191628
S "slot7Start"
C 30
R
P 0x7f2a7c191628
C 342
R
P 0x7f2a7c191628
$ |slot7Start|
C 202
R
P 0x7f2a7c191628
C 342
R
P 0x7f2a7c191628
$ |slot7Start|
P 0x7f2a7c19b1e8
C 51
= 0x7f2a7c19c168
R
P 0x7f2a7c191628
C 342
R
P 0x7f2a7c191628
P 0x7f2a7c19c168
C 257
R
P 0x7f2a7c191628
C 342
R
P 0x7f2a7c191628
P 0x7f2a7c19c168
C 254
= 0x7f2a7c19b1e8
R
P 0x7f2a7c191628
C 342
R
P 0x7f2a7c191628
P 0x7f2a7c19b1e8
C 209
R
P 0x7f2a7c191628
C 342
R
P 0x7f2a7c191628
P 0x7f2a7c19c168
C 260
R
P 0x7f2a7c191628
C 342
R
P 0x7f2a7c191628
P 0x7f2a7c19c168
C 259
R
P 0x7f2a7c191628
C 342
R
P 0x7f2a7c191628
P 0x7f2a7c19c168
C 258
R
P 0x7f2a7c191628
C 342
R
P 0x7f2a7c191628
P 0x7f2a7c19c168
C 9
R
P 0x7f2a7c191628
C 342
R
P 0x7f2a7c191628
P 0x7f2a7c19bfe8
P 0x7f2a7c19c168
C 76
= 0x7f2a7c2cc8f8
R
P 0x7f2a7c191628
C 342
R
P 0x7f2a7c191628
P 0x7f2a7c2cc8f8
C 258
R
P 0x7f2a7c191628
C 342
R
P 0x7f2a7c191628
P 0x7f2a7c2cc8f8
C 9
R
P 0x7f2a7c191628
C 342
R
P 0x7f2a7c191628
I 3
P 0x7f2a7c19b208
C 150
= 0x7f2a7c19bfc8
R
P 0x7f2a7c191628
C 342
R
P 0x7f2a7c191628
P 0x7f2a7c19bfc8
C 258
R
P 0x7f2a7c191628
C 342
R
P 0x7f2a7c191628
P 0x7f2a7c19bfc8
C 9
R
P 0x7f2a7c191628
C 342
R
P 0x7f2a7c191628
P 0x7f2a7c19bfc8
C 263
R
P 0x7f2a7c191628
C 342
R
P 0x7f2a7c191628
S "slot3Start"
C 30
R
P 0x7f2a7c191628
C 342
R
P 0x7f2a7c191628
$ |slot3Start|
C 202
R
P 0x7f2a7c191628
C 342
R
P 0x7f2a7c191628
$ |slot3Start|
P 0x7f2a7c19b1e8
C 51
= 0x7f2a7c19bfe8
R
P 0x7f2a7c191628
C 342
R
P 0x7f2a7c191628
P 0x7f2a7c19bfe8
C 257
R
P 0x7f2a7c191628
C 342
R
P 0x7f2a7c191628
P 0x7f2a7c19bfe8
C 254
= 0x7f2a7c19b1e8
R
P 0x7f2a7c191628
C 342
R
P 0x7f2a7c191628
P 0x7f2a7c19b1e8
C 209
R
P 0x7f2a7c191628
C 342
R
P 0x7f2a7c191628
P 0x7f2a7c19bfe8
C 260
R
P 0x7f2a7c191628
C 342
R
P 0x7f2a7c191628
P 0x7f2a7c19bfe8
C 259
R
P 0x7f2a7c191628
C 342
R
P 0x7f2a7c191628
P 0x7f2a7c19bfe8
C 258
R
P 0x7f2a7c191628
C 342
R
P 0x7f2a7c191628
P 0x7f2a7c19bfe8
C 9
R
P 0x7f2a7c191628
C 342
R
P 0x7f2a7c191628
I 7
P 0x7f2a7c19b208
C 150
= 0x7f2a7c19c148
R
P 0x7f2a7c191628
C 342
R
P 0x7f2a7c191628
P 0x7f2a7c19c148
C 258
R
P 0x7f2a7c191628
C 342
R
P 0x7f2a7c191628
P 0x7f2a7c19c148
C 9
R
P 0x7f2a7c191628
C 342
R
P 0x7f2a7c191628
P 0x7f2a7c19c148
C 263
R
P 0x7f2a7c191628
C 342
R
P 0x7f2a7c191628
S "slot7Start"
C 30
R
P 0x7f2a7c191628
C 342
R
P 0x7f2a7c191628
$ |slot7Start|
C 202
R
P 0x7f2a7c191628
C 342
R
P 0x7f2a7c191628
$ |slot7Start|
P 0x7f2a7c19b1e8
C 51
= 0x7f2a7c19c168
R
P 0x7f2a7c191628
C 342
R
P 0x7f2a7c191628
P 0x7f2a7c19c168
C 257
R
P 0x7f2a7c191628
C 342
R
P 0x7f2a7c191628
P 0x7f2a7c19c168
C 254
= 0x7f2a7c19b1e8
R
P 0x7f2a7c191628
C 342
R
P 0x7f2a7c191628
P 0x7f2a7c19b1e8
C 209
R
P 0x7f2a7c191628
C 342
R
P 0x7f2a7c191628
P 0x7f2a7c19c168
C 260
R
P 0x7f2a7c191628
C 342
R
P 0x7f2a7c191628
P 0x7f2a7c19c168
C 259
R
P 0x7f2a7c191628
C 342
R
P 0x7f2a7c191628
P 0x7f2a7c19c168
C 258
R
P 0x7f2a7c191628
C 342
R
P 0x7f2a7c191628
P 0x7f2a7c19c168
C 9
R
P 0x7f2a7c191628
C 342
R
P 0x7f2a7c191628
I 7
P 0x7f2a7c19b208
C 150
= 0x7f2a7c19c148
R
P 0x7f2a7c191628
C 342
R
P 0x7f2a7c191628
P 0x7f2a7c19c148
C 258
R
P 0x7f2a7c191628
C 342
R
P 0x7f2a7c191628
P 0x7f2a7c19c148
C 9
R
P 0x7f2a7c191628
C 342
R
P 0x7f2a7c191628
P 0x7f2a7c19c148
C 263
R
P 0x7f2a7c191628
C 342
R
P 0x7f2a7c191628
S "slot7Duration"
C 30
R
P 0x7f2a7c191628
C 342
R
P 0x7f2a7c191628
$ |slot7Duration|
C 202
R
P 0x7f2a7c191628
C 342
R
P 0x7f2a7c191628
$ |slot7Duration|
P 0x7f2a7c19b1e8
C 51
= 0x7f2a7c19c188
R
P 0x7f2a7c191628
C 342
R
P 0x7f2a7c191628
P 0x7f2a7c19c188
C 257
R
P 0x7f2a7c191628
C 342
R
P 0x7f2a7c191628
P 0x7f2a7c19c188
C 254
= 0x7f2a7c19b1e8
R
P 0x7f2a7c191628
C 342
R
P 0x7f2a7c191628
P 0x7f2a7c19b1e8
C 209
R
P 0x7f2a7c191628
C 342
R
P 0x7f2a7c191628
P 0x7f2a7c19c188
C 260
R
P 0x7f2a7c191628
C 342
R
P 0x7f2a7c191628
P 0x7f2a7c19c188
C 259
R
P 0x7f2a7c191628
C 342
R
P 0x7f2a7c191628
P 0x7f2a7c19c188
C 258
R
P 0x7f2a7c191628
C 342
R
P 0x7f2a7c191628
P 0x7f2a7c19c188
C 9
R
P 0x7f2a7c191628
C 342
R
P 0x7f2a7c191628
U 2
P 0x7f2a7c19c168
P 0x7f2a7c19c188
p 2
C 65
= 0x7f2a7c1a2498
R
P 0x7f2a7c191628
C 342
R
P 0x7f2a7c191628
P 0x7f2a7c1a2498
C 257
R
P 0x7f2a7c191628
C 342
R
P 0x7f2a7c191628
P 0x7f2a7c1a2498
C 254
= 0x7f2a7c19b1e8
R
P 0x7f2a7c191628
C 342
R
P 0x7f2a7c191628
P 0x7f2a7c19b1e8
C 209
R
P 0x7f2a7c191628
C 342
R
P 0x7f2a7c191628
P 0x7f2a7c1a2498
C 260
R
P 0x7f2a7c191628
C 342
R
P 0x7f2a7c191628
P 0x7f2a7c1a2498
C 259
R
P 0x7f2a7c191628
C 342
R
P 0x7f2a7c191628
P 0x7f2a7c1a2498
C 258
R
P 0x7f2a7c191628
C 342
R
P 0x7f2a7c191628
P 0x7f2a7c1a2498
C 9
R
P 0x7f2a7c191628
C 342
R
P 0x7f2a7c191628
P 0x7f2a7c19bfe8
P 0x7f2a7c1a2498
C 74
= 0x7f2a7c2cc930
R
P 0x7f2a7c191628
C 342
R
P 0x7f2a7c191628
P 0x7f2a7c2cc930
C 258
R
P 0x7f2a7c191628
C 342
R
P 0x7f2a7c191628
P 0x7f2a7c2cc930
C 9
R
P 0x7f2a7c191628
C 342
R
P 0x7f2a7c191628
U 2
P 0x7f2a7c2cc8f8
P 0x7f2a7c2cc930
p 2
C 63
= 0x7f2a7c2cc968
R
P 0x7f2a7c191628
C 342
R
P 0x7f2a7c191628
P 0x7f2a7c2cc968
C 258
R
P 0x7f2a7c191628
C 342
R
P 0x7f2a7c191628
P 0x7f2a7c2cc968
C 9
R
P 0x7f2a7c191628
C 342
R
P 0x7f2a7c191628
P 0x7f2a7c2cc968
C 58
= 0x7f2a7c19e6c8
R
P 0x7f2a7c191628
C 342
R
P 0x7f2a7c191628
P 0x7f2a7c19e6c8
C 258
R
P 0x7f2a7c191628
C 342
R
P 0x7f2a7c191628
P 0x7f2a7c19e6c8
C 9
R
P 0x7f2a7c191628
C 342
R
P 0x7f2a7c191628
P 0x7f2a7c19e698
P 0x7f2a7c19e6c8
C 61
= 0x7f2a7c2cc9a0
R
P 0x7f2a7c191628
C 342
R
P 0x7f2a7c191628
P 0x7f2a7c2cc9a0
C 258
R
P 0x7f2a7c191628
C 342
R
P 0x7f2a7c191628
P 0x7f2a7c2cc9a0
C 9
R
P 0x7f2a7c191628
C 342
R
P 0x7f2a7c191628
P 0x7f2a7c1e1fc8
P 0x7f2a7c2cc9a0
C 427
R
P 0x7f2a7c191628
C 342
R
P 0x7f2a7c191628
I 3
P 0x7f2a7c19b208
C 150
= 0x7f2a7c19bfc8
R
P 0x7f2a7c191628
C 342
R
P 0x7f2a7c191628
P 0x7f2a7c19bfc8
C 258
R
P 0x7f2a7c191628
C 342
R
P 0x7f2a7c191628
P 0x7f2a7c19bfc8
C 9
R
P 0x7f2a7c191628
C 342
R
P 0x7f2a7c191628
I 8
P 0x7f2a7c19b208
C 150
= 0x7f2a7c19c1a8
R
P 0x7f2a7c191628
C 342
R
P 0x7f2a7c191628
P 0x7f2a7c19c1a8
C 258
R
P 0x7f2a7c191628
C 342
R
P 0x7f2a7c191628
P 0x7f2a7c19c1a8
C 9
R
P 0x7f2a7c191628
C 342
R
P 0x7f2a7c191628
P 0x7f2a7c19bfc8
P 0x7f2a7c19c1a8
C 56
= 0x7f2a7c2cc9d8
R
P 0x7f2a7c191628
C 342
R
P 0x7f2a7c191628
P 0x7f2a7c2cc9d8
C 258
R
P 0x7f2a7c191628
C 342
R
P 0x7f2a7c191628
P 0x7f2a7c2cc9d8
C 9
R
P 0x7f2a7c191628
C 342
R
P 0x7f2a7c191628
P 0x7f2a7c2cc9d8
C 58
= 0x7f2a7c19e6f8
R
P 0x7f2a7c191628
C 342
R
P 0x7f2a7c191628
P 0x7f2a7c19e6f8
C 258
R
P 0x7f2a7c191628
C 342
R
P 0x7f2a7c191628
P 0x7f2a7c19e6f8
C 9
R
P 0x7f2a7c191628
C 342
R
P 0x7f2a7c191628
I 3
P 0x7f2a7c19b208
C 150
= 0x7f2a7c19bfc8
R
P 0x7f2a7c191628
C 342
R
P 0x7f2a7c191628
P 0x7f2a7c19bfc8
C 258
R
P 0x7f2a7c191628
C 342
R
P 0x7f2a7c191628
P 0x7f2a7c19bfc8
C 9
R
P 0x7f2a7c191628
C 342
R
P 0x7f2a7c191628
P 0x7f2a7c19bfc8
C 263
R
P 0x7f2a7c191628
C 342
R
P 0x7f2a7c191628
S "slot3Start"
C 30
R
P 0x7f2a7c191628
C 342
R
P 0x7f2a7c191628
$ |slot3Start|
C 202
R
P 0x7f2a7c191628
C 342
R
P 0x7f2a7c191628
$ |slot3Start|
P 0x7f2a7c19b1e8
C 51
= 0x7f2a7c19bfe8
R
P 0x7f2a7c191628
C 342
R
P 0x7f2a7c191628
P 0x7f2a7c19bfe8
C 257
R
P 0x7f2a7c191628
C 342
R
P 0x7f2a7c191628
P 0x7f2a7c19bfe8
C 254
= 0x7f2a7c19b1e8
R
P 0x7f2a7c191628
C 342
R
P 0x7f2a7c191628
P 0x7f2a7c19b1e8
C 209
R
P 0x7f2a7c191628
C 342
R
P 0x7f2a7c191628
P 0x7f2a7c19bfe8
C 260
R
P 0x7f2a7c191628
C 342
R
P 0x7f2a7c191628
P 0x7f2a7c19bfe8
C 259
R
P 0x7f2a7c191628
C 342
R
P 0x7f2a7c191628
P 0x7f2a7c19bfe8
C 258
R
P 0x7f2a7c191628
C 342
R
P 0x7f2a7c191628
P 0x7f2a7c19bfe8
C 9
R
P 0x7f2a7c191628
C 342
R
P 0x7f2a7c191628
I 8
P 0x7f2a7c19b208
C 150
= 0x7f2a7c19c1a8
R
P 0x7f2a7c191628
C 342
R
P 0x7f2a7c191628
P 0x7f2a7c19c1a8
C 258
R
P 0x7f2a7c191628
C 342
R
P 0x7f2a7c191628
P 0x7f2a7c19c1a8
C 9
R
P 0x7f2a7c191628
C 342
R
P 0x7f2a7c191628
P 0x7f2a7c19c1a8
C 263
R
P 0x7f2a7c191628
C 342
R
P 0x7f2a7c191628
S "slot8Start"
C 30
R
P 0x7f2a7c191628
C 342
R
P 0x7f2a7c191628
$ |slot8Start|
C 202
R
P 0x7f2a7c191628
C 342
R
P 0x7f2a7c191628
$ |slot8Start|
P 0x7f2a7c19b1e8
C 51
= 0x7f2a7c19c1c8
R
P 0x7f2a7c191628
C 342
R
P 0x7f2a7c191628
P 0x7f2a7c19c1c8
C 257
R
P 0x7f2a7c191628
C 342
R
P 0x7f2a7c191628
P 0x7f2a7c19c1c8
C 254
= 0x7f2a7c19b1e8
R
P 0x7f2a7c191628
C 342
R
P 0x7f2a7c191628
P 0x7f2a7c19b1e8
C 209
R
P 0x7f2a7c191628
C 342
R
P 0x7f2a7c191628
P 0x7f2a7c19c1c8
C 260
R
P 0x7f2a7c191628
C 342
R
P 0x7f2a7c191628
P 0x7f2a7c19c1c8
C 259
R
P 0x7f2a7c191628
C 342
R
P 0x7f2a7c191628
P 0x7f2a7c19c1c8
C 258
R
P 0x7f2a7c191628
C 342
R
P 0x7f2a7c191628
P 0x7f2a7c19c1c8
C 9
R
P 0x7f2a7c191628
C 342
R
P 0x7f2a7c191628
P 0x7f2a7c19bfe8
P 0x7f2a7c19c1c8
C 76
= 0x7f2a7c2cca10
R
P 0x7f2a7c191628
C 342
R
P 0x7f2a7c191628
P 0x7f2a7c2cca10
C 258
R
P 0x7f2a7c191628
C 342
R
P 0x7f2a7c191628
P 0x7f2a7c2cca10
C 9
R
P 0x7f2a7c191628
C 342
R
P 0x7f2a7c191628
I 3
P 0x7f2a7c19b208
C 150
= 0x7f2a7c19bfc8
R
P 0x7f2a7c191628
C 342
R
P 0x7f2a7c191628
P 0x7f2a7c19bfc8
C 258
R
P 0x7f2a7c191628
C 342
R
P 0x7f2a7c191628
P 0x7f2a7c19bfc8
C 9
R
P 0x7f2a7c191628
C 342
R
P 0x7f2a7c191628
P 0x7f2a7c19bfc8
C 263
R
P 0x7f2a7c191628
C 342
R
P 0x7f2a7c191628
S "slot3Start"
C 30
R
P 0x7f2a7c191628
C 342
R
P 0x7f2a7c191628
$ |slot3Start|
C 202
R
P 0x7f2a7c191628
C 342
R
P 0x7f2a7c191628
$ |slot3Start|
P 0x7f2a7c19b1e8
C 51
= 0x7f2a7c19bfe8
R
P 0x7f2a7c191628
C 342
R
P 0x7f2a7c191628
P 0x7f2a7c19bfe8
C 257
R
P 0x7f2a7c191628
C 342
R
P 0x7f2a7c191628
P 0x7f2a7c19bfe8
C 254
= 0x7f2a7c19b1e8
R
P 0x7f2a7c191628
C 342
R
P 0x7f2a7c191628
P 0x7f2a7c19b1e8
C 209
R
P 0x7f2a7c191628
C 342
R
P 0x7f2a7c191628
P 0x7f2a7c19bfe8
C 260
R
P 0x7f2a7c191628
C 342
R
P 0x7f2a7c191628
P 0x7f2a7c19bfe8
C 259
R
P 0x7f2a7c191628
C 342
R
P 0x7f2a7c191628
P 0x7f2a7c19bfe8
C 258
R
P 0x7f2a7c191628
C 342
R
P 0x7f2a7c191628
P 0x7f2a7c19bfe8
C 9
R
P 0x7f2a7c191628
C 342
R
P 0x7f2a7c191628
I 8
P 0x7f2a7c19b208
C 150
= 0x7f2a7c19c1a8
R
P 0x7f2a7c191628
C 342
R
P 0x7f2a7c191628
P 0x7f2a7c19c1a8
C 258
R
P 0x7f2a7c191628
C 342
R
P 0x7f2a7c191628
P 0x7f2a7c19c1a8
C 9
R
P 0x7f2a7c191628
C 342
R
P 0x7f2a7c191628
P 0x7f2a7c19c1a8
C 263
R
P 0x7f2a7c191628
C 342
R
P 0x7f2a7c191628
S "slot8Start"
C 30
R
P 0x7f2a7c191628
C 342
R
P 0x7f2a7c191628
$ |slot8Start|
C 202
R
P 0x7f2a7c191628
C 342
R
P 0x7f2a7c191628
$ |slot8Start|
P 0x7f2a7c19b1e8
C 51
= 0x7f2a7c19c1c8
R
P 0x7f2a7c191628
C 342
R
P 0x7f2a7c191628
P 0x7f2a7c19c1c8
C 257
R
P 0x7f2a7c191628
C 342
R
P 0x7f2a7c191628
P 0x7f2a7c19c1c8
C 254
= 0x7f2a7c19b1e8
R
P 0x7f2a7c191628
C 342
R
P 0x7f2a7c191628
P 0x7f2a7c19b1e8
C 209
R
P 0x7f2a7c191628
C 342
R
P 0x7f2a7c191628
P 0x7f2a7c19c1c8
C 260
R
P 0x7f2a7c191628
C 342
R
P 0x7f2a7c191628
P 0x7f2a7c19c1c8
C 259
R
P 0x7f2a7c191628
C 342
R
P 0x7f2a7c191628
P 0x7f2a7c19c1c8
C 258
R
P 0x7f2a7c191628
C 342
R
P 0x7f2a7c191628
P 0x7f2a7c19c1c8
C 9
R
P 0x7f2a7c191628
C 342
R
P 0x7f2a7c191628
I 8
P 0x7f2a7c19b208
C 150
= 0x7f2a7c19c1a8
R
P 0x7f2a7c191628
C 342
R
P 0x7f2a7c191628
P 0x7f2a7c19c1a8
C 258
R
P 0x7f2a7c191628
C 342
R
P 0x7f2a7c191628
P 0x7f2a7c19c1a8
C 9
R
P 0x7f2a7c191628
C 342
R
P 0x7f2a7c191628
P 0x7f2a7c19c1a8
C 263
R
P 0x7f2a7c191628
C 342
R
P 0x7f2a7c191628
S "slot8Duration"
C 30
R
P 0x7f2a7c191628
C 342
R
P 0x7f2a7c191628
$ |slot8Duration|
C 202
R
P 0x7f2a7c191628
C 342
R
P 0x7f2a7c191628
$ |slot8Duration|
P 0x7f2a7c19b1e8
C 51
= 0x7f2a7c19c1e8
R
P 0x7f2a7c191628
C 342
R
P 0x7f2a7c191628
P 0x7f2a7c19c1e8
C 257
R
P 0x7f2a7c191628
C 342
R
P 0x7f2a7c191628
P 0x7f2a7c19c1e8
C 254
= 0x7f2a7c19b1e8
R
P 0x7f2a7c191628
C 342
R
P 0x7f2a7c191628
P 0x7f2a7c19b1e8
C 209
R
P 0x7f2a7c191628
C 342
R
P 0x7f2a7c191628
P 0x7f2a7c19c1e8
C 260
R
P 0x7f2a7c191628
C 342
R
P 0x7f2a7c191628
P 0x7f2a7c19c1e8
C 259
R
P 0x7f2a7c191628
C 342
R
P 0x7f2a7c191628
P 0x7f2a7c19c1e8
C 258
R
P 0x7f2a7c191628
C 342
R
P 0x7f2a7c191628
P 0x7f2a7c19c1e8
C 9
R
P 0x7f2a7c191628
C 342
R
P 0x7f2a7c191628
U 2
P 0x7f2a7c19c1c8
P 0x7f2a7c19c1e8
p 2
C 65
= 0x7f2a7c1a25e8
R
P 0x7f2a7c191628
C 342
R
P 0x7f2a7c191628
P 0x7f2a7c1a25e8
C 257
R
P 0x7f2a7c191628
C 342
R
P 0x7f2a7c191628
P 0x7f2a7c1a25e8
C 254
= 0x7f2a7c19b1e8
R
P 0x7f2a7c191628
C 342
R
P 0x7f2a7c191628
P 0x7f2a7c19b1e8
C 209
R
P 0x7f2a7c191628
C 342
R
P 0x7f2a7c191628
P 0x7f2a7c1a25e8
C 260
R
P 0x7f2a7c191628
C 342
R
P 0x7f2a7c191628
P 0x7f2a7c1a25e8
C 259
R
P 0x7f2a7c191628
C 342
R
P 0x7f2a7c191628
P 0x7f2a7c1a25e8
C 258
R
P 0x7f2a7c191628
C 342
R
P 0x7f2a7c191628
P 0x7f2a7c1a25e8
C 9
R
P 0x7f2a7c191628
C 342
R
P 0x7f2a7c191628
P 0x7f2a7c19bfe8
P 0x7f2a7c1a25e8
C 74
= 0x7f2a7c2cca48
R
P 0x7f2a7c191628
C 342
R
P 0x7f2a7c191628
P 0x7f2a7c2cca48
C 258
R
P 0x7f2a7c191628
C 342
R
P 0x7f2a7c191628
P 0x7f2a7c2cca48
C 9
R
P 0x7f2a7c191628
C 342
R
P 0x7f2a7c191628
U 2
P 0x7f2a7c2cca10
P 0x7f2a7c2cca48
p 2
C 63
= 0x7f2a7c2cca80
R
P 0x7f2a7c191628
C 342
R
P 0x7f2a7c191628
P 0x7f2a7c2cca80
C 258
R
P 0x7f2a7c191628
C 342
R
P 0x7f2a7c191628
P 0x7f2a7c2cca80
C 9
R
P 0x7f2a7c191628
C 342
R
P 0x7f2a7c191628
P 0x7f2a7c2cca80
C 58
= 0x7f2a7c19e728
R
P 0x7f2a7c191628
C 342
R
P 0x7f2a7c191628
P 0x7f2a7c19e728
C 258
R
P 0x7f2a7c191628
C 342
R
P 0x7f2a7c191628
P 0x7f2a7c19e728
C 9
R
P 0x7f2a7c191628
C 342
R
P 0x7f2a7c191628
P 0x7f2a7c19e6f8
P 0x7f2a7c19e728
C 61
= 0x7f2a7c2ccab8
R
P 0x7f2a7c191628
C 342
R
P 0x7f2a7c191628
P 0x7f2a7c2ccab8
C 258
R
P 0x7f2a7c191628
C 342
R
P 0x7f2a7c191628
P 0x7f2a7c2ccab8
C 9
R
P 0x7f2a7c191628
C 342
R
P 0x7f2a7c191628
P 0x7f2a7c1e1fc8
P 0x7f2a7c2ccab8
C 427
R
P 0x7f2a7c191628
C 342
R
P 0x7f2a7c191628
I 3
P 0x7f2a7c19b208
C 150
= 0x7f2a7c19bfc8
R
P 0x7f2a7c191628
C 342
R
P 0x7f2a7c191628
P 0x7f2a7c19bfc8
C 258
R
P 0x7f2a7c191628
C 342
R
P 0x7f2a7c191628
P 0x7f2a7c19bfc8
C 9
R
P 0x7f2a7c191628
C 342
R
P 0x7f2a7c191628
I 1
P 0x7f2a7c19b208
C 150
= 0x7f2a7c19bc88
R
P 0x7f2a7c191628
C 342
R
P 0x7f2a7c191628
P 0x7f2a7c19bc88
C 258
R
P 0x7f2a7c191628
C 342
R
P 0x7f2a7c191628
P 0x7f2a7c19bc88
C 9
R
P 0x7f2a7c191628
C 342
R
P 0x7f2a7c191628
P 0x7f2a7c19bfc8
P 0x7f2a7c19bc88
C 56
= 0x7f2a7c2cc2a0
R
P 0x7f2a7c191628
C 342
R
P 0x7f2a7c191628
P 0x7f2a7c2cc2a0
C 258
R
P 0x7f2a7c191628
C 342
R
P 0x7f2a7c191628
P 0x7f2a7c2cc2a0
C 9
R
P 0x7f2a7c191628
C 342
R
P 0x7f2a7c191628
P 0x7f2a7c2cc2a0
C 58
= 0x7f2a7c19e458
R
P 0x7f2a7c191628
C 342
R
P 0x7f2a7c191628
P 0x7f2a7c19e458
C 258
R
P 0x7f2a7c191628
C 342
R
P 0x7f2a7c191628
P 0x7f2a7c19e458
C 9
R
P 0x7f2a7c191628
C 342
R
P 0x7f2a7c191628
I 1
P 0x7f2a7c19b208
C 150
= 0x7f2a7c19bc88
R
P 0x7f2a7c191628
C 342
R
P 0x7f2a7c191628
P 0x7f2a7c19bc88
C 258
R
P 0x7f2a7c191628
C 342
R
P 0x7f2a7c191628
P 0x7f2a7c19bc88
C 9
R
P 0x7f2a7c191628
C 342
R
P 0x7f2a7c191628
P 0x7f2a7c19bc88
C 263
R
P 0x7f2a7c191628
C 342
R
P 0x7f2a7c191628
S "slot1Start"
C 30
R
P 0x7f2a7c191628
C 342
R
P 0x7f2a7c191628
$ |slot1Start|
C 202
R
P 0x7f2a7c191628
C 342
R
P 0x7f2a7c191628
$ |slot1Start|
P 0x7f2a7c19b1e8
C 51
= 0x7f2a7c19bf48
R
P 0x7f2a7c191628
C 342
R
P 0x7f2a7c191628
P 0x7f2a7c19bf48
C 257
R
P 0x7f2a7c191628
C 342
R
P 0x7f2a7c191628
P 0x7f2a7c19bf48
C 254
= 0x7f2a7c19b1e8
R
P 0x7f2a7c191628
C 342
R
P 0x7f2a7c191628
P 0x7f2a7c19b1e8
C 209
R
P 0x7f2a7c191628
C 342
R
P 0x7f2a7c191628
P 0x7f2a7c19bf48
C 260
R
P 0x7f2a7c191628
C 342
R
P 0x7f2a7c191628
P 0x7f2a7c19bf48
C 259
R
P 0x7f2a7c191628
C 342
R
P 0x7f2a7c191628
P 0x7f2a7c19bf48
C 258
R
P 0x7f2a7c191628
C 342
R
P 0x7f2a7c191628
P 0x7f2a7c19bf48
C 9
R
P 0x7f2a7c191628
C 342
R
P 0x7f2a7c191628
I 3
P 0x7f2a7c19b208
C 150
= 0x7f2a7c19bfc8
R
P 0x7f2a7c191628
C 342
R
P 0x7f2a7c191628
P 0x7f2a7c19bfc8
C 258
R
P 0x7f2a7c191628
C 342
R
P 0x7f2a7c191628
P 0x7f2a7c19bfc8
C 9
R
P 0x7f2a7c191628
C 342
R
P 0x7f2a7c191628
P 0x7f2a7c19bfc8
C 263
R
P 0x7f2a7c191628
C 342
R
P 0x7f2a7c191628
S "slot3Start"
C 30
R
P 0x7f2a7c191628
C 342
R
P 0x7f2a7c191628
$ |slot3Start|
C 202
R
P 0x7f2a7c191628
C 342
R
P 0x7f2a7c191628
$ |slot3Start|
P 0x7f2a7c19b1e8
C 51
= 0x7f2a7c19bfe8
R
P 0x7f2a7c191628
C 342
R
P 0x7f2a7c191628
P 0x7f2a7c19bfe8
C 257
R
P 0x7f2a7c191628
C 342
R
P 0x7f2a7c191628
P 0x7f2a7c19bfe8
C 254
= 0x7f2a7c19b1e8
R
P 0x7f2a7c191628
C 342
R
P 0x7f2a7c191628
P 0x7f2a7c19b1e8
C 209
R
P 0x7f2a7c191628
C 342
R
P 0x7f2a7c191628
P 0x7f2a7c19bfe8
C 260
R
P 0x7f2a7c191628
C 342
R
P 0x7f2a7c191628
P 0x7f2a7c19bfe8
C 259
R
P 0x7f2a7c191628
C 342
R
P 0x7f2a7c191628
P 0x7f2a7c19bfe8
C 258
R
P 0x7f2a7c191628
C 342
R
P 0x7f2a7c191628
P 0x7f2a7c19bfe8
C 9
R
P 0x7f2a7c191628
C 342
R
P 0x7f2a7c191628
I 3
P 0x7f2a7c19b208
C 150
= 0x7f2a7c19bfc8
R
P 0x7f2a7c191628
C 342
R
P 0x7f2a7c191628
P 0x7f2a7c19bfc8
C 258
R
P 0x7f2a7c191628
C 342
R
P 0x7f2a7c191628
P 0x7f2a7c19bfc8
C 9
R
P 0x7f2a7c191628
C 342
R
P 0x7f2a7c191628
P 0x7f2a7c19bfc8
C 263
R
P 0x7f2a7c191628
C 342
R
P 0x7f2a7c191628
S "slot3Duration"
C 30
R
P 0x7f2a7c191628
C 342
R
P 0x7f2a7c191628
$ |slot3Duration|
C 202
R
P 0x7f2a7c191628
C 342
R
P 0x7f2a7c191628
$ |slot3Duration|
P 0x7f2a7c19b1e8
C 51
= 0x7f2a7c19c008
R
P 0x7f2a7c191628
C 342
R
P 0x7f2a7c191628
P 0x7f2a7c19c008
C 257
R
P 0x7f2a7c191628
C 342
R
P 0x7f2a7c191628
P 0x7f2a7c19c008
C 254
= 0x7f2a7c19b1e8
R
P 0x7f2a7c191628
C 342
R
P 0x7f2a7c191628
P 0x7f2a7c19b1e8
C 209
R
P 0x7f2a7c191628
C 342
R
P 0x7f2a7c191628
P 0x7f2a7c19c008
C 260
R
P 0x7f2a7c191628
C 342
R
P 0x7f2a7c191628
P 0x7f2a7c19c008
C 259
R
P 0x7f2a7c191628
C 342
R
P 0x7f2a7c191628
P 0x7f2a7c19c008
C 258
R
P 0x7f2a7c191628
C 342
R
P 0x7f2a7c191628
P 0x7f2a7c19c008
C 9
R
P 0x7f2a7c191628
C 342
R
P 0x7f2a7c191628
U 2
P 0x7f2a7c19bfe8
P 0x7f2a7c19c008
p 2
C 65
= 0x7f2a7c1a1f58
R
P 0x7f2a7c191628
C 342
R
P 0x7f2a7c191628
P 0x7f2a7c1a1f58
C 257
R
P 0x7f2a7c191628
C 342
R
P 0x7f2a7c191628
P 0x7f2a7c1a1f58
C 254
= 0x7f2a7c19b1e8
R
P 0x7f2a7c191628
C 342
R
P 0x7f2a7c191628
P 0x7f2a7c19b1e8
C 209
R
P 0x7f2a7c191628
C 342
R
P 0x7f2a7c191628
P 0x7f2a7c1a1f58
C 260
R
P 0x7f2a7c191628
C 342
R
P 0x7f2a7c191628
P 0x7f2a7c1a1f58
C 259
R
P 0x7f2a7c191628
C 342
R
P 0x7f2a7c191628
P 0x7f2a7c1a1f58
C 258
R
P 0x7f2a7c191628
C 342
R
P 0x7f2a7c191628
P 0x7f2a7c1a1f58
C 9
R
P 0x7f2a7c191628
C 342
R
P 0x7f2a7c191628
P 0x7f2a7c19bf48
P 0x7f2a7c1a1f58
C 74
= 0x7f2a7c1a1f90
R
P 0x7f2a7c191628
C 342
R
P 0x7f2a7c191628
P 0x7f2a7c1a1f90
C 258
R
P 0x7f2a7c191628
C 342
R
P 0x7f2a7c191628
P 0x7f2a7c1a1f90
C 9
R
P 0x7f2a7c191628
C 342
R
P 0x7f2a7c191628
I 3
P 0x7f2a7c19b208
C 150
= 0x7f2a7c19bfc8
R
P 0x7f2a7c191628
C 342
R
P 0x7f2a7c191628
P 0x7f2a7c19bfc8
C 258
R
P 0x7f2a7c191628
C 342
R
P 0x7f2a7c191628
P 0x7f2a7c19bfc8
C 9
R
P 0x7f2a7c191628
C 342
R
P 0x7f2a7c191628
P 0x7f2a7c19bfc8
C 263
R
P 0x7f2a7c191628
C 342
R
P 0x7f2a7c191628
S "slot3Start"
C 30
R
P 0x7f2a7c191628
C 342
R
P 0x7f2a7c191628
$ |slot3Start|
C 202
R
P 0x7f2a7c191628
C 342
R
P 0x7f2a7c191628
$ |slot3Start|
P 0x7f2a7c19b1e8
C 51
= 0x7f2a7c19bfe8
R
P 0x7f2a7c191628
C 342
R
P 0x7f2a7c191628
P 0x7f2a7c19bfe8
C 257
R
P 0x7f2a7c191628
C 342
R
P 0x7f2a7c191628
P 0x7f2a7c19bfe8
C 254
= 0x7f2a7c19b1e8
R
P 0x7f2a7c191628
C 342
R
P 0x7f2a7c191628
P 0x7f2a7c19b1e8
C 209
R
P 0x7f2a7c191628
C 342
R
P 0x7f2a7c191628
P 0x7f2a7c19bfe8
C 260
R
P 0x7f2a7c191628
C 342
R
P 0x7f2a7c191628
P 0x7f2a7c19bfe8
C 259
R
P 0x7f2a7c191628
C 342
R
P 0x7f2a7c191628
P 0x7f2a7c19bfe8
C 258
R
P 0x7f2a7c191628
C 342
R
P 0x7f2a7c191628
P 0x7f2a7c19bfe8
C 9
R
P 0x7f2a7c191628
C 342
R
P 0x7f2a7c191628
I 3
P 0x7f2a7c19b208
C 150
= 0x7f2a7c19bfc8
R
P 0x7f2a7c191628
C 342
R
P 0x7f2a7c191628
P 0x7f2a7c19bfc8
C 258
R
P 0x7f2a7c191628
C 342
R
P 0x7f2a7c191628
P 0x7f2a7c19bfc8
C 9
R
P 0x7f2a7c191628
C 342
R
P 0x7f2a7c191628
P 0x7f2a7c19bfc8
C 263
R
P 0x7f2a7c191628
C 342
R
P 0x7f2a7c191628
S "slot3Duration"
C 30
R
P 0x7f2a7c191628
C 342
R
P 0x7f2a7c191628
$ |slot3Duration|
C 202
R
P 0x7f2a7c191628
C 342
R
P 0x7f2a7c191628
$ |slot3Duration|
P 0x7f2a7c19b1e8
C 51
= 0x7f2a7c19c008
R
P 0x7f2a7c191628
C 342
R
P 0x7f2a7c191628
P 0x7f2a7c19c008
C 257
R
P 0x7f2a7c191628
C 342
R
P 0x7f2a7c191628
P 0x7f2a7c19c008
C 254
= 0x7f2a7c19b1e8
R
P 0x7f2a7c191628
C 342
R
P 0x7f2a7c191628
P 0x7f2a7c19b1e8
C 209
R
P 0x7f2a7c191628
C 342
R
P 0x7f2a7c191628
P 0x7f2a7c19c008
C 260
R
P 0x7f2a7c191628
C 342
R
P 0x7f2a7c191628
P 0x7f2a7c19c008
C 259
R
P 0x7f2a7c191628
C 342
R
P 0x7f2a7c191628
P 0x7f2a7c19c008
C 258
R
P 0x7f2a7c191628
C 342
R
P 0x7f2a7c191628
P 0x7f2a7c19c008
C 9
R
P 0x7f2a7c191628
C 342
R
P 0x7f2a7c191628
U 2
P 0x7f2a7c19bfe8
P 0x7f2a7c19c008
p 2
C 65
= 0x7f2a7c1a1f58
R
P 0x7f2a7c191628
C 342
R
P 0x7f2a7c191628
P 0x7f2a7c1a1f58
C 257
R
P 0x7f2a7c191628
C 342
R
P 0x7f2a7c191628
P 0x7f2a7c1a1f58
C 254
= 0x7f2a7c19b1e8
R
P 0x7f2a7c191628
C 342
R
P 0x7f2a7c191628
P 0x7f2a7c19b1e8
C 209
R
P 0x7f2a7c191628
C 342
R
P 0x7f2a7c191628
P 0x7f2a7c1a1f58
C 260
R
P 0x7f2a7c191628
C 342
R
P 0x7f2a7c191628
P 0x7f2a7c1a1f58
C 259
R
P 0x7f2a7c191628
C 342
R
P 0x7f2a7c191628
P 0x7f2a7c1a1f58
C 258
R
P 0x7f2a7c191628
C 342
R
P 0x7f2a7c191628
P 0x7f2a7c1a1f58
C 9
R
P 0x7f2a7c191628
C 342
R
P 0x7f2a7c191628
I 1
P 0x7f2a7c19b208
C 150
= 0x7f2a7c19bc88
R
P 0x7f2a7c191628
C 342
R
P 0x7f2a7c191628
P 0x7f2a7c19bc88
C 258
R
P 0x7f2a7c191628
C 342
R
P 0x7f2a7c191628
P 0x7f2a7c19bc88
C 9
R
P 0x7f2a7c191628
C 342
R
P 0x7f2a7c191628
P 0x7f2a7c19bc88
C 263
R
P 0x7f2a7c191628
C 342
R
P 0x7f2a7c191628
S "slot1Start"
C 30
R
P 0x7f2a7c191628
C 342
R
P 0x7f2a7c191628
$ |slot1Start|
C 202
R
P 0x7f2a7c191628
C 342
R
P 0x7f2a7c191628
$ |slot1Start|
P 0x7f2a7c19b1e8
C 51
= 0x7f2a7c19bf48
R
P 0x7f2a7c191628
C 342
R
P 0x7f2a7c191628
P 0x7f2a7c19bf48
C 257
R
P 0x7f2a7c191628
C 342
R
P 0x7f2a7c191628
P 0x7f2a7c19bf48
C 254
= 0x7f2a7c19b1e8
R
P 0x7f2a7c191628
C 342
R
P 0x7f2a7c191628
P 0x7f2a7c19b1e8
C 209
R
P 0x7f2a7c191628
C 342
R
P 0x7f2a7c191628
P 0x7f2a7c19bf48
C 260
R
P 0x7f2a7c191628
C 342
R
P 0x7f2a7c191628
P 0x7f2a7c19bf48
C 259
R
P 0x7f2a7c191628
C 342
R
P 0x7f2a7c191628
P 0x7f2a7c19bf48
C 258
R
P 0x7f2a7c191628
C 342
R
P 0x7f2a7c191628
P 0x7f2a7c19bf48
C 9
R
P 0x7f2a7c191628
C 342
R
P 0x7f2a7c191628
I 1
P 0x7f2a7c19b208
C 150
= 0x7f2a7c19bc88
R
P 0x7f2a7c191628
C 342
R
P 0x7f2a7c191628
P 0x7f2a7c19bc88
C 258
R
P 0x7f2a7c191628
C 342
R
P 0x7f2a7c191628
P 0x7f2a7c19bc88
C 9
R
P 0x7f2a7c191628
C 342
R
P 0x7f2a7c191628
P 0x7f2a7c19bc88
C 263
R
P 0x7f2a7c191628
C 342
R
P 0x7f2a7c191628
S "slot1Duration"
C 30
R
P 0x7f2a7c191628
C 342
R
P 0x7f2a7c191628
$ |slot1Duration|
C 202
R
P 0x7f2a7c191628
C 342
R
P 0x7f2a7c191628
$ |slot1Duration|
P 0x7f2a7c19b1e8
C 51
= 0x7f2a7c19bf68
R
P 0x7f2a7c191628
C 342
R
P 0x7f2a7c191628
P 0x7f2a7c19bf68
C 257
R
P 0x7f2a7c191628
C 342
R
P 0x7f2a7c191628
P 0x7f2a7c19bf68
C 254
= 0x7f2a7c19b1e8
R
P 0x7f2a7c191628
C 342
R
P 0x7f2a7c191628
P 0x7f2a7c19b1e8
C 209
R
P 0x7f2a7c191628
C 342
R
P 0x7f2a7c191628
P 0x7f2a7c19bf68
C 260
R
P 0x7f2a7c191628
C 342
R
P 0x7f2a7c191628
P 0x7f2a7c19bf68
C 259
R
P 0x7f2a7c191628
C 342
R
P 0x7f2a7c191628
P 0x7f2a7c19bf68
C 258
R
P 0x7f2a7c191628
C 342
R
P 0x7f2a7c191628
P 0x7f2a7c19bf68
C 9
R
P 0x7f2a7c191628
C 342
R
P 0x7f2a7c191628
U 2
P 0x7f2a7c19bf48
P 0x7f2a7c19bf68
p 2
C 65
= 0x7f2a7c1a1cb8
R
P 0x7f2a7c191628
C 342
R
P 0x7f2a7c191628
P 0x7f2a7c1a1cb8
C 257
R
P 0x7f2a7c191628
C 342
R
P 0x7f2a7c191628
P 0x7f2a7c1a1cb8
C 254
= 0x7f2a7c19b1e8
R
P 0x7f2a7c191628
C 342
R
P 0x7f2a7c191628
P 0x7f2a7c19b1e8
C 209
R
P 0x7f2a7c191628
C 342
R
P 0x7f2a7c191628
P 0x7f2a7c1a1cb8
C 260
R
P 0x7f2a7c191628
C 342
R
P 0x7f2a7c191628
P 0x7f2a7c1a1cb8
C 259
R
P 0x7f2a7c191628
C 342
R
P 0x7f2a7c191628
P 0x7f2a7c1a1cb8
C 258
R
P 0x7f2a7c191628
C 342
R
P 0x7f2a7c191628
P 0x7f2a7c1a1cb8
C 9
R
P 0x7f2a7c191628
C 342
R
P 0x7f2a7c191628
P 0x7f2a7c1a1f58
P 0x7f2a7c1a1cb8
C 74
= 0x7f2a7c2ccaf0
R
P 0x7f2a7c191628
C 342
R
P 0x7f2a7c191628
P 0x7f2a7c2ccaf0
C 258
R
P 0x7f2a7c191628
C 342
R
P 0x7f2a7c191628
P 0x7f2a7c2ccaf0
C 9
R
P 0x7f2a7c191628
C 342
R
P 0x7f2a7c191628
U 2
P 0x7f2a7c1a1f90
P 0x7f2a7c2ccaf0
p 2
C 63
= 0x7f2a7c2ccb28
R
P 0x7f2a7c191628
C 342
R
P 0x7f2a7c191628
P 0x7f2a7c2ccb28
C 258
R
P 0x7f2a7c191628
C 342
R
P 0x7f2a7c191628
P 0x7f2a7c2ccb28
C 9
R
P 0x7f2a7c191628
C 342
R
P 0x7f2a7c191628
P 0x7f2a7c2ccb28
C 58
= 0x7f2a7c19e758
R
P 0x7f2a7c191628
C 342
R
P 0x7f2a7c191628
P 0x7f2a7c19e758
C 258
R
P 0x7f2a7c191628
C 342
R
P 0x7f2a7c191628
P 0x7f2a7c19e758
C 9
R
P 0x7f2a7c191628
C 342
R
P 0x7f2a7c191628
P 0x7f2a7c19e458
P 0x7f2a7c19e758
C 61
= 0x7f2a7c2ccb60
R
P 0x7f2a7c191628
C 342
R
P 0x7f2a7c191628
P 0x7f2a7c2ccb60
C 258
R
P 0x7f2a7c191628
C 342
R
P 0x7f2a7c191628
P 0x7f2a7c2ccb60
C 9
R
P 0x7f2a7c191628
C 342
R
P 0x7f2a7c191628
P 0x7f2a7c1e1fc8
P 0x7f2a7c2ccb60
C 427
R
P 0x7f2a7c191628
C 342
R
P 0x7f2a7c191628
I 3
P 0x7f2a7c19b208
C 150
= 0x7f2a7c19bfc8
R
P 0x7f2a7c191628
C 342
R
P 0x7f2a7c191628
P 0x7f2a7c19bfc8
C 258
R
P 0x7f2a7c191628
C 342
R
P 0x7f2a7c191628
P 0x7f2a7c19bfc8
C 9
R
P 0x7f2a7c191628
C 342
R
P 0x7f2a7c191628
I 2
P 0x7f2a7c19b208
C 150
= 0x7f2a7c19bcc8
R
P 0x7f2a7c191628
C 342
R
P 0x7f2a7c191628
P 0x7f2a7c19bcc8
C 258
R
P 0x7f2a7c191628
C 342
R
P 0x7f2a7c191628
P 0x7f2a7c19bcc8
C 9
R
P 0x7f2a7c191628
C 342
R
P 0x7f2a7c191628
P 0x7f2a7c19bfc8
P 0x7f2a7c19bcc8
C 56
= 0x7f2a7c2cc380
R
P 0x7f2a7c191628
C 342
R
P 0x7f2a7c191628
P 0x7f2a7c2cc380
C 258
R
P 0x7f2a7c191628
C 342
R
P 0x7f2a7c191628
P 0x7f2a7c2cc380
C 9
R
P 0x7f2a7c191628
C 342
R
P 0x7f2a7c191628
P 0x7f2a7c2cc380
C 58
= 0x7f2a7c19e4b8
R
P 0x7f2a7c191628
C 342
R
P 0x7f2a7c191628
P 0x7f2a7c19e4b8
C 258
R
P 0x7f2a7c191628
C 342
R
P 0x7f2a7c191628
P 0x7f2a7c19e4b8
C 9
R
P 0x7f2a7c191628
C 342
R
P 0x7f2a7c191628
I 2
P 0x7f2a7c19b208
C 150
= 0x7f2a7c19bcc8
R
P 0x7f2a7c191628
C 342
R
P 0x7f2a7c191628
P 0x7f2a7c19bcc8
C 258
R
P 0x7f2a7c191628
C 342
R
P 0x7f2a7c191628
P 0x7f2a7c19bcc8
C 9
R
P 0x7f2a7c191628
C 342
R
P 0x7f2a7c191628
P 0x7f2a7c19bcc8
C 263
R
P 0x7f2a7c191628
C 342
R
P 0x7f2a7c191628
S "slot2Start"
C 30
R
P 0x7f2a7c191628
C 342
R
P 0x7f2a7c191628
$ |slot2Start|
C 202
R
P 0x7f2a7c191628
C 342
R
P 0x7f2a7c191628
$ |slot2Start|
P 0x7f2a7c19b1e8
C 51
= 0x7f2a7c19bf88
R
P 0x7f2a7c191628
C 342
R
P 0x7f2a7c191628
P 0x7f2a7c19bf88
C 257
R
P 0x7f2a7c191628
C 342
R
P 0x7f2a7c191628
P 0x7f2a7c19bf88
C 254
= 0x7f2a7c19b1e8
R
P 0x7f2a7c191628
C 342
R
P 0x7f2a7c191628
P 0x7f2a7c19b1e8
C 209
R
P 0x7f2a7c191628
C 342
R
P 0x7f2a7c191628
P 0x7f2a7c19bf88
C 260
R
P 0x7f2a7c191628
C 342
R
P 0x7f2a7c191628
P 0x7f2a7c19bf88
C 259
R
P 0x7f2a7c191628
C 342
R
P 0x7f2a7c191628
P 0x7f2a7c19bf88
C 258
R
P 0x7f2a7c191628
C 342
R
P 0x7f2a7c191628
P 0x7f2a7c19bf88
C 9
R
P 0x7f2a7c191628
C 342
R
P 0x7f2a7c191628
I 3
P 0x7f2a7c19b208
C 150
= 0x7f2a7c19bfc8
R
P 0x7f2a7c191628
C 342
R
P 0x7f2a7c191628
P 0x7f2a7c19bfc8
C 258
R
P 0x7f2a7c191628
C 342
R
P 0x7f2a7c191628
P 0x7f2a7c19bfc8
C 9
R
P 0x7f2a7c191628
C 342
R
P 0x7f2a7c191628
P 0x7f2a7c19bfc8
C 263
R
P 0x7f2a7c191628
C 342
R
P 0x7f2a7c191628
S "slot3Start"
C 30
R
P 0x7f2a7c191628
C 342
R
P 0x7f2a7c191628
$ |slot3Start|
C 202
R
P 0x7f2a7c191628
C 342
R
P 0x7f2a7c191628
$ |slot3Start|
P 0x7f2a7c19b1e8
C 51
= 0x7f2a7c19bfe8
R
P 0x7f2a7c191628
C 342
R
P 0x7f2a7c191628
P 0x7f2a7c19bfe8
C 257
R
P 0x7f2a7c191628
C 342
R
P 0x7f2a7c191628
P 0x7f2a7c19bfe8
C 254
= 0x7f2a7c19b1e8
R
P 0x7f2a7c191628
C 342
R
P 0x7f2a7c191628
P 0x7f2a7c19b1e8
C 209
R
P 0x7f2a7c191628
C 342
R
P 0x7f2a7c191628
P 0x7f2a7c19bfe8
C 260
R
P 0x7f2a7c191628
C 342
R
P 0x7f2a7c191628
P 0x7f2a7c19bfe8
C 259
R
P 0x7f2a7c191628
C 342
R
P 0x7f2a7c191628
P 0x7f2a7c19bfe8
C 258
R
P 0x7f2a7c191628
C 342
R
P 0x7f2a7c191628
P 0x7f2a7c19bfe8
C 9
R
P 0x7f2a7c191628
C 342
R
P 0x7f2a7c191628
I 3
P 0x7f2a7c19b208
C 150
= 0x7f2a7c19bfc8
R
P 0x7f2a7c191628
C 342
R
P 0x7f2a7c191628
P 0x7f2a7c19bfc8
C 258
R
P 0x7f2a7c191628
C 342
R
P 0x7f2a7c191628
P 0x7f2a7c19bfc8
C 9
R
P 0x7f2a7c191628
C 342
R
P 0x7f2a7c191628
P 0x7f2a7c19bfc8
C 263
R
P 0x7f2a7c191628
C 342
R
P 0x7f2a7c191628
S "slot3Duration"
C 30
R
P 0x7f2a7c191628
C 342
R
P 0x7f2a7c191628
$ |slot3Duration|
C 202
R
P 0x7f2a7c191628
C 342
R
P 0x7f2a7c191628
$ |slot3Duration|
P 0x7f2a7c19b1e8
C 51
= 0x7f2a7c19c008
R
P 0x7f2a7c191628
C 342
R
P 0x7f2a7c191628
P 0x7f2a7c19c008
C 257
R
P 0x7f2a7c191628
C 342
R
P 0x7f2a7c191628
P 0x7f2a7c19c008
C 254
= 0x7f2a7c19b1e8
R
P 0x7f2a7c191628
C 342
R
P 0x7f2a7c191628
P 0x7f2a7c19b1e8
C 209
R
P 0x7f2a7c191628
C 342
R
P 0x7f2a7c191628
P 0x7f2a7c19c008
C 260
R
P 0x7f2a7c191628
C 342
R
P 0x7f2a7c191628
P 0x7f2a7c19c008
C 259
R
P 0x7f2a7c191628
C 342
R
P 0x7f2a7c191628
P 0x7f2a7c19c008
C 258
R
P 0x7f2a7c191628
C 342
R
P 0x7f2a7c191628
P 0x7f2a7c19c008
C 9
R
P 0x7f2a7c191628
C 342
R
P 0x7f2a7c191628
U 2
P 0x7f2a7c19bfe8
P 0x7f2a7c19c008
p 2
C 65
= 0x7f2a7c1a1f58
R
P 0x7f2a7c191628
C 342
R
P 0x7f2a7c191628
P 0x7f2a7c1a1f58
C 257
R
P 0x7f2a7c191628
C 342
R
P 0x7f2a7c191628
P 0x7f2a7c1a1f58
C 254
= 0x7f2a7c19b1e8
R
P 0x7f2a7c191628
C 342
R
P 0x7f2a7c191628
P 0x7f2a7c19b1e8
C 209
R
P 0x7f2a7c191628
C 342
R
P 0x7f2a7c191628
P 0x7f2a7c1a1f58
C 260
R
P 0x7f2a7c191628
C 342
R
P 0x7f2a7c191628
P 0x7f2a7c1a1f58
C 259
R
P 0x7f2a7c191628
C 342
R
P 0x7f2a7c191628
P 0x7f2a7c1a1f58
C 258
R
P 0x7f2a7c191628
C 342
R
P 0x7f2a7c191628
P 0x7f2a7c1a1f58
C 9
R
P 0x7f2a7c191628
C 342
R
P 0x7f2a7c191628
P 0x7f2a7c19bf88
P 0x7f2a7c1a1f58
C 74
= 0x7f2a7c1a3180
R
P 0x7f2a7c191628
C 342
R
P 0x7f2a7c191628
P 0x7f2a7c1a3180
C 258
R
P 0x7f2a7c191628
C 342
R
P 0x7f2a7c191628
P 0x7f2a7c1a3180
C 9
R
P 0x7f2a7c191628
C 342
R
P 0x7f2a7c191628
I 3
P 0x7f2a7c19b208
C 150
= 0x7f2a7c19bfc8
R
P 0x7f2a7c191628
C 342
R
P 0x7f2a7c191628
P 0x7f2a7c19bfc8
C 258
R
P 0x7f2a7c191628
C 342
R
P 0x7f2a7c191628
P 0x7f2a7c19bfc8
C 9
R
P 0x7f2a7c191628
C 342
R
P 0x7f2a7c191628
P 0x7f2a7c19bfc8
C 263
R
P 0x7f2a7c191628
C 342
R
P 0x7f2a7c191628
S "slot3Start"
C 30
R
P 0x7f2a7c191628
C 342
R
P 0x7f2a7c191628
$ |slot3Start|
C 202
R
P 0x7f2a7c191628
C 342
R
P 0x7f2a7c191628
$ |slot3Start|
P 0x7f2a7c19b1e8
C 51
= 0x7f2a7c19bfe8
R
P 0x7f2a7c191628
C 342
R
P 0x7f2a7c191628
P 0x7f2a7c19bfe8
C 257
R
P 0x7f2a7c191628
C 342
R
P 0x7f2a7c191628
P 0x7f2a7c19bfe8
C 254
= 0x7f2a7c19b1e8
R
P 0x7f2a7c191628
C 342
R
P 0x7f2a7c191628
P 0x7f2a7c19b1e8
C 209
R
P 0x7f2a7c191628
C 342
R
P 0x7f2a7c191628
P 0x7f2a7c19bfe8
C 260
R
P 0x7f2a7c191628
C 342
R
P 0x7f2a7c191628
P 0x7f2a7c19bfe8
C 259
R
P 0x7f2a7c191628
C 342
R
P 0x7f2a7c191628
P 0x7f2a7c19bfe8
C 258
R
P 0x7f2a7c191628
C 342
R
P 0x7f2a7c191628
P 0x7f2a7c19bfe8
C 9
R
P 0x7f2a7c191628
C 342
R
P 0x7f2a7c191628
I 3
P 0x7f2a7c19b208
C 150
= 0x7f2a7c19bfc8
R
P 0x7f2a7c191628
C 342
R
P 0x7f2a7c191628
P 0x7f2a7c19bfc8
C 258
R
P 0x7f2a7c191628
C 342
R
P 0x7f2a7c191628
P 0x7f2a7c19bfc8
C 9
R
P 0x7f2a7c191628
C 342
R
P 0x7f2a7c191628
P 0x7f2a7c19bfc8
C 263
R
P 0x7f2a7c191628
C 342
R
P 0x7f2a7c191628
S "slot3Duration"
C 30
R
P 0x7f2a7c191628
C 342
R
P 0x7f2a7c191628
$ |slot3Duration|
C 202
R
P 0x7f2a7c191628
C 342
R
P 0x7f2a7c191628
$ |slot3Duration|
P 0x7f2a7c19b1e8
C 51
= 0x7f2a7c19c008
R
P 0x7f2a7c191628
C 342
R
P 0x7f2a7c191628
P 0x7f2a7c19c008
C 257
R
P 0x7f2a7c191628
C 342
R
P 0x7f2a7c191628
P 0x7f2a7c19c008
C 254
= 0x7f2a7c19b1e8
R
P 0x7f2a7c191628
C 342
R
P 0x7f2a7c191628
P 0x7f2a7c19b1e8
C 209
R
P 0x7f2a7c191628
C 342
R
P 0x7f2a7c191628
P 0x7f2a7c19c008
C 260
R
P 0x7f2a7c191628
C 342
R
P 0x7f2a7c191628
P 0x7f2a7c19c008
C 259
R
P 0x7f2a7c191628
C 342
R
P 0x7f2a7c191628
P 0x7f2a7c19c008
C 258
R
P 0x7f2a7c191628
C 342
R
P 0x7f2a7c191628
P 0x7f2a7c19c008
C 9
R
P 0x7f2a7c191628
C 342
R
P 0x7f2a7c191628
U 2
P 0x7f2a7c19bfe8
P 0x7f2a7c19c008
p 2
C 65
= 0x7f2a7c1a1f58
R
P 0x7f2a7c191628
C 342
R
P 0x7f2a7c191628
P 0x7f2a7c1a1f58
C 257
R
P 0x7f2a7c191628
C 342
R
P 0x7f2a7c191628
P 0x7f2a7c1a1f58
C 254
= 0x7f2a7c19b1e8
R
P 0x7f2a7c191628
C 342
R
P 0x7f2a7c191628
P 0x7f2a7c19b1e8
C 209
R
P 0x7f2a7c191628
C 342
R
P 0x7f2a7c191628
P 0x7f2a7c1a1f58
C 260
R
P 0x7f2a7c191628
C 342
R
P 0x7f2a7c191628
P 0x7f2a7c1a1f58
C 259
R
P 0x7f2a7c191628
C 342
R
P 0x7f2a7c191628
P 0x7f2a7c1a1f58
C 258
R
P 0x7f2a7c191628
C 342
R
P 0x7f2a7c191628
P 0x7f2a7c1a1f58
C 9
R
P 0x7f2a7c191628
C 342
R
P 0x7f2a7c191628
I 2
P 0x7f2a7c19b208
C 150
= 0x7f2a7c19bcc8
R
P 0x7f2a7c191628
C 342
R
P 0x7f2a7c191628
P 0x7f2a7c19bcc8
C 258
R
P 0x7f2a7c191628
C 342
R
P 0x7f2a7c191628
P 0x7f2a7c19bcc8
C 9
R
P 0x7f2a7c191628
C 342
R
P 0x7f2a7c191628
P 0x7f2a7c19bcc8
C 263
R
P 0x7f2a7c191628
C 342
R
P 0x7f2a7c191628
S "slot2Start"
C 30
R
P 0x7f2a7c191628
C 342
R
P 0x7f2a7c191628
$ |slot2Start|
C 202
R
P 0x7f2a7c191628
C 342
R
P 0x7f2a7c191628
$ |slot2Start|
P 0x7f2a7c19b1e8
C 51
= 0x7f2a7c19bf88
R
P 0x7f2a7c191628
C 342
R
P 0x7f2a7c191628
P 0x7f2a7c19bf88
C 257
R
P 0x7f2a7c191628
C 342
R
P 0x7f2a7c191628
P 0x7f2a7c19bf88
C 254
= 0x7f2a7c19b1e8
R
P 0x7f2a7c191628
C 342
R
P 0x7f2a7c191628
P 0x7f2a7c19b1e8
C 209
R
P 0x7f2a7c191628
C 342
R
P 0x7f2a7c191628
P 0x7f2a7c19bf88
C 260
R
P 0x7f2a7c191628
C 342
R
P 0x7f2a7c191628
P 0x7f2a7c19bf88
C 259
R
P 0x7f2a7c191628
C 342
R
P 0x7f2a7c191628
P 0x7f2a7c19bf88
C 258
R
P 0x7f2a7c191628
C 342
R
P 0x7f2a7c191628
P 0x7f2a7c19bf88
C 9
R
P 0x7f2a7c191628
C 342
R
P 0x7f2a7c191628
I 2
P 0x7f2a7c19b208
C 150
= 0x7f2a7c19bcc8
R
P 0x7f2a7c191628
C 342
R
P 0x7f2a7c191628
P 0x7f2a7c19bcc8
C 258
R
P 0x7f2a7c191628
C 342
R
P 0x7f2a7c191628
P 0x7f2a7c19bcc8
C 9
R
P 0x7f2a7c191628
C 342
R
P 0x7f2a7c191628
P 0x7f2a7c19bcc8
C 263
R
P 0x7f2a7c191628
C 342
R
P 0x7f2a7c191628
S "slot2Duration"
C 30
R
P 0x7f2a7c191628
C 342
R
P 0x7f2a7c191628
$ |slot2Duration|
C 202
R
P 0x7f2a7c191628
C 342
R
P 0x7f2a7c191628
$ |slot2Duration|
P 0x7f2a7c19b1e8
C 51
= 0x7f2a7c19bfa8
R
P 0x7f2a7c191628
C 342
R
P 0x7f2a7c191628
P 0x7f2a7c19bfa8
C 257
R
P 0x7f2a7c191628
C 342
R
P 0x7f2a7c191628
P 0x7f2a7c19bfa8
C 254
= 0x7f2a7c19b1e8
R
P 0x7f2a7c191628
C 342
R
P 0x7f2a7c191628
P 0x7f2a7c19b1e8
C 209
R
P 0x7f2a7c191628
C 342
R
P 0x7f2a7c191628
P 0x7f2a7c19bfa8
C 260
R
P 0x7f2a7c191628
C 342
R
P 0x7f2a7c191628
P 0x7f2a7c19bfa8
C 259
R
P 0x7f2a7c191628
C 342
R
P 0x7f2a7c191628
P 0x7f2a7c19bfa8
C 258
R
P 0x7f2a7c191628
C 342
R
P 0x7f2a7c191628
P 0x7f2a7c19bfa8
C 9
R
P 0x7f2a7c191628
C 342
R
P 0x7f2a7c191628
U 2
P 0x7f2a7c19bf88
P 0x7f2a7c19bfa8
p 2
C 65
= 0x7f2a7c1a1e08
R
P 0x7f2a7c191628
C 342
R
P 0x7f2a7c191628
P 0x7f2a7c1a1e08
C 257
R
P 0x7f2a7c191628
C 342
R
P 0x7f2a7c191628
P 0x7f2a7c1a1e08
C 254
= 0x7f2a7c19b1e8
R
P 0x7f2a7c191628
C 342
R
P 0x7f2a7c191628
P 0x7f2a7c19b1e8
C 209
R
P 0x7f2a7c191628
C 342
R
P 0x7f2a7c191628
P 0x7f2a7c1a1e08
C 260
R
P 0x7f2a7c191628
C 342
R
P 0x7f2a7c191628
P 0x7f2a7c1a1e08
C 259
R
P 0x7f2a7c191628
C 342
R
P 0x7f2a7c191628
P 0x7f2a7c1a1e08
C 258
R
P 0x7f2a7c191628
C 342
R
P 0x7f2a7c191628
P 0x7f2a7c1a1e08
C 9
R
P 0x7f2a7c191628
C 342
R
P 0x7f2a7c191628
P 0x7f2a7c1a1f58
P 0x7f2a7c1a1e08
C 74
= 0x7f2a7c2ccb98
R
P 0x7f2a7c191628
C 342
R
P 0x7f2a7c191628
P 0x7f2a7c2ccb98
C 258
R
P 0x7f2a7c191628
C 342
R
P 0x7f2a7c191628
P 0x7f2a7c2ccb98
C 9
R
P 0x7f2a7c191628
C 342
R
P 0x7f2a7c191628
U 2
P 0x7f2a7c1a3180
P 0x7f2a7c2ccb98
p 2
C 63
= 0x7f2a7c2ccbd0
R
P 0x7f2a7c191628
C 342
R
P 0x7f2a7c191628
P 0x7f2a7c2ccbd0
C 258
R
P 0x7f2a7c191628
C 342
R
P 0x7f2a7c191628
P 0x7f2a7c2ccbd0
C 9
R
P 0x7f2a7c191628
C 342
R
P 0x7f2a7c191628
P 0x7f2a7c2ccbd0
C 58
= 0x7f2a7c19e788
R
P 0x7f2a7c191628
C 342
R
P 0x7f2a7c191628
P 0x7f2a7c19e788
C 258
R
P 0x7f2a7c191628
C 342
R
P 0x7f2a7c191628
P 0x7f2a7c19e788
C 9
R
P 0x7f2a7c191628
C 342
R
P 0x7f2a7c191628
P 0x7f2a7c19e4b8
P 0x7f2a7c19e788
C 61
= 0x7f2a7c2ccc08
R
P 0x7f2a7c191628
C 342
R
P 0x7f2a7c191628
P 0x7f2a7c2ccc08
C 258
R
P 0x7f2a7c191628
C 342
R
P 0x7f2a7c191628
P 0x7f2a7c2ccc08
C 9
R
P 0x7f2a7c191628
C 342
R
P 0x7f2a7c191628
P 0x7f2a7c1e1fc8
P 0x7f2a7c2ccc08
C 427
R
P 0x7f2a7c191628
C 342
R
P 0x7f2a7c191628
I 3
P 0x7f2a7c19b208
C 150
= 0x7f2a7c19bfc8
R
P 0x7f2a7c191628
C 342
R
P 0x7f2a7c191628
P 0x7f2a7c19bfc8
C 258
R
P 0x7f2a7c191628
C 342
R
P 0x7f2a7c191628
P 0x7f2a7c19bfc8
C 9
R
P 0x7f2a7c191628
C 342
R
P 0x7f2a7c191628
I 3
P 0x7f2a7c19b208
C 150
= 0x7f2a7c19bfc8
R
P 0x7f2a7c191628
C 342
R
P 0x7f2a7c191628
P 0x7f2a7c19bfc8
C 258
R
P 0x7f2a7c191628
C 342
R
P 0x7f2a7c191628
P 0x7f2a7c19bfc8
C 9
R
P 0x7f2a7c191628
C 342
R
P 0x7f2a7c191628
P 0x7f2a7c19bfc8
P 0x7f2a7c19bfc8
C 56
= 0x7f2a7c2cc460
R
P 0x7f2a7c191628
C 342
R
P 0x7f2a7c191628
P 0x7f2a7c2cc460
C 258
R
P 0x7f2a7c191628
C 342
R
P 0x7f2a7c191628
P 0x7f2a7c2cc460
C 9
R
P 0x7f2a7c191628
C 342
R
P 0x7f2a7c191628
P 0x7f2a7c2cc460
C 58
= 0x7f2a7c19e518
R
P 0x7f2a7c191628
C 342
R
P 0x7f2a7c191628
P 0x7f2a7c19e518
C 258
R
P 0x7f2a7c191628
C 342
R
P 0x7f2a7c191628
P 0x7f2a7c19e518
C 9
R
P 0x7f2a7c191628
C 342
R
P 0x7f2a7c191628
I 3
P 0x7f2a7c19b208
C 150
= 0x7f2a7c19bfc8
R
P 0x7f2a7c191628
C 342
R
P 0x7f2a7c191628
P 0x7f2a7c19bfc8
C 258
R
P 0x7f2a7c191628
C 342
R
P 0x7f2a7c191628
P 0x7f2a7c19bfc8
C 9
R
P 0x7f2a7c191628
C 342
R
P 0x7f2a7c191628
P 0x7f2a7c19bfc8
C 263
R
P 0x7f2a7c191628
C 342
R
P 0x7f2a7c191628
S "slot3Start"
C 30
R
P 0x7f2a7c191628
C 342
R
P 0x7f2a7c191628
$ |slot3Start|
C 202
R
P 0x7f2a7c191628
C 342
R
P 0x7f2a7c191628
$ |slot3Start|
P 0x7f2a7c19b1e8
C 51
= 0x7f2a7c19bfe8
R
P 0x7f2a7c191628
C 342
R
P 0x7f2a7c191628
P 0x7f2a7c19bfe8
C 257
R
P 0x7f2a7c191628
C 342
R
P 0x7f2a7c191628
P 0x7f2a7c19bfe8
C 254
= 0x7f2a7c19b1e8
R
P 0x7f2a7c191628
C 342
R
P 0x7f2a7c191628
P 0x7f2a7c19b1e8
C 209
R
P 0x7f2a7c191628
C 342
R
P 0x7f2a7c191628
P 0x7f2a7c19bfe8
C 260
R
P 0x7f2a7c191628
C 342
R
P 0x7f2a7c191628
P 0x7f2a7c19bfe8
C 259
R
P 0x7f2a7c191628
C 342
R
P 0x7f2a7c191628
P 0x7f2a7c19bfe8
C 258
R
P 0x7f2a7c191628
C 342
R
P 0x7f2a7c191628
P 0x7f2a7c19bfe8
C 9
R
P 0x7f2a7c191628
C 342
R
P 0x7f2a7c191628
I 3
P 0x7f2a7c19b208
C 150
= 0x7f2a7c19bfc8
R
P 0x7f2a7c191628
C 342
R
P 0x7f2a7c191628
P 0x7f2a7c19bfc8
C 258
R
P 0x7f2a7c191628
C 342
R
P 0x7f2a7c191628
P 0x7f2a7c19bfc8
C 9
R
P 0x7f2a7c191628
C 342
R
P 0x7f2a7c191628
P 0x7f2a7c19bfc8
C 263
R
P 0x7f2a7c191628
C 342
R
P 0x7f2a7c191628
S "slot3Start"
C 30
R
P 0x7f2a7c191628
C 342
R
P 0x7f2a7c191628
$ |slot3Start|
C 202
R
P 0x7f2a7c191628
C 342
R
P 0x7f2a7c191628
$ |slot3Start|
P 0x7f2a7c19b1e8
C 51
= 0x7f2a7c19bfe8
R
P 0x7f2a7c191628
C 342
R
P 0x7f2a7c191628
P 0x7f2a7c19bfe8
C 257
R
P 0x7f2a7c191628
C 342
R
P 0x7f2a7c191628
P 0x7f2a7c19bfe8
C 254
= 0x7f2a7c19b1e8
R
P 0x7f2a7c191628
C 342
R
P 0x7f2a7c191628
P 0x7f2a7c19b1e8
C 209
R
P 0x7f2a7c191628
C 342
R
P 0x7f2a7c191628
P 0x7f2a7c19bfe8
C 260
R
P 0x7f2a7c191628
C 342
R
P 0x7f2a7c191628
P 0x7f2a7c19bfe8
C 259
R
P 0x7f2a7c191628
C 342
R
P 0x7f2a7c191628
P 0x7f2a7c19bfe8
C 258
R
P 0x7f2a7c191628
C 342
R
P 0x7f2a7c191628
P 0x7f2a7c19bfe8
C 9
R
P 0x7f2a7c191628
C 342
R
P 0x7f2a7c191628
I 3
P 0x7f2a7c19b208
C 150
= 0x7f2a7c19bfc8
R
P 0x7f2a7c191628
C 342
R
P 0x7f2a7c191628
P 0x7f2a7c19bfc8
C 258
R
P 0x7f2a7c191628
C 342
R
P 0x7f2a7c191628
P 0x7f2a7c19bfc8
C 9
R
P 0x7f2a7c191628
C 342
R
P 0x7f2a7c191628
P 0x7f2a7c19bfc8
C 263
R
P 0x7f2a7c191628
C 342
R
P 0x7f2a7c191628
S "slot3Duration"
C 30
R
P 0x7f2a7c191628
C 342
R
P 0x7f2a7c191628
$ |slot3Duration|
C 202
R
P 0x7f2a7c191628
C 342
R
P 0x7f2a7c191628
$ |slot3Duration|
P 0x7f2a7c19b1e8
C 51
= 0x7f2a7c19c008
R
P 0x7f2a7c191628
C 342
R
P 0x7f2a7c191628
P 0x7f2a7c19c008
C 257
R
P 0x7f2a7c191628
C 342
R
P 0x7f2a7c191628
P 0x7f2a7c19c008
C 254
= 0x7f2a7c19b1e8
R
P 0x7f2a7c191628
C 342
R
P 0x7f2a7c191628
P 0x7f2a7c19b1e8
C 209
R
P 0x7f2a7c191628
C 342
R
P 0x7f2a7c191628
P 0x7f2a7c19c008
C 260
R
P 0x7f2a7c191628
C 342
R
P 0x7f2a7c191628
P 0x7f2a7c19c008
C 259
R
P 0x7f2a7c191628
C 342
R
P 0x7f2a7c191628
P 0x7f2a7c19c008
C 258
R
P 0x7f2a7c191628
C 342
R
P 0x7f2a7c191628
P 0x7f2a7c19c008
C 9
R
P 0x7f2a7c191628
C 342
R
P 0x7f2a7c191628
U 2
P 0x7f2a7c19bfe8
P 0x7f2a7c19c008
p 2
C 65
= 0x7f2a7c1a1f58
R
P 0x7f2a7c191628
C 342
R
P 0x7f2a7c191628
P 0x7f2a7c1a1f58
C 257
R
P 0x7f2a7c191628
C 342
R
P 0x7f2a7c191628
P 0x7f2a7c1a1f58
C 254
= 0x7f2a7c19b1e8
R
P 0x7f2a7c191628
C 342
R
P 0x7f2a7c191628
P 0x7f2a7c19b1e8
C 209
R
P 0x7f2a7c191628
C 342
R
P 0x7f2a7c191628
P 0x7f2a7c1a1f58
C 260
R
P 0x7f2a7c191628
C 342
R
P 0x7f2a7c191628
P 0x7f2a7c1a1f58
C 259
R
P 0x7f2a7c191628
C 342
R
P 0x7f2a7c191628
P 0x7f2a7c1a1f58
C 258
R
P 0x7f2a7c191628
C 342
R
P 0x7f2a7c191628
P 0x7f2a7c1a1f58
C 9
R
P 0x7f2a7c191628
C 342
R
P 0x7f2a7c191628
P 0x7f2a7c19bfe8
P 0x7f2a7c1a1f58
C 74
= 0x7f2a7c2cc4d0
R
P 0x7f2a7c191628
C 342
R
P 0x7f2a7c191628
P 0x7f2a7c2cc4d0
C 258
R
P 0x7f2a7c191628
C 342
R
P 0x7f2a7c191628
P 0x7f2a7c2cc4d0
C 9
R
P 0x7f2a7c191628
C 342
R
P 0x7f2a7c191628
I 3
P 0x7f2a7c19b208
C 150
= 0x7f2a7c19bfc8
R
P 0x7f2a7c191628
C 342
R
P 0x7f2a7c191628
P 0x7f2a7c19bfc8
C 258
R
P 0x7f2a7c191628
C 342
R
P 0x7f2a7c191628
P 0x7f2a7c19bfc8
C 9
R
P 0x7f2a7c191628
C 342
R
P 0x7f2a7c191628
P 0x7f2a7c19bfc8
C 263
R
P 0x7f2a7c191628
C 342
R
P 0x7f2a7c191628
S "slot3Start"
C 30
R
P 0x7f2a7c191628
C 342
R
P 0x7f2a7c191628
$ |slot3Start|
C 202
R
P 0x7f2a7c191628
C 342
R
P 0x7f2a7c191628
$ |slot3Start|
P 0x7f2a7c19b1e8
C 51
= 0x7f2a7c19bfe8
R
P 0x7f2a7c191628
C 342
R
P 0x7f2a7c191628
P 0x7f2a7c19bfe8
C 257
R
P 0x7f2a7c191628
C 342
R
P 0x7f2a7c191628
P 0x7f2a7c19bfe8
C 254
= 0x7f2a7c19b1e8
R
P 0x7f2a7c191628
C 342
R
P 0x7f2a7c191628
P 0x7f2a7c19b1e8
C 209
R
P 0x7f2a7c191628
C 342
R
P 0x7f2a7c191628
P 0x7f2a7c19bfe8
C 260
R
P 0x7f2a7c191628
C 342
R
P 0x7f2a7c191628
P 0x7f2a7c19bfe8
C 259
R
P 0x7f2a7c191628
C 342
R
P 0x7f2a7c191628
P 0x7f2a7c19bfe8
C 258
R
P 0x7f2a7c191628
C 342
R
P 0x7f2a7c191628
P 0x7f2a7c19bfe8
C 9
R
P 0x7f2a7c191628
C 342
R
P 0x7f2a7c191628
I 3
P 0x7f2a7c19b208
C 150
= 0x7f2a7c19bfc8
R
P 0x7f2a7c191628
C 342
R
P 0x7f2a7c191628
P 0x7f2a7c19bfc8
C 258
R
P 0x7f2a7c191628
C 342
R
P 0x7f2a7c191628
P 0x7f2a7c19bfc8
C 9
R
P 0x7f2a7c191628
C 342
R
P 0x7f2a7c191628
P 0x7f2a7c19bfc8
C 263
R
P 0x7f2a7c191628
C 342
R
P 0x7f2a7c191628
S "slot3Duration"
C 30
R
P 0x7f2a7c191628
C 342
R
P 0x7f2a7c191628
$ |slot3Duration|
C 202
R
P 0x7f2a7c191628
C 342
R
P 0x7f2a7c191628
$ |slot3Duration|
P 0x7f2a7c19b1e8
C 51
= 0x7f2a7c19c008
R
P 0x7f2a7c191628
C 342
R
P 0x7f2a7c191628
P 0x7f2a7c19c008
C 257
R
P 0x7f2a7c191628
C 342
R
P 0x7f2a7c191628
P 0x7f2a7c19c008
C 254
= 0x7f2a7c19b1e8
R
P 0x7f2a7c191628
C 342
R
P 0x7f2a7c191628
P 0x7f2a7c19b1e8
C 209
R
P 0x7f2a7c191628
C 342
R
P 0x7f2a7c191628
P 0x7f2a7c19c008
C 260
R
P 0x7f2a7c191628
C 342
R
P 0x7f2a7c191628
P 0x7f2a7c19c008
C 259
R
P 0x7f2a7c191628
C 342
R
P 0x7f2a7c191628
P 0x7f2a7c19c008
C 258
R
P 0x7f2a7c191628
C 342
R
P 0x7f2a7c191628
P 0x7f2a7c19c008
C 9
R
P 0x7f2a7c191628
C 342
R
P 0x7f2a7c191628
U 2
P 0x7f2a7c19bfe8
P 0x7f2a7c19c008
p 2
C 65
= 0x7f2a7c1a1f58
R
P 0x7f2a7c191628
C 342
R
P 0x7f2a7c191628
P 0x7f2a7c1a1f58
C 257
R
P 0x7f2a7c191628
C 342
R
P 0x7f2a7c191628
P 0x7f2a7c1a1f58
C 254
= 0x7f2a7c19b1e8
R
P 0x7f2a7c191628
C 342
R
P 0x7f2a7c191628
P 0x7f2a7c19b1e8
C 209
R
P 0x7f2a7c191628
C 342
R
P 0x7f2a7c191628
P 0x7f2a7c1a1f58
C 260
R
P 0x7f2a7c191628
C 342
R
P 0x7f2a7c191628
P 0x7f2a7c1a1f58
C 259
R
P 0x7f2a7c191628
C 342
R
P 0x7f2a7c191628
P 0x7f2a7c1a1f58
C 258
R
P 0x7f2a7c191628
C 342
R
P 0x7f2a7c191628
P 0x7f2a7c1a1f58
C 9
R
P 0x7f2a7c191628
C 342
R
P 0x7f2a7c191628
I 3
P 0x7f2a7c19b208
C 150
= 0x7f2a7c19bfc8
R
P 0x7f2a7c191628
C 342
R
P 0x7f2a7c191628
P 0x7f2a7c19bfc8
C 258
R
P 0x7f2a7c191628
C 342
R
P 0x7f2a7c191628
P 0x7f2a7c19bfc8
C 9
R
P 0x7f2a7c191628
C 342
R
P 0x7f2a7c191628
P 0x7f2a7c19bfc8
C 263
R
P 0x7f2a7c191628
C 342
R
P 0x7f2a7c191628
S "slot3Start"
C 30
R
P 0x7f2a7c191628
C 342
R
P 0x7f2a7c191628
$ |slot3Start|
C 202
R
P 0x7f2a7c191628
C 342
R
P 0x7f2a7c191628
$ |slot3Start|
P 0x7f2a7c19b1e8
C 51
= 0x7f2a7c19bfe8
R
P 0x7f2a7c191628
C 342
R
P 0x7f2a7c191628
P 0x7f2a7c19bfe8
C 257
R
P 0x7f2a7c191628
C 342
R
P 0x7f2a7c191628
P 0x7f2a7c19bfe8
C 254
= 0x7f2a7c19b1e8
R
P 0x7f2a7c191628
C 342
R
P 0x7f2a7c191628
P 0x7f2a7c19b1e8
C 209
R
P 0x7f2a7c191628
C 342
R
P 0x7f2a7c191628
P 0x7f2a7c19bfe8
C 260
R
P 0x7f2a7c191628
C 342
R
P 0x7f2a7c191628
P 0x7f2a7c19bfe8
C 259
R
P 0x7f2a7c191628
C 342
R
P 0x7f2a7c191628
P 0x7f2a7c19bfe8
C 258
R
P 0x7f2a7c191628
C 342
R
P 0x7f2a7c191628
P 0x7f2a7c19bfe8
C 9
R
P 0x7f2a7c191628
C 342
R
P 0x7f2a7c191628
I 3
P 0x7f2a7c19b208
C 150
= 0x7f2a7c19bfc8
R
P 0x7f2a7c191628
C 342
R
P 0x7f2a7c191628
P 0x7f2a7c19bfc8
C 258
R
P 0x7f2a7c191628
C 342
R
P 0x7f2a7c191628
P 0x7f2a7c19bfc8
C 9
R
P 0x7f2a7c191628
C 342
R
P 0x7f2a7c191628
P 0x7f2a7c19bfc8
C 263
R
P 0x7f2a7c191628
C 342
R
P 0x7f2a7c191628
S "slot3Duration"
C 30
R
P 0x7f2a7c191628
C 342
R
P 0x7f2a7c191628
$ |slot3Duration|
C 202
R
P 0x7f2a7c191628
C 342
R
P 0x7f2a7c191628
$ |slot3Duration|
P 0x7f2a7c19b1e8
C 51
= 0x7f2a7c19c008
R
P 0x7f2a7c191628
C 342
R
P 0x7f2a7c191628
P 0x7f2a7c19c008
C 257
R
P 0x7f2a7c191628
C 342
R
P 0x7f2a7c191628
P 0x7f2a7c19c008
C 254
= 0x7f2a7c19b1e8
R
P 0x7f2a7c191628
C 342
R
P 0x7f2a7c191628
P 0x7f2a7c19b1e8
C 209
R
P 0x7f2a7c191628
C 342
R
P 0x7f2a7c191628
P 0x7f2a7c19c008
C 260
R
P 0x7f2a7c191628
C 342
R
P 0x7f2a7c191628
P 0x7f2a7c19c008
C 259
R
P 0x7f2a7c191628
C 342
R
P 0x7f2a7c191628
P 0x7f2a7c19c008
C 258
R
P 0x7f2a7c191628
C 342
R
P 0x7f2a7c191628
P 0x7f2a7c19c008
C 9
R
P 0x7f2a7c191628
C 342
R
P 0x7f2a7c191628
U 2
P 0x7f2a7c19bfe8
P 0x7f2a7c19c008
p 2
C 65
= 0x7f2a7c1a1f58
R
P 0x7f2a7c191628
C 342
R
P 0x7f2a7c191628
P 0x7f2a7c1a1f58
C 257
R
P 0x7f2a7c191628
C 342
R
P 0x7f2a7c191628
P 0x7f2a7c1a1f58
C 254
= 0x7f2a7c19b1e8
R
P 0x7f2a7c191628
C 342
R
P 0x7f2a7c191628
P 0x7f2a7c19b1e8
C 209
R
P 0x7f2a7c191628
C 342
R
P 0x7f2a7c191628
P 0x7f2a7c1a1f58
C 260
R
P 0x7f2a7c191628
C 342
R
P 0x7f2a7c191628
P 0x7f2a7c1a1f58
C 259
R
P 0x7f2a7c191628
C 342
R
P 0x7f2a7c191628
P 0x7f2a7c1a1f58
C 258
R
P 0x7f2a7c191628
C 342
R
P 0x7f2a7c191628
P 0x7f2a7c1a1f58
C 9
R
P 0x7f2a7c191628
C 342
R
P 0x7f2a7c191628
P 0x7f2a7c1a1f58
P 0x7f2a7c1a1f58
C 74
= 0x7f2a7c2ccc40
R
P 0x7f2a7c191628
C 342
R
P 0x7f2a7c191628
P 0x7f2a7c2ccc40
C 258
R
P 0x7f2a7c191628
C 342
R
P 0x7f2a7c191628
P 0x7f2a7c2ccc40
C 9
R
P 0x7f2a7c191628
C 342
R
P 0x7f2a7c191628
U 2
P 0x7f2a7c2cc4d0
P 0x7f2a7c2ccc40
p 2
C 63
= 0x7f2a7c2ccc78
R
P 0x7f2a7c191628
C 342
R
P 0x7f2a7c191628
P 0x7f2a7c2ccc78
C 258
R
P 0x7f2a7c191628
C 342
R
P 0x7f2a7c191628
P 0x7f2a7c2ccc78
C 9
R
P 0x7f2a7c191628
C 342
R
P 0x7f2a7c191628
P 0x7f2a7c2ccc78
C 58
= 0x7f2a7c19e7b8
R
P 0x7f2a7c191628
C 342
R
P 0x7f2a7c191628
P 0x7f2a7c19e7b8
C 258
R
P 0x7f2a7c191628
C 342
R
P 0x7f2a7c191628
P 0x7f2a7c19e7b8
C 9
R
P 0x7f2a7c191628
C 342
R
P 0x7f2a7c191628
P 0x7f2a7c19e518
P 0x7f2a7c19e7b8
C 61
= 0x7f2a7c2cccb0
R
P 0x7f2a7c191628
C 342
R
P 0x7f2a7c191628
P 0x7f2a7c2cccb0
C 258
R
P 0x7f2a7c191628
C 342
R
P 0x7f2a7c191628
P 0x7f2a7c2cccb0
C 9
R
P 0x7f2a7c191628
C 342
R
P 0x7f2a7c191628
P 0x7f2a7c1e1fc8
P 0x7f2a7c2cccb0
C 427
R
P 0x7f2a7c191628
C 342
R
P 0x7f2a7c191628
I 3
P 0x7f2a7c19b208
C 150
= 0x7f2a7c19bfc8
R
P 0x7f2a7c191628
C 342
R
P 0x7f2a7c191628
P 0x7f2a7c19bfc8
C 258
R
P 0x7f2a7c191628
C 342
R
P 0x7f2a7c191628
P 0x7f2a7c19bfc8
C 9
R
P 0x7f2a7c191628
C 342
R
P 0x7f2a7c191628
I 4
P 0x7f2a7c19b208
C 150
= 0x7f2a7c19c028
R
P 0x7f2a7c191628
C 342
R
P 0x7f2a7c191628
P 0x7f2a7c19c028
C 258
R
P 0x7f2a7c191628
C 342
R
P 0x7f2a7c191628
P 0x7f2a7c19c028
C 9
R
P 0x7f2a7c191628
C 342
R
P 0x7f2a7c191628
P 0x7f2a7c19bfc8
P 0x7f2a7c19c028
C 56
= 0x7f2a7c2cc578
R
P 0x7f2a7c191628
C 342
R
P 0x7f2a7c191628
P 0x7f2a7c2cc578
C 258
R
P 0x7f2a7c191628
C 342
R
P 0x7f2a7c191628
P 0x7f2a7c2cc578
C 9
R
P 0x7f2a7c191628
C 342
R
P 0x7f2a7c191628
P 0x7f2a7c2cc578
C 58
= 0x7f2a7c19e578
R
P 0x7f2a7c191628
C 342
R
P 0x7f2a7c191628
P 0x7f2a7c19e578
C 258
R
P 0x7f2a7c191628
C 342
R
P 0x7f2a7c191628
P 0x7f2a7c19e578
C 9
R
P 0x7f2a7c191628
C 342
R
P 0x7f2a7c191628
I 4
P 0x7f2a7c19b208
C 150
= 0x7f2a7c19c028
R
P 0x7f2a7c191628
C 342
R
P 0x7f2a7c191628
P 0x7f2a7c19c028
C 258
R
P 0x7f2a7c191628
C 342
R
P 0x7f2a7c191628
P 0x7f2a7c19c028
C 9
R
P 0x7f2a7c191628
C 342
R
P 0x7f2a7c191628
P 0x7f2a7c19c028
C 263
R
P 0x7f2a7c191628
C 342
R
P 0x7f2a7c191628
S "slot4Start"
C 30
R
P 0x7f2a7c191628
C 342
R
P 0x7f2a7c191628
$ |slot4Start|
C 202
R
P 0x7f2a7c191628
C 342
R
P 0x7f2a7c191628
$ |slot4Start|
P 0x7f2a7c19b1e8
C 51
= 0x7f2a7c19c048
R
P 0x7f2a7c191628
C 342
R
P 0x7f2a7c191628
P 0x7f2a7c19c048
C 257
R
P 0x7f2a7c191628
C 342
R
P 0x7f2a7c191628
P 0x7f2a7c19c048
C 254
= 0x7f2a7c19b1e8
R
P 0x7f2a7c191628
C 342
R
P 0x7f2a7c191628
P 0x7f2a7c19b1e8
C 209
R
P 0x7f2a7c191628
C 342
R
P 0x7f2a7c191628
P 0x7f2a7c19c048
C 260
R
P 0x7f2a7c191628
C 342
R
P 0x7f2a7c191628
P 0x7f2a7c19c048
C 259
R
P 0x7f2a7c191628
C 342
R
P 0x7f2a7c191628
P 0x7f2a7c19c048
C 258
R
P 0x7f2a7c191628
C 342
R
P 0x7f2a7c191628
P 0x7f2a7c19c048
C 9
R
P 0x7f2a7c191628
C 342
R
P 0x7f2a7c191628
I 3
P 0x7f2a7c19b208
C 150
= 0x7f2a7c19bfc8
R
P 0x7f2a7c191628
C 342
R
P 0x7f2a7c191628
P 0x7f2a7c19bfc8
C 258
R
P 0x7f2a7c191628
C 342
R
P 0x7f2a7c191628
P 0x7f2a7c19bfc8
C 9
R
P 0x7f2a7c191628
C 342
R
P 0x7f2a7c191628
P 0x7f2a7c19bfc8
C 263
R
P 0x7f2a7c191628
C 342
R
P 0x7f2a7c191628
S "slot3Start"
C 30
R
P 0x7f2a7c191628
C 342
R
P 0x7f2a7c191628
$ |slot3Start|
C 202
R
P 0x7f2a7c191628
C 342
R
P 0x7f2a7c191628
$ |slot3Start|
P 0x7f2a7c19b1e8
C 51
= 0x7f2a7c19bfe8
R
P 0x7f2a7c191628
C 342
R
P 0x7f2a7c191628
P 0x7f2a7c19bfe8
C 257
R
P 0x7f2a7c191628
C 342
R
P 0x7f2a7c191628
P 0x7f2a7c19bfe8
C 254
= 0x7f2a7c19b1e8
R
P 0x7f2a7c191628
C 342
R
P 0x7f2a7c191628
P 0x7f2a7c19b1e8
C 209
R
P 0x7f2a7c191628
C 342
R
P 0x7f2a7c191628
P 0x7f2a7c19bfe8
C 260
R
P 0x7f2a7c191628
C 342
R
P 0x7f2a7c191628
P 0x7f2a7c19bfe8
C 259
R
P 0x7f2a7c191628
C 342
R
P 0x7f2a7c191628
P 0x7f2a7c19bfe8
C 258
R
P 0x7f2a7c191628
C 342
R
P 0x7f2a7c191628
P 0x7f2a7c19bfe8
C 9
R
P 0x7f2a7c191628
C 342
R
P 0x7f2a7c191628
I 3
P 0x7f2a7c19b208
C 150
= 0x7f2a7c19bfc8
R
P 0x7f2a7c191628
C 342
R
P 0x7f2a7c191628
P 0x7f2a7c19bfc8
C 258
R
P 0x7f2a7c191628
C 342
R
P 0x7f2a7c191628
P 0x7f2a7c19bfc8
C 9
R
P 0x7f2a7c191628
C 342
R
P 0x7f2a7c191628
P 0x7f2a7c19bfc8
C 263
R
P 0x7f2a7c191628
C 342
R
P 0x7f2a7c191628
S "slot3Duration"
C 30
R
P 0x7f2a7c191628
C 342
R
P 0x7f2a7c191628
$ |slot3Duration|
C 202
R
P 0x7f2a7c191628
C 342
R
P 0x7f2a7c191628
$ |slot3Duration|
P 0x7f2a7c19b1e8
C 51
= 0x7f2a7c19c008
R
P 0x7f2a7c191628
C 342
R
P 0x7f2a7c191628
P 0x7f2a7c19c008
C 257
R
P 0x7f2a7c191628
C 342
R
P 0x7f2a7c191628
P 0x7f2a7c19c008
C 254
= 0x7f2a7c19b1e8
R
P 0x7f2a7c191628
C 342
R
P 0x7f2a7c191628
P 0x7f2a7c19b1e8
C 209
R
P 0x7f2a7c191628
C 342
R
P 0x7f2a7c191628
P 0x7f2a7c19c008
C 260
R
P 0x7f2a7c191628
C 342
R
P 0x7f2a7c191628
P 0x7f2a7c19c008
C 259
R
P 0x7f2a7c191628
C 342
R
P 0x7f2a7c191628
P 0x7f2a7c19c008
C 258
R
P 0x7f2a7c191628
C 342
R
P 0x7f2a7c191628
P 0x7f2a7c19c008
C 9
R
P 0x7f2a7c191628
C 342
R
P 0x7f2a7c191628
U 2
P 0x7f2a7c19bfe8
P 0x7f2a7c19c008
p 2
C 65
= 0x7f2a7c1a1f58
R
P 0x7f2a7c191628
C 342
R
P 0x7f2a7c191628
P 0x7f2a7c1a1f58
C 257
R
P 0x7f2a7c191628
C 342
R
P 0x7f2a7c191628
P 0x7f2a7c1a1f58
C 254
= 0x7f2a7c19b1e8
R
P 0x7f2a7c191628
C 342
R
P 0x7f2a7c191628
P 0x7f2a7c19b1e8
C 209
R
P 0x7f2a7c191628
C 342
R
P 0x7f2a7c191628
P 0x7f2a7c1a1f58
C 260
R
P 0x7f2a7c191628
C 342
R
P 0x7f2a7c191628
P 0x7f2a7c1a1f58
C 259
R
P 0x7f2a7c191628
C 342
R
P 0x7f2a7c191628
P 0x7f2a7c1a1f58
C 258
R
P 0x7f2a7c191628
C 342
R
P 0x7f2a7c191628
P 0x7f2a7c1a1f58
C 9
R
P 0x7f2a7c191628
C 342
R
P 0x7f2a7c191628
P 0x7f2a7c19c048
P 0x7f2a7c1a1f58
C 74
= 0x7f2a7c2ccce8
R
P 0x7f2a7c191628
C 342
R
P 0x7f2a7c191628
P 0x7f2a7c2ccce8
C 258
R
P 0x7f2a7c191628
C 342
R
P 0x7f2a7c191628
P 0x7f2a7c2ccce8
C 9
R
P 0x7f2a7c191628
C 342
R
P 0x7f2a7c191628
I 3
P 0x7f2a7c19b208
C 150
= 0x7f2a7c19bfc8
R
P 0x7f2a7c191628
C 342
R
P 0x7f2a7c191628
P 0x7f2a7c19bfc8
C 258
R
P 0x7f2a7c191628
C 342
R
P 0x7f2a7c191628
P 0x7f2a7c19bfc8
C 9
R
P 0x7f2a7c191628
C 342
R
P 0x7f2a7c191628
P 0x7f2a7c19bfc8
C 263
R
P 0x7f2a7c191628
C 342
R
P 0x7f2a7c191628
S "slot3Start"
C 30
R
P 0x7f2a7c191628
C 342
R
P 0x7f2a7c191628
$ |slot3Start|
C 202
R
P 0x7f2a7c191628
C 342
R
P 0x7f2a7c191628
$ |slot3Start|
P 0x7f2a7c19b1e8
C 51
= 0x7f2a7c19bfe8
R
P 0x7f2a7c191628
C 342
R
P 0x7f2a7c191628
P 0x7f2a7c19bfe8
C 257
R
P 0x7f2a7c191628
C 342
R
P 0x7f2a7c191628
P 0x7f2a7c19bfe8
C 254
= 0x7f2a7c19b1e8
R
P 0x7f2a7c191628
C 342
R
P 0x7f2a7c191628
P 0x7f2a7c19b1e8
C 209
R
P 0x7f2a7c191628
C 342
R
P 0x7f2a7c191628
P 0x7f2a7c19bfe8
C 260
R
P 0x7f2a7c191628
C 342
R
P 0x7f2a7c191628
P 0x7f2a7c19bfe8
C 259
R
P 0x7f2a7c191628
C 342
R
P 0x7f2a7c191628
P 0x7f2a7c19bfe8
C 258
R
P 0x7f2a7c191628
C 342
R
P 0x7f2a7c191628
P 0x7f2a7c19bfe8
C 9
R
P 0x7f2a7c191628
C 342
R
P 0x7f2a7c191628
I 3
P 0x7f2a7c19b208
C 150
= 0x7f2a7c19bfc8
R
P 0x7f2a7c191628
C 342
R
P 0x7f2a7c191628
P 0x7f2a7c19bfc8
C 258
R
P 0x7f2a7c191628
C 342
R
P 0x7f2a7c191628
P 0x7f2a7c19bfc8
C 9
R
P 0x7f2a7c191628
C 342
R
P 0x7f2a7c191628
P 0x7f2a7c19bfc8
C 263
R
P 0x7f2a7c191628
C 342
R
P 0x7f2a7c191628
S "slot3Duration"
C 30
R
P 0x7f2a7c191628
C 342
R
P 0x7f2a7c191628
$ |slot3Duration|
C 202
R
P 0x7f2a7c191628
C 342
R
P 0x7f2a7c191628
$ |slot3Duration|
P 0x7f2a7c19b1e8
C 51
= 0x7f2a7c19c008
R
P 0x7f2a7c191628
C 342
R
P 0x7f2a7c191628
P 0x7f2a7c19c008
C 257
R
P 0x7f2a7c191628
C 342
R
P 0x7f2a7c191628
P 0x7f2a7c19c008
C 254
= 0x7f2a7c19b1e8
R
P 0x7f2a7c191628
C 342
R
P 0x7f2a7c191628
P 0x7f2a7c19b1e8
C 209
R
P 0x7f2a7c191628
C 342
R
P 0x7f2a7c191628
P 0x7f2a7c19c008
C 260
R
P 0x7f2a7c191628
C 342
R
P 0x7f2a7c191628
P 0x7f2a7c19c008
C 259
R
P 0x7f2a7c191628
C 342
R
P 0x7f2a7c191628
P 0x7f2a7c19c008
C 258
R
P 0x7f2a7c191628
C 342
R
P 0x7f2a7c191628
P 0x7f2a7c19c008
C 9
R
P 0x7f2a7c191628
C 342
R
P 0x7f2a7c191628
U 2
P 0x7f2a7c19bfe8
P 0x7f2a7c19c008
p 2
C 65
= 0x7f2a7c1a1f58
R
P 0x7f2a7c191628
C 342
R
P 0x7f2a7c191628
P 0x7f2a7c1a1f58
C 257
R
P 0x7f2a7c191628
C 342
R
P 0x7f2a7c191628
P 0x7f2a7c1a1f58
C 254
= 0x7f2a7c19b1e8
R
P 0x7f2a7c191628
C 342
R
P 0x7f2a7c191628
P 0x7f2a7c19b1e8
C 209
R
P 0x7f2a7c191628
C 342
R
P 0x7f2a7c191628
P 0x7f2a7c1a1f58
C 260
R
P 0x7f2a7c191628
C 342
R
P 0x7f2a7c191628
P 0x7f2a7c1a1f58
C 259
R
P 0x7f2a7c191628
C 342
R
P 0x7f2a7c191628
P 0x7f2a7c1a1f58
C 258
R
P 0x7f2a7c191628
C 342
R
P 0x7f2a7c191628
P 0x7f2a7c1a1f58
C 9
R
P 0x7f2a7c191628
C 342
R
P 0x7f2a7c191628
I 4
P 0x7f2a7c19b208
C 150
= 0x7f2a7c19c028
R
P 0x7f2a7c191628
C 342
R
P 0x7f2a7c191628
P 0x7f2a7c19c028
C 258
R
P 0x7f2a7c191628
C 342
R
P 0x7f2a7c191628
P 0x7f2a7c19c028
C 9
R
P 0x7f2a7c191628
C 342
R
P 0x7f2a7c191628
P 0x7f2a7c19c028
C 263
R
P 0x7f2a7c191628
C 342
R
P 0x7f2a7c191628
S "slot4Start"
C 30
R
P 0x7f2a7c191628
C 342
R
P 0x7f2a7c191628
$ |slot4Start|
C 202
R
P 0x7f2a7c191628
C 342
R
P 0x7f2a7c191628
$ |slot4Start|
P 0x7f2a7c19b1e8
C 51
= 0x7f2a7c19c048
R
P 0x7f2a7c191628
C 342
R
P 0x7f2a7c191628
P 0x7f2a7c19c048
C 257
R
P 0x7f2a7c191628
C 342
R
P 0x7f2a7c191628
P 0x7f2a7c19c048
C 254
= 0x7f2a7c19b1e8
R
P 0x7f2a7c191628
C 342
R
P 0x7f2a7c191628
P 0x7f2a7c19b1e8
C 209
R
P 0x7f2a7c191628
C 342
R
P 0x7f2a7c191628
P 0x7f2a7c19c048
C 260
R
P 0x7f2a7c191628
C 342
R
P 0x7f2a7c191628
P 0x7f2a7c19c048
C 259
R
P 0x7f2a7c191628
C 342
R
P 0x7f2a7c191628
P 0x7f2a7c19c048
C 258
R
P 0x7f2a7c191628
C 342
R
P 0x7f2a7c191628
P 0x7f2a7c19c048
C 9
R
P 0x7f2a7c191628
C 342
R
P 0x7f2a7c191628
I 4
P 0x7f2a7c19b208
C 150
= 0x7f2a7c19c028
R
P 0x7f2a7c191628
C 342
R
P 0x7f2a7c191628
P 0x7f2a7c19c028
C 258
R
P 0x7f2a7c191628
C 342
R
P 0x7f2a7c191628
P 0x7f2a7c19c028
C 9
R
P 0x7f2a7c191628
C 342
R
P 0x7f2a7c191628
P 0x7f2a7c19c028
C 263
R
P 0x7f2a7c191628
C 342
R
P 0x7f2a7c191628
S "slot4Duration"
C 30
R
P 0x7f2a7c191628
C 342
R
P 0x7f2a7c191628
$ |slot4Duration|
C 202
R
P 0x7f2a7c191628
C 342
R
P 0x7f2a7c191628
$ |slot4Duration|
P 0x7f2a7c19b1e8
C 51
= 0x7f2a7c19c068
R
P 0x7f2a7c191628
C 342
R
P 0x7f2a7c191628
P 0x7f2a7c19c068
C 257
R
P 0x7f2a7c191628
C 342
R
P 0x7f2a7c191628
P 0x7f2a7c19c068
C 254
= 0x7f2a7c19b1e8
R
P 0x7f2a7c191628
C 342
R
P 0x7f2a7c191628
P 0x7f2a7c19b1e8
C 209
R
P 0x7f2a7c191628
C 342
R
P 0x7f2a7c191628
P 0x7f2a7c19c068
C 260
R
P 0x7f2a7c191628
C 342
R
P 0x7f2a7c191628
P 0x7f2a7c19c068
C 259
R
P 0x7f2a7c191628
C 342
R
P 0x7f2a7c191628
P 0x7f2a7c19c068
C 258
R
P 0x7f2a7c191628
C 342
R
P 0x7f2a7c191628
P 0x7f2a7c19c068
C 9
R
P 0x7f2a7c191628
C 342
R
P 0x7f2a7c191628
U 2
P 0x7f2a7c19c048
P 0x7f2a7c19c068
p 2
C 65
= 0x7f2a7c1a20a8
R
P 0x7f2a7c191628
C 342
R
P 0x7f2a7c191628
P 0x7f2a7c1a20a8
C 257
R
P 0x7f2a7c191628
C 342
R
P 0x7f2a7c191628
P 0x7f2a7c1a20a8
C 254
= 0x7f2a7c19b1e8
R
P 0x7f2a7c191628
C 342
R
P 0x7f2a7c191628
P 0x7f2a7c19b1e8
C 209
R
P 0x7f2a7c191628
C 342
R
P 0x7f2a7c191628
P 0x7f2a7c1a20a8
C 260
R
P 0x7f2a7c191628
C 342
R
P 0x7f2a7c191628
P 0x7f2a7c1a20a8
C 259
R
P 0x7f2a7c191628
C 342
R
P 0x7f2a7c191628
P 0x7f2a7c1a20a8
C 258
R
P 0x7f2a7c191628
C 342
R
P 0x7f2a7c191628
P 0x7f2a7c1a20a8
C 9
R
P 0x7f2a7c191628
C 342
R
P 0x7f2a7c191628
P 0x7f2a7c1a1f58
P 0x7f2a7c1a20a8
C 74
= 0x7f2a7c2ccd20
R
P 0x7f2a7c191628
C 342
R
P 0x7f2a7c191628
P 0x7f2a7c2ccd20
C 258
R
P 0x7f2a7c191628
C 342
R
P 0x7f2a7c191628
P 0x7f2a7c2ccd20
C 9
R
P 0x7f2a7c191628
C 342
R
P 0x7f2a7c191628
U 2
P 0x7f2a7c2ccce8
P 0x7f2a7c2ccd20
p 2
C 63
= 0x7f2a7c2ccd58
R
P 0x7f2a7c191628
C 342
R
P 0x7f2a7c191628
P 0x7f2a7c2ccd58
C 258
R
P 0x7f2a7c191628
C 342
R
P 0x7f2a7c191628
P 0x7f2a7c2ccd58
C 9
R
P 0x7f2a7c191628
C 342
R
P 0x7f2a7c191628
P 0x7f2a7c2ccd58
C 58
= 0x7f2a7c19e7e8
R
P 0x7f2a7c191628
C 342
R
P 0x7f2a7c191628
P 0x7f2a7c19e7e8
C 258
R
P 0x7f2a7c191628
C 342
R
P 0x7f2a7c191628
P 0x7f2a7c19e7e8
C 9
R
P 0x7f2a7c191628
C 342
R
P 0x7f2a7c191628
P 0x7f2a7c19e578
P 0x7f2a7c19e7e8
C 61
= 0x7f2a7c2ccd90
R
P 0x7f2a7c191628
C 342
R
P 0x7f2a7c191628
P 0x7f2a7c2ccd90
C 258
R
P 0x7f2a7c191628
C 342
R
P 0x7f2a7c191628
P 0x7f2a7c2ccd90
C 9
R
P 0x7f2a7c191628
C 342
R
P 0x7f2a7c191628
P 0x7f2a7c1e1fc8
P 0x7f2a7c2ccd90
C 427
R
P 0x7f2a7c191628
C 342
R
P 0x7f2a7c191628
I 3
P 0x7f2a7c19b208
C 150
= 0x7f2a7c19bfc8
R
P 0x7f2a7c191628
C 342
R
P 0x7f2a7c191628
P 0x7f2a7c19bfc8
C 258
R
P 0x7f2a7c191628
C 342
R
P 0x7f2a7c191628
P 0x7f2a7c19bfc8
C 9
R
P 0x7f2a7c191628
C 342
R
P 0x7f2a7c191628
I 5
P 0x7f2a7c19b208
C 150
= 0x7f2a7c19c088
R
P 0x7f2a7c191628
C 342
R
P 0x7f2a7c191628
P 0x7f2a7c19c088
C 258
R
P 0x7f2a7c191628
C 342
R
P 0x7f2a7c191628
P 0x7f2a7c19c088
C 9
R
P 0x7f2a7c191628
C 342
R
P 0x7f2a7c191628
P 0x7f2a7c19bfc8
P 0x7f2a7c19c088
C 56
= 0x7f2a7c2cc690
R
P 0x7f2a7c191628
C 342
R
P 0x7f2a7c191628
P 0x7f2a7c2cc690
C 258
R
P 0x7f2a7c191628
C 342
R
P 0x7f2a7c191628
P 0x7f2a7c2cc690
C 9
R
P 0x7f2a7c191628
C 342
R
P 0x7f2a7c191628
P 0x7f2a7c2cc690
C 58
= 0x7f2a7c19e5d8
R
P 0x7f2a7c191628
C 342
R
P 0x7f2a7c191628
P 0x7f2a7c19e5d8
C 258
R
P 0x7f2a7c191628
C 342
R
P 0x7f2a7c191628
P 0x7f2a7c19e5d8
C 9
R
P 0x7f2a7c191628
C 342
R
P 0x7f2a7c191628
I 5
P 0x7f2a7c19b208
C 150
= 0x7f2a7c19c088
R
P 0x7f2a7c191628
C 342
R
P 0x7f2a7c191628
P 0x7f2a7c19c088
C 258
R
P 0x7f2a7c191628
C 342
R
P 0x7f2a7c191628
P 0x7f2a7c19c088
C 9
R
P 0x7f2a7c191628
C 342
R
P 0x7f2a7c191628
P 0x7f2a7c19c088
C 263
R
P 0x7f2a7c191628
C 342
R
P 0x7f2a7c191628
S "slot5Start"
C 30
R
P 0x7f2a7c191628
C 342
R
P 0x7f2a7c191628
$ |slot5Start|
C 202
R
P 0x7f2a7c191628
C 342
R
P 0x7f2a7c191628
$ |slot5Start|
P 0x7f2a7c19b1e8
C 51
= 0x7f2a7c19c0a8
R
P 0x7f2a7c191628
C 342
R
P 0x7f2a7c191628
P 0x7f2a7c19c0a8
C 257
R
P 0x7f2a7c191628
C 342
R
P 0x7f2a7c191628
P 0x7f2a7c19c0a8
C 254
= 0x7f2a7c19b1e8
R
P 0x7f2a7c191628
C 342
R
P 0x7f2a7c191628
P 0x7f2a7c19b1e8
C 209
R
P 0x7f2a7c191628
C 342
R
P 0x7f2a7c191628
P 0x7f2a7c19c0a8
C 260
R
P 0x7f2a7c191628
C 342
R
P 0x7f2a7c191628
P 0x7f2a7c19c0a8
C 259
R
P 0x7f2a7c191628
C 342
R
P 0x7f2a7c191628
P 0x7f2a7c19c0a8
C 258
R
P 0x7f2a7c191628
C 342
R
P 0x7f2a7c191628
P 0x7f2a7c19c0a8
C 9
R
P 0x7f2a7c191628
C 342
R
P 0x7f2a7c191628
I 3
P 0x7f2a7c19b208
C 150
= 0x7f2a7c19bfc8
R
P 0x7f2a7c191628
C 342
R
P 0x7f2a7c191628
P 0x7f2a7c19bfc8
C 258
R
P 0x7f2a7c191628
C 342
R
P 0x7f2a7c191628
P 0x7f2a7c19bfc8
C 9
R
P 0x7f2a7c191628
C 342
R
P 0x7f2a7c191628
P 0x7f2a7c19bfc8
C 263
R
P 0x7f2a7c191628
C 342
R
P 0x7f2a7c191628
S "slot3Start"
C 30
R
P 0x7f2a7c191628
C 342
R
P 0x7f2a7c191628
$ |slot3Start|
C 202
R
P 0x7f2a7c191628
C 342
R
P 0x7f2a7c191628
$ |slot3Start|
P 0x7f2a7c19b1e8
C 51
= 0x7f2a7c19bfe8
R
P 0x7f2a7c191628
C 342
R
P 0x7f2a7c191628
P 0x7f2a7c19bfe8
C 257
R
P 0x7f2a7c191628
C 342
R
P 0x7f2a7c191628
P 0x7f2a7c19bfe8
C 254
= 0x7f2a7c19b1e8
R
P 0x7f2a7c191628
C 342
R
P 0x7f2a7c191628
P 0x7f2a7c19b1e8
C 209
R
P 0x7f2a7c191628
C 342
R
P 0x7f2a7c191628
P 0x7f2a7c19bfe8
C 260
R
P 0x7f2a7c191628
C 342
R
P 0x7f2a7c191628
P 0x7f2a7c19bfe8
C 259
R
P 0x7f2a7c191628
C 342
R
P 0x7f2a7c191628
P 0x7f2a7c19bfe8
C 258
R
P 0x7f2a7c191628
C 342
R
P 0x7f2a7c191628
P 0x7f2a7c19bfe8
C 9
R
P 0x7f2a7c191628
C 342
R
P 0x7f2a7c191628
I 3
P 0x7f2a7c19b208
C 150
= 0x7f2a7c19bfc8
R
P 0x7f2a7c191628
C 342
R
P 0x7f2a7c191628
P 0x7f2a7c19bfc8
C 258
R
P 0x7f2a7c191628
C 342
R
P 0x7f2a7c191628
P 0x7f2a7c19bfc8
C 9
R
P 0x7f2a7c191628
C 342
R
P 0x7f2a7c191628
P 0x7f2a7c19bfc8
C 263
R
P 0x7f2a7c191628
C 342
R
P 0x7f2a7c191628
S "slot3Duration"
C 30
R
P 0x7f2a7c191628
C 342
R
P 0x7f2a7c191628
$ |slot3Duration|
C 202
R
P 0x7f2a7c191628
C 342
R
P 0x7f2a7c191628
$ |slot3Duration|
P 0x7f2a7c19b1e8
C 51
= 0x7f2a7c19c008
R
P 0x7f2a7c191628
C 342
R
P 0x7f2a7c191628
P 0x7f2a7c19c008
C 257
R
P 0x7f2a7c191628
C 342
R
P 0x7f2a7c191628
P 0x7f2a7c19c008
C 254
= 0x7f2a7c19b1e8
R
P 0x7f2a7c191628
C 342
R
P 0x7f2a7c191628
P 0x7f2a7c19b1e8
C 209
R
P 0x7f2a7c191628
C 342
R
P 0x7f2a7c191628
P 0x7f2a7c19c008
C 260
R
P 0x7f2a7c191628
C 342
R
P 0x7f2a7c191628
P 0x7f2a7c19c008
C 259
R
P 0x7f2a7c191628
C 342
R
P 0x7f2a7c191628
P 0x7f2a7c19c008
C 258
R
P 0x7f2a7c191628
C 342
R
P 0x7f2a7c191628
P 0x7f2a7c19c008
C 9
R
P 0x7f2a7c191628
C 342
R
P 0x7f2a7c191628
U 2
P 0x7f2a7c19bfe8
P 0x7f2a7c19c008
p 2
C 65
= 0x7f2a7c1a1f58
R
P 0x7f2a7c191628
C 342
R
P 0x7f2a7c191628
P 0x7f2a7c1a1f58
C 257
R
P 0x7f2a7c191628
C 342
R
P 0x7f2a7c191628
P 0x7f2a7c1a1f58
C 254
= 0x7f2a7c19b1e8
R
P 0x7f2a7c191628
C 342
R
P 0x7f2a7c191628
P 0x7f2a7c19b1e8
C 209
R
P 0x7f2a7c191628
C 342
R
P 0x7f2a7c191628
P 0x7f2a7c1a1f58
C 260
R
P 0x7f2a7c191628
C 342
R
P 0x7f2a7c191628
P 0x7f2a7c1a1f58
C 259
R
P 0x7f2a7c191628
C 342
R
P 0x7f2a7c191628
P 0x7f2a7c1a1f58
C 258
R
P 0x7f2a7c191628
C 342
R
P 0x7f2a7c191628
P 0x7f2a7c1a1f58
C 9
R
P 0x7f2a7c191628
C 342
R
P 0x7f2a7c191628
P 0x7f2a7c19c0a8
P 0x7f2a7c1a1f58
C 74
= 0x7f2a7c2ccdc8
R
P 0x7f2a7c191628
C 342
R
P 0x7f2a7c191628
P 0x7f2a7c2ccdc8
C 258
R
P 0x7f2a7c191628
C 342
R
P 0x7f2a7c191628
P 0x7f2a7c2ccdc8
C 9
R
P 0x7f2a7c191628
C 342
R
P 0x7f2a7c191628
I 3
P 0x7f2a7c19b208
C 150
= 0x7f2a7c19bfc8
R
P 0x7f2a7c191628
C 342
R
P 0x7f2a7c191628
P 0x7f2a7c19bfc8
C 258
R
P 0x7f2a7c191628
C 342
R
P 0x7f2a7c191628
P 0x7f2a7c19bfc8
C 9
R
P 0x7f2a7c191628
C 342
R
P 0x7f2a7c191628
P 0x7f2a7c19bfc8
C 263
R
P 0x7f2a7c191628
C 342
R
P 0x7f2a7c191628
S "slot3Start"
C 30
R
P 0x7f2a7c191628
C 342
R
P 0x7f2a7c191628
$ |slot3Start|
C 202
R
P 0x7f2a7c191628
C 342
R
P 0x7f2a7c191628
$ |slot3Start|
P 0x7f2a7c19b1e8
C 51
= 0x7f2a7c19bfe8
R
P 0x7f2a7c191628
C 342
R
P 0x7f2a7c191628
P 0x7f2a7c19bfe8
C 257
R
P 0x7f2a7c191628
C 342
R
P 0x7f2a7c191628
P 0x7f2a7c19bfe8
C 254
= 0x7f2a7c19b1e8
R
P 0x7f2a7c191628
C 342
R
P 0x7f2a7c191628
P 0x7f2a7c19b1e8
C 209
R
P 0x7f2a7c191628
C 342
R
P 0x7f2a7c191628
P 0x7f2a7c19bfe8
C 260
R
P 0x7f2a7c191628
C 342
R
P 0x7f2a7c191628
P 0x7f2a7c19bfe8
C 259
R
P 0x7f2a7c191628
C 342
R
P 0x7f2a7c191628
P 0x7f2a7c19bfe8
C 258
R
P 0x7f2a7c191628
C 342
R
P 0x7f2a7c191628
P 0x7f2a7c19bfe8
C 9
R
P 0x7f2a7c191628
C 342
R
P 0x7f2a7c191628
I 3
P 0x7f2a7c19b208
C 150
= 0x7f2a7c19bfc8
R
P 0x7f2a7c191628
C 342
R
P 0x7f2a7c191628
P 0x7f2a7c19bfc8
C 258
R
P 0x7f2a7c191628
C 342
R
P 0x7f2a7c191628
P 0x7f2a7c19bfc8
C 9
R
P 0x7f2a7c191628
C 342
R
P 0x7f2a7c191628
P 0x7f2a7c19bfc8
C 263
R
P 0x7f2a7c191628
C 342
R
P 0x7f2a7c191628
S "slot3Duration"
C 30
R
P 0x7f2a7c191628
C 342
R
P 0x7f2a7c191628
$ |slot3Duration|
C 202
R
P 0x7f2a7c191628
C 342
R
P 0x7f2a7c191628
$ |slot3Duration|
P 0x7f2a7c19b1e8
C 51
= 0x7f2a7c19c008
R
P 0x7f2a7c191628
C 342
R
P 0x7f2a7c191628
P 0x7f2a7c19c008
C 257
R
P 0x7f2a7c191628
C 342
R
P 0x7f2a7c191628
P 0x7f2a7c19c008
C 254
= 0x7f2a7c19b1e8
R
P 0x7f2a7c191628
C 342
R
P 0x7f2a7c191628
P 0x7f2a7c19b1e8
C 209
R
P 0x7f2a7c191628
C 342
R
P 0x7f2a7c191628
P 0x7f2a7c19c008
C 260
R
P 0x7f2a7c191628
C 342
R
P 0x7f2a7c191628
P 0x7f2a7c19c008
C 259
R
P 0x7f2a7c191628
C 342
R
P 0x7f2a7c191628
P 0x7f2a7c19c008
C 258
R
P 0x7f2a7c191628
C 342
R
P 0x7f2a7c191628
P 0x7f2a7c19c008
C 9
R
P 0x7f2a7c191628
C 342
R
P 0x7f2a7c191628
U 2
P 0x7f2a7c19bfe8
P 0x7f2a7c19c008
p 2
C 65
= 0x7f2a7c1a1f58
R
P 0x7f2a7c191628
C 342
R
P 0x7f2a7c191628
P 0x7f2a7c1a1f58
C 257
R
P 0x7f2a7c191628
C 342
R
P 0x7f2a7c191628
P 0x7f2a7c1a1f58
C 254
= 0x7f2a7c19b1e8
R
P 0x7f2a7c191628
C 342
R
P 0x7f2a7c191628
P 0x7f2a7c19b1e8
C 209
R
P 0x7f2a7c191628
C 342
R
P 0x7f2a7c191628
P 0x7f2a7c1a1f58
C 260
R
P 0x7f2a7c191628
C 342
R
P 0x7f2a7c191628
P 0x7f2a7c1a1f58
C 259
R
P 0x7f2a7c191628
C 342
R
P 0x7f2a7c191628
P 0x7f2a7c1a1f58
C 258
R
P 0x7f2a7c191628
C 342
R
P 0x7f2a7c191628
P 0x7f2a7c1a1f58
C 9
R
P 0x7f2a7c191628
C 342
R
P 0x7f2a7c191628
I 5
P 0x7f2a7c19b208
C 150
= 0x7f2a7c19c088
R
P 0x7f2a7c191628
C 342
R
P 0x7f2a7c191628
P 0x7f2a7c19c088
C 258
R
P 0x7f2a7c191628
C 342
R
P 0x7f2a7c191628
P 0x7f2a7c19c088
C 9
R
P 0x7f2a7c191628
C 342
R
P 0x7f2a7c191628
P 0x7f2a7c19c088
C 263
R
P 0x7f2a7c191628
C 342
R
P 0x7f2a7c191628
S "slot5Start"
C 30
R
P 0x7f2a7c191628
C 342
R
P 0x7f2a7c191628
$ |slot5Start|
C 202
R
P 0x7f2a7c191628
C 342
R
P 0x7f2a7c191628
$ |slot5Start|
P 0x7f2a7c19b1e8
C 51
= 0x7f2a7c19c0a8
R
P 0x7f2a7c191628
C 342
R
P 0x7f2a7c191628
P 0x7f2a7c19c0a8
C 257
R
P 0x7f2a7c191628
C 342
R
P 0x7f2a7c191628
P 0x7f2a7c19c0a8
C 254
= 0x7f2a7c19b1e8
R
P 0x7f2a7c191628
C 342
R
P 0x7f2a7c191628
P 0x7f2a7c19b1e8
C 209
R
P 0x7f2a7c191628
C 342
R
P 0x7f2a7c191628
P 0x7f2a7c19c0a8
C 260
R
P 0x7f2a7c191628
C 342
R
P 0x7f2a7c191628
P 0x7f2a7c19c0a8
C 259
R
P 0x7f2a7c191628
C 342
R
P 0x7f2a7c191628
P 0x7f2a7c19c0a8
C 258
R
P 0x7f2a7c191628
C 342
R
P 0x7f2a7c191628
P 0x7f2a7c19c0a8
C 9
R
P 0x7f2a7c191628
C 342
R
P 0x7f2a7c191628
I 5
P 0x7f2a7c19b208
C 150
= 0x7f2a7c19c088
R
P 0x7f2a7c191628
C 342
R
P 0x7f2a7c191628
P 0x7f2a7c19c088
C 258
R
P 0x7f2a7c191628
C 342
R
P 0x7f2a7c191628
P 0x7f2a7c19c088
C 9
R
P 0x7f2a7c191628
C 342
R
P 0x7f2a7c191628
P 0x7f2a7c19c088
C 263
R
P 0x7f2a7c191628
C 342
R
P 0x7f2a7c191628
S "slot5Duration"
C 30
R
P 0x7f2a7c191628
C 342
R
P 0x7f2a7c191628
$ |slot5Duration|
C 202
R
P 0x7f2a7c191628
C 342
R
P 0x7f2a7c191628
$ |slot5Duration|
P 0x7f2a7c19b1e8
C 51
= 0x7f2a7c19c0c8
R
P 0x7f2a7c191628
C 342
R
P 0x7f2a7c191628
P 0x7f2a7c19c0c8
C 257
R
P 0x7f2a7c191628
C 342
R
P 0x7f2a7c191628
P 0x7f2a7c19c0c8
C 254
= 0x7f2a7c19b1e8
R
P 0x7f2a7c191628
C 342
R
P 0x7f2a7c191628
P 0x7f2a7c19b1e8
C 209
R
P 0x7f2a7c191628
C 342
R
P 0x7f2a7c191628
P 0x7f2a7c19c0c8
C 260
R
P 0x7f2a7c191628
C 342
R
P 0x7f2a7c191628
P 0x7f2a7c19c0c8
C 259
R
P 0x7f2a7c191628
C 342
R
P 0x7f2a7c191628
P 0x7f2a7c19c0c8
C 258
R
P 0x7f2a7c191628
C 342
R
P 0x7f2a7c191628
P 0x7f2a7c19c0c8
C 9
R
P 0x7f2a7c191628
C 342
R
P 0x7f2a7c191628
U 2
P 0x7f2a7c19c0a8
P 0x7f2a7c19c0c8
p 2
C 65
= 0x7f2a7c1a21f8
R
P 0x7f2a7c191628
C 342
R
P 0x7f2a7c191628
P 0x7f2a7c1a21f8
C 257
R
P 0x7f2a7c191628
C 342
R
P 0x7f2a7c191628
P 0x7f2a7c1a21f8
C 254
= 0x7f2a7c19b1e8
R
P 0x7f2a7c191628
C 342
R
P 0x7f2a7c191628
P 0x7f2a7c19b1e8
C 209
R
P 0x7f2a7c191628
C 342
R
P 0x7f2a7c191628
P 0x7f2a7c1a21f8
C 260
R
P 0x7f2a7c191628
C 342
R
P 0x7f2a7c191628
P 0x7f2a7c1a21f8
C 259
R
P 0x7f2a7c191628
C 342
R
P 0x7f2a7c191628
P 0x7f2a7c1a21f8
C 258
R
P 0x7f2a7c191628
C 342
R
P 0x7f2a7c191628
P 0x7f2a7c1a21f8
C 9
R
P 0x7f2a7c191628
C 342
R
P 0x7f2a7c191628
P 0x7f2a7c1a1f58
P 0x7f2a7c1a21f8
C 74
= 0x7f2a7c2cce00
R
P 0x7f2a7c191628
C 342
R
P 0x7f2a7c191628
P 0x7f2a7c2cce00
C 258
R
P 0x7f2a7c191628
C 342
R
P 0x7f2a7c191628
P 0x7f2a7c2cce00
C 9
R
P 0x7f2a7c191628
C 342
R
P 0x7f2a7c191628
U 2
P 0x7f2a7c2ccdc8
P 0x7f2a7c2cce00
p 2
C 63
= 0x7f2a7c2cce38
R
P 0x7f2a7c191628
C 342
R
P 0x7f2a7c191628
P 0x7f2a7c2cce38
C 258
R
P 0x7f2a7c191628
C 342
R
P 0x7f2a7c191628
P 0x7f2a7c2cce38
C 9
R
P 0x7f2a7c191628
C 342
R
P 0x7f2a7c191628
P 0x7f2a7c2cce38
C 58
= 0x7f2a7c19e818
R
P 0x7f2a7c191628
C 342
R
P 0x7f2a7c191628
P 0x7f2a7c19e818
C 258
R
P 0x7f2a7c191628
C 342
R
P 0x7f2a7c191628
P 0x7f2a7c19e818
C 9
R
P 0x7f2a7c191628
C 342
R
P 0x7f2a7c191628
P 0x7f2a7c19e5d8
P 0x7f2a7c19e818
C 61
= 0x7f2a7c2cce70
R
P 0x7f2a7c191628
C 342
R
P 0x7f2a7c191628
P 0x7f2a7c2cce70
C 258
R
P 0x7f2a7c191628
C 342
R
P 0x7f2a7c191628
P 0x7f2a7c2cce70
C 9
R
P 0x7f2a7c191628
C 342
R
P 0x7f2a7c191628
P 0x7f2a7c1e1fc8
P 0x7f2a7c2cce70
C 427
R
P 0x7f2a7c191628
C 342
R
P 0x7f2a7c191628
I 3
P 0x7f2a7c19b208
C 150
= 0x7f2a7c19bfc8
R
P 0x7f2a7c191628
C 342
R
P 0x7f2a7c191628
P 0x7f2a7c19bfc8
C 258
R
P 0x7f2a7c191628
C 342
R
P 0x7f2a7c191628
P 0x7f2a7c19bfc8
C 9
R
P 0x7f2a7c191628
C 342
R
P 0x7f2a7c191628
I 6
P 0x7f2a7c19b208
C 150
= 0x7f2a7c19c0e8
R
P 0x7f2a7c191628
C 342
R
P 0x7f2a7c191628
P 0x7f2a7c19c0e8
C 258
R
P 0x7f2a7c191628
C 342
R
P 0x7f2a7c191628
P 0x7f2a7c19c0e8
C 9
R
P 0x7f2a7c191628
C 342
R
P 0x7f2a7c191628
P 0x7f2a7c19bfc8
P 0x7f2a7c19c0e8
C 56
= 0x7f2a7c2cc7a8
R
P 0x7f2a7c191628
C 342
R
P 0x7f2a7c191628
P 0x7f2a7c2cc7a8
C 258
R
P 0x7f2a7c191628
C 342
R
P 0x7f2a7c191628
P 0x7f2a7c2cc7a8
C 9
R
P 0x7f2a7c191628
C 342
R
P 0x7f2a7c191628
P 0x7f2a7c2cc7a8
C 58
= 0x7f2a7c19e638
R
P 0x7f2a7c191628
C 342
R
P 0x7f2a7c191628
P 0x7f2a7c19e638
C 258
R
P 0x7f2a7c191628
C 342
R
P 0x7f2a7c191628
P 0x7f2a7c19e638
C 9
R
P 0x7f2a7c191628
C 342
R
P 0x7f2a7c191628
I 6
P 0x7f2a7c19b208
C 150
= 0x7f2a7c19c0e8
R
P 0x7f2a7c191628
C 342
R
P 0x7f2a7c191628
P 0x7f2a7c19c0e8
C 258
R
P 0x7f2a7c191628
C 342
R
P 0x7f2a7c191628
P 0x7f2a7c19c0e8
C 9
R
P 0x7f2a7c191628
C 342
R
P 0x7f2a7c191628
P 0x7f2a7c19c0e8
C 263
R
P 0x7f2a7c191628
C 342
R
P 0x7f2a7c191628
S "slot6Start"
C 30
R
P 0x7f2a7c191628
C 342
R
P 0x7f2a7c191628
$ |slot6Start|
C 202
R
P 0x7f2a7c191628
C 342
R
P 0x7f2a7c191628
$ |slot6Start|
P 0x7f2a7c19b1e8
C 51
= 0x7f2a7c19c108
R
P 0x7f2a7c191628
C 342
R
P 0x7f2a7c191628
P 0x7f2a7c19c108
C 257
R
P 0x7f2a7c191628
C 342
R
P 0x7f2a7c191628
P 0x7f2a7c19c108
C 254
= 0x7f2a7c19b1e8
R
P 0x7f2a7c191628
C 342
R
P 0x7f2a7c191628
P 0x7f2a7c19b1e8
C 209
R
P 0x7f2a7c191628
C 342
R
P 0x7f2a7c191628
P 0x7f2a7c19c108
C 260
R
P 0x7f2a7c191628
C 342
R
P 0x7f2a7c191628
P 0x7f2a7c19c108
C 259
R
P 0x7f2a7c191628
C 342
R
P 0x7f2a7c191628
P 0x7f2a7c19c108
C 258
R
P 0x7f2a7c191628
C 342
R
P 0x7f2a7c191628
P 0x7f2a7c19c108
C 9
R
P 0x7f2a7c191628
C 342
R
P 0x7f2a7c191628
I 3
P 0x7f2a7c19b208
C 150
= 0x7f2a7c19bfc8
R
P 0x7f2a7c191628
C 342
R
P 0x7f2a7c191628
P 0x7f2a7c19bfc8
C 258
R
P 0x7f2a7c191628
C 342
R
P 0x7f2a7c191628
P 0x7f2a7c19bfc8
C 9
R
P 0x7f2a7c191628
C 342
R
P 0x7f2a7c191628
P 0x7f2a7c19bfc8
C 263
R
P 0x7f2a7c191628
C 342
R
P 0x7f2a7c191628
S "slot3Start"
C 30
R
P 0x7f2a7c191628
C 342
R
P 0x7f2a7c191628
$ |slot3Start|
C 202
R
P 0x7f2a7c191628
C 342
R
P 0x7f2a7c191628
$ |slot3Start|
P 0x7f2a7c19b1e8
C 51
= 0x7f2a7c19bfe8
R
P 0x7f2a7c191628
C 342
R
P 0x7f2a7c191628
P 0x7f2a7c19bfe8
C 257
R
P 0x7f2a7c191628
C 342
R
P 0x7f2a7c191628
P 0x7f2a7c19bfe8
C 254
= 0x7f2a7c19b1e8
R
P 0x7f2a7c191628
C 342
R
P 0x7f2a7c191628
P 0x7f2a7c19b1e8
C 209
R
P 0x7f2a7c191628
C 342
R
P 0x7f2a7c191628
P 0x7f2a7c19bfe8
C 260
R
P 0x7f2a7c191628
C 342
R
P 0x7f2a7c191628
P 0x7f2a7c19bfe8
C 259
R
P 0x7f2a7c191628
C 342
R
P 0x7f2a7c191628
P 0x7f2a7c19bfe8
C 258
R
P 0x7f2a7c191628
C 342
R
P 0x7f2a7c191628
P 0x7f2a7c19bfe8
C 9
R
P 0x7f2a7c191628
C 342
R
P 0x7f2a7c191628
I 3
P 0x7f2a7c19b208
C 150
= 0x7f2a7c19bfc8
R
P 0x7f2a7c191628
C 342
R
P 0x7f2a7c191628
P 0x7f2a7c19bfc8
C 258
R
P 0x7f2a7c191628
C 342
R
P 0x7f2a7c191628
P 0x7f2a7c19bfc8
C 9
R
P 0x7f2a7c191628
C 342
R
P 0x7f2a7c191628
P 0x7f2a7c19bfc8
C 263
R
P 0x7f2a7c191628
C 342
R
P 0x7f2a7c191628
S "slot3Duration"
C 30
R
P 0x7f2a7c191628
C 342
R
P 0x7f2a7c191628
$ |slot3Duration|
C 202
R
P 0x7f2a7c191628
C 342
R
P 0x7f2a7c191628
$ |slot3Duration|
P 0x7f2a7c19b1e8
C 51
= 0x7f2a7c19c008
R
P 0x7f2a7c191628
C 342
R
P 0x7f2a7c191628
P 0x7f2a7c19c008
C 257
R
P 0x7f2a7c191628
C 342
R
P 0x7f2a7c191628
P 0x7f2a7c19c008
C 254
= 0x7f2a7c19b1e8
R
P 0x7f2a7c191628
C 342
R
P 0x7f2a7c191628
P 0x7f2a7c19b1e8
C 209
R
P 0x7f2a7c191628
C 342
R
P 0x7f2a7c191628
P 0x7f2a7c19c008
C 260
R
P 0x7f2a7c191628
C 342
R
P 0x7f2a7c191628
P 0x7f2a7c19c008
C 259
R
P 0x7f2a7c191628
C 342
R
P 0x7f2a7c191628
P 0x7f2a7c19c008
C 258
R
P 0x7f2a7c191628
C 342
R
P 0x7f2a7c191628
P 0x7f2a7c19c008
C 9
R
P 0x7f2a7c191628
C 342
R
P 0x7f2a7c191628
U 2
P 0x7f2a7c19bfe8
P 0x7f2a7c19c008
p 2
C 65
= 0x7f2a7c1a1f58
R
P 0x7f2a7c191628
C 342
R
P 0x7f2a7c191628
P 0x7f2a7c1a1f58
C 257
R
P 0x7f2a7c191628
C 342
R
P 0x7f2a7c191628
P 0x7f2a7c1a1f58
C 254
= 0x7f2a7c19b1e8
R
P 0x7f2a7c191628
C 342
R
P 0x7f2a7c191628
P 0x7f2a7c19b1e8
C 209
R
P 0x7f2a7c191628
C 342
R
P 0x7f2a7c191628
P 0x7f2a7c1a1f58
C 260
R
P 0x7f2a7c191628
C 342
R
P 0x7f2a7c191628
P 0x7f2a7c1a1f58
C 259
R
P 0x7f2a7c191628
C 342
R
P 0x7f2a7c191628
P 0x7f2a7c1a1f58
C 258
R
P 0x7f2a7c191628
C 342
R
P 0x7f2a7c191628
P 0x7f2a7c1a1f58
C 9
R
P 0x7f2a7c191628
C 342
R
P 0x7f2a7c191628
P 0x7f2a7c19c108
P 0x7f2a7c1a1f58
C 74
= 0x7f2a7c2ccea8
R
P 0x7f2a7c191628
C 342
R
P 0x7f2a7c191628
P 0x7f2a7c2ccea8
C 258
R
P 0x7f2a7c191628
C 342
R
P 0x7f2a7c191628
P 0x7f2a7c2ccea8
C 9
R
P 0x7f2a7c191628
C 342
R
P 0x7f2a7c191628
I 3
P 0x7f2a7c19b208
C 150
= 0x7f2a7c19bfc8
R
P 0x7f2a7c191628
C 342
R
P 0x7f2a7c191628
P 0x7f2a7c19bfc8
C 258
R
P 0x7f2a7c191628
C 342
R
P 0x7f2a7c191628
P 0x7f2a7c19bfc8
C 9
R
P 0x7f2a7c191628
C 342
R
P 0x7f2a7c191628
P 0x7f2a7c19bfc8
C 263
R
P 0x7f2a7c191628
C 342
R
P 0x7f2a7c191628
S "slot3Start"
C 30
R
P 0x7f2a7c191628
C 342
R
P 0x7f2a7c191628
$ |slot3Start|
C 202
R
P 0x7f2a7c191628
C 342
R
P 0x7f2a7c191628
$ |slot3Start|
P 0x7f2a7c19b1e8
C 51
= 0x7f2a7c19bfe8
R
P 0x7f2a7c191628
C 342
R
P 0x7f2a7c191628
P 0x7f2a7c19bfe8
C 257
R
P 0x7f2a7c191628
C 342
R
P 0x7f2a7c191628
P 0x7f2a7c19bfe8
C 254
= 0x7f2a7c19b1e8
R
P 0x7f2a7c191628
C 342
R
P 0x7f2a7c191628
P 0x7f2a7c19b1e8
C 209
R
P 0x7f2a7c191628
C 342
R
P 0x7f2a7c191628
P 0x7f2a7c19bfe8
C 260
R
P 0x7f2a7c191628
C 342
R
P 0x7f2a7c191628
P 0x7f2a7c19bfe8
C 259
R
P 0x7f2a7c191628
C 342
R
P 0x7f2a7c191628
P 0x7f2a7c19bfe8
C 258
R
P 0x7f2a7c191628
C 342
R
P 0x7f2a7c191628
P 0x7f2a7c19bfe8
C 9
R
P 0x7f2a7c191628
C 342
R
P 0x7f2a7c191628
I 3
P 0x7f2a7c19b208
C 150
= 0x7f2a7c19bfc8
R
P 0x7f2a7c191628
C 342
R
P 0x7f2a7c191628
P 0x7f2a7c19bfc8
C 258
R
P 0x7f2a7c191628
C 342
R
P 0x7f2a7c191628
P 0x7f2a7c19bfc8
C 9
R
P 0x7f2a7c191628
C 342
R
P 0x7f2a7c191628
P 0x7f2a7c19bfc8
C 263
R
P 0x7f2a7c191628
C 342
R
P 0x7f2a7c191628
S "slot3Duration"
C 30
R
P 0x7f2a7c191628
C 342
R
P 0x7f2a7c191628
$ |slot3Duration|
C 202
R
P 0x7f2a7c191628
C 342
R
P 0x7f2a7c191628
$ |slot3Duration|
P 0x7f2a7c19b1e8
C 51
= 0x7f2a7c19c008
R
P 0x7f2a7c191628
C 342
R
P 0x7f2a7c191628
P 0x7f2a7c19c008
C 257
R
P 0x7f2a7c191628
C 342
R
P 0x7f2a7c191628
P 0x7f2a7c19c008
C 254
= 0x7f2a7c19b1e8
R
P 0x7f2a7c191628
C 342
R
P 0x7f2a7c191628
P 0x7f2a7c19b1e8
C 209
R
P 0x7f2a7c191628
C 342
R
P 0x7f2a7c191628
P 0x7f2a7c19c008
C 260
R
P 0x7f2a7c191628
C 342
R
P 0x7f2a7c191628
P 0x7f2a7c19c008
C 259
R
P 0x7f2a7c191628
C 342
R
P 0x7f2a7c191628
P 0x7f2a7c19c008
C 258
R
P 0x7f2a7c191628
C 342
R
P 0x7f2a7c191628
P 0x7f2a7c19c008
C 9
R
P 0x7f2a7c191628
C 342
R
P 0x7f2a7c191628
U 2
P 0x7f2a7c19bfe8
P 0x7f2a7c19c008
p 2
C 65
= 0x7f2a7c1a1f58
R
P 0x7f2a7c191628
C 342
R
P 0x7f2a7c191628
P 0x7f2a7c1a1f58
C 257
R
P 0x7f2a7c191628
C 342
R
P 0x7f2a7c191628
P 0x7f2a7c1a1f58
C 254
= 0x7f2a7c19b1e8
R
P 0x7f2a7c191628
C 342
R
P 0x7f2a7c191628
P 0x7f2a7c19b1e8
C 209
R
P 0x7f2a7c191628
C 342
R
P 0x7f2a7c191628
P 0x7f2a7c1a1f58
C 260
R
P 0x7f2a7c191628
C 342
R
P 0x7f2a7c191628
P 0x7f2a7c1a1f58
C 259
R
P 0x7f2a7c191628
C 342
R
P 0x7f2a7c191628
P 0x7f2a7c1a1f58
C 258
R
P 0x7f2a7c191628
C 342
R
P 0x7f2a7c191628
P 0x7f2a7c1a1f58
C 9
R
P 0x7f2a7c191628
C 342
R
P 0x7f2a7c191628
I 6
P 0x7f2a7c19b208
C 150
= 0x7f2a7c19c0e8
R
P 0x7f2a7c191628
C 342
R
P 0x7f2a7c191628
P 0x7f2a7c19c0e8
C 258
R
P 0x7f2a7c191628
C 342
R
P 0x7f2a7c191628
P 0x7f2a7c19c0e8
C 9
R
P 0x7f2a7c191628
C 342
R
P 0x7f2a7c191628
P 0x7f2a7c19c0e8
C 263
R
P 0x7f2a7c191628
C 342
R
P 0x7f2a7c191628
S "slot6Start"
C 30
R
P 0x7f2a7c191628
C 342
R
P 0x7f2a7c191628
$ |slot6Start|
C 202
R
P 0x7f2a7c191628
C 342
R
P 0x7f2a7c191628
$ |slot6Start|
P 0x7f2a7c19b1e8
C 51
= 0x7f2a7c19c108
R
P 0x7f2a7c191628
C 342
R
P 0x7f2a7c191628
P 0x7f2a7c19c108
C 257
R
P 0x7f2a7c191628
C 342
R
P 0x7f2a7c191628
P 0x7f2a7c19c108
C 254
= 0x7f2a7c19b1e8
R
P 0x7f2a7c191628
C 342
R
P 0x7f2a7c191628
P 0x7f2a7c19b1e8
C 209
R
P 0x7f2a7c191628
C 342
R
P 0x7f2a7c191628
P 0x7f2a7c19c108
C 260
R
P 0x7f2a7c191628
C 342
R
P 0x7f2a7c191628
P 0x7f2a7c19c108
C 259
R
P 0x7f2a7c191628
C 342
R
P 0x7f2a7c191628
P 0x7f2a7c19c108
C 258
R
P 0x7f2a7c191628
C 342
R
P 0x7f2a7c191628
P 0x7f2a7c19c108
C 9
R
P 0x7f2a7c191628
C 342
R
P 0x7f2a7c191628
I 6
P 0x7f2a7c19b208
C 150
= 0x7f2a7c19c0e8
R
P 0x7f2a7c191628
C 342
R
P 0x7f2a7c191628
P 0x7f2a7c19c0e8
C 258
R
P 0x7f2a7c191628
C 342
R
P 0x7f2a7c191628
P 0x7f2a7c19c0e8
C 9
R
P 0x7f2a7c191628
C 342
R
P 0x7f2a7c191628
P 0x7f2a7c19c0e8
C 263
R
P 0x7f2a7c191628
C 342
R
P 0x7f2a7c191628
S "slot6Duration"
C 30
R
P 0x7f2a7c191628
C 342
R
P 0x7f2a7c191628
$ |slot6Duration|
C 202
R
P 0x7f2a7c191628
C 342
R
P 0x7f2a7c191628
$ |slot6Duration|
P 0x7f2a7c19b1e8
C 51
= 0x7f2a7c19c128
R
P 0x7f2a7c191628
C 342
R
P 0x7f2a7c191628
P 0x7f2a7c19c128
C 257
R
P 0x7f2a7c191628
C 342
R
P 0x7f2a7c191628
P 0x7f2a7c19c128
C 254
= 0x7f2a7c19b1e8
R
P 0x7f2a7c191628
C 342
R
P 0x7f2a7c191628
P 0x7f2a7c19b1e8
C 209
R
P 0x7f2a7c191628
C 342
R
P 0x7f2a7c191628
P 0x7f2a7c19c128
C 260
R
P 0x7f2a7c191628
C 342
R
P 0x7f2a7c191628
P 0x7f2a7c19c128
C 259
R
P 0x7f2a7c191628
C 342
R
P 0x7f2a7c191628
P 0x7f2a7c19c128
C 258
R
P 0x7f2a7c191628
C 342
R
P 0x7f2a7c191628
P 0x7f2a7c19c128
C 9
R
P 0x7f2a7c191628
C 342
R
P 0x7f2a7c191628
U 2
P 0x7f2a7c19c108
P 0x7f2a7c19c128
p 2
C 65
= 0x7f2a7c1a2348
R
P 0x7f2a7c191628
C 342
R
P 0x7f2a7c191628
P 0x7f2a7c1a2348
C 257
R
P 0x7f2a7c191628
C 342
R
P 0x7f2a7c191628
P 0x7f2a7c1a2348
C 254
= 0x7f2a7c19b1e8
R
P 0x7f2a7c191628
C 342
R
P 0x7f2a7c191628
P 0x7f2a7c19b1e8
C 209
R
P 0x7f2a7c191628
C 342
R
P 0x7f2a7c191628
P 0x7f2a7c1a2348
C 260
R
P 0x7f2a7c191628
C 342
R
P 0x7f2a7c191628
P 0x7f2a7c1a2348
C 259
R
P 0x7f2a7c191628
C 342
R
P 0x7f2a7c191628
P 0x7f2a7c1a2348
C 258
R
P 0x7f2a7c191628
C 342
R
P 0x7f2a7c191628
P 0x7f2a7c1a2348
C 9
R
P 0x7f2a7c191628
C 342
R
P 0x7f2a7c191628
P 0x7f2a7c1a1f58
P 0x7f2a7c1a2348
C 74
= 0x7f2a7c2ccee0
R
P 0x7f2a7c191628
C 342
R
P 0x7f2a7c191628
P 0x7f2a7c2ccee0
C 258
R
P 0x7f2a7c191628
C 342
R
P 0x7f2a7c191628
P 0x7f2a7c2ccee0
C 9
R
P 0x7f2a7c191628
C 342
R
P 0x7f2a7c191628
U 2
P 0x7f2a7c2ccea8
P 0x7f2a7c2ccee0
p 2
C 63
= 0x7f2a7c2ccf18
R
P 0x7f2a7c191628
C 342
R
P 0x7f2a7c191628
P 0x7f2a7c2ccf18
C 258
R
P 0x7f2a7c191628
C 342
R
P 0x7f2a7c191628
P 0x7f2a7c2ccf18
C 9
R
P 0x7f2a7c191628
C 342
R
P 0x7f2a7c191628
P 0x7f2a7c2ccf18
C 58
= 0x7f2a7c19e848
R
P 0x7f2a7c191628
C 342
R
P 0x7f2a7c191628
P 0x7f2a7c19e848
C 258
R
P 0x7f2a7c191628
C 342
R
P 0x7f2a7c191628
P 0x7f2a7c19e848
C 9
R
P 0x7f2a7c191628
C 342
R
P 0x7f2a7c191628
P 0x7f2a7c19e638
P 0x7f2a7c19e848
C 61
= 0x7f2a7c2ccf50
R
P 0x7f2a7c191628
C 342
R
P 0x7f2a7c191628
P 0x7f2a7c2ccf50
C 258
R
P 0x7f2a7c191628
C 342
R
P 0x7f2a7c191628
P 0x7f2a7c2ccf50
C 9
R
P 0x7f2a7c191628
C 342
R
P 0x7f2a7c191628
P 0x7f2a7c1e1fc8
P 0x7f2a7c2ccf50
C 427
R
P 0x7f2a7c191628
C 342
R
P 0x7f2a7c191628
I 3
P 0x7f2a7c19b208
C 150
= 0x7f2a7c19bfc8
R
P 0x7f2a7c191628
C 342
R
P 0x7f2a7c191628
P 0x7f2a7c19bfc8
C 258
R
P 0x7f2a7c191628
C 342
R
P 0x7f2a7c191628
P 0x7f2a7c19bfc8
C 9
R
P 0x7f2a7c191628
C 342
R
P 0x7f2a7c191628
I 7
P 0x7f2a7c19b208
C 150
= 0x7f2a7c19c148
R
P 0x7f2a7c191628
C 342
R
P 0x7f2a7c191628
P 0x7f2a7c19c148
C 258
R
P 0x7f2a7c191628
C 342
R
P 0x7f2a7c191628
P 0x7f2a7c19c148
C 9
R
P 0x7f2a7c191628
C 342
R
P 0x7f2a7c191628
P 0x7f2a7c19bfc8
P 0x7f2a7c19c148
C 56
= 0x7f2a7c2cc8c0
R
P 0x7f2a7c191628
C 342
R
P 0x7f2a7c191628
P 0x7f2a7c2cc8c0
C 258
R
P 0x7f2a7c191628
C 342
R
P 0x7f2a7c191628
P 0x7f2a7c2cc8c0
C 9
R
P 0x7f2a7c191628
C 342
R
P 0x7f2a7c191628
P 0x7f2a7c2cc8c0
C 58
= 0x7f2a7c19e698
R
P 0x7f2a7c191628
C 342
R
P 0x7f2a7c191628
P 0x7f2a7c19e698
C 258
R
P 0x7f2a7c191628
C 342
R
P 0x7f2a7c191628
P 0x7f2a7c19e698
C 9
R
P 0x7f2a7c191628
C 342
R
P 0x7f2a7c191628
I 7
P 0x7f2a7c19b208
C 150
= 0x7f2a7c19c148
R
P 0x7f2a7c191628
C 342
R
P 0x7f2a7c191628
P 0x7f2a7c19c148
C 258
R
P 0x7f2a7c191628
C 342
R
P 0x7f2a7c191628
P 0x7f2a7c19c148
C 9
R
P 0x7f2a7c191628
C 342
R
P 0x7f2a7c191628
P 0x7f2a7c19c148
C 263
R
P 0x7f2a7c191628
C 342
R
P 0x7f2a7c191628
S "slot7Start"
C 30
R
P 0x7f2a7c191628
C 342
R
P 0x7f2a7c191628
$ |slot7Start|
C 202
R
P 0x7f2a7c191628
C 342
R
P 0x7f2a7c191628
$ |slot7Start|
P 0x7f2a7c19b1e8
C 51
= 0x7f2a7c19c168
R
P 0x7f2a7c191628
C 342
R
P 0x7f2a7c191628
P 0x7f2a7c19c168
C 257
R
P 0x7f2a7c191628
C 342
R
P 0x7f2a7c191628
P 0x7f2a7c19c168
C 254
= 0x7f2a7c19b1e8
R
P 0x7f2a7c191628
C 342
R
P 0x7f2a7c191628
P 0x7f2a7c19b1e8
C 209
R
P 0x7f2a7c191628
C 342
R
P 0x7f2a7c191628
P 0x7f2a7c19c168
C 260
R
P 0x7f2a7c191628
C 342
R
P 0x7f2a7c191628
P 0x7f2a7c19c168
C 259
R
P 0x7f2a7c191628
C 342
R
P 0x7f2a7c191628
P 0x7f2a7c19c168
C 258
R
P 0x7f2a7c191628
C 342
R
P 0x7f2a7c191628
P 0x7f2a7c19c168
C 9
R
P 0x7f2a7c191628
C 342
R
P 0x7f2a7c191628
I 3
P 0x7f2a7c19b208
C 150
= 0x7f2a7c19bfc8
R
P 0x7f2a7c191628
C 342
R
P 0x7f2a7c191628
P 0x7f2a7c19bfc8
C 258
R
P 0x7f2a7c191628
C 342
R
P 0x7f2a7c191628
P 0x7f2a7c19bfc8
C 9
R
P 0x7f2a7c191628
C 342
R
P 0x7f2a7c191628
P 0x7f2a7c19bfc8
C 263
R
P 0x7f2a7c191628
C 342
R
P 0x7f2a7c191628
S "slot3Start"
C 30
R
P 0x7f2a7c191628
C 342
R
P 0x7f2a7c191628
$ |slot3Start|
C 202
R
P 0x7f2a7c191628
C 342
R
P 0x7f2a7c191628
$ |slot3Start|
P 0x7f2a7c19b1e8
C 51
= 0x7f2a7c19bfe8
R
P 0x7f2a7c191628
C 342
R
P 0x7f2a7c191628
P 0x7f2a7c19bfe8
C 257
R
P 0x7f2a7c191628
C 342
R
P 0x7f2a7c191628
P 0x7f2a7c19bfe8
C 254
= 0x7f2a7c19b1e8
R
P 0x7f2a7c191628
C 342
R
P 0x7f2a7c191628
P 0x7f2a7c19b1e8
C 209
R
P 0x7f2a7c191628
C 342
R
P 0x7f2a7c191628
P 0x7f2a7c19bfe8
C 260
R
P 0x7f2a7c191628
C 342
R
P 0x7f2a7c191628
P 0x7f2a7c19bfe8
C 259
R
P 0x7f2a7c191628
C 342
R
P 0x7f2a7c191628
P 0x7f2a7c19bfe8
C 258
R
P 0x7f2a7c191628
C 342
R
P 0x7f2a7c191628
P 0x7f2a7c19bfe8
C 9
R
P 0x7f2a7c191628
C 342
R
P 0x7f2a7c191628
I 3
P 0x7f2a7c19b208
C 150
= 0x7f2a7c19bfc8
R
P 0x7f2a7c191628
C 342
R
P 0x7f2a7c191628
P 0x7f2a7c19bfc8
C 258
R
P 0x7f2a7c191628
C 342
R
P 0x7f2a7c191628
P 0x7f2a7c19bfc8
C 9
R
P 0x7f2a7c191628
C 342
R
P 0x7f2a7c191628
P 0x7f2a7c19bfc8
C 263
R
P 0x7f2a7c191628
C 342
R
P 0x7f2a7c191628
S "slot3Duration"
C 30
R
P 0x7f2a7c191628
C 342
R
P 0x7f2a7c191628
$ |slot3Duration|
C 202
R
P 0x7f2a7c191628
C 342
R
P 0x7f2a7c191628
$ |slot3Duration|
P 0x7f2a7c19b1e8
C 51
= 0x7f2a7c19c008
R
P 0x7f2a7c191628
C 342
R
P 0x7f2a7c191628
P 0x7f2a7c19c008
C 257
R
P 0x7f2a7c191628
C 342
R
P 0x7f2a7c191628
P 0x7f2a7c19c008
C 254
= 0x7f2a7c19b1e8
R
P 0x7f2a7c191628
C 342
R
P 0x7f2a7c191628
P 0x7f2a7c19b1e8
C 209
R
P 0x7f2a7c191628
C 342
R
P 0x7f2a7c191628
P 0x7f2a7c19c008
C 260
R
P 0x7f2a7c191628
C 342
R
P 0x7f2a7c191628
P 0x7f2a7c19c008
C 259
R
P 0x7f2a7c191628
C 342
R
P 0x7f2a7c191628
P 0x7f2a7c19c008
C 258
R
P 0x7f2a7c191628
C 342
R
P 0x7f2a7c191628
P 0x7f2a7c19c008
C 9
R
P 0x7f2a7c191628
C 342
R
P 0x7f2a7c191628
U 2
P 0x7f2a7c19bfe8
P 0x7f2a7c19c008
p 2
C 65
= 0x7f2a7c1a1f58
R
P 0x7f2a7c191628
C 342
R
P 0x7f2a7c191628
P 0x7f2a7c1a1f58
C 257
R
P 0x7f2a7c191628
C 342
R
P 0x7f2a7c191628
P 0x7f2a7c1a1f58
C 254
= 0x7f2a7c19b1e8
R
P 0x7f2a7c191628
C 342
R
P 0x7f2a7c191628
P 0x7f2a7c19b1e8
C 209
R
P 0x7f2a7c191628
C 342
R
P 0x7f2a7c191628
P 0x7f2a7c1a1f58
C 260
R
P 0x7f2a7c191628
C 342
R
P 0x7f2a7c191628
P 0x7f2a7c1a1f58
C 259
R
P 0x7f2a7c191628
C 342
R
P 0x7f2a7c191628
P 0x7f2a7c1a1f58
C 258
R
P 0x7f2a7c191628
C 342
R
P 0x7f2a7c191628
P 0x7f2a7c1a1f58
C 9
R
P 0x7f2a7c191628
C 342
R
P 0x7f2a7c191628
P 0x7f2a7c19c168
P 0x7f2a7c1a1f58
C 74
= 0x7f2a7c2ccf88
R
P 0x7f2a7c191628
C 342
R
P 0x7f2a7c191628
P 0x7f2a7c2ccf88
C 258
R
P 0x7f2a7c191628
C 342
R
P 0x7f2a7c191628
P 0x7f2a7c2ccf88
C 9
R
P 0x7f2a7c191628
C 342
R
P 0x7f2a7c191628
I 3
P 0x7f2a7c19b208
C 150
= 0x7f2a7c19bfc8
R
P 0x7f2a7c191628
C 342
R
P 0x7f2a7c191628
P 0x7f2a7c19bfc8
C 258
R
P 0x7f2a7c191628
C 342
R
P 0x7f2a7c191628
P 0x7f2a7c19bfc8
C 9
R
P 0x7f2a7c191628
C 342
R
P 0x7f2a7c191628
P 0x7f2a7c19bfc8
C 263
R
P 0x7f2a7c191628
C 342
R
P 0x7f2a7c191628
S "slot3Start"
C 30
R
P 0x7f2a7c191628
C 342
R
P 0x7f2a7c191628
$ |slot3Start|
C 202
R
P 0x7f2a7c191628
C 342
R
P 0x7f2a7c191628
$ |slot3Start|
P 0x7f2a7c19b1e8
C 51
= 0x7f2a7c19bfe8
R
P 0x7f2a7c191628
C 342
R
P 0x7f2a7c191628
P 0x7f2a7c19bfe8
C 257
R
P 0x7f2a7c191628
C 342
R
P 0x7f2a7c191628
P 0x7f2a7c19bfe8
C 254
= 0x7f2a7c19b1e8
R
P 0x7f2a7c191628
C 342
R
P 0x7f2a7c191628
P 0x7f2a7c19b1e8
C 209
R
P 0x7f2a7c191628
C 342
R
P 0x7f2a7c191628
P 0x7f2a7c19bfe8
C 260
R
P 0x7f2a7c191628
C 342
R
P 0x7f2a7c191628
P 0x7f2a7c19bfe8
C 259
R
P 0x7f2a7c191628
C 342
R
P 0x7f2a7c191628
P 0x7f2a7c19bfe8
C 258
R
P 0x7f2a7c191628
C 342
R
P 0x7f2a7c191628
P 0x7f2a7c19bfe8
C 9
R
P 0x7f2a7c191628
C 342
R
P 0x7f2a7c191628
I 3
P 0x7f2a7c19b208
C 150
= 0x7f2a7c19bfc8
R
P 0x7f2a7c191628
C 342
R
P 0x7f2a7c191628
P 0x7f2a7c19bfc8
C 258
R
P 0x7f2a7c191628
C 342
R
P 0x7f2a7c191628
P 0x7f2a7c19bfc8
C 9
R
P 0x7f2a7c191628
C 342
R
P 0x7f2a7c191628
P 0x7f2a7c19bfc8
C 263
R
P 0x7f2a7c191628
C 342
R
P 0x7f2a7c191628
S "slot3Duration"
C 30
R
P 0x7f2a7c191628
C 342
R
P 0x7f2a7c191628
$ |slot3Duration|
C 202
R
P 0x7f2a7c191628
C 342
R
P 0x7f2a7c191628
$ |slot3Duration|
P 0x7f2a7c19b1e8
C 51
= 0x7f2a7c19c008
R
P 0x7f2a7c191628
C 342
R
P 0x7f2a7c191628
P 0x7f2a7c19c008
C 257
R
P 0x7f2a7c191628
C 342
R
P 0x7f2a7c191628
P 0x7f2a7c19c008
C 254
= 0x7f2a7c19b1e8
R
P 0x7f2a7c191628
C 342
R
P 0x7f2a7c191628
P 0x7f2a7c19b1e8
C 209
R
P 0x7f2a7c191628
C 342
R
P 0x7f2a7c191628
P 0x7f2a7c19c008
C 260
R
P 0x7f2a7c191628
C 342
R
P 0x7f2a7c191628
P 0x7f2a7c19c008
C 259
R
P 0x7f2a7c191628
C 342
R
P 0x7f2a7c191628
P 0x7f2a7c19c008
C 258
R
P 0x7f2a7c191628
C 342
R
P 0x7f2a7c191628
P 0x7f2a7c19c008
C 9
R
P 0x7f2a7c191628
C 342
R
P 0x7f2a7c191628
U 2
P 0x7f2a7c19bfe8
P 0x7f2a7c19c008
p 2
C 65
= 0x7f2a7c1a1f58
R
P 0x7f2a7c191628
C 342
R
P 0x7f2a7c191628
P 0x7f2a7c1a1f58
C 257
R
P 0x7f2a7c191628
C 342
R
P 0x7f2a7c191628
P 0x7f2a7c1a1f58
C 254
= 0x7f2a7c19b1e8
R
P 0x7f2a7c191628
C 342
R
P 0x7f2a7c191628
P 0x7f2a7c19b1e8
C 209
R
P 0x7f2a7c191628
C 342
R
P 0x7f2a7c191628
P 0x7f2a7c1a1f58
C 260
R
P 0x7f2a7c191628
C 342
R
P 0x7f2a7c191628
P 0x7f2a7c1a1f58
C 259
R
P 0x7f2a7c191628
C 342
R
P 0x7f2a7c191628
P 0x7f2a7c1a1f58
C 258
R
P 0x7f2a7c191628
C 342
R
P 0x7f2a7c191628
P 0x7f2a7c1a1f58
C 9
R
P 0x7f2a7c191628
C 342
R
P 0x7f2a7c191628
I 7
P 0x7f2a7c19b208
C 150
= 0x7f2a7c19c148
R
P 0x7f2a7c191628
C 342
R
P 0x7f2a7c191628
P 0x7f2a7c19c148
C 258
R
P 0x7f2a7c191628
C 342
R
P 0x7f2a7c191628
P 0x7f2a7c19c148
C 9
R
P 0x7f2a7c191628
C 342
R
P 0x7f2a7c191628
P 0x7f2a7c19c148
C 263
R
P 0x7f2a7c191628
C 342
R
P 0x7f2a7c191628
S "slot7Start"
C 30
R
P 0x7f2a7c191628
C 342
R
P 0x7f2a7c191628
$ |slot7Start|
C 202
R
P 0x7f2a7c191628
C 342
R
P 0x7f2a7c191628
$ |slot7Start|
P 0x7f2a7c19b1e8
C 51
= 0x7f2a7c19c168
R
P 0x7f2a7c191628
C 342
R
P 0x7f2a7c191628
P 0x7f2a7c19c168
C 257
R
P 0x7f2a7c191628
C 342
R
P 0x7f2a7c191628
P 0x7f2a7c19c168
C 254
= 0x7f2a7c19b1e8
R
P 0x7f2a7c191628
C 342
R
P 0x7f2a7c191628
P 0x7f2a7c19b1e8
C 209
R
P 0x7f2a7c191628
C 342
R
P 0x7f2a7c191628
P 0x7f2a7c19c168
C 260
R
P 0x7f2a7c191628
C 342
R
P 0x7f2a7c191628
P 0x7f2a7c19c168
C 259
R
P 0x7f2a7c191628
C 342
R
P 0x7f2a7c191628
P 0x7f2a7c19c168
C 258
R
P 0x7f2a7c191628
C 342
R
P 0x7f2a7c191628
P 0x7f2a7c19c168
C 9
R
P 0x7f2a7c191628
C 342
R
P 0x7f2a7c191628
I 7
P 0x7f2a7c19b208
C 150
= 0x7f2a7c19c148
R
P 0x7f2a7c191628
C 342
R
P 0x7f2a7c191628
P 0x7f2a7c19c148
C 258
R
P 0x7f2a7c191628
C 342
R
P 0x7f2a7c191628
P 0x7f2a7c19c148
C 9
R
P 0x7f2a7c191628
C 342
R
P 0x7f2a7c191628
P 0x7f2a7c19c148
C 263
R
P 0x7f2a7c191628
C 342
R
P 0x7f2a7c191628
S "slot7Duration"
C 30
R
P 0x7f2a7c191628
C 342
R
P 0x7f2a7c191628
$ |slot7Duration|
C 202
R
P 0x7f2a7c191628
C 342
R
P 0x7f2a7c191628
$ |slot7Duration|
P 0x7f2a7c19b1e8
C 51
= 0x7f2a7c19c188
R
P 0x7f2a7c191628
C 342
R
P 0x7f2a7c191628
P 0x7f2a7c19c188
C 257
R
P 0x7f2a7c191628
C 342
R
P 0x7f2a7c191628
P 0x7f2a7c19c188
C 254
= 0x7f2a7c19b1e8
R
P 0x7f2a7c191628
C 342
R
P 0x7f2a7c191628
P 0x7f2a7c19b1e8
C 209
R
P 0x7f2a7c191628
C 342
R
P 0x7f2a7c191628
P 0x7f2a7c19c188
C 260
R
P 0x7f2a7c191628
C 342
R
P 0x7f2a7c191628
P 0x7f2a7c19c188
C 259
R
P 0x7f2a7c191628
C 342
R
P 0x7f2a7c191628
P 0x7f2a7c19c188
C 258
R
P 0x7f2a7c191628
C 342
R
P 0x7f2a7c191628
P 0x7f2a7c19c188
C 9
R
P 0x7f2a7c191628
C 342
R
P 0x7f2a7c191628
U 2
P 0x7f2a7c19c168
P 0x7f2a7c19c188
p 2
C 65
= 0x7f2a7c1a2498
R
P 0x7f2a7c191628
C 342
R
P 0x7f2a7c191628
P 0x7f2a7c1a2498
C 257
R
P 0x7f2a7c191628
C 342
R
P 0x7f2a7c191628
P 0x7f2a7c1a2498
C 254
= 0x7f2a7c19b1e8
R
P 0x7f2a7c191628
C 342
R
P 0x7f2a7c191628
P 0x7f2a7c19b1e8
C 209
R
P 0x7f2a7c191628
C 342
R
P 0x7f2a7c191628
P 0x7f2a7c1a2498
C 260
R
P 0x7f2a7c191628
C 342
R
P 0x7f2a7c191628
P 0x7f2a7c1a2498
C 259
R
P 0x7f2a7c191628
C 342
R
P 0x7f2a7c191628
P 0x7f2a7c1a2498
C 258
R
P 0x7f2a7c191628
C 342
R
P 0x7f2a7c191628
P 0x7f2a7c1a2498
C 9
R
P 0x7f2a7c191628
C 342
R
P 0x7f2a7c191628
P 0x7f2a7c1a1f58
P 0x7f2a7c1a2498
C 74
= 0x7f2a7c2ccfc0
R
P 0x7f2a7c191628
C 342
R
P 0x7f2a7c191628
P 0x7f2a7c2ccfc0
C 258
R
P 0x7f2a7c191628
C 342
R
P 0x7f2a7c191628
P 0x7f2a7c2ccfc0
C 9
R
P 0x7f2a7c191628
C 342
R
P 0x7f2a7c191628
U 2
P 0x7f2a7c2ccf88
P 0x7f2a7c2ccfc0
p 2
C 63
= 0x7f2a7c2ccff8
R
P 0x7f2a7c191628
C 342
R
P 0x7f2a7c191628
P 0x7f2a7c2ccff8
C 258
R
P 0x7f2a7c191628
C 342
R
P 0x7f2a7c191628
P 0x7f2a7c2ccff8
C 9
R
P 0x7f2a7c191628
C 342
R
P 0x7f2a7c191628
P 0x7f2a7c2ccff8
C 58
= 0x7f2a7c19e878
R
P 0x7f2a7c191628
C 342
R
P 0x7f2a7c191628
P 0x7f2a7c19e878
C 258
R
P 0x7f2a7c191628
C 342
R
P 0x7f2a7c191628
P 0x7f2a7c19e878
C 9
R
P 0x7f2a7c191628
C 342
R
P 0x7f2a7c191628
P 0x7f2a7c19e698
P 0x7f2a7c19e878
C 61
= 0x7f2a7c2cd030
R
P 0x7f2a7c191628
C 342
R
P 0x7f2a7c191628
P 0x7f2a7c2cd030
C 258
R
P 0x7f2a7c191628
C 342
R
P 0x7f2a7c191628
P 0x7f2a7c2cd030
C 9
R
P 0x7f2a7c191628
C 342
R
P 0x7f2a7c191628
P 0x7f2a7c1e1fc8
P 0x7f2a7c2cd030
C 427
R
P 0x7f2a7c191628
C 342
R
P 0x7f2a7c191628
I 3
P 0x7f2a7c19b208
C 150
= 0x7f2a7c19bfc8
R
P 0x7f2a7c191628
C 342
R
P 0x7f2a7c191628
P 0x7f2a7c19bfc8
C 258
R
P 0x7f2a7c191628
C 342
R
P 0x7f2a7c191628
P 0x7f2a7c19bfc8
C 9
R
P 0x7f2a7c191628
C 342
R
P 0x7f2a7c191628
I 8
P 0x7f2a7c19b208
C 150
= 0x7f2a7c19c1a8
R
P 0x7f2a7c191628
C 342
R
P 0x7f2a7c191628
P 0x7f2a7c19c1a8
C 258
R
P 0x7f2a7c191628
C 342
R
P 0x7f2a7c191628
P 0x7f2a7c19c1a8
C 9
R
P 0x7f2a7c191628
C 342
R
P 0x7f2a7c191628
P 0x7f2a7c19bfc8
P 0x7f2a7c19c1a8
C 56
= 0x7f2a7c2cc9d8
R
P 0x7f2a7c191628
C 342
R
P 0x7f2a7c191628
P 0x7f2a7c2cc9d8
C 258
R
P 0x7f2a7c191628
C 342
R
P 0x7f2a7c191628
P 0x7f2a7c2cc9d8
C 9
R
P 0x7f2a7c191628
C 342
R
P 0x7f2a7c191628
P 0x7f2a7c2cc9d8
C 58
= 0x7f2a7c19e6f8
R
P 0x7f2a7c191628
C 342
R
P 0x7f2a7c191628
P 0x7f2a7c19e6f8
C 258
R
P 0x7f2a7c191628
C 342
R
P 0x7f2a7c191628
P 0x7f2a7c19e6f8
C 9
R
P 0x7f2a7c191628
C 342
R
P 0x7f2a7c191628
I 8
P 0x7f2a7c19b208
C 150
= 0x7f2a7c19c1a8
R
P 0x7f2a7c191628
C 342
R
P 0x7f2a7c191628
P 0x7f2a7c19c1a8
C 258
R
P 0x7f2a7c191628
C 342
R
P 0x7f2a7c191628
P 0x7f2a7c19c1a8
C 9
R
P 0x7f2a7c191628
C 342
R
P 0x7f2a7c191628
P 0x7f2a7c19c1a8
C 263
R
P 0x7f2a7c191628
C 342
R
P 0x7f2a7c191628
S "slot8Start"
C 30
R
P 0x7f2a7c191628
C 342
R
P 0x7f2a7c191628
$ |slot8Start|
C 202
R
P 0x7f2a7c191628
C 342
R
P 0x7f2a7c191628
$ |slot8Start|
P 0x7f2a7c19b1e8
C 51
= 0x7f2a7c19c1c8
R
P 0x7f2a7c191628
C 342
R
P 0x7f2a7c191628
P 0x7f2a7c19c1c8
C 257
R
P 0x7f2a7c191628
C 342
R
P 0x7f2a7c191628
P 0x7f2a7c19c1c8
C 254
= 0x7f2a7c19b1e8
R
P 0x7f2a7c191628
C 342
R
P 0x7f2a7c191628
P 0x7f2a7c19b1e8
C 209
R
P 0x7f2a7c191628
C 342
R
P 0x7f2a7c191628
P 0x7f2a7c19c1c8
C 260
R
P 0x7f2a7c191628
C 342
R
P 0x7f2a7c191628
P 0x7f2a7c19c1c8
C 259
R
P 0x7f2a7c191628
C 342
R
P 0x7f2a7c191628
P 0x7f2a7c19c1c8
C 258
R
P 0x7f2a7c191628
C 342
R
P 0x7f2a7c191628
P 0x7f2a7c19c1c8
C 9
R
P 0x7f2a7c191628
C 342
R
P 0x7f2a7c191628
I 3
P 0x7f2a7c19b208
C 150
= 0x7f2a7c19bfc8
R
P 0x7f2a7c191628
C 342
R
P 0x7f2a7c191628
P 0x7f2a7c19bfc8
C 258
R
P 0x7f2a7c191628
C 342
R
P 0x7f2a7c191628
P 0x7f2a7c19bfc8
C 9
R
P 0x7f2a7c191628
C 342
R
P 0x7f2a7c191628
P 0x7f2a7c19bfc8
C 263
R
P 0x7f2a7c191628
C 342
R
P 0x7f2a7c191628
S "slot3Start"
C 30
R
P 0x7f2a7c191628
C 342
R
P 0x7f2a7c191628
$ |slot3Start|
C 202
R
P 0x7f2a7c191628
C 342
R
P 0x7f2a7c191628
$ |slot3Start|
P 0x7f2a7c19b1e8
C 51
= 0x7f2a7c19bfe8
R
P 0x7f2a7c191628
C 342
R
P 0x7f2a7c191628
P 0x7f2a7c19bfe8
C 257
R
P 0x7f2a7c191628
C 342
R
P 0x7f2a7c191628
P 0x7f2a7c19bfe8
C 254
= 0x7f2a7c19b1e8
R
P 0x7f2a7c191628
C 342
R
P 0x7f2a7c191628
P 0x7f2a7c19b1e8
C 209
R
P 0x7f2a7c191628
C 342
R
P 0x7f2a7c191628
P 0x7f2a7c19bfe8
C 260
R
P 0x7f2a7c191628
C 342
R
P 0x7f2a7c191628
P 0x7f2a7c19bfe8
C 259
R
P 0x7f2a7c191628
C 342
R
P 0x7f2a7c191628
P 0x7f2a7c19bfe8
C 258
R
P 0x7f2a7c191628
C 342
R
P 0x7f2a7c191628
P 0x7f2a7c19bfe8
C 9
R
P 0x7f2a7c191628
C 342
R
P 0x7f2a7c191628
I 3
P 0x7f2a7c19b208
C 150
= 0x7f2a7c19bfc8
R
P 0x7f2a7c191628
C 342
R
P 0x7f2a7c191628
P 0x7f2a7c19bfc8
C 258
R
P 0x7f2a7c191628
C 342
R
P 0x7f2a7c191628
P 0x7f2a7c19bfc8
C 9
R
P 0x7f2a7c191628
C 342
R
P 0x7f2a7c191628
P 0x7f2a7c19bfc8
C 263
R
P 0x7f2a7c191628
C 342
R
P 0x7f2a7c191628
S "slot3Duration"
C 30
R
P 0x7f2a7c191628
C 342
R
P 0x7f2a7c191628
$ |slot3Duration|
C 202
R
P 0x7f2a7c191628
C 342
R
P 0x7f2a7c191628
$ |slot3Duration|
P 0x7f2a7c19b1e8
C 51
= 0x7f2a7c19c008
R
P 0x7f2a7c191628
C 342
R
P 0x7f2a7c191628
P 0x7f2a7c19c008
C 257
R
P 0x7f2a7c191628
C 342
R
P 0x7f2a7c191628
P 0x7f2a7c19c008
C 254
= 0x7f2a7c19b1e8
R
P 0x7f2a7c191628
C 342
R
P 0x7f2a7c191628
P 0x7f2a7c19b1e8
C 209
R
P 0x7f2a7c191628
C 342
R
P 0x7f2a7c191628
P 0x7f2a7c19c008
C 260
R
P 0x7f2a7c191628
C 342
R
P 0x7f2a7c191628
P 0x7f2a7c19c008
C 259
R
P 0x7f2a7c191628
C 342
R
P 0x7f2a7c191628
P 0x7f2a7c19c008
C 258
R
P 0x7f2a7c191628
C 342
R
P 0x7f2a7c191628
P 0x7f2a7c19c008
C 9
R
P 0x7f2a7c191628
C 342
R
P 0x7f2a7c191628
U 2
P 0x7f2a7c19bfe8
P 0x7f2a7c19c008
p 2
C 65
= 0x7f2a7c1a1f58
R
P 0x7f2a7c191628
C 342
R
P 0x7f2a7c191628
P 0x7f2a7c1a1f58
C 257
R
P 0x7f2a7c191628
C 342
R
P 0x7f2a7c191628
P 0x7f2a7c1a1f58
C 254
= 0x7f2a7c19b1e8
R
P 0x7f2a7c191628
C 342
R
P 0x7f2a7c191628
P 0x7f2a7c19b1e8
C 209
R
P 0x7f2a7c191628
C 342
R
P 0x7f2a7c191628
P 0x7f2a7c1a1f58
C 260
R
P 0x7f2a7c191628
C 342
R
P 0x7f2a7c191628
P 0x7f2a7c1a1f58
C 259
R
P 0x7f2a7c191628
C 342
R
P 0x7f2a7c191628
P 0x7f2a7c1a1f58
C 258
R
P 0x7f2a7c191628
C 342
R
P 0x7f2a7c191628
P 0x7f2a7c1a1f58
C 9
R
P 0x7f2a7c191628
C 342
R
P 0x7f2a7c191628
P 0x7f2a7c19c1c8
P 0x7f2a7c1a1f58
C 74
= 0x7f2a7c2cd068
R
P 0x7f2a7c191628
C 342
R
P 0x7f2a7c191628
P 0x7f2a7c2cd068
C 258
R
P 0x7f2a7c191628
C 342
R
P 0x7f2a7c191628
P 0x7f2a7c2cd068
C 9
R
P 0x7f2a7c191628
C 342
R
P 0x7f2a7c191628
I 3
P 0x7f2a7c19b208
C 150
= 0x7f2a7c19bfc8
R
P 0x7f2a7c191628
C 342
R
P 0x7f2a7c191628
P 0x7f2a7c19bfc8
C 258
R
P 0x7f2a7c191628
C 342
R
P 0x7f2a7c191628
P 0x7f2a7c19bfc8
C 9
R
P 0x7f2a7c191628
C 342
R
P 0x7f2a7c191628
P 0x7f2a7c19bfc8
C 263
R
P 0x7f2a7c191628
C 342
R
P 0x7f2a7c191628
S "slot3Start"
C 30
R
P 0x7f2a7c191628
C 342
R
P 0x7f2a7c191628
$ |slot3Start|
C 202
R
P 0x7f2a7c191628
C 342
R
P 0x7f2a7c191628
$ |slot3Start|
P 0x7f2a7c19b1e8
C 51
= 0x7f2a7c19bfe8
R
P 0x7f2a7c191628
C 342
R
P 0x7f2a7c191628
P 0x7f2a7c19bfe8
C 257
R
P 0x7f2a7c191628
C 342
R
P 0x7f2a7c191628
P 0x7f2a7c19bfe8
C 254
= 0x7f2a7c19b1e8
R
P 0x7f2a7c191628
C 342
R
P 0x7f2a7c191628
P 0x7f2a7c19b1e8
C 209
R
P 0x7f2a7c191628
C 342
R
P 0x7f2a7c191628
P 0x7f2a7c19bfe8
C 260
R
P 0x7f2a7c191628
C 342
R
P 0x7f2a7c191628
P 0x7f2a7c19bfe8
C 259
R
P 0x7f2a7c191628
C 342
R
P 0x7f2a7c191628
P 0x7f2a7c19bfe8
C 258
R
P 0x7f2a7c191628
C 342
R
P 0x7f2a7c191628
P 0x7f2a7c19bfe8
C 9
R
P 0x7f2a7c191628
C 342
R
P 0x7f2a7c191628
I 3
P 0x7f2a7c19b208
C 150
= 0x7f2a7c19bfc8
R
P 0x7f2a7c191628
C 342
R
P 0x7f2a7c191628
P 0x7f2a7c19bfc8
C 258
R
P 0x7f2a7c191628
C 342
R
P 0x7f2a7c191628
P 0x7f2a7c19bfc8
C 9
R
P 0x7f2a7c191628
C 342
R
P 0x7f2a7c191628
P 0x7f2a7c19bfc8
C 263
R
P 0x7f2a7c191628
C 342
R
P 0x7f2a7c191628
S "slot3Duration"
C 30
R
P 0x7f2a7c191628
C 342
R
P 0x7f2a7c191628
$ |slot3Duration|
C 202
R
P 0x7f2a7c191628
C 342
R
P 0x7f2a7c191628
$ |slot3Duration|
P 0x7f2a7c19b1e8
C 51
= 0x7f2a7c19c008
R
P 0x7f2a7c191628
C 342
R
P 0x7f2a7c191628
P 0x7f2a7c19c008
C 257
R
P 0x7f2a7c191628
C 342
R
P 0x7f2a7c191628
P 0x7f2a7c19c008
C 254
= 0x7f2a7c19b1e8
R
P 0x7f2a7c191628
C 342
R
P 0x7f2a7c191628
P 0x7f2a7c19b1e8
C 209
R
P 0x7f2a7c191628
C 342
R
P 0x7f2a7c191628
P 0x7f2a7c19c008
C 260
R
P 0x7f2a7c191628
C 342
R
P 0x7f2a7c191628
P 0x7f2a7c19c008
C 259
R
P 0x7f2a7c191628
C 342
R
P 0x7f2a7c191628
P 0x7f2a7c19c008
C 258
R
P 0x7f2a7c191628
C 342
R
P 0x7f2a7c191628
P 0x7f2a7c19c008
C 9
R
P 0x7f2a7c191628
C 342
R
P 0x7f2a7c191628
U 2
P 0x7f2a7c19bfe8
P 0x7f2a7c19c008
p 2
C 65
= 0x7f2a7c1a1f58
R
P 0x7f2a7c191628
C 342
R
P 0x7f2a7c191628
P 0x7f2a7c1a1f58
C 257
R
P 0x7f2a7c191628
C 342
R
P 0x7f2a7c191628
P 0x7f2a7c1a1f58
C 254
= 0x7f2a7c19b1e8
R
P 0x7f2a7c191628
C 342
R
P 0x7f2a7c191628
P 0x7f2a7c19b1e8
C 209
R
P 0x7f2a7c191628
C 342
R
P 0x7f2a7c191628
P 0x7f2a7c1a1f58
C 260
R
P 0x7f2a7c191628
C 342
R
P 0x7f2a7c191628
P 0x7f2a7c1a1f58
C 259
R
P 0x7f2a7c191628
C 342
R
P 0x7f2a7c191628
P 0x7f2a7c1a1f58
C 258
R
P 0x7f2a7c191628
C 342
R
P 0x7f2a7c191628
P 0x7f2a7c1a1f58
C 9
R
P 0x7f2a7c191628
C 342
R
P 0x7f2a7c191628
I 8
P 0x7f2a7c19b208
C 150
= 0x7f2a7c19c1a8
R
P 0x7f2a7c191628
C 342
R
P 0x7f2a7c191628
P 0x7f2a7c19c1a8
C 258
R
P 0x7f2a7c191628
C 342
R
P 0x7f2a7c191628
P 0x7f2a7c19c1a8
C 9
R
P 0x7f2a7c191628
C 342
R
P 0x7f2a7c191628
P 0x7f2a7c19c1a8
C 263
R
P 0x7f2a7c191628
C 342
R
P 0x7f2a7c191628
S "slot8Start"
C 30
R
P 0x7f2a7c191628
C 342
R
P 0x7f2a7c191628
$ |slot8Start|
C 202
R
P 0x7f2a7c191628
C 342
R
P 0x7f2a7c191628
$ |slot8Start|
P 0x7f2a7c19b1e8
C 51
= 0x7f2a7c19c1c8
R
P 0x7f2a7c191628
C 342
R
P 0x7f2a7c191628
P 0x7f2a7c19c1c8
C 257
R
P 0x7f2a7c191628
C 342
R
P 0x7f2a7c191628
P 0x7f2a7c19c1c8
C 254
= 0x7f2a7c19b1e8
R
P 0x7f2a7c191628
C 342
R
P 0x7f2a7c191628
P 0x7f2a7c19b1e8
C 209
R
P 0x7f2a7c191628
C 342
R
P 0x7f2a7c191628
P 0x7f2a7c19c1c8
C 260
R
P 0x7f2a7c191628
C 342
R
P 0x7f2a7c191628
P 0x7f2a7c19c1c8
C 259
R
P 0x7f2a7c191628
C 342
R
P 0x7f2a7c191628
P 0x7f2a7c19c1c8
C 258
R
P 0x7f2a7c191628
C 342
R
P 0x7f2a7c191628
P 0x7f2a7c19c1c8
C 9
R
P 0x7f2a7c191628
C 342
R
P 0x7f2a7c191628
I 8
P 0x7f2a7c19b208
C 150
= 0x7f2a7c19c1a8
R
P 0x7f2a7c191628
C 342
R
P 0x7f2a7c191628
P 0x7f2a7c19c1a8
C 258
R
P 0x7f2a7c191628
C 342
R
P 0x7f2a7c191628
P 0x7f2a7c19c1a8
C 9
R
P 0x7f2a7c191628
C 342
R
P 0x7f2a7c191628
P 0x7f2a7c19c1a8
C 263
R
P 0x7f2a7c191628
C 342
R
P 0x7f2a7c191628
S "slot8Duration"
C 30
R
P 0x7f2a7c191628
C 342
R
P 0x7f2a7c191628
$ |slot8Duration|
C 202
R
P 0x7f2a7c191628
C 342
R
P 0x7f2a7c191628
$ |slot8Duration|
P 0x7f2a7c19b1e8
C 51
= 0x7f2a7c19c1e8
R
P 0x7f2a7c191628
C 342
R
P 0x7f2a7c191628
P 0x7f2a7c19c1e8
C 257
R
P 0x7f2a7c191628
C 342
R
P 0x7f2a7c191628
P 0x7f2a7c19c1e8
C 254
= 0x7f2a7c19b1e8
R
P 0x7f2a7c191628
C 342
R
P 0x7f2a7c191628
P 0x7f2a7c19b1e8
C 209
R
P 0x7f2a7c191628
C 342
R
P 0x7f2a7c191628
P 0x7f2a7c19c1e8
C 260
R
P 0x7f2a7c191628
C 342
R
P 0x7f2a7c191628
P 0x7f2a7c19c1e8
C 259
R
P 0x7f2a7c191628
C 342
R
P 0x7f2a7c191628
P 0x7f2a7c19c1e8
C 258
R
P 0x7f2a7c191628
C 342
R
P 0x7f2a7c191628
P 0x7f2a7c19c1e8
C 9
R
P 0x7f2a7c191628
C 342
R
P 0x7f2a7c191628
U 2
P 0x7f2a7c19c1c8
P 0x7f2a7c19c1e8
p 2
C 65
= 0x7f2a7c1a25e8
R
P 0x7f2a7c191628
C 342
R
P 0x7f2a7c191628
P 0x7f2a7c1a25e8
C 257
R
P 0x7f2a7c191628
C 342
R
P 0x7f2a7c191628
P 0x7f2a7c1a25e8
C 254
= 0x7f2a7c19b1e8
R
P 0x7f2a7c191628
C 342
R
P 0x7f2a7c191628
P 0x7f2a7c19b1e8
C 209
R
P 0x7f2a7c191628
C 342
R
P 0x7f2a7c191628
P 0x7f2a7c1a25e8
C 260
R
P 0x7f2a7c191628
C 342
R
P 0x7f2a7c191628
P 0x7f2a7c1a25e8
C 259
R
P 0x7f2a7c191628
C 342
R
P 0x7f2a7c191628
P 0x7f2a7c1a25e8
C 258
R
P 0x7f2a7c191628
C 342
R
P 0x7f2a7c191628
P 0x7f2a7c1a25e8
C 9
R
P 0x7f2a7c191628
C 342
R
P 0x7f2a7c191628
P 0x7f2a7c1a1f58
P 0x7f2a7c1a25e8
C 74
= 0x7f2a7c2cd0a0
R
P 0x7f2a7c191628
C 342
R
P 0x7f2a7c191628
P 0x7f2a7c2cd0a0
C 258
R
P 0x7f2a7c191628
C 342
R
P 0x7f2a7c191628
P 0x7f2a7c2cd0a0
C 9
R
P 0x7f2a7c191628
C 342
R
P 0x7f2a7c191628
U 2
P 0x7f2a7c2cd068
P 0x7f2a7c2cd0a0
p 2
C 63
= 0x7f2a7c2cd0d8
R
P 0x7f2a7c191628
C 342
R
P 0x7f2a7c191628
P 0x7f2a7c2cd0d8
C 258
R
P 0x7f2a7c191628
C 342
R
P 0x7f2a7c191628
P 0x7f2a7c2cd0d8
C 9
R
P 0x7f2a7c191628
C 342
R
P 0x7f2a7c191628
P 0x7f2a7c2cd0d8
C 58
= 0x7f2a7c19e8a8
R
P 0x7f2a7c191628
C 342
R
P 0x7f2a7c191628
P 0x7f2a7c19e8a8
C 258
R
P 0x7f2a7c191628
C 342
R
P 0x7f2a7c191628
P 0x7f2a7c19e8a8
C 9
R
P 0x7f2a7c191628
C 342
R
P 0x7f2a7c191628
P 0x7f2a7c19e6f8
P 0x7f2a7c19e8a8
C 61
= 0x7f2a7c2cd110
R
P 0x7f2a7c191628
C 342
R
P 0x7f2a7c191628
P 0x7f2a7c2cd110
C 258
R
P 0x7f2a7c191628
C 342
R
P 0x7f2a7c191628
P 0x7f2a7c2cd110
C 9
R
P 0x7f2a7c191628
C 342
R
P 0x7f2a7c191628
P 0x7f2a7c1e1fc8
P 0x7f2a7c2cd110
C 427
R
P 0x7f2a7c191628
C 342
R
P 0x7f2a7c191628
I 4
P 0x7f2a7c19b208
C 150
= 0x7f2a7c19c028
R
P 0x7f2a7c191628
C 342
R
P 0x7f2a7c191628
P 0x7f2a7c19c028
C 258
R
P 0x7f2a7c191628
C 342
R
P 0x7f2a7c191628
P 0x7f2a7c19c028
C 9
R
P 0x7f2a7c191628
C 342
R
P 0x7f2a7c191628
P 0x7f2a7c19c028
C 263
R
P 0x7f2a7c191628
C 342
R
P 0x7f2a7c191628
S "slot4Start"
C 30
R
P 0x7f2a7c191628
C 342
R
P 0x7f2a7c191628
$ |slot4Start|
C 202
R
P 0x7f2a7c191628
C 342
R
P 0x7f2a7c191628
$ |slot4Start|
P 0x7f2a7c19b1e8
C 51
= 0x7f2a7c19c048
R
P 0x7f2a7c191628
C 342
R
P 0x7f2a7c191628
P 0x7f2a7c19c048
C 257
R
P 0x7f2a7c191628
C 342
R
P 0x7f2a7c191628
P 0x7f2a7c19c048
C 254
= 0x7f2a7c19b1e8
R
P 0x7f2a7c191628
C 342
R
P 0x7f2a7c191628
P 0x7f2a7c19b1e8
C 209
R
P 0x7f2a7c191628
C 342
R
P 0x7f2a7c191628
P 0x7f2a7c19c048
C 260
R
P 0x7f2a7c191628
C 342
R
P 0x7f2a7c191628
P 0x7f2a7c19c048
C 259
R
P 0x7f2a7c191628
C 342
R
P 0x7f2a7c191628
P 0x7f2a7c19c048
C 258
R
P 0x7f2a7c191628
C 342
R
P 0x7f2a7c191628
P 0x7f2a7c19c048
C 9
R
P 0x7f2a7c191628
C 342
R
P 0x7f2a7c191628
I 0
P 0x7f2a7c19b208
C 150
= 0x7f2a7c19bd08
R
P 0x7f2a7c191628
C 342
R
P 0x7f2a7c191628
P 0x7f2a7c19bd08
C 258
R
P 0x7f2a7c191628
C 342
R
P 0x7f2a7c191628
P 0x7f2a7c19bd08
C 9
R
P 0x7f2a7c191628
C 342
R
P 0x7f2a7c191628
P 0x7f2a7c19c048
P 0x7f2a7c19bd08
C 76
= 0x7f2a7c2cd148
R
P 0x7f2a7c191628
C 342
R
P 0x7f2a7c191628
P 0x7f2a7c2cd148
C 258
R
P 0x7f2a7c191628
C 342
R
P 0x7f2a7c191628
P 0x7f2a7c2cd148
C 9
R
P 0x7f2a7c191628
C 342
R
P 0x7f2a7c191628
P 0x7f2a7c1e1fc8
P 0x7f2a7c2cd148
C 427
R
P 0x7f2a7c191628
C 342
R
P 0x7f2a7c191628
I 4
P 0x7f2a7c19b208
C 150
= 0x7f2a7c19c028
R
P 0x7f2a7c191628
C 342
R
P 0x7f2a7c191628
P 0x7f2a7c19c028
C 258
R
P 0x7f2a7c191628
C 342
R
P 0x7f2a7c191628
P 0x7f2a7c19c028
C 9
R
P 0x7f2a7c191628
C 342
R
P 0x7f2a7c191628
P 0x7f2a7c19c028
C 263
R
P 0x7f2a7c191628
C 342
R
P 0x7f2a7c191628
S "slot4Start"
C 30
R
P 0x7f2a7c191628
C 342
R
P 0x7f2a7c191628
$ |slot4Start|
C 202
R
P 0x7f2a7c191628
C 342
R
P 0x7f2a7c191628
$ |slot4Start|
P 0x7f2a7c19b1e8
C 51
= 0x7f2a7c19c048
R
P 0x7f2a7c191628
C 342
R
P 0x7f2a7c191628
P 0x7f2a7c19c048
C 257
R
P 0x7f2a7c191628
C 342
R
P 0x7f2a7c191628
P 0x7f2a7c19c048
C 254
= 0x7f2a7c19b1e8
R
P 0x7f2a7c191628
C 342
R
P 0x7f2a7c191628
P 0x7f2a7c19b1e8
C 209
R
P 0x7f2a7c191628
C 342
R
P 0x7f2a7c191628
P 0x7f2a7c19c048
C 260
R
P 0x7f2a7c191628
C 342
R
P 0x7f2a7c191628
P 0x7f2a7c19c048
C 259
R
P 0x7f2a7c191628
C 342
R
P 0x7f2a7c191628
P 0x7f2a7c19c048
C 258
R
P 0x7f2a7c191628
C 342
R
P 0x7f2a7c191628
P 0x7f2a7c19c048
C 9
R
P 0x7f2a7c191628
C 342
R
P 0x7f2a7c191628
I 4
P 0x7f2a7c19b208
C 150
= 0x7f2a7c19c028
R
P 0x7f2a7c191628
C 342
R
P 0x7f2a7c191628
P 0x7f2a7c19c028
C 258
R
P 0x7f2a7c191628
C 342
R
P 0x7f2a7c191628
P 0x7f2a7c19c028
C 9
R
P 0x7f2a7c191628
C 342
R
P 0x7f2a7c191628
P 0x7f2a7c19c028
C 263
R
P 0x7f2a7c191628
C 342
R
P 0x7f2a7c191628
S "slot4Duration"
C 30
R
P 0x7f2a7c191628
C 342
R
P 0x7f2a7c191628
$ |slot4Duration|
C 202
R
P 0x7f2a7c191628
C 342
R
P 0x7f2a7c191628
$ |slot4Duration|
P 0x7f2a7c19b1e8
C 51
= 0x7f2a7c19c068
R
P 0x7f2a7c191628
C 342
R
P 0x7f2a7c191628
P 0x7f2a7c19c068
C 257
R
P 0x7f2a7c191628
C 342
R
P 0x7f2a7c191628
P 0x7f2a7c19c068
C 254
= 0x7f2a7c19b1e8
R
P 0x7f2a7c191628
C 342
R
P 0x7f2a7c191628
P 0x7f2a7c19b1e8
C 209
R
P 0x7f2a7c191628
C 342
R
P 0x7f2a7c191628
P 0x7f2a7c19c068
C 260
R
P 0x7f2a7c191628
C 342
R
P 0x7f2a7c191628
P 0x7f2a7c19c068
C 259
R
P 0x7f2a7c191628
C 342
R
P 0x7f2a7c191628
P 0x7f2a7c19c068
C 258
R
P 0x7f2a7c191628
C 342
R
P 0x7f2a7c191628
P 0x7f2a7c19c068
C 9
R
P 0x7f2a7c191628
C 342
R
P 0x7f2a7c191628
U 2
P 0x7f2a7c19bbe8
P 0x7f2a7c19c068
p 2
C 67
= 0x7f2a7c2cd180
R
P 0x7f2a7c191628
C 342
R
P 0x7f2a7c191628
P 0x7f2a7c2cd180
C 257
R
P 0x7f2a7c191628
C 342
R
P 0x7f2a7c191628
P 0x7f2a7c2cd180
C 254
= 0x7f2a7c19b1e8
R
P 0x7f2a7c191628
C 342
R
P 0x7f2a7c191628
P 0x7f2a7c19b1e8
C 209
R
P 0x7f2a7c191628
C 342
R
P 0x7f2a7c191628
P 0x7f2a7c2cd180
C 260
R
P 0x7f2a7c191628
C 342
R
P 0x7f2a7c191628
P 0x7f2a7c2cd180
C 259
R
P 0x7f2a7c191628
C 342
R
P 0x7f2a7c191628
P 0x7f2a7c2cd180
C 258
R
P 0x7f2a7c191628
C 342
R
P 0x7f2a7c191628
P 0x7f2a7c2cd180
C 9
R
P 0x7f2a7c191628
C 342
R
P 0x7f2a7c191628
P 0x7f2a7c19c048
P 0x7f2a7c2cd180
C 74
= 0x7f2a7c2cd1b8
R
P 0x7f2a7c191628
C 342
R
P 0x7f2a7c191628
P 0x7f2a7c2cd1b8
C 258
R
P 0x7f2a7c191628
C 342
R
P 0x7f2a7c191628
P 0x7f2a7c2cd1b8
C 9
R
P 0x7f2a7c191628
C 342
R
P 0x7f2a7c191628
P 0x7f2a7c1e1fc8
P 0x7f2a7c2cd1b8
C 427
R
P 0x7f2a7c191628
C 342
R
P 0x7f2a7c191628
I 4
P 0x7f2a7c19b208
C 150
= 0x7f2a7c19c028
R
P 0x7f2a7c191628
C 342
R
P 0x7f2a7c191628
P 0x7f2a7c19c028
C 258
R
P 0x7f2a7c191628
C 342
R
P 0x7f2a7c191628
P 0x7f2a7c19c028
C 9
R
P 0x7f2a7c191628
C 342
R
P 0x7f2a7c191628
P 0x7f2a7c19c028
C 263
R
P 0x7f2a7c191628
C 342
R
P 0x7f2a7c191628
S "slot4Duration"
C 30
R
P 0x7f2a7c191628
C 342
R
P 0x7f2a7c191628
$ |slot4Duration|
C 202
R
P 0x7f2a7c191628
C 342
R
P 0x7f2a7c191628
$ |slot4Duration|
P 0x7f2a7c19b1e8
C 51
= 0x7f2a7c19c068
R
P 0x7f2a7c191628
C 342
R
P 0x7f2a7c191628
P 0x7f2a7c19c068
C 257
R
P 0x7f2a7c191628
C 342
R
P 0x7f2a7c191628
P 0x7f2a7c19c068
C 254
= 0x7f2a7c19b1e8
R
P 0x7f2a7c191628
C 342
R
P 0x7f2a7c191628
P 0x7f2a7c19b1e8
C 209
R
P 0x7f2a7c191628
C 342
R
P 0x7f2a7c191628
P 0x7f2a7c19c068
C 260
R
P 0x7f2a7c191628
C 342
R
P 0x7f2a7c191628
P 0x7f2a7c19c068
C 259
R
P 0x7f2a7c191628
C 342
R
P 0x7f2a7c191628
P 0x7f2a7c19c068
C 258
R
P 0x7f2a7c191628
C 342
R
P 0x7f2a7c191628
P 0x7f2a7c19c068
C 9
R
P 0x7f2a7c191628
C 342
R
P 0x7f2a7c191628
I 0
P 0x7f2a7c19b208
C 150
= 0x7f2a7c19bd08
R
P 0x7f2a7c191628
C 342
R
P 0x7f2a7c191628
P 0x7f2a7c19bd08
C 258
R
P 0x7f2a7c191628
C 342
R
P 0x7f2a7c191628
P 0x7f2a7c19bd08
C 9
R
P 0x7f2a7c191628
C 342
R
P 0x7f2a7c191628
P 0x7f2a7c19c068
P 0x7f2a7c19bd08
C 76
= 0x7f2a7c2cd1f0
R
P 0x7f2a7c191628
C 342
R
P 0x7f2a7c191628
P 0x7f2a7c2cd1f0
C 258
R
P 0x7f2a7c191628
C 342
R
P 0x7f2a7c191628
P 0x7f2a7c2cd1f0
C 9
R
P 0x7f2a7c191628
C 342
R
P 0x7f2a7c191628
P 0x7f2a7c1e1fc8
P 0x7f2a7c2cd1f0
C 427
R
P 0x7f2a7c191628
C 342
R
P 0x7f2a7c191628
I 4
P 0x7f2a7c19b208
C 150
= 0x7f2a7c19c028
R
P 0x7f2a7c191628
C 342
R
P 0x7f2a7c191628
P 0x7f2a7c19c028
C 258
R
P 0x7f2a7c191628
C 342
R
P 0x7f2a7c191628
P 0x7f2a7c19c028
C 9
R
P 0x7f2a7c191628
C 342
R
P 0x7f2a7c191628
P 0x7f2a7c19c028
C 263
R
P 0x7f2a7c191628
C 342
R
P 0x7f2a7c191628
S "slot4Duration"
C 30
R
P 0x7f2a7c191628
C 342
R
P 0x7f2a7c191628
$ |slot4Duration|
C 202
R
P 0x7f2a7c191628
C 342
R
P 0x7f2a7c191628
$ |slot4Duration|
P 0x7f2a7c19b1e8
C 51
= 0x7f2a7c19c068
R
P 0x7f2a7c191628
C 342
R
P 0x7f2a7c191628
P 0x7f2a7c19c068
C 257
R
P 0x7f2a7c191628
C 342
R
P 0x7f2a7c191628
P 0x7f2a7c19c068
C 254
= 0x7f2a7c19b1e8
R
P 0x7f2a7c191628
C 342
R
P 0x7f2a7c191628
P 0x7f2a7c19b1e8
C 209
R
P 0x7f2a7c191628
C 342
R
P 0x7f2a7c191628
P 0x7f2a7c19c068
C 260
R
P 0x7f2a7c191628
C 342
R
P 0x7f2a7c191628
P 0x7f2a7c19c068
C 259
R
P 0x7f2a7c191628
C 342
R
P 0x7f2a7c191628
P 0x7f2a7c19c068
C 258
R
P 0x7f2a7c191628
C 342
R
P 0x7f2a7c191628
P 0x7f2a7c19c068
C 9
R
P 0x7f2a7c191628
C 342
R
P 0x7f2a7c191628
P 0x7f2a7c19c068
P 0x7f2a7c19bc08
C 74
= 0x7f2a7c2cd228
R
P 0x7f2a7c191628
C 342
R
P 0x7f2a7c191628
P 0x7f2a7c2cd228
C 258
R
P 0x7f2a7c191628
C 342
R
P 0x7f2a7c191628
P 0x7f2a7c2cd228
C 9
R
P 0x7f2a7c191628
C 342
R
P 0x7f2a7c191628
P 0x7f2a7c1e1fc8
P 0x7f2a7c2cd228
C 427
R
P 0x7f2a7c191628
C 342
R
P 0x7f2a7c191628
I 4
P 0x7f2a7c19b208
C 150
= 0x7f2a7c19c028
R
P 0x7f2a7c191628
C 342
R
P 0x7f2a7c191628
P 0x7f2a7c19c028
C 258
R
P 0x7f2a7c191628
C 342
R
P 0x7f2a7c191628
P 0x7f2a7c19c028
C 9
R
P 0x7f2a7c191628
C 342
R
P 0x7f2a7c191628
P 0x7f2a7c19c028
C 263
R
P 0x7f2a7c191628
C 342
R
P 0x7f2a7c191628
S "slot4Start"
C 30
R
P 0x7f2a7c191628
C 342
R
P 0x7f2a7c191628
$ |slot4Start|
C 202
R
P 0x7f2a7c191628
C 342
R
P 0x7f2a7c191628
$ |slot4Start|
P 0x7f2a7c19b1e8
C 51
= 0x7f2a7c19c048
R
P 0x7f2a7c191628
C 342
R
P 0x7f2a7c191628
P 0x7f2a7c19c048
C 257
R
P 0x7f2a7c191628
C 342
R
P 0x7f2a7c191628
P 0x7f2a7c19c048
C 254
= 0x7f2a7c19b1e8
R
P 0x7f2a7c191628
C 342
R
P 0x7f2a7c191628
P 0x7f2a7c19b1e8
C 209
R
P 0x7f2a7c191628
C 342
R
P 0x7f2a7c191628
P 0x7f2a7c19c048
C 260
R
P 0x7f2a7c191628
C 342
R
P 0x7f2a7c191628
P 0x7f2a7c19c048
C 259
R
P 0x7f2a7c191628
C 342
R
P 0x7f2a7c191628
P 0x7f2a7c19c048
C 258
R
P 0x7f2a7c191628
C 342
R
P 0x7f2a7c191628
P 0x7f2a7c19c048
C 9
R
P 0x7f2a7c191628
C 342
R
P 0x7f2a7c191628
I 4
P 0x7f2a7c19b208
C 150
= 0x7f2a7c19c028
R
P 0x7f2a7c191628
C 342
R
P 0x7f2a7c191628
P 0x7f2a7c19c028
C 258
R
P 0x7f2a7c191628
C 342
R
P 0x7f2a7c191628
P 0x7f2a7c19c028
C 9
R
P 0x7f2a7c191628
C 342
R
P 0x7f2a7c191628
P 0x7f2a7c19c028
C 263
R
P 0x7f2a7c191628
C 342
R
P 0x7f2a7c191628
S "slot4Start"
C 30
R
P 0x7f2a7c191628
C 342
R
P 0x7f2a7c191628
$ |slot4Start|
C 202
R
P 0x7f2a7c191628
C 342
R
P 0x7f2a7c191628
$ |slot4Start|
P 0x7f2a7c19b1e8
C 51
= 0x7f2a7c19c048
R
P 0x7f2a7c191628
C 342
R
P 0x7f2a7c191628
P 0x7f2a7c19c048
C 257
R
P 0x7f2a7c191628
C 342
R
P 0x7f2a7c191628
P 0x7f2a7c19c048
C 254
= 0x7f2a7c19b1e8
R
P 0x7f2a7c191628
C 342
R
P 0x7f2a7c191628
P 0x7f2a7c19b1e8
C 209
R
P 0x7f2a7c191628
C 342
R
P 0x7f2a7c191628
P 0x7f2a7c19c048
C 260
R
P 0x7f2a7c191628
C 342
R
P 0x7f2a7c191628
P 0x7f2a7c19c048
C 259
R
P 0x7f2a7c191628
C 342
R
P 0x7f2a7c191628
P 0x7f2a7c19c048
C 258
R
P 0x7f2a7c191628
C 342
R
P 0x7f2a7c191628
P 0x7f2a7c19c048
C 9
R
P 0x7f2a7c191628
C 342
R
P 0x7f2a7c191628
U 2
P 0x7f2a7c19c048
P 0x7f2a7c19c048
p 2
C 65
= 0x7f2a7c2cd260
R
P 0x7f2a7c191628
C 342
R
P 0x7f2a7c191628
P 0x7f2a7c2cd260
C 257
R
P 0x7f2a7c191628
C 342
R
P 0x7f2a7c191628
P 0x7f2a7c2cd260
C 254
= 0x7f2a7c19b1e8
R
P 0x7f2a7c191628
C 342
R
P 0x7f2a7c191628
P 0x7f2a7c19b1e8
C 209
R
P 0x7f2a7c191628
C 342
R
P 0x7f2a7c191628
P 0x7f2a7c2cd260
C 260
R
P 0x7f2a7c191628
C 342
R
P 0x7f2a7c191628
P 0x7f2a7c2cd260
C 259
R
P 0x7f2a7c191628
C 342
R
P 0x7f2a7c191628
P 0x7f2a7c2cd260
C 258
R
P 0x7f2a7c191628
C 342
R
P 0x7f2a7c191628
P 0x7f2a7c2cd260
C 9
R
P 0x7f2a7c191628
C 342
R
P 0x7f2a7c191628
P 0x7f2a7c19bbe8
P 0x7f2a7c2cd260
C 76
= 0x7f2a7c2cd298
R
P 0x7f2a7c191628
C 342
R
P 0x7f2a7c191628
P 0x7f2a7c2cd298
C 258
R
P 0x7f2a7c191628
C 342
R
P 0x7f2a7c191628
P 0x7f2a7c2cd298
C 9
R
P 0x7f2a7c191628
C 342
R
P 0x7f2a7c191628
P 0x7f2a7c1e1fc8
P 0x7f2a7c2cd298
C 427
R
P 0x7f2a7c191628
C 342
R
P 0x7f2a7c191628
I 4
P 0x7f2a7c19b208
C 150
= 0x7f2a7c19c028
R
P 0x7f2a7c191628
C 342
R
P 0x7f2a7c191628
P 0x7f2a7c19c028
C 258
R
P 0x7f2a7c191628
C 342
R
P 0x7f2a7c191628
P 0x7f2a7c19c028
C 9
R
P 0x7f2a7c191628
C 342
R
P 0x7f2a7c191628
I 1
P 0x7f2a7c19b208
C 150
= 0x7f2a7c19bc88
R
P 0x7f2a7c191628
C 342
R
P 0x7f2a7c191628
P 0x7f2a7c19bc88
C 258
R
P 0x7f2a7c191628
C 342
R
P 0x7f2a7c191628
P 0x7f2a7c19bc88
C 9
R
P 0x7f2a7c191628
C 342
R
P 0x7f2a7c191628
P 0x7f2a7c19c028
P 0x7f2a7c19bc88
C 56
= 0x7f2a7c2cd2d0
R
P 0x7f2a7c191628
C 342
R
P 0x7f2a7c191628
P 0x7f2a7c2cd2d0
C 258
R
P 0x7f2a7c191628
C 342
R
P 0x7f2a7c191628
P 0x7f2a7c2cd2d0
C 9
R
P 0x7f2a7c191628
C 342
R
P 0x7f2a7c191628
P 0x7f2a7c2cd2d0
C 58
= 0x7f2a7c19e8d8
R
P 0x7f2a7c191628
C 342
R
P 0x7f2a7c191628
P 0x7f2a7c19e8d8
C 258
R
P 0x7f2a7c191628
C 342
R
P 0x7f2a7c191628
P 0x7f2a7c19e8d8
C 9
R
P 0x7f2a7c191628
C 342
R
P 0x7f2a7c191628
I 4
P 0x7f2a7c19b208
C 150
= 0x7f2a7c19c028
R
P 0x7f2a7c191628
C 342
R
P 0x7f2a7c191628
P 0x7f2a7c19c028
C 258
R
P 0x7f2a7c191628
C 342
R
P 0x7f2a7c191628
P 0x7f2a7c19c028
C 9
R
P 0x7f2a7c191628
C 342
R
P 0x7f2a7c191628
P 0x7f2a7c19c028
C 263
R
P 0x7f2a7c191628
C 342
R
P 0x7f2a7c191628
S "slot4Start"
C 30
R
P 0x7f2a7c191628
C 342
R
P 0x7f2a7c191628
$ |slot4Start|
C 202
R
P 0x7f2a7c191628
C 342
R
P 0x7f2a7c191628
$ |slot4Start|
P 0x7f2a7c19b1e8
C 51
= 0x7f2a7c19c048
R
P 0x7f2a7c191628
C 342
R
P 0x7f2a7c191628
P 0x7f2a7c19c048
C 257
R
P 0x7f2a7c191628
C 342
R
P 0x7f2a7c191628
P 0x7f2a7c19c048
C 254
= 0x7f2a7c19b1e8
R
P 0x7f2a7c191628
C 342
R
P 0x7f2a7c191628
P 0x7f2a7c19b1e8
C 209
R
P 0x7f2a7c191628
C 342
R
P 0x7f2a7c191628
P 0x7f2a7c19c048
C 260
R
P 0x7f2a7c191628
C 342
R
P 0x7f2a7c191628
P 0x7f2a7c19c048
C 259
R
P 0x7f2a7c191628
C 342
R
P 0x7f2a7c191628
P 0x7f2a7c19c048
C 258
R
P 0x7f2a7c191628
C 342
R
P 0x7f2a7c191628
P 0x7f2a7c19c048
C 9
R
P 0x7f2a7c191628
C 342
R
P 0x7f2a7c191628
I 1
P 0x7f2a7c19b208
C 150
= 0x7f2a7c19bc88
R
P 0x7f2a7c191628
C 342
R
P 0x7f2a7c191628
P 0x7f2a7c19bc88
C 258
R
P 0x7f2a7c191628
C 342
R
P 0x7f2a7c191628
P 0x7f2a7c19bc88
C 9
R
P 0x7f2a7c191628
C 342
R
P 0x7f2a7c191628
P 0x7f2a7c19bc88
C 263
R
P 0x7f2a7c191628
C 342
R
P 0x7f2a7c191628
S "slot1Start"
C 30
R
P 0x7f2a7c191628
C 342
R
P 0x7f2a7c191628
$ |slot1Start|
C 202
R
P 0x7f2a7c191628
C 342
R
P 0x7f2a7c191628
$ |slot1Start|
P 0x7f2a7c19b1e8
C 51
= 0x7f2a7c19bf48
R
P 0x7f2a7c191628
C 342
R
P 0x7f2a7c191628
P 0x7f2a7c19bf48
C 257
R
P 0x7f2a7c191628
C 342
R
P 0x7f2a7c191628
P 0x7f2a7c19bf48
C 254
= 0x7f2a7c19b1e8
R
P 0x7f2a7c191628
C 342
R
P 0x7f2a7c191628
P 0x7f2a7c19b1e8
C 209
R
P 0x7f2a7c191628
C 342
R
P 0x7f2a7c191628
P 0x7f2a7c19bf48
C 260
R
P 0x7f2a7c191628
C 342
R
P 0x7f2a7c191628
P 0x7f2a7c19bf48
C 259
R
P 0x7f2a7c191628
C 342
R
P 0x7f2a7c191628
P 0x7f2a7c19bf48
C 258
R
P 0x7f2a7c191628
C 342
R
P 0x7f2a7c191628
P 0x7f2a7c19bf48
C 9
R
P 0x7f2a7c191628
C 342
R
P 0x7f2a7c191628
P 0x7f2a7c19c048
P 0x7f2a7c19bf48
C 76
= 0x7f2a7c2cd308
R
P 0x7f2a7c191628
C 342
R
P 0x7f2a7c191628
P 0x7f2a7c2cd308
C 258
R
P 0x7f2a7c191628
C 342
R
P 0x7f2a7c191628
P 0x7f2a7c2cd308
C 9
R
P 0x7f2a7c191628
C 342
R
P 0x7f2a7c191628
I 4
P 0x7f2a7c19b208
C 150
= 0x7f2a7c19c028
R
P 0x7f2a7c191628
C 342
R
P 0x7f2a7c191628
P 0x7f2a7c19c028
C 258
R
P 0x7f2a7c191628
C 342
R
P 0x7f2a7c191628
P 0x7f2a7c19c028
C 9
R
P 0x7f2a7c191628
C 342
R
P 0x7f2a7c191628
P 0x7f2a7c19c028
C 263
R
P 0x7f2a7c191628
C 342
R
P 0x7f2a7c191628
S "slot4Start"
C 30
R
P 0x7f2a7c191628
C 342
R
P 0x7f2a7c191628
$ |slot4Start|
C 202
R
P 0x7f2a7c191628
C 342
R
P 0x7f2a7c191628
$ |slot4Start|
P 0x7f2a7c19b1e8
C 51
= 0x7f2a7c19c048
R
P 0x7f2a7c191628
C 342
R
P 0x7f2a7c191628
P 0x7f2a7c19c048
C 257
R
P 0x7f2a7c191628
C 342
R
P 0x7f2a7c191628
P 0x7f2a7c19c048
C 254
= 0x7f2a7c19b1e8
R
P 0x7f2a7c191628
C 342
R
P 0x7f2a7c191628
P 0x7f2a7c19b1e8
C 209
R
P 0x7f2a7c191628
C 342
R
P 0x7f2a7c191628
P 0x7f2a7c19c048
C 260
R
P 0x7f2a7c191628
C 342
R
P 0x7f2a7c191628
P 0x7f2a7c19c048
C 259
R
P 0x7f2a7c191628
C 342
R
P 0x7f2a7c191628
P 0x7f2a7c19c048
C 258
R
P 0x7f2a7c191628
C 342
R
P 0x7f2a7c191628
P 0x7f2a7c19c048
C 9
R
P 0x7f2a7c191628
C 342
R
P 0x7f2a7c191628
I 1
P 0x7f2a7c19b208
C 150
= 0x7f2a7c19bc88
R
P 0x7f2a7c191628
C 342
R
P 0x7f2a7c191628
P 0x7f2a7c19bc88
C 258
R
P 0x7f2a7c191628
C 342
R
P 0x7f2a7c191628
P 0x7f2a7c19bc88
C 9
R
P 0x7f2a7c191628
C 342
R
P 0x7f2a7c191628
P 0x7f2a7c19bc88
C 263
R
P 0x7f2a7c191628
C 342
R
P 0x7f2a7c191628
S "slot1Start"
C 30
R
P 0x7f2a7c191628
C 342
R
P 0x7f2a7c191628
$ |slot1Start|
C 202
R
P 0x7f2a7c191628
C 342
R
P 0x7f2a7c191628
$ |slot1Start|
P 0x7f2a7c19b1e8
C 51
= 0x7f2a7c19bf48
R
P 0x7f2a7c191628
C 342
R
P 0x7f2a7c191628
P 0x7f2a7c19bf48
C 257
R
P 0x7f2a7c191628
C 342
R
P 0x7f2a7c191628
P 0x7f2a7c19bf48
C 254
= 0x7f2a7c19b1e8
R
P 0x7f2a7c191628
C 342
R
P 0x7f2a7c191628
P 0x7f2a7c19b1e8
C 209
R
P 0x7f2a7c191628
C 342
R
P 0x7f2a7c191628
P 0x7f2a7c19bf48
C 260
R
P 0x7f2a7c191628
C 342
R
P 0x7f2a7c191628
P 0x7f2a7c19bf48
C 259
R
P 0x7f2a7c191628
C 342
R
P 0x7f2a7c191628
P 0x7f2a7c19bf48
C 258
R
P 0x7f2a7c191628
C 342
R
P 0x7f2a7c191628
P 0x7f2a7c19bf48
C 9
R
P 0x7f2a7c191628
C 342
R
P 0x7f2a7c191628
I 1
P 0x7f2a7c19b208
C 150
= 0x7f2a7c19bc88
R
P 0x7f2a7c191628
C 342
R
P 0x7f2a7c191628
P 0x7f2a7c19bc88
C 258
R
P 0x7f2a7c191628
C 342
R
P 0x7f2a7c191628
P 0x7f2a7c19bc88
C 9
R
P 0x7f2a7c191628
C 342
R
P 0x7f2a7c191628
P 0x7f2a7c19bc88
C 263
R
P 0x7f2a7c191628
C 342
R
P 0x7f2a7c191628
S "slot1Duration"
C 30
R
P 0x7f2a7c191628
C 342
R
P 0x7f2a7c191628
$ |slot1Duration|
C 202
R
P 0x7f2a7c191628
C 342
R
P 0x7f2a7c191628
$ |slot1Duration|
P 0x7f2a7c19b1e8
C 51
= 0x7f2a7c19bf68
R
P 0x7f2a7c191628
C 342
R
P 0x7f2a7c191628
P 0x7f2a7c19bf68
C 257
R
P 0x7f2a7c191628
C 342
R
P 0x7f2a7c191628
P 0x7f2a7c19bf68
C 254
= 0x7f2a7c19b1e8
R
P 0x7f2a7c191628
C 342
R
P 0x7f2a7c191628
P 0x7f2a7c19b1e8
C 209
R
P 0x7f2a7c191628
C 342
R
P 0x7f2a7c191628
P 0x7f2a7c19bf68
C 260
R
P 0x7f2a7c191628
C 342
R
P 0x7f2a7c191628
P 0x7f2a7c19bf68
C 259
R
P 0x7f2a7c191628
C 342
R
P 0x7f2a7c191628
P 0x7f2a7c19bf68
C 258
R
P 0x7f2a7c191628
C 342
R
P 0x7f2a7c191628
P 0x7f2a7c19bf68
C 9
R
P 0x7f2a7c191628
C 342
R
P 0x7f2a7c191628
U 2
P 0x7f2a7c19bf48
P 0x7f2a7c19bf68
p 2
C 65
= 0x7f2a7c1a1cb8
R
P 0x7f2a7c191628
C 342
R
P 0x7f2a7c191628
P 0x7f2a7c1a1cb8
C 257
R
P 0x7f2a7c191628
C 342
R
P 0x7f2a7c191628
P 0x7f2a7c1a1cb8
C 254
= 0x7f2a7c19b1e8
R
P 0x7f2a7c191628
C 342
R
P 0x7f2a7c191628
P 0x7f2a7c19b1e8
C 209
R
P 0x7f2a7c191628
C 342
R
P 0x7f2a7c191628
P 0x7f2a7c1a1cb8
C 260
R
P 0x7f2a7c191628
C 342
R
P 0x7f2a7c191628
P 0x7f2a7c1a1cb8
C 259
R
P 0x7f2a7c191628
C 342
R
P 0x7f2a7c191628
P 0x7f2a7c1a1cb8
C 258
R
P 0x7f2a7c191628
C 342
R
P 0x7f2a7c191628
P 0x7f2a7c1a1cb8
C 9
R
P 0x7f2a7c191628
C 342
R
P 0x7f2a7c191628
P 0x7f2a7c19c048
P 0x7f2a7c1a1cb8
C 74
= 0x7f2a7c1a2930
R
P 0x7f2a7c191628
C 342
R
P 0x7f2a7c191628
P 0x7f2a7c1a2930
C 258
R
P 0x7f2a7c191628
C 342
R
P 0x7f2a7c191628
P 0x7f2a7c1a2930
C 9
R
P 0x7f2a7c191628
C 342
R
P 0x7f2a7c191628
U 2
P 0x7f2a7c2cd308
P 0x7f2a7c1a2930
p 2
C 63
= 0x7f2a7c2cd340
R
P 0x7f2a7c191628
C 342
R
P 0x7f2a7c191628
P 0x7f2a7c2cd340
C 258
R
P 0x7f2a7c191628
C 342
R
P 0x7f2a7c191628
P 0x7f2a7c2cd340
C 9
R
P 0x7f2a7c191628
C 342
R
P 0x7f2a7c191628
P 0x7f2a7c2cd340
C 58
= 0x7f2a7c19e908
R
P 0x7f2a7c191628
C 342
R
P 0x7f2a7c191628
P 0x7f2a7c19e908
C 258
R
P 0x7f2a7c191628
C 342
R
P 0x7f2a7c191628
P 0x7f2a7c19e908
C 9
R
P 0x7f2a7c191628
C 342
R
P 0x7f2a7c191628
P 0x7f2a7c19e8d8
P 0x7f2a7c19e908
C 61
= 0x7f2a7c2cd378
R
P 0x7f2a7c191628
C 342
R
P 0x7f2a7c191628
P 0x7f2a7c2cd378
C 258
R
P 0x7f2a7c191628
C 342
R
P 0x7f2a7c191628
P 0x7f2a7c2cd378
C 9
R
P 0x7f2a7c191628
C 342
R
P 0x7f2a7c191628
P 0x7f2a7c1e1fc8
P 0x7f2a7c2cd378
C 427
R
P 0x7f2a7c191628
C 342
R
P 0x7f2a7c191628
I 4
P 0x7f2a7c19b208
C 150
= 0x7f2a7c19c028
R
P 0x7f2a7c191628
C 342
R
P 0x7f2a7c191628
P 0x7f2a7c19c028
C 258
R
P 0x7f2a7c191628
C 342
R
P 0x7f2a7c191628
P 0x7f2a7c19c028
C 9
R
P 0x7f2a7c191628
C 342
R
P 0x7f2a7c191628
I 2
P 0x7f2a7c19b208
C 150
= 0x7f2a7c19bcc8
R
P 0x7f2a7c191628
C 342
R
P 0x7f2a7c191628
P 0x7f2a7c19bcc8
C 258
R
P 0x7f2a7c191628
C 342
R
P 0x7f2a7c191628
P 0x7f2a7c19bcc8
C 9
R
P 0x7f2a7c191628
C 342
R
P 0x7f2a7c191628
P 0x7f2a7c19c028
P 0x7f2a7c19bcc8
C 56
= 0x7f2a7c2cd3b0
R
P 0x7f2a7c191628
C 342
R
P 0x7f2a7c191628
P 0x7f2a7c2cd3b0
C 258
R
P 0x7f2a7c191628
C 342
R
P 0x7f2a7c191628
P 0x7f2a7c2cd3b0
C 9
R
P 0x7f2a7c191628
C 342
R
P 0x7f2a7c191628
P 0x7f2a7c2cd3b0
C 58
= 0x7f2a7c19e938
R
P 0x7f2a7c191628
C 342
R
P 0x7f2a7c191628
P 0x7f2a7c19e938
C 258
R
P 0x7f2a7c191628
C 342
R
P 0x7f2a7c191628
P 0x7f2a7c19e938
C 9
R
P 0x7f2a7c191628
C 342
R
P 0x7f2a7c191628
I 4
P 0x7f2a7c19b208
C 150
= 0x7f2a7c19c028
R
P 0x7f2a7c191628
C 342
R
P 0x7f2a7c191628
P 0x7f2a7c19c028
C 258
R
P 0x7f2a7c191628
C 342
R
P 0x7f2a7c191628
P 0x7f2a7c19c028
C 9
R
P 0x7f2a7c191628
C 342
R
P 0x7f2a7c191628
P 0x7f2a7c19c028
C 263
R
P 0x7f2a7c191628
C 342
R
P 0x7f2a7c191628
S "slot4Start"
C 30
R
P 0x7f2a7c191628
C 342
R
P 0x7f2a7c191628
$ |slot4Start|
C 202
R
P 0x7f2a7c191628
C 342
R
P 0x7f2a7c191628
$ |slot4Start|
P 0x7f2a7c19b1e8
C 51
= 0x7f2a7c19c048
R
P 0x7f2a7c191628
C 342
R
P 0x7f2a7c191628
P 0x7f2a7c19c048
C 257
R
P 0x7f2a7c191628
C 342
R
P 0x7f2a7c191628
P 0x7f2a7c19c048
C 254
= 0x7f2a7c19b1e8
R
P 0x7f2a7c191628
C 342
R
P 0x7f2a7c191628
P 0x7f2a7c19b1e8
C 209
R
P 0x7f2a7c191628
C 342
R
P 0x7f2a7c191628
P 0x7f2a7c19c048
C 260
R
P 0x7f2a7c191628
C 342
R
P 0x7f2a7c191628
P 0x7f2a7c19c048
C 259
R
P 0x7f2a7c191628
C 342
R
P 0x7f2a7c191628
P 0x7f2a7c19c048
C 258
R
P 0x7f2a7c191628
C 342
R
P 0x7f2a7c191628
P 0x7f2a7c19c048
C 9
R
P 0x7f2a7c191628
C 342
R
P 0x7f2a7c191628
I 2
P 0x7f2a7c19b208
C 150
= 0x7f2a7c19bcc8
R
P 0x7f2a7c191628
C 342
R
P 0x7f2a7c191628
P 0x7f2a7c19bcc8
C 258
R
P 0x7f2a7c191628
C 342
R
P 0x7f2a7c191628
P 0x7f2a7c19bcc8
C 9
R
P 0x7f2a7c191628
C 342
R
P 0x7f2a7c191628
P 0x7f2a7c19bcc8
C 263
R
P 0x7f2a7c191628
C 342
R
P 0x7f2a7c191628
S "slot2Start"
C 30
R
P 0x7f2a7c191628
C 342
R
P 0x7f2a7c191628
$ |slot2Start|
C 202
R
P 0x7f2a7c191628
C 342
R
P 0x7f2a7c191628
$ |slot2Start|
P 0x7f2a7c19b1e8
C 51
= 0x7f2a7c19bf88
R
P 0x7f2a7c191628
C 342
R
P 0x7f2a7c191628
P 0x7f2a7c19bf88
C 257
R
P 0x7f2a7c191628
C 342
R
P 0x7f2a7c191628
P 0x7f2a7c19bf88
C 254
= 0x7f2a7c19b1e8
R
P 0x7f2a7c191628
C 342
R
P 0x7f2a7c191628
P 0x7f2a7c19b1e8
C 209
R
P 0x7f2a7c191628
C 342
R
P 0x7f2a7c191628
P 0x7f2a7c19bf88
C 260
R
P 0x7f2a7c191628
C 342
R
P 0x7f2a7c191628
P 0x7f2a7c19bf88
C 259
R
P 0x7f2a7c191628
C 342
R
P 0x7f2a7c191628
P 0x7f2a7c19bf88
C 258
R
P 0x7f2a7c191628
C 342
R
P 0x7f2a7c191628
P 0x7f2a7c19bf88
C 9
R
P 0x7f2a7c191628
C 342
R
P 0x7f2a7c191628
P 0x7f2a7c19c048
P 0x7f2a7c19bf88
C 76
= 0x7f2a7c2cd3e8
R
P 0x7f2a7c191628
C 342
R
P 0x7f2a7c191628
P 0x7f2a7c2cd3e8
C 258
R
P 0x7f2a7c191628
C 342
R
P 0x7f2a7c191628
P 0x7f2a7c2cd3e8
C 9
R
P 0x7f2a7c191628
C 342
R
P 0x7f2a7c191628
I 4
P 0x7f2a7c19b208
C 150
= 0x7f2a7c19c028
R
P 0x7f2a7c191628
C 342
R
P 0x7f2a7c191628
P 0x7f2a7c19c028
C 258
R
P 0x7f2a7c191628
C 342
R
P 0x7f2a7c191628
P 0x7f2a7c19c028
C 9
R
P 0x7f2a7c191628
C 342
R
P 0x7f2a7c191628
P 0x7f2a7c19c028
C 263
R
P 0x7f2a7c191628
C 342
R
P 0x7f2a7c191628
S "slot4Start"
C 30
R
P 0x7f2a7c191628
C 342
R
P 0x7f2a7c191628
$ |slot4Start|
C 202
R
P 0x7f2a7c191628
C 342
R
P 0x7f2a7c191628
$ |slot4Start|
P 0x7f2a7c19b1e8
C 51
= 0x7f2a7c19c048
R
P 0x7f2a7c191628
C 342
R
P 0x7f2a7c191628
P 0x7f2a7c19c048
C 257
R
P 0x7f2a7c191628
C 342
R
P 0x7f2a7c191628
P 0x7f2a7c19c048
C 254
= 0x7f2a7c19b1e8
R
P 0x7f2a7c191628
C 342
R
P 0x7f2a7c191628
P 0x7f2a7c19b1e8
C 209
R
P 0x7f2a7c191628
C 342
R
P 0x7f2a7c191628
P 0x7f2a7c19c048
C 260
R
P 0x7f2a7c191628
C 342
R
P 0x7f2a7c191628
P 0x7f2a7c19c048
C 259
R
P 0x7f2a7c191628
C 342
R
P 0x7f2a7c191628
P 0x7f2a7c19c048
C 258
R
P 0x7f2a7c191628
C 342
R
P 0x7f2a7c191628
P 0x7f2a7c19c048
C 9
R
P 0x7f2a7c191628
C 342
R
P 0x7f2a7c191628
I 2
P 0x7f2a7c19b208
C 150
= 0x7f2a7c19bcc8
R
P 0x7f2a7c191628
C 342
R
P 0x7f2a7c191628
P 0x7f2a7c19bcc8
C 258
R
P 0x7f2a7c191628
C 342
R
P 0x7f2a7c191628
P 0x7f2a7c19bcc8
C 9
R
P 0x7f2a7c191628
C 342
R
P 0x7f2a7c191628
P 0x7f2a7c19bcc8
C 263
R
P 0x7f2a7c191628
C 342
R
P 0x7f2a7c191628
S "slot2Start"
C 30
R
P 0x7f2a7c191628
C 342
R
P 0x7f2a7c191628
$ |slot2Start|
C 202
R
P 0x7f2a7c191628
C 342
R
P 0x7f2a7c191628
$ |slot2Start|
P 0x7f2a7c19b1e8
C 51
= 0x7f2a7c19bf88
R
P 0x7f2a7c191628
C 342
R
P 0x7f2a7c191628
P 0x7f2a7c19bf88
C 257
R
P 0x7f2a7c191628
C 342
R
P 0x7f2a7c191628
P 0x7f2a7c19bf88
C 254
= 0x7f2a7c19b1e8
R
P 0x7f2a7c191628
C 342
R
P 0x7f2a7c191628
P 0x7f2a7c19b1e8
C 209
R
P 0x7f2a7c191628
C 342
R
P 0x7f2a7c191628
P 0x7f2a7c19bf88
C 260
R
P 0x7f2a7c191628
C 342
R
P 0x7f2a7c191628
P 0x7f2a7c19bf88
C 259
R
P 0x7f2a7c191628
C 342
R
P 0x7f2a7c191628
P 0x7f2a7c19bf88
C 258
R
P 0x7f2a7c191628
C 342
R
P 0x7f2a7c191628
P 0x7f2a7c19bf88
C 9
R
P 0x7f2a7c191628
C 342
R
P 0x7f2a7c191628
I 2
P 0x7f2a7c19b208
C 150
= 0x7f2a7c19bcc8
R
P 0x7f2a7c191628
C 342
R
P 0x7f2a7c191628
P 0x7f2a7c19bcc8
C 258
R
P 0x7f2a7c191628
C 342
R
P 0x7f2a7c191628
P 0x7f2a7c19bcc8
C 9
R
P 0x7f2a7c191628
C 342
R
P 0x7f2a7c191628
P 0x7f2a7c19bcc8
C 263
R
P 0x7f2a7c191628
C 342
R
P 0x7f2a7c191628
S "slot2Duration"
C 30
R
P 0x7f2a7c191628
C 342
R
P 0x7f2a7c191628
$ |slot2Duration|
C 202
R
P 0x7f2a7c191628
C 342
R
P 0x7f2a7c191628
$ |slot2Duration|
P 0x7f2a7c19b1e8
C 51
= 0x7f2a7c19bfa8
R
P 0x7f2a7c191628
C 342
R
P 0x7f2a7c191628
P 0x7f2a7c19bfa8
C 257
R
P 0x7f2a7c191628
C 342
R
P 0x7f2a7c191628
P 0x7f2a7c19bfa8
C 254
= 0x7f2a7c19b1e8
R
P 0x7f2a7c191628
C 342
R
P 0x7f2a7c191628
P 0x7f2a7c19b1e8
C 209
R
P 0x7f2a7c191628
C 342
R
P 0x7f2a7c191628
P 0x7f2a7c19bfa8
C 260
R
P 0x7f2a7c191628
C 342
R
P 0x7f2a7c191628
P 0x7f2a7c19bfa8
C 259
R
P 0x7f2a7c191628
C 342
R
P 0x7f2a7c191628
P 0x7f2a7c19bfa8
C 258
R
P 0x7f2a7c191628
C 342
R
P 0x7f2a7c191628
P 0x7f2a7c19bfa8
C 9
R
P 0x7f2a7c191628
C 342
R
P 0x7f2a7c191628
U 2
P 0x7f2a7c19bf88
P 0x7f2a7c19bfa8
p 2
C 65
= 0x7f2a7c1a1e08
R
P 0x7f2a7c191628
C 342
R
P 0x7f2a7c191628
P 0x7f2a7c1a1e08
C 257
R
P 0x7f2a7c191628
C 342
R
P 0x7f2a7c191628
P 0x7f2a7c1a1e08
C 254
= 0x7f2a7c19b1e8
R
P 0x7f2a7c191628
C 342
R
P 0x7f2a7c191628
P 0x7f2a7c19b1e8
C 209
R
P 0x7f2a7c191628
C 342
R
P 0x7f2a7c191628
P 0x7f2a7c1a1e08
C 260
R
P 0x7f2a7c191628
C 342
R
P 0x7f2a7c191628
P 0x7f2a7c1a1e08
C 259
R
P 0x7f2a7c191628
C 342
R
P 0x7f2a7c191628
P 0x7f2a7c1a1e08
C 258
R
P 0x7f2a7c191628
C 342
R
P 0x7f2a7c191628
P 0x7f2a7c1a1e08
C 9
R
P 0x7f2a7c191628
C 342
R
P 0x7f2a7c191628
P 0x7f2a7c19c048
P 0x7f2a7c1a1e08
C 74
= 0x7f2a7c2cbcb8
R
P 0x7f2a7c191628
C 342
R
P 0x7f2a7c191628
P 0x7f2a7c2cbcb8
C 258
R
P 0x7f2a7c191628
C 342
R
P 0x7f2a7c191628
P 0x7f2a7c2cbcb8
C 9
R
P 0x7f2a7c191628
C 342
R
P 0x7f2a7c191628
U 2
P 0x7f2a7c2cd3e8
P 0x7f2a7c2cbcb8
p 2
C 63
= 0x7f2a7c2cd420
R
P 0x7f2a7c191628
C 342
R
P 0x7f2a7c191628
P 0x7f2a7c2cd420
C 258
R
P 0x7f2a7c191628
C 342
R
P 0x7f2a7c191628
P 0x7f2a7c2cd420
C 9
R
P 0x7f2a7c191628
C 342
R
P 0x7f2a7c191628
P 0x7f2a7c2cd420
C 58
= 0x7f2a7c19e968
R
P 0x7f2a7c191628
C 342
R
P 0x7f2a7c191628
P 0x7f2a7c19e968
C 258
R
P 0x7f2a7c191628
C 342
R
P 0x7f2a7c191628
P 0x7f2a7c19e968
C 9
R
P 0x7f2a7c191628
C 342
R
P 0x7f2a7c191628
P 0x7f2a7c19e938
P 0x7f2a7c19e968
C 61
= 0x7f2a7c2cd458
R
P 0x7f2a7c191628
C 342
R
P 0x7f2a7c191628
P 0x7f2a7c2cd458
C 258
R
P 0x7f2a7c191628
C 342
R
P 0x7f2a7c191628
P 0x7f2a7c2cd458
C 9
R
P 0x7f2a7c191628
C 342
R
P 0x7f2a7c191628
P 0x7f2a7c1e1fc8
P 0x7f2a7c2cd458
C 427
R
P 0x7f2a7c191628
C 342
R
P 0x7f2a7c191628
I 4
P 0x7f2a7c19b208
C 150
= 0x7f2a7c19c028
R
P 0x7f2a7c191628
C 342
R
P 0x7f2a7c191628
P 0x7f2a7c19c028
C 258
R
P 0x7f2a7c191628
C 342
R
P 0x7f2a7c191628
P 0x7f2a7c19c028
C 9
R
P 0x7f2a7c191628
C 342
R
P 0x7f2a7c191628
I 3
P 0x7f2a7c19b208
C 150
= 0x7f2a7c19bfc8
R
P 0x7f2a7c191628
C 342
R
P 0x7f2a7c191628
P 0x7f2a7c19bfc8
C 258
R
P 0x7f2a7c191628
C 342
R
P 0x7f2a7c191628
P 0x7f2a7c19bfc8
C 9
R
P 0x7f2a7c191628
C 342
R
P 0x7f2a7c191628
P 0x7f2a7c19c028
P 0x7f2a7c19bfc8
C 56
= 0x7f2a7c2cd490
R
P 0x7f2a7c191628
C 342
R
P 0x7f2a7c191628
P 0x7f2a7c2cd490
C 258
R
P 0x7f2a7c191628
C 342
R
P 0x7f2a7c191628
P 0x7f2a7c2cd490
C 9
R
P 0x7f2a7c191628
C 342
R
P 0x7f2a7c191628
P 0x7f2a7c2cd490
C 58
= 0x7f2a7c19e998
R
P 0x7f2a7c191628
C 342
R
P 0x7f2a7c191628
P 0x7f2a7c19e998
C 258
R
P 0x7f2a7c191628
C 342
R
P 0x7f2a7c191628
P 0x7f2a7c19e998
C 9
R
P 0x7f2a7c191628
C 342
R
P 0x7f2a7c191628
I 4
P 0x7f2a7c19b208
C 150
= 0x7f2a7c19c028
R
P 0x7f2a7c191628
C 342
R
P 0x7f2a7c191628
P 0x7f2a7c19c028
C 258
R
P 0x7f2a7c191628
C 342
R
P 0x7f2a7c191628
P 0x7f2a7c19c028
C 9
R
P 0x7f2a7c191628
C 342
R
P 0x7f2a7c191628
P 0x7f2a7c19c028
C 263
R
P 0x7f2a7c191628
C 342
R
P 0x7f2a7c191628
S "slot4Start"
C 30
R
P 0x7f2a7c191628
C 342
R
P 0x7f2a7c191628
$ |slot4Start|
C 202
R
P 0x7f2a7c191628
C 342
R
P 0x7f2a7c191628
$ |slot4Start|
P 0x7f2a7c19b1e8
C 51
= 0x7f2a7c19c048
R
P 0x7f2a7c191628
C 342
R
P 0x7f2a7c191628
P 0x7f2a7c19c048
C 257
R
P 0x7f2a7c191628
C 342
R
P 0x7f2a7c191628
P 0x7f2a7c19c048
C 254
= 0x7f2a7c19b1e8
R
P 0x7f2a7c191628
C 342
R
P 0x7f2a7c191628
P 0x7f2a7c19b1e8
C 209
R
P 0x7f2a7c191628
C 342
R
P 0x7f2a7c191628
P 0x7f2a7c19c048
C 260
R
P 0x7f2a7c191628
C 342
R
P 0x7f2a7c191628
P 0x7f2a7c19c048
C 259
R
P 0x7f2a7c191628
C 342
R
P 0x7f2a7c191628
P 0x7f2a7c19c048
C 258
R
P 0x7f2a7c191628
C 342
R
P 0x7f2a7c191628
P 0x7f2a7c19c048
C 9
R
P 0x7f2a7c191628
C 342
R
P 0x7f2a7c191628
I 3
P 0x7f2a7c19b208
C 150
= 0x7f2a7c19bfc8
R
P 0x7f2a7c191628
C 342
R
P 0x7f2a7c191628
P 0x7f2a7c19bfc8
C 258
R
P 0x7f2a7c191628
C 342
R
P 0x7f2a7c191628
P 0x7f2a7c19bfc8
C 9
R
P 0x7f2a7c191628
C 342
R
P 0x7f2a7c191628
P 0x7f2a7c19bfc8
C 263
R
P 0x7f2a7c191628
C 342
R
P 0x7f2a7c191628
S "slot3Start"
C 30
R
P 0x7f2a7c191628
C 342
R
P 0x7f2a7c191628
$ |slot3Start|
C 202
R
P 0x7f2a7c191628
C 342
R
P 0x7f2a7c191628
$ |slot3Start|
P 0x7f2a7c19b1e8
C 51
= 0x7f2a7c19bfe8
R
P 0x7f2a7c191628
C 342
R
P 0x7f2a7c191628
P 0x7f2a7c19bfe8
C 257
R
P 0x7f2a7c191628
C 342
R
P 0x7f2a7c191628
P 0x7f2a7c19bfe8
C 254
= 0x7f2a7c19b1e8
R
P 0x7f2a7c191628
C 342
R
P 0x7f2a7c191628
P 0x7f2a7c19b1e8
C 209
R
P 0x7f2a7c191628
C 342
R
P 0x7f2a7c191628
P 0x7f2a7c19bfe8
C 260
R
P 0x7f2a7c191628
C 342
R
P 0x7f2a7c191628
P 0x7f2a7c19bfe8
C 259
R
P 0x7f2a7c191628
C 342
R
P 0x7f2a7c191628
P 0x7f2a7c19bfe8
C 258
R
P 0x7f2a7c191628
C 342
R
P 0x7f2a7c191628
P 0x7f2a7c19bfe8
C 9
R
P 0x7f2a7c191628
C 342
R
P 0x7f2a7c191628
P 0x7f2a7c19c048
P 0x7f2a7c19bfe8
C 76
= 0x7f2a7c2cd4c8
R
P 0x7f2a7c191628
C 342
R
P 0x7f2a7c191628
P 0x7f2a7c2cd4c8
C 258
R
P 0x7f2a7c191628
C 342
R
P 0x7f2a7c191628
P 0x7f2a7c2cd4c8
C 9
R
P 0x7f2a7c191628
C 342
R
P 0x7f2a7c191628
I 4
P 0x7f2a7c19b208
C 150
= 0x7f2a7c19c028
R
P 0x7f2a7c191628
C 342
R
P 0x7f2a7c191628
P 0x7f2a7c19c028
C 258
R
P 0x7f2a7c191628
C 342
R
P 0x7f2a7c191628
P 0x7f2a7c19c028
C 9
R
P 0x7f2a7c191628
C 342
R
P 0x7f2a7c191628
P 0x7f2a7c19c028
C 263
R
P 0x7f2a7c191628
C 342
R
P 0x7f2a7c191628
S "slot4Start"
C 30
R
P 0x7f2a7c191628
C 342
R
P 0x7f2a7c191628
$ |slot4Start|
C 202
R
P 0x7f2a7c191628
C 342
R
P 0x7f2a7c191628
$ |slot4Start|
P 0x7f2a7c19b1e8
C 51
= 0x7f2a7c19c048
R
P 0x7f2a7c191628
C 342
R
P 0x7f2a7c191628
P 0x7f2a7c19c048
C 257
R
P 0x7f2a7c191628
C 342
R
P 0x7f2a7c191628
P 0x7f2a7c19c048
C 254
= 0x7f2a7c19b1e8
R
P 0x7f2a7c191628
C 342
R
P 0x7f2a7c191628
P 0x7f2a7c19b1e8
C 209
R
P 0x7f2a7c191628
C 342
R
P 0x7f2a7c191628
P 0x7f2a7c19c048
C 260
R
P 0x7f2a7c191628
C 342
R
P 0x7f2a7c191628
P 0x7f2a7c19c048
C 259
R
P 0x7f2a7c191628
C 342
R
P 0x7f2a7c191628
P 0x7f2a7c19c048
C 258
R
P 0x7f2a7c191628
C 342
R
P 0x7f2a7c191628
P 0x7f2a7c19c048
C 9
R
P 0x7f2a7c191628
C 342
R
P 0x7f2a7c191628
I 3
P 0x7f2a7c19b208
C 150
= 0x7f2a7c19bfc8
R
P 0x7f2a7c191628
C 342
R
P 0x7f2a7c191628
P 0x7f2a7c19bfc8
C 258
R
P 0x7f2a7c191628
C 342
R
P 0x7f2a7c191628
P 0x7f2a7c19bfc8
C 9
R
P 0x7f2a7c191628
C 342
R
P 0x7f2a7c191628
P 0x7f2a7c19bfc8
C 263
R
P 0x7f2a7c191628
C 342
R
P 0x7f2a7c191628
S "slot3Start"
C 30
R
P 0x7f2a7c191628
C 342
R
P 0x7f2a7c191628
$ |slot3Start|
C 202
R
P 0x7f2a7c191628
C 342
R
P 0x7f2a7c191628
$ |slot3Start|
P 0x7f2a7c19b1e8
C 51
= 0x7f2a7c19bfe8
R
P 0x7f2a7c191628
C 342
R
P 0x7f2a7c191628
P 0x7f2a7c19bfe8
C 257
R
P 0x7f2a7c191628
C 342
R
P 0x7f2a7c191628
P 0x7f2a7c19bfe8
C 254
= 0x7f2a7c19b1e8
R
P 0x7f2a7c191628
C 342
R
P 0x7f2a7c191628
P 0x7f2a7c19b1e8
C 209
R
P 0x7f2a7c191628
C 342
R
P 0x7f2a7c191628
P 0x7f2a7c19bfe8
C 260
R
P 0x7f2a7c191628
C 342
R
P 0x7f2a7c191628
P 0x7f2a7c19bfe8
C 259
R
P 0x7f2a7c191628
C 342
R
P 0x7f2a7c191628
P 0x7f2a7c19bfe8
C 258
R
P 0x7f2a7c191628
C 342
R
P 0x7f2a7c191628
P 0x7f2a7c19bfe8
C 9
R
P 0x7f2a7c191628
C 342
R
P 0x7f2a7c191628
I 3
P 0x7f2a7c19b208
C 150
= 0x7f2a7c19bfc8
R
P 0x7f2a7c191628
C 342
R
P 0x7f2a7c191628
P 0x7f2a7c19bfc8
C 258
R
P 0x7f2a7c191628
C 342
R
P 0x7f2a7c191628
P 0x7f2a7c19bfc8
C 9
R
P 0x7f2a7c191628
C 342
R
P 0x7f2a7c191628
P 0x7f2a7c19bfc8
C 263
R
P 0x7f2a7c191628
C 342
R
P 0x7f2a7c191628
S "slot3Duration"
C 30
R
P 0x7f2a7c191628
C 342
R
P 0x7f2a7c191628
$ |slot3Duration|
C 202
R
P 0x7f2a7c191628
C 342
R
P 0x7f2a7c191628
$ |slot3Duration|
P 0x7f2a7c19b1e8
C 51
= 0x7f2a7c19c008
R
P 0x7f2a7c191628
C 342
R
P 0x7f2a7c191628
P 0x7f2a7c19c008
C 257
R
P 0x7f2a7c191628
C 342
R
P 0x7f2a7c191628
P 0x7f2a7c19c008
C 254
= 0x7f2a7c19b1e8
R
P 0x7f2a7c191628
C 342
R
P 0x7f2a7c191628
P 0x7f2a7c19b1e8
C 209
R
P 0x7f2a7c191628
C 342
R
P 0x7f2a7c191628
P 0x7f2a7c19c008
C 260
R
P 0x7f2a7c191628
C 342
R
P 0x7f2a7c191628
P 0x7f2a7c19c008
C 259
R
P 0x7f2a7c191628
C 342
R
P 0x7f2a7c191628
P 0x7f2a7c19c008
C 258
R
P 0x7f2a7c191628
C 342
R
P 0x7f2a7c191628
P 0x7f2a7c19c008
C 9
R
P 0x7f2a7c191628
C 342
R
P 0x7f2a7c191628
U 2
P 0x7f2a7c19bfe8
P 0x7f2a7c19c008
p 2
C 65
= 0x7f2a7c1a1f58
R
P 0x7f2a7c191628
C 342
R
P 0x7f2a7c191628
P 0x7f2a7c1a1f58
C 257
R
P 0x7f2a7c191628
C 342
R
P 0x7f2a7c191628
P 0x7f2a7c1a1f58
C 254
= 0x7f2a7c19b1e8
R
P 0x7f2a7c191628
C 342
R
P 0x7f2a7c191628
P 0x7f2a7c19b1e8
C 209
R
P 0x7f2a7c191628
C 342
R
P 0x7f2a7c191628
P 0x7f2a7c1a1f58
C 260
R
P 0x7f2a7c191628
C 342
R
P 0x7f2a7c191628
P 0x7f2a7c1a1f58
C 259
R
P 0x7f2a7c191628
C 342
R
P 0x7f2a7c191628
P 0x7f2a7c1a1f58
C 258
R
P 0x7f2a7c191628
C 342
R
P 0x7f2a7c191628
P 0x7f2a7c1a1f58
C 9
R
P 0x7f2a7c191628
C 342
R
P 0x7f2a7c191628
P 0x7f2a7c19c048
P 0x7f2a7c1a1f58
C 74
= 0x7f2a7c2ccce8
R
P 0x7f2a7c191628
C 342
R
P 0x7f2a7c191628
P 0x7f2a7c2ccce8
C 258
R
P 0x7f2a7c191628
C 342
R
P 0x7f2a7c191628
P 0x7f2a7c2ccce8
C 9
R
P 0x7f2a7c191628
C 342
R
P 0x7f2a7c191628
U 2
P 0x7f2a7c2cd4c8
P 0x7f2a7c2ccce8
p 2
C 63
= 0x7f2a7c478238
R
P 0x7f2a7c191628
C 342
R
P 0x7f2a7c191628
P 0x7f2a7c478238
C 258
R
P 0x7f2a7c191628
C 342
R
P 0x7f2a7c191628
P 0x7f2a7c478238
C 9
R
P 0x7f2a7c191628
C 342
R
P 0x7f2a7c191628
P 0x7f2a7c478238
C 58
= 0x7f2a7c19e9c8
R
P 0x7f2a7c191628
C 342
R
P 0x7f2a7c191628
P 0x7f2a7c19e9c8
C 258
R
P 0x7f2a7c191628
C 342
R
P 0x7f2a7c191628
P 0x7f2a7c19e9c8
C 9
R
P 0x7f2a7c191628
C 342
R
P 0x7f2a7c191628
P 0x7f2a7c19e998
P 0x7f2a7c19e9c8
C 61
= 0x7f2a7c478270
R
P 0x7f2a7c191628
C 342
R
P 0x7f2a7c191628
P 0x7f2a7c478270
C 258
R
P 0x7f2a7c191628
C 342
R
P 0x7f2a7c191628
P 0x7f2a7c478270
C 9
R
P 0x7f2a7c191628
C 342
R
P 0x7f2a7c191628
P 0x7f2a7c1e1fc8
P 0x7f2a7c478270
C 427
R
P 0x7f2a7c191628
C 342
R
P 0x7f2a7c191628
I 4
P 0x7f2a7c19b208
C 150
= 0x7f2a7c19c028
R
P 0x7f2a7c191628
C 342
R
P 0x7f2a7c191628
P 0x7f2a7c19c028
C 258
R
P 0x7f2a7c191628
C 342
R
P 0x7f2a7c191628
P 0x7f2a7c19c028
C 9
R
P 0x7f2a7c191628
C 342
R
P 0x7f2a7c191628
I 4
P 0x7f2a7c19b208
C 150
= 0x7f2a7c19c028
R
P 0x7f2a7c191628
C 342
R
P 0x7f2a7c191628
P 0x7f2a7c19c028
C 258
R
P 0x7f2a7c191628
C 342
R
P 0x7f2a7c191628
P 0x7f2a7c19c028
C 9
R
P 0x7f2a7c191628
C 342
R
P 0x7f2a7c191628
P 0x7f2a7c19c028
P 0x7f2a7c19c028
C 56
= 0x7f2a7c4782a8
R
P 0x7f2a7c191628
C 342
R
P 0x7f2a7c191628
P 0x7f2a7c4782a8
C 258
R
P 0x7f2a7c191628
C 342
R
P 0x7f2a7c191628
P 0x7f2a7c4782a8
C 9
R
P 0x7f2a7c191628
C 342
R
P 0x7f2a7c191628
P 0x7f2a7c4782a8
C 58
= 0x7f2a7c19e9f8
R
P 0x7f2a7c191628
C 342
R
P 0x7f2a7c191628
P 0x7f2a7c19e9f8
C 258
R
P 0x7f2a7c191628
C 342
R
P 0x7f2a7c191628
P 0x7f2a7c19e9f8
C 9
R
P 0x7f2a7c191628
C 342
R
P 0x7f2a7c191628
I 4
P 0x7f2a7c19b208
C 150
= 0x7f2a7c19c028
R
P 0x7f2a7c191628
C 342
R
P 0x7f2a7c191628
P 0x7f2a7c19c028
C 258
R
P 0x7f2a7c191628
C 342
R
P 0x7f2a7c191628
P 0x7f2a7c19c028
C 9
R
P 0x7f2a7c191628
C 342
R
P 0x7f2a7c191628
P 0x7f2a7c19c028
C 263
R
P 0x7f2a7c191628
C 342
R
P 0x7f2a7c191628
S "slot4Start"
C 30
R
P 0x7f2a7c191628
C 342
R
P 0x7f2a7c191628
$ |slot4Start|
C 202
R
P 0x7f2a7c191628
C 342
R
P 0x7f2a7c191628
$ |slot4Start|
P 0x7f2a7c19b1e8
C 51
= 0x7f2a7c19c048
R
P 0x7f2a7c191628
C 342
R
P 0x7f2a7c191628
P 0x7f2a7c19c048
C 257
R
P 0x7f2a7c191628
C 342
R
P 0x7f2a7c191628
P 0x7f2a7c19c048
C 254
= 0x7f2a7c19b1e8
R
P 0x7f2a7c191628
C 342
R
P 0x7f2a7c191628
P 0x7f2a7c19b1e8
C 209
R
P 0x7f2a7c191628
C 342
R
P 0x7f2a7c191628
P 0x7f2a7c19c048
C 260
R
P 0x7f2a7c191628
C 342
R
P 0x7f2a7c191628
P 0x7f2a7c19c048
C 259
R
P 0x7f2a7c191628
C 342
R
P 0x7f2a7c191628
P 0x7f2a7c19c048
C 258
R
P 0x7f2a7c191628
C 342
R
P 0x7f2a7c191628
P 0x7f2a7c19c048
C 9
R
P 0x7f2a7c191628
C 342
R
P 0x7f2a7c191628
I 4
P 0x7f2a7c19b208
C 150
= 0x7f2a7c19c028
R
P 0x7f2a7c191628
C 342
R
P 0x7f2a7c191628
P 0x7f2a7c19c028
C 258
R
P 0x7f2a7c191628
C 342
R
P 0x7f2a7c191628
P 0x7f2a7c19c028
C 9
R
P 0x7f2a7c191628
C 342
R
P 0x7f2a7c191628
P 0x7f2a7c19c028
C 263
R
P 0x7f2a7c191628
C 342
R
P 0x7f2a7c191628
S "slot4Start"
C 30
R
P 0x7f2a7c191628
C 342
R
P 0x7f2a7c191628
$ |slot4Start|
C 202
R
P 0x7f2a7c191628
C 342
R
P 0x7f2a7c191628
$ |slot4Start|
P 0x7f2a7c19b1e8
C 51
= 0x7f2a7c19c048
R
P 0x7f2a7c191628
C 342
R
P 0x7f2a7c191628
P 0x7f2a7c19c048
C 257
R
P 0x7f2a7c191628
C 342
R
P 0x7f2a7c191628
P 0x7f2a7c19c048
C 254
= 0x7f2a7c19b1e8
R
P 0x7f2a7c191628
C 342
R
P 0x7f2a7c191628
P 0x7f2a7c19b1e8
C 209
R
P 0x7f2a7c191628
C 342
R
P 0x7f2a7c191628
P 0x7f2a7c19c048
C 260
R
P 0x7f2a7c191628
C 342
R
P 0x7f2a7c191628
P 0x7f2a7c19c048
C 259
R
P 0x7f2a7c191628
C 342
R
P 0x7f2a7c191628
P 0x7f2a7c19c048
C 258
R
P 0x7f2a7c191628
C 342
R
P 0x7f2a7c191628
P 0x7f2a7c19c048
C 9
R
P 0x7f2a7c191628
C 342
R
P 0x7f2a7c191628
P 0x7f2a7c19c048
P 0x7f2a7c19c048
C 76
= 0x7f2a7c4782e0
R
P 0x7f2a7c191628
C 342
R
P 0x7f2a7c191628
P 0x7f2a7c4782e0
C 258
R
P 0x7f2a7c191628
C 342
R
P 0x7f2a7c191628
P 0x7f2a7c4782e0
C 9
R
P 0x7f2a7c191628
C 342
R
P 0x7f2a7c191628
I 4
P 0x7f2a7c19b208
C 150
= 0x7f2a7c19c028
R
P 0x7f2a7c191628
C 342
R
P 0x7f2a7c191628
P 0x7f2a7c19c028
C 258
R
P 0x7f2a7c191628
C 342
R
P 0x7f2a7c191628
P 0x7f2a7c19c028
C 9
R
P 0x7f2a7c191628
C 342
R
P 0x7f2a7c191628
P 0x7f2a7c19c028
C 263
R
P 0x7f2a7c191628
C 342
R
P 0x7f2a7c191628
S "slot4Start"
C 30
R
P 0x7f2a7c191628
C 342
R
P 0x7f2a7c191628
$ |slot4Start|
C 202
R
P 0x7f2a7c191628
C 342
R
P 0x7f2a7c191628
$ |slot4Start|
P 0x7f2a7c19b1e8
C 51
= 0x7f2a7c19c048
R
P 0x7f2a7c191628
C 342
R
P 0x7f2a7c191628
P 0x7f2a7c19c048
C 257
R
P 0x7f2a7c191628
C 342
R
P 0x7f2a7c191628
P 0x7f2a7c19c048
C 254
= 0x7f2a7c19b1e8
R
P 0x7f2a7c191628
C 342
R
P 0x7f2a7c191628
P 0x7f2a7c19b1e8
C 209
R
P 0x7f2a7c191628
C 342
R
P 0x7f2a7c191628
P 0x7f2a7c19c048
C 260
R
P 0x7f2a7c191628
C 342
R
P 0x7f2a7c191628
P 0x7f2a7c19c048
C 259
R
P 0x7f2a7c191628
C 342
R
P 0x7f2a7c191628
P 0x7f2a7c19c048
C 258
R
P 0x7f2a7c191628
C 342
R
P 0x7f2a7c191628
P 0x7f2a7c19c048
C 9
R
P 0x7f2a7c191628
C 342
R
P 0x7f2a7c191628
I 4
P 0x7f2a7c19b208
C 150
= 0x7f2a7c19c028
R
P 0x7f2a7c191628
C 342
R
P 0x7f2a7c191628
P 0x7f2a7c19c028
C 258
R
P 0x7f2a7c191628
C 342
R
P 0x7f2a7c191628
P 0x7f2a7c19c028
C 9
R
P 0x7f2a7c191628
C 342
R
P 0x7f2a7c191628
P 0x7f2a7c19c028
C 263
R
P 0x7f2a7c191628
C 342
R
P 0x7f2a7c191628
S "slot4Start"
C 30
R
P 0x7f2a7c191628
C 342
R
P 0x7f2a7c191628
$ |slot4Start|
C 202
R
P 0x7f2a7c191628
C 342
R
P 0x7f2a7c191628
$ |slot4Start|
P 0x7f2a7c19b1e8
C 51
= 0x7f2a7c19c048
R
P 0x7f2a7c191628
C 342
R
P 0x7f2a7c191628
P 0x7f2a7c19c048
C 257
R
P 0x7f2a7c191628
C 342
R
P 0x7f2a7c191628
P 0x7f2a7c19c048
C 254
= 0x7f2a7c19b1e8
R
P 0x7f2a7c191628
C 342
R
P 0x7f2a7c191628
P 0x7f2a7c19b1e8
C 209
R
P 0x7f2a7c191628
C 342
R
P 0x7f2a7c191628
P 0x7f2a7c19c048
C 260
R
P 0x7f2a7c191628
C 342
R
P 0x7f2a7c191628
P 0x7f2a7c19c048
C 259
R
P 0x7f2a7c191628
C 342
R
P 0x7f2a7c191628
P 0x7f2a7c19c048
C 258
R
P 0x7f2a7c191628
C 342
R
P 0x7f2a7c191628
P 0x7f2a7c19c048
C 9
R
P 0x7f2a7c191628
C 342
R
P 0x7f2a7c191628
I 4
P 0x7f2a7c19b208
C 150
= 0x7f2a7c19c028
R
P 0x7f2a7c191628
C 342
R
P 0x7f2a7c191628
P 0x7f2a7c19c028
C 258
R
P 0x7f2a7c191628
C 342
R
P 0x7f2a7c191628
P 0x7f2a7c19c028
C 9
R
P 0x7f2a7c191628
C 342
R
P 0x7f2a7c191628
P 0x7f2a7c19c028
C 263
R
P 0x7f2a7c191628
C 342
R
P 0x7f2a7c191628
S "slot4Duration"
C 30
R
P 0x7f2a7c191628
C 342
R
P 0x7f2a7c191628
$ |slot4Duration|
C 202
R
P 0x7f2a7c191628
C 342
R
P 0x7f2a7c191628
$ |slot4Duration|
P 0x7f2a7c19b1e8
C 51
= 0x7f2a7c19c068
R
P 0x7f2a7c191628
C 342
R
P 0x7f2a7c191628
P 0x7f2a7c19c068
C 257
R
P 0x7f2a7c191628
C 342
R
P 0x7f2a7c191628
P 0x7f2a7c19c068
C 254
= 0x7f2a7c19b1e8
R
P 0x7f2a7c191628
C 342
R
P 0x7f2a7c191628
P 0x7f2a7c19b1e8
C 209
R
P 0x7f2a7c191628
C 342
R
P 0x7f2a7c191628
P 0x7f2a7c19c068
C 260
R
P 0x7f2a7c191628
C 342
R
P 0x7f2a7c191628
P 0x7f2a7c19c068
C 259
R
P 0x7f2a7c191628
C 342
R
P 0x7f2a7c191628
P 0x7f2a7c19c068
C 258
R
P 0x7f2a7c191628
C 342
R
P 0x7f2a7c191628
P 0x7f2a7c19c068
C 9
R
P 0x7f2a7c191628
C 342
R
P 0x7f2a7c191628
U 2
P 0x7f2a7c19c048
P 0x7f2a7c19c068
p 2
C 65
= 0x7f2a7c1a20a8
R
P 0x7f2a7c191628
C 342
R
P 0x7f2a7c191628
P 0x7f2a7c1a20a8
C 257
R
P 0x7f2a7c191628
C 342
R
P 0x7f2a7c191628
P 0x7f2a7c1a20a8
C 254
= 0x7f2a7c19b1e8
R
P 0x7f2a7c191628
C 342
R
P 0x7f2a7c191628
P 0x7f2a7c19b1e8
C 209
R
P 0x7f2a7c191628
C 342
R
P 0x7f2a7c191628
P 0x7f2a7c1a20a8
C 260
R
P 0x7f2a7c191628
C 342
R
P 0x7f2a7c191628
P 0x7f2a7c1a20a8
C 259
R
P 0x7f2a7c191628
C 342
R
P 0x7f2a7c191628
P 0x7f2a7c1a20a8
C 258
R
P 0x7f2a7c191628
C 342
R
P 0x7f2a7c191628
P 0x7f2a7c1a20a8
C 9
R
P 0x7f2a7c191628
C 342
R
P 0x7f2a7c191628
P 0x7f2a7c19c048
P 0x7f2a7c1a20a8
C 74
= 0x7f2a7c478318
R
P 0x7f2a7c191628
C 342
R
P 0x7f2a7c191628
P 0x7f2a7c478318
C 258
R
P 0x7f2a7c191628
C 342
R
P 0x7f2a7c191628
P 0x7f2a7c478318
C 9
R
P 0x7f2a7c191628
C 342
R
P 0x7f2a7c191628
U 2
P 0x7f2a7c4782e0
P 0x7f2a7c478318
p 2
C 63
= 0x7f2a7c478350
R
P 0x7f2a7c191628
C 342
R
P 0x7f2a7c191628
P 0x7f2a7c478350
C 258
R
P 0x7f2a7c191628
C 342
R
P 0x7f2a7c191628
P 0x7f2a7c478350
C 9
R
P 0x7f2a7c191628
C 342
R
P 0x7f2a7c191628
P 0x7f2a7c478350
C 58
= 0x7f2a7c19ea28
R
P 0x7f2a7c191628
C 342
R
P 0x7f2a7c191628
P 0x7f2a7c19ea28
C 258
R
P 0x7f2a7c191628
C 342
R
P 0x7f2a7c191628
P 0x7f2a7c19ea28
C 9
R
P 0x7f2a7c191628
C 342
R
P 0x7f2a7c191628
P 0x7f2a7c19e9f8
P 0x7f2a7c19ea28
C 61
= 0x7f2a7c478388
R
P 0x7f2a7c191628
C 342
R
P 0x7f2a7c191628
P 0x7f2a7c478388
C 258
R
P 0x7f2a7c191628
C 342
R
P 0x7f2a7c191628
P 0x7f2a7c478388
C 9
R
P 0x7f2a7c191628
C 342
R
P 0x7f2a7c191628
P 0x7f2a7c1e1fc8
P 0x7f2a7c478388
C 427
R
P 0x7f2a7c191628
C 342
R
P 0x7f2a7c191628
I 4
P 0x7f2a7c19b208
C 150
= 0x7f2a7c19c028
R
P 0x7f2a7c191628
C 342
R
P 0x7f2a7c191628
P 0x7f2a7c19c028
C 258
R
P 0x7f2a7c191628
C 342
R
P 0x7f2a7c191628
P 0x7f2a7c19c028
C 9
R
P 0x7f2a7c191628
C 342
R
P 0x7f2a7c191628
I 5
P 0x7f2a7c19b208
C 150
= 0x7f2a7c19c088
R
P 0x7f2a7c191628
C 342
R
P 0x7f2a7c191628
P 0x7f2a7c19c088
C 258
R
P 0x7f2a7c191628
C 342
R
P 0x7f2a7c191628
P 0x7f2a7c19c088
C 9
R
P 0x7f2a7c191628
C 342
R
P 0x7f2a7c191628
P 0x7f2a7c19c028
P 0x7f2a7c19c088
C 56
= 0x7f2a7c4783c0
R
P 0x7f2a7c191628
C 342
R
P 0x7f2a7c191628
P 0x7f2a7c4783c0
C 258
R
P 0x7f2a7c191628
C 342
R
P 0x7f2a7c191628
P 0x7f2a7c4783c0
C 9
R
P 0x7f2a7c191628
C 342
R
P 0x7f2a7c191628
P 0x7f2a7c4783c0
C 58
= 0x7f2a7c19ea58
R
P 0x7f2a7c191628
C 342
R
P 0x7f2a7c191628
P 0x7f2a7c19ea58
C 258
R
P 0x7f2a7c191628
C 342
R
P 0x7f2a7c191628
P 0x7f2a7c19ea58
C 9
R
P 0x7f2a7c191628
C 342
R
P 0x7f2a7c191628
I 4
P 0x7f2a7c19b208
C 150
= 0x7f2a7c19c028
R
P 0x7f2a7c191628
C 342
R
P 0x7f2a7c191628
P 0x7f2a7c19c028
C 258
R
P 0x7f2a7c191628
C 342
R
P 0x7f2a7c191628
P 0x7f2a7c19c028
C 9
R
P 0x7f2a7c191628
C 342
R
P 0x7f2a7c191628
P 0x7f2a7c19c028
C 263
R
P 0x7f2a7c191628
C 342
R
P 0x7f2a7c191628
S "slot4Start"
C 30
R
P 0x7f2a7c191628
C 342
R
P 0x7f2a7c191628
$ |slot4Start|
C 202
R
P 0x7f2a7c191628
C 342
R
P 0x7f2a7c191628
$ |slot4Start|
P 0x7f2a7c19b1e8
C 51
= 0x7f2a7c19c048
R
P 0x7f2a7c191628
C 342
R
P 0x7f2a7c191628
P 0x7f2a7c19c048
C 257
R
P 0x7f2a7c191628
C 342
R
P 0x7f2a7c191628
P 0x7f2a7c19c048
C 254
= 0x7f2a7c19b1e8
R
P 0x7f2a7c191628
C 342
R
P 0x7f2a7c191628
P 0x7f2a7c19b1e8
C 209
R
P 0x7f2a7c191628
C 342
R
P 0x7f2a7c191628
P 0x7f2a7c19c048
C 260
R
P 0x7f2a7c191628
C 342
R
P 0x7f2a7c191628
P 0x7f2a7c19c048
C 259
R
P 0x7f2a7c191628
C 342
R
P 0x7f2a7c191628
P 0x7f2a7c19c048
C 258
R
P 0x7f2a7c191628
C 342
R
P 0x7f2a7c191628
P 0x7f2a7c19c048
C 9
R
P 0x7f2a7c191628
C 342
R
P 0x7f2a7c191628
I 5
P 0x7f2a7c19b208
C 150
= 0x7f2a7c19c088
R
P 0x7f2a7c191628
C 342
R
P 0x7f2a7c191628
P 0x7f2a7c19c088
C 258
R
P 0x7f2a7c191628
C 342
R
P 0x7f2a7c191628
P 0x7f2a7c19c088
C 9
R
P 0x7f2a7c191628
C 342
R
P 0x7f2a7c191628
P 0x7f2a7c19c088
C 263
R
P 0x7f2a7c191628
C 342
R
P 0x7f2a7c191628
S "slot5Start"
C 30
R
P 0x7f2a7c191628
C 342
R
P 0x7f2a7c191628
$ |slot5Start|
C 202
R
P 0x7f2a7c191628
C 342
R
P 0x7f2a7c191628
$ |slot5Start|
P 0x7f2a7c19b1e8
C 51
= 0x7f2a7c19c0a8
R
P 0x7f2a7c191628
C 342
R
P 0x7f2a7c191628
P 0x7f2a7c19c0a8
C 257
R
P 0x7f2a7c191628
C 342
R
P 0x7f2a7c191628
P 0x7f2a7c19c0a8
C 254
= 0x7f2a7c19b1e8
R
P 0x7f2a7c191628
C 342
R
P 0x7f2a7c191628
P 0x7f2a7c19b1e8
C 209
R
P 0x7f2a7c191628
C 342
R
P 0x7f2a7c191628
P 0x7f2a7c19c0a8
C 260
R
P 0x7f2a7c191628
C 342
R
P 0x7f2a7c191628
P 0x7f2a7c19c0a8
C 259
R
P 0x7f2a7c191628
C 342
R
P 0x7f2a7c191628
P 0x7f2a7c19c0a8
C 258
R
P 0x7f2a7c191628
C 342
R
P 0x7f2a7c191628
P 0x7f2a7c19c0a8
C 9
R
P 0x7f2a7c191628
C 342
R
P 0x7f2a7c191628
P 0x7f2a7c19c048
P 0x7f2a7c19c0a8
C 76
= 0x7f2a7c4783f8
R
P 0x7f2a7c191628
C 342
R
P 0x7f2a7c191628
P 0x7f2a7c4783f8
C 258
R
P 0x7f2a7c191628
C 342
R
P 0x7f2a7c191628
P 0x7f2a7c4783f8
C 9
R
P 0x7f2a7c191628
C 342
R
P 0x7f2a7c191628
I 4
P 0x7f2a7c19b208
C 150
= 0x7f2a7c19c028
R
P 0x7f2a7c191628
C 342
R
P 0x7f2a7c191628
P 0x7f2a7c19c028
C 258
R
P 0x7f2a7c191628
C 342
R
P 0x7f2a7c191628
P 0x7f2a7c19c028
C 9
R
P 0x7f2a7c191628
C 342
R
P 0x7f2a7c191628
P 0x7f2a7c19c028
C 263
R
P 0x7f2a7c191628
C 342
R
P 0x7f2a7c191628
S "slot4Start"
C 30
R
P 0x7f2a7c191628
C 342
R
P 0x7f2a7c191628
$ |slot4Start|
C 202
R
P 0x7f2a7c191628
C 342
R
P 0x7f2a7c191628
$ |slot4Start|
P 0x7f2a7c19b1e8
C 51
= 0x7f2a7c19c048
R
P 0x7f2a7c191628
C 342
R
P 0x7f2a7c191628
P 0x7f2a7c19c048
C 257
R
P 0x7f2a7c191628
C 342
R
P 0x7f2a7c191628
P 0x7f2a7c19c048
C 254
= 0x7f2a7c19b1e8
R
P 0x7f2a7c191628
C 342
R
P 0x7f2a7c191628
P 0x7f2a7c19b1e8
C 209
R
P 0x7f2a7c191628
C 342
R
P 0x7f2a7c191628
P 0x7f2a7c19c048
C 260
R
P 0x7f2a7c191628
C 342
R
P 0x7f2a7c191628
P 0x7f2a7c19c048
C 259
R
P 0x7f2a7c191628
C 342
R
P 0x7f2a7c191628
P 0x7f2a7c19c048
C 258
R
P 0x7f2a7c191628
C 342
R
P 0x7f2a7c191628
P 0x7f2a7c19c048
C 9
R
P 0x7f2a7c191628
C 342
R
P 0x7f2a7c191628
I 5
P 0x7f2a7c19b208
C 150
= 0x7f2a7c19c088
R
P 0x7f2a7c191628
C 342
R
P 0x7f2a7c191628
P 0x7f2a7c19c088
C 258
R
P 0x7f2a7c191628
C 342
R
P 0x7f2a7c191628
P 0x7f2a7c19c088
C 9
R
P 0x7f2a7c191628
C 342
R
P 0x7f2a7c191628
P 0x7f2a7c19c088
C 263
R
P 0x7f2a7c191628
C 342
R
P 0x7f2a7c191628
S "slot5Start"
C 30
R
P 0x7f2a7c191628
C 342
R
P 0x7f2a7c191628
$ |slot5Start|
C 202
R
P 0x7f2a7c191628
C 342
R
P 0x7f2a7c191628
$ |slot5Start|
P 0x7f2a7c19b1e8
C 51
= 0x7f2a7c19c0a8
R
P 0x7f2a7c191628
C 342
R
P 0x7f2a7c191628
P 0x7f2a7c19c0a8
C 257
R
P 0x7f2a7c191628
C 342
R
P 0x7f2a7c191628
P 0x7f2a7c19c0a8
C 254
= 0x7f2a7c19b1e8
R
P 0x7f2a7c191628
C 342
R
P 0x7f2a7c191628
P 0x7f2a7c19b1e8
C 209
R
P 0x7f2a7c191628
C 342
R
P 0x7f2a7c191628
P 0x7f2a7c19c0a8
C 260
R
P 0x7f2a7c191628
C 342
R
P 0x7f2a7c191628
P 0x7f2a7c19c0a8
C 259
R
P 0x7f2a7c191628
C 342
R
P 0x7f2a7c191628
P 0x7f2a7c19c0a8
C 258
R
P 0x7f2a7c191628
C 342
R
P 0x7f2a7c191628
P 0x7f2a7c19c0a8
C 9
R
P 0x7f2a7c191628
C 342
R
P 0x7f2a7c191628
I 5
P 0x7f2a7c19b208
C 150
= 0x7f2a7c19c088
R
P 0x7f2a7c191628
C 342
R
P 0x7f2a7c191628
P 0x7f2a7c19c088
C 258
R
P 0x7f2a7c191628
C 342
R
P 0x7f2a7c191628
P 0x7f2a7c19c088
C 9
R
P 0x7f2a7c191628
C 342
R
P 0x7f2a7c191628
P 0x7f2a7c19c088
C 263
R
P 0x7f2a7c191628
C 342
R
P 0x7f2a7c191628
S "slot5Duration"
C 30
R
P 0x7f2a7c191628
C 342
R
P 0x7f2a7c191628
$ |slot5Duration|
C 202
R
P 0x7f2a7c191628
C 342
R
P 0x7f2a7c191628
$ |slot5Duration|
P 0x7f2a7c19b1e8
C 51
= 0x7f2a7c19c0c8
R
P 0x7f2a7c191628
C 342
R
P 0x7f2a7c191628
P 0x7f2a7c19c0c8
C 257
R
P 0x7f2a7c191628
C 342
R
P 0x7f2a7c191628
P 0x7f2a7c19c0c8
C 254
= 0x7f2a7c19b1e8
R
P 0x7f2a7c191628
C 342
R
P 0x7f2a7c191628
P 0x7f2a7c19b1e8
C 209
R
P 0x7f2a7c191628
C 342
R
P 0x7f2a7c191628
P 0x7f2a7c19c0c8
C 260
R
P 0x7f2a7c191628
C 342
R
P 0x7f2a7c191628
P 0x7f2a7c19c0c8
C 259
R
P 0x7f2a7c191628
C 342
R
P 0x7f2a7c191628
P 0x7f2a7c19c0c8
C 258
R
P 0x7f2a7c191628
C 342
R
P 0x7f2a7c191628
P 0x7f2a7c19c0c8
C 9
R
P 0x7f2a7c191628
C 342
R
P 0x7f2a7c191628
U 2
P 0x7f2a7c19c0a8
P 0x7f2a7c19c0c8
p 2
C 65
= 0x7f2a7c1a21f8
R
P 0x7f2a7c191628
C 342
R
P 0x7f2a7c191628
P 0x7f2a7c1a21f8
C 257
R
P 0x7f2a7c191628
C 342
R
P 0x7f2a7c191628
P 0x7f2a7c1a21f8
C 254
= 0x7f2a7c19b1e8
R
P 0x7f2a7c191628
C 342
R
P 0x7f2a7c191628
P 0x7f2a7c19b1e8
C 209
R
P 0x7f2a7c191628
C 342
R
P 0x7f2a7c191628
P 0x7f2a7c1a21f8
C 260
R
P 0x7f2a7c191628
C 342
R
P 0x7f2a7c191628
P 0x7f2a7c1a21f8
C 259
R
P 0x7f2a7c191628
C 342
R
P 0x7f2a7c191628
P 0x7f2a7c1a21f8
C 258
R
P 0x7f2a7c191628
C 342
R
P 0x7f2a7c191628
P 0x7f2a7c1a21f8
C 9
R
P 0x7f2a7c191628
C 342
R
P 0x7f2a7c191628
P 0x7f2a7c19c048
P 0x7f2a7c1a21f8
C 74
= 0x7f2a7c478430
R
P 0x7f2a7c191628
C 342
R
P 0x7f2a7c191628
P 0x7f2a7c478430
C 258
R
P 0x7f2a7c191628
C 342
R
P 0x7f2a7c191628
P 0x7f2a7c478430
C 9
R
P 0x7f2a7c191628
C 342
R
P 0x7f2a7c191628
U 2
P 0x7f2a7c4783f8
P 0x7f2a7c478430
p 2
C 63
= 0x7f2a7c478468
R
P 0x7f2a7c191628
C 342
R
P 0x7f2a7c191628
P 0x7f2a7c478468
C 258
R
P 0x7f2a7c191628
C 342
R
P 0x7f2a7c191628
P 0x7f2a7c478468
C 9
R
P 0x7f2a7c191628
C 342
R
P 0x7f2a7c191628
P 0x7f2a7c478468
C 58
= 0x7f2a7c19ea88
R
P 0x7f2a7c191628
C 342
R
P 0x7f2a7c191628
P 0x7f2a7c19ea88
C 258
R
P 0x7f2a7c191628
C 342
R
P 0x7f2a7c191628
P 0x7f2a7c19ea88
C 9
R
P 0x7f2a7c191628
C 342
R
P 0x7f2a7c191628
P 0x7f2a7c19ea58
P 0x7f2a7c19ea88
C 61
= 0x7f2a7c4784a0
R
P 0x7f2a7c191628
C 342
R
P 0x7f2a7c191628
P 0x7f2a7c4784a0
C 258
R
P 0x7f2a7c191628
C 342
R
P 0x7f2a7c191628
P 0x7f2a7c4784a0
C 9
R
P 0x7f2a7c191628
C 342
R
P 0x7f2a7c191628
P 0x7f2a7c1e1fc8
P 0x7f2a7c4784a0
C 427
R
P 0x7f2a7c191628
C 342
R
P 0x7f2a7c191628
I 4
P 0x7f2a7c19b208
C 150
= 0x7f2a7c19c028
R
P 0x7f2a7c191628
C 342
R
P 0x7f2a7c191628
P 0x7f2a7c19c028
C 258
R
P 0x7f2a7c191628
C 342
R
P 0x7f2a7c191628
P 0x7f2a7c19c028
C 9
R
P 0x7f2a7c191628
C 342
R
P 0x7f2a7c191628
I 6
P 0x7f2a7c19b208
C 150
= 0x7f2a7c19c0e8
R
P 0x7f2a7c191628
C 342
R
P 0x7f2a7c191628
P 0x7f2a7c19c0e8
C 258
R
P 0x7f2a7c191628
C 342
R
P 0x7f2a7c191628
P 0x7f2a7c19c0e8
C 9
R
P 0x7f2a7c191628
C 342
R
P 0x7f2a7c191628
P 0x7f2a7c19c028
P 0x7f2a7c19c0e8
C 56
= 0x7f2a7c4784d8
R
P 0x7f2a7c191628
C 342
R
P 0x7f2a7c191628
P 0x7f2a7c4784d8
C 258
R
P 0x7f2a7c191628
C 342
R
P 0x7f2a7c191628
P 0x7f2a7c4784d8
C 9
R
P 0x7f2a7c191628
C 342
R
P 0x7f2a7c191628
P 0x7f2a7c4784d8
C 58
= 0x7f2a7c19eab8
R
P 0x7f2a7c191628
C 342
R
P 0x7f2a7c191628
P 0x7f2a7c19eab8
C 258
R
P 0x7f2a7c191628
C 342
R
P 0x7f2a7c191628
P 0x7f2a7c19eab8
C 9
R
P 0x7f2a7c191628
C 342
R
P 0x7f2a7c191628
I 4
P 0x7f2a7c19b208
C 150
= 0x7f2a7c19c028
R
P 0x7f2a7c191628
C 342
R
P 0x7f2a7c191628
P 0x7f2a7c19c028
C 258
R
P 0x7f2a7c191628
C 342
R
P 0x7f2a7c191628
P 0x7f2a7c19c028
C 9
R
P 0x7f2a7c191628
C 342
R
P 0x7f2a7c191628
P 0x7f2a7c19c028
C 263
R
P 0x7f2a7c191628
C 342
R
P 0x7f2a7c191628
S "slot4Start"
C 30
R
P 0x7f2a7c191628
C 342
R
P 0x7f2a7c191628
$ |slot4Start|
C 202
R
P 0x7f2a7c191628
C 342
R
P 0x7f2a7c191628
$ |slot4Start|
P 0x7f2a7c19b1e8
C 51
= 0x7f2a7c19c048
R
P 0x7f2a7c191628
C 342
R
P 0x7f2a7c191628
P 0x7f2a7c19c048
C 257
R
P 0x7f2a7c191628
C 342
R
P 0x7f2a7c191628
P 0x7f2a7c19c048
C 254
= 0x7f2a7c19b1e8
R
P 0x7f2a7c191628
C 342
R
P 0x7f2a7c191628
P 0x7f2a7c19b1e8
C 209
R
P 0x7f2a7c191628
C 342
R
P 0x7f2a7c191628
P 0x7f2a7c19c048
C 260
R
P 0x7f2a7c191628
C 342
R
P 0x7f2a7c191628
P 0x7f2a7c19c048
C 259
R
P 0x7f2a7c191628
C 342
R
P 0x7f2a7c191628
P 0x7f2a7c19c048
C 258
R
P 0x7f2a7c191628
C 342
R
P 0x7f2a7c191628
P 0x7f2a7c19c048
C 9
R
P 0x7f2a7c191628
C 342
R
P 0x7f2a7c191628
I 6
P 0x7f2a7c19b208
C 150
= 0x7f2a7c19c0e8
R
P 0x7f2a7c191628
C 342
R
P 0x7f2a7c191628
P 0x7f2a7c19c0e8
C 258
R
P 0x7f2a7c191628
C 342
R
P 0x7f2a7c191628
P 0x7f2a7c19c0e8
C 9
R
P 0x7f2a7c191628
C 342
R
P 0x7f2a7c191628
P 0x7f2a7c19c0e8
C 263
R
P 0x7f2a7c191628
C 342
R
P 0x7f2a7c191628
S "slot6Start"
C 30
R
P 0x7f2a7c191628
C 342
R
P 0x7f2a7c191628
$ |slot6Start|
C 202
R
P 0x7f2a7c191628
C 342
R
P 0x7f2a7c191628
$ |slot6Start|
P 0x7f2a7c19b1e8
C 51
= 0x7f2a7c19c108
R
P 0x7f2a7c191628
C 342
R
P 0x7f2a7c191628
P 0x7f2a7c19c108
C 257
R
P 0x7f2a7c191628
C 342
R
P 0x7f2a7c191628
P 0x7f2a7c19c108
C 254
= 0x7f2a7c19b1e8
R
P 0x7f2a7c191628
C 342
R
P 0x7f2a7c191628
P 0x7f2a7c19b1e8
C 209
R
P 0x7f2a7c191628
C 342
R
P 0x7f2a7c191628
P 0x7f2a7c19c108
C 260
R
P 0x7f2a7c191628
C 342
R
P 0x7f2a7c191628
P 0x7f2a7c19c108
C 259
R
P 0x7f2a7c191628
C 342
R
P 0x7f2a7c191628
P 0x7f2a7c19c108
C 258
R
P 0x7f2a7c191628
C 342
R
P 0x7f2a7c191628
P 0x7f2a7c19c108
C 9
R
P 0x7f2a7c191628
C 342
R
P 0x7f2a7c191628
P 0x7f2a7c19c048
P 0x7f2a7c19c108
C 76
= 0x7f2a7c478510
R
P 0x7f2a7c191628
C 342
R
P 0x7f2a7c191628
P 0x7f2a7c478510
C 258
R
P 0x7f2a7c191628
C 342
R
P 0x7f2a7c191628
P 0x7f2a7c478510
C 9
R
P 0x7f2a7c191628
C 342
R
P 0x7f2a7c191628
I 4
P 0x7f2a7c19b208
C 150
= 0x7f2a7c19c028
R
P 0x7f2a7c191628
C 342
R
P 0x7f2a7c191628
P 0x7f2a7c19c028
C 258
R
P 0x7f2a7c191628
C 342
R
P 0x7f2a7c191628
P 0x7f2a7c19c028
C 9
R
P 0x7f2a7c191628
C 342
R
P 0x7f2a7c191628
P 0x7f2a7c19c028
C 263
R
P 0x7f2a7c191628
C 342
R
P 0x7f2a7c191628
S "slot4Start"
C 30
R
P 0x7f2a7c191628
C 342
R
P 0x7f2a7c191628
$ |slot4Start|
C 202
R
P 0x7f2a7c191628
C 342
R
P 0x7f2a7c191628
$ |slot4Start|
P 0x7f2a7c19b1e8
C 51
= 0x7f2a7c19c048
R
P 0x7f2a7c191628
C 342
R
P 0x7f2a7c191628
P 0x7f2a7c19c048
C 257
R
P 0x7f2a7c191628
C 342
R
P 0x7f2a7c191628
P 0x7f2a7c19c048
C 254
= 0x7f2a7c19b1e8
R
P 0x7f2a7c191628
C 342
R
P 0x7f2a7c191628
P 0x7f2a7c19b1e8
C 209
R
P 0x7f2a7c191628
C 342
R
P 0x7f2a7c191628
P 0x7f2a7c19c048
C 260
R
P 0x7f2a7c191628
C 342
R
P 0x7f2a7c191628
P 0x7f2a7c19c048
C 259
R
P 0x7f2a7c191628
C 342
R
P 0x7f2a7c191628
P 0x7f2a7c19c048
C 258
R
P 0x7f2a7c191628
C 342
R
P 0x7f2a7c191628
P 0x7f2a7c19c048
C 9
R
P 0x7f2a7c191628
C 342
R
P 0x7f2a7c191628
I 6
P 0x7f2a7c19b208
C 150
= 0x7f2a7c19c0e8
R
P 0x7f2a7c191628
C 342
R
P 0x7f2a7c191628
P 0x7f2a7c19c0e8
C 258
R
P 0x7f2a7c191628
C 342
R
P 0x7f2a7c191628
P 0x7f2a7c19c0e8
C 9
R
P 0x7f2a7c191628
C 342
R
P 0x7f2a7c191628
P 0x7f2a7c19c0e8
C 263
R
P 0x7f2a7c191628
C 342
R
P 0x7f2a7c191628
S "slot6Start"
C 30
R
P 0x7f2a7c191628
C 342
R
P 0x7f2a7c191628
$ |slot6Start|
C 202
R
P 0x7f2a7c191628
C 342
R
P 0x7f2a7c191628
$ |slot6Start|
P 0x7f2a7c19b1e8
C 51
= 0x7f2a7c19c108
R
P 0x7f2a7c191628
C 342
R
P 0x7f2a7c191628
P 0x7f2a7c19c108
C 257
R
P 0x7f2a7c191628
C 342
R
P 0x7f2a7c191628
P 0x7f2a7c19c108
C 254
= 0x7f2a7c19b1e8
R
P 0x7f2a7c191628
C 342
R
P 0x7f2a7c191628
P 0x7f2a7c19b1e8
C 209
R
P 0x7f2a7c191628
C 342
R
P 0x7f2a7c191628
P 0x7f2a7c19c108
C 260
R
P 0x7f2a7c191628
C 342
R
P 0x7f2a7c191628
P 0x7f2a7c19c108
C 259
R
P 0x7f2a7c191628
C 342
R
P 0x7f2a7c191628
P 0x7f2a7c19c108
C 258
R
P 0x7f2a7c191628
C 342
R
P 0x7f2a7c191628
P 0x7f2a7c19c108
C 9
R
P 0x7f2a7c191628
C 342
R
P 0x7f2a7c191628
I 6
P 0x7f2a7c19b208
C 150
= 0x7f2a7c19c0e8
R
P 0x7f2a7c191628
C 342
R
P 0x7f2a7c191628
P 0x7f2a7c19c0e8
C 258
R
P 0x7f2a7c191628
C 342
R
P 0x7f2a7c191628
P 0x7f2a7c19c0e8
C 9
R
P 0x7f2a7c191628
C 342
R
P 0x7f2a7c191628
P 0x7f2a7c19c0e8
C 263
R
P 0x7f2a7c191628
C 342
R
P 0x7f2a7c191628
S "slot6Duration"
C 30
R
P 0x7f2a7c191628
C 342
R
P 0x7f2a7c191628
$ |slot6Duration|
C 202
R
P 0x7f2a7c191628
C 342
R
P 0x7f2a7c191628
$ |slot6Duration|
P 0x7f2a7c19b1e8
C 51
= 0x7f2a7c19c128
R
P 0x7f2a7c191628
C 342
R
P 0x7f2a7c191628
P 0x7f2a7c19c128
C 257
R
P 0x7f2a7c191628
C 342
R
P 0x7f2a7c191628
P 0x7f2a7c19c128
C 254
= 0x7f2a7c19b1e8
R
P 0x7f2a7c191628
C 342
R
P 0x7f2a7c191628
P 0x7f2a7c19b1e8
C 209
R
P 0x7f2a7c191628
C 342
R
P 0x7f2a7c191628
P 0x7f2a7c19c128
C 260
R
P 0x7f2a7c191628
C 342
R
P 0x7f2a7c191628
P 0x7f2a7c19c128
C 259
R
P 0x7f2a7c191628
C 342
R
P 0x7f2a7c191628
P 0x7f2a7c19c128
C 258
R
P 0x7f2a7c191628
C 342
R
P 0x7f2a7c191628
P 0x7f2a7c19c128
C 9
R
P 0x7f2a7c191628
C 342
R
P 0x7f2a7c191628
U 2
P 0x7f2a7c19c108
P 0x7f2a7c19c128
p 2
C 65
= 0x7f2a7c1a2348
R
P 0x7f2a7c191628
C 342
R
P 0x7f2a7c191628
P 0x7f2a7c1a2348
C 257
R
P 0x7f2a7c191628
C 342
R
P 0x7f2a7c191628
P 0x7f2a7c1a2348
C 254
= 0x7f2a7c19b1e8
R
P 0x7f2a7c191628
C 342
R
P 0x7f2a7c191628
P 0x7f2a7c19b1e8
C 209
R
P 0x7f2a7c191628
C 342
R
P 0x7f2a7c191628
P 0x7f2a7c1a2348
C 260
R
P 0x7f2a7c191628
C 342
R
P 0x7f2a7c191628
P 0x7f2a7c1a2348
C 259
R
P 0x7f2a7c191628
C 342
R
P 0x7f2a7c191628
P 0x7f2a7c1a2348
C 258
R
P 0x7f2a7c191628
C 342
R
P 0x7f2a7c191628
P 0x7f2a7c1a2348
C 9
R
P 0x7f2a7c191628
C 342
R
P 0x7f2a7c191628
P 0x7f2a7c19c048
P 0x7f2a7c1a2348
C 74
= 0x7f2a7c478548
R
P 0x7f2a7c191628
C 342
R
P 0x7f2a7c191628
P 0x7f2a7c478548
C 258
R
P 0x7f2a7c191628
C 342
R
P 0x7f2a7c191628
P 0x7f2a7c478548
C 9
R
P 0x7f2a7c191628
C 342
R
P 0x7f2a7c191628
U 2
P 0x7f2a7c478510
P 0x7f2a7c478548
p 2
C 63
= 0x7f2a7c478580
R
P 0x7f2a7c191628
C 342
R
P 0x7f2a7c191628
P 0x7f2a7c478580
C 258
R
P 0x7f2a7c191628
C 342
R
P 0x7f2a7c191628
P 0x7f2a7c478580
C 9
R
P 0x7f2a7c191628
C 342
R
P 0x7f2a7c191628
P 0x7f2a7c478580
C 58
= 0x7f2a7c19eae8
R
P 0x7f2a7c191628
C 342
R
P 0x7f2a7c191628
P 0x7f2a7c19eae8
C 258
R
P 0x7f2a7c191628
C 342
R
P 0x7f2a7c191628
P 0x7f2a7c19eae8
C 9
R
P 0x7f2a7c191628
C 342
R
P 0x7f2a7c191628
P 0x7f2a7c19eab8
P 0x7f2a7c19eae8
C 61
= 0x7f2a7c4785b8
R
P 0x7f2a7c191628
C 342
R
P 0x7f2a7c191628
P 0x7f2a7c4785b8
C 258
R
P 0x7f2a7c191628
C 342
R
P 0x7f2a7c191628
P 0x7f2a7c4785b8
C 9
R
P 0x7f2a7c191628
C 342
R
P 0x7f2a7c191628
P 0x7f2a7c1e1fc8
P 0x7f2a7c4785b8
C 427
R
P 0x7f2a7c191628
C 342
R
P 0x7f2a7c191628
I 4
P 0x7f2a7c19b208
C 150
= 0x7f2a7c19c028
R
P 0x7f2a7c191628
C 342
R
P 0x7f2a7c191628
P 0x7f2a7c19c028
C 258
R
P 0x7f2a7c191628
C 342
R
P 0x7f2a7c191628
P 0x7f2a7c19c028
C 9
R
P 0x7f2a7c191628
C 342
R
P 0x7f2a7c191628
I 7
P 0x7f2a7c19b208
C 150
= 0x7f2a7c19c148
R
P 0x7f2a7c191628
C 342
R
P 0x7f2a7c191628
P 0x7f2a7c19c148
C 258
R
P 0x7f2a7c191628
C 342
R
P 0x7f2a7c191628
P 0x7f2a7c19c148
C 9
R
P 0x7f2a7c191628
C 342
R
P 0x7f2a7c191628
P 0x7f2a7c19c028
P 0x7f2a7c19c148
C 56
= 0x7f2a7c4785f0
R
P 0x7f2a7c191628
C 342
R
P 0x7f2a7c191628
P 0x7f2a7c4785f0
C 258
R
P 0x7f2a7c191628
C 342
R
P 0x7f2a7c191628
P 0x7f2a7c4785f0
C 9
R
P 0x7f2a7c191628
C 342
R
P 0x7f2a7c191628
P 0x7f2a7c4785f0
C 58
= 0x7f2a7c19eb18
R
P 0x7f2a7c191628
C 342
R
P 0x7f2a7c191628
P 0x7f2a7c19eb18
C 258
R
P 0x7f2a7c191628
C 342
R
P 0x7f2a7c191628
P 0x7f2a7c19eb18
C 9
R
P 0x7f2a7c191628
C 342
R
P 0x7f2a7c191628
I 4
P 0x7f2a7c19b208
C 150
= 0x7f2a7c19c028
R
P 0x7f2a7c191628
C 342
R
P 0x7f2a7c191628
P 0x7f2a7c19c028
C 258
R
P 0x7f2a7c191628
C 342
R
P 0x7f2a7c191628
P 0x7f2a7c19c028
C 9
R
P 0x7f2a7c191628
C 342
R
P 0x7f2a7c191628
P 0x7f2a7c19c028
C 263
R
P 0x7f2a7c191628
C 342
R
P 0x7f2a7c191628
S "slot4Start"
C 30
R
P 0x7f2a7c191628
C 342
R
P 0x7f2a7c191628
$ |slot4Start|
C 202
R
P 0x7f2a7c191628
C 342
R
P 0x7f2a7c191628
$ |slot4Start|
P 0x7f2a7c19b1e8
C 51
= 0x7f2a7c19c048
R
P 0x7f2a7c191628
C 342
R
P 0x7f2a7c191628
P 0x7f2a7c19c048
C 257
R
P 0x7f2a7c191628
C 342
R
P 0x7f2a7c191628
P 0x7f2a7c19c048
C 254
= 0x7f2a7c19b1e8
R
P 0x7f2a7c191628
C 342
R
P 0x7f2a7c191628
P 0x7f2a7c19b1e8
C 209
R
P 0x7f2a7c191628
C 342
R
P 0x7f2a7c191628
P 0x7f2a7c19c048
C 260
R
P 0x7f2a7c191628
C 342
R
P 0x7f2a7c191628
P 0x7f2a7c19c048
C 259
R
P 0x7f2a7c191628
C 342
R
P 0x7f2a7c191628
P 0x7f2a7c19c048
C 258
R
P 0x7f2a7c191628
C 342
R
P 0x7f2a7c191628
P 0x7f2a7c19c048
C 9
R
P 0x7f2a7c191628
C 342
R
P 0x7f2a7c191628
I 7
P 0x7f2a7c19b208
C 150
= 0x7f2a7c19c148
R
P 0x7f2a7c191628
C 342
R
P 0x7f2a7c191628
P 0x7f2a7c19c148
C 258
R
P 0x7f2a7c191628
C 342
R
P 0x7f2a7c191628
P 0x7f2a7c19c148
C 9
R
P 0x7f2a7c191628
C 342
R
P 0x7f2a7c191628
P 0x7f2a7c19c148
C 263
R
P 0x7f2a7c191628
C 342
R
P 0x7f2a7c191628
S "slot7Start"
C 30
R
P 0x7f2a7c191628
C 342
R
P 0x7f2a7c191628
$ |slot7Start|
C 202
R
P 0x7f2a7c191628
C 342
R
P 0x7f2a7c191628
$ |slot7Start|
P 0x7f2a7c19b1e8
C 51
= 0x7f2a7c19c168
R
P 0x7f2a7c191628
C 342
R
P 0x7f2a7c191628
P 0x7f2a7c19c168
C 257
R
P 0x7f2a7c191628
C 342
R
P 0x7f2a7c191628
P 0x7f2a7c19c168
C 254
= 0x7f2a7c19b1e8
R
P 0x7f2a7c191628
C 342
R
P 0x7f2a7c191628
P 0x7f2a7c19b1e8
C 209
R
P 0x7f2a7c191628
C 342
R
P 0x7f2a7c191628
P 0x7f2a7c19c168
C 260
R
P 0x7f2a7c191628
C 342
R
P 0x7f2a7c191628
P 0x7f2a7c19c168
C 259
R
P 0x7f2a7c191628
C 342
R
P 0x7f2a7c191628
P 0x7f2a7c19c168
C 258
R
P 0x7f2a7c191628
C 342
R
P 0x7f2a7c191628
P 0x7f2a7c19c168
C 9
R
P 0x7f2a7c191628
C 342
R
P 0x7f2a7c191628
P 0x7f2a7c19c048
P 0x7f2a7c19c168
C 76
= 0x7f2a7c478628
R
P 0x7f2a7c191628
C 342
R
P 0x7f2a7c191628
P 0x7f2a7c478628
C 258
R
P 0x7f2a7c191628
C 342
R
P 0x7f2a7c191628
P 0x7f2a7c478628
C 9
R
P 0x7f2a7c191628
C 342
R
P 0x7f2a7c191628
I 4
P 0x7f2a7c19b208
C 150
= 0x7f2a7c19c028
R
P 0x7f2a7c191628
C 342
R
P 0x7f2a7c191628
P 0x7f2a7c19c028
C 258
R
P 0x7f2a7c191628
C 342
R
P 0x7f2a7c191628
P 0x7f2a7c19c028
C 9
R
P 0x7f2a7c191628
C 342
R
P 0x7f2a7c191628
P 0x7f2a7c19c028
C 263
R
P 0x7f2a7c191628
C 342
R
P 0x7f2a7c191628
S "slot4Start"
C 30
R
P 0x7f2a7c191628
C 342
R
P 0x7f2a7c191628
$ |slot4Start|
C 202
R
P 0x7f2a7c191628
C 342
R
P 0x7f2a7c191628
$ |slot4Start|
P 0x7f2a7c19b1e8
C 51
= 0x7f2a7c19c048
R
P 0x7f2a7c191628
C 342
R
P 0x7f2a7c191628
P 0x7f2a7c19c048
C 257
R
P 0x7f2a7c191628
C 342
R
P 0x7f2a7c191628
P 0x7f2a7c19c048
C 254
= 0x7f2a7c19b1e8
R
P 0x7f2a7c191628
C 342
R
P 0x7f2a7c191628
P 0x7f2a7c19b1e8
C 209
R
P 0x7f2a7c191628
C 342
R
P 0x7f2a7c191628
P 0x7f2a7c19c048
C 260
R
P 0x7f2a7c191628
C 342
R
P 0x7f2a7c191628
P 0x7f2a7c19c048
C 259
R
P 0x7f2a7c191628
C 342
R
P 0x7f2a7c191628
P 0x7f2a7c19c048
C 258
R
P 0x7f2a7c191628
C 342
R
P 0x7f2a7c191628
P 0x7f2a7c19c048
C 9
R
P 0x7f2a7c191628
C 342
R
P 0x7f2a7c191628
I 7
P 0x7f2a7c19b208
C 150
= 0x7f2a7c19c148
R
P 0x7f2a7c191628
C 342
R
P 0x7f2a7c191628
P 0x7f2a7c19c148
C 258
R
P 0x7f2a7c191628
C 342
R
P 0x7f2a7c191628
P 0x7f2a7c19c148
C 9
R
P 0x7f2a7c191628
C 342
R
P 0x7f2a7c191628
P 0x7f2a7c19c148
C 263
R
P 0x7f2a7c191628
C 342
R
P 0x7f2a7c191628
S "slot7Start"
C 30
R
P 0x7f2a7c191628
C 342
R
P 0x7f2a7c191628
$ |slot7Start|
C 202
R
P 0x7f2a7c191628
C 342
R
P 0x7f2a7c191628
$ |slot7Start|
P 0x7f2a7c19b1e8
C 51
= 0x7f2a7c19c168
R
P 0x7f2a7c191628
C 342
R
P 0x7f2a7c191628
P 0x7f2a7c19c168
C 257
R
P 0x7f2a7c191628
C 342
R
P 0x7f2a7c191628
P 0x7f2a7c19c168
C 254
= 0x7f2a7c19b1e8
R
P 0x7f2a7c191628
C 342
R
P 0x7f2a7c191628
P 0x7f2a7c19b1e8
C 209
R
P 0x7f2a7c191628
C 342
R
P 0x7f2a7c191628
P 0x7f2a7c19c168
C 260
R
P 0x7f2a7c191628
C 342
R
P 0x7f2a7c191628
P 0x7f2a7c19c168
C 259
R
P 0x7f2a7c191628
C 342
R
P 0x7f2a7c191628
P 0x7f2a7c19c168
C 258
R
P 0x7f2a7c191628
C 342
R
P 0x7f2a7c191628
P 0x7f2a7c19c168
C 9
R
P 0x7f2a7c191628
C 342
R
P 0x7f2a7c191628
I 7
P 0x7f2a7c19b208
C 150
= 0x7f2a7c19c148
R
P 0x7f2a7c191628
C 342
R
P 0x7f2a7c191628
P 0x7f2a7c19c148
C 258
R
P 0x7f2a7c191628
C 342
R
P 0x7f2a7c191628
P 0x7f2a7c19c148
C 9
R
P 0x7f2a7c191628
C 342
R
P 0x7f2a7c191628
P 0x7f2a7c19c148
C 263
R
P 0x7f2a7c191628
C 342
R
P 0x7f2a7c191628
S "slot7Duration"
C 30
R
P 0x7f2a7c191628
C 342
R
P 0x7f2a7c191628
$ |slot7Duration|
C 202
R
P 0x7f2a7c191628
C 342
R
P 0x7f2a7c191628
$ |slot7Duration|
P 0x7f2a7c19b1e8
C 51
= 0x7f2a7c19c188
R
P 0x7f2a7c191628
C 342
R
P 0x7f2a7c191628
P 0x7f2a7c19c188
C 257
R
P 0x7f2a7c191628
C 342
R
P 0x7f2a7c191628
P 0x7f2a7c19c188
C 254
= 0x7f2a7c19b1e8
R
P 0x7f2a7c191628
C 342
R
P 0x7f2a7c191628
P 0x7f2a7c19b1e8
C 209
R
P 0x7f2a7c191628
C 342
R
P 0x7f2a7c191628
P 0x7f2a7c19c188
C 260
R
P 0x7f2a7c191628
C 342
R
P 0x7f2a7c191628
P 0x7f2a7c19c188
C 259
R
P 0x7f2a7c191628
C 342
R
P 0x7f2a7c191628
P 0x7f2a7c19c188
C 258
R
P 0x7f2a7c191628
C 342
R
P 0x7f2a7c191628
P 0x7f2a7c19c188
C 9
R
P 0x7f2a7c191628
C 342
R
P 0x7f2a7c191628
U 2
P 0x7f2a7c19c168
P 0x7f2a7c19c188
p 2
C 65
= 0x7f2a7c1a2498
R
P 0x7f2a7c191628
C 342
R
P 0x7f2a7c191628
P 0x7f2a7c1a2498
C 257
R
P 0x7f2a7c191628
C 342
R
P 0x7f2a7c191628
P 0x7f2a7c1a2498
C 254
= 0x7f2a7c19b1e8
R
P 0x7f2a7c191628
C 342
R
P 0x7f2a7c191628
P 0x7f2a7c19b1e8
C 209
R
P 0x7f2a7c191628
C 342
R
P 0x7f2a7c191628
P 0x7f2a7c1a2498
C 260
R
P 0x7f2a7c191628
C 342
R
P 0x7f2a7c191628
P 0x7f2a7c1a2498
C 259
R
P 0x7f2a7c191628
C 342
R
P 0x7f2a7c191628
P 0x7f2a7c1a2498
C 258
R
P 0x7f2a7c191628
C 342
R
P 0x7f2a7c191628
P 0x7f2a7c1a2498
C 9
R
P 0x7f2a7c191628
C 342
R
P 0x7f2a7c191628
P 0x7f2a7c19c048
P 0x7f2a7c1a2498
C 74
= 0x7f2a7c478660
R
P 0x7f2a7c191628
C 342
R
P 0x7f2a7c191628
P 0x7f2a7c478660
C 258
R
P 0x7f2a7c191628
C 342
R
P 0x7f2a7c191628
P 0x7f2a7c478660
C 9
R
P 0x7f2a7c191628
C 342
R
P 0x7f2a7c191628
U 2
P 0x7f2a7c478628
P 0x7f2a7c478660
p 2
C 63
= 0x7f2a7c478698
R
P 0x7f2a7c191628
C 342
R
P 0x7f2a7c191628
P 0x7f2a7c478698
C 258
R
P 0x7f2a7c191628
C 342
R
P 0x7f2a7c191628
P 0x7f2a7c478698
C 9
R
P 0x7f2a7c191628
C 342
R
P 0x7f2a7c191628
P 0x7f2a7c478698
C 58
= 0x7f2a7c19eb48
R
P 0x7f2a7c191628
C 342
R
P 0x7f2a7c191628
P 0x7f2a7c19eb48
C 258
R
P 0x7f2a7c191628
C 342
R
P 0x7f2a7c191628
P 0x7f2a7c19eb48
C 9
R
P 0x7f2a7c191628
C 342
R
P 0x7f2a7c191628
P 0x7f2a7c19eb18
P 0x7f2a7c19eb48
C 61
= 0x7f2a7c4786d0
R
P 0x7f2a7c191628
C 342
R
P 0x7f2a7c191628
P 0x7f2a7c4786d0
C 258
R
P 0x7f2a7c191628
C 342
R
P 0x7f2a7c191628
P 0x7f2a7c4786d0
C 9
R
P 0x7f2a7c191628
C 342
R
P 0x7f2a7c191628
P 0x7f2a7c1e1fc8
P 0x7f2a7c4786d0
C 427
R
P 0x7f2a7c191628
C 342
R
P 0x7f2a7c191628
I 4
P 0x7f2a7c19b208
C 150
= 0x7f2a7c19c028
R
P 0x7f2a7c191628
C 342
R
P 0x7f2a7c191628
P 0x7f2a7c19c028
C 258
R
P 0x7f2a7c191628
C 342
R
P 0x7f2a7c191628
P 0x7f2a7c19c028
C 9
R
P 0x7f2a7c191628
C 342
R
P 0x7f2a7c191628
I 8
P 0x7f2a7c19b208
C 150
= 0x7f2a7c19c1a8
R
P 0x7f2a7c191628
C 342
R
P 0x7f2a7c191628
P 0x7f2a7c19c1a8
C 258
R
P 0x7f2a7c191628
C 342
R
P 0x7f2a7c191628
P 0x7f2a7c19c1a8
C 9
R
P 0x7f2a7c191628
C 342
R
P 0x7f2a7c191628
P 0x7f2a7c19c028
P 0x7f2a7c19c1a8
C 56
= 0x7f2a7c478708
R
P 0x7f2a7c191628
C 342
R
P 0x7f2a7c191628
P 0x7f2a7c478708
C 258
R
P 0x7f2a7c191628
C 342
R
P 0x7f2a7c191628
P 0x7f2a7c478708
C 9
R
P 0x7f2a7c191628
C 342
R
P 0x7f2a7c191628
P 0x7f2a7c478708
C 58
= 0x7f2a7c19eb78
R
P 0x7f2a7c191628
C 342
R
P 0x7f2a7c191628
P 0x7f2a7c19eb78
C 258
R
P 0x7f2a7c191628
C 342
R
P 0x7f2a7c191628
P 0x7f2a7c19eb78
C 9
R
P 0x7f2a7c191628
C 342
R
P 0x7f2a7c191628
I 4
P 0x7f2a7c19b208
C 150
= 0x7f2a7c19c028
R
P 0x7f2a7c191628
C 342
R
P 0x7f2a7c191628
P 0x7f2a7c19c028
C 258
R
P 0x7f2a7c191628
C 342
R
P 0x7f2a7c191628
P 0x7f2a7c19c028
C 9
R
P 0x7f2a7c191628
C 342
R
P 0x7f2a7c191628
P 0x7f2a7c19c028
C 263
R
P 0x7f2a7c191628
C 342
R
P 0x7f2a7c191628
S "slot4Start"
C 30
R
P 0x7f2a7c191628
C 342
R
P 0x7f2a7c191628
$ |slot4Start|
C 202
R
P 0x7f2a7c191628
C 342
R
P 0x7f2a7c191628
$ |slot4Start|
P 0x7f2a7c19b1e8
C 51
= 0x7f2a7c19c048
R
P 0x7f2a7c191628
C 342
R
P 0x7f2a7c191628
P 0x7f2a7c19c048
C 257
R
P 0x7f2a7c191628
C 342
R
P 0x7f2a7c191628
P 0x7f2a7c19c048
C 254
= 0x7f2a7c19b1e8
R
P 0x7f2a7c191628
C 342
R
P 0x7f2a7c191628
P 0x7f2a7c19b1e8
C 209
R
P 0x7f2a7c191628
C 342
R
P 0x7f2a7c191628
P 0x7f2a7c19c048
C 260
R
P 0x7f2a7c191628
C 342
R
P 0x7f2a7c191628
P 0x7f2a7c19c048
C 259
R
P 0x7f2a7c191628
C 342
R
P 0x7f2a7c191628
P 0x7f2a7c19c048
C 258
R
P 0x7f2a7c191628
C 342
R
P 0x7f2a7c191628
P 0x7f2a7c19c048
C 9
R
P 0x7f2a7c191628
C 342
R
P 0x7f2a7c191628
I 8
P 0x7f2a7c19b208
C 150
= 0x7f2a7c19c1a8
R
P 0x7f2a7c191628
C 342
R
P 0x7f2a7c191628
P 0x7f2a7c19c1a8
C 258
R
P 0x7f2a7c191628
C 342
R
P 0x7f2a7c191628
P 0x7f2a7c19c1a8
C 9
R
P 0x7f2a7c191628
C 342
R
P 0x7f2a7c191628
P 0x7f2a7c19c1a8
C 263
R
P 0x7f2a7c191628
C 342
R
P 0x7f2a7c191628
S "slot8Start"
C 30
R
P 0x7f2a7c191628
C 342
R
P 0x7f2a7c191628
$ |slot8Start|
C 202
R
P 0x7f2a7c191628
C 342
R
P 0x7f2a7c191628
$ |slot8Start|
P 0x7f2a7c19b1e8
C 51
= 0x7f2a7c19c1c8
R
P 0x7f2a7c191628
C 342
R
P 0x7f2a7c191628
P 0x7f2a7c19c1c8
C 257
R
P 0x7f2a7c191628
C 342
R
P 0x7f2a7c191628
P 0x7f2a7c19c1c8
C 254
= 0x7f2a7c19b1e8
R
P 0x7f2a7c191628
C 342
R
P 0x7f2a7c191628
P 0x7f2a7c19b1e8
C 209
R
P 0x7f2a7c191628
C 342
R
P 0x7f2a7c191628
P 0x7f2a7c19c1c8
C 260
R
P 0x7f2a7c191628
C 342
R
P 0x7f2a7c191628
P 0x7f2a7c19c1c8
C 259
R
P 0x7f2a7c191628
C 342
R
P 0x7f2a7c191628
P 0x7f2a7c19c1c8
C 258
R
P 0x7f2a7c191628
C 342
R
P 0x7f2a7c191628
P 0x7f2a7c19c1c8
C 9
R
P 0x7f2a7c191628
C 342
R
P 0x7f2a7c191628
P 0x7f2a7c19c048
P 0x7f2a7c19c1c8
C 76
= 0x7f2a7c478740
R
P 0x7f2a7c191628
C 342
R
P 0x7f2a7c191628
P 0x7f2a7c478740
C 258
R
P 0x7f2a7c191628
C 342
R
P 0x7f2a7c191628
P 0x7f2a7c478740
C 9
R
P 0x7f2a7c191628
C 342
R
P 0x7f2a7c191628
I 4
P 0x7f2a7c19b208
C 150
= 0x7f2a7c19c028
R
P 0x7f2a7c191628
C 342
R
P 0x7f2a7c191628
P 0x7f2a7c19c028
C 258
R
P 0x7f2a7c191628
C 342
R
P 0x7f2a7c191628
P 0x7f2a7c19c028
C 9
R
P 0x7f2a7c191628
C 342
R
P 0x7f2a7c191628
P 0x7f2a7c19c028
C 263
R
P 0x7f2a7c191628
C 342
R
P 0x7f2a7c191628
S "slot4Start"
C 30
R
P 0x7f2a7c191628
C 342
R
P 0x7f2a7c191628
$ |slot4Start|
C 202
R
P 0x7f2a7c191628
C 342
R
P 0x7f2a7c191628
$ |slot4Start|
P 0x7f2a7c19b1e8
C 51
= 0x7f2a7c19c048
R
P 0x7f2a7c191628
C 342
R
P 0x7f2a7c191628
P 0x7f2a7c19c048
C 257
R
P 0x7f2a7c191628
C 342
R
P 0x7f2a7c191628
P 0x7f2a7c19c048
C 254
= 0x7f2a7c19b1e8
R
P 0x7f2a7c191628
C 342
R
P 0x7f2a7c191628
P 0x7f2a7c19b1e8
C 209
R
P 0x7f2a7c191628
C 342
R
P 0x7f2a7c191628
P 0x7f2a7c19c048
C 260
R
P 0x7f2a7c191628
C 342
R
P 0x7f2a7c191628
P 0x7f2a7c19c048
C 259
R
P 0x7f2a7c191628
C 342
R
P 0x7f2a7c191628
P 0x7f2a7c19c048
C 258
R
P 0x7f2a7c191628
C 342
R
P 0x7f2a7c191628
P 0x7f2a7c19c048
C 9
R
P 0x7f2a7c191628
C 342
R
P 0x7f2a7c191628
I 8
P 0x7f2a7c19b208
C 150
= 0x7f2a7c19c1a8
R
P 0x7f2a7c191628
C 342
R
P 0x7f2a7c191628
P 0x7f2a7c19c1a8
C 258
R
P 0x7f2a7c191628
C 342
R
P 0x7f2a7c191628
P 0x7f2a7c19c1a8
C 9
R
P 0x7f2a7c191628
C 342
R
P 0x7f2a7c191628
P 0x7f2a7c19c1a8
C 263
R
P 0x7f2a7c191628
C 342
R
P 0x7f2a7c191628
S "slot8Start"
C 30
R
P 0x7f2a7c191628
C 342
R
P 0x7f2a7c191628
$ |slot8Start|
C 202
R
P 0x7f2a7c191628
C 342
R
P 0x7f2a7c191628
$ |slot8Start|
P 0x7f2a7c19b1e8
C 51
= 0x7f2a7c19c1c8
R
P 0x7f2a7c191628
C 342
R
P 0x7f2a7c191628
P 0x7f2a7c19c1c8
C 257
R
P 0x7f2a7c191628
C 342
R
P 0x7f2a7c191628
P 0x7f2a7c19c1c8
C 254
= 0x7f2a7c19b1e8
R
P 0x7f2a7c191628
C 342
R
P 0x7f2a7c191628
P 0x7f2a7c19b1e8
C 209
R
P 0x7f2a7c191628
C 342
R
P 0x7f2a7c191628
P 0x7f2a7c19c1c8
C 260
R
P 0x7f2a7c191628
C 342
R
P 0x7f2a7c191628
P 0x7f2a7c19c1c8
C 259
R
P 0x7f2a7c191628
C 342
R
P 0x7f2a7c191628
P 0x7f2a7c19c1c8
C 258
R
P 0x7f2a7c191628
C 342
R
P 0x7f2a7c191628
P 0x7f2a7c19c1c8
C 9
R
P 0x7f2a7c191628
C 342
R
P 0x7f2a7c191628
I 8
P 0x7f2a7c19b208
C 150
= 0x7f2a7c19c1a8
R
P 0x7f2a7c191628
C 342
R
P 0x7f2a7c191628
P 0x7f2a7c19c1a8
C 258
R
P 0x7f2a7c191628
C 342
R
P 0x7f2a7c191628
P 0x7f2a7c19c1a8
C 9
R
P 0x7f2a7c191628
C 342
R
P 0x7f2a7c191628
P 0x7f2a7c19c1a8
C 263
R
P 0x7f2a7c191628
C 342
R
P 0x7f2a7c191628
S "slot8Duration"
C 30
R
P 0x7f2a7c191628
C 342
R
P 0x7f2a7c191628
$ |slot8Duration|
C 202
R
P 0x7f2a7c191628
C 342
R
P 0x7f2a7c191628
$ |slot8Duration|
P 0x7f2a7c19b1e8
C 51
= 0x7f2a7c19c1e8
R
P 0x7f2a7c191628
C 342
R
P 0x7f2a7c191628
P 0x7f2a7c19c1e8
C 257
R
P 0x7f2a7c191628
C 342
R
P 0x7f2a7c191628
P 0x7f2a7c19c1e8
C 254
= 0x7f2a7c19b1e8
R
P 0x7f2a7c191628
C 342
R
P 0x7f2a7c191628
P 0x7f2a7c19b1e8
C 209
R
P 0x7f2a7c191628
C 342
R
P 0x7f2a7c191628
P 0x7f2a7c19c1e8
C 260
R
P 0x7f2a7c191628
C 342
R
P 0x7f2a7c191628
P 0x7f2a7c19c1e8
C 259
R
P 0x7f2a7c191628
C 342
R
P 0x7f2a7c191628
P 0x7f2a7c19c1e8
C 258
R
P 0x7f2a7c191628
C 342
R
P 0x7f2a7c191628
P 0x7f2a7c19c1e8
C 9
R
P 0x7f2a7c191628
C 342
R
P 0x7f2a7c191628
U 2
P 0x7f2a7c19c1c8
P 0x7f2a7c19c1e8
p 2
C 65
= 0x7f2a7c1a25e8
R
P 0x7f2a7c191628
C 342
R
P 0x7f2a7c191628
P 0x7f2a7c1a25e8
C 257
R
P 0x7f2a7c191628
C 342
R
P 0x7f2a7c191628
P 0x7f2a7c1a25e8
C 254
= 0x7f2a7c19b1e8
R
P 0x7f2a7c191628
C 342
R
P 0x7f2a7c191628
P 0x7f2a7c19b1e8
C 209
R
P 0x7f2a7c191628
C 342
R
P 0x7f2a7c191628
P 0x7f2a7c1a25e8
C 260
R
P 0x7f2a7c191628
C 342
R
P 0x7f2a7c191628
P 0x7f2a7c1a25e8
C 259
R
P 0x7f2a7c191628
C 342
R
P 0x7f2a7c191628
P 0x7f2a7c1a25e8
C 258
R
P 0x7f2a7c191628
C 342
R
P 0x7f2a7c191628
P 0x7f2a7c1a25e8
C 9
R
P 0x7f2a7c191628
C 342
R
P 0x7f2a7c191628
P 0x7f2a7c19c048
P 0x7f2a7c1a25e8
C 74
= 0x7f2a7c478778
R
P 0x7f2a7c191628
C 342
R
P 0x7f2a7c191628
P 0x7f2a7c478778
C 258
R
P 0x7f2a7c191628
C 342
R
P 0x7f2a7c191628
P 0x7f2a7c478778
C 9
R
P 0x7f2a7c191628
C 342
R
P 0x7f2a7c191628
U 2
P 0x7f2a7c478740
P 0x7f2a7c478778
p 2
C 63
= 0x7f2a7c4787b0
R
P 0x7f2a7c191628
C 342
R
P 0x7f2a7c191628
P 0x7f2a7c4787b0
C 258
R
P 0x7f2a7c191628
C 342
R
P 0x7f2a7c191628
P 0x7f2a7c4787b0
C 9
R
P 0x7f2a7c191628
C 342
R
P 0x7f2a7c191628
P 0x7f2a7c4787b0
C 58
= 0x7f2a7c19eba8
R
P 0x7f2a7c191628
C 342
R
P 0x7f2a7c191628
P 0x7f2a7c19eba8
C 258
R
P 0x7f2a7c191628
C 342
R
P 0x7f2a7c191628
P 0x7f2a7c19eba8
C 9
R
P 0x7f2a7c191628
C 342
R
P 0x7f2a7c191628
P 0x7f2a7c19eb78
P 0x7f2a7c19eba8
C 61
= 0x7f2a7c4787e8
R
P 0x7f2a7c191628
C 342
R
P 0x7f2a7c191628
P 0x7f2a7c4787e8
C 258
R
P 0x7f2a7c191628
C 342
R
P 0x7f2a7c191628
P 0x7f2a7c4787e8
C 9
R
P 0x7f2a7c191628
C 342
R
P 0x7f2a7c191628
P 0x7f2a7c1e1fc8
P 0x7f2a7c4787e8
C 427
R
P 0x7f2a7c191628
C 342
R
P 0x7f2a7c191628
I 4
P 0x7f2a7c19b208
C 150
= 0x7f2a7c19c028
R
P 0x7f2a7c191628
C 342
R
P 0x7f2a7c191628
P 0x7f2a7c19c028
C 258
R
P 0x7f2a7c191628
C 342
R
P 0x7f2a7c191628
P 0x7f2a7c19c028
C 9
R
P 0x7f2a7c191628
C 342
R
P 0x7f2a7c191628
I 1
P 0x7f2a7c19b208
C 150
= 0x7f2a7c19bc88
R
P 0x7f2a7c191628
C 342
R
P 0x7f2a7c191628
P 0x7f2a7c19bc88
C 258
R
P 0x7f2a7c191628
C 342
R
P 0x7f2a7c191628
P 0x7f2a7c19bc88
C 9
R
P 0x7f2a7c191628
C 342
R
P 0x7f2a7c191628
P 0x7f2a7c19c028
P 0x7f2a7c19bc88
C 56
= 0x7f2a7c2cd2d0
R
P 0x7f2a7c191628
C 342
R
P 0x7f2a7c191628
P 0x7f2a7c2cd2d0
C 258
R
P 0x7f2a7c191628
C 342
R
P 0x7f2a7c191628
P 0x7f2a7c2cd2d0
C 9
R
P 0x7f2a7c191628
C 342
R
P 0x7f2a7c191628
P 0x7f2a7c2cd2d0
C 58
= 0x7f2a7c19e8d8
R
P 0x7f2a7c191628
C 342
R
P 0x7f2a7c191628
P 0x7f2a7c19e8d8
C 258
R
P 0x7f2a7c191628
C 342
R
P 0x7f2a7c191628
P 0x7f2a7c19e8d8
C 9
R
P 0x7f2a7c191628
C 342
R
P 0x7f2a7c191628
I 1
P 0x7f2a7c19b208
C 150
= 0x7f2a7c19bc88
R
P 0x7f2a7c191628
C 342
R
P 0x7f2a7c191628
P 0x7f2a7c19bc88
C 258
R
P 0x7f2a7c191628
C 342
R
P 0x7f2a7c191628
P 0x7f2a7c19bc88
C 9
R
P 0x7f2a7c191628
C 342
R
P 0x7f2a7c191628
P 0x7f2a7c19bc88
C 263
R
P 0x7f2a7c191628
C 342
R
P 0x7f2a7c191628
S "slot1Start"
C 30
R
P 0x7f2a7c191628
C 342
R
P 0x7f2a7c191628
$ |slot1Start|
C 202
R
P 0x7f2a7c191628
C 342
R
P 0x7f2a7c191628
$ |slot1Start|
P 0x7f2a7c19b1e8
C 51
= 0x7f2a7c19bf48
R
P 0x7f2a7c191628
C 342
R
P 0x7f2a7c191628
P 0x7f2a7c19bf48
C 257
R
P 0x7f2a7c191628
C 342
R
P 0x7f2a7c191628
P 0x7f2a7c19bf48
C 254
= 0x7f2a7c19b1e8
R
P 0x7f2a7c191628
C 342
R
P 0x7f2a7c191628
P 0x7f2a7c19b1e8
C 209
R
P 0x7f2a7c191628
C 342
R
P 0x7f2a7c191628
P 0x7f2a7c19bf48
C 260
R
P 0x7f2a7c191628
C 342
R
P 0x7f2a7c191628
P 0x7f2a7c19bf48
C 259
R
P 0x7f2a7c191628
C 342
R
P 0x7f2a7c191628
P 0x7f2a7c19bf48
C 258
R
P 0x7f2a7c191628
C 342
R
P 0x7f2a7c191628
P 0x7f2a7c19bf48
C 9
R
P 0x7f2a7c191628
C 342
R
P 0x7f2a7c191628
I 4
P 0x7f2a7c19b208
C 150
= 0x7f2a7c19c028
R
P 0x7f2a7c191628
C 342
R
P 0x7f2a7c191628
P 0x7f2a7c19c028
C 258
R
P 0x7f2a7c191628
C 342
R
P 0x7f2a7c191628
P 0x7f2a7c19c028
C 9
R
P 0x7f2a7c191628
C 342
R
P 0x7f2a7c191628
P 0x7f2a7c19c028
C 263
R
P 0x7f2a7c191628
C 342
R
P 0x7f2a7c191628
S "slot4Start"
C 30
R
P 0x7f2a7c191628
C 342
R
P 0x7f2a7c191628
$ |slot4Start|
C 202
R
P 0x7f2a7c191628
C 342
R
P 0x7f2a7c191628
$ |slot4Start|
P 0x7f2a7c19b1e8
C 51
= 0x7f2a7c19c048
R
P 0x7f2a7c191628
C 342
R
P 0x7f2a7c191628
P 0x7f2a7c19c048
C 257
R
P 0x7f2a7c191628
C 342
R
P 0x7f2a7c191628
P 0x7f2a7c19c048
C 254
= 0x7f2a7c19b1e8
R
P 0x7f2a7c191628
C 342
R
P 0x7f2a7c191628
P 0x7f2a7c19b1e8
C 209
R
P 0x7f2a7c191628
C 342
R
P 0x7f2a7c191628
P 0x7f2a7c19c048
C 260
R
P 0x7f2a7c191628
C 342
R
P 0x7f2a7c191628
P 0x7f2a7c19c048
C 259
R
P 0x7f2a7c191628
C 342
R
P 0x7f2a7c191628
P 0x7f2a7c19c048
C 258
R
P 0x7f2a7c191628
C 342
R
P 0x7f2a7c191628
P 0x7f2a7c19c048
C 9
R
P 0x7f2a7c191628
C 342
R
P 0x7f2a7c191628
I 4
P 0x7f2a7c19b208
C 150
= 0x7f2a7c19c028
R
P 0x7f2a7c191628
C 342
R
P 0x7f2a7c191628
P 0x7f2a7c19c028
C 258
R
P 0x7f2a7c191628
C 342
R
P 0x7f2a7c191628
P 0x7f2a7c19c028
C 9
R
P 0x7f2a7c191628
C 342
R
P 0x7f2a7c191628
P 0x7f2a7c19c028
C 263
R
P 0x7f2a7c191628
C 342
R
P 0x7f2a7c191628
S "slot4Duration"
C 30
R
P 0x7f2a7c191628
C 342
R
P 0x7f2a7c191628
$ |slot4Duration|
C 202
R
P 0x7f2a7c191628
C 342
R
P 0x7f2a7c191628
$ |slot4Duration|
P 0x7f2a7c19b1e8
C 51
= 0x7f2a7c19c068
R
P 0x7f2a7c191628
C 342
R
P 0x7f2a7c191628
P 0x7f2a7c19c068
C 257
R
P 0x7f2a7c191628
C 342
R
P 0x7f2a7c191628
P 0x7f2a7c19c068
C 254
= 0x7f2a7c19b1e8
R
P 0x7f2a7c191628
C 342
R
P 0x7f2a7c191628
P 0x7f2a7c19b1e8
C 209
R
P 0x7f2a7c191628
C 342
R
P 0x7f2a7c191628
P 0x7f2a7c19c068
C 260
R
P 0x7f2a7c191628
C 342
R
P 0x7f2a7c191628
P 0x7f2a7c19c068
C 259
R
P 0x7f2a7c191628
C 342
R
P 0x7f2a7c191628
P 0x7f2a7c19c068
C 258
R
P 0x7f2a7c191628
C 342
R
P 0x7f2a7c191628
P 0x7f2a7c19c068
C 9
R
P 0x7f2a7c191628
C 342
R
P 0x7f2a7c191628
U 2
P 0x7f2a7c19c048
P 0x7f2a7c19c068
p 2
C 65
= 0x7f2a7c1a20a8
R
P 0x7f2a7c191628
C 342
R
P 0x7f2a7c191628
P 0x7f2a7c1a20a8
C 257
R
P 0x7f2a7c191628
C 342
R
P 0x7f2a7c191628
P 0x7f2a7c1a20a8
C 254
= 0x7f2a7c19b1e8
R
P 0x7f2a7c191628
C 342
R
P 0x7f2a7c191628
P 0x7f2a7c19b1e8
C 209
R
P 0x7f2a7c191628
C 342
R
P 0x7f2a7c191628
P 0x7f2a7c1a20a8
C 260
R
P 0x7f2a7c191628
C 342
R
P 0x7f2a7c191628
P 0x7f2a7c1a20a8
C 259
R
P 0x7f2a7c191628
C 342
R
P 0x7f2a7c191628
P 0x7f2a7c1a20a8
C 258
R
P 0x7f2a7c191628
C 342
R
P 0x7f2a7c191628
P 0x7f2a7c1a20a8
C 9
R
P 0x7f2a7c191628
C 342
R
P 0x7f2a7c191628
P 0x7f2a7c19bf48
P 0x7f2a7c1a20a8
C 74
= 0x7f2a7c1a20e0
R
P 0x7f2a7c191628
C 342
R
P 0x7f2a7c191628
P 0x7f2a7c1a20e0
C 258
R
P 0x7f2a7c191628
C 342
R
P 0x7f2a7c191628
P 0x7f2a7c1a20e0
C 9
R
P 0x7f2a7c191628
C 342
R
P 0x7f2a7c191628
I 4
P 0x7f2a7c19b208
C 150
= 0x7f2a7c19c028
R
P 0x7f2a7c191628
C 342
R
P 0x7f2a7c191628
P 0x7f2a7c19c028
C 258
R
P 0x7f2a7c191628
C 342
R
P 0x7f2a7c191628
P 0x7f2a7c19c028
C 9
R
P 0x7f2a7c191628
C 342
R
P 0x7f2a7c191628
P 0x7f2a7c19c028
C 263
R
P 0x7f2a7c191628
C 342
R
P 0x7f2a7c191628
S "slot4Start"
C 30
R
P 0x7f2a7c191628
C 342
R
P 0x7f2a7c191628
$ |slot4Start|
C 202
R
P 0x7f2a7c191628
C 342
R
P 0x7f2a7c191628
$ |slot4Start|
P 0x7f2a7c19b1e8
C 51
= 0x7f2a7c19c048
R
P 0x7f2a7c191628
C 342
R
P 0x7f2a7c191628
P 0x7f2a7c19c048
C 257
R
P 0x7f2a7c191628
C 342
R
P 0x7f2a7c191628
P 0x7f2a7c19c048
C 254
= 0x7f2a7c19b1e8
R
P 0x7f2a7c191628
C 342
R
P 0x7f2a7c191628
P 0x7f2a7c19b1e8
C 209
R
P 0x7f2a7c191628
C 342
R
P 0x7f2a7c191628
P 0x7f2a7c19c048
C 260
R
P 0x7f2a7c191628
C 342
R
P 0x7f2a7c191628
P 0x7f2a7c19c048
C 259
R
P 0x7f2a7c191628
C 342
R
P 0x7f2a7c191628
P 0x7f2a7c19c048
C 258
R
P 0x7f2a7c191628
C 342
R
P 0x7f2a7c191628
P 0x7f2a7c19c048
C 9
R
P 0x7f2a7c191628
C 342
R
P 0x7f2a7c191628
I 4
P 0x7f2a7c19b208
C 150
= 0x7f2a7c19c028
R
P 0x7f2a7c191628
C 342
R
P 0x7f2a7c191628
P 0x7f2a7c19c028
C 258
R
P 0x7f2a7c191628
C 342
R
P 0x7f2a7c191628
P 0x7f2a7c19c028
C 9
R
P 0x7f2a7c191628
C 342
R
P 0x7f2a7c191628
P 0x7f2a7c19c028
C 263
R
P 0x7f2a7c191628
C 342
R
P 0x7f2a7c191628
S "slot4Duration"
C 30
R
P 0x7f2a7c191628
C 342
R
P 0x7f2a7c191628
$ |slot4Duration|
C 202
R
P 0x7f2a7c191628
C 342
R
P 0x7f2a7c191628
$ |slot4Duration|
P 0x7f2a7c19b1e8
C 51
= 0x7f2a7c19c068
R
P 0x7f2a7c191628
C 342
R
P 0x7f2a7c191628
P 0x7f2a7c19c068
C 257
R
P 0x7f2a7c191628
C 342
R
P 0x7f2a7c191628
P 0x7f2a7c19c068
C 254
= 0x7f2a7c19b1e8
R
P 0x7f2a7c191628
C 342
R
P 0x7f2a7c191628
P 0x7f2a7c19b1e8
C 209
R
P 0x7f2a7c191628
C 342
R
P 0x7f2a7c191628
P 0x7f2a7c19c068
C 260
R
P 0x7f2a7c191628
C 342
R
P 0x7f2a7c191628
P 0x7f2a7c19c068
C 259
R
P 0x7f2a7c191628
C 342
R
P 0x7f2a7c191628
P 0x7f2a7c19c068
C 258
R
P 0x7f2a7c191628
C 342
R
P 0x7f2a7c191628
P 0x7f2a7c19c068
C 9
R
P 0x7f2a7c191628
C 342
R
P 0x7f2a7c191628
U 2
P 0x7f2a7c19c048
P 0x7f2a7c19c068
p 2
C 65
= 0x7f2a7c1a20a8
R
P 0x7f2a7c191628
C 342
R
P 0x7f2a7c191628
P 0x7f2a7c1a20a8
C 257
R
P 0x7f2a7c191628
C 342
R
P 0x7f2a7c191628
P 0x7f2a7c1a20a8
C 254
= 0x7f2a7c19b1e8
R
P 0x7f2a7c191628
C 342
R
P 0x7f2a7c191628
P 0x7f2a7c19b1e8
C 209
R
P 0x7f2a7c191628
C 342
R
P 0x7f2a7c191628
P 0x7f2a7c1a20a8
C 260
R
P 0x7f2a7c191628
C 342
R
P 0x7f2a7c191628
P 0x7f2a7c1a20a8
C 259
R
P 0x7f2a7c191628
C 342
R
P 0x7f2a7c191628
P 0x7f2a7c1a20a8
C 258
R
P 0x7f2a7c191628
C 342
R
P 0x7f2a7c191628
P 0x7f2a7c1a20a8
C 9
R
P 0x7f2a7c191628
C 342
R
P 0x7f2a7c191628
I 1
P 0x7f2a7c19b208
C 150
= 0x7f2a7c19bc88
R
P 0x7f2a7c191628
C 342
R
P 0x7f2a7c191628
P 0x7f2a7c19bc88
C 258
R
P 0x7f2a7c191628
C 342
R
P 0x7f2a7c191628
P 0x7f2a7c19bc88
C 9
R
P 0x7f2a7c191628
C 342
R
P 0x7f2a7c191628
P 0x7f2a7c19bc88
C 263
R
P 0x7f2a7c191628
C 342
R
P 0x7f2a7c191628
S "slot1Start"
C 30
R
P 0x7f2a7c191628
C 342
R
P 0x7f2a7c191628
$ |slot1Start|
C 202
R
P 0x7f2a7c191628
C 342
R
P 0x7f2a7c191628
$ |slot1Start|
P 0x7f2a7c19b1e8
C 51
= 0x7f2a7c19bf48
R
P 0x7f2a7c191628
C 342
R
P 0x7f2a7c191628
P 0x7f2a7c19bf48
C 257
R
P 0x7f2a7c191628
C 342
R
P 0x7f2a7c191628
P 0x7f2a7c19bf48
C 254
= 0x7f2a7c19b1e8
R
P 0x7f2a7c191628
C 342
R
P 0x7f2a7c191628
P 0x7f2a7c19b1e8
C 209
R
P 0x7f2a7c191628
C 342
R
P 0x7f2a7c191628
P 0x7f2a7c19bf48
C 260
R
P 0x7f2a7c191628
C 342
R
P 0x7f2a7c191628
P 0x7f2a7c19bf48
C 259
R
P 0x7f2a7c191628
C 342
R
P 0x7f2a7c191628
P 0x7f2a7c19bf48
C 258
R
P 0x7f2a7c191628
C 342
R
P 0x7f2a7c191628
P 0x7f2a7c19bf48
C 9
R
P 0x7f2a7c191628
C 342
R
P 0x7f2a7c191628
I 1
P 0x7f2a7c19b208
C 150
= 0x7f2a7c19bc88
R
P 0x7f2a7c191628
C 342
R
P 0x7f2a7c191628
P 0x7f2a7c19bc88
C 258
R
P 0x7f2a7c191628
C 342
R
P 0x7f2a7c191628
P 0x7f2a7c19bc88
C 9
R
P 0x7f2a7c191628
C 342
R
P 0x7f2a7c191628
P 0x7f2a7c19bc88
C 263
R
P 0x7f2a7c191628
C 342
R
P 0x7f2a7c191628
S "slot1Duration"
C 30
R
P 0x7f2a7c191628
C 342
R
P 0x7f2a7c191628
$ |slot1Duration|
C 202
R
P 0x7f2a7c191628
C 342
R
P 0x7f2a7c191628
$ |slot1Duration|
P 0x7f2a7c19b1e8
C 51
= 0x7f2a7c19bf68
R
P 0x7f2a7c191628
C 342
R
P 0x7f2a7c191628
P 0x7f2a7c19bf68
C 257
R
P 0x7f2a7c191628
C 342
R
P 0x7f2a7c191628
P 0x7f2a7c19bf68
C 254
= 0x7f2a7c19b1e8
R
P 0x7f2a7c191628
C 342
R
P 0x7f2a7c191628
P 0x7f2a7c19b1e8
C 209
R
P 0x7f2a7c191628
C 342
R
P 0x7f2a7c191628
P 0x7f2a7c19bf68
C 260
R
P 0x7f2a7c191628
C 342
R
P 0x7f2a7c191628
P 0x7f2a7c19bf68
C 259
R
P 0x7f2a7c191628
C 342
R
P 0x7f2a7c191628
P 0x7f2a7c19bf68
C 258
R
P 0x7f2a7c191628
C 342
R
P 0x7f2a7c191628
P 0x7f2a7c19bf68
C 9
R
P 0x7f2a7c191628
C 342
R
P 0x7f2a7c191628
U 2
P 0x7f2a7c19bf48
P 0x7f2a7c19bf68
p 2
C 65
= 0x7f2a7c1a1cb8
R
P 0x7f2a7c191628
C 342
R
P 0x7f2a7c191628
P 0x7f2a7c1a1cb8
C 257
R
P 0x7f2a7c191628
C 342
R
P 0x7f2a7c191628
P 0x7f2a7c1a1cb8
C 254
= 0x7f2a7c19b1e8
R
P 0x7f2a7c191628
C 342
R
P 0x7f2a7c191628
P 0x7f2a7c19b1e8
C 209
R
P 0x7f2a7c191628
C 342
R
P 0x7f2a7c191628
P 0x7f2a7c1a1cb8
C 260
R
P 0x7f2a7c191628
C 342
R
P 0x7f2a7c191628
P 0x7f2a7c1a1cb8
C 259
R
P 0x7f2a7c191628
C 342
R
P 0x7f2a7c191628
P 0x7f2a7c1a1cb8
C 258
R
P 0x7f2a7c191628
C 342
R
P 0x7f2a7c191628
P 0x7f2a7c1a1cb8
C 9
R
P 0x7f2a7c191628
C 342
R
P 0x7f2a7c191628
P 0x7f2a7c1a20a8
P 0x7f2a7c1a1cb8
C 74
= 0x7f2a7c478820
R
P 0x7f2a7c191628
C 342
R
P 0x7f2a7c191628
P 0x7f2a7c478820
C 258
R
P 0x7f2a7c191628
C 342
R
P 0x7f2a7c191628
P 0x7f2a7c478820
C 9
R
P 0x7f2a7c191628
C 342
R
P 0x7f2a7c191628
U 2
P 0x7f2a7c1a20e0
P 0x7f2a7c478820
p 2
C 63
= 0x7f2a7c478858
R
P 0x7f2a7c191628
C 342
R
P 0x7f2a7c191628
P 0x7f2a7c478858
C 258
R
P 0x7f2a7c191628
C 342
R
P 0x7f2a7c191628
P 0x7f2a7c478858
C 9
R
P 0x7f2a7c191628
C 342
R
P 0x7f2a7c191628
P 0x7f2a7c478858
C 58
= 0x7f2a7c19ebd8
R
P 0x7f2a7c191628
C 342
R
P 0x7f2a7c191628
P 0x7f2a7c19ebd8
C 258
R
P 0x7f2a7c191628
C 342
R
P 0x7f2a7c191628
P 0x7f2a7c19ebd8
C 9
R
P 0x7f2a7c191628
C 342
R
P 0x7f2a7c191628
P 0x7f2a7c19e8d8
P 0x7f2a7c19ebd8
C 61
= 0x7f2a7c478890
R
P 0x7f2a7c191628
C 342
R
P 0x7f2a7c191628
P 0x7f2a7c478890
C 258
R
P 0x7f2a7c191628
C 342
R
P 0x7f2a7c191628
P 0x7f2a7c478890
C 9
R
P 0x7f2a7c191628
C 342
R
P 0x7f2a7c191628
P 0x7f2a7c1e1fc8
P 0x7f2a7c478890
C 427
R
P 0x7f2a7c191628
C 342
R
P 0x7f2a7c191628
I 4
P 0x7f2a7c19b208
C 150
= 0x7f2a7c19c028
R
P 0x7f2a7c191628
C 342
R
P 0x7f2a7c191628
P 0x7f2a7c19c028
C 258
R
P 0x7f2a7c191628
C 342
R
P 0x7f2a7c191628
P 0x7f2a7c19c028
C 9
R
P 0x7f2a7c191628
C 342
R
P 0x7f2a7c191628
I 2
P 0x7f2a7c19b208
C 150
= 0x7f2a7c19bcc8
R
P 0x7f2a7c191628
C 342
R
P 0x7f2a7c191628
P 0x7f2a7c19bcc8
C 258
R
P 0x7f2a7c191628
C 342
R
P 0x7f2a7c191628
P 0x7f2a7c19bcc8
C 9
R
P 0x7f2a7c191628
C 342
R
P 0x7f2a7c191628
P 0x7f2a7c19c028
P 0x7f2a7c19bcc8
C 56
= 0x7f2a7c2cd3b0
R
P 0x7f2a7c191628
C 342
R
P 0x7f2a7c191628
P 0x7f2a7c2cd3b0
C 258
R
P 0x7f2a7c191628
C 342
R
P 0x7f2a7c191628
P 0x7f2a7c2cd3b0
C 9
R
P 0x7f2a7c191628
C 342
R
P 0x7f2a7c191628
P 0x7f2a7c2cd3b0
C 58
= 0x7f2a7c19e938
R
P 0x7f2a7c191628
C 342
R
P 0x7f2a7c191628
P 0x7f2a7c19e938
C 258
R
P 0x7f2a7c191628
C 342
R
P 0x7f2a7c191628
P 0x7f2a7c19e938
C 9
R
P 0x7f2a7c191628
C 342
R
P 0x7f2a7c191628
I 2
P 0x7f2a7c19b208
C 150
= 0x7f2a7c19bcc8
R
P 0x7f2a7c191628
C 342
R
P 0x7f2a7c191628
P 0x7f2a7c19bcc8
C 258
R
P 0x7f2a7c191628
C 342
R
P 0x7f2a7c191628
P 0x7f2a7c19bcc8
C 9
R
P 0x7f2a7c191628
C 342
R
P 0x7f2a7c191628
P 0x7f2a7c19bcc8
C 263
R
P 0x7f2a7c191628
C 342
R
P 0x7f2a7c191628
S "slot2Start"
C 30
R
P 0x7f2a7c191628
C 342
R
P 0x7f2a7c191628
$ |slot2Start|
C 202
R
P 0x7f2a7c191628
C 342
R
P 0x7f2a7c191628
$ |slot2Start|
P 0x7f2a7c19b1e8
C 51
= 0x7f2a7c19bf88
R
P 0x7f2a7c191628
C 342
R
P 0x7f2a7c191628
P 0x7f2a7c19bf88
C 257
R
P 0x7f2a7c191628
C 342
R
P 0x7f2a7c191628
P 0x7f2a7c19bf88
C 254
= 0x7f2a7c19b1e8
R
P 0x7f2a7c191628
C 342
R
P 0x7f2a7c191628
P 0x7f2a7c19b1e8
C 209
R
P 0x7f2a7c191628
C 342
R
P 0x7f2a7c191628
P 0x7f2a7c19bf88
C 260
R
P 0x7f2a7c191628
C 342
R
P 0x7f2a7c191628
P 0x7f2a7c19bf88
C 259
R
P 0x7f2a7c191628
C 342
R
P 0x7f2a7c191628
P 0x7f2a7c19bf88
C 258
R
P 0x7f2a7c191628
C 342
R
P 0x7f2a7c191628
P 0x7f2a7c19bf88
C 9
R
P 0x7f2a7c191628
C 342
R
P 0x7f2a7c191628
I 4
P 0x7f2a7c19b208
C 150
= 0x7f2a7c19c028
R
P 0x7f2a7c191628
C 342
R
P 0x7f2a7c191628
P 0x7f2a7c19c028
C 258
R
P 0x7f2a7c191628
C 342
R
P 0x7f2a7c191628
P 0x7f2a7c19c028
C 9
R
P 0x7f2a7c191628
C 342
R
P 0x7f2a7c191628
P 0x7f2a7c19c028
C 263
R
P 0x7f2a7c191628
C 342
R
P 0x7f2a7c191628
S "slot4Start"
C 30
R
P 0x7f2a7c191628
C 342
R
P 0x7f2a7c191628
$ |slot4Start|
C 202
R
P 0x7f2a7c191628
C 342
R
P 0x7f2a7c191628
$ |slot4Start|
P 0x7f2a7c19b1e8
C 51
= 0x7f2a7c19c048
R
P 0x7f2a7c191628
C 342
R
P 0x7f2a7c191628
P 0x7f2a7c19c048
C 257
R
P 0x7f2a7c191628
C 342
R
P 0x7f2a7c191628
P 0x7f2a7c19c048
C 254
= 0x7f2a7c19b1e8
R
P 0x7f2a7c191628
C 342
R
P 0x7f2a7c191628
P 0x7f2a7c19b1e8
C 209
R
P 0x7f2a7c191628
C 342
R
P 0x7f2a7c191628
P 0x7f2a7c19c048
C 260
R
P 0x7f2a7c191628
C 342
R
P 0x7f2a7c191628
P 0x7f2a7c19c048
C 259
R
P 0x7f2a7c191628
C 342
R
P 0x7f2a7c191628
P 0x7f2a7c19c048
C 258
R
P 0x7f2a7c191628
C 342
R
P 0x7f2a7c191628
P 0x7f2a7c19c048
C 9
R
P 0x7f2a7c191628
C 342
R
P 0x7f2a7c191628
I 4
P 0x7f2a7c19b208
C 150
= 0x7f2a7c19c028
R
P 0x7f2a7c191628
C 342
R
P 0x7f2a7c191628
P 0x7f2a7c19c028
C 258
R
P 0x7f2a7c191628
C 342
R
P 0x7f2a7c191628
P 0x7f2a7c19c028
C 9
R
P 0x7f2a7c191628
C 342
R
P 0x7f2a7c191628
P 0x7f2a7c19c028
C 263
R
P 0x7f2a7c191628
C 342
R
P 0x7f2a7c191628
S "slot4Duration"
C 30
R
P 0x7f2a7c191628
C 342
R
P 0x7f2a7c191628
$ |slot4Duration|
C 202
R
P 0x7f2a7c191628
C 342
R
P 0x7f2a7c191628
$ |slot4Duration|
P 0x7f2a7c19b1e8
C 51
= 0x7f2a7c19c068
R
P 0x7f2a7c191628
C 342
R
P 0x7f2a7c191628
P 0x7f2a7c19c068
C 257
R
P 0x7f2a7c191628
C 342
R
P 0x7f2a7c191628
P 0x7f2a7c19c068
C 254
= 0x7f2a7c19b1e8
R
P 0x7f2a7c191628
C 342
R
P 0x7f2a7c191628
P 0x7f2a7c19b1e8
C 209
R
P 0x7f2a7c191628
C 342
R
P 0x7f2a7c191628
P 0x7f2a7c19c068
C 260
R
P 0x7f2a7c191628
C 342
R
P 0x7f2a7c191628
P 0x7f2a7c19c068
C 259
R
P 0x7f2a7c191628
C 342
R
P 0x7f2a7c191628
P 0x7f2a7c19c068
C 258
R
P 0x7f2a7c191628
C 342
R
P 0x7f2a7c191628
P 0x7f2a7c19c068
C 9
R
P 0x7f2a7c191628
C 342
R
P 0x7f2a7c191628
U 2
P 0x7f2a7c19c048
P 0x7f2a7c19c068
p 2
C 65
= 0x7f2a7c1a20a8
R
P 0x7f2a7c191628
C 342
R
P 0x7f2a7c191628
P 0x7f2a7c1a20a8
C 257
R
P 0x7f2a7c191628
C 342
R
P 0x7f2a7c191628
P 0x7f2a7c1a20a8
C 254
= 0x7f2a7c19b1e8
R
P 0x7f2a7c191628
C 342
R
P 0x7f2a7c191628
P 0x7f2a7c19b1e8
C 209
R
P 0x7f2a7c191628
C 342
R
P 0x7f2a7c191628
P 0x7f2a7c1a20a8
C 260
R
P 0x7f2a7c191628
C 342
R
P 0x7f2a7c191628
P 0x7f2a7c1a20a8
C 259
R
P 0x7f2a7c191628
C 342
R
P 0x7f2a7c191628
P 0x7f2a7c1a20a8
C 258
R
P 0x7f2a7c191628
C 342
R
P 0x7f2a7c191628
P 0x7f2a7c1a20a8
C 9
R
P 0x7f2a7c191628
C 342
R
P 0x7f2a7c191628
P 0x7f2a7c19bf88
P 0x7f2a7c1a20a8
C 74
= 0x7f2a7c2cb580
R
P 0x7f2a7c191628
C 342
R
P 0x7f2a7c191628
P 0x7f2a7c2cb580
C 258
R
P 0x7f2a7c191628
C 342
R
P 0x7f2a7c191628
P 0x7f2a7c2cb580
C 9
R
P 0x7f2a7c191628
C 342
R
P 0x7f2a7c191628
I 4
P 0x7f2a7c19b208
C 150
= 0x7f2a7c19c028
R
P 0x7f2a7c191628
C 342
R
P 0x7f2a7c191628
P 0x7f2a7c19c028
C 258
R
P 0x7f2a7c191628
C 342
R
P 0x7f2a7c191628
P 0x7f2a7c19c028
C 9
R
P 0x7f2a7c191628
C 342
R
P 0x7f2a7c191628
P 0x7f2a7c19c028
C 263
R
P 0x7f2a7c191628
C 342
R
P 0x7f2a7c191628
S "slot4Start"
C 30
R
P 0x7f2a7c191628
C 342
R
P 0x7f2a7c191628
$ |slot4Start|
C 202
R
P 0x7f2a7c191628
C 342
R
P 0x7f2a7c191628
$ |slot4Start|
P 0x7f2a7c19b1e8
C 51
= 0x7f2a7c19c048
R
P 0x7f2a7c191628
C 342
R
P 0x7f2a7c191628
P 0x7f2a7c19c048
C 257
R
P 0x7f2a7c191628
C 342
R
P 0x7f2a7c191628
P 0x7f2a7c19c048
C 254
= 0x7f2a7c19b1e8
R
P 0x7f2a7c191628
C 342
R
P 0x7f2a7c191628
P 0x7f2a7c19b1e8
C 209
R
P 0x7f2a7c191628
C 342
R
P 0x7f2a7c191628
P 0x7f2a7c19c048
C 260
R
P 0x7f2a7c191628
C 342
R
P 0x7f2a7c191628
P 0x7f2a7c19c048
C 259
R
P 0x7f2a7c191628
C 342
R
P 0x7f2a7c191628
P 0x7f2a7c19c048
C 258
R
P 0x7f2a7c191628
C 342
R
P 0x7f2a7c191628
P 0x7f2a7c19c048
C 9
R
P 0x7f2a7c191628
C 342
R
P 0x7f2a7c191628
I 4
P 0x7f2a7c19b208
C 150
= 0x7f2a7c19c028
R
P 0x7f2a7c191628
C 342
R
P 0x7f2a7c191628
P 0x7f2a7c19c028
C 258
R
P 0x7f2a7c191628
C 342
R
P 0x7f2a7c191628
P 0x7f2a7c19c028
C 9
R
P 0x7f2a7c191628
C 342
R
P 0x7f2a7c191628
P 0x7f2a7c19c028
C 263
R
P 0x7f2a7c191628
C 342
R
P 0x7f2a7c191628
S "slot4Duration"
C 30
R
P 0x7f2a7c191628
C 342
R
P 0x7f2a7c191628
$ |slot4Duration|
C 202
R
P 0x7f2a7c191628
C 342
R
P 0x7f2a7c191628
$ |slot4Duration|
P 0x7f2a7c19b1e8
C 51
= 0x7f2a7c19c068
R
P 0x7f2a7c191628
C 342
R
P 0x7f2a7c191628
P 0x7f2a7c19c068
C 257
R
P 0x7f2a7c191628
C 342
R
P 0x7f2a7c191628
P 0x7f2a7c19c068
C 254
= 0x7f2a7c19b1e8
R
P 0x7f2a7c191628
C 342
R
P 0x7f2a7c191628
P 0x7f2a7c19b1e8
C 209
R
P 0x7f2a7c191628
C 342
R
P 0x7f2a7c191628
P 0x7f2a7c19c068
C 260
R
P 0x7f2a7c191628
C 342
R
P 0x7f2a7c191628
P 0x7f2a7c19c068
C 259
R
P 0x7f2a7c191628
C 342
R
P 0x7f2a7c191628
P 0x7f2a7c19c068
C 258
R
P 0x7f2a7c191628
C 342
R
P 0x7f2a7c191628
P 0x7f2a7c19c068
C 9
R
P 0x7f2a7c191628
C 342
R
P 0x7f2a7c191628
U 2
P 0x7f2a7c19c048
P 0x7f2a7c19c068
p 2
C 65
= 0x7f2a7c1a20a8
R
P 0x7f2a7c191628
C 342
R
P 0x7f2a7c191628
P 0x7f2a7c1a20a8
C 257
R
P 0x7f2a7c191628
C 342
R
P 0x7f2a7c191628
P 0x7f2a7c1a20a8
C 254
= 0x7f2a7c19b1e8
R
P 0x7f2a7c191628
C 342
R
P 0x7f2a7c191628
P 0x7f2a7c19b1e8
C 209
R
P 0x7f2a7c191628
C 342
R
P 0x7f2a7c191628
P 0x7f2a7c1a20a8
C 260
R
P 0x7f2a7c191628
C 342
R
P 0x7f2a7c191628
P 0x7f2a7c1a20a8
C 259
R
P 0x7f2a7c191628
C 342
R
P 0x7f2a7c191628
P 0x7f2a7c1a20a8
C 258
R
P 0x7f2a7c191628
C 342
R
P 0x7f2a7c191628
P 0x7f2a7c1a20a8
C 9
R
P 0x7f2a7c191628
C 342
R
P 0x7f2a7c191628
I 2
P 0x7f2a7c19b208
C 150
= 0x7f2a7c19bcc8
R
P 0x7f2a7c191628
C 342
R
P 0x7f2a7c191628
P 0x7f2a7c19bcc8
C 258
R
P 0x7f2a7c191628
C 342
R
P 0x7f2a7c191628
P 0x7f2a7c19bcc8
C 9
R
P 0x7f2a7c191628
C 342
R
P 0x7f2a7c191628
P 0x7f2a7c19bcc8
C 263
R
P 0x7f2a7c191628
C 342
R
P 0x7f2a7c191628
S "slot2Start"
C 30
R
P 0x7f2a7c191628
C 342
R
P 0x7f2a7c191628
$ |slot2Start|
C 202
R
P 0x7f2a7c191628
C 342
R
P 0x7f2a7c191628
$ |slot2Start|
P 0x7f2a7c19b1e8
C 51
= 0x7f2a7c19bf88
R
P 0x7f2a7c191628
C 342
R
P 0x7f2a7c191628
P 0x7f2a7c19bf88
C 257
R
P 0x7f2a7c191628
C 342
R
P 0x7f2a7c191628
P 0x7f2a7c19bf88
C 254
= 0x7f2a7c19b1e8
R
P 0x7f2a7c191628
C 342
R
P 0x7f2a7c191628
P 0x7f2a7c19b1e8
C 209
R
P 0x7f2a7c191628
C 342
R
P 0x7f2a7c191628
P 0x7f2a7c19bf88
C 260
R
P 0x7f2a7c191628
C 342
R
P 0x7f2a7c191628
P 0x7f2a7c19bf88
C 259
R
P 0x7f2a7c191628
C 342
R
P 0x7f2a7c191628
P 0x7f2a7c19bf88
C 258
R
P 0x7f2a7c191628
C 342
R
P 0x7f2a7c191628
P 0x7f2a7c19bf88
C 9
R
P 0x7f2a7c191628
C 342
R
P 0x7f2a7c191628
I 2
P 0x7f2a7c19b208
C 150
= 0x7f2a7c19bcc8
R
P 0x7f2a7c191628
C 342
R
P 0x7f2a7c191628
P 0x7f2a7c19bcc8
C 258
R
P 0x7f2a7c191628
C 342
R
P 0x7f2a7c191628
P 0x7f2a7c19bcc8
C 9
R
P 0x7f2a7c191628
C 342
R
P 0x7f2a7c191628
P 0x7f2a7c19bcc8
C 263
R
P 0x7f2a7c191628
C 342
R
P 0x7f2a7c191628
S "slot2Duration"
C 30
R
P 0x7f2a7c191628
C 342
R
P 0x7f2a7c191628
$ |slot2Duration|
C 202
R
P 0x7f2a7c191628
C 342
R
P 0x7f2a7c191628
$ |slot2Duration|
P 0x7f2a7c19b1e8
C 51
= 0x7f2a7c19bfa8
R
P 0x7f2a7c191628
C 342
R
P 0x7f2a7c191628
P 0x7f2a7c19bfa8
C 257
R
P 0x7f2a7c191628
C 342
R
P 0x7f2a7c191628
P 0x7f2a7c19bfa8
C 254
= 0x7f2a7c19b1e8
R
P 0x7f2a7c191628
C 342
R
P 0x7f2a7c191628
P 0x7f2a7c19b1e8
C 209
R
P 0x7f2a7c191628
C 342
R
P 0x7f2a7c191628
P 0x7f2a7c19bfa8
C 260
R
P 0x7f2a7c191628
C 342
R
P 0x7f2a7c191628
P 0x7f2a7c19bfa8
C 259
R
P 0x7f2a7c191628
C 342
R
P 0x7f2a7c191628
P 0x7f2a7c19bfa8
C 258
R
P 0x7f2a7c191628
C 342
R
P 0x7f2a7c191628
P 0x7f2a7c19bfa8
C 9
R
P 0x7f2a7c191628
C 342
R
P 0x7f2a7c191628
U 2
P 0x7f2a7c19bf88
P 0x7f2a7c19bfa8
p 2
C 65
= 0x7f2a7c1a1e08
R
P 0x7f2a7c191628
C 342
R
P 0x7f2a7c191628
P 0x7f2a7c1a1e08
C 257
R
P 0x7f2a7c191628
C 342
R
P 0x7f2a7c191628
P 0x7f2a7c1a1e08
C 254
= 0x7f2a7c19b1e8
R
P 0x7f2a7c191628
C 342
R
P 0x7f2a7c191628
P 0x7f2a7c19b1e8
C 209
R
P 0x7f2a7c191628
C 342
R
P 0x7f2a7c191628
P 0x7f2a7c1a1e08
C 260
R
P 0x7f2a7c191628
C 342
R
P 0x7f2a7c191628
P 0x7f2a7c1a1e08
C 259
R
P 0x7f2a7c191628
C 342
R
P 0x7f2a7c191628
P 0x7f2a7c1a1e08
C 258
R
P 0x7f2a7c191628
C 342
R
P 0x7f2a7c191628
P 0x7f2a7c1a1e08
C 9
R
P 0x7f2a7c191628
C 342
R
P 0x7f2a7c191628
P 0x7f2a7c1a20a8
P 0x7f2a7c1a1e08
C 74
= 0x7f2a7c4788c8
R
P 0x7f2a7c191628
C 342
R
P 0x7f2a7c191628
P 0x7f2a7c4788c8
C 258
R
P 0x7f2a7c191628
C 342
R
P 0x7f2a7c191628
P 0x7f2a7c4788c8
C 9
R
P 0x7f2a7c191628
C 342
R
P 0x7f2a7c191628
U 2
P 0x7f2a7c2cb580
P 0x7f2a7c4788c8
p 2
C 63
= 0x7f2a7c478900
R
P 0x7f2a7c191628
C 342
R
P 0x7f2a7c191628
P 0x7f2a7c478900
C 258
R
P 0x7f2a7c191628
C 342
R
P 0x7f2a7c191628
P 0x7f2a7c478900
C 9
R
P 0x7f2a7c191628
C 342
R
P 0x7f2a7c191628
P 0x7f2a7c478900
C 58
= 0x7f2a7c19ec08
R
P 0x7f2a7c191628
C 342
R
P 0x7f2a7c191628
P 0x7f2a7c19ec08
C 258
R
P 0x7f2a7c191628
C 342
R
P 0x7f2a7c191628
P 0x7f2a7c19ec08
C 9
R
P 0x7f2a7c191628
C 342
R
P 0x7f2a7c191628
P 0x7f2a7c19e938
P 0x7f2a7c19ec08
C 61
= 0x7f2a7c478938
R
P 0x7f2a7c191628
C 342
R
P 0x7f2a7c191628
P 0x7f2a7c478938
C 258
R
P 0x7f2a7c191628
C 342
R
P 0x7f2a7c191628
P 0x7f2a7c478938
C 9
R
P 0x7f2a7c191628
C 342
R
P 0x7f2a7c191628
P 0x7f2a7c1e1fc8
P 0x7f2a7c478938
C 427
R
P 0x7f2a7c191628
C 342
R
P 0x7f2a7c191628
I 4
P 0x7f2a7c19b208
C 150
= 0x7f2a7c19c028
R
P 0x7f2a7c191628
C 342
R
P 0x7f2a7c191628
P 0x7f2a7c19c028
C 258
R
P 0x7f2a7c191628
C 342
R
P 0x7f2a7c191628
P 0x7f2a7c19c028
C 9
R
P 0x7f2a7c191628
C 342
R
P 0x7f2a7c191628
I 3
P 0x7f2a7c19b208
C 150
= 0x7f2a7c19bfc8
R
P 0x7f2a7c191628
C 342
R
P 0x7f2a7c191628
P 0x7f2a7c19bfc8
C 258
R
P 0x7f2a7c191628
C 342
R
P 0x7f2a7c191628
P 0x7f2a7c19bfc8
C 9
R
P 0x7f2a7c191628
C 342
R
P 0x7f2a7c191628
P 0x7f2a7c19c028
P 0x7f2a7c19bfc8
C 56
= 0x7f2a7c2cd490
R
P 0x7f2a7c191628
C 342
R
P 0x7f2a7c191628
P 0x7f2a7c2cd490
C 258
R
P 0x7f2a7c191628
C 342
R
P 0x7f2a7c191628
P 0x7f2a7c2cd490
C 9
R
P 0x7f2a7c191628
C 342
R
P 0x7f2a7c191628
P 0x7f2a7c2cd490
C 58
= 0x7f2a7c19e998
R
P 0x7f2a7c191628
C 342
R
P 0x7f2a7c191628
P 0x7f2a7c19e998
C 258
R
P 0x7f2a7c191628
C 342
R
P 0x7f2a7c191628
P 0x7f2a7c19e998
C 9
R
P 0x7f2a7c191628
C 342
R
P 0x7f2a7c191628
I 3
P 0x7f2a7c19b208
C 150
= 0x7f2a7c19bfc8
R
P 0x7f2a7c191628
C 342
R
P 0x7f2a7c191628
P 0x7f2a7c19bfc8
C 258
R
P 0x7f2a7c191628
C 342
R
P 0x7f2a7c191628
P 0x7f2a7c19bfc8
C 9
R
P 0x7f2a7c191628
C 342
R
P 0x7f2a7c191628
P 0x7f2a7c19bfc8
C 263
R
P 0x7f2a7c191628
C 342
R
P 0x7f2a7c191628
S "slot3Start"
C 30
R
P 0x7f2a7c191628
C 342
R
P 0x7f2a7c191628
$ |slot3Start|
C 202
R
P 0x7f2a7c191628
C 342
R
P 0x7f2a7c191628
$ |slot3Start|
P 0x7f2a7c19b1e8
C 51
= 0x7f2a7c19bfe8
R
P 0x7f2a7c191628
C 342
R
P 0x7f2a7c191628
P 0x7f2a7c19bfe8
C 257
R
P 0x7f2a7c191628
C 342
R
P 0x7f2a7c191628
P 0x7f2a7c19bfe8
C 254
= 0x7f2a7c19b1e8
R
P 0x7f2a7c191628
C 342
R
P 0x7f2a7c191628
P 0x7f2a7c19b1e8
C 209
R
P 0x7f2a7c191628
C 342
R
P 0x7f2a7c191628
P 0x7f2a7c19bfe8
C 260
R
P 0x7f2a7c191628
C 342
R
P 0x7f2a7c191628
P 0x7f2a7c19bfe8
C 259
R
P 0x7f2a7c191628
C 342
R
P 0x7f2a7c191628
P 0x7f2a7c19bfe8
C 258
R
P 0x7f2a7c191628
C 342
R
P 0x7f2a7c191628
P 0x7f2a7c19bfe8
C 9
R
P 0x7f2a7c191628
C 342
R
P 0x7f2a7c191628
I 4
P 0x7f2a7c19b208
C 150
= 0x7f2a7c19c028
R
P 0x7f2a7c191628
C 342
R
P 0x7f2a7c191628
P 0x7f2a7c19c028
C 258
R
P 0x7f2a7c191628
C 342
R
P 0x7f2a7c191628
P 0x7f2a7c19c028
C 9
R
P 0x7f2a7c191628
C 342
R
P 0x7f2a7c191628
P 0x7f2a7c19c028
C 263
R
P 0x7f2a7c191628
C 342
R
P 0x7f2a7c191628
S "slot4Start"
C 30
R
P 0x7f2a7c191628
C 342
R
P 0x7f2a7c191628
$ |slot4Start|
C 202
R
P 0x7f2a7c191628
C 342
R
P 0x7f2a7c191628
$ |slot4Start|
P 0x7f2a7c19b1e8
C 51
= 0x7f2a7c19c048
R
P 0x7f2a7c191628
C 342
R
P 0x7f2a7c191628
P 0x7f2a7c19c048
C 257
R
P 0x7f2a7c191628
C 342
R
P 0x7f2a7c191628
P 0x7f2a7c19c048
C 254
= 0x7f2a7c19b1e8
R
P 0x7f2a7c191628
C 342
R
P 0x7f2a7c191628
P 0x7f2a7c19b1e8
C 209
R
P 0x7f2a7c191628
C 342
R
P 0x7f2a7c191628
P 0x7f2a7c19c048
C 260
R
P 0x7f2a7c191628
C 342
R
P 0x7f2a7c191628
P 0x7f2a7c19c048
C 259
R
P 0x7f2a7c191628
C 342
R
P 0x7f2a7c191628
P 0x7f2a7c19c048
C 258
R
P 0x7f2a7c191628
C 342
R
P 0x7f2a7c191628
P 0x7f2a7c19c048
C 9
R
P 0x7f2a7c191628
C 342
R
P 0x7f2a7c191628
I 4
P 0x7f2a7c19b208
C 150
= 0x7f2a7c19c028
R
P 0x7f2a7c191628
C 342
R
P 0x7f2a7c191628
P 0x7f2a7c19c028
C 258
R
P 0x7f2a7c191628
C 342
R
P 0x7f2a7c191628
P 0x7f2a7c19c028
C 9
R
P 0x7f2a7c191628
C 342
R
P 0x7f2a7c191628
P 0x7f2a7c19c028
C 263
R
P 0x7f2a7c191628
C 342
R
P 0x7f2a7c191628
S "slot4Duration"
C 30
R
P 0x7f2a7c191628
C 342
R
P 0x7f2a7c191628
$ |slot4Duration|
C 202
R
P 0x7f2a7c191628
C 342
R
P 0x7f2a7c191628
$ |slot4Duration|
P 0x7f2a7c19b1e8
C 51
= 0x7f2a7c19c068
R
P 0x7f2a7c191628
C 342
R
P 0x7f2a7c191628
P 0x7f2a7c19c068
C 257
R
P 0x7f2a7c191628
C 342
R
P 0x7f2a7c191628
P 0x7f2a7c19c068
C 254
= 0x7f2a7c19b1e8
R
P 0x7f2a7c191628
C 342
R
P 0x7f2a7c191628
P 0x7f2a7c19b1e8
C 209
R
P 0x7f2a7c191628
C 342
R
P 0x7f2a7c191628
P 0x7f2a7c19c068
C 260
R
P 0x7f2a7c191628
C 342
R
P 0x7f2a7c191628
P 0x7f2a7c19c068
C 259
R
P 0x7f2a7c191628
C 342
R
P 0x7f2a7c191628
P 0x7f2a7c19c068
C 258
R
P 0x7f2a7c191628
C 342
R
P 0x7f2a7c191628
P 0x7f2a7c19c068
C 9
R
P 0x7f2a7c191628
C 342
R
P 0x7f2a7c191628
U 2
P 0x7f2a7c19c048
P 0x7f2a7c19c068
p 2
C 65
= 0x7f2a7c1a20a8
R
P 0x7f2a7c191628
C 342
R
P 0x7f2a7c191628
P 0x7f2a7c1a20a8
C 257
R
P 0x7f2a7c191628
C 342
R
P 0x7f2a7c191628
P 0x7f2a7c1a20a8
C 254
= 0x7f2a7c19b1e8
R
P 0x7f2a7c191628
C 342
R
P 0x7f2a7c191628
P 0x7f2a7c19b1e8
C 209
R
P 0x7f2a7c191628
C 342
R
P 0x7f2a7c191628
P 0x7f2a7c1a20a8
C 260
R
P 0x7f2a7c191628
C 342
R
P 0x7f2a7c191628
P 0x7f2a7c1a20a8
C 259
R
P 0x7f2a7c191628
C 342
R
P 0x7f2a7c191628
P 0x7f2a7c1a20a8
C 258
R
P 0x7f2a7c191628
C 342
R
P 0x7f2a7c191628
P 0x7f2a7c1a20a8
C 9
R
P 0x7f2a7c191628
C 342
R
P 0x7f2a7c191628
P 0x7f2a7c19bfe8
P 0x7f2a7c1a20a8
C 74
= 0x7f2a7c2cc5e8
R
P 0x7f2a7c191628
C 342
R
P 0x7f2a7c191628
P 0x7f2a7c2cc5e8
C 258
R
P 0x7f2a7c191628
C 342
R
P 0x7f2a7c191628
P 0x7f2a7c2cc5e8
C 9
R
P 0x7f2a7c191628
C 342
R
P 0x7f2a7c191628
I 4
P 0x7f2a7c19b208
C 150
= 0x7f2a7c19c028
R
P 0x7f2a7c191628
C 342
R
P 0x7f2a7c191628
P 0x7f2a7c19c028
C 258
R
P 0x7f2a7c191628
C 342
R
P 0x7f2a7c191628
P 0x7f2a7c19c028
C 9
R
P 0x7f2a7c191628
C 342
R
P 0x7f2a7c191628
P 0x7f2a7c19c028
C 263
R
P 0x7f2a7c191628
C 342
R
P 0x7f2a7c191628
S "slot4Start"
C 30
R
P 0x7f2a7c191628
C 342
R
P 0x7f2a7c191628
$ |slot4Start|
C 202
R
P 0x7f2a7c191628
C 342
R
P 0x7f2a7c191628
$ |slot4Start|
P 0x7f2a7c19b1e8
C 51
= 0x7f2a7c19c048
R
P 0x7f2a7c191628
C 342
R
P 0x7f2a7c191628
P 0x7f2a7c19c048
C 257
R
P 0x7f2a7c191628
C 342
R
P 0x7f2a7c191628
P 0x7f2a7c19c048
C 254
= 0x7f2a7c19b1e8
R
P 0x7f2a7c191628
C 342
R
P 0x7f2a7c191628
P 0x7f2a7c19b1e8
C 209
R
P 0x7f2a7c191628
C 342
R
P 0x7f2a7c191628
P 0x7f2a7c19c048
C 260
R
P 0x7f2a7c191628
C 342
R
P 0x7f2a7c191628
P 0x7f2a7c19c048
C 259
R
P 0x7f2a7c191628
C 342
R
P 0x7f2a7c191628
P 0x7f2a7c19c048
C 258
R
P 0x7f2a7c191628
C 342
R
P 0x7f2a7c191628
P 0x7f2a7c19c048
C 9
R
P 0x7f2a7c191628
C 342
R
P 0x7f2a7c191628
I 4
P 0x7f2a7c19b208
C 150
= 0x7f2a7c19c028
R
P 0x7f2a7c191628
C 342
R
P 0x7f2a7c191628
P 0x7f2a7c19c028
C 258
R
P 0x7f2a7c191628
C 342
R
P 0x7f2a7c191628
P 0x7f2a7c19c028
C 9
R
P 0x7f2a7c191628
C 342
R
P 0x7f2a7c191628
P 0x7f2a7c19c028
C 263
R
P 0x7f2a7c191628
C 342
R
P 0x7f2a7c191628
S "slot4Duration"
C 30
R
P 0x7f2a7c191628
C 342
R
P 0x7f2a7c191628
$ |slot4Duration|
C 202
R
P 0x7f2a7c191628
C 342
R
P 0x7f2a7c191628
$ |slot4Duration|
P 0x7f2a7c19b1e8
C 51
= 0x7f2a7c19c068
R
P 0x7f2a7c191628
C 342
R
P 0x7f2a7c191628
P 0x7f2a7c19c068
C 257
R
P 0x7f2a7c191628
C 342
R
P 0x7f2a7c191628
P 0x7f2a7c19c068
C 254
= 0x7f2a7c19b1e8
R
P 0x7f2a7c191628
C 342
R
P 0x7f2a7c191628
P 0x7f2a7c19b1e8
C 209
R
P 0x7f2a7c191628
C 342
R
P 0x7f2a7c191628
P 0x7f2a7c19c068
C 260
R
P 0x7f2a7c191628
C 342
R
P 0x7f2a7c191628
P 0x7f2a7c19c068
C 259
R
P 0x7f2a7c191628
C 342
R
P 0x7f2a7c191628
P 0x7f2a7c19c068
C 258
R
P 0x7f2a7c191628
C 342
R
P 0x7f2a7c191628
P 0x7f2a7c19c068
C 9
R
P 0x7f2a7c191628
C 342
R
P 0x7f2a7c191628
U 2
P 0x7f2a7c19c048
P 0x7f2a7c19c068
p 2
C 65
= 0x7f2a7c1a20a8
R
P 0x7f2a7c191628
C 342
R
P 0x7f2a7c191628
P 0x7f2a7c1a20a8
C 257
R
P 0x7f2a7c191628
C 342
R
P 0x7f2a7c191628
P 0x7f2a7c1a20a8
C 254
= 0x7f2a7c19b1e8
R
P 0x7f2a7c191628
C 342
R
P 0x7f2a7c191628
P 0x7f2a7c19b1e8
C 209
R
P 0x7f2a7c191628
C 342
R
P 0x7f2a7c191628
P 0x7f2a7c1a20a8
C 260
R
P 0x7f2a7c191628
C 342
R
P 0x7f2a7c191628
P 0x7f2a7c1a20a8
C 259
R
P 0x7f2a7c191628
C 342
R
P 0x7f2a7c191628
P 0x7f2a7c1a20a8
C 258
R
P 0x7f2a7c191628
C 342
R
P 0x7f2a7c191628
P 0x7f2a7c1a20a8
C 9
R
P 0x7f2a7c191628
C 342
R
P 0x7f2a7c191628
I 3
P 0x7f2a7c19b208
C 150
= 0x7f2a7c19bfc8
R
P 0x7f2a7c191628
C 342
R
P 0x7f2a7c191628
P 0x7f2a7c19bfc8
C 258
R
P 0x7f2a7c191628
C 342
R
P 0x7f2a7c191628
P 0x7f2a7c19bfc8
C 9
R
P 0x7f2a7c191628
C 342
R
P 0x7f2a7c191628
P 0x7f2a7c19bfc8
C 263
R
P 0x7f2a7c191628
C 342
R
P 0x7f2a7c191628
S "slot3Start"
C 30
R
P 0x7f2a7c191628
C 342
R
P 0x7f2a7c191628
$ |slot3Start|
C 202
R
P 0x7f2a7c191628
C 342
R
P 0x7f2a7c191628
$ |slot3Start|
P 0x7f2a7c19b1e8
C 51
= 0x7f2a7c19bfe8
R
P 0x7f2a7c191628
C 342
R
P 0x7f2a7c191628
P 0x7f2a7c19bfe8
C 257
R
P 0x7f2a7c191628
C 342
R
P 0x7f2a7c191628
P 0x7f2a7c19bfe8
C 254
= 0x7f2a7c19b1e8
R
P 0x7f2a7c191628
C 342
R
P 0x7f2a7c191628
P 0x7f2a7c19b1e8
C 209
R
P 0x7f2a7c191628
C 342
R
P 0x7f2a7c191628
P 0x7f2a7c19bfe8
C 260
R
P 0x7f2a7c191628
C 342
R
P 0x7f2a7c191628
P 0x7f2a7c19bfe8
C 259
R
P 0x7f2a7c191628
C 342
R
P 0x7f2a7c191628
P 0x7f2a7c19bfe8
C 258
R
P 0x7f2a7c191628
C 342
R
P 0x7f2a7c191628
P 0x7f2a7c19bfe8
C 9
R
P 0x7f2a7c191628
C 342
R
P 0x7f2a7c191628
I 3
P 0x7f2a7c19b208
C 150
= 0x7f2a7c19bfc8
R
P 0x7f2a7c191628
C 342
R
P 0x7f2a7c191628
P 0x7f2a7c19bfc8
C 258
R
P 0x7f2a7c191628
C 342
R
P 0x7f2a7c191628
P 0x7f2a7c19bfc8
C 9
R
P 0x7f2a7c191628
C 342
R
P 0x7f2a7c191628
P 0x7f2a7c19bfc8
C 263
R
P 0x7f2a7c191628
C 342
R
P 0x7f2a7c191628
S "slot3Duration"
C 30
R
P 0x7f2a7c191628
C 342
R
P 0x7f2a7c191628
$ |slot3Duration|
C 202
R
P 0x7f2a7c191628
C 342
R
P 0x7f2a7c191628
$ |slot3Duration|
P 0x7f2a7c19b1e8
C 51
= 0x7f2a7c19c008
R
P 0x7f2a7c191628
C 342
R
P 0x7f2a7c191628
P 0x7f2a7c19c008
C 257
R
P 0x7f2a7c191628
C 342
R
P 0x7f2a7c191628
P 0x7f2a7c19c008
C 254
= 0x7f2a7c19b1e8
R
P 0x7f2a7c191628
C 342
R
P 0x7f2a7c191628
P 0x7f2a7c19b1e8
C 209
R
P 0x7f2a7c191628
C 342
R
P 0x7f2a7c191628
P 0x7f2a7c19c008
C 260
R
P 0x7f2a7c191628
C 342
R
P 0x7f2a7c191628
P 0x7f2a7c19c008
C 259
R
P 0x7f2a7c191628
C 342
R
P 0x7f2a7c191628
P 0x7f2a7c19c008
C 258
R
P 0x7f2a7c191628
C 342
R
P 0x7f2a7c191628
P 0x7f2a7c19c008
C 9
R
P 0x7f2a7c191628
C 342
R
P 0x7f2a7c191628
U 2
P 0x7f2a7c19bfe8
P 0x7f2a7c19c008
p 2
C 65
= 0x7f2a7c1a1f58
R
P 0x7f2a7c191628
C 342
R
P 0x7f2a7c191628
P 0x7f2a7c1a1f58
C 257
R
P 0x7f2a7c191628
C 342
R
P 0x7f2a7c191628
P 0x7f2a7c1a1f58
C 254
= 0x7f2a7c19b1e8
R
P 0x7f2a7c191628
C 342
R
P 0x7f2a7c191628
P 0x7f2a7c19b1e8
C 209
R
P 0x7f2a7c191628
C 342
R
P 0x7f2a7c191628
P 0x7f2a7c1a1f58
C 260
R
P 0x7f2a7c191628
C 342
R
P 0x7f2a7c191628
P 0x7f2a7c1a1f58
C 259
R
P 0x7f2a7c191628
C 342
R
P 0x7f2a7c191628
P 0x7f2a7c1a1f58
C 258
R
P 0x7f2a7c191628
C 342
R
P 0x7f2a7c191628
P 0x7f2a7c1a1f58
C 9
R
P 0x7f2a7c191628
C 342
R
P 0x7f2a7c191628
P 0x7f2a7c1a20a8
P 0x7f2a7c1a1f58
C 74
= 0x7f2a7c478970
R
P 0x7f2a7c191628
C 342
R
P 0x7f2a7c191628
P 0x7f2a7c478970
C 258
R
P 0x7f2a7c191628
C 342
R
P 0x7f2a7c191628
P 0x7f2a7c478970
C 9
R
P 0x7f2a7c191628
C 342
R
P 0x7f2a7c191628
U 2
P 0x7f2a7c2cc5e8
P 0x7f2a7c478970
p 2
C 63
= 0x7f2a7c4789a8
R
P 0x7f2a7c191628
C 342
R
P 0x7f2a7c191628
P 0x7f2a7c4789a8
C 258
R
P 0x7f2a7c191628
C 342
R
P 0x7f2a7c191628
P 0x7f2a7c4789a8
C 9
R
P 0x7f2a7c191628
C 342
R
P 0x7f2a7c191628
P 0x7f2a7c4789a8
C 58
= 0x7f2a7c19ec38
R
P 0x7f2a7c191628
C 342
R
P 0x7f2a7c191628
P 0x7f2a7c19ec38
C 258
R
P 0x7f2a7c191628
C 342
R
P 0x7f2a7c191628
P 0x7f2a7c19ec38
C 9
R
P 0x7f2a7c191628
C 342
R
P 0x7f2a7c191628
P 0x7f2a7c19e998
P 0x7f2a7c19ec38
C 61
= 0x7f2a7c4789e0
R
P 0x7f2a7c191628
C 342
R
P 0x7f2a7c191628
P 0x7f2a7c4789e0
C 258
R
P 0x7f2a7c191628
C 342
R
P 0x7f2a7c191628
P 0x7f2a7c4789e0
C 9
R
P 0x7f2a7c191628
C 342
R
P 0x7f2a7c191628
P 0x7f2a7c1e1fc8
P 0x7f2a7c4789e0
C 427
R
P 0x7f2a7c191628
C 342
R
P 0x7f2a7c191628
I 4
P 0x7f2a7c19b208
C 150
= 0x7f2a7c19c028
R
P 0x7f2a7c191628
C 342
R
P 0x7f2a7c191628
P 0x7f2a7c19c028
C 258
R
P 0x7f2a7c191628
C 342
R
P 0x7f2a7c191628
P 0x7f2a7c19c028
C 9
R
P 0x7f2a7c191628
C 342
R
P 0x7f2a7c191628
I 4
P 0x7f2a7c19b208
C 150
= 0x7f2a7c19c028
R
P 0x7f2a7c191628
C 342
R
P 0x7f2a7c191628
P 0x7f2a7c19c028
C 258
R
P 0x7f2a7c191628
C 342
R
P 0x7f2a7c191628
P 0x7f2a7c19c028
C 9
R
P 0x7f2a7c191628
C 342
R
P 0x7f2a7c191628
P 0x7f2a7c19c028
P 0x7f2a7c19c028
C 56
= 0x7f2a7c4782a8
R
P 0x7f2a7c191628
C 342
R
P 0x7f2a7c191628
P 0x7f2a7c4782a8
C 258
R
P 0x7f2a7c191628
C 342
R
P 0x7f2a7c191628
P 0x7f2a7c4782a8
C 9
R
P 0x7f2a7c191628
C 342
R
P 0x7f2a7c191628
P 0x7f2a7c4782a8
C 58
= 0x7f2a7c19e9f8
R
P 0x7f2a7c191628
C 342
R
P 0x7f2a7c191628
P 0x7f2a7c19e9f8
C 258
R
P 0x7f2a7c191628
C 342
R
P 0x7f2a7c191628
P 0x7f2a7c19e9f8
C 9
R
P 0x7f2a7c191628
C 342
R
P 0x7f2a7c191628
I 4
P 0x7f2a7c19b208
C 150
= 0x7f2a7c19c028
R
P 0x7f2a7c191628
C 342
R
P 0x7f2a7c191628
P 0x7f2a7c19c028
C 258
R
P 0x7f2a7c191628
C 342
R
P 0x7f2a7c191628
P 0x7f2a7c19c028
C 9
R
P 0x7f2a7c191628
C 342
R
P 0x7f2a7c191628
P 0x7f2a7c19c028
C 263
R
P 0x7f2a7c191628
C 342
R
P 0x7f2a7c191628
S "slot4Start"
C 30
R
P 0x7f2a7c191628
C 342
R
P 0x7f2a7c191628
$ |slot4Start|
C 202
R
P 0x7f2a7c191628
C 342
R
P 0x7f2a7c191628
$ |slot4Start|
P 0x7f2a7c19b1e8
C 51
= 0x7f2a7c19c048
R
P 0x7f2a7c191628
C 342
R
P 0x7f2a7c191628
P 0x7f2a7c19c048
C 257
R
P 0x7f2a7c191628
C 342
R
P 0x7f2a7c191628
P 0x7f2a7c19c048
C 254
= 0x7f2a7c19b1e8
R
P 0x7f2a7c191628
C 342
R
P 0x7f2a7c191628
P 0x7f2a7c19b1e8
C 209
R
P 0x7f2a7c191628
C 342
R
P 0x7f2a7c191628
P 0x7f2a7c19c048
C 260
R
P 0x7f2a7c191628
C 342
R
P 0x7f2a7c191628
P 0x7f2a7c19c048
C 259
R
P 0x7f2a7c191628
C 342
R
P 0x7f2a7c191628
P 0x7f2a7c19c048
C 258
R
P 0x7f2a7c191628
C 342
R
P 0x7f2a7c191628
P 0x7f2a7c19c048
C 9
R
P 0x7f2a7c191628
C 342
R
P 0x7f2a7c191628
I 4
P 0x7f2a7c19b208
C 150
= 0x7f2a7c19c028
R
P 0x7f2a7c191628
C 342
R
P 0x7f2a7c191628
P 0x7f2a7c19c028
C 258
R
P 0x7f2a7c191628
C 342
R
P 0x7f2a7c191628
P 0x7f2a7c19c028
C 9
R
P 0x7f2a7c191628
C 342
R
P 0x7f2a7c191628
P 0x7f2a7c19c028
C 263
R
P 0x7f2a7c191628
C 342
R
P 0x7f2a7c191628
S "slot4Start"
C 30
R
P 0x7f2a7c191628
C 342
R
P 0x7f2a7c191628
$ |slot4Start|
C 202
R
P 0x7f2a7c191628
C 342
R
P 0x7f2a7c191628
$ |slot4Start|
P 0x7f2a7c19b1e8
C 51
= 0x7f2a7c19c048
R
P 0x7f2a7c191628
C 342
R
P 0x7f2a7c191628
P 0x7f2a7c19c048
C 257
R
P 0x7f2a7c191628
C 342
R
P 0x7f2a7c191628
P 0x7f2a7c19c048
C 254
= 0x7f2a7c19b1e8
R
P 0x7f2a7c191628
C 342
R
P 0x7f2a7c191628
P 0x7f2a7c19b1e8
C 209
R
P 0x7f2a7c191628
C 342
R
P 0x7f2a7c191628
P 0x7f2a7c19c048
C 260
R
P 0x7f2a7c191628
C 342
R
P 0x7f2a7c191628
P 0x7f2a7c19c048
C 259
R
P 0x7f2a7c191628
C 342
R
P 0x7f2a7c191628
P 0x7f2a7c19c048
C 258
R
P 0x7f2a7c191628
C 342
R
P 0x7f2a7c191628
P 0x7f2a7c19c048
C 9
R
P 0x7f2a7c191628
C 342
R
P 0x7f2a7c191628
I 4
P 0x7f2a7c19b208
C 150
= 0x7f2a7c19c028
R
P 0x7f2a7c191628
C 342
R
P 0x7f2a7c191628
P 0x7f2a7c19c028
C 258
R
P 0x7f2a7c191628
C 342
R
P 0x7f2a7c191628
P 0x7f2a7c19c028
C 9
R
P 0x7f2a7c191628
C 342
R
P 0x7f2a7c191628
P 0x7f2a7c19c028
C 263
R
P 0x7f2a7c191628
C 342
R
P 0x7f2a7c191628
S "slot4Duration"
C 30
R
P 0x7f2a7c191628
C 342
R
P 0x7f2a7c191628
$ |slot4Duration|
C 202
R
P 0x7f2a7c191628
C 342
R
P 0x7f2a7c191628
$ |slot4Duration|
P 0x7f2a7c19b1e8
C 51
= 0x7f2a7c19c068
R
P 0x7f2a7c191628
C 342
R
P 0x7f2a7c191628
P 0x7f2a7c19c068
C 257
R
P 0x7f2a7c191628
C 342
R
P 0x7f2a7c191628
P 0x7f2a7c19c068
C 254
= 0x7f2a7c19b1e8
R
P 0x7f2a7c191628
C 342
R
P 0x7f2a7c191628
P 0x7f2a7c19b1e8
C 209
R
P 0x7f2a7c191628
C 342
R
P 0x7f2a7c191628
P 0x7f2a7c19c068
C 260
R
P 0x7f2a7c191628
C 342
R
P 0x7f2a7c191628
P 0x7f2a7c19c068
C 259
R
P 0x7f2a7c191628
C 342
R
P 0x7f2a7c191628
P 0x7f2a7c19c068
C 258
R
P 0x7f2a7c191628
C 342
R
P 0x7f2a7c191628
P 0x7f2a7c19c068
C 9
R
P 0x7f2a7c191628
C 342
R
P 0x7f2a7c191628
U 2
P 0x7f2a7c19c048
P 0x7f2a7c19c068
p 2
C 65
= 0x7f2a7c1a20a8
R
P 0x7f2a7c191628
C 342
R
P 0x7f2a7c191628
P 0x7f2a7c1a20a8
C 257
R
P 0x7f2a7c191628
C 342
R
P 0x7f2a7c191628
P 0x7f2a7c1a20a8
C 254
= 0x7f2a7c19b1e8
R
P 0x7f2a7c191628
C 342
R
P 0x7f2a7c191628
P 0x7f2a7c19b1e8
C 209
R
P 0x7f2a7c191628
C 342
R
P 0x7f2a7c191628
P 0x7f2a7c1a20a8
C 260
R
P 0x7f2a7c191628
C 342
R
P 0x7f2a7c191628
P 0x7f2a7c1a20a8
C 259
R
P 0x7f2a7c191628
C 342
R
P 0x7f2a7c191628
P 0x7f2a7c1a20a8
C 258
R
P 0x7f2a7c191628
C 342
R
P 0x7f2a7c191628
P 0x7f2a7c1a20a8
C 9
R
P 0x7f2a7c191628
C 342
R
P 0x7f2a7c191628
P 0x7f2a7c19c048
P 0x7f2a7c1a20a8
C 74
= 0x7f2a7c478318
R
P 0x7f2a7c191628
C 342
R
P 0x7f2a7c191628
P 0x7f2a7c478318
C 258
R
P 0x7f2a7c191628
C 342
R
P 0x7f2a7c191628
P 0x7f2a7c478318
C 9
R
P 0x7f2a7c191628
C 342
R
P 0x7f2a7c191628
I 4
P 0x7f2a7c19b208
C 150
= 0x7f2a7c19c028
R
P 0x7f2a7c191628
C 342
R
P 0x7f2a7c191628
P 0x7f2a7c19c028
C 258
R
P 0x7f2a7c191628
C 342
R
P 0x7f2a7c191628
P 0x7f2a7c19c028
C 9
R
P 0x7f2a7c191628
C 342
R
P 0x7f2a7c191628
P 0x7f2a7c19c028
C 263
R
P 0x7f2a7c191628
C 342
R
P 0x7f2a7c191628
S "slot4Start"
C 30
R
P 0x7f2a7c191628
C 342
R
P 0x7f2a7c191628
$ |slot4Start|
C 202
R
P 0x7f2a7c191628
C 342
R
P 0x7f2a7c191628
$ |slot4Start|
P 0x7f2a7c19b1e8
C 51
= 0x7f2a7c19c048
R
P 0x7f2a7c191628
C 342
R
P 0x7f2a7c191628
P 0x7f2a7c19c048
C 257
R
P 0x7f2a7c191628
C 342
R
P 0x7f2a7c191628
P 0x7f2a7c19c048
C 254
= 0x7f2a7c19b1e8
R
P 0x7f2a7c191628
C 342
R
P 0x7f2a7c191628
P 0x7f2a7c19b1e8
C 209
R
P 0x7f2a7c191628
C 342
R
P 0x7f2a7c191628
P 0x7f2a7c19c048
C 260
R
P 0x7f2a7c191628
C 342
R
P 0x7f2a7c191628
P 0x7f2a7c19c048
C 259
R
P 0x7f2a7c191628
C 342
R
P 0x7f2a7c191628
P 0x7f2a7c19c048
C 258
R
P 0x7f2a7c191628
C 342
R
P 0x7f2a7c191628
P 0x7f2a7c19c048
C 9
R
P 0x7f2a7c191628
C 342
R
P 0x7f2a7c191628
I 4
P 0x7f2a7c19b208
C 150
= 0x7f2a7c19c028
R
P 0x7f2a7c191628
C 342
R
P 0x7f2a7c191628
P 0x7f2a7c19c028
C 258
R
P 0x7f2a7c191628
C 342
R
P 0x7f2a7c191628
P 0x7f2a7c19c028
C 9
R
P 0x7f2a7c191628
C 342
R
P 0x7f2a7c191628
P 0x7f2a7c19c028
C 263
R
P 0x7f2a7c191628
C 342
R
P 0x7f2a7c191628
S "slot4Duration"
C 30
R
P 0x7f2a7c191628
C 342
R
P 0x7f2a7c191628
$ |slot4Duration|
C 202
R
P 0x7f2a7c191628
C 342
R
P 0x7f2a7c191628
$ |slot4Duration|
P 0x7f2a7c19b1e8
C 51
= 0x7f2a7c19c068
R
P 0x7f2a7c191628
C 342
R
P 0x7f2a7c191628
P 0x7f2a7c19c068
C 257
R
P 0x7f2a7c191628
C 342
R
P 0x7f2a7c191628
P 0x7f2a7c19c068
C 254
= 0x7f2a7c19b1e8
R
P 0x7f2a7c191628
C 342
R
P 0x7f2a7c191628
P 0x7f2a7c19b1e8
C 209
R
P 0x7f2a7c191628
C 342
R
P 0x7f2a7c191628
P 0x7f2a7c19c068
C 260
R
P 0x7f2a7c191628
C 342
R
P 0x7f2a7c191628
P 0x7f2a7c19c068
C 259
R
P 0x7f2a7c191628
C 342
R
P 0x7f2a7c191628
P 0x7f2a7c19c068
C 258
R
P 0x7f2a7c191628
C 342
R
P 0x7f2a7c191628
P 0x7f2a7c19c068
C 9
R
P 0x7f2a7c191628
C 342
R
P 0x7f2a7c191628
U 2
P 0x7f2a7c19c048
P 0x7f2a7c19c068
p 2
C 65
= 0x7f2a7c1a20a8
R
P 0x7f2a7c191628
C 342
R
P 0x7f2a7c191628
P 0x7f2a7c1a20a8
C 257
R
P 0x7f2a7c191628
C 342
R
P 0x7f2a7c191628
P 0x7f2a7c1a20a8
C 254
= 0x7f2a7c19b1e8
R
P 0x7f2a7c191628
C 342
R
P 0x7f2a7c191628
P 0x7f2a7c19b1e8
C 209
R
P 0x7f2a7c191628
C 342
R
P 0x7f2a7c191628
P 0x7f2a7c1a20a8
C 260
R
P 0x7f2a7c191628
C 342
R
P 0x7f2a7c191628
P 0x7f2a7c1a20a8
C 259
R
P 0x7f2a7c191628
C 342
R
P 0x7f2a7c191628
P 0x7f2a7c1a20a8
C 258
R
P 0x7f2a7c191628
C 342
R
P 0x7f2a7c191628
P 0x7f2a7c1a20a8
C 9
R
P 0x7f2a7c191628
C 342
R
P 0x7f2a7c191628
I 4
P 0x7f2a7c19b208
C 150
= 0x7f2a7c19c028
R
P 0x7f2a7c191628
C 342
R
P 0x7f2a7c191628
P 0x7f2a7c19c028
C 258
R
P 0x7f2a7c191628
C 342
R
P 0x7f2a7c191628
P 0x7f2a7c19c028
C 9
R
P 0x7f2a7c191628
C 342
R
P 0x7f2a7c191628
P 0x7f2a7c19c028
C 263
R
P 0x7f2a7c191628
C 342
R
P 0x7f2a7c191628
S "slot4Start"
C 30
R
P 0x7f2a7c191628
C 342
R
P 0x7f2a7c191628
$ |slot4Start|
C 202
R
P 0x7f2a7c191628
C 342
R
P 0x7f2a7c191628
$ |slot4Start|
P 0x7f2a7c19b1e8
C 51
= 0x7f2a7c19c048
R
P 0x7f2a7c191628
C 342
R
P 0x7f2a7c191628
P 0x7f2a7c19c048
C 257
R
P 0x7f2a7c191628
C 342
R
P 0x7f2a7c191628
P 0x7f2a7c19c048
C 254
= 0x7f2a7c19b1e8
R
P 0x7f2a7c191628
C 342
R
P 0x7f2a7c191628
P 0x7f2a7c19b1e8
C 209
R
P 0x7f2a7c191628
C 342
R
P 0x7f2a7c191628
P 0x7f2a7c19c048
C 260
R
P 0x7f2a7c191628
C 342
R
P 0x7f2a7c191628
P 0x7f2a7c19c048
C 259
R
P 0x7f2a7c191628
C 342
R
P 0x7f2a7c191628
P 0x7f2a7c19c048
C 258
R
P 0x7f2a7c191628
C 342
R
P 0x7f2a7c191628
P 0x7f2a7c19c048
C 9
R
P 0x7f2a7c191628
C 342
R
P 0x7f2a7c191628
I 4
P 0x7f2a7c19b208
C 150
= 0x7f2a7c19c028
R
P 0x7f2a7c191628
C 342
R
P 0x7f2a7c191628
P 0x7f2a7c19c028
C 258
R
P 0x7f2a7c191628
C 342
R
P 0x7f2a7c191628
P 0x7f2a7c19c028
C 9
R
P 0x7f2a7c191628
C 342
R
P 0x7f2a7c191628
P 0x7f2a7c19c028
C 263
R
P 0x7f2a7c191628
C 342
R
P 0x7f2a7c191628
S "slot4Duration"
C 30
R
P 0x7f2a7c191628
C 342
R
P 0x7f2a7c191628
$ |slot4Duration|
C 202
R
P 0x7f2a7c191628
C 342
R
P 0x7f2a7c191628
$ |slot4Duration|
P 0x7f2a7c19b1e8
C 51
= 0x7f2a7c19c068
R
P 0x7f2a7c191628
C 342
R
P 0x7f2a7c191628
P 0x7f2a7c19c068
C 257
R
P 0x7f2a7c191628
C 342
R
P 0x7f2a7c191628
P 0x7f2a7c19c068
C 254
= 0x7f2a7c19b1e8
R
P 0x7f2a7c191628
C 342
R
P 0x7f2a7c191628
P 0x7f2a7c19b1e8
C 209
R
P 0x7f2a7c191628
C 342
R
P 0x7f2a7c191628
P 0x7f2a7c19c068
C 260
R
P 0x7f2a7c191628
C 342
R
P 0x7f2a7c191628
P 0x7f2a7c19c068
C 259
R
P 0x7f2a7c191628
C 342
R
P 0x7f2a7c191628
P 0x7f2a7c19c068
C 258
R
P 0x7f2a7c191628
C 342
R
P 0x7f2a7c191628
P 0x7f2a7c19c068
C 9
R
P 0x7f2a7c191628
C 342
R
P 0x7f2a7c191628
U 2
P 0x7f2a7c19c048
P 0x7f2a7c19c068
p 2
C 65
= 0x7f2a7c1a20a8
R
P 0x7f2a7c191628
C 342
R
P 0x7f2a7c191628
P 0x7f2a7c1a20a8
C 257
R
P 0x7f2a7c191628
C 342
R
P 0x7f2a7c191628
P 0x7f2a7c1a20a8
C 254
= 0x7f2a7c19b1e8
R
P 0x7f2a7c191628
C 342
R
P 0x7f2a7c191628
P 0x7f2a7c19b1e8
C 209
R
P 0x7f2a7c191628
C 342
R
P 0x7f2a7c191628
P 0x7f2a7c1a20a8
C 260
R
P 0x7f2a7c191628
C 342
R
P 0x7f2a7c191628
P 0x7f2a7c1a20a8
C 259
R
P 0x7f2a7c191628
C 342
R
P 0x7f2a7c191628
P 0x7f2a7c1a20a8
C 258
R
P 0x7f2a7c191628
C 342
R
P 0x7f2a7c191628
P 0x7f2a7c1a20a8
C 9
R
P 0x7f2a7c191628
C 342
R
P 0x7f2a7c191628
P 0x7f2a7c1a20a8
P 0x7f2a7c1a20a8
C 74
= 0x7f2a7c478a18
R
P 0x7f2a7c191628
C 342
R
P 0x7f2a7c191628
P 0x7f2a7c478a18
C 258
R
P 0x7f2a7c191628
C 342
R
P 0x7f2a7c191628
P 0x7f2a7c478a18
C 9
R
P 0x7f2a7c191628
C 342
R
P 0x7f2a7c191628
U 2
P 0x7f2a7c478318
P 0x7f2a7c478a18
p 2
C 63
= 0x7f2a7c478a50
R
P 0x7f2a7c191628
C 342
R
P 0x7f2a7c191628
P 0x7f2a7c478a50
C 258
R
P 0x7f2a7c191628
C 342
R
P 0x7f2a7c191628
P 0x7f2a7c478a50
C 9
R
P 0x7f2a7c191628
C 342
R
P 0x7f2a7c191628
P 0x7f2a7c478a50
C 58
= 0x7f2a7c19ec68
R
P 0x7f2a7c191628
C 342
R
P 0x7f2a7c191628
P 0x7f2a7c19ec68
C 258
R
P 0x7f2a7c191628
C 342
R
P 0x7f2a7c191628
P 0x7f2a7c19ec68
C 9
R
P 0x7f2a7c191628
C 342
R
P 0x7f2a7c191628
P 0x7f2a7c19e9f8
P 0x7f2a7c19ec68
C 61
= 0x7f2a7c478a88
R
P 0x7f2a7c191628
C 342
R
P 0x7f2a7c191628
P 0x7f2a7c478a88
C 258
R
P 0x7f2a7c191628
C 342
R
P 0x7f2a7c191628
P 0x7f2a7c478a88
C 9
R
P 0x7f2a7c191628
C 342
R
P 0x7f2a7c191628
P 0x7f2a7c1e1fc8
P 0x7f2a7c478a88
C 427
R
P 0x7f2a7c191628
C 342
R
P 0x7f2a7c191628
I 4
P 0x7f2a7c19b208
C 150
= 0x7f2a7c19c028
R
P 0x7f2a7c191628
C 342
R
P 0x7f2a7c191628
P 0x7f2a7c19c028
C 258
R
P 0x7f2a7c191628
C 342
R
P 0x7f2a7c191628
P 0x7f2a7c19c028
C 9
R
P 0x7f2a7c191628
C 342
R
P 0x7f2a7c191628
I 5
P 0x7f2a7c19b208
C 150
= 0x7f2a7c19c088
R
P 0x7f2a7c191628
C 342
R
P 0x7f2a7c191628
P 0x7f2a7c19c088
C 258
R
P 0x7f2a7c191628
C 342
R
P 0x7f2a7c191628
P 0x7f2a7c19c088
C 9
R
P 0x7f2a7c191628
C 342
R
P 0x7f2a7c191628
P 0x7f2a7c19c028
P 0x7f2a7c19c088
C 56
= 0x7f2a7c4783c0
R
P 0x7f2a7c191628
C 342
R
P 0x7f2a7c191628
P 0x7f2a7c4783c0
C 258
R
P 0x7f2a7c191628
C 342
R
P 0x7f2a7c191628
P 0x7f2a7c4783c0
C 9
R
P 0x7f2a7c191628
C 342
R
P 0x7f2a7c191628
P 0x7f2a7c4783c0
C 58
= 0x7f2a7c19ea58
R
P 0x7f2a7c191628
C 342
R
P 0x7f2a7c191628
P 0x7f2a7c19ea58
C 258
R
P 0x7f2a7c191628
C 342
R
P 0x7f2a7c191628
P 0x7f2a7c19ea58
C 9
R
P 0x7f2a7c191628
C 342
R
P 0x7f2a7c191628
I 5
P 0x7f2a7c19b208
C 150
= 0x7f2a7c19c088
R
P 0x7f2a7c191628
C 342
R
P 0x7f2a7c191628
P 0x7f2a7c19c088
C 258
R
P 0x7f2a7c191628
C 342
R
P 0x7f2a7c191628
P 0x7f2a7c19c088
C 9
R
P 0x7f2a7c191628
C 342
R
P 0x7f2a7c191628
P 0x7f2a7c19c088
C 263
R
P 0x7f2a7c191628
C 342
R
P 0x7f2a7c191628
S "slot5Start"
C 30
R
P 0x7f2a7c191628
C 342
R
P 0x7f2a7c191628
$ |slot5Start|
C 202
R
P 0x7f2a7c191628
C 342
R
P 0x7f2a7c191628
$ |slot5Start|
P 0x7f2a7c19b1e8
C 51
= 0x7f2a7c19c0a8
R
P 0x7f2a7c191628
C 342
R
P 0x7f2a7c191628
P 0x7f2a7c19c0a8
C 257
R
P 0x7f2a7c191628
C 342
R
P 0x7f2a7c191628
P 0x7f2a7c19c0a8
C 254
= 0x7f2a7c19b1e8
R
P 0x7f2a7c191628
C 342
R
P 0x7f2a7c191628
P 0x7f2a7c19b1e8
C 209
R
P 0x7f2a7c191628
C 342
R
P 0x7f2a7c191628
P 0x7f2a7c19c0a8
C 260
R
P 0x7f2a7c191628
C 342
R
P 0x7f2a7c191628
P 0x7f2a7c19c0a8
C 259
R
P 0x7f2a7c191628
C 342
R
P 0x7f2a7c191628
P 0x7f2a7c19c0a8
C 258
R
P 0x7f2a7c191628
C 342
R
P 0x7f2a7c191628
P 0x7f2a7c19c0a8
C 9
R
P 0x7f2a7c191628
C 342
R
P 0x7f2a7c191628
I 4
P 0x7f2a7c19b208
C 150
= 0x7f2a7c19c028
R
P 0x7f2a7c191628
C 342
R
P 0x7f2a7c191628
P 0x7f2a7c19c028
C 258
R
P 0x7f2a7c191628
C 342
R
P 0x7f2a7c191628
P 0x7f2a7c19c028
C 9
R
P 0x7f2a7c191628
C 342
R
P 0x7f2a7c191628
P 0x7f2a7c19c028
C 263
R
P 0x7f2a7c191628
C 342
R
P 0x7f2a7c191628
S "slot4Start"
C 30
R
P 0x7f2a7c191628
C 342
R
P 0x7f2a7c191628
$ |slot4Start|
C 202
R
P 0x7f2a7c191628
C 342
R
P 0x7f2a7c191628
$ |slot4Start|
P 0x7f2a7c19b1e8
C 51
= 0x7f2a7c19c048
R
P 0x7f2a7c191628
C 342
R
P 0x7f2a7c191628
P 0x7f2a7c19c048
C 257
R
P 0x7f2a7c191628
C 342
R
P 0x7f2a7c191628
P 0x7f2a7c19c048
C 254
= 0x7f2a7c19b1e8
R
P 0x7f2a7c191628
C 342
R
P 0x7f2a7c191628
P 0x7f2a7c19b1e8
C 209
R
P 0x7f2a7c191628
C 342
R
P 0x7f2a7c191628
P 0x7f2a7c19c048
C 260
R
P 0x7f2a7c191628
C 342
R
P 0x7f2a7c191628
P 0x7f2a7c19c048
C 259
R
P 0x7f2a7c191628
C 342
R
P 0x7f2a7c191628
P 0x7f2a7c19c048
C 258
R
P 0x7f2a7c191628
C 342
R
P 0x7f2a7c191628
P 0x7f2a7c19c048
C 9
R
P 0x7f2a7c191628
C 342
R
P 0x7f2a7c191628
I 4
P 0x7f2a7c19b208
C 150
= 0x7f2a7c19c028
R
P 0x7f2a7c191628
C 342
R
P 0x7f2a7c191628
P 0x7f2a7c19c028
C 258
R
P 0x7f2a7c191628
C 342
R
P 0x7f2a7c191628
P 0x7f2a7c19c028
C 9
R
P 0x7f2a7c191628
C 342
R
P 0x7f2a7c191628
P 0x7f2a7c19c028
C 263
R
P 0x7f2a7c191628
C 342
R
P 0x7f2a7c191628
S "slot4Duration"
C 30
R
P 0x7f2a7c191628
C 342
R
P 0x7f2a7c191628
$ |slot4Duration|
C 202
R
P 0x7f2a7c191628
C 342
R
P 0x7f2a7c191628
$ |slot4Duration|
P 0x7f2a7c19b1e8
C 51
= 0x7f2a7c19c068
R
P 0x7f2a7c191628
C 342
R
P 0x7f2a7c191628
P 0x7f2a7c19c068
C 257
R
P 0x7f2a7c191628
C 342
R
P 0x7f2a7c191628
P 0x7f2a7c19c068
C 254
= 0x7f2a7c19b1e8
R
P 0x7f2a7c191628
C 342
R
P 0x7f2a7c191628
P 0x7f2a7c19b1e8
C 209
R
P 0x7f2a7c191628
C 342
R
P 0x7f2a7c191628
P 0x7f2a7c19c068
C 260
R
P 0x7f2a7c191628
C 342
R
P 0x7f2a7c191628
P 0x7f2a7c19c068
C 259
R
P 0x7f2a7c191628
C 342
R
P 0x7f2a7c191628
P 0x7f2a7c19c068
C 258
R
P 0x7f2a7c191628
C 342
R
P 0x7f2a7c191628
P 0x7f2a7c19c068
C 9
R
P 0x7f2a7c191628
C 342
R
P 0x7f2a7c191628
U 2
P 0x7f2a7c19c048
P 0x7f2a7c19c068
p 2
C 65
= 0x7f2a7c1a20a8
R
P 0x7f2a7c191628
C 342
R
P 0x7f2a7c191628
P 0x7f2a7c1a20a8
C 257
R
P 0x7f2a7c191628
C 342
R
P 0x7f2a7c191628
P 0x7f2a7c1a20a8
C 254
= 0x7f2a7c19b1e8
R
P 0x7f2a7c191628
C 342
R
P 0x7f2a7c191628
P 0x7f2a7c19b1e8
C 209
R
P 0x7f2a7c191628
C 342
R
P 0x7f2a7c191628
P 0x7f2a7c1a20a8
C 260
R
P 0x7f2a7c191628
C 342
R
P 0x7f2a7c191628
P 0x7f2a7c1a20a8
C 259
R
P 0x7f2a7c191628
C 342
R
P 0x7f2a7c191628
P 0x7f2a7c1a20a8
C 258
R
P 0x7f2a7c191628
C 342
R
P 0x7f2a7c191628
P 0x7f2a7c1a20a8
C 9
R
P 0x7f2a7c191628
C 342
R
P 0x7f2a7c191628
P 0x7f2a7c19c0a8
P 0x7f2a7c1a20a8
C 74
= 0x7f2a7c478ac0
R
P 0x7f2a7c191628
C 342
R
P 0x7f2a7c191628
P 0x7f2a7c478ac0
C 258
R
P 0x7f2a7c191628
C 342
R
P 0x7f2a7c191628
P 0x7f2a7c478ac0
C 9
R
P 0x7f2a7c191628
C 342
R
P 0x7f2a7c191628
I 4
P 0x7f2a7c19b208
C 150
= 0x7f2a7c19c028
R
P 0x7f2a7c191628
C 342
R
P 0x7f2a7c191628
P 0x7f2a7c19c028
C 258
R
P 0x7f2a7c191628
C 342
R
P 0x7f2a7c191628
P 0x7f2a7c19c028
C 9
R
P 0x7f2a7c191628
C 342
R
P 0x7f2a7c191628
P 0x7f2a7c19c028
C 263
R
P 0x7f2a7c191628
C 342
R
P 0x7f2a7c191628
S "slot4Start"
C 30
R
P 0x7f2a7c191628
C 342
R
P 0x7f2a7c191628
$ |slot4Start|
C 202
R
P 0x7f2a7c191628
C 342
R
P 0x7f2a7c191628
$ |slot4Start|
P 0x7f2a7c19b1e8
C 51
= 0x7f2a7c19c048
R
P 0x7f2a7c191628
C 342
R
P 0x7f2a7c191628
P 0x7f2a7c19c048
C 257
R
P 0x7f2a7c191628
C 342
R
P 0x7f2a7c191628
P 0x7f2a7c19c048
C 254
= 0x7f2a7c19b1e8
R
P 0x7f2a7c191628
C 342
R
P 0x7f2a7c191628
P 0x7f2a7c19b1e8
C 209
R
P 0x7f2a7c191628
C 342
R
P 0x7f2a7c191628
P 0x7f2a7c19c048
C 260
R
P 0x7f2a7c191628
C 342
R
P 0x7f2a7c191628
P 0x7f2a7c19c048
C 259
R
P 0x7f2a7c191628
C 342
R
P 0x7f2a7c191628
P 0x7f2a7c19c048
C 258
R
P 0x7f2a7c191628
C 342
R
P 0x7f2a7c191628
P 0x7f2a7c19c048
C 9
R
P 0x7f2a7c191628
C 342
R
P 0x7f2a7c191628
I 4
P 0x7f2a7c19b208
C 150
= 0x7f2a7c19c028
R
P 0x7f2a7c191628
C 342
R
P 0x7f2a7c191628
P 0x7f2a7c19c028
C 258
R
P 0x7f2a7c191628
C 342
R
P 0x7f2a7c191628
P 0x7f2a7c19c028
C 9
R
P 0x7f2a7c191628
C 342
R
P 0x7f2a7c191628
P 0x7f2a7c19c028
C 263
R
P 0x7f2a7c191628
C 342
R
P 0x7f2a7c191628
S "slot4Duration"
C 30
R
P 0x7f2a7c191628
C 342
R
P 0x7f2a7c191628
$ |slot4Duration|
C 202
R
P 0x7f2a7c191628
C 342
R
P 0x7f2a7c191628
$ |slot4Duration|
P 0x7f2a7c19b1e8
C 51
= 0x7f2a7c19c068
R
P 0x7f2a7c191628
C 342
R
P 0x7f2a7c191628
P 0x7f2a7c19c068
C 257
R
P 0x7f2a7c191628
C 342
R
P 0x7f2a7c191628
P 0x7f2a7c19c068
C 254
= 0x7f2a7c19b1e8
R
P 0x7f2a7c191628
C 342
R
P 0x7f2a7c191628
P 0x7f2a7c19b1e8
C 209
R
P 0x7f2a7c191628
C 342
R
P 0x7f2a7c191628
P 0x7f2a7c19c068
C 260
R
P 0x7f2a7c191628
C 342
R
P 0x7f2a7c191628
P 0x7f2a7c19c068
C 259
R
P 0x7f2a7c191628
C 342
R
P 0x7f2a7c191628
P 0x7f2a7c19c068
C 258
R
P 0x7f2a7c191628
C 342
R
P 0x7f2a7c191628
P 0x7f2a7c19c068
C 9
R
P 0x7f2a7c191628
C 342
R
P 0x7f2a7c191628
U 2
P 0x7f2a7c19c048
P 0x7f2a7c19c068
p 2
C 65
= 0x7f2a7c1a20a8
R
P 0x7f2a7c191628
C 342
R
P 0x7f2a7c191628
P 0x7f2a7c1a20a8
C 257
R
P 0x7f2a7c191628
C 342
R
P 0x7f2a7c191628
P 0x7f2a7c1a20a8
C 254
= 0x7f2a7c19b1e8
R
P 0x7f2a7c191628
C 342
R
P 0x7f2a7c191628
P 0x7f2a7c19b1e8
C 209
R
P 0x7f2a7c191628
C 342
R
P 0x7f2a7c191628
P 0x7f2a7c1a20a8
C 260
R
P 0x7f2a7c191628
C 342
R
P 0x7f2a7c191628
P 0x7f2a7c1a20a8
C 259
R
P 0x7f2a7c191628
C 342
R
P 0x7f2a7c191628
P 0x7f2a7c1a20a8
C 258
R
P 0x7f2a7c191628
C 342
R
P 0x7f2a7c191628
P 0x7f2a7c1a20a8
C 9
R
P 0x7f2a7c191628
C 342
R
P 0x7f2a7c191628
I 5
P 0x7f2a7c19b208
C 150
= 0x7f2a7c19c088
R
P 0x7f2a7c191628
C 342
R
P 0x7f2a7c191628
P 0x7f2a7c19c088
C 258
R
P 0x7f2a7c191628
C 342
R
P 0x7f2a7c191628
P 0x7f2a7c19c088
C 9
R
P 0x7f2a7c191628
C 342
R
P 0x7f2a7c191628
P 0x7f2a7c19c088
C 263
R
P 0x7f2a7c191628
C 342
R
P 0x7f2a7c191628
S "slot5Start"
C 30
R
P 0x7f2a7c191628
C 342
R
P 0x7f2a7c191628
$ |slot5Start|
C 202
R
P 0x7f2a7c191628
C 342
R
P 0x7f2a7c191628
$ |slot5Start|
P 0x7f2a7c19b1e8
C 51
= 0x7f2a7c19c0a8
R
P 0x7f2a7c191628
C 342
R
P 0x7f2a7c191628
P 0x7f2a7c19c0a8
C 257
R
P 0x7f2a7c191628
C 342
R
P 0x7f2a7c191628
P 0x7f2a7c19c0a8
C 254
= 0x7f2a7c19b1e8
R
P 0x7f2a7c191628
C 342
R
P 0x7f2a7c191628
P 0x7f2a7c19b1e8
C 209
R
P 0x7f2a7c191628
C 342
R
P 0x7f2a7c191628
P 0x7f2a7c19c0a8
C 260
R
P 0x7f2a7c191628
C 342
R
P 0x7f2a7c191628
P 0x7f2a7c19c0a8
C 259
R
P 0x7f2a7c191628
C 342
R
P 0x7f2a7c191628
P 0x7f2a7c19c0a8
C 258
R
P 0x7f2a7c191628
C 342
R
P 0x7f2a7c191628
P 0x7f2a7c19c0a8
C 9
R
P 0x7f2a7c191628
C 342
R
P 0x7f2a7c191628
I 5
P 0x7f2a7c19b208
C 150
= 0x7f2a7c19c088
R
P 0x7f2a7c191628
C 342
R
P 0x7f2a7c191628
P 0x7f2a7c19c088
C 258
R
P 0x7f2a7c191628
C 342
R
P 0x7f2a7c191628
P 0x7f2a7c19c088
C 9
R
P 0x7f2a7c191628
C 342
R
P 0x7f2a7c191628
P 0x7f2a7c19c088
C 263
R
P 0x7f2a7c191628
C 342
R
P 0x7f2a7c191628
S "slot5Duration"
C 30
R
P 0x7f2a7c191628
C 342
R
P 0x7f2a7c191628
$ |slot5Duration|
C 202
R
P 0x7f2a7c191628
C 342
R
P 0x7f2a7c191628
$ |slot5Duration|
P 0x7f2a7c19b1e8
C 51
= 0x7f2a7c19c0c8
R
P 0x7f2a7c191628
C 342
R
P 0x7f2a7c191628
P 0x7f2a7c19c0c8
C 257
R
P 0x7f2a7c191628
C 342
R
P 0x7f2a7c191628
P 0x7f2a7c19c0c8
C 254
= 0x7f2a7c19b1e8
R
P 0x7f2a7c191628
C 342
R
P 0x7f2a7c191628
P 0x7f2a7c19b1e8
C 209
R
P 0x7f2a7c191628
C 342
R
P 0x7f2a7c191628
P 0x7f2a7c19c0c8
C 260
R
P 0x7f2a7c191628
C 342
R
P 0x7f2a7c191628
P 0x7f2a7c19c0c8
C 259
R
P 0x7f2a7c191628
C 342
R
P 0x7f2a7c191628
P 0x7f2a7c19c0c8
C 258
R
P 0x7f2a7c191628
C 342
R
P 0x7f2a7c191628
P 0x7f2a7c19c0c8
C 9
R
P 0x7f2a7c191628
C 342
R
P 0x7f2a7c191628
U 2
P 0x7f2a7c19c0a8
P 0x7f2a7c19c0c8
p 2
C 65
= 0x7f2a7c1a21f8
R
P 0x7f2a7c191628
C 342
R
P 0x7f2a7c191628
P 0x7f2a7c1a21f8
C 257
R
P 0x7f2a7c191628
C 342
R
P 0x7f2a7c191628
P 0x7f2a7c1a21f8
C 254
= 0x7f2a7c19b1e8
R
P 0x7f2a7c191628
C 342
R
P 0x7f2a7c191628
P 0x7f2a7c19b1e8
C 209
R
P 0x7f2a7c191628
C 342
R
P 0x7f2a7c191628
P 0x7f2a7c1a21f8
C 260
R
P 0x7f2a7c191628
C 342
R
P 0x7f2a7c191628
P 0x7f2a7c1a21f8
C 259
R
P 0x7f2a7c191628
C 342
R
P 0x7f2a7c191628
P 0x7f2a7c1a21f8
C 258
R
P 0x7f2a7c191628
C 342
R
P 0x7f2a7c191628
P 0x7f2a7c1a21f8
C 9
R
P 0x7f2a7c191628
C 342
R
P 0x7f2a7c191628
P 0x7f2a7c1a20a8
P 0x7f2a7c1a21f8
C 74
= 0x7f2a7c478af8
R
P 0x7f2a7c191628
C 342
R
P 0x7f2a7c191628
P 0x7f2a7c478af8
C 258
R
P 0x7f2a7c191628
C 342
R
P 0x7f2a7c191628
P 0x7f2a7c478af8
C 9
R
P 0x7f2a7c191628
C 342
R
P 0x7f2a7c191628
U 2
P 0x7f2a7c478ac0
P 0x7f2a7c478af8
p 2
C 63
= 0x7f2a7c478b30
R
P 0x7f2a7c191628
C 342
R
P 0x7f2a7c191628
P 0x7f2a7c478b30
C 258
R
P 0x7f2a7c191628
C 342
R
P 0x7f2a7c191628
P 0x7f2a7c478b30
C 9
R
P 0x7f2a7c191628
C 342
R
P 0x7f2a7c191628
P 0x7f2a7c478b30
C 58
= 0x7f2a7c19ec98
R
P 0x7f2a7c191628
C 342
R
P 0x7f2a7c191628
P 0x7f2a7c19ec98
C 258
R
P 0x7f2a7c191628
C 342
R
P 0x7f2a7c191628
P 0x7f2a7c19ec98
C 9
R
P 0x7f2a7c191628
C 342
R
P 0x7f2a7c191628
P 0x7f2a7c19ea58
P 0x7f2a7c19ec98
C 61
= 0x7f2a7c478b68
R
P 0x7f2a7c191628
C 342
R
P 0x7f2a7c191628
P 0x7f2a7c478b68
C 258
R
P 0x7f2a7c191628
C 342
R
P 0x7f2a7c191628
P 0x7f2a7c478b68
C 9
R
P 0x7f2a7c191628
C 342
R
P 0x7f2a7c191628
P 0x7f2a7c1e1fc8
P 0x7f2a7c478b68
C 427
R
P 0x7f2a7c191628
C 342
R
P 0x7f2a7c191628
I 4
P 0x7f2a7c19b208
C 150
= 0x7f2a7c19c028
R
P 0x7f2a7c191628
C 342
R
P 0x7f2a7c191628
P 0x7f2a7c19c028
C 258
R
P 0x7f2a7c191628
C 342
R
P 0x7f2a7c191628
P 0x7f2a7c19c028
C 9
R
P 0x7f2a7c191628
C 342
R
P 0x7f2a7c191628
I 6
P 0x7f2a7c19b208
C 150
= 0x7f2a7c19c0e8
R
P 0x7f2a7c191628
C 342
R
P 0x7f2a7c191628
P 0x7f2a7c19c0e8
C 258
R
P 0x7f2a7c191628
C 342
R
P 0x7f2a7c191628
P 0x7f2a7c19c0e8
C 9
R
P 0x7f2a7c191628
C 342
R
P 0x7f2a7c191628
P 0x7f2a7c19c028
P 0x7f2a7c19c0e8
C 56
= 0x7f2a7c4784d8
R
P 0x7f2a7c191628
C 342
R
P 0x7f2a7c191628
P 0x7f2a7c4784d8
C 258
R
P 0x7f2a7c191628
C 342
R
P 0x7f2a7c191628
P 0x7f2a7c4784d8
C 9
R
P 0x7f2a7c191628
C 342
R
P 0x7f2a7c191628
P 0x7f2a7c4784d8
C 58
= 0x7f2a7c19eab8
R
P 0x7f2a7c191628
C 342
R
P 0x7f2a7c191628
P 0x7f2a7c19eab8
C 258
R
P 0x7f2a7c191628
C 342
R
P 0x7f2a7c191628
P 0x7f2a7c19eab8
C 9
R
P 0x7f2a7c191628
C 342
R
P 0x7f2a7c191628
I 6
P 0x7f2a7c19b208
C 150
= 0x7f2a7c19c0e8
R
P 0x7f2a7c191628
C 342
R
P 0x7f2a7c191628
P 0x7f2a7c19c0e8
C 258
R
P 0x7f2a7c191628
C 342
R
P 0x7f2a7c191628
P 0x7f2a7c19c0e8
C 9
R
P 0x7f2a7c191628
C 342
R
P 0x7f2a7c191628
P 0x7f2a7c19c0e8
C 263
R
P 0x7f2a7c191628
C 342
R
P 0x7f2a7c191628
S "slot6Start"
C 30
R
P 0x7f2a7c191628
C 342
R
P 0x7f2a7c191628
$ |slot6Start|
C 202
R
P 0x7f2a7c191628
C 342
R
P 0x7f2a7c191628
$ |slot6Start|
P 0x7f2a7c19b1e8
C 51
= 0x7f2a7c19c108
R
P 0x7f2a7c191628
C 342
R
P 0x7f2a7c191628
P 0x7f2a7c19c108
C 257
R
P 0x7f2a7c191628
C 342
R
P 0x7f2a7c191628
P 0x7f2a7c19c108
C 254
= 0x7f2a7c19b1e8
R
P 0x7f2a7c191628
C 342
R
P 0x7f2a7c191628
P 0x7f2a7c19b1e8
C 209
R
P 0x7f2a7c191628
C 342
R
P 0x7f2a7c191628
P 0x7f2a7c19c108
C 260
R
P 0x7f2a7c191628
C 342
R
P 0x7f2a7c191628
P 0x7f2a7c19c108
C 259
R
P 0x7f2a7c191628
C 342
R
P 0x7f2a7c191628
P 0x7f2a7c19c108
C 258
R
P 0x7f2a7c191628
C 342
R
P 0x7f2a7c191628
P 0x7f2a7c19c108
C 9
R
P 0x7f2a7c191628
C 342
R
P 0x7f2a7c191628
I 4
P 0x7f2a7c19b208
C 150
= 0x7f2a7c19c028
R
P 0x7f2a7c191628
C 342
R
P 0x7f2a7c191628
P 0x7f2a7c19c028
C 258
R
P 0x7f2a7c191628
C 342
R
P 0x7f2a7c191628
P 0x7f2a7c19c028
C 9
R
P 0x7f2a7c191628
C 342
R
P 0x7f2a7c191628
P 0x7f2a7c19c028
C 263
R
P 0x7f2a7c191628
C 342
R
P 0x7f2a7c191628
S "slot4Start"
C 30
R
P 0x7f2a7c191628
C 342
R
P 0x7f2a7c191628
$ |slot4Start|
C 202
R
P 0x7f2a7c191628
C 342
R
P 0x7f2a7c191628
$ |slot4Start|
P 0x7f2a7c19b1e8
C 51
= 0x7f2a7c19c048
R
P 0x7f2a7c191628
C 342
R
P 0x7f2a7c191628
P 0x7f2a7c19c048
C 257
R
P 0x7f2a7c191628
C 342
R
P 0x7f2a7c191628
P 0x7f2a7c19c048
C 254
= 0x7f2a7c19b1e8
R
P 0x7f2a7c191628
C 342
R
P 0x7f2a7c191628
P 0x7f2a7c19b1e8
C 209
R
P 0x7f2a7c191628
C 342
R
P 0x7f2a7c191628
P 0x7f2a7c19c048
C 260
R
P 0x7f2a7c191628
C 342
R
P 0x7f2a7c191628
P 0x7f2a7c19c048
C 259
R
P 0x7f2a7c191628
C 342
R
P 0x7f2a7c191628
P 0x7f2a7c19c048
C 258
R
P 0x7f2a7c191628
C 342
R
P 0x7f2a7c191628
P 0x7f2a7c19c048
C 9
R
P 0x7f2a7c191628
C 342
R
P 0x7f2a7c191628
I 4
P 0x7f2a7c19b208
C 150
= 0x7f2a7c19c028
R
P 0x7f2a7c191628
C 342
R
P 0x7f2a7c191628
P 0x7f2a7c19c028
C 258
R
P 0x7f2a7c191628
C 342
R
P 0x7f2a7c191628
P 0x7f2a7c19c028
C 9
R
P 0x7f2a7c191628
C 342
R
P 0x7f2a7c191628
P 0x7f2a7c19c028
C 263
R
P 0x7f2a7c191628
C 342
R
P 0x7f2a7c191628
S "slot4Duration"
C 30
R
P 0x7f2a7c191628
C 342
R
P 0x7f2a7c191628
$ |slot4Duration|
C 202
R
P 0x7f2a7c191628
C 342
R
P 0x7f2a7c191628
$ |slot4Duration|
P 0x7f2a7c19b1e8
C 51
= 0x7f2a7c19c068
R
P 0x7f2a7c191628
C 342
R
P 0x7f2a7c191628
P 0x7f2a7c19c068
C 257
R
P 0x7f2a7c191628
C 342
R
P 0x7f2a7c191628
P 0x7f2a7c19c068
C 254
= 0x7f2a7c19b1e8
R
P 0x7f2a7c191628
C 342
R
P 0x7f2a7c191628
P 0x7f2a7c19b1e8
C 209
R
P 0x7f2a7c191628
C 342
R
P 0x7f2a7c191628
P 0x7f2a7c19c068
C 260
R
P 0x7f2a7c191628
C 342
R
P 0x7f2a7c191628
P 0x7f2a7c19c068
C 259
R
P 0x7f2a7c191628
C 342
R
P 0x7f2a7c191628
P 0x7f2a7c19c068
C 258
R
P 0x7f2a7c191628
C 342
R
P 0x7f2a7c191628
P 0x7f2a7c19c068
C 9
R
P 0x7f2a7c191628
C 342
R
P 0x7f2a7c191628
U 2
P 0x7f2a7c19c048
P 0x7f2a7c19c068
p 2
C 65
= 0x7f2a7c1a20a8
R
P 0x7f2a7c191628
C 342
R
P 0x7f2a7c191628
P 0x7f2a7c1a20a8
C 257
R
P 0x7f2a7c191628
C 342
R
P 0x7f2a7c191628
P 0x7f2a7c1a20a8
C 254
= 0x7f2a7c19b1e8
R
P 0x7f2a7c191628
C 342
R
P 0x7f2a7c191628
P 0x7f2a7c19b1e8
C 209
R
P 0x7f2a7c191628
C 342
R
P 0x7f2a7c191628
P 0x7f2a7c1a20a8
C 260
R
P 0x7f2a7c191628
C 342
R
P 0x7f2a7c191628
P 0x7f2a7c1a20a8
C 259
R
P 0x7f2a7c191628
C 342
R
P 0x7f2a7c191628
P 0x7f2a7c1a20a8
C 258
R
P 0x7f2a7c191628
C 342
R
P 0x7f2a7c191628
P 0x7f2a7c1a20a8
C 9
R
P 0x7f2a7c191628
C 342
R
P 0x7f2a7c191628
P 0x7f2a7c19c108
P 0x7f2a7c1a20a8
C 74
= 0x7f2a7c478ba0
R
P 0x7f2a7c191628
C 342
R
P 0x7f2a7c191628
P 0x7f2a7c478ba0
C 258
R
P 0x7f2a7c191628
C 342
R
P 0x7f2a7c191628
P 0x7f2a7c478ba0
C 9
R
P 0x7f2a7c191628
C 342
R
P 0x7f2a7c191628
I 4
P 0x7f2a7c19b208
C 150
= 0x7f2a7c19c028
R
P 0x7f2a7c191628
C 342
R
P 0x7f2a7c191628
P 0x7f2a7c19c028
C 258
R
P 0x7f2a7c191628
C 342
R
P 0x7f2a7c191628
P 0x7f2a7c19c028
C 9
R
P 0x7f2a7c191628
C 342
R
P 0x7f2a7c191628
P 0x7f2a7c19c028
C 263
R
P 0x7f2a7c191628
C 342
R
P 0x7f2a7c191628
S "slot4Start"
C 30
R
P 0x7f2a7c191628
C 342
R
P 0x7f2a7c191628
$ |slot4Start|
C 202
R
P 0x7f2a7c191628
C 342
R
P 0x7f2a7c191628
$ |slot4Start|
P 0x7f2a7c19b1e8
C 51
= 0x7f2a7c19c048
R
P 0x7f2a7c191628
C 342
R
P 0x7f2a7c191628
P 0x7f2a7c19c048
C 257
R
P 0x7f2a7c191628
C 342
R
P 0x7f2a7c191628
P 0x7f2a7c19c048
C 254
= 0x7f2a7c19b1e8
R
P 0x7f2a7c191628
C 342
R
P 0x7f2a7c191628
P 0x7f2a7c19b1e8
C 209
R
P 0x7f2a7c191628
C 342
R
P 0x7f2a7c191628
P 0x7f2a7c19c048
C 260
R
P 0x7f2a7c191628
C 342
R
P 0x7f2a7c191628
P 0x7f2a7c19c048
C 259
R
P 0x7f2a7c191628
C 342
R
P 0x7f2a7c191628
P 0x7f2a7c19c048
C 258
R
P 0x7f2a7c191628
C 342
R
P 0x7f2a7c191628
P 0x7f2a7c19c048
C 9
R
P 0x7f2a7c191628
C 342
R
P 0x7f2a7c191628
I 4
P 0x7f2a7c19b208
C 150
= 0x7f2a7c19c028
R
P 0x7f2a7c191628
C 342
R
P 0x7f2a7c191628
P 0x7f2a7c19c028
C 258
R
P 0x7f2a7c191628
C 342
R
P 0x7f2a7c191628
P 0x7f2a7c19c028
C 9
R
P 0x7f2a7c191628
C 342
R
P 0x7f2a7c191628
P 0x7f2a7c19c028
C 263
R
P 0x7f2a7c191628
C 342
R
P 0x7f2a7c191628
S "slot4Duration"
C 30
R
P 0x7f2a7c191628
C 342
R
P 0x7f2a7c191628
$ |slot4Duration|
C 202
R
P 0x7f2a7c191628
C 342
R
P 0x7f2a7c191628
$ |slot4Duration|
P 0x7f2a7c19b1e8
C 51
= 0x7f2a7c19c068
R
P 0x7f2a7c191628
C 342
R
P 0x7f2a7c191628
P 0x7f2a7c19c068
C 257
R
P 0x7f2a7c191628
C 342
R
P 0x7f2a7c191628
P 0x7f2a7c19c068
C 254
= 0x7f2a7c19b1e8
R
P 0x7f2a7c191628
C 342
R
P 0x7f2a7c191628
P 0x7f2a7c19b1e8
C 209
R
P 0x7f2a7c191628
C 342
R
P 0x7f2a7c191628
P 0x7f2a7c19c068
C 260
R
P 0x7f2a7c191628
C 342
R
P 0x7f2a7c191628
P 0x7f2a7c19c068
C 259
R
P 0x7f2a7c191628
C 342
R
P 0x7f2a7c191628
P 0x7f2a7c19c068
C 258
R
P 0x7f2a7c191628
C 342
R
P 0x7f2a7c191628
P 0x7f2a7c19c068
C 9
R
P 0x7f2a7c191628
C 342
R
P 0x7f2a7c191628
U 2
P 0x7f2a7c19c048
P 0x7f2a7c19c068
p 2
C 65
= 0x7f2a7c1a20a8
R
P 0x7f2a7c191628
C 342
R
P 0x7f2a7c191628
P 0x7f2a7c1a20a8
C 257
R
P 0x7f2a7c191628
C 342
R
P 0x7f2a7c191628
P 0x7f2a7c1a20a8
C 254
= 0x7f2a7c19b1e8
R
P 0x7f2a7c191628
C 342
R
P 0x7f2a7c191628
P 0x7f2a7c19b1e8
C 209
R
P 0x7f2a7c191628
C 342
R
P 0x7f2a7c191628
P 0x7f2a7c1a20a8
C 260
R
P 0x7f2a7c191628
C 342
R
P 0x7f2a7c191628
P 0x7f2a7c1a20a8
C 259
R
P 0x7f2a7c191628
C 342
R
P 0x7f2a7c191628
P 0x7f2a7c1a20a8
C 258
R
P 0x7f2a7c191628
C 342
R
P 0x7f2a7c191628
P 0x7f2a7c1a20a8
C 9
R
P 0x7f2a7c191628
C 342
R
P 0x7f2a7c191628
I 6
P 0x7f2a7c19b208
C 150
= 0x7f2a7c19c0e8
R
P 0x7f2a7c191628
C 342
R
P 0x7f2a7c191628
P 0x7f2a7c19c0e8
C 258
R
P 0x7f2a7c191628
C 342
R
P 0x7f2a7c191628
P 0x7f2a7c19c0e8
C 9
R
P 0x7f2a7c191628
C 342
R
P 0x7f2a7c191628
P 0x7f2a7c19c0e8
C 263
R
P 0x7f2a7c191628
C 342
R
P 0x7f2a7c191628
S "slot6Start"
C 30
R
P 0x7f2a7c191628
C 342
R
P 0x7f2a7c191628
$ |slot6Start|
C 202
R
P 0x7f2a7c191628
C 342
R
P 0x7f2a7c191628
$ |slot6Start|
P 0x7f2a7c19b1e8
C 51
= 0x7f2a7c19c108
R
P 0x7f2a7c191628
C 342
R
P 0x7f2a7c191628
P 0x7f2a7c19c108
C 257
R
P 0x7f2a7c191628
C 342
R
P 0x7f2a7c191628
P 0x7f2a7c19c108
C 254
= 0x7f2a7c19b1e8
R
P 0x7f2a7c191628
C 342
R
P 0x7f2a7c191628
P 0x7f2a7c19b1e8
C 209
R
P 0x7f2a7c191628
C 342
R
P 0x7f2a7c191628
P 0x7f2a7c19c108
C 260
R
P 0x7f2a7c191628
C 342
R
P 0x7f2a7c191628
P 0x7f2a7c19c108
C 259
R
P 0x7f2a7c191628
C 342
R
P 0x7f2a7c191628
P 0x7f2a7c19c108
C 258
R
P 0x7f2a7c191628
C 342
R
P 0x7f2a7c191628
P 0x7f2a7c19c108
C 9
R
P 0x7f2a7c191628
C 342
R
P 0x7f2a7c191628
I 6
P 0x7f2a7c19b208
C 150
= 0x7f2a7c19c0e8
R
P 0x7f2a7c191628
C 342
R
P 0x7f2a7c191628
P 0x7f2a7c19c0e8
C 258
R
P 0x7f2a7c191628
C 342
R
P 0x7f2a7c191628
P 0x7f2a7c19c0e8
C 9
R
P 0x7f2a7c191628
C 342
R
P 0x7f2a7c191628
P 0x7f2a7c19c0e8
C 263
R
P 0x7f2a7c191628
C 342
R
P 0x7f2a7c191628
S "slot6Duration"
C 30
R
P 0x7f2a7c191628
C 342
R
P 0x7f2a7c191628
$ |slot6Duration|
C 202
R
P 0x7f2a7c191628
C 342
R
P 0x7f2a7c191628
$ |slot6Duration|
P 0x7f2a7c19b1e8
C 51
= 0x7f2a7c19c128
R
P 0x7f2a7c191628
C 342
R
P 0x7f2a7c191628
P 0x7f2a7c19c128
C 257
R
P 0x7f2a7c191628
C 342
R
P 0x7f2a7c191628
P 0x7f2a7c19c128
C 254
= 0x7f2a7c19b1e8
R
P 0x7f2a7c191628
C 342
R
P 0x7f2a7c191628
P 0x7f2a7c19b1e8
C 209
R
P 0x7f2a7c191628
C 342
R
P 0x7f2a7c191628
P 0x7f2a7c19c128
C 260
R
P 0x7f2a7c191628
C 342
R
P 0x7f2a7c191628
P 0x7f2a7c19c128
C 259
R
P 0x7f2a7c191628
C 342
R
P 0x7f2a7c191628
P 0x7f2a7c19c128
C 258
R
P 0x7f2a7c191628
C 342
R
P 0x7f2a7c191628
P 0x7f2a7c19c128
C 9
R
P 0x7f2a7c191628
C 342
R
P 0x7f2a7c191628
U 2
P 0x7f2a7c19c108
P 0x7f2a7c19c128
p 2
C 65
= 0x7f2a7c1a2348
R
P 0x7f2a7c191628
C 342
R
P 0x7f2a7c191628
P 0x7f2a7c1a2348
C 257
R
P 0x7f2a7c191628
C 342
R
P 0x7f2a7c191628
P 0x7f2a7c1a2348
C 254
= 0x7f2a7c19b1e8
R
P 0x7f2a7c191628
C 342
R
P 0x7f2a7c191628
P 0x7f2a7c19b1e8
C 209
R
P 0x7f2a7c191628
C 342
R
P 0x7f2a7c191628
P 0x7f2a7c1a2348
C 260
R
P 0x7f2a7c191628
C 342
R
P 0x7f2a7c191628
P 0x7f2a7c1a2348
C 259
R
P 0x7f2a7c191628
C 342
R
P 0x7f2a7c191628
P 0x7f2a7c1a2348
C 258
R
P 0x7f2a7c191628
C 342
R
P 0x7f2a7c191628
P 0x7f2a7c1a2348
C 9
R
P 0x7f2a7c191628
C 342
R
P 0x7f2a7c191628
P 0x7f2a7c1a20a8
P 0x7f2a7c1a2348
C 74
= 0x7f2a7c478bd8
R
P 0x7f2a7c191628
C 342
R
P 0x7f2a7c191628
P 0x7f2a7c478bd8
C 258
R
P 0x7f2a7c191628
C 342
R
P 0x7f2a7c191628
P 0x7f2a7c478bd8
C 9
R
P 0x7f2a7c191628
C 342
R
P 0x7f2a7c191628
U 2
P 0x7f2a7c478ba0
P 0x7f2a7c478bd8
p 2
C 63
= 0x7f2a7c478c10
R
P 0x7f2a7c191628
C 342
R
P 0x7f2a7c191628
P 0x7f2a7c478c10
C 258
R
P 0x7f2a7c191628
C 342
R
P 0x7f2a7c191628
P 0x7f2a7c478c10
C 9
R
P 0x7f2a7c191628
C 342
R
P 0x7f2a7c191628
P 0x7f2a7c478c10
C 58
= 0x7f2a7c19ecc8
R
P 0x7f2a7c191628
C 342
R
P 0x7f2a7c191628
P 0x7f2a7c19ecc8
C 258
R
P 0x7f2a7c191628
C 342
R
P 0x7f2a7c191628
P 0x7f2a7c19ecc8
C 9
R
P 0x7f2a7c191628
C 342
R
P 0x7f2a7c191628
P 0x7f2a7c19eab8
P 0x7f2a7c19ecc8
C 61
= 0x7f2a7c478c48
R
P 0x7f2a7c191628
C 342
R
P 0x7f2a7c191628
P 0x7f2a7c478c48
C 258
R
P 0x7f2a7c191628
C 342
R
P 0x7f2a7c191628
P 0x7f2a7c478c48
C 9
R
P 0x7f2a7c191628
C 342
R
P 0x7f2a7c191628
P 0x7f2a7c1e1fc8
P 0x7f2a7c478c48
C 427
R
P 0x7f2a7c191628
C 342
R
P 0x7f2a7c191628
I 4
P 0x7f2a7c19b208
C 150
= 0x7f2a7c19c028
R
P 0x7f2a7c191628
C 342
R
P 0x7f2a7c191628
P 0x7f2a7c19c028
C 258
R
P 0x7f2a7c191628
C 342
R
P 0x7f2a7c191628
P 0x7f2a7c19c028
C 9
R
P 0x7f2a7c191628
C 342
R
P 0x7f2a7c191628
I 7
P 0x7f2a7c19b208
C 150
= 0x7f2a7c19c148
R
P 0x7f2a7c191628
C 342
R
P 0x7f2a7c191628
P 0x7f2a7c19c148
C 258
R
P 0x7f2a7c191628
C 342
R
P 0x7f2a7c191628
P 0x7f2a7c19c148
C 9
R
P 0x7f2a7c191628
C 342
R
P 0x7f2a7c191628
P 0x7f2a7c19c028
P 0x7f2a7c19c148
C 56
= 0x7f2a7c4785f0
R
P 0x7f2a7c191628
C 342
R
P 0x7f2a7c191628
P 0x7f2a7c4785f0
C 258
R
P 0x7f2a7c191628
C 342
R
P 0x7f2a7c191628
P 0x7f2a7c4785f0
C 9
R
P 0x7f2a7c191628
C 342
R
P 0x7f2a7c191628
P 0x7f2a7c4785f0
C 58
= 0x7f2a7c19eb18
R
P 0x7f2a7c191628
C 342
R
P 0x7f2a7c191628
P 0x7f2a7c19eb18
C 258
R
P 0x7f2a7c191628
C 342
R
P 0x7f2a7c191628
P 0x7f2a7c19eb18
C 9
R
P 0x7f2a7c191628
C 342
R
P 0x7f2a7c191628
I 7
P 0x7f2a7c19b208
C 150
= 0x7f2a7c19c148
R
P 0x7f2a7c191628
C 342
R
P 0x7f2a7c191628
P 0x7f2a7c19c148
C 258
R
P 0x7f2a7c191628
C 342
R
P 0x7f2a7c191628
P 0x7f2a7c19c148
C 9
R
P 0x7f2a7c191628
C 342
R
P 0x7f2a7c191628
P 0x7f2a7c19c148
C 263
R
P 0x7f2a7c191628
C 342
R
P 0x7f2a7c191628
S "slot7Start"
C 30
R
P 0x7f2a7c191628
C 342
R
P 0x7f2a7c191628
$ |slot7Start|
C 202
R
P 0x7f2a7c191628
C 342
R
P 0x7f2a7c191628
$ |slot7Start|
P 0x7f2a7c19b1e8
C 51
= 0x7f2a7c19c168
R
P 0x7f2a7c191628
C 342
R
P 0x7f2a7c191628
P 0x7f2a7c19c168
C 257
R
P 0x7f2a7c191628
C 342
R
P 0x7f2a7c191628
P 0x7f2a7c19c168
C 254
= 0x7f2a7c19b1e8
R
P 0x7f2a7c191628
C 342
R
P 0x7f2a7c191628
P 0x7f2a7c19b1e8
C 209
R
P 0x7f2a7c191628
C 342
R
P 0x7f2a7c191628
P 0x7f2a7c19c168
C 260
R
P 0x7f2a7c191628
C 342
R
P 0x7f2a7c191628
P 0x7f2a7c19c168
C 259
R
P 0x7f2a7c191628
C 342
R
P 0x7f2a7c191628
P 0x7f2a7c19c168
C 258
R
P 0x7f2a7c191628
C 342
R
P 0x7f2a7c191628
P 0x7f2a7c19c168
C 9
R
P 0x7f2a7c191628
C 342
R
P 0x7f2a7c191628
I 4
P 0x7f2a7c19b208
C 150
= 0x7f2a7c19c028
R
P 0x7f2a7c191628
C 342
R
P 0x7f2a7c191628
P 0x7f2a7c19c028
C 258
R
P 0x7f2a7c191628
C 342
R
P 0x7f2a7c191628
P 0x7f2a7c19c028
C 9
R
P 0x7f2a7c191628
C 342
R
P 0x7f2a7c191628
P 0x7f2a7c19c028
C 263
R
P 0x7f2a7c191628
C 342
R
P 0x7f2a7c191628
S "slot4Start"
C 30
R
P 0x7f2a7c191628
C 342
R
P 0x7f2a7c191628
$ |slot4Start|
C 202
R
P 0x7f2a7c191628
C 342
R
P 0x7f2a7c191628
$ |slot4Start|
P 0x7f2a7c19b1e8
C 51
= 0x7f2a7c19c048
R
P 0x7f2a7c191628
C 342
R
P 0x7f2a7c191628
P 0x7f2a7c19c048
C 257
R
P 0x7f2a7c191628
C 342
R
P 0x7f2a7c191628
P 0x7f2a7c19c048
C 254
= 0x7f2a7c19b1e8
R
P 0x7f2a7c191628
C 342
R
P 0x7f2a7c191628
P 0x7f2a7c19b1e8
C 209
R
P 0x7f2a7c191628
C 342
R
P 0x7f2a7c191628
P 0x7f2a7c19c048
C 260
R
P 0x7f2a7c191628
C 342
R
P 0x7f2a7c191628
P 0x7f2a7c19c048
C 259
R
P 0x7f2a7c191628
C 342
R
P 0x7f2a7c191628
P 0x7f2a7c19c048
C 258
R
P 0x7f2a7c191628
C 342
R
P 0x7f2a7c191628
P 0x7f2a7c19c048
C 9
R
P 0x7f2a7c191628
C 342
R
P 0x7f2a7c191628
I 4
P 0x7f2a7c19b208
C 150
= 0x7f2a7c19c028
R
P 0x7f2a7c191628
C 342
R
P 0x7f2a7c191628
P 0x7f2a7c19c028
C 258
R
P 0x7f2a7c191628
C 342
R
P 0x7f2a7c191628
P 0x7f2a7c19c028
C 9
R
P 0x7f2a7c191628
C 342
R
P 0x7f2a7c191628
P 0x7f2a7c19c028
C 263
R
P 0x7f2a7c191628
C 342
R
P 0x7f2a7c191628
S "slot4Duration"
C 30
R
P 0x7f2a7c191628
C 342
R
P 0x7f2a7c191628
$ |slot4Duration|
C 202
R
P 0x7f2a7c191628
C 342
R
P 0x7f2a7c191628
$ |slot4Duration|
P 0x7f2a7c19b1e8
C 51
= 0x7f2a7c19c068
R
P 0x7f2a7c191628
C 342
R
P 0x7f2a7c191628
P 0x7f2a7c19c068
C 257
R
P 0x7f2a7c191628
C 342
R
P 0x7f2a7c191628
P 0x7f2a7c19c068
C 254
= 0x7f2a7c19b1e8
R
P 0x7f2a7c191628
C 342
R
P 0x7f2a7c191628
P 0x7f2a7c19b1e8
C 209
R
P 0x7f2a7c191628
C 342
R
P 0x7f2a7c191628
P 0x7f2a7c19c068
C 260
R
P 0x7f2a7c191628
C 342
R
P 0x7f2a7c191628
P 0x7f2a7c19c068
C 259
R
P 0x7f2a7c191628
C 342
R
P 0x7f2a7c191628
P 0x7f2a7c19c068
C 258
R
P 0x7f2a7c191628
C 342
R
P 0x7f2a7c191628
P 0x7f2a7c19c068
C 9
R
P 0x7f2a7c191628
C 342
R
P 0x7f2a7c191628
U 2
P 0x7f2a7c19c048
P 0x7f2a7c19c068
p 2
C 65
= 0x7f2a7c1a20a8
R
P 0x7f2a7c191628
C 342
R
P 0x7f2a7c191628
P 0x7f2a7c1a20a8
C 257
R
P 0x7f2a7c191628
C 342
R
P 0x7f2a7c191628
P 0x7f2a7c1a20a8
C 254
= 0x7f2a7c19b1e8
R
P 0x7f2a7c191628
C 342
R
P 0x7f2a7c191628
P 0x7f2a7c19b1e8
C 209
R
P 0x7f2a7c191628
C 342
R
P 0x7f2a7c191628
P 0x7f2a7c1a20a8
C 260
R
P 0x7f2a7c191628
C 342
R
P 0x7f2a7c191628
P 0x7f2a7c1a20a8
C 259
R
P 0x7f2a7c191628
C 342
R
P 0x7f2a7c191628
P 0x7f2a7c1a20a8
C 258
R
P 0x7f2a7c191628
C 342
R
P 0x7f2a7c191628
P 0x7f2a7c1a20a8
C 9
R
P 0x7f2a7c191628
C 342
R
P 0x7f2a7c191628
P 0x7f2a7c19c168
P 0x7f2a7c1a20a8
C 74
= 0x7f2a7c478c80
R
P 0x7f2a7c191628
C 342
R
P 0x7f2a7c191628
P 0x7f2a7c478c80
C 258
R
P 0x7f2a7c191628
C 342
R
P 0x7f2a7c191628
P 0x7f2a7c478c80
C 9
R
P 0x7f2a7c191628
C 342
R
P 0x7f2a7c191628
I 4
P 0x7f2a7c19b208
C 150
= 0x7f2a7c19c028
R
P 0x7f2a7c191628
C 342
R
P 0x7f2a7c191628
P 0x7f2a7c19c028
C 258
R
P 0x7f2a7c191628
C 342
R
P 0x7f2a7c191628
P 0x7f2a7c19c028
C 9
R
P 0x7f2a7c191628
C 342
R
P 0x7f2a7c191628
P 0x7f2a7c19c028
C 263
R
P 0x7f2a7c191628
C 342
R
P 0x7f2a7c191628
S "slot4Start"
C 30
R
P 0x7f2a7c191628
C 342
R
P 0x7f2a7c191628
$ |slot4Start|
C 202
R
P 0x7f2a7c191628
C 342
R
P 0x7f2a7c191628
$ |slot4Start|
P 0x7f2a7c19b1e8
C 51
= 0x7f2a7c19c048
R
P 0x7f2a7c191628
C 342
R
P 0x7f2a7c191628
P 0x7f2a7c19c048
C 257
R
P 0x7f2a7c191628
C 342
R
P 0x7f2a7c191628
P 0x7f2a7c19c048
C 254
= 0x7f2a7c19b1e8
R
P 0x7f2a7c191628
C 342
R
P 0x7f2a7c191628
P 0x7f2a7c19b1e8
C 209
R
P 0x7f2a7c191628
C 342
R
P 0x7f2a7c191628
P 0x7f2a7c19c048
C 260
R
P 0x7f2a7c191628
C 342
R
P 0x7f2a7c191628
P 0x7f2a7c19c048
C 259
R
P 0x7f2a7c191628
C 342
R
P 0x7f2a7c191628
P 0x7f2a7c19c048
C 258
R
P 0x7f2a7c191628
C 342
R
P 0x7f2a7c191628
P 0x7f2a7c19c048
C 9
R
P 0x7f2a7c191628
C 342
R
P 0x7f2a7c191628
I 4
P 0x7f2a7c19b208
C 150
= 0x7f2a7c19c028
R
P 0x7f2a7c191628
C 342
R
P 0x7f2a7c191628
P 0x7f2a7c19c028
C 258
R
P 0x7f2a7c191628
C 342
R
P 0x7f2a7c191628
P 0x7f2a7c19c028
C 9
R
P 0x7f2a7c191628
C 342
R
P 0x7f2a7c191628
P 0x7f2a7c19c028
C 263
R
P 0x7f2a7c191628
C 342
R
P 0x7f2a7c191628
S "slot4Duration"
C 30
R
P 0x7f2a7c191628
C 342
R
P 0x7f2a7c191628
$ |slot4Duration|
C 202
R
P 0x7f2a7c191628
C 342
R
P 0x7f2a7c191628
$ |slot4Duration|
P 0x7f2a7c19b1e8
C 51
= 0x7f2a7c19c068
R
P 0x7f2a7c191628
C 342
R
P 0x7f2a7c191628
P 0x7f2a7c19c068
C 257
R
P 0x7f2a7c191628
C 342
R
P 0x7f2a7c191628
P 0x7f2a7c19c068
C 254
= 0x7f2a7c19b1e8
R
P 0x7f2a7c191628
C 342
R
P 0x7f2a7c191628
P 0x7f2a7c19b1e8
C 209
R
P 0x7f2a7c191628
C 342
R
P 0x7f2a7c191628
P 0x7f2a7c19c068
C 260
R
P 0x7f2a7c191628
C 342
R
P 0x7f2a7c191628
P 0x7f2a7c19c068
C 259
R
P 0x7f2a7c191628
C 342
R
P 0x7f2a7c191628
P 0x7f2a7c19c068
C 258
R
P 0x7f2a7c191628
C 342
R
P 0x7f2a7c191628
P 0x7f2a7c19c068
C 9
R
P 0x7f2a7c191628
C 342
R
P 0x7f2a7c191628
U 2
P 0x7f2a7c19c048
P 0x7f2a7c19c068
p 2
C 65
= 0x7f2a7c1a20a8
R
P 0x7f2a7c191628
C 342
R
P 0x7f2a7c191628
P 0x7f2a7c1a20a8
C 257
R
P 0x7f2a7c191628
C 342
R
P 0x7f2a7c191628
P 0x7f2a7c1a20a8
C 254
= 0x7f2a7c19b1e8
R
P 0x7f2a7c191628
C 342
R
P 0x7f2a7c191628
P 0x7f2a7c19b1e8
C 209
R
P 0x7f2a7c191628
C 342
R
P 0x7f2a7c191628
P 0x7f2a7c1a20a8
C 260
R
P 0x7f2a7c191628
C 342
R
P 0x7f2a7c191628
P 0x7f2a7c1a20a8
C 259
R
P 0x7f2a7c191628
C 342
R
P 0x7f2a7c191628
P 0x7f2a7c1a20a8
C 258
R
P 0x7f2a7c191628
C 342
R
P 0x7f2a7c191628
P 0x7f2a7c1a20a8
C 9
R
P 0x7f2a7c191628
C 342
R
P 0x7f2a7c191628
I 7
P 0x7f2a7c19b208
C 150
= 0x7f2a7c19c148
R
P 0x7f2a7c191628
C 342
R
P 0x7f2a7c191628
P 0x7f2a7c19c148
C 258
R
P 0x7f2a7c191628
C 342
R
P 0x7f2a7c191628
P 0x7f2a7c19c148
C 9
R
P 0x7f2a7c191628
C 342
R
P 0x7f2a7c191628
P 0x7f2a7c19c148
C 263
R
P 0x7f2a7c191628
C 342
R
P 0x7f2a7c191628
S "slot7Start"
C 30
R
P 0x7f2a7c191628
C 342
R
P 0x7f2a7c191628
$ |slot7Start|
C 202
R
P 0x7f2a7c191628
C 342
R
P 0x7f2a7c191628
$ |slot7Start|
P 0x7f2a7c19b1e8
C 51
= 0x7f2a7c19c168
R
P 0x7f2a7c191628
C 342
R
P 0x7f2a7c191628
P 0x7f2a7c19c168
C 257
R
P 0x7f2a7c191628
C 342
R
P 0x7f2a7c191628
P 0x7f2a7c19c168
C 254
= 0x7f2a7c19b1e8
R
P 0x7f2a7c191628
C 342
R
P 0x7f2a7c191628
P 0x7f2a7c19b1e8
C 209
R
P 0x7f2a7c191628
C 342
R
P 0x7f2a7c191628
P 0x7f2a7c19c168
C 260
R
P 0x7f2a7c191628
C 342
R
P 0x7f2a7c191628
P 0x7f2a7c19c168
C 259
R
P 0x7f2a7c191628
C 342
R
P 0x7f2a7c191628
P 0x7f2a7c19c168
C 258
R
P 0x7f2a7c191628
C 342
R
P 0x7f2a7c191628
P 0x7f2a7c19c168
C 9
R
P 0x7f2a7c191628
C 342
R
P 0x7f2a7c191628
I 7
P 0x7f2a7c19b208
C 150
= 0x7f2a7c19c148
R
P 0x7f2a7c191628
C 342
R
P 0x7f2a7c191628
P 0x7f2a7c19c148
C 258
R
P 0x7f2a7c191628
C 342
R
P 0x7f2a7c191628
P 0x7f2a7c19c148
C 9
R
P 0x7f2a7c191628
C 342
R
P 0x7f2a7c191628
P 0x7f2a7c19c148
C 263
R
P 0x7f2a7c191628
C 342
R
P 0x7f2a7c191628
S "slot7Duration"
C 30
R
P 0x7f2a7c191628
C 342
R
P 0x7f2a7c191628
$ |slot7Duration|
C 202
R
P 0x7f2a7c191628
C 342
R
P 0x7f2a7c191628
$ |slot7Duration|
P 0x7f2a7c19b1e8
C 51
= 0x7f2a7c19c188
R
P 0x7f2a7c191628
C 342
R
P 0x7f2a7c191628
P 0x7f2a7c19c188
C 257
R
P 0x7f2a7c191628
C 342
R
P 0x7f2a7c191628
P 0x7f2a7c19c188
C 254
= 0x7f2a7c19b1e8
R
P 0x7f2a7c191628
C 342
R
P 0x7f2a7c191628
P 0x7f2a7c19b1e8
C 209
R
P 0x7f2a7c191628
C 342
R
P 0x7f2a7c191628
P 0x7f2a7c19c188
C 260
R
P 0x7f2a7c191628
C 342
R
P 0x7f2a7c191628
P 0x7f2a7c19c188
C 259
R
P 0x7f2a7c191628
C 342
R
P 0x7f2a7c191628
P 0x7f2a7c19c188
C 258
R
P 0x7f2a7c191628
C 342
R
P 0x7f2a7c191628
P 0x7f2a7c19c188
C 9
R
P 0x7f2a7c191628
C 342
R
P 0x7f2a7c191628
U 2
P 0x7f2a7c19c168
P 0x7f2a7c19c188
p 2
C 65
= 0x7f2a7c1a2498
R
P 0x7f2a7c191628
C 342
R
P 0x7f2a7c191628
P 0x7f2a7c1a2498
C 257
R
P 0x7f2a7c191628
C 342
R
P 0x7f2a7c191628
P 0x7f2a7c1a2498
C 254
= 0x7f2a7c19b1e8
R
P 0x7f2a7c191628
C 342
R
P 0x7f2a7c191628
P 0x7f2a7c19b1e8
C 209
R
P 0x7f2a7c191628
C 342
R
P 0x7f2a7c191628
P 0x7f2a7c1a2498
C 260
R
P 0x7f2a7c191628
C 342
R
P 0x7f2a7c191628
P 0x7f2a7c1a2498
C 259
R
P 0x7f2a7c191628
C 342
R
P 0x7f2a7c191628
P 0x7f2a7c1a2498
C 258
R
P 0x7f2a7c191628
C 342
R
P 0x7f2a7c191628
P 0x7f2a7c1a2498
C 9
R
P 0x7f2a7c191628
C 342
R
P 0x7f2a7c191628
P 0x7f2a7c1a20a8
P 0x7f2a7c1a2498
C 74
= 0x7f2a7c478cb8
R
P 0x7f2a7c191628
C 342
R
P 0x7f2a7c191628
P 0x7f2a7c478cb8
C 258
R
P 0x7f2a7c191628
C 342
R
P 0x7f2a7c191628
P 0x7f2a7c478cb8
C 9
R
P 0x7f2a7c191628
C 342
R
P 0x7f2a7c191628
U 2
P 0x7f2a7c478c80
P 0x7f2a7c478cb8
p 2
C 63
= 0x7f2a7c478cf0
R
P 0x7f2a7c191628
C 342
R
P 0x7f2a7c191628
P 0x7f2a7c478cf0
C 258
R
P 0x7f2a7c191628
C 342
R
P 0x7f2a7c191628
P 0x7f2a7c478cf0
C 9
R
P 0x7f2a7c191628
C 342
R
P 0x7f2a7c191628
P 0x7f2a7c478cf0
C 58
= 0x7f2a7c19ecf8
R
P 0x7f2a7c191628
C 342
R
P 0x7f2a7c191628
P 0x7f2a7c19ecf8
C 258
R
P 0x7f2a7c191628
C 342
R
P 0x7f2a7c191628
P 0x7f2a7c19ecf8
C 9
R
P 0x7f2a7c191628
C 342
R
P 0x7f2a7c191628
P 0x7f2a7c19eb18
P 0x7f2a7c19ecf8
C 61
= 0x7f2a7c478d28
R
P 0x7f2a7c191628
C 342
R
P 0x7f2a7c191628
P 0x7f2a7c478d28
C 258
R
P 0x7f2a7c191628
C 342
R
P 0x7f2a7c191628
P 0x7f2a7c478d28
C 9
R
P 0x7f2a7c191628
C 342
R
P 0x7f2a7c191628
P 0x7f2a7c1e1fc8
P 0x7f2a7c478d28
C 427
R
P 0x7f2a7c191628
C 342
R
P 0x7f2a7c191628
I 4
P 0x7f2a7c19b208
C 150
= 0x7f2a7c19c028
R
P 0x7f2a7c191628
C 342
R
P 0x7f2a7c191628
P 0x7f2a7c19c028
C 258
R
P 0x7f2a7c191628
C 342
R
P 0x7f2a7c191628
P 0x7f2a7c19c028
C 9
R
P 0x7f2a7c191628
C 342
R
P 0x7f2a7c191628
I 8
P 0x7f2a7c19b208
C 150
= 0x7f2a7c19c1a8
R
P 0x7f2a7c191628
C 342
R
P 0x7f2a7c191628
P 0x7f2a7c19c1a8
C 258
R
P 0x7f2a7c191628
C 342
R
P 0x7f2a7c191628
P 0x7f2a7c19c1a8
C 9
R
P 0x7f2a7c191628
C 342
R
P 0x7f2a7c191628
P 0x7f2a7c19c028
P 0x7f2a7c19c1a8
C 56
= 0x7f2a7c478708
R
P 0x7f2a7c191628
C 342
R
P 0x7f2a7c191628
P 0x7f2a7c478708
C 258
R
P 0x7f2a7c191628
C 342
R
P 0x7f2a7c191628
P 0x7f2a7c478708
C 9
R
P 0x7f2a7c191628
C 342
R
P 0x7f2a7c191628
P 0x7f2a7c478708
C 58
= 0x7f2a7c19eb78
R
P 0x7f2a7c191628
C 342
R
P 0x7f2a7c191628
P 0x7f2a7c19eb78
C 258
R
P 0x7f2a7c191628
C 342
R
P 0x7f2a7c191628
P 0x7f2a7c19eb78
C 9
R
P 0x7f2a7c191628
C 342
R
P 0x7f2a7c191628
I 8
P 0x7f2a7c19b208
C 150
= 0x7f2a7c19c1a8
R
P 0x7f2a7c191628
C 342
R
P 0x7f2a7c191628
P 0x7f2a7c19c1a8
C 258
R
P 0x7f2a7c191628
C 342
R
P 0x7f2a7c191628
P 0x7f2a7c19c1a8
C 9
R
P 0x7f2a7c191628
C 342
R
P 0x7f2a7c191628
P 0x7f2a7c19c1a8
C 263
R
P 0x7f2a7c191628
C 342
R
P 0x7f2a7c191628
S "slot8Start"
C 30
R
P 0x7f2a7c191628
C 342
R
P 0x7f2a7c191628
$ |slot8Start|
C 202
R
P 0x7f2a7c191628
C 342
R
P 0x7f2a7c191628
$ |slot8Start|
P 0x7f2a7c19b1e8
C 51
= 0x7f2a7c19c1c8
R
P 0x7f2a7c191628
C 342
R
P 0x7f2a7c191628
P 0x7f2a7c19c1c8
C 257
R
P 0x7f2a7c191628
C 342
R
P 0x7f2a7c191628
P 0x7f2a7c19c1c8
C 254
= 0x7f2a7c19b1e8
R
P 0x7f2a7c191628
C 342
R
P 0x7f2a7c191628
P 0x7f2a7c19b1e8
C 209
R
P 0x7f2a7c191628
C 342
R
P 0x7f2a7c191628
P 0x7f2a7c19c1c8
C 260
R
P 0x7f2a7c191628
C 342
R
P 0x7f2a7c191628
P 0x7f2a7c19c1c8
C 259
R
P 0x7f2a7c191628
C 342
R
P 0x7f2a7c191628
P 0x7f2a7c19c1c8
C 258
R
P 0x7f2a7c191628
C 342
R
P 0x7f2a7c191628
P 0x7f2a7c19c1c8
C 9
R
P 0x7f2a7c191628
C 342
R
P 0x7f2a7c191628
I 4
P 0x7f2a7c19b208
C 150
= 0x7f2a7c19c028
R
P 0x7f2a7c191628
C 342
R
P 0x7f2a7c191628
P 0x7f2a7c19c028
C 258
R
P 0x7f2a7c191628
C 342
R
P 0x7f2a7c191628
P 0x7f2a7c19c028
C 9
R
P 0x7f2a7c191628
C 342
R
P 0x7f2a7c191628
P 0x7f2a7c19c028
C 263
R
P 0x7f2a7c191628
C 342
R
P 0x7f2a7c191628
S "slot4Start"
C 30
R
P 0x7f2a7c191628
C 342
R
P 0x7f2a7c191628
$ |slot4Start|
C 202
R
P 0x7f2a7c191628
C 342
R
P 0x7f2a7c191628
$ |slot4Start|
P 0x7f2a7c19b1e8
C 51
= 0x7f2a7c19c048
R
P 0x7f2a7c191628
C 342
R
P 0x7f2a7c191628
P 0x7f2a7c19c048
C 257
R
P 0x7f2a7c191628
C 342
R
P 0x7f2a7c191628
P 0x7f2a7c19c048
C 254
= 0x7f2a7c19b1e8
R
P 0x7f2a7c191628
C 342
R
P 0x7f2a7c191628
P 0x7f2a7c19b1e8
C 209
R
P 0x7f2a7c191628
C 342
R
P 0x7f2a7c191628
P 0x7f2a7c19c048
C 260
R
P 0x7f2a7c191628
C 342
R
P 0x7f2a7c191628
P 0x7f2a7c19c048
C 259
R
P 0x7f2a7c191628
C 342
R
P 0x7f2a7c191628
P 0x7f2a7c19c048
C 258
R
P 0x7f2a7c191628
C 342
R
P 0x7f2a7c191628
P 0x7f2a7c19c048
C 9
R
P 0x7f2a7c191628
C 342
R
P 0x7f2a7c191628
I 4
P 0x7f2a7c19b208
C 150
= 0x7f2a7c19c028
R
P 0x7f2a7c191628
C 342
R
P 0x7f2a7c191628
P 0x7f2a7c19c028
C 258
R
P 0x7f2a7c191628
C 342
R
P 0x7f2a7c191628
P 0x7f2a7c19c028
C 9
R
P 0x7f2a7c191628
C 342
R
P 0x7f2a7c191628
P 0x7f2a7c19c028
C 263
R
P 0x7f2a7c191628
C 342
R
P 0x7f2a7c191628
S "slot4Duration"
C 30
R
P 0x7f2a7c191628
C 342
R
P 0x7f2a7c191628
$ |slot4Duration|
C 202
R
P 0x7f2a7c191628
C 342
R
P 0x7f2a7c191628
$ |slot4Duration|
P 0x7f2a7c19b1e8
C 51
= 0x7f2a7c19c068
R
P 0x7f2a7c191628
C 342
R
P 0x7f2a7c191628
P 0x7f2a7c19c068
C 257
R
P 0x7f2a7c191628
C 342
R
P 0x7f2a7c191628
P 0x7f2a7c19c068
C 254
= 0x7f2a7c19b1e8
R
P 0x7f2a7c191628
C 342
R
P 0x7f2a7c191628
P 0x7f2a7c19b1e8
C 209
R
P 0x7f2a7c191628
C 342
R
P 0x7f2a7c191628
P 0x7f2a7c19c068
C 260
R
P 0x7f2a7c191628
C 342
R
P 0x7f2a7c191628
P 0x7f2a7c19c068
C 259
R
P 0x7f2a7c191628
C 342
R
P 0x7f2a7c191628
P 0x7f2a7c19c068
C 258
R
P 0x7f2a7c191628
C 342
R
P 0x7f2a7c191628
P 0x7f2a7c19c068
C 9
R
P 0x7f2a7c191628
C 342
R
P 0x7f2a7c191628
U 2
P 0x7f2a7c19c048
P 0x7f2a7c19c068
p 2
C 65
= 0x7f2a7c1a20a8
R
P 0x7f2a7c191628
C 342
R
P 0x7f2a7c191628
P 0x7f2a7c1a20a8
C 257
R
P 0x7f2a7c191628
C 342
R
P 0x7f2a7c191628
P 0x7f2a7c1a20a8
C 254
= 0x7f2a7c19b1e8
R
P 0x7f2a7c191628
C 342
R
P 0x7f2a7c191628
P 0x7f2a7c19b1e8
C 209
R
P 0x7f2a7c191628
C 342
R
P 0x7f2a7c191628
P 0x7f2a7c1a20a8
C 260
R
P 0x7f2a7c191628
C 342
R
P 0x7f2a7c191628
P 0x7f2a7c1a20a8
C 259
R
P 0x7f2a7c191628
C 342
R
P 0x7f2a7c191628
P 0x7f2a7c1a20a8
C 258
R
P 0x7f2a7c191628
C 342
R
P 0x7f2a7c191628
P 0x7f2a7c1a20a8
C 9
R
P 0x7f2a7c191628
C 342
R
P 0x7f2a7c191628
P 0x7f2a7c19c1c8
P 0x7f2a7c1a20a8
C 74
= 0x7f2a7c478d60
R
P 0x7f2a7c191628
C 342
R
P 0x7f2a7c191628
P 0x7f2a7c478d60
C 258
R
P 0x7f2a7c191628
C 342
R
P 0x7f2a7c191628
P 0x7f2a7c478d60
C 9
R
P 0x7f2a7c191628
C 342
R
P 0x7f2a7c191628
I 4
P 0x7f2a7c19b208
C 150
= 0x7f2a7c19c028
R
P 0x7f2a7c191628
C 342
R
P 0x7f2a7c191628
P 0x7f2a7c19c028
C 258
R
P 0x7f2a7c191628
C 342
R
P 0x7f2a7c191628
P 0x7f2a7c19c028
C 9
R
P 0x7f2a7c191628
C 342
R
P 0x7f2a7c191628
P 0x7f2a7c19c028
C 263
R
P 0x7f2a7c191628
C 342
R
P 0x7f2a7c191628
S "slot4Start"
C 30
R
P 0x7f2a7c191628
C 342
R
P 0x7f2a7c191628
$ |slot4Start|
C 202
R
P 0x7f2a7c191628
C 342
R
P 0x7f2a7c191628
$ |slot4Start|
P 0x7f2a7c19b1e8
C 51
= 0x7f2a7c19c048
R
P 0x7f2a7c191628
C 342
R
P 0x7f2a7c191628
P 0x7f2a7c19c048
C 257
R
P 0x7f2a7c191628
C 342
R
P 0x7f2a7c191628
P 0x7f2a7c19c048
C 254
= 0x7f2a7c19b1e8
R
P 0x7f2a7c191628
C 342
R
P 0x7f2a7c191628
P 0x7f2a7c19b1e8
C 209
R
P 0x7f2a7c191628
C 342
R
P 0x7f2a7c191628
P 0x7f2a7c19c048
C 260
R
P 0x7f2a7c191628
C 342
R
P 0x7f2a7c191628
P 0x7f2a7c19c048
C 259
R
P 0x7f2a7c191628
C 342
R
P 0x7f2a7c191628
P 0x7f2a7c19c048
C 258
R
P 0x7f2a7c191628
C 342
R
P 0x7f2a7c191628
P 0x7f2a7c19c048
C 9
R
P 0x7f2a7c191628
C 342
R
P 0x7f2a7c191628
I 4
P 0x7f2a7c19b208
C 150
= 0x7f2a7c19c028
R
P 0x7f2a7c191628
C 342
R
P 0x7f2a7c191628
P 0x7f2a7c19c028
C 258
R
P 0x7f2a7c191628
C 342
R
P 0x7f2a7c191628
P 0x7f2a7c19c028
C 9
R
P 0x7f2a7c191628
C 342
R
P 0x7f2a7c191628
P 0x7f2a7c19c028
C 263
R
P 0x7f2a7c191628
C 342
R
P 0x7f2a7c191628
S "slot4Duration"
C 30
R
P 0x7f2a7c191628
C 342
R
P 0x7f2a7c191628
$ |slot4Duration|
C 202
R
P 0x7f2a7c191628
C 342
R
P 0x7f2a7c191628
$ |slot4Duration|
P 0x7f2a7c19b1e8
C 51
= 0x7f2a7c19c068
R
P 0x7f2a7c191628
C 342
R
P 0x7f2a7c191628
P 0x7f2a7c19c068
C 257
R
P 0x7f2a7c191628
C 342
R
P 0x7f2a7c191628
P 0x7f2a7c19c068
C 254
= 0x7f2a7c19b1e8
R
P 0x7f2a7c191628
C 342
R
P 0x7f2a7c191628
P 0x7f2a7c19b1e8
C 209
R
P 0x7f2a7c191628
C 342
R
P 0x7f2a7c191628
P 0x7f2a7c19c068
C 260
R
P 0x7f2a7c191628
C 342
R
P 0x7f2a7c191628
P 0x7f2a7c19c068
C 259
R
P 0x7f2a7c191628
C 342
R
P 0x7f2a7c191628
P 0x7f2a7c19c068
C 258
R
P 0x7f2a7c191628
C 342
R
P 0x7f2a7c191628
P 0x7f2a7c19c068
C 9
R
P 0x7f2a7c191628
C 342
R
P 0x7f2a7c191628
U 2
P 0x7f2a7c19c048
P 0x7f2a7c19c068
p 2
C 65
= 0x7f2a7c1a20a8
R
P 0x7f2a7c191628
C 342
R
P 0x7f2a7c191628
P 0x7f2a7c1a20a8
C 257
R
P 0x7f2a7c191628
C 342
R
P 0x7f2a7c191628
P 0x7f2a7c1a20a8
C 254
= 0x7f2a7c19b1e8
R
P 0x7f2a7c191628
C 342
R
P 0x7f2a7c191628
P 0x7f2a7c19b1e8
C 209
R
P 0x7f2a7c191628
C 342
R
P 0x7f2a7c191628
P 0x7f2a7c1a20a8
C 260
R
P 0x7f2a7c191628
C 342
R
P 0x7f2a7c191628
P 0x7f2a7c1a20a8
C 259
R
P 0x7f2a7c191628
C 342
R
P 0x7f2a7c191628
P 0x7f2a7c1a20a8
C 258
R
P 0x7f2a7c191628
C 342
R
P 0x7f2a7c191628
P 0x7f2a7c1a20a8
C 9
R
P 0x7f2a7c191628
C 342
R
P 0x7f2a7c191628
I 8
P 0x7f2a7c19b208
C 150
= 0x7f2a7c19c1a8
R
P 0x7f2a7c191628
C 342
R
P 0x7f2a7c191628
P 0x7f2a7c19c1a8
C 258
R
P 0x7f2a7c191628
C 342
R
P 0x7f2a7c191628
P 0x7f2a7c19c1a8
C 9
R
P 0x7f2a7c191628
C 342
R
P 0x7f2a7c191628
P 0x7f2a7c19c1a8
C 263
R
P 0x7f2a7c191628
C 342
R
P 0x7f2a7c191628
S "slot8Start"
C 30
R
P 0x7f2a7c191628
C 342
R
P 0x7f2a7c191628
$ |slot8Start|
C 202
R
P 0x7f2a7c191628
C 342
R
P 0x7f2a7c191628
$ |slot8Start|
P 0x7f2a7c19b1e8
C 51
= 0x7f2a7c19c1c8
R
P 0x7f2a7c191628
C 342
R
P 0x7f2a7c191628
P 0x7f2a7c19c1c8
C 257
R
P 0x7f2a7c191628
C 342
R
P 0x7f2a7c191628
P 0x7f2a7c19c1c8
C 254
= 0x7f2a7c19b1e8
R
P 0x7f2a7c191628
C 342
R
P 0x7f2a7c191628
P 0x7f2a7c19b1e8
C 209
R
P 0x7f2a7c191628
C 342
R
P 0x7f2a7c191628
P 0x7f2a7c19c1c8
C 260
R
P 0x7f2a7c191628
C 342
R
P 0x7f2a7c191628
P 0x7f2a7c19c1c8
C 259
R
P 0x7f2a7c191628
C 342
R
P 0x7f2a7c191628
P 0x7f2a7c19c1c8
C 258
R
P 0x7f2a7c191628
C 342
R
P 0x7f2a7c191628
P 0x7f2a7c19c1c8
C 9
R
P 0x7f2a7c191628
C 342
R
P 0x7f2a7c191628
I 8
P 0x7f2a7c19b208
C 150
= 0x7f2a7c19c1a8
R
P 0x7f2a7c191628
C 342
R
P 0x7f2a7c191628
P 0x7f2a7c19c1a8
C 258
R
P 0x7f2a7c191628
C 342
R
P 0x7f2a7c191628
P 0x7f2a7c19c1a8
C 9
R
P 0x7f2a7c191628
C 342
R
P 0x7f2a7c191628
P 0x7f2a7c19c1a8
C 263
R
P 0x7f2a7c191628
C 342
R
P 0x7f2a7c191628
S "slot8Duration"
C 30
R
P 0x7f2a7c191628
C 342
R
P 0x7f2a7c191628
$ |slot8Duration|
C 202
R
P 0x7f2a7c191628
C 342
R
P 0x7f2a7c191628
$ |slot8Duration|
P 0x7f2a7c19b1e8
C 51
= 0x7f2a7c19c1e8
R
P 0x7f2a7c191628
C 342
R
P 0x7f2a7c191628
P 0x7f2a7c19c1e8
C 257
R
P 0x7f2a7c191628
C 342
R
P 0x7f2a7c191628
P 0x7f2a7c19c1e8
C 254
= 0x7f2a7c19b1e8
R
P 0x7f2a7c191628
C 342
R
P 0x7f2a7c191628
P 0x7f2a7c19b1e8
C 209
R
P 0x7f2a7c191628
C 342
R
P 0x7f2a7c191628
P 0x7f2a7c19c1e8
C 260
R
P 0x7f2a7c191628
C 342
R
P 0x7f2a7c191628
P 0x7f2a7c19c1e8
C 259
R
P 0x7f2a7c191628
C 342
R
P 0x7f2a7c191628
P 0x7f2a7c19c1e8
C 258
R
P 0x7f2a7c191628
C 342
R
P 0x7f2a7c191628
P 0x7f2a7c19c1e8
C 9
R
P 0x7f2a7c191628
C 342
R
P 0x7f2a7c191628
U 2
P 0x7f2a7c19c1c8
P 0x7f2a7c19c1e8
p 2
C 65
= 0x7f2a7c1a25e8
R
P 0x7f2a7c191628
C 342
R
P 0x7f2a7c191628
P 0x7f2a7c1a25e8
C 257
R
P 0x7f2a7c191628
C 342
R
P 0x7f2a7c191628
P 0x7f2a7c1a25e8
C 254
= 0x7f2a7c19b1e8
R
P 0x7f2a7c191628
C 342
R
P 0x7f2a7c191628
P 0x7f2a7c19b1e8
C 209
R
P 0x7f2a7c191628
C 342
R
P 0x7f2a7c191628
P 0x7f2a7c1a25e8
C 260
R
P 0x7f2a7c191628
C 342
R
P 0x7f2a7c191628
P 0x7f2a7c1a25e8
C 259
R
P 0x7f2a7c191628
C 342
R
P 0x7f2a7c191628
P 0x7f2a7c1a25e8
C 258
R
P 0x7f2a7c191628
C 342
R
P 0x7f2a7c191628
P 0x7f2a7c1a25e8
C 9
R
P 0x7f2a7c191628
C 342
R
P 0x7f2a7c191628
P 0x7f2a7c1a20a8
P 0x7f2a7c1a25e8
C 74
= 0x7f2a7c478d98
R
P 0x7f2a7c191628
C 342
R
P 0x7f2a7c191628
P 0x7f2a7c478d98
C 258
R
P 0x7f2a7c191628
C 342
R
P 0x7f2a7c191628
P 0x7f2a7c478d98
C 9
R
P 0x7f2a7c191628
C 342
R
P 0x7f2a7c191628
U 2
P 0x7f2a7c478d60
P 0x7f2a7c478d98
p 2
C 63
= 0x7f2a7c478dd0
R
P 0x7f2a7c191628
C 342
R
P 0x7f2a7c191628
P 0x7f2a7c478dd0
C 258
R
P 0x7f2a7c191628
C 342
R
P 0x7f2a7c191628
P 0x7f2a7c478dd0
C 9
R
P 0x7f2a7c191628
C 342
R
P 0x7f2a7c191628
P 0x7f2a7c478dd0
C 58
= 0x7f2a7c19ed28
R
P 0x7f2a7c191628
C 342
R
P 0x7f2a7c191628
P 0x7f2a7c19ed28
C 258
R
P 0x7f2a7c191628
C 342
R
P 0x7f2a7c191628
P 0x7f2a7c19ed28
C 9
R
P 0x7f2a7c191628
C 342
R
P 0x7f2a7c191628
P 0x7f2a7c19eb78
P 0x7f2a7c19ed28
C 61
= 0x7f2a7c478e08
R
P 0x7f2a7c191628
C 342
R
P 0x7f2a7c191628
P 0x7f2a7c478e08
C 258
R
P 0x7f2a7c191628
C 342
R
P 0x7f2a7c191628
P 0x7f2a7c478e08
C 9
R
P 0x7f2a7c191628
C 342
R
P 0x7f2a7c191628
P 0x7f2a7c1e1fc8
P 0x7f2a7c478e08
C 427
R
P 0x7f2a7c191628
C 342
R
P 0x7f2a7c191628
I 5
P 0x7f2a7c19b208
C 150
= 0x7f2a7c19c088
R
P 0x7f2a7c191628
C 342
R
P 0x7f2a7c191628
P 0x7f2a7c19c088
C 258
R
P 0x7f2a7c191628
C 342
R
P 0x7f2a7c191628
P 0x7f2a7c19c088
C 9
R
P 0x7f2a7c191628
C 342
R
P 0x7f2a7c191628
P 0x7f2a7c19c088
C 263
R
P 0x7f2a7c191628
C 342
R
P 0x7f2a7c191628
S "slot5Start"
C 30
R
P 0x7f2a7c191628
C 342
R
P 0x7f2a7c191628
$ |slot5Start|
C 202
R
P 0x7f2a7c191628
C 342
R
P 0x7f2a7c191628
$ |slot5Start|
P 0x7f2a7c19b1e8
C 51
= 0x7f2a7c19c0a8
R
P 0x7f2a7c191628
C 342
R
P 0x7f2a7c191628
P 0x7f2a7c19c0a8
C 257
R
P 0x7f2a7c191628
C 342
R
P 0x7f2a7c191628
P 0x7f2a7c19c0a8
C 254
= 0x7f2a7c19b1e8
R
P 0x7f2a7c191628
C 342
R
P 0x7f2a7c191628
P 0x7f2a7c19b1e8
C 209
R
P 0x7f2a7c191628
C 342
R
P 0x7f2a7c191628
P 0x7f2a7c19c0a8
C 260
R
P 0x7f2a7c191628
C 342
R
P 0x7f2a7c191628
P 0x7f2a7c19c0a8
C 259
R
P 0x7f2a7c191628
C 342
R
P 0x7f2a7c191628
P 0x7f2a7c19c0a8
C 258
R
P 0x7f2a7c191628
C 342
R
P 0x7f2a7c191628
P 0x7f2a7c19c0a8
C 9
R
P 0x7f2a7c191628
C 342
R
P 0x7f2a7c191628
I 0
P 0x7f2a7c19b208
C 150
= 0x7f2a7c19bd08
R
P 0x7f2a7c191628
C 342
R
P 0x7f2a7c191628
P 0x7f2a7c19bd08
C 258
R
P 0x7f2a7c191628
C 342
R
P 0x7f2a7c191628
P 0x7f2a7c19bd08
C 9
R
P 0x7f2a7c191628
C 342
R
P 0x7f2a7c191628
P 0x7f2a7c19c0a8
P 0x7f2a7c19bd08
C 76
= 0x7f2a7c478e40
R
P 0x7f2a7c191628
C 342
R
P 0x7f2a7c191628
P 0x7f2a7c478e40
C 258
R
P 0x7f2a7c191628
C 342
R
P 0x7f2a7c191628
P 0x7f2a7c478e40
C 9
R
P 0x7f2a7c191628
C 342
R
P 0x7f2a7c191628
P 0x7f2a7c1e1fc8
P 0x7f2a7c478e40
C 427
R
P 0x7f2a7c191628
C 342
R
P 0x7f2a7c191628
I 5
P 0x7f2a7c19b208
C 150
= 0x7f2a7c19c088
R
P 0x7f2a7c191628
C 342
R
P 0x7f2a7c191628
P 0x7f2a7c19c088
C 258
R
P 0x7f2a7c191628
C 342
R
P 0x7f2a7c191628
P 0x7f2a7c19c088
C 9
R
P 0x7f2a7c191628
C 342
R
P 0x7f2a7c191628
P 0x7f2a7c19c088
C 263
R
P 0x7f2a7c191628
C 342
R
P 0x7f2a7c191628
S "slot5Start"
C 30
R
P 0x7f2a7c191628
C 342
R
P 0x7f2a7c191628
$ |slot5Start|
C 202
R
P 0x7f2a7c191628
C 342
R
P 0x7f2a7c191628
$ |slot5Start|
P 0x7f2a7c19b1e8
C 51
= 0x7f2a7c19c0a8
R
P 0x7f2a7c191628
C 342
R
P 0x7f2a7c191628
P 0x7f2a7c19c0a8
C 257
R
P 0x7f2a7c191628
C 342
R
P 0x7f2a7c191628
P 0x7f2a7c19c0a8
C 254
= 0x7f2a7c19b1e8
R
P 0x7f2a7c191628
C 342
R
P 0x7f2a7c191628
P 0x7f2a7c19b1e8
C 209
R
P 0x7f2a7c191628
C 342
R
P 0x7f2a7c191628
P 0x7f2a7c19c0a8
C 260
R
P 0x7f2a7c191628
C 342
R
P 0x7f2a7c191628
P 0x7f2a7c19c0a8
C 259
R
P 0x7f2a7c191628
C 342
R
P 0x7f2a7c191628
P 0x7f2a7c19c0a8
C 258
R
P 0x7f2a7c191628
C 342
R
P 0x7f2a7c191628
P 0x7f2a7c19c0a8
C 9
R
P 0x7f2a7c191628
C 342
R
P 0x7f2a7c191628
I 5
P 0x7f2a7c19b208
C 150
= 0x7f2a7c19c088
R
P 0x7f2a7c191628
C 342
R
P 0x7f2a7c191628
P 0x7f2a7c19c088
C 258
R
P 0x7f2a7c191628
C 342
R
P 0x7f2a7c191628
P 0x7f2a7c19c088
C 9
R
P 0x7f2a7c191628
C 342
R
P 0x7f2a7c191628
P 0x7f2a7c19c088
C 263
R
P 0x7f2a7c191628
C 342
R
P 0x7f2a7c191628
S "slot5Duration"
C 30
R
P 0x7f2a7c191628
C 342
R
P 0x7f2a7c191628
$ |slot5Duration|
C 202
R
P 0x7f2a7c191628
C 342
R
P 0x7f2a7c191628
$ |slot5Duration|
P 0x7f2a7c19b1e8
C 51
= 0x7f2a7c19c0c8
R
P 0x7f2a7c191628
C 342
R
P 0x7f2a7c191628
P 0x7f2a7c19c0c8
C 257
R
P 0x7f2a7c191628
C 342
R
P 0x7f2a7c191628
P 0x7f2a7c19c0c8
C 254
= 0x7f2a7c19b1e8
R
P 0x7f2a7c191628
C 342
R
P 0x7f2a7c191628
P 0x7f2a7c19b1e8
C 209
R
P 0x7f2a7c191628
C 342
R
P 0x7f2a7c191628
P 0x7f2a7c19c0c8
C 260
R
P 0x7f2a7c191628
C 342
R
P 0x7f2a7c191628
P 0x7f2a7c19c0c8
C 259
R
P 0x7f2a7c191628
C 342
R
P 0x7f2a7c191628
P 0x7f2a7c19c0c8
C 258
R
P 0x7f2a7c191628
C 342
R
P 0x7f2a7c191628
P 0x7f2a7c19c0c8
C 9
R
P 0x7f2a7c191628
C 342
R
P 0x7f2a7c191628
U 2
P 0x7f2a7c19bbe8
P 0x7f2a7c19c0c8
p 2
C 67
= 0x7f2a7c478e78
R
P 0x7f2a7c191628
C 342
R
P 0x7f2a7c191628
P 0x7f2a7c478e78
C 257
R
P 0x7f2a7c191628
C 342
R
P 0x7f2a7c191628
P 0x7f2a7c478e78
C 254
= 0x7f2a7c19b1e8
R
P 0x7f2a7c191628
C 342
R
P 0x7f2a7c191628
P 0x7f2a7c19b1e8
C 209
R
P 0x7f2a7c191628
C 342
R
P 0x7f2a7c191628
P 0x7f2a7c478e78
C 260
R
P 0x7f2a7c191628
C 342
R
P 0x7f2a7c191628
P 0x7f2a7c478e78
C 259
R
P 0x7f2a7c191628
C 342
R
P 0x7f2a7c191628
P 0x7f2a7c478e78
C 258
R
P 0x7f2a7c191628
C 342
R
P 0x7f2a7c191628
P 0x7f2a7c478e78
C 9
R
P 0x7f2a7c191628
C 342
R
P 0x7f2a7c191628
P 0x7f2a7c19c0a8
P 0x7f2a7c478e78
C 74
= 0x7f2a7c478eb0
R
P 0x7f2a7c191628
C 342
R
P 0x7f2a7c191628
P 0x7f2a7c478eb0
C 258
R
P 0x7f2a7c191628
C 342
R
P 0x7f2a7c191628
P 0x7f2a7c478eb0
C 9
R
P 0x7f2a7c191628
C 342
R
P 0x7f2a7c191628
P 0x7f2a7c1e1fc8
P 0x7f2a7c478eb0
C 427
R
P 0x7f2a7c191628
C 342
R
P 0x7f2a7c191628
I 5
P 0x7f2a7c19b208
C 150
= 0x7f2a7c19c088
R
P 0x7f2a7c191628
C 342
R
P 0x7f2a7c191628
P 0x7f2a7c19c088
C 258
R
P 0x7f2a7c191628
C 342
R
P 0x7f2a7c191628
P 0x7f2a7c19c088
C 9
R
P 0x7f2a7c191628
C 342
R
P 0x7f2a7c191628
P 0x7f2a7c19c088
C 263
R
P 0x7f2a7c191628
C 342
R
P 0x7f2a7c191628
S "slot5Duration"
C 30
R
P 0x7f2a7c191628
C 342
R
P 0x7f2a7c191628
$ |slot5Duration|
C 202
R
P 0x7f2a7c191628
C 342
R
P 0x7f2a7c191628
$ |slot5Duration|
P 0x7f2a7c19b1e8
C 51
= 0x7f2a7c19c0c8
R
P 0x7f2a7c191628
C 342
R
P 0x7f2a7c191628
P 0x7f2a7c19c0c8
C 257
R
P 0x7f2a7c191628
C 342
R
P 0x7f2a7c191628
P 0x7f2a7c19c0c8
C 254
= 0x7f2a7c19b1e8
R
P 0x7f2a7c191628
C 342
R
P 0x7f2a7c191628
P 0x7f2a7c19b1e8
C 209
R
P 0x7f2a7c191628
C 342
R
P 0x7f2a7c191628
P 0x7f2a7c19c0c8
C 260
R
P 0x7f2a7c191628
C 342
R
P 0x7f2a7c191628
P 0x7f2a7c19c0c8
C 259
R
P 0x7f2a7c191628
C 342
R
P 0x7f2a7c191628
P 0x7f2a7c19c0c8
C 258
R
P 0x7f2a7c191628
C 342
R
P 0x7f2a7c191628
P 0x7f2a7c19c0c8
C 9
R
P 0x7f2a7c191628
C 342
R
P 0x7f2a7c191628
I 0
P 0x7f2a7c19b208
C 150
= 0x7f2a7c19bd08
R
P 0x7f2a7c191628
C 342
R
P 0x7f2a7c191628
P 0x7f2a7c19bd08
C 258
R
P 0x7f2a7c191628
C 342
R
P 0x7f2a7c191628
P 0x7f2a7c19bd08
C 9
R
P 0x7f2a7c191628
C 342
R
P 0x7f2a7c191628
P 0x7f2a7c19c0c8
P 0x7f2a7c19bd08
C 76
= 0x7f2a7c478ee8
R
P 0x7f2a7c191628
C 342
R
P 0x7f2a7c191628
P 0x7f2a7c478ee8
C 258
R
P 0x7f2a7c191628
C 342
R
P 0x7f2a7c191628
P 0x7f2a7c478ee8
C 9
R
P 0x7f2a7c191628
C 342
R
P 0x7f2a7c191628
P 0x7f2a7c1e1fc8
P 0x7f2a7c478ee8
C 427
R
P 0x7f2a7c191628
C 342
R
P 0x7f2a7c191628
I 5
P 0x7f2a7c19b208
C 150
= 0x7f2a7c19c088
R
P 0x7f2a7c191628
C 342
R
P 0x7f2a7c191628
P 0x7f2a7c19c088
C 258
R
P 0x7f2a7c191628
C 342
R
P 0x7f2a7c191628
P 0x7f2a7c19c088
C 9
R
P 0x7f2a7c191628
C 342
R
P 0x7f2a7c191628
P 0x7f2a7c19c088
C 263
R
P 0x7f2a7c191628
C 342
R
P 0x7f2a7c191628
S "slot5Duration"
C 30
R
P 0x7f2a7c191628
C 342
R
P 0x7f2a7c191628
$ |slot5Duration|
C 202
R
P 0x7f2a7c191628
C 342
R
P 0x7f2a7c191628
$ |slot5Duration|
P 0x7f2a7c19b1e8
C 51
= 0x7f2a7c19c0c8
R
P 0x7f2a7c191628
C 342
R
P 0x7f2a7c191628
P 0x7f2a7c19c0c8
C 257
R
P 0x7f2a7c191628
C 342
R
P 0x7f2a7c191628
P 0x7f2a7c19c0c8
C 254
= 0x7f2a7c19b1e8
R
P 0x7f2a7c191628
C 342
R
P 0x7f2a7c191628
P 0x7f2a7c19b1e8
C 209
R
P 0x7f2a7c191628
C 342
R
P 0x7f2a7c191628
P 0x7f2a7c19c0c8
C 260
R
P 0x7f2a7c191628
C 342
R
P 0x7f2a7c191628
P 0x7f2a7c19c0c8
C 259
R
P 0x7f2a7c191628
C 342
R
P 0x7f2a7c191628
P 0x7f2a7c19c0c8
C 258
R
P 0x7f2a7c191628
C 342
R
P 0x7f2a7c191628
P 0x7f2a7c19c0c8
C 9
R
P 0x7f2a7c191628
C 342
R
P 0x7f2a7c191628
P 0x7f2a7c19c0c8
P 0x7f2a7c19bc08
C 74
= 0x7f2a7c478f20
R
P 0x7f2a7c191628
C 342
R
P 0x7f2a7c191628
P 0x7f2a7c478f20
C 258
R
P 0x7f2a7c191628
C 342
R
P 0x7f2a7c191628
P 0x7f2a7c478f20
C 9
R
P 0x7f2a7c191628
C 342
R
P 0x7f2a7c191628
P 0x7f2a7c1e1fc8
P 0x7f2a7c478f20
C 427
R
P 0x7f2a7c191628
C 342
R
P 0x7f2a7c191628
I 5
P 0x7f2a7c19b208
C 150
= 0x7f2a7c19c088
R
P 0x7f2a7c191628
C 342
R
P 0x7f2a7c191628
P 0x7f2a7c19c088
C 258
R
P 0x7f2a7c191628
C 342
R
P 0x7f2a7c191628
P 0x7f2a7c19c088
C 9
R
P 0x7f2a7c191628
C 342
R
P 0x7f2a7c191628
P 0x7f2a7c19c088
C 263
R
P 0x7f2a7c191628
C 342
R
P 0x7f2a7c191628
S "slot5Start"
C 30
R
P 0x7f2a7c191628
C 342
R
P 0x7f2a7c191628
$ |slot5Start|
C 202
R
P 0x7f2a7c191628
C 342
R
P 0x7f2a7c191628
$ |slot5Start|
P 0x7f2a7c19b1e8
C 51
= 0x7f2a7c19c0a8
R
P 0x7f2a7c191628
C 342
R
P 0x7f2a7c191628
P 0x7f2a7c19c0a8
C 257
R
P 0x7f2a7c191628
C 342
R
P 0x7f2a7c191628
P 0x7f2a7c19c0a8
C 254
= 0x7f2a7c19b1e8
R
P 0x7f2a7c191628
C 342
R
P 0x7f2a7c191628
P 0x7f2a7c19b1e8
C 209
R
P 0x7f2a7c191628
C 342
R
P 0x7f2a7c191628
P 0x7f2a7c19c0a8
C 260
R
P 0x7f2a7c191628
C 342
R
P 0x7f2a7c191628
P 0x7f2a7c19c0a8
C 259
R
P 0x7f2a7c191628
C 342
R
P 0x7f2a7c191628
P 0x7f2a7c19c0a8
C 258
R
P 0x7f2a7c191628
C 342
R
P 0x7f2a7c191628
P 0x7f2a7c19c0a8
C 9
R
P 0x7f2a7c191628
C 342
R
P 0x7f2a7c191628
I 5
P 0x7f2a7c19b208
C 150
= 0x7f2a7c19c088
R
P 0x7f2a7c191628
C 342
R
P 0x7f2a7c191628
P 0x7f2a7c19c088
C 258
R
P 0x7f2a7c191628
C 342
R
P 0x7f2a7c191628
P 0x7f2a7c19c088
C 9
R
P 0x7f2a7c191628
C 342
R
P 0x7f2a7c191628
P 0x7f2a7c19c088
C 263
R
P 0x7f2a7c191628
C 342
R
P 0x7f2a7c191628
S "slot5Start"
C 30
R
P 0x7f2a7c191628
C 342
R
P 0x7f2a7c191628
$ |slot5Start|
C 202
R
P 0x7f2a7c191628
C 342
R
P 0x7f2a7c191628
$ |slot5Start|
P 0x7f2a7c19b1e8
C 51
= 0x7f2a7c19c0a8
R
P 0x7f2a7c191628
C 342
R
P 0x7f2a7c191628
P 0x7f2a7c19c0a8
C 257
R
P 0x7f2a7c191628
C 342
R
P 0x7f2a7c191628
P 0x7f2a7c19c0a8
C 254
= 0x7f2a7c19b1e8
R
P 0x7f2a7c191628
C 342
R
P 0x7f2a7c191628
P 0x7f2a7c19b1e8
C 209
R
P 0x7f2a7c191628
C 342
R
P 0x7f2a7c191628
P 0x7f2a7c19c0a8
C 260
R
P 0x7f2a7c191628
C 342
R
P 0x7f2a7c191628
P 0x7f2a7c19c0a8
C 259
R
P 0x7f2a7c191628
C 342
R
P 0x7f2a7c191628
P 0x7f2a7c19c0a8
C 258
R
P 0x7f2a7c191628
C 342
R
P 0x7f2a7c191628
P 0x7f2a7c19c0a8
C 9
R
P 0x7f2a7c191628
C 342
R
P 0x7f2a7c191628
U 2
P 0x7f2a7c19c0a8
P 0x7f2a7c19c0a8
p 2
C 65
= 0x7f2a7c478f58
R
P 0x7f2a7c191628
C 342
R
P 0x7f2a7c191628
P 0x7f2a7c478f58
C 257
R
P 0x7f2a7c191628
C 342
R
P 0x7f2a7c191628
P 0x7f2a7c478f58
C 254
= 0x7f2a7c19b1e8
R
P 0x7f2a7c191628
C 342
R
P 0x7f2a7c191628
P 0x7f2a7c19b1e8
C 209
R
P 0x7f2a7c191628
C 342
R
P 0x7f2a7c191628
P 0x7f2a7c478f58
C 260
R
P 0x7f2a7c191628
C 342
R
P 0x7f2a7c191628
P 0x7f2a7c478f58
C 259
R
P 0x7f2a7c191628
C 342
R
P 0x7f2a7c191628
P 0x7f2a7c478f58
C 258
R
P 0x7f2a7c191628
C 342
R
P 0x7f2a7c191628
P 0x7f2a7c478f58
C 9
R
P 0x7f2a7c191628
C 342
R
P 0x7f2a7c191628
P 0x7f2a7c19bbe8
P 0x7f2a7c478f58
C 76
= 0x7f2a7c478f90
R
P 0x7f2a7c191628
C 342
R
P 0x7f2a7c191628
P 0x7f2a7c478f90
C 258
R
P 0x7f2a7c191628
C 342
R
P 0x7f2a7c191628
P 0x7f2a7c478f90
C 9
R
P 0x7f2a7c191628
C 342
R
P 0x7f2a7c191628
P 0x7f2a7c1e1fc8
P 0x7f2a7c478f90
C 427
R
P 0x7f2a7c191628
C 342
R
P 0x7f2a7c191628
I 5
P 0x7f2a7c19b208
C 150
= 0x7f2a7c19c088
R
P 0x7f2a7c191628
C 342
R
P 0x7f2a7c191628
P 0x7f2a7c19c088
C 258
R
P 0x7f2a7c191628
C 342
R
P 0x7f2a7c191628
P 0x7f2a7c19c088
C 9
R
P 0x7f2a7c191628
C 342
R
P 0x7f2a7c191628
I 1
P 0x7f2a7c19b208
C 150
= 0x7f2a7c19bc88
R
P 0x7f2a7c191628
C 342
R
P 0x7f2a7c191628
P 0x7f2a7c19bc88
C 258
R
P 0x7f2a7c191628
C 342
R
P 0x7f2a7c191628
P 0x7f2a7c19bc88
C 9
R
P 0x7f2a7c191628
C 342
R
P 0x7f2a7c191628
P 0x7f2a7c19c088
P 0x7f2a7c19bc88
C 56
= 0x7f2a7c478fc8
R
P 0x7f2a7c191628
C 342
R
P 0x7f2a7c191628
P 0x7f2a7c478fc8
C 258
R
P 0x7f2a7c191628
C 342
R
P 0x7f2a7c191628
P 0x7f2a7c478fc8
C 9
R
P 0x7f2a7c191628
C 342
R
P 0x7f2a7c191628
P 0x7f2a7c478fc8
C 58
= 0x7f2a7c19ed58
R
P 0x7f2a7c191628
C 342
R
P 0x7f2a7c191628
P 0x7f2a7c19ed58
C 258
R
P 0x7f2a7c191628
C 342
R
P 0x7f2a7c191628
P 0x7f2a7c19ed58
C 9
R
P 0x7f2a7c191628
C 342
R
P 0x7f2a7c191628
I 5
P 0x7f2a7c19b208
C 150
= 0x7f2a7c19c088
R
P 0x7f2a7c191628
C 342
R
P 0x7f2a7c191628
P 0x7f2a7c19c088
C 258
R
P 0x7f2a7c191628
C 342
R
P 0x7f2a7c191628
P 0x7f2a7c19c088
C 9
R
P 0x7f2a7c191628
C 342
R
P 0x7f2a7c191628
P 0x7f2a7c19c088
C 263
R
P 0x7f2a7c191628
C 342
R
P 0x7f2a7c191628
S "slot5Start"
C 30
R
P 0x7f2a7c191628
C 342
R
P 0x7f2a7c191628
$ |slot5Start|
C 202
R
P 0x7f2a7c191628
C 342
R
P 0x7f2a7c191628
$ |slot5Start|
P 0x7f2a7c19b1e8
C 51
= 0x7f2a7c19c0a8
R
P 0x7f2a7c191628
C 342
R
P 0x7f2a7c191628
P 0x7f2a7c19c0a8
C 257
R
P 0x7f2a7c191628
C 342
R
P 0x7f2a7c191628
P 0x7f2a7c19c0a8
C 254
= 0x7f2a7c19b1e8
R
P 0x7f2a7c191628
C 342
R
P 0x7f2a7c191628
P 0x7f2a7c19b1e8
C 209
R
P 0x7f2a7c191628
C 342
R
P 0x7f2a7c191628
P 0x7f2a7c19c0a8
C 260
R
P 0x7f2a7c191628
C 342
R
P 0x7f2a7c191628
P 0x7f2a7c19c0a8
C 259
R
P 0x7f2a7c191628
C 342
R
P 0x7f2a7c191628
P 0x7f2a7c19c0a8
C 258
R
P 0x7f2a7c191628
C 342
R
P 0x7f2a7c191628
P 0x7f2a7c19c0a8
C 9
R
P 0x7f2a7c191628
C 342
R
P 0x7f2a7c191628
I 1
P 0x7f2a7c19b208
C 150
= 0x7f2a7c19bc88
R
P 0x7f2a7c191628
C 342
R
P 0x7f2a7c191628
P 0x7f2a7c19bc88
C 258
R
P 0x7f2a7c191628
C 342
R
P 0x7f2a7c191628
P 0x7f2a7c19bc88
C 9
R
P 0x7f2a7c191628
C 342
R
P 0x7f2a7c191628
P 0x7f2a7c19bc88
C 263
R
P 0x7f2a7c191628
C 342
R
P 0x7f2a7c191628
S "slot1Start"
C 30
R
P 0x7f2a7c191628
C 342
R
P 0x7f2a7c191628
$ |slot1Start|
C 202
R
P 0x7f2a7c191628
C 342
R
P 0x7f2a7c191628
$ |slot1Start|
P 0x7f2a7c19b1e8
C 51
= 0x7f2a7c19bf48
R
P 0x7f2a7c191628
C 342
R
P 0x7f2a7c191628
P 0x7f2a7c19bf48
C 257
R
P 0x7f2a7c191628
C 342
R
P 0x7f2a7c191628
P 0x7f2a7c19bf48
C 254
= 0x7f2a7c19b1e8
R
P 0x7f2a7c191628
C 342
R
P 0x7f2a7c191628
P 0x7f2a7c19b1e8
C 209
R
P 0x7f2a7c191628
C 342
R
P 0x7f2a7c191628
P 0x7f2a7c19bf48
C 260
R
P 0x7f2a7c191628
C 342
R
P 0x7f2a7c191628
P 0x7f2a7c19bf48
C 259
R
P 0x7f2a7c191628
C 342
R
P 0x7f2a7c191628
P 0x7f2a7c19bf48
C 258
R
P 0x7f2a7c191628
C 342
R
P 0x7f2a7c191628
P 0x7f2a7c19bf48
C 9
R
P 0x7f2a7c191628
C 342
R
P 0x7f2a7c191628
P 0x7f2a7c19c0a8
P 0x7f2a7c19bf48
C 76
= 0x7f2a7c479000
R
P 0x7f2a7c191628
C 342
R
P 0x7f2a7c191628
P 0x7f2a7c479000
C 258
R
P 0x7f2a7c191628
C 342
R
P 0x7f2a7c191628
P 0x7f2a7c479000
C 9
R
P 0x7f2a7c191628
C 342
R
P 0x7f2a7c191628
I 5
P 0x7f2a7c19b208
C 150
= 0x7f2a7c19c088
R
P 0x7f2a7c191628
C 342
R
P 0x7f2a7c191628
P 0x7f2a7c19c088
C 258
R
P 0x7f2a7c191628
C 342
R
P 0x7f2a7c191628
P 0x7f2a7c19c088
C 9
R
P 0x7f2a7c191628
C 342
R
P 0x7f2a7c191628
P 0x7f2a7c19c088
C 263
R
P 0x7f2a7c191628
C 342
R
P 0x7f2a7c191628
S "slot5Start"
C 30
R
P 0x7f2a7c191628
C 342
R
P 0x7f2a7c191628
$ |slot5Start|
C 202
R
P 0x7f2a7c191628
C 342
R
P 0x7f2a7c191628
$ |slot5Start|
P 0x7f2a7c19b1e8
C 51
= 0x7f2a7c19c0a8
R
P 0x7f2a7c191628
C 342
R
P 0x7f2a7c191628
P 0x7f2a7c19c0a8
C 257
R
P 0x7f2a7c191628
C 342
R
P 0x7f2a7c191628
P 0x7f2a7c19c0a8
C 254
= 0x7f2a7c19b1e8
R
P 0x7f2a7c191628
C 342
R
P 0x7f2a7c191628
P 0x7f2a7c19b1e8
C 209
R
P 0x7f2a7c191628
C 342
R
P 0x7f2a7c191628
P 0x7f2a7c19c0a8
C 260
R
P 0x7f2a7c191628
C 342
R
P 0x7f2a7c191628
P 0x7f2a7c19c0a8
C 259
R
P 0x7f2a7c191628
C 342
R
P 0x7f2a7c191628
P 0x7f2a7c19c0a8
C 258
R
P 0x7f2a7c191628
C 342
R
P 0x7f2a7c191628
P 0x7f2a7c19c0a8
C 9
R
P 0x7f2a7c191628
C 342
R
P 0x7f2a7c191628
I 1
P 0x7f2a7c19b208
C 150
= 0x7f2a7c19bc88
R
P 0x7f2a7c191628
C 342
R
P 0x7f2a7c191628
P 0x7f2a7c19bc88
C 258
R
P 0x7f2a7c191628
C 342
R
P 0x7f2a7c191628
P 0x7f2a7c19bc88
C 9
R
P 0x7f2a7c191628
C 342
R
P 0x7f2a7c191628
P 0x7f2a7c19bc88
C 263
R
P 0x7f2a7c191628
C 342
R
P 0x7f2a7c191628
S "slot1Start"
C 30
R
P 0x7f2a7c191628
C 342
R
P 0x7f2a7c191628
$ |slot1Start|
C 202
R
P 0x7f2a7c191628
C 342
R
P 0x7f2a7c191628
$ |slot1Start|
P 0x7f2a7c19b1e8
C 51
= 0x7f2a7c19bf48
R
P 0x7f2a7c191628
C 342
R
P 0x7f2a7c191628
P 0x7f2a7c19bf48
C 257
R
P 0x7f2a7c191628
C 342
R
P 0x7f2a7c191628
P 0x7f2a7c19bf48
C 254
= 0x7f2a7c19b1e8
R
P 0x7f2a7c191628
C 342
R
P 0x7f2a7c191628
P 0x7f2a7c19b1e8
C 209
R
P 0x7f2a7c191628
C 342
R
P 0x7f2a7c191628
P 0x7f2a7c19bf48
C 260
R
P 0x7f2a7c191628
C 342
R
P 0x7f2a7c191628
P 0x7f2a7c19bf48
C 259
R
P 0x7f2a7c191628
C 342
R
P 0x7f2a7c191628
P 0x7f2a7c19bf48
C 258
R
P 0x7f2a7c191628
C 342
R
P 0x7f2a7c191628
P 0x7f2a7c19bf48
C 9
R
P 0x7f2a7c191628
C 342
R
P 0x7f2a7c191628
I 1
P 0x7f2a7c19b208
C 150
= 0x7f2a7c19bc88
R
P 0x7f2a7c191628
C 342
R
P 0x7f2a7c191628
P 0x7f2a7c19bc88
C 258
R
P 0x7f2a7c191628
C 342
R
P 0x7f2a7c191628
P 0x7f2a7c19bc88
C 9
R
P 0x7f2a7c191628
C 342
R
P 0x7f2a7c191628
P 0x7f2a7c19bc88
C 263
R
P 0x7f2a7c191628
C 342
R
P 0x7f2a7c191628
S "slot1Duration"
C 30
R
P 0x7f2a7c191628
C 342
R
P 0x7f2a7c191628
$ |slot1Duration|
C 202
R
P 0x7f2a7c191628
C 342
R
P 0x7f2a7c191628
$ |slot1Duration|
P 0x7f2a7c19b1e8
C 51
= 0x7f2a7c19bf68
R
P 0x7f2a7c191628
C 342
R
P 0x7f2a7c191628
P 0x7f2a7c19bf68
C 257
R
P 0x7f2a7c191628
C 342
R
P 0x7f2a7c191628
P 0x7f2a7c19bf68
C 254
= 0x7f2a7c19b1e8
R
P 0x7f2a7c191628
C 342
R
P 0x7f2a7c191628
P 0x7f2a7c19b1e8
C 209
R
P 0x7f2a7c191628
C 342
R
P 0x7f2a7c191628
P 0x7f2a7c19bf68
C 260
R
P 0x7f2a7c191628
C 342
R
P 0x7f2a7c191628
P 0x7f2a7c19bf68
C 259
R
P 0x7f2a7c191628
C 342
R
P 0x7f2a7c191628
P 0x7f2a7c19bf68
C 258
R
P 0x7f2a7c191628
C 342
R
P 0x7f2a7c191628
P 0x7f2a7c19bf68
C 9
R
P 0x7f2a7c191628
C 342
R
P 0x7f2a7c191628
U 2
P 0x7f2a7c19bf48
P 0x7f2a7c19bf68
p 2
C 65
= 0x7f2a7c1a1cb8
R
P 0x7f2a7c191628
C 342
R
P 0x7f2a7c191628
P 0x7f2a7c1a1cb8
C 257
R
P 0x7f2a7c191628
C 342
R
P 0x7f2a7c191628
P 0x7f2a7c1a1cb8
C 254
= 0x7f2a7c19b1e8
R
P 0x7f2a7c191628
C 342
R
P 0x7f2a7c191628
P 0x7f2a7c19b1e8
C 209
R
P 0x7f2a7c191628
C 342
R
P 0x7f2a7c191628
P 0x7f2a7c1a1cb8
C 260
R
P 0x7f2a7c191628
C 342
R
P 0x7f2a7c191628
P 0x7f2a7c1a1cb8
C 259
R
P 0x7f2a7c191628
C 342
R
P 0x7f2a7c191628
P 0x7f2a7c1a1cb8
C 258
R
P 0x7f2a7c191628
C 342
R
P 0x7f2a7c191628
P 0x7f2a7c1a1cb8
C 9
R
P 0x7f2a7c191628
C 342
R
P 0x7f2a7c191628
P 0x7f2a7c19c0a8
P 0x7f2a7c1a1cb8
C 74
= 0x7f2a7c1a2a10
R
P 0x7f2a7c191628
C 342
R
P 0x7f2a7c191628
P 0x7f2a7c1a2a10
C 258
R
P 0x7f2a7c191628
C 342
R
P 0x7f2a7c191628
P 0x7f2a7c1a2a10
C 9
R
P 0x7f2a7c191628
C 342
R
P 0x7f2a7c191628
U 2
P 0x7f2a7c479000
P 0x7f2a7c1a2a10
p 2
C 63
= 0x7f2a7c479038
R
P 0x7f2a7c191628
C 342
R
P 0x7f2a7c191628
P 0x7f2a7c479038
C 258
R
P 0x7f2a7c191628
C 342
R
P 0x7f2a7c191628
P 0x7f2a7c479038
C 9
R
P 0x7f2a7c191628
C 342
R
P 0x7f2a7c191628
P 0x7f2a7c479038
C 58
= 0x7f2a7c19ed88
R
P 0x7f2a7c191628
C 342
R
P 0x7f2a7c191628
P 0x7f2a7c19ed88
C 258
R
P 0x7f2a7c191628
C 342
R
P 0x7f2a7c191628
P 0x7f2a7c19ed88
C 9
R
P 0x7f2a7c191628
C 342
R
P 0x7f2a7c191628
P 0x7f2a7c19ed58
P 0x7f2a7c19ed88
C 61
= 0x7f2a7c479070
R
P 0x7f2a7c191628
C 342
R
P 0x7f2a7c191628
P 0x7f2a7c479070
C 258
R
P 0x7f2a7c191628
C 342
R
P 0x7f2a7c191628
P 0x7f2a7c479070
C 9
R
P 0x7f2a7c191628
C 342
R
P 0x7f2a7c191628
P 0x7f2a7c1e1fc8
P 0x7f2a7c479070
C 427
R
P 0x7f2a7c191628
C 342
R
P 0x7f2a7c191628
I 5
P 0x7f2a7c19b208
C 150
= 0x7f2a7c19c088
R
P 0x7f2a7c191628
C 342
R
P 0x7f2a7c191628
P 0x7f2a7c19c088
C 258
R
P 0x7f2a7c191628
C 342
R
P 0x7f2a7c191628
P 0x7f2a7c19c088
C 9
R
P 0x7f2a7c191628
C 342
R
P 0x7f2a7c191628
I 2
P 0x7f2a7c19b208
C 150
= 0x7f2a7c19bcc8
R
P 0x7f2a7c191628
C 342
R
P 0x7f2a7c191628
P 0x7f2a7c19bcc8
C 258
R
P 0x7f2a7c191628
C 342
R
P 0x7f2a7c191628
P 0x7f2a7c19bcc8
C 9
R
P 0x7f2a7c191628
C 342
R
P 0x7f2a7c191628
P 0x7f2a7c19c088
P 0x7f2a7c19bcc8
C 56
= 0x7f2a7c4790a8
R
P 0x7f2a7c191628
C 342
R
P 0x7f2a7c191628
P 0x7f2a7c4790a8
C 258
R
P 0x7f2a7c191628
C 342
R
P 0x7f2a7c191628
P 0x7f2a7c4790a8
C 9
R
P 0x7f2a7c191628
C 342
R
P 0x7f2a7c191628
P 0x7f2a7c4790a8
C 58
= 0x7f2a7c19edb8
R
P 0x7f2a7c191628
C 342
R
P 0x7f2a7c191628
P 0x7f2a7c19edb8
C 258
R
P 0x7f2a7c191628
C 342
R
P 0x7f2a7c191628
P 0x7f2a7c19edb8
C 9
R
P 0x7f2a7c191628
C 342
R
P 0x7f2a7c191628
I 5
P 0x7f2a7c19b208
C 150
= 0x7f2a7c19c088
R
P 0x7f2a7c191628
C 342
R
P 0x7f2a7c191628
P 0x7f2a7c19c088
C 258
R
P 0x7f2a7c191628
C 342
R
P 0x7f2a7c191628
P 0x7f2a7c19c088
C 9
R
P 0x7f2a7c191628
C 342
R
P 0x7f2a7c191628
P 0x7f2a7c19c088
C 263
R
P 0x7f2a7c191628
C 342
R
P 0x7f2a7c191628
S "slot5Start"
C 30
R
P 0x7f2a7c191628
C 342
R
P 0x7f2a7c191628
$ |slot5Start|
C 202
R
P 0x7f2a7c191628
C 342
R
P 0x7f2a7c191628
$ |slot5Start|
P 0x7f2a7c19b1e8
C 51
= 0x7f2a7c19c0a8
R
P 0x7f2a7c191628
C 342
R
P 0x7f2a7c191628
P 0x7f2a7c19c0a8
C 257
R
P 0x7f2a7c191628
C 342
R
P 0x7f2a7c191628
P 0x7f2a7c19c0a8
C 254
= 0x7f2a7c19b1e8
R
P 0x7f2a7c191628
C 342
R
P 0x7f2a7c191628
P 0x7f2a7c19b1e8
C 209
R
P 0x7f2a7c191628
C 342
R
P 0x7f2a7c191628
P 0x7f2a7c19c0a8
C 260
R
P 0x7f2a7c191628
C 342
R
P 0x7f2a7c191628
P 0x7f2a7c19c0a8
C 259
R
P 0x7f2a7c191628
C 342
R
P 0x7f2a7c191628
P 0x7f2a7c19c0a8
C 258
R
P 0x7f2a7c191628
C 342
R
P 0x7f2a7c191628
P 0x7f2a7c19c0a8
C 9
R
P 0x7f2a7c191628
C 342
R
P 0x7f2a7c191628
I 2
P 0x7f2a7c19b208
C 150
= 0x7f2a7c19bcc8
R
P 0x7f2a7c191628
C 342
R
P 0x7f2a7c191628
P 0x7f2a7c19bcc8
C 258
R
P 0x7f2a7c191628
C 342
R
P 0x7f2a7c191628
P 0x7f2a7c19bcc8
C 9
R
P 0x7f2a7c191628
C 342
R
P 0x7f2a7c191628
P 0x7f2a7c19bcc8
C 263
R
P 0x7f2a7c191628
C 342
R
P 0x7f2a7c191628
S "slot2Start"
C 30
R
P 0x7f2a7c191628
C 342
R
P 0x7f2a7c191628
$ |slot2Start|
C 202
R
P 0x7f2a7c191628
C 342
R
P 0x7f2a7c191628
$ |slot2Start|
P 0x7f2a7c19b1e8
C 51
= 0x7f2a7c19bf88
R
P 0x7f2a7c191628
C 342
R
P 0x7f2a7c191628
P 0x7f2a7c19bf88
C 257
R
P 0x7f2a7c191628
C 342
R
P 0x7f2a7c191628
P 0x7f2a7c19bf88
C 254
= 0x7f2a7c19b1e8
R
P 0x7f2a7c191628
C 342
R
P 0x7f2a7c191628
P 0x7f2a7c19b1e8
C 209
R
P 0x7f2a7c191628
C 342
R
P 0x7f2a7c191628
P 0x7f2a7c19bf88
C 260
R
P 0x7f2a7c191628
C 342
R
P 0x7f2a7c191628
P 0x7f2a7c19bf88
C 259
R
P 0x7f2a7c191628
C 342
R
P 0x7f2a7c191628
P 0x7f2a7c19bf88
C 258
R
P 0x7f2a7c191628
C 342
R
P 0x7f2a7c191628
P 0x7f2a7c19bf88
C 9
R
P 0x7f2a7c191628
C 342
R
P 0x7f2a7c191628
P 0x7f2a7c19c0a8
P 0x7f2a7c19bf88
C 76
= 0x7f2a7c4790e0
R
P 0x7f2a7c191628
C 342
R
P 0x7f2a7c191628
P 0x7f2a7c4790e0
C 258
R
P 0x7f2a7c191628
C 342
R
P 0x7f2a7c191628
P 0x7f2a7c4790e0
C 9
R
P 0x7f2a7c191628
C 342
R
P 0x7f2a7c191628
I 5
P 0x7f2a7c19b208
C 150
= 0x7f2a7c19c088
R
P 0x7f2a7c191628
C 342
R
P 0x7f2a7c191628
P 0x7f2a7c19c088
C 258
R
P 0x7f2a7c191628
C 342
R
P 0x7f2a7c191628
P 0x7f2a7c19c088
C 9
R
P 0x7f2a7c191628
C 342
R
P 0x7f2a7c191628
P 0x7f2a7c19c088
C 263
R
P 0x7f2a7c191628
C 342
R
P 0x7f2a7c191628
S "slot5Start"
C 30
R
P 0x7f2a7c191628
C 342
R
P 0x7f2a7c191628
$ |slot5Start|
C 202
R
P 0x7f2a7c191628
C 342
R
P 0x7f2a7c191628
$ |slot5Start|
P 0x7f2a7c19b1e8
C 51
= 0x7f2a7c19c0a8
R
P 0x7f2a7c191628
C 342
R
P 0x7f2a7c191628
P 0x7f2a7c19c0a8
C 257
R
P 0x7f2a7c191628
C 342
R
P 0x7f2a7c191628
P 0x7f2a7c19c0a8
C 254
= 0x7f2a7c19b1e8
R
P 0x7f2a7c191628
C 342
R
P 0x7f2a7c191628
P 0x7f2a7c19b1e8
C 209
R
P 0x7f2a7c191628
C 342
R
P 0x7f2a7c191628
P 0x7f2a7c19c0a8
C 260
R
P 0x7f2a7c191628
C 342
R
P 0x7f2a7c191628
P 0x7f2a7c19c0a8
C 259
R
P 0x7f2a7c191628
C 342
R
P 0x7f2a7c191628
P 0x7f2a7c19c0a8
C 258
R
P 0x7f2a7c191628
C 342
R
P 0x7f2a7c191628
P 0x7f2a7c19c0a8
C 9
R
P 0x7f2a7c191628
C 342
R
P 0x7f2a7c191628
I 2
P 0x7f2a7c19b208
C 150
= 0x7f2a7c19bcc8
R
P 0x7f2a7c191628
C 342
R
P 0x7f2a7c191628
P 0x7f2a7c19bcc8
C 258
R
P 0x7f2a7c191628
C 342
R
P 0x7f2a7c191628
P 0x7f2a7c19bcc8
C 9
R
P 0x7f2a7c191628
C 342
R
P 0x7f2a7c191628
P 0x7f2a7c19bcc8
C 263
R
P 0x7f2a7c191628
C 342
R
P 0x7f2a7c191628
S "slot2Start"
C 30
R
P 0x7f2a7c191628
C 342
R
P 0x7f2a7c191628
$ |slot2Start|
C 202
R
P 0x7f2a7c191628
C 342
R
P 0x7f2a7c191628
$ |slot2Start|
P 0x7f2a7c19b1e8
C 51
= 0x7f2a7c19bf88
R
P 0x7f2a7c191628
C 342
R
P 0x7f2a7c191628
P 0x7f2a7c19bf88
C 257
R
P 0x7f2a7c191628
C 342
R
P 0x7f2a7c191628
P 0x7f2a7c19bf88
C 254
= 0x7f2a7c19b1e8
R
P 0x7f2a7c191628
C 342
R
P 0x7f2a7c191628
P 0x7f2a7c19b1e8
C 209
R
P 0x7f2a7c191628
C 342
R
P 0x7f2a7c191628
P 0x7f2a7c19bf88
C 260
R
P 0x7f2a7c191628
C 342
R
P 0x7f2a7c191628
P 0x7f2a7c19bf88
C 259
R
P 0x7f2a7c191628
C 342
R
P 0x7f2a7c191628
P 0x7f2a7c19bf88
C 258
R
P 0x7f2a7c191628
C 342
R
P 0x7f2a7c191628
P 0x7f2a7c19bf88
C 9
R
P 0x7f2a7c191628
C 342
R
P 0x7f2a7c191628
I 2
P 0x7f2a7c19b208
C 150
= 0x7f2a7c19bcc8
R
P 0x7f2a7c191628
C 342
R
P 0x7f2a7c191628
P 0x7f2a7c19bcc8
C 258
R
P 0x7f2a7c191628
C 342
R
P 0x7f2a7c191628
P 0x7f2a7c19bcc8
C 9
R
P 0x7f2a7c191628
C 342
R
P 0x7f2a7c191628
P 0x7f2a7c19bcc8
C 263
R
P 0x7f2a7c191628
C 342
R
P 0x7f2a7c191628
S "slot2Duration"
C 30
R
P 0x7f2a7c191628
C 342
R
P 0x7f2a7c191628
$ |slot2Duration|
C 202
R
P 0x7f2a7c191628
C 342
R
P 0x7f2a7c191628
$ |slot2Duration|
P 0x7f2a7c19b1e8
C 51
= 0x7f2a7c19bfa8
R
P 0x7f2a7c191628
C 342
R
P 0x7f2a7c191628
P 0x7f2a7c19bfa8
C 257
R
P 0x7f2a7c191628
C 342
R
P 0x7f2a7c191628
P 0x7f2a7c19bfa8
C 254
= 0x7f2a7c19b1e8
R
P 0x7f2a7c191628
C 342
R
P 0x7f2a7c191628
P 0x7f2a7c19b1e8
C 209
R
P 0x7f2a7c191628
C 342
R
P 0x7f2a7c191628
P 0x7f2a7c19bfa8
C 260
R
P 0x7f2a7c191628
C 342
R
P 0x7f2a7c191628
P 0x7f2a7c19bfa8
C 259
R
P 0x7f2a7c191628
C 342
R
P 0x7f2a7c191628
P 0x7f2a7c19bfa8
C 258
R
P 0x7f2a7c191628
C 342
R
P 0x7f2a7c191628
P 0x7f2a7c19bfa8
C 9
R
P 0x7f2a7c191628
C 342
R
P 0x7f2a7c191628
U 2
P 0x7f2a7c19bf88
P 0x7f2a7c19bfa8
p 2
C 65
= 0x7f2a7c1a1e08
R
P 0x7f2a7c191628
C 342
R
P 0x7f2a7c191628
P 0x7f2a7c1a1e08
C 257
R
P 0x7f2a7c191628
C 342
R
P 0x7f2a7c191628
P 0x7f2a7c1a1e08
C 254
= 0x7f2a7c19b1e8
R
P 0x7f2a7c191628
C 342
R
P 0x7f2a7c191628
P 0x7f2a7c19b1e8
C 209
R
P 0x7f2a7c191628
C 342
R
P 0x7f2a7c191628
P 0x7f2a7c1a1e08
C 260
R
P 0x7f2a7c191628
C 342
R
P 0x7f2a7c191628
P 0x7f2a7c1a1e08
C 259
R
P 0x7f2a7c191628
C 342
R
P 0x7f2a7c191628
P 0x7f2a7c1a1e08
C 258
R
P 0x7f2a7c191628
C 342
R
P 0x7f2a7c191628
P 0x7f2a7c1a1e08
C 9
R
P 0x7f2a7c191628
C 342
R
P 0x7f2a7c191628
P 0x7f2a7c19c0a8
P 0x7f2a7c1a1e08
C 74
= 0x7f2a7c2cbd98
R
P 0x7f2a7c191628
C 342
R
P 0x7f2a7c191628
P 0x7f2a7c2cbd98
C 258
R
P 0x7f2a7c191628
C 342
R
P 0x7f2a7c191628
P 0x7f2a7c2cbd98
C 9
R
P 0x7f2a7c191628
C 342
R
P 0x7f2a7c191628
U 2
P 0x7f2a7c4790e0
P 0x7f2a7c2cbd98
p 2
C 63
= 0x7f2a7c479118
R
P 0x7f2a7c191628
C 342
R
P 0x7f2a7c191628
P 0x7f2a7c479118
C 258
R
P 0x7f2a7c191628
C 342
R
P 0x7f2a7c191628
P 0x7f2a7c479118
C 9
R
P 0x7f2a7c191628
C 342
R
P 0x7f2a7c191628
P 0x7f2a7c479118
C 58
= 0x7f2a7c19ede8
R
P 0x7f2a7c191628
C 342
R
P 0x7f2a7c191628
P 0x7f2a7c19ede8
C 258
R
P 0x7f2a7c191628
C 342
R
P 0x7f2a7c191628
P 0x7f2a7c19ede8
C 9
R
P 0x7f2a7c191628
C 342
R
P 0x7f2a7c191628
P 0x7f2a7c19edb8
P 0x7f2a7c19ede8
C 61
= 0x7f2a7c479150
R
P 0x7f2a7c191628
C 342
R
P 0x7f2a7c191628
P 0x7f2a7c479150
C 258
R
P 0x7f2a7c191628
C 342
R
P 0x7f2a7c191628
P 0x7f2a7c479150
C 9
R
P 0x7f2a7c191628
C 342
R
P 0x7f2a7c191628
P 0x7f2a7c1e1fc8
P 0x7f2a7c479150
C 427
R
P 0x7f2a7c191628
C 342
R
P 0x7f2a7c191628
I 5
P 0x7f2a7c19b208
C 150
= 0x7f2a7c19c088
R
P 0x7f2a7c191628
C 342
R
P 0x7f2a7c191628
P 0x7f2a7c19c088
C 258
R
P 0x7f2a7c191628
C 342
R
P 0x7f2a7c191628
P 0x7f2a7c19c088
C 9
R
P 0x7f2a7c191628
C 342
R
P 0x7f2a7c191628
I 3
P 0x7f2a7c19b208
C 150
= 0x7f2a7c19bfc8
R
P 0x7f2a7c191628
C 342
R
P 0x7f2a7c191628
P 0x7f2a7c19bfc8
C 258
R
P 0x7f2a7c191628
C 342
R
P 0x7f2a7c191628
P 0x7f2a7c19bfc8
C 9
R
P 0x7f2a7c191628
C 342
R
P 0x7f2a7c191628
P 0x7f2a7c19c088
P 0x7f2a7c19bfc8
C 56
= 0x7f2a7c479188
R
P 0x7f2a7c191628
C 342
R
P 0x7f2a7c191628
P 0x7f2a7c479188
C 258
R
P 0x7f2a7c191628
C 342
R
P 0x7f2a7c191628
P 0x7f2a7c479188
C 9
R
P 0x7f2a7c191628
C 342
R
P 0x7f2a7c191628
P 0x7f2a7c479188
C 58
= 0x7f2a7c19ee18
R
P 0x7f2a7c191628
C 342
R
P 0x7f2a7c191628
P 0x7f2a7c19ee18
C 258
R
P 0x7f2a7c191628
C 342
R
P 0x7f2a7c191628
P 0x7f2a7c19ee18
C 9
R
P 0x7f2a7c191628
C 342
R
P 0x7f2a7c191628
I 5
P 0x7f2a7c19b208
C 150
= 0x7f2a7c19c088
R
P 0x7f2a7c191628
C 342
R
P 0x7f2a7c191628
P 0x7f2a7c19c088
C 258
R
P 0x7f2a7c191628
C 342
R
P 0x7f2a7c191628
P 0x7f2a7c19c088
C 9
R
P 0x7f2a7c191628
C 342
R
P 0x7f2a7c191628
P 0x7f2a7c19c088
C 263
R
P 0x7f2a7c191628
C 342
R
P 0x7f2a7c191628
S "slot5Start"
C 30
R
P 0x7f2a7c191628
C 342
R
P 0x7f2a7c191628
$ |slot5Start|
C 202
R
P 0x7f2a7c191628
C 342
R
P 0x7f2a7c191628
$ |slot5Start|
P 0x7f2a7c19b1e8
C 51
= 0x7f2a7c19c0a8
R
P 0x7f2a7c191628
C 342
R
P 0x7f2a7c191628
P 0x7f2a7c19c0a8
C 257
R
P 0x7f2a7c191628
C 342
R
P 0x7f2a7c191628
P 0x7f2a7c19c0a8
C 254
= 0x7f2a7c19b1e8
R
P 0x7f2a7c191628
C 342
R
P 0x7f2a7c191628
P 0x7f2a7c19b1e8
C 209
R
P 0x7f2a7c191628
C 342
R
P 0x7f2a7c191628
P 0x7f2a7c19c0a8
C 260
R
P 0x7f2a7c191628
C 342
R
P 0x7f2a7c191628
P 0x7f2a7c19c0a8
C 259
R
P 0x7f2a7c191628
C 342
R
P 0x7f2a7c191628
P 0x7f2a7c19c0a8
C 258
R
P 0x7f2a7c191628
C 342
R
P 0x7f2a7c191628
P 0x7f2a7c19c0a8
C 9
R
P 0x7f2a7c191628
C 342
R
P 0x7f2a7c191628
I 3
P 0x7f2a7c19b208
C 150
= 0x7f2a7c19bfc8
R
P 0x7f2a7c191628
C 342
R
P 0x7f2a7c191628
P 0x7f2a7c19bfc8
C 258
R
P 0x7f2a7c191628
C 342
R
P 0x7f2a7c191628
P 0x7f2a7c19bfc8
C 9
R
P 0x7f2a7c191628
C 342
R
P 0x7f2a7c191628
P 0x7f2a7c19bfc8
C 263
R
P 0x7f2a7c191628
C 342
R
P 0x7f2a7c191628
S "slot3Start"
C 30
R
P 0x7f2a7c191628
C 342
R
P 0x7f2a7c191628
$ |slot3Start|
C 202
R
P 0x7f2a7c191628
C 342
R
P 0x7f2a7c191628
$ |slot3Start|
P 0x7f2a7c19b1e8
C 51
= 0x7f2a7c19bfe8
R
P 0x7f2a7c191628
C 342
R
P 0x7f2a7c191628
P 0x7f2a7c19bfe8
C 257
R
P 0x7f2a7c191628
C 342
R
P 0x7f2a7c191628
P 0x7f2a7c19bfe8
C 254
= 0x7f2a7c19b1e8
R
P 0x7f2a7c191628
C 342
R
P 0x7f2a7c191628
P 0x7f2a7c19b1e8
C 209
R
P 0x7f2a7c191628
C 342
R
P 0x7f2a7c191628
P 0x7f2a7c19bfe8
C 260
R
P 0x7f2a7c191628
C 342
R
P 0x7f2a7c191628
P 0x7f2a7c19bfe8
C 259
R
P 0x7f2a7c191628
C 342
R
P 0x7f2a7c191628
P 0x7f2a7c19bfe8
C 258
R
P 0x7f2a7c191628
C 342
R
P 0x7f2a7c191628
P 0x7f2a7c19bfe8
C 9
R
P 0x7f2a7c191628
C 342
R
P 0x7f2a7c191628
P 0x7f2a7c19c0a8
P 0x7f2a7c19bfe8
C 76
= 0x7f2a7c4791c0
R
P 0x7f2a7c191628
C 342
R
P 0x7f2a7c191628
P 0x7f2a7c4791c0
C 258
R
P 0x7f2a7c191628
C 342
R
P 0x7f2a7c191628
P 0x7f2a7c4791c0
C 9
R
P 0x7f2a7c191628
C 342
R
P 0x7f2a7c191628
I 5
P 0x7f2a7c19b208
C 150
= 0x7f2a7c19c088
R
P 0x7f2a7c191628
C 342
R
P 0x7f2a7c191628
P 0x7f2a7c19c088
C 258
R
P 0x7f2a7c191628
C 342
R
P 0x7f2a7c191628
P 0x7f2a7c19c088
C 9
R
P 0x7f2a7c191628
C 342
R
P 0x7f2a7c191628
P 0x7f2a7c19c088
C 263
R
P 0x7f2a7c191628
C 342
R
P 0x7f2a7c191628
S "slot5Start"
C 30
R
P 0x7f2a7c191628
C 342
R
P 0x7f2a7c191628
$ |slot5Start|
C 202
R
P 0x7f2a7c191628
C 342
R
P 0x7f2a7c191628
$ |slot5Start|
P 0x7f2a7c19b1e8
C 51
= 0x7f2a7c19c0a8
R
P 0x7f2a7c191628
C 342
R
P 0x7f2a7c191628
P 0x7f2a7c19c0a8
C 257
R
P 0x7f2a7c191628
C 342
R
P 0x7f2a7c191628
P 0x7f2a7c19c0a8
C 254
= 0x7f2a7c19b1e8
R
P 0x7f2a7c191628
C 342
R
P 0x7f2a7c191628
P 0x7f2a7c19b1e8
C 209
R
P 0x7f2a7c191628
C 342
R
P 0x7f2a7c191628
P 0x7f2a7c19c0a8
C 260
R
P 0x7f2a7c191628
C 342
R
P 0x7f2a7c191628
P 0x7f2a7c19c0a8
C 259
R
P 0x7f2a7c191628
C 342
R
P 0x7f2a7c191628
P 0x7f2a7c19c0a8
C 258
R
P 0x7f2a7c191628
C 342
R
P 0x7f2a7c191628
P 0x7f2a7c19c0a8
C 9
R
P 0x7f2a7c191628
C 342
R
P 0x7f2a7c191628
I 3
P 0x7f2a7c19b208
C 150
= 0x7f2a7c19bfc8
R
P 0x7f2a7c191628
C 342
R
P 0x7f2a7c191628
P 0x7f2a7c19bfc8
C 258
R
P 0x7f2a7c191628
C 342
R
P 0x7f2a7c191628
P 0x7f2a7c19bfc8
C 9
R
P 0x7f2a7c191628
C 342
R
P 0x7f2a7c191628
P 0x7f2a7c19bfc8
C 263
R
P 0x7f2a7c191628
C 342
R
P 0x7f2a7c191628
S "slot3Start"
C 30
R
P 0x7f2a7c191628
C 342
R
P 0x7f2a7c191628
$ |slot3Start|
C 202
R
P 0x7f2a7c191628
C 342
R
P 0x7f2a7c191628
$ |slot3Start|
P 0x7f2a7c19b1e8
C 51
= 0x7f2a7c19bfe8
R
P 0x7f2a7c191628
C 342
R
P 0x7f2a7c191628
P 0x7f2a7c19bfe8
C 257
R
P 0x7f2a7c191628
C 342
R
P 0x7f2a7c191628
P 0x7f2a7c19bfe8
C 254
= 0x7f2a7c19b1e8
R
P 0x7f2a7c191628
C 342
R
P 0x7f2a7c191628
P 0x7f2a7c19b1e8
C 209
R
P 0x7f2a7c191628
C 342
R
P 0x7f2a7c191628
P 0x7f2a7c19bfe8
C 260
R
P 0x7f2a7c191628
C 342
R
P 0x7f2a7c191628
P 0x7f2a7c19bfe8
C 259
R
P 0x7f2a7c191628
C 342
R
P 0x7f2a7c191628
P 0x7f2a7c19bfe8
C 258
R
P 0x7f2a7c191628
C 342
R
P 0x7f2a7c191628
P 0x7f2a7c19bfe8
C 9
R
P 0x7f2a7c191628
C 342
R
P 0x7f2a7c191628
I 3
P 0x7f2a7c19b208
C 150
= 0x7f2a7c19bfc8
R
P 0x7f2a7c191628
C 342
R
P 0x7f2a7c191628
P 0x7f2a7c19bfc8
C 258
R
P 0x7f2a7c191628
C 342
R
P 0x7f2a7c191628
P 0x7f2a7c19bfc8
C 9
R
P 0x7f2a7c191628
C 342
R
P 0x7f2a7c191628
P 0x7f2a7c19bfc8
C 263
R
P 0x7f2a7c191628
C 342
R
P 0x7f2a7c191628
S "slot3Duration"
C 30
R
P 0x7f2a7c191628
C 342
R
P 0x7f2a7c191628
$ |slot3Duration|
C 202
R
P 0x7f2a7c191628
C 342
R
P 0x7f2a7c191628
$ |slot3Duration|
P 0x7f2a7c19b1e8
C 51
= 0x7f2a7c19c008
R
P 0x7f2a7c191628
C 342
R
P 0x7f2a7c191628
P 0x7f2a7c19c008
C 257
R
P 0x7f2a7c191628
C 342
R
P 0x7f2a7c191628
P 0x7f2a7c19c008
C 254
= 0x7f2a7c19b1e8
R
P 0x7f2a7c191628
C 342
R
P 0x7f2a7c191628
P 0x7f2a7c19b1e8
C 209
R
P 0x7f2a7c191628
C 342
R
P 0x7f2a7c191628
P 0x7f2a7c19c008
C 260
R
P 0x7f2a7c191628
C 342
R
P 0x7f2a7c191628
P 0x7f2a7c19c008
C 259
R
P 0x7f2a7c191628
C 342
R
P 0x7f2a7c191628
P 0x7f2a7c19c008
C 258
R
P 0x7f2a7c191628
C 342
R
P 0x7f2a7c191628
P 0x7f2a7c19c008
C 9
R
P 0x7f2a7c191628
C 342
R
P 0x7f2a7c191628
U 2
P 0x7f2a7c19bfe8
P 0x7f2a7c19c008
p 2
C 65
= 0x7f2a7c1a1f58
R
P 0x7f2a7c191628
C 342
R
P 0x7f2a7c191628
P 0x7f2a7c1a1f58
C 257
R
P 0x7f2a7c191628
C 342
R
P 0x7f2a7c191628
P 0x7f2a7c1a1f58
C 254
= 0x7f2a7c19b1e8
R
P 0x7f2a7c191628
C 342
R
P 0x7f2a7c191628
P 0x7f2a7c19b1e8
C 209
R
P 0x7f2a7c191628
C 342
R
P 0x7f2a7c191628
P 0x7f2a7c1a1f58
C 260
R
P 0x7f2a7c191628
C 342
R
P 0x7f2a7c191628
P 0x7f2a7c1a1f58
C 259
R
P 0x7f2a7c191628
C 342
R
P 0x7f2a7c191628
P 0x7f2a7c1a1f58
C 258
R
P 0x7f2a7c191628
C 342
R
P 0x7f2a7c191628
P 0x7f2a7c1a1f58
C 9
R
P 0x7f2a7c191628
C 342
R
P 0x7f2a7c191628
P 0x7f2a7c19c0a8
P 0x7f2a7c1a1f58
C 74
= 0x7f2a7c2ccdc8
R
P 0x7f2a7c191628
C 342
R
P 0x7f2a7c191628
P 0x7f2a7c2ccdc8
C 258
R
P 0x7f2a7c191628
C 342
R
P 0x7f2a7c191628
P 0x7f2a7c2ccdc8
C 9
R
P 0x7f2a7c191628
C 342
R
P 0x7f2a7c191628
U 2
P 0x7f2a7c4791c0
P 0x7f2a7c2ccdc8
p 2
C 63
= 0x7f2a7c4791f8
R
P 0x7f2a7c191628
C 342
R
P 0x7f2a7c191628
P 0x7f2a7c4791f8
C 258
R
P 0x7f2a7c191628
C 342
R
P 0x7f2a7c191628
P 0x7f2a7c4791f8
C 9
R
P 0x7f2a7c191628
C 342
R
P 0x7f2a7c191628
P 0x7f2a7c4791f8
C 58
= 0x7f2a7c19ee48
R
P 0x7f2a7c191628
C 342
R
P 0x7f2a7c191628
P 0x7f2a7c19ee48
C 258
R
P 0x7f2a7c191628
C 342
R
P 0x7f2a7c191628
P 0x7f2a7c19ee48
C 9
R
P 0x7f2a7c191628
C 342
R
P 0x7f2a7c191628
P 0x7f2a7c19ee18
P 0x7f2a7c19ee48
C 61
= 0x7f2a7c479230
R
P 0x7f2a7c191628
C 342
R
P 0x7f2a7c191628
P 0x7f2a7c479230
C 258
R
P 0x7f2a7c191628
C 342
R
P 0x7f2a7c191628
P 0x7f2a7c479230
C 9
R
P 0x7f2a7c191628
C 342
R
P 0x7f2a7c191628
P 0x7f2a7c1e1fc8
P 0x7f2a7c479230
C 427
R
P 0x7f2a7c191628
C 342
R
P 0x7f2a7c191628
I 5
P 0x7f2a7c19b208
C 150
= 0x7f2a7c19c088
R
P 0x7f2a7c191628
C 342
R
P 0x7f2a7c191628
P 0x7f2a7c19c088
C 258
R
P 0x7f2a7c191628
C 342
R
P 0x7f2a7c191628
P 0x7f2a7c19c088
C 9
R
P 0x7f2a7c191628
C 342
R
P 0x7f2a7c191628
I 4
P 0x7f2a7c19b208
C 150
= 0x7f2a7c19c028
R
P 0x7f2a7c191628
C 342
R
P 0x7f2a7c191628
P 0x7f2a7c19c028
C 258
R
P 0x7f2a7c191628
C 342
R
P 0x7f2a7c191628
P 0x7f2a7c19c028
C 9
R
P 0x7f2a7c191628
C 342
R
P 0x7f2a7c191628
P 0x7f2a7c19c088
P 0x7f2a7c19c028
C 56
= 0x7f2a7c479268
R
P 0x7f2a7c191628
C 342
R
P 0x7f2a7c191628
P 0x7f2a7c479268
C 258
R
P 0x7f2a7c191628
C 342
R
P 0x7f2a7c191628
P 0x7f2a7c479268
C 9
R
P 0x7f2a7c191628
C 342
R
P 0x7f2a7c191628
P 0x7f2a7c479268
C 58
= 0x7f2a7c19ee78
R
P 0x7f2a7c191628
C 342
R
P 0x7f2a7c191628
P 0x7f2a7c19ee78
C 258
R
P 0x7f2a7c191628
C 342
R
P 0x7f2a7c191628
P 0x7f2a7c19ee78
C 9
R
P 0x7f2a7c191628
C 342
R
P 0x7f2a7c191628
I 5
P 0x7f2a7c19b208
C 150
= 0x7f2a7c19c088
R
P 0x7f2a7c191628
C 342
R
P 0x7f2a7c191628
P 0x7f2a7c19c088
C 258
R
P 0x7f2a7c191628
C 342
R
P 0x7f2a7c191628
P 0x7f2a7c19c088
C 9
R
P 0x7f2a7c191628
C 342
R
P 0x7f2a7c191628
P 0x7f2a7c19c088
C 263
R
P 0x7f2a7c191628
C 342
R
P 0x7f2a7c191628
S "slot5Start"
C 30
R
P 0x7f2a7c191628
C 342
R
P 0x7f2a7c191628
$ |slot5Start|
C 202
R
P 0x7f2a7c191628
C 342
R
P 0x7f2a7c191628
$ |slot5Start|
P 0x7f2a7c19b1e8
C 51
= 0x7f2a7c19c0a8
R
P 0x7f2a7c191628
C 342
R
P 0x7f2a7c191628
P 0x7f2a7c19c0a8
C 257
R
P 0x7f2a7c191628
C 342
R
P 0x7f2a7c191628
P 0x7f2a7c19c0a8
C 254
= 0x7f2a7c19b1e8
R
P 0x7f2a7c191628
C 342
R
P 0x7f2a7c191628
P 0x7f2a7c19b1e8
C 209
R
P 0x7f2a7c191628
C 342
R
P 0x7f2a7c191628
P 0x7f2a7c19c0a8
C 260
R
P 0x7f2a7c191628
C 342
R
P 0x7f2a7c191628
P 0x7f2a7c19c0a8
C 259
R
P 0x7f2a7c191628
C 342
R
P 0x7f2a7c191628
P 0x7f2a7c19c0a8
C 258
R
P 0x7f2a7c191628
C 342
R
P 0x7f2a7c191628
P 0x7f2a7c19c0a8
C 9
R
P 0x7f2a7c191628
C 342
R
P 0x7f2a7c191628
I 4
P 0x7f2a7c19b208
C 150
= 0x7f2a7c19c028
R
P 0x7f2a7c191628
C 342
R
P 0x7f2a7c191628
P 0x7f2a7c19c028
C 258
R
P 0x7f2a7c191628
C 342
R
P 0x7f2a7c191628
P 0x7f2a7c19c028
C 9
R
P 0x7f2a7c191628
C 342
R
P 0x7f2a7c191628
P 0x7f2a7c19c028
C 263
R
P 0x7f2a7c191628
C 342
R
P 0x7f2a7c191628
S "slot4Start"
C 30
R
P 0x7f2a7c191628
C 342
R
P 0x7f2a7c191628
$ |slot4Start|
C 202
R
P 0x7f2a7c191628
C 342
R
P 0x7f2a7c191628
$ |slot4Start|
P 0x7f2a7c19b1e8
C 51
= 0x7f2a7c19c048
R
P 0x7f2a7c191628
C 342
R
P 0x7f2a7c191628
P 0x7f2a7c19c048
C 257
R
P 0x7f2a7c191628
C 342
R
P 0x7f2a7c191628
P 0x7f2a7c19c048
C 254
= 0x7f2a7c19b1e8
R
P 0x7f2a7c191628
C 342
R
P 0x7f2a7c191628
P 0x7f2a7c19b1e8
C 209
R
P 0x7f2a7c191628
C 342
R
P 0x7f2a7c191628
P 0x7f2a7c19c048
C 260
R
P 0x7f2a7c191628
C 342
R
P 0x7f2a7c191628
P 0x7f2a7c19c048
C 259
R
P 0x7f2a7c191628
C 342
R
P 0x7f2a7c191628
P 0x7f2a7c19c048
C 258
R
P 0x7f2a7c191628
C 342
R
P 0x7f2a7c191628
P 0x7f2a7c19c048
C 9
R
P 0x7f2a7c191628
C 342
R
P 0x7f2a7c191628
P 0x7f2a7c19c0a8
P 0x7f2a7c19c048
C 76
= 0x7f2a7c4792a0
R
P 0x7f2a7c191628
C 342
R
P 0x7f2a7c191628
P 0x7f2a7c4792a0
C 258
R
P 0x7f2a7c191628
C 342
R
P 0x7f2a7c191628
P 0x7f2a7c4792a0
C 9
R
P 0x7f2a7c191628
C 342
R
P 0x7f2a7c191628
I 5
P 0x7f2a7c19b208
C 150
= 0x7f2a7c19c088
R
P 0x7f2a7c191628
C 342
R
P 0x7f2a7c191628
P 0x7f2a7c19c088
C 258
R
P 0x7f2a7c191628
C 342
R
P 0x7f2a7c191628
P 0x7f2a7c19c088
C 9
R
P 0x7f2a7c191628
C 342
R
P 0x7f2a7c191628
P 0x7f2a7c19c088
C 263
R
P 0x7f2a7c191628
C 342
R
P 0x7f2a7c191628
S "slot5Start"
C 30
R
P 0x7f2a7c191628
C 342
R
P 0x7f2a7c191628
$ |slot5Start|
C 202
R
P 0x7f2a7c191628
C 342
R
P 0x7f2a7c191628
$ |slot5Start|
P 0x7f2a7c19b1e8
C 51
= 0x7f2a7c19c0a8
R
P 0x7f2a7c191628
C 342
R
P 0x7f2a7c191628
P 0x7f2a7c19c0a8
C 257
R
P 0x7f2a7c191628
C 342
R
P 0x7f2a7c191628
P 0x7f2a7c19c0a8
C 254
= 0x7f2a7c19b1e8
R
P 0x7f2a7c191628
C 342
R
P 0x7f2a7c191628
P 0x7f2a7c19b1e8
C 209
R
P 0x7f2a7c191628
C 342
R
P 0x7f2a7c191628
P 0x7f2a7c19c0a8
C 260
R
P 0x7f2a7c191628
C 342
R
P 0x7f2a7c191628
P 0x7f2a7c19c0a8
C 259
R
P 0x7f2a7c191628
C 342
R
P 0x7f2a7c191628
P 0x7f2a7c19c0a8
C 258
R
P 0x7f2a7c191628
C 342
R
P 0x7f2a7c191628
P 0x7f2a7c19c0a8
C 9
R
P 0x7f2a7c191628
C 342
R
P 0x7f2a7c191628
I 4
P 0x7f2a7c19b208
C 150
= 0x7f2a7c19c028
R
P 0x7f2a7c191628
C 342
R
P 0x7f2a7c191628
P 0x7f2a7c19c028
C 258
R
P 0x7f2a7c191628
C 342
R
P 0x7f2a7c191628
P 0x7f2a7c19c028
C 9
R
P 0x7f2a7c191628
C 342
R
P 0x7f2a7c191628
P 0x7f2a7c19c028
C 263
R
P 0x7f2a7c191628
C 342
R
P 0x7f2a7c191628
S "slot4Start"
C 30
R
P 0x7f2a7c191628
C 342
R
P 0x7f2a7c191628
$ |slot4Start|
C 202
R
P 0x7f2a7c191628
C 342
R
P 0x7f2a7c191628
$ |slot4Start|
P 0x7f2a7c19b1e8
C 51
= 0x7f2a7c19c048
R
P 0x7f2a7c191628
C 342
R
P 0x7f2a7c191628
P 0x7f2a7c19c048
C 257
R
P 0x7f2a7c191628
C 342
R
P 0x7f2a7c191628
P 0x7f2a7c19c048
C 254
= 0x7f2a7c19b1e8
R
P 0x7f2a7c191628
C 342
R
P 0x7f2a7c191628
P 0x7f2a7c19b1e8
C 209
R
P 0x7f2a7c191628
C 342
R
P 0x7f2a7c191628
P 0x7f2a7c19c048
C 260
R
P 0x7f2a7c191628
C 342
R
P 0x7f2a7c191628
P 0x7f2a7c19c048
C 259
R
P 0x7f2a7c191628
C 342
R
P 0x7f2a7c191628
P 0x7f2a7c19c048
C 258
R
P 0x7f2a7c191628
C 342
R
P 0x7f2a7c191628
P 0x7f2a7c19c048
C 9
R
P 0x7f2a7c191628
C 342
R
P 0x7f2a7c191628
I 4
P 0x7f2a7c19b208
C 150
= 0x7f2a7c19c028
R
P 0x7f2a7c191628
C 342
R
P 0x7f2a7c191628
P 0x7f2a7c19c028
C 258
R
P 0x7f2a7c191628
C 342
R
P 0x7f2a7c191628
P 0x7f2a7c19c028
C 9
R
P 0x7f2a7c191628
C 342
R
P 0x7f2a7c191628
P 0x7f2a7c19c028
C 263
R
P 0x7f2a7c191628
C 342
R
P 0x7f2a7c191628
S "slot4Duration"
C 30
R
P 0x7f2a7c191628
C 342
R
P 0x7f2a7c191628
$ |slot4Duration|
C 202
R
P 0x7f2a7c191628
C 342
R
P 0x7f2a7c191628
$ |slot4Duration|
P 0x7f2a7c19b1e8
C 51
= 0x7f2a7c19c068
R
P 0x7f2a7c191628
C 342
R
P 0x7f2a7c191628
P 0x7f2a7c19c068
C 257
R
P 0x7f2a7c191628
C 342
R
P 0x7f2a7c191628
P 0x7f2a7c19c068
C 254
= 0x7f2a7c19b1e8
R
P 0x7f2a7c191628
C 342
R
P 0x7f2a7c191628
P 0x7f2a7c19b1e8
C 209
R
P 0x7f2a7c191628
C 342
R
P 0x7f2a7c191628
P 0x7f2a7c19c068
C 260
R
P 0x7f2a7c191628
C 342
R
P 0x7f2a7c191628
P 0x7f2a7c19c068
C 259
R
P 0x7f2a7c191628
C 342
R
P 0x7f2a7c191628
P 0x7f2a7c19c068
C 258
R
P 0x7f2a7c191628
C 342
R
P 0x7f2a7c191628
P 0x7f2a7c19c068
C 9
R
P 0x7f2a7c191628
C 342
R
P 0x7f2a7c191628
U 2
P 0x7f2a7c19c048
P 0x7f2a7c19c068
p 2
C 65
= 0x7f2a7c1a20a8
R
P 0x7f2a7c191628
C 342
R
P 0x7f2a7c191628
P 0x7f2a7c1a20a8
C 257
R
P 0x7f2a7c191628
C 342
R
P 0x7f2a7c191628
P 0x7f2a7c1a20a8
C 254
= 0x7f2a7c19b1e8
R
P 0x7f2a7c191628
C 342
R
P 0x7f2a7c191628
P 0x7f2a7c19b1e8
C 209
R
P 0x7f2a7c191628
C 342
R
P 0x7f2a7c191628
P 0x7f2a7c1a20a8
C 260
R
P 0x7f2a7c191628
C 342
R
P 0x7f2a7c191628
P 0x7f2a7c1a20a8
C 259
R
P 0x7f2a7c191628
C 342
R
P 0x7f2a7c191628
P 0x7f2a7c1a20a8
C 258
R
P 0x7f2a7c191628
C 342
R
P 0x7f2a7c191628
P 0x7f2a7c1a20a8
C 9
R
P 0x7f2a7c191628
C 342
R
P 0x7f2a7c191628
P 0x7f2a7c19c0a8
P 0x7f2a7c1a20a8
C 74
= 0x7f2a7c478ac0
R
P 0x7f2a7c191628
C 342
R
P 0x7f2a7c191628
P 0x7f2a7c478ac0
C 258
R
P 0x7f2a7c191628
C 342
R
P 0x7f2a7c191628
P 0x7f2a7c478ac0
C 9
R
P 0x7f2a7c191628
C 342
R
P 0x7f2a7c191628
U 2
P 0x7f2a7c4792a0
P 0x7f2a7c478ac0
p 2
C 63
= 0x7f2a7c4792d8
R
P 0x7f2a7c191628
C 342
R
P 0x7f2a7c191628
P 0x7f2a7c4792d8
C 258
R
P 0x7f2a7c191628
C 342
R
P 0x7f2a7c191628
P 0x7f2a7c4792d8
C 9
R
P 0x7f2a7c191628
C 342
R
P 0x7f2a7c191628
P 0x7f2a7c4792d8
C 58
= 0x7f2a7c19eea8
R
P 0x7f2a7c191628
C 342
R
P 0x7f2a7c191628
P 0x7f2a7c19eea8
C 258
R
P 0x7f2a7c191628
C 342
R
P 0x7f2a7c191628
P 0x7f2a7c19eea8
C 9
R
P 0x7f2a7c191628
C 342
R
P 0x7f2a7c191628
P 0x7f2a7c19ee78
P 0x7f2a7c19eea8
C 61
= 0x7f2a7c479310
R
P 0x7f2a7c191628
C 342
R
P 0x7f2a7c191628
P 0x7f2a7c479310
C 258
R
P 0x7f2a7c191628
C 342
R
P 0x7f2a7c191628
P 0x7f2a7c479310
C 9
R
P 0x7f2a7c191628
C 342
R
P 0x7f2a7c191628
P 0x7f2a7c1e1fc8
P 0x7f2a7c479310
C 427
R
P 0x7f2a7c191628
C 342
R
P 0x7f2a7c191628
I 5
P 0x7f2a7c19b208
C 150
= 0x7f2a7c19c088
R
P 0x7f2a7c191628
C 342
R
P 0x7f2a7c191628
P 0x7f2a7c19c088
C 258
R
P 0x7f2a7c191628
C 342
R
P 0x7f2a7c191628
P 0x7f2a7c19c088
C 9
R
P 0x7f2a7c191628
C 342
R
P 0x7f2a7c191628
I 5
P 0x7f2a7c19b208
C 150
= 0x7f2a7c19c088
R
P 0x7f2a7c191628
C 342
R
P 0x7f2a7c191628
P 0x7f2a7c19c088
C 258
R
P 0x7f2a7c191628
C 342
R
P 0x7f2a7c191628
P 0x7f2a7c19c088
C 9
R
P 0x7f2a7c191628
C 342
R
P 0x7f2a7c191628
P 0x7f2a7c19c088
P 0x7f2a7c19c088
C 56
= 0x7f2a7c479348
R
P 0x7f2a7c191628
C 342
R
P 0x7f2a7c191628
P 0x7f2a7c479348
C 258
R
P 0x7f2a7c191628
C 342
R
P 0x7f2a7c191628
P 0x7f2a7c479348
C 9
R
P 0x7f2a7c191628
C 342
R
P 0x7f2a7c191628
P 0x7f2a7c479348
C 58
= 0x7f2a7c19eed8
R
P 0x7f2a7c191628
C 342
R
P 0x7f2a7c191628
P 0x7f2a7c19eed8
C 258
R
P 0x7f2a7c191628
C 342
R
P 0x7f2a7c191628
P 0x7f2a7c19eed8
C 9
R
P 0x7f2a7c191628
C 342
R
P 0x7f2a7c191628
I 5
P 0x7f2a7c19b208
C 150
= 0x7f2a7c19c088
R
P 0x7f2a7c191628
C 342
R
P 0x7f2a7c191628
P 0x7f2a7c19c088
C 258
R
P 0x7f2a7c191628
C 342
R
P 0x7f2a7c191628
P 0x7f2a7c19c088
C 9
R
P 0x7f2a7c191628
C 342
R
P 0x7f2a7c191628
P 0x7f2a7c19c088
C 263
R
P 0x7f2a7c191628
C 342
R
P 0x7f2a7c191628
S "slot5Start"
C 30
R
P 0x7f2a7c191628
C 342
R
P 0x7f2a7c191628
$ |slot5Start|
C 202
R
P 0x7f2a7c191628
C 342
R
P 0x7f2a7c191628
$ |slot5Start|
P 0x7f2a7c19b1e8
C 51
= 0x7f2a7c19c0a8
R
P 0x7f2a7c191628
C 342
R
P 0x7f2a7c191628
P 0x7f2a7c19c0a8
C 257
R
P 0x7f2a7c191628
C 342
R
P 0x7f2a7c191628
P 0x7f2a7c19c0a8
C 254
= 0x7f2a7c19b1e8
R
P 0x7f2a7c191628
C 342
R
P 0x7f2a7c191628
P 0x7f2a7c19b1e8
C 209
R
P 0x7f2a7c191628
C 342
R
P 0x7f2a7c191628
P 0x7f2a7c19c0a8
C 260
R
P 0x7f2a7c191628
C 342
R
P 0x7f2a7c191628
P 0x7f2a7c19c0a8
C 259
R
P 0x7f2a7c191628
C 342
R
P 0x7f2a7c191628
P 0x7f2a7c19c0a8
C 258
R
P 0x7f2a7c191628
C 342
R
P 0x7f2a7c191628
P 0x7f2a7c19c0a8
C 9
R
P 0x7f2a7c191628
C 342
R
P 0x7f2a7c191628
I 5
P 0x7f2a7c19b208
C 150
= 0x7f2a7c19c088
R
P 0x7f2a7c191628
C 342
R
P 0x7f2a7c191628
P 0x7f2a7c19c088
C 258
R
P 0x7f2a7c191628
C 342
R
P 0x7f2a7c191628
P 0x7f2a7c19c088
C 9
R
P 0x7f2a7c191628
C 342
R
P 0x7f2a7c191628
P 0x7f2a7c19c088
C 263
R
P 0x7f2a7c191628
C 342
R
P 0x7f2a7c191628
S "slot5Start"
C 30
R
P 0x7f2a7c191628
C 342
R
P 0x7f2a7c191628
$ |slot5Start|
C 202
R
P 0x7f2a7c191628
C 342
R
P 0x7f2a7c191628
$ |slot5Start|
P 0x7f2a7c19b1e8
C 51
= 0x7f2a7c19c0a8
R
P 0x7f2a7c191628
C 342
R
P 0x7f2a7c191628
P 0x7f2a7c19c0a8
C 257
R
P 0x7f2a7c191628
C 342
R
P 0x7f2a7c191628
P 0x7f2a7c19c0a8
C 254
= 0x7f2a7c19b1e8
R
P 0x7f2a7c191628
C 342
R
P 0x7f2a7c191628
P 0x7f2a7c19b1e8
C 209
R
P 0x7f2a7c191628
C 342
R
P 0x7f2a7c191628
P 0x7f2a7c19c0a8
C 260
R
P 0x7f2a7c191628
C 342
R
P 0x7f2a7c191628
P 0x7f2a7c19c0a8
C 259
R
P 0x7f2a7c191628
C 342
R
P 0x7f2a7c191628
P 0x7f2a7c19c0a8
C 258
R
P 0x7f2a7c191628
C 342
R
P 0x7f2a7c191628
P 0x7f2a7c19c0a8
C 9
R
P 0x7f2a7c191628
C 342
R
P 0x7f2a7c191628
P 0x7f2a7c19c0a8
P 0x7f2a7c19c0a8
C 76
= 0x7f2a7c479380
R
P 0x7f2a7c191628
C 342
R
P 0x7f2a7c191628
P 0x7f2a7c479380
C 258
R
P 0x7f2a7c191628
C 342
R
P 0x7f2a7c191628
P 0x7f2a7c479380
C 9
R
P 0x7f2a7c191628
C 342
R
P 0x7f2a7c191628
I 5
P 0x7f2a7c19b208
C 150
= 0x7f2a7c19c088
R
P 0x7f2a7c191628
C 342
R
P 0x7f2a7c191628
P 0x7f2a7c19c088
C 258
R
P 0x7f2a7c191628
C 342
R
P 0x7f2a7c191628
P 0x7f2a7c19c088
C 9
R
P 0x7f2a7c191628
C 342
R
P 0x7f2a7c191628
P 0x7f2a7c19c088
C 263
R
P 0x7f2a7c191628
C 342
R
P 0x7f2a7c191628
S "slot5Start"
C 30
R
P 0x7f2a7c191628
C 342
R
P 0x7f2a7c191628
$ |slot5Start|
C 202
R
P 0x7f2a7c191628
C 342
R
P 0x7f2a7c191628
$ |slot5Start|
P 0x7f2a7c19b1e8
C 51
= 0x7f2a7c19c0a8
R
P 0x7f2a7c191628
C 342
R
P 0x7f2a7c191628
P 0x7f2a7c19c0a8
C 257
R
P 0x7f2a7c191628
C 342
R
P 0x7f2a7c191628
P 0x7f2a7c19c0a8
C 254
= 0x7f2a7c19b1e8
R
P 0x7f2a7c191628
C 342
R
P 0x7f2a7c191628
P 0x7f2a7c19b1e8
C 209
R
P 0x7f2a7c191628
C 342
R
P 0x7f2a7c191628
P 0x7f2a7c19c0a8
C 260
R
P 0x7f2a7c191628
C 342
R
P 0x7f2a7c191628
P 0x7f2a7c19c0a8
C 259
R
P 0x7f2a7c191628
C 342
R
P 0x7f2a7c191628
P 0x7f2a7c19c0a8
C 258
R
P 0x7f2a7c191628
C 342
R
P 0x7f2a7c191628
P 0x7f2a7c19c0a8
C 9
R
P 0x7f2a7c191628
C 342
R
P 0x7f2a7c191628
I 5
P 0x7f2a7c19b208
C 150
= 0x7f2a7c19c088
R
P 0x7f2a7c191628
C 342
R
P 0x7f2a7c191628
P 0x7f2a7c19c088
C 258
R
P 0x7f2a7c191628
C 342
R
P 0x7f2a7c191628
P 0x7f2a7c19c088
C 9
R
P 0x7f2a7c191628
C 342
R
P 0x7f2a7c191628
P 0x7f2a7c19c088
C 263
R
P 0x7f2a7c191628
C 342
R
P 0x7f2a7c191628
S "slot5Start"
C 30
R
P 0x7f2a7c191628
C 342
R
P 0x7f2a7c191628
$ |slot5Start|
C 202
R
P 0x7f2a7c191628
C 342
R
P 0x7f2a7c191628
$ |slot5Start|
P 0x7f2a7c19b1e8
C 51
= 0x7f2a7c19c0a8
R
P 0x7f2a7c191628
C 342
R
P 0x7f2a7c191628
P 0x7f2a7c19c0a8
C 257
R
P 0x7f2a7c191628
C 342
R
P 0x7f2a7c191628
P 0x7f2a7c19c0a8
C 254
= 0x7f2a7c19b1e8
R
P 0x7f2a7c191628
C 342
R
P 0x7f2a7c191628
P 0x7f2a7c19b1e8
C 209
R
P 0x7f2a7c191628
C 342
R
P 0x7f2a7c191628
P 0x7f2a7c19c0a8
C 260
R
P 0x7f2a7c191628
C 342
R
P 0x7f2a7c191628
P 0x7f2a7c19c0a8
C 259
R
P 0x7f2a7c191628
C 342
R
P 0x7f2a7c191628
P 0x7f2a7c19c0a8
C 258
R
P 0x7f2a7c191628
C 342
R
P 0x7f2a7c191628
P 0x7f2a7c19c0a8
C 9
R
P 0x7f2a7c191628
C 342
R
P 0x7f2a7c191628
I 5
P 0x7f2a7c19b208
C 150
= 0x7f2a7c19c088
R
P 0x7f2a7c191628
C 342
R
P 0x7f2a7c191628
P 0x7f2a7c19c088
C 258
R
P 0x7f2a7c191628
C 342
R
P 0x7f2a7c191628
P 0x7f2a7c19c088
C 9
R
P 0x7f2a7c191628
C 342
R
P 0x7f2a7c191628
P 0x7f2a7c19c088
C 263
R
P 0x7f2a7c191628
C 342
R
P 0x7f2a7c191628
S "slot5Duration"
C 30
R
P 0x7f2a7c191628
C 342
R
P 0x7f2a7c191628
$ |slot5Duration|
C 202
R
P 0x7f2a7c191628
C 342
R
P 0x7f2a7c191628
$ |slot5Duration|
P 0x7f2a7c19b1e8
C 51
= 0x7f2a7c19c0c8
R
P 0x7f2a7c191628
C 342
R
P 0x7f2a7c191628
P 0x7f2a7c19c0c8
C 257
R
P 0x7f2a7c191628
C 342
R
P 0x7f2a7c191628
P 0x7f2a7c19c0c8
C 254
= 0x7f2a7c19b1e8
R
P 0x7f2a7c191628
C 342
R
P 0x7f2a7c191628
P 0x7f2a7c19b1e8
C 209
R
P 0x7f2a7c191628
C 342
R
P 0x7f2a7c191628
P 0x7f2a7c19c0c8
C 260
R
P 0x7f2a7c191628
C 342
R
P 0x7f2a7c191628
P 0x7f2a7c19c0c8
C 259
R
P 0x7f2a7c191628
C 342
R
P 0x7f2a7c191628
P 0x7f2a7c19c0c8
C 258
R
P 0x7f2a7c191628
C 342
R
P 0x7f2a7c191628
P 0x7f2a7c19c0c8
C 9
R
P 0x7f2a7c191628
C 342
R
P 0x7f2a7c191628
U 2
P 0x7f2a7c19c0a8
P 0x7f2a7c19c0c8
p 2
C 65
= 0x7f2a7c1a21f8
R
P 0x7f2a7c191628
C 342
R
P 0x7f2a7c191628
P 0x7f2a7c1a21f8
C 257
R
P 0x7f2a7c191628
C 342
R
P 0x7f2a7c191628
P 0x7f2a7c1a21f8
C 254
= 0x7f2a7c19b1e8
R
P 0x7f2a7c191628
C 342
R
P 0x7f2a7c191628
P 0x7f2a7c19b1e8
C 209
R
P 0x7f2a7c191628
C 342
R
P 0x7f2a7c191628
P 0x7f2a7c1a21f8
C 260
R
P 0x7f2a7c191628
C 342
R
P 0x7f2a7c191628
P 0x7f2a7c1a21f8
C 259
R
P 0x7f2a7c191628
C 342
R
P 0x7f2a7c191628
P 0x7f2a7c1a21f8
C 258
R
P 0x7f2a7c191628
C 342
R
P 0x7f2a7c191628
P 0x7f2a7c1a21f8
C 9
R
P 0x7f2a7c191628
C 342
R
P 0x7f2a7c191628
P 0x7f2a7c19c0a8
P 0x7f2a7c1a21f8
C 74
= 0x7f2a7c4793b8
R
P 0x7f2a7c191628
C 342
R
P 0x7f2a7c191628
P 0x7f2a7c4793b8
C 258
R
P 0x7f2a7c191628
C 342
R
P 0x7f2a7c191628
P 0x7f2a7c4793b8
C 9
R
P 0x7f2a7c191628
C 342
R
P 0x7f2a7c191628
U 2
P 0x7f2a7c479380
P 0x7f2a7c4793b8
p 2
C 63
= 0x7f2a7c4793f0
R
P 0x7f2a7c191628
C 342
R
P 0x7f2a7c191628
P 0x7f2a7c4793f0
C 258
R
P 0x7f2a7c191628
C 342
R
P 0x7f2a7c191628
P 0x7f2a7c4793f0
C 9
R
P 0x7f2a7c191628
C 342
R
P 0x7f2a7c191628
P 0x7f2a7c4793f0
C 58
= 0x7f2a7c19ef08
R
P 0x7f2a7c191628
C 342
R
P 0x7f2a7c191628
P 0x7f2a7c19ef08
C 258
R
P 0x7f2a7c191628
C 342
R
P 0x7f2a7c191628
P 0x7f2a7c19ef08
C 9
R
P 0x7f2a7c191628
C 342
R
P 0x7f2a7c191628
P 0x7f2a7c19eed8
P 0x7f2a7c19ef08
C 61
= 0x7f2a7c479428
R
P 0x7f2a7c191628
C 342
R
P 0x7f2a7c191628
P 0x7f2a7c479428
C 258
R
P 0x7f2a7c191628
C 342
R
P 0x7f2a7c191628
P 0x7f2a7c479428
C 9
R
P 0x7f2a7c191628
C 342
R
P 0x7f2a7c191628
P 0x7f2a7c1e1fc8
P 0x7f2a7c479428
C 427
R
P 0x7f2a7c191628
C 342
R
P 0x7f2a7c191628
I 5
P 0x7f2a7c19b208
C 150
= 0x7f2a7c19c088
R
P 0x7f2a7c191628
C 342
R
P 0x7f2a7c191628
P 0x7f2a7c19c088
C 258
R
P 0x7f2a7c191628
C 342
R
P 0x7f2a7c191628
P 0x7f2a7c19c088
C 9
R
P 0x7f2a7c191628
C 342
R
P 0x7f2a7c191628
I 6
P 0x7f2a7c19b208
C 150
= 0x7f2a7c19c0e8
R
P 0x7f2a7c191628
C 342
R
P 0x7f2a7c191628
P 0x7f2a7c19c0e8
C 258
R
P 0x7f2a7c191628
C 342
R
P 0x7f2a7c191628
P 0x7f2a7c19c0e8
C 9
R
P 0x7f2a7c191628
C 342
R
P 0x7f2a7c191628
P 0x7f2a7c19c088
P 0x7f2a7c19c0e8
C 56
= 0x7f2a7c479460
R
P 0x7f2a7c191628
C 342
R
P 0x7f2a7c191628
P 0x7f2a7c479460
C 258
R
P 0x7f2a7c191628
C 342
R
P 0x7f2a7c191628
P 0x7f2a7c479460
C 9
R
P 0x7f2a7c191628
C 342
R
P 0x7f2a7c191628
P 0x7f2a7c479460
C 58
= 0x7f2a7c19ef38
R
P 0x7f2a7c191628
C 342
R
P 0x7f2a7c191628
P 0x7f2a7c19ef38
C 258
R
P 0x7f2a7c191628
C 342
R
P 0x7f2a7c191628
P 0x7f2a7c19ef38
C 9
R
P 0x7f2a7c191628
C 342
R
P 0x7f2a7c191628
I 5
P 0x7f2a7c19b208
C 150
= 0x7f2a7c19c088
R
P 0x7f2a7c191628
C 342
R
P 0x7f2a7c191628
P 0x7f2a7c19c088
C 258
R
P 0x7f2a7c191628
C 342
R
P 0x7f2a7c191628
P 0x7f2a7c19c088
C 9
R
P 0x7f2a7c191628
C 342
R
P 0x7f2a7c191628
P 0x7f2a7c19c088
C 263
R
P 0x7f2a7c191628
C 342
R
P 0x7f2a7c191628
S "slot5Start"
C 30
R
P 0x7f2a7c191628
C 342
R
P 0x7f2a7c191628
$ |slot5Start|
C 202
R
P 0x7f2a7c191628
C 342
R
P 0x7f2a7c191628
$ |slot5Start|
P 0x7f2a7c19b1e8
C 51
= 0x7f2a7c19c0a8
R
P 0x7f2a7c191628
C 342
R
P 0x7f2a7c191628
P 0x7f2a7c19c0a8
C 257
R
P 0x7f2a7c191628
C 342
R
P 0x7f2a7c191628
P 0x7f2a7c19c0a8
C 254
= 0x7f2a7c19b1e8
R
P 0x7f2a7c191628
C 342
R
P 0x7f2a7c191628
P 0x7f2a7c19b1e8
C 209
R
P 0x7f2a7c191628
C 342
R
P 0x7f2a7c191628
P 0x7f2a7c19c0a8
C 260
R
P 0x7f2a7c191628
C 342
R
P 0x7f2a7c191628
P 0x7f2a7c19c0a8
C 259
R
P 0x7f2a7c191628
C 342
R
P 0x7f2a7c191628
P 0x7f2a7c19c0a8
C 258
R
P 0x7f2a7c191628
C 342
R
P 0x7f2a7c191628
P 0x7f2a7c19c0a8
C 9
R
P 0x7f2a7c191628
C 342
R
P 0x7f2a7c191628
I 6
P 0x7f2a7c19b208
C 150
= 0x7f2a7c19c0e8
R
P 0x7f2a7c191628
C 342
R
P 0x7f2a7c191628
P 0x7f2a7c19c0e8
C 258
R
P 0x7f2a7c191628
C 342
R
P 0x7f2a7c191628
P 0x7f2a7c19c0e8
C 9
R
P 0x7f2a7c191628
C 342
R
P 0x7f2a7c191628
P 0x7f2a7c19c0e8
C 263
R
P 0x7f2a7c191628
C 342
R
P 0x7f2a7c191628
S "slot6Start"
C 30
R
P 0x7f2a7c191628
C 342
R
P 0x7f2a7c191628
$ |slot6Start|
C 202
R
P 0x7f2a7c191628
C 342
R
P 0x7f2a7c191628
$ |slot6Start|
P 0x7f2a7c19b1e8
C 51
= 0x7f2a7c19c108
R
P 0x7f2a7c191628
C 342
R
P 0x7f2a7c191628
P 0x7f2a7c19c108
C 257
R
P 0x7f2a7c191628
C 342
R
P 0x7f2a7c191628
P 0x7f2a7c19c108
C 254
= 0x7f2a7c19b1e8
R
P 0x7f2a7c191628
C 342
R
P 0x7f2a7c191628
P 0x7f2a7c19b1e8
C 209
R
P 0x7f2a7c191628
C 342
R
P 0x7f2a7c191628
P 0x7f2a7c19c108
C 260
R
P 0x7f2a7c191628
C 342
R
P 0x7f2a7c191628
P 0x7f2a7c19c108
C 259
R
P 0x7f2a7c191628
C 342
R
P 0x7f2a7c191628
P 0x7f2a7c19c108
C 258
R
P 0x7f2a7c191628
C 342
R
P 0x7f2a7c191628
P 0x7f2a7c19c108
C 9
R
P 0x7f2a7c191628
C 342
R
P 0x7f2a7c191628
P 0x7f2a7c19c0a8
P 0x7f2a7c19c108
C 76
= 0x7f2a7c479498
R
P 0x7f2a7c191628
C 342
R
P 0x7f2a7c191628
P 0x7f2a7c479498
C 258
R
P 0x7f2a7c191628
C 342
R
P 0x7f2a7c191628
P 0x7f2a7c479498
C 9
R
P 0x7f2a7c191628
C 342
R
P 0x7f2a7c191628
I 5
P 0x7f2a7c19b208
C 150
= 0x7f2a7c19c088
R
P 0x7f2a7c191628
C 342
R
P 0x7f2a7c191628
P 0x7f2a7c19c088
C 258
R
P 0x7f2a7c191628
C 342
R
P 0x7f2a7c191628
P 0x7f2a7c19c088
C 9
R
P 0x7f2a7c191628
C 342
R
P 0x7f2a7c191628
P 0x7f2a7c19c088
C 263
R
P 0x7f2a7c191628
C 342
R
P 0x7f2a7c191628
S "slot5Start"
C 30
R
P 0x7f2a7c191628
C 342
R
P 0x7f2a7c191628
$ |slot5Start|
C 202
R
P 0x7f2a7c191628
C 342
R
P 0x7f2a7c191628
$ |slot5Start|
P 0x7f2a7c19b1e8
C 51
= 0x7f2a7c19c0a8
R
P 0x7f2a7c191628
C 342
R
P 0x7f2a7c191628
P 0x7f2a7c19c0a8
C 257
R
P 0x7f2a7c191628
C 342
R
P 0x7f2a7c191628
P 0x7f2a7c19c0a8
C 254
= 0x7f2a7c19b1e8
R
P 0x7f2a7c191628
C 342
R
P 0x7f2a7c191628
P 0x7f2a7c19b1e8
C 209
R
P 0x7f2a7c191628
C 342
R
P 0x7f2a7c191628
P 0x7f2a7c19c0a8
C 260
R
P 0x7f2a7c191628
C 342
R
P 0x7f2a7c191628
P 0x7f2a7c19c0a8
C 259
R
P 0x7f2a7c191628
C 342
R
P 0x7f2a7c191628
P 0x7f2a7c19c0a8
C 258
R
P 0x7f2a7c191628
C 342
R
P 0x7f2a7c191628
P 0x7f2a7c19c0a8
C 9
R
P 0x7f2a7c191628
C 342
R
P 0x7f2a7c191628
I 6
P 0x7f2a7c19b208
C 150
= 0x7f2a7c19c0e8
R
P 0x7f2a7c191628
C 342
R
P 0x7f2a7c191628
P 0x7f2a7c19c0e8
C 258
R
P 0x7f2a7c191628
C 342
R
P 0x7f2a7c191628
P 0x7f2a7c19c0e8
C 9
R
P 0x7f2a7c191628
C 342
R
P 0x7f2a7c191628
P 0x7f2a7c19c0e8
C 263
R
P 0x7f2a7c191628
C 342
R
P 0x7f2a7c191628
S "slot6Start"
C 30
R
P 0x7f2a7c191628
C 342
R
P 0x7f2a7c191628
$ |slot6Start|
C 202
R
P 0x7f2a7c191628
C 342
R
P 0x7f2a7c191628
$ |slot6Start|
P 0x7f2a7c19b1e8
C 51
= 0x7f2a7c19c108
R
P 0x7f2a7c191628
C 342
R
P 0x7f2a7c191628
P 0x7f2a7c19c108
C 257
R
P 0x7f2a7c191628
C 342
R
P 0x7f2a7c191628
P 0x7f2a7c19c108
C 254
= 0x7f2a7c19b1e8
R
P 0x7f2a7c191628
C 342
R
P 0x7f2a7c191628
P 0x7f2a7c19b1e8
C 209
R
P 0x7f2a7c191628
C 342
R
P 0x7f2a7c191628
P 0x7f2a7c19c108
C 260
R
P 0x7f2a7c191628
C 342
R
P 0x7f2a7c191628
P 0x7f2a7c19c108
C 259
R
P 0x7f2a7c191628
C 342
R
P 0x7f2a7c191628
P 0x7f2a7c19c108
C 258
R
P 0x7f2a7c191628
C 342
R
P 0x7f2a7c191628
P 0x7f2a7c19c108
C 9
R
P 0x7f2a7c191628
C 342
R
P 0x7f2a7c191628
I 6
P 0x7f2a7c19b208
C 150
= 0x7f2a7c19c0e8
R
P 0x7f2a7c191628
C 342
R
P 0x7f2a7c191628
P 0x7f2a7c19c0e8
C 258
R
P 0x7f2a7c191628
C 342
R
P 0x7f2a7c191628
P 0x7f2a7c19c0e8
C 9
R
P 0x7f2a7c191628
C 342
R
P 0x7f2a7c191628
P 0x7f2a7c19c0e8
C 263
R
P 0x7f2a7c191628
C 342
R
P 0x7f2a7c191628
S "slot6Duration"
C 30
R
P 0x7f2a7c191628
C 342
R
P 0x7f2a7c191628
$ |slot6Duration|
C 202
R
P 0x7f2a7c191628
C 342
R
P 0x7f2a7c191628
$ |slot6Duration|
P 0x7f2a7c19b1e8
C 51
= 0x7f2a7c19c128
R
P 0x7f2a7c191628
C 342
R
P 0x7f2a7c191628
P 0x7f2a7c19c128
C 257
R
P 0x7f2a7c191628
C 342
R
P 0x7f2a7c191628
P 0x7f2a7c19c128
C 254
= 0x7f2a7c19b1e8
R
P 0x7f2a7c191628
C 342
R
P 0x7f2a7c191628
P 0x7f2a7c19b1e8
C 209
R
P 0x7f2a7c191628
C 342
R
P 0x7f2a7c191628
P 0x7f2a7c19c128
C 260
R
P 0x7f2a7c191628
C 342
R
P 0x7f2a7c191628
P 0x7f2a7c19c128
C 259
R
P 0x7f2a7c191628
C 342
R
P 0x7f2a7c191628
P 0x7f2a7c19c128
C 258
R
P 0x7f2a7c191628
C 342
R
P 0x7f2a7c191628
P 0x7f2a7c19c128
C 9
R
P 0x7f2a7c191628
C 342
R
P 0x7f2a7c191628
U 2
P 0x7f2a7c19c108
P 0x7f2a7c19c128
p 2
C 65
= 0x7f2a7c1a2348
R
P 0x7f2a7c191628
C 342
R
P 0x7f2a7c191628
P 0x7f2a7c1a2348
C 257
R
P 0x7f2a7c191628
C 342
R
P 0x7f2a7c191628
P 0x7f2a7c1a2348
C 254
= 0x7f2a7c19b1e8
R
P 0x7f2a7c191628
C 342
R
P 0x7f2a7c191628
P 0x7f2a7c19b1e8
C 209
R
P 0x7f2a7c191628
C 342
R
P 0x7f2a7c191628
P 0x7f2a7c1a2348
C 260
R
P 0x7f2a7c191628
C 342
R
P 0x7f2a7c191628
P 0x7f2a7c1a2348
C 259
R
P 0x7f2a7c191628
C 342
R
P 0x7f2a7c191628
P 0x7f2a7c1a2348
C 258
R
P 0x7f2a7c191628
C 342
R
P 0x7f2a7c191628
P 0x7f2a7c1a2348
C 9
R
P 0x7f2a7c191628
C 342
R
P 0x7f2a7c191628
P 0x7f2a7c19c0a8
P 0x7f2a7c1a2348
C 74
= 0x7f2a7c4794d0
R
P 0x7f2a7c191628
C 342
R
P 0x7f2a7c191628
P 0x7f2a7c4794d0
C 258
R
P 0x7f2a7c191628
C 342
R
P 0x7f2a7c191628
P 0x7f2a7c4794d0
C 9
R
P 0x7f2a7c191628
C 342
R
P 0x7f2a7c191628
U 2
P 0x7f2a7c479498
P 0x7f2a7c4794d0
p 2
C 63
= 0x7f2a7c479508
R
P 0x7f2a7c191628
C 342
R
P 0x7f2a7c191628
P 0x7f2a7c479508
C 258
R
P 0x7f2a7c191628
C 342
R
P 0x7f2a7c191628
P 0x7f2a7c479508
C 9
R
P 0x7f2a7c191628
C 342
R
P 0x7f2a7c191628
P 0x7f2a7c479508
C 58
= 0x7f2a7c19ef68
R
P 0x7f2a7c191628
C 342
R
P 0x7f2a7c191628
P 0x7f2a7c19ef68
C 258
R
P 0x7f2a7c191628
C 342
R
P 0x7f2a7c191628
P 0x7f2a7c19ef68
C 9
R
P 0x7f2a7c191628
C 342
R
P 0x7f2a7c191628
P 0x7f2a7c19ef38
P 0x7f2a7c19ef68
C 61
= 0x7f2a7c479540
R
P 0x7f2a7c191628
C 342
R
P 0x7f2a7c191628
P 0x7f2a7c479540
C 258
R
P 0x7f2a7c191628
C 342
R
P 0x7f2a7c191628
P 0x7f2a7c479540
C 9
R
P 0x7f2a7c191628
C 342
R
P 0x7f2a7c191628
P 0x7f2a7c1e1fc8
P 0x7f2a7c479540
C 427
R
P 0x7f2a7c191628
C 342
R
P 0x7f2a7c191628
I 5
P 0x7f2a7c19b208
C 150
= 0x7f2a7c19c088
R
P 0x7f2a7c191628
C 342
R
P 0x7f2a7c191628
P 0x7f2a7c19c088
C 258
R
P 0x7f2a7c191628
C 342
R
P 0x7f2a7c191628
P 0x7f2a7c19c088
C 9
R
P 0x7f2a7c191628
C 342
R
P 0x7f2a7c191628
I 7
P 0x7f2a7c19b208
C 150
= 0x7f2a7c19c148
R
P 0x7f2a7c191628
C 342
R
P 0x7f2a7c191628
P 0x7f2a7c19c148
C 258
R
P 0x7f2a7c191628
C 342
R
P 0x7f2a7c191628
P 0x7f2a7c19c148
C 9
R
P 0x7f2a7c191628
C 342
R
P 0x7f2a7c191628
P 0x7f2a7c19c088
P 0x7f2a7c19c148
C 56
= 0x7f2a7c479578
R
P 0x7f2a7c191628
C 342
R
P 0x7f2a7c191628
P 0x7f2a7c479578
C 258
R
P 0x7f2a7c191628
C 342
R
P 0x7f2a7c191628
P 0x7f2a7c479578
C 9
R
P 0x7f2a7c191628
C 342
R
P 0x7f2a7c191628
P 0x7f2a7c479578
C 58
= 0x7f2a7c19ef98
R
P 0x7f2a7c191628
C 342
R
P 0x7f2a7c191628
P 0x7f2a7c19ef98
C 258
R
P 0x7f2a7c191628
C 342
R
P 0x7f2a7c191628
P 0x7f2a7c19ef98
C 9
R
P 0x7f2a7c191628
C 342
R
P 0x7f2a7c191628
I 5
P 0x7f2a7c19b208
C 150
= 0x7f2a7c19c088
R
P 0x7f2a7c191628
C 342
R
P 0x7f2a7c191628
P 0x7f2a7c19c088
C 258
R
P 0x7f2a7c191628
C 342
R
P 0x7f2a7c191628
P 0x7f2a7c19c088
C 9
R
P 0x7f2a7c191628
C 342
R
P 0x7f2a7c191628
P 0x7f2a7c19c088
C 263
R
P 0x7f2a7c191628
C 342
R
P 0x7f2a7c191628
S "slot5Start"
C 30
R
P 0x7f2a7c191628
C 342
R
P 0x7f2a7c191628
$ |slot5Start|
C 202
R
P 0x7f2a7c191628
C 342
R
P 0x7f2a7c191628
$ |slot5Start|
P 0x7f2a7c19b1e8
C 51
= 0x7f2a7c19c0a8
R
P 0x7f2a7c191628
C 342
R
P 0x7f2a7c191628
P 0x7f2a7c19c0a8
C 257
R
P 0x7f2a7c191628
C 342
R
P 0x7f2a7c191628
P 0x7f2a7c19c0a8
C 254
= 0x7f2a7c19b1e8
R
P 0x7f2a7c191628
C 342
R
P 0x7f2a7c191628
P 0x7f2a7c19b1e8
C 209
R
P 0x7f2a7c191628
C 342
R
P 0x7f2a7c191628
P 0x7f2a7c19c0a8
C 260
R
P 0x7f2a7c191628
C 342
R
P 0x7f2a7c191628
P 0x7f2a7c19c0a8
C 259
R
P 0x7f2a7c191628
C 342
R
P 0x7f2a7c191628
P 0x7f2a7c19c0a8
C 258
R
P 0x7f2a7c191628
C 342
R
P 0x7f2a7c191628
P 0x7f2a7c19c0a8
C 9
R
P 0x7f2a7c191628
C 342
R
P 0x7f2a7c191628
I 7
P 0x7f2a7c19b208
C 150
= 0x7f2a7c19c148
R
P 0x7f2a7c191628
C 342
R
P 0x7f2a7c191628
P 0x7f2a7c19c148
C 258
R
P 0x7f2a7c191628
C 342
R
P 0x7f2a7c191628
P 0x7f2a7c19c148
C 9
R
P 0x7f2a7c191628
C 342
R
P 0x7f2a7c191628
P 0x7f2a7c19c148
C 263
R
P 0x7f2a7c191628
C 342
R
P 0x7f2a7c191628
S "slot7Start"
C 30
R
P 0x7f2a7c191628
C 342
R
P 0x7f2a7c191628
$ |slot7Start|
C 202
R
P 0x7f2a7c191628
C 342
R
P 0x7f2a7c191628
$ |slot7Start|
P 0x7f2a7c19b1e8
C 51
= 0x7f2a7c19c168
R
P 0x7f2a7c191628
C 342
R
P 0x7f2a7c191628
P 0x7f2a7c19c168
C 257
R
P 0x7f2a7c191628
C 342
R
P 0x7f2a7c191628
P 0x7f2a7c19c168
C 254
= 0x7f2a7c19b1e8
R
P 0x7f2a7c191628
C 342
R
P 0x7f2a7c191628
P 0x7f2a7c19b1e8
C 209
R
P 0x7f2a7c191628
C 342
R
P 0x7f2a7c191628
P 0x7f2a7c19c168
C 260
R
P 0x7f2a7c191628
C 342
R
P 0x7f2a7c191628
P 0x7f2a7c19c168
C 259
R
P 0x7f2a7c191628
C 342
R
P 0x7f2a7c191628
P 0x7f2a7c19c168
C 258
R
P 0x7f2a7c191628
C 342
R
P 0x7f2a7c191628
P 0x7f2a7c19c168
C 9
R
P 0x7f2a7c191628
C 342
R
P 0x7f2a7c191628
P 0x7f2a7c19c0a8
P 0x7f2a7c19c168
C 76
= 0x7f2a7c4795b0
R
P 0x7f2a7c191628
C 342
R
P 0x7f2a7c191628
P 0x7f2a7c4795b0
C 258
R
P 0x7f2a7c191628
C 342
R
P 0x7f2a7c191628
P 0x7f2a7c4795b0
C 9
R
P 0x7f2a7c191628
C 342
R
P 0x7f2a7c191628
I 5
P 0x7f2a7c19b208
C 150
= 0x7f2a7c19c088
R
P 0x7f2a7c191628
C 342
R
P 0x7f2a7c191628
P 0x7f2a7c19c088
C 258
R
P 0x7f2a7c191628
C 342
R
P 0x7f2a7c191628
P 0x7f2a7c19c088
C 9
R
P 0x7f2a7c191628
C 342
R
P 0x7f2a7c191628
P 0x7f2a7c19c088
C 263
R
P 0x7f2a7c191628
C 342
R
P 0x7f2a7c191628
S "slot5Start"
C 30
R
P 0x7f2a7c191628
C 342
R
P 0x7f2a7c191628
$ |slot5Start|
C 202
R
P 0x7f2a7c191628
C 342
R
P 0x7f2a7c191628
$ |slot5Start|
P 0x7f2a7c19b1e8
C 51
= 0x7f2a7c19c0a8
R
P 0x7f2a7c191628
C 342
R
P 0x7f2a7c191628
P 0x7f2a7c19c0a8
C 257
R
P 0x7f2a7c191628
C 342
R
P 0x7f2a7c191628
P 0x7f2a7c19c0a8
C 254
= 0x7f2a7c19b1e8
R
P 0x7f2a7c191628
C 342
R
P 0x7f2a7c191628
P 0x7f2a7c19b1e8
C 209
R
P 0x7f2a7c191628
C 342
R
P 0x7f2a7c191628
P 0x7f2a7c19c0a8
C 260
R
P 0x7f2a7c191628
C 342
R
P 0x7f2a7c191628
P 0x7f2a7c19c0a8
C 259
R
P 0x7f2a7c191628
C 342
R
P 0x7f2a7c191628
P 0x7f2a7c19c0a8
C 258
R
P 0x7f2a7c191628
C 342
R
P 0x7f2a7c191628
P 0x7f2a7c19c0a8
C 9
R
P 0x7f2a7c191628
C 342
R
P 0x7f2a7c191628
I 7
P 0x7f2a7c19b208
C 150
= 0x7f2a7c19c148
R
P 0x7f2a7c191628
C 342
R
P 0x7f2a7c191628
P 0x7f2a7c19c148
C 258
R
P 0x7f2a7c191628
C 342
R
P 0x7f2a7c191628
P 0x7f2a7c19c148
C 9
R
P 0x7f2a7c191628
C 342
R
P 0x7f2a7c191628
P 0x7f2a7c19c148
C 263
R
P 0x7f2a7c191628
C 342
R
P 0x7f2a7c191628
S "slot7Start"
C 30
R
P 0x7f2a7c191628
C 342
R
P 0x7f2a7c191628
$ |slot7Start|
C 202
R
P 0x7f2a7c191628
C 342
R
P 0x7f2a7c191628
$ |slot7Start|
P 0x7f2a7c19b1e8
C 51
= 0x7f2a7c19c168
R
P 0x7f2a7c191628
C 342
R
P 0x7f2a7c191628
P 0x7f2a7c19c168
C 257
R
P 0x7f2a7c191628
C 342
R
P 0x7f2a7c191628
P 0x7f2a7c19c168
C 254
= 0x7f2a7c19b1e8
R
P 0x7f2a7c191628
C 342
R
P 0x7f2a7c191628
P 0x7f2a7c19b1e8
C 209
R
P 0x7f2a7c191628
C 342
R
P 0x7f2a7c191628
P 0x7f2a7c19c168
C 260
R
P 0x7f2a7c191628
C 342
R
P 0x7f2a7c191628
P 0x7f2a7c19c168
C 259
R
P 0x7f2a7c191628
C 342
R
P 0x7f2a7c191628
P 0x7f2a7c19c168
C 258
R
P 0x7f2a7c191628
C 342
R
P 0x7f2a7c191628
P 0x7f2a7c19c168
C 9
R
P 0x7f2a7c191628
C 342
R
P 0x7f2a7c191628
I 7
P 0x7f2a7c19b208
C 150
= 0x7f2a7c19c148
R
P 0x7f2a7c191628
C 342
R
P 0x7f2a7c191628
P 0x7f2a7c19c148
C 258
R
P 0x7f2a7c191628
C 342
R
P 0x7f2a7c191628
P 0x7f2a7c19c148
C 9
R
P 0x7f2a7c191628
C 342
R
P 0x7f2a7c191628
P 0x7f2a7c19c148
C 263
R
P 0x7f2a7c191628
C 342
R
P 0x7f2a7c191628
S "slot7Duration"
C 30
R
P 0x7f2a7c191628
C 342
R
P 0x7f2a7c191628
$ |slot7Duration|
C 202
R
P 0x7f2a7c191628
C 342
R
P 0x7f2a7c191628
$ |slot7Duration|
P 0x7f2a7c19b1e8
C 51
= 0x7f2a7c19c188
R
P 0x7f2a7c191628
C 342
R
P 0x7f2a7c191628
P 0x7f2a7c19c188
C 257
R
P 0x7f2a7c191628
C 342
R
P 0x7f2a7c191628
P 0x7f2a7c19c188
C 254
= 0x7f2a7c19b1e8
R
P 0x7f2a7c191628
C 342
R
P 0x7f2a7c191628
P 0x7f2a7c19b1e8
C 209
R
P 0x7f2a7c191628
C 342
R
P 0x7f2a7c191628
P 0x7f2a7c19c188
C 260
R
P 0x7f2a7c191628
C 342
R
P 0x7f2a7c191628
P 0x7f2a7c19c188
C 259
R
P 0x7f2a7c191628
C 342
R
P 0x7f2a7c191628
P 0x7f2a7c19c188
C 258
R
P 0x7f2a7c191628
C 342
R
P 0x7f2a7c191628
P 0x7f2a7c19c188
C 9
R
P 0x7f2a7c191628
C 342
R
P 0x7f2a7c191628
U 2
P 0x7f2a7c19c168
P 0x7f2a7c19c188
p 2
C 65
= 0x7f2a7c1a2498
R
P 0x7f2a7c191628
C 342
R
P 0x7f2a7c191628
P 0x7f2a7c1a2498
C 257
R
P 0x7f2a7c191628
C 342
R
P 0x7f2a7c191628
P 0x7f2a7c1a2498
C 254
= 0x7f2a7c19b1e8
R
P 0x7f2a7c191628
C 342
R
P 0x7f2a7c191628
P 0x7f2a7c19b1e8
C 209
R
P 0x7f2a7c191628
C 342
R
P 0x7f2a7c191628
P 0x7f2a7c1a2498
C 260
R
P 0x7f2a7c191628
C 342
R
P 0x7f2a7c191628
P 0x7f2a7c1a2498
C 259
R
P 0x7f2a7c191628
C 342
R
P 0x7f2a7c191628
P 0x7f2a7c1a2498
C 258
R
P 0x7f2a7c191628
C 342
R
P 0x7f2a7c191628
P 0x7f2a7c1a2498
C 9
R
P 0x7f2a7c191628
C 342
R
P 0x7f2a7c191628
P 0x7f2a7c19c0a8
P 0x7f2a7c1a2498
C 74
= 0x7f2a7c4795e8
R
P 0x7f2a7c191628
C 342
R
P 0x7f2a7c191628
P 0x7f2a7c4795e8
C 258
R
P 0x7f2a7c191628
C 342
R
P 0x7f2a7c191628
P 0x7f2a7c4795e8
C 9
R
P 0x7f2a7c191628
C 342
R
P 0x7f2a7c191628
U 2
P 0x7f2a7c4795b0
P 0x7f2a7c4795e8
p 2
C 63
= 0x7f2a7c479620
R
P 0x7f2a7c191628
C 342
R
P 0x7f2a7c191628
P 0x7f2a7c479620
C 258
R
P 0x7f2a7c191628
C 342
R
P 0x7f2a7c191628
P 0x7f2a7c479620
C 9
R
P 0x7f2a7c191628
C 342
R
P 0x7f2a7c191628
P 0x7f2a7c479620
C 58
= 0x7f2a7c19efc8
R
P 0x7f2a7c191628
C 342
R
P 0x7f2a7c191628
P 0x7f2a7c19efc8
C 258
R
P 0x7f2a7c191628
C 342
R
P 0x7f2a7c191628
P 0x7f2a7c19efc8
C 9
R
P 0x7f2a7c191628
C 342
R
P 0x7f2a7c191628
P 0x7f2a7c19ef98
P 0x7f2a7c19efc8
C 61
= 0x7f2a7c479658
R
P 0x7f2a7c191628
C 342
R
P 0x7f2a7c191628
P 0x7f2a7c479658
C 258
R
P 0x7f2a7c191628
C 342
R
P 0x7f2a7c191628
P 0x7f2a7c479658
C 9
R
P 0x7f2a7c191628
C 342
R
P 0x7f2a7c191628
P 0x7f2a7c1e1fc8
P 0x7f2a7c479658
C 427
R
P 0x7f2a7c191628
C 342
R
P 0x7f2a7c191628
I 5
P 0x7f2a7c19b208
C 150
= 0x7f2a7c19c088
R
P 0x7f2a7c191628
C 342
R
P 0x7f2a7c191628
P 0x7f2a7c19c088
C 258
R
P 0x7f2a7c191628
C 342
R
P 0x7f2a7c191628
P 0x7f2a7c19c088
C 9
R
P 0x7f2a7c191628
C 342
R
P 0x7f2a7c191628
I 8
P 0x7f2a7c19b208
C 150
= 0x7f2a7c19c1a8
R
P 0x7f2a7c191628
C 342
R
P 0x7f2a7c191628
P 0x7f2a7c19c1a8
C 258
R
P 0x7f2a7c191628
C 342
R
P 0x7f2a7c191628
P 0x7f2a7c19c1a8
C 9
R
P 0x7f2a7c191628
C 342
R
P 0x7f2a7c191628
P 0x7f2a7c19c088
P 0x7f2a7c19c1a8
C 56
= 0x7f2a7c479690
R
P 0x7f2a7c191628
C 342
R
P 0x7f2a7c191628
P 0x7f2a7c479690
C 258
R
P 0x7f2a7c191628
C 342
R
P 0x7f2a7c191628
P 0x7f2a7c479690
C 9
R
P 0x7f2a7c191628
C 342
R
P 0x7f2a7c191628
P 0x7f2a7c479690
C 58
= 0x7f2a7c19eff8
R
P 0x7f2a7c191628
C 342
R
P 0x7f2a7c191628
P 0x7f2a7c19eff8
C 258
R
P 0x7f2a7c191628
C 342
R
P 0x7f2a7c191628
P 0x7f2a7c19eff8
C 9
R
P 0x7f2a7c191628
C 342
R
P 0x7f2a7c191628
I 5
P 0x7f2a7c19b208
C 150
= 0x7f2a7c19c088
R
P 0x7f2a7c191628
C 342
R
P 0x7f2a7c191628
P 0x7f2a7c19c088
C 258
R
P 0x7f2a7c191628
C 342
R
P 0x7f2a7c191628
P 0x7f2a7c19c088
C 9
R
P 0x7f2a7c191628
C 342
R
P 0x7f2a7c191628
P 0x7f2a7c19c088
C 263
R
P 0x7f2a7c191628
C 342
R
P 0x7f2a7c191628
S "slot5Start"
C 30
R
P 0x7f2a7c191628
C 342
R
P 0x7f2a7c191628
$ |slot5Start|
C 202
R
P 0x7f2a7c191628
C 342
R
P 0x7f2a7c191628
$ |slot5Start|
P 0x7f2a7c19b1e8
C 51
= 0x7f2a7c19c0a8
R
P 0x7f2a7c191628
C 342
R
P 0x7f2a7c191628
P 0x7f2a7c19c0a8
C 257
R
P 0x7f2a7c191628
C 342
R
P 0x7f2a7c191628
P 0x7f2a7c19c0a8
C 254
= 0x7f2a7c19b1e8
R
P 0x7f2a7c191628
C 342
R
P 0x7f2a7c191628
P 0x7f2a7c19b1e8
C 209
R
P 0x7f2a7c191628
C 342
R
P 0x7f2a7c191628
P 0x7f2a7c19c0a8
C 260
R
P 0x7f2a7c191628
C 342
R
P 0x7f2a7c191628
P 0x7f2a7c19c0a8
C 259
R
P 0x7f2a7c191628
C 342
R
P 0x7f2a7c191628
P 0x7f2a7c19c0a8
C 258
R
P 0x7f2a7c191628
C 342
R
P 0x7f2a7c191628
P 0x7f2a7c19c0a8
C 9
R
P 0x7f2a7c191628
C 342
R
P 0x7f2a7c191628
I 8
P 0x7f2a7c19b208
C 150
= 0x7f2a7c19c1a8
R
P 0x7f2a7c191628
C 342
R
P 0x7f2a7c191628
P 0x7f2a7c19c1a8
C 258
R
P 0x7f2a7c191628
C 342
R
P 0x7f2a7c191628
P 0x7f2a7c19c1a8
C 9
R
P 0x7f2a7c191628
C 342
R
P 0x7f2a7c191628
P 0x7f2a7c19c1a8
C 263
R
P 0x7f2a7c191628
C 342
R
P 0x7f2a7c191628
S "slot8Start"
C 30
R
P 0x7f2a7c191628
C 342
R
P 0x7f2a7c191628
$ |slot8Start|
C 202
R
P 0x7f2a7c191628
C 342
R
P 0x7f2a7c191628
$ |slot8Start|
P 0x7f2a7c19b1e8
C 51
= 0x7f2a7c19c1c8
R
P 0x7f2a7c191628
C 342
R
P 0x7f2a7c191628
P 0x7f2a7c19c1c8
C 257
R
P 0x7f2a7c191628
C 342
R
P 0x7f2a7c191628
P 0x7f2a7c19c1c8
C 254
= 0x7f2a7c19b1e8
R
P 0x7f2a7c191628
C 342
R
P 0x7f2a7c191628
P 0x7f2a7c19b1e8
C 209
R
P 0x7f2a7c191628
C 342
R
P 0x7f2a7c191628
P 0x7f2a7c19c1c8
C 260
R
P 0x7f2a7c191628
C 342
R
P 0x7f2a7c191628
P 0x7f2a7c19c1c8
C 259
R
P 0x7f2a7c191628
C 342
R
P 0x7f2a7c191628
P 0x7f2a7c19c1c8
C 258
R
P 0x7f2a7c191628
C 342
R
P 0x7f2a7c191628
P 0x7f2a7c19c1c8
C 9
R
P 0x7f2a7c191628
C 342
R
P 0x7f2a7c191628
P 0x7f2a7c19c0a8
P 0x7f2a7c19c1c8
C 76
= 0x7f2a7c4796c8
R
P 0x7f2a7c191628
C 342
R
P 0x7f2a7c191628
P 0x7f2a7c4796c8
C 258
R
P 0x7f2a7c191628
C 342
R
P 0x7f2a7c191628
P 0x7f2a7c4796c8
C 9
R
P 0x7f2a7c191628
C 342
R
P 0x7f2a7c191628
I 5
P 0x7f2a7c19b208
C 150
= 0x7f2a7c19c088
R
P 0x7f2a7c191628
C 342
R
P 0x7f2a7c191628
P 0x7f2a7c19c088
C 258
R
P 0x7f2a7c191628
C 342
R
P 0x7f2a7c191628
P 0x7f2a7c19c088
C 9
R
P 0x7f2a7c191628
C 342
R
P 0x7f2a7c191628
P 0x7f2a7c19c088
C 263
R
P 0x7f2a7c191628
C 342
R
P 0x7f2a7c191628
S "slot5Start"
C 30
R
P 0x7f2a7c191628
C 342
R
P 0x7f2a7c191628
$ |slot5Start|
C 202
R
P 0x7f2a7c191628
C 342
R
P 0x7f2a7c191628
$ |slot5Start|
P 0x7f2a7c19b1e8
C 51
= 0x7f2a7c19c0a8
R
P 0x7f2a7c191628
C 342
R
P 0x7f2a7c191628
P 0x7f2a7c19c0a8
C 257
R
P 0x7f2a7c191628
C 342
R
P 0x7f2a7c191628
P 0x7f2a7c19c0a8
C 254
= 0x7f2a7c19b1e8
R
P 0x7f2a7c191628
C 342
R
P 0x7f2a7c191628
P 0x7f2a7c19b1e8
C 209
R
P 0x7f2a7c191628
C 342
R
P 0x7f2a7c191628
P 0x7f2a7c19c0a8
C 260
R
P 0x7f2a7c191628
C 342
R
P 0x7f2a7c191628
P 0x7f2a7c19c0a8
C 259
R
P 0x7f2a7c191628
C 342
R
P 0x7f2a7c191628
P 0x7f2a7c19c0a8
C 258
R
P 0x7f2a7c191628
C 342
R
P 0x7f2a7c191628
P 0x7f2a7c19c0a8
C 9
R
P 0x7f2a7c191628
C 342
R
P 0x7f2a7c191628
I 8
P 0x7f2a7c19b208
C 150
= 0x7f2a7c19c1a8
R
P 0x7f2a7c191628
C 342
R
P 0x7f2a7c191628
P 0x7f2a7c19c1a8
C 258
R
P 0x7f2a7c191628
C 342
R
P 0x7f2a7c191628
P 0x7f2a7c19c1a8
C 9
R
P 0x7f2a7c191628
C 342
R
P 0x7f2a7c191628
P 0x7f2a7c19c1a8
C 263
R
P 0x7f2a7c191628
C 342
R
P 0x7f2a7c191628
S "slot8Start"
C 30
R
P 0x7f2a7c191628
C 342
R
P 0x7f2a7c191628
$ |slot8Start|
C 202
R
P 0x7f2a7c191628
C 342
R
P 0x7f2a7c191628
$ |slot8Start|
P 0x7f2a7c19b1e8
C 51
= 0x7f2a7c19c1c8
R
P 0x7f2a7c191628
C 342
R
P 0x7f2a7c191628
P 0x7f2a7c19c1c8
C 257
R
P 0x7f2a7c191628
C 342
R
P 0x7f2a7c191628
P 0x7f2a7c19c1c8
C 254
= 0x7f2a7c19b1e8
R
P 0x7f2a7c191628
C 342
R
P 0x7f2a7c191628
P 0x7f2a7c19b1e8
C 209
R
P 0x7f2a7c191628
C 342
R
P 0x7f2a7c191628
P 0x7f2a7c19c1c8
C 260
R
P 0x7f2a7c191628
C 342
R
P 0x7f2a7c191628
P 0x7f2a7c19c1c8
C 259
R
P 0x7f2a7c191628
C 342
R
P 0x7f2a7c191628
P 0x7f2a7c19c1c8
C 258
R
P 0x7f2a7c191628
C 342
R
P 0x7f2a7c191628
P 0x7f2a7c19c1c8
C 9
R
P 0x7f2a7c191628
C 342
R
P 0x7f2a7c191628
I 8
P 0x7f2a7c19b208
C 150
= 0x7f2a7c19c1a8
R
P 0x7f2a7c191628
C 342
R
P 0x7f2a7c191628
P 0x7f2a7c19c1a8
C 258
R
P 0x7f2a7c191628
C 342
R
P 0x7f2a7c191628
P 0x7f2a7c19c1a8
C 9
R
P 0x7f2a7c191628
C 342
R
P 0x7f2a7c191628
P 0x7f2a7c19c1a8
C 263
R
P 0x7f2a7c191628
C 342
R
P 0x7f2a7c191628
S "slot8Duration"
C 30
R
P 0x7f2a7c191628
C 342
R
P 0x7f2a7c191628
$ |slot8Duration|
C 202
R
P 0x7f2a7c191628
C 342
R
P 0x7f2a7c191628
$ |slot8Duration|
P 0x7f2a7c19b1e8
C 51
= 0x7f2a7c19c1e8
R
P 0x7f2a7c191628
C 342
R
P 0x7f2a7c191628
P 0x7f2a7c19c1e8
C 257
R
P 0x7f2a7c191628
C 342
R
P 0x7f2a7c191628
P 0x7f2a7c19c1e8
C 254
= 0x7f2a7c19b1e8
R
P 0x7f2a7c191628
C 342
R
P 0x7f2a7c191628
P 0x7f2a7c19b1e8
C 209
R
P 0x7f2a7c191628
C 342
R
P 0x7f2a7c191628
P 0x7f2a7c19c1e8
C 260
R
P 0x7f2a7c191628
C 342
R
P 0x7f2a7c191628
P 0x7f2a7c19c1e8
C 259
R
P 0x7f2a7c191628
C 342
R
P 0x7f2a7c191628
P 0x7f2a7c19c1e8
C 258
R
P 0x7f2a7c191628
C 342
R
P 0x7f2a7c191628
P 0x7f2a7c19c1e8
C 9
R
P 0x7f2a7c191628
C 342
R
P 0x7f2a7c191628
U 2
P 0x7f2a7c19c1c8
P 0x7f2a7c19c1e8
p 2
C 65
= 0x7f2a7c1a25e8
R
P 0x7f2a7c191628
C 342
R
P 0x7f2a7c191628
P 0x7f2a7c1a25e8
C 257
R
P 0x7f2a7c191628
C 342
R
P 0x7f2a7c191628
P 0x7f2a7c1a25e8
C 254
= 0x7f2a7c19b1e8
R
P 0x7f2a7c191628
C 342
R
P 0x7f2a7c191628
P 0x7f2a7c19b1e8
C 209
R
P 0x7f2a7c191628
C 342
R
P 0x7f2a7c191628
P 0x7f2a7c1a25e8
C 260
R
P 0x7f2a7c191628
C 342
R
P 0x7f2a7c191628
P 0x7f2a7c1a25e8
C 259
R
P 0x7f2a7c191628
C 342
R
P 0x7f2a7c191628
P 0x7f2a7c1a25e8
C 258
R
P 0x7f2a7c191628
C 342
R
P 0x7f2a7c191628
P 0x7f2a7c1a25e8
C 9
R
P 0x7f2a7c191628
C 342
R
P 0x7f2a7c191628
P 0x7f2a7c19c0a8
P 0x7f2a7c1a25e8
C 74
= 0x7f2a7c479700
R
P 0x7f2a7c191628
C 342
R
P 0x7f2a7c191628
P 0x7f2a7c479700
C 258
R
P 0x7f2a7c191628
C 342
R
P 0x7f2a7c191628
P 0x7f2a7c479700
C 9
R
P 0x7f2a7c191628
C 342
R
P 0x7f2a7c191628
U 2
P 0x7f2a7c4796c8
P 0x7f2a7c479700
p 2
C 63
= 0x7f2a7c479738
R
P 0x7f2a7c191628
C 342
R
P 0x7f2a7c191628
P 0x7f2a7c479738
C 258
R
P 0x7f2a7c191628
C 342
R
P 0x7f2a7c191628
P 0x7f2a7c479738
C 9
R
P 0x7f2a7c191628
C 342
R
P 0x7f2a7c191628
P 0x7f2a7c479738
C 58
= 0x7f2a7c19f028
R
P 0x7f2a7c191628
C 342
R
P 0x7f2a7c191628
P 0x7f2a7c19f028
C 258
R
P 0x7f2a7c191628
C 342
R
P 0x7f2a7c191628
P 0x7f2a7c19f028
C 9
R
P 0x7f2a7c191628
C 342
R
P 0x7f2a7c191628
P 0x7f2a7c19eff8
P 0x7f2a7c19f028
C 61
= 0x7f2a7c479770
R
P 0x7f2a7c191628
C 342
R
P 0x7f2a7c191628
P 0x7f2a7c479770
C 258
R
P 0x7f2a7c191628
C 342
R
P 0x7f2a7c191628
P 0x7f2a7c479770
C 9
R
P 0x7f2a7c191628
C 342
R
P 0x7f2a7c191628
P 0x7f2a7c1e1fc8
P 0x7f2a7c479770
C 427
R
P 0x7f2a7c191628
C 342
R
P 0x7f2a7c191628
I 5
P 0x7f2a7c19b208
C 150
= 0x7f2a7c19c088
R
P 0x7f2a7c191628
C 342
R
P 0x7f2a7c191628
P 0x7f2a7c19c088
C 258
R
P 0x7f2a7c191628
C 342
R
P 0x7f2a7c191628
P 0x7f2a7c19c088
C 9
R
P 0x7f2a7c191628
C 342
R
P 0x7f2a7c191628
I 1
P 0x7f2a7c19b208
C 150
= 0x7f2a7c19bc88
R
P 0x7f2a7c191628
C 342
R
P 0x7f2a7c191628
P 0x7f2a7c19bc88
C 258
R
P 0x7f2a7c191628
C 342
R
P 0x7f2a7c191628
P 0x7f2a7c19bc88
C 9
R
P 0x7f2a7c191628
C 342
R
P 0x7f2a7c191628
P 0x7f2a7c19c088
P 0x7f2a7c19bc88
C 56
= 0x7f2a7c478fc8
R
P 0x7f2a7c191628
C 342
R
P 0x7f2a7c191628
P 0x7f2a7c478fc8
C 258
R
P 0x7f2a7c191628
C 342
R
P 0x7f2a7c191628
P 0x7f2a7c478fc8
C 9
R
P 0x7f2a7c191628
C 342
R
P 0x7f2a7c191628
P 0x7f2a7c478fc8
C 58
= 0x7f2a7c19ed58
R
P 0x7f2a7c191628
C 342
R
P 0x7f2a7c191628
P 0x7f2a7c19ed58
C 258
R
P 0x7f2a7c191628
C 342
R
P 0x7f2a7c191628
P 0x7f2a7c19ed58
C 9
R
P 0x7f2a7c191628
C 342
R
P 0x7f2a7c191628
I 1
P 0x7f2a7c19b208
C 150
= 0x7f2a7c19bc88
R
P 0x7f2a7c191628
C 342
R
P 0x7f2a7c191628
P 0x7f2a7c19bc88
C 258
R
P 0x7f2a7c191628
C 342
R
P 0x7f2a7c191628
P 0x7f2a7c19bc88
C 9
R
P 0x7f2a7c191628
C 342
R
P 0x7f2a7c191628
P 0x7f2a7c19bc88
C 263
R
P 0x7f2a7c191628
C 342
R
P 0x7f2a7c191628
S "slot1Start"
C 30
R
P 0x7f2a7c191628
C 342
R
P 0x7f2a7c191628
$ |slot1Start|
C 202
R
P 0x7f2a7c191628
C 342
R
P 0x7f2a7c191628
$ |slot1Start|
P 0x7f2a7c19b1e8
C 51
= 0x7f2a7c19bf48
R
P 0x7f2a7c191628
C 342
R
P 0x7f2a7c191628
P 0x7f2a7c19bf48
C 257
R
P 0x7f2a7c191628
C 342
R
P 0x7f2a7c191628
P 0x7f2a7c19bf48
C 254
= 0x7f2a7c19b1e8
R
P 0x7f2a7c191628
C 342
R
P 0x7f2a7c191628
P 0x7f2a7c19b1e8
C 209
R
P 0x7f2a7c191628
C 342
R
P 0x7f2a7c191628
P 0x7f2a7c19bf48
C 260
R
P 0x7f2a7c191628
C 342
R
P 0x7f2a7c191628
P 0x7f2a7c19bf48
C 259
R
P 0x7f2a7c191628
C 342
R
P 0x7f2a7c191628
P 0x7f2a7c19bf48
C 258
R
P 0x7f2a7c191628
C 342
R
P 0x7f2a7c191628
P 0x7f2a7c19bf48
C 9
R
P 0x7f2a7c191628
C 342
R
P 0x7f2a7c191628
I 5
P 0x7f2a7c19b208
C 150
= 0x7f2a7c19c088
R
P 0x7f2a7c191628
C 342
R
P 0x7f2a7c191628
P 0x7f2a7c19c088
C 258
R
P 0x7f2a7c191628
C 342
R
P 0x7f2a7c191628
P 0x7f2a7c19c088
C 9
R
P 0x7f2a7c191628
C 342
R
P 0x7f2a7c191628
P 0x7f2a7c19c088
C 263
R
P 0x7f2a7c191628
C 342
R
P 0x7f2a7c191628
S "slot5Start"
C 30
R
P 0x7f2a7c191628
C 342
R
P 0x7f2a7c191628
$ |slot5Start|
C 202
R
P 0x7f2a7c191628
C 342
R
P 0x7f2a7c191628
$ |slot5Start|
P 0x7f2a7c19b1e8
C 51
= 0x7f2a7c19c0a8
R
P 0x7f2a7c191628
C 342
R
P 0x7f2a7c191628
P 0x7f2a7c19c0a8
C 257
R
P 0x7f2a7c191628
C 342
R
P 0x7f2a7c191628
P 0x7f2a7c19c0a8
C 254
= 0x7f2a7c19b1e8
R
P 0x7f2a7c191628
C 342
R
P 0x7f2a7c191628
P 0x7f2a7c19b1e8
C 209
R
P 0x7f2a7c191628
C 342
R
P 0x7f2a7c191628
P 0x7f2a7c19c0a8
C 260
R
P 0x7f2a7c191628
C 342
R
P 0x7f2a7c191628
P 0x7f2a7c19c0a8
C 259
R
P 0x7f2a7c191628
C 342
R
P 0x7f2a7c191628
P 0x7f2a7c19c0a8
C 258
R
P 0x7f2a7c191628
C 342
R
P 0x7f2a7c191628
P 0x7f2a7c19c0a8
C 9
R
P 0x7f2a7c191628
C 342
R
P 0x7f2a7c191628
I 5
P 0x7f2a7c19b208
C 150
= 0x7f2a7c19c088
R
P 0x7f2a7c191628
C 342
R
P 0x7f2a7c191628
P 0x7f2a7c19c088
C 258
R
P 0x7f2a7c191628
C 342
R
P 0x7f2a7c191628
P 0x7f2a7c19c088
C 9
R
P 0x7f2a7c191628
C 342
R
P 0x7f2a7c191628
P 0x7f2a7c19c088
C 263
R
P 0x7f2a7c191628
C 342
R
P 0x7f2a7c191628
S "slot5Duration"
C 30
R
P 0x7f2a7c191628
C 342
R
P 0x7f2a7c191628
$ |slot5Duration|
C 202
R
P 0x7f2a7c191628
C 342
R
P 0x7f2a7c191628
$ |slot5Duration|
P 0x7f2a7c19b1e8
C 51
= 0x7f2a7c19c0c8
R
P 0x7f2a7c191628
C 342
R
P 0x7f2a7c191628
P 0x7f2a7c19c0c8
C 257
R
P 0x7f2a7c191628
C 342
R
P 0x7f2a7c191628
P 0x7f2a7c19c0c8
C 254
= 0x7f2a7c19b1e8
R
P 0x7f2a7c191628
C 342
R
P 0x7f2a7c191628
P 0x7f2a7c19b1e8
C 209
R
P 0x7f2a7c191628
C 342
R
P 0x7f2a7c191628
P 0x7f2a7c19c0c8
C 260
R
P 0x7f2a7c191628
C 342
R
P 0x7f2a7c191628
P 0x7f2a7c19c0c8
C 259
R
P 0x7f2a7c191628
C 342
R
P 0x7f2a7c191628
P 0x7f2a7c19c0c8
C 258
R
P 0x7f2a7c191628
C 342
R
P 0x7f2a7c191628
P 0x7f2a7c19c0c8
C 9
R
P 0x7f2a7c191628
C 342
R
P 0x7f2a7c191628
U 2
P 0x7f2a7c19c0a8
P 0x7f2a7c19c0c8
p 2
C 65
= 0x7f2a7c1a21f8
R
P 0x7f2a7c191628
C 342
R
P 0x7f2a7c191628
P 0x7f2a7c1a21f8
C 257
R
P 0x7f2a7c191628
C 342
R
P 0x7f2a7c191628
P 0x7f2a7c1a21f8
C 254
= 0x7f2a7c19b1e8
R
P 0x7f2a7c191628
C 342
R
P 0x7f2a7c191628
P 0x7f2a7c19b1e8
C 209
R
P 0x7f2a7c191628
C 342
R
P 0x7f2a7c191628
P 0x7f2a7c1a21f8
C 260
R
P 0x7f2a7c191628
C 342
R
P 0x7f2a7c191628
P 0x7f2a7c1a21f8
C 259
R
P 0x7f2a7c191628
C 342
R
P 0x7f2a7c191628
P 0x7f2a7c1a21f8
C 258
R
P 0x7f2a7c191628
C 342
R
P 0x7f2a7c191628
P 0x7f2a7c1a21f8
C 9
R
P 0x7f2a7c191628
C 342
R
P 0x7f2a7c191628
P 0x7f2a7c19bf48
P 0x7f2a7c1a21f8
C 74
= 0x7f2a7c1a2230
R
P 0x7f2a7c191628
C 342
R
P 0x7f2a7c191628
P 0x7f2a7c1a2230
C 258
R
P 0x7f2a7c191628
C 342
R
P 0x7f2a7c191628
P 0x7f2a7c1a2230
C 9
R
P 0x7f2a7c191628
C 342
R
P 0x7f2a7c191628
I 5
P 0x7f2a7c19b208
C 150
= 0x7f2a7c19c088
R
P 0x7f2a7c191628
C 342
R
P 0x7f2a7c191628
P 0x7f2a7c19c088
C 258
R
P 0x7f2a7c191628
C 342
R
P 0x7f2a7c191628
P 0x7f2a7c19c088
C 9
R
P 0x7f2a7c191628
C 342
R
P 0x7f2a7c191628
P 0x7f2a7c19c088
C 263
R
P 0x7f2a7c191628
C 342
R
P 0x7f2a7c191628
S "slot5Start"
C 30
R
P 0x7f2a7c191628
C 342
R
P 0x7f2a7c191628
$ |slot5Start|
C 202
R
P 0x7f2a7c191628
C 342
R
P 0x7f2a7c191628
$ |slot5Start|
P 0x7f2a7c19b1e8
C 51
= 0x7f2a7c19c0a8
R
P 0x7f2a7c191628
C 342
R
P 0x7f2a7c191628
P 0x7f2a7c19c0a8
C 257
R
P 0x7f2a7c191628
C 342
R
P 0x7f2a7c191628
P 0x7f2a7c19c0a8
C 254
= 0x7f2a7c19b1e8
R
P 0x7f2a7c191628
C 342
R
P 0x7f2a7c191628
P 0x7f2a7c19b1e8
C 209
R
P 0x7f2a7c191628
C 342
R
P 0x7f2a7c191628
P 0x7f2a7c19c0a8
C 260
R
P 0x7f2a7c191628
C 342
R
P 0x7f2a7c191628
P 0x7f2a7c19c0a8
C 259
R
P 0x7f2a7c191628
C 342
R
P 0x7f2a7c191628
P 0x7f2a7c19c0a8
C 258
R
P 0x7f2a7c191628
C 342
R
P 0x7f2a7c191628
P 0x7f2a7c19c0a8
C 9
R
P 0x7f2a7c191628
C 342
R
P 0x7f2a7c191628
I 5
P 0x7f2a7c19b208
C 150
= 0x7f2a7c19c088
R
P 0x7f2a7c191628
C 342
R
P 0x7f2a7c191628
P 0x7f2a7c19c088
C 258
R
P 0x7f2a7c191628
C 342
R
P 0x7f2a7c191628
P 0x7f2a7c19c088
C 9
R
P 0x7f2a7c191628
C 342
R
P 0x7f2a7c191628
P 0x7f2a7c19c088
C 263
R
P 0x7f2a7c191628
C 342
R
P 0x7f2a7c191628
S "slot5Duration"
C 30
R
P 0x7f2a7c191628
C 342
R
P 0x7f2a7c191628
$ |slot5Duration|
C 202
R
P 0x7f2a7c191628
C 342
R
P 0x7f2a7c191628
$ |slot5Duration|
P 0x7f2a7c19b1e8
C 51
= 0x7f2a7c19c0c8
R
P 0x7f2a7c191628
C 342
R
P 0x7f2a7c191628
P 0x7f2a7c19c0c8
C 257
R
P 0x7f2a7c191628
C 342
R
P 0x7f2a7c191628
P 0x7f2a7c19c0c8
C 254
= 0x7f2a7c19b1e8
R
P 0x7f2a7c191628
C 342
R
P 0x7f2a7c191628
P 0x7f2a7c19b1e8
C 209
R
P 0x7f2a7c191628
C 342
R
P 0x7f2a7c191628
P 0x7f2a7c19c0c8
C 260
R
P 0x7f2a7c191628
C 342
R
P 0x7f2a7c191628
P 0x7f2a7c19c0c8
C 259
R
P 0x7f2a7c191628
C 342
R
P 0x7f2a7c191628
P 0x7f2a7c19c0c8
C 258
R
P 0x7f2a7c191628
C 342
R
P 0x7f2a7c191628
P 0x7f2a7c19c0c8
C 9
R
P 0x7f2a7c191628
C 342
R
P 0x7f2a7c191628
U 2
P 0x7f2a7c19c0a8
P 0x7f2a7c19c0c8
p 2
C 65
= 0x7f2a7c1a21f8
R
P 0x7f2a7c191628
C 342
R
P 0x7f2a7c191628
P 0x7f2a7c1a21f8
C 257
R
P 0x7f2a7c191628
C 342
R
P 0x7f2a7c191628
P 0x7f2a7c1a21f8
C 254
= 0x7f2a7c19b1e8
R
P 0x7f2a7c191628
C 342
R
P 0x7f2a7c191628
P 0x7f2a7c19b1e8
C 209
R
P 0x7f2a7c191628
C 342
R
P 0x7f2a7c191628
P 0x7f2a7c1a21f8
C 260
R
P 0x7f2a7c191628
C 342
R
P 0x7f2a7c191628
P 0x7f2a7c1a21f8
C 259
R
P 0x7f2a7c191628
C 342
R
P 0x7f2a7c191628
P 0x7f2a7c1a21f8
C 258
R
P 0x7f2a7c191628
C 342
R
P 0x7f2a7c191628
P 0x7f2a7c1a21f8
C 9
R
P 0x7f2a7c191628
C 342
R
P 0x7f2a7c191628
I 1
P 0x7f2a7c19b208
C 150
= 0x7f2a7c19bc88
R
P 0x7f2a7c191628
C 342
R
P 0x7f2a7c191628
P 0x7f2a7c19bc88
C 258
R
P 0x7f2a7c191628
C 342
R
P 0x7f2a7c191628
P 0x7f2a7c19bc88
C 9
R
P 0x7f2a7c191628
C 342
R
P 0x7f2a7c191628
P 0x7f2a7c19bc88
C 263
R
P 0x7f2a7c191628
C 342
R
P 0x7f2a7c191628
S "slot1Start"
C 30
R
P 0x7f2a7c191628
C 342
R
P 0x7f2a7c191628
$ |slot1Start|
C 202
R
P 0x7f2a7c191628
C 342
R
P 0x7f2a7c191628
$ |slot1Start|
P 0x7f2a7c19b1e8
C 51
= 0x7f2a7c19bf48
R
P 0x7f2a7c191628
C 342
R
P 0x7f2a7c191628
P 0x7f2a7c19bf48
C 257
R
P 0x7f2a7c191628
C 342
R
P 0x7f2a7c191628
P 0x7f2a7c19bf48
C 254
= 0x7f2a7c19b1e8
R
P 0x7f2a7c191628
C 342
R
P 0x7f2a7c191628
P 0x7f2a7c19b1e8
C 209
R
P 0x7f2a7c191628
C 342
R
P 0x7f2a7c191628
P 0x7f2a7c19bf48
C 260
R
P 0x7f2a7c191628
C 342
R
P 0x7f2a7c191628
P 0x7f2a7c19bf48
C 259
R
P 0x7f2a7c191628
C 342
R
P 0x7f2a7c191628
P 0x7f2a7c19bf48
C 258
R
P 0x7f2a7c191628
C 342
R
P 0x7f2a7c191628
P 0x7f2a7c19bf48
C 9
R
P 0x7f2a7c191628
C 342
R
P 0x7f2a7c191628
I 1
P 0x7f2a7c19b208
C 150
= 0x7f2a7c19bc88
R
P 0x7f2a7c191628
C 342
R
P 0x7f2a7c191628
P 0x7f2a7c19bc88
C 258
R
P 0x7f2a7c191628
C 342
R
P 0x7f2a7c191628
P 0x7f2a7c19bc88
C 9
R
P 0x7f2a7c191628
C 342
R
P 0x7f2a7c191628
P 0x7f2a7c19bc88
C 263
R
P 0x7f2a7c191628
C 342
R
P 0x7f2a7c191628
S "slot1Duration"
C 30
R
P 0x7f2a7c191628
C 342
R
P 0x7f2a7c191628
$ |slot1Duration|
C 202
R
P 0x7f2a7c191628
C 342
R
P 0x7f2a7c191628
$ |slot1Duration|
P 0x7f2a7c19b1e8
C 51
= 0x7f2a7c19bf68
R
P 0x7f2a7c191628
C 342
R
P 0x7f2a7c191628
P 0x7f2a7c19bf68
C 257
R
P 0x7f2a7c191628
C 342
R
P 0x7f2a7c191628
P 0x7f2a7c19bf68
C 254
= 0x7f2a7c19b1e8
R
P 0x7f2a7c191628
C 342
R
P 0x7f2a7c191628
P 0x7f2a7c19b1e8
C 209
R
P 0x7f2a7c191628
C 342
R
P 0x7f2a7c191628
P 0x7f2a7c19bf68
C 260
R
P 0x7f2a7c191628
C 342
R
P 0x7f2a7c191628
P 0x7f2a7c19bf68
C 259
R
P 0x7f2a7c191628
C 342
R
P 0x7f2a7c191628
P 0x7f2a7c19bf68
C 258
R
P 0x7f2a7c191628
C 342
R
P 0x7f2a7c191628
P 0x7f2a7c19bf68
C 9
R
P 0x7f2a7c191628
C 342
R
P 0x7f2a7c191628
U 2
P 0x7f2a7c19bf48
P 0x7f2a7c19bf68
p 2
C 65
= 0x7f2a7c1a1cb8
R
P 0x7f2a7c191628
C 342
R
P 0x7f2a7c191628
P 0x7f2a7c1a1cb8
C 257
R
P 0x7f2a7c191628
C 342
R
P 0x7f2a7c191628
P 0x7f2a7c1a1cb8
C 254
= 0x7f2a7c19b1e8
R
P 0x7f2a7c191628
C 342
R
P 0x7f2a7c191628
P 0x7f2a7c19b1e8
C 209
R
P 0x7f2a7c191628
C 342
R
P 0x7f2a7c191628
P 0x7f2a7c1a1cb8
C 260
R
P 0x7f2a7c191628
C 342
R
P 0x7f2a7c191628
P 0x7f2a7c1a1cb8
C 259
R
P 0x7f2a7c191628
C 342
R
P 0x7f2a7c191628
P 0x7f2a7c1a1cb8
C 258
R
P 0x7f2a7c191628
C 342
R
P 0x7f2a7c191628
P 0x7f2a7c1a1cb8
C 9
R
P 0x7f2a7c191628
C 342
R
P 0x7f2a7c191628
P 0x7f2a7c1a21f8
P 0x7f2a7c1a1cb8
C 74
= 0x7f2a7c4797a8
R
P 0x7f2a7c191628
C 342
R
P 0x7f2a7c191628
P 0x7f2a7c4797a8
C 258
R
P 0x7f2a7c191628
C 342
R
P 0x7f2a7c191628
P 0x7f2a7c4797a8
C 9
R
P 0x7f2a7c191628
C 342
R
P 0x7f2a7c191628
U 2
P 0x7f2a7c1a2230
P 0x7f2a7c4797a8
p 2
C 63
= 0x7f2a7c4797e0
R
P 0x7f2a7c191628
C 342
R
P 0x7f2a7c191628
P 0x7f2a7c4797e0
C 258
R
P 0x7f2a7c191628
C 342
R
P 0x7f2a7c191628
P 0x7f2a7c4797e0
C 9
R
P 0x7f2a7c191628
C 342
R
P 0x7f2a7c191628
P 0x7f2a7c4797e0
C 58
= 0x7f2a7c19f058
R
P 0x7f2a7c191628
C 342
R
P 0x7f2a7c191628
P 0x7f2a7c19f058
C 258
R
P 0x7f2a7c191628
C 342
R
P 0x7f2a7c191628
P 0x7f2a7c19f058
C 9
R
P 0x7f2a7c191628
C 342
R
P 0x7f2a7c191628
P 0x7f2a7c19ed58
P 0x7f2a7c19f058
C 61
= 0x7f2a7c479818
R
P 0x7f2a7c191628
C 342
R
P 0x7f2a7c191628
P 0x7f2a7c479818
C 258
R
P 0x7f2a7c191628
C 342
R
P 0x7f2a7c191628
P 0x7f2a7c479818
C 9
R
P 0x7f2a7c191628
C 342
R
P 0x7f2a7c191628
P 0x7f2a7c1e1fc8
P 0x7f2a7c479818
C 427
R
P 0x7f2a7c191628
C 342
R
P 0x7f2a7c191628
I 5
P 0x7f2a7c19b208
C 150
= 0x7f2a7c19c088
R
P 0x7f2a7c191628
C 342
R
P 0x7f2a7c191628
P 0x7f2a7c19c088
C 258
R
P 0x7f2a7c191628
C 342
R
P 0x7f2a7c191628
P 0x7f2a7c19c088
C 9
R
P 0x7f2a7c191628
C 342
R
P 0x7f2a7c191628
I 2
P 0x7f2a7c19b208
C 150
= 0x7f2a7c19bcc8
R
P 0x7f2a7c191628
C 342
R
P 0x7f2a7c191628
P 0x7f2a7c19bcc8
C 258
R
P 0x7f2a7c191628
C 342
R
P 0x7f2a7c191628
P 0x7f2a7c19bcc8
C 9
R
P 0x7f2a7c191628
C 342
R
P 0x7f2a7c191628
P 0x7f2a7c19c088
P 0x7f2a7c19bcc8
C 56
= 0x7f2a7c4790a8
R
P 0x7f2a7c191628
C 342
R
P 0x7f2a7c191628
P 0x7f2a7c4790a8
C 258
R
P 0x7f2a7c191628
C 342
R
P 0x7f2a7c191628
P 0x7f2a7c4790a8
C 9
R
P 0x7f2a7c191628
C 342
R
P 0x7f2a7c191628
P 0x7f2a7c4790a8
C 58
= 0x7f2a7c19edb8
R
P 0x7f2a7c191628
C 342
R
P 0x7f2a7c191628
P 0x7f2a7c19edb8
C 258
R
P 0x7f2a7c191628
C 342
R
P 0x7f2a7c191628
P 0x7f2a7c19edb8
C 9
R
P 0x7f2a7c191628
C 342
R
P 0x7f2a7c191628
I 2
P 0x7f2a7c19b208
C 150
= 0x7f2a7c19bcc8
R
P 0x7f2a7c191628
C 342
R
P 0x7f2a7c191628
P 0x7f2a7c19bcc8
C 258
R
P 0x7f2a7c191628
C 342
R
P 0x7f2a7c191628
P 0x7f2a7c19bcc8
C 9
R
P 0x7f2a7c191628
C 342
R
P 0x7f2a7c191628
P 0x7f2a7c19bcc8
C 263
R
P 0x7f2a7c191628
C 342
R
P 0x7f2a7c191628
S "slot2Start"
C 30
R
P 0x7f2a7c191628
C 342
R
P 0x7f2a7c191628
$ |slot2Start|
C 202
R
P 0x7f2a7c191628
C 342
R
P 0x7f2a7c191628
$ |slot2Start|
P 0x7f2a7c19b1e8
C 51
= 0x7f2a7c19bf88
R
P 0x7f2a7c191628
C 342
R
P 0x7f2a7c191628
P 0x7f2a7c19bf88
C 257
R
P 0x7f2a7c191628
C 342
R
P 0x7f2a7c191628
P 0x7f2a7c19bf88
C 254
= 0x7f2a7c19b1e8
R
P 0x7f2a7c191628
C 342
R
P 0x7f2a7c191628
P 0x7f2a7c19b1e8
C 209
R
P 0x7f2a7c191628
C 342
R
P 0x7f2a7c191628
P 0x7f2a7c19bf88
C 260
R
P 0x7f2a7c191628
C 342
R
P 0x7f2a7c191628
P 0x7f2a7c19bf88
C 259
R
P 0x7f2a7c191628
C 342
R
P 0x7f2a7c191628
P 0x7f2a7c19bf88
C 258
R
P 0x7f2a7c191628
C 342
R
P 0x7f2a7c191628
P 0x7f2a7c19bf88
C 9
R
P 0x7f2a7c191628
C 342
R
P 0x7f2a7c191628
I 5
P 0x7f2a7c19b208
C 150
= 0x7f2a7c19c088
R
P 0x7f2a7c191628
C 342
R
P 0x7f2a7c191628
P 0x7f2a7c19c088
C 258
R
P 0x7f2a7c191628
C 342
R
P 0x7f2a7c191628
P 0x7f2a7c19c088
C 9
R
P 0x7f2a7c191628
C 342
R
P 0x7f2a7c191628
P 0x7f2a7c19c088
C 263
R
P 0x7f2a7c191628
C 342
R
P 0x7f2a7c191628
S "slot5Start"
C 30
R
P 0x7f2a7c191628
C 342
R
P 0x7f2a7c191628
$ |slot5Start|
C 202
R
P 0x7f2a7c191628
C 342
R
P 0x7f2a7c191628
$ |slot5Start|
P 0x7f2a7c19b1e8
C 51
= 0x7f2a7c19c0a8
R
P 0x7f2a7c191628
C 342
R
P 0x7f2a7c191628
P 0x7f2a7c19c0a8
C 257
R
P 0x7f2a7c191628
C 342
R
P 0x7f2a7c191628
P 0x7f2a7c19c0a8
C 254
= 0x7f2a7c19b1e8
R
P 0x7f2a7c191628
C 342
R
P 0x7f2a7c191628
P 0x7f2a7c19b1e8
C 209
R
P 0x7f2a7c191628
C 342
R
P 0x7f2a7c191628
P 0x7f2a7c19c0a8
C 260
R
P 0x7f2a7c191628
C 342
R
P 0x7f2a7c191628
P 0x7f2a7c19c0a8
C 259
R
P 0x7f2a7c191628
C 342
R
P 0x7f2a7c191628
P 0x7f2a7c19c0a8
C 258
R
P 0x7f2a7c191628
C 342
R
P 0x7f2a7c191628
P 0x7f2a7c19c0a8
C 9
R
P 0x7f2a7c191628
C 342
R
P 0x7f2a7c191628
I 5
P 0x7f2a7c19b208
C 150
= 0x7f2a7c19c088
R
P 0x7f2a7c191628
C 342
R
P 0x7f2a7c191628
P 0x7f2a7c19c088
C 258
R
P 0x7f2a7c191628
C 342
R
P 0x7f2a7c191628
P 0x7f2a7c19c088
C 9
R
P 0x7f2a7c191628
C 342
R
P 0x7f2a7c191628
P 0x7f2a7c19c088
C 263
R
P 0x7f2a7c191628
C 342
R
P 0x7f2a7c191628
S "slot5Duration"
C 30
R
P 0x7f2a7c191628
C 342
R
P 0x7f2a7c191628
$ |slot5Duration|
C 202
R
P 0x7f2a7c191628
C 342
R
P 0x7f2a7c191628
$ |slot5Duration|
P 0x7f2a7c19b1e8
C 51
= 0x7f2a7c19c0c8
R
P 0x7f2a7c191628
C 342
R
P 0x7f2a7c191628
P 0x7f2a7c19c0c8
C 257
R
P 0x7f2a7c191628
C 342
R
P 0x7f2a7c191628
P 0x7f2a7c19c0c8
C 254
= 0x7f2a7c19b1e8
R
P 0x7f2a7c191628
C 342
R
P 0x7f2a7c191628
P 0x7f2a7c19b1e8
C 209
R
P 0x7f2a7c191628
C 342
R
P 0x7f2a7c191628
P 0x7f2a7c19c0c8
C 260
R
P 0x7f2a7c191628
C 342
R
P 0x7f2a7c191628
P 0x7f2a7c19c0c8
C 259
R
P 0x7f2a7c191628
C 342
R
P 0x7f2a7c191628
P 0x7f2a7c19c0c8
C 258
R
P 0x7f2a7c191628
C 342
R
P 0x7f2a7c191628
P 0x7f2a7c19c0c8
C 9
R
P 0x7f2a7c191628
C 342
R
P 0x7f2a7c191628
U 2
P 0x7f2a7c19c0a8
P 0x7f2a7c19c0c8
p 2
C 65
= 0x7f2a7c1a21f8
R
P 0x7f2a7c191628
C 342
R
P 0x7f2a7c191628
P 0x7f2a7c1a21f8
C 257
R
P 0x7f2a7c191628
C 342
R
P 0x7f2a7c191628
P 0x7f2a7c1a21f8
C 254
= 0x7f2a7c19b1e8
R
P 0x7f2a7c191628
C 342
R
P 0x7f2a7c191628
P 0x7f2a7c19b1e8
C 209
R
P 0x7f2a7c191628
C 342
R
P 0x7f2a7c191628
P 0x7f2a7c1a21f8
C 260
R
P 0x7f2a7c191628
C 342
R
P 0x7f2a7c191628
P 0x7f2a7c1a21f8
C 259
R
P 0x7f2a7c191628
C 342
R
P 0x7f2a7c191628
P 0x7f2a7c1a21f8
C 258
R
P 0x7f2a7c191628
C 342
R
P 0x7f2a7c191628
P 0x7f2a7c1a21f8
C 9
R
P 0x7f2a7c191628
C 342
R
P 0x7f2a7c191628
P 0x7f2a7c19bf88
P 0x7f2a7c1a21f8
C 74
= 0x7f2a7c2cb698
R
P 0x7f2a7c191628
C 342
R
P 0x7f2a7c191628
P 0x7f2a7c2cb698
C 258
R
P 0x7f2a7c191628
C 342
R
P 0x7f2a7c191628
P 0x7f2a7c2cb698
C 9
R
P 0x7f2a7c191628
C 342
R
P 0x7f2a7c191628
I 5
P 0x7f2a7c19b208
C 150
= 0x7f2a7c19c088
R
P 0x7f2a7c191628
C 342
R
P 0x7f2a7c191628
P 0x7f2a7c19c088
C 258
R
P 0x7f2a7c191628
C 342
R
P 0x7f2a7c191628
P 0x7f2a7c19c088
C 9
R
P 0x7f2a7c191628
C 342
R
P 0x7f2a7c191628
P 0x7f2a7c19c088
C 263
R
P 0x7f2a7c191628
C 342
R
P 0x7f2a7c191628
S "slot5Start"
C 30
R
P 0x7f2a7c191628
C 342
R
P 0x7f2a7c191628
$ |slot5Start|
C 202
R
P 0x7f2a7c191628
C 342
R
P 0x7f2a7c191628
$ |slot5Start|
P 0x7f2a7c19b1e8
C 51
= 0x7f2a7c19c0a8
R
P 0x7f2a7c191628
C 342
R
P 0x7f2a7c191628
P 0x7f2a7c19c0a8
C 257
R
P 0x7f2a7c191628
C 342
R
P 0x7f2a7c191628
P 0x7f2a7c19c0a8
C 254
= 0x7f2a7c19b1e8
R
P 0x7f2a7c191628
C 342
R
P 0x7f2a7c191628
P 0x7f2a7c19b1e8
C 209
R
P 0x7f2a7c191628
C 342
R
P 0x7f2a7c191628
P 0x7f2a7c19c0a8
C 260
R
P 0x7f2a7c191628
C 342
R
P 0x7f2a7c191628
P 0x7f2a7c19c0a8
C 259
R
P 0x7f2a7c191628
C 342
R
P 0x7f2a7c191628
P 0x7f2a7c19c0a8
C 258
R
P 0x7f2a7c191628
C 342
R
P 0x7f2a7c191628
P 0x7f2a7c19c0a8
C 9
R
P 0x7f2a7c191628
C 342
R
P 0x7f2a7c191628
I 5
P 0x7f2a7c19b208
C 150
= 0x7f2a7c19c088
R
P 0x7f2a7c191628
C 342
R
P 0x7f2a7c191628
P 0x7f2a7c19c088
C 258
R
P 0x7f2a7c191628
C 342
R
P 0x7f2a7c191628
P 0x7f2a7c19c088
C 9
R
P 0x7f2a7c191628
C 342
R
P 0x7f2a7c191628
P 0x7f2a7c19c088
C 263
R
P 0x7f2a7c191628
C 342
R
P 0x7f2a7c191628
S "slot5Duration"
C 30
R
P 0x7f2a7c191628
C 342
R
P 0x7f2a7c191628
$ |slot5Duration|
C 202
R
P 0x7f2a7c191628
C 342
R
P 0x7f2a7c191628
$ |slot5Duration|
P 0x7f2a7c19b1e8
C 51
= 0x7f2a7c19c0c8
R
P 0x7f2a7c191628
C 342
R
P 0x7f2a7c191628
P 0x7f2a7c19c0c8
C 257
R
P 0x7f2a7c191628
C 342
R
P 0x7f2a7c191628
P 0x7f2a7c19c0c8
C 254
= 0x7f2a7c19b1e8
R
P 0x7f2a7c191628
C 342
R
P 0x7f2a7c191628
P 0x7f2a7c19b1e8
C 209
R
P 0x7f2a7c191628
C 342
R
P 0x7f2a7c191628
P 0x7f2a7c19c0c8
C 260
R
P 0x7f2a7c191628
C 342
R
P 0x7f2a7c191628
P 0x7f2a7c19c0c8
C 259
R
P 0x7f2a7c191628
C 342
R
P 0x7f2a7c191628
P 0x7f2a7c19c0c8
C 258
R
P 0x7f2a7c191628
C 342
R
P 0x7f2a7c191628
P 0x7f2a7c19c0c8
C 9
R
P 0x7f2a7c191628
C 342
R
P 0x7f2a7c191628
U 2
P 0x7f2a7c19c0a8
P 0x7f2a7c19c0c8
p 2
C 65
= 0x7f2a7c1a21f8
R
P 0x7f2a7c191628
C 342
R
P 0x7f2a7c191628
P 0x7f2a7c1a21f8
C 257
R
P 0x7f2a7c191628
C 342
R
P 0x7f2a7c191628
P 0x7f2a7c1a21f8
C 254
= 0x7f2a7c19b1e8
R
P 0x7f2a7c191628
C 342
R
P 0x7f2a7c191628
P 0x7f2a7c19b1e8
C 209
R
P 0x7f2a7c191628
C 342
R
P 0x7f2a7c191628
P 0x7f2a7c1a21f8
C 260
R
P 0x7f2a7c191628
C 342
R
P 0x7f2a7c191628
P 0x7f2a7c1a21f8
C 259
R
P 0x7f2a7c191628
C 342
R
P 0x7f2a7c191628
P 0x7f2a7c1a21f8
C 258
R
P 0x7f2a7c191628
C 342
R
P 0x7f2a7c191628
P 0x7f2a7c1a21f8
C 9
R
P 0x7f2a7c191628
C 342
R
P 0x7f2a7c191628
I 2
P 0x7f2a7c19b208
C 150
= 0x7f2a7c19bcc8
R
P 0x7f2a7c191628
C 342
R
P 0x7f2a7c191628
P 0x7f2a7c19bcc8
C 258
R
P 0x7f2a7c191628
C 342
R
P 0x7f2a7c191628
P 0x7f2a7c19bcc8
C 9
R
P 0x7f2a7c191628
C 342
R
P 0x7f2a7c191628
P 0x7f2a7c19bcc8
C 263
R
P 0x7f2a7c191628
C 342
R
P 0x7f2a7c191628
S "slot2Start"
C 30
R
P 0x7f2a7c191628
C 342
R
P 0x7f2a7c191628
$ |slot2Start|
C 202
R
P 0x7f2a7c191628
C 342
R
P 0x7f2a7c191628
$ |slot2Start|
P 0x7f2a7c19b1e8
C 51
= 0x7f2a7c19bf88
R
P 0x7f2a7c191628
C 342
R
P 0x7f2a7c191628
P 0x7f2a7c19bf88
C 257
R
P 0x7f2a7c191628
C 342
R
P 0x7f2a7c191628
P 0x7f2a7c19bf88
C 254
= 0x7f2a7c19b1e8
R
P 0x7f2a7c191628
C 342
R
P 0x7f2a7c191628
P 0x7f2a7c19b1e8
C 209
R
P 0x7f2a7c191628
C 342
R
P 0x7f2a7c191628
P 0x7f2a7c19bf88
C 260
R
P 0x7f2a7c191628
C 342
R
P 0x7f2a7c191628
P 0x7f2a7c19bf88
C 259
R
P 0x7f2a7c191628
C 342
R
P 0x7f2a7c191628
P 0x7f2a7c19bf88
C 258
R
P 0x7f2a7c191628
C 342
R
P 0x7f2a7c191628
P 0x7f2a7c19bf88
C 9
R
P 0x7f2a7c191628
C 342
R
P 0x7f2a7c191628
I 2
P 0x7f2a7c19b208
C 150
= 0x7f2a7c19bcc8
R
P 0x7f2a7c191628
C 342
R
P 0x7f2a7c191628
P 0x7f2a7c19bcc8
C 258
R
P 0x7f2a7c191628
C 342
R
P 0x7f2a7c191628
P 0x7f2a7c19bcc8
C 9
R
P 0x7f2a7c191628
C 342
R
P 0x7f2a7c191628
P 0x7f2a7c19bcc8
C 263
R
P 0x7f2a7c191628
C 342
R
P 0x7f2a7c191628
S "slot2Duration"
C 30
R
P 0x7f2a7c191628
C 342
R
P 0x7f2a7c191628
$ |slot2Duration|
C 202
R
P 0x7f2a7c191628
C 342
R
P 0x7f2a7c191628
$ |slot2Duration|
P 0x7f2a7c19b1e8
C 51
= 0x7f2a7c19bfa8
R
P 0x7f2a7c191628
C 342
R
P 0x7f2a7c191628
P 0x7f2a7c19bfa8
C 257
R
P 0x7f2a7c191628
C 342
R
P 0x7f2a7c191628
P 0x7f2a7c19bfa8
C 254
= 0x7f2a7c19b1e8
R
P 0x7f2a7c191628
C 342
R
P 0x7f2a7c191628
P 0x7f2a7c19b1e8
C 209
R
P 0x7f2a7c191628
C 342
R
P 0x7f2a7c191628
P 0x7f2a7c19bfa8
C 260
R
P 0x7f2a7c191628
C 342
R
P 0x7f2a7c191628
P 0x7f2a7c19bfa8
C 259
R
P 0x7f2a7c191628
C 342
R
P 0x7f2a7c191628
P 0x7f2a7c19bfa8
C 258
R
P 0x7f2a7c191628
C 342
R
P 0x7f2a7c191628
P 0x7f2a7c19bfa8
C 9
R
P 0x7f2a7c191628
C 342
R
P 0x7f2a7c191628
U 2
P 0x7f2a7c19bf88
P 0x7f2a7c19bfa8
p 2
C 65
= 0x7f2a7c1a1e08
R
P 0x7f2a7c191628
C 342
R
P 0x7f2a7c191628
P 0x7f2a7c1a1e08
C 257
R
P 0x7f2a7c191628
C 342
R
P 0x7f2a7c191628
P 0x7f2a7c1a1e08
C 254
= 0x7f2a7c19b1e8
R
P 0x7f2a7c191628
C 342
R
P 0x7f2a7c191628
P 0x7f2a7c19b1e8
C 209
R
P 0x7f2a7c191628
C 342
R
P 0x7f2a7c191628
P 0x7f2a7c1a1e08
C 260
R
P 0x7f2a7c191628
C 342
R
P 0x7f2a7c191628
P 0x7f2a7c1a1e08
C 259
R
P 0x7f2a7c191628
C 342
R
P 0x7f2a7c191628
P 0x7f2a7c1a1e08
C 258
R
P 0x7f2a7c191628
C 342
R
P 0x7f2a7c191628
P 0x7f2a7c1a1e08
C 9
R
P 0x7f2a7c191628
C 342
R
P 0x7f2a7c191628
P 0x7f2a7c1a21f8
P 0x7f2a7c1a1e08
C 74
= 0x7f2a7c479850
R
P 0x7f2a7c191628
C 342
R
P 0x7f2a7c191628
P 0x7f2a7c479850
C 258
R
P 0x7f2a7c191628
C 342
R
P 0x7f2a7c191628
P 0x7f2a7c479850
C 9
R
P 0x7f2a7c191628
C 342
R
P 0x7f2a7c191628
U 2
P 0x7f2a7c2cb698
P 0x7f2a7c479850
p 2
C 63
= 0x7f2a7c479888
R
P 0x7f2a7c191628
C 342
R
P 0x7f2a7c191628
P 0x7f2a7c479888
C 258
R
P 0x7f2a7c191628
C 342
R
P 0x7f2a7c191628
P 0x7f2a7c479888
C 9
R
P 0x7f2a7c191628
C 342
R
P 0x7f2a7c191628
P 0x7f2a7c479888
C 58
= 0x7f2a7c19f088
R
P 0x7f2a7c191628
C 342
R
P 0x7f2a7c191628
P 0x7f2a7c19f088
C 258
R
P 0x7f2a7c191628
C 342
R
P 0x7f2a7c191628
P 0x7f2a7c19f088
C 9
R
P 0x7f2a7c191628
C 342
R
P 0x7f2a7c191628
P 0x7f2a7c19edb8
P 0x7f2a7c19f088
C 61
= 0x7f2a7c4798c0
R
P 0x7f2a7c191628
C 342
R
P 0x7f2a7c191628
P 0x7f2a7c4798c0
C 258
R
P 0x7f2a7c191628
C 342
R
P 0x7f2a7c191628
P 0x7f2a7c4798c0
C 9
R
P 0x7f2a7c191628
C 342
R
P 0x7f2a7c191628
P 0x7f2a7c1e1fc8
P 0x7f2a7c4798c0
C 427
R
P 0x7f2a7c191628
C 342
R
P 0x7f2a7c191628
I 5
P 0x7f2a7c19b208
C 150
= 0x7f2a7c19c088
R
P 0x7f2a7c191628
C 342
R
P 0x7f2a7c191628
P 0x7f2a7c19c088
C 258
R
P 0x7f2a7c191628
C 342
R
P 0x7f2a7c191628
P 0x7f2a7c19c088
C 9
R
P 0x7f2a7c191628
C 342
R
P 0x7f2a7c191628
I 3
P 0x7f2a7c19b208
C 150
= 0x7f2a7c19bfc8
R
P 0x7f2a7c191628
C 342
R
P 0x7f2a7c191628
P 0x7f2a7c19bfc8
C 258
R
P 0x7f2a7c191628
C 342
R
P 0x7f2a7c191628
P 0x7f2a7c19bfc8
C 9
R
P 0x7f2a7c191628
C 342
R
P 0x7f2a7c191628
P 0x7f2a7c19c088
P 0x7f2a7c19bfc8
C 56
= 0x7f2a7c479188
R
P 0x7f2a7c191628
C 342
R
P 0x7f2a7c191628
P 0x7f2a7c479188
C 258
R
P 0x7f2a7c191628
C 342
R
P 0x7f2a7c191628
P 0x7f2a7c479188
C 9
R
P 0x7f2a7c191628
C 342
R
P 0x7f2a7c191628
P 0x7f2a7c479188
C 58
= 0x7f2a7c19ee18
R
P 0x7f2a7c191628
C 342
R
P 0x7f2a7c191628
P 0x7f2a7c19ee18
C 258
R
P 0x7f2a7c191628
C 342
R
P 0x7f2a7c191628
P 0x7f2a7c19ee18
C 9
R
P 0x7f2a7c191628
C 342
R
P 0x7f2a7c191628
I 3
P 0x7f2a7c19b208
C 150
= 0x7f2a7c19bfc8
R
P 0x7f2a7c191628
C 342
R
P 0x7f2a7c191628
P 0x7f2a7c19bfc8
C 258
R
P 0x7f2a7c191628
C 342
R
P 0x7f2a7c191628
P 0x7f2a7c19bfc8
C 9
R
P 0x7f2a7c191628
C 342
R
P 0x7f2a7c191628
P 0x7f2a7c19bfc8
C 263
R
P 0x7f2a7c191628
C 342
R
P 0x7f2a7c191628
S "slot3Start"
C 30
R
P 0x7f2a7c191628
C 342
R
P 0x7f2a7c191628
$ |slot3Start|
C 202
R
P 0x7f2a7c191628
C 342
R
P 0x7f2a7c191628
$ |slot3Start|
P 0x7f2a7c19b1e8
C 51
= 0x7f2a7c19bfe8
R
P 0x7f2a7c191628
C 342
R
P 0x7f2a7c191628
P 0x7f2a7c19bfe8
C 257
R
P 0x7f2a7c191628
C 342
R
P 0x7f2a7c191628
P 0x7f2a7c19bfe8
C 254
= 0x7f2a7c19b1e8
R
P 0x7f2a7c191628
C 342
R
P 0x7f2a7c191628
P 0x7f2a7c19b1e8
C 209
R
P 0x7f2a7c191628
C 342
R
P 0x7f2a7c191628
P 0x7f2a7c19bfe8
C 260
R
P 0x7f2a7c191628
C 342
R
P 0x7f2a7c191628
P 0x7f2a7c19bfe8
C 259
R
P 0x7f2a7c191628
C 342
R
P 0x7f2a7c191628
P 0x7f2a7c19bfe8
C 258
R
P 0x7f2a7c191628
C 342
R
P 0x7f2a7c191628
P 0x7f2a7c19bfe8
C 9
R
P 0x7f2a7c191628
C 342
R
P 0x7f2a7c191628
I 5
P 0x7f2a7c19b208
C 150
= 0x7f2a7c19c088
R
P 0x7f2a7c191628
C 342
R
P 0x7f2a7c191628
P 0x7f2a7c19c088
C 258
R
P 0x7f2a7c191628
C 342
R
P 0x7f2a7c191628
P 0x7f2a7c19c088
C 9
R
P 0x7f2a7c191628
C 342
R
P 0x7f2a7c191628
P 0x7f2a7c19c088
C 263
R
P 0x7f2a7c191628
C 342
R
P 0x7f2a7c191628
S "slot5Start"
C 30
R
P 0x7f2a7c191628
C 342
R
P 0x7f2a7c191628
$ |slot5Start|
C 202
R
P 0x7f2a7c191628
C 342
R
P 0x7f2a7c191628
$ |slot5Start|
P 0x7f2a7c19b1e8
C 51
= 0x7f2a7c19c0a8
R
P 0x7f2a7c191628
C 342
R
P 0x7f2a7c191628
P 0x7f2a7c19c0a8
C 257
R
P 0x7f2a7c191628
C 342
R
P 0x7f2a7c191628
P 0x7f2a7c19c0a8
C 254
= 0x7f2a7c19b1e8
R
P 0x7f2a7c191628
C 342
R
P 0x7f2a7c191628
P 0x7f2a7c19b1e8
C 209
R
P 0x7f2a7c191628
C 342
R
P 0x7f2a7c191628
P 0x7f2a7c19c0a8
C 260
R
P 0x7f2a7c191628
C 342
R
P 0x7f2a7c191628
P 0x7f2a7c19c0a8
C 259
R
P 0x7f2a7c191628
C 342
R
P 0x7f2a7c191628
P 0x7f2a7c19c0a8
C 258
R
P 0x7f2a7c191628
C 342
R
P 0x7f2a7c191628
P 0x7f2a7c19c0a8
C 9
R
P 0x7f2a7c191628
C 342
R
P 0x7f2a7c191628
I 5
P 0x7f2a7c19b208
C 150
= 0x7f2a7c19c088
R
P 0x7f2a7c191628
C 342
R
P 0x7f2a7c191628
P 0x7f2a7c19c088
C 258
R
P 0x7f2a7c191628
C 342
R
P 0x7f2a7c191628
P 0x7f2a7c19c088
C 9
R
P 0x7f2a7c191628
C 342
R
P 0x7f2a7c191628
P 0x7f2a7c19c088
C 263
R
P 0x7f2a7c191628
C 342
R
P 0x7f2a7c191628
S "slot5Duration"
C 30
R
P 0x7f2a7c191628
C 342
R
P 0x7f2a7c191628
$ |slot5Duration|
C 202
R
P 0x7f2a7c191628
C 342
R
P 0x7f2a7c191628
$ |slot5Duration|
P 0x7f2a7c19b1e8
C 51
= 0x7f2a7c19c0c8
R
P 0x7f2a7c191628
C 342
R
P 0x7f2a7c191628
P 0x7f2a7c19c0c8
C 257
R
P 0x7f2a7c191628
C 342
R
P 0x7f2a7c191628
P 0x7f2a7c19c0c8
C 254
= 0x7f2a7c19b1e8
R
P 0x7f2a7c191628
C 342
R
P 0x7f2a7c191628
P 0x7f2a7c19b1e8
C 209
R
P 0x7f2a7c191628
C 342
R
P 0x7f2a7c191628
P 0x7f2a7c19c0c8
C 260
R
P 0x7f2a7c191628
C 342
R
P 0x7f2a7c191628
P 0x7f2a7c19c0c8
C 259
R
P 0x7f2a7c191628
C 342
R
P 0x7f2a7c191628
P 0x7f2a7c19c0c8
C 258
R
P 0x7f2a7c191628
C 342
R
P 0x7f2a7c191628
P 0x7f2a7c19c0c8
C 9
R
P 0x7f2a7c191628
C 342
R
P 0x7f2a7c191628
U 2
P 0x7f2a7c19c0a8
P 0x7f2a7c19c0c8
p 2
C 65
= 0x7f2a7c1a21f8
R
P 0x7f2a7c191628
C 342
R
P 0x7f2a7c191628
P 0x7f2a7c1a21f8
C 257
R
P 0x7f2a7c191628
C 342
R
P 0x7f2a7c191628
P 0x7f2a7c1a21f8
C 254
= 0x7f2a7c19b1e8
R
P 0x7f2a7c191628
C 342
R
P 0x7f2a7c191628
P 0x7f2a7c19b1e8
C 209
R
P 0x7f2a7c191628
C 342
R
P 0x7f2a7c191628
P 0x7f2a7c1a21f8
C 260
R
P 0x7f2a7c191628
C 342
R
P 0x7f2a7c191628
P 0x7f2a7c1a21f8
C 259
R
P 0x7f2a7c191628
C 342
R
P 0x7f2a7c191628
P 0x7f2a7c1a21f8
C 258
R
P 0x7f2a7c191628
C 342
R
P 0x7f2a7c191628
P 0x7f2a7c1a21f8
C 9
R
P 0x7f2a7c191628
C 342
R
P 0x7f2a7c191628
P 0x7f2a7c19bfe8
P 0x7f2a7c1a21f8
C 74
= 0x7f2a7c2cc700
R
P 0x7f2a7c191628
C 342
R
P 0x7f2a7c191628
P 0x7f2a7c2cc700
C 258
R
P 0x7f2a7c191628
C 342
R
P 0x7f2a7c191628
P 0x7f2a7c2cc700
C 9
R
P 0x7f2a7c191628
C 342
R
P 0x7f2a7c191628
I 5
P 0x7f2a7c19b208
C 150
= 0x7f2a7c19c088
R
P 0x7f2a7c191628
C 342
R
P 0x7f2a7c191628
P 0x7f2a7c19c088
C 258
R
P 0x7f2a7c191628
C 342
R
P 0x7f2a7c191628
P 0x7f2a7c19c088
C 9
R
P 0x7f2a7c191628
C 342
R
P 0x7f2a7c191628
P 0x7f2a7c19c088
C 263
R
P 0x7f2a7c191628
C 342
R
P 0x7f2a7c191628
S "slot5Start"
C 30
R
P 0x7f2a7c191628
C 342
R
P 0x7f2a7c191628
$ |slot5Start|
C 202
R
P 0x7f2a7c191628
C 342
R
P 0x7f2a7c191628
$ |slot5Start|
P 0x7f2a7c19b1e8
C 51
= 0x7f2a7c19c0a8
R
P 0x7f2a7c191628
C 342
R
P 0x7f2a7c191628
P 0x7f2a7c19c0a8
C 257
R
P 0x7f2a7c191628
C 342
R
P 0x7f2a7c191628
P 0x7f2a7c19c0a8
C 254
= 0x7f2a7c19b1e8
R
P 0x7f2a7c191628
C 342
R
P 0x7f2a7c191628
P 0x7f2a7c19b1e8
C 209
R
P 0x7f2a7c191628
C 342
R
P 0x7f2a7c191628
P 0x7f2a7c19c0a8
C 260
R
P 0x7f2a7c191628
C 342
R
P 0x7f2a7c191628
P 0x7f2a7c19c0a8
C 259
R
P 0x7f2a7c191628
C 342
R
P 0x7f2a7c191628
P 0x7f2a7c19c0a8
C 258
R
P 0x7f2a7c191628
C 342
R
P 0x7f2a7c191628
P 0x7f2a7c19c0a8
C 9
R
P 0x7f2a7c191628
C 342
R
P 0x7f2a7c191628
I 5
P 0x7f2a7c19b208
C 150
= 0x7f2a7c19c088
R
P 0x7f2a7c191628
C 342
R
P 0x7f2a7c191628
P 0x7f2a7c19c088
C 258
R
P 0x7f2a7c191628
C 342
R
P 0x7f2a7c191628
P 0x7f2a7c19c088
C 9
R
P 0x7f2a7c191628
C 342
R
P 0x7f2a7c191628
P 0x7f2a7c19c088
C 263
R
P 0x7f2a7c191628
C 342
R
P 0x7f2a7c191628
S "slot5Duration"
C 30
R
P 0x7f2a7c191628
C 342
R
P 0x7f2a7c191628
$ |slot5Duration|
C 202
R
P 0x7f2a7c191628
C 342
R
P 0x7f2a7c191628
$ |slot5Duration|
P 0x7f2a7c19b1e8
C 51
= 0x7f2a7c19c0c8
R
P 0x7f2a7c191628
C 342
R
P 0x7f2a7c191628
P 0x7f2a7c19c0c8
C 257
R
P 0x7f2a7c191628
C 342
R
P 0x7f2a7c191628
P 0x7f2a7c19c0c8
C 254
= 0x7f2a7c19b1e8
R
P 0x7f2a7c191628
C 342
R
P 0x7f2a7c191628
P 0x7f2a7c19b1e8
C 209
R
P 0x7f2a7c191628
C 342
R
P 0x7f2a7c191628
P 0x7f2a7c19c0c8
C 260
R
P 0x7f2a7c191628
C 342
R
P 0x7f2a7c191628
P 0x7f2a7c19c0c8
C 259
R
P 0x7f2a7c191628
C 342
R
P 0x7f2a7c191628
P 0x7f2a7c19c0c8
C 258
R
P 0x7f2a7c191628
C 342
R
P 0x7f2a7c191628
P 0x7f2a7c19c0c8
C 9
R
P 0x7f2a7c191628
C 342
R
P 0x7f2a7c191628
U 2
P 0x7f2a7c19c0a8
P 0x7f2a7c19c0c8
p 2
C 65
= 0x7f2a7c1a21f8
R
P 0x7f2a7c191628
C 342
R
P 0x7f2a7c191628
P 0x7f2a7c1a21f8
C 257
R
P 0x7f2a7c191628
C 342
R
P 0x7f2a7c191628
P 0x7f2a7c1a21f8
C 254
= 0x7f2a7c19b1e8
R
P 0x7f2a7c191628
C 342
R
P 0x7f2a7c191628
P 0x7f2a7c19b1e8
C 209
R
P 0x7f2a7c191628
C 342
R
P 0x7f2a7c191628
P 0x7f2a7c1a21f8
C 260
R
P 0x7f2a7c191628
C 342
R
P 0x7f2a7c191628
P 0x7f2a7c1a21f8
C 259
R
P 0x7f2a7c191628
C 342
R
P 0x7f2a7c191628
P 0x7f2a7c1a21f8
C 258
R
P 0x7f2a7c191628
C 342
R
P 0x7f2a7c191628
P 0x7f2a7c1a21f8
C 9
R
P 0x7f2a7c191628
C 342
R
P 0x7f2a7c191628
I 3
P 0x7f2a7c19b208
C 150
= 0x7f2a7c19bfc8
R
P 0x7f2a7c191628
C 342
R
P 0x7f2a7c191628
P 0x7f2a7c19bfc8
C 258
R
P 0x7f2a7c191628
C 342
R
P 0x7f2a7c191628
P 0x7f2a7c19bfc8
C 9
R
P 0x7f2a7c191628
C 342
R
P 0x7f2a7c191628
P 0x7f2a7c19bfc8
C 263
R
P 0x7f2a7c191628
C 342
R
P 0x7f2a7c191628
S "slot3Start"
C 30
R
P 0x7f2a7c191628
C 342
R
P 0x7f2a7c191628
$ |slot3Start|
C 202
R
P 0x7f2a7c191628
C 342
R
P 0x7f2a7c191628
$ |slot3Start|
P 0x7f2a7c19b1e8
C 51
= 0x7f2a7c19bfe8
R
P 0x7f2a7c191628
C 342
R
P 0x7f2a7c191628
P 0x7f2a7c19bfe8
C 257
R
P 0x7f2a7c191628
C 342
R
P 0x7f2a7c191628
P 0x7f2a7c19bfe8
C 254
= 0x7f2a7c19b1e8
R
P 0x7f2a7c191628
C 342
R
P 0x7f2a7c191628
P 0x7f2a7c19b1e8
C 209
R
P 0x7f2a7c191628
C 342
R
P 0x7f2a7c191628
P 0x7f2a7c19bfe8
C 260
R
P 0x7f2a7c191628
C 342
R
P 0x7f2a7c191628
P 0x7f2a7c19bfe8
C 259
R
P 0x7f2a7c191628
C 342
R
P 0x7f2a7c191628
P 0x7f2a7c19bfe8
C 258
R
P 0x7f2a7c191628
C 342
R
P 0x7f2a7c191628
P 0x7f2a7c19bfe8
C 9
R
P 0x7f2a7c191628
C 342
R
P 0x7f2a7c191628
I 3
P 0x7f2a7c19b208
C 150
= 0x7f2a7c19bfc8
R
P 0x7f2a7c191628
C 342
R
P 0x7f2a7c191628
P 0x7f2a7c19bfc8
C 258
R
P 0x7f2a7c191628
C 342
R
P 0x7f2a7c191628
P 0x7f2a7c19bfc8
C 9
R
P 0x7f2a7c191628
C 342
R
P 0x7f2a7c191628
P 0x7f2a7c19bfc8
C 263
R
P 0x7f2a7c191628
C 342
R
P 0x7f2a7c191628
S "slot3Duration"
C 30
R
P 0x7f2a7c191628
C 342
R
P 0x7f2a7c191628
$ |slot3Duration|
C 202
R
P 0x7f2a7c191628
C 342
R
P 0x7f2a7c191628
$ |slot3Duration|
P 0x7f2a7c19b1e8
C 51
= 0x7f2a7c19c008
R
P 0x7f2a7c191628
C 342
R
P 0x7f2a7c191628
P 0x7f2a7c19c008
C 257
R
P 0x7f2a7c191628
C 342
R
P 0x7f2a7c191628
P 0x7f2a7c19c008
C 254
= 0x7f2a7c19b1e8
R
P 0x7f2a7c191628
C 342
R
P 0x7f2a7c191628
P 0x7f2a7c19b1e8
C 209
R
P 0x7f2a7c191628
C 342
R
P 0x7f2a7c191628
P 0x7f2a7c19c008
C 260
R
P 0x7f2a7c191628
C 342
R
P 0x7f2a7c191628
P 0x7f2a7c19c008
C 259
R
P 0x7f2a7c191628
C 342
R
P 0x7f2a7c191628
P 0x7f2a7c19c008
C 258
R
P 0x7f2a7c191628
C 342
R
P 0x7f2a7c191628
P 0x7f2a7c19c008
C 9
R
P 0x7f2a7c191628
C 342
R
P 0x7f2a7c191628
U 2
P 0x7f2a7c19bfe8
P 0x7f2a7c19c008
p 2
C 65
= 0x7f2a7c1a1f58
R
P 0x7f2a7c191628
C 342
R
P 0x7f2a7c191628
P 0x7f2a7c1a1f58
C 257
R
P 0x7f2a7c191628
C 342
R
P 0x7f2a7c191628
P 0x7f2a7c1a1f58
C 254
= 0x7f2a7c19b1e8
R
P 0x7f2a7c191628
C 342
R
P 0x7f2a7c191628
P 0x7f2a7c19b1e8
C 209
R
P 0x7f2a7c191628
C 342
R
P 0x7f2a7c191628
P 0x7f2a7c1a1f58
C 260
R
P 0x7f2a7c191628
C 342
R
P 0x7f2a7c191628
P 0x7f2a7c1a1f58
C 259
R
P 0x7f2a7c191628
C 342
R
P 0x7f2a7c191628
P 0x7f2a7c1a1f58
C 258
R
P 0x7f2a7c191628
C 342
R
P 0x7f2a7c191628
P 0x7f2a7c1a1f58
C 9
R
P 0x7f2a7c191628
C 342
R
P 0x7f2a7c191628
P 0x7f2a7c1a21f8
P 0x7f2a7c1a1f58
C 74
= 0x7f2a7c4798f8
R
P 0x7f2a7c191628
C 342
R
P 0x7f2a7c191628
P 0x7f2a7c4798f8
C 258
R
P 0x7f2a7c191628
C 342
R
P 0x7f2a7c191628
P 0x7f2a7c4798f8
C 9
R
P 0x7f2a7c191628
C 342
R
P 0x7f2a7c191628
U 2
P 0x7f2a7c2cc700
P 0x7f2a7c4798f8
p 2
C 63
= 0x7f2a7c479930
R
P 0x7f2a7c191628
C 342
R
P 0x7f2a7c191628
P 0x7f2a7c479930
C 258
R
P 0x7f2a7c191628
C 342
R
P 0x7f2a7c191628
P 0x7f2a7c479930
C 9
R
P 0x7f2a7c191628
C 342
R
P 0x7f2a7c191628
P 0x7f2a7c479930
C 58
= 0x7f2a7c19f0b8
R
P 0x7f2a7c191628
C 342
R
P 0x7f2a7c191628
P 0x7f2a7c19f0b8
C 258
R
P 0x7f2a7c191628
C 342
R
P 0x7f2a7c191628
P 0x7f2a7c19f0b8
C 9
R
P 0x7f2a7c191628
C 342
R
P 0x7f2a7c191628
P 0x7f2a7c19ee18
P 0x7f2a7c19f0b8
C 61
= 0x7f2a7c479968
R
P 0x7f2a7c191628
C 342
R
P 0x7f2a7c191628
P 0x7f2a7c479968
C 258
R
P 0x7f2a7c191628
C 342
R
P 0x7f2a7c191628
P 0x7f2a7c479968
C 9
R
P 0x7f2a7c191628
C 342
R
P 0x7f2a7c191628
P 0x7f2a7c1e1fc8
P 0x7f2a7c479968
C 427
R
P 0x7f2a7c191628
C 342
R
P 0x7f2a7c191628
I 5
P 0x7f2a7c19b208
C 150
= 0x7f2a7c19c088
R
P 0x7f2a7c191628
C 342
R
P 0x7f2a7c191628
P 0x7f2a7c19c088
C 258
R
P 0x7f2a7c191628
C 342
R
P 0x7f2a7c191628
P 0x7f2a7c19c088
C 9
R
P 0x7f2a7c191628
C 342
R
P 0x7f2a7c191628
I 4
P 0x7f2a7c19b208
C 150
= 0x7f2a7c19c028
R
P 0x7f2a7c191628
C 342
R
P 0x7f2a7c191628
P 0x7f2a7c19c028
C 258
R
P 0x7f2a7c191628
C 342
R
P 0x7f2a7c191628
P 0x7f2a7c19c028
C 9
R
P 0x7f2a7c191628
C 342
R
P 0x7f2a7c191628
P 0x7f2a7c19c088
P 0x7f2a7c19c028
C 56
= 0x7f2a7c479268
R
P 0x7f2a7c191628
C 342
R
P 0x7f2a7c191628
P 0x7f2a7c479268
C 258
R
P 0x7f2a7c191628
C 342
R
P 0x7f2a7c191628
P 0x7f2a7c479268
C 9
R
P 0x7f2a7c191628
C 342
R
P 0x7f2a7c191628
P 0x7f2a7c479268
C 58
= 0x7f2a7c19ee78
R
P 0x7f2a7c191628
C 342
R
P 0x7f2a7c191628
P 0x7f2a7c19ee78
C 258
R
P 0x7f2a7c191628
C 342
R
P 0x7f2a7c191628
P 0x7f2a7c19ee78
C 9
R
P 0x7f2a7c191628
C 342
R
P 0x7f2a7c191628
I 4
P 0x7f2a7c19b208
C 150
= 0x7f2a7c19c028
R
P 0x7f2a7c191628
C 342
R
P 0x7f2a7c191628
P 0x7f2a7c19c028
C 258
R
P 0x7f2a7c191628
C 342
R
P 0x7f2a7c191628
P 0x7f2a7c19c028
C 9
R
P 0x7f2a7c191628
C 342
R
P 0x7f2a7c191628
P 0x7f2a7c19c028
C 263
R
P 0x7f2a7c191628
C 342
R
P 0x7f2a7c191628
S "slot4Start"
C 30
R
P 0x7f2a7c191628
C 342
R
P 0x7f2a7c191628
$ |slot4Start|
C 202
R
P 0x7f2a7c191628
C 342
R
P 0x7f2a7c191628
$ |slot4Start|
P 0x7f2a7c19b1e8
C 51
= 0x7f2a7c19c048
R
P 0x7f2a7c191628
C 342
R
P 0x7f2a7c191628
P 0x7f2a7c19c048
C 257
R
P 0x7f2a7c191628
C 342
R
P 0x7f2a7c191628
P 0x7f2a7c19c048
C 254
= 0x7f2a7c19b1e8
R
P 0x7f2a7c191628
C 342
R
P 0x7f2a7c191628
P 0x7f2a7c19b1e8
C 209
R
P 0x7f2a7c191628
C 342
R
P 0x7f2a7c191628
P 0x7f2a7c19c048
C 260
R
P 0x7f2a7c191628
C 342
R
P 0x7f2a7c191628
P 0x7f2a7c19c048
C 259
R
P 0x7f2a7c191628
C 342
R
P 0x7f2a7c191628
P 0x7f2a7c19c048
C 258
R
P 0x7f2a7c191628
C 342
R
P 0x7f2a7c191628
P 0x7f2a7c19c048
C 9
R
P 0x7f2a7c191628
C 342
R
P 0x7f2a7c191628
I 5
P 0x7f2a7c19b208
C 150
= 0x7f2a7c19c088
R
P 0x7f2a7c191628
C 342
R
P 0x7f2a7c191628
P 0x7f2a7c19c088
C 258
R
P 0x7f2a7c191628
C 342
R
P 0x7f2a7c191628
P 0x7f2a7c19c088
C 9
R
P 0x7f2a7c191628
C 342
R
P 0x7f2a7c191628
P 0x7f2a7c19c088
C 263
R
P 0x7f2a7c191628
C 342
R
P 0x7f2a7c191628
S "slot5Start"
C 30
R
P 0x7f2a7c191628
C 342
R
P 0x7f2a7c191628
$ |slot5Start|
C 202
R
P 0x7f2a7c191628
C 342
R
P 0x7f2a7c191628
$ |slot5Start|
P 0x7f2a7c19b1e8
C 51
= 0x7f2a7c19c0a8
R
P 0x7f2a7c191628
C 342
R
P 0x7f2a7c191628
P 0x7f2a7c19c0a8
C 257
R
P 0x7f2a7c191628
C 342
R
P 0x7f2a7c191628
P 0x7f2a7c19c0a8
C 254
= 0x7f2a7c19b1e8
R
P 0x7f2a7c191628
C 342
R
P 0x7f2a7c191628
P 0x7f2a7c19b1e8
C 209
R
P 0x7f2a7c191628
C 342
R
P 0x7f2a7c191628
P 0x7f2a7c19c0a8
C 260
R
P 0x7f2a7c191628
C 342
R
P 0x7f2a7c191628
P 0x7f2a7c19c0a8
C 259
R
P 0x7f2a7c191628
C 342
R
P 0x7f2a7c191628
P 0x7f2a7c19c0a8
C 258
R
P 0x7f2a7c191628
C 342
R
P 0x7f2a7c191628
P 0x7f2a7c19c0a8
C 9
R
P 0x7f2a7c191628
C 342
R
P 0x7f2a7c191628
I 5
P 0x7f2a7c19b208
C 150
= 0x7f2a7c19c088
R
P 0x7f2a7c191628
C 342
R
P 0x7f2a7c191628
P 0x7f2a7c19c088
C 258
R
P 0x7f2a7c191628
C 342
R
P 0x7f2a7c191628
P 0x7f2a7c19c088
C 9
R
P 0x7f2a7c191628
C 342
R
P 0x7f2a7c191628
P 0x7f2a7c19c088
C 263
R
P 0x7f2a7c191628
C 342
R
P 0x7f2a7c191628
S "slot5Duration"
C 30
R
P 0x7f2a7c191628
C 342
R
P 0x7f2a7c191628
$ |slot5Duration|
C 202
R
P 0x7f2a7c191628
C 342
R
P 0x7f2a7c191628
$ |slot5Duration|
P 0x7f2a7c19b1e8
C 51
= 0x7f2a7c19c0c8
R
P 0x7f2a7c191628
C 342
R
P 0x7f2a7c191628
P 0x7f2a7c19c0c8
C 257
R
P 0x7f2a7c191628
C 342
R
P 0x7f2a7c191628
P 0x7f2a7c19c0c8
C 254
= 0x7f2a7c19b1e8
R
P 0x7f2a7c191628
C 342
R
P 0x7f2a7c191628
P 0x7f2a7c19b1e8
C 209
R
P 0x7f2a7c191628
C 342
R
P 0x7f2a7c191628
P 0x7f2a7c19c0c8
C 260
R
P 0x7f2a7c191628
C 342
R
P 0x7f2a7c191628
P 0x7f2a7c19c0c8
C 259
R
P 0x7f2a7c191628
C 342
R
P 0x7f2a7c191628
P 0x7f2a7c19c0c8
C 258
R
P 0x7f2a7c191628
C 342
R
P 0x7f2a7c191628
P 0x7f2a7c19c0c8
C 9
R
P 0x7f2a7c191628
C 342
R
P 0x7f2a7c191628
U 2
P 0x7f2a7c19c0a8
P 0x7f2a7c19c0c8
p 2
C 65
= 0x7f2a7c1a21f8
R
P 0x7f2a7c191628
C 342
R
P 0x7f2a7c191628
P 0x7f2a7c1a21f8
C 257
R
P 0x7f2a7c191628
C 342
R
P 0x7f2a7c191628
P 0x7f2a7c1a21f8
C 254
= 0x7f2a7c19b1e8
R
P 0x7f2a7c191628
C 342
R
P 0x7f2a7c191628
P 0x7f2a7c19b1e8
C 209
R
P 0x7f2a7c191628
C 342
R
P 0x7f2a7c191628
P 0x7f2a7c1a21f8
C 260
R
P 0x7f2a7c191628
C 342
R
P 0x7f2a7c191628
P 0x7f2a7c1a21f8
C 259
R
P 0x7f2a7c191628
C 342
R
P 0x7f2a7c191628
P 0x7f2a7c1a21f8
C 258
R
P 0x7f2a7c191628
C 342
R
P 0x7f2a7c191628
P 0x7f2a7c1a21f8
C 9
R
P 0x7f2a7c191628
C 342
R
P 0x7f2a7c191628
P 0x7f2a7c19c048
P 0x7f2a7c1a21f8
C 74
= 0x7f2a7c478430
R
P 0x7f2a7c191628
C 342
R
P 0x7f2a7c191628
P 0x7f2a7c478430
C 258
R
P 0x7f2a7c191628
C 342
R
P 0x7f2a7c191628
P 0x7f2a7c478430
C 9
R
P 0x7f2a7c191628
C 342
R
P 0x7f2a7c191628
I 5
P 0x7f2a7c19b208
C 150
= 0x7f2a7c19c088
R
P 0x7f2a7c191628
C 342
R
P 0x7f2a7c191628
P 0x7f2a7c19c088
C 258
R
P 0x7f2a7c191628
C 342
R
P 0x7f2a7c191628
P 0x7f2a7c19c088
C 9
R
P 0x7f2a7c191628
C 342
R
P 0x7f2a7c191628
P 0x7f2a7c19c088
C 263
R
P 0x7f2a7c191628
C 342
R
P 0x7f2a7c191628
S "slot5Start"
C 30
R
P 0x7f2a7c191628
C 342
R
P 0x7f2a7c191628
$ |slot5Start|
C 202
R
P 0x7f2a7c191628
C 342
R
P 0x7f2a7c191628
$ |slot5Start|
P 0x7f2a7c19b1e8
C 51
= 0x7f2a7c19c0a8
R
P 0x7f2a7c191628
C 342
R
P 0x7f2a7c191628
P 0x7f2a7c19c0a8
C 257
R
P 0x7f2a7c191628
C 342
R
P 0x7f2a7c191628
P 0x7f2a7c19c0a8
C 254
= 0x7f2a7c19b1e8
R
P 0x7f2a7c191628
C 342
R
P 0x7f2a7c191628
P 0x7f2a7c19b1e8
C 209
R
P 0x7f2a7c191628
C 342
R
P 0x7f2a7c191628
P 0x7f2a7c19c0a8
C 260
R
P 0x7f2a7c191628
C 342
R
P 0x7f2a7c191628
P 0x7f2a7c19c0a8
C 259
R
P 0x7f2a7c191628
C 342
R
P 0x7f2a7c191628
P 0x7f2a7c19c0a8
C 258
R
P 0x7f2a7c191628
C 342
R
P 0x7f2a7c191628
P 0x7f2a7c19c0a8
C 9
R
P 0x7f2a7c191628
C 342
R
P 0x7f2a7c191628
I 5
P 0x7f2a7c19b208
C 150
= 0x7f2a7c19c088
R
P 0x7f2a7c191628
C 342
R
P 0x7f2a7c191628
P 0x7f2a7c19c088
C 258
R
P 0x7f2a7c191628
C 342
R
P 0x7f2a7c191628
P 0x7f2a7c19c088
C 9
R
P 0x7f2a7c191628
C 342
R
P 0x7f2a7c191628
P 0x7f2a7c19c088
C 263
R
P 0x7f2a7c191628
C 342
R
P 0x7f2a7c191628
S "slot5Duration"
C 30
R
P 0x7f2a7c191628
C 342
R
P 0x7f2a7c191628
$ |slot5Duration|
C 202
R
P 0x7f2a7c191628
C 342
R
P 0x7f2a7c191628
$ |slot5Duration|
P 0x7f2a7c19b1e8
C 51
= 0x7f2a7c19c0c8
R
P 0x7f2a7c191628
C 342
R
P 0x7f2a7c191628
P 0x7f2a7c19c0c8
C 257
R
P 0x7f2a7c191628
C 342
R
P 0x7f2a7c191628
P 0x7f2a7c19c0c8
C 254
= 0x7f2a7c19b1e8
R
P 0x7f2a7c191628
C 342
R
P 0x7f2a7c191628
P 0x7f2a7c19b1e8
C 209
R
P 0x7f2a7c191628
C 342
R
P 0x7f2a7c191628
P 0x7f2a7c19c0c8
C 260
R
P 0x7f2a7c191628
C 342
R
P 0x7f2a7c191628
P 0x7f2a7c19c0c8
C 259
R
P 0x7f2a7c191628
C 342
R
P 0x7f2a7c191628
P 0x7f2a7c19c0c8
C 258
R
P 0x7f2a7c191628
C 342
R
P 0x7f2a7c191628
P 0x7f2a7c19c0c8
C 9
R
P 0x7f2a7c191628
C 342
R
P 0x7f2a7c191628
U 2
P 0x7f2a7c19c0a8
P 0x7f2a7c19c0c8
p 2
C 65
= 0x7f2a7c1a21f8
R
P 0x7f2a7c191628
C 342
R
P 0x7f2a7c191628
P 0x7f2a7c1a21f8
C 257
R
P 0x7f2a7c191628
C 342
R
P 0x7f2a7c191628
P 0x7f2a7c1a21f8
C 254
= 0x7f2a7c19b1e8
R
P 0x7f2a7c191628
C 342
R
P 0x7f2a7c191628
P 0x7f2a7c19b1e8
C 209
R
P 0x7f2a7c191628
C 342
R
P 0x7f2a7c191628
P 0x7f2a7c1a21f8
C 260
R
P 0x7f2a7c191628
C 342
R
P 0x7f2a7c191628
P 0x7f2a7c1a21f8
C 259
R
P 0x7f2a7c191628
C 342
R
P 0x7f2a7c191628
P 0x7f2a7c1a21f8
C 258
R
P 0x7f2a7c191628
C 342
R
P 0x7f2a7c191628
P 0x7f2a7c1a21f8
C 9
R
P 0x7f2a7c191628
C 342
R
P 0x7f2a7c191628
I 4
P 0x7f2a7c19b208
C 150
= 0x7f2a7c19c028
R
P 0x7f2a7c191628
C 342
R
P 0x7f2a7c191628
P 0x7f2a7c19c028
C 258
R
P 0x7f2a7c191628
C 342
R
P 0x7f2a7c191628
P 0x7f2a7c19c028
C 9
R
P 0x7f2a7c191628
C 342
R
P 0x7f2a7c191628
P 0x7f2a7c19c028
C 263
R
P 0x7f2a7c191628
C 342
R
P 0x7f2a7c191628
S "slot4Start"
C 30
R
P 0x7f2a7c191628
C 342
R
P 0x7f2a7c191628
$ |slot4Start|
C 202
R
P 0x7f2a7c191628
C 342
R
P 0x7f2a7c191628
$ |slot4Start|
P 0x7f2a7c19b1e8
C 51
= 0x7f2a7c19c048
R
P 0x7f2a7c191628
C 342
R
P 0x7f2a7c191628
P 0x7f2a7c19c048
C 257
R
P 0x7f2a7c191628
C 342
R
P 0x7f2a7c191628
P 0x7f2a7c19c048
C 254
= 0x7f2a7c19b1e8
R
P 0x7f2a7c191628
C 342
R
P 0x7f2a7c191628
P 0x7f2a7c19b1e8
C 209
R
P 0x7f2a7c191628
C 342
R
P 0x7f2a7c191628
P 0x7f2a7c19c048
C 260
R
P 0x7f2a7c191628
C 342
R
P 0x7f2a7c191628
P 0x7f2a7c19c048
C 259
R
P 0x7f2a7c191628
C 342
R
P 0x7f2a7c191628
P 0x7f2a7c19c048
C 258
R
P 0x7f2a7c191628
C 342
R
P 0x7f2a7c191628
P 0x7f2a7c19c048
C 9
R
P 0x7f2a7c191628
C 342
R
P 0x7f2a7c191628
I 4
P 0x7f2a7c19b208
C 150
= 0x7f2a7c19c028
R
P 0x7f2a7c191628
C 342
R
P 0x7f2a7c191628
P 0x7f2a7c19c028
C 258
R
P 0x7f2a7c191628
C 342
R
P 0x7f2a7c191628
P 0x7f2a7c19c028
C 9
R
P 0x7f2a7c191628
C 342
R
P 0x7f2a7c191628
P 0x7f2a7c19c028
C 263
R
P 0x7f2a7c191628
C 342
R
P 0x7f2a7c191628
S "slot4Duration"
C 30
R
P 0x7f2a7c191628
C 342
R
P 0x7f2a7c191628
$ |slot4Duration|
C 202
R
P 0x7f2a7c191628
C 342
R
P 0x7f2a7c191628
$ |slot4Duration|
P 0x7f2a7c19b1e8
C 51
= 0x7f2a7c19c068
R
P 0x7f2a7c191628
C 342
R
P 0x7f2a7c191628
P 0x7f2a7c19c068
C 257
R
P 0x7f2a7c191628
C 342
R
P 0x7f2a7c191628
P 0x7f2a7c19c068
C 254
= 0x7f2a7c19b1e8
R
P 0x7f2a7c191628
C 342
R
P 0x7f2a7c191628
P 0x7f2a7c19b1e8
C 209
R
P 0x7f2a7c191628
C 342
R
P 0x7f2a7c191628
P 0x7f2a7c19c068
C 260
R
P 0x7f2a7c191628
C 342
R
P 0x7f2a7c191628
P 0x7f2a7c19c068
C 259
R
P 0x7f2a7c191628
C 342
R
P 0x7f2a7c191628
P 0x7f2a7c19c068
C 258
R
P 0x7f2a7c191628
C 342
R
P 0x7f2a7c191628
P 0x7f2a7c19c068
C 9
R
P 0x7f2a7c191628
C 342
R
P 0x7f2a7c191628
U 2
P 0x7f2a7c19c048
P 0x7f2a7c19c068
p 2
C 65
= 0x7f2a7c1a20a8
R
P 0x7f2a7c191628
C 342
R
P 0x7f2a7c191628
P 0x7f2a7c1a20a8
C 257
R
P 0x7f2a7c191628
C 342
R
P 0x7f2a7c191628
P 0x7f2a7c1a20a8
C 254
= 0x7f2a7c19b1e8
R
P 0x7f2a7c191628
C 342
R
P 0x7f2a7c191628
P 0x7f2a7c19b1e8
C 209
R
P 0x7f2a7c191628
C 342
R
P 0x7f2a7c191628
P 0x7f2a7c1a20a8
C 260
R
P 0x7f2a7c191628
C 342
R
P 0x7f2a7c191628
P 0x7f2a7c1a20a8
C 259
R
P 0x7f2a7c191628
C 342
R
P 0x7f2a7c191628
P 0x7f2a7c1a20a8
C 258
R
P 0x7f2a7c191628
C 342
R
P 0x7f2a7c191628
P 0x7f2a7c1a20a8
C 9
R
P 0x7f2a7c191628
C 342
R
P 0x7f2a7c191628
P 0x7f2a7c1a21f8
P 0x7f2a7c1a20a8
C 74
= 0x7f2a7c4799a0
R
P 0x7f2a7c191628
C 342
R
P 0x7f2a7c191628
P 0x7f2a7c4799a0
C 258
R
P 0x7f2a7c191628
C 342
R
P 0x7f2a7c191628
P 0x7f2a7c4799a0
C 9
R
P 0x7f2a7c191628
C 342
R
P 0x7f2a7c191628
U 2
P 0x7f2a7c478430
P 0x7f2a7c4799a0
p 2
C 63
= 0x7f2a7c4799d8
R
P 0x7f2a7c191628
C 342
R
P 0x7f2a7c191628
P 0x7f2a7c4799d8
C 258
R
P 0x7f2a7c191628
C 342
R
P 0x7f2a7c191628
P 0x7f2a7c4799d8
C 9
R
P 0x7f2a7c191628
C 342
R
P 0x7f2a7c191628
P 0x7f2a7c4799d8
C 58
= 0x7f2a7c19f0e8
R
P 0x7f2a7c191628
C 342
R
P 0x7f2a7c191628
P 0x7f2a7c19f0e8
C 258
R
P 0x7f2a7c191628
C 342
R
P 0x7f2a7c191628
P 0x7f2a7c19f0e8
C 9
R
P 0x7f2a7c191628
C 342
R
P 0x7f2a7c191628
P 0x7f2a7c19ee78
P 0x7f2a7c19f0e8
C 61
= 0x7f2a7c479a10
R
P 0x7f2a7c191628
C 342
R
P 0x7f2a7c191628
P 0x7f2a7c479a10
C 258
R
P 0x7f2a7c191628
C 342
R
P 0x7f2a7c191628
P 0x7f2a7c479a10
C 9
R
P 0x7f2a7c191628
C 342
R
P 0x7f2a7c191628
P 0x7f2a7c1e1fc8
P 0x7f2a7c479a10
C 427
R
P 0x7f2a7c191628
C 342
R
P 0x7f2a7c191628
I 5
P 0x7f2a7c19b208
C 150
= 0x7f2a7c19c088
R
P 0x7f2a7c191628
C 342
R
P 0x7f2a7c191628
P 0x7f2a7c19c088
C 258
R
P 0x7f2a7c191628
C 342
R
P 0x7f2a7c191628
P 0x7f2a7c19c088
C 9
R
P 0x7f2a7c191628
C 342
R
P 0x7f2a7c191628
I 5
P 0x7f2a7c19b208
C 150
= 0x7f2a7c19c088
R
P 0x7f2a7c191628
C 342
R
P 0x7f2a7c191628
P 0x7f2a7c19c088
C 258
R
P 0x7f2a7c191628
C 342
R
P 0x7f2a7c191628
P 0x7f2a7c19c088
C 9
R
P 0x7f2a7c191628
C 342
R
P 0x7f2a7c191628
P 0x7f2a7c19c088
P 0x7f2a7c19c088
C 56
= 0x7f2a7c479348
R
P 0x7f2a7c191628
C 342
R
P 0x7f2a7c191628
P 0x7f2a7c479348
C 258
R
P 0x7f2a7c191628
C 342
R
P 0x7f2a7c191628
P 0x7f2a7c479348
C 9
R
P 0x7f2a7c191628
C 342
R
P 0x7f2a7c191628
P 0x7f2a7c479348
C 58
= 0x7f2a7c19eed8
R
P 0x7f2a7c191628
C 342
R
P 0x7f2a7c191628
P 0x7f2a7c19eed8
C 258
R
P 0x7f2a7c191628
C 342
R
P 0x7f2a7c191628
P 0x7f2a7c19eed8
C 9
R
P 0x7f2a7c191628
C 342
R
P 0x7f2a7c191628
I 5
P 0x7f2a7c19b208
C 150
= 0x7f2a7c19c088
R
P 0x7f2a7c191628
C 342
R
P 0x7f2a7c191628
P 0x7f2a7c19c088
C 258
R
P 0x7f2a7c191628
C 342
R
P 0x7f2a7c191628
P 0x7f2a7c19c088
C 9
R
P 0x7f2a7c191628
C 342
R
P 0x7f2a7c191628
P 0x7f2a7c19c088
C 263
R
P 0x7f2a7c191628
C 342
R
P 0x7f2a7c191628
S "slot5Start"
C 30
R
P 0x7f2a7c191628
C 342
R
P 0x7f2a7c191628
$ |slot5Start|
C 202
R
P 0x7f2a7c191628
C 342
R
P 0x7f2a7c191628
$ |slot5Start|
P 0x7f2a7c19b1e8
C 51
= 0x7f2a7c19c0a8
R
P 0x7f2a7c191628
C 342
R
P 0x7f2a7c191628
P 0x7f2a7c19c0a8
C 257
R
P 0x7f2a7c191628
C 342
R
P 0x7f2a7c191628
P 0x7f2a7c19c0a8
C 254
= 0x7f2a7c19b1e8
R
P 0x7f2a7c191628
C 342
R
P 0x7f2a7c191628
P 0x7f2a7c19b1e8
C 209
R
P 0x7f2a7c191628
C 342
R
P 0x7f2a7c191628
P 0x7f2a7c19c0a8
C 260
R
P 0x7f2a7c191628
C 342
R
P 0x7f2a7c191628
P 0x7f2a7c19c0a8
C 259
R
P 0x7f2a7c191628
C 342
R
P 0x7f2a7c191628
P 0x7f2a7c19c0a8
C 258
R
P 0x7f2a7c191628
C 342
R
P 0x7f2a7c191628
P 0x7f2a7c19c0a8
C 9
R
P 0x7f2a7c191628
C 342
R
P 0x7f2a7c191628
I 5
P 0x7f2a7c19b208
C 150
= 0x7f2a7c19c088
R
P 0x7f2a7c191628
C 342
R
P 0x7f2a7c191628
P 0x7f2a7c19c088
C 258
R
P 0x7f2a7c191628
C 342
R
P 0x7f2a7c191628
P 0x7f2a7c19c088
C 9
R
P 0x7f2a7c191628
C 342
R
P 0x7f2a7c191628
P 0x7f2a7c19c088
C 263
R
P 0x7f2a7c191628
C 342
R
P 0x7f2a7c191628
S "slot5Start"
C 30
R
P 0x7f2a7c191628
C 342
R
P 0x7f2a7c191628
$ |slot5Start|
C 202
R
P 0x7f2a7c191628
C 342
R
P 0x7f2a7c191628
$ |slot5Start|
P 0x7f2a7c19b1e8
C 51
= 0x7f2a7c19c0a8
R
P 0x7f2a7c191628
C 342
R
P 0x7f2a7c191628
P 0x7f2a7c19c0a8
C 257
R
P 0x7f2a7c191628
C 342
R
P 0x7f2a7c191628
P 0x7f2a7c19c0a8
C 254
= 0x7f2a7c19b1e8
R
P 0x7f2a7c191628
C 342
R
P 0x7f2a7c191628
P 0x7f2a7c19b1e8
C 209
R
P 0x7f2a7c191628
C 342
R
P 0x7f2a7c191628
P 0x7f2a7c19c0a8
C 260
R
P 0x7f2a7c191628
C 342
R
P 0x7f2a7c191628
P 0x7f2a7c19c0a8
C 259
R
P 0x7f2a7c191628
C 342
R
P 0x7f2a7c191628
P 0x7f2a7c19c0a8
C 258
R
P 0x7f2a7c191628
C 342
R
P 0x7f2a7c191628
P 0x7f2a7c19c0a8
C 9
R
P 0x7f2a7c191628
C 342
R
P 0x7f2a7c191628
I 5
P 0x7f2a7c19b208
C 150
= 0x7f2a7c19c088
R
P 0x7f2a7c191628
C 342
R
P 0x7f2a7c191628
P 0x7f2a7c19c088
C 258
R
P 0x7f2a7c191628
C 342
R
P 0x7f2a7c191628
P 0x7f2a7c19c088
C 9
R
P 0x7f2a7c191628
C 342
R
P 0x7f2a7c191628
P 0x7f2a7c19c088
C 263
R
P 0x7f2a7c191628
C 342
R
P 0x7f2a7c191628
S "slot5Duration"
C 30
R
P 0x7f2a7c191628
C 342
R
P 0x7f2a7c191628
$ |slot5Duration|
C 202
R
P 0x7f2a7c191628
C 342
R
P 0x7f2a7c191628
$ |slot5Duration|
P 0x7f2a7c19b1e8
C 51
= 0x7f2a7c19c0c8
R
P 0x7f2a7c191628
C 342
R
P 0x7f2a7c191628
P 0x7f2a7c19c0c8
C 257
R
P 0x7f2a7c191628
C 342
R
P 0x7f2a7c191628
P 0x7f2a7c19c0c8
C 254
= 0x7f2a7c19b1e8
R
P 0x7f2a7c191628
C 342
R
P 0x7f2a7c191628
P 0x7f2a7c19b1e8
C 209
R
P 0x7f2a7c191628
C 342
R
P 0x7f2a7c191628
P 0x7f2a7c19c0c8
C 260
R
P 0x7f2a7c191628
C 342
R
P 0x7f2a7c191628
P 0x7f2a7c19c0c8
C 259
R
P 0x7f2a7c191628
C 342
R
P 0x7f2a7c191628
P 0x7f2a7c19c0c8
C 258
R
P 0x7f2a7c191628
C 342
R
P 0x7f2a7c191628
P 0x7f2a7c19c0c8
C 9
R
P 0x7f2a7c191628
C 342
R
P 0x7f2a7c191628
U 2
P 0x7f2a7c19c0a8
P 0x7f2a7c19c0c8
p 2
C 65
= 0x7f2a7c1a21f8
R
P 0x7f2a7c191628
C 342
R
P 0x7f2a7c191628
P 0x7f2a7c1a21f8
C 257
R
P 0x7f2a7c191628
C 342
R
P 0x7f2a7c191628
P 0x7f2a7c1a21f8
C 254
= 0x7f2a7c19b1e8
R
P 0x7f2a7c191628
C 342
R
P 0x7f2a7c191628
P 0x7f2a7c19b1e8
C 209
R
P 0x7f2a7c191628
C 342
R
P 0x7f2a7c191628
P 0x7f2a7c1a21f8
C 260
R
P 0x7f2a7c191628
C 342
R
P 0x7f2a7c191628
P 0x7f2a7c1a21f8
C 259
R
P 0x7f2a7c191628
C 342
R
P 0x7f2a7c191628
P 0x7f2a7c1a21f8
C 258
R
P 0x7f2a7c191628
C 342
R
P 0x7f2a7c191628
P 0x7f2a7c1a21f8
C 9
R
P 0x7f2a7c191628
C 342
R
P 0x7f2a7c191628
P 0x7f2a7c19c0a8
P 0x7f2a7c1a21f8
C 74
= 0x7f2a7c4793b8
R
P 0x7f2a7c191628
C 342
R
P 0x7f2a7c191628
P 0x7f2a7c4793b8
C 258
R
P 0x7f2a7c191628
C 342
R
P 0x7f2a7c191628
P 0x7f2a7c4793b8
C 9
R
P 0x7f2a7c191628
C 342
R
P 0x7f2a7c191628
I 5
P 0x7f2a7c19b208
C 150
= 0x7f2a7c19c088
R
P 0x7f2a7c191628
C 342
R
P 0x7f2a7c191628
P 0x7f2a7c19c088
C 258
R
P 0x7f2a7c191628
C 342
R
P 0x7f2a7c191628
P 0x7f2a7c19c088
C 9
R
P 0x7f2a7c191628
C 342
R
P 0x7f2a7c191628
P 0x7f2a7c19c088
C 263
R
P 0x7f2a7c191628
C 342
R
P 0x7f2a7c191628
S "slot5Start"
C 30
R
P 0x7f2a7c191628
C 342
R
P 0x7f2a7c191628
$ |slot5Start|
C 202
R
P 0x7f2a7c191628
C 342
R
P 0x7f2a7c191628
$ |slot5Start|
P 0x7f2a7c19b1e8
C 51
= 0x7f2a7c19c0a8
R
P 0x7f2a7c191628
C 342
R
P 0x7f2a7c191628
P 0x7f2a7c19c0a8
C 257
R
P 0x7f2a7c191628
C 342
R
P 0x7f2a7c191628
P 0x7f2a7c19c0a8
C 254
= 0x7f2a7c19b1e8
R
P 0x7f2a7c191628
C 342
R
P 0x7f2a7c191628
P 0x7f2a7c19b1e8
C 209
R
P 0x7f2a7c191628
C 342
R
P 0x7f2a7c191628
P 0x7f2a7c19c0a8
C 260
R
P 0x7f2a7c191628
C 342
R
P 0x7f2a7c191628
P 0x7f2a7c19c0a8
C 259
R
P 0x7f2a7c191628
C 342
R
P 0x7f2a7c191628
P 0x7f2a7c19c0a8
C 258
R
P 0x7f2a7c191628
C 342
R
P 0x7f2a7c191628
P 0x7f2a7c19c0a8
C 9
R
P 0x7f2a7c191628
C 342
R
P 0x7f2a7c191628
I 5
P 0x7f2a7c19b208
C 150
= 0x7f2a7c19c088
R
P 0x7f2a7c191628
C 342
R
P 0x7f2a7c191628
P 0x7f2a7c19c088
C 258
R
P 0x7f2a7c191628
C 342
R
P 0x7f2a7c191628
P 0x7f2a7c19c088
C 9
R
P 0x7f2a7c191628
C 342
R
P 0x7f2a7c191628
P 0x7f2a7c19c088
C 263
R
P 0x7f2a7c191628
C 342
R
P 0x7f2a7c191628
S "slot5Duration"
C 30
R
P 0x7f2a7c191628
C 342
R
P 0x7f2a7c191628
$ |slot5Duration|
C 202
R
P 0x7f2a7c191628
C 342
R
P 0x7f2a7c191628
$ |slot5Duration|
P 0x7f2a7c19b1e8
C 51
= 0x7f2a7c19c0c8
R
P 0x7f2a7c191628
C 342
R
P 0x7f2a7c191628
P 0x7f2a7c19c0c8
C 257
R
P 0x7f2a7c191628
C 342
R
P 0x7f2a7c191628
P 0x7f2a7c19c0c8
C 254
= 0x7f2a7c19b1e8
R
P 0x7f2a7c191628
C 342
R
P 0x7f2a7c191628
P 0x7f2a7c19b1e8
C 209
R
P 0x7f2a7c191628
C 342
R
P 0x7f2a7c191628
P 0x7f2a7c19c0c8
C 260
R
P 0x7f2a7c191628
C 342
R
P 0x7f2a7c191628
P 0x7f2a7c19c0c8
C 259
R
P 0x7f2a7c191628
C 342
R
P 0x7f2a7c191628
P 0x7f2a7c19c0c8
C 258
R
P 0x7f2a7c191628
C 342
R
P 0x7f2a7c191628
P 0x7f2a7c19c0c8
C 9
R
P 0x7f2a7c191628
C 342
R
P 0x7f2a7c191628
U 2
P 0x7f2a7c19c0a8
P 0x7f2a7c19c0c8
p 2
C 65
= 0x7f2a7c1a21f8
R
P 0x7f2a7c191628
C 342
R
P 0x7f2a7c191628
P 0x7f2a7c1a21f8
C 257
R
P 0x7f2a7c191628
C 342
R
P 0x7f2a7c191628
P 0x7f2a7c1a21f8
C 254
= 0x7f2a7c19b1e8
R
P 0x7f2a7c191628
C 342
R
P 0x7f2a7c191628
P 0x7f2a7c19b1e8
C 209
R
P 0x7f2a7c191628
C 342
R
P 0x7f2a7c191628
P 0x7f2a7c1a21f8
C 260
R
P 0x7f2a7c191628
C 342
R
P 0x7f2a7c191628
P 0x7f2a7c1a21f8
C 259
R
P 0x7f2a7c191628
C 342
R
P 0x7f2a7c191628
P 0x7f2a7c1a21f8
C 258
R
P 0x7f2a7c191628
C 342
R
P 0x7f2a7c191628
P 0x7f2a7c1a21f8
C 9
R
P 0x7f2a7c191628
C 342
R
P 0x7f2a7c191628
I 5
P 0x7f2a7c19b208
C 150
= 0x7f2a7c19c088
R
P 0x7f2a7c191628
C 342
R
P 0x7f2a7c191628
P 0x7f2a7c19c088
C 258
R
P 0x7f2a7c191628
C 342
R
P 0x7f2a7c191628
P 0x7f2a7c19c088
C 9
R
P 0x7f2a7c191628
C 342
R
P 0x7f2a7c191628
P 0x7f2a7c19c088
C 263
R
P 0x7f2a7c191628
C 342
R
P 0x7f2a7c191628
S "slot5Start"
C 30
R
P 0x7f2a7c191628
C 342
R
P 0x7f2a7c191628
$ |slot5Start|
C 202
R
P 0x7f2a7c191628
C 342
R
P 0x7f2a7c191628
$ |slot5Start|
P 0x7f2a7c19b1e8
C 51
= 0x7f2a7c19c0a8
R
P 0x7f2a7c191628
C 342
R
P 0x7f2a7c191628
P 0x7f2a7c19c0a8
C 257
R
P 0x7f2a7c191628
C 342
R
P 0x7f2a7c191628
P 0x7f2a7c19c0a8
C 254
= 0x7f2a7c19b1e8
R
P 0x7f2a7c191628
C 342
R
P 0x7f2a7c191628
P 0x7f2a7c19b1e8
C 209
R
P 0x7f2a7c191628
C 342
R
P 0x7f2a7c191628
P 0x7f2a7c19c0a8
C 260
R
P 0x7f2a7c191628
C 342
R
P 0x7f2a7c191628
P 0x7f2a7c19c0a8
C 259
R
P 0x7f2a7c191628
C 342
R
P 0x7f2a7c191628
P 0x7f2a7c19c0a8
C 258
R
P 0x7f2a7c191628
C 342
R
P 0x7f2a7c191628
P 0x7f2a7c19c0a8
C 9
R
P 0x7f2a7c191628
C 342
R
P 0x7f2a7c191628
I 5
P 0x7f2a7c19b208
C 150
= 0x7f2a7c19c088
R
P 0x7f2a7c191628
C 342
R
P 0x7f2a7c191628
P 0x7f2a7c19c088
C 258
R
P 0x7f2a7c191628
C 342
R
P 0x7f2a7c191628
P 0x7f2a7c19c088
C 9
R
P 0x7f2a7c191628
C 342
R
P 0x7f2a7c191628
P 0x7f2a7c19c088
C 263
R
P 0x7f2a7c191628
C 342
R
P 0x7f2a7c191628
S "slot5Duration"
C 30
R
P 0x7f2a7c191628
C 342
R
P 0x7f2a7c191628
$ |slot5Duration|
C 202
R
P 0x7f2a7c191628
C 342
R
P 0x7f2a7c191628
$ |slot5Duration|
P 0x7f2a7c19b1e8
C 51
= 0x7f2a7c19c0c8
R
P 0x7f2a7c191628
C 342
R
P 0x7f2a7c191628
P 0x7f2a7c19c0c8
C 257
R
P 0x7f2a7c191628
C 342
R
P 0x7f2a7c191628
P 0x7f2a7c19c0c8
C 254
= 0x7f2a7c19b1e8
R
P 0x7f2a7c191628
C 342
R
P 0x7f2a7c191628
P 0x7f2a7c19b1e8
C 209
R
P 0x7f2a7c191628
C 342
R
P 0x7f2a7c191628
P 0x7f2a7c19c0c8
C 260
R
P 0x7f2a7c191628
C 342
R
P 0x7f2a7c191628
P 0x7f2a7c19c0c8
C 259
R
P 0x7f2a7c191628
C 342
R
P 0x7f2a7c191628
P 0x7f2a7c19c0c8
C 258
R
P 0x7f2a7c191628
C 342
R
P 0x7f2a7c191628
P 0x7f2a7c19c0c8
C 9
R
P 0x7f2a7c191628
C 342
R
P 0x7f2a7c191628
U 2
P 0x7f2a7c19c0a8
P 0x7f2a7c19c0c8
p 2
C 65
= 0x7f2a7c1a21f8
R
P 0x7f2a7c191628
C 342
R
P 0x7f2a7c191628
P 0x7f2a7c1a21f8
C 257
R
P 0x7f2a7c191628
C 342
R
P 0x7f2a7c191628
P 0x7f2a7c1a21f8
C 254
= 0x7f2a7c19b1e8
R
P 0x7f2a7c191628
C 342
R
P 0x7f2a7c191628
P 0x7f2a7c19b1e8
C 209
R
P 0x7f2a7c191628
C 342
R
P 0x7f2a7c191628
P 0x7f2a7c1a21f8
C 260
R
P 0x7f2a7c191628
C 342
R
P 0x7f2a7c191628
P 0x7f2a7c1a21f8
C 259
R
P 0x7f2a7c191628
C 342
R
P 0x7f2a7c191628
P 0x7f2a7c1a21f8
C 258
R
P 0x7f2a7c191628
C 342
R
P 0x7f2a7c191628
P 0x7f2a7c1a21f8
C 9
R
P 0x7f2a7c191628
C 342
R
P 0x7f2a7c191628
P 0x7f2a7c1a21f8
P 0x7f2a7c1a21f8
C 74
= 0x7f2a7c479a48
R
P 0x7f2a7c191628
C 342
R
P 0x7f2a7c191628
P 0x7f2a7c479a48
C 258
R
P 0x7f2a7c191628
C 342
R
P 0x7f2a7c191628
P 0x7f2a7c479a48
C 9
R
P 0x7f2a7c191628
C 342
R
P 0x7f2a7c191628
U 2
P 0x7f2a7c4793b8
P 0x7f2a7c479a48
p 2
C 63
= 0x7f2a7c479a80
R
P 0x7f2a7c191628
C 342
R
P 0x7f2a7c191628
P 0x7f2a7c479a80
C 258
R
P 0x7f2a7c191628
C 342
R
P 0x7f2a7c191628
P 0x7f2a7c479a80
C 9
R
P 0x7f2a7c191628
C 342
R
P 0x7f2a7c191628
P 0x7f2a7c479a80
C 58
= 0x7f2a7c19f118
R
P 0x7f2a7c191628
C 342
R
P 0x7f2a7c191628
P 0x7f2a7c19f118
C 258
R
P 0x7f2a7c191628
C 342
R
P 0x7f2a7c191628
P 0x7f2a7c19f118
C 9
R
P 0x7f2a7c191628
C 342
R
P 0x7f2a7c191628
P 0x7f2a7c19eed8
P 0x7f2a7c19f118
C 61
= 0x7f2a7c479ab8
R
P 0x7f2a7c191628
C 342
R
P 0x7f2a7c191628
P 0x7f2a7c479ab8
C 258
R
P 0x7f2a7c191628
C 342
R
P 0x7f2a7c191628
P 0x7f2a7c479ab8
C 9
R
P 0x7f2a7c191628
C 342
R
P 0x7f2a7c191628
P 0x7f2a7c1e1fc8
P 0x7f2a7c479ab8
C 427
R
P 0x7f2a7c191628
C 342
R
P 0x7f2a7c191628
I 5
P 0x7f2a7c19b208
C 150
= 0x7f2a7c19c088
R
P 0x7f2a7c191628
C 342
R
P 0x7f2a7c191628
P 0x7f2a7c19c088
C 258
R
P 0x7f2a7c191628
C 342
R
P 0x7f2a7c191628
P 0x7f2a7c19c088
C 9
R
P 0x7f2a7c191628
C 342
R
P 0x7f2a7c191628
I 6
P 0x7f2a7c19b208
C 150
= 0x7f2a7c19c0e8
R
P 0x7f2a7c191628
C 342
R
P 0x7f2a7c191628
P 0x7f2a7c19c0e8
C 258
R
P 0x7f2a7c191628
C 342
R
P 0x7f2a7c191628
P 0x7f2a7c19c0e8
C 9
R
P 0x7f2a7c191628
C 342
R
P 0x7f2a7c191628
P 0x7f2a7c19c088
P 0x7f2a7c19c0e8
C 56
= 0x7f2a7c479460
R
P 0x7f2a7c191628
C 342
R
P 0x7f2a7c191628
P 0x7f2a7c479460
C 258
R
P 0x7f2a7c191628
C 342
R
P 0x7f2a7c191628
P 0x7f2a7c479460
C 9
R
P 0x7f2a7c191628
C 342
R
P 0x7f2a7c191628
P 0x7f2a7c479460
C 58
= 0x7f2a7c19ef38
R
P 0x7f2a7c191628
C 342
R
P 0x7f2a7c191628
P 0x7f2a7c19ef38
C 258
R
P 0x7f2a7c191628
C 342
R
P 0x7f2a7c191628
P 0x7f2a7c19ef38
C 9
R
P 0x7f2a7c191628
C 342
R
P 0x7f2a7c191628
I 6
P 0x7f2a7c19b208
C 150
= 0x7f2a7c19c0e8
R
P 0x7f2a7c191628
C 342
R
P 0x7f2a7c191628
P 0x7f2a7c19c0e8
C 258
R
P 0x7f2a7c191628
C 342
R
P 0x7f2a7c191628
P 0x7f2a7c19c0e8
C 9
R
P 0x7f2a7c191628
C 342
R
P 0x7f2a7c191628
P 0x7f2a7c19c0e8
C 263
R
P 0x7f2a7c191628
C 342
R
P 0x7f2a7c191628
S "slot6Start"
C 30
R
P 0x7f2a7c191628
C 342
R
P 0x7f2a7c191628
$ |slot6Start|
C 202
R
P 0x7f2a7c191628
C 342
R
P 0x7f2a7c191628
$ |slot6Start|
P 0x7f2a7c19b1e8
C 51
= 0x7f2a7c19c108
R
P 0x7f2a7c191628
C 342
R
P 0x7f2a7c191628
P 0x7f2a7c19c108
C 257
R
P 0x7f2a7c191628
C 342
R
P 0x7f2a7c191628
P 0x7f2a7c19c108
C 254
= 0x7f2a7c19b1e8
R
P 0x7f2a7c191628
C 342
R
P 0x7f2a7c191628
P 0x7f2a7c19b1e8
C 209
R
P 0x7f2a7c191628
C 342
R
P 0x7f2a7c191628
P 0x7f2a7c19c108
C 260
R
P 0x7f2a7c191628
C 342
R
P 0x7f2a7c191628
P 0x7f2a7c19c108
C 259
R
P 0x7f2a7c191628
C 342
R
P 0x7f2a7c191628
P 0x7f2a7c19c108
C 258
R
P 0x7f2a7c191628
C 342
R
P 0x7f2a7c191628
P 0x7f2a7c19c108
C 9
R
P 0x7f2a7c191628
C 342
R
P 0x7f2a7c191628
I 5
P 0x7f2a7c19b208
C 150
= 0x7f2a7c19c088
R
P 0x7f2a7c191628
C 342
R
P 0x7f2a7c191628
P 0x7f2a7c19c088
C 258
R
P 0x7f2a7c191628
C 342
R
P 0x7f2a7c191628
P 0x7f2a7c19c088
C 9
R
P 0x7f2a7c191628
C 342
R
P 0x7f2a7c191628
P 0x7f2a7c19c088
C 263
R
P 0x7f2a7c191628
C 342
R
P 0x7f2a7c191628
S "slot5Start"
C 30
R
P 0x7f2a7c191628
C 342
R
P 0x7f2a7c191628
$ |slot5Start|
C 202
R
P 0x7f2a7c191628
C 342
R
P 0x7f2a7c191628
$ |slot5Start|
P 0x7f2a7c19b1e8
C 51
= 0x7f2a7c19c0a8
R
P 0x7f2a7c191628
C 342
R
P 0x7f2a7c191628
P 0x7f2a7c19c0a8
C 257
R
P 0x7f2a7c191628
C 342
R
P 0x7f2a7c191628
P 0x7f2a7c19c0a8
C 254
= 0x7f2a7c19b1e8
R
P 0x7f2a7c191628
C 342
R
P 0x7f2a7c191628
P 0x7f2a7c19b1e8
C 209
R
P 0x7f2a7c191628
C 342
R
P 0x7f2a7c191628
P 0x7f2a7c19c0a8
C 260
R
P 0x7f2a7c191628
C 342
R
P 0x7f2a7c191628
P 0x7f2a7c19c0a8
C 259
R
P 0x7f2a7c191628
C 342
R
P 0x7f2a7c191628
P 0x7f2a7c19c0a8
C 258
R
P 0x7f2a7c191628
C 342
R
P 0x7f2a7c191628
P 0x7f2a7c19c0a8
C 9
R
P 0x7f2a7c191628
C 342
R
P 0x7f2a7c191628
I 5
P 0x7f2a7c19b208
C 150
= 0x7f2a7c19c088
R
P 0x7f2a7c191628
C 342
R
P 0x7f2a7c191628
P 0x7f2a7c19c088
C 258
R
P 0x7f2a7c191628
C 342
R
P 0x7f2a7c191628
P 0x7f2a7c19c088
C 9
R
P 0x7f2a7c191628
C 342
R
P 0x7f2a7c191628
P 0x7f2a7c19c088
C 263
R
P 0x7f2a7c191628
C 342
R
P 0x7f2a7c191628
S "slot5Duration"
C 30
R
P 0x7f2a7c191628
C 342
R
P 0x7f2a7c191628
$ |slot5Duration|
C 202
R
P 0x7f2a7c191628
C 342
R
P 0x7f2a7c191628
$ |slot5Duration|
P 0x7f2a7c19b1e8
C 51
= 0x7f2a7c19c0c8
R
P 0x7f2a7c191628
C 342
R
P 0x7f2a7c191628
P 0x7f2a7c19c0c8
C 257
R
P 0x7f2a7c191628
C 342
R
P 0x7f2a7c191628
P 0x7f2a7c19c0c8
C 254
= 0x7f2a7c19b1e8
R
P 0x7f2a7c191628
C 342
R
P 0x7f2a7c191628
P 0x7f2a7c19b1e8
C 209
R
P 0x7f2a7c191628
C 342
R
P 0x7f2a7c191628
P 0x7f2a7c19c0c8
C 260
R
P 0x7f2a7c191628
C 342
R
P 0x7f2a7c191628
P 0x7f2a7c19c0c8
C 259
R
P 0x7f2a7c191628
C 342
R
P 0x7f2a7c191628
P 0x7f2a7c19c0c8
C 258
R
P 0x7f2a7c191628
C 342
R
P 0x7f2a7c191628
P 0x7f2a7c19c0c8
C 9
R
P 0x7f2a7c191628
C 342
R
P 0x7f2a7c191628
U 2
P 0x7f2a7c19c0a8
P 0x7f2a7c19c0c8
p 2
C 65
= 0x7f2a7c1a21f8
R
P 0x7f2a7c191628
C 342
R
P 0x7f2a7c191628
P 0x7f2a7c1a21f8
C 257
R
P 0x7f2a7c191628
C 342
R
P 0x7f2a7c191628
P 0x7f2a7c1a21f8
C 254
= 0x7f2a7c19b1e8
R
P 0x7f2a7c191628
C 342
R
P 0x7f2a7c191628
P 0x7f2a7c19b1e8
C 209
R
P 0x7f2a7c191628
C 342
R
P 0x7f2a7c191628
P 0x7f2a7c1a21f8
C 260
R
P 0x7f2a7c191628
C 342
R
P 0x7f2a7c191628
P 0x7f2a7c1a21f8
C 259
R
P 0x7f2a7c191628
C 342
R
P 0x7f2a7c191628
P 0x7f2a7c1a21f8
C 258
R
P 0x7f2a7c191628
C 342
R
P 0x7f2a7c191628
P 0x7f2a7c1a21f8
C 9
R
P 0x7f2a7c191628
C 342
R
P 0x7f2a7c191628
P 0x7f2a7c19c108
P 0x7f2a7c1a21f8
C 74
= 0x7f2a7c479af0
R
P 0x7f2a7c191628
C 342
R
P 0x7f2a7c191628
P 0x7f2a7c479af0
C 258
R
P 0x7f2a7c191628
C 342
R
P 0x7f2a7c191628
P 0x7f2a7c479af0
C 9
R
P 0x7f2a7c191628
C 342
R
P 0x7f2a7c191628
I 5
P 0x7f2a7c19b208
C 150
= 0x7f2a7c19c088
R
P 0x7f2a7c191628
C 342
R
P 0x7f2a7c191628
P 0x7f2a7c19c088
C 258
R
P 0x7f2a7c191628
C 342
R
P 0x7f2a7c191628
P 0x7f2a7c19c088
C 9
R
P 0x7f2a7c191628
C 342
R
P 0x7f2a7c191628
P 0x7f2a7c19c088
C 263
R
P 0x7f2a7c191628
C 342
R
P 0x7f2a7c191628
S "slot5Start"
C 30
R
P 0x7f2a7c191628
C 342
R
P 0x7f2a7c191628
$ |slot5Start|
C 202
R
P 0x7f2a7c191628
C 342
R
P 0x7f2a7c191628
$ |slot5Start|
P 0x7f2a7c19b1e8
C 51
= 0x7f2a7c19c0a8
R
P 0x7f2a7c191628
C 342
R
P 0x7f2a7c191628
P 0x7f2a7c19c0a8
C 257
R
P 0x7f2a7c191628
C 342
R
P 0x7f2a7c191628
P 0x7f2a7c19c0a8
C 254
= 0x7f2a7c19b1e8
R
P 0x7f2a7c191628
C 342
R
P 0x7f2a7c191628
P 0x7f2a7c19b1e8
C 209
R
P 0x7f2a7c191628
C 342
R
P 0x7f2a7c191628
P 0x7f2a7c19c0a8
C 260
R
P 0x7f2a7c191628
C 342
R
P 0x7f2a7c191628
P 0x7f2a7c19c0a8
C 259
R
P 0x7f2a7c191628
C 342
R
P 0x7f2a7c191628
P 0x7f2a7c19c0a8
C 258
R
P 0x7f2a7c191628
C 342
R
P 0x7f2a7c191628
P 0x7f2a7c19c0a8
C 9
R
P 0x7f2a7c191628
C 342
R
P 0x7f2a7c191628
I 5
P 0x7f2a7c19b208
C 150
= 0x7f2a7c19c088
R
P 0x7f2a7c191628
C 342
R
P 0x7f2a7c191628
P 0x7f2a7c19c088
C 258
R
P 0x7f2a7c191628
C 342
R
P 0x7f2a7c191628
P 0x7f2a7c19c088
C 9
R
P 0x7f2a7c191628
C 342
R
P 0x7f2a7c191628
P 0x7f2a7c19c088
C 263
R
P 0x7f2a7c191628
C 342
R
P 0x7f2a7c191628
S "slot5Duration"
C 30
R
P 0x7f2a7c191628
C 342
R
P 0x7f2a7c191628
$ |slot5Duration|
C 202
R
P 0x7f2a7c191628
C 342
R
P 0x7f2a7c191628
$ |slot5Duration|
P 0x7f2a7c19b1e8
C 51
= 0x7f2a7c19c0c8
R
P 0x7f2a7c191628
C 342
R
P 0x7f2a7c191628
P 0x7f2a7c19c0c8
C 257
R
P 0x7f2a7c191628
C 342
R
P 0x7f2a7c191628
P 0x7f2a7c19c0c8
C 254
= 0x7f2a7c19b1e8
R
P 0x7f2a7c191628
C 342
R
P 0x7f2a7c191628
P 0x7f2a7c19b1e8
C 209
R
P 0x7f2a7c191628
C 342
R
P 0x7f2a7c191628
P 0x7f2a7c19c0c8
C 260
R
P 0x7f2a7c191628
C 342
R
P 0x7f2a7c191628
P 0x7f2a7c19c0c8
C 259
R
P 0x7f2a7c191628
C 342
R
P 0x7f2a7c191628
P 0x7f2a7c19c0c8
C 258
R
P 0x7f2a7c191628
C 342
R
P 0x7f2a7c191628
P 0x7f2a7c19c0c8
C 9
R
P 0x7f2a7c191628
C 342
R
P 0x7f2a7c191628
U 2
P 0x7f2a7c19c0a8
P 0x7f2a7c19c0c8
p 2
C 65
= 0x7f2a7c1a21f8
R
P 0x7f2a7c191628
C 342
R
P 0x7f2a7c191628
P 0x7f2a7c1a21f8
C 257
R
P 0x7f2a7c191628
C 342
R
P 0x7f2a7c191628
P 0x7f2a7c1a21f8
C 254
= 0x7f2a7c19b1e8
R
P 0x7f2a7c191628
C 342
R
P 0x7f2a7c191628
P 0x7f2a7c19b1e8
C 209
R
P 0x7f2a7c191628
C 342
R
P 0x7f2a7c191628
P 0x7f2a7c1a21f8
C 260
R
P 0x7f2a7c191628
C 342
R
P 0x7f2a7c191628
P 0x7f2a7c1a21f8
C 259
R
P 0x7f2a7c191628
C 342
R
P 0x7f2a7c191628
P 0x7f2a7c1a21f8
C 258
R
P 0x7f2a7c191628
C 342
R
P 0x7f2a7c191628
P 0x7f2a7c1a21f8
C 9
R
P 0x7f2a7c191628
C 342
R
P 0x7f2a7c191628
I 6
P 0x7f2a7c19b208
C 150
= 0x7f2a7c19c0e8
R
P 0x7f2a7c191628
C 342
R
P 0x7f2a7c191628
P 0x7f2a7c19c0e8
C 258
R
P 0x7f2a7c191628
C 342
R
P 0x7f2a7c191628
P 0x7f2a7c19c0e8
C 9
R
P 0x7f2a7c191628
C 342
R
P 0x7f2a7c191628
P 0x7f2a7c19c0e8
C 263
R
P 0x7f2a7c191628
C 342
R
P 0x7f2a7c191628
S "slot6Start"
C 30
R
P 0x7f2a7c191628
C 342
R
P 0x7f2a7c191628
$ |slot6Start|
C 202
R
P 0x7f2a7c191628
C 342
R
P 0x7f2a7c191628
$ |slot6Start|
P 0x7f2a7c19b1e8
C 51
= 0x7f2a7c19c108
R
P 0x7f2a7c191628
C 342
R
P 0x7f2a7c191628
P 0x7f2a7c19c108
C 257
R
P 0x7f2a7c191628
C 342
R
P 0x7f2a7c191628
P 0x7f2a7c19c108
C 254
= 0x7f2a7c19b1e8
R
P 0x7f2a7c191628
C 342
R
P 0x7f2a7c191628
P 0x7f2a7c19b1e8
C 209
R
P 0x7f2a7c191628
C 342
R
P 0x7f2a7c191628
P 0x7f2a7c19c108
C 260
R
P 0x7f2a7c191628
C 342
R
P 0x7f2a7c191628
P 0x7f2a7c19c108
C 259
R
P 0x7f2a7c191628
C 342
R
P 0x7f2a7c191628
P 0x7f2a7c19c108
C 258
R
P 0x7f2a7c191628
C 342
R
P 0x7f2a7c191628
P 0x7f2a7c19c108
C 9
R
P 0x7f2a7c191628
C 342
R
P 0x7f2a7c191628
I 6
P 0x7f2a7c19b208
C 150
= 0x7f2a7c19c0e8
R
P 0x7f2a7c191628
C 342
R
P 0x7f2a7c191628
P 0x7f2a7c19c0e8
C 258
R
P 0x7f2a7c191628
C 342
R
P 0x7f2a7c191628
P 0x7f2a7c19c0e8
C 9
R
P 0x7f2a7c191628
C 342
R
P 0x7f2a7c191628
P 0x7f2a7c19c0e8
C 263
R
P 0x7f2a7c191628
C 342
R
P 0x7f2a7c191628
S "slot6Duration"
C 30
R
P 0x7f2a7c191628
C 342
R
P 0x7f2a7c191628
$ |slot6Duration|
C 202
R
P 0x7f2a7c191628
C 342
R
P 0x7f2a7c191628
$ |slot6Duration|
P 0x7f2a7c19b1e8
C 51
= 0x7f2a7c19c128
R
P 0x7f2a7c191628
C 342
R
P 0x7f2a7c191628
P 0x7f2a7c19c128
C 257
R
P 0x7f2a7c191628
C 342
R
P 0x7f2a7c191628
P 0x7f2a7c19c128
C 254
= 0x7f2a7c19b1e8
R
P 0x7f2a7c191628
C 342
R
P 0x7f2a7c191628
P 0x7f2a7c19b1e8
C 209
R
P 0x7f2a7c191628
C 342
R
P 0x7f2a7c191628
P 0x7f2a7c19c128
C 260
R
P 0x7f2a7c191628
C 342
R
P 0x7f2a7c191628
P 0x7f2a7c19c128
C 259
R
P 0x7f2a7c191628
C 342
R
P 0x7f2a7c191628
P 0x7f2a7c19c128
C 258
R
P 0x7f2a7c191628
C 342
R
P 0x7f2a7c191628
P 0x7f2a7c19c128
C 9
R
P 0x7f2a7c191628
C 342
R
P 0x7f2a7c191628
U 2
P 0x7f2a7c19c108
P 0x7f2a7c19c128
p 2
C 65
= 0x7f2a7c1a2348
R
P 0x7f2a7c191628
C 342
R
P 0x7f2a7c191628
P 0x7f2a7c1a2348
C 257
R
P 0x7f2a7c191628
C 342
R
P 0x7f2a7c191628
P 0x7f2a7c1a2348
C 254
= 0x7f2a7c19b1e8
R
P 0x7f2a7c191628
C 342
R
P 0x7f2a7c191628
P 0x7f2a7c19b1e8
C 209
R
P 0x7f2a7c191628
C 342
R
P 0x7f2a7c191628
P 0x7f2a7c1a2348
C 260
R
P 0x7f2a7c191628
C 342
R
P 0x7f2a7c191628
P 0x7f2a7c1a2348
C 259
R
P 0x7f2a7c191628
C 342
R
P 0x7f2a7c191628
P 0x7f2a7c1a2348
C 258
R
P 0x7f2a7c191628
C 342
R
P 0x7f2a7c191628
P 0x7f2a7c1a2348
C 9
R
P 0x7f2a7c191628
C 342
R
P 0x7f2a7c191628
P 0x7f2a7c1a21f8
P 0x7f2a7c1a2348
C 74
= 0x7f2a7c479b28
R
P 0x7f2a7c191628
C 342
R
P 0x7f2a7c191628
P 0x7f2a7c479b28
C 258
R
P 0x7f2a7c191628
C 342
R
P 0x7f2a7c191628
P 0x7f2a7c479b28
C 9
R
P 0x7f2a7c191628
C 342
R
P 0x7f2a7c191628
U 2
P 0x7f2a7c479af0
P 0x7f2a7c479b28
p 2
C 63
= 0x7f2a7c479b60
R
P 0x7f2a7c191628
C 342
R
P 0x7f2a7c191628
P 0x7f2a7c479b60
C 258
R
P 0x7f2a7c191628
C 342
R
P 0x7f2a7c191628
P 0x7f2a7c479b60
C 9
R
P 0x7f2a7c191628
C 342
R
P 0x7f2a7c191628
P 0x7f2a7c479b60
C 58
= 0x7f2a7c19f148
R
P 0x7f2a7c191628
C 342
R
P 0x7f2a7c191628
P 0x7f2a7c19f148
C 258
R
P 0x7f2a7c191628
C 342
R
P 0x7f2a7c191628
P 0x7f2a7c19f148
C 9
R
P 0x7f2a7c191628
C 342
R
P 0x7f2a7c191628
P 0x7f2a7c19ef38
P 0x7f2a7c19f148
C 61
= 0x7f2a7c479b98
R
P 0x7f2a7c191628
C 342
R
P 0x7f2a7c191628
P 0x7f2a7c479b98
C 258
R
P 0x7f2a7c191628
C 342
R
P 0x7f2a7c191628
P 0x7f2a7c479b98
C 9
R
P 0x7f2a7c191628
C 342
R
P 0x7f2a7c191628
P 0x7f2a7c1e1fc8
P 0x7f2a7c479b98
C 427
R
P 0x7f2a7c191628
C 342
R
P 0x7f2a7c191628
I 5
P 0x7f2a7c19b208
C 150
= 0x7f2a7c19c088
R
P 0x7f2a7c191628
C 342
R
P 0x7f2a7c191628
P 0x7f2a7c19c088
C 258
R
P 0x7f2a7c191628
C 342
R
P 0x7f2a7c191628
P 0x7f2a7c19c088
C 9
R
P 0x7f2a7c191628
C 342
R
P 0x7f2a7c191628
I 7
P 0x7f2a7c19b208
C 150
= 0x7f2a7c19c148
R
P 0x7f2a7c191628
C 342
R
P 0x7f2a7c191628
P 0x7f2a7c19c148
C 258
R
P 0x7f2a7c191628
C 342
R
P 0x7f2a7c191628
P 0x7f2a7c19c148
C 9
R
P 0x7f2a7c191628
C 342
R
P 0x7f2a7c191628
P 0x7f2a7c19c088
P 0x7f2a7c19c148
C 56
= 0x7f2a7c479578
R
P 0x7f2a7c191628
C 342
R
P 0x7f2a7c191628
P 0x7f2a7c479578
C 258
R
P 0x7f2a7c191628
C 342
R
P 0x7f2a7c191628
P 0x7f2a7c479578
C 9
R
P 0x7f2a7c191628
C 342
R
P 0x7f2a7c191628
P 0x7f2a7c479578
C 58
= 0x7f2a7c19ef98
R
P 0x7f2a7c191628
C 342
R
P 0x7f2a7c191628
P 0x7f2a7c19ef98
C 258
R
P 0x7f2a7c191628
C 342
R
P 0x7f2a7c191628
P 0x7f2a7c19ef98
C 9
R
P 0x7f2a7c191628
C 342
R
P 0x7f2a7c191628
I 7
P 0x7f2a7c19b208
C 150
= 0x7f2a7c19c148
R
P 0x7f2a7c191628
C 342
R
P 0x7f2a7c191628
P 0x7f2a7c19c148
C 258
R
P 0x7f2a7c191628
C 342
R
P 0x7f2a7c191628
P 0x7f2a7c19c148
C 9
R
P 0x7f2a7c191628
C 342
R
P 0x7f2a7c191628
P 0x7f2a7c19c148
C 263
R
P 0x7f2a7c191628
C 342
R
P 0x7f2a7c191628
S "slot7Start"
C 30
R
P 0x7f2a7c191628
C 342
R
P 0x7f2a7c191628
$ |slot7Start|
C 202
R
P 0x7f2a7c191628
C 342
R
P 0x7f2a7c191628
$ |slot7Start|
P 0x7f2a7c19b1e8
C 51
= 0x7f2a7c19c168
R
P 0x7f2a7c191628
C 342
R
P 0x7f2a7c191628
P 0x7f2a7c19c168
C 257
R
P 0x7f2a7c191628
C 342
R
P 0x7f2a7c191628
P 0x7f2a7c19c168
C 254
= 0x7f2a7c19b1e8
R
P 0x7f2a7c191628
C 342
R
P 0x7f2a7c191628
P 0x7f2a7c19b1e8
C 209
R
P 0x7f2a7c191628
C 342
R
P 0x7f2a7c191628
P 0x7f2a7c19c168
C 260
R
P 0x7f2a7c191628
C 342
R
P 0x7f2a7c191628
P 0x7f2a7c19c168
C 259
R
P 0x7f2a7c191628
C 342
R
P 0x7f2a7c191628
P 0x7f2a7c19c168
C 258
R
P 0x7f2a7c191628
C 342
R
P 0x7f2a7c191628
P 0x7f2a7c19c168
C 9
R
P 0x7f2a7c191628
C 342
R
P 0x7f2a7c191628
I 5
P 0x7f2a7c19b208
C 150
= 0x7f2a7c19c088
R
P 0x7f2a7c191628
C 342
R
P 0x7f2a7c191628
P 0x7f2a7c19c088
C 258
R
P 0x7f2a7c191628
C 342
R
P 0x7f2a7c191628
P 0x7f2a7c19c088
C 9
R
P 0x7f2a7c191628
C 342
R
P 0x7f2a7c191628
P 0x7f2a7c19c088
C 263
R
P 0x7f2a7c191628
C 342
R
P 0x7f2a7c191628
S "slot5Start"
C 30
R
P 0x7f2a7c191628
C 342
R
P 0x7f2a7c191628
$ |slot5Start|
C 202
R
P 0x7f2a7c191628
C 342
R
P 0x7f2a7c191628
$ |slot5Start|
P 0x7f2a7c19b1e8
C 51
= 0x7f2a7c19c0a8
R
P 0x7f2a7c191628
C 342
R
P 0x7f2a7c191628
P 0x7f2a7c19c0a8
C 257
R
P 0x7f2a7c191628
C 342
R
P 0x7f2a7c191628
P 0x7f2a7c19c0a8
C 254
= 0x7f2a7c19b1e8
R
P 0x7f2a7c191628
C 342
R
P 0x7f2a7c191628
P 0x7f2a7c19b1e8
C 209
R
P 0x7f2a7c191628
C 342
R
P 0x7f2a7c191628
P 0x7f2a7c19c0a8
C 260
R
P 0x7f2a7c191628
C 342
R
P 0x7f2a7c191628
P 0x7f2a7c19c0a8
C 259
R
P 0x7f2a7c191628
C 342
R
P 0x7f2a7c191628
P 0x7f2a7c19c0a8
C 258
R
P 0x7f2a7c191628
C 342
R
P 0x7f2a7c191628
P 0x7f2a7c19c0a8
C 9
R
P 0x7f2a7c191628
C 342
R
P 0x7f2a7c191628
I 5
P 0x7f2a7c19b208
C 150
= 0x7f2a7c19c088
R
P 0x7f2a7c191628
C 342
R
P 0x7f2a7c191628
P 0x7f2a7c19c088
C 258
R
P 0x7f2a7c191628
C 342
R
P 0x7f2a7c191628
P 0x7f2a7c19c088
C 9
R
P 0x7f2a7c191628
C 342
R
P 0x7f2a7c191628
P 0x7f2a7c19c088
C 263
R
P 0x7f2a7c191628
C 342
R
P 0x7f2a7c191628
S "slot5Duration"
C 30
R
P 0x7f2a7c191628
C 342
R
P 0x7f2a7c191628
$ |slot5Duration|
C 202
R
P 0x7f2a7c191628
C 342
R
P 0x7f2a7c191628
$ |slot5Duration|
P 0x7f2a7c19b1e8
C 51
= 0x7f2a7c19c0c8
R
P 0x7f2a7c191628
C 342
R
P 0x7f2a7c191628
P 0x7f2a7c19c0c8
C 257
R
P 0x7f2a7c191628
C 342
R
P 0x7f2a7c191628
P 0x7f2a7c19c0c8
C 254
= 0x7f2a7c19b1e8
R
P 0x7f2a7c191628
C 342
R
P 0x7f2a7c191628
P 0x7f2a7c19b1e8
C 209
R
P 0x7f2a7c191628
C 342
R
P 0x7f2a7c191628
P 0x7f2a7c19c0c8
C 260
R
P 0x7f2a7c191628
C 342
R
P 0x7f2a7c191628
P 0x7f2a7c19c0c8
C 259
R
P 0x7f2a7c191628
C 342
R
P 0x7f2a7c191628
P 0x7f2a7c19c0c8
C 258
R
P 0x7f2a7c191628
C 342
R
P 0x7f2a7c191628
P 0x7f2a7c19c0c8
C 9
R
P 0x7f2a7c191628
C 342
R
P 0x7f2a7c191628
U 2
P 0x7f2a7c19c0a8
P 0x7f2a7c19c0c8
p 2
C 65
= 0x7f2a7c1a21f8
R
P 0x7f2a7c191628
C 342
R
P 0x7f2a7c191628
P 0x7f2a7c1a21f8
C 257
R
P 0x7f2a7c191628
C 342
R
P 0x7f2a7c191628
P 0x7f2a7c1a21f8
C 254
= 0x7f2a7c19b1e8
R
P 0x7f2a7c191628
C 342
R
P 0x7f2a7c191628
P 0x7f2a7c19b1e8
C 209
R
P 0x7f2a7c191628
C 342
R
P 0x7f2a7c191628
P 0x7f2a7c1a21f8
C 260
R
P 0x7f2a7c191628
C 342
R
P 0x7f2a7c191628
P 0x7f2a7c1a21f8
C 259
R
P 0x7f2a7c191628
C 342
R
P 0x7f2a7c191628
P 0x7f2a7c1a21f8
C 258
R
P 0x7f2a7c191628
C 342
R
P 0x7f2a7c191628
P 0x7f2a7c1a21f8
C 9
R
P 0x7f2a7c191628
C 342
R
P 0x7f2a7c191628
P 0x7f2a7c19c168
P 0x7f2a7c1a21f8
C 74
= 0x7f2a7c479bd0
R
P 0x7f2a7c191628
C 342
R
P 0x7f2a7c191628
P 0x7f2a7c479bd0
C 258
R
P 0x7f2a7c191628
C 342
R
P 0x7f2a7c191628
P 0x7f2a7c479bd0
C 9
R
P 0x7f2a7c191628
C 342
R
P 0x7f2a7c191628
I 5
P 0x7f2a7c19b208
C 150
= 0x7f2a7c19c088
R
P 0x7f2a7c191628
C 342
R
P 0x7f2a7c191628
P 0x7f2a7c19c088
C 258
R
P 0x7f2a7c191628
C 342
R
P 0x7f2a7c191628
P 0x7f2a7c19c088
C 9
R
P 0x7f2a7c191628
C 342
R
P 0x7f2a7c191628
P 0x7f2a7c19c088
C 263
R
P 0x7f2a7c191628
C 342
R
P 0x7f2a7c191628
S "slot5Start"
C 30
R
P 0x7f2a7c191628
C 342
R
P 0x7f2a7c191628
$ |slot5Start|
C 202
R
P 0x7f2a7c191628
C 342
R
P 0x7f2a7c191628
$ |slot5Start|
P 0x7f2a7c19b1e8
C 51
= 0x7f2a7c19c0a8
R
P 0x7f2a7c191628
C 342
R
P 0x7f2a7c191628
P 0x7f2a7c19c0a8
C 257
R
P 0x7f2a7c191628
C 342
R
P 0x7f2a7c191628
P 0x7f2a7c19c0a8
C 254
= 0x7f2a7c19b1e8
R
P 0x7f2a7c191628
C 342
R
P 0x7f2a7c191628
P 0x7f2a7c19b1e8
C 209
R
P 0x7f2a7c191628
C 342
R
P 0x7f2a7c191628
P 0x7f2a7c19c0a8
C 260
R
P 0x7f2a7c191628
C 342
R
P 0x7f2a7c191628
P 0x7f2a7c19c0a8
C 259
R
P 0x7f2a7c191628
C 342
R
P 0x7f2a7c191628
P 0x7f2a7c19c0a8
C 258
R
P 0x7f2a7c191628
C 342
R
P 0x7f2a7c191628
P 0x7f2a7c19c0a8
C 9
R
P 0x7f2a7c191628
C 342
R
P 0x7f2a7c191628
I 5
P 0x7f2a7c19b208
C 150
= 0x7f2a7c19c088
R
P 0x7f2a7c191628
C 342
R
P 0x7f2a7c191628
P 0x7f2a7c19c088
C 258
R
P 0x7f2a7c191628
C 342
R
P 0x7f2a7c191628
P 0x7f2a7c19c088
C 9
R
P 0x7f2a7c191628
C 342
R
P 0x7f2a7c191628
P 0x7f2a7c19c088
C 263
R
P 0x7f2a7c191628
C 342
R
P 0x7f2a7c191628
S "slot5Duration"
C 30
R
P 0x7f2a7c191628
C 342
R
P 0x7f2a7c191628
$ |slot5Duration|
C 202
R
P 0x7f2a7c191628
C 342
R
P 0x7f2a7c191628
$ |slot5Duration|
P 0x7f2a7c19b1e8
C 51
= 0x7f2a7c19c0c8
R
P 0x7f2a7c191628
C 342
R
P 0x7f2a7c191628
P 0x7f2a7c19c0c8
C 257
R
P 0x7f2a7c191628
C 342
R
P 0x7f2a7c191628
P 0x7f2a7c19c0c8
C 254
= 0x7f2a7c19b1e8
R
P 0x7f2a7c191628
C 342
R
P 0x7f2a7c191628
P 0x7f2a7c19b1e8
C 209
R
P 0x7f2a7c191628
C 342
R
P 0x7f2a7c191628
P 0x7f2a7c19c0c8
C 260
R
P 0x7f2a7c191628
C 342
R
P 0x7f2a7c191628
P 0x7f2a7c19c0c8
C 259
R
P 0x7f2a7c191628
C 342
R
P 0x7f2a7c191628
P 0x7f2a7c19c0c8
C 258
R
P 0x7f2a7c191628
C 342
R
P 0x7f2a7c191628
P 0x7f2a7c19c0c8
C 9
R
P 0x7f2a7c191628
C 342
R
P 0x7f2a7c191628
U 2
P 0x7f2a7c19c0a8
P 0x7f2a7c19c0c8
p 2
C 65
= 0x7f2a7c1a21f8
R
P 0x7f2a7c191628
C 342
R
P 0x7f2a7c191628
P 0x7f2a7c1a21f8
C 257
R
P 0x7f2a7c191628
C 342
R
P 0x7f2a7c191628
P 0x7f2a7c1a21f8
C 254
= 0x7f2a7c19b1e8
R
P 0x7f2a7c191628
C 342
R
P 0x7f2a7c191628
P 0x7f2a7c19b1e8
C 209
R
P 0x7f2a7c191628
C 342
R
P 0x7f2a7c191628
P 0x7f2a7c1a21f8
C 260
R
P 0x7f2a7c191628
C 342
R
P 0x7f2a7c191628
P 0x7f2a7c1a21f8
C 259
R
P 0x7f2a7c191628
C 342
R
P 0x7f2a7c191628
P 0x7f2a7c1a21f8
C 258
R
P 0x7f2a7c191628
C 342
R
P 0x7f2a7c191628
P 0x7f2a7c1a21f8
C 9
R
P 0x7f2a7c191628
C 342
R
P 0x7f2a7c191628
I 7
P 0x7f2a7c19b208
C 150
= 0x7f2a7c19c148
R
P 0x7f2a7c191628
C 342
R
P 0x7f2a7c191628
P 0x7f2a7c19c148
C 258
R
P 0x7f2a7c191628
C 342
R
P 0x7f2a7c191628
P 0x7f2a7c19c148
C 9
R
P 0x7f2a7c191628
C 342
R
P 0x7f2a7c191628
P 0x7f2a7c19c148
C 263
R
P 0x7f2a7c191628
C 342
R
P 0x7f2a7c191628
S "slot7Start"
C 30
R
P 0x7f2a7c191628
C 342
R
P 0x7f2a7c191628
$ |slot7Start|
C 202
R
P 0x7f2a7c191628
C 342
R
P 0x7f2a7c191628
$ |slot7Start|
P 0x7f2a7c19b1e8
C 51
= 0x7f2a7c19c168
R
P 0x7f2a7c191628
C 342
R
P 0x7f2a7c191628
P 0x7f2a7c19c168
C 257
R
P 0x7f2a7c191628
C 342
R
P 0x7f2a7c191628
P 0x7f2a7c19c168
C 254
= 0x7f2a7c19b1e8
R
P 0x7f2a7c191628
C 342
R
P 0x7f2a7c191628
P 0x7f2a7c19b1e8
C 209
R
P 0x7f2a7c191628
C 342
R
P 0x7f2a7c191628
P 0x7f2a7c19c168
C 260
R
P 0x7f2a7c191628
C 342
R
P 0x7f2a7c191628
P 0x7f2a7c19c168
C 259
R
P 0x7f2a7c191628
C 342
R
P 0x7f2a7c191628
P 0x7f2a7c19c168
C 258
R
P 0x7f2a7c191628
C 342
R
P 0x7f2a7c191628
P 0x7f2a7c19c168
C 9
R
P 0x7f2a7c191628
C 342
R
P 0x7f2a7c191628
I 7
P 0x7f2a7c19b208
C 150
= 0x7f2a7c19c148
R
P 0x7f2a7c191628
C 342
R
P 0x7f2a7c191628
P 0x7f2a7c19c148
C 258
R
P 0x7f2a7c191628
C 342
R
P 0x7f2a7c191628
P 0x7f2a7c19c148
C 9
R
P 0x7f2a7c191628
C 342
R
P 0x7f2a7c191628
P 0x7f2a7c19c148
C 263
R
P 0x7f2a7c191628
C 342
R
P 0x7f2a7c191628
S "slot7Duration"
C 30
R
P 0x7f2a7c191628
C 342
R
P 0x7f2a7c191628
$ |slot7Duration|
C 202
R
P 0x7f2a7c191628
C 342
R
P 0x7f2a7c191628
$ |slot7Duration|
P 0x7f2a7c19b1e8
C 51
= 0x7f2a7c19c188
R
P 0x7f2a7c191628
C 342
R
P 0x7f2a7c191628
P 0x7f2a7c19c188
C 257
R
P 0x7f2a7c191628
C 342
R
P 0x7f2a7c191628
P 0x7f2a7c19c188
C 254
= 0x7f2a7c19b1e8
R
P 0x7f2a7c191628
C 342
R
P 0x7f2a7c191628
P 0x7f2a7c19b1e8
C 209
R
P 0x7f2a7c191628
C 342
R
P 0x7f2a7c191628
P 0x7f2a7c19c188
C 260
R
P 0x7f2a7c191628
C 342
R
P 0x7f2a7c191628
P 0x7f2a7c19c188
C 259
R
P 0x7f2a7c191628
C 342
R
P 0x7f2a7c191628
P 0x7f2a7c19c188
C 258
R
P 0x7f2a7c191628
C 342
R
P 0x7f2a7c191628
P 0x7f2a7c19c188
C 9
R
P 0x7f2a7c191628
C 342
R
P 0x7f2a7c191628
U 2
P 0x7f2a7c19c168
P 0x7f2a7c19c188
p 2
C 65
= 0x7f2a7c1a2498
R
P 0x7f2a7c191628
C 342
R
P 0x7f2a7c191628
P 0x7f2a7c1a2498
C 257
R
P 0x7f2a7c191628
C 342
R
P 0x7f2a7c191628
P 0x7f2a7c1a2498
C 254
= 0x7f2a7c19b1e8
R
P 0x7f2a7c191628
C 342
R
P 0x7f2a7c191628
P 0x7f2a7c19b1e8
C 209
R
P 0x7f2a7c191628
C 342
R
P 0x7f2a7c191628
P 0x7f2a7c1a2498
C 260
R
P 0x7f2a7c191628
C 342
R
P 0x7f2a7c191628
P 0x7f2a7c1a2498
C 259
R
P 0x7f2a7c191628
C 342
R
P 0x7f2a7c191628
P 0x7f2a7c1a2498
C 258
R
P 0x7f2a7c191628
C 342
R
P 0x7f2a7c191628
P 0x7f2a7c1a2498
C 9
R
P 0x7f2a7c191628
C 342
R
P 0x7f2a7c191628
P 0x7f2a7c1a21f8
P 0x7f2a7c1a2498
C 74
= 0x7f2a7c479c08
R
P 0x7f2a7c191628
C 342
R
P 0x7f2a7c191628
P 0x7f2a7c479c08
C 258
R
P 0x7f2a7c191628
C 342
R
P 0x7f2a7c191628
P 0x7f2a7c479c08
C 9
R
P 0x7f2a7c191628
C 342
R
P 0x7f2a7c191628
U 2
P 0x7f2a7c479bd0
P 0x7f2a7c479c08
p 2
C 63
= 0x7f2a7c479c40
R
P 0x7f2a7c191628
C 342
R
P 0x7f2a7c191628
P 0x7f2a7c479c40
C 258
R
P 0x7f2a7c191628
C 342
R
P 0x7f2a7c191628
P 0x7f2a7c479c40
C 9
R
P 0x7f2a7c191628
C 342
R
P 0x7f2a7c191628
P 0x7f2a7c479c40
C 58
= 0x7f2a7c473228
R
P 0x7f2a7c191628
C 342
R
P 0x7f2a7c191628
P 0x7f2a7c473228
C 258
R
P 0x7f2a7c191628
C 342
R
P 0x7f2a7c191628
P 0x7f2a7c473228
C 9
R
P 0x7f2a7c191628
C 342
R
P 0x7f2a7c191628
P 0x7f2a7c19ef98
P 0x7f2a7c473228
C 61
= 0x7f2a7c479c78
R
P 0x7f2a7c191628
C 342
R
P 0x7f2a7c191628
P 0x7f2a7c479c78
C 258
R
P 0x7f2a7c191628
C 342
R
P 0x7f2a7c191628
P 0x7f2a7c479c78
C 9
R
P 0x7f2a7c191628
C 342
R
P 0x7f2a7c191628
P 0x7f2a7c1e1fc8
P 0x7f2a7c479c78
C 427
R
P 0x7f2a7c191628
C 342
R
P 0x7f2a7c191628
I 5
P 0x7f2a7c19b208
C 150
= 0x7f2a7c19c088
R
P 0x7f2a7c191628
C 342
R
P 0x7f2a7c191628
P 0x7f2a7c19c088
C 258
R
P 0x7f2a7c191628
C 342
R
P 0x7f2a7c191628
P 0x7f2a7c19c088
C 9
R
P 0x7f2a7c191628
C 342
R
P 0x7f2a7c191628
I 8
P 0x7f2a7c19b208
C 150
= 0x7f2a7c19c1a8
R
P 0x7f2a7c191628
C 342
R
P 0x7f2a7c191628
P 0x7f2a7c19c1a8
C 258
R
P 0x7f2a7c191628
C 342
R
P 0x7f2a7c191628
P 0x7f2a7c19c1a8
C 9
R
P 0x7f2a7c191628
C 342
R
P 0x7f2a7c191628
P 0x7f2a7c19c088
P 0x7f2a7c19c1a8
C 56
= 0x7f2a7c479690
R
P 0x7f2a7c191628
C 342
R
P 0x7f2a7c191628
P 0x7f2a7c479690
C 258
R
P 0x7f2a7c191628
C 342
R
P 0x7f2a7c191628
P 0x7f2a7c479690
C 9
R
P 0x7f2a7c191628
C 342
R
P 0x7f2a7c191628
P 0x7f2a7c479690
C 58
= 0x7f2a7c19eff8
R
P 0x7f2a7c191628
C 342
R
P 0x7f2a7c191628
P 0x7f2a7c19eff8
C 258
R
P 0x7f2a7c191628
C 342
R
P 0x7f2a7c191628
P 0x7f2a7c19eff8
C 9
R
P 0x7f2a7c191628
C 342
R
P 0x7f2a7c191628
I 8
P 0x7f2a7c19b208
C 150
= 0x7f2a7c19c1a8
R
P 0x7f2a7c191628
C 342
R
P 0x7f2a7c191628
P 0x7f2a7c19c1a8
C 258
R
P 0x7f2a7c191628
C 342
R
P 0x7f2a7c191628
P 0x7f2a7c19c1a8
C 9
R
P 0x7f2a7c191628
C 342
R
P 0x7f2a7c191628
P 0x7f2a7c19c1a8
C 263
R
P 0x7f2a7c191628
C 342
R
P 0x7f2a7c191628
S "slot8Start"
C 30
R
P 0x7f2a7c191628
C 342
R
P 0x7f2a7c191628
$ |slot8Start|
C 202
R
P 0x7f2a7c191628
C 342
R
P 0x7f2a7c191628
$ |slot8Start|
P 0x7f2a7c19b1e8
C 51
= 0x7f2a7c19c1c8
R
P 0x7f2a7c191628
C 342
R
P 0x7f2a7c191628
P 0x7f2a7c19c1c8
C 257
R
P 0x7f2a7c191628
C 342
R
P 0x7f2a7c191628
P 0x7f2a7c19c1c8
C 254
= 0x7f2a7c19b1e8
R
P 0x7f2a7c191628
C 342
R
P 0x7f2a7c191628
P 0x7f2a7c19b1e8
C 209
R
P 0x7f2a7c191628
C 342
R
P 0x7f2a7c191628
P 0x7f2a7c19c1c8
C 260
R
P 0x7f2a7c191628
C 342
R
P 0x7f2a7c191628
P 0x7f2a7c19c1c8
C 259
R
P 0x7f2a7c191628
C 342
R
P 0x7f2a7c191628
P 0x7f2a7c19c1c8
C 258
R
P 0x7f2a7c191628
C 342
R
P 0x7f2a7c191628
P 0x7f2a7c19c1c8
C 9
R
P 0x7f2a7c191628
C 342
R
P 0x7f2a7c191628
I 5
P 0x7f2a7c19b208
C 150
= 0x7f2a7c19c088
R
P 0x7f2a7c191628
C 342
R
P 0x7f2a7c191628
P 0x7f2a7c19c088
C 258
R
P 0x7f2a7c191628
C 342
R
P 0x7f2a7c191628
P 0x7f2a7c19c088
C 9
R
P 0x7f2a7c191628
C 342
R
P 0x7f2a7c191628
P 0x7f2a7c19c088
C 263
R
P 0x7f2a7c191628
C 342
R
P 0x7f2a7c191628
S "slot5Start"
C 30
R
P 0x7f2a7c191628
C 342
R
P 0x7f2a7c191628
$ |slot5Start|
C 202
R
P 0x7f2a7c191628
C 342
R
P 0x7f2a7c191628
$ |slot5Start|
P 0x7f2a7c19b1e8
C 51
= 0x7f2a7c19c0a8
R
P 0x7f2a7c191628
C 342
R
P 0x7f2a7c191628
P 0x7f2a7c19c0a8
C 257
R
P 0x7f2a7c191628
C 342
R
P 0x7f2a7c191628
P 0x7f2a7c19c0a8
C 254
= 0x7f2a7c19b1e8
R
P 0x7f2a7c191628
C 342
R
P 0x7f2a7c191628
P 0x7f2a7c19b1e8
C 209
R
P 0x7f2a7c191628
C 342
R
P 0x7f2a7c191628
P 0x7f2a7c19c0a8
C 260
R
P 0x7f2a7c191628
C 342
R
P 0x7f2a7c191628
P 0x7f2a7c19c0a8
C 259
R
P 0x7f2a7c191628
C 342
R
P 0x7f2a7c191628
P 0x7f2a7c19c0a8
C 258
R
P 0x7f2a7c191628
C 342
R
P 0x7f2a7c191628
P 0x7f2a7c19c0a8
C 9
R
P 0x7f2a7c191628
C 342
R
P 0x7f2a7c191628
I 5
P 0x7f2a7c19b208
C 150
= 0x7f2a7c19c088
R
P 0x7f2a7c191628
C 342
R
P 0x7f2a7c191628
P 0x7f2a7c19c088
C 258
R
P 0x7f2a7c191628
C 342
R
P 0x7f2a7c191628
P 0x7f2a7c19c088
C 9
R
P 0x7f2a7c191628
C 342
R
P 0x7f2a7c191628
P 0x7f2a7c19c088
C 263
R
P 0x7f2a7c191628
C 342
R
P 0x7f2a7c191628
S "slot5Duration"
C 30
R
P 0x7f2a7c191628
C 342
R
P 0x7f2a7c191628
$ |slot5Duration|
C 202
R
P 0x7f2a7c191628
C 342
R
P 0x7f2a7c191628
$ |slot5Duration|
P 0x7f2a7c19b1e8
C 51
= 0x7f2a7c19c0c8
R
P 0x7f2a7c191628
C 342
R
P 0x7f2a7c191628
P 0x7f2a7c19c0c8
C 257
R
P 0x7f2a7c191628
C 342
R
P 0x7f2a7c191628
P 0x7f2a7c19c0c8
C 254
= 0x7f2a7c19b1e8
R
P 0x7f2a7c191628
C 342
R
P 0x7f2a7c191628
P 0x7f2a7c19b1e8
C 209
R
P 0x7f2a7c191628
C 342
R
P 0x7f2a7c191628
P 0x7f2a7c19c0c8
C 260
R
P 0x7f2a7c191628
C 342
R
P 0x7f2a7c191628
P 0x7f2a7c19c0c8
C 259
R
P 0x7f2a7c191628
C 342
R
P 0x7f2a7c191628
P 0x7f2a7c19c0c8
C 258
R
P 0x7f2a7c191628
C 342
R
P 0x7f2a7c191628
P 0x7f2a7c19c0c8
C 9
R
P 0x7f2a7c191628
C 342
R
P 0x7f2a7c191628
U 2
P 0x7f2a7c19c0a8
P 0x7f2a7c19c0c8
p 2
C 65
= 0x7f2a7c1a21f8
R
P 0x7f2a7c191628
C 342
R
P 0x7f2a7c191628
P 0x7f2a7c1a21f8
C 257
R
P 0x7f2a7c191628
C 342
R
P 0x7f2a7c191628
P 0x7f2a7c1a21f8
C 254
= 0x7f2a7c19b1e8
R
P 0x7f2a7c191628
C 342
R
P 0x7f2a7c191628
P 0x7f2a7c19b1e8
C 209
R
P 0x7f2a7c191628
C 342
R
P 0x7f2a7c191628
P 0x7f2a7c1a21f8
C 260
R
P 0x7f2a7c191628
C 342
R
P 0x7f2a7c191628
P 0x7f2a7c1a21f8
C 259
R
P 0x7f2a7c191628
C 342
R
P 0x7f2a7c191628
P 0x7f2a7c1a21f8
C 258
R
P 0x7f2a7c191628
C 342
R
P 0x7f2a7c191628
P 0x7f2a7c1a21f8
C 9
R
P 0x7f2a7c191628
C 342
R
P 0x7f2a7c191628
P 0x7f2a7c19c1c8
P 0x7f2a7c1a21f8
C 74
= 0x7f2a7c479cb0
R
P 0x7f2a7c191628
C 342
R
P 0x7f2a7c191628
P 0x7f2a7c479cb0
C 258
R
P 0x7f2a7c191628
C 342
R
P 0x7f2a7c191628
P 0x7f2a7c479cb0
C 9
R
P 0x7f2a7c191628
C 342
R
P 0x7f2a7c191628
I 5
P 0x7f2a7c19b208
C 150
= 0x7f2a7c19c088
R
P 0x7f2a7c191628
C 342
R
P 0x7f2a7c191628
P 0x7f2a7c19c088
C 258
R
P 0x7f2a7c191628
C 342
R
P 0x7f2a7c191628
P 0x7f2a7c19c088
C 9
R
P 0x7f2a7c191628
C 342
R
P 0x7f2a7c191628
P 0x7f2a7c19c088
C 263
R
P 0x7f2a7c191628
C 342
R
P 0x7f2a7c191628
S "slot5Start"
C 30
R
P 0x7f2a7c191628
C 342
R
P 0x7f2a7c191628
$ |slot5Start|
C 202
R
P 0x7f2a7c191628
C 342
R
P 0x7f2a7c191628
$ |slot5Start|
P 0x7f2a7c19b1e8
C 51
= 0x7f2a7c19c0a8
R
P 0x7f2a7c191628
C 342
R
P 0x7f2a7c191628
P 0x7f2a7c19c0a8
C 257
R
P 0x7f2a7c191628
C 342
R
P 0x7f2a7c191628
P 0x7f2a7c19c0a8
C 254
= 0x7f2a7c19b1e8
R
P 0x7f2a7c191628
C 342
R
P 0x7f2a7c191628
P 0x7f2a7c19b1e8
C 209
R
P 0x7f2a7c191628
C 342
R
P 0x7f2a7c191628
P 0x7f2a7c19c0a8
C 260
R
P 0x7f2a7c191628
C 342
R
P 0x7f2a7c191628
P 0x7f2a7c19c0a8
C 259
R
P 0x7f2a7c191628
C 342
R
P 0x7f2a7c191628
P 0x7f2a7c19c0a8
C 258
R
P 0x7f2a7c191628
C 342
R
P 0x7f2a7c191628
P 0x7f2a7c19c0a8
C 9
R
P 0x7f2a7c191628
C 342
R
P 0x7f2a7c191628
I 5
P 0x7f2a7c19b208
C 150
= 0x7f2a7c19c088
R
P 0x7f2a7c191628
C 342
R
P 0x7f2a7c191628
P 0x7f2a7c19c088
C 258
R
P 0x7f2a7c191628
C 342
R
P 0x7f2a7c191628
P 0x7f2a7c19c088
C 9
R
P 0x7f2a7c191628
C 342
R
P 0x7f2a7c191628
P 0x7f2a7c19c088
C 263
R
P 0x7f2a7c191628
C 342
R
P 0x7f2a7c191628
S "slot5Duration"
C 30
R
P 0x7f2a7c191628
C 342
R
P 0x7f2a7c191628
$ |slot5Duration|
C 202
R
P 0x7f2a7c191628
C 342
R
P 0x7f2a7c191628
$ |slot5Duration|
P 0x7f2a7c19b1e8
C 51
= 0x7f2a7c19c0c8
R
P 0x7f2a7c191628
C 342
R
P 0x7f2a7c191628
P 0x7f2a7c19c0c8
C 257
R
P 0x7f2a7c191628
C 342
R
P 0x7f2a7c191628
P 0x7f2a7c19c0c8
C 254
= 0x7f2a7c19b1e8
R
P 0x7f2a7c191628
C 342
R
P 0x7f2a7c191628
P 0x7f2a7c19b1e8
C 209
R
P 0x7f2a7c191628
C 342
R
P 0x7f2a7c191628
P 0x7f2a7c19c0c8
C 260
R
P 0x7f2a7c191628
C 342
R
P 0x7f2a7c191628
P 0x7f2a7c19c0c8
C 259
R
P 0x7f2a7c191628
C 342
R
P 0x7f2a7c191628
P 0x7f2a7c19c0c8
C 258
R
P 0x7f2a7c191628
C 342
R
P 0x7f2a7c191628
P 0x7f2a7c19c0c8
C 9
R
P 0x7f2a7c191628
C 342
R
P 0x7f2a7c191628
U 2
P 0x7f2a7c19c0a8
P 0x7f2a7c19c0c8
p 2
C 65
= 0x7f2a7c1a21f8
R
P 0x7f2a7c191628
C 342
R
P 0x7f2a7c191628
P 0x7f2a7c1a21f8
C 257
R
P 0x7f2a7c191628
C 342
R
P 0x7f2a7c191628
P 0x7f2a7c1a21f8
C 254
= 0x7f2a7c19b1e8
R
P 0x7f2a7c191628
C 342
R
P 0x7f2a7c191628
P 0x7f2a7c19b1e8
C 209
R
P 0x7f2a7c191628
C 342
R
P 0x7f2a7c191628
P 0x7f2a7c1a21f8
C 260
R
P 0x7f2a7c191628
C 342
R
P 0x7f2a7c191628
P 0x7f2a7c1a21f8
C 259
R
P 0x7f2a7c191628
C 342
R
P 0x7f2a7c191628
P 0x7f2a7c1a21f8
C 258
R
P 0x7f2a7c191628
C 342
R
P 0x7f2a7c191628
P 0x7f2a7c1a21f8
C 9
R
P 0x7f2a7c191628
C 342
R
P 0x7f2a7c191628
I 8
P 0x7f2a7c19b208
C 150
= 0x7f2a7c19c1a8
R
P 0x7f2a7c191628
C 342
R
P 0x7f2a7c191628
P 0x7f2a7c19c1a8
C 258
R
P 0x7f2a7c191628
C 342
R
P 0x7f2a7c191628
P 0x7f2a7c19c1a8
C 9
R
P 0x7f2a7c191628
C 342
R
P 0x7f2a7c191628
P 0x7f2a7c19c1a8
C 263
R
P 0x7f2a7c191628
C 342
R
P 0x7f2a7c191628
S "slot8Start"
C 30
R
P 0x7f2a7c191628
C 342
R
P 0x7f2a7c191628
$ |slot8Start|
C 202
R
P 0x7f2a7c191628
C 342
R
P 0x7f2a7c191628
$ |slot8Start|
P 0x7f2a7c19b1e8
C 51
= 0x7f2a7c19c1c8
R
P 0x7f2a7c191628
C 342
R
P 0x7f2a7c191628
P 0x7f2a7c19c1c8
C 257
R
P 0x7f2a7c191628
C 342
R
P 0x7f2a7c191628
P 0x7f2a7c19c1c8
C 254
= 0x7f2a7c19b1e8
R
P 0x7f2a7c191628
C 342
R
P 0x7f2a7c191628
P 0x7f2a7c19b1e8
C 209
R
P 0x7f2a7c191628
C 342
R
P 0x7f2a7c191628
P 0x7f2a7c19c1c8
C 260
R
P 0x7f2a7c191628
C 342
R
P 0x7f2a7c191628
P 0x7f2a7c19c1c8
C 259
R
P 0x7f2a7c191628
C 342
R
P 0x7f2a7c191628
P 0x7f2a7c19c1c8
C 258
R
P 0x7f2a7c191628
C 342
R
P 0x7f2a7c191628
P 0x7f2a7c19c1c8
C 9
R
P 0x7f2a7c191628
C 342
R
P 0x7f2a7c191628
I 8
P 0x7f2a7c19b208
C 150
= 0x7f2a7c19c1a8
R
P 0x7f2a7c191628
C 342
R
P 0x7f2a7c191628
P 0x7f2a7c19c1a8
C 258
R
P 0x7f2a7c191628
C 342
R
P 0x7f2a7c191628
P 0x7f2a7c19c1a8
C 9
R
P 0x7f2a7c191628
C 342
R
P 0x7f2a7c191628
P 0x7f2a7c19c1a8
C 263
R
P 0x7f2a7c191628
C 342
R
P 0x7f2a7c191628
S "slot8Duration"
C 30
R
P 0x7f2a7c191628
C 342
R
P 0x7f2a7c191628
$ |slot8Duration|
C 202
R
P 0x7f2a7c191628
C 342
R
P 0x7f2a7c191628
$ |slot8Duration|
P 0x7f2a7c19b1e8
C 51
= 0x7f2a7c19c1e8
R
P 0x7f2a7c191628
C 342
R
P 0x7f2a7c191628
P 0x7f2a7c19c1e8
C 257
R
P 0x7f2a7c191628
C 342
R
P 0x7f2a7c191628
P 0x7f2a7c19c1e8
C 254
= 0x7f2a7c19b1e8
R
P 0x7f2a7c191628
C 342
R
P 0x7f2a7c191628
P 0x7f2a7c19b1e8
C 209
R
P 0x7f2a7c191628
C 342
R
P 0x7f2a7c191628
P 0x7f2a7c19c1e8
C 260
R
P 0x7f2a7c191628
C 342
R
P 0x7f2a7c191628
P 0x7f2a7c19c1e8
C 259
R
P 0x7f2a7c191628
C 342
R
P 0x7f2a7c191628
P 0x7f2a7c19c1e8
C 258
R
P 0x7f2a7c191628
C 342
R
P 0x7f2a7c191628
P 0x7f2a7c19c1e8
C 9
R
P 0x7f2a7c191628
C 342
R
P 0x7f2a7c191628
U 2
P 0x7f2a7c19c1c8
P 0x7f2a7c19c1e8
p 2
C 65
= 0x7f2a7c1a25e8
R
P 0x7f2a7c191628
C 342
R
P 0x7f2a7c191628
P 0x7f2a7c1a25e8
C 257
R
P 0x7f2a7c191628
C 342
R
P 0x7f2a7c191628
P 0x7f2a7c1a25e8
C 254
= 0x7f2a7c19b1e8
R
P 0x7f2a7c191628
C 342
R
P 0x7f2a7c191628
P 0x7f2a7c19b1e8
C 209
R
P 0x7f2a7c191628
C 342
R
P 0x7f2a7c191628
P 0x7f2a7c1a25e8
C 260
R
P 0x7f2a7c191628
C 342
R
P 0x7f2a7c191628
P 0x7f2a7c1a25e8
C 259
R
P 0x7f2a7c191628
C 342
R
P 0x7f2a7c191628
P 0x7f2a7c1a25e8
C 258
R
P 0x7f2a7c191628
C 342
R
P 0x7f2a7c191628
P 0x7f2a7c1a25e8
C 9
R
P 0x7f2a7c191628
C 342
R
P 0x7f2a7c191628
P 0x7f2a7c1a21f8
P 0x7f2a7c1a25e8
C 74
= 0x7f2a7c479ce8
R
P 0x7f2a7c191628
C 342
R
P 0x7f2a7c191628
P 0x7f2a7c479ce8
C 258
R
P 0x7f2a7c191628
C 342
R
P 0x7f2a7c191628
P 0x7f2a7c479ce8
C 9
R
P 0x7f2a7c191628
C 342
R
P 0x7f2a7c191628
U 2
P 0x7f2a7c479cb0
P 0x7f2a7c479ce8
p 2
C 63
= 0x7f2a7c479d20
R
P 0x7f2a7c191628
C 342
R
P 0x7f2a7c191628
P 0x7f2a7c479d20
C 258
R
P 0x7f2a7c191628
C 342
R
P 0x7f2a7c191628
P 0x7f2a7c479d20
C 9
R
P 0x7f2a7c191628
C 342
R
P 0x7f2a7c191628
P 0x7f2a7c479d20
C 58
= 0x7f2a7c473258
R
P 0x7f2a7c191628
C 342
R
P 0x7f2a7c191628
P 0x7f2a7c473258
C 258
R
P 0x7f2a7c191628
C 342
R
P 0x7f2a7c191628
P 0x7f2a7c473258
C 9
R
P 0x7f2a7c191628
C 342
R
P 0x7f2a7c191628
P 0x7f2a7c19eff8
P 0x7f2a7c473258
C 61
= 0x7f2a7c479d58
R
P 0x7f2a7c191628
C 342
R
P 0x7f2a7c191628
P 0x7f2a7c479d58
C 258
R
P 0x7f2a7c191628
C 342
R
P 0x7f2a7c191628
P 0x7f2a7c479d58
C 9
R
P 0x7f2a7c191628
C 342
R
P 0x7f2a7c191628
P 0x7f2a7c1e1fc8
P 0x7f2a7c479d58
C 427
R
P 0x7f2a7c191628
C 342
R
P 0x7f2a7c191628
I 6
P 0x7f2a7c19b208
C 150
= 0x7f2a7c19c0e8
R
P 0x7f2a7c191628
C 342
R
P 0x7f2a7c191628
P 0x7f2a7c19c0e8
C 258
R
P 0x7f2a7c191628
C 342
R
P 0x7f2a7c191628
P 0x7f2a7c19c0e8
C 9
R
P 0x7f2a7c191628
C 342
R
P 0x7f2a7c191628
P 0x7f2a7c19c0e8
C 263
R
P 0x7f2a7c191628
C 342
R
P 0x7f2a7c191628
S "slot6Start"
C 30
R
P 0x7f2a7c191628
C 342
R
P 0x7f2a7c191628
$ |slot6Start|
C 202
R
P 0x7f2a7c191628
C 342
R
P 0x7f2a7c191628
$ |slot6Start|
P 0x7f2a7c19b1e8
C 51
= 0x7f2a7c19c108
R
P 0x7f2a7c191628
C 342
R
P 0x7f2a7c191628
P 0x7f2a7c19c108
C 257
R
P 0x7f2a7c191628
C 342
R
P 0x7f2a7c191628
P 0x7f2a7c19c108
C 254
= 0x7f2a7c19b1e8
R
P 0x7f2a7c191628
C 342
R
P 0x7f2a7c191628
P 0x7f2a7c19b1e8
C 209
R
P 0x7f2a7c191628
C 342
R
P 0x7f2a7c191628
P 0x7f2a7c19c108
C 260
R
P 0x7f2a7c191628
C 342
R
P 0x7f2a7c191628
P 0x7f2a7c19c108
C 259
R
P 0x7f2a7c191628
C 342
R
P 0x7f2a7c191628
P 0x7f2a7c19c108
C 258
R
P 0x7f2a7c191628
C 342
R
P 0x7f2a7c191628
P 0x7f2a7c19c108
C 9
R
P 0x7f2a7c191628
C 342
R
P 0x7f2a7c191628
I 0
P 0x7f2a7c19b208
C 150
= 0x7f2a7c19bd08
R
P 0x7f2a7c191628
C 342
R
P 0x7f2a7c191628
P 0x7f2a7c19bd08
C 258
R
P 0x7f2a7c191628
C 342
R
P 0x7f2a7c191628
P 0x7f2a7c19bd08
C 9
R
P 0x7f2a7c191628
C 342
R
P 0x7f2a7c191628
P 0x7f2a7c19c108
P 0x7f2a7c19bd08
C 76
= 0x7f2a7c479d90
R
P 0x7f2a7c191628
C 342
R
P 0x7f2a7c191628
P 0x7f2a7c479d90
C 258
R
P 0x7f2a7c191628
C 342
R
P 0x7f2a7c191628
P 0x7f2a7c479d90
C 9
R
P 0x7f2a7c191628
C 342
R
P 0x7f2a7c191628
P 0x7f2a7c1e1fc8
P 0x7f2a7c479d90
C 427
R
P 0x7f2a7c191628
C 342
R
P 0x7f2a7c191628
I 6
P 0x7f2a7c19b208
C 150
= 0x7f2a7c19c0e8
R
P 0x7f2a7c191628
C 342
R
P 0x7f2a7c191628
P 0x7f2a7c19c0e8
C 258
R
P 0x7f2a7c191628
C 342
R
P 0x7f2a7c191628
P 0x7f2a7c19c0e8
C 9
R
P 0x7f2a7c191628
C 342
R
P 0x7f2a7c191628
P 0x7f2a7c19c0e8
C 263
R
P 0x7f2a7c191628
C 342
R
P 0x7f2a7c191628
S "slot6Start"
C 30
R
P 0x7f2a7c191628
C 342
R
P 0x7f2a7c191628
$ |slot6Start|
C 202
R
P 0x7f2a7c191628
C 342
R
P 0x7f2a7c191628
$ |slot6Start|
P 0x7f2a7c19b1e8
C 51
= 0x7f2a7c19c108
R
P 0x7f2a7c191628
C 342
R
P 0x7f2a7c191628
P 0x7f2a7c19c108
C 257
R
P 0x7f2a7c191628
C 342
R
P 0x7f2a7c191628
P 0x7f2a7c19c108
C 254
= 0x7f2a7c19b1e8
R
P 0x7f2a7c191628
C 342
R
P 0x7f2a7c191628
P 0x7f2a7c19b1e8
C 209
R
P 0x7f2a7c191628
C 342
R
P 0x7f2a7c191628
P 0x7f2a7c19c108
C 260
R
P 0x7f2a7c191628
C 342
R
P 0x7f2a7c191628
P 0x7f2a7c19c108
C 259
R
P 0x7f2a7c191628
C 342
R
P 0x7f2a7c191628
P 0x7f2a7c19c108
C 258
R
P 0x7f2a7c191628
C 342
R
P 0x7f2a7c191628
P 0x7f2a7c19c108
C 9
R
P 0x7f2a7c191628
C 342
R
P 0x7f2a7c191628
I 6
P 0x7f2a7c19b208
C 150
= 0x7f2a7c19c0e8
R
P 0x7f2a7c191628
C 342
R
P 0x7f2a7c191628
P 0x7f2a7c19c0e8
C 258
R
P 0x7f2a7c191628
C 342
R
P 0x7f2a7c191628
P 0x7f2a7c19c0e8
C 9
R
P 0x7f2a7c191628
C 342
R
P 0x7f2a7c191628
P 0x7f2a7c19c0e8
C 263
R
P 0x7f2a7c191628
C 342
R
P 0x7f2a7c191628
S "slot6Duration"
C 30
R
P 0x7f2a7c191628
C 342
R
P 0x7f2a7c191628
$ |slot6Duration|
C 202
R
P 0x7f2a7c191628
C 342
R
P 0x7f2a7c191628
$ |slot6Duration|
P 0x7f2a7c19b1e8
C 51
= 0x7f2a7c19c128
R
P 0x7f2a7c191628
C 342
R
P 0x7f2a7c191628
P 0x7f2a7c19c128
C 257
R
P 0x7f2a7c191628
C 342
R
P 0x7f2a7c191628
P 0x7f2a7c19c128
C 254
= 0x7f2a7c19b1e8
R
P 0x7f2a7c191628
C 342
R
P 0x7f2a7c191628
P 0x7f2a7c19b1e8
C 209
R
P 0x7f2a7c191628
C 342
R
P 0x7f2a7c191628
P 0x7f2a7c19c128
C 260
R
P 0x7f2a7c191628
C 342
R
P 0x7f2a7c191628
P 0x7f2a7c19c128
C 259
R
P 0x7f2a7c191628
C 342
R
P 0x7f2a7c191628
P 0x7f2a7c19c128
C 258
R
P 0x7f2a7c191628
C 342
R
P 0x7f2a7c191628
P 0x7f2a7c19c128
C 9
R
P 0x7f2a7c191628
C 342
R
P 0x7f2a7c191628
U 2
P 0x7f2a7c19bbe8
P 0x7f2a7c19c128
p 2
C 67
= 0x7f2a7c479dc8
R
P 0x7f2a7c191628
C 342
R
P 0x7f2a7c191628
P 0x7f2a7c479dc8
C 257
R
P 0x7f2a7c191628
C 342
R
P 0x7f2a7c191628
P 0x7f2a7c479dc8
C 254
= 0x7f2a7c19b1e8
R
P 0x7f2a7c191628
C 342
R
P 0x7f2a7c191628
P 0x7f2a7c19b1e8
C 209
R
P 0x7f2a7c191628
C 342
R
P 0x7f2a7c191628
P 0x7f2a7c479dc8
C 260
R
P 0x7f2a7c191628
C 342
R
P 0x7f2a7c191628
P 0x7f2a7c479dc8
C 259
R
P 0x7f2a7c191628
C 342
R
P 0x7f2a7c191628
P 0x7f2a7c479dc8
C 258
R
P 0x7f2a7c191628
C 342
R
P 0x7f2a7c191628
P 0x7f2a7c479dc8
C 9
R
P 0x7f2a7c191628
C 342
R
P 0x7f2a7c191628
P 0x7f2a7c19c108
P 0x7f2a7c479dc8
C 74
= 0x7f2a7c479e00
R
P 0x7f2a7c191628
C 342
R
P 0x7f2a7c191628
P 0x7f2a7c479e00
C 258
R
P 0x7f2a7c191628
C 342
R
P 0x7f2a7c191628
P 0x7f2a7c479e00
C 9
R
P 0x7f2a7c191628
C 342
R
P 0x7f2a7c191628
P 0x7f2a7c1e1fc8
P 0x7f2a7c479e00
C 427
R
P 0x7f2a7c191628
C 342
R
P 0x7f2a7c191628
I 6
P 0x7f2a7c19b208
C 150
= 0x7f2a7c19c0e8
R
P 0x7f2a7c191628
C 342
R
P 0x7f2a7c191628
P 0x7f2a7c19c0e8
C 258
R
P 0x7f2a7c191628
C 342
R
P 0x7f2a7c191628
P 0x7f2a7c19c0e8
C 9
R
P 0x7f2a7c191628
C 342
R
P 0x7f2a7c191628
P 0x7f2a7c19c0e8
C 263
R
P 0x7f2a7c191628
C 342
R
P 0x7f2a7c191628
S "slot6Duration"
C 30
R
P 0x7f2a7c191628
C 342
R
P 0x7f2a7c191628
$ |slot6Duration|
C 202
R
P 0x7f2a7c191628
C 342
R
P 0x7f2a7c191628
$ |slot6Duration|
P 0x7f2a7c19b1e8
C 51
= 0x7f2a7c19c128
R
P 0x7f2a7c191628
C 342
R
P 0x7f2a7c191628
P 0x7f2a7c19c128
C 257
R
P 0x7f2a7c191628
C 342
R
P 0x7f2a7c191628
P 0x7f2a7c19c128
C 254
= 0x7f2a7c19b1e8
R
P 0x7f2a7c191628
C 342
R
P 0x7f2a7c191628
P 0x7f2a7c19b1e8
C 209
R
P 0x7f2a7c191628
C 342
R
P 0x7f2a7c191628
P 0x7f2a7c19c128
C 260
R
P 0x7f2a7c191628
C 342
R
P 0x7f2a7c191628
P 0x7f2a7c19c128
C 259
R
P 0x7f2a7c191628
C 342
R
P 0x7f2a7c191628
P 0x7f2a7c19c128
C 258
R
P 0x7f2a7c191628
C 342
R
P 0x7f2a7c191628
P 0x7f2a7c19c128
C 9
R
P 0x7f2a7c191628
C 342
R
P 0x7f2a7c191628
I 0
P 0x7f2a7c19b208
C 150
= 0x7f2a7c19bd08
R
P 0x7f2a7c191628
C 342
R
P 0x7f2a7c191628
P 0x7f2a7c19bd08
C 258
R
P 0x7f2a7c191628
C 342
R
P 0x7f2a7c191628
P 0x7f2a7c19bd08
C 9
R
P 0x7f2a7c191628
C 342
R
P 0x7f2a7c191628
P 0x7f2a7c19c128
P 0x7f2a7c19bd08
C 76
= 0x7f2a7c479e38
R
P 0x7f2a7c191628
C 342
R
P 0x7f2a7c191628
P 0x7f2a7c479e38
C 258
R
P 0x7f2a7c191628
C 342
R
P 0x7f2a7c191628
P 0x7f2a7c479e38
C 9
R
P 0x7f2a7c191628
C 342
R
P 0x7f2a7c191628
P 0x7f2a7c1e1fc8
P 0x7f2a7c479e38
C 427
R
P 0x7f2a7c191628
C 342
R
P 0x7f2a7c191628
I 6
P 0x7f2a7c19b208
C 150
= 0x7f2a7c19c0e8
R
P 0x7f2a7c191628
C 342
R
P 0x7f2a7c191628
P 0x7f2a7c19c0e8
C 258
R
P 0x7f2a7c191628
C 342
R
P 0x7f2a7c191628
P 0x7f2a7c19c0e8
C 9
R
P 0x7f2a7c191628
C 342
R
P 0x7f2a7c191628
P 0x7f2a7c19c0e8
C 263
R
P 0x7f2a7c191628
C 342
R
P 0x7f2a7c191628
S "slot6Duration"
C 30
R
P 0x7f2a7c191628
C 342
R
P 0x7f2a7c191628
$ |slot6Duration|
C 202
R
P 0x7f2a7c191628
C 342
R
P 0x7f2a7c191628
$ |slot6Duration|
P 0x7f2a7c19b1e8
C 51
= 0x7f2a7c19c128
R
P 0x7f2a7c191628
C 342
R
P 0x7f2a7c191628
P 0x7f2a7c19c128
C 257
R
P 0x7f2a7c191628
C 342
R
P 0x7f2a7c191628
P 0x7f2a7c19c128
C 254
= 0x7f2a7c19b1e8
R
P 0x7f2a7c191628
C 342
R
P 0x7f2a7c191628
P 0x7f2a7c19b1e8
C 209
R
P 0x7f2a7c191628
C 342
R
P 0x7f2a7c191628
P 0x7f2a7c19c128
C 260
R
P 0x7f2a7c191628
C 342
R
P 0x7f2a7c191628
P 0x7f2a7c19c128
C 259
R
P 0x7f2a7c191628
C 342
R
P 0x7f2a7c191628
P 0x7f2a7c19c128
C 258
R
P 0x7f2a7c191628
C 342
R
P 0x7f2a7c191628
P 0x7f2a7c19c128
C 9
R
P 0x7f2a7c191628
C 342
R
P 0x7f2a7c191628
P 0x7f2a7c19c128
P 0x7f2a7c19bc08
C 74
= 0x7f2a7c479e70
R
P 0x7f2a7c191628
C 342
R
P 0x7f2a7c191628
P 0x7f2a7c479e70
C 258
R
P 0x7f2a7c191628
C 342
R
P 0x7f2a7c191628
P 0x7f2a7c479e70
C 9
R
P 0x7f2a7c191628
C 342
R
P 0x7f2a7c191628
P 0x7f2a7c1e1fc8
P 0x7f2a7c479e70
C 427
R
P 0x7f2a7c191628
C 342
R
P 0x7f2a7c191628
I 6
P 0x7f2a7c19b208
C 150
= 0x7f2a7c19c0e8
R
P 0x7f2a7c191628
C 342
R
P 0x7f2a7c191628
P 0x7f2a7c19c0e8
C 258
R
P 0x7f2a7c191628
C 342
R
P 0x7f2a7c191628
P 0x7f2a7c19c0e8
C 9
R
P 0x7f2a7c191628
C 342
R
P 0x7f2a7c191628
P 0x7f2a7c19c0e8
C 263
R
P 0x7f2a7c191628
C 342
R
P 0x7f2a7c191628
S "slot6Start"
C 30
R
P 0x7f2a7c191628
C 342
R
P 0x7f2a7c191628
$ |slot6Start|
C 202
R
P 0x7f2a7c191628
C 342
R
P 0x7f2a7c191628
$ |slot6Start|
P 0x7f2a7c19b1e8
C 51
= 0x7f2a7c19c108
R
P 0x7f2a7c191628
C 342
R
P 0x7f2a7c191628
P 0x7f2a7c19c108
C 257
R
P 0x7f2a7c191628
C 342
R
P 0x7f2a7c191628
P 0x7f2a7c19c108
C 254
= 0x7f2a7c19b1e8
R
P 0x7f2a7c191628
C 342
R
P 0x7f2a7c191628
P 0x7f2a7c19b1e8
C 209
R
P 0x7f2a7c191628
C 342
R
P 0x7f2a7c191628
P 0x7f2a7c19c108
C 260
R
P 0x7f2a7c191628
C 342
R
P 0x7f2a7c191628
P 0x7f2a7c19c108
C 259
R
P 0x7f2a7c191628
C 342
R
P 0x7f2a7c191628
P 0x7f2a7c19c108
C 258
R
P 0x7f2a7c191628
C 342
R
P 0x7f2a7c191628
P 0x7f2a7c19c108
C 9
R
P 0x7f2a7c191628
C 342
R
P 0x7f2a7c191628
I 6
P 0x7f2a7c19b208
C 150
= 0x7f2a7c19c0e8
R
P 0x7f2a7c191628
C 342
R
P 0x7f2a7c191628
P 0x7f2a7c19c0e8
C 258
R
P 0x7f2a7c191628
C 342
R
P 0x7f2a7c191628
P 0x7f2a7c19c0e8
C 9
R
P 0x7f2a7c191628
C 342
R
P 0x7f2a7c191628
P 0x7f2a7c19c0e8
C 263
R
P 0x7f2a7c191628
C 342
R
P 0x7f2a7c191628
S "slot6Start"
C 30
R
P 0x7f2a7c191628
C 342
R
P 0x7f2a7c191628
$ |slot6Start|
C 202
R
P 0x7f2a7c191628
C 342
R
P 0x7f2a7c191628
$ |slot6Start|
P 0x7f2a7c19b1e8
C 51
= 0x7f2a7c19c108
R
P 0x7f2a7c191628
C 342
R
P 0x7f2a7c191628
P 0x7f2a7c19c108
C 257
R
P 0x7f2a7c191628
C 342
R
P 0x7f2a7c191628
P 0x7f2a7c19c108
C 254
= 0x7f2a7c19b1e8
R
P 0x7f2a7c191628
C 342
R
P 0x7f2a7c191628
P 0x7f2a7c19b1e8
C 209
R
P 0x7f2a7c191628
C 342
R
P 0x7f2a7c191628
P 0x7f2a7c19c108
C 260
R
P 0x7f2a7c191628
C 342
R
P 0x7f2a7c191628
P 0x7f2a7c19c108
C 259
R
P 0x7f2a7c191628
C 342
R
P 0x7f2a7c191628
P 0x7f2a7c19c108
C 258
R
P 0x7f2a7c191628
C 342
R
P 0x7f2a7c191628
P 0x7f2a7c19c108
C 9
R
P 0x7f2a7c191628
C 342
R
P 0x7f2a7c191628
U 2
P 0x7f2a7c19c108
P 0x7f2a7c19c108
p 2
C 65
= 0x7f2a7c479ea8
R
P 0x7f2a7c191628
C 342
R
P 0x7f2a7c191628
P 0x7f2a7c479ea8
C 257
R
P 0x7f2a7c191628
C 342
R
P 0x7f2a7c191628
P 0x7f2a7c479ea8
C 254
= 0x7f2a7c19b1e8
R
P 0x7f2a7c191628
C 342
R
P 0x7f2a7c191628
P 0x7f2a7c19b1e8
C 209
R
P 0x7f2a7c191628
C 342
R
P 0x7f2a7c191628
P 0x7f2a7c479ea8
C 260
R
P 0x7f2a7c191628
C 342
R
P 0x7f2a7c191628
P 0x7f2a7c479ea8
C 259
R
P 0x7f2a7c191628
C 342
R
P 0x7f2a7c191628
P 0x7f2a7c479ea8
C 258
R
P 0x7f2a7c191628
C 342
R
P 0x7f2a7c191628
P 0x7f2a7c479ea8
C 9
R
P 0x7f2a7c191628
C 342
R
P 0x7f2a7c191628
P 0x7f2a7c19bbe8
P 0x7f2a7c479ea8
C 76
= 0x7f2a7c479ee0
R
P 0x7f2a7c191628
C 342
R
P 0x7f2a7c191628
P 0x7f2a7c479ee0
C 258
R
P 0x7f2a7c191628
C 342
R
P 0x7f2a7c191628
P 0x7f2a7c479ee0
C 9
R
P 0x7f2a7c191628
C 342
R
P 0x7f2a7c191628
P 0x7f2a7c1e1fc8
P 0x7f2a7c479ee0
C 427
R
P 0x7f2a7c191628
C 342
R
P 0x7f2a7c191628
I 6
P 0x7f2a7c19b208
C 150
= 0x7f2a7c19c0e8
R
P 0x7f2a7c191628
C 342
R
P 0x7f2a7c191628
P 0x7f2a7c19c0e8
C 258
R
P 0x7f2a7c191628
C 342
R
P 0x7f2a7c191628
P 0x7f2a7c19c0e8
C 9
R
P 0x7f2a7c191628
C 342
R
P 0x7f2a7c191628
I 1
P 0x7f2a7c19b208
C 150
= 0x7f2a7c19bc88
R
P 0x7f2a7c191628
C 342
R
P 0x7f2a7c191628
P 0x7f2a7c19bc88
C 258
R
P 0x7f2a7c191628
C 342
R
P 0x7f2a7c191628
P 0x7f2a7c19bc88
C 9
R
P 0x7f2a7c191628
C 342
R
P 0x7f2a7c191628
P 0x7f2a7c19c0e8
P 0x7f2a7c19bc88
C 56
= 0x7f2a7c479f18
R
P 0x7f2a7c191628
C 342
R
P 0x7f2a7c191628
P 0x7f2a7c479f18
C 258
R
P 0x7f2a7c191628
C 342
R
P 0x7f2a7c191628
P 0x7f2a7c479f18
C 9
R
P 0x7f2a7c191628
C 342
R
P 0x7f2a7c191628
P 0x7f2a7c479f18
C 58
= 0x7f2a7c473288
R
P 0x7f2a7c191628
C 342
R
P 0x7f2a7c191628
P 0x7f2a7c473288
C 258
R
P 0x7f2a7c191628
C 342
R
P 0x7f2a7c191628
P 0x7f2a7c473288
C 9
R
P 0x7f2a7c191628
C 342
R
P 0x7f2a7c191628
I 6
P 0x7f2a7c19b208
C 150
= 0x7f2a7c19c0e8
R
P 0x7f2a7c191628
C 342
R
P 0x7f2a7c191628
P 0x7f2a7c19c0e8
C 258
R
P 0x7f2a7c191628
C 342
R
P 0x7f2a7c191628
P 0x7f2a7c19c0e8
C 9
R
P 0x7f2a7c191628
C 342
R
P 0x7f2a7c191628
P 0x7f2a7c19c0e8
C 263
R
P 0x7f2a7c191628
C 342
R
P 0x7f2a7c191628
S "slot6Start"
C 30
R
P 0x7f2a7c191628
C 342
R
P 0x7f2a7c191628
$ |slot6Start|
C 202
R
P 0x7f2a7c191628
C 342
R
P 0x7f2a7c191628
$ |slot6Start|
P 0x7f2a7c19b1e8
C 51
= 0x7f2a7c19c108
R
P 0x7f2a7c191628
C 342
R
P 0x7f2a7c191628
P 0x7f2a7c19c108
C 257
R
P 0x7f2a7c191628
C 342
R
P 0x7f2a7c191628
P 0x7f2a7c19c108
C 254
= 0x7f2a7c19b1e8
R
P 0x7f2a7c191628
C 342
R
P 0x7f2a7c191628
P 0x7f2a7c19b1e8
C 209
R
P 0x7f2a7c191628
C 342
R
P 0x7f2a7c191628
P 0x7f2a7c19c108
C 260
R
P 0x7f2a7c191628
C 342
R
P 0x7f2a7c191628
P 0x7f2a7c19c108
C 259
R
P 0x7f2a7c191628
C 342
R
P 0x7f2a7c191628
P 0x7f2a7c19c108
C 258
R
P 0x7f2a7c191628
C 342
R
P 0x7f2a7c191628
P 0x7f2a7c19c108
C 9
R
P 0x7f2a7c191628
C 342
R
P 0x7f2a7c191628
I 1
P 0x7f2a7c19b208
C 150
= 0x7f2a7c19bc88
R
P 0x7f2a7c191628
C 342
R
P 0x7f2a7c191628
P 0x7f2a7c19bc88
C 258
R
P 0x7f2a7c191628
C 342
R
P 0x7f2a7c191628
P 0x7f2a7c19bc88
C 9
R
P 0x7f2a7c191628
C 342
R
P 0x7f2a7c191628
P 0x7f2a7c19bc88
C 263
R
P 0x7f2a7c191628
C 342
R
P 0x7f2a7c191628
S "slot1Start"
C 30
R
P 0x7f2a7c191628
C 342
R
P 0x7f2a7c191628
$ |slot1Start|
C 202
R
P 0x7f2a7c191628
C 342
R
P 0x7f2a7c191628
$ |slot1Start|
P 0x7f2a7c19b1e8
C 51
= 0x7f2a7c19bf48
R
P 0x7f2a7c191628
C 342
R
P 0x7f2a7c191628
P 0x7f2a7c19bf48
C 257
R
P 0x7f2a7c191628
C 342
R
P 0x7f2a7c191628
P 0x7f2a7c19bf48
C 254
= 0x7f2a7c19b1e8
R
P 0x7f2a7c191628
C 342
R
P 0x7f2a7c191628
P 0x7f2a7c19b1e8
C 209
R
P 0x7f2a7c191628
C 342
R
P 0x7f2a7c191628
P 0x7f2a7c19bf48
C 260
R
P 0x7f2a7c191628
C 342
R
P 0x7f2a7c191628
P 0x7f2a7c19bf48
C 259
R
P 0x7f2a7c191628
C 342
R
P 0x7f2a7c191628
P 0x7f2a7c19bf48
C 258
R
P 0x7f2a7c191628
C 342
R
P 0x7f2a7c191628
P 0x7f2a7c19bf48
C 9
R
P 0x7f2a7c191628
C 342
R
P 0x7f2a7c191628
P 0x7f2a7c19c108
P 0x7f2a7c19bf48
C 76
= 0x7f2a7c479f50
R
P 0x7f2a7c191628
C 342
R
P 0x7f2a7c191628
P 0x7f2a7c479f50
C 258
R
P 0x7f2a7c191628
C 342
R
P 0x7f2a7c191628
P 0x7f2a7c479f50
C 9
R
P 0x7f2a7c191628
C 342
R
P 0x7f2a7c191628
I 6
P 0x7f2a7c19b208
C 150
= 0x7f2a7c19c0e8
R
P 0x7f2a7c191628
C 342
R
P 0x7f2a7c191628
P 0x7f2a7c19c0e8
C 258
R
P 0x7f2a7c191628
C 342
R
P 0x7f2a7c191628
P 0x7f2a7c19c0e8
C 9
R
P 0x7f2a7c191628
C 342
R
P 0x7f2a7c191628
P 0x7f2a7c19c0e8
C 263
R
P 0x7f2a7c191628
C 342
R
P 0x7f2a7c191628
S "slot6Start"
C 30
R
P 0x7f2a7c191628
C 342
R
P 0x7f2a7c191628
$ |slot6Start|
C 202
R
P 0x7f2a7c191628
C 342
R
P 0x7f2a7c191628
$ |slot6Start|
P 0x7f2a7c19b1e8
C 51
= 0x7f2a7c19c108
R
P 0x7f2a7c191628
C 342
R
P 0x7f2a7c191628
P 0x7f2a7c19c108
C 257
R
P 0x7f2a7c191628
C 342
R
P 0x7f2a7c191628
P 0x7f2a7c19c108
C 254
= 0x7f2a7c19b1e8
R
P 0x7f2a7c191628
C 342
R
P 0x7f2a7c191628
P 0x7f2a7c19b1e8
C 209
R
P 0x7f2a7c191628
C 342
R
P 0x7f2a7c191628
P 0x7f2a7c19c108
C 260
R
P 0x7f2a7c191628
C 342
R
P 0x7f2a7c191628
P 0x7f2a7c19c108
C 259
R
P 0x7f2a7c191628
C 342
R
P 0x7f2a7c191628
P 0x7f2a7c19c108
C 258
R
P 0x7f2a7c191628
C 342
R
P 0x7f2a7c191628
P 0x7f2a7c19c108
C 9
R
P 0x7f2a7c191628
C 342
R
P 0x7f2a7c191628
I 1
P 0x7f2a7c19b208
C 150
= 0x7f2a7c19bc88
R
P 0x7f2a7c191628
C 342
R
P 0x7f2a7c191628
P 0x7f2a7c19bc88
C 258
R
P 0x7f2a7c191628
C 342
R
P 0x7f2a7c191628
P 0x7f2a7c19bc88
C 9
R
P 0x7f2a7c191628
C 342
R
P 0x7f2a7c191628
P 0x7f2a7c19bc88
C 263
R
P 0x7f2a7c191628
C 342
R
P 0x7f2a7c191628
S "slot1Start"
C 30
R
P 0x7f2a7c191628
C 342
R
P 0x7f2a7c191628
$ |slot1Start|
C 202
R
P 0x7f2a7c191628
C 342
R
P 0x7f2a7c191628
$ |slot1Start|
P 0x7f2a7c19b1e8
C 51
= 0x7f2a7c19bf48
R
P 0x7f2a7c191628
C 342
R
P 0x7f2a7c191628
P 0x7f2a7c19bf48
C 257
R
P 0x7f2a7c191628
C 342
R
P 0x7f2a7c191628
P 0x7f2a7c19bf48
C 254
= 0x7f2a7c19b1e8
R
P 0x7f2a7c191628
C 342
R
P 0x7f2a7c191628
P 0x7f2a7c19b1e8
C 209
R
P 0x7f2a7c191628
C 342
R
P 0x7f2a7c191628
P 0x7f2a7c19bf48
C 260
R
P 0x7f2a7c191628
C 342
R
P 0x7f2a7c191628
P 0x7f2a7c19bf48
C 259
R
P 0x7f2a7c191628
C 342
R
P 0x7f2a7c191628
P 0x7f2a7c19bf48
C 258
R
P 0x7f2a7c191628
C 342
R
P 0x7f2a7c191628
P 0x7f2a7c19bf48
C 9
R
P 0x7f2a7c191628
C 342
R
P 0x7f2a7c191628
I 1
P 0x7f2a7c19b208
C 150
= 0x7f2a7c19bc88
R
P 0x7f2a7c191628
C 342
R
P 0x7f2a7c191628
P 0x7f2a7c19bc88
C 258
R
P 0x7f2a7c191628
C 342
R
P 0x7f2a7c191628
P 0x7f2a7c19bc88
C 9
R
P 0x7f2a7c191628
C 342
R
P 0x7f2a7c191628
P 0x7f2a7c19bc88
C 263
R
P 0x7f2a7c191628
C 342
R
P 0x7f2a7c191628
S "slot1Duration"
C 30
R
P 0x7f2a7c191628
C 342
R
P 0x7f2a7c191628
$ |slot1Duration|
C 202
R
P 0x7f2a7c191628
C 342
R
P 0x7f2a7c191628
$ |slot1Duration|
P 0x7f2a7c19b1e8
C 51
= 0x7f2a7c19bf68
R
P 0x7f2a7c191628
C 342
R
P 0x7f2a7c191628
P 0x7f2a7c19bf68
C 257
R
P 0x7f2a7c191628
C 342
R
P 0x7f2a7c191628
P 0x7f2a7c19bf68
C 254
= 0x7f2a7c19b1e8
R
P 0x7f2a7c191628
C 342
R
P 0x7f2a7c191628
P 0x7f2a7c19b1e8
C 209
R
P 0x7f2a7c191628
C 342
R
P 0x7f2a7c191628
P 0x7f2a7c19bf68
C 260
R
P 0x7f2a7c191628
C 342
R
P 0x7f2a7c191628
P 0x7f2a7c19bf68
C 259
R
P 0x7f2a7c191628
C 342
R
P 0x7f2a7c191628
P 0x7f2a7c19bf68
C 258
R
P 0x7f2a7c191628
C 342
R
P 0x7f2a7c191628
P 0x7f2a7c19bf68
C 9
R
P 0x7f2a7c191628
C 342
R
P 0x7f2a7c191628
U 2
P 0x7f2a7c19bf48
P 0x7f2a7c19bf68
p 2
C 65
= 0x7f2a7c1a1cb8
R
P 0x7f2a7c191628
C 342
R
P 0x7f2a7c191628
P 0x7f2a7c1a1cb8
C 257
R
P 0x7f2a7c191628
C 342
R
P 0x7f2a7c191628
P 0x7f2a7c1a1cb8
C 254
= 0x7f2a7c19b1e8
R
P 0x7f2a7c191628
C 342
R
P 0x7f2a7c191628
P 0x7f2a7c19b1e8
C 209
R
P 0x7f2a7c191628
C 342
R
P 0x7f2a7c191628
P 0x7f2a7c1a1cb8
C 260
R
P 0x7f2a7c191628
C 342
R
P 0x7f2a7c191628
P 0x7f2a7c1a1cb8
C 259
R
P 0x7f2a7c191628
C 342
R
P 0x7f2a7c191628
P 0x7f2a7c1a1cb8
C 258
R
P 0x7f2a7c191628
C 342
R
P 0x7f2a7c191628
P 0x7f2a7c1a1cb8
C 9
R
P 0x7f2a7c191628
C 342
R
P 0x7f2a7c191628
P 0x7f2a7c19c108
P 0x7f2a7c1a1cb8
C 74
= 0x7f2a7c1a2af0
R
P 0x7f2a7c191628
C 342
R
P 0x7f2a7c191628
P 0x7f2a7c1a2af0
C 258
R
P 0x7f2a7c191628
C 342
R
P 0x7f2a7c191628
P 0x7f2a7c1a2af0
C 9
R
P 0x7f2a7c191628
C 342
R
P 0x7f2a7c191628
U 2
P 0x7f2a7c479f50
P 0x7f2a7c1a2af0
p 2
C 63
= 0x7f2a7c479f88
R
P 0x7f2a7c191628
C 342
R
P 0x7f2a7c191628
P 0x7f2a7c479f88
C 258
R
P 0x7f2a7c191628
C 342
R
P 0x7f2a7c191628
P 0x7f2a7c479f88
C 9
R
P 0x7f2a7c191628
C 342
R
P 0x7f2a7c191628
P 0x7f2a7c479f88
C 58
= 0x7f2a7c4732b8
R
P 0x7f2a7c191628
C 342
R
P 0x7f2a7c191628
P 0x7f2a7c4732b8
C 258
R
P 0x7f2a7c191628
C 342
R
P 0x7f2a7c191628
P 0x7f2a7c4732b8
C 9
R
P 0x7f2a7c191628
C 342
R
P 0x7f2a7c191628
P 0x7f2a7c473288
P 0x7f2a7c4732b8
C 61
= 0x7f2a7c479fc0
R
P 0x7f2a7c191628
C 342
R
P 0x7f2a7c191628
P 0x7f2a7c479fc0
C 258
R
P 0x7f2a7c191628
C 342
R
P 0x7f2a7c191628
P 0x7f2a7c479fc0
C 9
R
P 0x7f2a7c191628
C 342
R
P 0x7f2a7c191628
P 0x7f2a7c1e1fc8
P 0x7f2a7c479fc0
C 427
R
P 0x7f2a7c191628
C 342
R
P 0x7f2a7c191628
I 6
P 0x7f2a7c19b208
C 150
= 0x7f2a7c19c0e8
R
P 0x7f2a7c191628
C 342
R
P 0x7f2a7c191628
P 0x7f2a7c19c0e8
C 258
R
P 0x7f2a7c191628
C 342
R
P 0x7f2a7c191628
P 0x7f2a7c19c0e8
C 9
R
P 0x7f2a7c191628
C 342
R
P 0x7f2a7c191628
I 2
P 0x7f2a7c19b208
C 150
= 0x7f2a7c19bcc8
R
P 0x7f2a7c191628
C 342
R
P 0x7f2a7c191628
P 0x7f2a7c19bcc8
C 258
R
P 0x7f2a7c191628
C 342
R
P 0x7f2a7c191628
P 0x7f2a7c19bcc8
C 9
R
P 0x7f2a7c191628
C 342
R
P 0x7f2a7c191628
P 0x7f2a7c19c0e8
P 0x7f2a7c19bcc8
C 56
= 0x7f2a7c479ff8
R
P 0x7f2a7c191628
C 342
R
P 0x7f2a7c191628
P 0x7f2a7c479ff8
C 258
R
P 0x7f2a7c191628
C 342
R
P 0x7f2a7c191628
P 0x7f2a7c479ff8
C 9
R
P 0x7f2a7c191628
C 342
R
P 0x7f2a7c191628
P 0x7f2a7c479ff8
C 58
= 0x7f2a7c4732e8
R
P 0x7f2a7c191628
C 342
R
P 0x7f2a7c191628
P 0x7f2a7c4732e8
C 258
R
P 0x7f2a7c191628
C 342
R
P 0x7f2a7c191628
P 0x7f2a7c4732e8
C 9
R
P 0x7f2a7c191628
C 342
R
P 0x7f2a7c191628
I 6
P 0x7f2a7c19b208
C 150
= 0x7f2a7c19c0e8
R
P 0x7f2a7c191628
C 342
R
P 0x7f2a7c191628
P 0x7f2a7c19c0e8
C 258
R
P 0x7f2a7c191628
C 342
R
P 0x7f2a7c191628
P 0x7f2a7c19c0e8
C 9
R
P 0x7f2a7c191628
C 342
R
P 0x7f2a7c191628
P 0x7f2a7c19c0e8
C 263
R
P 0x7f2a7c191628
C 342
R
P 0x7f2a7c191628
S "slot6Start"
C 30
R
P 0x7f2a7c191628
C 342
R
P 0x7f2a7c191628
$ |slot6Start|
C 202
R
P 0x7f2a7c191628
C 342
R
P 0x7f2a7c191628
$ |slot6Start|
P 0x7f2a7c19b1e8
C 51
= 0x7f2a7c19c108
R
P 0x7f2a7c191628
C 342
R
P 0x7f2a7c191628
P 0x7f2a7c19c108
C 257
R
P 0x7f2a7c191628
C 342
R
P 0x7f2a7c191628
P 0x7f2a7c19c108
C 254
= 0x7f2a7c19b1e8
R
P 0x7f2a7c191628
C 342
R
P 0x7f2a7c191628
P 0x7f2a7c19b1e8
C 209
R
P 0x7f2a7c191628
C 342
R
P 0x7f2a7c191628
P 0x7f2a7c19c108
C 260
R
P 0x7f2a7c191628
C 342
R
P 0x7f2a7c191628
P 0x7f2a7c19c108
C 259
R
P 0x7f2a7c191628
C 342
R
P 0x7f2a7c191628
P 0x7f2a7c19c108
C 258
R
P 0x7f2a7c191628
C 342
R
P 0x7f2a7c191628
P 0x7f2a7c19c108
C 9
R
P 0x7f2a7c191628
C 342
R
P 0x7f2a7c191628
I 2
P 0x7f2a7c19b208
C 150
= 0x7f2a7c19bcc8
R
P 0x7f2a7c191628
C 342
R
P 0x7f2a7c191628
P 0x7f2a7c19bcc8
C 258
R
P 0x7f2a7c191628
C 342
R
P 0x7f2a7c191628
P 0x7f2a7c19bcc8
C 9
R
P 0x7f2a7c191628
C 342
R
P 0x7f2a7c191628
P 0x7f2a7c19bcc8
C 263
R
P 0x7f2a7c191628
C 342
R
P 0x7f2a7c191628
S "slot2Start"
C 30
R
P 0x7f2a7c191628
C 342
R
P 0x7f2a7c191628
$ |slot2Start|
C 202
R
P 0x7f2a7c191628
C 342
R
P 0x7f2a7c191628
$ |slot2Start|
P 0x7f2a7c19b1e8
C 51
= 0x7f2a7c19bf88
R
P 0x7f2a7c191628
C 342
R
P 0x7f2a7c191628
P 0x7f2a7c19bf88
C 257
R
P 0x7f2a7c191628
C 342
R
P 0x7f2a7c191628
P 0x7f2a7c19bf88
C 254
= 0x7f2a7c19b1e8
R
P 0x7f2a7c191628
C 342
R
P 0x7f2a7c191628
P 0x7f2a7c19b1e8
C 209
R
P 0x7f2a7c191628
C 342
R
P 0x7f2a7c191628
P 0x7f2a7c19bf88
C 260
R
P 0x7f2a7c191628
C 342
R
P 0x7f2a7c191628
P 0x7f2a7c19bf88
C 259
R
P 0x7f2a7c191628
C 342
R
P 0x7f2a7c191628
P 0x7f2a7c19bf88
C 258
R
P 0x7f2a7c191628
C 342
R
P 0x7f2a7c191628
P 0x7f2a7c19bf88
C 9
R
P 0x7f2a7c191628
C 342
R
P 0x7f2a7c191628
P 0x7f2a7c19c108
P 0x7f2a7c19bf88
C 76
= 0x7f2a7c47a030
R
P 0x7f2a7c191628
C 342
R
P 0x7f2a7c191628
P 0x7f2a7c47a030
C 258
R
P 0x7f2a7c191628
C 342
R
P 0x7f2a7c191628
P 0x7f2a7c47a030
C 9
R
P 0x7f2a7c191628
C 342
R
P 0x7f2a7c191628
I 6
P 0x7f2a7c19b208
C 150
= 0x7f2a7c19c0e8
R
P 0x7f2a7c191628
C 342
R
P 0x7f2a7c191628
P 0x7f2a7c19c0e8
C 258
R
P 0x7f2a7c191628
C 342
R
P 0x7f2a7c191628
P 0x7f2a7c19c0e8
C 9
R
P 0x7f2a7c191628
C 342
R
P 0x7f2a7c191628
P 0x7f2a7c19c0e8
C 263
R
P 0x7f2a7c191628
C 342
R
P 0x7f2a7c191628
S "slot6Start"
C 30
R
P 0x7f2a7c191628
C 342
R
P 0x7f2a7c191628
$ |slot6Start|
C 202
R
P 0x7f2a7c191628
C 342
R
P 0x7f2a7c191628
$ |slot6Start|
P 0x7f2a7c19b1e8
C 51
= 0x7f2a7c19c108
R
P 0x7f2a7c191628
C 342
R
P 0x7f2a7c191628
P 0x7f2a7c19c108
C 257
R
P 0x7f2a7c191628
C 342
R
P 0x7f2a7c191628
P 0x7f2a7c19c108
C 254
= 0x7f2a7c19b1e8
R
P 0x7f2a7c191628
C 342
R
P 0x7f2a7c191628
P 0x7f2a7c19b1e8
C 209
R
P 0x7f2a7c191628
C 342
R
P 0x7f2a7c191628
P 0x7f2a7c19c108
C 260
R
P 0x7f2a7c191628
C 342
R
P 0x7f2a7c191628
P 0x7f2a7c19c108
C 259
R
P 0x7f2a7c191628
C 342
R
P 0x7f2a7c191628
P 0x7f2a7c19c108
C 258
R
P 0x7f2a7c191628
C 342
R
P 0x7f2a7c191628
P 0x7f2a7c19c108
C 9
R
P 0x7f2a7c191628
C 342
R
P 0x7f2a7c191628
I 2
P 0x7f2a7c19b208
C 150
= 0x7f2a7c19bcc8
R
P 0x7f2a7c191628
C 342
R
P 0x7f2a7c191628
P 0x7f2a7c19bcc8
C 258
R
P 0x7f2a7c191628
C 342
R
P 0x7f2a7c191628
P 0x7f2a7c19bcc8
C 9
R
P 0x7f2a7c191628
C 342
R
P 0x7f2a7c191628
P 0x7f2a7c19bcc8
C 263
R
P 0x7f2a7c191628
C 342
R
P 0x7f2a7c191628
S "slot2Start"
C 30
R
P 0x7f2a7c191628
C 342
R
P 0x7f2a7c191628
$ |slot2Start|
C 202
R
P 0x7f2a7c191628
C 342
R
P 0x7f2a7c191628
$ |slot2Start|
P 0x7f2a7c19b1e8
C 51
= 0x7f2a7c19bf88
R
P 0x7f2a7c191628
C 342
R
P 0x7f2a7c191628
P 0x7f2a7c19bf88
C 257
R
P 0x7f2a7c191628
C 342
R
P 0x7f2a7c191628
P 0x7f2a7c19bf88
C 254
= 0x7f2a7c19b1e8
R
P 0x7f2a7c191628
C 342
R
P 0x7f2a7c191628
P 0x7f2a7c19b1e8
C 209
R
P 0x7f2a7c191628
C 342
R
P 0x7f2a7c191628
P 0x7f2a7c19bf88
C 260
R
P 0x7f2a7c191628
C 342
R
P 0x7f2a7c191628
P 0x7f2a7c19bf88
C 259
R
P 0x7f2a7c191628
C 342
R
P 0x7f2a7c191628
P 0x7f2a7c19bf88
C 258
R
P 0x7f2a7c191628
C 342
R
P 0x7f2a7c191628
P 0x7f2a7c19bf88
C 9
R
P 0x7f2a7c191628
C 342
R
P 0x7f2a7c191628
I 2
P 0x7f2a7c19b208
C 150
= 0x7f2a7c19bcc8
R
P 0x7f2a7c191628
C 342
R
P 0x7f2a7c191628
P 0x7f2a7c19bcc8
C 258
R
P 0x7f2a7c191628
C 342
R
P 0x7f2a7c191628
P 0x7f2a7c19bcc8
C 9
R
P 0x7f2a7c191628
C 342
R
P 0x7f2a7c191628
P 0x7f2a7c19bcc8
C 263
R
P 0x7f2a7c191628
C 342
R
P 0x7f2a7c191628
S "slot2Duration"
C 30
R
P 0x7f2a7c191628
C 342
R
P 0x7f2a7c191628
$ |slot2Duration|
C 202
R
P 0x7f2a7c191628
C 342
R
P 0x7f2a7c191628
$ |slot2Duration|
P 0x7f2a7c19b1e8
C 51
= 0x7f2a7c19bfa8
R
P 0x7f2a7c191628
C 342
R
P 0x7f2a7c191628
P 0x7f2a7c19bfa8
C 257
R
P 0x7f2a7c191628
C 342
R
P 0x7f2a7c191628
P 0x7f2a7c19bfa8
C 254
= 0x7f2a7c19b1e8
R
P 0x7f2a7c191628
C 342
R
P 0x7f2a7c191628
P 0x7f2a7c19b1e8
C 209
R
P 0x7f2a7c191628
C 342
R
P 0x7f2a7c191628
P 0x7f2a7c19bfa8
C 260
R
P 0x7f2a7c191628
C 342
R
P 0x7f2a7c191628
P 0x7f2a7c19bfa8
C 259
R
P 0x7f2a7c191628
C 342
R
P 0x7f2a7c191628
P 0x7f2a7c19bfa8
C 258
R
P 0x7f2a7c191628
C 342
R
P 0x7f2a7c191628
P 0x7f2a7c19bfa8
C 9
R
P 0x7f2a7c191628
C 342
R
P 0x7f2a7c191628
U 2
P 0x7f2a7c19bf88
P 0x7f2a7c19bfa8
p 2
C 65
= 0x7f2a7c1a1e08
R
P 0x7f2a7c191628
C 342
R
P 0x7f2a7c191628
P 0x7f2a7c1a1e08
C 257
R
P 0x7f2a7c191628
C 342
R
P 0x7f2a7c191628
P 0x7f2a7c1a1e08
C 254
= 0x7f2a7c19b1e8
R
P 0x7f2a7c191628
C 342
R
P 0x7f2a7c191628
P 0x7f2a7c19b1e8
C 209
R
P 0x7f2a7c191628
C 342
R
P 0x7f2a7c191628
P 0x7f2a7c1a1e08
C 260
R
P 0x7f2a7c191628
C 342
R
P 0x7f2a7c191628
P 0x7f2a7c1a1e08
C 259
R
P 0x7f2a7c191628
C 342
R
P 0x7f2a7c191628
P 0x7f2a7c1a1e08
C 258
R
P 0x7f2a7c191628
C 342
R
P 0x7f2a7c191628
P 0x7f2a7c1a1e08
C 9
R
P 0x7f2a7c191628
C 342
R
P 0x7f2a7c191628
P 0x7f2a7c19c108
P 0x7f2a7c1a1e08
C 74
= 0x7f2a7c2cbe78
R
P 0x7f2a7c191628
C 342
R
P 0x7f2a7c191628
P 0x7f2a7c2cbe78
C 258
R
P 0x7f2a7c191628
C 342
R
P 0x7f2a7c191628
P 0x7f2a7c2cbe78
C 9
R
P 0x7f2a7c191628
C 342
R
P 0x7f2a7c191628
U 2
P 0x7f2a7c47a030
P 0x7f2a7c2cbe78
p 2
C 63
= 0x7f2a7c47a068
R
P 0x7f2a7c191628
C 342
R
P 0x7f2a7c191628
P 0x7f2a7c47a068
C 258
R
P 0x7f2a7c191628
C 342
R
P 0x7f2a7c191628
P 0x7f2a7c47a068
C 9
R
P 0x7f2a7c191628
C 342
R
P 0x7f2a7c191628
P 0x7f2a7c47a068
C 58
= 0x7f2a7c473318
R
P 0x7f2a7c191628
C 342
R
P 0x7f2a7c191628
P 0x7f2a7c473318
C 258
R
P 0x7f2a7c191628
C 342
R
P 0x7f2a7c191628
P 0x7f2a7c473318
C 9
R
P 0x7f2a7c191628
C 342
R
P 0x7f2a7c191628
P 0x7f2a7c4732e8
P 0x7f2a7c473318
C 61
= 0x7f2a7c47a0a0
R
P 0x7f2a7c191628
C 342
R
P 0x7f2a7c191628
P 0x7f2a7c47a0a0
C 258
R
P 0x7f2a7c191628
C 342
R
P 0x7f2a7c191628
P 0x7f2a7c47a0a0
C 9
R
P 0x7f2a7c191628
C 342
R
P 0x7f2a7c191628
P 0x7f2a7c1e1fc8
P 0x7f2a7c47a0a0
C 427
R
P 0x7f2a7c191628
C 342
R
P 0x7f2a7c191628
I 6
P 0x7f2a7c19b208
C 150
= 0x7f2a7c19c0e8
R
P 0x7f2a7c191628
C 342
R
P 0x7f2a7c191628
P 0x7f2a7c19c0e8
C 258
R
P 0x7f2a7c191628
C 342
R
P 0x7f2a7c191628
P 0x7f2a7c19c0e8
C 9
R
P 0x7f2a7c191628
C 342
R
P 0x7f2a7c191628
I 3
P 0x7f2a7c19b208
C 150
= 0x7f2a7c19bfc8
R
P 0x7f2a7c191628
C 342
R
P 0x7f2a7c191628
P 0x7f2a7c19bfc8
C 258
R
P 0x7f2a7c191628
C 342
R
P 0x7f2a7c191628
P 0x7f2a7c19bfc8
C 9
R
P 0x7f2a7c191628
C 342
R
P 0x7f2a7c191628
P 0x7f2a7c19c0e8
P 0x7f2a7c19bfc8
C 56
= 0x7f2a7c47a0d8
R
P 0x7f2a7c191628
C 342
R
P 0x7f2a7c191628
P 0x7f2a7c47a0d8
C 258
R
P 0x7f2a7c191628
C 342
R
P 0x7f2a7c191628
P 0x7f2a7c47a0d8
C 9
R
P 0x7f2a7c191628
C 342
R
P 0x7f2a7c191628
P 0x7f2a7c47a0d8
C 58
= 0x7f2a7c473348
R
P 0x7f2a7c191628
C 342
R
P 0x7f2a7c191628
P 0x7f2a7c473348
C 258
R
P 0x7f2a7c191628
C 342
R
P 0x7f2a7c191628
P 0x7f2a7c473348
C 9
R
P 0x7f2a7c191628
C 342
R
P 0x7f2a7c191628
I 6
P 0x7f2a7c19b208
C 150
= 0x7f2a7c19c0e8
R
P 0x7f2a7c191628
C 342
R
P 0x7f2a7c191628
P 0x7f2a7c19c0e8
C 258
R
P 0x7f2a7c191628
C 342
R
P 0x7f2a7c191628
P 0x7f2a7c19c0e8
C 9
R
P 0x7f2a7c191628
C 342
R
P 0x7f2a7c191628
P 0x7f2a7c19c0e8
C 263
R
P 0x7f2a7c191628
C 342
R
P 0x7f2a7c191628
S "slot6Start"
C 30
R
P 0x7f2a7c191628
C 342
R
P 0x7f2a7c191628
$ |slot6Start|
C 202
R
P 0x7f2a7c191628
C 342
R
P 0x7f2a7c191628
$ |slot6Start|
P 0x7f2a7c19b1e8
C 51
= 0x7f2a7c19c108
R
P 0x7f2a7c191628
C 342
R
P 0x7f2a7c191628
P 0x7f2a7c19c108
C 257
R
P 0x7f2a7c191628
C 342
R
P 0x7f2a7c191628
P 0x7f2a7c19c108
C 254
= 0x7f2a7c19b1e8
R
P 0x7f2a7c191628
C 342
R
P 0x7f2a7c191628
P 0x7f2a7c19b1e8
C 209
R
P 0x7f2a7c191628
C 342
R
P 0x7f2a7c191628
P 0x7f2a7c19c108
C 260
R
P 0x7f2a7c191628
C 342
R
P 0x7f2a7c191628
P 0x7f2a7c19c108
C 259
R
P 0x7f2a7c191628
C 342
R
P 0x7f2a7c191628
P 0x7f2a7c19c108
C 258
R
P 0x7f2a7c191628
C 342
R
P 0x7f2a7c191628
P 0x7f2a7c19c108
C 9
R
P 0x7f2a7c191628
C 342
R
P 0x7f2a7c191628
I 3
P 0x7f2a7c19b208
C 150
= 0x7f2a7c19bfc8
R
P 0x7f2a7c191628
C 342
R
P 0x7f2a7c191628
P 0x7f2a7c19bfc8
C 258
R
P 0x7f2a7c191628
C 342
R
P 0x7f2a7c191628
P 0x7f2a7c19bfc8
C 9
R
P 0x7f2a7c191628
C 342
R
P 0x7f2a7c191628
P 0x7f2a7c19bfc8
C 263
R
P 0x7f2a7c191628
C 342
R
P 0x7f2a7c191628
S "slot3Start"
C 30
R
P 0x7f2a7c191628
C 342
R
P 0x7f2a7c191628
$ |slot3Start|
C 202
R
P 0x7f2a7c191628
C 342
R
P 0x7f2a7c191628
$ |slot3Start|
P 0x7f2a7c19b1e8
C 51
= 0x7f2a7c19bfe8
R
P 0x7f2a7c191628
C 342
R
P 0x7f2a7c191628
P 0x7f2a7c19bfe8
C 257
R
P 0x7f2a7c191628
C 342
R
P 0x7f2a7c191628
P 0x7f2a7c19bfe8
C 254
= 0x7f2a7c19b1e8
R
P 0x7f2a7c191628
C 342
R
P 0x7f2a7c191628
P 0x7f2a7c19b1e8
C 209
R
P 0x7f2a7c191628
C 342
R
P 0x7f2a7c191628
P 0x7f2a7c19bfe8
C 260
R
P 0x7f2a7c191628
C 342
R
P 0x7f2a7c191628
P 0x7f2a7c19bfe8
C 259
R
P 0x7f2a7c191628
C 342
R
P 0x7f2a7c191628
P 0x7f2a7c19bfe8
C 258
R
P 0x7f2a7c191628
C 342
R
P 0x7f2a7c191628
P 0x7f2a7c19bfe8
C 9
R
P 0x7f2a7c191628
C 342
R
P 0x7f2a7c191628
P 0x7f2a7c19c108
P 0x7f2a7c19bfe8
C 76
= 0x7f2a7c47a110
R
P 0x7f2a7c191628
C 342
R
P 0x7f2a7c191628
P 0x7f2a7c47a110
C 258
R
P 0x7f2a7c191628
C 342
R
P 0x7f2a7c191628
P 0x7f2a7c47a110
C 9
R
P 0x7f2a7c191628
C 342
R
P 0x7f2a7c191628
I 6
P 0x7f2a7c19b208
C 150
= 0x7f2a7c19c0e8
R
P 0x7f2a7c191628
C 342
R
P 0x7f2a7c191628
P 0x7f2a7c19c0e8
C 258
R
P 0x7f2a7c191628
C 342
R
P 0x7f2a7c191628
P 0x7f2a7c19c0e8
C 9
R
P 0x7f2a7c191628
C 342
R
P 0x7f2a7c191628
P 0x7f2a7c19c0e8
C 263
R
P 0x7f2a7c191628
C 342
R
P 0x7f2a7c191628
S "slot6Start"
C 30
R
P 0x7f2a7c191628
C 342
R
P 0x7f2a7c191628
$ |slot6Start|
C 202
R
P 0x7f2a7c191628
C 342
R
P 0x7f2a7c191628
$ |slot6Start|
P 0x7f2a7c19b1e8
C 51
= 0x7f2a7c19c108
R
P 0x7f2a7c191628
C 342
R
P 0x7f2a7c191628
P 0x7f2a7c19c108
C 257
R
P 0x7f2a7c191628
C 342
R
P 0x7f2a7c191628
P 0x7f2a7c19c108
C 254
= 0x7f2a7c19b1e8
R
P 0x7f2a7c191628
C 342
R
P 0x7f2a7c191628
P 0x7f2a7c19b1e8
C 209
R
P 0x7f2a7c191628
C 342
R
P 0x7f2a7c191628
P 0x7f2a7c19c108
C 260
R
P 0x7f2a7c191628
C 342
R
P 0x7f2a7c191628
P 0x7f2a7c19c108
C 259
R
P 0x7f2a7c191628
C 342
R
P 0x7f2a7c191628
P 0x7f2a7c19c108
C 258
R
P 0x7f2a7c191628
C 342
R
P 0x7f2a7c191628
P 0x7f2a7c19c108
C 9
R
P 0x7f2a7c191628
C 342
R
P 0x7f2a7c191628
I 3
P 0x7f2a7c19b208
C 150
= 0x7f2a7c19bfc8
R
P 0x7f2a7c191628
C 342
R
P 0x7f2a7c191628
P 0x7f2a7c19bfc8
C 258
R
P 0x7f2a7c191628
C 342
R
P 0x7f2a7c191628
P 0x7f2a7c19bfc8
C 9
R
P 0x7f2a7c191628
C 342
R
P 0x7f2a7c191628
P 0x7f2a7c19bfc8
C 263
R
P 0x7f2a7c191628
C 342
R
P 0x7f2a7c191628
S "slot3Start"
C 30
R
P 0x7f2a7c191628
C 342
R
P 0x7f2a7c191628
$ |slot3Start|
C 202
R
P 0x7f2a7c191628
C 342
R
P 0x7f2a7c191628
$ |slot3Start|
P 0x7f2a7c19b1e8
C 51
= 0x7f2a7c19bfe8
R
P 0x7f2a7c191628
C 342
R
P 0x7f2a7c191628
P 0x7f2a7c19bfe8
C 257
R
P 0x7f2a7c191628
C 342
R
P 0x7f2a7c191628
P 0x7f2a7c19bfe8
C 254
= 0x7f2a7c19b1e8
R
P 0x7f2a7c191628
C 342
R
P 0x7f2a7c191628
P 0x7f2a7c19b1e8
C 209
R
P 0x7f2a7c191628
C 342
R
P 0x7f2a7c191628
P 0x7f2a7c19bfe8
C 260
R
P 0x7f2a7c191628
C 342
R
P 0x7f2a7c191628
P 0x7f2a7c19bfe8
C 259
R
P 0x7f2a7c191628
C 342
R
P 0x7f2a7c191628
P 0x7f2a7c19bfe8
C 258
R
P 0x7f2a7c191628
C 342
R
P 0x7f2a7c191628
P 0x7f2a7c19bfe8
C 9
R
P 0x7f2a7c191628
C 342
R
P 0x7f2a7c191628
I 3
P 0x7f2a7c19b208
C 150
= 0x7f2a7c19bfc8
R
P 0x7f2a7c191628
C 342
R
P 0x7f2a7c191628
P 0x7f2a7c19bfc8
C 258
R
P 0x7f2a7c191628
C 342
R
P 0x7f2a7c191628
P 0x7f2a7c19bfc8
C 9
R
P 0x7f2a7c191628
C 342
R
P 0x7f2a7c191628
P 0x7f2a7c19bfc8
C 263
R
P 0x7f2a7c191628
C 342
R
P 0x7f2a7c191628
S "slot3Duration"
C 30
R
P 0x7f2a7c191628
C 342
R
P 0x7f2a7c191628
$ |slot3Duration|
C 202
R
P 0x7f2a7c191628
C 342
R
P 0x7f2a7c191628
$ |slot3Duration|
P 0x7f2a7c19b1e8
C 51
= 0x7f2a7c19c008
R
P 0x7f2a7c191628
C 342
R
P 0x7f2a7c191628
P 0x7f2a7c19c008
C 257
R
P 0x7f2a7c191628
C 342
R
P 0x7f2a7c191628
P 0x7f2a7c19c008
C 254
= 0x7f2a7c19b1e8
R
P 0x7f2a7c191628
C 342
R
P 0x7f2a7c191628
P 0x7f2a7c19b1e8
C 209
R
P 0x7f2a7c191628
C 342
R
P 0x7f2a7c191628
P 0x7f2a7c19c008
C 260
R
P 0x7f2a7c191628
C 342
R
P 0x7f2a7c191628
P 0x7f2a7c19c008
C 259
R
P 0x7f2a7c191628
C 342
R
P 0x7f2a7c191628
P 0x7f2a7c19c008
C 258
R
P 0x7f2a7c191628
C 342
R
P 0x7f2a7c191628
P 0x7f2a7c19c008
C 9
R
P 0x7f2a7c191628
C 342
R
P 0x7f2a7c191628
U 2
P 0x7f2a7c19bfe8
P 0x7f2a7c19c008
p 2
C 65
= 0x7f2a7c1a1f58
R
P 0x7f2a7c191628
C 342
R
P 0x7f2a7c191628
P 0x7f2a7c1a1f58
C 257
R
P 0x7f2a7c191628
C 342
R
P 0x7f2a7c191628
P 0x7f2a7c1a1f58
C 254
= 0x7f2a7c19b1e8
R
P 0x7f2a7c191628
C 342
R
P 0x7f2a7c191628
P 0x7f2a7c19b1e8
C 209
R
P 0x7f2a7c191628
C 342
R
P 0x7f2a7c191628
P 0x7f2a7c1a1f58
C 260
R
P 0x7f2a7c191628
C 342
R
P 0x7f2a7c191628
P 0x7f2a7c1a1f58
C 259
R
P 0x7f2a7c191628
C 342
R
P 0x7f2a7c191628
P 0x7f2a7c1a1f58
C 258
R
P 0x7f2a7c191628
C 342
R
P 0x7f2a7c191628
P 0x7f2a7c1a1f58
C 9
R
P 0x7f2a7c191628
C 342
R
P 0x7f2a7c191628
P 0x7f2a7c19c108
P 0x7f2a7c1a1f58
C 74
= 0x7f2a7c2ccea8
R
P 0x7f2a7c191628
C 342
R
P 0x7f2a7c191628
P 0x7f2a7c2ccea8
C 258
R
P 0x7f2a7c191628
C 342
R
P 0x7f2a7c191628
P 0x7f2a7c2ccea8
C 9
R
P 0x7f2a7c191628
C 342
R
P 0x7f2a7c191628
U 2
P 0x7f2a7c47a110
P 0x7f2a7c2ccea8
p 2
C 63
= 0x7f2a7c47a148
R
P 0x7f2a7c191628
C 342
R
P 0x7f2a7c191628
P 0x7f2a7c47a148
C 258
R
P 0x7f2a7c191628
C 342
R
P 0x7f2a7c191628
P 0x7f2a7c47a148
C 9
R
P 0x7f2a7c191628
C 342
R
P 0x7f2a7c191628
P 0x7f2a7c47a148
C 58
= 0x7f2a7c473378
R
P 0x7f2a7c191628
C 342
R
P 0x7f2a7c191628
P 0x7f2a7c473378
C 258
R
P 0x7f2a7c191628
C 342
R
P 0x7f2a7c191628
P 0x7f2a7c473378
C 9
R
P 0x7f2a7c191628
C 342
R
P 0x7f2a7c191628
P 0x7f2a7c473348
P 0x7f2a7c473378
C 61
= 0x7f2a7c47a180
R
P 0x7f2a7c191628
C 342
R
P 0x7f2a7c191628
P 0x7f2a7c47a180
C 258
R
P 0x7f2a7c191628
C 342
R
P 0x7f2a7c191628
P 0x7f2a7c47a180
C 9
R
P 0x7f2a7c191628
C 342
R
P 0x7f2a7c191628
P 0x7f2a7c1e1fc8
P 0x7f2a7c47a180
C 427
R
P 0x7f2a7c191628
C 342
R
P 0x7f2a7c191628
I 6
P 0x7f2a7c19b208
C 150
= 0x7f2a7c19c0e8
R
P 0x7f2a7c191628
C 342
R
P 0x7f2a7c191628
P 0x7f2a7c19c0e8
C 258
R
P 0x7f2a7c191628
C 342
R
P 0x7f2a7c191628
P 0x7f2a7c19c0e8
C 9
R
P 0x7f2a7c191628
C 342
R
P 0x7f2a7c191628
I 4
P 0x7f2a7c19b208
C 150
= 0x7f2a7c19c028
R
P 0x7f2a7c191628
C 342
R
P 0x7f2a7c191628
P 0x7f2a7c19c028
C 258
R
P 0x7f2a7c191628
C 342
R
P 0x7f2a7c191628
P 0x7f2a7c19c028
C 9
R
P 0x7f2a7c191628
C 342
R
P 0x7f2a7c191628
P 0x7f2a7c19c0e8
P 0x7f2a7c19c028
C 56
= 0x7f2a7c47a1b8
R
P 0x7f2a7c191628
C 342
R
P 0x7f2a7c191628
P 0x7f2a7c47a1b8
C 258
R
P 0x7f2a7c191628
C 342
R
P 0x7f2a7c191628
P 0x7f2a7c47a1b8
C 9
R
P 0x7f2a7c191628
C 342
R
P 0x7f2a7c191628
P 0x7f2a7c47a1b8
C 58
= 0x7f2a7c4733a8
R
P 0x7f2a7c191628
C 342
R
P 0x7f2a7c191628
P 0x7f2a7c4733a8
C 258
R
P 0x7f2a7c191628
C 342
R
P 0x7f2a7c191628
P 0x7f2a7c4733a8
C 9
R
P 0x7f2a7c191628
C 342
R
P 0x7f2a7c191628
I 6
P 0x7f2a7c19b208
C 150
= 0x7f2a7c19c0e8
R
P 0x7f2a7c191628
C 342
R
P 0x7f2a7c191628
P 0x7f2a7c19c0e8
C 258
R
P 0x7f2a7c191628
C 342
R
P 0x7f2a7c191628
P 0x7f2a7c19c0e8
C 9
R
P 0x7f2a7c191628
C 342
R
P 0x7f2a7c191628
P 0x7f2a7c19c0e8
C 263
R
P 0x7f2a7c191628
C 342
R
P 0x7f2a7c191628
S "slot6Start"
C 30
R
P 0x7f2a7c191628
C 342
R
P 0x7f2a7c191628
$ |slot6Start|
C 202
R
P 0x7f2a7c191628
C 342
R
P 0x7f2a7c191628
$ |slot6Start|
P 0x7f2a7c19b1e8
C 51
= 0x7f2a7c19c108
R
P 0x7f2a7c191628
C 342
R
P 0x7f2a7c191628
P 0x7f2a7c19c108
C 257
R
P 0x7f2a7c191628
C 342
R
P 0x7f2a7c191628
P 0x7f2a7c19c108
C 254
= 0x7f2a7c19b1e8
R
P 0x7f2a7c191628
C 342
R
P 0x7f2a7c191628
P 0x7f2a7c19b1e8
C 209
R
P 0x7f2a7c191628
C 342
R
P 0x7f2a7c191628
P 0x7f2a7c19c108
C 260
R
P 0x7f2a7c191628
C 342
R
P 0x7f2a7c191628
P 0x7f2a7c19c108
C 259
R
P 0x7f2a7c191628
C 342
R
P 0x7f2a7c191628
P 0x7f2a7c19c108
C 258
R
P 0x7f2a7c191628
C 342
R
P 0x7f2a7c191628
P 0x7f2a7c19c108
C 9
R
P 0x7f2a7c191628
C 342
R
P 0x7f2a7c191628
I 4
P 0x7f2a7c19b208
C 150
= 0x7f2a7c19c028
R
P 0x7f2a7c191628
C 342
R
P 0x7f2a7c191628
P 0x7f2a7c19c028
C 258
R
P 0x7f2a7c191628
C 342
R
P 0x7f2a7c191628
P 0x7f2a7c19c028
C 9
R
P 0x7f2a7c191628
C 342
R
P 0x7f2a7c191628
P 0x7f2a7c19c028
C 263
R
P 0x7f2a7c191628
C 342
R
P 0x7f2a7c191628
S "slot4Start"
C 30
R
P 0x7f2a7c191628
C 342
R
P 0x7f2a7c191628
$ |slot4Start|
C 202
R
P 0x7f2a7c191628
C 342
R
P 0x7f2a7c191628
$ |slot4Start|
P 0x7f2a7c19b1e8
C 51
= 0x7f2a7c19c048
R
P 0x7f2a7c191628
C 342
R
P 0x7f2a7c191628
P 0x7f2a7c19c048
C 257
R
P 0x7f2a7c191628
C 342
R
P 0x7f2a7c191628
P 0x7f2a7c19c048
C 254
= 0x7f2a7c19b1e8
R
P 0x7f2a7c191628
C 342
R
P 0x7f2a7c191628
P 0x7f2a7c19b1e8
C 209
R
P 0x7f2a7c191628
C 342
R
P 0x7f2a7c191628
P 0x7f2a7c19c048
C 260
R
P 0x7f2a7c191628
C 342
R
P 0x7f2a7c191628
P 0x7f2a7c19c048
C 259
R
P 0x7f2a7c191628
C 342
R
P 0x7f2a7c191628
P 0x7f2a7c19c048
C 258
R
P 0x7f2a7c191628
C 342
R
P 0x7f2a7c191628
P 0x7f2a7c19c048
C 9
R
P 0x7f2a7c191628
C 342
R
P 0x7f2a7c191628
P 0x7f2a7c19c108
P 0x7f2a7c19c048
C 76
= 0x7f2a7c475238
R
P 0x7f2a7c191628
C 342
R
P 0x7f2a7c191628
P 0x7f2a7c475238
C 258
R
P 0x7f2a7c191628
C 342
R
P 0x7f2a7c191628
P 0x7f2a7c475238
C 9
R
P 0x7f2a7c191628
C 342
R
P 0x7f2a7c191628
I 6
P 0x7f2a7c19b208
C 150
= 0x7f2a7c19c0e8
R
P 0x7f2a7c191628
C 342
R
P 0x7f2a7c191628
P 0x7f2a7c19c0e8
C 258
R
P 0x7f2a7c191628
C 342
R
P 0x7f2a7c191628
P 0x7f2a7c19c0e8
C 9
R
P 0x7f2a7c191628
C 342
R
P 0x7f2a7c191628
P 0x7f2a7c19c0e8
C 263
R
P 0x7f2a7c191628
C 342
R
P 0x7f2a7c191628
S "slot6Start"
C 30
R
P 0x7f2a7c191628
C 342
R
P 0x7f2a7c191628
$ |slot6Start|
C 202
R
P 0x7f2a7c191628
C 342
R
P 0x7f2a7c191628
$ |slot6Start|
P 0x7f2a7c19b1e8
C 51
= 0x7f2a7c19c108
R
P 0x7f2a7c191628
C 342
R
P 0x7f2a7c191628
P 0x7f2a7c19c108
C 257
R
P 0x7f2a7c191628
C 342
R
P 0x7f2a7c191628
P 0x7f2a7c19c108
C 254
= 0x7f2a7c19b1e8
R
P 0x7f2a7c191628
C 342
R
P 0x7f2a7c191628
P 0x7f2a7c19b1e8
C 209
R
P 0x7f2a7c191628
C 342
R
P 0x7f2a7c191628
P 0x7f2a7c19c108
C 260
R
P 0x7f2a7c191628
C 342
R
P 0x7f2a7c191628
P 0x7f2a7c19c108
C 259
R
P 0x7f2a7c191628
C 342
R
P 0x7f2a7c191628
P 0x7f2a7c19c108
C 258
R
P 0x7f2a7c191628
C 342
R
P 0x7f2a7c191628
P 0x7f2a7c19c108
C 9
R
P 0x7f2a7c191628
C 342
R
P 0x7f2a7c191628
I 4
P 0x7f2a7c19b208
C 150
= 0x7f2a7c19c028
R
P 0x7f2a7c191628
C 342
R
P 0x7f2a7c191628
P 0x7f2a7c19c028
C 258
R
P 0x7f2a7c191628
C 342
R
P 0x7f2a7c191628
P 0x7f2a7c19c028
C 9
R
P 0x7f2a7c191628
C 342
R
P 0x7f2a7c191628
P 0x7f2a7c19c028
C 263
R
P 0x7f2a7c191628
C 342
R
P 0x7f2a7c191628
S "slot4Start"
C 30
R
P 0x7f2a7c191628
C 342
R
P 0x7f2a7c191628
$ |slot4Start|
C 202
R
P 0x7f2a7c191628
C 342
R
P 0x7f2a7c191628
$ |slot4Start|
P 0x7f2a7c19b1e8
C 51
= 0x7f2a7c19c048
R
P 0x7f2a7c191628
C 342
R
P 0x7f2a7c191628
P 0x7f2a7c19c048
C 257
R
P 0x7f2a7c191628
C 342
R
P 0x7f2a7c191628
P 0x7f2a7c19c048
C 254
= 0x7f2a7c19b1e8
R
P 0x7f2a7c191628
C 342
R
P 0x7f2a7c191628
P 0x7f2a7c19b1e8
C 209
R
P 0x7f2a7c191628
C 342
R
P 0x7f2a7c191628
P 0x7f2a7c19c048
C 260
R
P 0x7f2a7c191628
C 342
R
P 0x7f2a7c191628
P 0x7f2a7c19c048
C 259
R
P 0x7f2a7c191628
C 342
R
P 0x7f2a7c191628
P 0x7f2a7c19c048
C 258
R
P 0x7f2a7c191628
C 342
R
P 0x7f2a7c191628
P 0x7f2a7c19c048
C 9
R
P 0x7f2a7c191628
C 342
R
P 0x7f2a7c191628
I 4
P 0x7f2a7c19b208
C 150
= 0x7f2a7c19c028
R
P 0x7f2a7c191628
C 342
R
P 0x7f2a7c191628
P 0x7f2a7c19c028
C 258
R
P 0x7f2a7c191628
C 342
R
P 0x7f2a7c191628
P 0x7f2a7c19c028
C 9
R
P 0x7f2a7c191628
C 342
R
P 0x7f2a7c191628
P 0x7f2a7c19c028
C 263
R
P 0x7f2a7c191628
C 342
R
P 0x7f2a7c191628
S "slot4Duration"
C 30
R
P 0x7f2a7c191628
C 342
R
P 0x7f2a7c191628
$ |slot4Duration|
C 202
R
P 0x7f2a7c191628
C 342
R
P 0x7f2a7c191628
$ |slot4Duration|
P 0x7f2a7c19b1e8
C 51
= 0x7f2a7c19c068
R
P 0x7f2a7c191628
C 342
R
P 0x7f2a7c191628
P 0x7f2a7c19c068
C 257
R
P 0x7f2a7c191628
C 342
R
P 0x7f2a7c191628
P 0x7f2a7c19c068
C 254
= 0x7f2a7c19b1e8
R
P 0x7f2a7c191628
C 342
R
P 0x7f2a7c191628
P 0x7f2a7c19b1e8
C 209
R
P 0x7f2a7c191628
C 342
R
P 0x7f2a7c191628
P 0x7f2a7c19c068
C 260
R
P 0x7f2a7c191628
C 342
R
P 0x7f2a7c191628
P 0x7f2a7c19c068
C 259
R
P 0x7f2a7c191628
C 342
R
P 0x7f2a7c191628
P 0x7f2a7c19c068
C 258
R
P 0x7f2a7c191628
C 342
R
P 0x7f2a7c191628
P 0x7f2a7c19c068
C 9
R
P 0x7f2a7c191628
C 342
R
P 0x7f2a7c191628
U 2
P 0x7f2a7c19c048
P 0x7f2a7c19c068
p 2
C 65
= 0x7f2a7c1a20a8
R
P 0x7f2a7c191628
C 342
R
P 0x7f2a7c191628
P 0x7f2a7c1a20a8
C 257
R
P 0x7f2a7c191628
C 342
R
P 0x7f2a7c191628
P 0x7f2a7c1a20a8
C 254
= 0x7f2a7c19b1e8
R
P 0x7f2a7c191628
C 342
R
P 0x7f2a7c191628
P 0x7f2a7c19b1e8
C 209
R
P 0x7f2a7c191628
C 342
R
P 0x7f2a7c191628
P 0x7f2a7c1a20a8
C 260
R
P 0x7f2a7c191628
C 342
R
P 0x7f2a7c191628
P 0x7f2a7c1a20a8
C 259
R
P 0x7f2a7c191628
C 342
R
P 0x7f2a7c191628
P 0x7f2a7c1a20a8
C 258
R
P 0x7f2a7c191628
C 342
R
P 0x7f2a7c191628
P 0x7f2a7c1a20a8
C 9
R
P 0x7f2a7c191628
C 342
R
P 0x7f2a7c191628
P 0x7f2a7c19c108
P 0x7f2a7c1a20a8
C 74
= 0x7f2a7c478ba0
R
P 0x7f2a7c191628
C 342
R
P 0x7f2a7c191628
P 0x7f2a7c478ba0
C 258
R
P 0x7f2a7c191628
C 342
R
P 0x7f2a7c191628
P 0x7f2a7c478ba0
C 9
R
P 0x7f2a7c191628
C 342
R
P 0x7f2a7c191628
U 2
P 0x7f2a7c475238
P 0x7f2a7c478ba0
p 2
C 63
= 0x7f2a7c475270
R
P 0x7f2a7c191628
C 342
R
P 0x7f2a7c191628
P 0x7f2a7c475270
C 258
R
P 0x7f2a7c191628
C 342
R
P 0x7f2a7c191628
P 0x7f2a7c475270
C 9
R
P 0x7f2a7c191628
C 342
R
P 0x7f2a7c191628
P 0x7f2a7c475270
C 58
= 0x7f2a7c4733d8
R
P 0x7f2a7c191628
C 342
R
P 0x7f2a7c191628
P 0x7f2a7c4733d8
C 258
R
P 0x7f2a7c191628
C 342
R
P 0x7f2a7c191628
P 0x7f2a7c4733d8
C 9
R
P 0x7f2a7c191628
C 342
R
P 0x7f2a7c191628
P 0x7f2a7c4733a8
P 0x7f2a7c4733d8
C 61
= 0x7f2a7c4752a8
R
P 0x7f2a7c191628
C 342
R
P 0x7f2a7c191628
P 0x7f2a7c4752a8
C 258
R
P 0x7f2a7c191628
C 342
R
P 0x7f2a7c191628
P 0x7f2a7c4752a8
C 9
R
P 0x7f2a7c191628
C 342
R
P 0x7f2a7c191628
P 0x7f2a7c1e1fc8
P 0x7f2a7c4752a8
C 427
R
P 0x7f2a7c191628
C 342
R
P 0x7f2a7c191628
I 6
P 0x7f2a7c19b208
C 150
= 0x7f2a7c19c0e8
R
P 0x7f2a7c191628
C 342
R
P 0x7f2a7c191628
P 0x7f2a7c19c0e8
C 258
R
P 0x7f2a7c191628
C 342
R
P 0x7f2a7c191628
P 0x7f2a7c19c0e8
C 9
R
P 0x7f2a7c191628
C 342
R
P 0x7f2a7c191628
I 5
P 0x7f2a7c19b208
C 150
= 0x7f2a7c19c088
R
P 0x7f2a7c191628
C 342
R
P 0x7f2a7c191628
P 0x7f2a7c19c088
C 258
R
P 0x7f2a7c191628
C 342
R
P 0x7f2a7c191628
P 0x7f2a7c19c088
C 9
R
P 0x7f2a7c191628
C 342
R
P 0x7f2a7c191628
P 0x7f2a7c19c0e8
P 0x7f2a7c19c088
C 56
= 0x7f2a7c4752e0
R
P 0x7f2a7c191628
C 342
R
P 0x7f2a7c191628
P 0x7f2a7c4752e0
C 258
R
P 0x7f2a7c191628
C 342
R
P 0x7f2a7c191628
P 0x7f2a7c4752e0
C 9
R
P 0x7f2a7c191628
C 342
R
P 0x7f2a7c191628
P 0x7f2a7c4752e0
C 58
= 0x7f2a7c473408
R
P 0x7f2a7c191628
C 342
R
P 0x7f2a7c191628
P 0x7f2a7c473408
C 258
R
P 0x7f2a7c191628
C 342
R
P 0x7f2a7c191628
P 0x7f2a7c473408
C 9
R
P 0x7f2a7c191628
C 342
R
P 0x7f2a7c191628
I 6
P 0x7f2a7c19b208
C 150
= 0x7f2a7c19c0e8
R
P 0x7f2a7c191628
C 342
R
P 0x7f2a7c191628
P 0x7f2a7c19c0e8
C 258
R
P 0x7f2a7c191628
C 342
R
P 0x7f2a7c191628
P 0x7f2a7c19c0e8
C 9
R
P 0x7f2a7c191628
C 342
R
P 0x7f2a7c191628
P 0x7f2a7c19c0e8
C 263
R
P 0x7f2a7c191628
C 342
R
P 0x7f2a7c191628
S "slot6Start"
C 30
R
P 0x7f2a7c191628
C 342
R
P 0x7f2a7c191628
$ |slot6Start|
C 202
R
P 0x7f2a7c191628
C 342
R
P 0x7f2a7c191628
$ |slot6Start|
P 0x7f2a7c19b1e8
C 51
= 0x7f2a7c19c108
R
P 0x7f2a7c191628
C 342
R
P 0x7f2a7c191628
P 0x7f2a7c19c108
C 257
R
P 0x7f2a7c191628
C 342
R
P 0x7f2a7c191628
P 0x7f2a7c19c108
C 254
= 0x7f2a7c19b1e8
R
P 0x7f2a7c191628
C 342
R
P 0x7f2a7c191628
P 0x7f2a7c19b1e8
C 209
R
P 0x7f2a7c191628
C 342
R
P 0x7f2a7c191628
P 0x7f2a7c19c108
C 260
R
P 0x7f2a7c191628
C 342
R
P 0x7f2a7c191628
P 0x7f2a7c19c108
C 259
R
P 0x7f2a7c191628
C 342
R
P 0x7f2a7c191628
P 0x7f2a7c19c108
C 258
R
P 0x7f2a7c191628
C 342
R
P 0x7f2a7c191628
P 0x7f2a7c19c108
C 9
R
P 0x7f2a7c191628
C 342
R
P 0x7f2a7c191628
I 5
P 0x7f2a7c19b208
C 150
= 0x7f2a7c19c088
R
P 0x7f2a7c191628
C 342
R
P 0x7f2a7c191628
P 0x7f2a7c19c088
C 258
R
P 0x7f2a7c191628
C 342
R
P 0x7f2a7c191628
P 0x7f2a7c19c088
C 9
R
P 0x7f2a7c191628
C 342
R
P 0x7f2a7c191628
P 0x7f2a7c19c088
C 263
R
P 0x7f2a7c191628
C 342
R
P 0x7f2a7c191628
S "slot5Start"
C 30
R
P 0x7f2a7c191628
C 342
R
P 0x7f2a7c191628
$ |slot5Start|
C 202
R
P 0x7f2a7c191628
C 342
R
P 0x7f2a7c191628
$ |slot5Start|
P 0x7f2a7c19b1e8
C 51
= 0x7f2a7c19c0a8
R
P 0x7f2a7c191628
C 342
R
P 0x7f2a7c191628
P 0x7f2a7c19c0a8
C 257
R
P 0x7f2a7c191628
C 342
R
P 0x7f2a7c191628
P 0x7f2a7c19c0a8
C 254
= 0x7f2a7c19b1e8
R
P 0x7f2a7c191628
C 342
R
P 0x7f2a7c191628
P 0x7f2a7c19b1e8
C 209
R
P 0x7f2a7c191628
C 342
R
P 0x7f2a7c191628
P 0x7f2a7c19c0a8
C 260
R
P 0x7f2a7c191628
C 342
R
P 0x7f2a7c191628
P 0x7f2a7c19c0a8
C 259
R
P 0x7f2a7c191628
C 342
R
P 0x7f2a7c191628
P 0x7f2a7c19c0a8
C 258
R
P 0x7f2a7c191628
C 342
R
P 0x7f2a7c191628
P 0x7f2a7c19c0a8
C 9
R
P 0x7f2a7c191628
C 342
R
P 0x7f2a7c191628
P 0x7f2a7c19c108
P 0x7f2a7c19c0a8
C 76
= 0x7f2a7c475318
R
P 0x7f2a7c191628
C 342
R
P 0x7f2a7c191628
P 0x7f2a7c475318
C 258
R
P 0x7f2a7c191628
C 342
R
P 0x7f2a7c191628
P 0x7f2a7c475318
C 9
R
P 0x7f2a7c191628
C 342
R
P 0x7f2a7c191628
I 6
P 0x7f2a7c19b208
C 150
= 0x7f2a7c19c0e8
R
P 0x7f2a7c191628
C 342
R
P 0x7f2a7c191628
P 0x7f2a7c19c0e8
C 258
R
P 0x7f2a7c191628
C 342
R
P 0x7f2a7c191628
P 0x7f2a7c19c0e8
C 9
R
P 0x7f2a7c191628
C 342
R
P 0x7f2a7c191628
P 0x7f2a7c19c0e8
C 263
R
P 0x7f2a7c191628
C 342
R
P 0x7f2a7c191628
S "slot6Start"
C 30
R
P 0x7f2a7c191628
C 342
R
P 0x7f2a7c191628
$ |slot6Start|
C 202
R
P 0x7f2a7c191628
C 342
R
P 0x7f2a7c191628
$ |slot6Start|
P 0x7f2a7c19b1e8
C 51
= 0x7f2a7c19c108
R
P 0x7f2a7c191628
C 342
R
P 0x7f2a7c191628
P 0x7f2a7c19c108
C 257
R
P 0x7f2a7c191628
C 342
R
P 0x7f2a7c191628
P 0x7f2a7c19c108
C 254
= 0x7f2a7c19b1e8
R
P 0x7f2a7c191628
C 342
R
P 0x7f2a7c191628
P 0x7f2a7c19b1e8
C 209
R
P 0x7f2a7c191628
C 342
R
P 0x7f2a7c191628
P 0x7f2a7c19c108
C 260
R
P 0x7f2a7c191628
C 342
R
P 0x7f2a7c191628
P 0x7f2a7c19c108
C 259
R
P 0x7f2a7c191628
C 342
R
P 0x7f2a7c191628
P 0x7f2a7c19c108
C 258
R
P 0x7f2a7c191628
C 342
R
P 0x7f2a7c191628
P 0x7f2a7c19c108
C 9
R
P 0x7f2a7c191628
C 342
R
P 0x7f2a7c191628
I 5
P 0x7f2a7c19b208
C 150
= 0x7f2a7c19c088
R
P 0x7f2a7c191628
C 342
R
P 0x7f2a7c191628
P 0x7f2a7c19c088
C 258
R
P 0x7f2a7c191628
C 342
R
P 0x7f2a7c191628
P 0x7f2a7c19c088
C 9
R
P 0x7f2a7c191628
C 342
R
P 0x7f2a7c191628
P 0x7f2a7c19c088
C 263
R
P 0x7f2a7c191628
C 342
R
P 0x7f2a7c191628
S "slot5Start"
C 30
R
P 0x7f2a7c191628
C 342
R
P 0x7f2a7c191628
$ |slot5Start|
C 202
R
P 0x7f2a7c191628
C 342
R
P 0x7f2a7c191628
$ |slot5Start|
P 0x7f2a7c19b1e8
C 51
= 0x7f2a7c19c0a8
R
P 0x7f2a7c191628
C 342
R
P 0x7f2a7c191628
P 0x7f2a7c19c0a8
C 257
R
P 0x7f2a7c191628
C 342
R
P 0x7f2a7c191628
P 0x7f2a7c19c0a8
C 254
= 0x7f2a7c19b1e8
R
P 0x7f2a7c191628
C 342
R
P 0x7f2a7c191628
P 0x7f2a7c19b1e8
C 209
R
P 0x7f2a7c191628
C 342
R
P 0x7f2a7c191628
P 0x7f2a7c19c0a8
C 260
R
P 0x7f2a7c191628
C 342
R
P 0x7f2a7c191628
P 0x7f2a7c19c0a8
C 259
R
P 0x7f2a7c191628
C 342
R
P 0x7f2a7c191628
P 0x7f2a7c19c0a8
C 258
R
P 0x7f2a7c191628
C 342
R
P 0x7f2a7c191628
P 0x7f2a7c19c0a8
C 9
R
P 0x7f2a7c191628
C 342
R
P 0x7f2a7c191628
I 5
P 0x7f2a7c19b208
C 150
= 0x7f2a7c19c088
R
P 0x7f2a7c191628
C 342
R
P 0x7f2a7c191628
P 0x7f2a7c19c088
C 258
R
P 0x7f2a7c191628
C 342
R
P 0x7f2a7c191628
P 0x7f2a7c19c088
C 9
R
P 0x7f2a7c191628
C 342
R
P 0x7f2a7c191628
P 0x7f2a7c19c088
C 263
R
P 0x7f2a7c191628
C 342
R
P 0x7f2a7c191628
S "slot5Duration"
C 30
R
P 0x7f2a7c191628
C 342
R
P 0x7f2a7c191628
$ |slot5Duration|
C 202
R
P 0x7f2a7c191628
C 342
R
P 0x7f2a7c191628
$ |slot5Duration|
P 0x7f2a7c19b1e8
C 51
= 0x7f2a7c19c0c8
R
P 0x7f2a7c191628
C 342
R
P 0x7f2a7c191628
P 0x7f2a7c19c0c8
C 257
R
P 0x7f2a7c191628
C 342
R
P 0x7f2a7c191628
P 0x7f2a7c19c0c8
C 254
= 0x7f2a7c19b1e8
R
P 0x7f2a7c191628
C 342
R
P 0x7f2a7c191628
P 0x7f2a7c19b1e8
C 209
R
P 0x7f2a7c191628
C 342
R
P 0x7f2a7c191628
P 0x7f2a7c19c0c8
C 260
R
P 0x7f2a7c191628
C 342
R
P 0x7f2a7c191628
P 0x7f2a7c19c0c8
C 259
R
P 0x7f2a7c191628
C 342
R
P 0x7f2a7c191628
P 0x7f2a7c19c0c8
C 258
R
P 0x7f2a7c191628
C 342
R
P 0x7f2a7c191628
P 0x7f2a7c19c0c8
C 9
R
P 0x7f2a7c191628
C 342
R
P 0x7f2a7c191628
U 2
P 0x7f2a7c19c0a8
P 0x7f2a7c19c0c8
p 2
C 65
= 0x7f2a7c1a21f8
R
P 0x7f2a7c191628
C 342
R
P 0x7f2a7c191628
P 0x7f2a7c1a21f8
C 257
R
P 0x7f2a7c191628
C 342
R
P 0x7f2a7c191628
P 0x7f2a7c1a21f8
C 254
= 0x7f2a7c19b1e8
R
P 0x7f2a7c191628
C 342
R
P 0x7f2a7c191628
P 0x7f2a7c19b1e8
C 209
R
P 0x7f2a7c191628
C 342
R
P 0x7f2a7c191628
P 0x7f2a7c1a21f8
C 260
R
P 0x7f2a7c191628
C 342
R
P 0x7f2a7c191628
P 0x7f2a7c1a21f8
C 259
R
P 0x7f2a7c191628
C 342
R
P 0x7f2a7c191628
P 0x7f2a7c1a21f8
C 258
R
P 0x7f2a7c191628
C 342
R
P 0x7f2a7c191628
P 0x7f2a7c1a21f8
C 9
R
P 0x7f2a7c191628
C 342
R
P 0x7f2a7c191628
P 0x7f2a7c19c108
P 0x7f2a7c1a21f8
C 74
= 0x7f2a7c479af0
R
P 0x7f2a7c191628
C 342
R
P 0x7f2a7c191628
P 0x7f2a7c479af0
C 258
R
P 0x7f2a7c191628
C 342
R
P 0x7f2a7c191628
P 0x7f2a7c479af0
C 9
R
P 0x7f2a7c191628
C 342
R
P 0x7f2a7c191628
U 2
P 0x7f2a7c475318
P 0x7f2a7c479af0
p 2
C 63
= 0x7f2a7c475350
R
P 0x7f2a7c191628
C 342
R
P 0x7f2a7c191628
P 0x7f2a7c475350
C 258
R
P 0x7f2a7c191628
C 342
R
P 0x7f2a7c191628
P 0x7f2a7c475350
C 9
R
P 0x7f2a7c191628
C 342
R
P 0x7f2a7c191628
P 0x7f2a7c475350
C 58
= 0x7f2a7c473438
R
P 0x7f2a7c191628
C 342
R
P 0x7f2a7c191628
P 0x7f2a7c473438
C 258
R
P 0x7f2a7c191628
C 342
R
P 0x7f2a7c191628
P 0x7f2a7c473438
C 9
R
P 0x7f2a7c191628
C 342
R
P 0x7f2a7c191628
P 0x7f2a7c473408
P 0x7f2a7c473438
C 61
= 0x7f2a7c475388
R
P 0x7f2a7c191628
C 342
R
P 0x7f2a7c191628
P 0x7f2a7c475388
C 258
R
P 0x7f2a7c191628
C 342
R
P 0x7f2a7c191628
P 0x7f2a7c475388
C 9
R
P 0x7f2a7c191628
C 342
R
P 0x7f2a7c191628
P 0x7f2a7c1e1fc8
P 0x7f2a7c475388
C 427
R
P 0x7f2a7c191628
C 342
R
P 0x7f2a7c191628
I 6
P 0x7f2a7c19b208
C 150
= 0x7f2a7c19c0e8
R
P 0x7f2a7c191628
C 342
R
P 0x7f2a7c191628
P 0x7f2a7c19c0e8
C 258
R
P 0x7f2a7c191628
C 342
R
P 0x7f2a7c191628
P 0x7f2a7c19c0e8
C 9
R
P 0x7f2a7c191628
C 342
R
P 0x7f2a7c191628
I 6
P 0x7f2a7c19b208
C 150
= 0x7f2a7c19c0e8
R
P 0x7f2a7c191628
C 342
R
P 0x7f2a7c191628
P 0x7f2a7c19c0e8
C 258
R
P 0x7f2a7c191628
C 342
R
P 0x7f2a7c191628
P 0x7f2a7c19c0e8
C 9
R
P 0x7f2a7c191628
C 342
R
P 0x7f2a7c191628
P 0x7f2a7c19c0e8
P 0x7f2a7c19c0e8
C 56
= 0x7f2a7c4753c0
R
P 0x7f2a7c191628
C 342
R
P 0x7f2a7c191628
P 0x7f2a7c4753c0
C 258
R
P 0x7f2a7c191628
C 342
R
P 0x7f2a7c191628
P 0x7f2a7c4753c0
C 9
R
P 0x7f2a7c191628
C 342
R
P 0x7f2a7c191628
P 0x7f2a7c4753c0
C 58
= 0x7f2a7c473468
R
P 0x7f2a7c191628
C 342
R
P 0x7f2a7c191628
P 0x7f2a7c473468
C 258
R
P 0x7f2a7c191628
C 342
R
P 0x7f2a7c191628
P 0x7f2a7c473468
C 9
R
P 0x7f2a7c191628
C 342
R
P 0x7f2a7c191628
I 6
P 0x7f2a7c19b208
C 150
= 0x7f2a7c19c0e8
R
P 0x7f2a7c191628
C 342
R
P 0x7f2a7c191628
P 0x7f2a7c19c0e8
C 258
R
P 0x7f2a7c191628
C 342
R
P 0x7f2a7c191628
P 0x7f2a7c19c0e8
C 9
R
P 0x7f2a7c191628
C 342
R
P 0x7f2a7c191628
P 0x7f2a7c19c0e8
C 263
R
P 0x7f2a7c191628
C 342
R
P 0x7f2a7c191628
S "slot6Start"
C 30
R
P 0x7f2a7c191628
C 342
R
P 0x7f2a7c191628
$ |slot6Start|
C 202
R
P 0x7f2a7c191628
C 342
R
P 0x7f2a7c191628
$ |slot6Start|
P 0x7f2a7c19b1e8
C 51
= 0x7f2a7c19c108
R
P 0x7f2a7c191628
C 342
R
P 0x7f2a7c191628
P 0x7f2a7c19c108
C 257
R
P 0x7f2a7c191628
C 342
R
P 0x7f2a7c191628
P 0x7f2a7c19c108
C 254
= 0x7f2a7c19b1e8
R
P 0x7f2a7c191628
C 342
R
P 0x7f2a7c191628
P 0x7f2a7c19b1e8
C 209
R
P 0x7f2a7c191628
C 342
R
P 0x7f2a7c191628
P 0x7f2a7c19c108
C 260
R
P 0x7f2a7c191628
C 342
R
P 0x7f2a7c191628
P 0x7f2a7c19c108
C 259
R
P 0x7f2a7c191628
C 342
R
P 0x7f2a7c191628
P 0x7f2a7c19c108
C 258
R
P 0x7f2a7c191628
C 342
R
P 0x7f2a7c191628
P 0x7f2a7c19c108
C 9
R
P 0x7f2a7c191628
C 342
R
P 0x7f2a7c191628
I 6
P 0x7f2a7c19b208
C 150
= 0x7f2a7c19c0e8
R
P 0x7f2a7c191628
C 342
R
P 0x7f2a7c191628
P 0x7f2a7c19c0e8
C 258
R
P 0x7f2a7c191628
C 342
R
P 0x7f2a7c191628
P 0x7f2a7c19c0e8
C 9
R
P 0x7f2a7c191628
C 342
R
P 0x7f2a7c191628
P 0x7f2a7c19c0e8
C 263
R
P 0x7f2a7c191628
C 342
R
P 0x7f2a7c191628
S "slot6Start"
C 30
R
P 0x7f2a7c191628
C 342
R
P 0x7f2a7c191628
$ |slot6Start|
C 202
R
P 0x7f2a7c191628
C 342
R
P 0x7f2a7c191628
$ |slot6Start|
P 0x7f2a7c19b1e8
C 51
= 0x7f2a7c19c108
R
P 0x7f2a7c191628
C 342
R
P 0x7f2a7c191628
P 0x7f2a7c19c108
C 257
R
P 0x7f2a7c191628
C 342
R
P 0x7f2a7c191628
P 0x7f2a7c19c108
C 254
= 0x7f2a7c19b1e8
R
P 0x7f2a7c191628
C 342
R
P 0x7f2a7c191628
P 0x7f2a7c19b1e8
C 209
R
P 0x7f2a7c191628
C 342
R
P 0x7f2a7c191628
P 0x7f2a7c19c108
C 260
R
P 0x7f2a7c191628
C 342
R
P 0x7f2a7c191628
P 0x7f2a7c19c108
C 259
R
P 0x7f2a7c191628
C 342
R
P 0x7f2a7c191628
P 0x7f2a7c19c108
C 258
R
P 0x7f2a7c191628
C 342
R
P 0x7f2a7c191628
P 0x7f2a7c19c108
C 9
R
P 0x7f2a7c191628
C 342
R
P 0x7f2a7c191628
P 0x7f2a7c19c108
P 0x7f2a7c19c108
C 76
= 0x7f2a7c4753f8
R
P 0x7f2a7c191628
C 342
R
P 0x7f2a7c191628
P 0x7f2a7c4753f8
C 258
R
P 0x7f2a7c191628
C 342
R
P 0x7f2a7c191628
P 0x7f2a7c4753f8
C 9
R
P 0x7f2a7c191628
C 342
R
P 0x7f2a7c191628
I 6
P 0x7f2a7c19b208
C 150
= 0x7f2a7c19c0e8
R
P 0x7f2a7c191628
C 342
R
P 0x7f2a7c191628
P 0x7f2a7c19c0e8
C 258
R
P 0x7f2a7c191628
C 342
R
P 0x7f2a7c191628
P 0x7f2a7c19c0e8
C 9
R
P 0x7f2a7c191628
C 342
R
P 0x7f2a7c191628
P 0x7f2a7c19c0e8
C 263
R
P 0x7f2a7c191628
C 342
R
P 0x7f2a7c191628
S "slot6Start"
C 30
R
P 0x7f2a7c191628
C 342
R
P 0x7f2a7c191628
$ |slot6Start|
C 202
R
P 0x7f2a7c191628
C 342
R
P 0x7f2a7c191628
$ |slot6Start|
P 0x7f2a7c19b1e8
C 51
= 0x7f2a7c19c108
R
P 0x7f2a7c191628
C 342
R
P 0x7f2a7c191628
P 0x7f2a7c19c108
C 257
R
P 0x7f2a7c191628
C 342
R
P 0x7f2a7c191628
P 0x7f2a7c19c108
C 254
= 0x7f2a7c19b1e8
R
P 0x7f2a7c191628
C 342
R
P 0x7f2a7c191628
P 0x7f2a7c19b1e8
C 209
R
P 0x7f2a7c191628
C 342
R
P 0x7f2a7c191628
P 0x7f2a7c19c108
C 260
R
P 0x7f2a7c191628
C 342
R
P 0x7f2a7c191628
P 0x7f2a7c19c108
C 259
R
P 0x7f2a7c191628
C 342
R
P 0x7f2a7c191628
P 0x7f2a7c19c108
C 258
R
P 0x7f2a7c191628
C 342
R
P 0x7f2a7c191628
P 0x7f2a7c19c108
C 9
R
P 0x7f2a7c191628
C 342
R
P 0x7f2a7c191628
I 6
P 0x7f2a7c19b208
C 150
= 0x7f2a7c19c0e8
R
P 0x7f2a7c191628
C 342
R
P 0x7f2a7c191628
P 0x7f2a7c19c0e8
C 258
R
P 0x7f2a7c191628
C 342
R
P 0x7f2a7c191628
P 0x7f2a7c19c0e8
C 9
R
P 0x7f2a7c191628
C 342
R
P 0x7f2a7c191628
P 0x7f2a7c19c0e8
C 263
R
P 0x7f2a7c191628
C 342
R
P 0x7f2a7c191628
S "slot6Start"
C 30
R
P 0x7f2a7c191628
C 342
R
P 0x7f2a7c191628
$ |slot6Start|
C 202
R
P 0x7f2a7c191628
C 342
R
P 0x7f2a7c191628
$ |slot6Start|
P 0x7f2a7c19b1e8
C 51
= 0x7f2a7c19c108
R
P 0x7f2a7c191628
C 342
R
P 0x7f2a7c191628
P 0x7f2a7c19c108
C 257
R
P 0x7f2a7c191628
C 342
R
P 0x7f2a7c191628
P 0x7f2a7c19c108
C 254
= 0x7f2a7c19b1e8
R
P 0x7f2a7c191628
C 342
R
P 0x7f2a7c191628
P 0x7f2a7c19b1e8
C 209
R
P 0x7f2a7c191628
C 342
R
P 0x7f2a7c191628
P 0x7f2a7c19c108
C 260
R
P 0x7f2a7c191628
C 342
R
P 0x7f2a7c191628
P 0x7f2a7c19c108
C 259
R
P 0x7f2a7c191628
C 342
R
P 0x7f2a7c191628
P 0x7f2a7c19c108
C 258
R
P 0x7f2a7c191628
C 342
R
P 0x7f2a7c191628
P 0x7f2a7c19c108
C 9
R
P 0x7f2a7c191628
C 342
R
P 0x7f2a7c191628
I 6
P 0x7f2a7c19b208
C 150
= 0x7f2a7c19c0e8
R
P 0x7f2a7c191628
C 342
R
P 0x7f2a7c191628
P 0x7f2a7c19c0e8
C 258
R
P 0x7f2a7c191628
C 342
R
P 0x7f2a7c191628
P 0x7f2a7c19c0e8
C 9
R
P 0x7f2a7c191628
C 342
R
P 0x7f2a7c191628
P 0x7f2a7c19c0e8
C 263
R
P 0x7f2a7c191628
C 342
R
P 0x7f2a7c191628
S "slot6Duration"
C 30
R
P 0x7f2a7c191628
C 342
R
P 0x7f2a7c191628
$ |slot6Duration|
C 202
R
P 0x7f2a7c191628
C 342
R
P 0x7f2a7c191628
$ |slot6Duration|
P 0x7f2a7c19b1e8
C 51
= 0x7f2a7c19c128
R
P 0x7f2a7c191628
C 342
R
P 0x7f2a7c191628
P 0x7f2a7c19c128
C 257
R
P 0x7f2a7c191628
C 342
R
P 0x7f2a7c191628
P 0x7f2a7c19c128
C 254
= 0x7f2a7c19b1e8
R
P 0x7f2a7c191628
C 342
R
P 0x7f2a7c191628
P 0x7f2a7c19b1e8
C 209
R
P 0x7f2a7c191628
C 342
R
P 0x7f2a7c191628
P 0x7f2a7c19c128
C 260
R
P 0x7f2a7c191628
C 342
R
P 0x7f2a7c191628
P 0x7f2a7c19c128
C 259
R
P 0x7f2a7c191628
C 342
R
P 0x7f2a7c191628
P 0x7f2a7c19c128
C 258
R
P 0x7f2a7c191628
C 342
R
P 0x7f2a7c191628
P 0x7f2a7c19c128
C 9
R
P 0x7f2a7c191628
C 342
R
P 0x7f2a7c191628
U 2
P 0x7f2a7c19c108
P 0x7f2a7c19c128
p 2
C 65
= 0x7f2a7c1a2348
R
P 0x7f2a7c191628
C 342
R
P 0x7f2a7c191628
P 0x7f2a7c1a2348
C 257
R
P 0x7f2a7c191628
C 342
R
P 0x7f2a7c191628
P 0x7f2a7c1a2348
C 254
= 0x7f2a7c19b1e8
R
P 0x7f2a7c191628
C 342
R
P 0x7f2a7c191628
P 0x7f2a7c19b1e8
C 209
R
P 0x7f2a7c191628
C 342
R
P 0x7f2a7c191628
P 0x7f2a7c1a2348
C 260
R
P 0x7f2a7c191628
C 342
R
P 0x7f2a7c191628
P 0x7f2a7c1a2348
C 259
R
P 0x7f2a7c191628
C 342
R
P 0x7f2a7c191628
P 0x7f2a7c1a2348
C 258
R
P 0x7f2a7c191628
C 342
R
P 0x7f2a7c191628
P 0x7f2a7c1a2348
C 9
R
P 0x7f2a7c191628
C 342
R
P 0x7f2a7c191628
P 0x7f2a7c19c108
P 0x7f2a7c1a2348
C 74
= 0x7f2a7c475430
R
P 0x7f2a7c191628
C 342
R
P 0x7f2a7c191628
P 0x7f2a7c475430
C 258
R
P 0x7f2a7c191628
C 342
R
P 0x7f2a7c191628
P 0x7f2a7c475430
C 9
R
P 0x7f2a7c191628
C 342
R
P 0x7f2a7c191628
U 2
P 0x7f2a7c4753f8
P 0x7f2a7c475430
p 2
C 63
= 0x7f2a7c475468
R
P 0x7f2a7c191628
C 342
R
P 0x7f2a7c191628
P 0x7f2a7c475468
C 258
R
P 0x7f2a7c191628
C 342
R
P 0x7f2a7c191628
P 0x7f2a7c475468
C 9
R
P 0x7f2a7c191628
C 342
R
P 0x7f2a7c191628
P 0x7f2a7c475468
C 58
= 0x7f2a7c473498
R
P 0x7f2a7c191628
C 342
R
P 0x7f2a7c191628
P 0x7f2a7c473498
C 258
R
P 0x7f2a7c191628
C 342
R
P 0x7f2a7c191628
P 0x7f2a7c473498
C 9
R
P 0x7f2a7c191628
C 342
R
P 0x7f2a7c191628
P 0x7f2a7c473468
P 0x7f2a7c473498
C 61
= 0x7f2a7c4754a0
R
P 0x7f2a7c191628
C 342
R
P 0x7f2a7c191628
P 0x7f2a7c4754a0
C 258
R
P 0x7f2a7c191628
C 342
R
P 0x7f2a7c191628
P 0x7f2a7c4754a0
C 9
R
P 0x7f2a7c191628
C 342
R
P 0x7f2a7c191628
P 0x7f2a7c1e1fc8
P 0x7f2a7c4754a0
C 427
R
P 0x7f2a7c191628
C 342
R
P 0x7f2a7c191628
I 6
P 0x7f2a7c19b208
C 150
= 0x7f2a7c19c0e8
R
P 0x7f2a7c191628
C 342
R
P 0x7f2a7c191628
P 0x7f2a7c19c0e8
C 258
R
P 0x7f2a7c191628
C 342
R
P 0x7f2a7c191628
P 0x7f2a7c19c0e8
C 9
R
P 0x7f2a7c191628
C 342
R
P 0x7f2a7c191628
I 7
P 0x7f2a7c19b208
C 150
= 0x7f2a7c19c148
R
P 0x7f2a7c191628
C 342
R
P 0x7f2a7c191628
P 0x7f2a7c19c148
C 258
R
P 0x7f2a7c191628
C 342
R
P 0x7f2a7c191628
P 0x7f2a7c19c148
C 9
R
P 0x7f2a7c191628
C 342
R
P 0x7f2a7c191628
P 0x7f2a7c19c0e8
P 0x7f2a7c19c148
C 56
= 0x7f2a7c4754d8
R
P 0x7f2a7c191628
C 342
R
P 0x7f2a7c191628
P 0x7f2a7c4754d8
C 258
R
P 0x7f2a7c191628
C 342
R
P 0x7f2a7c191628
P 0x7f2a7c4754d8
C 9
R
P 0x7f2a7c191628
C 342
R
P 0x7f2a7c191628
P 0x7f2a7c4754d8
C 58
= 0x7f2a7c4734c8
R
P 0x7f2a7c191628
C 342
R
P 0x7f2a7c191628
P 0x7f2a7c4734c8
C 258
R
P 0x7f2a7c191628
C 342
R
P 0x7f2a7c191628
P 0x7f2a7c4734c8
C 9
R
P 0x7f2a7c191628
C 342
R
P 0x7f2a7c191628
I 6
P 0x7f2a7c19b208
C 150
= 0x7f2a7c19c0e8
R
P 0x7f2a7c191628
C 342
R
P 0x7f2a7c191628
P 0x7f2a7c19c0e8
C 258
R
P 0x7f2a7c191628
C 342
R
P 0x7f2a7c191628
P 0x7f2a7c19c0e8
C 9
R
P 0x7f2a7c191628
C 342
R
P 0x7f2a7c191628
P 0x7f2a7c19c0e8
C 263
R
P 0x7f2a7c191628
C 342
R
P 0x7f2a7c191628
S "slot6Start"
C 30
R
P 0x7f2a7c191628
C 342
R
P 0x7f2a7c191628
$ |slot6Start|
C 202
R
P 0x7f2a7c191628
C 342
R
P 0x7f2a7c191628
$ |slot6Start|
P 0x7f2a7c19b1e8
C 51
= 0x7f2a7c19c108
R
P 0x7f2a7c191628
C 342
R
P 0x7f2a7c191628
P 0x7f2a7c19c108
C 257
R
P 0x7f2a7c191628
C 342
R
P 0x7f2a7c191628
P 0x7f2a7c19c108
C 254
= 0x7f2a7c19b1e8
R
P 0x7f2a7c191628
C 342
R
P 0x7f2a7c191628
P 0x7f2a7c19b1e8
C 209
R
P 0x7f2a7c191628
C 342
R
P 0x7f2a7c191628
P 0x7f2a7c19c108
C 260
R
P 0x7f2a7c191628
C 342
R
P 0x7f2a7c191628
P 0x7f2a7c19c108
C 259
R
P 0x7f2a7c191628
C 342
R
P 0x7f2a7c191628
P 0x7f2a7c19c108
C 258
R
P 0x7f2a7c191628
C 342
R
P 0x7f2a7c191628
P 0x7f2a7c19c108
C 9
R
P 0x7f2a7c191628
C 342
R
P 0x7f2a7c191628
I 7
P 0x7f2a7c19b208
C 150
= 0x7f2a7c19c148
R
P 0x7f2a7c191628
C 342
R
P 0x7f2a7c191628
P 0x7f2a7c19c148
C 258
R
P 0x7f2a7c191628
C 342
R
P 0x7f2a7c191628
P 0x7f2a7c19c148
C 9
R
P 0x7f2a7c191628
C 342
R
P 0x7f2a7c191628
P 0x7f2a7c19c148
C 263
R
P 0x7f2a7c191628
C 342
R
P 0x7f2a7c191628
S "slot7Start"
C 30
R
P 0x7f2a7c191628
C 342
R
P 0x7f2a7c191628
$ |slot7Start|
C 202
R
P 0x7f2a7c191628
C 342
R
P 0x7f2a7c191628
$ |slot7Start|
P 0x7f2a7c19b1e8
C 51
= 0x7f2a7c19c168
R
P 0x7f2a7c191628
C 342
R
P 0x7f2a7c191628
P 0x7f2a7c19c168
C 257
R
P 0x7f2a7c191628
C 342
R
P 0x7f2a7c191628
P 0x7f2a7c19c168
C 254
= 0x7f2a7c19b1e8
R
P 0x7f2a7c191628
C 342
R
P 0x7f2a7c191628
P 0x7f2a7c19b1e8
C 209
R
P 0x7f2a7c191628
C 342
R
P 0x7f2a7c191628
P 0x7f2a7c19c168
C 260
R
P 0x7f2a7c191628
C 342
R
P 0x7f2a7c191628
P 0x7f2a7c19c168
C 259
R
P 0x7f2a7c191628
C 342
R
P 0x7f2a7c191628
P 0x7f2a7c19c168
C 258
R
P 0x7f2a7c191628
C 342
R
P 0x7f2a7c191628
P 0x7f2a7c19c168
C 9
R
P 0x7f2a7c191628
C 342
R
P 0x7f2a7c191628
P 0x7f2a7c19c108
P 0x7f2a7c19c168
C 76
= 0x7f2a7c475510
R
P 0x7f2a7c191628
C 342
R
P 0x7f2a7c191628
P 0x7f2a7c475510
C 258
R
P 0x7f2a7c191628
C 342
R
P 0x7f2a7c191628
P 0x7f2a7c475510
C 9
R
P 0x7f2a7c191628
C 342
R
P 0x7f2a7c191628
I 6
P 0x7f2a7c19b208
C 150
= 0x7f2a7c19c0e8
R
P 0x7f2a7c191628
C 342
R
P 0x7f2a7c191628
P 0x7f2a7c19c0e8
C 258
R
P 0x7f2a7c191628
C 342
R
P 0x7f2a7c191628
P 0x7f2a7c19c0e8
C 9
R
P 0x7f2a7c191628
C 342
R
P 0x7f2a7c191628
P 0x7f2a7c19c0e8
C 263
R
P 0x7f2a7c191628
C 342
R
P 0x7f2a7c191628
S "slot6Start"
C 30
R
P 0x7f2a7c191628
C 342
R
P 0x7f2a7c191628
$ |slot6Start|
C 202
R
P 0x7f2a7c191628
C 342
R
P 0x7f2a7c191628
$ |slot6Start|
P 0x7f2a7c19b1e8
C 51
= 0x7f2a7c19c108
R
P 0x7f2a7c191628
C 342
R
P 0x7f2a7c191628
P 0x7f2a7c19c108
C 257
R
P 0x7f2a7c191628
C 342
R
P 0x7f2a7c191628
P 0x7f2a7c19c108
C 254
= 0x7f2a7c19b1e8
R
P 0x7f2a7c191628
C 342
R
P 0x7f2a7c191628
P 0x7f2a7c19b1e8
C 209
R
P 0x7f2a7c191628
C 342
R
P 0x7f2a7c191628
P 0x7f2a7c19c108
C 260
R
P 0x7f2a7c191628
C 342
R
P 0x7f2a7c191628
P 0x7f2a7c19c108
C 259
R
P 0x7f2a7c191628
C 342
R
P 0x7f2a7c191628
P 0x7f2a7c19c108
C 258
R
P 0x7f2a7c191628
C 342
R
P 0x7f2a7c191628
P 0x7f2a7c19c108
C 9
R
P 0x7f2a7c191628
C 342
R
P 0x7f2a7c191628
I 7
P 0x7f2a7c19b208
C 150
= 0x7f2a7c19c148
R
P 0x7f2a7c191628
C 342
R
P 0x7f2a7c191628
P 0x7f2a7c19c148
C 258
R
P 0x7f2a7c191628
C 342
R
P 0x7f2a7c191628
P 0x7f2a7c19c148
C 9
R
P 0x7f2a7c191628
C 342
R
P 0x7f2a7c191628
P 0x7f2a7c19c148
C 263
R
P 0x7f2a7c191628
C 342
R
P 0x7f2a7c191628
S "slot7Start"
C 30
R
P 0x7f2a7c191628
C 342
R
P 0x7f2a7c191628
$ |slot7Start|
C 202
R
P 0x7f2a7c191628
C 342
R
P 0x7f2a7c191628
$ |slot7Start|
P 0x7f2a7c19b1e8
C 51
= 0x7f2a7c19c168
R
P 0x7f2a7c191628
C 342
R
P 0x7f2a7c191628
P 0x7f2a7c19c168
C 257
R
P 0x7f2a7c191628
C 342
R
P 0x7f2a7c191628
P 0x7f2a7c19c168
C 254
= 0x7f2a7c19b1e8
R
P 0x7f2a7c191628
C 342
R
P 0x7f2a7c191628
P 0x7f2a7c19b1e8
C 209
R
P 0x7f2a7c191628
C 342
R
P 0x7f2a7c191628
P 0x7f2a7c19c168
C 260
R
P 0x7f2a7c191628
C 342
R
P 0x7f2a7c191628
P 0x7f2a7c19c168
C 259
R
P 0x7f2a7c191628
C 342
R
P 0x7f2a7c191628
P 0x7f2a7c19c168
C 258
R
P 0x7f2a7c191628
C 342
R
P 0x7f2a7c191628
P 0x7f2a7c19c168
C 9
R
P 0x7f2a7c191628
C 342
R
P 0x7f2a7c191628
I 7
P 0x7f2a7c19b208
C 150
= 0x7f2a7c19c148
R
P 0x7f2a7c191628
C 342
R
P 0x7f2a7c191628
P 0x7f2a7c19c148
C 258
R
P 0x7f2a7c191628
C 342
R
P 0x7f2a7c191628
P 0x7f2a7c19c148
C 9
R
P 0x7f2a7c191628
C 342
R
P 0x7f2a7c191628
P 0x7f2a7c19c148
C 263
R
P 0x7f2a7c191628
C 342
R
P 0x7f2a7c191628
S "slot7Duration"
C 30
R
P 0x7f2a7c191628
C 342
R
P 0x7f2a7c191628
$ |slot7Duration|
C 202
R
P 0x7f2a7c191628
C 342
R
P 0x7f2a7c191628
$ |slot7Duration|
P 0x7f2a7c19b1e8
C 51
= 0x7f2a7c19c188
R
P 0x7f2a7c191628
C 342
R
P 0x7f2a7c191628
P 0x7f2a7c19c188
C 257
R
P 0x7f2a7c191628
C 342
R
P 0x7f2a7c191628
P 0x7f2a7c19c188
C 254
= 0x7f2a7c19b1e8
R
P 0x7f2a7c191628
C 342
R
P 0x7f2a7c191628
P 0x7f2a7c19b1e8
C 209
R
P 0x7f2a7c191628
C 342
R
P 0x7f2a7c191628
P 0x7f2a7c19c188
C 260
R
P 0x7f2a7c191628
C 342
R
P 0x7f2a7c191628
P 0x7f2a7c19c188
C 259
R
P 0x7f2a7c191628
C 342
R
P 0x7f2a7c191628
P 0x7f2a7c19c188
C 258
R
P 0x7f2a7c191628
C 342
R
P 0x7f2a7c191628
P 0x7f2a7c19c188
C 9
R
P 0x7f2a7c191628
C 342
R
P 0x7f2a7c191628
U 2
P 0x7f2a7c19c168
P 0x7f2a7c19c188
p 2
C 65
= 0x7f2a7c1a2498
R
P 0x7f2a7c191628
C 342
R
P 0x7f2a7c191628
P 0x7f2a7c1a2498
C 257
R
P 0x7f2a7c191628
C 342
R
P 0x7f2a7c191628
P 0x7f2a7c1a2498
C 254
= 0x7f2a7c19b1e8
R
P 0x7f2a7c191628
C 342
R
P 0x7f2a7c191628
P 0x7f2a7c19b1e8
C 209
R
P 0x7f2a7c191628
C 342
R
P 0x7f2a7c191628
P 0x7f2a7c1a2498
C 260
R
P 0x7f2a7c191628
C 342
R
P 0x7f2a7c191628
P 0x7f2a7c1a2498
C 259
R
P 0x7f2a7c191628
C 342
R
P 0x7f2a7c191628
P 0x7f2a7c1a2498
C 258
R
P 0x7f2a7c191628
C 342
R
P 0x7f2a7c191628
P 0x7f2a7c1a2498
C 9
R
P 0x7f2a7c191628
C 342
R
P 0x7f2a7c191628
P 0x7f2a7c19c108
P 0x7f2a7c1a2498
C 74
= 0x7f2a7c475548
R
P 0x7f2a7c191628
C 342
R
P 0x7f2a7c191628
P 0x7f2a7c475548
C 258
R
P 0x7f2a7c191628
C 342
R
P 0x7f2a7c191628
P 0x7f2a7c475548
C 9
R
P 0x7f2a7c191628
C 342
R
P 0x7f2a7c191628
U 2
P 0x7f2a7c475510
P 0x7f2a7c475548
p 2
C 63
= 0x7f2a7c475580
R
P 0x7f2a7c191628
C 342
R
P 0x7f2a7c191628
P 0x7f2a7c475580
C 258
R
P 0x7f2a7c191628
C 342
R
P 0x7f2a7c191628
P 0x7f2a7c475580
C 9
R
P 0x7f2a7c191628
C 342
R
P 0x7f2a7c191628
P 0x7f2a7c475580
C 58
= 0x7f2a7c4734f8
R
P 0x7f2a7c191628
C 342
R
P 0x7f2a7c191628
P 0x7f2a7c4734f8
C 258
R
P 0x7f2a7c191628
C 342
R
P 0x7f2a7c191628
P 0x7f2a7c4734f8
C 9
R
P 0x7f2a7c191628
C 342
R
P 0x7f2a7c191628
P 0x7f2a7c4734c8
P 0x7f2a7c4734f8
C 61
= 0x7f2a7c4755b8
R
P 0x7f2a7c191628
C 342
R
P 0x7f2a7c191628
P 0x7f2a7c4755b8
C 258
R
P 0x7f2a7c191628
C 342
R
P 0x7f2a7c191628
P 0x7f2a7c4755b8
C 9
R
P 0x7f2a7c191628
C 342
R
P 0x7f2a7c191628
P 0x7f2a7c1e1fc8
P 0x7f2a7c4755b8
C 427
R
P 0x7f2a7c191628
C 342
R
P 0x7f2a7c191628
I 6
P 0x7f2a7c19b208
C 150
= 0x7f2a7c19c0e8
R
P 0x7f2a7c191628
C 342
R
P 0x7f2a7c191628
P 0x7f2a7c19c0e8
C 258
R
P 0x7f2a7c191628
C 342
R
P 0x7f2a7c191628
P 0x7f2a7c19c0e8
C 9
R
P 0x7f2a7c191628
C 342
R
P 0x7f2a7c191628
I 8
P 0x7f2a7c19b208
C 150
= 0x7f2a7c19c1a8
R
P 0x7f2a7c191628
C 342
R
P 0x7f2a7c191628
P 0x7f2a7c19c1a8
C 258
R
P 0x7f2a7c191628
C 342
R
P 0x7f2a7c191628
P 0x7f2a7c19c1a8
C 9
R
P 0x7f2a7c191628
C 342
R
P 0x7f2a7c191628
P 0x7f2a7c19c0e8
P 0x7f2a7c19c1a8
C 56
= 0x7f2a7c4755f0
R
P 0x7f2a7c191628
C 342
R
P 0x7f2a7c191628
P 0x7f2a7c4755f0
C 258
R
P 0x7f2a7c191628
C 342
R
P 0x7f2a7c191628
P 0x7f2a7c4755f0
C 9
R
P 0x7f2a7c191628
C 342
R
P 0x7f2a7c191628
P 0x7f2a7c4755f0
C 58
= 0x7f2a7c473528
R
P 0x7f2a7c191628
C 342
R
P 0x7f2a7c191628
P 0x7f2a7c473528
C 258
R
P 0x7f2a7c191628
C 342
R
P 0x7f2a7c191628
P 0x7f2a7c473528
C 9
R
P 0x7f2a7c191628
C 342
R
P 0x7f2a7c191628
I 6
P 0x7f2a7c19b208
C 150
= 0x7f2a7c19c0e8
R
P 0x7f2a7c191628
C 342
R
P 0x7f2a7c191628
P 0x7f2a7c19c0e8
C 258
R
P 0x7f2a7c191628
C 342
R
P 0x7f2a7c191628
P 0x7f2a7c19c0e8
C 9
R
P 0x7f2a7c191628
C 342
R
P 0x7f2a7c191628
P 0x7f2a7c19c0e8
C 263
R
P 0x7f2a7c191628
C 342
R
P 0x7f2a7c191628
S "slot6Start"
C 30
R
P 0x7f2a7c191628
C 342
R
P 0x7f2a7c191628
$ |slot6Start|
C 202
R
P 0x7f2a7c191628
C 342
R
P 0x7f2a7c191628
$ |slot6Start|
P 0x7f2a7c19b1e8
C 51
= 0x7f2a7c19c108
R
P 0x7f2a7c191628
C 342
R
P 0x7f2a7c191628
P 0x7f2a7c19c108
C 257
R
P 0x7f2a7c191628
C 342
R
P 0x7f2a7c191628
P 0x7f2a7c19c108
C 254
= 0x7f2a7c19b1e8
R
P 0x7f2a7c191628
C 342
R
P 0x7f2a7c191628
P 0x7f2a7c19b1e8
C 209
R
P 0x7f2a7c191628
C 342
R
P 0x7f2a7c191628
P 0x7f2a7c19c108
C 260
R
P 0x7f2a7c191628
C 342
R
P 0x7f2a7c191628
P 0x7f2a7c19c108
C 259
R
P 0x7f2a7c191628
C 342
R
P 0x7f2a7c191628
P 0x7f2a7c19c108
C 258
R
P 0x7f2a7c191628
C 342
R
P 0x7f2a7c191628
P 0x7f2a7c19c108
C 9
R
P 0x7f2a7c191628
C 342
R
P 0x7f2a7c191628
I 8
P 0x7f2a7c19b208
C 150
= 0x7f2a7c19c1a8
R
P 0x7f2a7c191628
C 342
R
P 0x7f2a7c191628
P 0x7f2a7c19c1a8
C 258
R
P 0x7f2a7c191628
C 342
R
P 0x7f2a7c191628
P 0x7f2a7c19c1a8
C 9
R
P 0x7f2a7c191628
C 342
R
P 0x7f2a7c191628
P 0x7f2a7c19c1a8
C 263
R
P 0x7f2a7c191628
C 342
R
P 0x7f2a7c191628
S "slot8Start"
C 30
R
P 0x7f2a7c191628
C 342
R
P 0x7f2a7c191628
$ |slot8Start|
C 202
R
P 0x7f2a7c191628
C 342
R
P 0x7f2a7c191628
$ |slot8Start|
P 0x7f2a7c19b1e8
C 51
= 0x7f2a7c19c1c8
R
P 0x7f2a7c191628
C 342
R
P 0x7f2a7c191628
P 0x7f2a7c19c1c8
C 257
R
P 0x7f2a7c191628
C 342
R
P 0x7f2a7c191628
P 0x7f2a7c19c1c8
C 254
= 0x7f2a7c19b1e8
R
P 0x7f2a7c191628
C 342
R
P 0x7f2a7c191628
P 0x7f2a7c19b1e8
C 209
R
P 0x7f2a7c191628
C 342
R
P 0x7f2a7c191628
P 0x7f2a7c19c1c8
C 260
R
P 0x7f2a7c191628
C 342
R
P 0x7f2a7c191628
P 0x7f2a7c19c1c8
C 259
R
P 0x7f2a7c191628
C 342
R
P 0x7f2a7c191628
P 0x7f2a7c19c1c8
C 258
R
P 0x7f2a7c191628
C 342
R
P 0x7f2a7c191628
P 0x7f2a7c19c1c8
C 9
R
P 0x7f2a7c191628
C 342
R
P 0x7f2a7c191628
P 0x7f2a7c19c108
P 0x7f2a7c19c1c8
C 76
= 0x7f2a7c475628
R
P 0x7f2a7c191628
C 342
R
P 0x7f2a7c191628
P 0x7f2a7c475628
C 258
R
P 0x7f2a7c191628
C 342
R
P 0x7f2a7c191628
P 0x7f2a7c475628
C 9
R
P 0x7f2a7c191628
C 342
R
P 0x7f2a7c191628
I 6
P 0x7f2a7c19b208
C 150
= 0x7f2a7c19c0e8
R
P 0x7f2a7c191628
C 342
R
P 0x7f2a7c191628
P 0x7f2a7c19c0e8
C 258
R
P 0x7f2a7c191628
C 342
R
P 0x7f2a7c191628
P 0x7f2a7c19c0e8
C 9
R
P 0x7f2a7c191628
C 342
R
P 0x7f2a7c191628
P 0x7f2a7c19c0e8
C 263
R
P 0x7f2a7c191628
C 342
R
P 0x7f2a7c191628
S "slot6Start"
C 30
R
P 0x7f2a7c191628
C 342
R
P 0x7f2a7c191628
$ |slot6Start|
C 202
R
P 0x7f2a7c191628
C 342
R
P 0x7f2a7c191628
$ |slot6Start|
P 0x7f2a7c19b1e8
C 51
= 0x7f2a7c19c108
R
P 0x7f2a7c191628
C 342
R
P 0x7f2a7c191628
P 0x7f2a7c19c108
C 257
R
P 0x7f2a7c191628
C 342
R
P 0x7f2a7c191628
P 0x7f2a7c19c108
C 254
= 0x7f2a7c19b1e8
R
P 0x7f2a7c191628
C 342
R
P 0x7f2a7c191628
P 0x7f2a7c19b1e8
C 209
R
P 0x7f2a7c191628
C 342
R
P 0x7f2a7c191628
P 0x7f2a7c19c108
C 260
R
P 0x7f2a7c191628
C 342
R
P 0x7f2a7c191628
P 0x7f2a7c19c108
C 259
R
P 0x7f2a7c191628
C 342
R
P 0x7f2a7c191628
P 0x7f2a7c19c108
C 258
R
P 0x7f2a7c191628
C 342
R
P 0x7f2a7c191628
P 0x7f2a7c19c108
C 9
R
P 0x7f2a7c191628
C 342
R
P 0x7f2a7c191628
I 8
P 0x7f2a7c19b208
C 150
= 0x7f2a7c19c1a8
R
P 0x7f2a7c191628
C 342
R
P 0x7f2a7c191628
P 0x7f2a7c19c1a8
C 258
R
P 0x7f2a7c191628
C 342
R
P 0x7f2a7c191628
P 0x7f2a7c19c1a8
C 9
R
P 0x7f2a7c191628
C 342
R
P 0x7f2a7c191628
P 0x7f2a7c19c1a8
C 263
R
P 0x7f2a7c191628
C 342
R
P 0x7f2a7c191628
S "slot8Start"
C 30
R
P 0x7f2a7c191628
C 342
R
P 0x7f2a7c191628
$ |slot8Start|
C 202
R
P 0x7f2a7c191628
C 342
R
P 0x7f2a7c191628
$ |slot8Start|
P 0x7f2a7c19b1e8
C 51
= 0x7f2a7c19c1c8
R
P 0x7f2a7c191628
C 342
R
P 0x7f2a7c191628
P 0x7f2a7c19c1c8
C 257
R
P 0x7f2a7c191628
C 342
R
P 0x7f2a7c191628
P 0x7f2a7c19c1c8
C 254
= 0x7f2a7c19b1e8
R
P 0x7f2a7c191628
C 342
R
P 0x7f2a7c191628
P 0x7f2a7c19b1e8
C 209
R
P 0x7f2a7c191628
C 342
R
P 0x7f2a7c191628
P 0x7f2a7c19c1c8
C 260
R
P 0x7f2a7c191628
C 342
R
P 0x7f2a7c191628
P 0x7f2a7c19c1c8
C 259
R
P 0x7f2a7c191628
C 342
R
P 0x7f2a7c191628
P 0x7f2a7c19c1c8
C 258
R
P 0x7f2a7c191628
C 342
R
P 0x7f2a7c191628
P 0x7f2a7c19c1c8
C 9
R
P 0x7f2a7c191628
C 342
R
P 0x7f2a7c191628
I 8
P 0x7f2a7c19b208
C 150
= 0x7f2a7c19c1a8
R
P 0x7f2a7c191628
C 342
R
P 0x7f2a7c191628
P 0x7f2a7c19c1a8
C 258
R
P 0x7f2a7c191628
C 342
R
P 0x7f2a7c191628
P 0x7f2a7c19c1a8
C 9
R
P 0x7f2a7c191628
C 342
R
P 0x7f2a7c191628
P 0x7f2a7c19c1a8
C 263
R
P 0x7f2a7c191628
C 342
R
P 0x7f2a7c191628
S "slot8Duration"
C 30
R
P 0x7f2a7c191628
C 342
R
P 0x7f2a7c191628
$ |slot8Duration|
C 202
R
P 0x7f2a7c191628
C 342
R
P 0x7f2a7c191628
$ |slot8Duration|
P 0x7f2a7c19b1e8
C 51
= 0x7f2a7c19c1e8
R
P 0x7f2a7c191628
C 342
R
P 0x7f2a7c191628
P 0x7f2a7c19c1e8
C 257
R
P 0x7f2a7c191628
C 342
R
P 0x7f2a7c191628
P 0x7f2a7c19c1e8
C 254
= 0x7f2a7c19b1e8
R
P 0x7f2a7c191628
C 342
R
P 0x7f2a7c191628
P 0x7f2a7c19b1e8
C 209
R
P 0x7f2a7c191628
C 342
R
P 0x7f2a7c191628
P 0x7f2a7c19c1e8
C 260
R
P 0x7f2a7c191628
C 342
R
P 0x7f2a7c191628
P 0x7f2a7c19c1e8
C 259
R
P 0x7f2a7c191628
C 342
R
P 0x7f2a7c191628
P 0x7f2a7c19c1e8
C 258
R
P 0x7f2a7c191628
C 342
R
P 0x7f2a7c191628
P 0x7f2a7c19c1e8
C 9
R
P 0x7f2a7c191628
C 342
R
P 0x7f2a7c191628
U 2
P 0x7f2a7c19c1c8
P 0x7f2a7c19c1e8
p 2
C 65
= 0x7f2a7c1a25e8
R
P 0x7f2a7c191628
C 342
R
P 0x7f2a7c191628
P 0x7f2a7c1a25e8
C 257
R
P 0x7f2a7c191628
C 342
R
P 0x7f2a7c191628
P 0x7f2a7c1a25e8
C 254
= 0x7f2a7c19b1e8
R
P 0x7f2a7c191628
C 342
R
P 0x7f2a7c191628
P 0x7f2a7c19b1e8
C 209
R
P 0x7f2a7c191628
C 342
R
P 0x7f2a7c191628
P 0x7f2a7c1a25e8
C 260
R
P 0x7f2a7c191628
C 342
R
P 0x7f2a7c191628
P 0x7f2a7c1a25e8
C 259
R
P 0x7f2a7c191628
C 342
R
P 0x7f2a7c191628
P 0x7f2a7c1a25e8
C 258
R
P 0x7f2a7c191628
C 342
R
P 0x7f2a7c191628
P 0x7f2a7c1a25e8
C 9
R
P 0x7f2a7c191628
C 342
R
P 0x7f2a7c191628
P 0x7f2a7c19c108
P 0x7f2a7c1a25e8
C 74
= 0x7f2a7c475660
R
P 0x7f2a7c191628
C 342
R
P 0x7f2a7c191628
P 0x7f2a7c475660
C 258
R
P 0x7f2a7c191628
C 342
R
P 0x7f2a7c191628
P 0x7f2a7c475660
C 9
R
P 0x7f2a7c191628
C 342
R
P 0x7f2a7c191628
U 2
P 0x7f2a7c475628
P 0x7f2a7c475660
p 2
C 63
= 0x7f2a7c475698
R
P 0x7f2a7c191628
C 342
R
P 0x7f2a7c191628
P 0x7f2a7c475698
C 258
R
P 0x7f2a7c191628
C 342
R
P 0x7f2a7c191628
P 0x7f2a7c475698
C 9
R
P 0x7f2a7c191628
C 342
R
P 0x7f2a7c191628
P 0x7f2a7c475698
C 58
= 0x7f2a7c473558
R
P 0x7f2a7c191628
C 342
R
P 0x7f2a7c191628
P 0x7f2a7c473558
C 258
R
P 0x7f2a7c191628
C 342
R
P 0x7f2a7c191628
P 0x7f2a7c473558
C 9
R
P 0x7f2a7c191628
C 342
R
P 0x7f2a7c191628
P 0x7f2a7c473528
P 0x7f2a7c473558
C 61
= 0x7f2a7c4756d0
R
P 0x7f2a7c191628
C 342
R
P 0x7f2a7c191628
P 0x7f2a7c4756d0
C 258
R
P 0x7f2a7c191628
C 342
R
P 0x7f2a7c191628
P 0x7f2a7c4756d0
C 9
R
P 0x7f2a7c191628
C 342
R
P 0x7f2a7c191628
P 0x7f2a7c1e1fc8
P 0x7f2a7c4756d0
C 427
R
P 0x7f2a7c191628
C 342
R
P 0x7f2a7c191628
I 6
P 0x7f2a7c19b208
C 150
= 0x7f2a7c19c0e8
R
P 0x7f2a7c191628
C 342
R
P 0x7f2a7c191628
P 0x7f2a7c19c0e8
C 258
R
P 0x7f2a7c191628
C 342
R
P 0x7f2a7c191628
P 0x7f2a7c19c0e8
C 9
R
P 0x7f2a7c191628
C 342
R
P 0x7f2a7c191628
I 1
P 0x7f2a7c19b208
C 150
= 0x7f2a7c19bc88
R
P 0x7f2a7c191628
C 342
R
P 0x7f2a7c191628
P 0x7f2a7c19bc88
C 258
R
P 0x7f2a7c191628
C 342
R
P 0x7f2a7c191628
P 0x7f2a7c19bc88
C 9
R
P 0x7f2a7c191628
C 342
R
P 0x7f2a7c191628
P 0x7f2a7c19c0e8
P 0x7f2a7c19bc88
C 56
= 0x7f2a7c479f18
R
P 0x7f2a7c191628
C 342
R
P 0x7f2a7c191628
P 0x7f2a7c479f18
C 258
R
P 0x7f2a7c191628
C 342
R
P 0x7f2a7c191628
P 0x7f2a7c479f18
C 9
R
P 0x7f2a7c191628
C 342
R
P 0x7f2a7c191628
P 0x7f2a7c479f18
C 58
= 0x7f2a7c473288
R
P 0x7f2a7c191628
C 342
R
P 0x7f2a7c191628
P 0x7f2a7c473288
C 258
R
P 0x7f2a7c191628
C 342
R
P 0x7f2a7c191628
P 0x7f2a7c473288
C 9
R
P 0x7f2a7c191628
C 342
R
P 0x7f2a7c191628
I 1
P 0x7f2a7c19b208
C 150
= 0x7f2a7c19bc88
R
P 0x7f2a7c191628
C 342
R
P 0x7f2a7c191628
P 0x7f2a7c19bc88
C 258
R
P 0x7f2a7c191628
C 342
R
P 0x7f2a7c191628
P 0x7f2a7c19bc88
C 9
R
P 0x7f2a7c191628
C 342
R
P 0x7f2a7c191628
P 0x7f2a7c19bc88
C 263
R
P 0x7f2a7c191628
C 342
R
P 0x7f2a7c191628
S "slot1Start"
C 30
R
P 0x7f2a7c191628
C 342
R
P 0x7f2a7c191628
$ |slot1Start|
C 202
R
P 0x7f2a7c191628
C 342
R
P 0x7f2a7c191628
$ |slot1Start|
P 0x7f2a7c19b1e8
C 51
= 0x7f2a7c19bf48
R
P 0x7f2a7c191628
C 342
R
P 0x7f2a7c191628
P 0x7f2a7c19bf48
C 257
R
P 0x7f2a7c191628
C 342
R
P 0x7f2a7c191628
P 0x7f2a7c19bf48
C 254
= 0x7f2a7c19b1e8
R
P 0x7f2a7c191628
C 342
R
P 0x7f2a7c191628
P 0x7f2a7c19b1e8
C 209
R
P 0x7f2a7c191628
C 342
R
P 0x7f2a7c191628
P 0x7f2a7c19bf48
C 260
R
P 0x7f2a7c191628
C 342
R
P 0x7f2a7c191628
P 0x7f2a7c19bf48
C 259
R
P 0x7f2a7c191628
C 342
R
P 0x7f2a7c191628
P 0x7f2a7c19bf48
C 258
R
P 0x7f2a7c191628
C 342
R
P 0x7f2a7c191628
P 0x7f2a7c19bf48
C 9
R
P 0x7f2a7c191628
C 342
R
P 0x7f2a7c191628
I 6
P 0x7f2a7c19b208
C 150
= 0x7f2a7c19c0e8
R
P 0x7f2a7c191628
C 342
R
P 0x7f2a7c191628
P 0x7f2a7c19c0e8
C 258
R
P 0x7f2a7c191628
C 342
R
P 0x7f2a7c191628
P 0x7f2a7c19c0e8
C 9
R
P 0x7f2a7c191628
C 342
R
P 0x7f2a7c191628
P 0x7f2a7c19c0e8
C 263
R
P 0x7f2a7c191628
C 342
R
P 0x7f2a7c191628
S "slot6Start"
C 30
R
P 0x7f2a7c191628
C 342
R
P 0x7f2a7c191628
$ |slot6Start|
C 202
R
P 0x7f2a7c191628
C 342
R
P 0x7f2a7c191628
$ |slot6Start|
P 0x7f2a7c19b1e8
C 51
= 0x7f2a7c19c108
R
P 0x7f2a7c191628
C 342
R
P 0x7f2a7c191628
P 0x7f2a7c19c108
C 257
R
P 0x7f2a7c191628
C 342
R
P 0x7f2a7c191628
P 0x7f2a7c19c108
C 254
= 0x7f2a7c19b1e8
R
P 0x7f2a7c191628
C 342
R
P 0x7f2a7c191628
P 0x7f2a7c19b1e8
C 209
R
P 0x7f2a7c191628
C 342
R
P 0x7f2a7c191628
P 0x7f2a7c19c108
C 260
R
P 0x7f2a7c191628
C 342
R
P 0x7f2a7c191628
P 0x7f2a7c19c108
C 259
R
P 0x7f2a7c191628
C 342
R
P 0x7f2a7c191628
P 0x7f2a7c19c108
C 258
R
P 0x7f2a7c191628
C 342
R
P 0x7f2a7c191628
P 0x7f2a7c19c108
C 9
R
P 0x7f2a7c191628
C 342
R
P 0x7f2a7c191628
I 6
P 0x7f2a7c19b208
C 150
= 0x7f2a7c19c0e8
R
P 0x7f2a7c191628
C 342
R
P 0x7f2a7c191628
P 0x7f2a7c19c0e8
C 258
R
P 0x7f2a7c191628
C 342
R
P 0x7f2a7c191628
P 0x7f2a7c19c0e8
C 9
R
P 0x7f2a7c191628
C 342
R
P 0x7f2a7c191628
P 0x7f2a7c19c0e8
C 263
R
P 0x7f2a7c191628
C 342
R
P 0x7f2a7c191628
S "slot6Duration"
C 30
R
P 0x7f2a7c191628
C 342
R
P 0x7f2a7c191628
$ |slot6Duration|
C 202
R
P 0x7f2a7c191628
C 342
R
P 0x7f2a7c191628
$ |slot6Duration|
P 0x7f2a7c19b1e8
C 51
= 0x7f2a7c19c128
R
P 0x7f2a7c191628
C 342
R
P 0x7f2a7c191628
P 0x7f2a7c19c128
C 257
R
P 0x7f2a7c191628
C 342
R
P 0x7f2a7c191628
P 0x7f2a7c19c128
C 254
= 0x7f2a7c19b1e8
R
P 0x7f2a7c191628
C 342
R
P 0x7f2a7c191628
P 0x7f2a7c19b1e8
C 209
R
P 0x7f2a7c191628
C 342
R
P 0x7f2a7c191628
P 0x7f2a7c19c128
C 260
R
P 0x7f2a7c191628
C 342
R
P 0x7f2a7c191628
P 0x7f2a7c19c128
C 259
R
P 0x7f2a7c191628
C 342
R
P 0x7f2a7c191628
P 0x7f2a7c19c128
C 258
R
P 0x7f2a7c191628
C 342
R
P 0x7f2a7c191628
P 0x7f2a7c19c128
C 9
R
P 0x7f2a7c191628
C 342
R
P 0x7f2a7c191628
U 2
P 0x7f2a7c19c108
P 0x7f2a7c19c128
p 2
C 65
= 0x7f2a7c1a2348
R
P 0x7f2a7c191628
C 342
R
P 0x7f2a7c191628
P 0x7f2a7c1a2348
C 257
R
P 0x7f2a7c191628
C 342
R
P 0x7f2a7c191628
P 0x7f2a7c1a2348
C 254
= 0x7f2a7c19b1e8
R
P 0x7f2a7c191628
C 342
R
P 0x7f2a7c191628
P 0x7f2a7c19b1e8
C 209
R
P 0x7f2a7c191628
C 342
R
P 0x7f2a7c191628
P 0x7f2a7c1a2348
C 260
R
P 0x7f2a7c191628
C 342
R
P 0x7f2a7c191628
P 0x7f2a7c1a2348
C 259
R
P 0x7f2a7c191628
C 342
R
P 0x7f2a7c191628
P 0x7f2a7c1a2348
C 258
R
P 0x7f2a7c191628
C 342
R
P 0x7f2a7c191628
P 0x7f2a7c1a2348
C 9
R
P 0x7f2a7c191628
C 342
R
P 0x7f2a7c191628
P 0x7f2a7c19bf48
P 0x7f2a7c1a2348
C 74
= 0x7f2a7c1a2380
R
P 0x7f2a7c191628
C 342
R
P 0x7f2a7c191628
P 0x7f2a7c1a2380
C 258
R
P 0x7f2a7c191628
C 342
R
P 0x7f2a7c191628
P 0x7f2a7c1a2380
C 9
R
P 0x7f2a7c191628
C 342
R
P 0x7f2a7c191628
I 6
P 0x7f2a7c19b208
C 150
= 0x7f2a7c19c0e8
R
P 0x7f2a7c191628
C 342
R
P 0x7f2a7c191628
P 0x7f2a7c19c0e8
C 258
R
P 0x7f2a7c191628
C 342
R
P 0x7f2a7c191628
P 0x7f2a7c19c0e8
C 9
R
P 0x7f2a7c191628
C 342
R
P 0x7f2a7c191628
P 0x7f2a7c19c0e8
C 263
R
P 0x7f2a7c191628
C 342
R
P 0x7f2a7c191628
S "slot6Start"
C 30
R
P 0x7f2a7c191628
C 342
R
P 0x7f2a7c191628
$ |slot6Start|
C 202
R
P 0x7f2a7c191628
C 342
R
P 0x7f2a7c191628
$ |slot6Start|
P 0x7f2a7c19b1e8
C 51
= 0x7f2a7c19c108
R
P 0x7f2a7c191628
C 342
R
P 0x7f2a7c191628
P 0x7f2a7c19c108
C 257
R
P 0x7f2a7c191628
C 342
R
P 0x7f2a7c191628
P 0x7f2a7c19c108
C 254
= 0x7f2a7c19b1e8
R
P 0x7f2a7c191628
C 342
R
P 0x7f2a7c191628
P 0x7f2a7c19b1e8
C 209
R
P 0x7f2a7c191628
C 342
R
P 0x7f2a7c191628
P 0x7f2a7c19c108
C 260
R
P 0x7f2a7c191628
C 342
R
P 0x7f2a7c191628
P 0x7f2a7c19c108
C 259
R
P 0x7f2a7c191628
C 342
R
P 0x7f2a7c191628
P 0x7f2a7c19c108
C 258
R
P 0x7f2a7c191628
C 342
R
P 0x7f2a7c191628
P 0x7f2a7c19c108
C 9
R
P 0x7f2a7c191628
C 342
R
P 0x7f2a7c191628
I 6
P 0x7f2a7c19b208
C 150
= 0x7f2a7c19c0e8
R
P 0x7f2a7c191628
C 342
R
P 0x7f2a7c191628
P 0x7f2a7c19c0e8
C 258
R
P 0x7f2a7c191628
C 342
R
P 0x7f2a7c191628
P 0x7f2a7c19c0e8
C 9
R
P 0x7f2a7c191628
C 342
R
P 0x7f2a7c191628
P 0x7f2a7c19c0e8
C 263
R
P 0x7f2a7c191628
C 342
R
P 0x7f2a7c191628
S "slot6Duration"
C 30
R
P 0x7f2a7c191628
C 342
R
P 0x7f2a7c191628
$ |slot6Duration|
C 202
R
P 0x7f2a7c191628
C 342
R
P 0x7f2a7c191628
$ |slot6Duration|
P 0x7f2a7c19b1e8
C 51
= 0x7f2a7c19c128
R
P 0x7f2a7c191628
C 342
R
P 0x7f2a7c191628
P 0x7f2a7c19c128
C 257
R
P 0x7f2a7c191628
C 342
R
P 0x7f2a7c191628
P 0x7f2a7c19c128
C 254
= 0x7f2a7c19b1e8
R
P 0x7f2a7c191628
C 342
R
P 0x7f2a7c191628
P 0x7f2a7c19b1e8
C 209
R
P 0x7f2a7c191628
C 342
R
P 0x7f2a7c191628
P 0x7f2a7c19c128
C 260
R
P 0x7f2a7c191628
C 342
R
P 0x7f2a7c191628
P 0x7f2a7c19c128
C 259
R
P 0x7f2a7c191628
C 342
R
P 0x7f2a7c191628
P 0x7f2a7c19c128
C 258
R
P 0x7f2a7c191628
C 342
R
P 0x7f2a7c191628
P 0x7f2a7c19c128
C 9
R
P 0x7f2a7c191628
C 342
R
P 0x7f2a7c191628
U 2
P 0x7f2a7c19c108
P 0x7f2a7c19c128
p 2
C 65
= 0x7f2a7c1a2348
R
P 0x7f2a7c191628
C 342
R
P 0x7f2a7c191628
P 0x7f2a7c1a2348
C 257
R
P 0x7f2a7c191628
C 342
R
P 0x7f2a7c191628
P 0x7f2a7c1a2348
C 254
= 0x7f2a7c19b1e8
R
P 0x7f2a7c191628
C 342
R
P 0x7f2a7c191628
P 0x7f2a7c19b1e8
C 209
R
P 0x7f2a7c191628
C 342
R
P 0x7f2a7c191628
P 0x7f2a7c1a2348
C 260
R
P 0x7f2a7c191628
C 342
R
P 0x7f2a7c191628
P 0x7f2a7c1a2348
C 259
R
P 0x7f2a7c191628
C 342
R
P 0x7f2a7c191628
P 0x7f2a7c1a2348
C 258
R
P 0x7f2a7c191628
C 342
R
P 0x7f2a7c191628
P 0x7f2a7c1a2348
C 9
R
P 0x7f2a7c191628
C 342
R
P 0x7f2a7c191628
I 1
P 0x7f2a7c19b208
C 150
= 0x7f2a7c19bc88
R
P 0x7f2a7c191628
C 342
R
P 0x7f2a7c191628
P 0x7f2a7c19bc88
C 258
R
P 0x7f2a7c191628
C 342
R
P 0x7f2a7c191628
P 0x7f2a7c19bc88
C 9
R
P 0x7f2a7c191628
C 342
R
P 0x7f2a7c191628
P 0x7f2a7c19bc88
C 263
R
P 0x7f2a7c191628
C 342
R
P 0x7f2a7c191628
S "slot1Start"
C 30
R
P 0x7f2a7c191628
C 342
R
P 0x7f2a7c191628
$ |slot1Start|
C 202
R
P 0x7f2a7c191628
C 342
R
P 0x7f2a7c191628
$ |slot1Start|
P 0x7f2a7c19b1e8
C 51
= 0x7f2a7c19bf48
R
P 0x7f2a7c191628
C 342
R
P 0x7f2a7c191628
P 0x7f2a7c19bf48
C 257
R
P 0x7f2a7c191628
C 342
R
P 0x7f2a7c191628
P 0x7f2a7c19bf48
C 254
= 0x7f2a7c19b1e8
R
P 0x7f2a7c191628
C 342
R
P 0x7f2a7c191628
P 0x7f2a7c19b1e8
C 209
R
P 0x7f2a7c191628
C 342
R
P 0x7f2a7c191628
P 0x7f2a7c19bf48
C 260
R
P 0x7f2a7c191628
C 342
R
P 0x7f2a7c191628
P 0x7f2a7c19bf48
C 259
R
P 0x7f2a7c191628
C 342
R
P 0x7f2a7c191628
P 0x7f2a7c19bf48
C 258
R
P 0x7f2a7c191628
C 342
R
P 0x7f2a7c191628
P 0x7f2a7c19bf48
C 9
R
P 0x7f2a7c191628
C 342
R
P 0x7f2a7c191628
I 1
P 0x7f2a7c19b208
C 150
= 0x7f2a7c19bc88
R
P 0x7f2a7c191628
C 342
R
P 0x7f2a7c191628
P 0x7f2a7c19bc88
C 258
R
P 0x7f2a7c191628
C 342
R
P 0x7f2a7c191628
P 0x7f2a7c19bc88
C 9
R
P 0x7f2a7c191628
C 342
R
P 0x7f2a7c191628
P 0x7f2a7c19bc88
C 263
R
P 0x7f2a7c191628
C 342
R
P 0x7f2a7c191628
S "slot1Duration"
C 30
R
P 0x7f2a7c191628
C 342
R
P 0x7f2a7c191628
$ |slot1Duration|
C 202
R
P 0x7f2a7c191628
C 342
R
P 0x7f2a7c191628
$ |slot1Duration|
P 0x7f2a7c19b1e8
C 51
= 0x7f2a7c19bf68
R
P 0x7f2a7c191628
C 342
R
P 0x7f2a7c191628
P 0x7f2a7c19bf68
C 257
R
P 0x7f2a7c191628
C 342
R
P 0x7f2a7c191628
P 0x7f2a7c19bf68
C 254
= 0x7f2a7c19b1e8
R
P 0x7f2a7c191628
C 342
R
P 0x7f2a7c191628
P 0x7f2a7c19b1e8
C 209
R
P 0x7f2a7c191628
C 342
R
P 0x7f2a7c191628
P 0x7f2a7c19bf68
C 260
R
P 0x7f2a7c191628
C 342
R
P 0x7f2a7c191628
P 0x7f2a7c19bf68
C 259
R
P 0x7f2a7c191628
C 342
R
P 0x7f2a7c191628
P 0x7f2a7c19bf68
C 258
R
P 0x7f2a7c191628
C 342
R
P 0x7f2a7c191628
P 0x7f2a7c19bf68
C 9
R
P 0x7f2a7c191628
C 342
R
P 0x7f2a7c191628
U 2
P 0x7f2a7c19bf48
P 0x7f2a7c19bf68
p 2
C 65
= 0x7f2a7c1a1cb8
R
P 0x7f2a7c191628
C 342
R
P 0x7f2a7c191628
P 0x7f2a7c1a1cb8
C 257
R
P 0x7f2a7c191628
C 342
R
P 0x7f2a7c191628
P 0x7f2a7c1a1cb8
C 254
= 0x7f2a7c19b1e8
R
P 0x7f2a7c191628
C 342
R
P 0x7f2a7c191628
P 0x7f2a7c19b1e8
C 209
R
P 0x7f2a7c191628
C 342
R
P 0x7f2a7c191628
P 0x7f2a7c1a1cb8
C 260
R
P 0x7f2a7c191628
C 342
R
P 0x7f2a7c191628
P 0x7f2a7c1a1cb8
C 259
R
P 0x7f2a7c191628
C 342
R
P 0x7f2a7c191628
P 0x7f2a7c1a1cb8
C 258
R
P 0x7f2a7c191628
C 342
R
P 0x7f2a7c191628
P 0x7f2a7c1a1cb8
C 9
R
P 0x7f2a7c191628
C 342
R
P 0x7f2a7c191628
P 0x7f2a7c1a2348
P 0x7f2a7c1a1cb8
C 74
= 0x7f2a7c475708
R
P 0x7f2a7c191628
C 342
R
P 0x7f2a7c191628
P 0x7f2a7c475708
C 258
R
P 0x7f2a7c191628
C 342
R
P 0x7f2a7c191628
P 0x7f2a7c475708
C 9
R
P 0x7f2a7c191628
C 342
R
P 0x7f2a7c191628
U 2
P 0x7f2a7c1a2380
P 0x7f2a7c475708
p 2
C 63
= 0x7f2a7c475740
R
P 0x7f2a7c191628
C 342
R
P 0x7f2a7c191628
P 0x7f2a7c475740
C 258
R
P 0x7f2a7c191628
C 342
R
P 0x7f2a7c191628
P 0x7f2a7c475740
C 9
R
P 0x7f2a7c191628
C 342
R
P 0x7f2a7c191628
P 0x7f2a7c475740
C 58
= 0x7f2a7c473588
R
P 0x7f2a7c191628
C 342
R
P 0x7f2a7c191628
P 0x7f2a7c473588
C 258
R
P 0x7f2a7c191628
C 342
R
P 0x7f2a7c191628
P 0x7f2a7c473588
C 9
R
P 0x7f2a7c191628
C 342
R
P 0x7f2a7c191628
P 0x7f2a7c473288
P 0x7f2a7c473588
C 61
= 0x7f2a7c475778
R
P 0x7f2a7c191628
C 342
R
P 0x7f2a7c191628
P 0x7f2a7c475778
C 258
R
P 0x7f2a7c191628
C 342
R
P 0x7f2a7c191628
P 0x7f2a7c475778
C 9
R
P 0x7f2a7c191628
C 342
R
P 0x7f2a7c191628
P 0x7f2a7c1e1fc8
P 0x7f2a7c475778
C 427
R
P 0x7f2a7c191628
C 342
R
P 0x7f2a7c191628
I 6
P 0x7f2a7c19b208
C 150
= 0x7f2a7c19c0e8
R
P 0x7f2a7c191628
C 342
R
P 0x7f2a7c191628
P 0x7f2a7c19c0e8
C 258
R
P 0x7f2a7c191628
C 342
R
P 0x7f2a7c191628
P 0x7f2a7c19c0e8
C 9
R
P 0x7f2a7c191628
C 342
R
P 0x7f2a7c191628
I 2
P 0x7f2a7c19b208
C 150
= 0x7f2a7c19bcc8
R
P 0x7f2a7c191628
C 342
R
P 0x7f2a7c191628
P 0x7f2a7c19bcc8
C 258
R
P 0x7f2a7c191628
C 342
R
P 0x7f2a7c191628
P 0x7f2a7c19bcc8
C 9
R
P 0x7f2a7c191628
C 342
R
P 0x7f2a7c191628
P 0x7f2a7c19c0e8
P 0x7f2a7c19bcc8
C 56
= 0x7f2a7c479ff8
R
P 0x7f2a7c191628
C 342
R
P 0x7f2a7c191628
P 0x7f2a7c479ff8
C 258
R
P 0x7f2a7c191628
C 342
R
P 0x7f2a7c191628
P 0x7f2a7c479ff8
C 9
R
P 0x7f2a7c191628
C 342
R
P 0x7f2a7c191628
P 0x7f2a7c479ff8
C 58
= 0x7f2a7c4732e8
R
P 0x7f2a7c191628
C 342
R
P 0x7f2a7c191628
P 0x7f2a7c4732e8
C 258
R
P 0x7f2a7c191628
C 342
R
P 0x7f2a7c191628
P 0x7f2a7c4732e8
C 9
R
P 0x7f2a7c191628
C 342
R
P 0x7f2a7c191628
I 2
P 0x7f2a7c19b208
C 150
= 0x7f2a7c19bcc8
R
P 0x7f2a7c191628
C 342
R
P 0x7f2a7c191628
P 0x7f2a7c19bcc8
C 258
R
P 0x7f2a7c191628
C 342
R
P 0x7f2a7c191628
P 0x7f2a7c19bcc8
C 9
R
P 0x7f2a7c191628
C 342
R
P 0x7f2a7c191628
P 0x7f2a7c19bcc8
C 263
R
P 0x7f2a7c191628
C 342
R
P 0x7f2a7c191628
S "slot2Start"
C 30
R
P 0x7f2a7c191628
C 342
R
P 0x7f2a7c191628
$ |slot2Start|
C 202
R
P 0x7f2a7c191628
C 342
R
P 0x7f2a7c191628
$ |slot2Start|
P 0x7f2a7c19b1e8
C 51
= 0x7f2a7c19bf88
R
P 0x7f2a7c191628
C 342
R
P 0x7f2a7c191628
P 0x7f2a7c19bf88
C 257
R
P 0x7f2a7c191628
C 342
R
P 0x7f2a7c191628
P 0x7f2a7c19bf88
C 254
= 0x7f2a7c19b1e8
R
P 0x7f2a7c191628
C 342
R
P 0x7f2a7c191628
P 0x7f2a7c19b1e8
C 209
R
P 0x7f2a7c191628
C 342
R
P 0x7f2a7c191628
P 0x7f2a7c19bf88
C 260
R
P 0x7f2a7c191628
C 342
R
P 0x7f2a7c191628
P 0x7f2a7c19bf88
C 259
R
P 0x7f2a7c191628
C 342
R
P 0x7f2a7c191628
P 0x7f2a7c19bf88
C 258
R
P 0x7f2a7c191628
C 342
R
P 0x7f2a7c191628
P 0x7f2a7c19bf88
C 9
R
P 0x7f2a7c191628
C 342
R
P 0x7f2a7c191628
I 6
P 0x7f2a7c19b208
C 150
= 0x7f2a7c19c0e8
R
P 0x7f2a7c191628
C 342
R
P 0x7f2a7c191628
P 0x7f2a7c19c0e8
C 258
R
P 0x7f2a7c191628
C 342
R
P 0x7f2a7c191628
P 0x7f2a7c19c0e8
C 9
R
P 0x7f2a7c191628
C 342
R
P 0x7f2a7c191628
P 0x7f2a7c19c0e8
C 263
R
P 0x7f2a7c191628
C 342
R
P 0x7f2a7c191628
S "slot6Start"
C 30
R
P 0x7f2a7c191628
C 342
R
P 0x7f2a7c191628
$ |slot6Start|
C 202
R
P 0x7f2a7c191628
C 342
R
P 0x7f2a7c191628
$ |slot6Start|
P 0x7f2a7c19b1e8
C 51
= 0x7f2a7c19c108
R
P 0x7f2a7c191628
C 342
R
P 0x7f2a7c191628
P 0x7f2a7c19c108
C 257
R
P 0x7f2a7c191628
C 342
R
P 0x7f2a7c191628
P 0x7f2a7c19c108
C 254
= 0x7f2a7c19b1e8
R
P 0x7f2a7c191628
C 342
R
P 0x7f2a7c191628
P 0x7f2a7c19b1e8
C 209
R
P 0x7f2a7c191628
C 342
R
P 0x7f2a7c191628
P 0x7f2a7c19c108
C 260
R
P 0x7f2a7c191628
C 342
R
P 0x7f2a7c191628
P 0x7f2a7c19c108
C 259
R
P 0x7f2a7c191628
C 342
R
P 0x7f2a7c191628
P 0x7f2a7c19c108
C 258
R
P 0x7f2a7c191628
C 342
R
P 0x7f2a7c191628
P 0x7f2a7c19c108
C 9
R
P 0x7f2a7c191628
C 342
R
P 0x7f2a7c191628
I 6
P 0x7f2a7c19b208
C 150
= 0x7f2a7c19c0e8
R
P 0x7f2a7c191628
C 342
R
P 0x7f2a7c191628
P 0x7f2a7c19c0e8
C 258
R
P 0x7f2a7c191628
C 342
R
P 0x7f2a7c191628
P 0x7f2a7c19c0e8
C 9
R
P 0x7f2a7c191628
C 342
R
P 0x7f2a7c191628
P 0x7f2a7c19c0e8
C 263
R
P 0x7f2a7c191628
C 342
R
P 0x7f2a7c191628
S "slot6Duration"
C 30
R
P 0x7f2a7c191628
C 342
R
P 0x7f2a7c191628
$ |slot6Duration|
C 202
R
P 0x7f2a7c191628
C 342
R
P 0x7f2a7c191628
$ |slot6Duration|
P 0x7f2a7c19b1e8
C 51
= 0x7f2a7c19c128
R
P 0x7f2a7c191628
C 342
R
P 0x7f2a7c191628
P 0x7f2a7c19c128
C 257
R
P 0x7f2a7c191628
C 342
R
P 0x7f2a7c191628
P 0x7f2a7c19c128
C 254
= 0x7f2a7c19b1e8
R
P 0x7f2a7c191628
C 342
R
P 0x7f2a7c191628
P 0x7f2a7c19b1e8
C 209
R
P 0x7f2a7c191628
C 342
R
P 0x7f2a7c191628
P 0x7f2a7c19c128
C 260
R
P 0x7f2a7c191628
C 342
R
P 0x7f2a7c191628
P 0x7f2a7c19c128
C 259
R
P 0x7f2a7c191628
C 342
R
P 0x7f2a7c191628
P 0x7f2a7c19c128
C 258
R
P 0x7f2a7c191628
C 342
R
P 0x7f2a7c191628
P 0x7f2a7c19c128
C 9
R
P 0x7f2a7c191628
C 342
R
P 0x7f2a7c191628
U 2
P 0x7f2a7c19c108
P 0x7f2a7c19c128
p 2
C 65
= 0x7f2a7c1a2348
R
P 0x7f2a7c191628
C 342
R
P 0x7f2a7c191628
P 0x7f2a7c1a2348
C 257
R
P 0x7f2a7c191628
C 342
R
P 0x7f2a7c191628
P 0x7f2a7c1a2348
C 254
= 0x7f2a7c19b1e8
R
P 0x7f2a7c191628
C 342
R
P 0x7f2a7c191628
P 0x7f2a7c19b1e8
C 209
R
P 0x7f2a7c191628
C 342
R
P 0x7f2a7c191628
P 0x7f2a7c1a2348
C 260
R
P 0x7f2a7c191628
C 342
R
P 0x7f2a7c191628
P 0x7f2a7c1a2348
C 259
R
P 0x7f2a7c191628
C 342
R
P 0x7f2a7c191628
P 0x7f2a7c1a2348
C 258
R
P 0x7f2a7c191628
C 342
R
P 0x7f2a7c191628
P 0x7f2a7c1a2348
C 9
R
P 0x7f2a7c191628
C 342
R
P 0x7f2a7c191628
P 0x7f2a7c19bf88
P 0x7f2a7c1a2348
C 74
= 0x7f2a7c2cb7b0
R
P 0x7f2a7c191628
C 342
R
P 0x7f2a7c191628
P 0x7f2a7c2cb7b0
C 258
R
P 0x7f2a7c191628
C 342
R
P 0x7f2a7c191628
P 0x7f2a7c2cb7b0
C 9
R
P 0x7f2a7c191628
C 342
R
P 0x7f2a7c191628
I 6
P 0x7f2a7c19b208
C 150
= 0x7f2a7c19c0e8
R
P 0x7f2a7c191628
C 342
R
P 0x7f2a7c191628
P 0x7f2a7c19c0e8
C 258
R
P 0x7f2a7c191628
C 342
R
P 0x7f2a7c191628
P 0x7f2a7c19c0e8
C 9
R
P 0x7f2a7c191628
C 342
R
P 0x7f2a7c191628
P 0x7f2a7c19c0e8
C 263
R
P 0x7f2a7c191628
C 342
R
P 0x7f2a7c191628
S "slot6Start"
C 30
R
P 0x7f2a7c191628
C 342
R
P 0x7f2a7c191628
$ |slot6Start|
C 202
R
P 0x7f2a7c191628
C 342
R
P 0x7f2a7c191628
$ |slot6Start|
P 0x7f2a7c19b1e8
C 51
= 0x7f2a7c19c108
R
P 0x7f2a7c191628
C 342
R
P 0x7f2a7c191628
P 0x7f2a7c19c108
C 257
R
P 0x7f2a7c191628
C 342
R
P 0x7f2a7c191628
P 0x7f2a7c19c108
C 254
= 0x7f2a7c19b1e8
R
P 0x7f2a7c191628
C 342
R
P 0x7f2a7c191628
P 0x7f2a7c19b1e8
C 209
R
P 0x7f2a7c191628
C 342
R
P 0x7f2a7c191628
P 0x7f2a7c19c108
C 260
R
P 0x7f2a7c191628
C 342
R
P 0x7f2a7c191628
P 0x7f2a7c19c108
C 259
R
P 0x7f2a7c191628
C 342
R
P 0x7f2a7c191628
P 0x7f2a7c19c108
C 258
R
P 0x7f2a7c191628
C 342
R
P 0x7f2a7c191628
P 0x7f2a7c19c108
C 9
R
P 0x7f2a7c191628
C 342
R
P 0x7f2a7c191628
I 6
P 0x7f2a7c19b208
C 150
= 0x7f2a7c19c0e8
R
P 0x7f2a7c191628
C 342
R
P 0x7f2a7c191628
P 0x7f2a7c19c0e8
C 258
R
P 0x7f2a7c191628
C 342
R
P 0x7f2a7c191628
P 0x7f2a7c19c0e8
C 9
R
P 0x7f2a7c191628
C 342
R
P 0x7f2a7c191628
P 0x7f2a7c19c0e8
C 263
R
P 0x7f2a7c191628
C 342
R
P 0x7f2a7c191628
S "slot6Duration"
C 30
R
P 0x7f2a7c191628
C 342
R
P 0x7f2a7c191628
$ |slot6Duration|
C 202
R
P 0x7f2a7c191628
C 342
R
P 0x7f2a7c191628
$ |slot6Duration|
P 0x7f2a7c19b1e8
C 51
= 0x7f2a7c19c128
R
P 0x7f2a7c191628
C 342
R
P 0x7f2a7c191628
P 0x7f2a7c19c128
C 257
R
P 0x7f2a7c191628
C 342
R
P 0x7f2a7c191628
P 0x7f2a7c19c128
C 254
= 0x7f2a7c19b1e8
R
P 0x7f2a7c191628
C 342
R
P 0x7f2a7c191628
P 0x7f2a7c19b1e8
C 209
R
P 0x7f2a7c191628
C 342
R
P 0x7f2a7c191628
P 0x7f2a7c19c128
C 260
R
P 0x7f2a7c191628
C 342
R
P 0x7f2a7c191628
P 0x7f2a7c19c128
C 259
R
P 0x7f2a7c191628
C 342
R
P 0x7f2a7c191628
P 0x7f2a7c19c128
C 258
R
P 0x7f2a7c191628
C 342
R
P 0x7f2a7c191628
P 0x7f2a7c19c128
C 9
R
P 0x7f2a7c191628
C 342
R
P 0x7f2a7c191628
U 2
P 0x7f2a7c19c108
P 0x7f2a7c19c128
p 2
C 65
= 0x7f2a7c1a2348
R
P 0x7f2a7c191628
C 342
R
P 0x7f2a7c191628
P 0x7f2a7c1a2348
C 257
R
P 0x7f2a7c191628
C 342
R
P 0x7f2a7c191628
P 0x7f2a7c1a2348
C 254
= 0x7f2a7c19b1e8
R
P 0x7f2a7c191628
C 342
R
P 0x7f2a7c191628
P 0x7f2a7c19b1e8
C 209
R
P 0x7f2a7c191628
C 342
R
P 0x7f2a7c191628
P 0x7f2a7c1a2348
C 260
R
P 0x7f2a7c191628
C 342
R
P 0x7f2a7c191628
P 0x7f2a7c1a2348
C 259
R
P 0x7f2a7c191628
C 342
R
P 0x7f2a7c191628
P 0x7f2a7c1a2348
C 258
R
P 0x7f2a7c191628
C 342
R
P 0x7f2a7c191628
P 0x7f2a7c1a2348
C 9
R
P 0x7f2a7c191628
C 342
R
P 0x7f2a7c191628
I 2
P 0x7f2a7c19b208
C 150
= 0x7f2a7c19bcc8
R
P 0x7f2a7c191628
C 342
R
P 0x7f2a7c191628
P 0x7f2a7c19bcc8
C 258
R
P 0x7f2a7c191628
C 342
R
P 0x7f2a7c191628
P 0x7f2a7c19bcc8
C 9
R
P 0x7f2a7c191628
C 342
R
P 0x7f2a7c191628
P 0x7f2a7c19bcc8
C 263
R
P 0x7f2a7c191628
C 342
R
P 0x7f2a7c191628
S "slot2Start"
C 30
R
P 0x7f2a7c191628
C 342
R
P 0x7f2a7c191628
$ |slot2Start|
C 202
R
P 0x7f2a7c191628
C 342
R
P 0x7f2a7c191628
$ |slot2Start|
P 0x7f2a7c19b1e8
C 51
= 0x7f2a7c19bf88
R
P 0x7f2a7c191628
C 342
R
P 0x7f2a7c191628
P 0x7f2a7c19bf88
C 257
R
P 0x7f2a7c191628
C 342
R
P 0x7f2a7c191628
P 0x7f2a7c19bf88
C 254
= 0x7f2a7c19b1e8
R
P 0x7f2a7c191628
C 342
R
P 0x7f2a7c191628
P 0x7f2a7c19b1e8
C 209
R
P 0x7f2a7c191628
C 342
R
P 0x7f2a7c191628
P 0x7f2a7c19bf88
C 260
R
P 0x7f2a7c191628
C 342
R
P 0x7f2a7c191628
P 0x7f2a7c19bf88
C 259
R
P 0x7f2a7c191628
C 342
R
P 0x7f2a7c191628
P 0x7f2a7c19bf88
C 258
R
P 0x7f2a7c191628
C 342
R
P 0x7f2a7c191628
P 0x7f2a7c19bf88
C 9
R
P 0x7f2a7c191628
C 342
R
P 0x7f2a7c191628
I 2
P 0x7f2a7c19b208
C 150
= 0x7f2a7c19bcc8
R
P 0x7f2a7c191628
C 342
R
P 0x7f2a7c191628
P 0x7f2a7c19bcc8
C 258
R
P 0x7f2a7c191628
C 342
R
P 0x7f2a7c191628
P 0x7f2a7c19bcc8
C 9
R
P 0x7f2a7c191628
C 342
R
P 0x7f2a7c191628
P 0x7f2a7c19bcc8
C 263
R
P 0x7f2a7c191628
C 342
R
P 0x7f2a7c191628
S "slot2Duration"
C 30
R
P 0x7f2a7c191628
C 342
R
P 0x7f2a7c191628
$ |slot2Duration|
C 202
R
P 0x7f2a7c191628
C 342
R
P 0x7f2a7c191628
$ |slot2Duration|
P 0x7f2a7c19b1e8
C 51
= 0x7f2a7c19bfa8
R
P 0x7f2a7c191628
C 342
R
P 0x7f2a7c191628
P 0x7f2a7c19bfa8
C 257
R
P 0x7f2a7c191628
C 342
R
P 0x7f2a7c191628
P 0x7f2a7c19bfa8
C 254
= 0x7f2a7c19b1e8
R
P 0x7f2a7c191628
C 342
R
P 0x7f2a7c191628
P 0x7f2a7c19b1e8
C 209
R
P 0x7f2a7c191628
C 342
R
P 0x7f2a7c191628
P 0x7f2a7c19bfa8
C 260
R
P 0x7f2a7c191628
C 342
R
P 0x7f2a7c191628
P 0x7f2a7c19bfa8
C 259
R
P 0x7f2a7c191628
C 342
R
P 0x7f2a7c191628
P 0x7f2a7c19bfa8
C 258
R
P 0x7f2a7c191628
C 342
R
P 0x7f2a7c191628
P 0x7f2a7c19bfa8
C 9
R
P 0x7f2a7c191628
C 342
R
P 0x7f2a7c191628
U 2
P 0x7f2a7c19bf88
P 0x7f2a7c19bfa8
p 2
C 65
= 0x7f2a7c1a1e08
R
P 0x7f2a7c191628
C 342
R
P 0x7f2a7c191628
P 0x7f2a7c1a1e08
C 257
R
P 0x7f2a7c191628
C 342
R
P 0x7f2a7c191628
P 0x7f2a7c1a1e08
C 254
= 0x7f2a7c19b1e8
R
P 0x7f2a7c191628
C 342
R
P 0x7f2a7c191628
P 0x7f2a7c19b1e8
C 209
R
P 0x7f2a7c191628
C 342
R
P 0x7f2a7c191628
P 0x7f2a7c1a1e08
C 260
R
P 0x7f2a7c191628
C 342
R
P 0x7f2a7c191628
P 0x7f2a7c1a1e08
C 259
R
P 0x7f2a7c191628
C 342
R
P 0x7f2a7c191628
P 0x7f2a7c1a1e08
C 258
R
P 0x7f2a7c191628
C 342
R
P 0x7f2a7c191628
P 0x7f2a7c1a1e08
C 9
R
P 0x7f2a7c191628
C 342
R
P 0x7f2a7c191628
P 0x7f2a7c1a2348
P 0x7f2a7c1a1e08
C 74
= 0x7f2a7c4757b0
R
P 0x7f2a7c191628
C 342
R
P 0x7f2a7c191628
P 0x7f2a7c4757b0
C 258
R
P 0x7f2a7c191628
C 342
R
P 0x7f2a7c191628
P 0x7f2a7c4757b0
C 9
R
P 0x7f2a7c191628
C 342
R
P 0x7f2a7c191628
U 2
P 0x7f2a7c2cb7b0
P 0x7f2a7c4757b0
p 2
C 63
= 0x7f2a7c4757e8
R
P 0x7f2a7c191628
C 342
R
P 0x7f2a7c191628
P 0x7f2a7c4757e8
C 258
R
P 0x7f2a7c191628
C 342
R
P 0x7f2a7c191628
P 0x7f2a7c4757e8
C 9
R
P 0x7f2a7c191628
C 342
R
P 0x7f2a7c191628
P 0x7f2a7c4757e8
C 58
= 0x7f2a7c4735b8
R
P 0x7f2a7c191628
C 342
R
P 0x7f2a7c191628
P 0x7f2a7c4735b8
C 258
R
P 0x7f2a7c191628
C 342
R
P 0x7f2a7c191628
P 0x7f2a7c4735b8
C 9
R
P 0x7f2a7c191628
C 342
R
P 0x7f2a7c191628
P 0x7f2a7c4732e8
P 0x7f2a7c4735b8
C 61
= 0x7f2a7c475820
R
P 0x7f2a7c191628
C 342
R
P 0x7f2a7c191628
P 0x7f2a7c475820
C 258
R
P 0x7f2a7c191628
C 342
R
P 0x7f2a7c191628
P 0x7f2a7c475820
C 9
R
P 0x7f2a7c191628
C 342
R
P 0x7f2a7c191628
P 0x7f2a7c1e1fc8
P 0x7f2a7c475820
C 427
R
P 0x7f2a7c191628
C 342
R
P 0x7f2a7c191628
I 6
P 0x7f2a7c19b208
C 150
= 0x7f2a7c19c0e8
R
P 0x7f2a7c191628
C 342
R
P 0x7f2a7c191628
P 0x7f2a7c19c0e8
C 258
R
P 0x7f2a7c191628
C 342
R
P 0x7f2a7c191628
P 0x7f2a7c19c0e8
C 9
R
P 0x7f2a7c191628
C 342
R
P 0x7f2a7c191628
I 3
P 0x7f2a7c19b208
C 150
= 0x7f2a7c19bfc8
R
P 0x7f2a7c191628
C 342
R
P 0x7f2a7c191628
P 0x7f2a7c19bfc8
C 258
R
P 0x7f2a7c191628
C 342
R
P 0x7f2a7c191628
P 0x7f2a7c19bfc8
C 9
R
P 0x7f2a7c191628
C 342
R
P 0x7f2a7c191628
P 0x7f2a7c19c0e8
P 0x7f2a7c19bfc8
C 56
= 0x7f2a7c47a0d8
R
P 0x7f2a7c191628
C 342
R
P 0x7f2a7c191628
P 0x7f2a7c47a0d8
C 258
R
P 0x7f2a7c191628
C 342
R
P 0x7f2a7c191628
P 0x7f2a7c47a0d8
C 9
R
P 0x7f2a7c191628
C 342
R
P 0x7f2a7c191628
P 0x7f2a7c47a0d8
C 58
= 0x7f2a7c473348
R
P 0x7f2a7c191628
C 342
R
P 0x7f2a7c191628
P 0x7f2a7c473348
C 258
R
P 0x7f2a7c191628
C 342
R
P 0x7f2a7c191628
P 0x7f2a7c473348
C 9
R
P 0x7f2a7c191628
C 342
R
P 0x7f2a7c191628
I 3
P 0x7f2a7c19b208
C 150
= 0x7f2a7c19bfc8
R
P 0x7f2a7c191628
C 342
R
P 0x7f2a7c191628
P 0x7f2a7c19bfc8
C 258
R
P 0x7f2a7c191628
C 342
R
P 0x7f2a7c191628
P 0x7f2a7c19bfc8
C 9
R
P 0x7f2a7c191628
C 342
R
P 0x7f2a7c191628
P 0x7f2a7c19bfc8
C 263
R
P 0x7f2a7c191628
C 342
R
P 0x7f2a7c191628
S "slot3Start"
C 30
R
P 0x7f2a7c191628
C 342
R
P 0x7f2a7c191628
$ |slot3Start|
C 202
R
P 0x7f2a7c191628
C 342
R
P 0x7f2a7c191628
$ |slot3Start|
P 0x7f2a7c19b1e8
C 51
= 0x7f2a7c19bfe8
R
P 0x7f2a7c191628
C 342
R
P 0x7f2a7c191628
P 0x7f2a7c19bfe8
C 257
R
P 0x7f2a7c191628
C 342
R
P 0x7f2a7c191628
P 0x7f2a7c19bfe8
C 254
= 0x7f2a7c19b1e8
R
P 0x7f2a7c191628
C 342
R
P 0x7f2a7c191628
P 0x7f2a7c19b1e8
C 209
R
P 0x7f2a7c191628
C 342
R
P 0x7f2a7c191628
P 0x7f2a7c19bfe8
C 260
R
P 0x7f2a7c191628
C 342
R
P 0x7f2a7c191628
P 0x7f2a7c19bfe8
C 259
R
P 0x7f2a7c191628
C 342
R
P 0x7f2a7c191628
P 0x7f2a7c19bfe8
C 258
R
P 0x7f2a7c191628
C 342
R
P 0x7f2a7c191628
P 0x7f2a7c19bfe8
C 9
R
P 0x7f2a7c191628
C 342
R
P 0x7f2a7c191628
I 6
P 0x7f2a7c19b208
C 150
= 0x7f2a7c19c0e8
R
P 0x7f2a7c191628
C 342
R
P 0x7f2a7c191628
P 0x7f2a7c19c0e8
C 258
R
P 0x7f2a7c191628
C 342
R
P 0x7f2a7c191628
P 0x7f2a7c19c0e8
C 9
R
P 0x7f2a7c191628
C 342
R
P 0x7f2a7c191628
P 0x7f2a7c19c0e8
C 263
R
P 0x7f2a7c191628
C 342
R
P 0x7f2a7c191628
S "slot6Start"
C 30
R
P 0x7f2a7c191628
C 342
R
P 0x7f2a7c191628
$ |slot6Start|
C 202
R
P 0x7f2a7c191628
C 342
R
P 0x7f2a7c191628
$ |slot6Start|
P 0x7f2a7c19b1e8
C 51
= 0x7f2a7c19c108
R
P 0x7f2a7c191628
C 342
R
P 0x7f2a7c191628
P 0x7f2a7c19c108
C 257
R
P 0x7f2a7c191628
C 342
R
P 0x7f2a7c191628
P 0x7f2a7c19c108
C 254
= 0x7f2a7c19b1e8
R
P 0x7f2a7c191628
C 342
R
P 0x7f2a7c191628
P 0x7f2a7c19b1e8
C 209
R
P 0x7f2a7c191628
C 342
R
P 0x7f2a7c191628
P 0x7f2a7c19c108
C 260
R
P 0x7f2a7c191628
C 342
R
P 0x7f2a7c191628
P 0x7f2a7c19c108
C 259
R
P 0x7f2a7c191628
C 342
R
P 0x7f2a7c191628
P 0x7f2a7c19c108
C 258
R
P 0x7f2a7c191628
C 342
R
P 0x7f2a7c191628
P 0x7f2a7c19c108
C 9
R
P 0x7f2a7c191628
C 342
R
P 0x7f2a7c191628
I 6
P 0x7f2a7c19b208
C 150
= 0x7f2a7c19c0e8
R
P 0x7f2a7c191628
C 342
R
P 0x7f2a7c191628
P 0x7f2a7c19c0e8
C 258
R
P 0x7f2a7c191628
C 342
R
P 0x7f2a7c191628
P 0x7f2a7c19c0e8
C 9
R
P 0x7f2a7c191628
C 342
R
P 0x7f2a7c191628
P 0x7f2a7c19c0e8
C 263
R
P 0x7f2a7c191628
C 342
R
P 0x7f2a7c191628
S "slot6Duration"
C 30
R
P 0x7f2a7c191628
C 342
R
P 0x7f2a7c191628
$ |slot6Duration|
C 202
R
P 0x7f2a7c191628
C 342
R
P 0x7f2a7c191628
$ |slot6Duration|
P 0x7f2a7c19b1e8
C 51
= 0x7f2a7c19c128
R
P 0x7f2a7c191628
C 342
R
P 0x7f2a7c191628
P 0x7f2a7c19c128
C 257
R
P 0x7f2a7c191628
C 342
R
P 0x7f2a7c191628
P 0x7f2a7c19c128
C 254
= 0x7f2a7c19b1e8
R
P 0x7f2a7c191628
C 342
R
P 0x7f2a7c191628
P 0x7f2a7c19b1e8
C 209
R
P 0x7f2a7c191628
C 342
R
P 0x7f2a7c191628
P 0x7f2a7c19c128
C 260
R
P 0x7f2a7c191628
C 342
R
P 0x7f2a7c191628
P 0x7f2a7c19c128
C 259
R
P 0x7f2a7c191628
C 342
R
P 0x7f2a7c191628
P 0x7f2a7c19c128
C 258
R
P 0x7f2a7c191628
C 342
R
P 0x7f2a7c191628
P 0x7f2a7c19c128
C 9
R
P 0x7f2a7c191628
C 342
R
P 0x7f2a7c191628
U 2
P 0x7f2a7c19c108
P 0x7f2a7c19c128
p 2
C 65
= 0x7f2a7c1a2348
R
P 0x7f2a7c191628
C 342
R
P 0x7f2a7c191628
P 0x7f2a7c1a2348
C 257
R
P 0x7f2a7c191628
C 342
R
P 0x7f2a7c191628
P 0x7f2a7c1a2348
C 254
= 0x7f2a7c19b1e8
R
P 0x7f2a7c191628
C 342
R
P 0x7f2a7c191628
P 0x7f2a7c19b1e8
C 209
R
P 0x7f2a7c191628
C 342
R
P 0x7f2a7c191628
P 0x7f2a7c1a2348
C 260
R
P 0x7f2a7c191628
C 342
R
P 0x7f2a7c191628
P 0x7f2a7c1a2348
C 259
R
P 0x7f2a7c191628
C 342
R
P 0x7f2a7c191628
P 0x7f2a7c1a2348
C 258
R
P 0x7f2a7c191628
C 342
R
P 0x7f2a7c191628
P 0x7f2a7c1a2348
C 9
R
P 0x7f2a7c191628
C 342
R
P 0x7f2a7c191628
P 0x7f2a7c19bfe8
P 0x7f2a7c1a2348
C 74
= 0x7f2a7c2cc818
R
P 0x7f2a7c191628
C 342
R
P 0x7f2a7c191628
P 0x7f2a7c2cc818
C 258
R
P 0x7f2a7c191628
C 342
R
P 0x7f2a7c191628
P 0x7f2a7c2cc818
C 9
R
P 0x7f2a7c191628
C 342
R
P 0x7f2a7c191628
I 6
P 0x7f2a7c19b208
C 150
= 0x7f2a7c19c0e8
R
P 0x7f2a7c191628
C 342
R
P 0x7f2a7c191628
P 0x7f2a7c19c0e8
C 258
R
P 0x7f2a7c191628
C 342
R
P 0x7f2a7c191628
P 0x7f2a7c19c0e8
C 9
R
P 0x7f2a7c191628
C 342
R
P 0x7f2a7c191628
P 0x7f2a7c19c0e8
C 263
R
P 0x7f2a7c191628
C 342
R
P 0x7f2a7c191628
S "slot6Start"
C 30
R
P 0x7f2a7c191628
C 342
R
P 0x7f2a7c191628
$ |slot6Start|
C 202
R
P 0x7f2a7c191628
C 342
R
P 0x7f2a7c191628
$ |slot6Start|
P 0x7f2a7c19b1e8
C 51
= 0x7f2a7c19c108
R
P 0x7f2a7c191628
C 342
R
P 0x7f2a7c191628
P 0x7f2a7c19c108
C 257
R
P 0x7f2a7c191628
C 342
R
P 0x7f2a7c191628
P 0x7f2a7c19c108
C 254
= 0x7f2a7c19b1e8
R
P 0x7f2a7c191628
C 342
R
P 0x7f2a7c191628
P 0x7f2a7c19b1e8
C 209
R
P 0x7f2a7c191628
C 342
R
P 0x7f2a7c191628
P 0x7f2a7c19c108
C 260
R
P 0x7f2a7c191628
C 342
R
P 0x7f2a7c191628
P 0x7f2a7c19c108
C 259
R
P 0x7f2a7c191628
C 342
R
P 0x7f2a7c191628
P 0x7f2a7c19c108
C 258
R
P 0x7f2a7c191628
C 342
R
P 0x7f2a7c191628
P 0x7f2a7c19c108
C 9
R
P 0x7f2a7c191628
C 342
R
P 0x7f2a7c191628
I 6
P 0x7f2a7c19b208
C 150
= 0x7f2a7c19c0e8
R
P 0x7f2a7c191628
C 342
R
P 0x7f2a7c191628
P 0x7f2a7c19c0e8
C 258
R
P 0x7f2a7c191628
C 342
R
P 0x7f2a7c191628
P 0x7f2a7c19c0e8
C 9
R
P 0x7f2a7c191628
C 342
R
P 0x7f2a7c191628
P 0x7f2a7c19c0e8
C 263
R
P 0x7f2a7c191628
C 342
R
P 0x7f2a7c191628
S "slot6Duration"
C 30
R
P 0x7f2a7c191628
C 342
R
P 0x7f2a7c191628
$ |slot6Duration|
C 202
R
P 0x7f2a7c191628
C 342
R
P 0x7f2a7c191628
$ |slot6Duration|
P 0x7f2a7c19b1e8
C 51
= 0x7f2a7c19c128
R
P 0x7f2a7c191628
C 342
R
P 0x7f2a7c191628
P 0x7f2a7c19c128
C 257
R
P 0x7f2a7c191628
C 342
R
P 0x7f2a7c191628
P 0x7f2a7c19c128
C 254
= 0x7f2a7c19b1e8
R
P 0x7f2a7c191628
C 342
R
P 0x7f2a7c191628
P 0x7f2a7c19b1e8
C 209
R
P 0x7f2a7c191628
C 342
R
P 0x7f2a7c191628
P 0x7f2a7c19c128
C 260
R
P 0x7f2a7c191628
C 342
R
P 0x7f2a7c191628
P 0x7f2a7c19c128
C 259
R
P 0x7f2a7c191628
C 342
R
P 0x7f2a7c191628
P 0x7f2a7c19c128
C 258
R
P 0x7f2a7c191628
C 342
R
P 0x7f2a7c191628
P 0x7f2a7c19c128
C 9
R
P 0x7f2a7c191628
C 342
R
P 0x7f2a7c191628
U 2
P 0x7f2a7c19c108
P 0x7f2a7c19c128
p 2
C 65
= 0x7f2a7c1a2348
R
P 0x7f2a7c191628
C 342
R
P 0x7f2a7c191628
P 0x7f2a7c1a2348
C 257
R
P 0x7f2a7c191628
C 342
R
P 0x7f2a7c191628
P 0x7f2a7c1a2348
C 254
= 0x7f2a7c19b1e8
R
P 0x7f2a7c191628
C 342
R
P 0x7f2a7c191628
P 0x7f2a7c19b1e8
C 209
R
P 0x7f2a7c191628
C 342
R
P 0x7f2a7c191628
P 0x7f2a7c1a2348
C 260
R
P 0x7f2a7c191628
C 342
R
P 0x7f2a7c191628
P 0x7f2a7c1a2348
C 259
R
P 0x7f2a7c191628
C 342
R
P 0x7f2a7c191628
P 0x7f2a7c1a2348
C 258
R
P 0x7f2a7c191628
C 342
R
P 0x7f2a7c191628
P 0x7f2a7c1a2348
C 9
R
P 0x7f2a7c191628
C 342
R
P 0x7f2a7c191628
I 3
P 0x7f2a7c19b208
C 150
= 0x7f2a7c19bfc8
R
P 0x7f2a7c191628
C 342
R
P 0x7f2a7c191628
P 0x7f2a7c19bfc8
C 258
R
P 0x7f2a7c191628
C 342
R
P 0x7f2a7c191628
P 0x7f2a7c19bfc8
C 9
R
P 0x7f2a7c191628
C 342
R
P 0x7f2a7c191628
P 0x7f2a7c19bfc8
C 263
R
P 0x7f2a7c191628
C 342
R
P 0x7f2a7c191628
S "slot3Start"
C 30
R
P 0x7f2a7c191628
C 342
R
P 0x7f2a7c191628
$ |slot3Start|
C 202
R
P 0x7f2a7c191628
C 342
R
P 0x7f2a7c191628
$ |slot3Start|
P 0x7f2a7c19b1e8
C 51
= 0x7f2a7c19bfe8
R
P 0x7f2a7c191628
C 342
R
P 0x7f2a7c191628
P 0x7f2a7c19bfe8
C 257
R
P 0x7f2a7c191628
C 342
R
P 0x7f2a7c191628
P 0x7f2a7c19bfe8
C 254
= 0x7f2a7c19b1e8
R
P 0x7f2a7c191628
C 342
R
P 0x7f2a7c191628
P 0x7f2a7c19b1e8
C 209
R
P 0x7f2a7c191628
C 342
R
P 0x7f2a7c191628
P 0x7f2a7c19bfe8
C 260
R
P 0x7f2a7c191628
C 342
R
P 0x7f2a7c191628
P 0x7f2a7c19bfe8
C 259
R
P 0x7f2a7c191628
C 342
R
P 0x7f2a7c191628
P 0x7f2a7c19bfe8
C 258
R
P 0x7f2a7c191628
C 342
R
P 0x7f2a7c191628
P 0x7f2a7c19bfe8
C 9
R
P 0x7f2a7c191628
C 342
R
P 0x7f2a7c191628
I 3
P 0x7f2a7c19b208
C 150
= 0x7f2a7c19bfc8
R
P 0x7f2a7c191628
C 342
R
P 0x7f2a7c191628
P 0x7f2a7c19bfc8
C 258
R
P 0x7f2a7c191628
C 342
R
P 0x7f2a7c191628
P 0x7f2a7c19bfc8
C 9
R
P 0x7f2a7c191628
C 342
R
P 0x7f2a7c191628
P 0x7f2a7c19bfc8
C 263
R
P 0x7f2a7c191628
C 342
R
P 0x7f2a7c191628
S "slot3Duration"
C 30
R
P 0x7f2a7c191628
C 342
R
P 0x7f2a7c191628
$ |slot3Duration|
C 202
R
P 0x7f2a7c191628
C 342
R
P 0x7f2a7c191628
$ |slot3Duration|
P 0x7f2a7c19b1e8
C 51
= 0x7f2a7c19c008
R
P 0x7f2a7c191628
C 342
R
P 0x7f2a7c191628
P 0x7f2a7c19c008
C 257
R
P 0x7f2a7c191628
C 342
R
P 0x7f2a7c191628
P 0x7f2a7c19c008
C 254
= 0x7f2a7c19b1e8
R
P 0x7f2a7c191628
C 342
R
P 0x7f2a7c191628
P 0x7f2a7c19b1e8
C 209
R
P 0x7f2a7c191628
C 342
R
P 0x7f2a7c191628
P 0x7f2a7c19c008
C 260
R
P 0x7f2a7c191628
C 342
R
P 0x7f2a7c191628
P 0x7f2a7c19c008
C 259
R
P 0x7f2a7c191628
C 342
R
P 0x7f2a7c191628
P 0x7f2a7c19c008
C 258
R
P 0x7f2a7c191628
C 342
R
P 0x7f2a7c191628
P 0x7f2a7c19c008
C 9
R
P 0x7f2a7c191628
C 342
R
P 0x7f2a7c191628
U 2
P 0x7f2a7c19bfe8
P 0x7f2a7c19c008
p 2
C 65
= 0x7f2a7c1a1f58
R
P 0x7f2a7c191628
C 342
R
P 0x7f2a7c191628
P 0x7f2a7c1a1f58
C 257
R
P 0x7f2a7c191628
C 342
R
P 0x7f2a7c191628
P 0x7f2a7c1a1f58
C 254
= 0x7f2a7c19b1e8
R
P 0x7f2a7c191628
C 342
R
P 0x7f2a7c191628
P 0x7f2a7c19b1e8
C 209
R
P 0x7f2a7c191628
C 342
R
P 0x7f2a7c191628
P 0x7f2a7c1a1f58
C 260
R
P 0x7f2a7c191628
C 342
R
P 0x7f2a7c191628
P 0x7f2a7c1a1f58
C 259
R
P 0x7f2a7c191628
C 342
R
P 0x7f2a7c191628
P 0x7f2a7c1a1f58
C 258
R
P 0x7f2a7c191628
C 342
R
P 0x7f2a7c191628
P 0x7f2a7c1a1f58
C 9
R
P 0x7f2a7c191628
C 342
R
P 0x7f2a7c191628
P 0x7f2a7c1a2348
P 0x7f2a7c1a1f58
C 74
= 0x7f2a7c475858
R
P 0x7f2a7c191628
C 342
R
P 0x7f2a7c191628
P 0x7f2a7c475858
C 258
R
P 0x7f2a7c191628
C 342
R
P 0x7f2a7c191628
P 0x7f2a7c475858
C 9
R
P 0x7f2a7c191628
C 342
R
P 0x7f2a7c191628
U 2
P 0x7f2a7c2cc818
P 0x7f2a7c475858
p 2
C 63
= 0x7f2a7c475890
R
P 0x7f2a7c191628
C 342
R
P 0x7f2a7c191628
P 0x7f2a7c475890
C 258
R
P 0x7f2a7c191628
C 342
R
P 0x7f2a7c191628
P 0x7f2a7c475890
C 9
R
P 0x7f2a7c191628
C 342
R
P 0x7f2a7c191628
P 0x7f2a7c475890
C 58
= 0x7f2a7c4735e8
R
P 0x7f2a7c191628
C 342
R
P 0x7f2a7c191628
P 0x7f2a7c4735e8
C 258
R
P 0x7f2a7c191628
C 342
R
P 0x7f2a7c191628
P 0x7f2a7c4735e8
C 9
R
P 0x7f2a7c191628
C 342
R
P 0x7f2a7c191628
P 0x7f2a7c473348
P 0x7f2a7c4735e8
C 61
= 0x7f2a7c4758c8
R
P 0x7f2a7c191628
C 342
R
P 0x7f2a7c191628
P 0x7f2a7c4758c8
C 258
R
P 0x7f2a7c191628
C 342
R
P 0x7f2a7c191628
P 0x7f2a7c4758c8
C 9
R
P 0x7f2a7c191628
C 342
R
P 0x7f2a7c191628
P 0x7f2a7c1e1fc8
P 0x7f2a7c4758c8
C 427
R
P 0x7f2a7c191628
C 342
R
P 0x7f2a7c191628
I 6
P 0x7f2a7c19b208
C 150
= 0x7f2a7c19c0e8
R
P 0x7f2a7c191628
C 342
R
P 0x7f2a7c191628
P 0x7f2a7c19c0e8
C 258
R
P 0x7f2a7c191628
C 342
R
P 0x7f2a7c191628
P 0x7f2a7c19c0e8
C 9
R
P 0x7f2a7c191628
C 342
R
P 0x7f2a7c191628
I 4
P 0x7f2a7c19b208
C 150
= 0x7f2a7c19c028
R
P 0x7f2a7c191628
C 342
R
P 0x7f2a7c191628
P 0x7f2a7c19c028
C 258
R
P 0x7f2a7c191628
C 342
R
P 0x7f2a7c191628
P 0x7f2a7c19c028
C 9
R
P 0x7f2a7c191628
C 342
R
P 0x7f2a7c191628
P 0x7f2a7c19c0e8
P 0x7f2a7c19c028
C 56
= 0x7f2a7c47a1b8
R
P 0x7f2a7c191628
C 342
R
P 0x7f2a7c191628
P 0x7f2a7c47a1b8
C 258
R
P 0x7f2a7c191628
C 342
R
P 0x7f2a7c191628
P 0x7f2a7c47a1b8
C 9
R
P 0x7f2a7c191628
C 342
R
P 0x7f2a7c191628
P 0x7f2a7c47a1b8
C 58
= 0x7f2a7c4733a8
R
P 0x7f2a7c191628
C 342
R
P 0x7f2a7c191628
P 0x7f2a7c4733a8
C 258
R
P 0x7f2a7c191628
C 342
R
P 0x7f2a7c191628
P 0x7f2a7c4733a8
C 9
R
P 0x7f2a7c191628
C 342
R
P 0x7f2a7c191628
I 4
P 0x7f2a7c19b208
C 150
= 0x7f2a7c19c028
R
P 0x7f2a7c191628
C 342
R
P 0x7f2a7c191628
P 0x7f2a7c19c028
C 258
R
P 0x7f2a7c191628
C 342
R
P 0x7f2a7c191628
P 0x7f2a7c19c028
C 9
R
P 0x7f2a7c191628
C 342
R
P 0x7f2a7c191628
P 0x7f2a7c19c028
C 263
R
P 0x7f2a7c191628
C 342
R
P 0x7f2a7c191628
S "slot4Start"
C 30
R
P 0x7f2a7c191628
C 342
R
P 0x7f2a7c191628
$ |slot4Start|
C 202
R
P 0x7f2a7c191628
C 342
R
P 0x7f2a7c191628
$ |slot4Start|
P 0x7f2a7c19b1e8
C 51
= 0x7f2a7c19c048
R
P 0x7f2a7c191628
C 342
R
P 0x7f2a7c191628
P 0x7f2a7c19c048
C 257
R
P 0x7f2a7c191628
C 342
R
P 0x7f2a7c191628
P 0x7f2a7c19c048
C 254
= 0x7f2a7c19b1e8
R
P 0x7f2a7c191628
C 342
R
P 0x7f2a7c191628
P 0x7f2a7c19b1e8
C 209
R
P 0x7f2a7c191628
C 342
R
P 0x7f2a7c191628
P 0x7f2a7c19c048
C 260
R
P 0x7f2a7c191628
C 342
R
P 0x7f2a7c191628
P 0x7f2a7c19c048
C 259
R
P 0x7f2a7c191628
C 342
R
P 0x7f2a7c191628
P 0x7f2a7c19c048
C 258
R
P 0x7f2a7c191628
C 342
R
P 0x7f2a7c191628
P 0x7f2a7c19c048
C 9
R
P 0x7f2a7c191628
C 342
R
P 0x7f2a7c191628
I 6
P 0x7f2a7c19b208
C 150
= 0x7f2a7c19c0e8
R
P 0x7f2a7c191628
C 342
R
P 0x7f2a7c191628
P 0x7f2a7c19c0e8
C 258
R
P 0x7f2a7c191628
C 342
R
P 0x7f2a7c191628
P 0x7f2a7c19c0e8
C 9
R
P 0x7f2a7c191628
C 342
R
P 0x7f2a7c191628
P 0x7f2a7c19c0e8
C 263
R
P 0x7f2a7c191628
C 342
R
P 0x7f2a7c191628
S "slot6Start"
C 30
R
P 0x7f2a7c191628
C 342
R
P 0x7f2a7c191628
$ |slot6Start|
C 202
R
P 0x7f2a7c191628
C 342
R
P 0x7f2a7c191628
$ |slot6Start|
P 0x7f2a7c19b1e8
C 51
= 0x7f2a7c19c108
R
P 0x7f2a7c191628
C 342
R
P 0x7f2a7c191628
P 0x7f2a7c19c108
C 257
R
P 0x7f2a7c191628
C 342
R
P 0x7f2a7c191628
P 0x7f2a7c19c108
C 254
= 0x7f2a7c19b1e8
R
P 0x7f2a7c191628
C 342
R
P 0x7f2a7c191628
P 0x7f2a7c19b1e8
C 209
R
P 0x7f2a7c191628
C 342
R
P 0x7f2a7c191628
P 0x7f2a7c19c108
C 260
R
P 0x7f2a7c191628
C 342
R
P 0x7f2a7c191628
P 0x7f2a7c19c108
C 259
R
P 0x7f2a7c191628
C 342
R
P 0x7f2a7c191628
P 0x7f2a7c19c108
C 258
R
P 0x7f2a7c191628
C 342
R
P 0x7f2a7c191628
P 0x7f2a7c19c108
C 9
R
P 0x7f2a7c191628
C 342
R
P 0x7f2a7c191628
I 6
P 0x7f2a7c19b208
C 150
= 0x7f2a7c19c0e8
R
P 0x7f2a7c191628
C 342
R
P 0x7f2a7c191628
P 0x7f2a7c19c0e8
C 258
R
P 0x7f2a7c191628
C 342
R
P 0x7f2a7c191628
P 0x7f2a7c19c0e8
C 9
R
P 0x7f2a7c191628
C 342
R
P 0x7f2a7c191628
P 0x7f2a7c19c0e8
C 263
R
P 0x7f2a7c191628
C 342
R
P 0x7f2a7c191628
S "slot6Duration"
C 30
R
P 0x7f2a7c191628
C 342
R
P 0x7f2a7c191628
$ |slot6Duration|
C 202
R
P 0x7f2a7c191628
C 342
R
P 0x7f2a7c191628
$ |slot6Duration|
P 0x7f2a7c19b1e8
C 51
= 0x7f2a7c19c128
R
P 0x7f2a7c191628
C 342
R
P 0x7f2a7c191628
P 0x7f2a7c19c128
C 257
R
P 0x7f2a7c191628
C 342
R
P 0x7f2a7c191628
P 0x7f2a7c19c128
C 254
= 0x7f2a7c19b1e8
R
P 0x7f2a7c191628
C 342
R
P 0x7f2a7c191628
P 0x7f2a7c19b1e8
C 209
R
P 0x7f2a7c191628
C 342
R
P 0x7f2a7c191628
P 0x7f2a7c19c128
C 260
R
P 0x7f2a7c191628
C 342
R
P 0x7f2a7c191628
P 0x7f2a7c19c128
C 259
R
P 0x7f2a7c191628
C 342
R
P 0x7f2a7c191628
P 0x7f2a7c19c128
C 258
R
P 0x7f2a7c191628
C 342
R
P 0x7f2a7c191628
P 0x7f2a7c19c128
C 9
R
P 0x7f2a7c191628
C 342
R
P 0x7f2a7c191628
U 2
P 0x7f2a7c19c108
P 0x7f2a7c19c128
p 2
C 65
= 0x7f2a7c1a2348
R
P 0x7f2a7c191628
C 342
R
P 0x7f2a7c191628
P 0x7f2a7c1a2348
C 257
R
P 0x7f2a7c191628
C 342
R
P 0x7f2a7c191628
P 0x7f2a7c1a2348
C 254
= 0x7f2a7c19b1e8
R
P 0x7f2a7c191628
C 342
R
P 0x7f2a7c191628
P 0x7f2a7c19b1e8
C 209
R
P 0x7f2a7c191628
C 342
R
P 0x7f2a7c191628
P 0x7f2a7c1a2348
C 260
R
P 0x7f2a7c191628
C 342
R
P 0x7f2a7c191628
P 0x7f2a7c1a2348
C 259
R
P 0x7f2a7c191628
C 342
R
P 0x7f2a7c191628
P 0x7f2a7c1a2348
C 258
R
P 0x7f2a7c191628
C 342
R
P 0x7f2a7c191628
P 0x7f2a7c1a2348
C 9
R
P 0x7f2a7c191628
C 342
R
P 0x7f2a7c191628
P 0x7f2a7c19c048
P 0x7f2a7c1a2348
C 74
= 0x7f2a7c478548
R
P 0x7f2a7c191628
C 342
R
P 0x7f2a7c191628
P 0x7f2a7c478548
C 258
R
P 0x7f2a7c191628
C 342
R
P 0x7f2a7c191628
P 0x7f2a7c478548
C 9
R
P 0x7f2a7c191628
C 342
R
P 0x7f2a7c191628
I 6
P 0x7f2a7c19b208
C 150
= 0x7f2a7c19c0e8
R
P 0x7f2a7c191628
C 342
R
P 0x7f2a7c191628
P 0x7f2a7c19c0e8
C 258
R
P 0x7f2a7c191628
C 342
R
P 0x7f2a7c191628
P 0x7f2a7c19c0e8
C 9
R
P 0x7f2a7c191628
C 342
R
P 0x7f2a7c191628
P 0x7f2a7c19c0e8
C 263
R
P 0x7f2a7c191628
C 342
R
P 0x7f2a7c191628
S "slot6Start"
C 30
R
P 0x7f2a7c191628
C 342
R
P 0x7f2a7c191628
$ |slot6Start|
C 202
R
P 0x7f2a7c191628
C 342
R
P 0x7f2a7c191628
$ |slot6Start|
P 0x7f2a7c19b1e8
C 51
= 0x7f2a7c19c108
R
P 0x7f2a7c191628
C 342
R
P 0x7f2a7c191628
P 0x7f2a7c19c108
C 257
R
P 0x7f2a7c191628
C 342
R
P 0x7f2a7c191628
P 0x7f2a7c19c108
C 254
= 0x7f2a7c19b1e8
R
P 0x7f2a7c191628
C 342
R
P 0x7f2a7c191628
P 0x7f2a7c19b1e8
C 209
R
P 0x7f2a7c191628
C 342
R
P 0x7f2a7c191628
P 0x7f2a7c19c108
C 260
R
P 0x7f2a7c191628
C 342
R
P 0x7f2a7c191628
P 0x7f2a7c19c108
C 259
R
P 0x7f2a7c191628
C 342
R
P 0x7f2a7c191628
P 0x7f2a7c19c108
C 258
R
P 0x7f2a7c191628
C 342
R
P 0x7f2a7c191628
P 0x7f2a7c19c108
C 9
R
P 0x7f2a7c191628
C 342
R
P 0x7f2a7c191628
I 6
P 0x7f2a7c19b208
C 150
= 0x7f2a7c19c0e8
R
P 0x7f2a7c191628
C 342
R
P 0x7f2a7c191628
P 0x7f2a7c19c0e8
C 258
R
P 0x7f2a7c191628
C 342
R
P 0x7f2a7c191628
P 0x7f2a7c19c0e8
C 9
R
P 0x7f2a7c191628
C 342
R
P 0x7f2a7c191628
P 0x7f2a7c19c0e8
C 263
R
P 0x7f2a7c191628
C 342
R
P 0x7f2a7c191628
S "slot6Duration"
C 30
R
P 0x7f2a7c191628
C 342
R
P 0x7f2a7c191628
$ |slot6Duration|
C 202
R
P 0x7f2a7c191628
C 342
R
P 0x7f2a7c191628
$ |slot6Duration|
P 0x7f2a7c19b1e8
C 51
= 0x7f2a7c19c128
R
P 0x7f2a7c191628
C 342
R
P 0x7f2a7c191628
P 0x7f2a7c19c128
C 257
R
P 0x7f2a7c191628
C 342
R
P 0x7f2a7c191628
P 0x7f2a7c19c128
C 254
= 0x7f2a7c19b1e8
R
P 0x7f2a7c191628
C 342
R
P 0x7f2a7c191628
P 0x7f2a7c19b1e8
C 209
R
P 0x7f2a7c191628
C 342
R
P 0x7f2a7c191628
P 0x7f2a7c19c128
C 260
R
P 0x7f2a7c191628
C 342
R
P 0x7f2a7c191628
P 0x7f2a7c19c128
C 259
R
P 0x7f2a7c191628
C 342
R
P 0x7f2a7c191628
P 0x7f2a7c19c128
C 258
R
P 0x7f2a7c191628
C 342
R
P 0x7f2a7c191628
P 0x7f2a7c19c128
C 9
R
P 0x7f2a7c191628
C 342
R
P 0x7f2a7c191628
U 2
P 0x7f2a7c19c108
P 0x7f2a7c19c128
p 2
C 65
= 0x7f2a7c1a2348
R
P 0x7f2a7c191628
C 342
R
P 0x7f2a7c191628
P 0x7f2a7c1a2348
C 257
R
P 0x7f2a7c191628
C 342
R
P 0x7f2a7c191628
P 0x7f2a7c1a2348
C 254
= 0x7f2a7c19b1e8
R
P 0x7f2a7c191628
C 342
R
P 0x7f2a7c191628
P 0x7f2a7c19b1e8
C 209
R
P 0x7f2a7c191628
C 342
R
P 0x7f2a7c191628
P 0x7f2a7c1a2348
C 260
R
P 0x7f2a7c191628
C 342
R
P 0x7f2a7c191628
P 0x7f2a7c1a2348
C 259
R
P 0x7f2a7c191628
C 342
R
P 0x7f2a7c191628
P 0x7f2a7c1a2348
C 258
R
P 0x7f2a7c191628
C 342
R
P 0x7f2a7c191628
P 0x7f2a7c1a2348
C 9
R
P 0x7f2a7c191628
C 342
R
P 0x7f2a7c191628
I 4
P 0x7f2a7c19b208
C 150
= 0x7f2a7c19c028
R
P 0x7f2a7c191628
C 342
R
P 0x7f2a7c191628
P 0x7f2a7c19c028
C 258
R
P 0x7f2a7c191628
C 342
R
P 0x7f2a7c191628
P 0x7f2a7c19c028
C 9
R
P 0x7f2a7c191628
C 342
R
P 0x7f2a7c191628
P 0x7f2a7c19c028
C 263
R
P 0x7f2a7c191628
C 342
R
P 0x7f2a7c191628
S "slot4Start"
C 30
R
P 0x7f2a7c191628
C 342
R
P 0x7f2a7c191628
$ |slot4Start|
C 202
R
P 0x7f2a7c191628
C 342
R
P 0x7f2a7c191628
$ |slot4Start|
P 0x7f2a7c19b1e8
C 51
= 0x7f2a7c19c048
R
P 0x7f2a7c191628
C 342
R
P 0x7f2a7c191628
P 0x7f2a7c19c048
C 257
R
P 0x7f2a7c191628
C 342
R
P 0x7f2a7c191628
P 0x7f2a7c19c048
C 254
= 0x7f2a7c19b1e8
R
P 0x7f2a7c191628
C 342
R
P 0x7f2a7c191628
P 0x7f2a7c19b1e8
C 209
R
P 0x7f2a7c191628
C 342
R
P 0x7f2a7c191628
P 0x7f2a7c19c048
C 260
R
P 0x7f2a7c191628
C 342
R
P 0x7f2a7c191628
P 0x7f2a7c19c048
C 259
R
P 0x7f2a7c191628
C 342
R
P 0x7f2a7c191628
P 0x7f2a7c19c048
C 258
R
P 0x7f2a7c191628
C 342
R
P 0x7f2a7c191628
P 0x7f2a7c19c048
C 9
R
P 0x7f2a7c191628
C 342
R
P 0x7f2a7c191628
I 4
P 0x7f2a7c19b208
C 150
= 0x7f2a7c19c028
R
P 0x7f2a7c191628
C 342
R
P 0x7f2a7c191628
P 0x7f2a7c19c028
C 258
R
P 0x7f2a7c191628
C 342
R
P 0x7f2a7c191628
P 0x7f2a7c19c028
C 9
R
P 0x7f2a7c191628
C 342
R
P 0x7f2a7c191628
P 0x7f2a7c19c028
C 263
R
P 0x7f2a7c191628
C 342
R
P 0x7f2a7c191628
S "slot4Duration"
C 30
R
P 0x7f2a7c191628
C 342
R
P 0x7f2a7c191628
$ |slot4Duration|
C 202
R
P 0x7f2a7c191628
C 342
R
P 0x7f2a7c191628
$ |slot4Duration|
P 0x7f2a7c19b1e8
C 51
= 0x7f2a7c19c068
R
P 0x7f2a7c191628
C 342
R
P 0x7f2a7c191628
P 0x7f2a7c19c068
C 257
R
P 0x7f2a7c191628
C 342
R
P 0x7f2a7c191628
P 0x7f2a7c19c068
C 254
= 0x7f2a7c19b1e8
R
P 0x7f2a7c191628
C 342
R
P 0x7f2a7c191628
P 0x7f2a7c19b1e8
C 209
R
P 0x7f2a7c191628
C 342
R
P 0x7f2a7c191628
P 0x7f2a7c19c068
C 260
R
P 0x7f2a7c191628
C 342
R
P 0x7f2a7c191628
P 0x7f2a7c19c068
C 259
R
P 0x7f2a7c191628
C 342
R
P 0x7f2a7c191628
P 0x7f2a7c19c068
C 258
R
P 0x7f2a7c191628
C 342
R
P 0x7f2a7c191628
P 0x7f2a7c19c068
C 9
R
P 0x7f2a7c191628
C 342
R
P 0x7f2a7c191628
U 2
P 0x7f2a7c19c048
P 0x7f2a7c19c068
p 2
C 65
= 0x7f2a7c1a20a8
R
P 0x7f2a7c191628
C 342
R
P 0x7f2a7c191628
P 0x7f2a7c1a20a8
C 257
R
P 0x7f2a7c191628
C 342
R
P 0x7f2a7c191628
P 0x7f2a7c1a20a8
C 254
= 0x7f2a7c19b1e8
R
P 0x7f2a7c191628
C 342
R
P 0x7f2a7c191628
P 0x7f2a7c19b1e8
C 209
R
P 0x7f2a7c191628
C 342
R
P 0x7f2a7c191628
P 0x7f2a7c1a20a8
C 260
R
P 0x7f2a7c191628
C 342
R
P 0x7f2a7c191628
P 0x7f2a7c1a20a8
C 259
R
P 0x7f2a7c191628
C 342
R
P 0x7f2a7c191628
P 0x7f2a7c1a20a8
C 258
R
P 0x7f2a7c191628
C 342
R
P 0x7f2a7c191628
P 0x7f2a7c1a20a8
C 9
R
P 0x7f2a7c191628
C 342
R
P 0x7f2a7c191628
P 0x7f2a7c1a2348
P 0x7f2a7c1a20a8
C 74
= 0x7f2a7c475900
R
P 0x7f2a7c191628
C 342
R
P 0x7f2a7c191628
P 0x7f2a7c475900
C 258
R
P 0x7f2a7c191628
C 342
R
P 0x7f2a7c191628
P 0x7f2a7c475900
C 9
R
P 0x7f2a7c191628
C 342
R
P 0x7f2a7c191628
U 2
P 0x7f2a7c478548
P 0x7f2a7c475900
p 2
C 63
= 0x7f2a7c475938
R
P 0x7f2a7c191628
C 342
R
P 0x7f2a7c191628
P 0x7f2a7c475938
C 258
R
P 0x7f2a7c191628
C 342
R
P 0x7f2a7c191628
P 0x7f2a7c475938
C 9
R
P 0x7f2a7c191628
C 342
R
P 0x7f2a7c191628
P 0x7f2a7c475938
C 58
= 0x7f2a7c473618
R
P 0x7f2a7c191628
C 342
R
P 0x7f2a7c191628
P 0x7f2a7c473618
C 258
R
P 0x7f2a7c191628
C 342
R
P 0x7f2a7c191628
P 0x7f2a7c473618
C 9
R
P 0x7f2a7c191628
C 342
R
P 0x7f2a7c191628
P 0x7f2a7c4733a8
P 0x7f2a7c473618
C 61
= 0x7f2a7c475970
R
P 0x7f2a7c191628
C 342
R
P 0x7f2a7c191628
P 0x7f2a7c475970
C 258
R
P 0x7f2a7c191628
C 342
R
P 0x7f2a7c191628
P 0x7f2a7c475970
C 9
R
P 0x7f2a7c191628
C 342
R
P 0x7f2a7c191628
P 0x7f2a7c1e1fc8
P 0x7f2a7c475970
C 427
R
P 0x7f2a7c191628
C 342
R
P 0x7f2a7c191628
I 6
P 0x7f2a7c19b208
C 150
= 0x7f2a7c19c0e8
R
P 0x7f2a7c191628
C 342
R
P 0x7f2a7c191628
P 0x7f2a7c19c0e8
C 258
R
P 0x7f2a7c191628
C 342
R
P 0x7f2a7c191628
P 0x7f2a7c19c0e8
C 9
R
P 0x7f2a7c191628
C 342
R
P 0x7f2a7c191628
I 5
P 0x7f2a7c19b208
C 150
= 0x7f2a7c19c088
R
P 0x7f2a7c191628
C 342
R
P 0x7f2a7c191628
P 0x7f2a7c19c088
C 258
R
P 0x7f2a7c191628
C 342
R
P 0x7f2a7c191628
P 0x7f2a7c19c088
C 9
R
P 0x7f2a7c191628
C 342
R
P 0x7f2a7c191628
P 0x7f2a7c19c0e8
P 0x7f2a7c19c088
C 56
= 0x7f2a7c4752e0
R
P 0x7f2a7c191628
C 342
R
P 0x7f2a7c191628
P 0x7f2a7c4752e0
C 258
R
P 0x7f2a7c191628
C 342
R
P 0x7f2a7c191628
P 0x7f2a7c4752e0
C 9
R
P 0x7f2a7c191628
C 342
R
P 0x7f2a7c191628
P 0x7f2a7c4752e0
C 58
= 0x7f2a7c473408
R
P 0x7f2a7c191628
C 342
R
P 0x7f2a7c191628
P 0x7f2a7c473408
C 258
R
P 0x7f2a7c191628
C 342
R
P 0x7f2a7c191628
P 0x7f2a7c473408
C 9
R
P 0x7f2a7c191628
C 342
R
P 0x7f2a7c191628
I 5
P 0x7f2a7c19b208
C 150
= 0x7f2a7c19c088
R
P 0x7f2a7c191628
C 342
R
P 0x7f2a7c191628
P 0x7f2a7c19c088
C 258
R
P 0x7f2a7c191628
C 342
R
P 0x7f2a7c191628
P 0x7f2a7c19c088
C 9
R
P 0x7f2a7c191628
C 342
R
P 0x7f2a7c191628
P 0x7f2a7c19c088
C 263
R
P 0x7f2a7c191628
C 342
R
P 0x7f2a7c191628
S "slot5Start"
C 30
R
P 0x7f2a7c191628
C 342
R
P 0x7f2a7c191628
$ |slot5Start|
C 202
R
P 0x7f2a7c191628
C 342
R
P 0x7f2a7c191628
$ |slot5Start|
P 0x7f2a7c19b1e8
C 51
= 0x7f2a7c19c0a8
R
P 0x7f2a7c191628
C 342
R
P 0x7f2a7c191628
P 0x7f2a7c19c0a8
C 257
R
P 0x7f2a7c191628
C 342
R
P 0x7f2a7c191628
P 0x7f2a7c19c0a8
C 254
= 0x7f2a7c19b1e8
R
P 0x7f2a7c191628
C 342
R
P 0x7f2a7c191628
P 0x7f2a7c19b1e8
C 209
R
P 0x7f2a7c191628
C 342
R
P 0x7f2a7c191628
P 0x7f2a7c19c0a8
C 260
R
P 0x7f2a7c191628
C 342
R
P 0x7f2a7c191628
P 0x7f2a7c19c0a8
C 259
R
P 0x7f2a7c191628
C 342
R
P 0x7f2a7c191628
P 0x7f2a7c19c0a8
C 258
R
P 0x7f2a7c191628
C 342
R
P 0x7f2a7c191628
P 0x7f2a7c19c0a8
C 9
R
P 0x7f2a7c191628
C 342
R
P 0x7f2a7c191628
I 6
P 0x7f2a7c19b208
C 150
= 0x7f2a7c19c0e8
R
P 0x7f2a7c191628
C 342
R
P 0x7f2a7c191628
P 0x7f2a7c19c0e8
C 258
R
P 0x7f2a7c191628
C 342
R
P 0x7f2a7c191628
P 0x7f2a7c19c0e8
C 9
R
P 0x7f2a7c191628
C 342
R
P 0x7f2a7c191628
P 0x7f2a7c19c0e8
C 263
R
P 0x7f2a7c191628
C 342
R
P 0x7f2a7c191628
S "slot6Start"
C 30
R
P 0x7f2a7c191628
C 342
R
P 0x7f2a7c191628
$ |slot6Start|
C 202
R
P 0x7f2a7c191628
C 342
R
P 0x7f2a7c191628
$ |slot6Start|
P 0x7f2a7c19b1e8
C 51
= 0x7f2a7c19c108
R
P 0x7f2a7c191628
C 342
R
P 0x7f2a7c191628
P 0x7f2a7c19c108
C 257
R
P 0x7f2a7c191628
C 342
R
P 0x7f2a7c191628
P 0x7f2a7c19c108
C 254
= 0x7f2a7c19b1e8
R
P 0x7f2a7c191628
C 342
R
P 0x7f2a7c191628
P 0x7f2a7c19b1e8
C 209
R
P 0x7f2a7c191628
C 342
R
P 0x7f2a7c191628
P 0x7f2a7c19c108
C 260
R
P 0x7f2a7c191628
C 342
R
P 0x7f2a7c191628
P 0x7f2a7c19c108
C 259
R
P 0x7f2a7c191628
C 342
R
P 0x7f2a7c191628
P 0x7f2a7c19c108
C 258
R
P 0x7f2a7c191628
C 342
R
P 0x7f2a7c191628
P 0x7f2a7c19c108
C 9
R
P 0x7f2a7c191628
C 342
R
P 0x7f2a7c191628
I 6
P 0x7f2a7c19b208
C 150
= 0x7f2a7c19c0e8
R
P 0x7f2a7c191628
C 342
R
P 0x7f2a7c191628
P 0x7f2a7c19c0e8
C 258
R
P 0x7f2a7c191628
C 342
R
P 0x7f2a7c191628
P 0x7f2a7c19c0e8
C 9
R
P 0x7f2a7c191628
C 342
R
P 0x7f2a7c191628
P 0x7f2a7c19c0e8
C 263
R
P 0x7f2a7c191628
C 342
R
P 0x7f2a7c191628
S "slot6Duration"
C 30
R
P 0x7f2a7c191628
C 342
R
P 0x7f2a7c191628
$ |slot6Duration|
C 202
R
P 0x7f2a7c191628
C 342
R
P 0x7f2a7c191628
$ |slot6Duration|
P 0x7f2a7c19b1e8
C 51
= 0x7f2a7c19c128
R
P 0x7f2a7c191628
C 342
R
P 0x7f2a7c191628
P 0x7f2a7c19c128
C 257
R
P 0x7f2a7c191628
C 342
R
P 0x7f2a7c191628
P 0x7f2a7c19c128
C 254
= 0x7f2a7c19b1e8
R
P 0x7f2a7c191628
C 342
R
P 0x7f2a7c191628
P 0x7f2a7c19b1e8
C 209
R
P 0x7f2a7c191628
C 342
R
P 0x7f2a7c191628
P 0x7f2a7c19c128
C 260
R
P 0x7f2a7c191628
C 342
R
P 0x7f2a7c191628
P 0x7f2a7c19c128
C 259
R
P 0x7f2a7c191628
C 342
R
P 0x7f2a7c191628
P 0x7f2a7c19c128
C 258
R
P 0x7f2a7c191628
C 342
R
P 0x7f2a7c191628
P 0x7f2a7c19c128
C 9
R
P 0x7f2a7c191628
C 342
R
P 0x7f2a7c191628
U 2
P 0x7f2a7c19c108
P 0x7f2a7c19c128
p 2
C 65
= 0x7f2a7c1a2348
R
P 0x7f2a7c191628
C 342
R
P 0x7f2a7c191628
P 0x7f2a7c1a2348
C 257
R
P 0x7f2a7c191628
C 342
R
P 0x7f2a7c191628
P 0x7f2a7c1a2348
C 254
= 0x7f2a7c19b1e8
R
P 0x7f2a7c191628
C 342
R
P 0x7f2a7c191628
P 0x7f2a7c19b1e8
C 209
R
P 0x7f2a7c191628
C 342
R
P 0x7f2a7c191628
P 0x7f2a7c1a2348
C 260
R
P 0x7f2a7c191628
C 342
R
P 0x7f2a7c191628
P 0x7f2a7c1a2348
C 259
R
P 0x7f2a7c191628
C 342
R
P 0x7f2a7c191628
P 0x7f2a7c1a2348
C 258
R
P 0x7f2a7c191628
C 342
R
P 0x7f2a7c191628
P 0x7f2a7c1a2348
C 9
R
P 0x7f2a7c191628
C 342
R
P 0x7f2a7c191628
P 0x7f2a7c19c0a8
P 0x7f2a7c1a2348
C 74
= 0x7f2a7c4794d0
R
P 0x7f2a7c191628
C 342
R
P 0x7f2a7c191628
P 0x7f2a7c4794d0
C 258
R
P 0x7f2a7c191628
C 342
R
P 0x7f2a7c191628
P 0x7f2a7c4794d0
C 9
R
P 0x7f2a7c191628
C 342
R
P 0x7f2a7c191628
I 6
P 0x7f2a7c19b208
C 150
= 0x7f2a7c19c0e8
R
P 0x7f2a7c191628
C 342
R
P 0x7f2a7c191628
P 0x7f2a7c19c0e8
C 258
R
P 0x7f2a7c191628
C 342
R
P 0x7f2a7c191628
P 0x7f2a7c19c0e8
C 9
R
P 0x7f2a7c191628
C 342
R
P 0x7f2a7c191628
P 0x7f2a7c19c0e8
C 263
R
P 0x7f2a7c191628
C 342
R
P 0x7f2a7c191628
S "slot6Start"
C 30
R
P 0x7f2a7c191628
C 342
R
P 0x7f2a7c191628
$ |slot6Start|
C 202
R
P 0x7f2a7c191628
C 342
R
P 0x7f2a7c191628
$ |slot6Start|
P 0x7f2a7c19b1e8
C 51
= 0x7f2a7c19c108
R
P 0x7f2a7c191628
C 342
R
P 0x7f2a7c191628
P 0x7f2a7c19c108
C 257
R
P 0x7f2a7c191628
C 342
R
P 0x7f2a7c191628
P 0x7f2a7c19c108
C 254
= 0x7f2a7c19b1e8
R
P 0x7f2a7c191628
C 342
R
P 0x7f2a7c191628
P 0x7f2a7c19b1e8
C 209
R
P 0x7f2a7c191628
C 342
R
P 0x7f2a7c191628
P 0x7f2a7c19c108
C 260
R
P 0x7f2a7c191628
C 342
R
P 0x7f2a7c191628
P 0x7f2a7c19c108
C 259
R
P 0x7f2a7c191628
C 342
R
P 0x7f2a7c191628
P 0x7f2a7c19c108
C 258
R
P 0x7f2a7c191628
C 342
R
P 0x7f2a7c191628
P 0x7f2a7c19c108
C 9
R
P 0x7f2a7c191628
C 342
R
P 0x7f2a7c191628
I 6
P 0x7f2a7c19b208
C 150
= 0x7f2a7c19c0e8
R
P 0x7f2a7c191628
C 342
R
P 0x7f2a7c191628
P 0x7f2a7c19c0e8
C 258
R
P 0x7f2a7c191628
C 342
R
P 0x7f2a7c191628
P 0x7f2a7c19c0e8
C 9
R
P 0x7f2a7c191628
C 342
R
P 0x7f2a7c191628
P 0x7f2a7c19c0e8
C 263
R
P 0x7f2a7c191628
C 342
R
P 0x7f2a7c191628
S "slot6Duration"
C 30
R
P 0x7f2a7c191628
C 342
R
P 0x7f2a7c191628
$ |slot6Duration|
C 202
R
P 0x7f2a7c191628
C 342
R
P 0x7f2a7c191628
$ |slot6Duration|
P 0x7f2a7c19b1e8
C 51
= 0x7f2a7c19c128
R
P 0x7f2a7c191628
C 342
R
P 0x7f2a7c191628
P 0x7f2a7c19c128
C 257
R
P 0x7f2a7c191628
C 342
R
P 0x7f2a7c191628
P 0x7f2a7c19c128
C 254
= 0x7f2a7c19b1e8
R
P 0x7f2a7c191628
C 342
R
P 0x7f2a7c191628
P 0x7f2a7c19b1e8
C 209
R
P 0x7f2a7c191628
C 342
R
P 0x7f2a7c191628
P 0x7f2a7c19c128
C 260
R
P 0x7f2a7c191628
C 342
R
P 0x7f2a7c191628
P 0x7f2a7c19c128
C 259
R
P 0x7f2a7c191628
C 342
R
P 0x7f2a7c191628
P 0x7f2a7c19c128
C 258
R
P 0x7f2a7c191628
C 342
R
P 0x7f2a7c191628
P 0x7f2a7c19c128
C 9
R
P 0x7f2a7c191628
C 342
R
P 0x7f2a7c191628
U 2
P 0x7f2a7c19c108
P 0x7f2a7c19c128
p 2
C 65
= 0x7f2a7c1a2348
R
P 0x7f2a7c191628
C 342
R
P 0x7f2a7c191628
P 0x7f2a7c1a2348
C 257
R
P 0x7f2a7c191628
C 342
R
P 0x7f2a7c191628
P 0x7f2a7c1a2348
C 254
= 0x7f2a7c19b1e8
R
P 0x7f2a7c191628
C 342
R
P 0x7f2a7c191628
P 0x7f2a7c19b1e8
C 209
R
P 0x7f2a7c191628
C 342
R
P 0x7f2a7c191628
P 0x7f2a7c1a2348
C 260
R
P 0x7f2a7c191628
C 342
R
P 0x7f2a7c191628
P 0x7f2a7c1a2348
C 259
R
P 0x7f2a7c191628
C 342
R
P 0x7f2a7c191628
P 0x7f2a7c1a2348
C 258
R
P 0x7f2a7c191628
C 342
R
P 0x7f2a7c191628
P 0x7f2a7c1a2348
C 9
R
P 0x7f2a7c191628
C 342
R
P 0x7f2a7c191628
I 5
P 0x7f2a7c19b208
C 150
= 0x7f2a7c19c088
R
P 0x7f2a7c191628
C 342
R
P 0x7f2a7c191628
P 0x7f2a7c19c088
C 258
R
P 0x7f2a7c191628
C 342
R
P 0x7f2a7c191628
P 0x7f2a7c19c088
C 9
R
P 0x7f2a7c191628
C 342
R
P 0x7f2a7c191628
P 0x7f2a7c19c088
C 263
R
P 0x7f2a7c191628
C 342
R
P 0x7f2a7c191628
S "slot5Start"
C 30
R
P 0x7f2a7c191628
C 342
R
P 0x7f2a7c191628
$ |slot5Start|
C 202
R
P 0x7f2a7c191628
C 342
R
P 0x7f2a7c191628
$ |slot5Start|
P 0x7f2a7c19b1e8
C 51
= 0x7f2a7c19c0a8
R
P 0x7f2a7c191628
C 342
R
P 0x7f2a7c191628
P 0x7f2a7c19c0a8
C 257
R
P 0x7f2a7c191628
C 342
R
P 0x7f2a7c191628
P 0x7f2a7c19c0a8
C 254
= 0x7f2a7c19b1e8
R
P 0x7f2a7c191628
C 342
R
P 0x7f2a7c191628
P 0x7f2a7c19b1e8
C 209
R
P 0x7f2a7c191628
C 342
R
P 0x7f2a7c191628
P 0x7f2a7c19c0a8
C 260
R
P 0x7f2a7c191628
C 342
R
P 0x7f2a7c191628
P 0x7f2a7c19c0a8
C 259
R
P 0x7f2a7c191628
C 342
R
P 0x7f2a7c191628
P 0x7f2a7c19c0a8
C 258
R
P 0x7f2a7c191628
C 342
R
P 0x7f2a7c191628
P 0x7f2a7c19c0a8
C 9
R
P 0x7f2a7c191628
C 342
R
P 0x7f2a7c191628
I 5
P 0x7f2a7c19b208
C 150
= 0x7f2a7c19c088
R
P 0x7f2a7c191628
C 342
R
P 0x7f2a7c191628
P 0x7f2a7c19c088
C 258
R
P 0x7f2a7c191628
C 342
R
P 0x7f2a7c191628
P 0x7f2a7c19c088
C 9
R
P 0x7f2a7c191628
C 342
R
P 0x7f2a7c191628
P 0x7f2a7c19c088
C 263
R
P 0x7f2a7c191628
C 342
R
P 0x7f2a7c191628
S "slot5Duration"
C 30
R
P 0x7f2a7c191628
C 342
R
P 0x7f2a7c191628
$ |slot5Duration|
C 202
R
P 0x7f2a7c191628
C 342
R
P 0x7f2a7c191628
$ |slot5Duration|
P 0x7f2a7c19b1e8
C 51
= 0x7f2a7c19c0c8
R
P 0x7f2a7c191628
C 342
R
P 0x7f2a7c191628
P 0x7f2a7c19c0c8
C 257
R
P 0x7f2a7c191628
C 342
R
P 0x7f2a7c191628
P 0x7f2a7c19c0c8
C 254
= 0x7f2a7c19b1e8
R
P 0x7f2a7c191628
C 342
R
P 0x7f2a7c191628
P 0x7f2a7c19b1e8
C 209
R
P 0x7f2a7c191628
C 342
R
P 0x7f2a7c191628
P 0x7f2a7c19c0c8
C 260
R
P 0x7f2a7c191628
C 342
R
P 0x7f2a7c191628
P 0x7f2a7c19c0c8
C 259
R
P 0x7f2a7c191628
C 342
R
P 0x7f2a7c191628
P 0x7f2a7c19c0c8
C 258
R
P 0x7f2a7c191628
C 342
R
P 0x7f2a7c191628
P 0x7f2a7c19c0c8
C 9
R
P 0x7f2a7c191628
C 342
R
P 0x7f2a7c191628
U 2
P 0x7f2a7c19c0a8
P 0x7f2a7c19c0c8
p 2
C 65
= 0x7f2a7c1a21f8
R
P 0x7f2a7c191628
C 342
R
P 0x7f2a7c191628
P 0x7f2a7c1a21f8
C 257
R
P 0x7f2a7c191628
C 342
R
P 0x7f2a7c191628
P 0x7f2a7c1a21f8
C 254
= 0x7f2a7c19b1e8
R
P 0x7f2a7c191628
C 342
R
P 0x7f2a7c191628
P 0x7f2a7c19b1e8
C 209
R
P 0x7f2a7c191628
C 342
R
P 0x7f2a7c191628
P 0x7f2a7c1a21f8
C 260
R
P 0x7f2a7c191628
C 342
R
P 0x7f2a7c191628
P 0x7f2a7c1a21f8
C 259
R
P 0x7f2a7c191628
C 342
R
P 0x7f2a7c191628
P 0x7f2a7c1a21f8
C 258
R
P 0x7f2a7c191628
C 342
R
P 0x7f2a7c191628
P 0x7f2a7c1a21f8
C 9
R
P 0x7f2a7c191628
C 342
R
P 0x7f2a7c191628
P 0x7f2a7c1a2348
P 0x7f2a7c1a21f8
C 74
= 0x7f2a7c4759a8
R
P 0x7f2a7c191628
C 342
R
P 0x7f2a7c191628
P 0x7f2a7c4759a8
C 258
R
P 0x7f2a7c191628
C 342
R
P 0x7f2a7c191628
P 0x7f2a7c4759a8
C 9
R
P 0x7f2a7c191628
C 342
R
P 0x7f2a7c191628
U 2
P 0x7f2a7c4794d0
P 0x7f2a7c4759a8
p 2
C 63
= 0x7f2a7c4759e0
R
P 0x7f2a7c191628
C 342
R
P 0x7f2a7c191628
P 0x7f2a7c4759e0
C 258
R
P 0x7f2a7c191628
C 342
R
P 0x7f2a7c191628
P 0x7f2a7c4759e0
C 9
R
P 0x7f2a7c191628
C 342
R
P 0x7f2a7c191628
P 0x7f2a7c4759e0
C 58
= 0x7f2a7c473648
R
P 0x7f2a7c191628
C 342
R
P 0x7f2a7c191628
P 0x7f2a7c473648
C 258
R
P 0x7f2a7c191628
C 342
R
P 0x7f2a7c191628
P 0x7f2a7c473648
C 9
R
P 0x7f2a7c191628
C 342
R
P 0x7f2a7c191628
P 0x7f2a7c473408
P 0x7f2a7c473648
C 61
= 0x7f2a7c475a18
R
P 0x7f2a7c191628
C 342
R
P 0x7f2a7c191628
P 0x7f2a7c475a18
C 258
R
P 0x7f2a7c191628
C 342
R
P 0x7f2a7c191628
P 0x7f2a7c475a18
C 9
R
P 0x7f2a7c191628
C 342
R
P 0x7f2a7c191628
P 0x7f2a7c1e1fc8
P 0x7f2a7c475a18
C 427
R
P 0x7f2a7c191628
C 342
R
P 0x7f2a7c191628
I 6
P 0x7f2a7c19b208
C 150
= 0x7f2a7c19c0e8
R
P 0x7f2a7c191628
C 342
R
P 0x7f2a7c191628
P 0x7f2a7c19c0e8
C 258
R
P 0x7f2a7c191628
C 342
R
P 0x7f2a7c191628
P 0x7f2a7c19c0e8
C 9
R
P 0x7f2a7c191628
C 342
R
P 0x7f2a7c191628
I 6
P 0x7f2a7c19b208
C 150
= 0x7f2a7c19c0e8
R
P 0x7f2a7c191628
C 342
R
P 0x7f2a7c191628
P 0x7f2a7c19c0e8
C 258
R
P 0x7f2a7c191628
C 342
R
P 0x7f2a7c191628
P 0x7f2a7c19c0e8
C 9
R
P 0x7f2a7c191628
C 342
R
P 0x7f2a7c191628
P 0x7f2a7c19c0e8
P 0x7f2a7c19c0e8
C 56
= 0x7f2a7c4753c0
R
P 0x7f2a7c191628
C 342
R
P 0x7f2a7c191628
P 0x7f2a7c4753c0
C 258
R
P 0x7f2a7c191628
C 342
R
P 0x7f2a7c191628
P 0x7f2a7c4753c0
C 9
R
P 0x7f2a7c191628
C 342
R
P 0x7f2a7c191628
P 0x7f2a7c4753c0
C 58
= 0x7f2a7c473468
R
P 0x7f2a7c191628
C 342
R
P 0x7f2a7c191628
P 0x7f2a7c473468
C 258
R
P 0x7f2a7c191628
C 342
R
P 0x7f2a7c191628
P 0x7f2a7c473468
C 9
R
P 0x7f2a7c191628
C 342
R
P 0x7f2a7c191628
I 6
P 0x7f2a7c19b208
C 150
= 0x7f2a7c19c0e8
R
P 0x7f2a7c191628
C 342
R
P 0x7f2a7c191628
P 0x7f2a7c19c0e8
C 258
R
P 0x7f2a7c191628
C 342
R
P 0x7f2a7c191628
P 0x7f2a7c19c0e8
C 9
R
P 0x7f2a7c191628
C 342
R
P 0x7f2a7c191628
P 0x7f2a7c19c0e8
C 263
R
P 0x7f2a7c191628
C 342
R
P 0x7f2a7c191628
S "slot6Start"
C 30
R
P 0x7f2a7c191628
C 342
R
P 0x7f2a7c191628
$ |slot6Start|
C 202
R
P 0x7f2a7c191628
C 342
R
P 0x7f2a7c191628
$ |slot6Start|
P 0x7f2a7c19b1e8
C 51
= 0x7f2a7c19c108
R
P 0x7f2a7c191628
C 342
R
P 0x7f2a7c191628
P 0x7f2a7c19c108
C 257
R
P 0x7f2a7c191628
C 342
R
P 0x7f2a7c191628
P 0x7f2a7c19c108
C 254
= 0x7f2a7c19b1e8
R
P 0x7f2a7c191628
C 342
R
P 0x7f2a7c191628
P 0x7f2a7c19b1e8
C 209
R
P 0x7f2a7c191628
C 342
R
P 0x7f2a7c191628
P 0x7f2a7c19c108
C 260
R
P 0x7f2a7c191628
C 342
R
P 0x7f2a7c191628
P 0x7f2a7c19c108
C 259
R
P 0x7f2a7c191628
C 342
R
P 0x7f2a7c191628
P 0x7f2a7c19c108
C 258
R
P 0x7f2a7c191628
C 342
R
P 0x7f2a7c191628
P 0x7f2a7c19c108
C 9
R
P 0x7f2a7c191628
C 342
R
P 0x7f2a7c191628
I 6
P 0x7f2a7c19b208
C 150
= 0x7f2a7c19c0e8
R
P 0x7f2a7c191628
C 342
R
P 0x7f2a7c191628
P 0x7f2a7c19c0e8
C 258
R
P 0x7f2a7c191628
C 342
R
P 0x7f2a7c191628
P 0x7f2a7c19c0e8
C 9
R
P 0x7f2a7c191628
C 342
R
P 0x7f2a7c191628
P 0x7f2a7c19c0e8
C 263
R
P 0x7f2a7c191628
C 342
R
P 0x7f2a7c191628
S "slot6Start"
C 30
R
P 0x7f2a7c191628
C 342
R
P 0x7f2a7c191628
$ |slot6Start|
C 202
R
P 0x7f2a7c191628
C 342
R
P 0x7f2a7c191628
$ |slot6Start|
P 0x7f2a7c19b1e8
C 51
= 0x7f2a7c19c108
R
P 0x7f2a7c191628
C 342
R
P 0x7f2a7c191628
P 0x7f2a7c19c108
C 257
R
P 0x7f2a7c191628
C 342
R
P 0x7f2a7c191628
P 0x7f2a7c19c108
C 254
= 0x7f2a7c19b1e8
R
P 0x7f2a7c191628
C 342
R
P 0x7f2a7c191628
P 0x7f2a7c19b1e8
C 209
R
P 0x7f2a7c191628
C 342
R
P 0x7f2a7c191628
P 0x7f2a7c19c108
C 260
R
P 0x7f2a7c191628
C 342
R
P 0x7f2a7c191628
P 0x7f2a7c19c108
C 259
R
P 0x7f2a7c191628
C 342
R
P 0x7f2a7c191628
P 0x7f2a7c19c108
C 258
R
P 0x7f2a7c191628
C 342
R
P 0x7f2a7c191628
P 0x7f2a7c19c108
C 9
R
P 0x7f2a7c191628
C 342
R
P 0x7f2a7c191628
I 6
P 0x7f2a7c19b208
C 150
= 0x7f2a7c19c0e8
R
P 0x7f2a7c191628
C 342
R
P 0x7f2a7c191628
P 0x7f2a7c19c0e8
C 258
R
P 0x7f2a7c191628
C 342
R
P 0x7f2a7c191628
P 0x7f2a7c19c0e8
C 9
R
P 0x7f2a7c191628
C 342
R
P 0x7f2a7c191628
P 0x7f2a7c19c0e8
C 263
R
P 0x7f2a7c191628
C 342
R
P 0x7f2a7c191628
S "slot6Duration"
C 30
R
P 0x7f2a7c191628
C 342
R
P 0x7f2a7c191628
$ |slot6Duration|
C 202
R
P 0x7f2a7c191628
C 342
R
P 0x7f2a7c191628
$ |slot6Duration|
P 0x7f2a7c19b1e8
C 51
= 0x7f2a7c19c128
R
P 0x7f2a7c191628
C 342
R
P 0x7f2a7c191628
P 0x7f2a7c19c128
C 257
R
P 0x7f2a7c191628
C 342
R
P 0x7f2a7c191628
P 0x7f2a7c19c128
C 254
= 0x7f2a7c19b1e8
R
P 0x7f2a7c191628
C 342
R
P 0x7f2a7c191628
P 0x7f2a7c19b1e8
C 209
R
P 0x7f2a7c191628
C 342
R
P 0x7f2a7c191628
P 0x7f2a7c19c128
C 260
R
P 0x7f2a7c191628
C 342
R
P 0x7f2a7c191628
P 0x7f2a7c19c128
C 259
R
P 0x7f2a7c191628
C 342
R
P 0x7f2a7c191628
P 0x7f2a7c19c128
C 258
R
P 0x7f2a7c191628
C 342
R
P 0x7f2a7c191628
P 0x7f2a7c19c128
C 9
R
P 0x7f2a7c191628
C 342
R
P 0x7f2a7c191628
U 2
P 0x7f2a7c19c108
P 0x7f2a7c19c128
p 2
C 65
= 0x7f2a7c1a2348
R
P 0x7f2a7c191628
C 342
R
P 0x7f2a7c191628
P 0x7f2a7c1a2348
C 257
R
P 0x7f2a7c191628
C 342
R
P 0x7f2a7c191628
P 0x7f2a7c1a2348
C 254
= 0x7f2a7c19b1e8
R
P 0x7f2a7c191628
C 342
R
P 0x7f2a7c191628
P 0x7f2a7c19b1e8
C 209
R
P 0x7f2a7c191628
C 342
R
P 0x7f2a7c191628
P 0x7f2a7c1a2348
C 260
R
P 0x7f2a7c191628
C 342
R
P 0x7f2a7c191628
P 0x7f2a7c1a2348
C 259
R
P 0x7f2a7c191628
C 342
R
P 0x7f2a7c191628
P 0x7f2a7c1a2348
C 258
R
P 0x7f2a7c191628
C 342
R
P 0x7f2a7c191628
P 0x7f2a7c1a2348
C 9
R
P 0x7f2a7c191628
C 342
R
P 0x7f2a7c191628
P 0x7f2a7c19c108
P 0x7f2a7c1a2348
C 74
= 0x7f2a7c475430
R
P 0x7f2a7c191628
C 342
R
P 0x7f2a7c191628
P 0x7f2a7c475430
C 258
R
P 0x7f2a7c191628
C 342
R
P 0x7f2a7c191628
P 0x7f2a7c475430
C 9
R
P 0x7f2a7c191628
C 342
R
P 0x7f2a7c191628
I 6
P 0x7f2a7c19b208
C 150
= 0x7f2a7c19c0e8
R
P 0x7f2a7c191628
C 342
R
P 0x7f2a7c191628
P 0x7f2a7c19c0e8
C 258
R
P 0x7f2a7c191628
C 342
R
P 0x7f2a7c191628
P 0x7f2a7c19c0e8
C 9
R
P 0x7f2a7c191628
C 342
R
P 0x7f2a7c191628
P 0x7f2a7c19c0e8
C 263
R
P 0x7f2a7c191628
C 342
R
P 0x7f2a7c191628
S "slot6Start"
C 30
R
P 0x7f2a7c191628
C 342
R
P 0x7f2a7c191628
$ |slot6Start|
C 202
R
P 0x7f2a7c191628
C 342
R
P 0x7f2a7c191628
$ |slot6Start|
P 0x7f2a7c19b1e8
C 51
= 0x7f2a7c19c108
R
P 0x7f2a7c191628
C 342
R
P 0x7f2a7c191628
P 0x7f2a7c19c108
C 257
R
P 0x7f2a7c191628
C 342
R
P 0x7f2a7c191628
P 0x7f2a7c19c108
C 254
= 0x7f2a7c19b1e8
R
P 0x7f2a7c191628
C 342
R
P 0x7f2a7c191628
P 0x7f2a7c19b1e8
C 209
R
P 0x7f2a7c191628
C 342
R
P 0x7f2a7c191628
P 0x7f2a7c19c108
C 260
R
P 0x7f2a7c191628
C 342
R
P 0x7f2a7c191628
P 0x7f2a7c19c108
C 259
R
P 0x7f2a7c191628
C 342
R
P 0x7f2a7c191628
P 0x7f2a7c19c108
C 258
R
P 0x7f2a7c191628
C 342
R
P 0x7f2a7c191628
P 0x7f2a7c19c108
C 9
R
P 0x7f2a7c191628
C 342
R
P 0x7f2a7c191628
I 6
P 0x7f2a7c19b208
C 150
= 0x7f2a7c19c0e8
R
P 0x7f2a7c191628
C 342
R
P 0x7f2a7c191628
P 0x7f2a7c19c0e8
C 258
R
P 0x7f2a7c191628
C 342
R
P 0x7f2a7c191628
P 0x7f2a7c19c0e8
C 9
R
P 0x7f2a7c191628
C 342
R
P 0x7f2a7c191628
P 0x7f2a7c19c0e8
C 263
R
P 0x7f2a7c191628
C 342
R
P 0x7f2a7c191628
S "slot6Duration"
C 30
R
P 0x7f2a7c191628
C 342
R
P 0x7f2a7c191628
$ |slot6Duration|
C 202
R
P 0x7f2a7c191628
C 342
R
P 0x7f2a7c191628
$ |slot6Duration|
P 0x7f2a7c19b1e8
C 51
= 0x7f2a7c19c128
R
P 0x7f2a7c191628
C 342
R
P 0x7f2a7c191628
P 0x7f2a7c19c128
C 257
R
P 0x7f2a7c191628
C 342
R
P 0x7f2a7c191628
P 0x7f2a7c19c128
C 254
= 0x7f2a7c19b1e8
R
P 0x7f2a7c191628
C 342
R
P 0x7f2a7c191628
P 0x7f2a7c19b1e8
C 209
R
P 0x7f2a7c191628
C 342
R
P 0x7f2a7c191628
P 0x7f2a7c19c128
C 260
R
P 0x7f2a7c191628
C 342
R
P 0x7f2a7c191628
P 0x7f2a7c19c128
C 259
R
P 0x7f2a7c191628
C 342
R
P 0x7f2a7c191628
P 0x7f2a7c19c128
C 258
R
P 0x7f2a7c191628
C 342
R
P 0x7f2a7c191628
P 0x7f2a7c19c128
C 9
R
P 0x7f2a7c191628
C 342
R
P 0x7f2a7c191628
U 2
P 0x7f2a7c19c108
P 0x7f2a7c19c128
p 2
C 65
= 0x7f2a7c1a2348
R
P 0x7f2a7c191628
C 342
R
P 0x7f2a7c191628
P 0x7f2a7c1a2348
C 257
R
P 0x7f2a7c191628
C 342
R
P 0x7f2a7c191628
P 0x7f2a7c1a2348
C 254
= 0x7f2a7c19b1e8
R
P 0x7f2a7c191628
C 342
R
P 0x7f2a7c191628
P 0x7f2a7c19b1e8
C 209
R
P 0x7f2a7c191628
C 342
R
P 0x7f2a7c191628
P 0x7f2a7c1a2348
C 260
R
P 0x7f2a7c191628
C 342
R
P 0x7f2a7c191628
P 0x7f2a7c1a2348
C 259
R
P 0x7f2a7c191628
C 342
R
P 0x7f2a7c191628
P 0x7f2a7c1a2348
C 258
R
P 0x7f2a7c191628
C 342
R
P 0x7f2a7c191628
P 0x7f2a7c1a2348
C 9
R
P 0x7f2a7c191628
C 342
R
P 0x7f2a7c191628
I 6
P 0x7f2a7c19b208
C 150
= 0x7f2a7c19c0e8
R
P 0x7f2a7c191628
C 342
R
P 0x7f2a7c191628
P 0x7f2a7c19c0e8
C 258
R
P 0x7f2a7c191628
C 342
R
P 0x7f2a7c191628
P 0x7f2a7c19c0e8
C 9
R
P 0x7f2a7c191628
C 342
R
P 0x7f2a7c191628
P 0x7f2a7c19c0e8
C 263
R
P 0x7f2a7c191628
C 342
R
P 0x7f2a7c191628
S "slot6Start"
C 30
R
P 0x7f2a7c191628
C 342
R
P 0x7f2a7c191628
$ |slot6Start|
C 202
R
P 0x7f2a7c191628
C 342
R
P 0x7f2a7c191628
$ |slot6Start|
P 0x7f2a7c19b1e8
C 51
= 0x7f2a7c19c108
R
P 0x7f2a7c191628
C 342
R
P 0x7f2a7c191628
P 0x7f2a7c19c108
C 257
R
P 0x7f2a7c191628
C 342
R
P 0x7f2a7c191628
P 0x7f2a7c19c108
C 254
= 0x7f2a7c19b1e8
R
P 0x7f2a7c191628
C 342
R
P 0x7f2a7c191628
P 0x7f2a7c19b1e8
C 209
R
P 0x7f2a7c191628
C 342
R
P 0x7f2a7c191628
P 0x7f2a7c19c108
C 260
R
P 0x7f2a7c191628
C 342
R
P 0x7f2a7c191628
P 0x7f2a7c19c108
C 259
R
P 0x7f2a7c191628
C 342
R
P 0x7f2a7c191628
P 0x7f2a7c19c108
C 258
R
P 0x7f2a7c191628
C 342
R
P 0x7f2a7c191628
P 0x7f2a7c19c108
C 9
R
P 0x7f2a7c191628
C 342
R
P 0x7f2a7c191628
I 6
P 0x7f2a7c19b208
C 150
= 0x7f2a7c19c0e8
R
P 0x7f2a7c191628
C 342
R
P 0x7f2a7c191628
P 0x7f2a7c19c0e8
C 258
R
P 0x7f2a7c191628
C 342
R
P 0x7f2a7c191628
P 0x7f2a7c19c0e8
C 9
R
P 0x7f2a7c191628
C 342
R
P 0x7f2a7c191628
P 0x7f2a7c19c0e8
C 263
R
P 0x7f2a7c191628
C 342
R
P 0x7f2a7c191628
S "slot6Duration"
C 30
R
P 0x7f2a7c191628
C 342
R
P 0x7f2a7c191628
$ |slot6Duration|
C 202
R
P 0x7f2a7c191628
C 342
R
P 0x7f2a7c191628
$ |slot6Duration|
P 0x7f2a7c19b1e8
C 51
= 0x7f2a7c19c128
R
P 0x7f2a7c191628
C 342
R
P 0x7f2a7c191628
P 0x7f2a7c19c128
C 257
R
P 0x7f2a7c191628
C 342
R
P 0x7f2a7c191628
P 0x7f2a7c19c128
C 254
= 0x7f2a7c19b1e8
R
P 0x7f2a7c191628
C 342
R
P 0x7f2a7c191628
P 0x7f2a7c19b1e8
C 209
R
P 0x7f2a7c191628
C 342
R
P 0x7f2a7c191628
P 0x7f2a7c19c128
C 260
R
P 0x7f2a7c191628
C 342
R
P 0x7f2a7c191628
P 0x7f2a7c19c128
C 259
R
P 0x7f2a7c191628
C 342
R
P 0x7f2a7c191628
P 0x7f2a7c19c128
C 258
R
P 0x7f2a7c191628
C 342
R
P 0x7f2a7c191628
P 0x7f2a7c19c128
C 9
R
P 0x7f2a7c191628
C 342
R
P 0x7f2a7c191628
U 2
P 0x7f2a7c19c108
P 0x7f2a7c19c128
p 2
C 65
= 0x7f2a7c1a2348
R
P 0x7f2a7c191628
C 342
R
P 0x7f2a7c191628
P 0x7f2a7c1a2348
C 257
R
P 0x7f2a7c191628
C 342
R
P 0x7f2a7c191628
P 0x7f2a7c1a2348
C 254
= 0x7f2a7c19b1e8
R
P 0x7f2a7c191628
C 342
R
P 0x7f2a7c191628
P 0x7f2a7c19b1e8
C 209
R
P 0x7f2a7c191628
C 342
R
P 0x7f2a7c191628
P 0x7f2a7c1a2348
C 260
R
P 0x7f2a7c191628
C 342
R
P 0x7f2a7c191628
P 0x7f2a7c1a2348
C 259
R
P 0x7f2a7c191628
C 342
R
P 0x7f2a7c191628
P 0x7f2a7c1a2348
C 258
R
P 0x7f2a7c191628
C 342
R
P 0x7f2a7c191628
P 0x7f2a7c1a2348
C 9
R
P 0x7f2a7c191628
C 342
R
P 0x7f2a7c191628
P 0x7f2a7c1a2348
P 0x7f2a7c1a2348
C 74
= 0x7f2a7c475a50
R
P 0x7f2a7c191628
C 342
R
P 0x7f2a7c191628
P 0x7f2a7c475a50
C 258
R
P 0x7f2a7c191628
C 342
R
P 0x7f2a7c191628
P 0x7f2a7c475a50
C 9
R
P 0x7f2a7c191628
C 342
R
P 0x7f2a7c191628
U 2
P 0x7f2a7c475430
P 0x7f2a7c475a50
p 2
C 63
= 0x7f2a7c475a88
R
P 0x7f2a7c191628
C 342
R
P 0x7f2a7c191628
P 0x7f2a7c475a88
C 258
R
P 0x7f2a7c191628
C 342
R
P 0x7f2a7c191628
P 0x7f2a7c475a88
C 9
R
P 0x7f2a7c191628
C 342
R
P 0x7f2a7c191628
P 0x7f2a7c475a88
C 58
= 0x7f2a7c473678
R
P 0x7f2a7c191628
C 342
R
P 0x7f2a7c191628
P 0x7f2a7c473678
C 258
R
P 0x7f2a7c191628
C 342
R
P 0x7f2a7c191628
P 0x7f2a7c473678
C 9
R
P 0x7f2a7c191628
C 342
R
P 0x7f2a7c191628
P 0x7f2a7c473468
P 0x7f2a7c473678
C 61
= 0x7f2a7c475ac0
R
P 0x7f2a7c191628
C 342
R
P 0x7f2a7c191628
P 0x7f2a7c475ac0
C 258
R
P 0x7f2a7c191628
C 342
R
P 0x7f2a7c191628
P 0x7f2a7c475ac0
C 9
R
P 0x7f2a7c191628
C 342
R
P 0x7f2a7c191628
P 0x7f2a7c1e1fc8
P 0x7f2a7c475ac0
C 427
R
P 0x7f2a7c191628
C 342
R
P 0x7f2a7c191628
I 6
P 0x7f2a7c19b208
C 150
= 0x7f2a7c19c0e8
R
P 0x7f2a7c191628
C 342
R
P 0x7f2a7c191628
P 0x7f2a7c19c0e8
C 258
R
P 0x7f2a7c191628
C 342
R
P 0x7f2a7c191628
P 0x7f2a7c19c0e8
C 9
R
P 0x7f2a7c191628
C 342
R
P 0x7f2a7c191628
I 7
P 0x7f2a7c19b208
C 150
= 0x7f2a7c19c148
R
P 0x7f2a7c191628
C 342
R
P 0x7f2a7c191628
P 0x7f2a7c19c148
C 258
R
P 0x7f2a7c191628
C 342
R
P 0x7f2a7c191628
P 0x7f2a7c19c148
C 9
R
P 0x7f2a7c191628
C 342
R
P 0x7f2a7c191628
P 0x7f2a7c19c0e8
P 0x7f2a7c19c148
C 56
= 0x7f2a7c4754d8
R
P 0x7f2a7c191628
C 342
R
P 0x7f2a7c191628
P 0x7f2a7c4754d8
C 258
R
P 0x7f2a7c191628
C 342
R
P 0x7f2a7c191628
P 0x7f2a7c4754d8
C 9
R
P 0x7f2a7c191628
C 342
R
P 0x7f2a7c191628
P 0x7f2a7c4754d8
C 58
= 0x7f2a7c4734c8
R
P 0x7f2a7c191628
C 342
R
P 0x7f2a7c191628
P 0x7f2a7c4734c8
C 258
R
P 0x7f2a7c191628
C 342
R
P 0x7f2a7c191628
P 0x7f2a7c4734c8
C 9
R
P 0x7f2a7c191628
C 342
R
P 0x7f2a7c191628
I 7
P 0x7f2a7c19b208
C 150
= 0x7f2a7c19c148
R
P 0x7f2a7c191628
C 342
R
P 0x7f2a7c191628
P 0x7f2a7c19c148
C 258
R
P 0x7f2a7c191628
C 342
R
P 0x7f2a7c191628
P 0x7f2a7c19c148
C 9
R
P 0x7f2a7c191628
C 342
R
P 0x7f2a7c191628
P 0x7f2a7c19c148
C 263
R
P 0x7f2a7c191628
C 342
R
P 0x7f2a7c191628
S "slot7Start"
C 30
R
P 0x7f2a7c191628
C 342
R
P 0x7f2a7c191628
$ |slot7Start|
C 202
R
P 0x7f2a7c191628
C 342
R
P 0x7f2a7c191628
$ |slot7Start|
P 0x7f2a7c19b1e8
C 51
= 0x7f2a7c19c168
R
P 0x7f2a7c191628
C 342
R
P 0x7f2a7c191628
P 0x7f2a7c19c168
C 257
R
P 0x7f2a7c191628
C 342
R
P 0x7f2a7c191628
P 0x7f2a7c19c168
C 254
= 0x7f2a7c19b1e8
R
P 0x7f2a7c191628
C 342
R
P 0x7f2a7c191628
P 0x7f2a7c19b1e8
C 209
R
P 0x7f2a7c191628
C 342
R
P 0x7f2a7c191628
P 0x7f2a7c19c168
C 260
R
P 0x7f2a7c191628
C 342
R
P 0x7f2a7c191628
P 0x7f2a7c19c168
C 259
R
P 0x7f2a7c191628
C 342
R
P 0x7f2a7c191628
P 0x7f2a7c19c168
C 258
R
P 0x7f2a7c191628
C 342
R
P 0x7f2a7c191628
P 0x7f2a7c19c168
C 9
R
P 0x7f2a7c191628
C 342
R
P 0x7f2a7c191628
I 6
P 0x7f2a7c19b208
C 150
= 0x7f2a7c19c0e8
R
P 0x7f2a7c191628
C 342
R
P 0x7f2a7c191628
P 0x7f2a7c19c0e8
C 258
R
P 0x7f2a7c191628
C 342
R
P 0x7f2a7c191628
P 0x7f2a7c19c0e8
C 9
R
P 0x7f2a7c191628
C 342
R
P 0x7f2a7c191628
P 0x7f2a7c19c0e8
C 263
R
P 0x7f2a7c191628
C 342
R
P 0x7f2a7c191628
S "slot6Start"
C 30
R
P 0x7f2a7c191628
C 342
R
P 0x7f2a7c191628
$ |slot6Start|
C 202
R
P 0x7f2a7c191628
C 342
R
P 0x7f2a7c191628
$ |slot6Start|
P 0x7f2a7c19b1e8
C 51
= 0x7f2a7c19c108
R
P 0x7f2a7c191628
C 342
R
P 0x7f2a7c191628
P 0x7f2a7c19c108
C 257
R
P 0x7f2a7c191628
C 342
R
P 0x7f2a7c191628
P 0x7f2a7c19c108
C 254
= 0x7f2a7c19b1e8
R
P 0x7f2a7c191628
C 342
R
P 0x7f2a7c191628
P 0x7f2a7c19b1e8
C 209
R
P 0x7f2a7c191628
C 342
R
P 0x7f2a7c191628
P 0x7f2a7c19c108
C 260
R
P 0x7f2a7c191628
C 342
R
P 0x7f2a7c191628
P 0x7f2a7c19c108
C 259
R
P 0x7f2a7c191628
C 342
R
P 0x7f2a7c191628
P 0x7f2a7c19c108
C 258
R
P 0x7f2a7c191628
C 342
R
P 0x7f2a7c191628
P 0x7f2a7c19c108
C 9
R
P 0x7f2a7c191628
C 342
R
P 0x7f2a7c191628
I 6
P 0x7f2a7c19b208
C 150
= 0x7f2a7c19c0e8
R
P 0x7f2a7c191628
C 342
R
P 0x7f2a7c191628
P 0x7f2a7c19c0e8
C 258
R
P 0x7f2a7c191628
C 342
R
P 0x7f2a7c191628
P 0x7f2a7c19c0e8
C 9
R
P 0x7f2a7c191628
C 342
R
P 0x7f2a7c191628
P 0x7f2a7c19c0e8
C 263
R
P 0x7f2a7c191628
C 342
R
P 0x7f2a7c191628
S "slot6Duration"
C 30
R
P 0x7f2a7c191628
C 342
R
P 0x7f2a7c191628
$ |slot6Duration|
C 202
R
P 0x7f2a7c191628
C 342
R
P 0x7f2a7c191628
$ |slot6Duration|
P 0x7f2a7c19b1e8
C 51
= 0x7f2a7c19c128
R
P 0x7f2a7c191628
C 342
R
P 0x7f2a7c191628
P 0x7f2a7c19c128
C 257
R
P 0x7f2a7c191628
C 342
R
P 0x7f2a7c191628
P 0x7f2a7c19c128
C 254
= 0x7f2a7c19b1e8
R
P 0x7f2a7c191628
C 342
R
P 0x7f2a7c191628
P 0x7f2a7c19b1e8
C 209
R
P 0x7f2a7c191628
C 342
R
P 0x7f2a7c191628
P 0x7f2a7c19c128
C 260
R
P 0x7f2a7c191628
C 342
R
P 0x7f2a7c191628
P 0x7f2a7c19c128
C 259
R
P 0x7f2a7c191628
C 342
R
P 0x7f2a7c191628
P 0x7f2a7c19c128
C 258
R
P 0x7f2a7c191628
C 342
R
P 0x7f2a7c191628
P 0x7f2a7c19c128
C 9
R
P 0x7f2a7c191628
C 342
R
P 0x7f2a7c191628
U 2
P 0x7f2a7c19c108
P 0x7f2a7c19c128
p 2
C 65
= 0x7f2a7c1a2348
R
P 0x7f2a7c191628
C 342
R
P 0x7f2a7c191628
P 0x7f2a7c1a2348
C 257
R
P 0x7f2a7c191628
C 342
R
P 0x7f2a7c191628
P 0x7f2a7c1a2348
C 254
= 0x7f2a7c19b1e8
R
P 0x7f2a7c191628
C 342
R
P 0x7f2a7c191628
P 0x7f2a7c19b1e8
C 209
R
P 0x7f2a7c191628
C 342
R
P 0x7f2a7c191628
P 0x7f2a7c1a2348
C 260
R
P 0x7f2a7c191628
C 342
R
P 0x7f2a7c191628
P 0x7f2a7c1a2348
C 259
R
P 0x7f2a7c191628
C 342
R
P 0x7f2a7c191628
P 0x7f2a7c1a2348
C 258
R
P 0x7f2a7c191628
C 342
R
P 0x7f2a7c191628
P 0x7f2a7c1a2348
C 9
R
P 0x7f2a7c191628
C 342
R
P 0x7f2a7c191628
P 0x7f2a7c19c168
P 0x7f2a7c1a2348
C 74
= 0x7f2a7c475af8
R
P 0x7f2a7c191628
C 342
R
P 0x7f2a7c191628
P 0x7f2a7c475af8
C 258
R
P 0x7f2a7c191628
C 342
R
P 0x7f2a7c191628
P 0x7f2a7c475af8
C 9
R
P 0x7f2a7c191628
C 342
R
P 0x7f2a7c191628
I 6
P 0x7f2a7c19b208
C 150
= 0x7f2a7c19c0e8
R
P 0x7f2a7c191628
C 342
R
P 0x7f2a7c191628
P 0x7f2a7c19c0e8
C 258
R
P 0x7f2a7c191628
C 342
R
P 0x7f2a7c191628
P 0x7f2a7c19c0e8
C 9
R
P 0x7f2a7c191628
C 342
R
P 0x7f2a7c191628
P 0x7f2a7c19c0e8
C 263
R
P 0x7f2a7c191628
C 342
R
P 0x7f2a7c191628
S "slot6Start"
C 30
R
P 0x7f2a7c191628
C 342
R
P 0x7f2a7c191628
$ |slot6Start|
C 202
R
P 0x7f2a7c191628
C 342
R
P 0x7f2a7c191628
$ |slot6Start|
P 0x7f2a7c19b1e8
C 51
= 0x7f2a7c19c108
R
P 0x7f2a7c191628
C 342
R
P 0x7f2a7c191628
P 0x7f2a7c19c108
C 257
R
P 0x7f2a7c191628
C 342
R
P 0x7f2a7c191628
P 0x7f2a7c19c108
C 254
= 0x7f2a7c19b1e8
R
P 0x7f2a7c191628
C 342
R
P 0x7f2a7c191628
P 0x7f2a7c19b1e8
C 209
R
P 0x7f2a7c191628
C 342
R
P 0x7f2a7c191628
P 0x7f2a7c19c108
C 260
R
P 0x7f2a7c191628
C 342
R
P 0x7f2a7c191628
P 0x7f2a7c19c108
C 259
R
P 0x7f2a7c191628
C 342
R
P 0x7f2a7c191628
P 0x7f2a7c19c108
C 258
R
P 0x7f2a7c191628
C 342
R
P 0x7f2a7c191628
P 0x7f2a7c19c108
C 9
R
P 0x7f2a7c191628
C 342
R
P 0x7f2a7c191628
I 6
P 0x7f2a7c19b208
C 150
= 0x7f2a7c19c0e8
R
P 0x7f2a7c191628
C 342
R
P 0x7f2a7c191628
P 0x7f2a7c19c0e8
C 258
R
P 0x7f2a7c191628
C 342
R
P 0x7f2a7c191628
P 0x7f2a7c19c0e8
C 9
R
P 0x7f2a7c191628
C 342
R
P 0x7f2a7c191628
P 0x7f2a7c19c0e8
C 263
R
P 0x7f2a7c191628
C 342
R
P 0x7f2a7c191628
S "slot6Duration"
C 30
R
P 0x7f2a7c191628
C 342
R
P 0x7f2a7c191628
$ |slot6Duration|
C 202
R
P 0x7f2a7c191628
C 342
R
P 0x7f2a7c191628
$ |slot6Duration|
P 0x7f2a7c19b1e8
C 51
= 0x7f2a7c19c128
R
P 0x7f2a7c191628
C 342
R
P 0x7f2a7c191628
P 0x7f2a7c19c128
C 257
R
P 0x7f2a7c191628
C 342
R
P 0x7f2a7c191628
P 0x7f2a7c19c128
C 254
= 0x7f2a7c19b1e8
R
P 0x7f2a7c191628
C 342
R
P 0x7f2a7c191628
P 0x7f2a7c19b1e8
C 209
R
P 0x7f2a7c191628
C 342
R
P 0x7f2a7c191628
P 0x7f2a7c19c128
C 260
R
P 0x7f2a7c191628
C 342
R
P 0x7f2a7c191628
P 0x7f2a7c19c128
C 259
R
P 0x7f2a7c191628
C 342
R
P 0x7f2a7c191628
P 0x7f2a7c19c128
C 258
R
P 0x7f2a7c191628
C 342
R
P 0x7f2a7c191628
P 0x7f2a7c19c128
C 9
R
P 0x7f2a7c191628
C 342
R
P 0x7f2a7c191628
U 2
P 0x7f2a7c19c108
P 0x7f2a7c19c128
p 2
C 65
= 0x7f2a7c1a2348
R
P 0x7f2a7c191628
C 342
R
P 0x7f2a7c191628
P 0x7f2a7c1a2348
C 257
R
P 0x7f2a7c191628
C 342
R
P 0x7f2a7c191628
P 0x7f2a7c1a2348
C 254
= 0x7f2a7c19b1e8
R
P 0x7f2a7c191628
C 342
R
P 0x7f2a7c191628
P 0x7f2a7c19b1e8
C 209
R
P 0x7f2a7c191628
C 342
R
P 0x7f2a7c191628
P 0x7f2a7c1a2348
C 260
R
P 0x7f2a7c191628
C 342
R
P 0x7f2a7c191628
P 0x7f2a7c1a2348
C 259
R
P 0x7f2a7c191628
C 342
R
P 0x7f2a7c191628
P 0x7f2a7c1a2348
C 258
R
P 0x7f2a7c191628
C 342
R
P 0x7f2a7c191628
P 0x7f2a7c1a2348
C 9
R
P 0x7f2a7c191628
C 342
R
P 0x7f2a7c191628
I 7
P 0x7f2a7c19b208
C 150
= 0x7f2a7c19c148
R
P 0x7f2a7c191628
C 342
R
P 0x7f2a7c191628
P 0x7f2a7c19c148
C 258
R
P 0x7f2a7c191628
C 342
R
P 0x7f2a7c191628
P 0x7f2a7c19c148
C 9
R
P 0x7f2a7c191628
C 342
R
P 0x7f2a7c191628
P 0x7f2a7c19c148
C 263
R
P 0x7f2a7c191628
C 342
R
P 0x7f2a7c191628
S "slot7Start"
C 30
R
P 0x7f2a7c191628
C 342
R
P 0x7f2a7c191628
$ |slot7Start|
C 202
R
P 0x7f2a7c191628
C 342
R
P 0x7f2a7c191628
$ |slot7Start|
P 0x7f2a7c19b1e8
C 51
= 0x7f2a7c19c168
R
P 0x7f2a7c191628
C 342
R
P 0x7f2a7c191628
P 0x7f2a7c19c168
C 257
R
P 0x7f2a7c191628
C 342
R
P 0x7f2a7c191628
P 0x7f2a7c19c168
C 254
= 0x7f2a7c19b1e8
R
P 0x7f2a7c191628
C 342
R
P 0x7f2a7c191628
P 0x7f2a7c19b1e8
C 209
R
P 0x7f2a7c191628
C 342
R
P 0x7f2a7c191628
P 0x7f2a7c19c168
C 260
R
P 0x7f2a7c191628
C 342
R
P 0x7f2a7c191628
P 0x7f2a7c19c168
C 259
R
P 0x7f2a7c191628
C 342
R
P 0x7f2a7c191628
P 0x7f2a7c19c168
C 258
R
P 0x7f2a7c191628
C 342
R
P 0x7f2a7c191628
P 0x7f2a7c19c168
C 9
R
P 0x7f2a7c191628
C 342
R
P 0x7f2a7c191628
I 7
P 0x7f2a7c19b208
C 150
= 0x7f2a7c19c148
R
P 0x7f2a7c191628
C 342
R
P 0x7f2a7c191628
P 0x7f2a7c19c148
C 258
R
P 0x7f2a7c191628
C 342
R
P 0x7f2a7c191628
P 0x7f2a7c19c148
C 9
R
P 0x7f2a7c191628
C 342
R
P 0x7f2a7c191628
P 0x7f2a7c19c148
C 263
R
P 0x7f2a7c191628
C 342
R
P 0x7f2a7c191628
S "slot7Duration"
C 30
R
P 0x7f2a7c191628
C 342
R
P 0x7f2a7c191628
$ |slot7Duration|
C 202
R
P 0x7f2a7c191628
C 342
R
P 0x7f2a7c191628
$ |slot7Duration|
P 0x7f2a7c19b1e8
C 51
= 0x7f2a7c19c188
R
P 0x7f2a7c191628
C 342
R
P 0x7f2a7c191628
P 0x7f2a7c19c188
C 257
R
P 0x7f2a7c191628
C 342
R
P 0x7f2a7c191628
P 0x7f2a7c19c188
C 254
= 0x7f2a7c19b1e8
R
P 0x7f2a7c191628
C 342
R
P 0x7f2a7c191628
P 0x7f2a7c19b1e8
C 209
R
P 0x7f2a7c191628
C 342
R
P 0x7f2a7c191628
P 0x7f2a7c19c188
C 260
R
P 0x7f2a7c191628
C 342
R
P 0x7f2a7c191628
P 0x7f2a7c19c188
C 259
R
P 0x7f2a7c191628
C 342
R
P 0x7f2a7c191628
P 0x7f2a7c19c188
C 258
R
P 0x7f2a7c191628
C 342
R
P 0x7f2a7c191628
P 0x7f2a7c19c188
C 9
R
P 0x7f2a7c191628
C 342
R
P 0x7f2a7c191628
U 2
P 0x7f2a7c19c168
P 0x7f2a7c19c188
p 2
C 65
= 0x7f2a7c1a2498
R
P 0x7f2a7c191628
C 342
R
P 0x7f2a7c191628
P 0x7f2a7c1a2498
C 257
R
P 0x7f2a7c191628
C 342
R
P 0x7f2a7c191628
P 0x7f2a7c1a2498
C 254
= 0x7f2a7c19b1e8
R
P 0x7f2a7c191628
C 342
R
P 0x7f2a7c191628
P 0x7f2a7c19b1e8
C 209
R
P 0x7f2a7c191628
C 342
R
P 0x7f2a7c191628
P 0x7f2a7c1a2498
C 260
R
P 0x7f2a7c191628
C 342
R
P 0x7f2a7c191628
P 0x7f2a7c1a2498
C 259
R
P 0x7f2a7c191628
C 342
R
P 0x7f2a7c191628
P 0x7f2a7c1a2498
C 258
R
P 0x7f2a7c191628
C 342
R
P 0x7f2a7c191628
P 0x7f2a7c1a2498
C 9
R
P 0x7f2a7c191628
C 342
R
P 0x7f2a7c191628
P 0x7f2a7c1a2348
P 0x7f2a7c1a2498
C 74
= 0x7f2a7c475b30
R
P 0x7f2a7c191628
C 342
R
P 0x7f2a7c191628
P 0x7f2a7c475b30
C 258
R
P 0x7f2a7c191628
C 342
R
P 0x7f2a7c191628
P 0x7f2a7c475b30
C 9
R
P 0x7f2a7c191628
C 342
R
P 0x7f2a7c191628
U 2
P 0x7f2a7c475af8
P 0x7f2a7c475b30
p 2
C 63
= 0x7f2a7c475b68
R
P 0x7f2a7c191628
C 342
R
P 0x7f2a7c191628
P 0x7f2a7c475b68
C 258
R
P 0x7f2a7c191628
C 342
R
P 0x7f2a7c191628
P 0x7f2a7c475b68
C 9
R
P 0x7f2a7c191628
C 342
R
P 0x7f2a7c191628
P 0x7f2a7c475b68
C 58
= 0x7f2a7c4736a8
R
P 0x7f2a7c191628
C 342
R
P 0x7f2a7c191628
P 0x7f2a7c4736a8
C 258
R
P 0x7f2a7c191628
C 342
R
P 0x7f2a7c191628
P 0x7f2a7c4736a8
C 9
R
P 0x7f2a7c191628
C 342
R
P 0x7f2a7c191628
P 0x7f2a7c4734c8
P 0x7f2a7c4736a8
C 61
= 0x7f2a7c475ba0
R
P 0x7f2a7c191628
C 342
R
P 0x7f2a7c191628
P 0x7f2a7c475ba0
C 258
R
P 0x7f2a7c191628
C 342
R
P 0x7f2a7c191628
P 0x7f2a7c475ba0
C 9
R
P 0x7f2a7c191628
C 342
R
P 0x7f2a7c191628
P 0x7f2a7c1e1fc8
P 0x7f2a7c475ba0
C 427
R
P 0x7f2a7c191628
C 342
R
P 0x7f2a7c191628
I 6
P 0x7f2a7c19b208
C 150
= 0x7f2a7c19c0e8
R
P 0x7f2a7c191628
C 342
R
P 0x7f2a7c191628
P 0x7f2a7c19c0e8
C 258
R
P 0x7f2a7c191628
C 342
R
P 0x7f2a7c191628
P 0x7f2a7c19c0e8
C 9
R
P 0x7f2a7c191628
C 342
R
P 0x7f2a7c191628
I 8
P 0x7f2a7c19b208
C 150
= 0x7f2a7c19c1a8
R
P 0x7f2a7c191628
C 342
R
P 0x7f2a7c191628
P 0x7f2a7c19c1a8
C 258
R
P 0x7f2a7c191628
C 342
R
P 0x7f2a7c191628
P 0x7f2a7c19c1a8
C 9
R
P 0x7f2a7c191628
C 342
R
P 0x7f2a7c191628
P 0x7f2a7c19c0e8
P 0x7f2a7c19c1a8
C 56
= 0x7f2a7c4755f0
R
P 0x7f2a7c191628
C 342
R
P 0x7f2a7c191628
P 0x7f2a7c4755f0
C 258
R
P 0x7f2a7c191628
C 342
R
P 0x7f2a7c191628
P 0x7f2a7c4755f0
C 9
R
P 0x7f2a7c191628
C 342
R
P 0x7f2a7c191628
P 0x7f2a7c4755f0
C 58
= 0x7f2a7c473528
R
P 0x7f2a7c191628
C 342
R
P 0x7f2a7c191628
P 0x7f2a7c473528
C 258
R
P 0x7f2a7c191628
C 342
R
P 0x7f2a7c191628
P 0x7f2a7c473528
C 9
R
P 0x7f2a7c191628
C 342
R
P 0x7f2a7c191628
I 8
P 0x7f2a7c19b208
C 150
= 0x7f2a7c19c1a8
R
P 0x7f2a7c191628
C 342
R
P 0x7f2a7c191628
P 0x7f2a7c19c1a8
C 258
R
P 0x7f2a7c191628
C 342
R
P 0x7f2a7c191628
P 0x7f2a7c19c1a8
C 9
R
P 0x7f2a7c191628
C 342
R
P 0x7f2a7c191628
P 0x7f2a7c19c1a8
C 263
R
P 0x7f2a7c191628
C 342
R
P 0x7f2a7c191628
S "slot8Start"
C 30
R
P 0x7f2a7c191628
C 342
R
P 0x7f2a7c191628
$ |slot8Start|
C 202
R
P 0x7f2a7c191628
C 342
R
P 0x7f2a7c191628
$ |slot8Start|
P 0x7f2a7c19b1e8
C 51
= 0x7f2a7c19c1c8
R
P 0x7f2a7c191628
C 342
R
P 0x7f2a7c191628
P 0x7f2a7c19c1c8
C 257
R
P 0x7f2a7c191628
C 342
R
P 0x7f2a7c191628
P 0x7f2a7c19c1c8
C 254
= 0x7f2a7c19b1e8
R
P 0x7f2a7c191628
C 342
R
P 0x7f2a7c191628
P 0x7f2a7c19b1e8
C 209
R
P 0x7f2a7c191628
C 342
R
P 0x7f2a7c191628
P 0x7f2a7c19c1c8
C 260
R
P 0x7f2a7c191628
C 342
R
P 0x7f2a7c191628
P 0x7f2a7c19c1c8
C 259
R
P 0x7f2a7c191628
C 342
R
P 0x7f2a7c191628
P 0x7f2a7c19c1c8
C 258
R
P 0x7f2a7c191628
C 342
R
P 0x7f2a7c191628
P 0x7f2a7c19c1c8
C 9
R
P 0x7f2a7c191628
C 342
R
P 0x7f2a7c191628
I 6
P 0x7f2a7c19b208
C 150
= 0x7f2a7c19c0e8
R
P 0x7f2a7c191628
C 342
R
P 0x7f2a7c191628
P 0x7f2a7c19c0e8
C 258
R
P 0x7f2a7c191628
C 342
R
P 0x7f2a7c191628
P 0x7f2a7c19c0e8
C 9
R
P 0x7f2a7c191628
C 342
R
P 0x7f2a7c191628
P 0x7f2a7c19c0e8
C 263
R
P 0x7f2a7c191628
C 342
R
P 0x7f2a7c191628
S "slot6Start"
C 30
R
P 0x7f2a7c191628
C 342
R
P 0x7f2a7c191628
$ |slot6Start|
C 202
R
P 0x7f2a7c191628
C 342
R
P 0x7f2a7c191628
$ |slot6Start|
P 0x7f2a7c19b1e8
C 51
= 0x7f2a7c19c108
R
P 0x7f2a7c191628
C 342
R
P 0x7f2a7c191628
P 0x7f2a7c19c108
C 257
R
P 0x7f2a7c191628
C 342
R
P 0x7f2a7c191628
P 0x7f2a7c19c108
C 254
= 0x7f2a7c19b1e8
R
P 0x7f2a7c191628
C 342
R
P 0x7f2a7c191628
P 0x7f2a7c19b1e8
C 209
R
P 0x7f2a7c191628
C 342
R
P 0x7f2a7c191628
P 0x7f2a7c19c108
C 260
R
P 0x7f2a7c191628
C 342
R
P 0x7f2a7c191628
P 0x7f2a7c19c108
C 259
R
P 0x7f2a7c191628
C 342
R
P 0x7f2a7c191628
P 0x7f2a7c19c108
C 258
R
P 0x7f2a7c191628
C 342
R
P 0x7f2a7c191628
P 0x7f2a7c19c108
C 9
R
P 0x7f2a7c191628
C 342
R
P 0x7f2a7c191628
I 6
P 0x7f2a7c19b208
C 150
= 0x7f2a7c19c0e8
R
P 0x7f2a7c191628
C 342
R
P 0x7f2a7c191628
P 0x7f2a7c19c0e8
C 258
R
P 0x7f2a7c191628
C 342
R
P 0x7f2a7c191628
P 0x7f2a7c19c0e8
C 9
R
P 0x7f2a7c191628
C 342
R
P 0x7f2a7c191628
P 0x7f2a7c19c0e8
C 263
R
P 0x7f2a7c191628
C 342
R
P 0x7f2a7c191628
S "slot6Duration"
C 30
R
P 0x7f2a7c191628
C 342
R
P 0x7f2a7c191628
$ |slot6Duration|
C 202
R
P 0x7f2a7c191628
C 342
R
P 0x7f2a7c191628
$ |slot6Duration|
P 0x7f2a7c19b1e8
C 51
= 0x7f2a7c19c128
R
P 0x7f2a7c191628
C 342
R
P 0x7f2a7c191628
P 0x7f2a7c19c128
C 257
R
P 0x7f2a7c191628
C 342
R
P 0x7f2a7c191628
P 0x7f2a7c19c128
C 254
= 0x7f2a7c19b1e8
R
P 0x7f2a7c191628
C 342
R
P 0x7f2a7c191628
P 0x7f2a7c19b1e8
C 209
R
P 0x7f2a7c191628
C 342
R
P 0x7f2a7c191628
P 0x7f2a7c19c128
C 260
R
P 0x7f2a7c191628
C 342
R
P 0x7f2a7c191628
P 0x7f2a7c19c128
C 259
R
P 0x7f2a7c191628
C 342
R
P 0x7f2a7c191628
P 0x7f2a7c19c128
C 258
R
P 0x7f2a7c191628
C 342
R
P 0x7f2a7c191628
P 0x7f2a7c19c128
C 9
R
P 0x7f2a7c191628
C 342
R
P 0x7f2a7c191628
U 2
P 0x7f2a7c19c108
P 0x7f2a7c19c128
p 2
C 65
= 0x7f2a7c1a2348
R
P 0x7f2a7c191628
C 342
R
P 0x7f2a7c191628
P 0x7f2a7c1a2348
C 257
R
P 0x7f2a7c191628
C 342
R
P 0x7f2a7c191628
P 0x7f2a7c1a2348
C 254
= 0x7f2a7c19b1e8
R
P 0x7f2a7c191628
C 342
R
P 0x7f2a7c191628
P 0x7f2a7c19b1e8
C 209
R
P 0x7f2a7c191628
C 342
R
P 0x7f2a7c191628
P 0x7f2a7c1a2348
C 260
R
P 0x7f2a7c191628
C 342
R
P 0x7f2a7c191628
P 0x7f2a7c1a2348
C 259
R
P 0x7f2a7c191628
C 342
R
P 0x7f2a7c191628
P 0x7f2a7c1a2348
C 258
R
P 0x7f2a7c191628
C 342
R
P 0x7f2a7c191628
P 0x7f2a7c1a2348
C 9
R
P 0x7f2a7c191628
C 342
R
P 0x7f2a7c191628
P 0x7f2a7c19c1c8
P 0x7f2a7c1a2348
C 74
= 0x7f2a7c475bd8
R
P 0x7f2a7c191628
C 342
R
P 0x7f2a7c191628
P 0x7f2a7c475bd8
C 258
R
P 0x7f2a7c191628
C 342
R
P 0x7f2a7c191628
P 0x7f2a7c475bd8
C 9
R
P 0x7f2a7c191628
C 342
R
P 0x7f2a7c191628
I 6
P 0x7f2a7c19b208
C 150
= 0x7f2a7c19c0e8
R
P 0x7f2a7c191628
C 342
R
P 0x7f2a7c191628
P 0x7f2a7c19c0e8
C 258
R
P 0x7f2a7c191628
C 342
R
P 0x7f2a7c191628
P 0x7f2a7c19c0e8
C 9
R
P 0x7f2a7c191628
C 342
R
P 0x7f2a7c191628
P 0x7f2a7c19c0e8
C 263
R
P 0x7f2a7c191628
C 342
R
P 0x7f2a7c191628
S "slot6Start"
C 30
R
P 0x7f2a7c191628
C 342
R
P 0x7f2a7c191628
$ |slot6Start|
C 202
R
P 0x7f2a7c191628
C 342
R
P 0x7f2a7c191628
$ |slot6Start|
P 0x7f2a7c19b1e8
C 51
= 0x7f2a7c19c108
R
P 0x7f2a7c191628
C 342
R
P 0x7f2a7c191628
P 0x7f2a7c19c108
C 257
R
P 0x7f2a7c191628
C 342
R
P 0x7f2a7c191628
P 0x7f2a7c19c108
C 254
= 0x7f2a7c19b1e8
R
P 0x7f2a7c191628
C 342
R
P 0x7f2a7c191628
P 0x7f2a7c19b1e8
C 209
R
P 0x7f2a7c191628
C 342
R
P 0x7f2a7c191628
P 0x7f2a7c19c108
C 260
R
P 0x7f2a7c191628
C 342
R
P 0x7f2a7c191628
P 0x7f2a7c19c108
C 259
R
P 0x7f2a7c191628
C 342
R
P 0x7f2a7c191628
P 0x7f2a7c19c108
C 258
R
P 0x7f2a7c191628
C 342
R
P 0x7f2a7c191628
P 0x7f2a7c19c108
C 9
R
P 0x7f2a7c191628
C 342
R
P 0x7f2a7c191628
I 6
P 0x7f2a7c19b208
C 150
= 0x7f2a7c19c0e8
R
P 0x7f2a7c191628
C 342
R
P 0x7f2a7c191628
P 0x7f2a7c19c0e8
C 258
R
P 0x7f2a7c191628
C 342
R
P 0x7f2a7c191628
P 0x7f2a7c19c0e8
C 9
R
P 0x7f2a7c191628
C 342
R
P 0x7f2a7c191628
P 0x7f2a7c19c0e8
C 263
R
P 0x7f2a7c191628
C 342
R
P 0x7f2a7c191628
S "slot6Duration"
C 30
R
P 0x7f2a7c191628
C 342
R
P 0x7f2a7c191628
$ |slot6Duration|
C 202
R
P 0x7f2a7c191628
C 342
R
P 0x7f2a7c191628
$ |slot6Duration|
P 0x7f2a7c19b1e8
C 51
= 0x7f2a7c19c128
R
P 0x7f2a7c191628
C 342
R
P 0x7f2a7c191628
P 0x7f2a7c19c128
C 257
R
P 0x7f2a7c191628
C 342
R
P 0x7f2a7c191628
P 0x7f2a7c19c128
C 254
= 0x7f2a7c19b1e8
R
P 0x7f2a7c191628
C 342
R
P 0x7f2a7c191628
P 0x7f2a7c19b1e8
C 209
R
P 0x7f2a7c191628
C 342
R
P 0x7f2a7c191628
P 0x7f2a7c19c128
C 260
R
P 0x7f2a7c191628
C 342
R
P 0x7f2a7c191628
P 0x7f2a7c19c128
C 259
R
P 0x7f2a7c191628
C 342
R
P 0x7f2a7c191628
P 0x7f2a7c19c128
C 258
R
P 0x7f2a7c191628
C 342
R
P 0x7f2a7c191628
P 0x7f2a7c19c128
C 9
R
P 0x7f2a7c191628
C 342
R
P 0x7f2a7c191628
U 2
P 0x7f2a7c19c108
P 0x7f2a7c19c128
p 2
C 65
= 0x7f2a7c1a2348
R
P 0x7f2a7c191628
C 342
R
P 0x7f2a7c191628
P 0x7f2a7c1a2348
C 257
R
P 0x7f2a7c191628
C 342
R
P 0x7f2a7c191628
P 0x7f2a7c1a2348
C 254
= 0x7f2a7c19b1e8
R
P 0x7f2a7c191628
C 342
R
P 0x7f2a7c191628
P 0x7f2a7c19b1e8
C 209
R
P 0x7f2a7c191628
C 342
R
P 0x7f2a7c191628
P 0x7f2a7c1a2348
C 260
R
P 0x7f2a7c191628
C 342
R
P 0x7f2a7c191628
P 0x7f2a7c1a2348
C 259
R
P 0x7f2a7c191628
C 342
R
P 0x7f2a7c191628
P 0x7f2a7c1a2348
C 258
R
P 0x7f2a7c191628
C 342
R
P 0x7f2a7c191628
P 0x7f2a7c1a2348
C 9
R
P 0x7f2a7c191628
C 342
R
P 0x7f2a7c191628
I 8
P 0x7f2a7c19b208
C 150
= 0x7f2a7c19c1a8
R
P 0x7f2a7c191628
C 342
R
P 0x7f2a7c191628
P 0x7f2a7c19c1a8
C 258
R
P 0x7f2a7c191628
C 342
R
P 0x7f2a7c191628
P 0x7f2a7c19c1a8
C 9
R
P 0x7f2a7c191628
C 342
R
P 0x7f2a7c191628
P 0x7f2a7c19c1a8
C 263
R
P 0x7f2a7c191628
C 342
R
P 0x7f2a7c191628
S "slot8Start"
C 30
R
P 0x7f2a7c191628
C 342
R
P 0x7f2a7c191628
$ |slot8Start|
C 202
R
P 0x7f2a7c191628
C 342
R
P 0x7f2a7c191628
$ |slot8Start|
P 0x7f2a7c19b1e8
C 51
= 0x7f2a7c19c1c8
R
P 0x7f2a7c191628
C 342
R
P 0x7f2a7c191628
P 0x7f2a7c19c1c8
C 257
R
P 0x7f2a7c191628
C 342
R
P 0x7f2a7c191628
P 0x7f2a7c19c1c8
C 254
= 0x7f2a7c19b1e8
R
P 0x7f2a7c191628
C 342
R
P 0x7f2a7c191628
P 0x7f2a7c19b1e8
C 209
R
P 0x7f2a7c191628
C 342
R
P 0x7f2a7c191628
P 0x7f2a7c19c1c8
C 260
R
P 0x7f2a7c191628
C 342
R
P 0x7f2a7c191628
P 0x7f2a7c19c1c8
C 259
R
P 0x7f2a7c191628
C 342
R
P 0x7f2a7c191628
P 0x7f2a7c19c1c8
C 258
R
P 0x7f2a7c191628
C 342
R
P 0x7f2a7c191628
P 0x7f2a7c19c1c8
C 9
R
P 0x7f2a7c191628
C 342
R
P 0x7f2a7c191628
I 8
P 0x7f2a7c19b208
C 150
= 0x7f2a7c19c1a8
R
P 0x7f2a7c191628
C 342
R
P 0x7f2a7c191628
P 0x7f2a7c19c1a8
C 258
R
P 0x7f2a7c191628
C 342
R
P 0x7f2a7c191628
P 0x7f2a7c19c1a8
C 9
R
P 0x7f2a7c191628
C 342
R
P 0x7f2a7c191628
P 0x7f2a7c19c1a8
C 263
R
P 0x7f2a7c191628
C 342
R
P 0x7f2a7c191628
S "slot8Duration"
C 30
R
P 0x7f2a7c191628
C 342
R
P 0x7f2a7c191628
$ |slot8Duration|
C 202
R
P 0x7f2a7c191628
C 342
R
P 0x7f2a7c191628
$ |slot8Duration|
P 0x7f2a7c19b1e8
C 51
= 0x7f2a7c19c1e8
R
P 0x7f2a7c191628
C 342
R
P 0x7f2a7c191628
P 0x7f2a7c19c1e8
C 257
R
P 0x7f2a7c191628
C 342
R
P 0x7f2a7c191628
P 0x7f2a7c19c1e8
C 254
= 0x7f2a7c19b1e8
R
P 0x7f2a7c191628
C 342
R
P 0x7f2a7c191628
P 0x7f2a7c19b1e8
C 209
R
P 0x7f2a7c191628
C 342
R
P 0x7f2a7c191628
P 0x7f2a7c19c1e8
C 260
R
P 0x7f2a7c191628
C 342
R
P 0x7f2a7c191628
P 0x7f2a7c19c1e8
C 259
R
P 0x7f2a7c191628
C 342
R
P 0x7f2a7c191628
P 0x7f2a7c19c1e8
C 258
R
P 0x7f2a7c191628
C 342
R
P 0x7f2a7c191628
P 0x7f2a7c19c1e8
C 9
R
P 0x7f2a7c191628
C 342
R
P 0x7f2a7c191628
U 2
P 0x7f2a7c19c1c8
P 0x7f2a7c19c1e8
p 2
C 65
= 0x7f2a7c1a25e8
R
P 0x7f2a7c191628
C 342
R
P 0x7f2a7c191628
P 0x7f2a7c1a25e8
C 257
R
P 0x7f2a7c191628
C 342
R
P 0x7f2a7c191628
P 0x7f2a7c1a25e8
C 254
= 0x7f2a7c19b1e8
R
P 0x7f2a7c191628
C 342
R
P 0x7f2a7c191628
P 0x7f2a7c19b1e8
C 209
R
P 0x7f2a7c191628
C 342
R
P 0x7f2a7c191628
P 0x7f2a7c1a25e8
C 260
R
P 0x7f2a7c191628
C 342
R
P 0x7f2a7c191628
P 0x7f2a7c1a25e8
C 259
R
P 0x7f2a7c191628
C 342
R
P 0x7f2a7c191628
P 0x7f2a7c1a25e8
C 258
R
P 0x7f2a7c191628
C 342
R
P 0x7f2a7c191628
P 0x7f2a7c1a25e8
C 9
R
P 0x7f2a7c191628
C 342
R
P 0x7f2a7c191628
P 0x7f2a7c1a2348
P 0x7f2a7c1a25e8
C 74
= 0x7f2a7c475c10
R
P 0x7f2a7c191628
C 342
R
P 0x7f2a7c191628
P 0x7f2a7c475c10
C 258
R
P 0x7f2a7c191628
C 342
R
P 0x7f2a7c191628
P 0x7f2a7c475c10
C 9
R
P 0x7f2a7c191628
C 342
R
P 0x7f2a7c191628
U 2
P 0x7f2a7c475bd8
P 0x7f2a7c475c10
p 2
C 63
= 0x7f2a7c475c48
R
P 0x7f2a7c191628
C 342
R
P 0x7f2a7c191628
P 0x7f2a7c475c48
C 258
R
P 0x7f2a7c191628
C 342
R
P 0x7f2a7c191628
P 0x7f2a7c475c48
C 9
R
P 0x7f2a7c191628
C 342
R
P 0x7f2a7c191628
P 0x7f2a7c475c48
C 58
= 0x7f2a7c4736d8
R
P 0x7f2a7c191628
C 342
R
P 0x7f2a7c191628
P 0x7f2a7c4736d8
C 258
R
P 0x7f2a7c191628
C 342
R
P 0x7f2a7c191628
P 0x7f2a7c4736d8
C 9
R
P 0x7f2a7c191628
C 342
R
P 0x7f2a7c191628
P 0x7f2a7c473528
P 0x7f2a7c4736d8
C 61
= 0x7f2a7c475c80
R
P 0x7f2a7c191628
C 342
R
P 0x7f2a7c191628
P 0x7f2a7c475c80
C 258
R
P 0x7f2a7c191628
C 342
R
P 0x7f2a7c191628
P 0x7f2a7c475c80
C 9
R
P 0x7f2a7c191628
C 342
R
P 0x7f2a7c191628
P 0x7f2a7c1e1fc8
P 0x7f2a7c475c80
C 427
R
P 0x7f2a7c191628
C 342
R
P 0x7f2a7c191628
I 7
P 0x7f2a7c19b208
C 150
= 0x7f2a7c19c148
R
P 0x7f2a7c191628
C 342
R
P 0x7f2a7c191628
P 0x7f2a7c19c148
C 258
R
P 0x7f2a7c191628
C 342
R
P 0x7f2a7c191628
P 0x7f2a7c19c148
C 9
R
P 0x7f2a7c191628
C 342
R
P 0x7f2a7c191628
P 0x7f2a7c19c148
C 263
R
P 0x7f2a7c191628
C 342
R
P 0x7f2a7c191628
S "slot7Start"
C 30
R
P 0x7f2a7c191628
C 342
R
P 0x7f2a7c191628
$ |slot7Start|
C 202
R
P 0x7f2a7c191628
C 342
R
P 0x7f2a7c191628
$ |slot7Start|
P 0x7f2a7c19b1e8
C 51
= 0x7f2a7c19c168
R
P 0x7f2a7c191628
C 342
R
P 0x7f2a7c191628
P 0x7f2a7c19c168
C 257
R
P 0x7f2a7c191628
C 342
R
P 0x7f2a7c191628
P 0x7f2a7c19c168
C 254
= 0x7f2a7c19b1e8
R
P 0x7f2a7c191628
C 342
R
P 0x7f2a7c191628
P 0x7f2a7c19b1e8
C 209
R
P 0x7f2a7c191628
C 342
R
P 0x7f2a7c191628
P 0x7f2a7c19c168
C 260
R
P 0x7f2a7c191628
C 342
R
P 0x7f2a7c191628
P 0x7f2a7c19c168
C 259
R
P 0x7f2a7c191628
C 342
R
P 0x7f2a7c191628
P 0x7f2a7c19c168
C 258
R
P 0x7f2a7c191628
C 342
R
P 0x7f2a7c191628
P 0x7f2a7c19c168
C 9
R
P 0x7f2a7c191628
C 342
R
P 0x7f2a7c191628
I 0
P 0x7f2a7c19b208
C 150
= 0x7f2a7c19bd08
R
P 0x7f2a7c191628
C 342
R
P 0x7f2a7c191628
P 0x7f2a7c19bd08
C 258
R
P 0x7f2a7c191628
C 342
R
P 0x7f2a7c191628
P 0x7f2a7c19bd08
C 9
R
P 0x7f2a7c191628
C 342
R
P 0x7f2a7c191628
P 0x7f2a7c19c168
P 0x7f2a7c19bd08
C 76
= 0x7f2a7c475cb8
R
P 0x7f2a7c191628
C 342
R
P 0x7f2a7c191628
P 0x7f2a7c475cb8
C 258
R
P 0x7f2a7c191628
C 342
R
P 0x7f2a7c191628
P 0x7f2a7c475cb8
C 9
R
P 0x7f2a7c191628
C 342
R
P 0x7f2a7c191628
P 0x7f2a7c1e1fc8
P 0x7f2a7c475cb8
C 427
R
P 0x7f2a7c191628
C 342
R
P 0x7f2a7c191628
I 7
P 0x7f2a7c19b208
C 150
= 0x7f2a7c19c148
R
P 0x7f2a7c191628
C 342
R
P 0x7f2a7c191628
P 0x7f2a7c19c148
C 258
R
P 0x7f2a7c191628
C 342
R
P 0x7f2a7c191628
P 0x7f2a7c19c148
C 9
R
P 0x7f2a7c191628
C 342
R
P 0x7f2a7c191628
P 0x7f2a7c19c148
C 263
R
P 0x7f2a7c191628
C 342
R
P 0x7f2a7c191628
S "slot7Start"
C 30
R
P 0x7f2a7c191628
C 342
R
P 0x7f2a7c191628
$ |slot7Start|
C 202
R
P 0x7f2a7c191628
C 342
R
P 0x7f2a7c191628
$ |slot7Start|
P 0x7f2a7c19b1e8
C 51
= 0x7f2a7c19c168
R
P 0x7f2a7c191628
C 342
R
P 0x7f2a7c191628
P 0x7f2a7c19c168
C 257
R
P 0x7f2a7c191628
C 342
R
P 0x7f2a7c191628
P 0x7f2a7c19c168
C 254
= 0x7f2a7c19b1e8
R
P 0x7f2a7c191628
C 342
R
P 0x7f2a7c191628
P 0x7f2a7c19b1e8
C 209
R
P 0x7f2a7c191628
C 342
R
P 0x7f2a7c191628
P 0x7f2a7c19c168
C 260
R
P 0x7f2a7c191628
C 342
R
P 0x7f2a7c191628
P 0x7f2a7c19c168
C 259
R
P 0x7f2a7c191628
C 342
R
P 0x7f2a7c191628
P 0x7f2a7c19c168
C 258
R
P 0x7f2a7c191628
C 342
R
P 0x7f2a7c191628
P 0x7f2a7c19c168
C 9
R
P 0x7f2a7c191628
C 342
R
P 0x7f2a7c191628
I 7
P 0x7f2a7c19b208
C 150
= 0x7f2a7c19c148
R
P 0x7f2a7c191628
C 342
R
P 0x7f2a7c191628
P 0x7f2a7c19c148
C 258
R
P 0x7f2a7c191628
C 342
R
P 0x7f2a7c191628
P 0x7f2a7c19c148
C 9
R
P 0x7f2a7c191628
C 342
R
P 0x7f2a7c191628
P 0x7f2a7c19c148
C 263
R
P 0x7f2a7c191628
C 342
R
P 0x7f2a7c191628
S "slot7Duration"
C 30
R
P 0x7f2a7c191628
C 342
R
P 0x7f2a7c191628
$ |slot7Duration|
C 202
R
P 0x7f2a7c191628
C 342
R
P 0x7f2a7c191628
$ |slot7Duration|
P 0x7f2a7c19b1e8
C 51
= 0x7f2a7c19c188
R
P 0x7f2a7c191628
C 342
R
P 0x7f2a7c191628
P 0x7f2a7c19c188
C 257
R
P 0x7f2a7c191628
C 342
R
P 0x7f2a7c191628
P 0x7f2a7c19c188
C 254
= 0x7f2a7c19b1e8
R
P 0x7f2a7c191628
C 342
R
P 0x7f2a7c191628
P 0x7f2a7c19b1e8
C 209
R
P 0x7f2a7c191628
C 342
R
P 0x7f2a7c191628
P 0x7f2a7c19c188
C 260
R
P 0x7f2a7c191628
C 342
R
P 0x7f2a7c191628
P 0x7f2a7c19c188
C 259
R
P 0x7f2a7c191628
C 342
R
P 0x7f2a7c191628
P 0x7f2a7c19c188
C 258
R
P 0x7f2a7c191628
C 342
R
P 0x7f2a7c191628
P 0x7f2a7c19c188
C 9
R
P 0x7f2a7c191628
C 342
R
P 0x7f2a7c191628
U 2
P 0x7f2a7c19bbe8
P 0x7f2a7c19c188
p 2
C 67
= 0x7f2a7c475cf0
R
P 0x7f2a7c191628
C 342
R
P 0x7f2a7c191628
P 0x7f2a7c475cf0
C 257
R
P 0x7f2a7c191628
C 342
R
P 0x7f2a7c191628
P 0x7f2a7c475cf0
C 254
= 0x7f2a7c19b1e8
R
P 0x7f2a7c191628
C 342
R
P 0x7f2a7c191628
P 0x7f2a7c19b1e8
C 209
R
P 0x7f2a7c191628
C 342
R
P 0x7f2a7c191628
P 0x7f2a7c475cf0
C 260
R
P 0x7f2a7c191628
C 342
R
P 0x7f2a7c191628
P 0x7f2a7c475cf0
C 259
R
P 0x7f2a7c191628
C 342
R
P 0x7f2a7c191628
P 0x7f2a7c475cf0
C 258
R
P 0x7f2a7c191628
C 342
R
P 0x7f2a7c191628
P 0x7f2a7c475cf0
C 9
R
P 0x7f2a7c191628
C 342
R
P 0x7f2a7c191628
P 0x7f2a7c19c168
P 0x7f2a7c475cf0
C 74
= 0x7f2a7c475d28
R
P 0x7f2a7c191628
C 342
R
P 0x7f2a7c191628
P 0x7f2a7c475d28
C 258
R
P 0x7f2a7c191628
C 342
R
P 0x7f2a7c191628
P 0x7f2a7c475d28
C 9
R
P 0x7f2a7c191628
C 342
R
P 0x7f2a7c191628
P 0x7f2a7c1e1fc8
P 0x7f2a7c475d28
C 427
R
P 0x7f2a7c191628
C 342
R
P 0x7f2a7c191628
I 7
P 0x7f2a7c19b208
C 150
= 0x7f2a7c19c148
R
P 0x7f2a7c191628
C 342
R
P 0x7f2a7c191628
P 0x7f2a7c19c148
C 258
R
P 0x7f2a7c191628
C 342
R
P 0x7f2a7c191628
P 0x7f2a7c19c148
C 9
R
P 0x7f2a7c191628
C 342
R
P 0x7f2a7c191628
P 0x7f2a7c19c148
C 263
R
P 0x7f2a7c191628
C 342
R
P 0x7f2a7c191628
S "slot7Duration"
C 30
R
P 0x7f2a7c191628
C 342
R
P 0x7f2a7c191628
$ |slot7Duration|
C 202
R
P 0x7f2a7c191628
C 342
R
P 0x7f2a7c191628
$ |slot7Duration|
P 0x7f2a7c19b1e8
C 51
= 0x7f2a7c19c188
R
P 0x7f2a7c191628
C 342
R
P 0x7f2a7c191628
P 0x7f2a7c19c188
C 257
R
P 0x7f2a7c191628
C 342
R
P 0x7f2a7c191628
P 0x7f2a7c19c188
C 254
= 0x7f2a7c19b1e8
R
P 0x7f2a7c191628
C 342
R
P 0x7f2a7c191628
P 0x7f2a7c19b1e8
C 209
R
P 0x7f2a7c191628
C 342
R
P 0x7f2a7c191628
P 0x7f2a7c19c188
C 260
R
P 0x7f2a7c191628
C 342
R
P 0x7f2a7c191628
P 0x7f2a7c19c188
C 259
R
P 0x7f2a7c191628
C 342
R
P 0x7f2a7c191628
P 0x7f2a7c19c188
C 258
R
P 0x7f2a7c191628
C 342
R
P 0x7f2a7c191628
P 0x7f2a7c19c188
C 9
R
P 0x7f2a7c191628
C 342
R
P 0x7f2a7c191628
I 0
P 0x7f2a7c19b208
C 150
= 0x7f2a7c19bd08
R
P 0x7f2a7c191628
C 342
R
P 0x7f2a7c191628
P 0x7f2a7c19bd08
C 258
R
P 0x7f2a7c191628
C 342
R
P 0x7f2a7c191628
P 0x7f2a7c19bd08
C 9
R
P 0x7f2a7c191628
C 342
R
P 0x7f2a7c191628
P 0x7f2a7c19c188
P 0x7f2a7c19bd08
C 76
= 0x7f2a7c475d60
R
P 0x7f2a7c191628
C 342
R
P 0x7f2a7c191628
P 0x7f2a7c475d60
C 258
R
P 0x7f2a7c191628
C 342
R
P 0x7f2a7c191628
P 0x7f2a7c475d60
C 9
R
P 0x7f2a7c191628
C 342
R
P 0x7f2a7c191628
P 0x7f2a7c1e1fc8
P 0x7f2a7c475d60
C 427
R
P 0x7f2a7c191628
C 342
R
P 0x7f2a7c191628
I 7
P 0x7f2a7c19b208
C 150
= 0x7f2a7c19c148
R
P 0x7f2a7c191628
C 342
R
P 0x7f2a7c191628
P 0x7f2a7c19c148
C 258
R
P 0x7f2a7c191628
C 342
R
P 0x7f2a7c191628
P 0x7f2a7c19c148
C 9
R
P 0x7f2a7c191628
C 342
R
P 0x7f2a7c191628
P 0x7f2a7c19c148
C 263
R
P 0x7f2a7c191628
C 342
R
P 0x7f2a7c191628
S "slot7Duration"
C 30
R
P 0x7f2a7c191628
C 342
R
P 0x7f2a7c191628
$ |slot7Duration|
C 202
R
P 0x7f2a7c191628
C 342
R
P 0x7f2a7c191628
$ |slot7Duration|
P 0x7f2a7c19b1e8
C 51
= 0x7f2a7c19c188
R
P 0x7f2a7c191628
C 342
R
P 0x7f2a7c191628
P 0x7f2a7c19c188
C 257
R
P 0x7f2a7c191628
C 342
R
P 0x7f2a7c191628
P 0x7f2a7c19c188
C 254
= 0x7f2a7c19b1e8
R
P 0x7f2a7c191628
C 342
R
P 0x7f2a7c191628
P 0x7f2a7c19b1e8
C 209
R
P 0x7f2a7c191628
C 342
R
P 0x7f2a7c191628
P 0x7f2a7c19c188
C 260
R
P 0x7f2a7c191628
C 342
R
P 0x7f2a7c191628
P 0x7f2a7c19c188
C 259
R
P 0x7f2a7c191628
C 342
R
P 0x7f2a7c191628
P 0x7f2a7c19c188
C 258
R
P 0x7f2a7c191628
C 342
R
P 0x7f2a7c191628
P 0x7f2a7c19c188
C 9
R
P 0x7f2a7c191628
C 342
R
P 0x7f2a7c191628
P 0x7f2a7c19c188
P 0x7f2a7c19bc08
C 74
= 0x7f2a7c475d98
R
P 0x7f2a7c191628
C 342
R
P 0x7f2a7c191628
P 0x7f2a7c475d98
C 258
R
P 0x7f2a7c191628
C 342
R
P 0x7f2a7c191628
P 0x7f2a7c475d98
C 9
R
P 0x7f2a7c191628
C 342
R
P 0x7f2a7c191628
P 0x7f2a7c1e1fc8
P 0x7f2a7c475d98
C 427
R
P 0x7f2a7c191628
C 342
R
P 0x7f2a7c191628
I 7
P 0x7f2a7c19b208
C 150
= 0x7f2a7c19c148
R
P 0x7f2a7c191628
C 342
R
P 0x7f2a7c191628
P 0x7f2a7c19c148
C 258
R
P 0x7f2a7c191628
C 342
R
P 0x7f2a7c191628
P 0x7f2a7c19c148
C 9
R
P 0x7f2a7c191628
C 342
R
P 0x7f2a7c191628
P 0x7f2a7c19c148
C 263
R
P 0x7f2a7c191628
C 342
R
P 0x7f2a7c191628
S "slot7Start"
C 30
R
P 0x7f2a7c191628
C 342
R
P 0x7f2a7c191628
$ |slot7Start|
C 202
R
P 0x7f2a7c191628
C 342
R
P 0x7f2a7c191628
$ |slot7Start|
P 0x7f2a7c19b1e8
C 51
= 0x7f2a7c19c168
R
P 0x7f2a7c191628
C 342
R
P 0x7f2a7c191628
P 0x7f2a7c19c168
C 257
R
P 0x7f2a7c191628
C 342
R
P 0x7f2a7c191628
P 0x7f2a7c19c168
C 254
= 0x7f2a7c19b1e8
R
P 0x7f2a7c191628
C 342
R
P 0x7f2a7c191628
P 0x7f2a7c19b1e8
C 209
R
P 0x7f2a7c191628
C 342
R
P 0x7f2a7c191628
P 0x7f2a7c19c168
C 260
R
P 0x7f2a7c191628
C 342
R
P 0x7f2a7c191628
P 0x7f2a7c19c168
C 259
R
P 0x7f2a7c191628
C 342
R
P 0x7f2a7c191628
P 0x7f2a7c19c168
C 258
R
P 0x7f2a7c191628
C 342
R
P 0x7f2a7c191628
P 0x7f2a7c19c168
C 9
R
P 0x7f2a7c191628
C 342
R
P 0x7f2a7c191628
I 7
P 0x7f2a7c19b208
C 150
= 0x7f2a7c19c148
R
P 0x7f2a7c191628
C 342
R
P 0x7f2a7c191628
P 0x7f2a7c19c148
C 258
R
P 0x7f2a7c191628
C 342
R
P 0x7f2a7c191628
P 0x7f2a7c19c148
C 9
R
P 0x7f2a7c191628
C 342
R
P 0x7f2a7c191628
P 0x7f2a7c19c148
C 263
R
P 0x7f2a7c191628
C 342
R
P 0x7f2a7c191628
S "slot7Start"
C 30
R
P 0x7f2a7c191628
C 342
R
P 0x7f2a7c191628
$ |slot7Start|
C 202
R
P 0x7f2a7c191628
C 342
R
P 0x7f2a7c191628
$ |slot7Start|
P 0x7f2a7c19b1e8
C 51
= 0x7f2a7c19c168
R
P 0x7f2a7c191628
C 342
R
P 0x7f2a7c191628
P 0x7f2a7c19c168
C 257
R
P 0x7f2a7c191628
C 342
R
P 0x7f2a7c191628
P 0x7f2a7c19c168
C 254
= 0x7f2a7c19b1e8
R
P 0x7f2a7c191628
C 342
R
P 0x7f2a7c191628
P 0x7f2a7c19b1e8
C 209
R
P 0x7f2a7c191628
C 342
R
P 0x7f2a7c191628
P 0x7f2a7c19c168
C 260
R
P 0x7f2a7c191628
C 342
R
P 0x7f2a7c191628
P 0x7f2a7c19c168
C 259
R
P 0x7f2a7c191628
C 342
R
P 0x7f2a7c191628
P 0x7f2a7c19c168
C 258
R
P 0x7f2a7c191628
C 342
R
P 0x7f2a7c191628
P 0x7f2a7c19c168
C 9
R
P 0x7f2a7c191628
C 342
R
P 0x7f2a7c191628
U 2
P 0x7f2a7c19c168
P 0x7f2a7c19c168
p 2
C 65
= 0x7f2a7c475dd0
R
P 0x7f2a7c191628
C 342
R
P 0x7f2a7c191628
P 0x7f2a7c475dd0
C 257
R
P 0x7f2a7c191628
C 342
R
P 0x7f2a7c191628
P 0x7f2a7c475dd0
C 254
= 0x7f2a7c19b1e8
R
P 0x7f2a7c191628
C 342
R
P 0x7f2a7c191628
P 0x7f2a7c19b1e8
C 209
R
P 0x7f2a7c191628
C 342
R
P 0x7f2a7c191628
P 0x7f2a7c475dd0
C 260
R
P 0x7f2a7c191628
C 342
R
P 0x7f2a7c191628
P 0x7f2a7c475dd0
C 259
R
P 0x7f2a7c191628
C 342
R
P 0x7f2a7c191628
P 0x7f2a7c475dd0
C 258
R
P 0x7f2a7c191628
C 342
R
P 0x7f2a7c191628
P 0x7f2a7c475dd0
C 9
R
P 0x7f2a7c191628
C 342
R
P 0x7f2a7c191628
P 0x7f2a7c19bbe8
P 0x7f2a7c475dd0
C 76
= 0x7f2a7c475e08
R
P 0x7f2a7c191628
C 342
R
P 0x7f2a7c191628
P 0x7f2a7c475e08
C 258
R
P 0x7f2a7c191628
C 342
R
P 0x7f2a7c191628
P 0x7f2a7c475e08
C 9
R
P 0x7f2a7c191628
C 342
R
P 0x7f2a7c191628
P 0x7f2a7c1e1fc8
P 0x7f2a7c475e08
C 427
R
P 0x7f2a7c191628
C 342
R
P 0x7f2a7c191628
I 7
P 0x7f2a7c19b208
C 150
= 0x7f2a7c19c148
R
P 0x7f2a7c191628
C 342
R
P 0x7f2a7c191628
P 0x7f2a7c19c148
C 258
R
P 0x7f2a7c191628
C 342
R
P 0x7f2a7c191628
P 0x7f2a7c19c148
C 9
R
P 0x7f2a7c191628
C 342
R
P 0x7f2a7c191628
I 1
P 0x7f2a7c19b208
C 150
= 0x7f2a7c19bc88
R
P 0x7f2a7c191628
C 342
R
P 0x7f2a7c191628
P 0x7f2a7c19bc88
C 258
R
P 0x7f2a7c191628
C 342
R
P 0x7f2a7c191628
P 0x7f2a7c19bc88
C 9
R
P 0x7f2a7c191628
C 342
R
P 0x7f2a7c191628
P 0x7f2a7c19c148
P 0x7f2a7c19bc88
C 56
= 0x7f2a7c475e40
R
P 0x7f2a7c191628
C 342
R
P 0x7f2a7c191628
P 0x7f2a7c475e40
C 258
R
P 0x7f2a7c191628
C 342
R
P 0x7f2a7c191628
P 0x7f2a7c475e40
C 9
R
P 0x7f2a7c191628
C 342
R
P 0x7f2a7c191628
P 0x7f2a7c475e40
C 58
= 0x7f2a7c473708
R
P 0x7f2a7c191628
C 342
R
P 0x7f2a7c191628
P 0x7f2a7c473708
C 258
R
P 0x7f2a7c191628
C 342
R
P 0x7f2a7c191628
P 0x7f2a7c473708
C 9
R
P 0x7f2a7c191628
C 342
R
P 0x7f2a7c191628
I 7
P 0x7f2a7c19b208
C 150
= 0x7f2a7c19c148
R
P 0x7f2a7c191628
C 342
R
P 0x7f2a7c191628
P 0x7f2a7c19c148
C 258
R
P 0x7f2a7c191628
C 342
R
P 0x7f2a7c191628
P 0x7f2a7c19c148
C 9
R
P 0x7f2a7c191628
C 342
R
P 0x7f2a7c191628
P 0x7f2a7c19c148
C 263
R
P 0x7f2a7c191628
C 342
R
P 0x7f2a7c191628
S "slot7Start"
C 30
R
P 0x7f2a7c191628
C 342
R
P 0x7f2a7c191628
$ |slot7Start|
C 202
R
P 0x7f2a7c191628
C 342
R
P 0x7f2a7c191628
$ |slot7Start|
P 0x7f2a7c19b1e8
C 51
= 0x7f2a7c19c168
R
P 0x7f2a7c191628
C 342
R
P 0x7f2a7c191628
P 0x7f2a7c19c168
C 257
R
P 0x7f2a7c191628
C 342
R
P 0x7f2a7c191628
P 0x7f2a7c19c168
C 254
= 0x7f2a7c19b1e8
R
P 0x7f2a7c191628
C 342
R
P 0x7f2a7c191628
P 0x7f2a7c19b1e8
C 209
R
P 0x7f2a7c191628
C 342
R
P 0x7f2a7c191628
P 0x7f2a7c19c168
C 260
R
P 0x7f2a7c191628
C 342
R
P 0x7f2a7c191628
P 0x7f2a7c19c168
C 259
R
P 0x7f2a7c191628
C 342
R
P 0x7f2a7c191628
P 0x7f2a7c19c168
C 258
R
P 0x7f2a7c191628
C 342
R
P 0x7f2a7c191628
P 0x7f2a7c19c168
C 9
R
P 0x7f2a7c191628
C 342
R
P 0x7f2a7c191628
I 1
P 0x7f2a7c19b208
C 150
= 0x7f2a7c19bc88
R
P 0x7f2a7c191628
C 342
R
P 0x7f2a7c191628
P 0x7f2a7c19bc88
C 258
R
P 0x7f2a7c191628
C 342
R
P 0x7f2a7c191628
P 0x7f2a7c19bc88
C 9
R
P 0x7f2a7c191628
C 342
R
P 0x7f2a7c191628
P 0x7f2a7c19bc88
C 263
R
P 0x7f2a7c191628
C 342
R
P 0x7f2a7c191628
S "slot1Start"
C 30
R
P 0x7f2a7c191628
C 342
R
P 0x7f2a7c191628
$ |slot1Start|
C 202
R
P 0x7f2a7c191628
C 342
R
P 0x7f2a7c191628
$ |slot1Start|
P 0x7f2a7c19b1e8
C 51
= 0x7f2a7c19bf48
R
P 0x7f2a7c191628
C 342
R
P 0x7f2a7c191628
P 0x7f2a7c19bf48
C 257
R
P 0x7f2a7c191628
C 342
R
P 0x7f2a7c191628
P 0x7f2a7c19bf48
C 254
= 0x7f2a7c19b1e8
R
P 0x7f2a7c191628
C 342
R
P 0x7f2a7c191628
P 0x7f2a7c19b1e8
C 209
R
P 0x7f2a7c191628
C 342
R
P 0x7f2a7c191628
P 0x7f2a7c19bf48
C 260
R
P 0x7f2a7c191628
C 342
R
P 0x7f2a7c191628
P 0x7f2a7c19bf48
C 259
R
P 0x7f2a7c191628
C 342
R
P 0x7f2a7c191628
P 0x7f2a7c19bf48
C 258
R
P 0x7f2a7c191628
C 342
R
P 0x7f2a7c191628
P 0x7f2a7c19bf48
C 9
R
P 0x7f2a7c191628
C 342
R
P 0x7f2a7c191628
P 0x7f2a7c19c168
P 0x7f2a7c19bf48
C 76
= 0x7f2a7c475e78
R
P 0x7f2a7c191628
C 342
R
P 0x7f2a7c191628
P 0x7f2a7c475e78
C 258
R
P 0x7f2a7c191628
C 342
R
P 0x7f2a7c191628
P 0x7f2a7c475e78
C 9
R
P 0x7f2a7c191628
C 342
R
P 0x7f2a7c191628
I 7
P 0x7f2a7c19b208
C 150
= 0x7f2a7c19c148
R
P 0x7f2a7c191628
C 342
R
P 0x7f2a7c191628
P 0x7f2a7c19c148
C 258
R
P 0x7f2a7c191628
C 342
R
P 0x7f2a7c191628
P 0x7f2a7c19c148
C 9
R
P 0x7f2a7c191628
C 342
R
P 0x7f2a7c191628
P 0x7f2a7c19c148
C 263
R
P 0x7f2a7c191628
C 342
R
P 0x7f2a7c191628
S "slot7Start"
C 30
R
P 0x7f2a7c191628
C 342
R
P 0x7f2a7c191628
$ |slot7Start|
C 202
R
P 0x7f2a7c191628
C 342
R
P 0x7f2a7c191628
$ |slot7Start|
P 0x7f2a7c19b1e8
C 51
= 0x7f2a7c19c168
R
P 0x7f2a7c191628
C 342
R
P 0x7f2a7c191628
P 0x7f2a7c19c168
C 257
R
P 0x7f2a7c191628
C 342
R
P 0x7f2a7c191628
P 0x7f2a7c19c168
C 254
= 0x7f2a7c19b1e8
R
P 0x7f2a7c191628
C 342
R
P 0x7f2a7c191628
P 0x7f2a7c19b1e8
C 209
R
P 0x7f2a7c191628
C 342
R
P 0x7f2a7c191628
P 0x7f2a7c19c168
C 260
R
P 0x7f2a7c191628
C 342
R
P 0x7f2a7c191628
P 0x7f2a7c19c168
C 259
R
P 0x7f2a7c191628
C 342
R
P 0x7f2a7c191628
P 0x7f2a7c19c168
C 258
R
P 0x7f2a7c191628
C 342
R
P 0x7f2a7c191628
P 0x7f2a7c19c168
C 9
R
P 0x7f2a7c191628
C 342
R
P 0x7f2a7c191628
I 1
P 0x7f2a7c19b208
C 150
= 0x7f2a7c19bc88
R
P 0x7f2a7c191628
C 342
R
P 0x7f2a7c191628
P 0x7f2a7c19bc88
C 258
R
P 0x7f2a7c191628
C 342
R
P 0x7f2a7c191628
P 0x7f2a7c19bc88
C 9
R
P 0x7f2a7c191628
C 342
R
P 0x7f2a7c191628
P 0x7f2a7c19bc88
C 263
R
P 0x7f2a7c191628
C 342
R
P 0x7f2a7c191628
S "slot1Start"
C 30
R
P 0x7f2a7c191628
C 342
R
P 0x7f2a7c191628
$ |slot1Start|
C 202
R
P 0x7f2a7c191628
C 342
R
P 0x7f2a7c191628
$ |slot1Start|
P 0x7f2a7c19b1e8
C 51
= 0x7f2a7c19bf48
R
P 0x7f2a7c191628
C 342
R
P 0x7f2a7c191628
P 0x7f2a7c19bf48
C 257
R
P 0x7f2a7c191628
C 342
R
P 0x7f2a7c191628
P 0x7f2a7c19bf48
C 254
= 0x7f2a7c19b1e8
R
P 0x7f2a7c191628
C 342
R
P 0x7f2a7c191628
P 0x7f2a7c19b1e8
C 209
R
P 0x7f2a7c191628
C 342
R
P 0x7f2a7c191628
P 0x7f2a7c19bf48
C 260
R
P 0x7f2a7c191628
C 342
R
P 0x7f2a7c191628
P 0x7f2a7c19bf48
C 259
R
P 0x7f2a7c191628
C 342
R
P 0x7f2a7c191628
P 0x7f2a7c19bf48
C 258
R
P 0x7f2a7c191628
C 342
R
P 0x7f2a7c191628
P 0x7f2a7c19bf48
C 9
R
P 0x7f2a7c191628
C 342
R
P 0x7f2a7c191628
I 1
P 0x7f2a7c19b208
C 150
= 0x7f2a7c19bc88
R
P 0x7f2a7c191628
C 342
R
P 0x7f2a7c191628
P 0x7f2a7c19bc88
C 258
R
P 0x7f2a7c191628
C 342
R
P 0x7f2a7c191628
P 0x7f2a7c19bc88
C 9
R
P 0x7f2a7c191628
C 342
R
P 0x7f2a7c191628
P 0x7f2a7c19bc88
C 263
R
P 0x7f2a7c191628
C 342
R
P 0x7f2a7c191628
S "slot1Duration"
C 30
R
P 0x7f2a7c191628
C 342
R
P 0x7f2a7c191628
$ |slot1Duration|
C 202
R
P 0x7f2a7c191628
C 342
R
P 0x7f2a7c191628
$ |slot1Duration|
P 0x7f2a7c19b1e8
C 51
= 0x7f2a7c19bf68
R
P 0x7f2a7c191628
C 342
R
P 0x7f2a7c191628
P 0x7f2a7c19bf68
C 257
R
P 0x7f2a7c191628
C 342
R
P 0x7f2a7c191628
P 0x7f2a7c19bf68
C 254
= 0x7f2a7c19b1e8
R
P 0x7f2a7c191628
C 342
R
P 0x7f2a7c191628
P 0x7f2a7c19b1e8
C 209
R
P 0x7f2a7c191628
C 342
R
P 0x7f2a7c191628
P 0x7f2a7c19bf68
C 260
R
P 0x7f2a7c191628
C 342
R
P 0x7f2a7c191628
P 0x7f2a7c19bf68
C 259
R
P 0x7f2a7c191628
C 342
R
P 0x7f2a7c191628
P 0x7f2a7c19bf68
C 258
R
P 0x7f2a7c191628
C 342
R
P 0x7f2a7c191628
P 0x7f2a7c19bf68
C 9
R
P 0x7f2a7c191628
C 342
R
P 0x7f2a7c191628
U 2
P 0x7f2a7c19bf48
P 0x7f2a7c19bf68
p 2
C 65
= 0x7f2a7c1a1cb8
R
P 0x7f2a7c191628
C 342
R
P 0x7f2a7c191628
P 0x7f2a7c1a1cb8
C 257
R
P 0x7f2a7c191628
C 342
R
P 0x7f2a7c191628
P 0x7f2a7c1a1cb8
C 254
= 0x7f2a7c19b1e8
R
P 0x7f2a7c191628
C 342
R
P 0x7f2a7c191628
P 0x7f2a7c19b1e8
C 209
R
P 0x7f2a7c191628
C 342
R
P 0x7f2a7c191628
P 0x7f2a7c1a1cb8
C 260
R
P 0x7f2a7c191628
C 342
R
P 0x7f2a7c191628
P 0x7f2a7c1a1cb8
C 259
R
P 0x7f2a7c191628
C 342
R
P 0x7f2a7c191628
P 0x7f2a7c1a1cb8
C 258
R
P 0x7f2a7c191628
C 342
R
P 0x7f2a7c191628
P 0x7f2a7c1a1cb8
C 9
R
P 0x7f2a7c191628
C 342
R
P 0x7f2a7c191628
P 0x7f2a7c19c168
P 0x7f2a7c1a1cb8
C 74
= 0x7f2a7c1a2bd0
R
P 0x7f2a7c191628
C 342
R
P 0x7f2a7c191628
P 0x7f2a7c1a2bd0
C 258
R
P 0x7f2a7c191628
C 342
R
P 0x7f2a7c191628
P 0x7f2a7c1a2bd0
C 9
R
P 0x7f2a7c191628
C 342
R
P 0x7f2a7c191628
U 2
P 0x7f2a7c475e78
P 0x7f2a7c1a2bd0
p 2
C 63
= 0x7f2a7c475eb0
R
P 0x7f2a7c191628
C 342
R
P 0x7f2a7c191628
P 0x7f2a7c475eb0
C 258
R
P 0x7f2a7c191628
C 342
R
P 0x7f2a7c191628
P 0x7f2a7c475eb0
C 9
R
P 0x7f2a7c191628
C 342
R
P 0x7f2a7c191628
P 0x7f2a7c475eb0
C 58
= 0x7f2a7c473738
R
P 0x7f2a7c191628
C 342
R
P 0x7f2a7c191628
P 0x7f2a7c473738
C 258
R
P 0x7f2a7c191628
C 342
R
P 0x7f2a7c191628
P 0x7f2a7c473738
C 9
R
P 0x7f2a7c191628
C 342
R
P 0x7f2a7c191628
P 0x7f2a7c473708
P 0x7f2a7c473738
C 61
= 0x7f2a7c475ee8
R
P 0x7f2a7c191628
C 342
R
P 0x7f2a7c191628
P 0x7f2a7c475ee8
C 258
R
P 0x7f2a7c191628
C 342
R
P 0x7f2a7c191628
P 0x7f2a7c475ee8
C 9
R
P 0x7f2a7c191628
C 342
R
P 0x7f2a7c191628
P 0x7f2a7c1e1fc8
P 0x7f2a7c475ee8
C 427
R
P 0x7f2a7c191628
C 342
R
P 0x7f2a7c191628
I 7
P 0x7f2a7c19b208
C 150
= 0x7f2a7c19c148
R
P 0x7f2a7c191628
C 342
R
P 0x7f2a7c191628
P 0x7f2a7c19c148
C 258
R
P 0x7f2a7c191628
C 342
R
P 0x7f2a7c191628
P 0x7f2a7c19c148
C 9
R
P 0x7f2a7c191628
C 342
R
P 0x7f2a7c191628
I 2
P 0x7f2a7c19b208
C 150
= 0x7f2a7c19bcc8
R
P 0x7f2a7c191628
C 342
R
P 0x7f2a7c191628
P 0x7f2a7c19bcc8
C 258
R
P 0x7f2a7c191628
C 342
R
P 0x7f2a7c191628
P 0x7f2a7c19bcc8
C 9
R
P 0x7f2a7c191628
C 342
R
P 0x7f2a7c191628
P 0x7f2a7c19c148
P 0x7f2a7c19bcc8
C 56
= 0x7f2a7c475f20
R
P 0x7f2a7c191628
C 342
R
P 0x7f2a7c191628
P 0x7f2a7c475f20
C 258
R
P 0x7f2a7c191628
C 342
R
P 0x7f2a7c191628
P 0x7f2a7c475f20
C 9
R
P 0x7f2a7c191628
C 342
R
P 0x7f2a7c191628
P 0x7f2a7c475f20
C 58
= 0x7f2a7c473768
R
P 0x7f2a7c191628
C 342
R
P 0x7f2a7c191628
P 0x7f2a7c473768
C 258
R
P 0x7f2a7c191628
C 342
R
P 0x7f2a7c191628
P 0x7f2a7c473768
C 9
R
P 0x7f2a7c191628
C 342
R
P 0x7f2a7c191628
I 7
P 0x7f2a7c19b208
C 150
= 0x7f2a7c19c148
R
P 0x7f2a7c191628
C 342
R
P 0x7f2a7c191628
P 0x7f2a7c19c148
C 258
R
P 0x7f2a7c191628
C 342
R
P 0x7f2a7c191628
P 0x7f2a7c19c148
C 9
R
P 0x7f2a7c191628
C 342
R
P 0x7f2a7c191628
P 0x7f2a7c19c148
C 263
R
P 0x7f2a7c191628
C 342
R
P 0x7f2a7c191628
S "slot7Start"
C 30
R
P 0x7f2a7c191628
C 342
R
P 0x7f2a7c191628
$ |slot7Start|
C 202
R
P 0x7f2a7c191628
C 342
R
P 0x7f2a7c191628
$ |slot7Start|
P 0x7f2a7c19b1e8
C 51
= 0x7f2a7c19c168
R
P 0x7f2a7c191628
C 342
R
P 0x7f2a7c191628
P 0x7f2a7c19c168
C 257
R
P 0x7f2a7c191628
C 342
R
P 0x7f2a7c191628
P 0x7f2a7c19c168
C 254
= 0x7f2a7c19b1e8
R
P 0x7f2a7c191628
C 342
R
P 0x7f2a7c191628
P 0x7f2a7c19b1e8
C 209
R
P 0x7f2a7c191628
C 342
R
P 0x7f2a7c191628
P 0x7f2a7c19c168
C 260
R
P 0x7f2a7c191628
C 342
R
P 0x7f2a7c191628
P 0x7f2a7c19c168
C 259
R
P 0x7f2a7c191628
C 342
R
P 0x7f2a7c191628
P 0x7f2a7c19c168
C 258
R
P 0x7f2a7c191628
C 342
R
P 0x7f2a7c191628
P 0x7f2a7c19c168
C 9
R
P 0x7f2a7c191628
C 342
R
P 0x7f2a7c191628
I 2
P 0x7f2a7c19b208
C 150
= 0x7f2a7c19bcc8
R
P 0x7f2a7c191628
C 342
R
P 0x7f2a7c191628
P 0x7f2a7c19bcc8
C 258
R
P 0x7f2a7c191628
C 342
R
P 0x7f2a7c191628
P 0x7f2a7c19bcc8
C 9
R
P 0x7f2a7c191628
C 342
R
P 0x7f2a7c191628
P 0x7f2a7c19bcc8
C 263
R
P 0x7f2a7c191628
C 342
R
P 0x7f2a7c191628
S "slot2Start"
C 30
R
P 0x7f2a7c191628
C 342
R
P 0x7f2a7c191628
$ |slot2Start|
C 202
R
P 0x7f2a7c191628
C 342
R
P 0x7f2a7c191628
$ |slot2Start|
P 0x7f2a7c19b1e8
C 51
= 0x7f2a7c19bf88
R
P 0x7f2a7c191628
C 342
R
P 0x7f2a7c191628
P 0x7f2a7c19bf88
C 257
R
P 0x7f2a7c191628
C 342
R
P 0x7f2a7c191628
P 0x7f2a7c19bf88
C 254
= 0x7f2a7c19b1e8
R
P 0x7f2a7c191628
C 342
R
P 0x7f2a7c191628
P 0x7f2a7c19b1e8
C 209
R
P 0x7f2a7c191628
C 342
R
P 0x7f2a7c191628
P 0x7f2a7c19bf88
C 260
R
P 0x7f2a7c191628
C 342
R
P 0x7f2a7c191628
P 0x7f2a7c19bf88
C 259
R
P 0x7f2a7c191628
C 342
R
P 0x7f2a7c191628
P 0x7f2a7c19bf88
C 258
R
P 0x7f2a7c191628
C 342
R
P 0x7f2a7c191628
P 0x7f2a7c19bf88
C 9
R
P 0x7f2a7c191628
C 342
R
P 0x7f2a7c191628
P 0x7f2a7c19c168
P 0x7f2a7c19bf88
C 76
= 0x7f2a7c475f58
R
P 0x7f2a7c191628
C 342
R
P 0x7f2a7c191628
P 0x7f2a7c475f58
C 258
R
P 0x7f2a7c191628
C 342
R
P 0x7f2a7c191628
P 0x7f2a7c475f58
C 9
R
P 0x7f2a7c191628
C 342
R
P 0x7f2a7c191628
I 7
P 0x7f2a7c19b208
C 150
= 0x7f2a7c19c148
R
P 0x7f2a7c191628
C 342
R
P 0x7f2a7c191628
P 0x7f2a7c19c148
C 258
R
P 0x7f2a7c191628
C 342
R
P 0x7f2a7c191628
P 0x7f2a7c19c148
C 9
R
P 0x7f2a7c191628
C 342
R
P 0x7f2a7c191628
P 0x7f2a7c19c148
C 263
R
P 0x7f2a7c191628
C 342
R
P 0x7f2a7c191628
S "slot7Start"
C 30
R
P 0x7f2a7c191628
C 342
R
P 0x7f2a7c191628
$ |slot7Start|
C 202
R
P 0x7f2a7c191628
C 342
R
P 0x7f2a7c191628
$ |slot7Start|
P 0x7f2a7c19b1e8
C 51
= 0x7f2a7c19c168
R
P 0x7f2a7c191628
C 342
R
P 0x7f2a7c191628
P 0x7f2a7c19c168
C 257
R
P 0x7f2a7c191628
C 342
R
P 0x7f2a7c191628
P 0x7f2a7c19c168
C 254
= 0x7f2a7c19b1e8
R
P 0x7f2a7c191628
C 342
R
P 0x7f2a7c191628
P 0x7f2a7c19b1e8
C 209
R
P 0x7f2a7c191628
C 342
R
P 0x7f2a7c191628
P 0x7f2a7c19c168
C 260
R
P 0x7f2a7c191628
C 342
R
P 0x7f2a7c191628
P 0x7f2a7c19c168
C 259
R
P 0x7f2a7c191628
C 342
R
P 0x7f2a7c191628
P 0x7f2a7c19c168
C 258
R
P 0x7f2a7c191628
C 342
R
P 0x7f2a7c191628
P 0x7f2a7c19c168
C 9
R
P 0x7f2a7c191628
C 342
R
P 0x7f2a7c191628
I 2
P 0x7f2a7c19b208
C 150
= 0x7f2a7c19bcc8
R
P 0x7f2a7c191628
C 342
R
P 0x7f2a7c191628
P 0x7f2a7c19bcc8
C 258
R
P 0x7f2a7c191628
C 342
R
P 0x7f2a7c191628
P 0x7f2a7c19bcc8
C 9
R
P 0x7f2a7c191628
C 342
R
P 0x7f2a7c191628
P 0x7f2a7c19bcc8
C 263
R
P 0x7f2a7c191628
C 342
R
P 0x7f2a7c191628
S "slot2Start"
C 30
R
P 0x7f2a7c191628
C 342
R
P 0x7f2a7c191628
$ |slot2Start|
C 202
R
P 0x7f2a7c191628
C 342
R
P 0x7f2a7c191628
$ |slot2Start|
P 0x7f2a7c19b1e8
C 51
= 0x7f2a7c19bf88
R
P 0x7f2a7c191628
C 342
R
P 0x7f2a7c191628
P 0x7f2a7c19bf88
C 257
R
P 0x7f2a7c191628
C 342
R
P 0x7f2a7c191628
P 0x7f2a7c19bf88
C 254
= 0x7f2a7c19b1e8
R
P 0x7f2a7c191628
C 342
R
P 0x7f2a7c191628
P 0x7f2a7c19b1e8
C 209
R
P 0x7f2a7c191628
C 342
R
P 0x7f2a7c191628
P 0x7f2a7c19bf88
C 260
R
P 0x7f2a7c191628
C 342
R
P 0x7f2a7c191628
P 0x7f2a7c19bf88
C 259
R
P 0x7f2a7c191628
C 342
R
P 0x7f2a7c191628
P 0x7f2a7c19bf88
C 258
R
P 0x7f2a7c191628
C 342
R
P 0x7f2a7c191628
P 0x7f2a7c19bf88
C 9
R
P 0x7f2a7c191628
C 342
R
P 0x7f2a7c191628
I 2
P 0x7f2a7c19b208
C 150
= 0x7f2a7c19bcc8
R
P 0x7f2a7c191628
C 342
R
P 0x7f2a7c191628
P 0x7f2a7c19bcc8
C 258
R
P 0x7f2a7c191628
C 342
R
P 0x7f2a7c191628
P 0x7f2a7c19bcc8
C 9
R
P 0x7f2a7c191628
C 342
R
P 0x7f2a7c191628
P 0x7f2a7c19bcc8
C 263
R
P 0x7f2a7c191628
C 342
R
P 0x7f2a7c191628
S "slot2Duration"
C 30
R
P 0x7f2a7c191628
C 342
R
P 0x7f2a7c191628
$ |slot2Duration|
C 202
R
P 0x7f2a7c191628
C 342
R
P 0x7f2a7c191628
$ |slot2Duration|
P 0x7f2a7c19b1e8
C 51
= 0x7f2a7c19bfa8
R
P 0x7f2a7c191628
C 342
R
P 0x7f2a7c191628
P 0x7f2a7c19bfa8
C 257
R
P 0x7f2a7c191628
C 342
R
P 0x7f2a7c191628
P 0x7f2a7c19bfa8
C 254
= 0x7f2a7c19b1e8
R
P 0x7f2a7c191628
C 342
R
P 0x7f2a7c191628
P 0x7f2a7c19b1e8
C 209
R
P 0x7f2a7c191628
C 342
R
P 0x7f2a7c191628
P 0x7f2a7c19bfa8
C 260
R
P 0x7f2a7c191628
C 342
R
P 0x7f2a7c191628
P 0x7f2a7c19bfa8
C 259
R
P 0x7f2a7c191628
C 342
R
P 0x7f2a7c191628
P 0x7f2a7c19bfa8
C 258
R
P 0x7f2a7c191628
C 342
R
P 0x7f2a7c191628
P 0x7f2a7c19bfa8
C 9
R
P 0x7f2a7c191628
C 342
R
P 0x7f2a7c191628
U 2
P 0x7f2a7c19bf88
P 0x7f2a7c19bfa8
p 2
C 65
= 0x7f2a7c1a1e08
R
P 0x7f2a7c191628
C 342
R
P 0x7f2a7c191628
P 0x7f2a7c1a1e08
C 257
R
P 0x7f2a7c191628
C 342
R
P 0x7f2a7c191628
P 0x7f2a7c1a1e08
C 254
= 0x7f2a7c19b1e8
R
P 0x7f2a7c191628
C 342
R
P 0x7f2a7c191628
P 0x7f2a7c19b1e8
C 209
R
P 0x7f2a7c191628
C 342
R
P 0x7f2a7c191628
P 0x7f2a7c1a1e08
C 260
R
P 0x7f2a7c191628
C 342
R
P 0x7f2a7c191628
P 0x7f2a7c1a1e08
C 259
R
P 0x7f2a7c191628
C 342
R
P 0x7f2a7c191628
P 0x7f2a7c1a1e08
C 258
R
P 0x7f2a7c191628
C 342
R
P 0x7f2a7c191628
P 0x7f2a7c1a1e08
C 9
R
P 0x7f2a7c191628
C 342
R
P 0x7f2a7c191628
P 0x7f2a7c19c168
P 0x7f2a7c1a1e08
C 74
= 0x7f2a7c2cbf58
R
P 0x7f2a7c191628
C 342
R
P 0x7f2a7c191628
P 0x7f2a7c2cbf58
C 258
R
P 0x7f2a7c191628
C 342
R
P 0x7f2a7c191628
P 0x7f2a7c2cbf58
C 9
R
P 0x7f2a7c191628
C 342
R
P 0x7f2a7c191628
U 2
P 0x7f2a7c475f58
P 0x7f2a7c2cbf58
p 2
C 63
= 0x7f2a7c475f90
R
P 0x7f2a7c191628
C 342
R
P 0x7f2a7c191628
P 0x7f2a7c475f90
C 258
R
P 0x7f2a7c191628
C 342
R
P 0x7f2a7c191628
P 0x7f2a7c475f90
C 9
R
P 0x7f2a7c191628
C 342
R
P 0x7f2a7c191628
P 0x7f2a7c475f90
C 58
= 0x7f2a7c473798
R
P 0x7f2a7c191628
C 342
R
P 0x7f2a7c191628
P 0x7f2a7c473798
C 258
R
P 0x7f2a7c191628
C 342
R
P 0x7f2a7c191628
P 0x7f2a7c473798
C 9
R
P 0x7f2a7c191628
C 342
R
P 0x7f2a7c191628
P 0x7f2a7c473768
P 0x7f2a7c473798
C 61
= 0x7f2a7c475fc8
R
P 0x7f2a7c191628
C 342
R
P 0x7f2a7c191628
P 0x7f2a7c475fc8
C 258
R
P 0x7f2a7c191628
C 342
R
P 0x7f2a7c191628
P 0x7f2a7c475fc8
C 9
R
P 0x7f2a7c191628
C 342
R
P 0x7f2a7c191628
P 0x7f2a7c1e1fc8
P 0x7f2a7c475fc8
C 427
R
P 0x7f2a7c191628
C 342
R
P 0x7f2a7c191628
I 7
P 0x7f2a7c19b208
C 150
= 0x7f2a7c19c148
R
P 0x7f2a7c191628
C 342
R
P 0x7f2a7c191628
P 0x7f2a7c19c148
C 258
R
P 0x7f2a7c191628
C 342
R
P 0x7f2a7c191628
P 0x7f2a7c19c148
C 9
R
P 0x7f2a7c191628
C 342
R
P 0x7f2a7c191628
I 3
P 0x7f2a7c19b208
C 150
= 0x7f2a7c19bfc8
R
P 0x7f2a7c191628
C 342
R
P 0x7f2a7c191628
P 0x7f2a7c19bfc8
C 258
R
P 0x7f2a7c191628
C 342
R
P 0x7f2a7c191628
P 0x7f2a7c19bfc8
C 9
R
P 0x7f2a7c191628
C 342
R
P 0x7f2a7c191628
P 0x7f2a7c19c148
P 0x7f2a7c19bfc8
C 56
= 0x7f2a7c476000
R
P 0x7f2a7c191628
C 342
R
P 0x7f2a7c191628
P 0x7f2a7c476000
C 258
R
P 0x7f2a7c191628
C 342
R
P 0x7f2a7c191628
P 0x7f2a7c476000
C 9
R
P 0x7f2a7c191628
C 342
R
P 0x7f2a7c191628
P 0x7f2a7c476000
C 58
= 0x7f2a7c4737c8
R
P 0x7f2a7c191628
C 342
R
P 0x7f2a7c191628
P 0x7f2a7c4737c8
C 258
R
P 0x7f2a7c191628
C 342
R
P 0x7f2a7c191628
P 0x7f2a7c4737c8
C 9
R
P 0x7f2a7c191628
C 342
R
P 0x7f2a7c191628
I 7
P 0x7f2a7c19b208
C 150
= 0x7f2a7c19c148
R
P 0x7f2a7c191628
C 342
R
P 0x7f2a7c191628
P 0x7f2a7c19c148
C 258
R
P 0x7f2a7c191628
C 342
R
P 0x7f2a7c191628
P 0x7f2a7c19c148
C 9
R
P 0x7f2a7c191628
C 342
R
P 0x7f2a7c191628
P 0x7f2a7c19c148
C 263
R
P 0x7f2a7c191628
C 342
R
P 0x7f2a7c191628
S "slot7Start"
C 30
R
P 0x7f2a7c191628
C 342
R
P 0x7f2a7c191628
$ |slot7Start|
C 202
R
P 0x7f2a7c191628
C 342
R
P 0x7f2a7c191628
$ |slot7Start|
P 0x7f2a7c19b1e8
C 51
= 0x7f2a7c19c168
R
P 0x7f2a7c191628
C 342
R
P 0x7f2a7c191628
P 0x7f2a7c19c168
C 257
R
P 0x7f2a7c191628
C 342
R
P 0x7f2a7c191628
P 0x7f2a7c19c168
C 254
= 0x7f2a7c19b1e8
R
P 0x7f2a7c191628
C 342
R
P 0x7f2a7c191628
P 0x7f2a7c19b1e8
C 209
R
P 0x7f2a7c191628
C 342
R
P 0x7f2a7c191628
P 0x7f2a7c19c168
C 260
R
P 0x7f2a7c191628
C 342
R
P 0x7f2a7c191628
P 0x7f2a7c19c168
C 259
R
P 0x7f2a7c191628
C 342
R
P 0x7f2a7c191628
P 0x7f2a7c19c168
C 258
R
P 0x7f2a7c191628
C 342
R
P 0x7f2a7c191628
P 0x7f2a7c19c168
C 9
R
P 0x7f2a7c191628
C 342
R
P 0x7f2a7c191628
I 3
P 0x7f2a7c19b208
C 150
= 0x7f2a7c19bfc8
R
P 0x7f2a7c191628
C 342
R
P 0x7f2a7c191628
P 0x7f2a7c19bfc8
C 258
R
P 0x7f2a7c191628
C 342
R
P 0x7f2a7c191628
P 0x7f2a7c19bfc8
C 9
R
P 0x7f2a7c191628
C 342
R
P 0x7f2a7c191628
P 0x7f2a7c19bfc8
C 263
R
P 0x7f2a7c191628
C 342
R
P 0x7f2a7c191628
S "slot3Start"
C 30
R
P 0x7f2a7c191628
C 342
R
P 0x7f2a7c191628
$ |slot3Start|
C 202
R
P 0x7f2a7c191628
C 342
R
P 0x7f2a7c191628
$ |slot3Start|
P 0x7f2a7c19b1e8
C 51
= 0x7f2a7c19bfe8
R
P 0x7f2a7c191628
C 342
R
P 0x7f2a7c191628
P 0x7f2a7c19bfe8
C 257
R
P 0x7f2a7c191628
C 342
R
P 0x7f2a7c191628
P 0x7f2a7c19bfe8
C 254
= 0x7f2a7c19b1e8
R
P 0x7f2a7c191628
C 342
R
P 0x7f2a7c191628
P 0x7f2a7c19b1e8
C 209
R
P 0x7f2a7c191628
C 342
R
P 0x7f2a7c191628
P 0x7f2a7c19bfe8
C 260
R
P 0x7f2a7c191628
C 342
R
P 0x7f2a7c191628
P 0x7f2a7c19bfe8
C 259
R
P 0x7f2a7c191628
C 342
R
P 0x7f2a7c191628
P 0x7f2a7c19bfe8
C 258
R
P 0x7f2a7c191628
C 342
R
P 0x7f2a7c191628
P 0x7f2a7c19bfe8
C 9
R
P 0x7f2a7c191628
C 342
R
P 0x7f2a7c191628
P 0x7f2a7c19c168
P 0x7f2a7c19bfe8
C 76
= 0x7f2a7c476038
R
P 0x7f2a7c191628
C 342
R
P 0x7f2a7c191628
P 0x7f2a7c476038
C 258
R
P 0x7f2a7c191628
C 342
R
P 0x7f2a7c191628
P 0x7f2a7c476038
C 9
R
P 0x7f2a7c191628
C 342
R
P 0x7f2a7c191628
I 7
P 0x7f2a7c19b208
C 150
= 0x7f2a7c19c148
R
P 0x7f2a7c191628
C 342
R
P 0x7f2a7c191628
P 0x7f2a7c19c148
C 258
R
P 0x7f2a7c191628
C 342
R
P 0x7f2a7c191628
P 0x7f2a7c19c148
C 9
R
P 0x7f2a7c191628
C 342
R
P 0x7f2a7c191628
P 0x7f2a7c19c148
C 263
R
P 0x7f2a7c191628
C 342
R
P 0x7f2a7c191628
S "slot7Start"
C 30
R
P 0x7f2a7c191628
C 342
R
P 0x7f2a7c191628
$ |slot7Start|
C 202
R
P 0x7f2a7c191628
C 342
R
P 0x7f2a7c191628
$ |slot7Start|
P 0x7f2a7c19b1e8
C 51
= 0x7f2a7c19c168
R
P 0x7f2a7c191628
C 342
R
P 0x7f2a7c191628
P 0x7f2a7c19c168
C 257
R
P 0x7f2a7c191628
C 342
R
P 0x7f2a7c191628
P 0x7f2a7c19c168
C 254
= 0x7f2a7c19b1e8
R
P 0x7f2a7c191628
C 342
R
P 0x7f2a7c191628
P 0x7f2a7c19b1e8
C 209
R
P 0x7f2a7c191628
C 342
R
P 0x7f2a7c191628
P 0x7f2a7c19c168
C 260
R
P 0x7f2a7c191628
C 342
R
P 0x7f2a7c191628
P 0x7f2a7c19c168
C 259
R
P 0x7f2a7c191628
C 342
R
P 0x7f2a7c191628
P 0x7f2a7c19c168
C 258
R
P 0x7f2a7c191628
C 342
R
P 0x7f2a7c191628
P 0x7f2a7c19c168
C 9
R
P 0x7f2a7c191628
C 342
R
P 0x7f2a7c191628
I 3
P 0x7f2a7c19b208
C 150
= 0x7f2a7c19bfc8
R
P 0x7f2a7c191628
C 342
R
P 0x7f2a7c191628
P 0x7f2a7c19bfc8
C 258
R
P 0x7f2a7c191628
C 342
R
P 0x7f2a7c191628
P 0x7f2a7c19bfc8
C 9
R
P 0x7f2a7c191628
C 342
R
P 0x7f2a7c191628
P 0x7f2a7c19bfc8
C 263
R
P 0x7f2a7c191628
C 342
R
P 0x7f2a7c191628
S "slot3Start"
C 30
R
P 0x7f2a7c191628
C 342
R
P 0x7f2a7c191628
$ |slot3Start|
C 202
R
P 0x7f2a7c191628
C 342
R
P 0x7f2a7c191628
$ |slot3Start|
P 0x7f2a7c19b1e8
C 51
= 0x7f2a7c19bfe8
R
P 0x7f2a7c191628
C 342
R
P 0x7f2a7c191628
P 0x7f2a7c19bfe8
C 257
R
P 0x7f2a7c191628
C 342
R
P 0x7f2a7c191628
P 0x7f2a7c19bfe8
C 254
= 0x7f2a7c19b1e8
R
P 0x7f2a7c191628
C 342
R
P 0x7f2a7c191628
P 0x7f2a7c19b1e8
C 209
R
P 0x7f2a7c191628
C 342
R
P 0x7f2a7c191628
P 0x7f2a7c19bfe8
C 260
R
P 0x7f2a7c191628
C 342
R
P 0x7f2a7c191628
P 0x7f2a7c19bfe8
C 259
R
P 0x7f2a7c191628
C 342
R
P 0x7f2a7c191628
P 0x7f2a7c19bfe8
C 258
R
P 0x7f2a7c191628
C 342
R
P 0x7f2a7c191628
P 0x7f2a7c19bfe8
C 9
R
P 0x7f2a7c191628
C 342
R
P 0x7f2a7c191628
I 3
P 0x7f2a7c19b208
C 150
= 0x7f2a7c19bfc8
R
P 0x7f2a7c191628
C 342
R
P 0x7f2a7c191628
P 0x7f2a7c19bfc8
C 258
R
P 0x7f2a7c191628
C 342
R
P 0x7f2a7c191628
P 0x7f2a7c19bfc8
C 9
R
P 0x7f2a7c191628
C 342
R
P 0x7f2a7c191628
P 0x7f2a7c19bfc8
C 263
R
P 0x7f2a7c191628
C 342
R
P 0x7f2a7c191628
S "slot3Duration"
C 30
R
P 0x7f2a7c191628
C 342
R
P 0x7f2a7c191628
$ |slot3Duration|
C 202
R
P 0x7f2a7c191628
C 342
R
P 0x7f2a7c191628
$ |slot3Duration|
P 0x7f2a7c19b1e8
C 51
= 0x7f2a7c19c008
R
P 0x7f2a7c191628
C 342
R
P 0x7f2a7c191628
P 0x7f2a7c19c008
C 257
R
P 0x7f2a7c191628
C 342
R
P 0x7f2a7c191628
P 0x7f2a7c19c008
C 254
= 0x7f2a7c19b1e8
R
P 0x7f2a7c191628
C 342
R
P 0x7f2a7c191628
P 0x7f2a7c19b1e8
C 209
R
P 0x7f2a7c191628
C 342
R
P 0x7f2a7c191628
P 0x7f2a7c19c008
C 260
R
P 0x7f2a7c191628
C 342
R
P 0x7f2a7c191628
P 0x7f2a7c19c008
C 259
R
P 0x7f2a7c191628
C 342
R
P 0x7f2a7c191628
P 0x7f2a7c19c008
C 258
R
P 0x7f2a7c191628
C 342
R
P 0x7f2a7c191628
P 0x7f2a7c19c008
C 9
R
P 0x7f2a7c191628
C 342
R
P 0x7f2a7c191628
U 2
P 0x7f2a7c19bfe8
P 0x7f2a7c19c008
p 2
C 65
= 0x7f2a7c1a1f58
R
P 0x7f2a7c191628
C 342
R
P 0x7f2a7c191628
P 0x7f2a7c1a1f58
C 257
R
P 0x7f2a7c191628
C 342
R
P 0x7f2a7c191628
P 0x7f2a7c1a1f58
C 254
= 0x7f2a7c19b1e8
R
P 0x7f2a7c191628
C 342
R
P 0x7f2a7c191628
P 0x7f2a7c19b1e8
C 209
R
P 0x7f2a7c191628
C 342
R
P 0x7f2a7c191628
P 0x7f2a7c1a1f58
C 260
R
P 0x7f2a7c191628
C 342
R
P 0x7f2a7c191628
P 0x7f2a7c1a1f58
C 259
R
P 0x7f2a7c191628
C 342
R
P 0x7f2a7c191628
P 0x7f2a7c1a1f58
C 258
R
P 0x7f2a7c191628
C 342
R
P 0x7f2a7c191628
P 0x7f2a7c1a1f58
C 9
R
P 0x7f2a7c191628
C 342
R
P 0x7f2a7c191628
P 0x7f2a7c19c168
P 0x7f2a7c1a1f58
C 74
= 0x7f2a7c2ccf88
R
P 0x7f2a7c191628
C 342
R
P 0x7f2a7c191628
P 0x7f2a7c2ccf88
C 258
R
P 0x7f2a7c191628
C 342
R
P 0x7f2a7c191628
P 0x7f2a7c2ccf88
C 9
R
P 0x7f2a7c191628
C 342
R
P 0x7f2a7c191628
U 2
P 0x7f2a7c476038
P 0x7f2a7c2ccf88
p 2
C 63
= 0x7f2a7c476070
R
P 0x7f2a7c191628
C 342
R
P 0x7f2a7c191628
P 0x7f2a7c476070
C 258
R
P 0x7f2a7c191628
C 342
R
P 0x7f2a7c191628
P 0x7f2a7c476070
C 9
R
P 0x7f2a7c191628
C 342
R
P 0x7f2a7c191628
P 0x7f2a7c476070
C 58
= 0x7f2a7c4737f8
R
P 0x7f2a7c191628
C 342
R
P 0x7f2a7c191628
P 0x7f2a7c4737f8
C 258
R
P 0x7f2a7c191628
C 342
R
P 0x7f2a7c191628
P 0x7f2a7c4737f8
C 9
R
P 0x7f2a7c191628
C 342
R
P 0x7f2a7c191628
P 0x7f2a7c4737c8
P 0x7f2a7c4737f8
C 61
= 0x7f2a7c4760a8
R
P 0x7f2a7c191628
C 342
R
P 0x7f2a7c191628
P 0x7f2a7c4760a8
C 258
R
P 0x7f2a7c191628
C 342
R
P 0x7f2a7c191628
P 0x7f2a7c4760a8
C 9
R
P 0x7f2a7c191628
C 342
R
P 0x7f2a7c191628
P 0x7f2a7c1e1fc8
P 0x7f2a7c4760a8
C 427
R
P 0x7f2a7c191628
C 342
R
P 0x7f2a7c191628
I 7
P 0x7f2a7c19b208
C 150
= 0x7f2a7c19c148
R
P 0x7f2a7c191628
C 342
R
P 0x7f2a7c191628
P 0x7f2a7c19c148
C 258
R
P 0x7f2a7c191628
C 342
R
P 0x7f2a7c191628
P 0x7f2a7c19c148
C 9
R
P 0x7f2a7c191628
C 342
R
P 0x7f2a7c191628
I 4
P 0x7f2a7c19b208
C 150
= 0x7f2a7c19c028
R
P 0x7f2a7c191628
C 342
R
P 0x7f2a7c191628
P 0x7f2a7c19c028
C 258
R
P 0x7f2a7c191628
C 342
R
P 0x7f2a7c191628
P 0x7f2a7c19c028
C 9
R
P 0x7f2a7c191628
C 342
R
P 0x7f2a7c191628
P 0x7f2a7c19c148
P 0x7f2a7c19c028
C 56
= 0x7f2a7c4760e0
R
P 0x7f2a7c191628
C 342
R
P 0x7f2a7c191628
P 0x7f2a7c4760e0
C 258
R
P 0x7f2a7c191628
C 342
R
P 0x7f2a7c191628
P 0x7f2a7c4760e0
C 9
R
P 0x7f2a7c191628
C 342
R
P 0x7f2a7c191628
P 0x7f2a7c4760e0
C 58
= 0x7f2a7c473828
R
P 0x7f2a7c191628
C 342
R
P 0x7f2a7c191628
P 0x7f2a7c473828
C 258
R
P 0x7f2a7c191628
C 342
R
P 0x7f2a7c191628
P 0x7f2a7c473828
C 9
R
P 0x7f2a7c191628
C 342
R
P 0x7f2a7c191628
I 7
P 0x7f2a7c19b208
C 150
= 0x7f2a7c19c148
R
P 0x7f2a7c191628
C 342
R
P 0x7f2a7c191628
P 0x7f2a7c19c148
C 258
R
P 0x7f2a7c191628
C 342
R
P 0x7f2a7c191628
P 0x7f2a7c19c148
C 9
R
P 0x7f2a7c191628
C 342
R
P 0x7f2a7c191628
P 0x7f2a7c19c148
C 263
R
P 0x7f2a7c191628
C 342
R
P 0x7f2a7c191628
S "slot7Start"
C 30
R
P 0x7f2a7c191628
C 342
R
P 0x7f2a7c191628
$ |slot7Start|
C 202
R
P 0x7f2a7c191628
C 342
R
P 0x7f2a7c191628
$ |slot7Start|
P 0x7f2a7c19b1e8
C 51
= 0x7f2a7c19c168
R
P 0x7f2a7c191628
C 342
R
P 0x7f2a7c191628
P 0x7f2a7c19c168
C 257
R
P 0x7f2a7c191628
C 342
R
P 0x7f2a7c191628
P 0x7f2a7c19c168
C 254
= 0x7f2a7c19b1e8
R
P 0x7f2a7c191628
C 342
R
P 0x7f2a7c191628
P 0x7f2a7c19b1e8
C 209
R
P 0x7f2a7c191628
C 342
R
P 0x7f2a7c191628
P 0x7f2a7c19c168
C 260
R
P 0x7f2a7c191628
C 342
R
P 0x7f2a7c191628
P 0x7f2a7c19c168
C 259
R
P 0x7f2a7c191628
C 342
R
P 0x7f2a7c191628
P 0x7f2a7c19c168
C 258
R
P 0x7f2a7c191628
C 342
R
P 0x7f2a7c191628
P 0x7f2a7c19c168
C 9
R
P 0x7f2a7c191628
C 342
R
P 0x7f2a7c191628
I 4
P 0x7f2a7c19b208
C 150
= 0x7f2a7c19c028
R
P 0x7f2a7c191628
C 342
R
P 0x7f2a7c191628
P 0x7f2a7c19c028
C 258
R
P 0x7f2a7c191628
C 342
R
P 0x7f2a7c191628
P 0x7f2a7c19c028
C 9
R
P 0x7f2a7c191628
C 342
R
P 0x7f2a7c191628
P 0x7f2a7c19c028
C 263
R
P 0x7f2a7c191628
C 342
R
P 0x7f2a7c191628
S "slot4Start"
C 30
R
P 0x7f2a7c191628
C 342
R
P 0x7f2a7c191628
$ |slot4Start|
C 202
R
P 0x7f2a7c191628
C 342
R
P 0x7f2a7c191628
$ |slot4Start|
P 0x7f2a7c19b1e8
C 51
= 0x7f2a7c19c048
R
P 0x7f2a7c191628
C 342
R
P 0x7f2a7c191628
P 0x7f2a7c19c048
C 257
R
P 0x7f2a7c191628
C 342
R
P 0x7f2a7c191628
P 0x7f2a7c19c048
C 254
= 0x7f2a7c19b1e8
R
P 0x7f2a7c191628
C 342
R
P 0x7f2a7c191628
P 0x7f2a7c19b1e8
C 209
R
P 0x7f2a7c191628
C 342
R
P 0x7f2a7c191628
P 0x7f2a7c19c048
C 260
R
P 0x7f2a7c191628
C 342
R
P 0x7f2a7c191628
P 0x7f2a7c19c048
C 259
R
P 0x7f2a7c191628
C 342
R
P 0x7f2a7c191628
P 0x7f2a7c19c048
C 258
R
P 0x7f2a7c191628
C 342
R
P 0x7f2a7c191628
P 0x7f2a7c19c048
C 9
R
P 0x7f2a7c191628
C 342
R
P 0x7f2a7c191628
P 0x7f2a7c19c168
P 0x7f2a7c19c048
C 76
= 0x7f2a7c476118
R
P 0x7f2a7c191628
C 342
R
P 0x7f2a7c191628
P 0x7f2a7c476118
C 258
R
P 0x7f2a7c191628
C 342
R
P 0x7f2a7c191628
P 0x7f2a7c476118
C 9
R
P 0x7f2a7c191628
C 342
R
P 0x7f2a7c191628
I 7
P 0x7f2a7c19b208
C 150
= 0x7f2a7c19c148
R
P 0x7f2a7c191628
C 342
R
P 0x7f2a7c191628
P 0x7f2a7c19c148
C 258
R
P 0x7f2a7c191628
C 342
R
P 0x7f2a7c191628
P 0x7f2a7c19c148
C 9
R
P 0x7f2a7c191628
C 342
R
P 0x7f2a7c191628
P 0x7f2a7c19c148
C 263
R
P 0x7f2a7c191628
C 342
R
P 0x7f2a7c191628
S "slot7Start"
C 30
R
P 0x7f2a7c191628
C 342
R
P 0x7f2a7c191628
$ |slot7Start|
C 202
R
P 0x7f2a7c191628
C 342
R
P 0x7f2a7c191628
$ |slot7Start|
P 0x7f2a7c19b1e8
C 51
= 0x7f2a7c19c168
R
P 0x7f2a7c191628
C 342
R
P 0x7f2a7c191628
P 0x7f2a7c19c168
C 257
R
P 0x7f2a7c191628
C 342
R
P 0x7f2a7c191628
P 0x7f2a7c19c168
C 254
= 0x7f2a7c19b1e8
R
P 0x7f2a7c191628
C 342
R
P 0x7f2a7c191628
P 0x7f2a7c19b1e8
C 209
R
P 0x7f2a7c191628
C 342
R
P 0x7f2a7c191628
P 0x7f2a7c19c168
C 260
R
P 0x7f2a7c191628
C 342
R
P 0x7f2a7c191628
P 0x7f2a7c19c168
C 259
R
P 0x7f2a7c191628
C 342
R
P 0x7f2a7c191628
P 0x7f2a7c19c168
C 258
R
P 0x7f2a7c191628
C 342
R
P 0x7f2a7c191628
P 0x7f2a7c19c168
C 9
R
P 0x7f2a7c191628
C 342
R
P 0x7f2a7c191628
I 4
P 0x7f2a7c19b208
C 150
= 0x7f2a7c19c028
R
P 0x7f2a7c191628
C 342
R
P 0x7f2a7c191628
P 0x7f2a7c19c028
C 258
R
P 0x7f2a7c191628
C 342
R
P 0x7f2a7c191628
P 0x7f2a7c19c028
C 9
R
P 0x7f2a7c191628
C 342
R
P 0x7f2a7c191628
P 0x7f2a7c19c028
C 263
R
P 0x7f2a7c191628
C 342
R
P 0x7f2a7c191628
S "slot4Start"
C 30
R
P 0x7f2a7c191628
C 342
R
P 0x7f2a7c191628
$ |slot4Start|
C 202
R
P 0x7f2a7c191628
C 342
R
P 0x7f2a7c191628
$ |slot4Start|
P 0x7f2a7c19b1e8
C 51
= 0x7f2a7c19c048
R
P 0x7f2a7c191628
C 342
R
P 0x7f2a7c191628
P 0x7f2a7c19c048
C 257
R
P 0x7f2a7c191628
C 342
R
P 0x7f2a7c191628
P 0x7f2a7c19c048
C 254
= 0x7f2a7c19b1e8
R
P 0x7f2a7c191628
C 342
R
P 0x7f2a7c191628
P 0x7f2a7c19b1e8
C 209
R
P 0x7f2a7c191628
C 342
R
P 0x7f2a7c191628
P 0x7f2a7c19c048
C 260
R
P 0x7f2a7c191628
C 342
R
P 0x7f2a7c191628
P 0x7f2a7c19c048
C 259
R
P 0x7f2a7c191628
C 342
R
P 0x7f2a7c191628
P 0x7f2a7c19c048
C 258
R
P 0x7f2a7c191628
C 342
R
P 0x7f2a7c191628
P 0x7f2a7c19c048
C 9
R
P 0x7f2a7c191628
C 342
R
P 0x7f2a7c191628
I 4
P 0x7f2a7c19b208
C 150
= 0x7f2a7c19c028
R
P 0x7f2a7c191628
C 342
R
P 0x7f2a7c191628
P 0x7f2a7c19c028
C 258
R
P 0x7f2a7c191628
C 342
R
P 0x7f2a7c191628
P 0x7f2a7c19c028
C 9
R
P 0x7f2a7c191628
C 342
R
P 0x7f2a7c191628
P 0x7f2a7c19c028
C 263
R
P 0x7f2a7c191628
C 342
R
P 0x7f2a7c191628
S "slot4Duration"
C 30
R
P 0x7f2a7c191628
C 342
R
P 0x7f2a7c191628
$ |slot4Duration|
C 202
R
P 0x7f2a7c191628
C 342
R
P 0x7f2a7c191628
$ |slot4Duration|
P 0x7f2a7c19b1e8
C 51
= 0x7f2a7c19c068
R
P 0x7f2a7c191628
C 342
R
P 0x7f2a7c191628
P 0x7f2a7c19c068
C 257
R
P 0x7f2a7c191628
C 342
R
P 0x7f2a7c191628
P 0x7f2a7c19c068
C 254
= 0x7f2a7c19b1e8
R
P 0x7f2a7c191628
C 342
R
P 0x7f2a7c191628
P 0x7f2a7c19b1e8
C 209
R
P 0x7f2a7c191628
C 342
R
P 0x7f2a7c191628
P 0x7f2a7c19c068
C 260
R
P 0x7f2a7c191628
C 342
R
P 0x7f2a7c191628
P 0x7f2a7c19c068
C 259
R
P 0x7f2a7c191628
C 342
R
P 0x7f2a7c191628
P 0x7f2a7c19c068
C 258
R
P 0x7f2a7c191628
C 342
R
P 0x7f2a7c191628
P 0x7f2a7c19c068
C 9
R
P 0x7f2a7c191628
C 342
R
P 0x7f2a7c191628
U 2
P 0x7f2a7c19c048
P 0x7f2a7c19c068
p 2
C 65
= 0x7f2a7c1a20a8
R
P 0x7f2a7c191628
C 342
R
P 0x7f2a7c191628
P 0x7f2a7c1a20a8
C 257
R
P 0x7f2a7c191628
C 342
R
P 0x7f2a7c191628
P 0x7f2a7c1a20a8
C 254
= 0x7f2a7c19b1e8
R
P 0x7f2a7c191628
C 342
R
P 0x7f2a7c191628
P 0x7f2a7c19b1e8
C 209
R
P 0x7f2a7c191628
C 342
R
P 0x7f2a7c191628
P 0x7f2a7c1a20a8
C 260
R
P 0x7f2a7c191628
C 342
R
P 0x7f2a7c191628
P 0x7f2a7c1a20a8
C 259
R
P 0x7f2a7c191628
C 342
R
P 0x7f2a7c191628
P 0x7f2a7c1a20a8
C 258
R
P 0x7f2a7c191628
C 342
R
P 0x7f2a7c191628
P 0x7f2a7c1a20a8
C 9
R
P 0x7f2a7c191628
C 342
R
P 0x7f2a7c191628
P 0x7f2a7c19c168
P 0x7f2a7c1a20a8
C 74
= 0x7f2a7c478c80
R
P 0x7f2a7c191628
C 342
R
P 0x7f2a7c191628
P 0x7f2a7c478c80
C 258
R
P 0x7f2a7c191628
C 342
R
P 0x7f2a7c191628
P 0x7f2a7c478c80
C 9
R
P 0x7f2a7c191628
C 342
R
P 0x7f2a7c191628
U 2
P 0x7f2a7c476118
P 0x7f2a7c478c80
p 2
C 63
= 0x7f2a7c476150
R
P 0x7f2a7c191628
C 342
R
P 0x7f2a7c191628
P 0x7f2a7c476150
C 258
R
P 0x7f2a7c191628
C 342
R
P 0x7f2a7c191628
P 0x7f2a7c476150
C 9
R
P 0x7f2a7c191628
C 342
R
P 0x7f2a7c191628
P 0x7f2a7c476150
C 58
= 0x7f2a7c473858
R
P 0x7f2a7c191628
C 342
R
P 0x7f2a7c191628
P 0x7f2a7c473858
C 258
R
P 0x7f2a7c191628
C 342
R
P 0x7f2a7c191628
P 0x7f2a7c473858
C 9
R
P 0x7f2a7c191628
C 342
R
P 0x7f2a7c191628
P 0x7f2a7c473828
P 0x7f2a7c473858
C 61
= 0x7f2a7c476188
R
P 0x7f2a7c191628
C 342
R
P 0x7f2a7c191628
P 0x7f2a7c476188
C 258
R
P 0x7f2a7c191628
C 342
R
P 0x7f2a7c191628
P 0x7f2a7c476188
C 9
R
P 0x7f2a7c191628
C 342
R
P 0x7f2a7c191628
P 0x7f2a7c1e1fc8
P 0x7f2a7c476188
C 427
R
P 0x7f2a7c191628
C 342
R
P 0x7f2a7c191628
I 7
P 0x7f2a7c19b208
C 150
= 0x7f2a7c19c148
R
P 0x7f2a7c191628
C 342
R
P 0x7f2a7c191628
P 0x7f2a7c19c148
C 258
R
P 0x7f2a7c191628
C 342
R
P 0x7f2a7c191628
P 0x7f2a7c19c148
C 9
R
P 0x7f2a7c191628
C 342
R
P 0x7f2a7c191628
I 5
P 0x7f2a7c19b208
C 150
= 0x7f2a7c19c088
R
P 0x7f2a7c191628
C 342
R
P 0x7f2a7c191628
P 0x7f2a7c19c088
C 258
R
P 0x7f2a7c191628
C 342
R
P 0x7f2a7c191628
P 0x7f2a7c19c088
C 9
R
P 0x7f2a7c191628
C 342
R
P 0x7f2a7c191628
P 0x7f2a7c19c148
P 0x7f2a7c19c088
C 56
= 0x7f2a7c4761c0
R
P 0x7f2a7c191628
C 342
R
P 0x7f2a7c191628
P 0x7f2a7c4761c0
C 258
R
P 0x7f2a7c191628
C 342
R
P 0x7f2a7c191628
P 0x7f2a7c4761c0
C 9
R
P 0x7f2a7c191628
C 342
R
P 0x7f2a7c191628
P 0x7f2a7c4761c0
C 58
= 0x7f2a7c473888
R
P 0x7f2a7c191628
C 342
R
P 0x7f2a7c191628
P 0x7f2a7c473888
C 258
R
P 0x7f2a7c191628
C 342
R
P 0x7f2a7c191628
P 0x7f2a7c473888
C 9
R
P 0x7f2a7c191628
C 342
R
P 0x7f2a7c191628
I 7
P 0x7f2a7c19b208
C 150
= 0x7f2a7c19c148
R
P 0x7f2a7c191628
C 342
R
P 0x7f2a7c191628
P 0x7f2a7c19c148
C 258
R
P 0x7f2a7c191628
C 342
R
P 0x7f2a7c191628
P 0x7f2a7c19c148
C 9
R
P 0x7f2a7c191628
C 342
R
P 0x7f2a7c191628
P 0x7f2a7c19c148
C 263
R
P 0x7f2a7c191628
C 342
R
P 0x7f2a7c191628
S "slot7Start"
C 30
R
P 0x7f2a7c191628
C 342
R
P 0x7f2a7c191628
$ |slot7Start|
C 202
R
P 0x7f2a7c191628
C 342
R
P 0x7f2a7c191628
$ |slot7Start|
P 0x7f2a7c19b1e8
C 51
= 0x7f2a7c19c168
R
P 0x7f2a7c191628
C 342
R
P 0x7f2a7c191628
P 0x7f2a7c19c168
C 257
R
P 0x7f2a7c191628
C 342
R
P 0x7f2a7c191628
P 0x7f2a7c19c168
C 254
= 0x7f2a7c19b1e8
R
P 0x7f2a7c191628
C 342
R
P 0x7f2a7c191628
P 0x7f2a7c19b1e8
C 209
R
P 0x7f2a7c191628
C 342
R
P 0x7f2a7c191628
P 0x7f2a7c19c168
C 260
R
P 0x7f2a7c191628
C 342
R
P 0x7f2a7c191628
P 0x7f2a7c19c168
C 259
R
P 0x7f2a7c191628
C 342
R
P 0x7f2a7c191628
P 0x7f2a7c19c168
C 258
R
P 0x7f2a7c191628
C 342
R
P 0x7f2a7c191628
P 0x7f2a7c19c168
C 9
R
P 0x7f2a7c191628
C 342
R
P 0x7f2a7c191628
I 5
P 0x7f2a7c19b208
C 150
= 0x7f2a7c19c088
R
P 0x7f2a7c191628
C 342
R
P 0x7f2a7c191628
P 0x7f2a7c19c088
C 258
R
P 0x7f2a7c191628
C 342
R
P 0x7f2a7c191628
P 0x7f2a7c19c088
C 9
R
P 0x7f2a7c191628
C 342
R
P 0x7f2a7c191628
P 0x7f2a7c19c088
C 263
R
P 0x7f2a7c191628
C 342
R
P 0x7f2a7c191628
S "slot5Start"
C 30
R
P 0x7f2a7c191628
C 342
R
P 0x7f2a7c191628
$ |slot5Start|
C 202
R
P 0x7f2a7c191628
C 342
R
P 0x7f2a7c191628
$ |slot5Start|
P 0x7f2a7c19b1e8
C 51
= 0x7f2a7c19c0a8
R
P 0x7f2a7c191628
C 342
R
P 0x7f2a7c191628
P 0x7f2a7c19c0a8
C 257
R
P 0x7f2a7c191628
C 342
R
P 0x7f2a7c191628
P 0x7f2a7c19c0a8
C 254
= 0x7f2a7c19b1e8
R
P 0x7f2a7c191628
C 342
R
P 0x7f2a7c191628
P 0x7f2a7c19b1e8
C 209
R
P 0x7f2a7c191628
C 342
R
P 0x7f2a7c191628
P 0x7f2a7c19c0a8
C 260
R
P 0x7f2a7c191628
C 342
R
P 0x7f2a7c191628
P 0x7f2a7c19c0a8
C 259
R
P 0x7f2a7c191628
C 342
R
P 0x7f2a7c191628
P 0x7f2a7c19c0a8
C 258
R
P 0x7f2a7c191628
C 342
R
P 0x7f2a7c191628
P 0x7f2a7c19c0a8
C 9
R
P 0x7f2a7c191628
C 342
R
P 0x7f2a7c191628
P 0x7f2a7c19c168
P 0x7f2a7c19c0a8
C 76
= 0x7f2a7c4761f8
R
P 0x7f2a7c191628
C 342
R
P 0x7f2a7c191628
P 0x7f2a7c4761f8
C 258
R
P 0x7f2a7c191628
C 342
R
P 0x7f2a7c191628
P 0x7f2a7c4761f8
C 9
R
P 0x7f2a7c191628
C 342
R
P 0x7f2a7c191628
I 7
P 0x7f2a7c19b208
C 150
= 0x7f2a7c19c148
R
P 0x7f2a7c191628
C 342
R
P 0x7f2a7c191628
P 0x7f2a7c19c148
C 258
R
P 0x7f2a7c191628
C 342
R
P 0x7f2a7c191628
P 0x7f2a7c19c148
C 9
R
P 0x7f2a7c191628
C 342
R
P 0x7f2a7c191628
P 0x7f2a7c19c148
C 263
R
P 0x7f2a7c191628
C 342
R
P 0x7f2a7c191628
S "slot7Start"
C 30
R
P 0x7f2a7c191628
C 342
R
P 0x7f2a7c191628
$ |slot7Start|
C 202
R
P 0x7f2a7c191628
C 342
R
P 0x7f2a7c191628
$ |slot7Start|
P 0x7f2a7c19b1e8
C 51
= 0x7f2a7c19c168
R
P 0x7f2a7c191628
C 342
R
P 0x7f2a7c191628
P 0x7f2a7c19c168
C 257
R
P 0x7f2a7c191628
C 342
R
P 0x7f2a7c191628
P 0x7f2a7c19c168
C 254
= 0x7f2a7c19b1e8
R
P 0x7f2a7c191628
C 342
R
P 0x7f2a7c191628
P 0x7f2a7c19b1e8
C 209
R
P 0x7f2a7c191628
C 342
R
P 0x7f2a7c191628
P 0x7f2a7c19c168
C 260
R
P 0x7f2a7c191628
C 342
R
P 0x7f2a7c191628
P 0x7f2a7c19c168
C 259
R
P 0x7f2a7c191628
C 342
R
P 0x7f2a7c191628
P 0x7f2a7c19c168
C 258
R
P 0x7f2a7c191628
C 342
R
P 0x7f2a7c191628
P 0x7f2a7c19c168
C 9
R
P 0x7f2a7c191628
C 342
R
P 0x7f2a7c191628
I 5
P 0x7f2a7c19b208
C 150
= 0x7f2a7c19c088
R
P 0x7f2a7c191628
C 342
R
P 0x7f2a7c191628
P 0x7f2a7c19c088
C 258
R
P 0x7f2a7c191628
C 342
R
P 0x7f2a7c191628
P 0x7f2a7c19c088
C 9
R
P 0x7f2a7c191628
C 342
R
P 0x7f2a7c191628
P 0x7f2a7c19c088
C 263
R
P 0x7f2a7c191628
C 342
R
P 0x7f2a7c191628
S "slot5Start"
C 30
R
P 0x7f2a7c191628
C 342
R
P 0x7f2a7c191628
$ |slot5Start|
C 202
R
P 0x7f2a7c191628
C 342
R
P 0x7f2a7c191628
$ |slot5Start|
P 0x7f2a7c19b1e8
C 51
= 0x7f2a7c19c0a8
R
P 0x7f2a7c191628
C 342
R
P 0x7f2a7c191628
P 0x7f2a7c19c0a8
C 257
R
P 0x7f2a7c191628
C 342
R
P 0x7f2a7c191628
P 0x7f2a7c19c0a8
C 254
= 0x7f2a7c19b1e8
R
P 0x7f2a7c191628
C 342
R
P 0x7f2a7c191628
P 0x7f2a7c19b1e8
C 209
R
P 0x7f2a7c191628
C 342
R
P 0x7f2a7c191628
P 0x7f2a7c19c0a8
C 260
R
P 0x7f2a7c191628
C 342
R
P 0x7f2a7c191628
P 0x7f2a7c19c0a8
C 259
R
P 0x7f2a7c191628
C 342
R
P 0x7f2a7c191628
P 0x7f2a7c19c0a8
C 258
R
P 0x7f2a7c191628
C 342
R
P 0x7f2a7c191628
P 0x7f2a7c19c0a8
C 9
R
P 0x7f2a7c191628
C 342
R
P 0x7f2a7c191628
I 5
P 0x7f2a7c19b208
C 150
= 0x7f2a7c19c088
R
P 0x7f2a7c191628
C 342
R
P 0x7f2a7c191628
P 0x7f2a7c19c088
C 258
R
P 0x7f2a7c191628
C 342
R
P 0x7f2a7c191628
P 0x7f2a7c19c088
C 9
R
P 0x7f2a7c191628
C 342
R
P 0x7f2a7c191628
P 0x7f2a7c19c088
C 263
R
P 0x7f2a7c191628
C 342
R
P 0x7f2a7c191628
S "slot5Duration"
C 30
R
P 0x7f2a7c191628
C 342
R
P 0x7f2a7c191628
$ |slot5Duration|
C 202
R
P 0x7f2a7c191628
C 342
R
P 0x7f2a7c191628
$ |slot5Duration|
P 0x7f2a7c19b1e8
C 51
= 0x7f2a7c19c0c8
R
P 0x7f2a7c191628
C 342
R
P 0x7f2a7c191628
P 0x7f2a7c19c0c8
C 257
R
P 0x7f2a7c191628
C 342
R
P 0x7f2a7c191628
P 0x7f2a7c19c0c8
C 254
= 0x7f2a7c19b1e8
R
P 0x7f2a7c191628
C 342
R
P 0x7f2a7c191628
P 0x7f2a7c19b1e8
C 209
R
P 0x7f2a7c191628
C 342
R
P 0x7f2a7c191628
P 0x7f2a7c19c0c8
C 260
R
P 0x7f2a7c191628
C 342
R
P 0x7f2a7c191628
P 0x7f2a7c19c0c8
C 259
R
P 0x7f2a7c191628
C 342
R
P 0x7f2a7c191628
P 0x7f2a7c19c0c8
C 258
R
P 0x7f2a7c191628
C 342
R
P 0x7f2a7c191628
P 0x7f2a7c19c0c8
C 9
R
P 0x7f2a7c191628
C 342
R
P 0x7f2a7c191628
U 2
P 0x7f2a7c19c0a8
P 0x7f2a7c19c0c8
p 2
C 65
= 0x7f2a7c1a21f8
R
P 0x7f2a7c191628
C 342
R
P 0x7f2a7c191628
P 0x7f2a7c1a21f8
C 257
R
P 0x7f2a7c191628
C 342
R
P 0x7f2a7c191628
P 0x7f2a7c1a21f8
C 254
= 0x7f2a7c19b1e8
R
P 0x7f2a7c191628
C 342
R
P 0x7f2a7c191628
P 0x7f2a7c19b1e8
C 209
R
P 0x7f2a7c191628
C 342
R
P 0x7f2a7c191628
P 0x7f2a7c1a21f8
C 260
R
P 0x7f2a7c191628
C 342
R
P 0x7f2a7c191628
P 0x7f2a7c1a21f8
C 259
R
P 0x7f2a7c191628
C 342
R
P 0x7f2a7c191628
P 0x7f2a7c1a21f8
C 258
R
P 0x7f2a7c191628
C 342
R
P 0x7f2a7c191628
P 0x7f2a7c1a21f8
C 9
R
P 0x7f2a7c191628
C 342
R
P 0x7f2a7c191628
P 0x7f2a7c19c168
P 0x7f2a7c1a21f8
C 74
= 0x7f2a7c479bd0
R
P 0x7f2a7c191628
C 342
R
P 0x7f2a7c191628
P 0x7f2a7c479bd0
C 258
R
P 0x7f2a7c191628
C 342
R
P 0x7f2a7c191628
P 0x7f2a7c479bd0
C 9
R
P 0x7f2a7c191628
C 342
R
P 0x7f2a7c191628
U 2
P 0x7f2a7c4761f8
P 0x7f2a7c479bd0
p 2
C 63
= 0x7f2a7c476230
R
P 0x7f2a7c191628
C 342
R
P 0x7f2a7c191628
P 0x7f2a7c476230
C 258
R
P 0x7f2a7c191628
C 342
R
P 0x7f2a7c191628
P 0x7f2a7c476230
C 9
R
P 0x7f2a7c191628
C 342
R
P 0x7f2a7c191628
P 0x7f2a7c476230
C 58
= 0x7f2a7c4738b8
R
P 0x7f2a7c191628
C 342
R
P 0x7f2a7c191628
P 0x7f2a7c4738b8
C 258
R
P 0x7f2a7c191628
C 342
R
P 0x7f2a7c191628
P 0x7f2a7c4738b8
C 9
R
P 0x7f2a7c191628
C 342
R
P 0x7f2a7c191628
P 0x7f2a7c473888
P 0x7f2a7c4738b8
C 61
= 0x7f2a7c476268
R
P 0x7f2a7c191628
C 342
R
P 0x7f2a7c191628
P 0x7f2a7c476268
C 258
R
P 0x7f2a7c191628
C 342
R
P 0x7f2a7c191628
P 0x7f2a7c476268
C 9
R
P 0x7f2a7c191628
C 342
R
P 0x7f2a7c191628
P 0x7f2a7c1e1fc8
P 0x7f2a7c476268
C 427
R
P 0x7f2a7c191628
C 342
R
P 0x7f2a7c191628
I 7
P 0x7f2a7c19b208
C 150
= 0x7f2a7c19c148
R
P 0x7f2a7c191628
C 342
R
P 0x7f2a7c191628
P 0x7f2a7c19c148
C 258
R
P 0x7f2a7c191628
C 342
R
P 0x7f2a7c191628
P 0x7f2a7c19c148
C 9
R
P 0x7f2a7c191628
C 342
R
P 0x7f2a7c191628
I 6
P 0x7f2a7c19b208
C 150
= 0x7f2a7c19c0e8
R
P 0x7f2a7c191628
C 342
R
P 0x7f2a7c191628
P 0x7f2a7c19c0e8
C 258
R
P 0x7f2a7c191628
C 342
R
P 0x7f2a7c191628
P 0x7f2a7c19c0e8
C 9
R
P 0x7f2a7c191628
C 342
R
P 0x7f2a7c191628
P 0x7f2a7c19c148
P 0x7f2a7c19c0e8
C 56
= 0x7f2a7c4762a0
R
P 0x7f2a7c191628
C 342
R
P 0x7f2a7c191628
P 0x7f2a7c4762a0
C 258
R
P 0x7f2a7c191628
C 342
R
P 0x7f2a7c191628
P 0x7f2a7c4762a0
C 9
R
P 0x7f2a7c191628
C 342
R
P 0x7f2a7c191628
P 0x7f2a7c4762a0
C 58
= 0x7f2a7c4738e8
R
P 0x7f2a7c191628
C 342
R
P 0x7f2a7c191628
P 0x7f2a7c4738e8
C 258
R
P 0x7f2a7c191628
C 342
R
P 0x7f2a7c191628
P 0x7f2a7c4738e8
C 9
R
P 0x7f2a7c191628
C 342
R
P 0x7f2a7c191628
I 7
P 0x7f2a7c19b208
C 150
= 0x7f2a7c19c148
R
P 0x7f2a7c191628
C 342
R
P 0x7f2a7c191628
P 0x7f2a7c19c148
C 258
R
P 0x7f2a7c191628
C 342
R
P 0x7f2a7c191628
P 0x7f2a7c19c148
C 9
R
P 0x7f2a7c191628
C 342
R
P 0x7f2a7c191628
P 0x7f2a7c19c148
C 263
R
P 0x7f2a7c191628
C 342
R
P 0x7f2a7c191628
S "slot7Start"
C 30
R
P 0x7f2a7c191628
C 342
R
P 0x7f2a7c191628
$ |slot7Start|
C 202
R
P 0x7f2a7c191628
C 342
R
P 0x7f2a7c191628
$ |slot7Start|
P 0x7f2a7c19b1e8
C 51
= 0x7f2a7c19c168
R
P 0x7f2a7c191628
C 342
R
P 0x7f2a7c191628
P 0x7f2a7c19c168
C 257
R
P 0x7f2a7c191628
C 342
R
P 0x7f2a7c191628
P 0x7f2a7c19c168
C 254
= 0x7f2a7c19b1e8
R
P 0x7f2a7c191628
C 342
R
P 0x7f2a7c191628
P 0x7f2a7c19b1e8
C 209
R
P 0x7f2a7c191628
C 342
R
P 0x7f2a7c191628
P 0x7f2a7c19c168
C 260
R
P 0x7f2a7c191628
C 342
R
P 0x7f2a7c191628
P 0x7f2a7c19c168
C 259
R
P 0x7f2a7c191628
C 342
R
P 0x7f2a7c191628
P 0x7f2a7c19c168
C 258
R
P 0x7f2a7c191628
C 342
R
P 0x7f2a7c191628
P 0x7f2a7c19c168
C 9
R
P 0x7f2a7c191628
C 342
R
P 0x7f2a7c191628
I 6
P 0x7f2a7c19b208
C 150
= 0x7f2a7c19c0e8
R
P 0x7f2a7c191628
C 342
R
P 0x7f2a7c191628
P 0x7f2a7c19c0e8
C 258
R
P 0x7f2a7c191628
C 342
R
P 0x7f2a7c191628
P 0x7f2a7c19c0e8
C 9
R
P 0x7f2a7c191628
C 342
R
P 0x7f2a7c191628
P 0x7f2a7c19c0e8
C 263
R
P 0x7f2a7c191628
C 342
R
P 0x7f2a7c191628
S "slot6Start"
C 30
R
P 0x7f2a7c191628
C 342
R
P 0x7f2a7c191628
$ |slot6Start|
C 202
R
P 0x7f2a7c191628
C 342
R
P 0x7f2a7c191628
$ |slot6Start|
P 0x7f2a7c19b1e8
C 51
= 0x7f2a7c19c108
R
P 0x7f2a7c191628
C 342
R
P 0x7f2a7c191628
P 0x7f2a7c19c108
C 257
R
P 0x7f2a7c191628
C 342
R
P 0x7f2a7c191628
P 0x7f2a7c19c108
C 254
= 0x7f2a7c19b1e8
R
P 0x7f2a7c191628
C 342
R
P 0x7f2a7c191628
P 0x7f2a7c19b1e8
C 209
R
P 0x7f2a7c191628
C 342
R
P 0x7f2a7c191628
P 0x7f2a7c19c108
C 260
R
P 0x7f2a7c191628
C 342
R
P 0x7f2a7c191628
P 0x7f2a7c19c108
C 259
R
P 0x7f2a7c191628
C 342
R
P 0x7f2a7c191628
P 0x7f2a7c19c108
C 258
R
P 0x7f2a7c191628
C 342
R
P 0x7f2a7c191628
P 0x7f2a7c19c108
C 9
R
P 0x7f2a7c191628
C 342
R
P 0x7f2a7c191628
P 0x7f2a7c19c168
P 0x7f2a7c19c108
C 76
= 0x7f2a7c4762d8
R
P 0x7f2a7c191628
C 342
R
P 0x7f2a7c191628
P 0x7f2a7c4762d8
C 258
R
P 0x7f2a7c191628
C 342
R
P 0x7f2a7c191628
P 0x7f2a7c4762d8
C 9
R
P 0x7f2a7c191628
C 342
R
P 0x7f2a7c191628
I 7
P 0x7f2a7c19b208
C 150
= 0x7f2a7c19c148
R
P 0x7f2a7c191628
C 342
R
P 0x7f2a7c191628
P 0x7f2a7c19c148
C 258
R
P 0x7f2a7c191628
C 342
R
P 0x7f2a7c191628
P 0x7f2a7c19c148
C 9
R
P 0x7f2a7c191628
C 342
R
P 0x7f2a7c191628
P 0x7f2a7c19c148
C 263
R
P 0x7f2a7c191628
C 342
R
P 0x7f2a7c191628
S "slot7Start"
C 30
R
P 0x7f2a7c191628
C 342
R
P 0x7f2a7c191628
$ |slot7Start|
C 202
R
P 0x7f2a7c191628
C 342
R
P 0x7f2a7c191628
$ |slot7Start|
P 0x7f2a7c19b1e8
C 51
= 0x7f2a7c19c168
R
P 0x7f2a7c191628
C 342
R
P 0x7f2a7c191628
P 0x7f2a7c19c168
C 257
R
P 0x7f2a7c191628
C 342
R
P 0x7f2a7c191628
P 0x7f2a7c19c168
C 254
= 0x7f2a7c19b1e8
R
P 0x7f2a7c191628
C 342
R
P 0x7f2a7c191628
P 0x7f2a7c19b1e8
C 209
R
P 0x7f2a7c191628
C 342
R
P 0x7f2a7c191628
P 0x7f2a7c19c168
C 260
R
P 0x7f2a7c191628
C 342
R
P 0x7f2a7c191628
P 0x7f2a7c19c168
C 259
R
P 0x7f2a7c191628
C 342
R
P 0x7f2a7c191628
P 0x7f2a7c19c168
C 258
R
P 0x7f2a7c191628
C 342
R
P 0x7f2a7c191628
P 0x7f2a7c19c168
C 9
R
P 0x7f2a7c191628
C 342
R
P 0x7f2a7c191628
I 6
P 0x7f2a7c19b208
C 150
= 0x7f2a7c19c0e8
R
P 0x7f2a7c191628
C 342
R
P 0x7f2a7c191628
P 0x7f2a7c19c0e8
C 258
R
P 0x7f2a7c191628
C 342
R
P 0x7f2a7c191628
P 0x7f2a7c19c0e8
C 9
R
P 0x7f2a7c191628
C 342
R
P 0x7f2a7c191628
P 0x7f2a7c19c0e8
C 263
R
P 0x7f2a7c191628
C 342
R
P 0x7f2a7c191628
S "slot6Start"
C 30
R
P 0x7f2a7c191628
C 342
R
P 0x7f2a7c191628
$ |slot6Start|
C 202
R
P 0x7f2a7c191628
C 342
R
P 0x7f2a7c191628
$ |slot6Start|
P 0x7f2a7c19b1e8
C 51
= 0x7f2a7c19c108
R
P 0x7f2a7c191628
C 342
R
P 0x7f2a7c191628
P 0x7f2a7c19c108
C 257
R
P 0x7f2a7c191628
C 342
R
P 0x7f2a7c191628
P 0x7f2a7c19c108
C 254
= 0x7f2a7c19b1e8
R
P 0x7f2a7c191628
C 342
R
P 0x7f2a7c191628
P 0x7f2a7c19b1e8
C 209
R
P 0x7f2a7c191628
C 342
R
P 0x7f2a7c191628
P 0x7f2a7c19c108
C 260
R
P 0x7f2a7c191628
C 342
R
P 0x7f2a7c191628
P 0x7f2a7c19c108
C 259
R
P 0x7f2a7c191628
C 342
R
P 0x7f2a7c191628
P 0x7f2a7c19c108
C 258
R
P 0x7f2a7c191628
C 342
R
P 0x7f2a7c191628
P 0x7f2a7c19c108
C 9
R
P 0x7f2a7c191628
C 342
R
P 0x7f2a7c191628
I 6
P 0x7f2a7c19b208
C 150
= 0x7f2a7c19c0e8
R
P 0x7f2a7c191628
C 342
R
P 0x7f2a7c191628
P 0x7f2a7c19c0e8
C 258
R
P 0x7f2a7c191628
C 342
R
P 0x7f2a7c191628
P 0x7f2a7c19c0e8
C 9
R
P 0x7f2a7c191628
C 342
R
P 0x7f2a7c191628
P 0x7f2a7c19c0e8
C 263
R
P 0x7f2a7c191628
C 342
R
P 0x7f2a7c191628
S "slot6Duration"
C 30
R
P 0x7f2a7c191628
C 342
R
P 0x7f2a7c191628
$ |slot6Duration|
C 202
R
P 0x7f2a7c191628
C 342
R
P 0x7f2a7c191628
$ |slot6Duration|
P 0x7f2a7c19b1e8
C 51
= 0x7f2a7c19c128
R
P 0x7f2a7c191628
C 342
R
P 0x7f2a7c191628
P 0x7f2a7c19c128
C 257
R
P 0x7f2a7c191628
C 342
R
P 0x7f2a7c191628
P 0x7f2a7c19c128
C 254
= 0x7f2a7c19b1e8
R
P 0x7f2a7c191628
C 342
R
P 0x7f2a7c191628
P 0x7f2a7c19b1e8
C 209
R
P 0x7f2a7c191628
C 342
R
P 0x7f2a7c191628
P 0x7f2a7c19c128
C 260
R
P 0x7f2a7c191628
C 342
R
P 0x7f2a7c191628
P 0x7f2a7c19c128
C 259
R
P 0x7f2a7c191628
C 342
R
P 0x7f2a7c191628
P 0x7f2a7c19c128
C 258
R
P 0x7f2a7c191628
C 342
R
P 0x7f2a7c191628
P 0x7f2a7c19c128
C 9
R
P 0x7f2a7c191628
C 342
R
P 0x7f2a7c191628
U 2
P 0x7f2a7c19c108
P 0x7f2a7c19c128
p 2
C 65
= 0x7f2a7c1a2348
R
P 0x7f2a7c191628
C 342
R
P 0x7f2a7c191628
P 0x7f2a7c1a2348
C 257
R
P 0x7f2a7c191628
C 342
R
P 0x7f2a7c191628
P 0x7f2a7c1a2348
C 254
= 0x7f2a7c19b1e8
R
P 0x7f2a7c191628
C 342
R
P 0x7f2a7c191628
P 0x7f2a7c19b1e8
C 209
R
P 0x7f2a7c191628
C 342
R
P 0x7f2a7c191628
P 0x7f2a7c1a2348
C 260
R
P 0x7f2a7c191628
C 342
R
P 0x7f2a7c191628
P 0x7f2a7c1a2348
C 259
R
P 0x7f2a7c191628
C 342
R
P 0x7f2a7c191628
P 0x7f2a7c1a2348
C 258
R
P 0x7f2a7c191628
C 342
R
P 0x7f2a7c191628
P 0x7f2a7c1a2348
C 9
R
P 0x7f2a7c191628
C 342
R
P 0x7f2a7c191628
P 0x7f2a7c19c168
P 0x7f2a7c1a2348
C 74
= 0x7f2a7c475af8
R
P 0x7f2a7c191628
C 342
R
P 0x7f2a7c191628
P 0x7f2a7c475af8
C 258
R
P 0x7f2a7c191628
C 342
R
P 0x7f2a7c191628
P 0x7f2a7c475af8
C 9
R
P 0x7f2a7c191628
C 342
R
P 0x7f2a7c191628
U 2
P 0x7f2a7c4762d8
P 0x7f2a7c475af8
p 2
C 63
= 0x7f2a7c476310
R
P 0x7f2a7c191628
C 342
R
P 0x7f2a7c191628
P 0x7f2a7c476310
C 258
R
P 0x7f2a7c191628
C 342
R
P 0x7f2a7c191628
P 0x7f2a7c476310
C 9
R
P 0x7f2a7c191628
C 342
R
P 0x7f2a7c191628
P 0x7f2a7c476310
C 58
= 0x7f2a7c473918
R
P 0x7f2a7c191628
C 342
R
P 0x7f2a7c191628
P 0x7f2a7c473918
C 258
R
P 0x7f2a7c191628
C 342
R
P 0x7f2a7c191628
P 0x7f2a7c473918
C 9
R
P 0x7f2a7c191628
C 342
R
P 0x7f2a7c191628
P 0x7f2a7c4738e8
P 0x7f2a7c473918
C 61
= 0x7f2a7c476348
R
P 0x7f2a7c191628
C 342
R
P 0x7f2a7c191628
P 0x7f2a7c476348
C 258
R
P 0x7f2a7c191628
C 342
R
P 0x7f2a7c191628
P 0x7f2a7c476348
C 9
R
P 0x7f2a7c191628
C 342
R
P 0x7f2a7c191628
P 0x7f2a7c1e1fc8
P 0x7f2a7c476348
C 427
R
P 0x7f2a7c191628
C 342
R
P 0x7f2a7c191628
I 7
P 0x7f2a7c19b208
C 150
= 0x7f2a7c19c148
R
P 0x7f2a7c191628
C 342
R
P 0x7f2a7c191628
P 0x7f2a7c19c148
C 258
R
P 0x7f2a7c191628
C 342
R
P 0x7f2a7c191628
P 0x7f2a7c19c148
C 9
R
P 0x7f2a7c191628
C 342
R
P 0x7f2a7c191628
I 7
P 0x7f2a7c19b208
C 150
= 0x7f2a7c19c148
R
P 0x7f2a7c191628
C 342
R
P 0x7f2a7c191628
P 0x7f2a7c19c148
C 258
R
P 0x7f2a7c191628
C 342
R
P 0x7f2a7c191628
P 0x7f2a7c19c148
C 9
R
P 0x7f2a7c191628
C 342
R
P 0x7f2a7c191628
P 0x7f2a7c19c148
P 0x7f2a7c19c148
C 56
= 0x7f2a7c476380
R
P 0x7f2a7c191628
C 342
R
P 0x7f2a7c191628
P 0x7f2a7c476380
C 258
R
P 0x7f2a7c191628
C 342
R
P 0x7f2a7c191628
P 0x7f2a7c476380
C 9
R
P 0x7f2a7c191628
C 342
R
P 0x7f2a7c191628
P 0x7f2a7c476380
C 58
= 0x7f2a7c473948
R
P 0x7f2a7c191628
C 342
R
P 0x7f2a7c191628
P 0x7f2a7c473948
C 258
R
P 0x7f2a7c191628
C 342
R
P 0x7f2a7c191628
P 0x7f2a7c473948
C 9
R
P 0x7f2a7c191628
C 342
R
P 0x7f2a7c191628
I 7
P 0x7f2a7c19b208
C 150
= 0x7f2a7c19c148
R
P 0x7f2a7c191628
C 342
R
P 0x7f2a7c191628
P 0x7f2a7c19c148
C 258
R
P 0x7f2a7c191628
C 342
R
P 0x7f2a7c191628
P 0x7f2a7c19c148
C 9
R
P 0x7f2a7c191628
C 342
R
P 0x7f2a7c191628
P 0x7f2a7c19c148
C 263
R
P 0x7f2a7c191628
C 342
R
P 0x7f2a7c191628
S "slot7Start"
C 30
R
P 0x7f2a7c191628
C 342
R
P 0x7f2a7c191628
$ |slot7Start|
C 202
R
P 0x7f2a7c191628
C 342
R
P 0x7f2a7c191628
$ |slot7Start|
P 0x7f2a7c19b1e8
C 51
= 0x7f2a7c19c168
R
P 0x7f2a7c191628
C 342
R
P 0x7f2a7c191628
P 0x7f2a7c19c168
C 257
R
P 0x7f2a7c191628
C 342
R
P 0x7f2a7c191628
P 0x7f2a7c19c168
C 254
= 0x7f2a7c19b1e8
R
P 0x7f2a7c191628
C 342
R
P 0x7f2a7c191628
P 0x7f2a7c19b1e8
C 209
R
P 0x7f2a7c191628
C 342
R
P 0x7f2a7c191628
P 0x7f2a7c19c168
C 260
R
P 0x7f2a7c191628
C 342
R
P 0x7f2a7c191628
P 0x7f2a7c19c168
C 259
R
P 0x7f2a7c191628
C 342
R
P 0x7f2a7c191628
P 0x7f2a7c19c168
C 258
R
P 0x7f2a7c191628
C 342
R
P 0x7f2a7c191628
P 0x7f2a7c19c168
C 9
R
P 0x7f2a7c191628
C 342
R
P 0x7f2a7c191628
I 7
P 0x7f2a7c19b208
C 150
= 0x7f2a7c19c148
R
P 0x7f2a7c191628
C 342
R
P 0x7f2a7c191628
P 0x7f2a7c19c148
C 258
R
P 0x7f2a7c191628
C 342
R
P 0x7f2a7c191628
P 0x7f2a7c19c148
C 9
R
P 0x7f2a7c191628
C 342
R
P 0x7f2a7c191628
P 0x7f2a7c19c148
C 263
R
P 0x7f2a7c191628
C 342
R
P 0x7f2a7c191628
S "slot7Start"
C 30
R
P 0x7f2a7c191628
C 342
R
P 0x7f2a7c191628
$ |slot7Start|
C 202
R
P 0x7f2a7c191628
C 342
R
P 0x7f2a7c191628
$ |slot7Start|
P 0x7f2a7c19b1e8
C 51
= 0x7f2a7c19c168
R
P 0x7f2a7c191628
C 342
R
P 0x7f2a7c191628
P 0x7f2a7c19c168
C 257
R
P 0x7f2a7c191628
C 342
R
P 0x7f2a7c191628
P 0x7f2a7c19c168
C 254
= 0x7f2a7c19b1e8
R
P 0x7f2a7c191628
C 342
R
P 0x7f2a7c191628
P 0x7f2a7c19b1e8
C 209
R
P 0x7f2a7c191628
C 342
R
P 0x7f2a7c191628
P 0x7f2a7c19c168
C 260
R
P 0x7f2a7c191628
C 342
R
P 0x7f2a7c191628
P 0x7f2a7c19c168
C 259
R
P 0x7f2a7c191628
C 342
R
P 0x7f2a7c191628
P 0x7f2a7c19c168
C 258
R
P 0x7f2a7c191628
C 342
R
P 0x7f2a7c191628
P 0x7f2a7c19c168
C 9
R
P 0x7f2a7c191628
C 342
R
P 0x7f2a7c191628
P 0x7f2a7c19c168
P 0x7f2a7c19c168
C 76
= 0x7f2a7c4763b8
R
P 0x7f2a7c191628
C 342
R
P 0x7f2a7c191628
P 0x7f2a7c4763b8
C 258
R
P 0x7f2a7c191628
C 342
R
P 0x7f2a7c191628
P 0x7f2a7c4763b8
C 9
R
P 0x7f2a7c191628
C 342
R
P 0x7f2a7c191628
I 7
P 0x7f2a7c19b208
C 150
= 0x7f2a7c19c148
R
P 0x7f2a7c191628
C 342
R
P 0x7f2a7c191628
P 0x7f2a7c19c148
C 258
R
P 0x7f2a7c191628
C 342
R
P 0x7f2a7c191628
P 0x7f2a7c19c148
C 9
R
P 0x7f2a7c191628
C 342
R
P 0x7f2a7c191628
P 0x7f2a7c19c148
C 263
R
P 0x7f2a7c191628
C 342
R
P 0x7f2a7c191628
S "slot7Start"
C 30
R
P 0x7f2a7c191628
C 342
R
P 0x7f2a7c191628
$ |slot7Start|
C 202
R
P 0x7f2a7c191628
C 342
R
P 0x7f2a7c191628
$ |slot7Start|
P 0x7f2a7c19b1e8
C 51
= 0x7f2a7c19c168
R
P 0x7f2a7c191628
C 342
R
P 0x7f2a7c191628
P 0x7f2a7c19c168
C 257
R
P 0x7f2a7c191628
C 342
R
P 0x7f2a7c191628
P 0x7f2a7c19c168
C 254
= 0x7f2a7c19b1e8
R
P 0x7f2a7c191628
C 342
R
P 0x7f2a7c191628
P 0x7f2a7c19b1e8
C 209
R
P 0x7f2a7c191628
C 342
R
P 0x7f2a7c191628
P 0x7f2a7c19c168
C 260
R
P 0x7f2a7c191628
C 342
R
P 0x7f2a7c191628
P 0x7f2a7c19c168
C 259
R
P 0x7f2a7c191628
C 342
R
P 0x7f2a7c191628
P 0x7f2a7c19c168
C 258
R
P 0x7f2a7c191628
C 342
R
P 0x7f2a7c191628
P 0x7f2a7c19c168
C 9
R
P 0x7f2a7c191628
C 342
R
P 0x7f2a7c191628
I 7
P 0x7f2a7c19b208
C 150
= 0x7f2a7c19c148
R
P 0x7f2a7c191628
C 342
R
P 0x7f2a7c191628
P 0x7f2a7c19c148
C 258
R
P 0x7f2a7c191628
C 342
R
P 0x7f2a7c191628
P 0x7f2a7c19c148
C 9
R
P 0x7f2a7c191628
C 342
R
P 0x7f2a7c191628
P 0x7f2a7c19c148
C 263
R
P 0x7f2a7c191628
C 342
R
P 0x7f2a7c191628
S "slot7Start"
C 30
R
P 0x7f2a7c191628
C 342
R
P 0x7f2a7c191628
$ |slot7Start|
C 202
R
P 0x7f2a7c191628
C 342
R
P 0x7f2a7c191628
$ |slot7Start|
P 0x7f2a7c19b1e8
C 51
= 0x7f2a7c19c168
R
P 0x7f2a7c191628
C 342
R
P 0x7f2a7c191628
P 0x7f2a7c19c168
C 257
R
P 0x7f2a7c191628
C 342
R
P 0x7f2a7c191628
P 0x7f2a7c19c168
C 254
= 0x7f2a7c19b1e8
R
P 0x7f2a7c191628
C 342
R
P 0x7f2a7c191628
P 0x7f2a7c19b1e8
C 209
R
P 0x7f2a7c191628
C 342
R
P 0x7f2a7c191628
P 0x7f2a7c19c168
C 260
R
P 0x7f2a7c191628
C 342
R
P 0x7f2a7c191628
P 0x7f2a7c19c168
C 259
R
P 0x7f2a7c191628
C 342
R
P 0x7f2a7c191628
P 0x7f2a7c19c168
C 258
R
P 0x7f2a7c191628
C 342
R
P 0x7f2a7c191628
P 0x7f2a7c19c168
C 9
R
P 0x7f2a7c191628
C 342
R
P 0x7f2a7c191628
I 7
P 0x7f2a7c19b208
C 150
= 0x7f2a7c19c148
R
P 0x7f2a7c191628
C 342
R
P 0x7f2a7c191628
P 0x7f2a7c19c148
C 258
R
P 0x7f2a7c191628
C 342
R
P 0x7f2a7c191628
P 0x7f2a7c19c148
C 9
R
P 0x7f2a7c191628
C 342
R
P 0x7f2a7c191628
P 0x7f2a7c19c148
C 263
R
P 0x7f2a7c191628
C 342
R
P 0x7f2a7c191628
S "slot7Duration"
C 30
R
P 0x7f2a7c191628
C 342
R
P 0x7f2a7c191628
$ |slot7Duration|
C 202
R
P 0x7f2a7c191628
C 342
R
P 0x7f2a7c191628
$ |slot7Duration|
P 0x7f2a7c19b1e8
C 51
= 0x7f2a7c19c188
R
P 0x7f2a7c191628
C 342
R
P 0x7f2a7c191628
P 0x7f2a7c19c188
C 257
R
P 0x7f2a7c191628
C 342
R
P 0x7f2a7c191628
P 0x7f2a7c19c188
C 254
= 0x7f2a7c19b1e8
R
P 0x7f2a7c191628
C 342
R
P 0x7f2a7c191628
P 0x7f2a7c19b1e8
C 209
R
P 0x7f2a7c191628
C 342
R
P 0x7f2a7c191628
P 0x7f2a7c19c188
C 260
R
P 0x7f2a7c191628
C 342
R
P 0x7f2a7c191628
P 0x7f2a7c19c188
C 259
R
P 0x7f2a7c191628
C 342
R
P 0x7f2a7c191628
P 0x7f2a7c19c188
C 258
R
P 0x7f2a7c191628
C 342
R
P 0x7f2a7c191628
P 0x7f2a7c19c188
C 9
R
P 0x7f2a7c191628
C 342
R
P 0x7f2a7c191628
U 2
P 0x7f2a7c19c168
P 0x7f2a7c19c188
p 2
C 65
= 0x7f2a7c1a2498
R
P 0x7f2a7c191628
C 342
R
P 0x7f2a7c191628
P 0x7f2a7c1a2498
C 257
R
P 0x7f2a7c191628
C 342
R
P 0x7f2a7c191628
P 0x7f2a7c1a2498
C 254
= 0x7f2a7c19b1e8
R
P 0x7f2a7c191628
C 342
R
P 0x7f2a7c191628
P 0x7f2a7c19b1e8
C 209
R
P 0x7f2a7c191628
C 342
R
P 0x7f2a7c191628
P 0x7f2a7c1a2498
C 260
R
P 0x7f2a7c191628
C 342
R
P 0x7f2a7c191628
P 0x7f2a7c1a2498
C 259
R
P 0x7f2a7c191628
C 342
R
P 0x7f2a7c191628
P 0x7f2a7c1a2498
C 258
R
P 0x7f2a7c191628
C 342
R
P 0x7f2a7c191628
P 0x7f2a7c1a2498
C 9
R
P 0x7f2a7c191628
C 342
R
P 0x7f2a7c191628
P 0x7f2a7c19c168
P 0x7f2a7c1a2498
C 74
= 0x7f2a7c4763f0
R
P 0x7f2a7c191628
C 342
R
P 0x7f2a7c191628
P 0x7f2a7c4763f0
C 258
R
P 0x7f2a7c191628
C 342
R
P 0x7f2a7c191628
P 0x7f2a7c4763f0
C 9
R
P 0x7f2a7c191628
C 342
R
P 0x7f2a7c191628
U 2
P 0x7f2a7c4763b8
P 0x7f2a7c4763f0
p 2
C 63
= 0x7f2a7c476428
R
P 0x7f2a7c191628
C 342
R
P 0x7f2a7c191628
P 0x7f2a7c476428
C 258
R
P 0x7f2a7c191628
C 342
R
P 0x7f2a7c191628
P 0x7f2a7c476428
C 9
R
P 0x7f2a7c191628
C 342
R
P 0x7f2a7c191628
P 0x7f2a7c476428
C 58
= 0x7f2a7c473978
R
P 0x7f2a7c191628
C 342
R
P 0x7f2a7c191628
P 0x7f2a7c473978
C 258
R
P 0x7f2a7c191628
C 342
R
P 0x7f2a7c191628
P 0x7f2a7c473978
C 9
R
P 0x7f2a7c191628
C 342
R
P 0x7f2a7c191628
P 0x7f2a7c473948
P 0x7f2a7c473978
C 61
= 0x7f2a7c476460
R
P 0x7f2a7c191628
C 342
R
P 0x7f2a7c191628
P 0x7f2a7c476460
C 258
R
P 0x7f2a7c191628
C 342
R
P 0x7f2a7c191628
P 0x7f2a7c476460
C 9
R
P 0x7f2a7c191628
C 342
R
P 0x7f2a7c191628
P 0x7f2a7c1e1fc8
P 0x7f2a7c476460
C 427
R
P 0x7f2a7c191628
C 342
R
P 0x7f2a7c191628
I 7
P 0x7f2a7c19b208
C 150
= 0x7f2a7c19c148
R
P 0x7f2a7c191628
C 342
R
P 0x7f2a7c191628
P 0x7f2a7c19c148
C 258
R
P 0x7f2a7c191628
C 342
R
P 0x7f2a7c191628
P 0x7f2a7c19c148
C 9
R
P 0x7f2a7c191628
C 342
R
P 0x7f2a7c191628
I 8
P 0x7f2a7c19b208
C 150
= 0x7f2a7c19c1a8
R
P 0x7f2a7c191628
C 342
R
P 0x7f2a7c191628
P 0x7f2a7c19c1a8
C 258
R
P 0x7f2a7c191628
C 342
R
P 0x7f2a7c191628
P 0x7f2a7c19c1a8
C 9
R
P 0x7f2a7c191628
C 342
R
P 0x7f2a7c191628
P 0x7f2a7c19c148
P 0x7f2a7c19c1a8
C 56
= 0x7f2a7c476498
R
P 0x7f2a7c191628
C 342
R
P 0x7f2a7c191628
P 0x7f2a7c476498
C 258
R
P 0x7f2a7c191628
C 342
R
P 0x7f2a7c191628
P 0x7f2a7c476498
C 9
R
P 0x7f2a7c191628
C 342
R
P 0x7f2a7c191628
P 0x7f2a7c476498
C 58
= 0x7f2a7c4739a8
R
P 0x7f2a7c191628
C 342
R
P 0x7f2a7c191628
P 0x7f2a7c4739a8
C 258
R
P 0x7f2a7c191628
C 342
R
P 0x7f2a7c191628
P 0x7f2a7c4739a8
C 9
R
P 0x7f2a7c191628
C 342
R
P 0x7f2a7c191628
I 7
P 0x7f2a7c19b208
C 150
= 0x7f2a7c19c148
R
P 0x7f2a7c191628
C 342
R
P 0x7f2a7c191628
P 0x7f2a7c19c148
C 258
R
P 0x7f2a7c191628
C 342
R
P 0x7f2a7c191628
P 0x7f2a7c19c148
C 9
R
P 0x7f2a7c191628
C 342
R
P 0x7f2a7c191628
P 0x7f2a7c19c148
C 263
R
P 0x7f2a7c191628
C 342
R
P 0x7f2a7c191628
S "slot7Start"
C 30
R
P 0x7f2a7c191628
C 342
R
P 0x7f2a7c191628
$ |slot7Start|
C 202
R
P 0x7f2a7c191628
C 342
R
P 0x7f2a7c191628
$ |slot7Start|
P 0x7f2a7c19b1e8
C 51
= 0x7f2a7c19c168
R
P 0x7f2a7c191628
C 342
R
P 0x7f2a7c191628
P 0x7f2a7c19c168
C 257
R
P 0x7f2a7c191628
C 342
R
P 0x7f2a7c191628
P 0x7f2a7c19c168
C 254
= 0x7f2a7c19b1e8
R
P 0x7f2a7c191628
C 342
R
P 0x7f2a7c191628
P 0x7f2a7c19b1e8
C 209
R
P 0x7f2a7c191628
C 342
R
P 0x7f2a7c191628
P 0x7f2a7c19c168
C 260
R
P 0x7f2a7c191628
C 342
R
P 0x7f2a7c191628
P 0x7f2a7c19c168
C 259
R
P 0x7f2a7c191628
C 342
R
P 0x7f2a7c191628
P 0x7f2a7c19c168
C 258
R
P 0x7f2a7c191628
C 342
R
P 0x7f2a7c191628
P 0x7f2a7c19c168
C 9
R
P 0x7f2a7c191628
C 342
R
P 0x7f2a7c191628
I 8
P 0x7f2a7c19b208
C 150
= 0x7f2a7c19c1a8
R
P 0x7f2a7c191628
C 342
R
P 0x7f2a7c191628
P 0x7f2a7c19c1a8
C 258
R
P 0x7f2a7c191628
C 342
R
P 0x7f2a7c191628
P 0x7f2a7c19c1a8
C 9
R
P 0x7f2a7c191628
C 342
R
P 0x7f2a7c191628
P 0x7f2a7c19c1a8
C 263
R
P 0x7f2a7c191628
C 342
R
P 0x7f2a7c191628
S "slot8Start"
C 30
R
P 0x7f2a7c191628
C 342
R
P 0x7f2a7c191628
$ |slot8Start|
C 202
R
P 0x7f2a7c191628
C 342
R
P 0x7f2a7c191628
$ |slot8Start|
P 0x7f2a7c19b1e8
C 51
= 0x7f2a7c19c1c8
R
P 0x7f2a7c191628
C 342
R
P 0x7f2a7c191628
P 0x7f2a7c19c1c8
C 257
R
P 0x7f2a7c191628
C 342
R
P 0x7f2a7c191628
P 0x7f2a7c19c1c8
C 254
= 0x7f2a7c19b1e8
R
P 0x7f2a7c191628
C 342
R
P 0x7f2a7c191628
P 0x7f2a7c19b1e8
C 209
R
P 0x7f2a7c191628
C 342
R
P 0x7f2a7c191628
P 0x7f2a7c19c1c8
C 260
R
P 0x7f2a7c191628
C 342
R
P 0x7f2a7c191628
P 0x7f2a7c19c1c8
C 259
R
P 0x7f2a7c191628
C 342
R
P 0x7f2a7c191628
P 0x7f2a7c19c1c8
C 258
R
P 0x7f2a7c191628
C 342
R
P 0x7f2a7c191628
P 0x7f2a7c19c1c8
C 9
R
P 0x7f2a7c191628
C 342
R
P 0x7f2a7c191628
P 0x7f2a7c19c168
P 0x7f2a7c19c1c8
C 76
= 0x7f2a7c4764d0
R
P 0x7f2a7c191628
C 342
R
P 0x7f2a7c191628
P 0x7f2a7c4764d0
C 258
R
P 0x7f2a7c191628
C 342
R
P 0x7f2a7c191628
P 0x7f2a7c4764d0
C 9
R
P 0x7f2a7c191628
C 342
R
P 0x7f2a7c191628
I 7
P 0x7f2a7c19b208
C 150
= 0x7f2a7c19c148
R
P 0x7f2a7c191628
C 342
R
P 0x7f2a7c191628
P 0x7f2a7c19c148
C 258
R
P 0x7f2a7c191628
C 342
R
P 0x7f2a7c191628
P 0x7f2a7c19c148
C 9
R
P 0x7f2a7c191628
C 342
R
P 0x7f2a7c191628
P 0x7f2a7c19c148
C 263
R
P 0x7f2a7c191628
C 342
R
P 0x7f2a7c191628
S "slot7Start"
C 30
R
P 0x7f2a7c191628
C 342
R
P 0x7f2a7c191628
$ |slot7Start|
C 202
R
P 0x7f2a7c191628
C 342
R
P 0x7f2a7c191628
$ |slot7Start|
P 0x7f2a7c19b1e8
C 51
= 0x7f2a7c19c168
R
P 0x7f2a7c191628
C 342
R
P 0x7f2a7c191628
P 0x7f2a7c19c168
C 257
R
P 0x7f2a7c191628
C 342
R
P 0x7f2a7c191628
P 0x7f2a7c19c168
C 254
= 0x7f2a7c19b1e8
R
P 0x7f2a7c191628
C 342
R
P 0x7f2a7c191628
P 0x7f2a7c19b1e8
C 209
R
P 0x7f2a7c191628
C 342
R
P 0x7f2a7c191628
P 0x7f2a7c19c168
C 260
R
P 0x7f2a7c191628
C 342
R
P 0x7f2a7c191628
P 0x7f2a7c19c168
C 259
R
P 0x7f2a7c191628
C 342
R
P 0x7f2a7c191628
P 0x7f2a7c19c168
C 258
R
P 0x7f2a7c191628
C 342
R
P 0x7f2a7c191628
P 0x7f2a7c19c168
C 9
R
P 0x7f2a7c191628
C 342
R
P 0x7f2a7c191628
I 8
P 0x7f2a7c19b208
C 150
= 0x7f2a7c19c1a8
R
P 0x7f2a7c191628
C 342
R
P 0x7f2a7c191628
P 0x7f2a7c19c1a8
C 258
R
P 0x7f2a7c191628
C 342
R
P 0x7f2a7c191628
P 0x7f2a7c19c1a8
C 9
R
P 0x7f2a7c191628
C 342
R
P 0x7f2a7c191628
P 0x7f2a7c19c1a8
C 263
R
P 0x7f2a7c191628
C 342
R
P 0x7f2a7c191628
S "slot8Start"
C 30
R
P 0x7f2a7c191628
C 342
R
P 0x7f2a7c191628
$ |slot8Start|
C 202
R
P 0x7f2a7c191628
C 342
R
P 0x7f2a7c191628
$ |slot8Start|
P 0x7f2a7c19b1e8
C 51
= 0x7f2a7c19c1c8
R
P 0x7f2a7c191628
C 342
R
P 0x7f2a7c191628
P 0x7f2a7c19c1c8
C 257
R
P 0x7f2a7c191628
C 342
R
P 0x7f2a7c191628
P 0x7f2a7c19c1c8
C 254
= 0x7f2a7c19b1e8
R
P 0x7f2a7c191628
C 342
R
P 0x7f2a7c191628
P 0x7f2a7c19b1e8
C 209
R
P 0x7f2a7c191628
C 342
R
P 0x7f2a7c191628
P 0x7f2a7c19c1c8
C 260
R
P 0x7f2a7c191628
C 342
R
P 0x7f2a7c191628
P 0x7f2a7c19c1c8
C 259
R
P 0x7f2a7c191628
C 342
R
P 0x7f2a7c191628
P 0x7f2a7c19c1c8
C 258
R
P 0x7f2a7c191628
C 342
R
P 0x7f2a7c191628
P 0x7f2a7c19c1c8
C 9
R
P 0x7f2a7c191628
C 342
R
P 0x7f2a7c191628
I 8
P 0x7f2a7c19b208
C 150
= 0x7f2a7c19c1a8
R
P 0x7f2a7c191628
C 342
R
P 0x7f2a7c191628
P 0x7f2a7c19c1a8
C 258
R
P 0x7f2a7c191628
C 342
R
P 0x7f2a7c191628
P 0x7f2a7c19c1a8
C 9
R
P 0x7f2a7c191628
C 342
R
P 0x7f2a7c191628
P 0x7f2a7c19c1a8
C 263
R
P 0x7f2a7c191628
C 342
R
P 0x7f2a7c191628
S "slot8Duration"
C 30
R
P 0x7f2a7c191628
C 342
R
P 0x7f2a7c191628
$ |slot8Duration|
C 202
R
P 0x7f2a7c191628
C 342
R
P 0x7f2a7c191628
$ |slot8Duration|
P 0x7f2a7c19b1e8
C 51
= 0x7f2a7c19c1e8
R
P 0x7f2a7c191628
C 342
R
P 0x7f2a7c191628
P 0x7f2a7c19c1e8
C 257
R
P 0x7f2a7c191628
C 342
R
P 0x7f2a7c191628
P 0x7f2a7c19c1e8
C 254
= 0x7f2a7c19b1e8
R
P 0x7f2a7c191628
C 342
R
P 0x7f2a7c191628
P 0x7f2a7c19b1e8
C 209
R
P 0x7f2a7c191628
C 342
R
P 0x7f2a7c191628
P 0x7f2a7c19c1e8
C 260
R
P 0x7f2a7c191628
C 342
R
P 0x7f2a7c191628
P 0x7f2a7c19c1e8
C 259
R
P 0x7f2a7c191628
C 342
R
P 0x7f2a7c191628
P 0x7f2a7c19c1e8
C 258
R
P 0x7f2a7c191628
C 342
R
P 0x7f2a7c191628
P 0x7f2a7c19c1e8
C 9
R
P 0x7f2a7c191628
C 342
R
P 0x7f2a7c191628
U 2
P 0x7f2a7c19c1c8
P 0x7f2a7c19c1e8
p 2
C 65
= 0x7f2a7c1a25e8
R
P 0x7f2a7c191628
C 342
R
P 0x7f2a7c191628
P 0x7f2a7c1a25e8
C 257
R
P 0x7f2a7c191628
C 342
R
P 0x7f2a7c191628
P 0x7f2a7c1a25e8
C 254
= 0x7f2a7c19b1e8
R
P 0x7f2a7c191628
C 342
R
P 0x7f2a7c191628
P 0x7f2a7c19b1e8
C 209
R
P 0x7f2a7c191628
C 342
R
P 0x7f2a7c191628
P 0x7f2a7c1a25e8
C 260
R
P 0x7f2a7c191628
C 342
R
P 0x7f2a7c191628
P 0x7f2a7c1a25e8
C 259
R
P 0x7f2a7c191628
C 342
R
P 0x7f2a7c191628
P 0x7f2a7c1a25e8
C 258
R
P 0x7f2a7c191628
C 342
R
P 0x7f2a7c191628
P 0x7f2a7c1a25e8
C 9
R
P 0x7f2a7c191628
C 342
R
P 0x7f2a7c191628
P 0x7f2a7c19c168
P 0x7f2a7c1a25e8
C 74
= 0x7f2a7c476508
R
P 0x7f2a7c191628
C 342
R
P 0x7f2a7c191628
P 0x7f2a7c476508
C 258
R
P 0x7f2a7c191628
C 342
R
P 0x7f2a7c191628
P 0x7f2a7c476508
C 9
R
P 0x7f2a7c191628
C 342
R
P 0x7f2a7c191628
U 2
P 0x7f2a7c4764d0
P 0x7f2a7c476508
p 2
C 63
= 0x7f2a7c476540
R
P 0x7f2a7c191628
C 342
R
P 0x7f2a7c191628
P 0x7f2a7c476540
C 258
R
P 0x7f2a7c191628
C 342
R
P 0x7f2a7c191628
P 0x7f2a7c476540
C 9
R
P 0x7f2a7c191628
C 342
R
P 0x7f2a7c191628
P 0x7f2a7c476540
C 58
= 0x7f2a7c4739d8
R
P 0x7f2a7c191628
C 342
R
P 0x7f2a7c191628
P 0x7f2a7c4739d8
C 258
R
P 0x7f2a7c191628
C 342
R
P 0x7f2a7c191628
P 0x7f2a7c4739d8
C 9
R
P 0x7f2a7c191628
C 342
R
P 0x7f2a7c191628
P 0x7f2a7c4739a8
P 0x7f2a7c4739d8
C 61
= 0x7f2a7c476578
R
P 0x7f2a7c191628
C 342
R
P 0x7f2a7c191628
P 0x7f2a7c476578
C 258
R
P 0x7f2a7c191628
C 342
R
P 0x7f2a7c191628
P 0x7f2a7c476578
C 9
R
P 0x7f2a7c191628
C 342
R
P 0x7f2a7c191628
P 0x7f2a7c1e1fc8
P 0x7f2a7c476578
C 427
R
P 0x7f2a7c191628
C 342
R
P 0x7f2a7c191628
I 7
P 0x7f2a7c19b208
C 150
= 0x7f2a7c19c148
R
P 0x7f2a7c191628
C 342
R
P 0x7f2a7c191628
P 0x7f2a7c19c148
C 258
R
P 0x7f2a7c191628
C 342
R
P 0x7f2a7c191628
P 0x7f2a7c19c148
C 9
R
P 0x7f2a7c191628
C 342
R
P 0x7f2a7c191628
I 1
P 0x7f2a7c19b208
C 150
= 0x7f2a7c19bc88
R
P 0x7f2a7c191628
C 342
R
P 0x7f2a7c191628
P 0x7f2a7c19bc88
C 258
R
P 0x7f2a7c191628
C 342
R
P 0x7f2a7c191628
P 0x7f2a7c19bc88
C 9
R
P 0x7f2a7c191628
C 342
R
P 0x7f2a7c191628
P 0x7f2a7c19c148
P 0x7f2a7c19bc88
C 56
= 0x7f2a7c475e40
R
P 0x7f2a7c191628
C 342
R
P 0x7f2a7c191628
P 0x7f2a7c475e40
C 258
R
P 0x7f2a7c191628
C 342
R
P 0x7f2a7c191628
P 0x7f2a7c475e40
C 9
R
P 0x7f2a7c191628
C 342
R
P 0x7f2a7c191628
P 0x7f2a7c475e40
C 58
= 0x7f2a7c473708
R
P 0x7f2a7c191628
C 342
R
P 0x7f2a7c191628
P 0x7f2a7c473708
C 258
R
P 0x7f2a7c191628
C 342
R
P 0x7f2a7c191628
P 0x7f2a7c473708
C 9
R
P 0x7f2a7c191628
C 342
R
P 0x7f2a7c191628
I 1
P 0x7f2a7c19b208
C 150
= 0x7f2a7c19bc88
R
P 0x7f2a7c191628
C 342
R
P 0x7f2a7c191628
P 0x7f2a7c19bc88
C 258
R
P 0x7f2a7c191628
C 342
R
P 0x7f2a7c191628
P 0x7f2a7c19bc88
C 9
R
P 0x7f2a7c191628
C 342
R
P 0x7f2a7c191628
P 0x7f2a7c19bc88
C 263
R
P 0x7f2a7c191628
C 342
R
P 0x7f2a7c191628
S "slot1Start"
C 30
R
P 0x7f2a7c191628
C 342
R
P 0x7f2a7c191628
$ |slot1Start|
C 202
R
P 0x7f2a7c191628
C 342
R
P 0x7f2a7c191628
$ |slot1Start|
P 0x7f2a7c19b1e8
C 51
= 0x7f2a7c19bf48
R
P 0x7f2a7c191628
C 342
R
P 0x7f2a7c191628
P 0x7f2a7c19bf48
C 257
R
P 0x7f2a7c191628
C 342
R
P 0x7f2a7c191628
P 0x7f2a7c19bf48
C 254
= 0x7f2a7c19b1e8
R
P 0x7f2a7c191628
C 342
R
P 0x7f2a7c191628
P 0x7f2a7c19b1e8
C 209
R
P 0x7f2a7c191628
C 342
R
P 0x7f2a7c191628
P 0x7f2a7c19bf48
C 260
R
P 0x7f2a7c191628
C 342
R
P 0x7f2a7c191628
P 0x7f2a7c19bf48
C 259
R
P 0x7f2a7c191628
C 342
R
P 0x7f2a7c191628
P 0x7f2a7c19bf48
C 258
R
P 0x7f2a7c191628
C 342
R
P 0x7f2a7c191628
P 0x7f2a7c19bf48
C 9
R
P 0x7f2a7c191628
C 342
R
P 0x7f2a7c191628
I 7
P 0x7f2a7c19b208
C 150
= 0x7f2a7c19c148
R
P 0x7f2a7c191628
C 342
R
P 0x7f2a7c191628
P 0x7f2a7c19c148
C 258
R
P 0x7f2a7c191628
C 342
R
P 0x7f2a7c191628
P 0x7f2a7c19c148
C 9
R
P 0x7f2a7c191628
C 342
R
P 0x7f2a7c191628
P 0x7f2a7c19c148
C 263
R
P 0x7f2a7c191628
C 342
R
P 0x7f2a7c191628
S "slot7Start"
C 30
R
P 0x7f2a7c191628
C 342
R
P 0x7f2a7c191628
$ |slot7Start|
C 202
R
P 0x7f2a7c191628
C 342
R
P 0x7f2a7c191628
$ |slot7Start|
P 0x7f2a7c19b1e8
C 51
= 0x7f2a7c19c168
R
P 0x7f2a7c191628
C 342
R
P 0x7f2a7c191628
P 0x7f2a7c19c168
C 257
R
P 0x7f2a7c191628
C 342
R
P 0x7f2a7c191628
P 0x7f2a7c19c168
C 254
= 0x7f2a7c19b1e8
R
P 0x7f2a7c191628
C 342
R
P 0x7f2a7c191628
P 0x7f2a7c19b1e8
C 209
R
P 0x7f2a7c191628
C 342
R
P 0x7f2a7c191628
P 0x7f2a7c19c168
C 260
R
P 0x7f2a7c191628
C 342
R
P 0x7f2a7c191628
P 0x7f2a7c19c168
C 259
R
P 0x7f2a7c191628
C 342
R
P 0x7f2a7c191628
P 0x7f2a7c19c168
C 258
R
P 0x7f2a7c191628
C 342
R
P 0x7f2a7c191628
P 0x7f2a7c19c168
C 9
R
P 0x7f2a7c191628
C 342
R
P 0x7f2a7c191628
I 7
P 0x7f2a7c19b208
C 150
= 0x7f2a7c19c148
R
P 0x7f2a7c191628
C 342
R
P 0x7f2a7c191628
P 0x7f2a7c19c148
C 258
R
P 0x7f2a7c191628
C 342
R
P 0x7f2a7c191628
P 0x7f2a7c19c148
C 9
R
P 0x7f2a7c191628
C 342
R
P 0x7f2a7c191628
P 0x7f2a7c19c148
C 263
R
P 0x7f2a7c191628
C 342
R
P 0x7f2a7c191628
S "slot7Duration"
C 30
R
P 0x7f2a7c191628
C 342
R
P 0x7f2a7c191628
$ |slot7Duration|
C 202
R
P 0x7f2a7c191628
C 342
R
P 0x7f2a7c191628
$ |slot7Duration|
P 0x7f2a7c19b1e8
C 51
= 0x7f2a7c19c188
R
P 0x7f2a7c191628
C 342
R
P 0x7f2a7c191628
P 0x7f2a7c19c188
C 257
R
P 0x7f2a7c191628
C 342
R
P 0x7f2a7c191628
P 0x7f2a7c19c188
C 254
= 0x7f2a7c19b1e8
R
P 0x7f2a7c191628
C 342
R
P 0x7f2a7c191628
P 0x7f2a7c19b1e8
C 209
R
P 0x7f2a7c191628
C 342
R
P 0x7f2a7c191628
P 0x7f2a7c19c188
C 260
R
P 0x7f2a7c191628
C 342
R
P 0x7f2a7c191628
P 0x7f2a7c19c188
C 259
R
P 0x7f2a7c191628
C 342
R
P 0x7f2a7c191628
P 0x7f2a7c19c188
C 258
R
P 0x7f2a7c191628
C 342
R
P 0x7f2a7c191628
P 0x7f2a7c19c188
C 9
R
P 0x7f2a7c191628
C 342
R
P 0x7f2a7c191628
U 2
P 0x7f2a7c19c168
P 0x7f2a7c19c188
p 2
C 65
= 0x7f2a7c1a2498
R
P 0x7f2a7c191628
C 342
R
P 0x7f2a7c191628
P 0x7f2a7c1a2498
C 257
R
P 0x7f2a7c191628
C 342
R
P 0x7f2a7c191628
P 0x7f2a7c1a2498
C 254
= 0x7f2a7c19b1e8
R
P 0x7f2a7c191628
C 342
R
P 0x7f2a7c191628
P 0x7f2a7c19b1e8
C 209
R
P 0x7f2a7c191628
C 342
R
P 0x7f2a7c191628
P 0x7f2a7c1a2498
C 260
R
P 0x7f2a7c191628
C 342
R
P 0x7f2a7c191628
P 0x7f2a7c1a2498
C 259
R
P 0x7f2a7c191628
C 342
R
P 0x7f2a7c191628
P 0x7f2a7c1a2498
C 258
R
P 0x7f2a7c191628
C 342
R
P 0x7f2a7c191628
P 0x7f2a7c1a2498
C 9
R
P 0x7f2a7c191628
C 342
R
P 0x7f2a7c191628
P 0x7f2a7c19bf48
P 0x7f2a7c1a2498
C 74
= 0x7f2a7c1a24d0
R
P 0x7f2a7c191628
C 342
R
P 0x7f2a7c191628
P 0x7f2a7c1a24d0
C 258
R
P 0x7f2a7c191628
C 342
R
P 0x7f2a7c191628
P 0x7f2a7c1a24d0
C 9
R
P 0x7f2a7c191628
C 342
R
P 0x7f2a7c191628
I 7
P 0x7f2a7c19b208
C 150
= 0x7f2a7c19c148
R
P 0x7f2a7c191628
C 342
R
P 0x7f2a7c191628
P 0x7f2a7c19c148
C 258
R
P 0x7f2a7c191628
C 342
R
P 0x7f2a7c191628
P 0x7f2a7c19c148
C 9
R
P 0x7f2a7c191628
C 342
R
P 0x7f2a7c191628
P 0x7f2a7c19c148
C 263
R
P 0x7f2a7c191628
C 342
R
P 0x7f2a7c191628
S "slot7Start"
C 30
R
P 0x7f2a7c191628
C 342
R
P 0x7f2a7c191628
$ |slot7Start|
C 202
R
P 0x7f2a7c191628
C 342
R
P 0x7f2a7c191628
$ |slot7Start|
P 0x7f2a7c19b1e8
C 51
= 0x7f2a7c19c168
R
P 0x7f2a7c191628
C 342
R
P 0x7f2a7c191628
P 0x7f2a7c19c168
C 257
R
P 0x7f2a7c191628
C 342
R
P 0x7f2a7c191628
P 0x7f2a7c19c168
C 254
= 0x7f2a7c19b1e8
R
P 0x7f2a7c191628
C 342
R
P 0x7f2a7c191628
P 0x7f2a7c19b1e8
C 209
R
P 0x7f2a7c191628
C 342
R
P 0x7f2a7c191628
P 0x7f2a7c19c168
C 260
R
P 0x7f2a7c191628
C 342
R
P 0x7f2a7c191628
P 0x7f2a7c19c168
C 259
R
P 0x7f2a7c191628
C 342
R
P 0x7f2a7c191628
P 0x7f2a7c19c168
C 258
R
P 0x7f2a7c191628
C 342
R
P 0x7f2a7c191628
P 0x7f2a7c19c168
C 9
R
P 0x7f2a7c191628
C 342
R
P 0x7f2a7c191628
I 7
P 0x7f2a7c19b208
C 150
= 0x7f2a7c19c148
R
P 0x7f2a7c191628
C 342
R
P 0x7f2a7c191628
P 0x7f2a7c19c148
C 258
R
P 0x7f2a7c191628
C 342
R
P 0x7f2a7c191628
P 0x7f2a7c19c148
C 9
R
P 0x7f2a7c191628
C 342
R
P 0x7f2a7c191628
P 0x7f2a7c19c148
C 263
R
P 0x7f2a7c191628
C 342
R
P 0x7f2a7c191628
S "slot7Duration"
C 30
R
P 0x7f2a7c191628
C 342
R
P 0x7f2a7c191628
$ |slot7Duration|
C 202
R
P 0x7f2a7c191628
C 342
R
P 0x7f2a7c191628
$ |slot7Duration|
P 0x7f2a7c19b1e8
C 51
= 0x7f2a7c19c188
R
P 0x7f2a7c191628
C 342
R
P 0x7f2a7c191628
P 0x7f2a7c19c188
C 257
R
P 0x7f2a7c191628
C 342
R
P 0x7f2a7c191628
P 0x7f2a7c19c188
C 254
= 0x7f2a7c19b1e8
R
P 0x7f2a7c191628
C 342
R
P 0x7f2a7c191628
P 0x7f2a7c19b1e8
C 209
R
P 0x7f2a7c191628
C 342
R
P 0x7f2a7c191628
P 0x7f2a7c19c188
C 260
R
P 0x7f2a7c191628
C 342
R
P 0x7f2a7c191628
P 0x7f2a7c19c188
C 259
R
P 0x7f2a7c191628
C 342
R
P 0x7f2a7c191628
P 0x7f2a7c19c188
C 258
R
P 0x7f2a7c191628
C 342
R
P 0x7f2a7c191628
P 0x7f2a7c19c188
C 9
R
P 0x7f2a7c191628
C 342
R
P 0x7f2a7c191628
U 2
P 0x7f2a7c19c168
P 0x7f2a7c19c188
p 2
C 65
= 0x7f2a7c1a2498
R
P 0x7f2a7c191628
C 342
R
P 0x7f2a7c191628
P 0x7f2a7c1a2498
C 257
R
P 0x7f2a7c191628
C 342
R
P 0x7f2a7c191628
P 0x7f2a7c1a2498
C 254
= 0x7f2a7c19b1e8
R
P 0x7f2a7c191628
C 342
R
P 0x7f2a7c191628
P 0x7f2a7c19b1e8
C 209
R
P 0x7f2a7c191628
C 342
R
P 0x7f2a7c191628
P 0x7f2a7c1a2498
C 260
R
P 0x7f2a7c191628
C 342
R
P 0x7f2a7c191628
P 0x7f2a7c1a2498
C 259
R
P 0x7f2a7c191628
C 342
R
P 0x7f2a7c191628
P 0x7f2a7c1a2498
C 258
R
P 0x7f2a7c191628
C 342
R
P 0x7f2a7c191628
P 0x7f2a7c1a2498
C 9
R
P 0x7f2a7c191628
C 342
R
P 0x7f2a7c191628
I 1
P 0x7f2a7c19b208
C 150
= 0x7f2a7c19bc88
R
P 0x7f2a7c191628
C 342
R
P 0x7f2a7c191628
P 0x7f2a7c19bc88
C 258
R
P 0x7f2a7c191628
C 342
R
P 0x7f2a7c191628
P 0x7f2a7c19bc88
C 9
R
P 0x7f2a7c191628
C 342
R
P 0x7f2a7c191628
P 0x7f2a7c19bc88
C 263
R
P 0x7f2a7c191628
C 342
R
P 0x7f2a7c191628
S "slot1Start"
C 30
R
P 0x7f2a7c191628
C 342
R
P 0x7f2a7c191628
$ |slot1Start|
C 202
R
P 0x7f2a7c191628
C 342
R
P 0x7f2a7c191628
$ |slot1Start|
P 0x7f2a7c19b1e8
C 51
= 0x7f2a7c19bf48
R
P 0x7f2a7c191628
C 342
R
P 0x7f2a7c191628
P 0x7f2a7c19bf48
C 257
R
P 0x7f2a7c191628
C 342
R
P 0x7f2a7c191628
P 0x7f2a7c19bf48
C 254
= 0x7f2a7c19b1e8
R
P 0x7f2a7c191628
C 342
R
P 0x7f2a7c191628
P 0x7f2a7c19b1e8
C 209
R
P 0x7f2a7c191628
C 342
R
P 0x7f2a7c191628
P 0x7f2a7c19bf48
C 260
R
P 0x7f2a7c191628
C 342
R
P 0x7f2a7c191628
P 0x7f2a7c19bf48
C 259
R
P 0x7f2a7c191628
C 342
R
P 0x7f2a7c191628
P 0x7f2a7c19bf48
C 258
R
P 0x7f2a7c191628
C 342
R
P 0x7f2a7c191628
P 0x7f2a7c19bf48
C 9
R
P 0x7f2a7c191628
C 342
R
P 0x7f2a7c191628
I 1
P 0x7f2a7c19b208
C 150
= 0x7f2a7c19bc88
R
P 0x7f2a7c191628
C 342
R
P 0x7f2a7c191628
P 0x7f2a7c19bc88
C 258
R
P 0x7f2a7c191628
C 342
R
P 0x7f2a7c191628
P 0x7f2a7c19bc88
C 9
R
P 0x7f2a7c191628
C 342
R
P 0x7f2a7c191628
P 0x7f2a7c19bc88
C 263
R
P 0x7f2a7c191628
C 342
R
P 0x7f2a7c191628
S "slot1Duration"
C 30
R
P 0x7f2a7c191628
C 342
R
P 0x7f2a7c191628
$ |slot1Duration|
C 202
R
P 0x7f2a7c191628
C 342
R
P 0x7f2a7c191628
$ |slot1Duration|
P 0x7f2a7c19b1e8
C 51
= 0x7f2a7c19bf68
R
P 0x7f2a7c191628
C 342
R
P 0x7f2a7c191628
P 0x7f2a7c19bf68
C 257
R
P 0x7f2a7c191628
C 342
R
P 0x7f2a7c191628
P 0x7f2a7c19bf68
C 254
= 0x7f2a7c19b1e8
R
P 0x7f2a7c191628
C 342
R
P 0x7f2a7c191628
P 0x7f2a7c19b1e8
C 209
R
P 0x7f2a7c191628
C 342
R
P 0x7f2a7c191628
P 0x7f2a7c19bf68
C 260
R
P 0x7f2a7c191628
C 342
R
P 0x7f2a7c191628
P 0x7f2a7c19bf68
C 259
R
P 0x7f2a7c191628
C 342
R
P 0x7f2a7c191628
P 0x7f2a7c19bf68
C 258
R
P 0x7f2a7c191628
C 342
R
P 0x7f2a7c191628
P 0x7f2a7c19bf68
C 9
R
P 0x7f2a7c191628
C 342
R
P 0x7f2a7c191628
U 2
P 0x7f2a7c19bf48
P 0x7f2a7c19bf68
p 2
C 65
= 0x7f2a7c1a1cb8
R
P 0x7f2a7c191628
C 342
R
P 0x7f2a7c191628
P 0x7f2a7c1a1cb8
C 257
R
P 0x7f2a7c191628
C 342
R
P 0x7f2a7c191628
P 0x7f2a7c1a1cb8
C 254
= 0x7f2a7c19b1e8
R
P 0x7f2a7c191628
C 342
R
P 0x7f2a7c191628
P 0x7f2a7c19b1e8
C 209
R
P 0x7f2a7c191628
C 342
R
P 0x7f2a7c191628
P 0x7f2a7c1a1cb8
C 260
R
P 0x7f2a7c191628
C 342
R
P 0x7f2a7c191628
P 0x7f2a7c1a1cb8
C 259
R
P 0x7f2a7c191628
C 342
R
P 0x7f2a7c191628
P 0x7f2a7c1a1cb8
C 258
R
P 0x7f2a7c191628
C 342
R
P 0x7f2a7c191628
P 0x7f2a7c1a1cb8
C 9
R
P 0x7f2a7c191628
C 342
R
P 0x7f2a7c191628
P 0x7f2a7c1a2498
P 0x7f2a7c1a1cb8
C 74
= 0x7f2a7c4765b0
R
P 0x7f2a7c191628
C 342
R
P 0x7f2a7c191628
P 0x7f2a7c4765b0
C 258
R
P 0x7f2a7c191628
C 342
R
P 0x7f2a7c191628
P 0x7f2a7c4765b0
C 9
R
P 0x7f2a7c191628
C 342
R
P 0x7f2a7c191628
U 2
P 0x7f2a7c1a24d0
P 0x7f2a7c4765b0
p 2
C 63
= 0x7f2a7c4765e8
R
P 0x7f2a7c191628
C 342
R
P 0x7f2a7c191628
P 0x7f2a7c4765e8
C 258
R
P 0x7f2a7c191628
C 342
R
P 0x7f2a7c191628
P 0x7f2a7c4765e8
C 9
R
P 0x7f2a7c191628
C 342
R
P 0x7f2a7c191628
P 0x7f2a7c4765e8
C 58
= 0x7f2a7c473a08
R
P 0x7f2a7c191628
C 342
R
P 0x7f2a7c191628
P 0x7f2a7c473a08
C 258
R
P 0x7f2a7c191628
C 342
R
P 0x7f2a7c191628
P 0x7f2a7c473a08
C 9
R
P 0x7f2a7c191628
C 342
R
P 0x7f2a7c191628
P 0x7f2a7c473708
P 0x7f2a7c473a08
C 61
= 0x7f2a7c476620
R
P 0x7f2a7c191628
C 342
R
P 0x7f2a7c191628
P 0x7f2a7c476620
C 258
R
P 0x7f2a7c191628
C 342
R
P 0x7f2a7c191628
P 0x7f2a7c476620
C 9
R
P 0x7f2a7c191628
C 342
R
P 0x7f2a7c191628
P 0x7f2a7c1e1fc8
P 0x7f2a7c476620
C 427
R
P 0x7f2a7c191628
C 342
R
P 0x7f2a7c191628
I 7
P 0x7f2a7c19b208
C 150
= 0x7f2a7c19c148
R
P 0x7f2a7c191628
C 342
R
P 0x7f2a7c191628
P 0x7f2a7c19c148
C 258
R
P 0x7f2a7c191628
C 342
R
P 0x7f2a7c191628
P 0x7f2a7c19c148
C 9
R
P 0x7f2a7c191628
C 342
R
P 0x7f2a7c191628
I 2
P 0x7f2a7c19b208
C 150
= 0x7f2a7c19bcc8
R
P 0x7f2a7c191628
C 342
R
P 0x7f2a7c191628
P 0x7f2a7c19bcc8
C 258
R
P 0x7f2a7c191628
C 342
R
P 0x7f2a7c191628
P 0x7f2a7c19bcc8
C 9
R
P 0x7f2a7c191628
C 342
R
P 0x7f2a7c191628
P 0x7f2a7c19c148
P 0x7f2a7c19bcc8
C 56
= 0x7f2a7c475f20
R
P 0x7f2a7c191628
C 342
R
P 0x7f2a7c191628
P 0x7f2a7c475f20
C 258
R
P 0x7f2a7c191628
C 342
R
P 0x7f2a7c191628
P 0x7f2a7c475f20
C 9
R
P 0x7f2a7c191628
C 342
R
P 0x7f2a7c191628
P 0x7f2a7c475f20
C 58
= 0x7f2a7c473768
R
P 0x7f2a7c191628
C 342
R
P 0x7f2a7c191628
P 0x7f2a7c473768
C 258
R
P 0x7f2a7c191628
C 342
R
P 0x7f2a7c191628
P 0x7f2a7c473768
C 9
R
P 0x7f2a7c191628
C 342
R
P 0x7f2a7c191628
I 2
P 0x7f2a7c19b208
C 150
= 0x7f2a7c19bcc8
R
P 0x7f2a7c191628
C 342
R
P 0x7f2a7c191628
P 0x7f2a7c19bcc8
C 258
R
P 0x7f2a7c191628
C 342
R
P 0x7f2a7c191628
P 0x7f2a7c19bcc8
C 9
R
P 0x7f2a7c191628
C 342
R
P 0x7f2a7c191628
P 0x7f2a7c19bcc8
C 263
R
P 0x7f2a7c191628
C 342
R
P 0x7f2a7c191628
S "slot2Start"
C 30
R
P 0x7f2a7c191628
C 342
R
P 0x7f2a7c191628
$ |slot2Start|
C 202
R
P 0x7f2a7c191628
C 342
R
P 0x7f2a7c191628
$ |slot2Start|
P 0x7f2a7c19b1e8
C 51
= 0x7f2a7c19bf88
R
P 0x7f2a7c191628
C 342
R
P 0x7f2a7c191628
P 0x7f2a7c19bf88
C 257
R
P 0x7f2a7c191628
C 342
R
P 0x7f2a7c191628
P 0x7f2a7c19bf88
C 254
= 0x7f2a7c19b1e8
R
P 0x7f2a7c191628
C 342
R
P 0x7f2a7c191628
P 0x7f2a7c19b1e8
C 209
R
P 0x7f2a7c191628
C 342
R
P 0x7f2a7c191628
P 0x7f2a7c19bf88
C 260
R
P 0x7f2a7c191628
C 342
R
P 0x7f2a7c191628
P 0x7f2a7c19bf88
C 259
R
P 0x7f2a7c191628
C 342
R
P 0x7f2a7c191628
P 0x7f2a7c19bf88
C 258
R
P 0x7f2a7c191628
C 342
R
P 0x7f2a7c191628
P 0x7f2a7c19bf88
C 9
R
P 0x7f2a7c191628
C 342
R
P 0x7f2a7c191628
I 7
P 0x7f2a7c19b208
C 150
= 0x7f2a7c19c148
R
P 0x7f2a7c191628
C 342
R
P 0x7f2a7c191628
P 0x7f2a7c19c148
C 258
R
P 0x7f2a7c191628
C 342
R
P 0x7f2a7c191628
P 0x7f2a7c19c148
C 9
R
P 0x7f2a7c191628
C 342
R
P 0x7f2a7c191628
P 0x7f2a7c19c148
C 263
R
P 0x7f2a7c191628
C 342
R
P 0x7f2a7c191628
S "slot7Start"
C 30
R
P 0x7f2a7c191628
C 342
R
P 0x7f2a7c191628
$ |slot7Start|
C 202
R
P 0x7f2a7c191628
C 342
R
P 0x7f2a7c191628
$ |slot7Start|
P 0x7f2a7c19b1e8
C 51
= 0x7f2a7c19c168
R
P 0x7f2a7c191628
C 342
R
P 0x7f2a7c191628
P 0x7f2a7c19c168
C 257
R
P 0x7f2a7c191628
C 342
R
P 0x7f2a7c191628
P 0x7f2a7c19c168
C 254
= 0x7f2a7c19b1e8
R
P 0x7f2a7c191628
C 342
R
P 0x7f2a7c191628
P 0x7f2a7c19b1e8
C 209
R
P 0x7f2a7c191628
C 342
R
P 0x7f2a7c191628
P 0x7f2a7c19c168
C 260
R
P 0x7f2a7c191628
C 342
R
P 0x7f2a7c191628
P 0x7f2a7c19c168
C 259
R
P 0x7f2a7c191628
C 342
R
P 0x7f2a7c191628
P 0x7f2a7c19c168
C 258
R
P 0x7f2a7c191628
C 342
R
P 0x7f2a7c191628
P 0x7f2a7c19c168
C 9
R
P 0x7f2a7c191628
C 342
R
P 0x7f2a7c191628
I 7
P 0x7f2a7c19b208
C 150
= 0x7f2a7c19c148
R
P 0x7f2a7c191628
C 342
R
P 0x7f2a7c191628
P 0x7f2a7c19c148
C 258
R
P 0x7f2a7c191628
C 342
R
P 0x7f2a7c191628
P 0x7f2a7c19c148
C 9
R
P 0x7f2a7c191628
C 342
R
P 0x7f2a7c191628
P 0x7f2a7c19c148
C 263
R
P 0x7f2a7c191628
C 342
R
P 0x7f2a7c191628
S "slot7Duration"
C 30
R
P 0x7f2a7c191628
C 342
R
P 0x7f2a7c191628
$ |slot7Duration|
C 202
R
P 0x7f2a7c191628
C 342
R
P 0x7f2a7c191628
$ |slot7Duration|
P 0x7f2a7c19b1e8
C 51
= 0x7f2a7c19c188
R
P 0x7f2a7c191628
C 342
R
P 0x7f2a7c191628
P 0x7f2a7c19c188
C 257
R
P 0x7f2a7c191628
C 342
R
P 0x7f2a7c191628
P 0x7f2a7c19c188
C 254
= 0x7f2a7c19b1e8
R
P 0x7f2a7c191628
C 342
R
P 0x7f2a7c191628
P 0x7f2a7c19b1e8
C 209
R
P 0x7f2a7c191628
C 342
R
P 0x7f2a7c191628
P 0x7f2a7c19c188
C 260
R
P 0x7f2a7c191628
C 342
R
P 0x7f2a7c191628
P 0x7f2a7c19c188
C 259
R
P 0x7f2a7c191628
C 342
R
P 0x7f2a7c191628
P 0x7f2a7c19c188
C 258
R
P 0x7f2a7c191628
C 342
R
P 0x7f2a7c191628
P 0x7f2a7c19c188
C 9
R
P 0x7f2a7c191628
C 342
R
P 0x7f2a7c191628
U 2
P 0x7f2a7c19c168
P 0x7f2a7c19c188
p 2
C 65
= 0x7f2a7c1a2498
R
P 0x7f2a7c191628
C 342
R
P 0x7f2a7c191628
P 0x7f2a7c1a2498
C 257
R
P 0x7f2a7c191628
C 342
R
P 0x7f2a7c191628
P 0x7f2a7c1a2498
C 254
= 0x7f2a7c19b1e8
R
P 0x7f2a7c191628
C 342
R
P 0x7f2a7c191628
P 0x7f2a7c19b1e8
C 209
R
P 0x7f2a7c191628
C 342
R
P 0x7f2a7c191628
P 0x7f2a7c1a2498
C 260
R
P 0x7f2a7c191628
C 342
R
P 0x7f2a7c191628
P 0x7f2a7c1a2498
C 259
R
P 0x7f2a7c191628
C 342
R
P 0x7f2a7c191628
P 0x7f2a7c1a2498
C 258
R
P 0x7f2a7c191628
C 342
R
P 0x7f2a7c191628
P 0x7f2a7c1a2498
C 9
R
P 0x7f2a7c191628
C 342
R
P 0x7f2a7c191628
P 0x7f2a7c19bf88
P 0x7f2a7c1a2498
C 74
= 0x7f2a7c2cb8c8
R
P 0x7f2a7c191628
C 342
R
P 0x7f2a7c191628
P 0x7f2a7c2cb8c8
C 258
R
P 0x7f2a7c191628
C 342
R
P 0x7f2a7c191628
P 0x7f2a7c2cb8c8
C 9
R
P 0x7f2a7c191628
C 342
R
P 0x7f2a7c191628
I 7
P 0x7f2a7c19b208
C 150
= 0x7f2a7c19c148
R
P 0x7f2a7c191628
C 342
R
P 0x7f2a7c191628
P 0x7f2a7c19c148
C 258
R
P 0x7f2a7c191628
C 342
R
P 0x7f2a7c191628
P 0x7f2a7c19c148
C 9
R
P 0x7f2a7c191628
C 342
R
P 0x7f2a7c191628
P 0x7f2a7c19c148
C 263
R
P 0x7f2a7c191628
C 342
R
P 0x7f2a7c191628
S "slot7Start"
C 30
R
P 0x7f2a7c191628
C 342
R
P 0x7f2a7c191628
$ |slot7Start|
C 202
R
P 0x7f2a7c191628
C 342
R
P 0x7f2a7c191628
$ |slot7Start|
P 0x7f2a7c19b1e8
C 51
= 0x7f2a7c19c168
R
P 0x7f2a7c191628
C 342
R
P 0x7f2a7c191628
P 0x7f2a7c19c168
C 257
R
P 0x7f2a7c191628
C 342
R
P 0x7f2a7c191628
P 0x7f2a7c19c168
C 254
= 0x7f2a7c19b1e8
R
P 0x7f2a7c191628
C 342
R
P 0x7f2a7c191628
P 0x7f2a7c19b1e8
C 209
R
P 0x7f2a7c191628
C 342
R
P 0x7f2a7c191628
P 0x7f2a7c19c168
C 260
R
P 0x7f2a7c191628
C 342
R
P 0x7f2a7c191628
P 0x7f2a7c19c168
C 259
R
P 0x7f2a7c191628
C 342
R
P 0x7f2a7c191628
P 0x7f2a7c19c168
C 258
R
P 0x7f2a7c191628
C 342
R
P 0x7f2a7c191628
P 0x7f2a7c19c168
C 9
R
P 0x7f2a7c191628
C 342
R
P 0x7f2a7c191628
I 7
P 0x7f2a7c19b208
C 150
= 0x7f2a7c19c148
R
P 0x7f2a7c191628
C 342
R
P 0x7f2a7c191628
P 0x7f2a7c19c148
C 258
R
P 0x7f2a7c191628
C 342
R
P 0x7f2a7c191628
P 0x7f2a7c19c148
C 9
R
P 0x7f2a7c191628
C 342
R
P 0x7f2a7c191628
P 0x7f2a7c19c148
C 263
R
P 0x7f2a7c191628
C 342
R
P 0x7f2a7c191628
S "slot7Duration"
C 30
R
P 0x7f2a7c191628
C 342
R
P 0x7f2a7c191628
$ |slot7Duration|
C 202
R
P 0x7f2a7c191628
C 342
R
P 0x7f2a7c191628
$ |slot7Duration|
P 0x7f2a7c19b1e8
C 51
= 0x7f2a7c19c188
R
P 0x7f2a7c191628
C 342
R
P 0x7f2a7c191628
P 0x7f2a7c19c188
C 257
R
P 0x7f2a7c191628
C 342
R
P 0x7f2a7c191628
P 0x7f2a7c19c188
C 254
= 0x7f2a7c19b1e8
R
P 0x7f2a7c191628
C 342
R
P 0x7f2a7c191628
P 0x7f2a7c19b1e8
C 209
R
P 0x7f2a7c191628
C 342
R
P 0x7f2a7c191628
P 0x7f2a7c19c188
C 260
R
P 0x7f2a7c191628
C 342
R
P 0x7f2a7c191628
P 0x7f2a7c19c188
C 259
R
P 0x7f2a7c191628
C 342
R
P 0x7f2a7c191628
P 0x7f2a7c19c188
C 258
R
P 0x7f2a7c191628
C 342
R
P 0x7f2a7c191628
P 0x7f2a7c19c188
C 9
R
P 0x7f2a7c191628
C 342
R
P 0x7f2a7c191628
U 2
P 0x7f2a7c19c168
P 0x7f2a7c19c188
p 2
C 65
= 0x7f2a7c1a2498
R
P 0x7f2a7c191628
C 342
R
P 0x7f2a7c191628
P 0x7f2a7c1a2498
C 257
R
P 0x7f2a7c191628
C 342
R
P 0x7f2a7c191628
P 0x7f2a7c1a2498
C 254
= 0x7f2a7c19b1e8
R
P 0x7f2a7c191628
C 342
R
P 0x7f2a7c191628
P 0x7f2a7c19b1e8
C 209
R
P 0x7f2a7c191628
C 342
R
P 0x7f2a7c191628
P 0x7f2a7c1a2498
C 260
R
P 0x7f2a7c191628
C 342
R
P 0x7f2a7c191628
P 0x7f2a7c1a2498
C 259
R
P 0x7f2a7c191628
C 342
R
P 0x7f2a7c191628
P 0x7f2a7c1a2498
C 258
R
P 0x7f2a7c191628
C 342
R
P 0x7f2a7c191628
P 0x7f2a7c1a2498
C 9
R
P 0x7f2a7c191628
C 342
R
P 0x7f2a7c191628
I 2
P 0x7f2a7c19b208
C 150
= 0x7f2a7c19bcc8
R
P 0x7f2a7c191628
C 342
R
P 0x7f2a7c191628
P 0x7f2a7c19bcc8
C 258
R
P 0x7f2a7c191628
C 342
R
P 0x7f2a7c191628
P 0x7f2a7c19bcc8
C 9
R
P 0x7f2a7c191628
C 342
R
P 0x7f2a7c191628
P 0x7f2a7c19bcc8
C 263
R
P 0x7f2a7c191628
C 342
R
P 0x7f2a7c191628
S "slot2Start"
C 30
R
P 0x7f2a7c191628
C 342
R
P 0x7f2a7c191628
$ |slot2Start|
C 202
R
P 0x7f2a7c191628
C 342
R
P 0x7f2a7c191628
$ |slot2Start|
P 0x7f2a7c19b1e8
C 51
= 0x7f2a7c19bf88
R
P 0x7f2a7c191628
C 342
R
P 0x7f2a7c191628
P 0x7f2a7c19bf88
C 257
R
P 0x7f2a7c191628
C 342
R
P 0x7f2a7c191628
P 0x7f2a7c19bf88
C 254
= 0x7f2a7c19b1e8
R
P 0x7f2a7c191628
C 342
R
P 0x7f2a7c191628
P 0x7f2a7c19b1e8
C 209
R
P 0x7f2a7c191628
C 342
R
P 0x7f2a7c191628
P 0x7f2a7c19bf88
C 260
R
P 0x7f2a7c191628
C 342
R
P 0x7f2a7c191628
P 0x7f2a7c19bf88
C 259
R
P 0x7f2a7c191628
C 342
R
P 0x7f2a7c191628
P 0x7f2a7c19bf88
C 258
R
P 0x7f2a7c191628
C 342
R
P 0x7f2a7c191628
P 0x7f2a7c19bf88
C 9
R
P 0x7f2a7c191628
C 342
R
P 0x7f2a7c191628
I 2
P 0x7f2a7c19b208
C 150
= 0x7f2a7c19bcc8
R
P 0x7f2a7c191628
C 342
R
P 0x7f2a7c191628
P 0x7f2a7c19bcc8
C 258
R
P 0x7f2a7c191628
C 342
R
P 0x7f2a7c191628
P 0x7f2a7c19bcc8
C 9
R
P 0x7f2a7c191628
C 342
R
P 0x7f2a7c191628
P 0x7f2a7c19bcc8
C 263
R
P 0x7f2a7c191628
C 342
R
P 0x7f2a7c191628
S "slot2Duration"
C 30
R
P 0x7f2a7c191628
C 342
R
P 0x7f2a7c191628
$ |slot2Duration|
C 202
R
P 0x7f2a7c191628
C 342
R
P 0x7f2a7c191628
$ |slot2Duration|
P 0x7f2a7c19b1e8
C 51
= 0x7f2a7c19bfa8
R
P 0x7f2a7c191628
C 342
R
P 0x7f2a7c191628
P 0x7f2a7c19bfa8
C 257
R
P 0x7f2a7c191628
C 342
R
P 0x7f2a7c191628
P 0x7f2a7c19bfa8
C 254
= 0x7f2a7c19b1e8
R
P 0x7f2a7c191628
C 342
R
P 0x7f2a7c191628
P 0x7f2a7c19b1e8
C 209
R
P 0x7f2a7c191628
C 342
R
P 0x7f2a7c191628
P 0x7f2a7c19bfa8
C 260
R
P 0x7f2a7c191628
C 342
R
P 0x7f2a7c191628
P 0x7f2a7c19bfa8
C 259
R
P 0x7f2a7c191628
C 342
R
P 0x7f2a7c191628
P 0x7f2a7c19bfa8
C 258
R
P 0x7f2a7c191628
C 342
R
P 0x7f2a7c191628
P 0x7f2a7c19bfa8
C 9
R
P 0x7f2a7c191628
C 342
R
P 0x7f2a7c191628
U 2
P 0x7f2a7c19bf88
P 0x7f2a7c19bfa8
p 2
C 65
= 0x7f2a7c1a1e08
R
P 0x7f2a7c191628
C 342
R
P 0x7f2a7c191628
P 0x7f2a7c1a1e08
C 257
R
P 0x7f2a7c191628
C 342
R
P 0x7f2a7c191628
P 0x7f2a7c1a1e08
C 254
= 0x7f2a7c19b1e8
R
P 0x7f2a7c191628
C 342
R
P 0x7f2a7c191628
P 0x7f2a7c19b1e8
C 209
R
P 0x7f2a7c191628
C 342
R
P 0x7f2a7c191628
P 0x7f2a7c1a1e08
C 260
R
P 0x7f2a7c191628
C 342
R
P 0x7f2a7c191628
P 0x7f2a7c1a1e08
C 259
R
P 0x7f2a7c191628
C 342
R
P 0x7f2a7c191628
P 0x7f2a7c1a1e08
C 258
R
P 0x7f2a7c191628
C 342
R
P 0x7f2a7c191628
P 0x7f2a7c1a1e08
C 9
R
P 0x7f2a7c191628
C 342
R
P 0x7f2a7c191628
P 0x7f2a7c1a2498
P 0x7f2a7c1a1e08
C 74
= 0x7f2a7c476658
R
P 0x7f2a7c191628
C 342
R
P 0x7f2a7c191628
P 0x7f2a7c476658
C 258
R
P 0x7f2a7c191628
C 342
R
P 0x7f2a7c191628
P 0x7f2a7c476658
C 9
R
P 0x7f2a7c191628
C 342
R
P 0x7f2a7c191628
U 2
P 0x7f2a7c2cb8c8
P 0x7f2a7c476658
p 2
C 63
= 0x7f2a7c476690
R
P 0x7f2a7c191628
C 342
R
P 0x7f2a7c191628
P 0x7f2a7c476690
C 258
R
P 0x7f2a7c191628
C 342
R
P 0x7f2a7c191628
P 0x7f2a7c476690
C 9
R
P 0x7f2a7c191628
C 342
R
P 0x7f2a7c191628
P 0x7f2a7c476690
C 58
= 0x7f2a7c473a38
R
P 0x7f2a7c191628
C 342
R
P 0x7f2a7c191628
P 0x7f2a7c473a38
C 258
R
P 0x7f2a7c191628
C 342
R
P 0x7f2a7c191628
P 0x7f2a7c473a38
C 9
R
P 0x7f2a7c191628
C 342
R
P 0x7f2a7c191628
P 0x7f2a7c473768
P 0x7f2a7c473a38
C 61
= 0x7f2a7c4766c8
R
P 0x7f2a7c191628
C 342
R
P 0x7f2a7c191628
P 0x7f2a7c4766c8
C 258
R
P 0x7f2a7c191628
C 342
R
P 0x7f2a7c191628
P 0x7f2a7c4766c8
C 9
R
P 0x7f2a7c191628
C 342
R
P 0x7f2a7c191628
P 0x7f2a7c1e1fc8
P 0x7f2a7c4766c8
C 427
R
P 0x7f2a7c191628
C 342
R
P 0x7f2a7c191628
I 7
P 0x7f2a7c19b208
C 150
= 0x7f2a7c19c148
R
P 0x7f2a7c191628
C 342
R
P 0x7f2a7c191628
P 0x7f2a7c19c148
C 258
R
P 0x7f2a7c191628
C 342
R
P 0x7f2a7c191628
P 0x7f2a7c19c148
C 9
R
P 0x7f2a7c191628
C 342
R
P 0x7f2a7c191628
I 3
P 0x7f2a7c19b208
C 150
= 0x7f2a7c19bfc8
R
P 0x7f2a7c191628
C 342
R
P 0x7f2a7c191628
P 0x7f2a7c19bfc8
C 258
R
P 0x7f2a7c191628
C 342
R
P 0x7f2a7c191628
P 0x7f2a7c19bfc8
C 9
R
P 0x7f2a7c191628
C 342
R
P 0x7f2a7c191628
P 0x7f2a7c19c148
P 0x7f2a7c19bfc8
C 56
= 0x7f2a7c476000
R
P 0x7f2a7c191628
C 342
R
P 0x7f2a7c191628
P 0x7f2a7c476000
C 258
R
P 0x7f2a7c191628
C 342
R
P 0x7f2a7c191628
P 0x7f2a7c476000
C 9
R
P 0x7f2a7c191628
C 342
R
P 0x7f2a7c191628
P 0x7f2a7c476000
C 58
= 0x7f2a7c4737c8
R
P 0x7f2a7c191628
C 342
R
P 0x7f2a7c191628
P 0x7f2a7c4737c8
C 258
R
P 0x7f2a7c191628
C 342
R
P 0x7f2a7c191628
P 0x7f2a7c4737c8
C 9
R
P 0x7f2a7c191628
C 342
R
P 0x7f2a7c191628
I 3
P 0x7f2a7c19b208
C 150
= 0x7f2a7c19bfc8
R
P 0x7f2a7c191628
C 342
R
P 0x7f2a7c191628
P 0x7f2a7c19bfc8
C 258
R
P 0x7f2a7c191628
C 342
R
P 0x7f2a7c191628
P 0x7f2a7c19bfc8
C 9
R
P 0x7f2a7c191628
C 342
R
P 0x7f2a7c191628
P 0x7f2a7c19bfc8
C 263
R
P 0x7f2a7c191628
C 342
R
P 0x7f2a7c191628
S "slot3Start"
C 30
R
P 0x7f2a7c191628
C 342
R
P 0x7f2a7c191628
$ |slot3Start|
C 202
R
P 0x7f2a7c191628
C 342
R
P 0x7f2a7c191628
$ |slot3Start|
P 0x7f2a7c19b1e8
C 51
= 0x7f2a7c19bfe8
R
P 0x7f2a7c191628
C 342
R
P 0x7f2a7c191628
P 0x7f2a7c19bfe8
C 257
R
P 0x7f2a7c191628
C 342
R
P 0x7f2a7c191628
P 0x7f2a7c19bfe8
C 254
= 0x7f2a7c19b1e8
R
P 0x7f2a7c191628
C 342
R
P 0x7f2a7c191628
P 0x7f2a7c19b1e8
C 209
R
P 0x7f2a7c191628
C 342
R
P 0x7f2a7c191628
P 0x7f2a7c19bfe8
C 260
R
P 0x7f2a7c191628
C 342
R
P 0x7f2a7c191628
P 0x7f2a7c19bfe8
C 259
R
P 0x7f2a7c191628
C 342
R
P 0x7f2a7c191628
P 0x7f2a7c19bfe8
C 258
R
P 0x7f2a7c191628
C 342
R
P 0x7f2a7c191628
P 0x7f2a7c19bfe8
C 9
R
P 0x7f2a7c191628
C 342
R
P 0x7f2a7c191628
I 7
P 0x7f2a7c19b208
C 150
= 0x7f2a7c19c148
R
P 0x7f2a7c191628
C 342
R
P 0x7f2a7c191628
P 0x7f2a7c19c148
C 258
R
P 0x7f2a7c191628
C 342
R
P 0x7f2a7c191628
P 0x7f2a7c19c148
C 9
R
P 0x7f2a7c191628
C 342
R
P 0x7f2a7c191628
P 0x7f2a7c19c148
C 263
R
P 0x7f2a7c191628
C 342
R
P 0x7f2a7c191628
S "slot7Start"
C 30
R
P 0x7f2a7c191628
C 342
R
P 0x7f2a7c191628
$ |slot7Start|
C 202
R
P 0x7f2a7c191628
C 342
R
P 0x7f2a7c191628
$ |slot7Start|
P 0x7f2a7c19b1e8
C 51
= 0x7f2a7c19c168
R
P 0x7f2a7c191628
C 342
R
P 0x7f2a7c191628
P 0x7f2a7c19c168
C 257
R
P 0x7f2a7c191628
C 342
R
P 0x7f2a7c191628
P 0x7f2a7c19c168
C 254
= 0x7f2a7c19b1e8
R
P 0x7f2a7c191628
C 342
R
P 0x7f2a7c191628
P 0x7f2a7c19b1e8
C 209
R
P 0x7f2a7c191628
C 342
R
P 0x7f2a7c191628
P 0x7f2a7c19c168
C 260
R
P 0x7f2a7c191628
C 342
R
P 0x7f2a7c191628
P 0x7f2a7c19c168
C 259
R
P 0x7f2a7c191628
C 342
R
P 0x7f2a7c191628
P 0x7f2a7c19c168
C 258
R
P 0x7f2a7c191628
C 342
R
P 0x7f2a7c191628
P 0x7f2a7c19c168
C 9
R
P 0x7f2a7c191628
C 342
R
P 0x7f2a7c191628
I 7
P 0x7f2a7c19b208
C 150
= 0x7f2a7c19c148
R
P 0x7f2a7c191628
C 342
R
P 0x7f2a7c191628
P 0x7f2a7c19c148
C 258
R
P 0x7f2a7c191628
C 342
R
P 0x7f2a7c191628
P 0x7f2a7c19c148
C 9
R
P 0x7f2a7c191628
C 342
R
P 0x7f2a7c191628
P 0x7f2a7c19c148
C 263
R
P 0x7f2a7c191628
C 342
R
P 0x7f2a7c191628
S "slot7Duration"
C 30
R
P 0x7f2a7c191628
C 342
R
P 0x7f2a7c191628
$ |slot7Duration|
C 202
R
P 0x7f2a7c191628
C 342
R
P 0x7f2a7c191628
$ |slot7Duration|
P 0x7f2a7c19b1e8
C 51
= 0x7f2a7c19c188
R
P 0x7f2a7c191628
C 342
R
P 0x7f2a7c191628
P 0x7f2a7c19c188
C 257
R
P 0x7f2a7c191628
C 342
R
P 0x7f2a7c191628
P 0x7f2a7c19c188
C 254
= 0x7f2a7c19b1e8
R
P 0x7f2a7c191628
C 342
R
P 0x7f2a7c191628
P 0x7f2a7c19b1e8
C 209
R
P 0x7f2a7c191628
C 342
R
P 0x7f2a7c191628
P 0x7f2a7c19c188
C 260
R
P 0x7f2a7c191628
C 342
R
P 0x7f2a7c191628
P 0x7f2a7c19c188
C 259
R
P 0x7f2a7c191628
C 342
R
P 0x7f2a7c191628
P 0x7f2a7c19c188
C 258
R
P 0x7f2a7c191628
C 342
R
P 0x7f2a7c191628
P 0x7f2a7c19c188
C 9
R
P 0x7f2a7c191628
C 342
R
P 0x7f2a7c191628
U 2
P 0x7f2a7c19c168
P 0x7f2a7c19c188
p 2
C 65
= 0x7f2a7c1a2498
R
P 0x7f2a7c191628
C 342
R
P 0x7f2a7c191628
P 0x7f2a7c1a2498
C 257
R
P 0x7f2a7c191628
C 342
R
P 0x7f2a7c191628
P 0x7f2a7c1a2498
C 254
= 0x7f2a7c19b1e8
R
P 0x7f2a7c191628
C 342
R
P 0x7f2a7c191628
P 0x7f2a7c19b1e8
C 209
R
P 0x7f2a7c191628
C 342
R
P 0x7f2a7c191628
P 0x7f2a7c1a2498
C 260
R
P 0x7f2a7c191628
C 342
R
P 0x7f2a7c191628
P 0x7f2a7c1a2498
C 259
R
P 0x7f2a7c191628
C 342
R
P 0x7f2a7c191628
P 0x7f2a7c1a2498
C 258
R
P 0x7f2a7c191628
C 342
R
P 0x7f2a7c191628
P 0x7f2a7c1a2498
C 9
R
P 0x7f2a7c191628
C 342
R
P 0x7f2a7c191628
P 0x7f2a7c19bfe8
P 0x7f2a7c1a2498
C 74
= 0x7f2a7c2cc930
R
P 0x7f2a7c191628
C 342
R
P 0x7f2a7c191628
P 0x7f2a7c2cc930
C 258
R
P 0x7f2a7c191628
C 342
R
P 0x7f2a7c191628
P 0x7f2a7c2cc930
C 9
R
P 0x7f2a7c191628
C 342
R
P 0x7f2a7c191628
I 7
P 0x7f2a7c19b208
C 150
= 0x7f2a7c19c148
R
P 0x7f2a7c191628
C 342
R
P 0x7f2a7c191628
P 0x7f2a7c19c148
C 258
R
P 0x7f2a7c191628
C 342
R
P 0x7f2a7c191628
P 0x7f2a7c19c148
C 9
R
P 0x7f2a7c191628
C 342
R
P 0x7f2a7c191628
P 0x7f2a7c19c148
C 263
R
P 0x7f2a7c191628
C 342
R
P 0x7f2a7c191628
S "slot7Start"
C 30
R
P 0x7f2a7c191628
C 342
R
P 0x7f2a7c191628
$ |slot7Start|
C 202
R
P 0x7f2a7c191628
C 342
R
P 0x7f2a7c191628
$ |slot7Start|
P 0x7f2a7c19b1e8
C 51
= 0x7f2a7c19c168
R
P 0x7f2a7c191628
C 342
R
P 0x7f2a7c191628
P 0x7f2a7c19c168
C 257
R
P 0x7f2a7c191628
C 342
R
P 0x7f2a7c191628
P 0x7f2a7c19c168
C 254
= 0x7f2a7c19b1e8
R
P 0x7f2a7c191628
C 342
R
P 0x7f2a7c191628
P 0x7f2a7c19b1e8
C 209
R
P 0x7f2a7c191628
C 342
R
P 0x7f2a7c191628
P 0x7f2a7c19c168
C 260
R
P 0x7f2a7c191628
C 342
R
P 0x7f2a7c191628
P 0x7f2a7c19c168
C 259
R
P 0x7f2a7c191628
C 342
R
P 0x7f2a7c191628
P 0x7f2a7c19c168
C 258
R
P 0x7f2a7c191628
C 342
R
P 0x7f2a7c191628
P 0x7f2a7c19c168
C 9
R
P 0x7f2a7c191628
C 342
R
P 0x7f2a7c191628
I 7
P 0x7f2a7c19b208
C 150
= 0x7f2a7c19c148
R
P 0x7f2a7c191628
C 342
R
P 0x7f2a7c191628
P 0x7f2a7c19c148
C 258
R
P 0x7f2a7c191628
C 342
R
P 0x7f2a7c191628
P 0x7f2a7c19c148
C 9
R
P 0x7f2a7c191628
C 342
R
P 0x7f2a7c191628
P 0x7f2a7c19c148
C 263
R
P 0x7f2a7c191628
C 342
R
P 0x7f2a7c191628
S "slot7Duration"
C 30
R
P 0x7f2a7c191628
C 342
R
P 0x7f2a7c191628
$ |slot7Duration|
C 202
R
P 0x7f2a7c191628
C 342
R
P 0x7f2a7c191628
$ |slot7Duration|
P 0x7f2a7c19b1e8
C 51
= 0x7f2a7c19c188
R
P 0x7f2a7c191628
C 342
R
P 0x7f2a7c191628
P 0x7f2a7c19c188
C 257
R
P 0x7f2a7c191628
C 342
R
P 0x7f2a7c191628
P 0x7f2a7c19c188
C 254
= 0x7f2a7c19b1e8
R
P 0x7f2a7c191628
C 342
R
P 0x7f2a7c191628
P 0x7f2a7c19b1e8
C 209
R
P 0x7f2a7c191628
C 342
R
P 0x7f2a7c191628
P 0x7f2a7c19c188
C 260
R
P 0x7f2a7c191628
C 342
R
P 0x7f2a7c191628
P 0x7f2a7c19c188
C 259
R
P 0x7f2a7c191628
C 342
R
P 0x7f2a7c191628
P 0x7f2a7c19c188
C 258
R
P 0x7f2a7c191628
C 342
R
P 0x7f2a7c191628
P 0x7f2a7c19c188
C 9
R
P 0x7f2a7c191628
C 342
R
P 0x7f2a7c191628
U 2
P 0x7f2a7c19c168
P 0x7f2a7c19c188
p 2
C 65
= 0x7f2a7c1a2498
R
P 0x7f2a7c191628
C 342
R
P 0x7f2a7c191628
P 0x7f2a7c1a2498
C 257
R
P 0x7f2a7c191628
C 342
R
P 0x7f2a7c191628
P 0x7f2a7c1a2498
C 254
= 0x7f2a7c19b1e8
R
P 0x7f2a7c191628
C 342
R
P 0x7f2a7c191628
P 0x7f2a7c19b1e8
C 209
R
P 0x7f2a7c191628
C 342
R
P 0x7f2a7c191628
P 0x7f2a7c1a2498
C 260
R
P 0x7f2a7c191628
C 342
R
P 0x7f2a7c191628
P 0x7f2a7c1a2498
C 259
R
P 0x7f2a7c191628
C 342
R
P 0x7f2a7c191628
P 0x7f2a7c1a2498
C 258
R
P 0x7f2a7c191628
C 342
R
P 0x7f2a7c191628
P 0x7f2a7c1a2498
C 9
R
P 0x7f2a7c191628
C 342
R
P 0x7f2a7c191628
I 3
P 0x7f2a7c19b208
C 150
= 0x7f2a7c19bfc8
R
P 0x7f2a7c191628
C 342
R
P 0x7f2a7c191628
P 0x7f2a7c19bfc8
C 258
R
P 0x7f2a7c191628
C 342
R
P 0x7f2a7c191628
P 0x7f2a7c19bfc8
C 9
R
P 0x7f2a7c191628
C 342
R
P 0x7f2a7c191628
P 0x7f2a7c19bfc8
C 263
R
P 0x7f2a7c191628
C 342
R
P 0x7f2a7c191628
S "slot3Start"
C 30
R
P 0x7f2a7c191628
C 342
R
P 0x7f2a7c191628
$ |slot3Start|
C 202
R
P 0x7f2a7c191628
C 342
R
P 0x7f2a7c191628
$ |slot3Start|
P 0x7f2a7c19b1e8
C 51
= 0x7f2a7c19bfe8
R
P 0x7f2a7c191628
C 342
R
P 0x7f2a7c191628
P 0x7f2a7c19bfe8
C 257
R
P 0x7f2a7c191628
C 342
R
P 0x7f2a7c191628
P 0x7f2a7c19bfe8
C 254
= 0x7f2a7c19b1e8
R
P 0x7f2a7c191628
C 342
R
P 0x7f2a7c191628
P 0x7f2a7c19b1e8
C 209
R
P 0x7f2a7c191628
C 342
R
P 0x7f2a7c191628
P 0x7f2a7c19bfe8
C 260
R
P 0x7f2a7c191628
C 342
R
P 0x7f2a7c191628
P 0x7f2a7c19bfe8
C 259
R
P 0x7f2a7c191628
C 342
R
P 0x7f2a7c191628
P 0x7f2a7c19bfe8
C 258
R
P 0x7f2a7c191628
C 342
R
P 0x7f2a7c191628
P 0x7f2a7c19bfe8
C 9
R
P 0x7f2a7c191628
C 342
R
P 0x7f2a7c191628
I 3
P 0x7f2a7c19b208
C 150
= 0x7f2a7c19bfc8
R
P 0x7f2a7c191628
C 342
R
P 0x7f2a7c191628
P 0x7f2a7c19bfc8
C 258
R
P 0x7f2a7c191628
C 342
R
P 0x7f2a7c191628
P 0x7f2a7c19bfc8
C 9
R
P 0x7f2a7c191628
C 342
R
P 0x7f2a7c191628
P 0x7f2a7c19bfc8
C 263
R
P 0x7f2a7c191628
C 342
R
P 0x7f2a7c191628
S "slot3Duration"
C 30
R
P 0x7f2a7c191628
C 342
R
P 0x7f2a7c191628
$ |slot3Duration|
C 202
R
P 0x7f2a7c191628
C 342
R
P 0x7f2a7c191628
$ |slot3Duration|
P 0x7f2a7c19b1e8
C 51
= 0x7f2a7c19c008
R
P 0x7f2a7c191628
C 342
R
P 0x7f2a7c191628
P 0x7f2a7c19c008
C 257
R
P 0x7f2a7c191628
C 342
R
P 0x7f2a7c191628
P 0x7f2a7c19c008
C 254
= 0x7f2a7c19b1e8
R
P 0x7f2a7c191628
C 342
R
P 0x7f2a7c191628
P 0x7f2a7c19b1e8
C 209
R
P 0x7f2a7c191628
C 342
R
P 0x7f2a7c191628
P 0x7f2a7c19c008
C 260
R
P 0x7f2a7c191628
C 342
R
P 0x7f2a7c191628
P 0x7f2a7c19c008
C 259
R
P 0x7f2a7c191628
C 342
R
P 0x7f2a7c191628
P 0x7f2a7c19c008
C 258
R
P 0x7f2a7c191628
C 342
R
P 0x7f2a7c191628
P 0x7f2a7c19c008
C 9
R
P 0x7f2a7c191628
C 342
R
P 0x7f2a7c191628
U 2
P 0x7f2a7c19bfe8
P 0x7f2a7c19c008
p 2
C 65
= 0x7f2a7c1a1f58
R
P 0x7f2a7c191628
C 342
R
P 0x7f2a7c191628
P 0x7f2a7c1a1f58
C 257
R
P 0x7f2a7c191628
C 342
R
P 0x7f2a7c191628
P 0x7f2a7c1a1f58
C 254
= 0x7f2a7c19b1e8
R
P 0x7f2a7c191628
C 342
R
P 0x7f2a7c191628
P 0x7f2a7c19b1e8
C 209
R
P 0x7f2a7c191628
C 342
R
P 0x7f2a7c191628
P 0x7f2a7c1a1f58
C 260
R
P 0x7f2a7c191628
C 342
R
P 0x7f2a7c191628
P 0x7f2a7c1a1f58
C 259
R
P 0x7f2a7c191628
C 342
R
P 0x7f2a7c191628
P 0x7f2a7c1a1f58
C 258
R
P 0x7f2a7c191628
C 342
R
P 0x7f2a7c191628
P 0x7f2a7c1a1f58
C 9
R
P 0x7f2a7c191628
C 342
R
P 0x7f2a7c191628
P 0x7f2a7c1a2498
P 0x7f2a7c1a1f58
C 74
= 0x7f2a7c476700
R
P 0x7f2a7c191628
C 342
R
P 0x7f2a7c191628
P 0x7f2a7c476700
C 258
R
P 0x7f2a7c191628
C 342
R
P 0x7f2a7c191628
P 0x7f2a7c476700
C 9
R
P 0x7f2a7c191628
C 342
R
P 0x7f2a7c191628
U 2
P 0x7f2a7c2cc930
P 0x7f2a7c476700
p 2
C 63
= 0x7f2a7c476738
R
P 0x7f2a7c191628
C 342
R
P 0x7f2a7c191628
P 0x7f2a7c476738
C 258
R
P 0x7f2a7c191628
C 342
R
P 0x7f2a7c191628
P 0x7f2a7c476738
C 9
R
P 0x7f2a7c191628
C 342
R
P 0x7f2a7c191628
P 0x7f2a7c476738
C 58
= 0x7f2a7c473a68
R
P 0x7f2a7c191628
C 342
R
P 0x7f2a7c191628
P 0x7f2a7c473a68
C 258
R
P 0x7f2a7c191628
C 342
R
P 0x7f2a7c191628
P 0x7f2a7c473a68
C 9
R
P 0x7f2a7c191628
C 342
R
P 0x7f2a7c191628
P 0x7f2a7c4737c8
P 0x7f2a7c473a68
C 61
= 0x7f2a7c476770
R
P 0x7f2a7c191628
C 342
R
P 0x7f2a7c191628
P 0x7f2a7c476770
C 258
R
P 0x7f2a7c191628
C 342
R
P 0x7f2a7c191628
P 0x7f2a7c476770
C 9
R
P 0x7f2a7c191628
C 342
R
P 0x7f2a7c191628
P 0x7f2a7c1e1fc8
P 0x7f2a7c476770
C 427
R
P 0x7f2a7c191628
C 342
R
P 0x7f2a7c191628
I 7
P 0x7f2a7c19b208
C 150
= 0x7f2a7c19c148
R
P 0x7f2a7c191628
C 342
R
P 0x7f2a7c191628
P 0x7f2a7c19c148
C 258
R
P 0x7f2a7c191628
C 342
R
P 0x7f2a7c191628
P 0x7f2a7c19c148
C 9
R
P 0x7f2a7c191628
C 342
R
P 0x7f2a7c191628
I 4
P 0x7f2a7c19b208
C 150
= 0x7f2a7c19c028
R
P 0x7f2a7c191628
C 342
R
P 0x7f2a7c191628
P 0x7f2a7c19c028
C 258
R
P 0x7f2a7c191628
C 342
R
P 0x7f2a7c191628
P 0x7f2a7c19c028
C 9
R
P 0x7f2a7c191628
C 342
R
P 0x7f2a7c191628
P 0x7f2a7c19c148
P 0x7f2a7c19c028
C 56
= 0x7f2a7c4760e0
R
P 0x7f2a7c191628
C 342
R
P 0x7f2a7c191628
P 0x7f2a7c4760e0
C 258
R
P 0x7f2a7c191628
C 342
R
P 0x7f2a7c191628
P 0x7f2a7c4760e0
C 9
R
P 0x7f2a7c191628
C 342
R
P 0x7f2a7c191628
P 0x7f2a7c4760e0
C 58
= 0x7f2a7c473828
R
P 0x7f2a7c191628
C 342
R
P 0x7f2a7c191628
P 0x7f2a7c473828
C 258
R
P 0x7f2a7c191628
C 342
R
P 0x7f2a7c191628
P 0x7f2a7c473828
C 9
R
P 0x7f2a7c191628
C 342
R
P 0x7f2a7c191628
I 4
P 0x7f2a7c19b208
C 150
= 0x7f2a7c19c028
R
P 0x7f2a7c191628
C 342
R
P 0x7f2a7c191628
P 0x7f2a7c19c028
C 258
R
P 0x7f2a7c191628
C 342
R
P 0x7f2a7c191628
P 0x7f2a7c19c028
C 9
R
P 0x7f2a7c191628
C 342
R
P 0x7f2a7c191628
P 0x7f2a7c19c028
C 263
R
P 0x7f2a7c191628
C 342
R
P 0x7f2a7c191628
S "slot4Start"
C 30
R
P 0x7f2a7c191628
C 342
R
P 0x7f2a7c191628
$ |slot4Start|
C 202
R
P 0x7f2a7c191628
C 342
R
P 0x7f2a7c191628
$ |slot4Start|
P 0x7f2a7c19b1e8
C 51
= 0x7f2a7c19c048
R
P 0x7f2a7c191628
C 342
R
P 0x7f2a7c191628
P 0x7f2a7c19c048
C 257
R
P 0x7f2a7c191628
C 342
R
P 0x7f2a7c191628
P 0x7f2a7c19c048
C 254
= 0x7f2a7c19b1e8
R
P 0x7f2a7c191628
C 342
R
P 0x7f2a7c191628
P 0x7f2a7c19b1e8
C 209
R
P 0x7f2a7c191628
C 342
R
P 0x7f2a7c191628
P 0x7f2a7c19c048
C 260
R
P 0x7f2a7c191628
C 342
R
P 0x7f2a7c191628
P 0x7f2a7c19c048
C 259
R
P 0x7f2a7c191628
C 342
R
P 0x7f2a7c191628
P 0x7f2a7c19c048
C 258
R
P 0x7f2a7c191628
C 342
R
P 0x7f2a7c191628
P 0x7f2a7c19c048
C 9
R
P 0x7f2a7c191628
C 342
R
P 0x7f2a7c191628
I 7
P 0x7f2a7c19b208
C 150
= 0x7f2a7c19c148
R
P 0x7f2a7c191628
C 342
R
P 0x7f2a7c191628
P 0x7f2a7c19c148
C 258
R
P 0x7f2a7c191628
C 342
R
P 0x7f2a7c191628
P 0x7f2a7c19c148
C 9
R
P 0x7f2a7c191628
C 342
R
P 0x7f2a7c191628
P 0x7f2a7c19c148
C 263
R
P 0x7f2a7c191628
C 342
R
P 0x7f2a7c191628
S "slot7Start"
C 30
R
P 0x7f2a7c191628
C 342
R
P 0x7f2a7c191628
$ |slot7Start|
C 202
R
P 0x7f2a7c191628
C 342
R
P 0x7f2a7c191628
$ |slot7Start|
P 0x7f2a7c19b1e8
C 51
= 0x7f2a7c19c168
R
P 0x7f2a7c191628
C 342
R
P 0x7f2a7c191628
P 0x7f2a7c19c168
C 257
R
P 0x7f2a7c191628
C 342
R
P 0x7f2a7c191628
P 0x7f2a7c19c168
C 254
= 0x7f2a7c19b1e8
R
P 0x7f2a7c191628
C 342
R
P 0x7f2a7c191628
P 0x7f2a7c19b1e8
C 209
R
P 0x7f2a7c191628
C 342
R
P 0x7f2a7c191628
P 0x7f2a7c19c168
C 260
R
P 0x7f2a7c191628
C 342
R
P 0x7f2a7c191628
P 0x7f2a7c19c168
C 259
R
P 0x7f2a7c191628
C 342
R
P 0x7f2a7c191628
P 0x7f2a7c19c168
C 258
R
P 0x7f2a7c191628
C 342
R
P 0x7f2a7c191628
P 0x7f2a7c19c168
C 9
R
P 0x7f2a7c191628
C 342
R
P 0x7f2a7c191628
I 7
P 0x7f2a7c19b208
C 150
= 0x7f2a7c19c148
R
P 0x7f2a7c191628
C 342
R
P 0x7f2a7c191628
P 0x7f2a7c19c148
C 258
R
P 0x7f2a7c191628
C 342
R
P 0x7f2a7c191628
P 0x7f2a7c19c148
C 9
R
P 0x7f2a7c191628
C 342
R
P 0x7f2a7c191628
P 0x7f2a7c19c148
C 263
R
P 0x7f2a7c191628
C 342
R
P 0x7f2a7c191628
S "slot7Duration"
C 30
R
P 0x7f2a7c191628
C 342
R
P 0x7f2a7c191628
$ |slot7Duration|
C 202
R
P 0x7f2a7c191628
C 342
R
P 0x7f2a7c191628
$ |slot7Duration|
P 0x7f2a7c19b1e8
C 51
= 0x7f2a7c19c188
R
P 0x7f2a7c191628
C 342
R
P 0x7f2a7c191628
P 0x7f2a7c19c188
C 257
R
P 0x7f2a7c191628
C 342
R
P 0x7f2a7c191628
P 0x7f2a7c19c188
C 254
= 0x7f2a7c19b1e8
R
P 0x7f2a7c191628
C 342
R
P 0x7f2a7c191628
P 0x7f2a7c19b1e8
C 209
R
P 0x7f2a7c191628
C 342
R
P 0x7f2a7c191628
P 0x7f2a7c19c188
C 260
R
P 0x7f2a7c191628
C 342
R
P 0x7f2a7c191628
P 0x7f2a7c19c188
C 259
R
P 0x7f2a7c191628
C 342
R
P 0x7f2a7c191628
P 0x7f2a7c19c188
C 258
R
P 0x7f2a7c191628
C 342
R
P 0x7f2a7c191628
P 0x7f2a7c19c188
C 9
R
P 0x7f2a7c191628
C 342
R
P 0x7f2a7c191628
U 2
P 0x7f2a7c19c168
P 0x7f2a7c19c188
p 2
C 65
= 0x7f2a7c1a2498
R
P 0x7f2a7c191628
C 342
R
P 0x7f2a7c191628
P 0x7f2a7c1a2498
C 257
R
P 0x7f2a7c191628
C 342
R
P 0x7f2a7c191628
P 0x7f2a7c1a2498
C 254
= 0x7f2a7c19b1e8
R
P 0x7f2a7c191628
C 342
R
P 0x7f2a7c191628
P 0x7f2a7c19b1e8
C 209
R
P 0x7f2a7c191628
C 342
R
P 0x7f2a7c191628
P 0x7f2a7c1a2498
C 260
R
P 0x7f2a7c191628
C 342
R
P 0x7f2a7c191628
P 0x7f2a7c1a2498
C 259
R
P 0x7f2a7c191628
C 342
R
P 0x7f2a7c191628
P 0x7f2a7c1a2498
C 258
R
P 0x7f2a7c191628
C 342
R
P 0x7f2a7c191628
P 0x7f2a7c1a2498
C 9
R
P 0x7f2a7c191628
C 342
R
P 0x7f2a7c191628
P 0x7f2a7c19c048
P 0x7f2a7c1a2498
C 74
= 0x7f2a7c478660
R
P 0x7f2a7c191628
C 342
R
P 0x7f2a7c191628
P 0x7f2a7c478660
C 258
R
P 0x7f2a7c191628
C 342
R
P 0x7f2a7c191628
P 0x7f2a7c478660
C 9
R
P 0x7f2a7c191628
C 342
R
P 0x7f2a7c191628
I 7
P 0x7f2a7c19b208
C 150
= 0x7f2a7c19c148
R
P 0x7f2a7c191628
C 342
R
P 0x7f2a7c191628
P 0x7f2a7c19c148
C 258
R
P 0x7f2a7c191628
C 342
R
P 0x7f2a7c191628
P 0x7f2a7c19c148
C 9
R
P 0x7f2a7c191628
C 342
R
P 0x7f2a7c191628
P 0x7f2a7c19c148
C 263
R
P 0x7f2a7c191628
C 342
R
P 0x7f2a7c191628
S "slot7Start"
C 30
R
P 0x7f2a7c191628
C 342
R
P 0x7f2a7c191628
$ |slot7Start|
C 202
R
P 0x7f2a7c191628
C 342
R
P 0x7f2a7c191628
$ |slot7Start|
P 0x7f2a7c19b1e8
C 51
= 0x7f2a7c19c168
R
P 0x7f2a7c191628
C 342
R
P 0x7f2a7c191628
P 0x7f2a7c19c168
C 257
R
P 0x7f2a7c191628
C 342
R
P 0x7f2a7c191628
P 0x7f2a7c19c168
C 254
= 0x7f2a7c19b1e8
R
P 0x7f2a7c191628
C 342
R
P 0x7f2a7c191628
P 0x7f2a7c19b1e8
C 209
R
P 0x7f2a7c191628
C 342
R
P 0x7f2a7c191628
P 0x7f2a7c19c168
C 260
R
P 0x7f2a7c191628
C 342
R
P 0x7f2a7c191628
P 0x7f2a7c19c168
C 259
R
P 0x7f2a7c191628
C 342
R
P 0x7f2a7c191628
P 0x7f2a7c19c168
C 258
R
P 0x7f2a7c191628
C 342
R
P 0x7f2a7c191628
P 0x7f2a7c19c168
C 9
R
P 0x7f2a7c191628
C 342
R
P 0x7f2a7c191628
I 7
P 0x7f2a7c19b208
C 150
= 0x7f2a7c19c148
R
P 0x7f2a7c191628
C 342
R
P 0x7f2a7c191628
P 0x7f2a7c19c148
C 258
R
P 0x7f2a7c191628
C 342
R
P 0x7f2a7c191628
P 0x7f2a7c19c148
C 9
R
P 0x7f2a7c191628
C 342
R
P 0x7f2a7c191628
P 0x7f2a7c19c148
C 263
R
P 0x7f2a7c191628
C 342
R
P 0x7f2a7c191628
S "slot7Duration"
C 30
R
P 0x7f2a7c191628
C 342
R
P 0x7f2a7c191628
$ |slot7Duration|
C 202
R
P 0x7f2a7c191628
C 342
R
P 0x7f2a7c191628
$ |slot7Duration|
P 0x7f2a7c19b1e8
C 51
= 0x7f2a7c19c188
R
P 0x7f2a7c191628
C 342
R
P 0x7f2a7c191628
P 0x7f2a7c19c188
C 257
R
P 0x7f2a7c191628
C 342
R
P 0x7f2a7c191628
P 0x7f2a7c19c188
C 254
= 0x7f2a7c19b1e8
R
P 0x7f2a7c191628
C 342
R
P 0x7f2a7c191628
P 0x7f2a7c19b1e8
C 209
R
P 0x7f2a7c191628
C 342
R
P 0x7f2a7c191628
P 0x7f2a7c19c188
C 260
R
P 0x7f2a7c191628
C 342
R
P 0x7f2a7c191628
P 0x7f2a7c19c188
C 259
R
P 0x7f2a7c191628
C 342
R
P 0x7f2a7c191628
P 0x7f2a7c19c188
C 258
R
P 0x7f2a7c191628
C 342
R
P 0x7f2a7c191628
P 0x7f2a7c19c188
C 9
R
P 0x7f2a7c191628
C 342
R
P 0x7f2a7c191628
U 2
P 0x7f2a7c19c168
P 0x7f2a7c19c188
p 2
C 65
= 0x7f2a7c1a2498
R
P 0x7f2a7c191628
C 342
R
P 0x7f2a7c191628
P 0x7f2a7c1a2498
C 257
R
P 0x7f2a7c191628
C 342
R
P 0x7f2a7c191628
P 0x7f2a7c1a2498
C 254
= 0x7f2a7c19b1e8
R
P 0x7f2a7c191628
C 342
R
P 0x7f2a7c191628
P 0x7f2a7c19b1e8
C 209
R
P 0x7f2a7c191628
C 342
R
P 0x7f2a7c191628
P 0x7f2a7c1a2498
C 260
R
P 0x7f2a7c191628
C 342
R
P 0x7f2a7c191628
P 0x7f2a7c1a2498
C 259
R
P 0x7f2a7c191628
C 342
R
P 0x7f2a7c191628
P 0x7f2a7c1a2498
C 258
R
P 0x7f2a7c191628
C 342
R
P 0x7f2a7c191628
P 0x7f2a7c1a2498
C 9
R
P 0x7f2a7c191628
C 342
R
P 0x7f2a7c191628
I 4
P 0x7f2a7c19b208
C 150
= 0x7f2a7c19c028
R
P 0x7f2a7c191628
C 342
R
P 0x7f2a7c191628
P 0x7f2a7c19c028
C 258
R
P 0x7f2a7c191628
C 342
R
P 0x7f2a7c191628
P 0x7f2a7c19c028
C 9
R
P 0x7f2a7c191628
C 342
R
P 0x7f2a7c191628
P 0x7f2a7c19c028
C 263
R
P 0x7f2a7c191628
C 342
R
P 0x7f2a7c191628
S "slot4Start"
C 30
R
P 0x7f2a7c191628
C 342
R
P 0x7f2a7c191628
$ |slot4Start|
C 202
R
P 0x7f2a7c191628
C 342
R
P 0x7f2a7c191628
$ |slot4Start|
P 0x7f2a7c19b1e8
C 51
= 0x7f2a7c19c048
R
P 0x7f2a7c191628
C 342
R
P 0x7f2a7c191628
P 0x7f2a7c19c048
C 257
R
P 0x7f2a7c191628
C 342
R
P 0x7f2a7c191628
P 0x7f2a7c19c048
C 254
= 0x7f2a7c19b1e8
R
P 0x7f2a7c191628
C 342
R
P 0x7f2a7c191628
P 0x7f2a7c19b1e8
C 209
R
P 0x7f2a7c191628
C 342
R
P 0x7f2a7c191628
P 0x7f2a7c19c048
C 260
R
P 0x7f2a7c191628
C 342
R
P 0x7f2a7c191628
P 0x7f2a7c19c048
C 259
R
P 0x7f2a7c191628
C 342
R
P 0x7f2a7c191628
P 0x7f2a7c19c048
C 258
R
P 0x7f2a7c191628
C 342
R
P 0x7f2a7c191628
P 0x7f2a7c19c048
C 9
R
P 0x7f2a7c191628
C 342
R
P 0x7f2a7c191628
I 4
P 0x7f2a7c19b208
C 150
= 0x7f2a7c19c028
R
P 0x7f2a7c191628
C 342
R
P 0x7f2a7c191628
P 0x7f2a7c19c028
C 258
R
P 0x7f2a7c191628
C 342
R
P 0x7f2a7c191628
P 0x7f2a7c19c028
C 9
R
P 0x7f2a7c191628
C 342
R
P 0x7f2a7c191628
P 0x7f2a7c19c028
C 263
R
P 0x7f2a7c191628
C 342
R
P 0x7f2a7c191628
S "slot4Duration"
C 30
R
P 0x7f2a7c191628
C 342
R
P 0x7f2a7c191628
$ |slot4Duration|
C 202
R
P 0x7f2a7c191628
C 342
R
P 0x7f2a7c191628
$ |slot4Duration|
P 0x7f2a7c19b1e8
C 51
= 0x7f2a7c19c068
R
P 0x7f2a7c191628
C 342
R
P 0x7f2a7c191628
P 0x7f2a7c19c068
C 257
R
P 0x7f2a7c191628
C 342
R
P 0x7f2a7c191628
P 0x7f2a7c19c068
C 254
= 0x7f2a7c19b1e8
R
P 0x7f2a7c191628
C 342
R
P 0x7f2a7c191628
P 0x7f2a7c19b1e8
C 209
R
P 0x7f2a7c191628
C 342
R
P 0x7f2a7c191628
P 0x7f2a7c19c068
C 260
R
P 0x7f2a7c191628
C 342
R
P 0x7f2a7c191628
P 0x7f2a7c19c068
C 259
R
P 0x7f2a7c191628
C 342
R
P 0x7f2a7c191628
P 0x7f2a7c19c068
C 258
R
P 0x7f2a7c191628
C 342
R
P 0x7f2a7c191628
P 0x7f2a7c19c068
C 9
R
P 0x7f2a7c191628
C 342
R
P 0x7f2a7c191628
U 2
P 0x7f2a7c19c048
P 0x7f2a7c19c068
p 2
C 65
= 0x7f2a7c1a20a8
R
P 0x7f2a7c191628
C 342
R
P 0x7f2a7c191628
P 0x7f2a7c1a20a8
C 257
R
P 0x7f2a7c191628
C 342
R
P 0x7f2a7c191628
P 0x7f2a7c1a20a8
C 254
= 0x7f2a7c19b1e8
R
P 0x7f2a7c191628
C 342
R
P 0x7f2a7c191628
P 0x7f2a7c19b1e8
C 209
R
P 0x7f2a7c191628
C 342
R
P 0x7f2a7c191628
P 0x7f2a7c1a20a8
C 260
R
P 0x7f2a7c191628
C 342
R
P 0x7f2a7c191628
P 0x7f2a7c1a20a8
C 259
R
P 0x7f2a7c191628
C 342
R
P 0x7f2a7c191628
P 0x7f2a7c1a20a8
C 258
R
P 0x7f2a7c191628
C 342
R
P 0x7f2a7c191628
P 0x7f2a7c1a20a8
C 9
R
P 0x7f2a7c191628
C 342
R
P 0x7f2a7c191628
P 0x7f2a7c1a2498
P 0x7f2a7c1a20a8
C 74
= 0x7f2a7c4767a8
R
P 0x7f2a7c191628
C 342
R
P 0x7f2a7c191628
P 0x7f2a7c4767a8
C 258
R
P 0x7f2a7c191628
C 342
R
P 0x7f2a7c191628
P 0x7f2a7c4767a8
C 9
R
P 0x7f2a7c191628
C 342
R
P 0x7f2a7c191628
U 2
P 0x7f2a7c478660
P 0x7f2a7c4767a8
p 2
C 63
= 0x7f2a7c4767e0
R
P 0x7f2a7c191628
C 342
R
P 0x7f2a7c191628
P 0x7f2a7c4767e0
C 258
R
P 0x7f2a7c191628
C 342
R
P 0x7f2a7c191628
P 0x7f2a7c4767e0
C 9
R
P 0x7f2a7c191628
C 342
R
P 0x7f2a7c191628
P 0x7f2a7c4767e0
C 58
= 0x7f2a7c473a98
R
P 0x7f2a7c191628
C 342
R
P 0x7f2a7c191628
P 0x7f2a7c473a98
C 258
R
P 0x7f2a7c191628
C 342
R
P 0x7f2a7c191628
P 0x7f2a7c473a98
C 9
R
P 0x7f2a7c191628
C 342
R
P 0x7f2a7c191628
P 0x7f2a7c473828
P 0x7f2a7c473a98
C 61
= 0x7f2a7c476818
R
P 0x7f2a7c191628
C 342
R
P 0x7f2a7c191628
P 0x7f2a7c476818
C 258
R
P 0x7f2a7c191628
C 342
R
P 0x7f2a7c191628
P 0x7f2a7c476818
C 9
R
P 0x7f2a7c191628
C 342
R
P 0x7f2a7c191628
P 0x7f2a7c1e1fc8
P 0x7f2a7c476818
C 427
R
P 0x7f2a7c191628
C 342
R
P 0x7f2a7c191628
I 7
P 0x7f2a7c19b208
C 150
= 0x7f2a7c19c148
R
P 0x7f2a7c191628
C 342
R
P 0x7f2a7c191628
P 0x7f2a7c19c148
C 258
R
P 0x7f2a7c191628
C 342
R
P 0x7f2a7c191628
P 0x7f2a7c19c148
C 9
R
P 0x7f2a7c191628
C 342
R
P 0x7f2a7c191628
I 5
P 0x7f2a7c19b208
C 150
= 0x7f2a7c19c088
R
P 0x7f2a7c191628
C 342
R
P 0x7f2a7c191628
P 0x7f2a7c19c088
C 258
R
P 0x7f2a7c191628
C 342
R
P 0x7f2a7c191628
P 0x7f2a7c19c088
C 9
R
P 0x7f2a7c191628
C 342
R
P 0x7f2a7c191628
P 0x7f2a7c19c148
P 0x7f2a7c19c088
C 56
= 0x7f2a7c4761c0
R
P 0x7f2a7c191628
C 342
R
P 0x7f2a7c191628
P 0x7f2a7c4761c0
C 258
R
P 0x7f2a7c191628
C 342
R
P 0x7f2a7c191628
P 0x7f2a7c4761c0
C 9
R
P 0x7f2a7c191628
C 342
R
P 0x7f2a7c191628
P 0x7f2a7c4761c0
C 58
= 0x7f2a7c473888
R
P 0x7f2a7c191628
C 342
R
P 0x7f2a7c191628
P 0x7f2a7c473888
C 258
R
P 0x7f2a7c191628
C 342
R
P 0x7f2a7c191628
P 0x7f2a7c473888
C 9
R
P 0x7f2a7c191628
C 342
R
P 0x7f2a7c191628
I 5
P 0x7f2a7c19b208
C 150
= 0x7f2a7c19c088
R
P 0x7f2a7c191628
C 342
R
P 0x7f2a7c191628
P 0x7f2a7c19c088
C 258
R
P 0x7f2a7c191628
C 342
R
P 0x7f2a7c191628
P 0x7f2a7c19c088
C 9
R
P 0x7f2a7c191628
C 342
R
P 0x7f2a7c191628
P 0x7f2a7c19c088
C 263
R
P 0x7f2a7c191628
C 342
R
P 0x7f2a7c191628
S "slot5Start"
C 30
R
P 0x7f2a7c191628
C 342
R
P 0x7f2a7c191628
$ |slot5Start|
C 202
R
P 0x7f2a7c191628
C 342
R
P 0x7f2a7c191628
$ |slot5Start|
P 0x7f2a7c19b1e8
C 51
= 0x7f2a7c19c0a8
R
P 0x7f2a7c191628
C 342
R
P 0x7f2a7c191628
P 0x7f2a7c19c0a8
C 257
R
P 0x7f2a7c191628
C 342
R
P 0x7f2a7c191628
P 0x7f2a7c19c0a8
C 254
= 0x7f2a7c19b1e8
R
P 0x7f2a7c191628
C 342
R
P 0x7f2a7c191628
P 0x7f2a7c19b1e8
C 209
R
P 0x7f2a7c191628
C 342
R
P 0x7f2a7c191628
P 0x7f2a7c19c0a8
C 260
R
P 0x7f2a7c191628
C 342
R
P 0x7f2a7c191628
P 0x7f2a7c19c0a8
C 259
R
P 0x7f2a7c191628
C 342
R
P 0x7f2a7c191628
P 0x7f2a7c19c0a8
C 258
R
P 0x7f2a7c191628
C 342
R
P 0x7f2a7c191628
P 0x7f2a7c19c0a8
C 9
R
P 0x7f2a7c191628
C 342
R
P 0x7f2a7c191628
I 7
P 0x7f2a7c19b208
C 150
= 0x7f2a7c19c148
R
P 0x7f2a7c191628
C 342
R
P 0x7f2a7c191628
P 0x7f2a7c19c148
C 258
R
P 0x7f2a7c191628
C 342
R
P 0x7f2a7c191628
P 0x7f2a7c19c148
C 9
R
P 0x7f2a7c191628
C 342
R
P 0x7f2a7c191628
P 0x7f2a7c19c148
C 263
R
P 0x7f2a7c191628
C 342
R
P 0x7f2a7c191628
S "slot7Start"
C 30
R
P 0x7f2a7c191628
C 342
R
P 0x7f2a7c191628
$ |slot7Start|
C 202
R
P 0x7f2a7c191628
C 342
R
P 0x7f2a7c191628
$ |slot7Start|
P 0x7f2a7c19b1e8
C 51
= 0x7f2a7c19c168
R
P 0x7f2a7c191628
C 342
R
P 0x7f2a7c191628
P 0x7f2a7c19c168
C 257
R
P 0x7f2a7c191628
C 342
R
P 0x7f2a7c191628
P 0x7f2a7c19c168
C 254
= 0x7f2a7c19b1e8
R
P 0x7f2a7c191628
C 342
R
P 0x7f2a7c191628
P 0x7f2a7c19b1e8
C 209
R
P 0x7f2a7c191628
C 342
R
P 0x7f2a7c191628
P 0x7f2a7c19c168
C 260
R
P 0x7f2a7c191628
C 342
R
P 0x7f2a7c191628
P 0x7f2a7c19c168
C 259
R
P 0x7f2a7c191628
C 342
R
P 0x7f2a7c191628
P 0x7f2a7c19c168
C 258
R
P 0x7f2a7c191628
C 342
R
P 0x7f2a7c191628
P 0x7f2a7c19c168
C 9
R
P 0x7f2a7c191628
C 342
R
P 0x7f2a7c191628
I 7
P 0x7f2a7c19b208
C 150
= 0x7f2a7c19c148
R
P 0x7f2a7c191628
C 342
R
P 0x7f2a7c191628
P 0x7f2a7c19c148
C 258
R
P 0x7f2a7c191628
C 342
R
P 0x7f2a7c191628
P 0x7f2a7c19c148
C 9
R
P 0x7f2a7c191628
C 342
R
P 0x7f2a7c191628
P 0x7f2a7c19c148
C 263
R
P 0x7f2a7c191628
C 342
R
P 0x7f2a7c191628
S "slot7Duration"
C 30
R
P 0x7f2a7c191628
C 342
R
P 0x7f2a7c191628
$ |slot7Duration|
C 202
R
P 0x7f2a7c191628
C 342
R
P 0x7f2a7c191628
$ |slot7Duration|
P 0x7f2a7c19b1e8
C 51
= 0x7f2a7c19c188
R
P 0x7f2a7c191628
C 342
R
P 0x7f2a7c191628
P 0x7f2a7c19c188
C 257
R
P 0x7f2a7c191628
C 342
R
P 0x7f2a7c191628
P 0x7f2a7c19c188
C 254
= 0x7f2a7c19b1e8
R
P 0x7f2a7c191628
C 342
R
P 0x7f2a7c191628
P 0x7f2a7c19b1e8
C 209
R
P 0x7f2a7c191628
C 342
R
P 0x7f2a7c191628
P 0x7f2a7c19c188
C 260
R
P 0x7f2a7c191628
C 342
R
P 0x7f2a7c191628
P 0x7f2a7c19c188
C 259
R
P 0x7f2a7c191628
C 342
R
P 0x7f2a7c191628
P 0x7f2a7c19c188
C 258
R
P 0x7f2a7c191628
C 342
R
P 0x7f2a7c191628
P 0x7f2a7c19c188
C 9
R
P 0x7f2a7c191628
C 342
R
P 0x7f2a7c191628
U 2
P 0x7f2a7c19c168
P 0x7f2a7c19c188
p 2
C 65
= 0x7f2a7c1a2498
R
P 0x7f2a7c191628
C 342
R
P 0x7f2a7c191628
P 0x7f2a7c1a2498
C 257
R
P 0x7f2a7c191628
C 342
R
P 0x7f2a7c191628
P 0x7f2a7c1a2498
C 254
= 0x7f2a7c19b1e8
R
P 0x7f2a7c191628
C 342
R
P 0x7f2a7c191628
P 0x7f2a7c19b1e8
C 209
R
P 0x7f2a7c191628
C 342
R
P 0x7f2a7c191628
P 0x7f2a7c1a2498
C 260
R
P 0x7f2a7c191628
C 342
R
P 0x7f2a7c191628
P 0x7f2a7c1a2498
C 259
R
P 0x7f2a7c191628
C 342
R
P 0x7f2a7c191628
P 0x7f2a7c1a2498
C 258
R
P 0x7f2a7c191628
C 342
R
P 0x7f2a7c191628
P 0x7f2a7c1a2498
C 9
R
P 0x7f2a7c191628
C 342
R
P 0x7f2a7c191628
P 0x7f2a7c19c0a8
P 0x7f2a7c1a2498
C 74
= 0x7f2a7c4795e8
R
P 0x7f2a7c191628
C 342
R
P 0x7f2a7c191628
P 0x7f2a7c4795e8
C 258
R
P 0x7f2a7c191628
C 342
R
P 0x7f2a7c191628
P 0x7f2a7c4795e8
C 9
R
P 0x7f2a7c191628
C 342
R
P 0x7f2a7c191628
I 7
P 0x7f2a7c19b208
C 150
= 0x7f2a7c19c148
R
P 0x7f2a7c191628
C 342
R
P 0x7f2a7c191628
P 0x7f2a7c19c148
C 258
R
P 0x7f2a7c191628
C 342
R
P 0x7f2a7c191628
P 0x7f2a7c19c148
C 9
R
P 0x7f2a7c191628
C 342
R
P 0x7f2a7c191628
P 0x7f2a7c19c148
C 263
R
P 0x7f2a7c191628
C 342
R
P 0x7f2a7c191628
S "slot7Start"
C 30
R
P 0x7f2a7c191628
C 342
R
P 0x7f2a7c191628
$ |slot7Start|
C 202
R
P 0x7f2a7c191628
C 342
R
P 0x7f2a7c191628
$ |slot7Start|
P 0x7f2a7c19b1e8
C 51
= 0x7f2a7c19c168
R
P 0x7f2a7c191628
C 342
R
P 0x7f2a7c191628
P 0x7f2a7c19c168
C 257
R
P 0x7f2a7c191628
C 342
R
P 0x7f2a7c191628
P 0x7f2a7c19c168
C 254
= 0x7f2a7c19b1e8
R
P 0x7f2a7c191628
C 342
R
P 0x7f2a7c191628
P 0x7f2a7c19b1e8
C 209
R
P 0x7f2a7c191628
C 342
R
P 0x7f2a7c191628
P 0x7f2a7c19c168
C 260
R
P 0x7f2a7c191628
C 342
R
P 0x7f2a7c191628
P 0x7f2a7c19c168
C 259
R
P 0x7f2a7c191628
C 342
R
P 0x7f2a7c191628
P 0x7f2a7c19c168
C 258
R
P 0x7f2a7c191628
C 342
R
P 0x7f2a7c191628
P 0x7f2a7c19c168
C 9
R
P 0x7f2a7c191628
C 342
R
P 0x7f2a7c191628
I 7
P 0x7f2a7c19b208
C 150
= 0x7f2a7c19c148
R
P 0x7f2a7c191628
C 342
R
P 0x7f2a7c191628
P 0x7f2a7c19c148
C 258
R
P 0x7f2a7c191628
C 342
R
P 0x7f2a7c191628
P 0x7f2a7c19c148
C 9
R
P 0x7f2a7c191628
C 342
R
P 0x7f2a7c191628
P 0x7f2a7c19c148
C 263
R
P 0x7f2a7c191628
C 342
R
P 0x7f2a7c191628
S "slot7Duration"
C 30
R
P 0x7f2a7c191628
C 342
R
P 0x7f2a7c191628
$ |slot7Duration|
C 202
R
P 0x7f2a7c191628
C 342
R
P 0x7f2a7c191628
$ |slot7Duration|
P 0x7f2a7c19b1e8
C 51
= 0x7f2a7c19c188
R
P 0x7f2a7c191628
C 342
R
P 0x7f2a7c191628
P 0x7f2a7c19c188
C 257
R
P 0x7f2a7c191628
C 342
R
P 0x7f2a7c191628
P 0x7f2a7c19c188
C 254
= 0x7f2a7c19b1e8
R
P 0x7f2a7c191628
C 342
R
P 0x7f2a7c191628
P 0x7f2a7c19b1e8
C 209
R
P 0x7f2a7c191628
C 342
R
P 0x7f2a7c191628
P 0x7f2a7c19c188
C 260
R
P 0x7f2a7c191628
C 342
R
P 0x7f2a7c191628
P 0x7f2a7c19c188
C 259
R
P 0x7f2a7c191628
C 342
R
P 0x7f2a7c191628
P 0x7f2a7c19c188
C 258
R
P 0x7f2a7c191628
C 342
R
P 0x7f2a7c191628
P 0x7f2a7c19c188
C 9
R
P 0x7f2a7c191628
C 342
R
P 0x7f2a7c191628
U 2
P 0x7f2a7c19c168
P 0x7f2a7c19c188
p 2
C 65
= 0x7f2a7c1a2498
R
P 0x7f2a7c191628
C 342
R
P 0x7f2a7c191628
P 0x7f2a7c1a2498
C 257
R
P 0x7f2a7c191628
C 342
R
P 0x7f2a7c191628
P 0x7f2a7c1a2498
C 254
= 0x7f2a7c19b1e8
R
P 0x7f2a7c191628
C 342
R
P 0x7f2a7c191628
P 0x7f2a7c19b1e8
C 209
R
P 0x7f2a7c191628
C 342
R
P 0x7f2a7c191628
P 0x7f2a7c1a2498
C 260
R
P 0x7f2a7c191628
C 342
R
P 0x7f2a7c191628
P 0x7f2a7c1a2498
C 259
R
P 0x7f2a7c191628
C 342
R
P 0x7f2a7c191628
P 0x7f2a7c1a2498
C 258
R
P 0x7f2a7c191628
C 342
R
P 0x7f2a7c191628
P 0x7f2a7c1a2498
C 9
R
P 0x7f2a7c191628
C 342
R
P 0x7f2a7c191628
I 5
P 0x7f2a7c19b208
C 150
= 0x7f2a7c19c088
R
P 0x7f2a7c191628
C 342
R
P 0x7f2a7c191628
P 0x7f2a7c19c088
C 258
R
P 0x7f2a7c191628
C 342
R
P 0x7f2a7c191628
P 0x7f2a7c19c088
C 9
R
P 0x7f2a7c191628
C 342
R
P 0x7f2a7c191628
P 0x7f2a7c19c088
C 263
R
P 0x7f2a7c191628
C 342
R
P 0x7f2a7c191628
S "slot5Start"
C 30
R
P 0x7f2a7c191628
C 342
R
P 0x7f2a7c191628
$ |slot5Start|
C 202
R
P 0x7f2a7c191628
C 342
R
P 0x7f2a7c191628
$ |slot5Start|
P 0x7f2a7c19b1e8
C 51
= 0x7f2a7c19c0a8
R
P 0x7f2a7c191628
C 342
R
P 0x7f2a7c191628
P 0x7f2a7c19c0a8
C 257
R
P 0x7f2a7c191628
C 342
R
P 0x7f2a7c191628
P 0x7f2a7c19c0a8
C 254
= 0x7f2a7c19b1e8
R
P 0x7f2a7c191628
C 342
R
P 0x7f2a7c191628
P 0x7f2a7c19b1e8
C 209
R
P 0x7f2a7c191628
C 342
R
P 0x7f2a7c191628
P 0x7f2a7c19c0a8
C 260
R
P 0x7f2a7c191628
C 342
R
P 0x7f2a7c191628
P 0x7f2a7c19c0a8
C 259
R
P 0x7f2a7c191628
C 342
R
P 0x7f2a7c191628
P 0x7f2a7c19c0a8
C 258
R
P 0x7f2a7c191628
C 342
R
P 0x7f2a7c191628
P 0x7f2a7c19c0a8
C 9
R
P 0x7f2a7c191628
C 342
R
P 0x7f2a7c191628
I 5
P 0x7f2a7c19b208
C 150
= 0x7f2a7c19c088
R
P 0x7f2a7c191628
C 342
R
P 0x7f2a7c191628
P 0x7f2a7c19c088
C 258
R
P 0x7f2a7c191628
C 342
R
P 0x7f2a7c191628
P 0x7f2a7c19c088
C 9
R
P 0x7f2a7c191628
C 342
R
P 0x7f2a7c191628
P 0x7f2a7c19c088
C 263
R
P 0x7f2a7c191628
C 342
R
P 0x7f2a7c191628
S "slot5Duration"
C 30
R
P 0x7f2a7c191628
C 342
R
P 0x7f2a7c191628
$ |slot5Duration|
C 202
R
P 0x7f2a7c191628
C 342
R
P 0x7f2a7c191628
$ |slot5Duration|
P 0x7f2a7c19b1e8
C 51
= 0x7f2a7c19c0c8
R
P 0x7f2a7c191628
C 342
R
P 0x7f2a7c191628
P 0x7f2a7c19c0c8
C 257
R
P 0x7f2a7c191628
C 342
R
P 0x7f2a7c191628
P 0x7f2a7c19c0c8
C 254
= 0x7f2a7c19b1e8
R
P 0x7f2a7c191628
C 342
R
P 0x7f2a7c191628
P 0x7f2a7c19b1e8
C 209
R
P 0x7f2a7c191628
C 342
R
P 0x7f2a7c191628
P 0x7f2a7c19c0c8
C 260
R
P 0x7f2a7c191628
C 342
R
P 0x7f2a7c191628
P 0x7f2a7c19c0c8
C 259
R
P 0x7f2a7c191628
C 342
R
P 0x7f2a7c191628
P 0x7f2a7c19c0c8
C 258
R
P 0x7f2a7c191628
C 342
R
P 0x7f2a7c191628
P 0x7f2a7c19c0c8
C 9
R
P 0x7f2a7c191628
C 342
R
P 0x7f2a7c191628
U 2
P 0x7f2a7c19c0a8
P 0x7f2a7c19c0c8
p 2
C 65
= 0x7f2a7c1a21f8
R
P 0x7f2a7c191628
C 342
R
P 0x7f2a7c191628
P 0x7f2a7c1a21f8
C 257
R
P 0x7f2a7c191628
C 342
R
P 0x7f2a7c191628
P 0x7f2a7c1a21f8
C 254
= 0x7f2a7c19b1e8
R
P 0x7f2a7c191628
C 342
R
P 0x7f2a7c191628
P 0x7f2a7c19b1e8
C 209
R
P 0x7f2a7c191628
C 342
R
P 0x7f2a7c191628
P 0x7f2a7c1a21f8
C 260
R
P 0x7f2a7c191628
C 342
R
P 0x7f2a7c191628
P 0x7f2a7c1a21f8
C 259
R
P 0x7f2a7c191628
C 342
R
P 0x7f2a7c191628
P 0x7f2a7c1a21f8
C 258
R
P 0x7f2a7c191628
C 342
R
P 0x7f2a7c191628
P 0x7f2a7c1a21f8
C 9
R
P 0x7f2a7c191628
C 342
R
P 0x7f2a7c191628
P 0x7f2a7c1a2498
P 0x7f2a7c1a21f8
C 74
= 0x7f2a7c476850
R
P 0x7f2a7c191628
C 342
R
P 0x7f2a7c191628
P 0x7f2a7c476850
C 258
R
P 0x7f2a7c191628
C 342
R
P 0x7f2a7c191628
P 0x7f2a7c476850
C 9
R
P 0x7f2a7c191628
C 342
R
P 0x7f2a7c191628
U 2
P 0x7f2a7c4795e8
P 0x7f2a7c476850
p 2
C 63
= 0x7f2a7c476888
R
P 0x7f2a7c191628
C 342
R
P 0x7f2a7c191628
P 0x7f2a7c476888
C 258
R
P 0x7f2a7c191628
C 342
R
P 0x7f2a7c191628
P 0x7f2a7c476888
C 9
R
P 0x7f2a7c191628
C 342
R
P 0x7f2a7c191628
P 0x7f2a7c476888
C 58
= 0x7f2a7c473ac8
R
P 0x7f2a7c191628
C 342
R
P 0x7f2a7c191628
P 0x7f2a7c473ac8
C 258
R
P 0x7f2a7c191628
C 342
R
P 0x7f2a7c191628
P 0x7f2a7c473ac8
C 9
R
P 0x7f2a7c191628
C 342
R
P 0x7f2a7c191628
P 0x7f2a7c473888
P 0x7f2a7c473ac8
C 61
= 0x7f2a7c4768c0
R
P 0x7f2a7c191628
C 342
R
P 0x7f2a7c191628
P 0x7f2a7c4768c0
C 258
R
P 0x7f2a7c191628
C 342
R
P 0x7f2a7c191628
P 0x7f2a7c4768c0
C 9
R
P 0x7f2a7c191628
C 342
R
P 0x7f2a7c191628
P 0x7f2a7c1e1fc8
P 0x7f2a7c4768c0
C 427
R
P 0x7f2a7c191628
C 342
R
P 0x7f2a7c191628
I 7
P 0x7f2a7c19b208
C 150
= 0x7f2a7c19c148
R
P 0x7f2a7c191628
C 342
R
P 0x7f2a7c191628
P 0x7f2a7c19c148
C 258
R
P 0x7f2a7c191628
C 342
R
P 0x7f2a7c191628
P 0x7f2a7c19c148
C 9
R
P 0x7f2a7c191628
C 342
R
P 0x7f2a7c191628
I 6
P 0x7f2a7c19b208
C 150
= 0x7f2a7c19c0e8
R
P 0x7f2a7c191628
C 342
R
P 0x7f2a7c191628
P 0x7f2a7c19c0e8
C 258
R
P 0x7f2a7c191628
C 342
R
P 0x7f2a7c191628
P 0x7f2a7c19c0e8
C 9
R
P 0x7f2a7c191628
C 342
R
P 0x7f2a7c191628
P 0x7f2a7c19c148
P 0x7f2a7c19c0e8
C 56
= 0x7f2a7c4762a0
R
P 0x7f2a7c191628
C 342
R
P 0x7f2a7c191628
P 0x7f2a7c4762a0
C 258
R
P 0x7f2a7c191628
C 342
R
P 0x7f2a7c191628
P 0x7f2a7c4762a0
C 9
R
P 0x7f2a7c191628
C 342
R
P 0x7f2a7c191628
P 0x7f2a7c4762a0
C 58
= 0x7f2a7c4738e8
R
P 0x7f2a7c191628
C 342
R
P 0x7f2a7c191628
P 0x7f2a7c4738e8
C 258
R
P 0x7f2a7c191628
C 342
R
P 0x7f2a7c191628
P 0x7f2a7c4738e8
C 9
R
P 0x7f2a7c191628
C 342
R
P 0x7f2a7c191628
I 6
P 0x7f2a7c19b208
C 150
= 0x7f2a7c19c0e8
R
P 0x7f2a7c191628
C 342
R
P 0x7f2a7c191628
P 0x7f2a7c19c0e8
C 258
R
P 0x7f2a7c191628
C 342
R
P 0x7f2a7c191628
P 0x7f2a7c19c0e8
C 9
R
P 0x7f2a7c191628
C 342
R
P 0x7f2a7c191628
P 0x7f2a7c19c0e8
C 263
R
P 0x7f2a7c191628
C 342
R
P 0x7f2a7c191628
S "slot6Start"
C 30
R
P 0x7f2a7c191628
C 342
R
P 0x7f2a7c191628
$ |slot6Start|
C 202
R
P 0x7f2a7c191628
C 342
R
P 0x7f2a7c191628
$ |slot6Start|
P 0x7f2a7c19b1e8
C 51
= 0x7f2a7c19c108
R
P 0x7f2a7c191628
C 342
R
P 0x7f2a7c191628
P 0x7f2a7c19c108
C 257
R
P 0x7f2a7c191628
C 342
R
P 0x7f2a7c191628
P 0x7f2a7c19c108
C 254
= 0x7f2a7c19b1e8
R
P 0x7f2a7c191628
C 342
R
P 0x7f2a7c191628
P 0x7f2a7c19b1e8
C 209
R
P 0x7f2a7c191628
C 342
R
P 0x7f2a7c191628
P 0x7f2a7c19c108
C 260
R
P 0x7f2a7c191628
C 342
R
P 0x7f2a7c191628
P 0x7f2a7c19c108
C 259
R
P 0x7f2a7c191628
C 342
R
P 0x7f2a7c191628
P 0x7f2a7c19c108
C 258
R
P 0x7f2a7c191628
C 342
R
P 0x7f2a7c191628
P 0x7f2a7c19c108
C 9
R
P 0x7f2a7c191628
C 342
R
P 0x7f2a7c191628
I 7
P 0x7f2a7c19b208
C 150
= 0x7f2a7c19c148
R
P 0x7f2a7c191628
C 342
R
P 0x7f2a7c191628
P 0x7f2a7c19c148
C 258
R
P 0x7f2a7c191628
C 342
R
P 0x7f2a7c191628
P 0x7f2a7c19c148
C 9
R
P 0x7f2a7c191628
C 342
R
P 0x7f2a7c191628
P 0x7f2a7c19c148
C 263
R
P 0x7f2a7c191628
C 342
R
P 0x7f2a7c191628
S "slot7Start"
C 30
R
P 0x7f2a7c191628
C 342
R
P 0x7f2a7c191628
$ |slot7Start|
C 202
R
P 0x7f2a7c191628
C 342
R
P 0x7f2a7c191628
$ |slot7Start|
P 0x7f2a7c19b1e8
C 51
= 0x7f2a7c19c168
R
P 0x7f2a7c191628
C 342
R
P 0x7f2a7c191628
P 0x7f2a7c19c168
C 257
R
P 0x7f2a7c191628
C 342
R
P 0x7f2a7c191628
P 0x7f2a7c19c168
C 254
= 0x7f2a7c19b1e8
R
P 0x7f2a7c191628
C 342
R
P 0x7f2a7c191628
P 0x7f2a7c19b1e8
C 209
R
P 0x7f2a7c191628
C 342
R
P 0x7f2a7c191628
P 0x7f2a7c19c168
C 260
R
P 0x7f2a7c191628
C 342
R
P 0x7f2a7c191628
P 0x7f2a7c19c168
C 259
R
P 0x7f2a7c191628
C 342
R
P 0x7f2a7c191628
P 0x7f2a7c19c168
C 258
R
P 0x7f2a7c191628
C 342
R
P 0x7f2a7c191628
P 0x7f2a7c19c168
C 9
R
P 0x7f2a7c191628
C 342
R
P 0x7f2a7c191628
I 7
P 0x7f2a7c19b208
C 150
= 0x7f2a7c19c148
R
P 0x7f2a7c191628
C 342
R
P 0x7f2a7c191628
P 0x7f2a7c19c148
C 258
R
P 0x7f2a7c191628
C 342
R
P 0x7f2a7c191628
P 0x7f2a7c19c148
C 9
R
P 0x7f2a7c191628
C 342
R
P 0x7f2a7c191628
P 0x7f2a7c19c148
C 263
R
P 0x7f2a7c191628
C 342
R
P 0x7f2a7c191628
S "slot7Duration"
C 30
R
P 0x7f2a7c191628
C 342
R
P 0x7f2a7c191628
$ |slot7Duration|
C 202
R
P 0x7f2a7c191628
C 342
R
P 0x7f2a7c191628
$ |slot7Duration|
P 0x7f2a7c19b1e8
C 51
= 0x7f2a7c19c188
R
P 0x7f2a7c191628
C 342
R
P 0x7f2a7c191628
P 0x7f2a7c19c188
C 257
R
P 0x7f2a7c191628
C 342
R
P 0x7f2a7c191628
P 0x7f2a7c19c188
C 254
= 0x7f2a7c19b1e8
R
P 0x7f2a7c191628
C 342
R
P 0x7f2a7c191628
P 0x7f2a7c19b1e8
C 209
R
P 0x7f2a7c191628
C 342
R
P 0x7f2a7c191628
P 0x7f2a7c19c188
C 260
R
P 0x7f2a7c191628
C 342
R
P 0x7f2a7c191628
P 0x7f2a7c19c188
C 259
R
P 0x7f2a7c191628
C 342
R
P 0x7f2a7c191628
P 0x7f2a7c19c188
C 258
R
P 0x7f2a7c191628
C 342
R
P 0x7f2a7c191628
P 0x7f2a7c19c188
C 9
R
P 0x7f2a7c191628
C 342
R
P 0x7f2a7c191628
U 2
P 0x7f2a7c19c168
P 0x7f2a7c19c188
p 2
C 65
= 0x7f2a7c1a2498
R
P 0x7f2a7c191628
C 342
R
P 0x7f2a7c191628
P 0x7f2a7c1a2498
C 257
R
P 0x7f2a7c191628
C 342
R
P 0x7f2a7c191628
P 0x7f2a7c1a2498
C 254
= 0x7f2a7c19b1e8
R
P 0x7f2a7c191628
C 342
R
P 0x7f2a7c191628
P 0x7f2a7c19b1e8
C 209
R
P 0x7f2a7c191628
C 342
R
P 0x7f2a7c191628
P 0x7f2a7c1a2498
C 260
R
P 0x7f2a7c191628
C 342
R
P 0x7f2a7c191628
P 0x7f2a7c1a2498
C 259
R
P 0x7f2a7c191628
C 342
R
P 0x7f2a7c191628
P 0x7f2a7c1a2498
C 258
R
P 0x7f2a7c191628
C 342
R
P 0x7f2a7c191628
P 0x7f2a7c1a2498
C 9
R
P 0x7f2a7c191628
C 342
R
P 0x7f2a7c191628
P 0x7f2a7c19c108
P 0x7f2a7c1a2498
C 74
= 0x7f2a7c475548
R
P 0x7f2a7c191628
C 342
R
P 0x7f2a7c191628
P 0x7f2a7c475548
C 258
R
P 0x7f2a7c191628
C 342
R
P 0x7f2a7c191628
P 0x7f2a7c475548
C 9
R
P 0x7f2a7c191628
C 342
R
P 0x7f2a7c191628
I 7
P 0x7f2a7c19b208
C 150
= 0x7f2a7c19c148
R
P 0x7f2a7c191628
C 342
R
P 0x7f2a7c191628
P 0x7f2a7c19c148
C 258
R
P 0x7f2a7c191628
C 342
R
P 0x7f2a7c191628
P 0x7f2a7c19c148
C 9
R
P 0x7f2a7c191628
C 342
R
P 0x7f2a7c191628
P 0x7f2a7c19c148
C 263
R
P 0x7f2a7c191628
C 342
R
P 0x7f2a7c191628
S "slot7Start"
C 30
R
P 0x7f2a7c191628
C 342
R
P 0x7f2a7c191628
$ |slot7Start|
C 202
R
P 0x7f2a7c191628
C 342
R
P 0x7f2a7c191628
$ |slot7Start|
P 0x7f2a7c19b1e8
C 51
= 0x7f2a7c19c168
R
P 0x7f2a7c191628
C 342
R
P 0x7f2a7c191628
P 0x7f2a7c19c168
C 257
R
P 0x7f2a7c191628
C 342
R
P 0x7f2a7c191628
P 0x7f2a7c19c168
C 254
= 0x7f2a7c19b1e8
R
P 0x7f2a7c191628
C 342
R
P 0x7f2a7c191628
P 0x7f2a7c19b1e8
C 209
R
P 0x7f2a7c191628
C 342
R
P 0x7f2a7c191628
P 0x7f2a7c19c168
C 260
R
P 0x7f2a7c191628
C 342
R
P 0x7f2a7c191628
P 0x7f2a7c19c168
C 259
R
P 0x7f2a7c191628
C 342
R
P 0x7f2a7c191628
P 0x7f2a7c19c168
C 258
R
P 0x7f2a7c191628
C 342
R
P 0x7f2a7c191628
P 0x7f2a7c19c168
C 9
R
P 0x7f2a7c191628
C 342
R
P 0x7f2a7c191628
I 7
P 0x7f2a7c19b208
C 150
= 0x7f2a7c19c148
R
P 0x7f2a7c191628
C 342
R
P 0x7f2a7c191628
P 0x7f2a7c19c148
C 258
R
P 0x7f2a7c191628
C 342
R
P 0x7f2a7c191628
P 0x7f2a7c19c148
C 9
R
P 0x7f2a7c191628
C 342
R
P 0x7f2a7c191628
P 0x7f2a7c19c148
C 263
R
P 0x7f2a7c191628
C 342
R
P 0x7f2a7c191628
S "slot7Duration"
C 30
R
P 0x7f2a7c191628
C 342
R
P 0x7f2a7c191628
$ |slot7Duration|
C 202
R
P 0x7f2a7c191628
C 342
R
P 0x7f2a7c191628
$ |slot7Duration|
P 0x7f2a7c19b1e8
C 51
= 0x7f2a7c19c188
R
P 0x7f2a7c191628
C 342
R
P 0x7f2a7c191628
P 0x7f2a7c19c188
C 257
R
P 0x7f2a7c191628
C 342
R
P 0x7f2a7c191628
P 0x7f2a7c19c188
C 254
= 0x7f2a7c19b1e8
R
P 0x7f2a7c191628
C 342
R
P 0x7f2a7c191628
P 0x7f2a7c19b1e8
C 209
R
P 0x7f2a7c191628
C 342
R
P 0x7f2a7c191628
P 0x7f2a7c19c188
C 260
R
P 0x7f2a7c191628
C 342
R
P 0x7f2a7c191628
P 0x7f2a7c19c188
C 259
R
P 0x7f2a7c191628
C 342
R
P 0x7f2a7c191628
P 0x7f2a7c19c188
C 258
R
P 0x7f2a7c191628
C 342
R
P 0x7f2a7c191628
P 0x7f2a7c19c188
C 9
R
P 0x7f2a7c191628
C 342
R
P 0x7f2a7c191628
U 2
P 0x7f2a7c19c168
P 0x7f2a7c19c188
p 2
C 65
= 0x7f2a7c1a2498
R
P 0x7f2a7c191628
C 342
R
P 0x7f2a7c191628
P 0x7f2a7c1a2498
C 257
R
P 0x7f2a7c191628
C 342
R
P 0x7f2a7c191628
P 0x7f2a7c1a2498
C 254
= 0x7f2a7c19b1e8
R
P 0x7f2a7c191628
C 342
R
P 0x7f2a7c191628
P 0x7f2a7c19b1e8
C 209
R
P 0x7f2a7c191628
C 342
R
P 0x7f2a7c191628
P 0x7f2a7c1a2498
C 260
R
P 0x7f2a7c191628
C 342
R
P 0x7f2a7c191628
P 0x7f2a7c1a2498
C 259
R
P 0x7f2a7c191628
C 342
R
P 0x7f2a7c191628
P 0x7f2a7c1a2498
C 258
R
P 0x7f2a7c191628
C 342
R
P 0x7f2a7c191628
P 0x7f2a7c1a2498
C 9
R
P 0x7f2a7c191628
C 342
R
P 0x7f2a7c191628
I 6
P 0x7f2a7c19b208
C 150
= 0x7f2a7c19c0e8
R
P 0x7f2a7c191628
C 342
R
P 0x7f2a7c191628
P 0x7f2a7c19c0e8
C 258
R
P 0x7f2a7c191628
C 342
R
P 0x7f2a7c191628
P 0x7f2a7c19c0e8
C 9
R
P 0x7f2a7c191628
C 342
R
P 0x7f2a7c191628
P 0x7f2a7c19c0e8
C 263
R
P 0x7f2a7c191628
C 342
R
P 0x7f2a7c191628
S "slot6Start"
C 30
R
P 0x7f2a7c191628
C 342
R
P 0x7f2a7c191628
$ |slot6Start|
C 202
R
P 0x7f2a7c191628
C 342
R
P 0x7f2a7c191628
$ |slot6Start|
P 0x7f2a7c19b1e8
C 51
= 0x7f2a7c19c108
R
P 0x7f2a7c191628
C 342
R
P 0x7f2a7c191628
P 0x7f2a7c19c108
C 257
R
P 0x7f2a7c191628
C 342
R
P 0x7f2a7c191628
P 0x7f2a7c19c108
C 254
= 0x7f2a7c19b1e8
R
P 0x7f2a7c191628
C 342
R
P 0x7f2a7c191628
P 0x7f2a7c19b1e8
C 209
R
P 0x7f2a7c191628
C 342
R
P 0x7f2a7c191628
P 0x7f2a7c19c108
C 260
R
P 0x7f2a7c191628
C 342
R
P 0x7f2a7c191628
P 0x7f2a7c19c108
C 259
R
P 0x7f2a7c191628
C 342
R
P 0x7f2a7c191628
P 0x7f2a7c19c108
C 258
R
P 0x7f2a7c191628
C 342
R
P 0x7f2a7c191628
P 0x7f2a7c19c108
C 9
R
P 0x7f2a7c191628
C 342
R
P 0x7f2a7c191628
I 6
P 0x7f2a7c19b208
C 150
= 0x7f2a7c19c0e8
R
P 0x7f2a7c191628
C 342
R
P 0x7f2a7c191628
P 0x7f2a7c19c0e8
C 258
R
P 0x7f2a7c191628
C 342
R
P 0x7f2a7c191628
P 0x7f2a7c19c0e8
C 9
R
P 0x7f2a7c191628
C 342
R
P 0x7f2a7c191628
P 0x7f2a7c19c0e8
C 263
R
P 0x7f2a7c191628
C 342
R
P 0x7f2a7c191628
S "slot6Duration"
C 30
R
P 0x7f2a7c191628
C 342
R
P 0x7f2a7c191628
$ |slot6Duration|
C 202
R
P 0x7f2a7c191628
C 342
R
P 0x7f2a7c191628
$ |slot6Duration|
P 0x7f2a7c19b1e8
C 51
= 0x7f2a7c19c128
R
P 0x7f2a7c191628
C 342
R
P 0x7f2a7c191628
P 0x7f2a7c19c128
C 257
R
P 0x7f2a7c191628
C 342
R
P 0x7f2a7c191628
P 0x7f2a7c19c128
C 254
= 0x7f2a7c19b1e8
R
P 0x7f2a7c191628
C 342
R
P 0x7f2a7c191628
P 0x7f2a7c19b1e8
C 209
R
P 0x7f2a7c191628
C 342
R
P 0x7f2a7c191628
P 0x7f2a7c19c128
C 260
R
P 0x7f2a7c191628
C 342
R
P 0x7f2a7c191628
P 0x7f2a7c19c128
C 259
R
P 0x7f2a7c191628
C 342
R
P 0x7f2a7c191628
P 0x7f2a7c19c128
C 258
R
P 0x7f2a7c191628
C 342
R
P 0x7f2a7c191628
P 0x7f2a7c19c128
C 9
R
P 0x7f2a7c191628
C 342
R
P 0x7f2a7c191628
U 2
P 0x7f2a7c19c108
P 0x7f2a7c19c128
p 2
C 65
= 0x7f2a7c1a2348
R
P 0x7f2a7c191628
C 342
R
P 0x7f2a7c191628
P 0x7f2a7c1a2348
C 257
R
P 0x7f2a7c191628
C 342
R
P 0x7f2a7c191628
P 0x7f2a7c1a2348
C 254
= 0x7f2a7c19b1e8
R
P 0x7f2a7c191628
C 342
R
P 0x7f2a7c191628
P 0x7f2a7c19b1e8
C 209
R
P 0x7f2a7c191628
C 342
R
P 0x7f2a7c191628
P 0x7f2a7c1a2348
C 260
R
P 0x7f2a7c191628
C 342
R
P 0x7f2a7c191628
P 0x7f2a7c1a2348
C 259
R
P 0x7f2a7c191628
C 342
R
P 0x7f2a7c191628
P 0x7f2a7c1a2348
C 258
R
P 0x7f2a7c191628
C 342
R
P 0x7f2a7c191628
P 0x7f2a7c1a2348
C 9
R
P 0x7f2a7c191628
C 342
R
P 0x7f2a7c191628
P 0x7f2a7c1a2498
P 0x7f2a7c1a2348
C 74
= 0x7f2a7c4768f8
R
P 0x7f2a7c191628
C 342
R
P 0x7f2a7c191628
P 0x7f2a7c4768f8
C 258
R
P 0x7f2a7c191628
C 342
R
P 0x7f2a7c191628
P 0x7f2a7c4768f8
C 9
R
P 0x7f2a7c191628
C 342
R
P 0x7f2a7c191628
U 2
P 0x7f2a7c475548
P 0x7f2a7c4768f8
p 2
C 63
= 0x7f2a7c476930
R
P 0x7f2a7c191628
C 342
R
P 0x7f2a7c191628
P 0x7f2a7c476930
C 258
R
P 0x7f2a7c191628
C 342
R
P 0x7f2a7c191628
P 0x7f2a7c476930
C 9
R
P 0x7f2a7c191628
C 342
R
P 0x7f2a7c191628
P 0x7f2a7c476930
C 58
= 0x7f2a7c473af8
R
P 0x7f2a7c191628
C 342
R
P 0x7f2a7c191628
P 0x7f2a7c473af8
C 258
R
P 0x7f2a7c191628
C 342
R
P 0x7f2a7c191628
P 0x7f2a7c473af8
C 9
R
P 0x7f2a7c191628
C 342
R
P 0x7f2a7c191628
P 0x7f2a7c4738e8
P 0x7f2a7c473af8
C 61
= 0x7f2a7c476968
R
P 0x7f2a7c191628
C 342
R
P 0x7f2a7c191628
P 0x7f2a7c476968
C 258
R
P 0x7f2a7c191628
C 342
R
P 0x7f2a7c191628
P 0x7f2a7c476968
C 9
R
P 0x7f2a7c191628
C 342
R
P 0x7f2a7c191628
P 0x7f2a7c1e1fc8
P 0x7f2a7c476968
C 427
R
P 0x7f2a7c191628
C 342
R
P 0x7f2a7c191628
I 7
P 0x7f2a7c19b208
C 150
= 0x7f2a7c19c148
R
P 0x7f2a7c191628
C 342
R
P 0x7f2a7c191628
P 0x7f2a7c19c148
C 258
R
P 0x7f2a7c191628
C 342
R
P 0x7f2a7c191628
P 0x7f2a7c19c148
C 9
R
P 0x7f2a7c191628
C 342
R
P 0x7f2a7c191628
I 7
P 0x7f2a7c19b208
C 150
= 0x7f2a7c19c148
R
P 0x7f2a7c191628
C 342
R
P 0x7f2a7c191628
P 0x7f2a7c19c148
C 258
R
P 0x7f2a7c191628
C 342
R
P 0x7f2a7c191628
P 0x7f2a7c19c148
C 9
R
P 0x7f2a7c191628
C 342
R
P 0x7f2a7c191628
P 0x7f2a7c19c148
P 0x7f2a7c19c148
C 56
= 0x7f2a7c476380
R
P 0x7f2a7c191628
C 342
R
P 0x7f2a7c191628
P 0x7f2a7c476380
C 258
R
P 0x7f2a7c191628
C 342
R
P 0x7f2a7c191628
P 0x7f2a7c476380
C 9
R
P 0x7f2a7c191628
C 342
R
P 0x7f2a7c191628
P 0x7f2a7c476380
C 58
= 0x7f2a7c473948
R
P 0x7f2a7c191628
C 342
R
P 0x7f2a7c191628
P 0x7f2a7c473948
C 258
R
P 0x7f2a7c191628
C 342
R
P 0x7f2a7c191628
P 0x7f2a7c473948
C 9
R
P 0x7f2a7c191628
C 342
R
P 0x7f2a7c191628
I 7
P 0x7f2a7c19b208
C 150
= 0x7f2a7c19c148
R
P 0x7f2a7c191628
C 342
R
P 0x7f2a7c191628
P 0x7f2a7c19c148
C 258
R
P 0x7f2a7c191628
C 342
R
P 0x7f2a7c191628
P 0x7f2a7c19c148
C 9
R
P 0x7f2a7c191628
C 342
R
P 0x7f2a7c191628
P 0x7f2a7c19c148
C 263
R
P 0x7f2a7c191628
C 342
R
P 0x7f2a7c191628
S "slot7Start"
C 30
R
P 0x7f2a7c191628
C 342
R
P 0x7f2a7c191628
$ |slot7Start|
C 202
R
P 0x7f2a7c191628
C 342
R
P 0x7f2a7c191628
$ |slot7Start|
P 0x7f2a7c19b1e8
C 51
= 0x7f2a7c19c168
R
P 0x7f2a7c191628
C 342
R
P 0x7f2a7c191628
P 0x7f2a7c19c168
C 257
R
P 0x7f2a7c191628
C 342
R
P 0x7f2a7c191628
P 0x7f2a7c19c168
C 254
= 0x7f2a7c19b1e8
R
P 0x7f2a7c191628
C 342
R
P 0x7f2a7c191628
P 0x7f2a7c19b1e8
C 209
R
P 0x7f2a7c191628
C 342
R
P 0x7f2a7c191628
P 0x7f2a7c19c168
C 260
R
P 0x7f2a7c191628
C 342
R
P 0x7f2a7c191628
P 0x7f2a7c19c168
C 259
R
P 0x7f2a7c191628
C 342
R
P 0x7f2a7c191628
P 0x7f2a7c19c168
C 258
R
P 0x7f2a7c191628
C 342
R
P 0x7f2a7c191628
P 0x7f2a7c19c168
C 9
R
P 0x7f2a7c191628
C 342
R
P 0x7f2a7c191628
I 7
P 0x7f2a7c19b208
C 150
= 0x7f2a7c19c148
R
P 0x7f2a7c191628
C 342
R
P 0x7f2a7c191628
P 0x7f2a7c19c148
C 258
R
P 0x7f2a7c191628
C 342
R
P 0x7f2a7c191628
P 0x7f2a7c19c148
C 9
R
P 0x7f2a7c191628
C 342
R
P 0x7f2a7c191628
P 0x7f2a7c19c148
C 263
R
P 0x7f2a7c191628
C 342
R
P 0x7f2a7c191628
S "slot7Start"
C 30
R
P 0x7f2a7c191628
C 342
R
P 0x7f2a7c191628
$ |slot7Start|
C 202
R
P 0x7f2a7c191628
C 342
R
P 0x7f2a7c191628
$ |slot7Start|
P 0x7f2a7c19b1e8
C 51
= 0x7f2a7c19c168
R
P 0x7f2a7c191628
C 342
R
P 0x7f2a7c191628
P 0x7f2a7c19c168
C 257
R
P 0x7f2a7c191628
C 342
R
P 0x7f2a7c191628
P 0x7f2a7c19c168
C 254
= 0x7f2a7c19b1e8
R
P 0x7f2a7c191628
C 342
R
P 0x7f2a7c191628
P 0x7f2a7c19b1e8
C 209
R
P 0x7f2a7c191628
C 342
R
P 0x7f2a7c191628
P 0x7f2a7c19c168
C 260
R
P 0x7f2a7c191628
C 342
R
P 0x7f2a7c191628
P 0x7f2a7c19c168
C 259
R
P 0x7f2a7c191628
C 342
R
P 0x7f2a7c191628
P 0x7f2a7c19c168
C 258
R
P 0x7f2a7c191628
C 342
R
P 0x7f2a7c191628
P 0x7f2a7c19c168
C 9
R
P 0x7f2a7c191628
C 342
R
P 0x7f2a7c191628
I 7
P 0x7f2a7c19b208
C 150
= 0x7f2a7c19c148
R
P 0x7f2a7c191628
C 342
R
P 0x7f2a7c191628
P 0x7f2a7c19c148
C 258
R
P 0x7f2a7c191628
C 342
R
P 0x7f2a7c191628
P 0x7f2a7c19c148
C 9
R
P 0x7f2a7c191628
C 342
R
P 0x7f2a7c191628
P 0x7f2a7c19c148
C 263
R
P 0x7f2a7c191628
C 342
R
P 0x7f2a7c191628
S "slot7Duration"
C 30
R
P 0x7f2a7c191628
C 342
R
P 0x7f2a7c191628
$ |slot7Duration|
C 202
R
P 0x7f2a7c191628
C 342
R
P 0x7f2a7c191628
$ |slot7Duration|
P 0x7f2a7c19b1e8
C 51
= 0x7f2a7c19c188
R
P 0x7f2a7c191628
C 342
R
P 0x7f2a7c191628
P 0x7f2a7c19c188
C 257
R
P 0x7f2a7c191628
C 342
R
P 0x7f2a7c191628
P 0x7f2a7c19c188
C 254
= 0x7f2a7c19b1e8
R
P 0x7f2a7c191628
C 342
R
P 0x7f2a7c191628
P 0x7f2a7c19b1e8
C 209
R
P 0x7f2a7c191628
C 342
R
P 0x7f2a7c191628
P 0x7f2a7c19c188
C 260
R
P 0x7f2a7c191628
C 342
R
P 0x7f2a7c191628
P 0x7f2a7c19c188
C 259
R
P 0x7f2a7c191628
C 342
R
P 0x7f2a7c191628
P 0x7f2a7c19c188
C 258
R
P 0x7f2a7c191628
C 342
R
P 0x7f2a7c191628
P 0x7f2a7c19c188
C 9
R
P 0x7f2a7c191628
C 342
R
P 0x7f2a7c191628
U 2
P 0x7f2a7c19c168
P 0x7f2a7c19c188
p 2
C 65
= 0x7f2a7c1a2498
R
P 0x7f2a7c191628
C 342
R
P 0x7f2a7c191628
P 0x7f2a7c1a2498
C 257
R
P 0x7f2a7c191628
C 342
R
P 0x7f2a7c191628
P 0x7f2a7c1a2498
C 254
= 0x7f2a7c19b1e8
R
P 0x7f2a7c191628
C 342
R
P 0x7f2a7c191628
P 0x7f2a7c19b1e8
C 209
R
P 0x7f2a7c191628
C 342
R
P 0x7f2a7c191628
P 0x7f2a7c1a2498
C 260
R
P 0x7f2a7c191628
C 342
R
P 0x7f2a7c191628
P 0x7f2a7c1a2498
C 259
R
P 0x7f2a7c191628
C 342
R
P 0x7f2a7c191628
P 0x7f2a7c1a2498
C 258
R
P 0x7f2a7c191628
C 342
R
P 0x7f2a7c191628
P 0x7f2a7c1a2498
C 9
R
P 0x7f2a7c191628
C 342
R
P 0x7f2a7c191628
P 0x7f2a7c19c168
P 0x7f2a7c1a2498
C 74
= 0x7f2a7c4763f0
R
P 0x7f2a7c191628
C 342
R
P 0x7f2a7c191628
P 0x7f2a7c4763f0
C 258
R
P 0x7f2a7c191628
C 342
R
P 0x7f2a7c191628
P 0x7f2a7c4763f0
C 9
R
P 0x7f2a7c191628
C 342
R
P 0x7f2a7c191628
I 7
P 0x7f2a7c19b208
C 150
= 0x7f2a7c19c148
R
P 0x7f2a7c191628
C 342
R
P 0x7f2a7c191628
P 0x7f2a7c19c148
C 258
R
P 0x7f2a7c191628
C 342
R
P 0x7f2a7c191628
P 0x7f2a7c19c148
C 9
R
P 0x7f2a7c191628
C 342
R
P 0x7f2a7c191628
P 0x7f2a7c19c148
C 263
R
P 0x7f2a7c191628
C 342
R
P 0x7f2a7c191628
S "slot7Start"
C 30
R
P 0x7f2a7c191628
C 342
R
P 0x7f2a7c191628
$ |slot7Start|
C 202
R
P 0x7f2a7c191628
C 342
R
P 0x7f2a7c191628
$ |slot7Start|
P 0x7f2a7c19b1e8
C 51
= 0x7f2a7c19c168
R
P 0x7f2a7c191628
C 342
R
P 0x7f2a7c191628
P 0x7f2a7c19c168
C 257
R
P 0x7f2a7c191628
C 342
R
P 0x7f2a7c191628
P 0x7f2a7c19c168
C 254
= 0x7f2a7c19b1e8
R
P 0x7f2a7c191628
C 342
R
P 0x7f2a7c191628
P 0x7f2a7c19b1e8
C 209
R
P 0x7f2a7c191628
C 342
R
P 0x7f2a7c191628
P 0x7f2a7c19c168
C 260
R
P 0x7f2a7c191628
C 342
R
P 0x7f2a7c191628
P 0x7f2a7c19c168
C 259
R
P 0x7f2a7c191628
C 342
R
P 0x7f2a7c191628
P 0x7f2a7c19c168
C 258
R
P 0x7f2a7c191628
C 342
R
P 0x7f2a7c191628
P 0x7f2a7c19c168
C 9
R
P 0x7f2a7c191628
C 342
R
P 0x7f2a7c191628
I 7
P 0x7f2a7c19b208
C 150
= 0x7f2a7c19c148
R
P 0x7f2a7c191628
C 342
R
P 0x7f2a7c191628
P 0x7f2a7c19c148
C 258
R
P 0x7f2a7c191628
C 342
R
P 0x7f2a7c191628
P 0x7f2a7c19c148
C 9
R
P 0x7f2a7c191628
C 342
R
P 0x7f2a7c191628
P 0x7f2a7c19c148
C 263
R
P 0x7f2a7c191628
C 342
R
P 0x7f2a7c191628
S "slot7Duration"
C 30
R
P 0x7f2a7c191628
C 342
R
P 0x7f2a7c191628
$ |slot7Duration|
C 202
R
P 0x7f2a7c191628
C 342
R
P 0x7f2a7c191628
$ |slot7Duration|
P 0x7f2a7c19b1e8
C 51
= 0x7f2a7c19c188
R
P 0x7f2a7c191628
C 342
R
P 0x7f2a7c191628
P 0x7f2a7c19c188
C 257
R
P 0x7f2a7c191628
C 342
R
P 0x7f2a7c191628
P 0x7f2a7c19c188
C 254
= 0x7f2a7c19b1e8
R
P 0x7f2a7c191628
C 342
R
P 0x7f2a7c191628
P 0x7f2a7c19b1e8
C 209
R
P 0x7f2a7c191628
C 342
R
P 0x7f2a7c191628
P 0x7f2a7c19c188
C 260
R
P 0x7f2a7c191628
C 342
R
P 0x7f2a7c191628
P 0x7f2a7c19c188
C 259
R
P 0x7f2a7c191628
C 342
R
P 0x7f2a7c191628
P 0x7f2a7c19c188
C 258
R
P 0x7f2a7c191628
C 342
R
P 0x7f2a7c191628
P 0x7f2a7c19c188
C 9
R
P 0x7f2a7c191628
C 342
R
P 0x7f2a7c191628
U 2
P 0x7f2a7c19c168
P 0x7f2a7c19c188
p 2
C 65
= 0x7f2a7c1a2498
R
P 0x7f2a7c191628
C 342
R
P 0x7f2a7c191628
P 0x7f2a7c1a2498
C 257
R
P 0x7f2a7c191628
C 342
R
P 0x7f2a7c191628
P 0x7f2a7c1a2498
C 254
= 0x7f2a7c19b1e8
R
P 0x7f2a7c191628
C 342
R
P 0x7f2a7c191628
P 0x7f2a7c19b1e8
C 209
R
P 0x7f2a7c191628
C 342
R
P 0x7f2a7c191628
P 0x7f2a7c1a2498
C 260
R
P 0x7f2a7c191628
C 342
R
P 0x7f2a7c191628
P 0x7f2a7c1a2498
C 259
R
P 0x7f2a7c191628
C 342
R
P 0x7f2a7c191628
P 0x7f2a7c1a2498
C 258
R
P 0x7f2a7c191628
C 342
R
P 0x7f2a7c191628
P 0x7f2a7c1a2498
C 9
R
P 0x7f2a7c191628
C 342
R
P 0x7f2a7c191628
I 7
P 0x7f2a7c19b208
C 150
= 0x7f2a7c19c148
R
P 0x7f2a7c191628
C 342
R
P 0x7f2a7c191628
P 0x7f2a7c19c148
C 258
R
P 0x7f2a7c191628
C 342
R
P 0x7f2a7c191628
P 0x7f2a7c19c148
C 9
R
P 0x7f2a7c191628
C 342
R
P 0x7f2a7c191628
P 0x7f2a7c19c148
C 263
R
P 0x7f2a7c191628
C 342
R
P 0x7f2a7c191628
S "slot7Start"
C 30
R
P 0x7f2a7c191628
C 342
R
P 0x7f2a7c191628
$ |slot7Start|
C 202
R
P 0x7f2a7c191628
C 342
R
P 0x7f2a7c191628
$ |slot7Start|
P 0x7f2a7c19b1e8
C 51
= 0x7f2a7c19c168
R
P 0x7f2a7c191628
C 342
R
P 0x7f2a7c191628
P 0x7f2a7c19c168
C 257
R
P 0x7f2a7c191628
C 342
R
P 0x7f2a7c191628
P 0x7f2a7c19c168
C 254
= 0x7f2a7c19b1e8
R
P 0x7f2a7c191628
C 342
R
P 0x7f2a7c191628
P 0x7f2a7c19b1e8
C 209
R
P 0x7f2a7c191628
C 342
R
P 0x7f2a7c191628
P 0x7f2a7c19c168
C 260
R
P 0x7f2a7c191628
C 342
R
P 0x7f2a7c191628
P 0x7f2a7c19c168
C 259
R
P 0x7f2a7c191628
C 342
R
P 0x7f2a7c191628
P 0x7f2a7c19c168
C 258
R
P 0x7f2a7c191628
C 342
R
P 0x7f2a7c191628
P 0x7f2a7c19c168
C 9
R
P 0x7f2a7c191628
C 342
R
P 0x7f2a7c191628
I 7
P 0x7f2a7c19b208
C 150
= 0x7f2a7c19c148
R
P 0x7f2a7c191628
C 342
R
P 0x7f2a7c191628
P 0x7f2a7c19c148
C 258
R
P 0x7f2a7c191628
C 342
R
P 0x7f2a7c191628
P 0x7f2a7c19c148
C 9
R
P 0x7f2a7c191628
C 342
R
P 0x7f2a7c191628
P 0x7f2a7c19c148
C 263
R
P 0x7f2a7c191628
C 342
R
P 0x7f2a7c191628
S "slot7Duration"
C 30
R
P 0x7f2a7c191628
C 342
R
P 0x7f2a7c191628
$ |slot7Duration|
C 202
R
P 0x7f2a7c191628
C 342
R
P 0x7f2a7c191628
$ |slot7Duration|
P 0x7f2a7c19b1e8
C 51
= 0x7f2a7c19c188
R
P 0x7f2a7c191628
C 342
R
P 0x7f2a7c191628
P 0x7f2a7c19c188
C 257
R
P 0x7f2a7c191628
C 342
R
P 0x7f2a7c191628
P 0x7f2a7c19c188
C 254
= 0x7f2a7c19b1e8
R
P 0x7f2a7c191628
C 342
R
P 0x7f2a7c191628
P 0x7f2a7c19b1e8
C 209
R
P 0x7f2a7c191628
C 342
R
P 0x7f2a7c191628
P 0x7f2a7c19c188
C 260
R
P 0x7f2a7c191628
C 342
R
P 0x7f2a7c191628
P 0x7f2a7c19c188
C 259
R
P 0x7f2a7c191628
C 342
R
P 0x7f2a7c191628
P 0x7f2a7c19c188
C 258
R
P 0x7f2a7c191628
C 342
R
P 0x7f2a7c191628
P 0x7f2a7c19c188
C 9
R
P 0x7f2a7c191628
C 342
R
P 0x7f2a7c191628
U 2
P 0x7f2a7c19c168
P 0x7f2a7c19c188
p 2
C 65
= 0x7f2a7c1a2498
R
P 0x7f2a7c191628
C 342
R
P 0x7f2a7c191628
P 0x7f2a7c1a2498
C 257
R
P 0x7f2a7c191628
C 342
R
P 0x7f2a7c191628
P 0x7f2a7c1a2498
C 254
= 0x7f2a7c19b1e8
R
P 0x7f2a7c191628
C 342
R
P 0x7f2a7c191628
P 0x7f2a7c19b1e8
C 209
R
P 0x7f2a7c191628
C 342
R
P 0x7f2a7c191628
P 0x7f2a7c1a2498
C 260
R
P 0x7f2a7c191628
C 342
R
P 0x7f2a7c191628
P 0x7f2a7c1a2498
C 259
R
P 0x7f2a7c191628
C 342
R
P 0x7f2a7c191628
P 0x7f2a7c1a2498
C 258
R
P 0x7f2a7c191628
C 342
R
P 0x7f2a7c191628
P 0x7f2a7c1a2498
C 9
R
P 0x7f2a7c191628
C 342
R
P 0x7f2a7c191628
P 0x7f2a7c1a2498
P 0x7f2a7c1a2498
C 74
= 0x7f2a7c4769a0
R
P 0x7f2a7c191628
C 342
R
P 0x7f2a7c191628
P 0x7f2a7c4769a0
C 258
R
P 0x7f2a7c191628
C 342
R
P 0x7f2a7c191628
P 0x7f2a7c4769a0
C 9
R
P 0x7f2a7c191628
C 342
R
P 0x7f2a7c191628
U 2
P 0x7f2a7c4763f0
P 0x7f2a7c4769a0
p 2
C 63
= 0x7f2a7c4769d8
R
P 0x7f2a7c191628
C 342
R
P 0x7f2a7c191628
P 0x7f2a7c4769d8
C 258
R
P 0x7f2a7c191628
C 342
R
P 0x7f2a7c191628
P 0x7f2a7c4769d8
C 9
R
P 0x7f2a7c191628
C 342
R
P 0x7f2a7c191628
P 0x7f2a7c4769d8
C 58
= 0x7f2a7c473b28
R
P 0x7f2a7c191628
C 342
R
P 0x7f2a7c191628
P 0x7f2a7c473b28
C 258
R
P 0x7f2a7c191628
C 342
R
P 0x7f2a7c191628
P 0x7f2a7c473b28
C 9
R
P 0x7f2a7c191628
C 342
R
P 0x7f2a7c191628
P 0x7f2a7c473948
P 0x7f2a7c473b28
C 61
= 0x7f2a7c476a10
R
P 0x7f2a7c191628
C 342
R
P 0x7f2a7c191628
P 0x7f2a7c476a10
C 258
R
P 0x7f2a7c191628
C 342
R
P 0x7f2a7c191628
P 0x7f2a7c476a10
C 9
R
P 0x7f2a7c191628
C 342
R
P 0x7f2a7c191628
P 0x7f2a7c1e1fc8
P 0x7f2a7c476a10
C 427
R
P 0x7f2a7c191628
C 342
R
P 0x7f2a7c191628
I 7
P 0x7f2a7c19b208
C 150
= 0x7f2a7c19c148
R
P 0x7f2a7c191628
C 342
R
P 0x7f2a7c191628
P 0x7f2a7c19c148
C 258
R
P 0x7f2a7c191628
C 342
R
P 0x7f2a7c191628
P 0x7f2a7c19c148
C 9
R
P 0x7f2a7c191628
C 342
R
P 0x7f2a7c191628
I 8
P 0x7f2a7c19b208
C 150
= 0x7f2a7c19c1a8
R
P 0x7f2a7c191628
C 342
R
P 0x7f2a7c191628
P 0x7f2a7c19c1a8
C 258
R
P 0x7f2a7c191628
C 342
R
P 0x7f2a7c191628
P 0x7f2a7c19c1a8
C 9
R
P 0x7f2a7c191628
C 342
R
P 0x7f2a7c191628
P 0x7f2a7c19c148
P 0x7f2a7c19c1a8
C 56
= 0x7f2a7c476498
R
P 0x7f2a7c191628
C 342
R
P 0x7f2a7c191628
P 0x7f2a7c476498
C 258
R
P 0x7f2a7c191628
C 342
R
P 0x7f2a7c191628
P 0x7f2a7c476498
C 9
R
P 0x7f2a7c191628
C 342
R
P 0x7f2a7c191628
P 0x7f2a7c476498
C 58
= 0x7f2a7c4739a8
R
P 0x7f2a7c191628
C 342
R
P 0x7f2a7c191628
P 0x7f2a7c4739a8
C 258
R
P 0x7f2a7c191628
C 342
R
P 0x7f2a7c191628
P 0x7f2a7c4739a8
C 9
R
P 0x7f2a7c191628
C 342
R
P 0x7f2a7c191628
I 8
P 0x7f2a7c19b208
C 150
= 0x7f2a7c19c1a8
R
P 0x7f2a7c191628
C 342
R
P 0x7f2a7c191628
P 0x7f2a7c19c1a8
C 258
R
P 0x7f2a7c191628
C 342
R
P 0x7f2a7c191628
P 0x7f2a7c19c1a8
C 9
R
P 0x7f2a7c191628
C 342
R
P 0x7f2a7c191628
P 0x7f2a7c19c1a8
C 263
R
P 0x7f2a7c191628
C 342
R
P 0x7f2a7c191628
S "slot8Start"
C 30
R
P 0x7f2a7c191628
C 342
R
P 0x7f2a7c191628
$ |slot8Start|
C 202
R
P 0x7f2a7c191628
C 342
R
P 0x7f2a7c191628
$ |slot8Start|
P 0x7f2a7c19b1e8
C 51
= 0x7f2a7c19c1c8
R
P 0x7f2a7c191628
C 342
R
P 0x7f2a7c191628
P 0x7f2a7c19c1c8
C 257
R
P 0x7f2a7c191628
C 342
R
P 0x7f2a7c191628
P 0x7f2a7c19c1c8
C 254
= 0x7f2a7c19b1e8
R
P 0x7f2a7c191628
C 342
R
P 0x7f2a7c191628
P 0x7f2a7c19b1e8
C 209
R
P 0x7f2a7c191628
C 342
R
P 0x7f2a7c191628
P 0x7f2a7c19c1c8
C 260
R
P 0x7f2a7c191628
C 342
R
P 0x7f2a7c191628
P 0x7f2a7c19c1c8
C 259
R
P 0x7f2a7c191628
C 342
R
P 0x7f2a7c191628
P 0x7f2a7c19c1c8
C 258
R
P 0x7f2a7c191628
C 342
R
P 0x7f2a7c191628
P 0x7f2a7c19c1c8
C 9
R
P 0x7f2a7c191628
C 342
R
P 0x7f2a7c191628
I 7
P 0x7f2a7c19b208
C 150
= 0x7f2a7c19c148
R
P 0x7f2a7c191628
C 342
R
P 0x7f2a7c191628
P 0x7f2a7c19c148
C 258
R
P 0x7f2a7c191628
C 342
R
P 0x7f2a7c191628
P 0x7f2a7c19c148
C 9
R
P 0x7f2a7c191628
C 342
R
P 0x7f2a7c191628
P 0x7f2a7c19c148
C 263
R
P 0x7f2a7c191628
C 342
R
P 0x7f2a7c191628
S "slot7Start"
C 30
R
P 0x7f2a7c191628
C 342
R
P 0x7f2a7c191628
$ |slot7Start|
C 202
R
P 0x7f2a7c191628
C 342
R
P 0x7f2a7c191628
$ |slot7Start|
P 0x7f2a7c19b1e8
C 51
= 0x7f2a7c19c168
R
P 0x7f2a7c191628
C 342
R
P 0x7f2a7c191628
P 0x7f2a7c19c168
C 257
R
P 0x7f2a7c191628
C 342
R
P 0x7f2a7c191628
P 0x7f2a7c19c168
C 254
= 0x7f2a7c19b1e8
R
P 0x7f2a7c191628
C 342
R
P 0x7f2a7c191628
P 0x7f2a7c19b1e8
C 209
R
P 0x7f2a7c191628
C 342
R
P 0x7f2a7c191628
P 0x7f2a7c19c168
C 260
R
P 0x7f2a7c191628
C 342
R
P 0x7f2a7c191628
P 0x7f2a7c19c168
C 259
R
P 0x7f2a7c191628
C 342
R
P 0x7f2a7c191628
P 0x7f2a7c19c168
C 258
R
P 0x7f2a7c191628
C 342
R
P 0x7f2a7c191628
P 0x7f2a7c19c168
C 9
R
P 0x7f2a7c191628
C 342
R
P 0x7f2a7c191628
I 7
P 0x7f2a7c19b208
C 150
= 0x7f2a7c19c148
R
P 0x7f2a7c191628
C 342
R
P 0x7f2a7c191628
P 0x7f2a7c19c148
C 258
R
P 0x7f2a7c191628
C 342
R
P 0x7f2a7c191628
P 0x7f2a7c19c148
C 9
R
P 0x7f2a7c191628
C 342
R
P 0x7f2a7c191628
P 0x7f2a7c19c148
C 263
R
P 0x7f2a7c191628
C 342
R
P 0x7f2a7c191628
S "slot7Duration"
C 30
R
P 0x7f2a7c191628
C 342
R
P 0x7f2a7c191628
$ |slot7Duration|
C 202
R
P 0x7f2a7c191628
C 342
R
P 0x7f2a7c191628
$ |slot7Duration|
P 0x7f2a7c19b1e8
C 51
= 0x7f2a7c19c188
R
P 0x7f2a7c191628
C 342
R
P 0x7f2a7c191628
P 0x7f2a7c19c188
C 257
R
P 0x7f2a7c191628
C 342
R
P 0x7f2a7c191628
P 0x7f2a7c19c188
C 254
= 0x7f2a7c19b1e8
R
P 0x7f2a7c191628
C 342
R
P 0x7f2a7c191628
P 0x7f2a7c19b1e8
C 209
R
P 0x7f2a7c191628
C 342
R
P 0x7f2a7c191628
P 0x7f2a7c19c188
C 260
R
P 0x7f2a7c191628
C 342
R
P 0x7f2a7c191628
P 0x7f2a7c19c188
C 259
R
P 0x7f2a7c191628
C 342
R
P 0x7f2a7c191628
P 0x7f2a7c19c188
C 258
R
P 0x7f2a7c191628
C 342
R
P 0x7f2a7c191628
P 0x7f2a7c19c188
C 9
R
P 0x7f2a7c191628
C 342
R
P 0x7f2a7c191628
U 2
P 0x7f2a7c19c168
P 0x7f2a7c19c188
p 2
C 65
= 0x7f2a7c1a2498
R
P 0x7f2a7c191628
C 342
R
P 0x7f2a7c191628
P 0x7f2a7c1a2498
C 257
R
P 0x7f2a7c191628
C 342
R
P 0x7f2a7c191628
P 0x7f2a7c1a2498
C 254
= 0x7f2a7c19b1e8
R
P 0x7f2a7c191628
C 342
R
P 0x7f2a7c191628
P 0x7f2a7c19b1e8
C 209
R
P 0x7f2a7c191628
C 342
R
P 0x7f2a7c191628
P 0x7f2a7c1a2498
C 260
R
P 0x7f2a7c191628
C 342
R
P 0x7f2a7c191628
P 0x7f2a7c1a2498
C 259
R
P 0x7f2a7c191628
C 342
R
P 0x7f2a7c191628
P 0x7f2a7c1a2498
C 258
R
P 0x7f2a7c191628
C 342
R
P 0x7f2a7c191628
P 0x7f2a7c1a2498
C 9
R
P 0x7f2a7c191628
C 342
R
P 0x7f2a7c191628
P 0x7f2a7c19c1c8
P 0x7f2a7c1a2498
C 74
= 0x7f2a7c476a48
R
P 0x7f2a7c191628
C 342
R
P 0x7f2a7c191628
P 0x7f2a7c476a48
C 258
R
P 0x7f2a7c191628
C 342
R
P 0x7f2a7c191628
P 0x7f2a7c476a48
C 9
R
P 0x7f2a7c191628
C 342
R
P 0x7f2a7c191628
I 7
P 0x7f2a7c19b208
C 150
= 0x7f2a7c19c148
R
P 0x7f2a7c191628
C 342
R
P 0x7f2a7c191628
P 0x7f2a7c19c148
C 258
R
P 0x7f2a7c191628
C 342
R
P 0x7f2a7c191628
P 0x7f2a7c19c148
C 9
R
P 0x7f2a7c191628
C 342
R
P 0x7f2a7c191628
P 0x7f2a7c19c148
C 263
R
P 0x7f2a7c191628
C 342
R
P 0x7f2a7c191628
S "slot7Start"
C 30
R
P 0x7f2a7c191628
C 342
R
P 0x7f2a7c191628
$ |slot7Start|
C 202
R
P 0x7f2a7c191628
C 342
R
P 0x7f2a7c191628
$ |slot7Start|
P 0x7f2a7c19b1e8
C 51
= 0x7f2a7c19c168
R
P 0x7f2a7c191628
C 342
R
P 0x7f2a7c191628
P 0x7f2a7c19c168
C 257
R
P 0x7f2a7c191628
C 342
R
P 0x7f2a7c191628
P 0x7f2a7c19c168
C 254
= 0x7f2a7c19b1e8
R
P 0x7f2a7c191628
C 342
R
P 0x7f2a7c191628
P 0x7f2a7c19b1e8
C 209
R
P 0x7f2a7c191628
C 342
R
P 0x7f2a7c191628
P 0x7f2a7c19c168
C 260
R
P 0x7f2a7c191628
C 342
R
P 0x7f2a7c191628
P 0x7f2a7c19c168
C 259
R
P 0x7f2a7c191628
C 342
R
P 0x7f2a7c191628
P 0x7f2a7c19c168
C 258
R
P 0x7f2a7c191628
C 342
R
P 0x7f2a7c191628
P 0x7f2a7c19c168
C 9
R
P 0x7f2a7c191628
C 342
R
P 0x7f2a7c191628
I 7
P 0x7f2a7c19b208
C 150
= 0x7f2a7c19c148
R
P 0x7f2a7c191628
C 342
R
P 0x7f2a7c191628
P 0x7f2a7c19c148
C 258
R
P 0x7f2a7c191628
C 342
R
P 0x7f2a7c191628
P 0x7f2a7c19c148
C 9
R
P 0x7f2a7c191628
C 342
R
P 0x7f2a7c191628
P 0x7f2a7c19c148
C 263
R
P 0x7f2a7c191628
C 342
R
P 0x7f2a7c191628
S "slot7Duration"
C 30
R
P 0x7f2a7c191628
C 342
R
P 0x7f2a7c191628
$ |slot7Duration|
C 202
R
P 0x7f2a7c191628
C 342
R
P 0x7f2a7c191628
$ |slot7Duration|
P 0x7f2a7c19b1e8
C 51
= 0x7f2a7c19c188
R
P 0x7f2a7c191628
C 342
R
P 0x7f2a7c191628
P 0x7f2a7c19c188
C 257
R
P 0x7f2a7c191628
C 342
R
P 0x7f2a7c191628
P 0x7f2a7c19c188
C 254
= 0x7f2a7c19b1e8
R
P 0x7f2a7c191628
C 342
R
P 0x7f2a7c191628
P 0x7f2a7c19b1e8
C 209
R
P 0x7f2a7c191628
C 342
R
P 0x7f2a7c191628
P 0x7f2a7c19c188
C 260
R
P 0x7f2a7c191628
C 342
R
P 0x7f2a7c191628
P 0x7f2a7c19c188
C 259
R
P 0x7f2a7c191628
C 342
R
P 0x7f2a7c191628
P 0x7f2a7c19c188
C 258
R
P 0x7f2a7c191628
C 342
R
P 0x7f2a7c191628
P 0x7f2a7c19c188
C 9
R
P 0x7f2a7c191628
C 342
R
P 0x7f2a7c191628
U 2
P 0x7f2a7c19c168
P 0x7f2a7c19c188
p 2
C 65
= 0x7f2a7c1a2498
R
P 0x7f2a7c191628
C 342
R
P 0x7f2a7c191628
P 0x7f2a7c1a2498
C 257
R
P 0x7f2a7c191628
C 342
R
P 0x7f2a7c191628
P 0x7f2a7c1a2498
C 254
= 0x7f2a7c19b1e8
R
P 0x7f2a7c191628
C 342
R
P 0x7f2a7c191628
P 0x7f2a7c19b1e8
C 209
R
P 0x7f2a7c191628
C 342
R
P 0x7f2a7c191628
P 0x7f2a7c1a2498
C 260
R
P 0x7f2a7c191628
C 342
R
P 0x7f2a7c191628
P 0x7f2a7c1a2498
C 259
R
P 0x7f2a7c191628
C 342
R
P 0x7f2a7c191628
P 0x7f2a7c1a2498
C 258
R
P 0x7f2a7c191628
C 342
R
P 0x7f2a7c191628
P 0x7f2a7c1a2498
C 9
R
P 0x7f2a7c191628
C 342
R
P 0x7f2a7c191628
I 8
P 0x7f2a7c19b208
C 150
= 0x7f2a7c19c1a8
R
P 0x7f2a7c191628
C 342
R
P 0x7f2a7c191628
P 0x7f2a7c19c1a8
C 258
R
P 0x7f2a7c191628
C 342
R
P 0x7f2a7c191628
P 0x7f2a7c19c1a8
C 9
R
P 0x7f2a7c191628
C 342
R
P 0x7f2a7c191628
P 0x7f2a7c19c1a8
C 263
R
P 0x7f2a7c191628
C 342
R
P 0x7f2a7c191628
S "slot8Start"
C 30
R
P 0x7f2a7c191628
C 342
R
P 0x7f2a7c191628
$ |slot8Start|
C 202
R
P 0x7f2a7c191628
C 342
R
P 0x7f2a7c191628
$ |slot8Start|
P 0x7f2a7c19b1e8
C 51
= 0x7f2a7c19c1c8
R
P 0x7f2a7c191628
C 342
R
P 0x7f2a7c191628
P 0x7f2a7c19c1c8
C 257
R
P 0x7f2a7c191628
C 342
R
P 0x7f2a7c191628
P 0x7f2a7c19c1c8
C 254
= 0x7f2a7c19b1e8
R
P 0x7f2a7c191628
C 342
R
P 0x7f2a7c191628
P 0x7f2a7c19b1e8
C 209
R
P 0x7f2a7c191628
C 342
R
P 0x7f2a7c191628
P 0x7f2a7c19c1c8
C 260
R
P 0x7f2a7c191628
C 342
R
P 0x7f2a7c191628
P 0x7f2a7c19c1c8
C 259
R
P 0x7f2a7c191628
C 342
R
P 0x7f2a7c191628
P 0x7f2a7c19c1c8
C 258
R
P 0x7f2a7c191628
C 342
R
P 0x7f2a7c191628
P 0x7f2a7c19c1c8
C 9
R
P 0x7f2a7c191628
C 342
R
P 0x7f2a7c191628
I 8
P 0x7f2a7c19b208
C 150
= 0x7f2a7c19c1a8
R
P 0x7f2a7c191628
C 342
R
P 0x7f2a7c191628
P 0x7f2a7c19c1a8
C 258
R
P 0x7f2a7c191628
C 342
R
P 0x7f2a7c191628
P 0x7f2a7c19c1a8
C 9
R
P 0x7f2a7c191628
C 342
R
P 0x7f2a7c191628
P 0x7f2a7c19c1a8
C 263
R
P 0x7f2a7c191628
C 342
R
P 0x7f2a7c191628
S "slot8Duration"
C 30
R
P 0x7f2a7c191628
C 342
R
P 0x7f2a7c191628
$ |slot8Duration|
C 202
R
P 0x7f2a7c191628
C 342
R
P 0x7f2a7c191628
$ |slot8Duration|
P 0x7f2a7c19b1e8
C 51
= 0x7f2a7c19c1e8
R
P 0x7f2a7c191628
C 342
R
P 0x7f2a7c191628
P 0x7f2a7c19c1e8
C 257
R
P 0x7f2a7c191628
C 342
R
P 0x7f2a7c191628
P 0x7f2a7c19c1e8
C 254
= 0x7f2a7c19b1e8
R
P 0x7f2a7c191628
C 342
R
P 0x7f2a7c191628
P 0x7f2a7c19b1e8
C 209
R
P 0x7f2a7c191628
C 342
R
P 0x7f2a7c191628
P 0x7f2a7c19c1e8
C 260
R
P 0x7f2a7c191628
C 342
R
P 0x7f2a7c191628
P 0x7f2a7c19c1e8
C 259
R
P 0x7f2a7c191628
C 342
R
P 0x7f2a7c191628
P 0x7f2a7c19c1e8
C 258
R
P 0x7f2a7c191628
C 342
R
P 0x7f2a7c191628
P 0x7f2a7c19c1e8
C 9
R
P 0x7f2a7c191628
C 342
R
P 0x7f2a7c191628
U 2
P 0x7f2a7c19c1c8
P 0x7f2a7c19c1e8
p 2
C 65
= 0x7f2a7c1a25e8
R
P 0x7f2a7c191628
C 342
R
P 0x7f2a7c191628
P 0x7f2a7c1a25e8
C 257
R
P 0x7f2a7c191628
C 342
R
P 0x7f2a7c191628
P 0x7f2a7c1a25e8
C 254
= 0x7f2a7c19b1e8
R
P 0x7f2a7c191628
C 342
R
P 0x7f2a7c191628
P 0x7f2a7c19b1e8
C 209
R
P 0x7f2a7c191628
C 342
R
P 0x7f2a7c191628
P 0x7f2a7c1a25e8
C 260
R
P 0x7f2a7c191628
C 342
R
P 0x7f2a7c191628
P 0x7f2a7c1a25e8
C 259
R
P 0x7f2a7c191628
C 342
R
P 0x7f2a7c191628
P 0x7f2a7c1a25e8
C 258
R
P 0x7f2a7c191628
C 342
R
P 0x7f2a7c191628
P 0x7f2a7c1a25e8
C 9
R
P 0x7f2a7c191628
C 342
R
P 0x7f2a7c191628
P 0x7f2a7c1a2498
P 0x7f2a7c1a25e8
C 74
= 0x7f2a7c476a80
R
P 0x7f2a7c191628
C 342
R
P 0x7f2a7c191628
P 0x7f2a7c476a80
C 258
R
P 0x7f2a7c191628
C 342
R
P 0x7f2a7c191628
P 0x7f2a7c476a80
C 9
R
P 0x7f2a7c191628
C 342
R
P 0x7f2a7c191628
U 2
P 0x7f2a7c476a48
P 0x7f2a7c476a80
p 2
C 63
= 0x7f2a7c476ab8
R
P 0x7f2a7c191628
C 342
R
P 0x7f2a7c191628
P 0x7f2a7c476ab8
C 258
R
P 0x7f2a7c191628
C 342
R
P 0x7f2a7c191628
P 0x7f2a7c476ab8
C 9
R
P 0x7f2a7c191628
C 342
R
P 0x7f2a7c191628
P 0x7f2a7c476ab8
C 58
= 0x7f2a7c473b58
R
P 0x7f2a7c191628
C 342
R
P 0x7f2a7c191628
P 0x7f2a7c473b58
C 258
R
P 0x7f2a7c191628
C 342
R
P 0x7f2a7c191628
P 0x7f2a7c473b58
C 9
R
P 0x7f2a7c191628
C 342
R
P 0x7f2a7c191628
P 0x7f2a7c4739a8
P 0x7f2a7c473b58
C 61
= 0x7f2a7c476af0
R
P 0x7f2a7c191628
C 342
R
P 0x7f2a7c191628
P 0x7f2a7c476af0
C 258
R
P 0x7f2a7c191628
C 342
R
P 0x7f2a7c191628
P 0x7f2a7c476af0
C 9
R
P 0x7f2a7c191628
C 342
R
P 0x7f2a7c191628
P 0x7f2a7c1e1fc8
P 0x7f2a7c476af0
C 427
R
P 0x7f2a7c191628
C 342
R
P 0x7f2a7c191628
I 8
P 0x7f2a7c19b208
C 150
= 0x7f2a7c19c1a8
R
P 0x7f2a7c191628
C 342
R
P 0x7f2a7c191628
P 0x7f2a7c19c1a8
C 258
R
P 0x7f2a7c191628
C 342
R
P 0x7f2a7c191628
P 0x7f2a7c19c1a8
C 9
R
P 0x7f2a7c191628
C 342
R
P 0x7f2a7c191628
P 0x7f2a7c19c1a8
C 263
R
P 0x7f2a7c191628
C 342
R
P 0x7f2a7c191628
S "slot8Start"
C 30
R
P 0x7f2a7c191628
C 342
R
P 0x7f2a7c191628
$ |slot8Start|
C 202
R
P 0x7f2a7c191628
C 342
R
P 0x7f2a7c191628
$ |slot8Start|
P 0x7f2a7c19b1e8
C 51
= 0x7f2a7c19c1c8
R
P 0x7f2a7c191628
C 342
R
P 0x7f2a7c191628
P 0x7f2a7c19c1c8
C 257
R
P 0x7f2a7c191628
C 342
R
P 0x7f2a7c191628
P 0x7f2a7c19c1c8
C 254
= 0x7f2a7c19b1e8
R
P 0x7f2a7c191628
C 342
R
P 0x7f2a7c191628
P 0x7f2a7c19b1e8
C 209
R
P 0x7f2a7c191628
C 342
R
P 0x7f2a7c191628
P 0x7f2a7c19c1c8
C 260
R
P 0x7f2a7c191628
C 342
R
P 0x7f2a7c191628
P 0x7f2a7c19c1c8
C 259
R
P 0x7f2a7c191628
C 342
R
P 0x7f2a7c191628
P 0x7f2a7c19c1c8
C 258
R
P 0x7f2a7c191628
C 342
R
P 0x7f2a7c191628
P 0x7f2a7c19c1c8
C 9
R
P 0x7f2a7c191628
C 342
R
P 0x7f2a7c191628
I 0
P 0x7f2a7c19b208
C 150
= 0x7f2a7c19bd08
R
P 0x7f2a7c191628
C 342
R
P 0x7f2a7c191628
P 0x7f2a7c19bd08
C 258
R
P 0x7f2a7c191628
C 342
R
P 0x7f2a7c191628
P 0x7f2a7c19bd08
C 9
R
P 0x7f2a7c191628
C 342
R
P 0x7f2a7c191628
P 0x7f2a7c19c1c8
P 0x7f2a7c19bd08
C 76
= 0x7f2a7c476b28
R
P 0x7f2a7c191628
C 342
R
P 0x7f2a7c191628
P 0x7f2a7c476b28
C 258
R
P 0x7f2a7c191628
C 342
R
P 0x7f2a7c191628
P 0x7f2a7c476b28
C 9
R
P 0x7f2a7c191628
C 342
R
P 0x7f2a7c191628
P 0x7f2a7c1e1fc8
P 0x7f2a7c476b28
C 427
R
P 0x7f2a7c191628
C 342
R
P 0x7f2a7c191628
I 8
P 0x7f2a7c19b208
C 150
= 0x7f2a7c19c1a8
R
P 0x7f2a7c191628
C 342
R
P 0x7f2a7c191628
P 0x7f2a7c19c1a8
C 258
R
P 0x7f2a7c191628
C 342
R
P 0x7f2a7c191628
P 0x7f2a7c19c1a8
C 9
R
P 0x7f2a7c191628
C 342
R
P 0x7f2a7c191628
P 0x7f2a7c19c1a8
C 263
R
P 0x7f2a7c191628
C 342
R
P 0x7f2a7c191628
S "slot8Start"
C 30
R
P 0x7f2a7c191628
C 342
R
P 0x7f2a7c191628
$ |slot8Start|
C 202
R
P 0x7f2a7c191628
C 342
R
P 0x7f2a7c191628
$ |slot8Start|
P 0x7f2a7c19b1e8
C 51
= 0x7f2a7c19c1c8
R
P 0x7f2a7c191628
C 342
R
P 0x7f2a7c191628
P 0x7f2a7c19c1c8
C 257
R
P 0x7f2a7c191628
C 342
R
P 0x7f2a7c191628
P 0x7f2a7c19c1c8
C 254
= 0x7f2a7c19b1e8
R
P 0x7f2a7c191628
C 342
R
P 0x7f2a7c191628
P 0x7f2a7c19b1e8
C 209
R
P 0x7f2a7c191628
C 342
R
P 0x7f2a7c191628
P 0x7f2a7c19c1c8
C 260
R
P 0x7f2a7c191628
C 342
R
P 0x7f2a7c191628
P 0x7f2a7c19c1c8
C 259
R
P 0x7f2a7c191628
C 342
R
P 0x7f2a7c191628
P 0x7f2a7c19c1c8
C 258
R
P 0x7f2a7c191628
C 342
R
P 0x7f2a7c191628
P 0x7f2a7c19c1c8
C 9
R
P 0x7f2a7c191628
C 342
R
P 0x7f2a7c191628
I 8
P 0x7f2a7c19b208
C 150
= 0x7f2a7c19c1a8
R
P 0x7f2a7c191628
C 342
R
P 0x7f2a7c191628
P 0x7f2a7c19c1a8
C 258
R
P 0x7f2a7c191628
C 342
R
P 0x7f2a7c191628
P 0x7f2a7c19c1a8
C 9
R
P 0x7f2a7c191628
C 342
R
P 0x7f2a7c191628
P 0x7f2a7c19c1a8
C 263
R
P 0x7f2a7c191628
C 342
R
P 0x7f2a7c191628
S "slot8Duration"
C 30
R
P 0x7f2a7c191628
C 342
R
P 0x7f2a7c191628
$ |slot8Duration|
C 202
R
P 0x7f2a7c191628
C 342
R
P 0x7f2a7c191628
$ |slot8Duration|
P 0x7f2a7c19b1e8
C 51
= 0x7f2a7c19c1e8
R
P 0x7f2a7c191628
C 342
R
P 0x7f2a7c191628
P 0x7f2a7c19c1e8
C 257
R
P 0x7f2a7c191628
C 342
R
P 0x7f2a7c191628
P 0x7f2a7c19c1e8
C 254
= 0x7f2a7c19b1e8
R
P 0x7f2a7c191628
C 342
R
P 0x7f2a7c191628
P 0x7f2a7c19b1e8
C 209
R
P 0x7f2a7c191628
C 342
R
P 0x7f2a7c191628
P 0x7f2a7c19c1e8
C 260
R
P 0x7f2a7c191628
C 342
R
P 0x7f2a7c191628
P 0x7f2a7c19c1e8
C 259
R
P 0x7f2a7c191628
C 342
R
P 0x7f2a7c191628
P 0x7f2a7c19c1e8
C 258
R
P 0x7f2a7c191628
C 342
R
P 0x7f2a7c191628
P 0x7f2a7c19c1e8
C 9
R
P 0x7f2a7c191628
C 342
R
P 0x7f2a7c191628
U 2
P 0x7f2a7c19bbe8
P 0x7f2a7c19c1e8
p 2
C 67
= 0x7f2a7c476b60
R
P 0x7f2a7c191628
C 342
R
P 0x7f2a7c191628
P 0x7f2a7c476b60
C 257
R
P 0x7f2a7c191628
C 342
R
P 0x7f2a7c191628
P 0x7f2a7c476b60
C 254
= 0x7f2a7c19b1e8
R
P 0x7f2a7c191628
C 342
R
P 0x7f2a7c191628
P 0x7f2a7c19b1e8
C 209
R
P 0x7f2a7c191628
C 342
R
P 0x7f2a7c191628
P 0x7f2a7c476b60
C 260
R
P 0x7f2a7c191628
C 342
R
P 0x7f2a7c191628
P 0x7f2a7c476b60
C 259
R
P 0x7f2a7c191628
C 342
R
P 0x7f2a7c191628
P 0x7f2a7c476b60
C 258
R
P 0x7f2a7c191628
C 342
R
P 0x7f2a7c191628
P 0x7f2a7c476b60
C 9
R
P 0x7f2a7c191628
C 342
R
P 0x7f2a7c191628
P 0x7f2a7c19c1c8
P 0x7f2a7c476b60
C 74
= 0x7f2a7c476b98
R
P 0x7f2a7c191628
C 342
R
P 0x7f2a7c191628
P 0x7f2a7c476b98
C 258
R
P 0x7f2a7c191628
C 342
R
P 0x7f2a7c191628
P 0x7f2a7c476b98
C 9
R
P 0x7f2a7c191628
C 342
R
P 0x7f2a7c191628
P 0x7f2a7c1e1fc8
P 0x7f2a7c476b98
C 427
R
P 0x7f2a7c191628
C 342
R
P 0x7f2a7c191628
I 8
P 0x7f2a7c19b208
C 150
= 0x7f2a7c19c1a8
R
P 0x7f2a7c191628
C 342
R
P 0x7f2a7c191628
P 0x7f2a7c19c1a8
C 258
R
P 0x7f2a7c191628
C 342
R
P 0x7f2a7c191628
P 0x7f2a7c19c1a8
C 9
R
P 0x7f2a7c191628
C 342
R
P 0x7f2a7c191628
P 0x7f2a7c19c1a8
C 263
R
P 0x7f2a7c191628
C 342
R
P 0x7f2a7c191628
S "slot8Duration"
C 30
R
P 0x7f2a7c191628
C 342
R
P 0x7f2a7c191628
$ |slot8Duration|
C 202
R
P 0x7f2a7c191628
C 342
R
P 0x7f2a7c191628
$ |slot8Duration|
P 0x7f2a7c19b1e8
C 51
= 0x7f2a7c19c1e8
R
P 0x7f2a7c191628
C 342
R
P 0x7f2a7c191628
P 0x7f2a7c19c1e8
C 257
R
P 0x7f2a7c191628
C 342
R
P 0x7f2a7c191628
P 0x7f2a7c19c1e8
C 254
= 0x7f2a7c19b1e8
R
P 0x7f2a7c191628
C 342
R
P 0x7f2a7c191628
P 0x7f2a7c19b1e8
C 209
R
P 0x7f2a7c191628
C 342
R
P 0x7f2a7c191628
P 0x7f2a7c19c1e8
C 260
R
P 0x7f2a7c191628
C 342
R
P 0x7f2a7c191628
P 0x7f2a7c19c1e8
C 259
R
P 0x7f2a7c191628
C 342
R
P 0x7f2a7c191628
P 0x7f2a7c19c1e8
C 258
R
P 0x7f2a7c191628
C 342
R
P 0x7f2a7c191628
P 0x7f2a7c19c1e8
C 9
R
P 0x7f2a7c191628
C 342
R
P 0x7f2a7c191628
I 0
P 0x7f2a7c19b208
C 150
= 0x7f2a7c19bd08
R
P 0x7f2a7c191628
C 342
R
P 0x7f2a7c191628
P 0x7f2a7c19bd08
C 258
R
P 0x7f2a7c191628
C 342
R
P 0x7f2a7c191628
P 0x7f2a7c19bd08
C 9
R
P 0x7f2a7c191628
C 342
R
P 0x7f2a7c191628
P 0x7f2a7c19c1e8
P 0x7f2a7c19bd08
C 76
= 0x7f2a7c476bd0
R
P 0x7f2a7c191628
C 342
R
P 0x7f2a7c191628
P 0x7f2a7c476bd0
C 258
R
P 0x7f2a7c191628
C 342
R
P 0x7f2a7c191628
P 0x7f2a7c476bd0
C 9
R
P 0x7f2a7c191628
C 342
R
P 0x7f2a7c191628
P 0x7f2a7c1e1fc8
P 0x7f2a7c476bd0
C 427
R
P 0x7f2a7c191628
C 342
R
P 0x7f2a7c191628
I 8
P 0x7f2a7c19b208
C 150
= 0x7f2a7c19c1a8
R
P 0x7f2a7c191628
C 342
R
P 0x7f2a7c191628
P 0x7f2a7c19c1a8
C 258
R
P 0x7f2a7c191628
C 342
R
P 0x7f2a7c191628
P 0x7f2a7c19c1a8
C 9
R
P 0x7f2a7c191628
C 342
R
P 0x7f2a7c191628
P 0x7f2a7c19c1a8
C 263
R
P 0x7f2a7c191628
C 342
R
P 0x7f2a7c191628
S "slot8Duration"
C 30
R
P 0x7f2a7c191628
C 342
R
P 0x7f2a7c191628
$ |slot8Duration|
C 202
R
P 0x7f2a7c191628
C 342
R
P 0x7f2a7c191628
$ |slot8Duration|
P 0x7f2a7c19b1e8
C 51
= 0x7f2a7c19c1e8
R
P 0x7f2a7c191628
C 342
R
P 0x7f2a7c191628
P 0x7f2a7c19c1e8
C 257
R
P 0x7f2a7c191628
C 342
R
P 0x7f2a7c191628
P 0x7f2a7c19c1e8
C 254
= 0x7f2a7c19b1e8
R
P 0x7f2a7c191628
C 342
R
P 0x7f2a7c191628
P 0x7f2a7c19b1e8
C 209
R
P 0x7f2a7c191628
C 342
R
P 0x7f2a7c191628
P 0x7f2a7c19c1e8
C 260
R
P 0x7f2a7c191628
C 342
R
P 0x7f2a7c191628
P 0x7f2a7c19c1e8
C 259
R
P 0x7f2a7c191628
C 342
R
P 0x7f2a7c191628
P 0x7f2a7c19c1e8
C 258
R
P 0x7f2a7c191628
C 342
R
P 0x7f2a7c191628
P 0x7f2a7c19c1e8
C 9
R
P 0x7f2a7c191628
C 342
R
P 0x7f2a7c191628
P 0x7f2a7c19c1e8
P 0x7f2a7c19bc08
C 74
= 0x7f2a7c476c08
R
P 0x7f2a7c191628
C 342
R
P 0x7f2a7c191628
P 0x7f2a7c476c08
C 258
R
P 0x7f2a7c191628
C 342
R
P 0x7f2a7c191628
P 0x7f2a7c476c08
C 9
R
P 0x7f2a7c191628
C 342
R
P 0x7f2a7c191628
P 0x7f2a7c1e1fc8
P 0x7f2a7c476c08
C 427
R
P 0x7f2a7c191628
C 342
R
P 0x7f2a7c191628
I 8
P 0x7f2a7c19b208
C 150
= 0x7f2a7c19c1a8
R
P 0x7f2a7c191628
C 342
R
P 0x7f2a7c191628
P 0x7f2a7c19c1a8
C 258
R
P 0x7f2a7c191628
C 342
R
P 0x7f2a7c191628
P 0x7f2a7c19c1a8
C 9
R
P 0x7f2a7c191628
C 342
R
P 0x7f2a7c191628
P 0x7f2a7c19c1a8
C 263
R
P 0x7f2a7c191628
C 342
R
P 0x7f2a7c191628
S "slot8Start"
C 30
R
P 0x7f2a7c191628
C 342
R
P 0x7f2a7c191628
$ |slot8Start|
C 202
R
P 0x7f2a7c191628
C 342
R
P 0x7f2a7c191628
$ |slot8Start|
P 0x7f2a7c19b1e8
C 51
= 0x7f2a7c19c1c8
R
P 0x7f2a7c191628
C 342
R
P 0x7f2a7c191628
P 0x7f2a7c19c1c8
C 257
R
P 0x7f2a7c191628
C 342
R
P 0x7f2a7c191628
P 0x7f2a7c19c1c8
C 254
= 0x7f2a7c19b1e8
R
P 0x7f2a7c191628
C 342
R
P 0x7f2a7c191628
P 0x7f2a7c19b1e8
C 209
R
P 0x7f2a7c191628
C 342
R
P 0x7f2a7c191628
P 0x7f2a7c19c1c8
C 260
R
P 0x7f2a7c191628
C 342
R
P 0x7f2a7c191628
P 0x7f2a7c19c1c8
C 259
R
P 0x7f2a7c191628
C 342
R
P 0x7f2a7c191628
P 0x7f2a7c19c1c8
C 258
R
P 0x7f2a7c191628
C 342
R
P 0x7f2a7c191628
P 0x7f2a7c19c1c8
C 9
R
P 0x7f2a7c191628
C 342
R
P 0x7f2a7c191628
I 8
P 0x7f2a7c19b208
C 150
= 0x7f2a7c19c1a8
R
P 0x7f2a7c191628
C 342
R
P 0x7f2a7c191628
P 0x7f2a7c19c1a8
C 258
R
P 0x7f2a7c191628
C 342
R
P 0x7f2a7c191628
P 0x7f2a7c19c1a8
C 9
R
P 0x7f2a7c191628
C 342
R
P 0x7f2a7c191628
P 0x7f2a7c19c1a8
C 263
R
P 0x7f2a7c191628
C 342
R
P 0x7f2a7c191628
S "slot8Start"
C 30
R
P 0x7f2a7c191628
C 342
R
P 0x7f2a7c191628
$ |slot8Start|
C 202
R
P 0x7f2a7c191628
C 342
R
P 0x7f2a7c191628
$ |slot8Start|
P 0x7f2a7c19b1e8
C 51
= 0x7f2a7c19c1c8
R
P 0x7f2a7c191628
C 342
R
P 0x7f2a7c191628
P 0x7f2a7c19c1c8
C 257
R
P 0x7f2a7c191628
C 342
R
P 0x7f2a7c191628
P 0x7f2a7c19c1c8
C 254
= 0x7f2a7c19b1e8
R
P 0x7f2a7c191628
C 342
R
P 0x7f2a7c191628
P 0x7f2a7c19b1e8
C 209
R
P 0x7f2a7c191628
C 342
R
P 0x7f2a7c191628
P 0x7f2a7c19c1c8
C 260
R
P 0x7f2a7c191628
C 342
R
P 0x7f2a7c191628
P 0x7f2a7c19c1c8
C 259
R
P 0x7f2a7c191628
C 342
R
P 0x7f2a7c191628
P 0x7f2a7c19c1c8
C 258
R
P 0x7f2a7c191628
C 342
R
P 0x7f2a7c191628
P 0x7f2a7c19c1c8
C 9
R
P 0x7f2a7c191628
C 342
R
P 0x7f2a7c191628
U 2
P 0x7f2a7c19c1c8
P 0x7f2a7c19c1c8
p 2
C 65
= 0x7f2a7c476c40
R
P 0x7f2a7c191628
C 342
R
P 0x7f2a7c191628
P 0x7f2a7c476c40
C 257
R
P 0x7f2a7c191628
C 342
R
P 0x7f2a7c191628
P 0x7f2a7c476c40
C 254
= 0x7f2a7c19b1e8
R
P 0x7f2a7c191628
C 342
R
P 0x7f2a7c191628
P 0x7f2a7c19b1e8
C 209
R
P 0x7f2a7c191628
C 342
R
P 0x7f2a7c191628
P 0x7f2a7c476c40
C 260
R
P 0x7f2a7c191628
C 342
R
P 0x7f2a7c191628
P 0x7f2a7c476c40
C 259
R
P 0x7f2a7c191628
C 342
R
P 0x7f2a7c191628
P 0x7f2a7c476c40
C 258
R
P 0x7f2a7c191628
C 342
R
P 0x7f2a7c191628
P 0x7f2a7c476c40
C 9
R
P 0x7f2a7c191628
C 342
R
P 0x7f2a7c191628
P 0x7f2a7c19bbe8
P 0x7f2a7c476c40
C 76
= 0x7f2a7c476c78
R
P 0x7f2a7c191628
C 342
R
P 0x7f2a7c191628
P 0x7f2a7c476c78
C 258
R
P 0x7f2a7c191628
C 342
R
P 0x7f2a7c191628
P 0x7f2a7c476c78
C 9
R
P 0x7f2a7c191628
C 342
R
P 0x7f2a7c191628
P 0x7f2a7c1e1fc8
P 0x7f2a7c476c78
C 427
R
P 0x7f2a7c191628
C 342
R
P 0x7f2a7c191628
I 8
P 0x7f2a7c19b208
C 150
= 0x7f2a7c19c1a8
R
P 0x7f2a7c191628
C 342
R
P 0x7f2a7c191628
P 0x7f2a7c19c1a8
C 258
R
P 0x7f2a7c191628
C 342
R
P 0x7f2a7c191628
P 0x7f2a7c19c1a8
C 9
R
P 0x7f2a7c191628
C 342
R
P 0x7f2a7c191628
I 1
P 0x7f2a7c19b208
C 150
= 0x7f2a7c19bc88
R
P 0x7f2a7c191628
C 342
R
P 0x7f2a7c191628
P 0x7f2a7c19bc88
C 258
R
P 0x7f2a7c191628
C 342
R
P 0x7f2a7c191628
P 0x7f2a7c19bc88
C 9
R
P 0x7f2a7c191628
C 342
R
P 0x7f2a7c191628
P 0x7f2a7c19c1a8
P 0x7f2a7c19bc88
C 56
= 0x7f2a7c476cb0
R
P 0x7f2a7c191628
C 342
R
P 0x7f2a7c191628
P 0x7f2a7c476cb0
C 258
R
P 0x7f2a7c191628
C 342
R
P 0x7f2a7c191628
P 0x7f2a7c476cb0
C 9
R
P 0x7f2a7c191628
C 342
R
P 0x7f2a7c191628
P 0x7f2a7c476cb0
C 58
= 0x7f2a7c473b88
R
P 0x7f2a7c191628
C 342
R
P 0x7f2a7c191628
P 0x7f2a7c473b88
C 258
R
P 0x7f2a7c191628
C 342
R
P 0x7f2a7c191628
P 0x7f2a7c473b88
C 9
R
P 0x7f2a7c191628
C 342
R
P 0x7f2a7c191628
I 8
P 0x7f2a7c19b208
C 150
= 0x7f2a7c19c1a8
R
P 0x7f2a7c191628
C 342
R
P 0x7f2a7c191628
P 0x7f2a7c19c1a8
C 258
R
P 0x7f2a7c191628
C 342
R
P 0x7f2a7c191628
P 0x7f2a7c19c1a8
C 9
R
P 0x7f2a7c191628
C 342
R
P 0x7f2a7c191628
P 0x7f2a7c19c1a8
C 263
R
P 0x7f2a7c191628
C 342
R
P 0x7f2a7c191628
S "slot8Start"
C 30
R
P 0x7f2a7c191628
C 342
R
P 0x7f2a7c191628
$ |slot8Start|
C 202
R
P 0x7f2a7c191628
C 342
R
P 0x7f2a7c191628
$ |slot8Start|
P 0x7f2a7c19b1e8
C 51
= 0x7f2a7c19c1c8
R
P 0x7f2a7c191628
C 342
R
P 0x7f2a7c191628
P 0x7f2a7c19c1c8
C 257
R
P 0x7f2a7c191628
C 342
R
P 0x7f2a7c191628
P 0x7f2a7c19c1c8
C 254
= 0x7f2a7c19b1e8
R
P 0x7f2a7c191628
C 342
R
P 0x7f2a7c191628
P 0x7f2a7c19b1e8
C 209
R
P 0x7f2a7c191628
C 342
R
P 0x7f2a7c191628
P 0x7f2a7c19c1c8
C 260
R
P 0x7f2a7c191628
C 342
R
P 0x7f2a7c191628
P 0x7f2a7c19c1c8
C 259
R
P 0x7f2a7c191628
C 342
R
P 0x7f2a7c191628
P 0x7f2a7c19c1c8
C 258
R
P 0x7f2a7c191628
C 342
R
P 0x7f2a7c191628
P 0x7f2a7c19c1c8
C 9
R
P 0x7f2a7c191628
C 342
R
P 0x7f2a7c191628
I 1
P 0x7f2a7c19b208
C 150
= 0x7f2a7c19bc88
R
P 0x7f2a7c191628
C 342
R
P 0x7f2a7c191628
P 0x7f2a7c19bc88
C 258
R
P 0x7f2a7c191628
C 342
R
P 0x7f2a7c191628
P 0x7f2a7c19bc88
C 9
R
P 0x7f2a7c191628
C 342
R
P 0x7f2a7c191628
P 0x7f2a7c19bc88
C 263
R
P 0x7f2a7c191628
C 342
R
P 0x7f2a7c191628
S "slot1Start"
C 30
R
P 0x7f2a7c191628
C 342
R
P 0x7f2a7c191628
$ |slot1Start|
C 202
R
P 0x7f2a7c191628
C 342
R
P 0x7f2a7c191628
$ |slot1Start|
P 0x7f2a7c19b1e8
C 51
= 0x7f2a7c19bf48
R
P 0x7f2a7c191628
C 342
R
P 0x7f2a7c191628
P 0x7f2a7c19bf48
C 257
R
P 0x7f2a7c191628
C 342
R
P 0x7f2a7c191628
P 0x7f2a7c19bf48
C 254
= 0x7f2a7c19b1e8
R
P 0x7f2a7c191628
C 342
R
P 0x7f2a7c191628
P 0x7f2a7c19b1e8
C 209
R
P 0x7f2a7c191628
C 342
R
P 0x7f2a7c191628
P 0x7f2a7c19bf48
C 260
R
P 0x7f2a7c191628
C 342
R
P 0x7f2a7c191628
P 0x7f2a7c19bf48
C 259
R
P 0x7f2a7c191628
C 342
R
P 0x7f2a7c191628
P 0x7f2a7c19bf48
C 258
R
P 0x7f2a7c191628
C 342
R
P 0x7f2a7c191628
P 0x7f2a7c19bf48
C 9
R
P 0x7f2a7c191628
C 342
R
P 0x7f2a7c191628
P 0x7f2a7c19c1c8
P 0x7f2a7c19bf48
C 76
= 0x7f2a7c476ce8
R
P 0x7f2a7c191628
C 342
R
P 0x7f2a7c191628
P 0x7f2a7c476ce8
C 258
R
P 0x7f2a7c191628
C 342
R
P 0x7f2a7c191628
P 0x7f2a7c476ce8
C 9
R
P 0x7f2a7c191628
C 342
R
P 0x7f2a7c191628
I 8
P 0x7f2a7c19b208
C 150
= 0x7f2a7c19c1a8
R
P 0x7f2a7c191628
C 342
R
P 0x7f2a7c191628
P 0x7f2a7c19c1a8
C 258
R
P 0x7f2a7c191628
C 342
R
P 0x7f2a7c191628
P 0x7f2a7c19c1a8
C 9
R
P 0x7f2a7c191628
C 342
R
P 0x7f2a7c191628
P 0x7f2a7c19c1a8
C 263
R
P 0x7f2a7c191628
C 342
R
P 0x7f2a7c191628
S "slot8Start"
C 30
R
P 0x7f2a7c191628
C 342
R
P 0x7f2a7c191628
$ |slot8Start|
C 202
R
P 0x7f2a7c191628
C 342
R
P 0x7f2a7c191628
$ |slot8Start|
P 0x7f2a7c19b1e8
C 51
= 0x7f2a7c19c1c8
R
P 0x7f2a7c191628
C 342
R
P 0x7f2a7c191628
P 0x7f2a7c19c1c8
C 257
R
P 0x7f2a7c191628
C 342
R
P 0x7f2a7c191628
P 0x7f2a7c19c1c8
C 254
= 0x7f2a7c19b1e8
R
P 0x7f2a7c191628
C 342
R
P 0x7f2a7c191628
P 0x7f2a7c19b1e8
C 209
R
P 0x7f2a7c191628
C 342
R
P 0x7f2a7c191628
P 0x7f2a7c19c1c8
C 260
R
P 0x7f2a7c191628
C 342
R
P 0x7f2a7c191628
P 0x7f2a7c19c1c8
C 259
R
P 0x7f2a7c191628
C 342
R
P 0x7f2a7c191628
P 0x7f2a7c19c1c8
C 258
R
P 0x7f2a7c191628
C 342
R
P 0x7f2a7c191628
P 0x7f2a7c19c1c8
C 9
R
P 0x7f2a7c191628
C 342
R
P 0x7f2a7c191628
I 1
P 0x7f2a7c19b208
C 150
= 0x7f2a7c19bc88
R
P 0x7f2a7c191628
C 342
R
P 0x7f2a7c191628
P 0x7f2a7c19bc88
C 258
R
P 0x7f2a7c191628
C 342
R
P 0x7f2a7c191628
P 0x7f2a7c19bc88
C 9
R
P 0x7f2a7c191628
C 342
R
P 0x7f2a7c191628
P 0x7f2a7c19bc88
C 263
R
P 0x7f2a7c191628
C 342
R
P 0x7f2a7c191628
S "slot1Start"
C 30
R
P 0x7f2a7c191628
C 342
R
P 0x7f2a7c191628
$ |slot1Start|
C 202
R
P 0x7f2a7c191628
C 342
R
P 0x7f2a7c191628
$ |slot1Start|
P 0x7f2a7c19b1e8
C 51
= 0x7f2a7c19bf48
R
P 0x7f2a7c191628
C 342
R
P 0x7f2a7c191628
P 0x7f2a7c19bf48
C 257
R
P 0x7f2a7c191628
C 342
R
P 0x7f2a7c191628
P 0x7f2a7c19bf48
C 254
= 0x7f2a7c19b1e8
R
P 0x7f2a7c191628
C 342
R
P 0x7f2a7c191628
P 0x7f2a7c19b1e8
C 209
R
P 0x7f2a7c191628
C 342
R
P 0x7f2a7c191628
P 0x7f2a7c19bf48
C 260
R
P 0x7f2a7c191628
C 342
R
P 0x7f2a7c191628
P 0x7f2a7c19bf48
C 259
R
P 0x7f2a7c191628
C 342
R
P 0x7f2a7c191628
P 0x7f2a7c19bf48
C 258
R
P 0x7f2a7c191628
C 342
R
P 0x7f2a7c191628
P 0x7f2a7c19bf48
C 9
R
P 0x7f2a7c191628
C 342
R
P 0x7f2a7c191628
I 1
P 0x7f2a7c19b208
C 150
= 0x7f2a7c19bc88
R
P 0x7f2a7c191628
C 342
R
P 0x7f2a7c191628
P 0x7f2a7c19bc88
C 258
R
P 0x7f2a7c191628
C 342
R
P 0x7f2a7c191628
P 0x7f2a7c19bc88
C 9
R
P 0x7f2a7c191628
C 342
R
P 0x7f2a7c191628
P 0x7f2a7c19bc88
C 263
R
P 0x7f2a7c191628
C 342
R
P 0x7f2a7c191628
S "slot1Duration"
C 30
R
P 0x7f2a7c191628
C 342
R
P 0x7f2a7c191628
$ |slot1Duration|
C 202
R
P 0x7f2a7c191628
C 342
R
P 0x7f2a7c191628
$ |slot1Duration|
P 0x7f2a7c19b1e8
C 51
= 0x7f2a7c19bf68
R
P 0x7f2a7c191628
C 342
R
P 0x7f2a7c191628
P 0x7f2a7c19bf68
C 257
R
P 0x7f2a7c191628
C 342
R
P 0x7f2a7c191628
P 0x7f2a7c19bf68
C 254
= 0x7f2a7c19b1e8
R
P 0x7f2a7c191628
C 342
R
P 0x7f2a7c191628
P 0x7f2a7c19b1e8
C 209
R
P 0x7f2a7c191628
C 342
R
P 0x7f2a7c191628
P 0x7f2a7c19bf68
C 260
R
P 0x7f2a7c191628
C 342
R
P 0x7f2a7c191628
P 0x7f2a7c19bf68
C 259
R
P 0x7f2a7c191628
C 342
R
P 0x7f2a7c191628
P 0x7f2a7c19bf68
C 258
R
P 0x7f2a7c191628
C 342
R
P 0x7f2a7c191628
P 0x7f2a7c19bf68
C 9
R
P 0x7f2a7c191628
C 342
R
P 0x7f2a7c191628
U 2
P 0x7f2a7c19bf48
P 0x7f2a7c19bf68
p 2
C 65
= 0x7f2a7c1a1cb8
R
P 0x7f2a7c191628
C 342
R
P 0x7f2a7c191628
P 0x7f2a7c1a1cb8
C 257
R
P 0x7f2a7c191628
C 342
R
P 0x7f2a7c191628
P 0x7f2a7c1a1cb8
C 254
= 0x7f2a7c19b1e8
R
P 0x7f2a7c191628
C 342
R
P 0x7f2a7c191628
P 0x7f2a7c19b1e8
C 209
R
P 0x7f2a7c191628
C 342
R
P 0x7f2a7c191628
P 0x7f2a7c1a1cb8
C 260
R
P 0x7f2a7c191628
C 342
R
P 0x7f2a7c191628
P 0x7f2a7c1a1cb8
C 259
R
P 0x7f2a7c191628
C 342
R
P 0x7f2a7c191628
P 0x7f2a7c1a1cb8
C 258
R
P 0x7f2a7c191628
C 342
R
P 0x7f2a7c191628
P 0x7f2a7c1a1cb8
C 9
R
P 0x7f2a7c191628
C 342
R
P 0x7f2a7c191628
P 0x7f2a7c19c1c8
P 0x7f2a7c1a1cb8
C 74
= 0x7f2a7c1a2cb0
R
P 0x7f2a7c191628
C 342
R
P 0x7f2a7c191628
P 0x7f2a7c1a2cb0
C 258
R
P 0x7f2a7c191628
C 342
R
P 0x7f2a7c191628
P 0x7f2a7c1a2cb0
C 9
R
P 0x7f2a7c191628
C 342
R
P 0x7f2a7c191628
U 2
P 0x7f2a7c476ce8
P 0x7f2a7c1a2cb0
p 2
C 63
= 0x7f2a7c476d20
R
P 0x7f2a7c191628
C 342
R
P 0x7f2a7c191628
P 0x7f2a7c476d20
C 258
R
P 0x7f2a7c191628
C 342
R
P 0x7f2a7c191628
P 0x7f2a7c476d20
C 9
R
P 0x7f2a7c191628
C 342
R
P 0x7f2a7c191628
P 0x7f2a7c476d20
C 58
= 0x7f2a7c473bb8
R
P 0x7f2a7c191628
C 342
R
P 0x7f2a7c191628
P 0x7f2a7c473bb8
C 258
R
P 0x7f2a7c191628
C 342
R
P 0x7f2a7c191628
P 0x7f2a7c473bb8
C 9
R
P 0x7f2a7c191628
C 342
R
P 0x7f2a7c191628
P 0x7f2a7c473b88
P 0x7f2a7c473bb8
C 61
= 0x7f2a7c476d58
R
P 0x7f2a7c191628
C 342
R
P 0x7f2a7c191628
P 0x7f2a7c476d58
C 258
R
P 0x7f2a7c191628
C 342
R
P 0x7f2a7c191628
P 0x7f2a7c476d58
C 9
R
P 0x7f2a7c191628
C 342
R
P 0x7f2a7c191628
P 0x7f2a7c1e1fc8
P 0x7f2a7c476d58
C 427
R
P 0x7f2a7c191628
C 342
R
P 0x7f2a7c191628
I 8
P 0x7f2a7c19b208
C 150
= 0x7f2a7c19c1a8
R
P 0x7f2a7c191628
C 342
R
P 0x7f2a7c191628
P 0x7f2a7c19c1a8
C 258
R
P 0x7f2a7c191628
C 342
R
P 0x7f2a7c191628
P 0x7f2a7c19c1a8
C 9
R
P 0x7f2a7c191628
C 342
R
P 0x7f2a7c191628
I 2
P 0x7f2a7c19b208
C 150
= 0x7f2a7c19bcc8
R
P 0x7f2a7c191628
C 342
R
P 0x7f2a7c191628
P 0x7f2a7c19bcc8
C 258
R
P 0x7f2a7c191628
C 342
R
P 0x7f2a7c191628
P 0x7f2a7c19bcc8
C 9
R
P 0x7f2a7c191628
C 342
R
P 0x7f2a7c191628
P 0x7f2a7c19c1a8
P 0x7f2a7c19bcc8
C 56
= 0x7f2a7c476d90
R
P 0x7f2a7c191628
C 342
R
P 0x7f2a7c191628
P 0x7f2a7c476d90
C 258
R
P 0x7f2a7c191628
C 342
R
P 0x7f2a7c191628
P 0x7f2a7c476d90
C 9
R
P 0x7f2a7c191628
C 342
R
P 0x7f2a7c191628
P 0x7f2a7c476d90
C 58
= 0x7f2a7c473be8
R
P 0x7f2a7c191628
C 342
R
P 0x7f2a7c191628
P 0x7f2a7c473be8
C 258
R
P 0x7f2a7c191628
C 342
R
P 0x7f2a7c191628
P 0x7f2a7c473be8
C 9
R
P 0x7f2a7c191628
C 342
R
P 0x7f2a7c191628
I 8
P 0x7f2a7c19b208
C 150
= 0x7f2a7c19c1a8
R
P 0x7f2a7c191628
C 342
R
P 0x7f2a7c191628
P 0x7f2a7c19c1a8
C 258
R
P 0x7f2a7c191628
C 342
R
P 0x7f2a7c191628
P 0x7f2a7c19c1a8
C 9
R
P 0x7f2a7c191628
C 342
R
P 0x7f2a7c191628
P 0x7f2a7c19c1a8
C 263
R
P 0x7f2a7c191628
C 342
R
P 0x7f2a7c191628
S "slot8Start"
C 30
R
P 0x7f2a7c191628
C 342
R
P 0x7f2a7c191628
$ |slot8Start|
C 202
R
P 0x7f2a7c191628
C 342
R
P 0x7f2a7c191628
$ |slot8Start|
P 0x7f2a7c19b1e8
C 51
= 0x7f2a7c19c1c8
R
P 0x7f2a7c191628
C 342
R
P 0x7f2a7c191628
P 0x7f2a7c19c1c8
C 257
R
P 0x7f2a7c191628
C 342
R
P 0x7f2a7c191628
P 0x7f2a7c19c1c8
C 254
= 0x7f2a7c19b1e8
R
P 0x7f2a7c191628
C 342
R
P 0x7f2a7c191628
P 0x7f2a7c19b1e8
C 209
R
P 0x7f2a7c191628
C 342
R
P 0x7f2a7c191628
P 0x7f2a7c19c1c8
C 260
R
P 0x7f2a7c191628
C 342
R
P 0x7f2a7c191628
P 0x7f2a7c19c1c8
C 259
R
P 0x7f2a7c191628
C 342
R
P 0x7f2a7c191628
P 0x7f2a7c19c1c8
C 258
R
P 0x7f2a7c191628
C 342
R
P 0x7f2a7c191628
P 0x7f2a7c19c1c8
C 9
R
P 0x7f2a7c191628
C 342
R
P 0x7f2a7c191628
I 2
P 0x7f2a7c19b208
C 150
= 0x7f2a7c19bcc8
R
P 0x7f2a7c191628
C 342
R
P 0x7f2a7c191628
P 0x7f2a7c19bcc8
C 258
R
P 0x7f2a7c191628
C 342
R
P 0x7f2a7c191628
P 0x7f2a7c19bcc8
C 9
R
P 0x7f2a7c191628
C 342
R
P 0x7f2a7c191628
P 0x7f2a7c19bcc8
C 263
R
P 0x7f2a7c191628
C 342
R
P 0x7f2a7c191628
S "slot2Start"
C 30
R
P 0x7f2a7c191628
C 342
R
P 0x7f2a7c191628
$ |slot2Start|
C 202
R
P 0x7f2a7c191628
C 342
R
P 0x7f2a7c191628
$ |slot2Start|
P 0x7f2a7c19b1e8
C 51
= 0x7f2a7c19bf88
R
P 0x7f2a7c191628
C 342
R
P 0x7f2a7c191628
P 0x7f2a7c19bf88
C 257
R
P 0x7f2a7c191628
C 342
R
P 0x7f2a7c191628
P 0x7f2a7c19bf88
C 254
= 0x7f2a7c19b1e8
R
P 0x7f2a7c191628
C 342
R
P 0x7f2a7c191628
P 0x7f2a7c19b1e8
C 209
R
P 0x7f2a7c191628
C 342
R
P 0x7f2a7c191628
P 0x7f2a7c19bf88
C 260
R
P 0x7f2a7c191628
C 342
R
P 0x7f2a7c191628
P 0x7f2a7c19bf88
C 259
R
P 0x7f2a7c191628
C 342
R
P 0x7f2a7c191628
P 0x7f2a7c19bf88
C 258
R
P 0x7f2a7c191628
C 342
R
P 0x7f2a7c191628
P 0x7f2a7c19bf88
C 9
R
P 0x7f2a7c191628
C 342
R
P 0x7f2a7c191628
P 0x7f2a7c19c1c8
P 0x7f2a7c19bf88
C 76
= 0x7f2a7c476dc8
R
P 0x7f2a7c191628
C 342
R
P 0x7f2a7c191628
P 0x7f2a7c476dc8
C 258
R
P 0x7f2a7c191628
C 342
R
P 0x7f2a7c191628
P 0x7f2a7c476dc8
C 9
R
P 0x7f2a7c191628
C 342
R
P 0x7f2a7c191628
I 8
P 0x7f2a7c19b208
C 150
= 0x7f2a7c19c1a8
R
P 0x7f2a7c191628
C 342
R
P 0x7f2a7c191628
P 0x7f2a7c19c1a8
C 258
R
P 0x7f2a7c191628
C 342
R
P 0x7f2a7c191628
P 0x7f2a7c19c1a8
C 9
R
P 0x7f2a7c191628
C 342
R
P 0x7f2a7c191628
P 0x7f2a7c19c1a8
C 263
R
P 0x7f2a7c191628
C 342
R
P 0x7f2a7c191628
S "slot8Start"
C 30
R
P 0x7f2a7c191628
C 342
R
P 0x7f2a7c191628
$ |slot8Start|
C 202
R
P 0x7f2a7c191628
C 342
R
P 0x7f2a7c191628
$ |slot8Start|
P 0x7f2a7c19b1e8
C 51
= 0x7f2a7c19c1c8
R
P 0x7f2a7c191628
C 342
R
P 0x7f2a7c191628
P 0x7f2a7c19c1c8
C 257
R
P 0x7f2a7c191628
C 342
R
P 0x7f2a7c191628
P 0x7f2a7c19c1c8
C 254
= 0x7f2a7c19b1e8
R
P 0x7f2a7c191628
C 342
R
P 0x7f2a7c191628
P 0x7f2a7c19b1e8
C 209
R
P 0x7f2a7c191628
C 342
R
P 0x7f2a7c191628
P 0x7f2a7c19c1c8
C 260
R
P 0x7f2a7c191628
C 342
R
P 0x7f2a7c191628
P 0x7f2a7c19c1c8
C 259
R
P 0x7f2a7c191628
C 342
R
P 0x7f2a7c191628
P 0x7f2a7c19c1c8
C 258
R
P 0x7f2a7c191628
C 342
R
P 0x7f2a7c191628
P 0x7f2a7c19c1c8
C 9
R
P 0x7f2a7c191628
C 342
R
P 0x7f2a7c191628
I 2
P 0x7f2a7c19b208
C 150
= 0x7f2a7c19bcc8
R
P 0x7f2a7c191628
C 342
R
P 0x7f2a7c191628
P 0x7f2a7c19bcc8
C 258
R
P 0x7f2a7c191628
C 342
R
P 0x7f2a7c191628
P 0x7f2a7c19bcc8
C 9
R
P 0x7f2a7c191628
C 342
R
P 0x7f2a7c191628
P 0x7f2a7c19bcc8
C 263
R
P 0x7f2a7c191628
C 342
R
P 0x7f2a7c191628
S "slot2Start"
C 30
R
P 0x7f2a7c191628
C 342
R
P 0x7f2a7c191628
$ |slot2Start|
C 202
R
P 0x7f2a7c191628
C 342
R
P 0x7f2a7c191628
$ |slot2Start|
P 0x7f2a7c19b1e8
C 51
= 0x7f2a7c19bf88
R
P 0x7f2a7c191628
C 342
R
P 0x7f2a7c191628
P 0x7f2a7c19bf88
C 257
R
P 0x7f2a7c191628
C 342
R
P 0x7f2a7c191628
P 0x7f2a7c19bf88
C 254
= 0x7f2a7c19b1e8
R
P 0x7f2a7c191628
C 342
R
P 0x7f2a7c191628
P 0x7f2a7c19b1e8
C 209
R
P 0x7f2a7c191628
C 342
R
P 0x7f2a7c191628
P 0x7f2a7c19bf88
C 260
R
P 0x7f2a7c191628
C 342
R
P 0x7f2a7c191628
P 0x7f2a7c19bf88
C 259
R
P 0x7f2a7c191628
C 342
R
P 0x7f2a7c191628
P 0x7f2a7c19bf88
C 258
R
P 0x7f2a7c191628
C 342
R
P 0x7f2a7c191628
P 0x7f2a7c19bf88
C 9
R
P 0x7f2a7c191628
C 342
R
P 0x7f2a7c191628
I 2
P 0x7f2a7c19b208
C 150
= 0x7f2a7c19bcc8
R
P 0x7f2a7c191628
C 342
R
P 0x7f2a7c191628
P 0x7f2a7c19bcc8
C 258
R
P 0x7f2a7c191628
C 342
R
P 0x7f2a7c191628
P 0x7f2a7c19bcc8
C 9
R
P 0x7f2a7c191628
C 342
R
P 0x7f2a7c191628
P 0x7f2a7c19bcc8
C 263
R
P 0x7f2a7c191628
C 342
R
P 0x7f2a7c191628
S "slot2Duration"
C 30
R
P 0x7f2a7c191628
C 342
R
P 0x7f2a7c191628
$ |slot2Duration|
C 202
R
P 0x7f2a7c191628
C 342
R
P 0x7f2a7c191628
$ |slot2Duration|
P 0x7f2a7c19b1e8
C 51
= 0x7f2a7c19bfa8
R
P 0x7f2a7c191628
C 342
R
P 0x7f2a7c191628
P 0x7f2a7c19bfa8
C 257
R
P 0x7f2a7c191628
C 342
R
P 0x7f2a7c191628
P 0x7f2a7c19bfa8
C 254
= 0x7f2a7c19b1e8
R
P 0x7f2a7c191628
C 342
R
P 0x7f2a7c191628
P 0x7f2a7c19b1e8
C 209
R
P 0x7f2a7c191628
C 342
R
P 0x7f2a7c191628
P 0x7f2a7c19bfa8
C 260
R
P 0x7f2a7c191628
C 342
R
P 0x7f2a7c191628
P 0x7f2a7c19bfa8
C 259
R
P 0x7f2a7c191628
C 342
R
P 0x7f2a7c191628
P 0x7f2a7c19bfa8
C 258
R
P 0x7f2a7c191628
C 342
R
P 0x7f2a7c191628
P 0x7f2a7c19bfa8
C 9
R
P 0x7f2a7c191628
C 342
R
P 0x7f2a7c191628
U 2
P 0x7f2a7c19bf88
P 0x7f2a7c19bfa8
p 2
C 65
= 0x7f2a7c1a1e08
R
P 0x7f2a7c191628
C 342
R
P 0x7f2a7c191628
P 0x7f2a7c1a1e08
C 257
R
P 0x7f2a7c191628
C 342
R
P 0x7f2a7c191628
P 0x7f2a7c1a1e08
C 254
= 0x7f2a7c19b1e8
R
P 0x7f2a7c191628
C 342
R
P 0x7f2a7c191628
P 0x7f2a7c19b1e8
C 209
R
P 0x7f2a7c191628
C 342
R
P 0x7f2a7c191628
P 0x7f2a7c1a1e08
C 260
R
P 0x7f2a7c191628
C 342
R
P 0x7f2a7c191628
P 0x7f2a7c1a1e08
C 259
R
P 0x7f2a7c191628
C 342
R
P 0x7f2a7c191628
P 0x7f2a7c1a1e08
C 258
R
P 0x7f2a7c191628
C 342
R
P 0x7f2a7c191628
P 0x7f2a7c1a1e08
C 9
R
P 0x7f2a7c191628
C 342
R
P 0x7f2a7c191628
P 0x7f2a7c19c1c8
P 0x7f2a7c1a1e08
C 74
= 0x7f2a7c2cc038
R
P 0x7f2a7c191628
C 342
R
P 0x7f2a7c191628
P 0x7f2a7c2cc038
C 258
R
P 0x7f2a7c191628
C 342
R
P 0x7f2a7c191628
P 0x7f2a7c2cc038
C 9
R
P 0x7f2a7c191628
C 342
R
P 0x7f2a7c191628
U 2
P 0x7f2a7c476dc8
P 0x7f2a7c2cc038
p 2
C 63
= 0x7f2a7c476e00
R
P 0x7f2a7c191628
C 342
R
P 0x7f2a7c191628
P 0x7f2a7c476e00
C 258
R
P 0x7f2a7c191628
C 342
R
P 0x7f2a7c191628
P 0x7f2a7c476e00
C 9
R
P 0x7f2a7c191628
C 342
R
P 0x7f2a7c191628
P 0x7f2a7c476e00
C 58
= 0x7f2a7c473c18
R
P 0x7f2a7c191628
C 342
R
P 0x7f2a7c191628
P 0x7f2a7c473c18
C 258
R
P 0x7f2a7c191628
C 342
R
P 0x7f2a7c191628
P 0x7f2a7c473c18
C 9
R
P 0x7f2a7c191628
C 342
R
P 0x7f2a7c191628
P 0x7f2a7c473be8
P 0x7f2a7c473c18
C 61
= 0x7f2a7c476e38
R
P 0x7f2a7c191628
C 342
R
P 0x7f2a7c191628
P 0x7f2a7c476e38
C 258
R
P 0x7f2a7c191628
C 342
R
P 0x7f2a7c191628
P 0x7f2a7c476e38
C 9
R
P 0x7f2a7c191628
C 342
R
P 0x7f2a7c191628
P 0x7f2a7c1e1fc8
P 0x7f2a7c476e38
C 427
R
P 0x7f2a7c191628
C 342
R
P 0x7f2a7c191628
I 8
P 0x7f2a7c19b208
C 150
= 0x7f2a7c19c1a8
R
P 0x7f2a7c191628
C 342
R
P 0x7f2a7c191628
P 0x7f2a7c19c1a8
C 258
R
P 0x7f2a7c191628
C 342
R
P 0x7f2a7c191628
P 0x7f2a7c19c1a8
C 9
R
P 0x7f2a7c191628
C 342
R
P 0x7f2a7c191628
I 3
P 0x7f2a7c19b208
C 150
= 0x7f2a7c19bfc8
R
P 0x7f2a7c191628
C 342
R
P 0x7f2a7c191628
P 0x7f2a7c19bfc8
C 258
R
P 0x7f2a7c191628
C 342
R
P 0x7f2a7c191628
P 0x7f2a7c19bfc8
C 9
R
P 0x7f2a7c191628
C 342
R
P 0x7f2a7c191628
P 0x7f2a7c19c1a8
P 0x7f2a7c19bfc8
C 56
= 0x7f2a7c476e70
R
P 0x7f2a7c191628
C 342
R
P 0x7f2a7c191628
P 0x7f2a7c476e70
C 258
R
P 0x7f2a7c191628
C 342
R
P 0x7f2a7c191628
P 0x7f2a7c476e70
C 9
R
P 0x7f2a7c191628
C 342
R
P 0x7f2a7c191628
P 0x7f2a7c476e70
C 58
= 0x7f2a7c473c48
R
P 0x7f2a7c191628
C 342
R
P 0x7f2a7c191628
P 0x7f2a7c473c48
C 258
R
P 0x7f2a7c191628
C 342
R
P 0x7f2a7c191628
P 0x7f2a7c473c48
C 9
R
P 0x7f2a7c191628
C 342
R
P 0x7f2a7c191628
I 8
P 0x7f2a7c19b208
C 150
= 0x7f2a7c19c1a8
R
P 0x7f2a7c191628
C 342
R
P 0x7f2a7c191628
P 0x7f2a7c19c1a8
C 258
R
P 0x7f2a7c191628
C 342
R
P 0x7f2a7c191628
P 0x7f2a7c19c1a8
C 9
R
P 0x7f2a7c191628
C 342
R
P 0x7f2a7c191628
P 0x7f2a7c19c1a8
C 263
R
P 0x7f2a7c191628
C 342
R
P 0x7f2a7c191628
S "slot8Start"
C 30
R
P 0x7f2a7c191628
C 342
R
P 0x7f2a7c191628
$ |slot8Start|
C 202
R
P 0x7f2a7c191628
C 342
R
P 0x7f2a7c191628
$ |slot8Start|
P 0x7f2a7c19b1e8
C 51
= 0x7f2a7c19c1c8
R
P 0x7f2a7c191628
C 342
R
P 0x7f2a7c191628
P 0x7f2a7c19c1c8
C 257
R
P 0x7f2a7c191628
C 342
R
P 0x7f2a7c191628
P 0x7f2a7c19c1c8
C 254
= 0x7f2a7c19b1e8
R
P 0x7f2a7c191628
C 342
R
P 0x7f2a7c191628
P 0x7f2a7c19b1e8
C 209
R
P 0x7f2a7c191628
C 342
R
P 0x7f2a7c191628
P 0x7f2a7c19c1c8
C 260
R
P 0x7f2a7c191628
C 342
R
P 0x7f2a7c191628
P 0x7f2a7c19c1c8
C 259
R
P 0x7f2a7c191628
C 342
R
P 0x7f2a7c191628
P 0x7f2a7c19c1c8
C 258
R
P 0x7f2a7c191628
C 342
R
P 0x7f2a7c191628
P 0x7f2a7c19c1c8
C 9
R
P 0x7f2a7c191628
C 342
R
P 0x7f2a7c191628
I 3
P 0x7f2a7c19b208
C 150
= 0x7f2a7c19bfc8
R
P 0x7f2a7c191628
C 342
R
P 0x7f2a7c191628
P 0x7f2a7c19bfc8
C 258
R
P 0x7f2a7c191628
C 342
R
P 0x7f2a7c191628
P 0x7f2a7c19bfc8
C 9
R
P 0x7f2a7c191628
C 342
R
P 0x7f2a7c191628
P 0x7f2a7c19bfc8
C 263
R
P 0x7f2a7c191628
C 342
R
P 0x7f2a7c191628
S "slot3Start"
C 30
R
P 0x7f2a7c191628
C 342
R
P 0x7f2a7c191628
$ |slot3Start|
C 202
R
P 0x7f2a7c191628
C 342
R
P 0x7f2a7c191628
$ |slot3Start|
P 0x7f2a7c19b1e8
C 51
= 0x7f2a7c19bfe8
R
P 0x7f2a7c191628
C 342
R
P 0x7f2a7c191628
P 0x7f2a7c19bfe8
C 257
R
P 0x7f2a7c191628
C 342
R
P 0x7f2a7c191628
P 0x7f2a7c19bfe8
C 254
= 0x7f2a7c19b1e8
R
P 0x7f2a7c191628
C 342
R
P 0x7f2a7c191628
P 0x7f2a7c19b1e8
C 209
R
P 0x7f2a7c191628
C 342
R
P 0x7f2a7c191628
P 0x7f2a7c19bfe8
C 260
R
P 0x7f2a7c191628
C 342
R
P 0x7f2a7c191628
P 0x7f2a7c19bfe8
C 259
R
P 0x7f2a7c191628
C 342
R
P 0x7f2a7c191628
P 0x7f2a7c19bfe8
C 258
R
P 0x7f2a7c191628
C 342
R
P 0x7f2a7c191628
P 0x7f2a7c19bfe8
C 9
R
P 0x7f2a7c191628
C 342
R
P 0x7f2a7c191628
P 0x7f2a7c19c1c8
P 0x7f2a7c19bfe8
C 76
= 0x7f2a7c476ea8
R
P 0x7f2a7c191628
C 342
R
P 0x7f2a7c191628
P 0x7f2a7c476ea8
C 258
R
P 0x7f2a7c191628
C 342
R
P 0x7f2a7c191628
P 0x7f2a7c476ea8
C 9
R
P 0x7f2a7c191628
C 342
R
P 0x7f2a7c191628
I 8
P 0x7f2a7c19b208
C 150
= 0x7f2a7c19c1a8
R
P 0x7f2a7c191628
C 342
R
P 0x7f2a7c191628
P 0x7f2a7c19c1a8
C 258
R
P 0x7f2a7c191628
C 342
R
P 0x7f2a7c191628
P 0x7f2a7c19c1a8
C 9
R
P 0x7f2a7c191628
C 342
R
P 0x7f2a7c191628
P 0x7f2a7c19c1a8
C 263
R
P 0x7f2a7c191628
C 342
R
P 0x7f2a7c191628
S "slot8Start"
C 30
R
P 0x7f2a7c191628
C 342
R
P 0x7f2a7c191628
$ |slot8Start|
C 202
R
P 0x7f2a7c191628
C 342
R
P 0x7f2a7c191628
$ |slot8Start|
P 0x7f2a7c19b1e8
C 51
= 0x7f2a7c19c1c8
R
P 0x7f2a7c191628
C 342
R
P 0x7f2a7c191628
P 0x7f2a7c19c1c8
C 257
R
P 0x7f2a7c191628
C 342
R
P 0x7f2a7c191628
P 0x7f2a7c19c1c8
C 254
= 0x7f2a7c19b1e8
R
P 0x7f2a7c191628
C 342
R
P 0x7f2a7c191628
P 0x7f2a7c19b1e8
C 209
R
P 0x7f2a7c191628
C 342
R
P 0x7f2a7c191628
P 0x7f2a7c19c1c8
C 260
R
P 0x7f2a7c191628
C 342
R
P 0x7f2a7c191628
P 0x7f2a7c19c1c8
C 259
R
P 0x7f2a7c191628
C 342
R
P 0x7f2a7c191628
P 0x7f2a7c19c1c8
C 258
R
P 0x7f2a7c191628
C 342
R
P 0x7f2a7c191628
P 0x7f2a7c19c1c8
C 9
R
P 0x7f2a7c191628
C 342
R
P 0x7f2a7c191628
I 3
P 0x7f2a7c19b208
C 150
= 0x7f2a7c19bfc8
R
P 0x7f2a7c191628
C 342
R
P 0x7f2a7c191628
P 0x7f2a7c19bfc8
C 258
R
P 0x7f2a7c191628
C 342
R
P 0x7f2a7c191628
P 0x7f2a7c19bfc8
C 9
R
P 0x7f2a7c191628
C 342
R
P 0x7f2a7c191628
P 0x7f2a7c19bfc8
C 263
R
P 0x7f2a7c191628
C 342
R
P 0x7f2a7c191628
S "slot3Start"
C 30
R
P 0x7f2a7c191628
C 342
R
P 0x7f2a7c191628
$ |slot3Start|
C 202
R
P 0x7f2a7c191628
C 342
R
P 0x7f2a7c191628
$ |slot3Start|
P 0x7f2a7c19b1e8
C 51
= 0x7f2a7c19bfe8
R
P 0x7f2a7c191628
C 342
R
P 0x7f2a7c191628
P 0x7f2a7c19bfe8
C 257
R
P 0x7f2a7c191628
C 342
R
P 0x7f2a7c191628
P 0x7f2a7c19bfe8
C 254
= 0x7f2a7c19b1e8
R
P 0x7f2a7c191628
C 342
R
P 0x7f2a7c191628
P 0x7f2a7c19b1e8
C 209
R
P 0x7f2a7c191628
C 342
R
P 0x7f2a7c191628
P 0x7f2a7c19bfe8
C 260
R
P 0x7f2a7c191628
C 342
R
P 0x7f2a7c191628
P 0x7f2a7c19bfe8
C 259
R
P 0x7f2a7c191628
C 342
R
P 0x7f2a7c191628
P 0x7f2a7c19bfe8
C 258
R
P 0x7f2a7c191628
C 342
R
P 0x7f2a7c191628
P 0x7f2a7c19bfe8
C 9
R
P 0x7f2a7c191628
C 342
R
P 0x7f2a7c191628
I 3
P 0x7f2a7c19b208
C 150
= 0x7f2a7c19bfc8
R
P 0x7f2a7c191628
C 342
R
P 0x7f2a7c191628
P 0x7f2a7c19bfc8
C 258
R
P 0x7f2a7c191628
C 342
R
P 0x7f2a7c191628
P 0x7f2a7c19bfc8
C 9
R
P 0x7f2a7c191628
C 342
R
P 0x7f2a7c191628
P 0x7f2a7c19bfc8
C 263
R
P 0x7f2a7c191628
C 342
R
P 0x7f2a7c191628
S "slot3Duration"
C 30
R
P 0x7f2a7c191628
C 342
R
P 0x7f2a7c191628
$ |slot3Duration|
C 202
R
P 0x7f2a7c191628
C 342
R
P 0x7f2a7c191628
$ |slot3Duration|
P 0x7f2a7c19b1e8
C 51
= 0x7f2a7c19c008
R
P 0x7f2a7c191628
C 342
R
P 0x7f2a7c191628
P 0x7f2a7c19c008
C 257
R
P 0x7f2a7c191628
C 342
R
P 0x7f2a7c191628
P 0x7f2a7c19c008
C 254
= 0x7f2a7c19b1e8
R
P 0x7f2a7c191628
C 342
R
P 0x7f2a7c191628
P 0x7f2a7c19b1e8
C 209
R
P 0x7f2a7c191628
C 342
R
P 0x7f2a7c191628
P 0x7f2a7c19c008
C 260
R
P 0x7f2a7c191628
C 342
R
P 0x7f2a7c191628
P 0x7f2a7c19c008
C 259
R
P 0x7f2a7c191628
C 342
R
P 0x7f2a7c191628
P 0x7f2a7c19c008
C 258
R
P 0x7f2a7c191628
C 342
R
P 0x7f2a7c191628
P 0x7f2a7c19c008
C 9
R
P 0x7f2a7c191628
C 342
R
P 0x7f2a7c191628
U 2
P 0x7f2a7c19bfe8
P 0x7f2a7c19c008
p 2
C 65
= 0x7f2a7c1a1f58
R
P 0x7f2a7c191628
C 342
R
P 0x7f2a7c191628
P 0x7f2a7c1a1f58
C 257
R
P 0x7f2a7c191628
C 342
R
P 0x7f2a7c191628
P 0x7f2a7c1a1f58
C 254
= 0x7f2a7c19b1e8
R
P 0x7f2a7c191628
C 342
R
P 0x7f2a7c191628
P 0x7f2a7c19b1e8
C 209
R
P 0x7f2a7c191628
C 342
R
P 0x7f2a7c191628
P 0x7f2a7c1a1f58
C 260
R
P 0x7f2a7c191628
C 342
R
P 0x7f2a7c191628
P 0x7f2a7c1a1f58
C 259
R
P 0x7f2a7c191628
C 342
R
P 0x7f2a7c191628
P 0x7f2a7c1a1f58
C 258
R
P 0x7f2a7c191628
C 342
R
P 0x7f2a7c191628
P 0x7f2a7c1a1f58
C 9
R
P 0x7f2a7c191628
C 342
R
P 0x7f2a7c191628
P 0x7f2a7c19c1c8
P 0x7f2a7c1a1f58
C 74
= 0x7f2a7c2cd068
R
P 0x7f2a7c191628
C 342
R
P 0x7f2a7c191628
P 0x7f2a7c2cd068
C 258
R
P 0x7f2a7c191628
C 342
R
P 0x7f2a7c191628
P 0x7f2a7c2cd068
C 9
R
P 0x7f2a7c191628
C 342
R
P 0x7f2a7c191628
U 2
P 0x7f2a7c476ea8
P 0x7f2a7c2cd068
p 2
C 63
= 0x7f2a7c476ee0
R
P 0x7f2a7c191628
C 342
R
P 0x7f2a7c191628
P 0x7f2a7c476ee0
C 258
R
P 0x7f2a7c191628
C 342
R
P 0x7f2a7c191628
P 0x7f2a7c476ee0
C 9
R
P 0x7f2a7c191628
C 342
R
P 0x7f2a7c191628
P 0x7f2a7c476ee0
C 58
= 0x7f2a7c473c78
R
P 0x7f2a7c191628
C 342
R
P 0x7f2a7c191628
P 0x7f2a7c473c78
C 258
R
P 0x7f2a7c191628
C 342
R
P 0x7f2a7c191628
P 0x7f2a7c473c78
C 9
R
P 0x7f2a7c191628
C 342
R
P 0x7f2a7c191628
P 0x7f2a7c473c48
P 0x7f2a7c473c78
C 61
= 0x7f2a7c476f18
R
P 0x7f2a7c191628
C 342
R
P 0x7f2a7c191628
P 0x7f2a7c476f18
C 258
R
P 0x7f2a7c191628
C 342
R
P 0x7f2a7c191628
P 0x7f2a7c476f18
C 9
R
P 0x7f2a7c191628
C 342
R
P 0x7f2a7c191628
P 0x7f2a7c1e1fc8
P 0x7f2a7c476f18
C 427
R
P 0x7f2a7c191628
C 342
R
P 0x7f2a7c191628
I 8
P 0x7f2a7c19b208
C 150
= 0x7f2a7c19c1a8
R
P 0x7f2a7c191628
C 342
R
P 0x7f2a7c191628
P 0x7f2a7c19c1a8
C 258
R
P 0x7f2a7c191628
C 342
R
P 0x7f2a7c191628
P 0x7f2a7c19c1a8
C 9
R
P 0x7f2a7c191628
C 342
R
P 0x7f2a7c191628
I 4
P 0x7f2a7c19b208
C 150
= 0x7f2a7c19c028
R
P 0x7f2a7c191628
C 342
R
P 0x7f2a7c191628
P 0x7f2a7c19c028
C 258
R
P 0x7f2a7c191628
C 342
R
P 0x7f2a7c191628
P 0x7f2a7c19c028
C 9
R
P 0x7f2a7c191628
C 342
R
P 0x7f2a7c191628
P 0x7f2a7c19c1a8
P 0x7f2a7c19c028
C 56
= 0x7f2a7c476f50
R
P 0x7f2a7c191628
C 342
R
P 0x7f2a7c191628
P 0x7f2a7c476f50
C 258
R
P 0x7f2a7c191628
C 342
R
P 0x7f2a7c191628
P 0x7f2a7c476f50
C 9
R
P 0x7f2a7c191628
C 342
R
P 0x7f2a7c191628
P 0x7f2a7c476f50
C 58
= 0x7f2a7c473ca8
R
P 0x7f2a7c191628
C 342
R
P 0x7f2a7c191628
P 0x7f2a7c473ca8
C 258
R
P 0x7f2a7c191628
C 342
R
P 0x7f2a7c191628
P 0x7f2a7c473ca8
C 9
R
P 0x7f2a7c191628
C 342
R
P 0x7f2a7c191628
I 8
P 0x7f2a7c19b208
C 150
= 0x7f2a7c19c1a8
R
P 0x7f2a7c191628
C 342
R
P 0x7f2a7c191628
P 0x7f2a7c19c1a8
C 258
R
P 0x7f2a7c191628
C 342
R
P 0x7f2a7c191628
P 0x7f2a7c19c1a8
C 9
R
P 0x7f2a7c191628
C 342
R
P 0x7f2a7c191628
P 0x7f2a7c19c1a8
C 263
R
P 0x7f2a7c191628
C 342
R
P 0x7f2a7c191628
S "slot8Start"
C 30
R
P 0x7f2a7c191628
C 342
R
P 0x7f2a7c191628
$ |slot8Start|
C 202
R
P 0x7f2a7c191628
C 342
R
P 0x7f2a7c191628
$ |slot8Start|
P 0x7f2a7c19b1e8
C 51
= 0x7f2a7c19c1c8
R
P 0x7f2a7c191628
C 342
R
P 0x7f2a7c191628
P 0x7f2a7c19c1c8
C 257
R
P 0x7f2a7c191628
C 342
R
P 0x7f2a7c191628
P 0x7f2a7c19c1c8
C 254
= 0x7f2a7c19b1e8
R
P 0x7f2a7c191628
C 342
R
P 0x7f2a7c191628
P 0x7f2a7c19b1e8
C 209
R
P 0x7f2a7c191628
C 342
R
P 0x7f2a7c191628
P 0x7f2a7c19c1c8
C 260
R
P 0x7f2a7c191628
C 342
R
P 0x7f2a7c191628
P 0x7f2a7c19c1c8
C 259
R
P 0x7f2a7c191628
C 342
R
P 0x7f2a7c191628
P 0x7f2a7c19c1c8
C 258
R
P 0x7f2a7c191628
C 342
R
P 0x7f2a7c191628
P 0x7f2a7c19c1c8
C 9
R
P 0x7f2a7c191628
C 342
R
P 0x7f2a7c191628
I 4
P 0x7f2a7c19b208
C 150
= 0x7f2a7c19c028
R
P 0x7f2a7c191628
C 342
R
P 0x7f2a7c191628
P 0x7f2a7c19c028
C 258
R
P 0x7f2a7c191628
C 342
R
P 0x7f2a7c191628
P 0x7f2a7c19c028
C 9
R
P 0x7f2a7c191628
C 342
R
P 0x7f2a7c191628
P 0x7f2a7c19c028
C 263
R
P 0x7f2a7c191628
C 342
R
P 0x7f2a7c191628
S "slot4Start"
C 30
R
P 0x7f2a7c191628
C 342
R
P 0x7f2a7c191628
$ |slot4Start|
C 202
R
P 0x7f2a7c191628
C 342
R
P 0x7f2a7c191628
$ |slot4Start|
P 0x7f2a7c19b1e8
C 51
= 0x7f2a7c19c048
R
P 0x7f2a7c191628
C 342
R
P 0x7f2a7c191628
P 0x7f2a7c19c048
C 257
R
P 0x7f2a7c191628
C 342
R
P 0x7f2a7c191628
P 0x7f2a7c19c048
C 254
= 0x7f2a7c19b1e8
R
P 0x7f2a7c191628
C 342
R
P 0x7f2a7c191628
P 0x7f2a7c19b1e8
C 209
R
P 0x7f2a7c191628
C 342
R
P 0x7f2a7c191628
P 0x7f2a7c19c048
C 260
R
P 0x7f2a7c191628
C 342
R
P 0x7f2a7c191628
P 0x7f2a7c19c048
C 259
R
P 0x7f2a7c191628
C 342
R
P 0x7f2a7c191628
P 0x7f2a7c19c048
C 258
R
P 0x7f2a7c191628
C 342
R
P 0x7f2a7c191628
P 0x7f2a7c19c048
C 9
R
P 0x7f2a7c191628
C 342
R
P 0x7f2a7c191628
P 0x7f2a7c19c1c8
P 0x7f2a7c19c048
C 76
= 0x7f2a7c476f88
R
P 0x7f2a7c191628
C 342
R
P 0x7f2a7c191628
P 0x7f2a7c476f88
C 258
R
P 0x7f2a7c191628
C 342
R
P 0x7f2a7c191628
P 0x7f2a7c476f88
C 9
R
P 0x7f2a7c191628
C 342
R
P 0x7f2a7c191628
I 8
P 0x7f2a7c19b208
C 150
= 0x7f2a7c19c1a8
R
P 0x7f2a7c191628
C 342
R
P 0x7f2a7c191628
P 0x7f2a7c19c1a8
C 258
R
P 0x7f2a7c191628
C 342
R
P 0x7f2a7c191628
P 0x7f2a7c19c1a8
C 9
R
P 0x7f2a7c191628
C 342
R
P 0x7f2a7c191628
P 0x7f2a7c19c1a8
C 263
R
P 0x7f2a7c191628
C 342
R
P 0x7f2a7c191628
S "slot8Start"
C 30
R
P 0x7f2a7c191628
C 342
R
P 0x7f2a7c191628
$ |slot8Start|
C 202
R
P 0x7f2a7c191628
C 342
R
P 0x7f2a7c191628
$ |slot8Start|
P 0x7f2a7c19b1e8
C 51
= 0x7f2a7c19c1c8
R
P 0x7f2a7c191628
C 342
R
P 0x7f2a7c191628
P 0x7f2a7c19c1c8
C 257
R
P 0x7f2a7c191628
C 342
R
P 0x7f2a7c191628
P 0x7f2a7c19c1c8
C 254
= 0x7f2a7c19b1e8
R
P 0x7f2a7c191628
C 342
R
P 0x7f2a7c191628
P 0x7f2a7c19b1e8
C 209
R
P 0x7f2a7c191628
C 342
R
P 0x7f2a7c191628
P 0x7f2a7c19c1c8
C 260
R
P 0x7f2a7c191628
C 342
R
P 0x7f2a7c191628
P 0x7f2a7c19c1c8
C 259
R
P 0x7f2a7c191628
C 342
R
P 0x7f2a7c191628
P 0x7f2a7c19c1c8
C 258
R
P 0x7f2a7c191628
C 342
R
P 0x7f2a7c191628
P 0x7f2a7c19c1c8
C 9
R
P 0x7f2a7c191628
C 342
R
P 0x7f2a7c191628
I 4
P 0x7f2a7c19b208
C 150
= 0x7f2a7c19c028
R
P 0x7f2a7c191628
C 342
R
P 0x7f2a7c191628
P 0x7f2a7c19c028
C 258
R
P 0x7f2a7c191628
C 342
R
P 0x7f2a7c191628
P 0x7f2a7c19c028
C 9
R
P 0x7f2a7c191628
C 342
R
P 0x7f2a7c191628
P 0x7f2a7c19c028
C 263
R
P 0x7f2a7c191628
C 342
R
P 0x7f2a7c191628
S "slot4Start"
C 30
R
P 0x7f2a7c191628
C 342
R
P 0x7f2a7c191628
$ |slot4Start|
C 202
R
P 0x7f2a7c191628
C 342
R
P 0x7f2a7c191628
$ |slot4Start|
P 0x7f2a7c19b1e8
C 51
= 0x7f2a7c19c048
R
P 0x7f2a7c191628
C 342
R
P 0x7f2a7c191628
P 0x7f2a7c19c048
C 257
R
P 0x7f2a7c191628
C 342
R
P 0x7f2a7c191628
P 0x7f2a7c19c048
C 254
= 0x7f2a7c19b1e8
R
P 0x7f2a7c191628
C 342
R
P 0x7f2a7c191628
P 0x7f2a7c19b1e8
C 209
R
P 0x7f2a7c191628
C 342
R
P 0x7f2a7c191628
P 0x7f2a7c19c048
C 260
R
P 0x7f2a7c191628
C 342
R
P 0x7f2a7c191628
P 0x7f2a7c19c048
C 259
R
P 0x7f2a7c191628
C 342
R
P 0x7f2a7c191628
P 0x7f2a7c19c048
C 258
R
P 0x7f2a7c191628
C 342
R
P 0x7f2a7c191628
P 0x7f2a7c19c048
C 9
R
P 0x7f2a7c191628
C 342
R
P 0x7f2a7c191628
I 4
P 0x7f2a7c19b208
C 150
= 0x7f2a7c19c028
R
P 0x7f2a7c191628
C 342
R
P 0x7f2a7c191628
P 0x7f2a7c19c028
C 258
R
P 0x7f2a7c191628
C 342
R
P 0x7f2a7c191628
P 0x7f2a7c19c028
C 9
R
P 0x7f2a7c191628
C 342
R
P 0x7f2a7c191628
P 0x7f2a7c19c028
C 263
R
P 0x7f2a7c191628
C 342
R
P 0x7f2a7c191628
S "slot4Duration"
C 30
R
P 0x7f2a7c191628
C 342
R
P 0x7f2a7c191628
$ |slot4Duration|
C 202
R
P 0x7f2a7c191628
C 342
R
P 0x7f2a7c191628
$ |slot4Duration|
P 0x7f2a7c19b1e8
C 51
= 0x7f2a7c19c068
R
P 0x7f2a7c191628
C 342
R
P 0x7f2a7c191628
P 0x7f2a7c19c068
C 257
R
P 0x7f2a7c191628
C 342
R
P 0x7f2a7c191628
P 0x7f2a7c19c068
C 254
= 0x7f2a7c19b1e8
R
P 0x7f2a7c191628
C 342
R
P 0x7f2a7c191628
P 0x7f2a7c19b1e8
C 209
R
P 0x7f2a7c191628
C 342
R
P 0x7f2a7c191628
P 0x7f2a7c19c068
C 260
R
P 0x7f2a7c191628
C 342
R
P 0x7f2a7c191628
P 0x7f2a7c19c068
C 259
R
P 0x7f2a7c191628
C 342
R
P 0x7f2a7c191628
P 0x7f2a7c19c068
C 258
R
P 0x7f2a7c191628
C 342
R
P 0x7f2a7c191628
P 0x7f2a7c19c068
C 9
R
P 0x7f2a7c191628
C 342
R
P 0x7f2a7c191628
U 2
P 0x7f2a7c19c048
P 0x7f2a7c19c068
p 2
C 65
= 0x7f2a7c1a20a8
R
P 0x7f2a7c191628
C 342
R
P 0x7f2a7c191628
P 0x7f2a7c1a20a8
C 257
R
P 0x7f2a7c191628
C 342
R
P 0x7f2a7c191628
P 0x7f2a7c1a20a8
C 254
= 0x7f2a7c19b1e8
R
P 0x7f2a7c191628
C 342
R
P 0x7f2a7c191628
P 0x7f2a7c19b1e8
C 209
R
P 0x7f2a7c191628
C 342
R
P 0x7f2a7c191628
P 0x7f2a7c1a20a8
C 260
R
P 0x7f2a7c191628
C 342
R
P 0x7f2a7c191628
P 0x7f2a7c1a20a8
C 259
R
P 0x7f2a7c191628
C 342
R
P 0x7f2a7c191628
P 0x7f2a7c1a20a8
C 258
R
P 0x7f2a7c191628
C 342
R
P 0x7f2a7c191628
P 0x7f2a7c1a20a8
C 9
R
P 0x7f2a7c191628
C 342
R
P 0x7f2a7c191628
P 0x7f2a7c19c1c8
P 0x7f2a7c1a20a8
C 74
= 0x7f2a7c478d60
R
P 0x7f2a7c191628
C 342
R
P 0x7f2a7c191628
P 0x7f2a7c478d60
C 258
R
P 0x7f2a7c191628
C 342
R
P 0x7f2a7c191628
P 0x7f2a7c478d60
C 9
R
P 0x7f2a7c191628
C 342
R
P 0x7f2a7c191628
U 2
P 0x7f2a7c476f88
P 0x7f2a7c478d60
p 2
C 63
= 0x7f2a7c476fc0
R
P 0x7f2a7c191628
C 342
R
P 0x7f2a7c191628
P 0x7f2a7c476fc0
C 258
R
P 0x7f2a7c191628
C 342
R
P 0x7f2a7c191628
P 0x7f2a7c476fc0
C 9
R
P 0x7f2a7c191628
C 342
R
P 0x7f2a7c191628
P 0x7f2a7c476fc0
C 58
= 0x7f2a7c473cd8
R
P 0x7f2a7c191628
C 342
R
P 0x7f2a7c191628
P 0x7f2a7c473cd8
C 258
R
P 0x7f2a7c191628
C 342
R
P 0x7f2a7c191628
P 0x7f2a7c473cd8
C 9
R
P 0x7f2a7c191628
C 342
R
P 0x7f2a7c191628
P 0x7f2a7c473ca8
P 0x7f2a7c473cd8
C 61
= 0x7f2a7c476ff8
R
P 0x7f2a7c191628
C 342
R
P 0x7f2a7c191628
P 0x7f2a7c476ff8
C 258
R
P 0x7f2a7c191628
C 342
R
P 0x7f2a7c191628
P 0x7f2a7c476ff8
C 9
R
P 0x7f2a7c191628
C 342
R
P 0x7f2a7c191628
P 0x7f2a7c1e1fc8
P 0x7f2a7c476ff8
C 427
R
P 0x7f2a7c191628
C 342
R
P 0x7f2a7c191628
I 8
P 0x7f2a7c19b208
C 150
= 0x7f2a7c19c1a8
R
P 0x7f2a7c191628
C 342
R
P 0x7f2a7c191628
P 0x7f2a7c19c1a8
C 258
R
P 0x7f2a7c191628
C 342
R
P 0x7f2a7c191628
P 0x7f2a7c19c1a8
C 9
R
P 0x7f2a7c191628
C 342
R
P 0x7f2a7c191628
I 5
P 0x7f2a7c19b208
C 150
= 0x7f2a7c19c088
R
P 0x7f2a7c191628
C 342
R
P 0x7f2a7c191628
P 0x7f2a7c19c088
C 258
R
P 0x7f2a7c191628
C 342
R
P 0x7f2a7c191628
P 0x7f2a7c19c088
C 9
R
P 0x7f2a7c191628
C 342
R
P 0x7f2a7c191628
P 0x7f2a7c19c1a8
P 0x7f2a7c19c088
C 56
= 0x7f2a7c477030
R
P 0x7f2a7c191628
C 342
R
P 0x7f2a7c191628
P 0x7f2a7c477030
C 258
R
P 0x7f2a7c191628
C 342
R
P 0x7f2a7c191628
P 0x7f2a7c477030
C 9
R
P 0x7f2a7c191628
C 342
R
P 0x7f2a7c191628
P 0x7f2a7c477030
C 58
= 0x7f2a7c473d08
R
P 0x7f2a7c191628
C 342
R
P 0x7f2a7c191628
P 0x7f2a7c473d08
C 258
R
P 0x7f2a7c191628
C 342
R
P 0x7f2a7c191628
P 0x7f2a7c473d08
C 9
R
P 0x7f2a7c191628
C 342
R
P 0x7f2a7c191628
I 8
P 0x7f2a7c19b208
C 150
= 0x7f2a7c19c1a8
R
P 0x7f2a7c191628
C 342
R
P 0x7f2a7c191628
P 0x7f2a7c19c1a8
C 258
R
P 0x7f2a7c191628
C 342
R
P 0x7f2a7c191628
P 0x7f2a7c19c1a8
C 9
R
P 0x7f2a7c191628
C 342
R
P 0x7f2a7c191628
P 0x7f2a7c19c1a8
C 263
R
P 0x7f2a7c191628
C 342
R
P 0x7f2a7c191628
S "slot8Start"
C 30
R
P 0x7f2a7c191628
C 342
R
P 0x7f2a7c191628
$ |slot8Start|
C 202
R
P 0x7f2a7c191628
C 342
R
P 0x7f2a7c191628
$ |slot8Start|
P 0x7f2a7c19b1e8
C 51
= 0x7f2a7c19c1c8
R
P 0x7f2a7c191628
C 342
R
P 0x7f2a7c191628
P 0x7f2a7c19c1c8
C 257
R
P 0x7f2a7c191628
C 342
R
P 0x7f2a7c191628
P 0x7f2a7c19c1c8
C 254
= 0x7f2a7c19b1e8
R
P 0x7f2a7c191628
C 342
R
P 0x7f2a7c191628
P 0x7f2a7c19b1e8
C 209
R
P 0x7f2a7c191628
C 342
R
P 0x7f2a7c191628
P 0x7f2a7c19c1c8
C 260
R
P 0x7f2a7c191628
C 342
R
P 0x7f2a7c191628
P 0x7f2a7c19c1c8
C 259
R
P 0x7f2a7c191628
C 342
R
P 0x7f2a7c191628
P 0x7f2a7c19c1c8
C 258
R
P 0x7f2a7c191628
C 342
R
P 0x7f2a7c191628
P 0x7f2a7c19c1c8
C 9
R
P 0x7f2a7c191628
C 342
R
P 0x7f2a7c191628
I 5
P 0x7f2a7c19b208
C 150
= 0x7f2a7c19c088
R
P 0x7f2a7c191628
C 342
R
P 0x7f2a7c191628
P 0x7f2a7c19c088
C 258
R
P 0x7f2a7c191628
C 342
R
P 0x7f2a7c191628
P 0x7f2a7c19c088
C 9
R
P 0x7f2a7c191628
C 342
R
P 0x7f2a7c191628
P 0x7f2a7c19c088
C 263
R
P 0x7f2a7c191628
C 342
R
P 0x7f2a7c191628
S "slot5Start"
C 30
R
P 0x7f2a7c191628
C 342
R
P 0x7f2a7c191628
$ |slot5Start|
C 202
R
P 0x7f2a7c191628
C 342
R
P 0x7f2a7c191628
$ |slot5Start|
P 0x7f2a7c19b1e8
C 51
= 0x7f2a7c19c0a8
R
P 0x7f2a7c191628
C 342
R
P 0x7f2a7c191628
P 0x7f2a7c19c0a8
C 257
R
P 0x7f2a7c191628
C 342
R
P 0x7f2a7c191628
P 0x7f2a7c19c0a8
C 254
= 0x7f2a7c19b1e8
R
P 0x7f2a7c191628
C 342
R
P 0x7f2a7c191628
P 0x7f2a7c19b1e8
C 209
R
P 0x7f2a7c191628
C 342
R
P 0x7f2a7c191628
P 0x7f2a7c19c0a8
C 260
R
P 0x7f2a7c191628
C 342
R
P 0x7f2a7c191628
P 0x7f2a7c19c0a8
C 259
R
P 0x7f2a7c191628
C 342
R
P 0x7f2a7c191628
P 0x7f2a7c19c0a8
C 258
R
P 0x7f2a7c191628
C 342
R
P 0x7f2a7c191628
P 0x7f2a7c19c0a8
C 9
R
P 0x7f2a7c191628
C 342
R
P 0x7f2a7c191628
P 0x7f2a7c19c1c8
P 0x7f2a7c19c0a8
C 76
= 0x7f2a7c477068
R
P 0x7f2a7c191628
C 342
R
P 0x7f2a7c191628
P 0x7f2a7c477068
C 258
R
P 0x7f2a7c191628
C 342
R
P 0x7f2a7c191628
P 0x7f2a7c477068
C 9
R
P 0x7f2a7c191628
C 342
R
P 0x7f2a7c191628
I 8
P 0x7f2a7c19b208
C 150
= 0x7f2a7c19c1a8
R
P 0x7f2a7c191628
C 342
R
P 0x7f2a7c191628
P 0x7f2a7c19c1a8
C 258
R
P 0x7f2a7c191628
C 342
R
P 0x7f2a7c191628
P 0x7f2a7c19c1a8
C 9
R
P 0x7f2a7c191628
C 342
R
P 0x7f2a7c191628
P 0x7f2a7c19c1a8
C 263
R
P 0x7f2a7c191628
C 342
R
P 0x7f2a7c191628
S "slot8Start"
C 30
R
P 0x7f2a7c191628
C 342
R
P 0x7f2a7c191628
$ |slot8Start|
C 202
R
P 0x7f2a7c191628
C 342
R
P 0x7f2a7c191628
$ |slot8Start|
P 0x7f2a7c19b1e8
C 51
= 0x7f2a7c19c1c8
R
P 0x7f2a7c191628
C 342
R
P 0x7f2a7c191628
P 0x7f2a7c19c1c8
C 257
R
P 0x7f2a7c191628
C 342
R
P 0x7f2a7c191628
P 0x7f2a7c19c1c8
C 254
= 0x7f2a7c19b1e8
R
P 0x7f2a7c191628
C 342
R
P 0x7f2a7c191628
P 0x7f2a7c19b1e8
C 209
R
P 0x7f2a7c191628
C 342
R
P 0x7f2a7c191628
P 0x7f2a7c19c1c8
C 260
R
P 0x7f2a7c191628
C 342
R
P 0x7f2a7c191628
P 0x7f2a7c19c1c8
C 259
R
P 0x7f2a7c191628
C 342
R
P 0x7f2a7c191628
P 0x7f2a7c19c1c8
C 258
R
P 0x7f2a7c191628
C 342
R
P 0x7f2a7c191628
P 0x7f2a7c19c1c8
C 9
R
P 0x7f2a7c191628
C 342
R
P 0x7f2a7c191628
I 5
P 0x7f2a7c19b208
C 150
= 0x7f2a7c19c088
R
P 0x7f2a7c191628
C 342
R
P 0x7f2a7c191628
P 0x7f2a7c19c088
C 258
R
P 0x7f2a7c191628
C 342
R
P 0x7f2a7c191628
P 0x7f2a7c19c088
C 9
R
P 0x7f2a7c191628
C 342
R
P 0x7f2a7c191628
P 0x7f2a7c19c088
C 263
R
P 0x7f2a7c191628
C 342
R
P 0x7f2a7c191628
S "slot5Start"
C 30
R
P 0x7f2a7c191628
C 342
R
P 0x7f2a7c191628
$ |slot5Start|
C 202
R
P 0x7f2a7c191628
C 342
R
P 0x7f2a7c191628
$ |slot5Start|
P 0x7f2a7c19b1e8
C 51
= 0x7f2a7c19c0a8
R
P 0x7f2a7c191628
C 342
R
P 0x7f2a7c191628
P 0x7f2a7c19c0a8
C 257
R
P 0x7f2a7c191628
C 342
R
P 0x7f2a7c191628
P 0x7f2a7c19c0a8
C 254
= 0x7f2a7c19b1e8
R
P 0x7f2a7c191628
C 342
R
P 0x7f2a7c191628
P 0x7f2a7c19b1e8
C 209
R
P 0x7f2a7c191628
C 342
R
P 0x7f2a7c191628
P 0x7f2a7c19c0a8
C 260
R
P 0x7f2a7c191628
C 342
R
P 0x7f2a7c191628
P 0x7f2a7c19c0a8
C 259
R
P 0x7f2a7c191628
C 342
R
P 0x7f2a7c191628
P 0x7f2a7c19c0a8
C 258
R
P 0x7f2a7c191628
C 342
R
P 0x7f2a7c191628
P 0x7f2a7c19c0a8
C 9
R
P 0x7f2a7c191628
C 342
R
P 0x7f2a7c191628
I 5
P 0x7f2a7c19b208
C 150
= 0x7f2a7c19c088
R
P 0x7f2a7c191628
C 342
R
P 0x7f2a7c191628
P 0x7f2a7c19c088
C 258
R
P 0x7f2a7c191628
C 342
R
P 0x7f2a7c191628
P 0x7f2a7c19c088
C 9
R
P 0x7f2a7c191628
C 342
R
P 0x7f2a7c191628
P 0x7f2a7c19c088
C 263
R
P 0x7f2a7c191628
C 342
R
P 0x7f2a7c191628
S "slot5Duration"
C 30
R
P 0x7f2a7c191628
C 342
R
P 0x7f2a7c191628
$ |slot5Duration|
C 202
R
P 0x7f2a7c191628
C 342
R
P 0x7f2a7c191628
$ |slot5Duration|
P 0x7f2a7c19b1e8
C 51
= 0x7f2a7c19c0c8
R
P 0x7f2a7c191628
C 342
R
P 0x7f2a7c191628
P 0x7f2a7c19c0c8
C 257
R
P 0x7f2a7c191628
C 342
R
P 0x7f2a7c191628
P 0x7f2a7c19c0c8
C 254
= 0x7f2a7c19b1e8
R
P 0x7f2a7c191628
C 342
R
P 0x7f2a7c191628
P 0x7f2a7c19b1e8
C 209
R
P 0x7f2a7c191628
C 342
R
P 0x7f2a7c191628
P 0x7f2a7c19c0c8
C 260
R
P 0x7f2a7c191628
C 342
R
P 0x7f2a7c191628
P 0x7f2a7c19c0c8
C 259
R
P 0x7f2a7c191628
C 342
R
P 0x7f2a7c191628
P 0x7f2a7c19c0c8
C 258
R
P 0x7f2a7c191628
C 342
R
P 0x7f2a7c191628
P 0x7f2a7c19c0c8
C 9
R
P 0x7f2a7c191628
C 342
R
P 0x7f2a7c191628
U 2
P 0x7f2a7c19c0a8
P 0x7f2a7c19c0c8
p 2
C 65
= 0x7f2a7c1a21f8
R
P 0x7f2a7c191628
C 342
R
P 0x7f2a7c191628
P 0x7f2a7c1a21f8
C 257
R
P 0x7f2a7c191628
C 342
R
P 0x7f2a7c191628
P 0x7f2a7c1a21f8
C 254
= 0x7f2a7c19b1e8
R
P 0x7f2a7c191628
C 342
R
P 0x7f2a7c191628
P 0x7f2a7c19b1e8
C 209
R
P 0x7f2a7c191628
C 342
R
P 0x7f2a7c191628
P 0x7f2a7c1a21f8
C 260
R
P 0x7f2a7c191628
C 342
R
P 0x7f2a7c191628
P 0x7f2a7c1a21f8
C 259
R
P 0x7f2a7c191628
C 342
R
P 0x7f2a7c191628
P 0x7f2a7c1a21f8
C 258
R
P 0x7f2a7c191628
C 342
R
P 0x7f2a7c191628
P 0x7f2a7c1a21f8
C 9
R
P 0x7f2a7c191628
C 342
R
P 0x7f2a7c191628
P 0x7f2a7c19c1c8
P 0x7f2a7c1a21f8
C 74
= 0x7f2a7c479cb0
R
P 0x7f2a7c191628
C 342
R
P 0x7f2a7c191628
P 0x7f2a7c479cb0
C 258
R
P 0x7f2a7c191628
C 342
R
P 0x7f2a7c191628
P 0x7f2a7c479cb0
C 9
R
P 0x7f2a7c191628
C 342
R
P 0x7f2a7c191628
U 2
P 0x7f2a7c477068
P 0x7f2a7c479cb0
p 2
C 63
= 0x7f2a7c4770a0
R
P 0x7f2a7c191628
C 342
R
P 0x7f2a7c191628
P 0x7f2a7c4770a0
C 258
R
P 0x7f2a7c191628
C 342
R
P 0x7f2a7c191628
P 0x7f2a7c4770a0
C 9
R
P 0x7f2a7c191628
C 342
R
P 0x7f2a7c191628
P 0x7f2a7c4770a0
C 58
= 0x7f2a7c473d38
R
P 0x7f2a7c191628
C 342
R
P 0x7f2a7c191628
P 0x7f2a7c473d38
C 258
R
P 0x7f2a7c191628
C 342
R
P 0x7f2a7c191628
P 0x7f2a7c473d38
C 9
R
P 0x7f2a7c191628
C 342
R
P 0x7f2a7c191628
P 0x7f2a7c473d08
P 0x7f2a7c473d38
C 61
= 0x7f2a7c4770d8
R
P 0x7f2a7c191628
C 342
R
P 0x7f2a7c191628
P 0x7f2a7c4770d8
C 258
R
P 0x7f2a7c191628
C 342
R
P 0x7f2a7c191628
P 0x7f2a7c4770d8
C 9
R
P 0x7f2a7c191628
C 342
R
P 0x7f2a7c191628
P 0x7f2a7c1e1fc8
P 0x7f2a7c4770d8
C 427
R
P 0x7f2a7c191628
C 342
R
P 0x7f2a7c191628
I 8
P 0x7f2a7c19b208
C 150
= 0x7f2a7c19c1a8
R
P 0x7f2a7c191628
C 342
R
P 0x7f2a7c191628
P 0x7f2a7c19c1a8
C 258
R
P 0x7f2a7c191628
C 342
R
P 0x7f2a7c191628
P 0x7f2a7c19c1a8
C 9
R
P 0x7f2a7c191628
C 342
R
P 0x7f2a7c191628
I 6
P 0x7f2a7c19b208
C 150
= 0x7f2a7c19c0e8
R
P 0x7f2a7c191628
C 342
R
P 0x7f2a7c191628
P 0x7f2a7c19c0e8
C 258
R
P 0x7f2a7c191628
C 342
R
P 0x7f2a7c191628
P 0x7f2a7c19c0e8
C 9
R
P 0x7f2a7c191628
C 342
R
P 0x7f2a7c191628
P 0x7f2a7c19c1a8
P 0x7f2a7c19c0e8
C 56
= 0x7f2a7c477110
R
P 0x7f2a7c191628
C 342
R
P 0x7f2a7c191628
P 0x7f2a7c477110
C 258
R
P 0x7f2a7c191628
C 342
R
P 0x7f2a7c191628
P 0x7f2a7c477110
C 9
R
P 0x7f2a7c191628
C 342
R
P 0x7f2a7c191628
P 0x7f2a7c477110
C 58
= 0x7f2a7c473d68
R
P 0x7f2a7c191628
C 342
R
P 0x7f2a7c191628
P 0x7f2a7c473d68
C 258
R
P 0x7f2a7c191628
C 342
R
P 0x7f2a7c191628
P 0x7f2a7c473d68
C 9
R
P 0x7f2a7c191628
C 342
R
P 0x7f2a7c191628
I 8
P 0x7f2a7c19b208
C 150
= 0x7f2a7c19c1a8
R
P 0x7f2a7c191628
C 342
R
P 0x7f2a7c191628
P 0x7f2a7c19c1a8
C 258
R
P 0x7f2a7c191628
C 342
R
P 0x7f2a7c191628
P 0x7f2a7c19c1a8
C 9
R
P 0x7f2a7c191628
C 342
R
P 0x7f2a7c191628
P 0x7f2a7c19c1a8
C 263
R
P 0x7f2a7c191628
C 342
R
P 0x7f2a7c191628
S "slot8Start"
C 30
R
P 0x7f2a7c191628
C 342
R
P 0x7f2a7c191628
$ |slot8Start|
C 202
R
P 0x7f2a7c191628
C 342
R
P 0x7f2a7c191628
$ |slot8Start|
P 0x7f2a7c19b1e8
C 51
= 0x7f2a7c19c1c8
R
P 0x7f2a7c191628
C 342
R
P 0x7f2a7c191628
P 0x7f2a7c19c1c8
C 257
R
P 0x7f2a7c191628
C 342
R
P 0x7f2a7c191628
P 0x7f2a7c19c1c8
C 254
= 0x7f2a7c19b1e8
R
P 0x7f2a7c191628
C 342
R
P 0x7f2a7c191628
P 0x7f2a7c19b1e8
C 209
R
P 0x7f2a7c191628
C 342
R
P 0x7f2a7c191628
P 0x7f2a7c19c1c8
C 260
R
P 0x7f2a7c191628
C 342
R
P 0x7f2a7c191628
P 0x7f2a7c19c1c8
C 259
R
P 0x7f2a7c191628
C 342
R
P 0x7f2a7c191628
P 0x7f2a7c19c1c8
C 258
R
P 0x7f2a7c191628
C 342
R
P 0x7f2a7c191628
P 0x7f2a7c19c1c8
C 9
R
P 0x7f2a7c191628
C 342
R
P 0x7f2a7c191628
I 6
P 0x7f2a7c19b208
C 150
= 0x7f2a7c19c0e8
R
P 0x7f2a7c191628
C 342
R
P 0x7f2a7c191628
P 0x7f2a7c19c0e8
C 258
R
P 0x7f2a7c191628
C 342
R
P 0x7f2a7c191628
P 0x7f2a7c19c0e8
C 9
R
P 0x7f2a7c191628
C 342
R
P 0x7f2a7c191628
P 0x7f2a7c19c0e8
C 263
R
P 0x7f2a7c191628
C 342
R
P 0x7f2a7c191628
S "slot6Start"
C 30
R
P 0x7f2a7c191628
C 342
R
P 0x7f2a7c191628
$ |slot6Start|
C 202
R
P 0x7f2a7c191628
C 342
R
P 0x7f2a7c191628
$ |slot6Start|
P 0x7f2a7c19b1e8
C 51
= 0x7f2a7c19c108
R
P 0x7f2a7c191628
C 342
R
P 0x7f2a7c191628
P 0x7f2a7c19c108
C 257
R
P 0x7f2a7c191628
C 342
R
P 0x7f2a7c191628
P 0x7f2a7c19c108
C 254
= 0x7f2a7c19b1e8
R
P 0x7f2a7c191628
C 342
R
P 0x7f2a7c191628
P 0x7f2a7c19b1e8
C 209
R
P 0x7f2a7c191628
C 342
R
P 0x7f2a7c191628
P 0x7f2a7c19c108
C 260
R
P 0x7f2a7c191628
C 342
R
P 0x7f2a7c191628
P 0x7f2a7c19c108
C 259
R
P 0x7f2a7c191628
C 342
R
P 0x7f2a7c191628
P 0x7f2a7c19c108
C 258
R
P 0x7f2a7c191628
C 342
R
P 0x7f2a7c191628
P 0x7f2a7c19c108
C 9
R
P 0x7f2a7c191628
C 342
R
P 0x7f2a7c191628
P 0x7f2a7c19c1c8
P 0x7f2a7c19c108
C 76
= 0x7f2a7c477148
R
P 0x7f2a7c191628
C 342
R
P 0x7f2a7c191628
P 0x7f2a7c477148
C 258
R
P 0x7f2a7c191628
C 342
R
P 0x7f2a7c191628
P 0x7f2a7c477148
C 9
R
P 0x7f2a7c191628
C 342
R
P 0x7f2a7c191628
I 8
P 0x7f2a7c19b208
C 150
= 0x7f2a7c19c1a8
R
P 0x7f2a7c191628
C 342
R
P 0x7f2a7c191628
P 0x7f2a7c19c1a8
C 258
R
P 0x7f2a7c191628
C 342
R
P 0x7f2a7c191628
P 0x7f2a7c19c1a8
C 9
R
P 0x7f2a7c191628
C 342
R
P 0x7f2a7c191628
P 0x7f2a7c19c1a8
C 263
R
P 0x7f2a7c191628
C 342
R
P 0x7f2a7c191628
S "slot8Start"
C 30
R
P 0x7f2a7c191628
C 342
R
P 0x7f2a7c191628
$ |slot8Start|
C 202
R
P 0x7f2a7c191628
C 342
R
P 0x7f2a7c191628
$ |slot8Start|
P 0x7f2a7c19b1e8
C 51
= 0x7f2a7c19c1c8
R
P 0x7f2a7c191628
C 342
R
P 0x7f2a7c191628
P 0x7f2a7c19c1c8
C 257
R
P 0x7f2a7c191628
C 342
R
P 0x7f2a7c191628
P 0x7f2a7c19c1c8
C 254
= 0x7f2a7c19b1e8
R
P 0x7f2a7c191628
C 342
R
P 0x7f2a7c191628
P 0x7f2a7c19b1e8
C 209
R
P 0x7f2a7c191628
C 342
R
P 0x7f2a7c191628
P 0x7f2a7c19c1c8
C 260
R
P 0x7f2a7c191628
C 342
R
P 0x7f2a7c191628
P 0x7f2a7c19c1c8
C 259
R
P 0x7f2a7c191628
C 342
R
P 0x7f2a7c191628
P 0x7f2a7c19c1c8
C 258
R
P 0x7f2a7c191628
C 342
R
P 0x7f2a7c191628
P 0x7f2a7c19c1c8
C 9
R
P 0x7f2a7c191628
C 342
R
P 0x7f2a7c191628
I 6
P 0x7f2a7c19b208
C 150
= 0x7f2a7c19c0e8
R
P 0x7f2a7c191628
C 342
R
P 0x7f2a7c191628
P 0x7f2a7c19c0e8
C 258
R
P 0x7f2a7c191628
C 342
R
P 0x7f2a7c191628
P 0x7f2a7c19c0e8
C 9
R
P 0x7f2a7c191628
C 342
R
P 0x7f2a7c191628
P 0x7f2a7c19c0e8
C 263
R
P 0x7f2a7c191628
C 342
R
P 0x7f2a7c191628
S "slot6Start"
C 30
R
P 0x7f2a7c191628
C 342
R
P 0x7f2a7c191628
$ |slot6Start|
C 202
R
P 0x7f2a7c191628
C 342
R
P 0x7f2a7c191628
$ |slot6Start|
P 0x7f2a7c19b1e8
C 51
= 0x7f2a7c19c108
R
P 0x7f2a7c191628
C 342
R
P 0x7f2a7c191628
P 0x7f2a7c19c108
C 257
R
P 0x7f2a7c191628
C 342
R
P 0x7f2a7c191628
P 0x7f2a7c19c108
C 254
= 0x7f2a7c19b1e8
R
P 0x7f2a7c191628
C 342
R
P 0x7f2a7c191628
P 0x7f2a7c19b1e8
C 209
R
P 0x7f2a7c191628
C 342
R
P 0x7f2a7c191628
P 0x7f2a7c19c108
C 260
R
P 0x7f2a7c191628
C 342
R
P 0x7f2a7c191628
P 0x7f2a7c19c108
C 259
R
P 0x7f2a7c191628
C 342
R
P 0x7f2a7c191628
P 0x7f2a7c19c108
C 258
R
P 0x7f2a7c191628
C 342
R
P 0x7f2a7c191628
P 0x7f2a7c19c108
C 9
R
P 0x7f2a7c191628
C 342
R
P 0x7f2a7c191628
I 6
P 0x7f2a7c19b208
C 150
= 0x7f2a7c19c0e8
R
P 0x7f2a7c191628
C 342
R
P 0x7f2a7c191628
P 0x7f2a7c19c0e8
C 258
R
P 0x7f2a7c191628
C 342
R
P 0x7f2a7c191628
P 0x7f2a7c19c0e8
C 9
R
P 0x7f2a7c191628
C 342
R
P 0x7f2a7c191628
P 0x7f2a7c19c0e8
C 263
R
P 0x7f2a7c191628
C 342
R
P 0x7f2a7c191628
S "slot6Duration"
C 30
R
P 0x7f2a7c191628
C 342
R
P 0x7f2a7c191628
$ |slot6Duration|
C 202
R
P 0x7f2a7c191628
C 342
R
P 0x7f2a7c191628
$ |slot6Duration|
P 0x7f2a7c19b1e8
C 51
= 0x7f2a7c19c128
R
P 0x7f2a7c191628
C 342
R
P 0x7f2a7c191628
P 0x7f2a7c19c128
C 257
R
P 0x7f2a7c191628
C 342
R
P 0x7f2a7c191628
P 0x7f2a7c19c128
C 254
= 0x7f2a7c19b1e8
R
P 0x7f2a7c191628
C 342
R
P 0x7f2a7c191628
P 0x7f2a7c19b1e8
C 209
R
P 0x7f2a7c191628
C 342
R
P 0x7f2a7c191628
P 0x7f2a7c19c128
C 260
R
P 0x7f2a7c191628
C 342
R
P 0x7f2a7c191628
P 0x7f2a7c19c128
C 259
R
P 0x7f2a7c191628
C 342
R
P 0x7f2a7c191628
P 0x7f2a7c19c128
C 258
R
P 0x7f2a7c191628
C 342
R
P 0x7f2a7c191628
P 0x7f2a7c19c128
C 9
R
P 0x7f2a7c191628
C 342
R
P 0x7f2a7c191628
U 2
P 0x7f2a7c19c108
P 0x7f2a7c19c128
p 2
C 65
= 0x7f2a7c1a2348
R
P 0x7f2a7c191628
C 342
R
P 0x7f2a7c191628
P 0x7f2a7c1a2348
C 257
R
P 0x7f2a7c191628
C 342
R
P 0x7f2a7c191628
P 0x7f2a7c1a2348
C 254
= 0x7f2a7c19b1e8
R
P 0x7f2a7c191628
C 342
R
P 0x7f2a7c191628
P 0x7f2a7c19b1e8
C 209
R
P 0x7f2a7c191628
C 342
R
P 0x7f2a7c191628
P 0x7f2a7c1a2348
C 260
R
P 0x7f2a7c191628
C 342
R
P 0x7f2a7c191628
P 0x7f2a7c1a2348
C 259
R
P 0x7f2a7c191628
C 342
R
P 0x7f2a7c191628
P 0x7f2a7c1a2348
C 258
R
P 0x7f2a7c191628
C 342
R
P 0x7f2a7c191628
P 0x7f2a7c1a2348
C 9
R
P 0x7f2a7c191628
C 342
R
P 0x7f2a7c191628
P 0x7f2a7c19c1c8
P 0x7f2a7c1a2348
C 74
= 0x7f2a7c475bd8
R
P 0x7f2a7c191628
C 342
R
P 0x7f2a7c191628
P 0x7f2a7c475bd8
C 258
R
P 0x7f2a7c191628
C 342
R
P 0x7f2a7c191628
P 0x7f2a7c475bd8
C 9
R
P 0x7f2a7c191628
C 342
R
P 0x7f2a7c191628
U 2
P 0x7f2a7c477148
P 0x7f2a7c475bd8
p 2
C 63
= 0x7f2a7c477180
R
P 0x7f2a7c191628
C 342
R
P 0x7f2a7c191628
P 0x7f2a7c477180
C 258
R
P 0x7f2a7c191628
C 342
R
P 0x7f2a7c191628
P 0x7f2a7c477180
C 9
R
P 0x7f2a7c191628
C 342
R
P 0x7f2a7c191628
P 0x7f2a7c477180
C 58
= 0x7f2a7c473d98
R
P 0x7f2a7c191628
C 342
R
P 0x7f2a7c191628
P 0x7f2a7c473d98
C 258
R
P 0x7f2a7c191628
C 342
R
P 0x7f2a7c191628
P 0x7f2a7c473d98
C 9
R
P 0x7f2a7c191628
C 342
R
P 0x7f2a7c191628
P 0x7f2a7c473d68
P 0x7f2a7c473d98
C 61
= 0x7f2a7c4771b8
R
P 0x7f2a7c191628
C 342
R
P 0x7f2a7c191628
P 0x7f2a7c4771b8
C 258
R
P 0x7f2a7c191628
C 342
R
P 0x7f2a7c191628
P 0x7f2a7c4771b8
C 9
R
P 0x7f2a7c191628
C 342
R
P 0x7f2a7c191628
P 0x7f2a7c1e1fc8
P 0x7f2a7c4771b8
C 427
R
P 0x7f2a7c191628
C 342
R
P 0x7f2a7c191628
I 8
P 0x7f2a7c19b208
C 150
= 0x7f2a7c19c1a8
R
P 0x7f2a7c191628
C 342
R
P 0x7f2a7c191628
P 0x7f2a7c19c1a8
C 258
R
P 0x7f2a7c191628
C 342
R
P 0x7f2a7c191628
P 0x7f2a7c19c1a8
C 9
R
P 0x7f2a7c191628
C 342
R
P 0x7f2a7c191628
I 7
P 0x7f2a7c19b208
C 150
= 0x7f2a7c19c148
R
P 0x7f2a7c191628
C 342
R
P 0x7f2a7c191628
P 0x7f2a7c19c148
C 258
R
P 0x7f2a7c191628
C 342
R
P 0x7f2a7c191628
P 0x7f2a7c19c148
C 9
R
P 0x7f2a7c191628
C 342
R
P 0x7f2a7c191628
P 0x7f2a7c19c1a8
P 0x7f2a7c19c148
C 56
= 0x7f2a7c486868
R
P 0x7f2a7c191628
C 342
R
P 0x7f2a7c191628
P 0x7f2a7c486868
C 258
R
P 0x7f2a7c191628
C 342
R
P 0x7f2a7c191628
P 0x7f2a7c486868
C 9
R
P 0x7f2a7c191628
C 342
R
P 0x7f2a7c191628
P 0x7f2a7c486868
C 58
= 0x7f2a7c473dc8
R
P 0x7f2a7c191628
C 342
R
P 0x7f2a7c191628
P 0x7f2a7c473dc8
C 258
R
P 0x7f2a7c191628
C 342
R
P 0x7f2a7c191628
P 0x7f2a7c473dc8
C 9
R
P 0x7f2a7c191628
C 342
R
P 0x7f2a7c191628
I 8
P 0x7f2a7c19b208
C 150
= 0x7f2a7c19c1a8
R
P 0x7f2a7c191628
C 342
R
P 0x7f2a7c191628
P 0x7f2a7c19c1a8
C 258
R
P 0x7f2a7c191628
C 342
R
P 0x7f2a7c191628
P 0x7f2a7c19c1a8
C 9
R
P 0x7f2a7c191628
C 342
R
P 0x7f2a7c191628
P 0x7f2a7c19c1a8
C 263
R
P 0x7f2a7c191628
C 342
R
P 0x7f2a7c191628
S "slot8Start"
C 30
R
P 0x7f2a7c191628
C 342
R
P 0x7f2a7c191628
$ |slot8Start|
C 202
R
P 0x7f2a7c191628
C 342
R
P 0x7f2a7c191628
$ |slot8Start|
P 0x7f2a7c19b1e8
C 51
= 0x7f2a7c19c1c8
R
P 0x7f2a7c191628
C 342
R
P 0x7f2a7c191628
P 0x7f2a7c19c1c8
C 257
R
P 0x7f2a7c191628
C 342
R
P 0x7f2a7c191628
P 0x7f2a7c19c1c8
C 254
= 0x7f2a7c19b1e8
R
P 0x7f2a7c191628
C 342
R
P 0x7f2a7c191628
P 0x7f2a7c19b1e8
C 209
R
P 0x7f2a7c191628
C 342
R
P 0x7f2a7c191628
P 0x7f2a7c19c1c8
C 260
R
P 0x7f2a7c191628
C 342
R
P 0x7f2a7c191628
P 0x7f2a7c19c1c8
C 259
R
P 0x7f2a7c191628
C 342
R
P 0x7f2a7c191628
P 0x7f2a7c19c1c8
C 258
R
P 0x7f2a7c191628
C 342
R
P 0x7f2a7c191628
P 0x7f2a7c19c1c8
C 9
R
P 0x7f2a7c191628
C 342
R
P 0x7f2a7c191628
I 7
P 0x7f2a7c19b208
C 150
= 0x7f2a7c19c148
R
P 0x7f2a7c191628
C 342
R
P 0x7f2a7c191628
P 0x7f2a7c19c148
C 258
R
P 0x7f2a7c191628
C 342
R
P 0x7f2a7c191628
P 0x7f2a7c19c148
C 9
R
P 0x7f2a7c191628
C 342
R
P 0x7f2a7c191628
P 0x7f2a7c19c148
C 263
R
P 0x7f2a7c191628
C 342
R
P 0x7f2a7c191628
S "slot7Start"
C 30
R
P 0x7f2a7c191628
C 342
R
P 0x7f2a7c191628
$ |slot7Start|
C 202
R
P 0x7f2a7c191628
C 342
R
P 0x7f2a7c191628
$ |slot7Start|
P 0x7f2a7c19b1e8
C 51
= 0x7f2a7c19c168
R
P 0x7f2a7c191628
C 342
R
P 0x7f2a7c191628
P 0x7f2a7c19c168
C 257
R
P 0x7f2a7c191628
C 342
R
P 0x7f2a7c191628
P 0x7f2a7c19c168
C 254
= 0x7f2a7c19b1e8
R
P 0x7f2a7c191628
C 342
R
P 0x7f2a7c191628
P 0x7f2a7c19b1e8
C 209
R
P 0x7f2a7c191628
C 342
R
P 0x7f2a7c191628
P 0x7f2a7c19c168
C 260
R
P 0x7f2a7c191628
C 342
R
P 0x7f2a7c191628
P 0x7f2a7c19c168
C 259
R
P 0x7f2a7c191628
C 342
R
P 0x7f2a7c191628
P 0x7f2a7c19c168
C 258
R
P 0x7f2a7c191628
C 342
R
P 0x7f2a7c191628
P 0x7f2a7c19c168
C 9
R
P 0x7f2a7c191628
C 342
R
P 0x7f2a7c191628
P 0x7f2a7c19c1c8
P 0x7f2a7c19c168
C 76
= 0x7f2a7c4868a0
R
P 0x7f2a7c191628
C 342
R
P 0x7f2a7c191628
P 0x7f2a7c4868a0
C 258
R
P 0x7f2a7c191628
C 342
R
P 0x7f2a7c191628
P 0x7f2a7c4868a0
C 9
R
P 0x7f2a7c191628
C 342
R
P 0x7f2a7c191628
I 8
P 0x7f2a7c19b208
C 150
= 0x7f2a7c19c1a8
R
P 0x7f2a7c191628
C 342
R
P 0x7f2a7c191628
P 0x7f2a7c19c1a8
C 258
R
P 0x7f2a7c191628
C 342
R
P 0x7f2a7c191628
P 0x7f2a7c19c1a8
C 9
R
P 0x7f2a7c191628
C 342
R
P 0x7f2a7c191628
P 0x7f2a7c19c1a8
C 263
R
P 0x7f2a7c191628
C 342
R
P 0x7f2a7c191628
S "slot8Start"
C 30
R
P 0x7f2a7c191628
C 342
R
P 0x7f2a7c191628
$ |slot8Start|
C 202
R
P 0x7f2a7c191628
C 342
R
P 0x7f2a7c191628
$ |slot8Start|
P 0x7f2a7c19b1e8
C 51
= 0x7f2a7c19c1c8
R
P 0x7f2a7c191628
C 342
R
P 0x7f2a7c191628
P 0x7f2a7c19c1c8
C 257
R
P 0x7f2a7c191628
C 342
R
P 0x7f2a7c191628
P 0x7f2a7c19c1c8
C 254
= 0x7f2a7c19b1e8
R
P 0x7f2a7c191628
C 342
R
P 0x7f2a7c191628
P 0x7f2a7c19b1e8
C 209
R
P 0x7f2a7c191628
C 342
R
P 0x7f2a7c191628
P 0x7f2a7c19c1c8
C 260
R
P 0x7f2a7c191628
C 342
R
P 0x7f2a7c191628
P 0x7f2a7c19c1c8
C 259
R
P 0x7f2a7c191628
C 342
R
P 0x7f2a7c191628
P 0x7f2a7c19c1c8
C 258
R
P 0x7f2a7c191628
C 342
R
P 0x7f2a7c191628
P 0x7f2a7c19c1c8
C 9
R
P 0x7f2a7c191628
C 342
R
P 0x7f2a7c191628
I 7
P 0x7f2a7c19b208
C 150
= 0x7f2a7c19c148
R
P 0x7f2a7c191628
C 342
R
P 0x7f2a7c191628
P 0x7f2a7c19c148
C 258
R
P 0x7f2a7c191628
C 342
R
P 0x7f2a7c191628
P 0x7f2a7c19c148
C 9
R
P 0x7f2a7c191628
C 342
R
P 0x7f2a7c191628
P 0x7f2a7c19c148
C 263
R
P 0x7f2a7c191628
C 342
R
P 0x7f2a7c191628
S "slot7Start"
C 30
R
P 0x7f2a7c191628
C 342
R
P 0x7f2a7c191628
$ |slot7Start|
C 202
R
P 0x7f2a7c191628
C 342
R
P 0x7f2a7c191628
$ |slot7Start|
P 0x7f2a7c19b1e8
C 51
= 0x7f2a7c19c168
R
P 0x7f2a7c191628
C 342
R
P 0x7f2a7c191628
P 0x7f2a7c19c168
C 257
R
P 0x7f2a7c191628
C 342
R
P 0x7f2a7c191628
P 0x7f2a7c19c168
C 254
= 0x7f2a7c19b1e8
R
P 0x7f2a7c191628
C 342
R
P 0x7f2a7c191628
P 0x7f2a7c19b1e8
C 209
R
P 0x7f2a7c191628
C 342
R
P 0x7f2a7c191628
P 0x7f2a7c19c168
C 260
R
P 0x7f2a7c191628
C 342
R
P 0x7f2a7c191628
P 0x7f2a7c19c168
C 259
R
P 0x7f2a7c191628
C 342
R
P 0x7f2a7c191628
P 0x7f2a7c19c168
C 258
R
P 0x7f2a7c191628
C 342
R
P 0x7f2a7c191628
P 0x7f2a7c19c168
C 9
R
P 0x7f2a7c191628
C 342
R
P 0x7f2a7c191628
I 7
P 0x7f2a7c19b208
C 150
= 0x7f2a7c19c148
R
P 0x7f2a7c191628
C 342
R
P 0x7f2a7c191628
P 0x7f2a7c19c148
C 258
R
P 0x7f2a7c191628
C 342
R
P 0x7f2a7c191628
P 0x7f2a7c19c148
C 9
R
P 0x7f2a7c191628
C 342
R
P 0x7f2a7c191628
P 0x7f2a7c19c148
C 263
R
P 0x7f2a7c191628
C 342
R
P 0x7f2a7c191628
S "slot7Duration"
C 30
R
P 0x7f2a7c191628
C 342
R
P 0x7f2a7c191628
$ |slot7Duration|
C 202
R
P 0x7f2a7c191628
C 342
R
P 0x7f2a7c191628
$ |slot7Duration|
P 0x7f2a7c19b1e8
C 51
= 0x7f2a7c19c188
R
P 0x7f2a7c191628
C 342
R
P 0x7f2a7c191628
P 0x7f2a7c19c188
C 257
R
P 0x7f2a7c191628
C 342
R
P 0x7f2a7c191628
P 0x7f2a7c19c188
C 254
= 0x7f2a7c19b1e8
R
P 0x7f2a7c191628
C 342
R
P 0x7f2a7c191628
P 0x7f2a7c19b1e8
C 209
R
P 0x7f2a7c191628
C 342
R
P 0x7f2a7c191628
P 0x7f2a7c19c188
C 260
R
P 0x7f2a7c191628
C 342
R
P 0x7f2a7c191628
P 0x7f2a7c19c188
C 259
R
P 0x7f2a7c191628
C 342
R
P 0x7f2a7c191628
P 0x7f2a7c19c188
C 258
R
P 0x7f2a7c191628
C 342
R
P 0x7f2a7c191628
P 0x7f2a7c19c188
C 9
R
P 0x7f2a7c191628
C 342
R
P 0x7f2a7c191628
U 2
P 0x7f2a7c19c168
P 0x7f2a7c19c188
p 2
C 65
= 0x7f2a7c1a2498
R
P 0x7f2a7c191628
C 342
R
P 0x7f2a7c191628
P 0x7f2a7c1a2498
C 257
R
P 0x7f2a7c191628
C 342
R
P 0x7f2a7c191628
P 0x7f2a7c1a2498
C 254
= 0x7f2a7c19b1e8
R
P 0x7f2a7c191628
C 342
R
P 0x7f2a7c191628
P 0x7f2a7c19b1e8
C 209
R
P 0x7f2a7c191628
C 342
R
P 0x7f2a7c191628
P 0x7f2a7c1a2498
C 260
R
P 0x7f2a7c191628
C 342
R
P 0x7f2a7c191628
P 0x7f2a7c1a2498
C 259
R
P 0x7f2a7c191628
C 342
R
P 0x7f2a7c191628
P 0x7f2a7c1a2498
C 258
R
P 0x7f2a7c191628
C 342
R
P 0x7f2a7c191628
P 0x7f2a7c1a2498
C 9
R
P 0x7f2a7c191628
C 342
R
P 0x7f2a7c191628
P 0x7f2a7c19c1c8
P 0x7f2a7c1a2498
C 74
= 0x7f2a7c476a48
R
P 0x7f2a7c191628
C 342
R
P 0x7f2a7c191628
P 0x7f2a7c476a48
C 258
R
P 0x7f2a7c191628
C 342
R
P 0x7f2a7c191628
P 0x7f2a7c476a48
C 9
R
P 0x7f2a7c191628
C 342
R
P 0x7f2a7c191628
U 2
P 0x7f2a7c4868a0
P 0x7f2a7c476a48
p 2
C 63
= 0x7f2a7c4868d8
R
P 0x7f2a7c191628
C 342
R
P 0x7f2a7c191628
P 0x7f2a7c4868d8
C 258
R
P 0x7f2a7c191628
C 342
R
P 0x7f2a7c191628
P 0x7f2a7c4868d8
C 9
R
P 0x7f2a7c191628
C 342
R
P 0x7f2a7c191628
P 0x7f2a7c4868d8
C 58
= 0x7f2a7c473df8
R
P 0x7f2a7c191628
C 342
R
P 0x7f2a7c191628
P 0x7f2a7c473df8
C 258
R
P 0x7f2a7c191628
C 342
R
P 0x7f2a7c191628
P 0x7f2a7c473df8
C 9
R
P 0x7f2a7c191628
C 342
R
P 0x7f2a7c191628
P 0x7f2a7c473dc8
P 0x7f2a7c473df8
C 61
= 0x7f2a7c486910
R
P 0x7f2a7c191628
C 342
R
P 0x7f2a7c191628
P 0x7f2a7c486910
C 258
R
P 0x7f2a7c191628
C 342
R
P 0x7f2a7c191628
P 0x7f2a7c486910
C 9
R
P 0x7f2a7c191628
C 342
R
P 0x7f2a7c191628
P 0x7f2a7c1e1fc8
P 0x7f2a7c486910
C 427
R
P 0x7f2a7c191628
C 342
R
P 0x7f2a7c191628
I 8
P 0x7f2a7c19b208
C 150
= 0x7f2a7c19c1a8
R
P 0x7f2a7c191628
C 342
R
P 0x7f2a7c191628
P 0x7f2a7c19c1a8
C 258
R
P 0x7f2a7c191628
C 342
R
P 0x7f2a7c191628
P 0x7f2a7c19c1a8
C 9
R
P 0x7f2a7c191628
C 342
R
P 0x7f2a7c191628
I 8
P 0x7f2a7c19b208
C 150
= 0x7f2a7c19c1a8
R
P 0x7f2a7c191628
C 342
R
P 0x7f2a7c191628
P 0x7f2a7c19c1a8
C 258
R
P 0x7f2a7c191628
C 342
R
P 0x7f2a7c191628
P 0x7f2a7c19c1a8
C 9
R
P 0x7f2a7c191628
C 342
R
P 0x7f2a7c191628
P 0x7f2a7c19c1a8
P 0x7f2a7c19c1a8
C 56
= 0x7f2a7c486948
R
P 0x7f2a7c191628
C 342
R
P 0x7f2a7c191628
P 0x7f2a7c486948
C 258
R
P 0x7f2a7c191628
C 342
R
P 0x7f2a7c191628
P 0x7f2a7c486948
C 9
R
P 0x7f2a7c191628
C 342
R
P 0x7f2a7c191628
P 0x7f2a7c486948
C 58
= 0x7f2a7c473e28
R
P 0x7f2a7c191628
C 342
R
P 0x7f2a7c191628
P 0x7f2a7c473e28
C 258
R
P 0x7f2a7c191628
C 342
R
P 0x7f2a7c191628
P 0x7f2a7c473e28
C 9
R
P 0x7f2a7c191628
C 342
R
P 0x7f2a7c191628
I 8
P 0x7f2a7c19b208
C 150
= 0x7f2a7c19c1a8
R
P 0x7f2a7c191628
C 342
R
P 0x7f2a7c191628
P 0x7f2a7c19c1a8
C 258
R
P 0x7f2a7c191628
C 342
R
P 0x7f2a7c191628
P 0x7f2a7c19c1a8
C 9
R
P 0x7f2a7c191628
C 342
R
P 0x7f2a7c191628
P 0x7f2a7c19c1a8
C 263
R
P 0x7f2a7c191628
C 342
R
P 0x7f2a7c191628
S "slot8Start"
C 30
R
P 0x7f2a7c191628
C 342
R
P 0x7f2a7c191628
$ |slot8Start|
C 202
R
P 0x7f2a7c191628
C 342
R
P 0x7f2a7c191628
$ |slot8Start|
P 0x7f2a7c19b1e8
C 51
= 0x7f2a7c19c1c8
R
P 0x7f2a7c191628
C 342
R
P 0x7f2a7c191628
P 0x7f2a7c19c1c8
C 257
R
P 0x7f2a7c191628
C 342
R
P 0x7f2a7c191628
P 0x7f2a7c19c1c8
C 254
= 0x7f2a7c19b1e8
R
P 0x7f2a7c191628
C 342
R
P 0x7f2a7c191628
P 0x7f2a7c19b1e8
C 209
R
P 0x7f2a7c191628
C 342
R
P 0x7f2a7c191628
P 0x7f2a7c19c1c8
C 260
R
P 0x7f2a7c191628
C 342
R
P 0x7f2a7c191628
P 0x7f2a7c19c1c8
C 259
R
P 0x7f2a7c191628
C 342
R
P 0x7f2a7c191628
P 0x7f2a7c19c1c8
C 258
R
P 0x7f2a7c191628
C 342
R
P 0x7f2a7c191628
P 0x7f2a7c19c1c8
C 9
R
P 0x7f2a7c191628
C 342
R
P 0x7f2a7c191628
I 8
P 0x7f2a7c19b208
C 150
= 0x7f2a7c19c1a8
R
P 0x7f2a7c191628
C 342
R
P 0x7f2a7c191628
P 0x7f2a7c19c1a8
C 258
R
P 0x7f2a7c191628
C 342
R
P 0x7f2a7c191628
P 0x7f2a7c19c1a8
C 9
R
P 0x7f2a7c191628
C 342
R
P 0x7f2a7c191628
P 0x7f2a7c19c1a8
C 263
R
P 0x7f2a7c191628
C 342
R
P 0x7f2a7c191628
S "slot8Start"
C 30
R
P 0x7f2a7c191628
C 342
R
P 0x7f2a7c191628
$ |slot8Start|
C 202
R
P 0x7f2a7c191628
C 342
R
P 0x7f2a7c191628
$ |slot8Start|
P 0x7f2a7c19b1e8
C 51
= 0x7f2a7c19c1c8
R
P 0x7f2a7c191628
C 342
R
P 0x7f2a7c191628
P 0x7f2a7c19c1c8
C 257
R
P 0x7f2a7c191628
C 342
R
P 0x7f2a7c191628
P 0x7f2a7c19c1c8
C 254
= 0x7f2a7c19b1e8
R
P 0x7f2a7c191628
C 342
R
P 0x7f2a7c191628
P 0x7f2a7c19b1e8
C 209
R
P 0x7f2a7c191628
C 342
R
P 0x7f2a7c191628
P 0x7f2a7c19c1c8
C 260
R
P 0x7f2a7c191628
C 342
R
P 0x7f2a7c191628
P 0x7f2a7c19c1c8
C 259
R
P 0x7f2a7c191628
C 342
R
P 0x7f2a7c191628
P 0x7f2a7c19c1c8
C 258
R
P 0x7f2a7c191628
C 342
R
P 0x7f2a7c191628
P 0x7f2a7c19c1c8
C 9
R
P 0x7f2a7c191628
C 342
R
P 0x7f2a7c191628
P 0x7f2a7c19c1c8
P 0x7f2a7c19c1c8
C 76
= 0x7f2a7c486980
R
P 0x7f2a7c191628
C 342
R
P 0x7f2a7c191628
P 0x7f2a7c486980
C 258
R
P 0x7f2a7c191628
C 342
R
P 0x7f2a7c191628
P 0x7f2a7c486980
C 9
R
P 0x7f2a7c191628
C 342
R
P 0x7f2a7c191628
I 8
P 0x7f2a7c19b208
C 150
= 0x7f2a7c19c1a8
R
P 0x7f2a7c191628
C 342
R
P 0x7f2a7c191628
P 0x7f2a7c19c1a8
C 258
R
P 0x7f2a7c191628
C 342
R
P 0x7f2a7c191628
P 0x7f2a7c19c1a8
C 9
R
P 0x7f2a7c191628
C 342
R
P 0x7f2a7c191628
P 0x7f2a7c19c1a8
C 263
R
P 0x7f2a7c191628
C 342
R
P 0x7f2a7c191628
S "slot8Start"
C 30
R
P 0x7f2a7c191628
C 342
R
P 0x7f2a7c191628
$ |slot8Start|
C 202
R
P 0x7f2a7c191628
C 342
R
P 0x7f2a7c191628
$ |slot8Start|
P 0x7f2a7c19b1e8
C 51
= 0x7f2a7c19c1c8
R
P 0x7f2a7c191628
C 342
R
P 0x7f2a7c191628
P 0x7f2a7c19c1c8
C 257
R
P 0x7f2a7c191628
C 342
R
P 0x7f2a7c191628
P 0x7f2a7c19c1c8
C 254
= 0x7f2a7c19b1e8
R
P 0x7f2a7c191628
C 342
R
P 0x7f2a7c191628
P 0x7f2a7c19b1e8
C 209
R
P 0x7f2a7c191628
C 342
R
P 0x7f2a7c191628
P 0x7f2a7c19c1c8
C 260
R
P 0x7f2a7c191628
C 342
R
P 0x7f2a7c191628
P 0x7f2a7c19c1c8
C 259
R
P 0x7f2a7c191628
C 342
R
P 0x7f2a7c191628
P 0x7f2a7c19c1c8
C 258
R
P 0x7f2a7c191628
C 342
R
P 0x7f2a7c191628
P 0x7f2a7c19c1c8
C 9
R
P 0x7f2a7c191628
C 342
R
P 0x7f2a7c191628
I 8
P 0x7f2a7c19b208
C 150
= 0x7f2a7c19c1a8
R
P 0x7f2a7c191628
C 342
R
P 0x7f2a7c191628
P 0x7f2a7c19c1a8
C 258
R
P 0x7f2a7c191628
C 342
R
P 0x7f2a7c191628
P 0x7f2a7c19c1a8
C 9
R
P 0x7f2a7c191628
C 342
R
P 0x7f2a7c191628
P 0x7f2a7c19c1a8
C 263
R
P 0x7f2a7c191628
C 342
R
P 0x7f2a7c191628
S "slot8Start"
C 30
R
P 0x7f2a7c191628
C 342
R
P 0x7f2a7c191628
$ |slot8Start|
C 202
R
P 0x7f2a7c191628
C 342
R
P 0x7f2a7c191628
$ |slot8Start|
P 0x7f2a7c19b1e8
C 51
= 0x7f2a7c19c1c8
R
P 0x7f2a7c191628
C 342
R
P 0x7f2a7c191628
P 0x7f2a7c19c1c8
C 257
R
P 0x7f2a7c191628
C 342
R
P 0x7f2a7c191628
P 0x7f2a7c19c1c8
C 254
= 0x7f2a7c19b1e8
R
P 0x7f2a7c191628
C 342
R
P 0x7f2a7c191628
P 0x7f2a7c19b1e8
C 209
R
P 0x7f2a7c191628
C 342
R
P 0x7f2a7c191628
P 0x7f2a7c19c1c8
C 260
R
P 0x7f2a7c191628
C 342
R
P 0x7f2a7c191628
P 0x7f2a7c19c1c8
C 259
R
P 0x7f2a7c191628
C 342
R
P 0x7f2a7c191628
P 0x7f2a7c19c1c8
C 258
R
P 0x7f2a7c191628
C 342
R
P 0x7f2a7c191628
P 0x7f2a7c19c1c8
C 9
R
P 0x7f2a7c191628
C 342
R
P 0x7f2a7c191628
I 8
P 0x7f2a7c19b208
C 150
= 0x7f2a7c19c1a8
R
P 0x7f2a7c191628
C 342
R
P 0x7f2a7c191628
P 0x7f2a7c19c1a8
C 258
R
P 0x7f2a7c191628
C 342
R
P 0x7f2a7c191628
P 0x7f2a7c19c1a8
C 9
R
P 0x7f2a7c191628
C 342
R
P 0x7f2a7c191628
P 0x7f2a7c19c1a8
C 263
R
P 0x7f2a7c191628
C 342
R
P 0x7f2a7c191628
S "slot8Duration"
C 30
R
P 0x7f2a7c191628
C 342
R
P 0x7f2a7c191628
$ |slot8Duration|
C 202
R
P 0x7f2a7c191628
C 342
R
P 0x7f2a7c191628
$ |slot8Duration|
P 0x7f2a7c19b1e8
C 51
= 0x7f2a7c19c1e8
R
P 0x7f2a7c191628
C 342
R
P 0x7f2a7c191628
P 0x7f2a7c19c1e8
C 257
R
P 0x7f2a7c191628
C 342
R
P 0x7f2a7c191628
P 0x7f2a7c19c1e8
C 254
= 0x7f2a7c19b1e8
R
P 0x7f2a7c191628
C 342
R
P 0x7f2a7c191628
P 0x7f2a7c19b1e8
C 209
R
P 0x7f2a7c191628
C 342
R
P 0x7f2a7c191628
P 0x7f2a7c19c1e8
C 260
R
P 0x7f2a7c191628
C 342
R
P 0x7f2a7c191628
P 0x7f2a7c19c1e8
C 259
R
P 0x7f2a7c191628
C 342
R
P 0x7f2a7c191628
P 0x7f2a7c19c1e8
C 258
R
P 0x7f2a7c191628
C 342
R
P 0x7f2a7c191628
P 0x7f2a7c19c1e8
C 9
R
P 0x7f2a7c191628
C 342
R
P 0x7f2a7c191628
U 2
P 0x7f2a7c19c1c8
P 0x7f2a7c19c1e8
p 2
C 65
= 0x7f2a7c1a25e8
R
P 0x7f2a7c191628
C 342
R
P 0x7f2a7c191628
P 0x7f2a7c1a25e8
C 257
R
P 0x7f2a7c191628
C 342
R
P 0x7f2a7c191628
P 0x7f2a7c1a25e8
C 254
= 0x7f2a7c19b1e8
R
P 0x7f2a7c191628
C 342
R
P 0x7f2a7c191628
P 0x7f2a7c19b1e8
C 209
R
P 0x7f2a7c191628
C 342
R
P 0x7f2a7c191628
P 0x7f2a7c1a25e8
C 260
R
P 0x7f2a7c191628
C 342
R
P 0x7f2a7c191628
P 0x7f2a7c1a25e8
C 259
R
P 0x7f2a7c191628
C 342
R
P 0x7f2a7c191628
P 0x7f2a7c1a25e8
C 258
R
P 0x7f2a7c191628
C 342
R
P 0x7f2a7c191628
P 0x7f2a7c1a25e8
C 9
R
P 0x7f2a7c191628
C 342
R
P 0x7f2a7c191628
P 0x7f2a7c19c1c8
P 0x7f2a7c1a25e8
C 74
= 0x7f2a7c4869b8
R
P 0x7f2a7c191628
C 342
R
P 0x7f2a7c191628
P 0x7f2a7c4869b8
C 258
R
P 0x7f2a7c191628
C 342
R
P 0x7f2a7c191628
P 0x7f2a7c4869b8
C 9
R
P 0x7f2a7c191628
C 342
R
P 0x7f2a7c191628
U 2
P 0x7f2a7c486980
P 0x7f2a7c4869b8
p 2
C 63
= 0x7f2a7c4869f0
R
P 0x7f2a7c191628
C 342
R
P 0x7f2a7c191628
P 0x7f2a7c4869f0
C 258
R
P 0x7f2a7c191628
C 342
R
P 0x7f2a7c191628
P 0x7f2a7c4869f0
C 9
R
P 0x7f2a7c191628
C 342
R
P 0x7f2a7c191628
P 0x7f2a7c4869f0
C 58
= 0x7f2a7c473e58
R
P 0x7f2a7c191628
C 342
R
P 0x7f2a7c191628
P 0x7f2a7c473e58
C 258
R
P 0x7f2a7c191628
C 342
R
P 0x7f2a7c191628
P 0x7f2a7c473e58
C 9
R
P 0x7f2a7c191628
C 342
R
P 0x7f2a7c191628
P 0x7f2a7c473e28
P 0x7f2a7c473e58
C 61
= 0x7f2a7c486a28
R
P 0x7f2a7c191628
C 342
R
P 0x7f2a7c191628
P 0x7f2a7c486a28
C 258
R
P 0x7f2a7c191628
C 342
R
P 0x7f2a7c191628
P 0x7f2a7c486a28
C 9
R
P 0x7f2a7c191628
C 342
R
P 0x7f2a7c191628
P 0x7f2a7c1e1fc8
P 0x7f2a7c486a28
C 427
R
P 0x7f2a7c191628
C 342
R
P 0x7f2a7c191628
I 8
P 0x7f2a7c19b208
C 150
= 0x7f2a7c19c1a8
R
P 0x7f2a7c191628
C 342
R
P 0x7f2a7c191628
P 0x7f2a7c19c1a8
C 258
R
P 0x7f2a7c191628
C 342
R
P 0x7f2a7c191628
P 0x7f2a7c19c1a8
C 9
R
P 0x7f2a7c191628
C 342
R
P 0x7f2a7c191628
I 1
P 0x7f2a7c19b208
C 150
= 0x7f2a7c19bc88
R
P 0x7f2a7c191628
C 342
R
P 0x7f2a7c191628
P 0x7f2a7c19bc88
C 258
R
P 0x7f2a7c191628
C 342
R
P 0x7f2a7c191628
P 0x7f2a7c19bc88
C 9
R
P 0x7f2a7c191628
C 342
R
P 0x7f2a7c191628
P 0x7f2a7c19c1a8
P 0x7f2a7c19bc88
C 56
= 0x7f2a7c476cb0
R
P 0x7f2a7c191628
C 342
R
P 0x7f2a7c191628
P 0x7f2a7c476cb0
C 258
R
P 0x7f2a7c191628
C 342
R
P 0x7f2a7c191628
P 0x7f2a7c476cb0
C 9
R
P 0x7f2a7c191628
C 342
R
P 0x7f2a7c191628
P 0x7f2a7c476cb0
C 58
= 0x7f2a7c473b88
R
P 0x7f2a7c191628
C 342
R
P 0x7f2a7c191628
P 0x7f2a7c473b88
C 258
R
P 0x7f2a7c191628
C 342
R
P 0x7f2a7c191628
P 0x7f2a7c473b88
C 9
R
P 0x7f2a7c191628
C 342
R
P 0x7f2a7c191628
I 1
P 0x7f2a7c19b208
C 150
= 0x7f2a7c19bc88
R
P 0x7f2a7c191628
C 342
R
P 0x7f2a7c191628
P 0x7f2a7c19bc88
C 258
R
P 0x7f2a7c191628
C 342
R
P 0x7f2a7c191628
P 0x7f2a7c19bc88
C 9
R
P 0x7f2a7c191628
C 342
R
P 0x7f2a7c191628
P 0x7f2a7c19bc88
C 263
R
P 0x7f2a7c191628
C 342
R
P 0x7f2a7c191628
S "slot1Start"
C 30
R
P 0x7f2a7c191628
C 342
R
P 0x7f2a7c191628
$ |slot1Start|
C 202
R
P 0x7f2a7c191628
C 342
R
P 0x7f2a7c191628
$ |slot1Start|
P 0x7f2a7c19b1e8
C 51
= 0x7f2a7c19bf48
R
P 0x7f2a7c191628
C 342
R
P 0x7f2a7c191628
P 0x7f2a7c19bf48
C 257
R
P 0x7f2a7c191628
C 342
R
P 0x7f2a7c191628
P 0x7f2a7c19bf48
C 254
= 0x7f2a7c19b1e8
R
P 0x7f2a7c191628
C 342
R
P 0x7f2a7c191628
P 0x7f2a7c19b1e8
C 209
R
P 0x7f2a7c191628
C 342
R
P 0x7f2a7c191628
P 0x7f2a7c19bf48
C 260
R
P 0x7f2a7c191628
C 342
R
P 0x7f2a7c191628
P 0x7f2a7c19bf48
C 259
R
P 0x7f2a7c191628
C 342
R
P 0x7f2a7c191628
P 0x7f2a7c19bf48
C 258
R
P 0x7f2a7c191628
C 342
R
P 0x7f2a7c191628
P 0x7f2a7c19bf48
C 9
R
P 0x7f2a7c191628
C 342
R
P 0x7f2a7c191628
I 8
P 0x7f2a7c19b208
C 150
= 0x7f2a7c19c1a8
R
P 0x7f2a7c191628
C 342
R
P 0x7f2a7c191628
P 0x7f2a7c19c1a8
C 258
R
P 0x7f2a7c191628
C 342
R
P 0x7f2a7c191628
P 0x7f2a7c19c1a8
C 9
R
P 0x7f2a7c191628
C 342
R
P 0x7f2a7c191628
P 0x7f2a7c19c1a8
C 263
R
P 0x7f2a7c191628
C 342
R
P 0x7f2a7c191628
S "slot8Start"
C 30
R
P 0x7f2a7c191628
C 342
R
P 0x7f2a7c191628
$ |slot8Start|
C 202
R
P 0x7f2a7c191628
C 342
R
P 0x7f2a7c191628
$ |slot8Start|
P 0x7f2a7c19b1e8
C 51
= 0x7f2a7c19c1c8
R
P 0x7f2a7c191628
C 342
R
P 0x7f2a7c191628
P 0x7f2a7c19c1c8
C 257
R
P 0x7f2a7c191628
C 342
R
P 0x7f2a7c191628
P 0x7f2a7c19c1c8
C 254
= 0x7f2a7c19b1e8
R
P 0x7f2a7c191628
C 342
R
P 0x7f2a7c191628
P 0x7f2a7c19b1e8
C 209
R
P 0x7f2a7c191628
C 342
R
P 0x7f2a7c191628
P 0x7f2a7c19c1c8
C 260
R
P 0x7f2a7c191628
C 342
R
P 0x7f2a7c191628
P 0x7f2a7c19c1c8
C 259
R
P 0x7f2a7c191628
C 342
R
P 0x7f2a7c191628
P 0x7f2a7c19c1c8
C 258
R
P 0x7f2a7c191628
C 342
R
P 0x7f2a7c191628
P 0x7f2a7c19c1c8
C 9
R
P 0x7f2a7c191628
C 342
R
P 0x7f2a7c191628
I 8
P 0x7f2a7c19b208
C 150
= 0x7f2a7c19c1a8
R
P 0x7f2a7c191628
C 342
R
P 0x7f2a7c191628
P 0x7f2a7c19c1a8
C 258
R
P 0x7f2a7c191628
C 342
R
P 0x7f2a7c191628
P 0x7f2a7c19c1a8
C 9
R
P 0x7f2a7c191628
C 342
R
P 0x7f2a7c191628
P 0x7f2a7c19c1a8
C 263
R
P 0x7f2a7c191628
C 342
R
P 0x7f2a7c191628
S "slot8Duration"
C 30
R
P 0x7f2a7c191628
C 342
R
P 0x7f2a7c191628
$ |slot8Duration|
C 202
R
P 0x7f2a7c191628
C 342
R
P 0x7f2a7c191628
$ |slot8Duration|
P 0x7f2a7c19b1e8
C 51
= 0x7f2a7c19c1e8
R
P 0x7f2a7c191628
C 342
R
P 0x7f2a7c191628
P 0x7f2a7c19c1e8
C 257
R
P 0x7f2a7c191628
C 342
R
P 0x7f2a7c191628
P 0x7f2a7c19c1e8
C 254
= 0x7f2a7c19b1e8
R
P 0x7f2a7c191628
C 342
R
P 0x7f2a7c191628
P 0x7f2a7c19b1e8
C 209
R
P 0x7f2a7c191628
C 342
R
P 0x7f2a7c191628
P 0x7f2a7c19c1e8
C 260
R
P 0x7f2a7c191628
C 342
R
P 0x7f2a7c191628
P 0x7f2a7c19c1e8
C 259
R
P 0x7f2a7c191628
C 342
R
P 0x7f2a7c191628
P 0x7f2a7c19c1e8
C 258
R
P 0x7f2a7c191628
C 342
R
P 0x7f2a7c191628
P 0x7f2a7c19c1e8
C 9
R
P 0x7f2a7c191628
C 342
R
P 0x7f2a7c191628
U 2
P 0x7f2a7c19c1c8
P 0x7f2a7c19c1e8
p 2
C 65
= 0x7f2a7c1a25e8
R
P 0x7f2a7c191628
C 342
R
P 0x7f2a7c191628
P 0x7f2a7c1a25e8
C 257
R
P 0x7f2a7c191628
C 342
R
P 0x7f2a7c191628
P 0x7f2a7c1a25e8
C 254
= 0x7f2a7c19b1e8
R
P 0x7f2a7c191628
C 342
R
P 0x7f2a7c191628
P 0x7f2a7c19b1e8
C 209
R
P 0x7f2a7c191628
C 342
R
P 0x7f2a7c191628
P 0x7f2a7c1a25e8
C 260
R
P 0x7f2a7c191628
C 342
R
P 0x7f2a7c191628
P 0x7f2a7c1a25e8
C 259
R
P 0x7f2a7c191628
C 342
R
P 0x7f2a7c191628
P 0x7f2a7c1a25e8
C 258
R
P 0x7f2a7c191628
C 342
R
P 0x7f2a7c191628
P 0x7f2a7c1a25e8
C 9
R
P 0x7f2a7c191628
C 342
R
P 0x7f2a7c191628
P 0x7f2a7c19bf48
P 0x7f2a7c1a25e8
C 74
= 0x7f2a7c1a2620
R
P 0x7f2a7c191628
C 342
R
P 0x7f2a7c191628
P 0x7f2a7c1a2620
C 258
R
P 0x7f2a7c191628
C 342
R
P 0x7f2a7c191628
P 0x7f2a7c1a2620
C 9
R
P 0x7f2a7c191628
C 342
R
P 0x7f2a7c191628
I 8
P 0x7f2a7c19b208
C 150
= 0x7f2a7c19c1a8
R
P 0x7f2a7c191628
C 342
R
P 0x7f2a7c191628
P 0x7f2a7c19c1a8
C 258
R
P 0x7f2a7c191628
C 342
R
P 0x7f2a7c191628
P 0x7f2a7c19c1a8
C 9
R
P 0x7f2a7c191628
C 342
R
P 0x7f2a7c191628
P 0x7f2a7c19c1a8
C 263
R
P 0x7f2a7c191628
C 342
R
P 0x7f2a7c191628
S "slot8Start"
C 30
R
P 0x7f2a7c191628
C 342
R
P 0x7f2a7c191628
$ |slot8Start|
C 202
R
P 0x7f2a7c191628
C 342
R
P 0x7f2a7c191628
$ |slot8Start|
P 0x7f2a7c19b1e8
C 51
= 0x7f2a7c19c1c8
R
P 0x7f2a7c191628
C 342
R
P 0x7f2a7c191628
P 0x7f2a7c19c1c8
C 257
R
P 0x7f2a7c191628
C 342
R
P 0x7f2a7c191628
P 0x7f2a7c19c1c8
C 254
= 0x7f2a7c19b1e8
R
P 0x7f2a7c191628
C 342
R
P 0x7f2a7c191628
P 0x7f2a7c19b1e8
C 209
R
P 0x7f2a7c191628
C 342
R
P 0x7f2a7c191628
P 0x7f2a7c19c1c8
C 260
R
P 0x7f2a7c191628
C 342
R
P 0x7f2a7c191628
P 0x7f2a7c19c1c8
C 259
R
P 0x7f2a7c191628
C 342
R
P 0x7f2a7c191628
P 0x7f2a7c19c1c8
C 258
R
P 0x7f2a7c191628
C 342
R
P 0x7f2a7c191628
P 0x7f2a7c19c1c8
C 9
R
P 0x7f2a7c191628
C 342
R
P 0x7f2a7c191628
I 8
P 0x7f2a7c19b208
C 150
= 0x7f2a7c19c1a8
R
P 0x7f2a7c191628
C 342
R
P 0x7f2a7c191628
P 0x7f2a7c19c1a8
C 258
R
P 0x7f2a7c191628
C 342
R
P 0x7f2a7c191628
P 0x7f2a7c19c1a8
C 9
R
P 0x7f2a7c191628
C 342
R
P 0x7f2a7c191628
P 0x7f2a7c19c1a8
C 263
R
P 0x7f2a7c191628
C 342
R
P 0x7f2a7c191628
S "slot8Duration"
C 30
R
P 0x7f2a7c191628
C 342
R
P 0x7f2a7c191628
$ |slot8Duration|
C 202
R
P 0x7f2a7c191628
C 342
R
P 0x7f2a7c191628
$ |slot8Duration|
P 0x7f2a7c19b1e8
C 51
= 0x7f2a7c19c1e8
R
P 0x7f2a7c191628
C 342
R
P 0x7f2a7c191628
P 0x7f2a7c19c1e8
C 257
R
P 0x7f2a7c191628
C 342
R
P 0x7f2a7c191628
P 0x7f2a7c19c1e8
C 254
= 0x7f2a7c19b1e8
R
P 0x7f2a7c191628
C 342
R
P 0x7f2a7c191628
P 0x7f2a7c19b1e8
C 209
R
P 0x7f2a7c191628
C 342
R
P 0x7f2a7c191628
P 0x7f2a7c19c1e8
C 260
R
P 0x7f2a7c191628
C 342
R
P 0x7f2a7c191628
P 0x7f2a7c19c1e8
C 259
R
P 0x7f2a7c191628
C 342
R
P 0x7f2a7c191628
P 0x7f2a7c19c1e8
C 258
R
P 0x7f2a7c191628
C 342
R
P 0x7f2a7c191628
P 0x7f2a7c19c1e8
C 9
R
P 0x7f2a7c191628
C 342
R
P 0x7f2a7c191628
U 2
P 0x7f2a7c19c1c8
P 0x7f2a7c19c1e8
p 2
C 65
= 0x7f2a7c1a25e8
R
P 0x7f2a7c191628
C 342
R
P 0x7f2a7c191628
P 0x7f2a7c1a25e8
C 257
R
P 0x7f2a7c191628
C 342
R
P 0x7f2a7c191628
P 0x7f2a7c1a25e8
C 254
= 0x7f2a7c19b1e8
R
P 0x7f2a7c191628
C 342
R
P 0x7f2a7c191628
P 0x7f2a7c19b1e8
C 209
R
P 0x7f2a7c191628
C 342
R
P 0x7f2a7c191628
P 0x7f2a7c1a25e8
C 260
R
P 0x7f2a7c191628
C 342
R
P 0x7f2a7c191628
P 0x7f2a7c1a25e8
C 259
R
P 0x7f2a7c191628
C 342
R
P 0x7f2a7c191628
P 0x7f2a7c1a25e8
C 258
R
P 0x7f2a7c191628
C 342
R
P 0x7f2a7c191628
P 0x7f2a7c1a25e8
C 9
R
P 0x7f2a7c191628
C 342
R
P 0x7f2a7c191628
I 1
P 0x7f2a7c19b208
C 150
= 0x7f2a7c19bc88
R
P 0x7f2a7c191628
C 342
R
P 0x7f2a7c191628
P 0x7f2a7c19bc88
C 258
R
P 0x7f2a7c191628
C 342
R
P 0x7f2a7c191628
P 0x7f2a7c19bc88
C 9
R
P 0x7f2a7c191628
C 342
R
P 0x7f2a7c191628
P 0x7f2a7c19bc88
C 263
R
P 0x7f2a7c191628
C 342
R
P 0x7f2a7c191628
S "slot1Start"
C 30
R
P 0x7f2a7c191628
C 342
R
P 0x7f2a7c191628
$ |slot1Start|
C 202
R
P 0x7f2a7c191628
C 342
R
P 0x7f2a7c191628
$ |slot1Start|
P 0x7f2a7c19b1e8
C 51
= 0x7f2a7c19bf48
R
P 0x7f2a7c191628
C 342
R
P 0x7f2a7c191628
P 0x7f2a7c19bf48
C 257
R
P 0x7f2a7c191628
C 342
R
P 0x7f2a7c191628
P 0x7f2a7c19bf48
C 254
= 0x7f2a7c19b1e8
R
P 0x7f2a7c191628
C 342
R
P 0x7f2a7c191628
P 0x7f2a7c19b1e8
C 209
R
P 0x7f2a7c191628
C 342
R
P 0x7f2a7c191628
P 0x7f2a7c19bf48
C 260
R
P 0x7f2a7c191628
C 342
R
P 0x7f2a7c191628
P 0x7f2a7c19bf48
C 259
R
P 0x7f2a7c191628
C 342
R
P 0x7f2a7c191628
P 0x7f2a7c19bf48
C 258
R
P 0x7f2a7c191628
C 342
R
P 0x7f2a7c191628
P 0x7f2a7c19bf48
C 9
R
P 0x7f2a7c191628
C 342
R
P 0x7f2a7c191628
I 1
P 0x7f2a7c19b208
C 150
= 0x7f2a7c19bc88
R
P 0x7f2a7c191628
C 342
R
P 0x7f2a7c191628
P 0x7f2a7c19bc88
C 258
R
P 0x7f2a7c191628
C 342
R
P 0x7f2a7c191628
P 0x7f2a7c19bc88
C 9
R
P 0x7f2a7c191628
C 342
R
P 0x7f2a7c191628
P 0x7f2a7c19bc88
C 263
R
P 0x7f2a7c191628
C 342
R
P 0x7f2a7c191628
S "slot1Duration"
C 30
R
P 0x7f2a7c191628
C 342
R
P 0x7f2a7c191628
$ |slot1Duration|
C 202
R
P 0x7f2a7c191628
C 342
R
P 0x7f2a7c191628
$ |slot1Duration|
P 0x7f2a7c19b1e8
C 51
= 0x7f2a7c19bf68
R
P 0x7f2a7c191628
C 342
R
P 0x7f2a7c191628
P 0x7f2a7c19bf68
C 257
R
P 0x7f2a7c191628
C 342
R
P 0x7f2a7c191628
P 0x7f2a7c19bf68
C 254
= 0x7f2a7c19b1e8
R
P 0x7f2a7c191628
C 342
R
P 0x7f2a7c191628
P 0x7f2a7c19b1e8
C 209
R
P 0x7f2a7c191628
C 342
R
P 0x7f2a7c191628
P 0x7f2a7c19bf68
C 260
R
P 0x7f2a7c191628
C 342
R
P 0x7f2a7c191628
P 0x7f2a7c19bf68
C 259
R
P 0x7f2a7c191628
C 342
R
P 0x7f2a7c191628
P 0x7f2a7c19bf68
C 258
R
P 0x7f2a7c191628
C 342
R
P 0x7f2a7c191628
P 0x7f2a7c19bf68
C 9
R
P 0x7f2a7c191628
C 342
R
P 0x7f2a7c191628
U 2
P 0x7f2a7c19bf48
P 0x7f2a7c19bf68
p 2
C 65
= 0x7f2a7c1a1cb8
R
P 0x7f2a7c191628
C 342
R
P 0x7f2a7c191628
P 0x7f2a7c1a1cb8
C 257
R
P 0x7f2a7c191628
C 342
R
P 0x7f2a7c191628
P 0x7f2a7c1a1cb8
C 254
= 0x7f2a7c19b1e8
R
P 0x7f2a7c191628
C 342
R
P 0x7f2a7c191628
P 0x7f2a7c19b1e8
C 209
R
P 0x7f2a7c191628
C 342
R
P 0x7f2a7c191628
P 0x7f2a7c1a1cb8
C 260
R
P 0x7f2a7c191628
C 342
R
P 0x7f2a7c191628
P 0x7f2a7c1a1cb8
C 259
R
P 0x7f2a7c191628
C 342
R
P 0x7f2a7c191628
P 0x7f2a7c1a1cb8
C 258
R
P 0x7f2a7c191628
C 342
R
P 0x7f2a7c191628
P 0x7f2a7c1a1cb8
C 9
R
P 0x7f2a7c191628
C 342
R
P 0x7f2a7c191628
P 0x7f2a7c1a25e8
P 0x7f2a7c1a1cb8
C 74
= 0x7f2a7c486a60
R
P 0x7f2a7c191628
C 342
R
P 0x7f2a7c191628
P 0x7f2a7c486a60
C 258
R
P 0x7f2a7c191628
C 342
R
P 0x7f2a7c191628
P 0x7f2a7c486a60
C 9
R
P 0x7f2a7c191628
C 342
R
P 0x7f2a7c191628
U 2
P 0x7f2a7c1a2620
P 0x7f2a7c486a60
p 2
C 63
= 0x7f2a7c486a98
R
P 0x7f2a7c191628
C 342
R
P 0x7f2a7c191628
P 0x7f2a7c486a98
C 258
R
P 0x7f2a7c191628
C 342
R
P 0x7f2a7c191628
P 0x7f2a7c486a98
C 9
R
P 0x7f2a7c191628
C 342
R
P 0x7f2a7c191628
P 0x7f2a7c486a98
C 58
= 0x7f2a7c473e88
R
P 0x7f2a7c191628
C 342
R
P 0x7f2a7c191628
P 0x7f2a7c473e88
C 258
R
P 0x7f2a7c191628
C 342
R
P 0x7f2a7c191628
P 0x7f2a7c473e88
C 9
R
P 0x7f2a7c191628
C 342
R
P 0x7f2a7c191628
P 0x7f2a7c473b88
P 0x7f2a7c473e88
C 61
= 0x7f2a7c486ad0
R
P 0x7f2a7c191628
C 342
R
P 0x7f2a7c191628
P 0x7f2a7c486ad0
C 258
R
P 0x7f2a7c191628
C 342
R
P 0x7f2a7c191628
P 0x7f2a7c486ad0
C 9
R
P 0x7f2a7c191628
C 342
R
P 0x7f2a7c191628
P 0x7f2a7c1e1fc8
P 0x7f2a7c486ad0
C 427
R
P 0x7f2a7c191628
C 342
R
P 0x7f2a7c191628
I 8
P 0x7f2a7c19b208
C 150
= 0x7f2a7c19c1a8
R
P 0x7f2a7c191628
C 342
R
P 0x7f2a7c191628
P 0x7f2a7c19c1a8
C 258
R
P 0x7f2a7c191628
C 342
R
P 0x7f2a7c191628
P 0x7f2a7c19c1a8
C 9
R
P 0x7f2a7c191628
C 342
R
P 0x7f2a7c191628
I 2
P 0x7f2a7c19b208
C 150
= 0x7f2a7c19bcc8
R
P 0x7f2a7c191628
C 342
R
P 0x7f2a7c191628
P 0x7f2a7c19bcc8
C 258
R
P 0x7f2a7c191628
C 342
R
P 0x7f2a7c191628
P 0x7f2a7c19bcc8
C 9
R
P 0x7f2a7c191628
C 342
R
P 0x7f2a7c191628
P 0x7f2a7c19c1a8
P 0x7f2a7c19bcc8
C 56
= 0x7f2a7c476d90
R
P 0x7f2a7c191628
C 342
R
P 0x7f2a7c191628
P 0x7f2a7c476d90
C 258
R
P 0x7f2a7c191628
C 342
R
P 0x7f2a7c191628
P 0x7f2a7c476d90
C 9
R
P 0x7f2a7c191628
C 342
R
P 0x7f2a7c191628
P 0x7f2a7c476d90
C 58
= 0x7f2a7c473be8
R
P 0x7f2a7c191628
C 342
R
P 0x7f2a7c191628
P 0x7f2a7c473be8
C 258
R
P 0x7f2a7c191628
C 342
R
P 0x7f2a7c191628
P 0x7f2a7c473be8
C 9
R
P 0x7f2a7c191628
C 342
R
P 0x7f2a7c191628
I 2
P 0x7f2a7c19b208
C 150
= 0x7f2a7c19bcc8
R
P 0x7f2a7c191628
C 342
R
P 0x7f2a7c191628
P 0x7f2a7c19bcc8
C 258
R
P 0x7f2a7c191628
C 342
R
P 0x7f2a7c191628
P 0x7f2a7c19bcc8
C 9
R
P 0x7f2a7c191628
C 342
R
P 0x7f2a7c191628
P 0x7f2a7c19bcc8
C 263
R
P 0x7f2a7c191628
C 342
R
P 0x7f2a7c191628
S "slot2Start"
C 30
R
P 0x7f2a7c191628
C 342
R
P 0x7f2a7c191628
$ |slot2Start|
C 202
R
P 0x7f2a7c191628
C 342
R
P 0x7f2a7c191628
$ |slot2Start|
P 0x7f2a7c19b1e8
C 51
= 0x7f2a7c19bf88
R
P 0x7f2a7c191628
C 342
R
P 0x7f2a7c191628
P 0x7f2a7c19bf88
C 257
R
P 0x7f2a7c191628
C 342
R
P 0x7f2a7c191628
P 0x7f2a7c19bf88
C 254
= 0x7f2a7c19b1e8
R
P 0x7f2a7c191628
C 342
R
P 0x7f2a7c191628
P 0x7f2a7c19b1e8
C 209
R
P 0x7f2a7c191628
C 342
R
P 0x7f2a7c191628
P 0x7f2a7c19bf88
C 260
R
P 0x7f2a7c191628
C 342
R
P 0x7f2a7c191628
P 0x7f2a7c19bf88
C 259
R
P 0x7f2a7c191628
C 342
R
P 0x7f2a7c191628
P 0x7f2a7c19bf88
C 258
R
P 0x7f2a7c191628
C 342
R
P 0x7f2a7c191628
P 0x7f2a7c19bf88
C 9
R
P 0x7f2a7c191628
C 342
R
P 0x7f2a7c191628
I 8
P 0x7f2a7c19b208
C 150
= 0x7f2a7c19c1a8
R
P 0x7f2a7c191628
C 342
R
P 0x7f2a7c191628
P 0x7f2a7c19c1a8
C 258
R
P 0x7f2a7c191628
C 342
R
P 0x7f2a7c191628
P 0x7f2a7c19c1a8
C 9
R
P 0x7f2a7c191628
C 342
R
P 0x7f2a7c191628
P 0x7f2a7c19c1a8
C 263
R
P 0x7f2a7c191628
C 342
R
P 0x7f2a7c191628
S "slot8Start"
C 30
R
P 0x7f2a7c191628
C 342
R
P 0x7f2a7c191628
$ |slot8Start|
C 202
R
P 0x7f2a7c191628
C 342
R
P 0x7f2a7c191628
$ |slot8Start|
P 0x7f2a7c19b1e8
C 51
= 0x7f2a7c19c1c8
R
P 0x7f2a7c191628
C 342
R
P 0x7f2a7c191628
P 0x7f2a7c19c1c8
C 257
R
P 0x7f2a7c191628
C 342
R
P 0x7f2a7c191628
P 0x7f2a7c19c1c8
C 254
= 0x7f2a7c19b1e8
R
P 0x7f2a7c191628
C 342
R
P 0x7f2a7c191628
P 0x7f2a7c19b1e8
C 209
R
P 0x7f2a7c191628
C 342
R
P 0x7f2a7c191628
P 0x7f2a7c19c1c8
C 260
R
P 0x7f2a7c191628
C 342
R
P 0x7f2a7c191628
P 0x7f2a7c19c1c8
C 259
R
P 0x7f2a7c191628
C 342
R
P 0x7f2a7c191628
P 0x7f2a7c19c1c8
C 258
R
P 0x7f2a7c191628
C 342
R
P 0x7f2a7c191628
P 0x7f2a7c19c1c8
C 9
R
P 0x7f2a7c191628
C 342
R
P 0x7f2a7c191628
I 8
P 0x7f2a7c19b208
C 150
= 0x7f2a7c19c1a8
R
P 0x7f2a7c191628
C 342
R
P 0x7f2a7c191628
P 0x7f2a7c19c1a8
C 258
R
P 0x7f2a7c191628
C 342
R
P 0x7f2a7c191628
P 0x7f2a7c19c1a8
C 9
R
P 0x7f2a7c191628
C 342
R
P 0x7f2a7c191628
P 0x7f2a7c19c1a8
C 263
R
P 0x7f2a7c191628
C 342
R
P 0x7f2a7c191628
S "slot8Duration"
C 30
R
P 0x7f2a7c191628
C 342
R
P 0x7f2a7c191628
$ |slot8Duration|
C 202
R
P 0x7f2a7c191628
C 342
R
P 0x7f2a7c191628
$ |slot8Duration|
P 0x7f2a7c19b1e8
C 51
= 0x7f2a7c19c1e8
R
P 0x7f2a7c191628
C 342
R
P 0x7f2a7c191628
P 0x7f2a7c19c1e8
C 257
R
P 0x7f2a7c191628
C 342
R
P 0x7f2a7c191628
P 0x7f2a7c19c1e8
C 254
= 0x7f2a7c19b1e8
R
P 0x7f2a7c191628
C 342
R
P 0x7f2a7c191628
P 0x7f2a7c19b1e8
C 209
R
P 0x7f2a7c191628
C 342
R
P 0x7f2a7c191628
P 0x7f2a7c19c1e8
C 260
R
P 0x7f2a7c191628
C 342
R
P 0x7f2a7c191628
P 0x7f2a7c19c1e8
C 259
R
P 0x7f2a7c191628
C 342
R
P 0x7f2a7c191628
P 0x7f2a7c19c1e8
C 258
R
P 0x7f2a7c191628
C 342
R
P 0x7f2a7c191628
P 0x7f2a7c19c1e8
C 9
R
P 0x7f2a7c191628
C 342
R
P 0x7f2a7c191628
U 2
P 0x7f2a7c19c1c8
P 0x7f2a7c19c1e8
p 2
C 65
= 0x7f2a7c1a25e8
R
P 0x7f2a7c191628
C 342
R
P 0x7f2a7c191628
P 0x7f2a7c1a25e8
C 257
R
P 0x7f2a7c191628
C 342
R
P 0x7f2a7c191628
P 0x7f2a7c1a25e8
C 254
= 0x7f2a7c19b1e8
R
P 0x7f2a7c191628
C 342
R
P 0x7f2a7c191628
P 0x7f2a7c19b1e8
C 209
R
P 0x7f2a7c191628
C 342
R
P 0x7f2a7c191628
P 0x7f2a7c1a25e8
C 260
R
P 0x7f2a7c191628
C 342
R
P 0x7f2a7c191628
P 0x7f2a7c1a25e8
C 259
R
P 0x7f2a7c191628
C 342
R
P 0x7f2a7c191628
P 0x7f2a7c1a25e8
C 258
R
P 0x7f2a7c191628
C 342
R
P 0x7f2a7c191628
P 0x7f2a7c1a25e8
C 9
R
P 0x7f2a7c191628
C 342
R
P 0x7f2a7c191628
P 0x7f2a7c19bf88
P 0x7f2a7c1a25e8
C 74
= 0x7f2a7c2cb9e0
R
P 0x7f2a7c191628
C 342
R
P 0x7f2a7c191628
P 0x7f2a7c2cb9e0
C 258
R
P 0x7f2a7c191628
C 342
R
P 0x7f2a7c191628
P 0x7f2a7c2cb9e0
C 9
R
P 0x7f2a7c191628
C 342
R
P 0x7f2a7c191628
I 8
P 0x7f2a7c19b208
C 150
= 0x7f2a7c19c1a8
R
P 0x7f2a7c191628
C 342
R
P 0x7f2a7c191628
P 0x7f2a7c19c1a8
C 258
R
P 0x7f2a7c191628
C 342
R
P 0x7f2a7c191628
P 0x7f2a7c19c1a8
C 9
R
P 0x7f2a7c191628
C 342
R
P 0x7f2a7c191628
P 0x7f2a7c19c1a8
C 263
R
P 0x7f2a7c191628
C 342
R
P 0x7f2a7c191628
S "slot8Start"
C 30
R
P 0x7f2a7c191628
C 342
R
P 0x7f2a7c191628
$ |slot8Start|
C 202
R
P 0x7f2a7c191628
C 342
R
P 0x7f2a7c191628
$ |slot8Start|
P 0x7f2a7c19b1e8
C 51
= 0x7f2a7c19c1c8
R
P 0x7f2a7c191628
C 342
R
P 0x7f2a7c191628
P 0x7f2a7c19c1c8
C 257
R
P 0x7f2a7c191628
C 342
R
P 0x7f2a7c191628
P 0x7f2a7c19c1c8
C 254
= 0x7f2a7c19b1e8
R
P 0x7f2a7c191628
C 342
R
P 0x7f2a7c191628
P 0x7f2a7c19b1e8
C 209
R
P 0x7f2a7c191628
C 342
R
P 0x7f2a7c191628
P 0x7f2a7c19c1c8
C 260
R
P 0x7f2a7c191628
C 342
R
P 0x7f2a7c191628
P 0x7f2a7c19c1c8
C 259
R
P 0x7f2a7c191628
C 342
R
P 0x7f2a7c191628
P 0x7f2a7c19c1c8
C 258
R
P 0x7f2a7c191628
C 342
R
P 0x7f2a7c191628
P 0x7f2a7c19c1c8
C 9
R
P 0x7f2a7c191628
C 342
R
P 0x7f2a7c191628
I 8
P 0x7f2a7c19b208
C 150
= 0x7f2a7c19c1a8
R
P 0x7f2a7c191628
C 342
R
P 0x7f2a7c191628
P 0x7f2a7c19c1a8
C 258
R
P 0x7f2a7c191628
C 342
R
P 0x7f2a7c191628
P 0x7f2a7c19c1a8
C 9
R
P 0x7f2a7c191628
C 342
R
P 0x7f2a7c191628
P 0x7f2a7c19c1a8
C 263
R
P 0x7f2a7c191628
C 342
R
P 0x7f2a7c191628
S "slot8Duration"
C 30
R
P 0x7f2a7c191628
C 342
R
P 0x7f2a7c191628
$ |slot8Duration|
C 202
R
P 0x7f2a7c191628
C 342
R
P 0x7f2a7c191628
$ |slot8Duration|
P 0x7f2a7c19b1e8
C 51
= 0x7f2a7c19c1e8
R
P 0x7f2a7c191628
C 342
R
P 0x7f2a7c191628
P 0x7f2a7c19c1e8
C 257
R
P 0x7f2a7c191628
C 342
R
P 0x7f2a7c191628
P 0x7f2a7c19c1e8
C 254
= 0x7f2a7c19b1e8
R
P 0x7f2a7c191628
C 342
R
P 0x7f2a7c191628
P 0x7f2a7c19b1e8
C 209
R
P 0x7f2a7c191628
C 342
R
P 0x7f2a7c191628
P 0x7f2a7c19c1e8
C 260
R
P 0x7f2a7c191628
C 342
R
P 0x7f2a7c191628
P 0x7f2a7c19c1e8
C 259
R
P 0x7f2a7c191628
C 342
R
P 0x7f2a7c191628
P 0x7f2a7c19c1e8
C 258
R
P 0x7f2a7c191628
C 342
R
P 0x7f2a7c191628
P 0x7f2a7c19c1e8
C 9
R
P 0x7f2a7c191628
C 342
R
P 0x7f2a7c191628
U 2
P 0x7f2a7c19c1c8
P 0x7f2a7c19c1e8
p 2
C 65
= 0x7f2a7c1a25e8
R
P 0x7f2a7c191628
C 342
R
P 0x7f2a7c191628
P 0x7f2a7c1a25e8
C 257
R
P 0x7f2a7c191628
C 342
R
P 0x7f2a7c191628
P 0x7f2a7c1a25e8
C 254
= 0x7f2a7c19b1e8
R
P 0x7f2a7c191628
C 342
R
P 0x7f2a7c191628
P 0x7f2a7c19b1e8
C 209
R
P 0x7f2a7c191628
C 342
R
P 0x7f2a7c191628
P 0x7f2a7c1a25e8
C 260
R
P 0x7f2a7c191628
C 342
R
P 0x7f2a7c191628
P 0x7f2a7c1a25e8
C 259
R
P 0x7f2a7c191628
C 342
R
P 0x7f2a7c191628
P 0x7f2a7c1a25e8
C 258
R
P 0x7f2a7c191628
C 342
R
P 0x7f2a7c191628
P 0x7f2a7c1a25e8
C 9
R
P 0x7f2a7c191628
C 342
R
P 0x7f2a7c191628
I 2
P 0x7f2a7c19b208
C 150
= 0x7f2a7c19bcc8
R
P 0x7f2a7c191628
C 342
R
P 0x7f2a7c191628
P 0x7f2a7c19bcc8
C 258
R
P 0x7f2a7c191628
C 342
R
P 0x7f2a7c191628
P 0x7f2a7c19bcc8
C 9
R
P 0x7f2a7c191628
C 342
R
P 0x7f2a7c191628
P 0x7f2a7c19bcc8
C 263
R
P 0x7f2a7c191628
C 342
R
P 0x7f2a7c191628
S "slot2Start"
C 30
R
P 0x7f2a7c191628
C 342
R
P 0x7f2a7c191628
$ |slot2Start|
C 202
R
P 0x7f2a7c191628
C 342
R
P 0x7f2a7c191628
$ |slot2Start|
P 0x7f2a7c19b1e8
C 51
= 0x7f2a7c19bf88
R
P 0x7f2a7c191628
C 342
R
P 0x7f2a7c191628
P 0x7f2a7c19bf88
C 257
R
P 0x7f2a7c191628
C 342
R
P 0x7f2a7c191628
P 0x7f2a7c19bf88
C 254
= 0x7f2a7c19b1e8
R
P 0x7f2a7c191628
C 342
R
P 0x7f2a7c191628
P 0x7f2a7c19b1e8
C 209
R
P 0x7f2a7c191628
C 342
R
P 0x7f2a7c191628
P 0x7f2a7c19bf88
C 260
R
P 0x7f2a7c191628
C 342
R
P 0x7f2a7c191628
P 0x7f2a7c19bf88
C 259
R
P 0x7f2a7c191628
C 342
R
P 0x7f2a7c191628
P 0x7f2a7c19bf88
C 258
R
P 0x7f2a7c191628
C 342
R
P 0x7f2a7c191628
P 0x7f2a7c19bf88
C 9
R
P 0x7f2a7c191628
C 342
R
P 0x7f2a7c191628
I 2
P 0x7f2a7c19b208
C 150
= 0x7f2a7c19bcc8
R
P 0x7f2a7c191628
C 342
R
P 0x7f2a7c191628
P 0x7f2a7c19bcc8
C 258
R
P 0x7f2a7c191628
C 342
R
P 0x7f2a7c191628
P 0x7f2a7c19bcc8
C 9
R
P 0x7f2a7c191628
C 342
R
P 0x7f2a7c191628
P 0x7f2a7c19bcc8
C 263
R
P 0x7f2a7c191628
C 342
R
P 0x7f2a7c191628
S "slot2Duration"
C 30
R
P 0x7f2a7c191628
C 342
R
P 0x7f2a7c191628
$ |slot2Duration|
C 202
R
P 0x7f2a7c191628
C 342
R
P 0x7f2a7c191628
$ |slot2Duration|
P 0x7f2a7c19b1e8
C 51
= 0x7f2a7c19bfa8
R
P 0x7f2a7c191628
C 342
R
P 0x7f2a7c191628
P 0x7f2a7c19bfa8
C 257
R
P 0x7f2a7c191628
C 342
R
P 0x7f2a7c191628
P 0x7f2a7c19bfa8
C 254
= 0x7f2a7c19b1e8
R
P 0x7f2a7c191628
C 342
R
P 0x7f2a7c191628
P 0x7f2a7c19b1e8
C 209
R
P 0x7f2a7c191628
C 342
R
P 0x7f2a7c191628
P 0x7f2a7c19bfa8
C 260
R
P 0x7f2a7c191628
C 342
R
P 0x7f2a7c191628
P 0x7f2a7c19bfa8
C 259
R
P 0x7f2a7c191628
C 342
R
P 0x7f2a7c191628
P 0x7f2a7c19bfa8
C 258
R
P 0x7f2a7c191628
C 342
R
P 0x7f2a7c191628
P 0x7f2a7c19bfa8
C 9
R
P 0x7f2a7c191628
C 342
R
P 0x7f2a7c191628
U 2
P 0x7f2a7c19bf88
P 0x7f2a7c19bfa8
p 2
C 65
= 0x7f2a7c1a1e08
R
P 0x7f2a7c191628
C 342
R
P 0x7f2a7c191628
P 0x7f2a7c1a1e08
C 257
R
P 0x7f2a7c191628
C 342
R
P 0x7f2a7c191628
P 0x7f2a7c1a1e08
C 254
= 0x7f2a7c19b1e8
R
P 0x7f2a7c191628
C 342
R
P 0x7f2a7c191628
P 0x7f2a7c19b1e8
C 209
R
P 0x7f2a7c191628
C 342
R
P 0x7f2a7c191628
P 0x7f2a7c1a1e08
C 260
R
P 0x7f2a7c191628
C 342
R
P 0x7f2a7c191628
P 0x7f2a7c1a1e08
C 259
R
P 0x7f2a7c191628
C 342
R
P 0x7f2a7c191628
P 0x7f2a7c1a1e08
C 258
R
P 0x7f2a7c191628
C 342
R
P 0x7f2a7c191628
P 0x7f2a7c1a1e08
C 9
R
P 0x7f2a7c191628
C 342
R
P 0x7f2a7c191628
P 0x7f2a7c1a25e8
P 0x7f2a7c1a1e08
C 74
= 0x7f2a7c486b08
R
P 0x7f2a7c191628
C 342
R
P 0x7f2a7c191628
P 0x7f2a7c486b08
C 258
R
P 0x7f2a7c191628
C 342
R
P 0x7f2a7c191628
P 0x7f2a7c486b08
C 9
R
P 0x7f2a7c191628
C 342
R
P 0x7f2a7c191628
U 2
P 0x7f2a7c2cb9e0
P 0x7f2a7c486b08
p 2
C 63
= 0x7f2a7c486b40
R
P 0x7f2a7c191628
C 342
R
P 0x7f2a7c191628
P 0x7f2a7c486b40
C 258
R
P 0x7f2a7c191628
C 342
R
P 0x7f2a7c191628
P 0x7f2a7c486b40
C 9
R
P 0x7f2a7c191628
C 342
R
P 0x7f2a7c191628
P 0x7f2a7c486b40
C 58
= 0x7f2a7c473eb8
R
P 0x7f2a7c191628
C 342
R
P 0x7f2a7c191628
P 0x7f2a7c473eb8
C 258
R
P 0x7f2a7c191628
C 342
R
P 0x7f2a7c191628
P 0x7f2a7c473eb8
C 9
R
P 0x7f2a7c191628
C 342
R
P 0x7f2a7c191628
P 0x7f2a7c473be8
P 0x7f2a7c473eb8
C 61
= 0x7f2a7c486b78
R
P 0x7f2a7c191628
C 342
R
P 0x7f2a7c191628
P 0x7f2a7c486b78
C 258
R
P 0x7f2a7c191628
C 342
R
P 0x7f2a7c191628
P 0x7f2a7c486b78
C 9
R
P 0x7f2a7c191628
C 342
R
P 0x7f2a7c191628
P 0x7f2a7c1e1fc8
P 0x7f2a7c486b78
C 427
R
P 0x7f2a7c191628
C 342
R
P 0x7f2a7c191628
I 8
P 0x7f2a7c19b208
C 150
= 0x7f2a7c19c1a8
R
P 0x7f2a7c191628
C 342
R
P 0x7f2a7c191628
P 0x7f2a7c19c1a8
C 258
R
P 0x7f2a7c191628
C 342
R
P 0x7f2a7c191628
P 0x7f2a7c19c1a8
C 9
R
P 0x7f2a7c191628
C 342
R
P 0x7f2a7c191628
I 3
P 0x7f2a7c19b208
C 150
= 0x7f2a7c19bfc8
R
P 0x7f2a7c191628
C 342
R
P 0x7f2a7c191628
P 0x7f2a7c19bfc8
C 258
R
P 0x7f2a7c191628
C 342
R
P 0x7f2a7c191628
P 0x7f2a7c19bfc8
C 9
R
P 0x7f2a7c191628
C 342
R
P 0x7f2a7c191628
P 0x7f2a7c19c1a8
P 0x7f2a7c19bfc8
C 56
= 0x7f2a7c476e70
R
P 0x7f2a7c191628
C 342
R
P 0x7f2a7c191628
P 0x7f2a7c476e70
C 258
R
P 0x7f2a7c191628
C 342
R
P 0x7f2a7c191628
P 0x7f2a7c476e70
C 9
R
P 0x7f2a7c191628
C 342
R
P 0x7f2a7c191628
P 0x7f2a7c476e70
C 58
= 0x7f2a7c473c48
R
P 0x7f2a7c191628
C 342
R
P 0x7f2a7c191628
P 0x7f2a7c473c48
C 258
R
P 0x7f2a7c191628
C 342
R
P 0x7f2a7c191628
P 0x7f2a7c473c48
C 9
R
P 0x7f2a7c191628
C 342
R
P 0x7f2a7c191628
I 3
P 0x7f2a7c19b208
C 150
= 0x7f2a7c19bfc8
R
P 0x7f2a7c191628
C 342
R
P 0x7f2a7c191628
P 0x7f2a7c19bfc8
C 258
R
P 0x7f2a7c191628
C 342
R
P 0x7f2a7c191628
P 0x7f2a7c19bfc8
C 9
R
P 0x7f2a7c191628
C 342
R
P 0x7f2a7c191628
P 0x7f2a7c19bfc8
C 263
R
P 0x7f2a7c191628
C 342
R
P 0x7f2a7c191628
S "slot3Start"
C 30
R
P 0x7f2a7c191628
C 342
R
P 0x7f2a7c191628
$ |slot3Start|
C 202
R
P 0x7f2a7c191628
C 342
R
P 0x7f2a7c191628
$ |slot3Start|
P 0x7f2a7c19b1e8
C 51
= 0x7f2a7c19bfe8
R
P 0x7f2a7c191628
C 342
R
P 0x7f2a7c191628
P 0x7f2a7c19bfe8
C 257
R
P 0x7f2a7c191628
C 342
R
P 0x7f2a7c191628
P 0x7f2a7c19bfe8
C 254
= 0x7f2a7c19b1e8
R
P 0x7f2a7c191628
C 342
R
P 0x7f2a7c191628
P 0x7f2a7c19b1e8
C 209
R
P 0x7f2a7c191628
C 342
R
P 0x7f2a7c191628
P 0x7f2a7c19bfe8
C 260
R
P 0x7f2a7c191628
C 342
R
P 0x7f2a7c191628
P 0x7f2a7c19bfe8
C 259
R
P 0x7f2a7c191628
C 342
R
P 0x7f2a7c191628
P 0x7f2a7c19bfe8
C 258
R
P 0x7f2a7c191628
C 342
R
P 0x7f2a7c191628
P 0x7f2a7c19bfe8
C 9
R
P 0x7f2a7c191628
C 342
R
P 0x7f2a7c191628
I 8
P 0x7f2a7c19b208
C 150
= 0x7f2a7c19c1a8
R
P 0x7f2a7c191628
C 342
R
P 0x7f2a7c191628
P 0x7f2a7c19c1a8
C 258
R
P 0x7f2a7c191628
C 342
R
P 0x7f2a7c191628
P 0x7f2a7c19c1a8
C 9
R
P 0x7f2a7c191628
C 342
R
P 0x7f2a7c191628
P 0x7f2a7c19c1a8
C 263
R
P 0x7f2a7c191628
C 342
R
P 0x7f2a7c191628
S "slot8Start"
C 30
R
P 0x7f2a7c191628
C 342
R
P 0x7f2a7c191628
$ |slot8Start|
C 202
R
P 0x7f2a7c191628
C 342
R
P 0x7f2a7c191628
$ |slot8Start|
P 0x7f2a7c19b1e8
C 51
= 0x7f2a7c19c1c8
R
P 0x7f2a7c191628
C 342
R
P 0x7f2a7c191628
P 0x7f2a7c19c1c8
C 257
R
P 0x7f2a7c191628
C 342
R
P 0x7f2a7c191628
P 0x7f2a7c19c1c8
C 254
= 0x7f2a7c19b1e8
R
P 0x7f2a7c191628
C 342
R
P 0x7f2a7c191628
P 0x7f2a7c19b1e8
C 209
R
P 0x7f2a7c191628
C 342
R
P 0x7f2a7c191628
P 0x7f2a7c19c1c8
C 260
R
P 0x7f2a7c191628
C 342
R
P 0x7f2a7c191628
P 0x7f2a7c19c1c8
C 259
R
P 0x7f2a7c191628
C 342
R
P 0x7f2a7c191628
P 0x7f2a7c19c1c8
C 258
R
P 0x7f2a7c191628
C 342
R
P 0x7f2a7c191628
P 0x7f2a7c19c1c8
C 9
R
P 0x7f2a7c191628
C 342
R
P 0x7f2a7c191628
I 8
P 0x7f2a7c19b208
C 150
= 0x7f2a7c19c1a8
R
P 0x7f2a7c191628
C 342
R
P 0x7f2a7c191628
P 0x7f2a7c19c1a8
C 258
R
P 0x7f2a7c191628
C 342
R
P 0x7f2a7c191628
P 0x7f2a7c19c1a8
C 9
R
P 0x7f2a7c191628
C 342
R
P 0x7f2a7c191628
P 0x7f2a7c19c1a8
C 263
R
P 0x7f2a7c191628
C 342
R
P 0x7f2a7c191628
S "slot8Duration"
C 30
R
P 0x7f2a7c191628
C 342
R
P 0x7f2a7c191628
$ |slot8Duration|
C 202
R
P 0x7f2a7c191628
C 342
R
P 0x7f2a7c191628
$ |slot8Duration|
P 0x7f2a7c19b1e8
C 51
= 0x7f2a7c19c1e8
R
P 0x7f2a7c191628
C 342
R
P 0x7f2a7c191628
P 0x7f2a7c19c1e8
C 257
R
P 0x7f2a7c191628
C 342
R
P 0x7f2a7c191628
P 0x7f2a7c19c1e8
C 254
= 0x7f2a7c19b1e8
R
P 0x7f2a7c191628
C 342
R
P 0x7f2a7c191628
P 0x7f2a7c19b1e8
C 209
R
P 0x7f2a7c191628
C 342
R
P 0x7f2a7c191628
P 0x7f2a7c19c1e8
C 260
R
P 0x7f2a7c191628
C 342
R
P 0x7f2a7c191628
P 0x7f2a7c19c1e8
C 259
R
P 0x7f2a7c191628
C 342
R
P 0x7f2a7c191628
P 0x7f2a7c19c1e8
C 258
R
P 0x7f2a7c191628
C 342
R
P 0x7f2a7c191628
P 0x7f2a7c19c1e8
C 9
R
P 0x7f2a7c191628
C 342
R
P 0x7f2a7c191628
U 2
P 0x7f2a7c19c1c8
P 0x7f2a7c19c1e8
p 2
C 65
= 0x7f2a7c1a25e8
R
P 0x7f2a7c191628
C 342
R
P 0x7f2a7c191628
P 0x7f2a7c1a25e8
C 257
R
P 0x7f2a7c191628
C 342
R
P 0x7f2a7c191628
P 0x7f2a7c1a25e8
C 254
= 0x7f2a7c19b1e8
R
P 0x7f2a7c191628
C 342
R
P 0x7f2a7c191628
P 0x7f2a7c19b1e8
C 209
R
P 0x7f2a7c191628
C 342
R
P 0x7f2a7c191628
P 0x7f2a7c1a25e8
C 260
R
P 0x7f2a7c191628
C 342
R
P 0x7f2a7c191628
P 0x7f2a7c1a25e8
C 259
R
P 0x7f2a7c191628
C 342
R
P 0x7f2a7c191628
P 0x7f2a7c1a25e8
C 258
R
P 0x7f2a7c191628
C 342
R
P 0x7f2a7c191628
P 0x7f2a7c1a25e8
C 9
R
P 0x7f2a7c191628
C 342
R
P 0x7f2a7c191628
P 0x7f2a7c19bfe8
P 0x7f2a7c1a25e8
C 74
= 0x7f2a7c2cca48
R
P 0x7f2a7c191628
C 342
R
P 0x7f2a7c191628
P 0x7f2a7c2cca48
C 258
R
P 0x7f2a7c191628
C 342
R
P 0x7f2a7c191628
P 0x7f2a7c2cca48
C 9
R
P 0x7f2a7c191628
C 342
R
P 0x7f2a7c191628
I 8
P 0x7f2a7c19b208
C 150
= 0x7f2a7c19c1a8
R
P 0x7f2a7c191628
C 342
R
P 0x7f2a7c191628
P 0x7f2a7c19c1a8
C 258
R
P 0x7f2a7c191628
C 342
R
P 0x7f2a7c191628
P 0x7f2a7c19c1a8
C 9
R
P 0x7f2a7c191628
C 342
R
P 0x7f2a7c191628
P 0x7f2a7c19c1a8
C 263
R
P 0x7f2a7c191628
C 342
R
P 0x7f2a7c191628
S "slot8Start"
C 30
R
P 0x7f2a7c191628
C 342
R
P 0x7f2a7c191628
$ |slot8Start|
C 202
R
P 0x7f2a7c191628
C 342
R
P 0x7f2a7c191628
$ |slot8Start|
P 0x7f2a7c19b1e8
C 51
= 0x7f2a7c19c1c8
R
P 0x7f2a7c191628
C 342
R
P 0x7f2a7c191628
P 0x7f2a7c19c1c8
C 257
R
P 0x7f2a7c191628
C 342
R
P 0x7f2a7c191628
P 0x7f2a7c19c1c8
C 254
= 0x7f2a7c19b1e8
R
P 0x7f2a7c191628
C 342
R
P 0x7f2a7c191628
P 0x7f2a7c19b1e8
C 209
R
P 0x7f2a7c191628
C 342
R
P 0x7f2a7c191628
P 0x7f2a7c19c1c8
C 260
R
P 0x7f2a7c191628
C 342
R
P 0x7f2a7c191628
P 0x7f2a7c19c1c8
C 259
R
P 0x7f2a7c191628
C 342
R
P 0x7f2a7c191628
P 0x7f2a7c19c1c8
C 258
R
P 0x7f2a7c191628
C 342
R
P 0x7f2a7c191628
P 0x7f2a7c19c1c8
C 9
R
P 0x7f2a7c191628
C 342
R
P 0x7f2a7c191628
I 8
P 0x7f2a7c19b208
C 150
= 0x7f2a7c19c1a8
R
P 0x7f2a7c191628
C 342
R
P 0x7f2a7c191628
P 0x7f2a7c19c1a8
C 258
R
P 0x7f2a7c191628
C 342
R
P 0x7f2a7c191628
P 0x7f2a7c19c1a8
C 9
R
P 0x7f2a7c191628
C 342
R
P 0x7f2a7c191628
P 0x7f2a7c19c1a8
C 263
R
P 0x7f2a7c191628
C 342
R
P 0x7f2a7c191628
S "slot8Duration"
C 30
R
P 0x7f2a7c191628
C 342
R
P 0x7f2a7c191628
$ |slot8Duration|
C 202
R
P 0x7f2a7c191628
C 342
R
P 0x7f2a7c191628
$ |slot8Duration|
P 0x7f2a7c19b1e8
C 51
= 0x7f2a7c19c1e8
R
P 0x7f2a7c191628
C 342
R
P 0x7f2a7c191628
P 0x7f2a7c19c1e8
C 257
R
P 0x7f2a7c191628
C 342
R
P 0x7f2a7c191628
P 0x7f2a7c19c1e8
C 254
= 0x7f2a7c19b1e8
R
P 0x7f2a7c191628
C 342
R
P 0x7f2a7c191628
P 0x7f2a7c19b1e8
C 209
R
P 0x7f2a7c191628
C 342
R
P 0x7f2a7c191628
P 0x7f2a7c19c1e8
C 260
R
P 0x7f2a7c191628
C 342
R
P 0x7f2a7c191628
P 0x7f2a7c19c1e8
C 259
R
P 0x7f2a7c191628
C 342
R
P 0x7f2a7c191628
P 0x7f2a7c19c1e8
C 258
R
P 0x7f2a7c191628
C 342
R
P 0x7f2a7c191628
P 0x7f2a7c19c1e8
C 9
R
P 0x7f2a7c191628
C 342
R
P 0x7f2a7c191628
U 2
P 0x7f2a7c19c1c8
P 0x7f2a7c19c1e8
p 2
C 65
= 0x7f2a7c1a25e8
R
P 0x7f2a7c191628
C 342
R
P 0x7f2a7c191628
P 0x7f2a7c1a25e8
C 257
R
P 0x7f2a7c191628
C 342
R
P 0x7f2a7c191628
P 0x7f2a7c1a25e8
C 254
= 0x7f2a7c19b1e8
R
P 0x7f2a7c191628
C 342
R
P 0x7f2a7c191628
P 0x7f2a7c19b1e8
C 209
R
P 0x7f2a7c191628
C 342
R
P 0x7f2a7c191628
P 0x7f2a7c1a25e8
C 260
R
P 0x7f2a7c191628
C 342
R
P 0x7f2a7c191628
P 0x7f2a7c1a25e8
C 259
R
P 0x7f2a7c191628
C 342
R
P 0x7f2a7c191628
P 0x7f2a7c1a25e8
C 258
R
P 0x7f2a7c191628
C 342
R
P 0x7f2a7c191628
P 0x7f2a7c1a25e8
C 9
R
P 0x7f2a7c191628
C 342
R
P 0x7f2a7c191628
I 3
P 0x7f2a7c19b208
C 150
= 0x7f2a7c19bfc8
R
P 0x7f2a7c191628
C 342
R
P 0x7f2a7c191628
P 0x7f2a7c19bfc8
C 258
R
P 0x7f2a7c191628
C 342
R
P 0x7f2a7c191628
P 0x7f2a7c19bfc8
C 9
R
P 0x7f2a7c191628
C 342
R
P 0x7f2a7c191628
P 0x7f2a7c19bfc8
C 263
R
P 0x7f2a7c191628
C 342
R
P 0x7f2a7c191628
S "slot3Start"
C 30
R
P 0x7f2a7c191628
C 342
R
P 0x7f2a7c191628
$ |slot3Start|
C 202
R
P 0x7f2a7c191628
C 342
R
P 0x7f2a7c191628
$ |slot3Start|
P 0x7f2a7c19b1e8
C 51
= 0x7f2a7c19bfe8
R
P 0x7f2a7c191628
C 342
R
P 0x7f2a7c191628
P 0x7f2a7c19bfe8
C 257
R
P 0x7f2a7c191628
C 342
R
P 0x7f2a7c191628
P 0x7f2a7c19bfe8
C 254
= 0x7f2a7c19b1e8
R
P 0x7f2a7c191628
C 342
R
P 0x7f2a7c191628
P 0x7f2a7c19b1e8
C 209
R
P 0x7f2a7c191628
C 342
R
P 0x7f2a7c191628
P 0x7f2a7c19bfe8
C 260
R
P 0x7f2a7c191628
C 342
R
P 0x7f2a7c191628
P 0x7f2a7c19bfe8
C 259
R
P 0x7f2a7c191628
C 342
R
P 0x7f2a7c191628
P 0x7f2a7c19bfe8
C 258
R
P 0x7f2a7c191628
C 342
R
P 0x7f2a7c191628
P 0x7f2a7c19bfe8
C 9
R
P 0x7f2a7c191628
C 342
R
P 0x7f2a7c191628
I 3
P 0x7f2a7c19b208
C 150
= 0x7f2a7c19bfc8
R
P 0x7f2a7c191628
C 342
R
P 0x7f2a7c191628
P 0x7f2a7c19bfc8
C 258
R
P 0x7f2a7c191628
C 342
R
P 0x7f2a7c191628
P 0x7f2a7c19bfc8
C 9
R
P 0x7f2a7c191628
C 342
R
P 0x7f2a7c191628
P 0x7f2a7c19bfc8
C 263
R
P 0x7f2a7c191628
C 342
R
P 0x7f2a7c191628
S "slot3Duration"
C 30
R
P 0x7f2a7c191628
C 342
R
P 0x7f2a7c191628
$ |slot3Duration|
C 202
R
P 0x7f2a7c191628
C 342
R
P 0x7f2a7c191628
$ |slot3Duration|
P 0x7f2a7c19b1e8
C 51
= 0x7f2a7c19c008
R
P 0x7f2a7c191628
C 342
R
P 0x7f2a7c191628
P 0x7f2a7c19c008
C 257
R
P 0x7f2a7c191628
C 342
R
P 0x7f2a7c191628
P 0x7f2a7c19c008
C 254
= 0x7f2a7c19b1e8
R
P 0x7f2a7c191628
C 342
R
P 0x7f2a7c191628
P 0x7f2a7c19b1e8
C 209
R
P 0x7f2a7c191628
C 342
R
P 0x7f2a7c191628
P 0x7f2a7c19c008
C 260
R
P 0x7f2a7c191628
C 342
R
P 0x7f2a7c191628
P 0x7f2a7c19c008
C 259
R
P 0x7f2a7c191628
C 342
R
P 0x7f2a7c191628
P 0x7f2a7c19c008
C 258
R
P 0x7f2a7c191628
C 342
R
P 0x7f2a7c191628
P 0x7f2a7c19c008
C 9
R
P 0x7f2a7c191628
C 342
R
P 0x7f2a7c191628
U 2
P 0x7f2a7c19bfe8
P 0x7f2a7c19c008
p 2
C 65
= 0x7f2a7c1a1f58
R
P 0x7f2a7c191628
C 342
R
P 0x7f2a7c191628
P 0x7f2a7c1a1f58
C 257
R
P 0x7f2a7c191628
C 342
R
P 0x7f2a7c191628
P 0x7f2a7c1a1f58
C 254
= 0x7f2a7c19b1e8
R
P 0x7f2a7c191628
C 342
R
P 0x7f2a7c191628
P 0x7f2a7c19b1e8
C 209
R
P 0x7f2a7c191628
C 342
R
P 0x7f2a7c191628
P 0x7f2a7c1a1f58
C 260
R
P 0x7f2a7c191628
C 342
R
P 0x7f2a7c191628
P 0x7f2a7c1a1f58
C 259
R
P 0x7f2a7c191628
C 342
R
P 0x7f2a7c191628
P 0x7f2a7c1a1f58
C 258
R
P 0x7f2a7c191628
C 342
R
P 0x7f2a7c191628
P 0x7f2a7c1a1f58
C 9
R
P 0x7f2a7c191628
C 342
R
P 0x7f2a7c191628
P 0x7f2a7c1a25e8
P 0x7f2a7c1a1f58
C 74
= 0x7f2a7c486bb0
R
P 0x7f2a7c191628
C 342
R
P 0x7f2a7c191628
P 0x7f2a7c486bb0
C 258
R
P 0x7f2a7c191628
C 342
R
P 0x7f2a7c191628
P 0x7f2a7c486bb0
C 9
R
P 0x7f2a7c191628
C 342
R
P 0x7f2a7c191628
U 2
P 0x7f2a7c2cca48
P 0x7f2a7c486bb0
p 2
C 63
= 0x7f2a7c486be8
R
P 0x7f2a7c191628
C 342
R
P 0x7f2a7c191628
P 0x7f2a7c486be8
C 258
R
P 0x7f2a7c191628
C 342
R
P 0x7f2a7c191628
P 0x7f2a7c486be8
C 9
R
P 0x7f2a7c191628
C 342
R
P 0x7f2a7c191628
P 0x7f2a7c486be8
C 58
= 0x7f2a7c473ee8
R
P 0x7f2a7c191628
C 342
R
P 0x7f2a7c191628
P 0x7f2a7c473ee8
C 258
R
P 0x7f2a7c191628
C 342
R
P 0x7f2a7c191628
P 0x7f2a7c473ee8
C 9
R
P 0x7f2a7c191628
C 342
R
P 0x7f2a7c191628
P 0x7f2a7c473c48
P 0x7f2a7c473ee8
C 61
= 0x7f2a7c486c20
R
P 0x7f2a7c191628
C 342
R
P 0x7f2a7c191628
P 0x7f2a7c486c20
C 258
R
P 0x7f2a7c191628
C 342
R
P 0x7f2a7c191628
P 0x7f2a7c486c20
C 9
R
P 0x7f2a7c191628
C 342
R
P 0x7f2a7c191628
P 0x7f2a7c1e1fc8
P 0x7f2a7c486c20
C 427
R
P 0x7f2a7c191628
C 342
R
P 0x7f2a7c191628
I 8
P 0x7f2a7c19b208
C 150
= 0x7f2a7c19c1a8
R
P 0x7f2a7c191628
C 342
R
P 0x7f2a7c191628
P 0x7f2a7c19c1a8
C 258
R
P 0x7f2a7c191628
C 342
R
P 0x7f2a7c191628
P 0x7f2a7c19c1a8
C 9
R
P 0x7f2a7c191628
C 342
R
P 0x7f2a7c191628
I 4
P 0x7f2a7c19b208
C 150
= 0x7f2a7c19c028
R
P 0x7f2a7c191628
C 342
R
P 0x7f2a7c191628
P 0x7f2a7c19c028
C 258
R
P 0x7f2a7c191628
C 342
R
P 0x7f2a7c191628
P 0x7f2a7c19c028
C 9
R
P 0x7f2a7c191628
C 342
R
P 0x7f2a7c191628
P 0x7f2a7c19c1a8
P 0x7f2a7c19c028
C 56
= 0x7f2a7c476f50
R
P 0x7f2a7c191628
C 342
R
P 0x7f2a7c191628
P 0x7f2a7c476f50
C 258
R
P 0x7f2a7c191628
C 342
R
P 0x7f2a7c191628
P 0x7f2a7c476f50
C 9
R
P 0x7f2a7c191628
C 342
R
P 0x7f2a7c191628
P 0x7f2a7c476f50
C 58
= 0x7f2a7c473ca8
R
P 0x7f2a7c191628
C 342
R
P 0x7f2a7c191628
P 0x7f2a7c473ca8
C 258
R
P 0x7f2a7c191628
C 342
R
P 0x7f2a7c191628
P 0x7f2a7c473ca8
C 9
R
P 0x7f2a7c191628
C 342
R
P 0x7f2a7c191628
I 4
P 0x7f2a7c19b208
C 150
= 0x7f2a7c19c028
R
P 0x7f2a7c191628
C 342
R
P 0x7f2a7c191628
P 0x7f2a7c19c028
C 258
R
P 0x7f2a7c191628
C 342
R
P 0x7f2a7c191628
P 0x7f2a7c19c028
C 9
R
P 0x7f2a7c191628
C 342
R
P 0x7f2a7c191628
P 0x7f2a7c19c028
C 263
R
P 0x7f2a7c191628
C 342
R
P 0x7f2a7c191628
S "slot4Start"
C 30
R
P 0x7f2a7c191628
C 342
R
P 0x7f2a7c191628
$ |slot4Start|
C 202
R
P 0x7f2a7c191628
C 342
R
P 0x7f2a7c191628
$ |slot4Start|
P 0x7f2a7c19b1e8
C 51
= 0x7f2a7c19c048
R
P 0x7f2a7c191628
C 342
R
P 0x7f2a7c191628
P 0x7f2a7c19c048
C 257
R
P 0x7f2a7c191628
C 342
R
P 0x7f2a7c191628
P 0x7f2a7c19c048
C 254
= 0x7f2a7c19b1e8
R
P 0x7f2a7c191628
C 342
R
P 0x7f2a7c191628
P 0x7f2a7c19b1e8
C 209
R
P 0x7f2a7c191628
C 342
R
P 0x7f2a7c191628
P 0x7f2a7c19c048
C 260
R
P 0x7f2a7c191628
C 342
R
P 0x7f2a7c191628
P 0x7f2a7c19c048
C 259
R
P 0x7f2a7c191628
C 342
R
P 0x7f2a7c191628
P 0x7f2a7c19c048
C 258
R
P 0x7f2a7c191628
C 342
R
P 0x7f2a7c191628
P 0x7f2a7c19c048
C 9
R
P 0x7f2a7c191628
C 342
R
P 0x7f2a7c191628
I 8
P 0x7f2a7c19b208
C 150
= 0x7f2a7c19c1a8
R
P 0x7f2a7c191628
C 342
R
P 0x7f2a7c191628
P 0x7f2a7c19c1a8
C 258
R
P 0x7f2a7c191628
C 342
R
P 0x7f2a7c191628
P 0x7f2a7c19c1a8
C 9
R
P 0x7f2a7c191628
C 342
R
P 0x7f2a7c191628
P 0x7f2a7c19c1a8
C 263
R
P 0x7f2a7c191628
C 342
R
P 0x7f2a7c191628
S "slot8Start"
C 30
R
P 0x7f2a7c191628
C 342
R
P 0x7f2a7c191628
$ |slot8Start|
C 202
R
P 0x7f2a7c191628
C 342
R
P 0x7f2a7c191628
$ |slot8Start|
P 0x7f2a7c19b1e8
C 51
= 0x7f2a7c19c1c8
R
P 0x7f2a7c191628
C 342
R
P 0x7f2a7c191628
P 0x7f2a7c19c1c8
C 257
R
P 0x7f2a7c191628
C 342
R
P 0x7f2a7c191628
P 0x7f2a7c19c1c8
C 254
= 0x7f2a7c19b1e8
R
P 0x7f2a7c191628
C 342
R
P 0x7f2a7c191628
P 0x7f2a7c19b1e8
C 209
R
P 0x7f2a7c191628
C 342
R
P 0x7f2a7c191628
P 0x7f2a7c19c1c8
C 260
R
P 0x7f2a7c191628
C 342
R
P 0x7f2a7c191628
P 0x7f2a7c19c1c8
C 259
R
P 0x7f2a7c191628
C 342
R
P 0x7f2a7c191628
P 0x7f2a7c19c1c8
C 258
R
P 0x7f2a7c191628
C 342
R
P 0x7f2a7c191628
P 0x7f2a7c19c1c8
C 9
R
P 0x7f2a7c191628
C 342
R
P 0x7f2a7c191628
I 8
P 0x7f2a7c19b208
C 150
= 0x7f2a7c19c1a8
R
P 0x7f2a7c191628
C 342
R
P 0x7f2a7c191628
P 0x7f2a7c19c1a8
C 258
R
P 0x7f2a7c191628
C 342
R
P 0x7f2a7c191628
P 0x7f2a7c19c1a8
C 9
R
P 0x7f2a7c191628
C 342
R
P 0x7f2a7c191628
P 0x7f2a7c19c1a8
C 263
R
P 0x7f2a7c191628
C 342
R
P 0x7f2a7c191628
S "slot8Duration"
C 30
R
P 0x7f2a7c191628
C 342
R
P 0x7f2a7c191628
$ |slot8Duration|
C 202
R
P 0x7f2a7c191628
C 342
R
P 0x7f2a7c191628
$ |slot8Duration|
P 0x7f2a7c19b1e8
C 51
= 0x7f2a7c19c1e8
R
P 0x7f2a7c191628
C 342
R
P 0x7f2a7c191628
P 0x7f2a7c19c1e8
C 257
R
P 0x7f2a7c191628
C 342
R
P 0x7f2a7c191628
P 0x7f2a7c19c1e8
C 254
= 0x7f2a7c19b1e8
R
P 0x7f2a7c191628
C 342
R
P 0x7f2a7c191628
P 0x7f2a7c19b1e8
C 209
R
P 0x7f2a7c191628
C 342
R
P 0x7f2a7c191628
P 0x7f2a7c19c1e8
C 260
R
P 0x7f2a7c191628
C 342
R
P 0x7f2a7c191628
P 0x7f2a7c19c1e8
C 259
R
P 0x7f2a7c191628
C 342
R
P 0x7f2a7c191628
P 0x7f2a7c19c1e8
C 258
R
P 0x7f2a7c191628
C 342
R
P 0x7f2a7c191628
P 0x7f2a7c19c1e8
C 9
R
P 0x7f2a7c191628
C 342
R
P 0x7f2a7c191628
U 2
P 0x7f2a7c19c1c8
P 0x7f2a7c19c1e8
p 2
C 65
= 0x7f2a7c1a25e8
R
P 0x7f2a7c191628
C 342
R
P 0x7f2a7c191628
P 0x7f2a7c1a25e8
C 257
R
P 0x7f2a7c191628
C 342
R
P 0x7f2a7c191628
P 0x7f2a7c1a25e8
C 254
= 0x7f2a7c19b1e8
R
P 0x7f2a7c191628
C 342
R
P 0x7f2a7c191628
P 0x7f2a7c19b1e8
C 209
R
P 0x7f2a7c191628
C 342
R
P 0x7f2a7c191628
P 0x7f2a7c1a25e8
C 260
R
P 0x7f2a7c191628
C 342
R
P 0x7f2a7c191628
P 0x7f2a7c1a25e8
C 259
R
P 0x7f2a7c191628
C 342
R
P 0x7f2a7c191628
P 0x7f2a7c1a25e8
C 258
R
P 0x7f2a7c191628
C 342
R
P 0x7f2a7c191628
P 0x7f2a7c1a25e8
C 9
R
P 0x7f2a7c191628
C 342
R
P 0x7f2a7c191628
P 0x7f2a7c19c048
P 0x7f2a7c1a25e8
C 74
= 0x7f2a7c478778
R
P 0x7f2a7c191628
C 342
R
P 0x7f2a7c191628
P 0x7f2a7c478778
C 258
R
P 0x7f2a7c191628
C 342
R
P 0x7f2a7c191628
P 0x7f2a7c478778
C 9
R
P 0x7f2a7c191628
C 342
R
P 0x7f2a7c191628
I 8
P 0x7f2a7c19b208
C 150
= 0x7f2a7c19c1a8
R
P 0x7f2a7c191628
C 342
R
P 0x7f2a7c191628
P 0x7f2a7c19c1a8
C 258
R
P 0x7f2a7c191628
C 342
R
P 0x7f2a7c191628
P 0x7f2a7c19c1a8
C 9
R
P 0x7f2a7c191628
C 342
R
P 0x7f2a7c191628
P 0x7f2a7c19c1a8
C 263
R
P 0x7f2a7c191628
C 342
R
P 0x7f2a7c191628
S "slot8Start"
C 30
R
P 0x7f2a7c191628
C 342
R
P 0x7f2a7c191628
$ |slot8Start|
C 202
R
P 0x7f2a7c191628
C 342
R
P 0x7f2a7c191628
$ |slot8Start|
P 0x7f2a7c19b1e8
C 51
= 0x7f2a7c19c1c8
R
P 0x7f2a7c191628
C 342
R
P 0x7f2a7c191628
P 0x7f2a7c19c1c8
C 257
R
P 0x7f2a7c191628
C 342
R
P 0x7f2a7c191628
P 0x7f2a7c19c1c8
C 254
= 0x7f2a7c19b1e8
R
P 0x7f2a7c191628
C 342
R
P 0x7f2a7c191628
P 0x7f2a7c19b1e8
C 209
R
P 0x7f2a7c191628
C 342
R
P 0x7f2a7c191628
P 0x7f2a7c19c1c8
C 260
R
P 0x7f2a7c191628
C 342
R
P 0x7f2a7c191628
P 0x7f2a7c19c1c8
C 259
R
P 0x7f2a7c191628
C 342
R
P 0x7f2a7c191628
P 0x7f2a7c19c1c8
C 258
R
P 0x7f2a7c191628
C 342
R
P 0x7f2a7c191628
P 0x7f2a7c19c1c8
C 9
R
P 0x7f2a7c191628
C 342
R
P 0x7f2a7c191628
I 8
P 0x7f2a7c19b208
C 150
= 0x7f2a7c19c1a8
R
P 0x7f2a7c191628
C 342
R
P 0x7f2a7c191628
P 0x7f2a7c19c1a8
C 258
R
P 0x7f2a7c191628
C 342
R
P 0x7f2a7c191628
P 0x7f2a7c19c1a8
C 9
R
P 0x7f2a7c191628
C 342
R
P 0x7f2a7c191628
P 0x7f2a7c19c1a8
C 263
R
P 0x7f2a7c191628
C 342
R
P 0x7f2a7c191628
S "slot8Duration"
C 30
R
P 0x7f2a7c191628
C 342
R
P 0x7f2a7c191628
$ |slot8Duration|
C 202
R
P 0x7f2a7c191628
C 342
R
P 0x7f2a7c191628
$ |slot8Duration|
P 0x7f2a7c19b1e8
C 51
= 0x7f2a7c19c1e8
R
P 0x7f2a7c191628
C 342
R
P 0x7f2a7c191628
P 0x7f2a7c19c1e8
C 257
R
P 0x7f2a7c191628
C 342
R
P 0x7f2a7c191628
P 0x7f2a7c19c1e8
C 254
= 0x7f2a7c19b1e8
R
P 0x7f2a7c191628
C 342
R
P 0x7f2a7c191628
P 0x7f2a7c19b1e8
C 209
R
P 0x7f2a7c191628
C 342
R
P 0x7f2a7c191628
P 0x7f2a7c19c1e8
C 260
R
P 0x7f2a7c191628
C 342
R
P 0x7f2a7c191628
P 0x7f2a7c19c1e8
C 259
R
P 0x7f2a7c191628
C 342
R
P 0x7f2a7c191628
P 0x7f2a7c19c1e8
C 258
R
P 0x7f2a7c191628
C 342
R
P 0x7f2a7c191628
P 0x7f2a7c19c1e8
C 9
R
P 0x7f2a7c191628
C 342
R
P 0x7f2a7c191628
U 2
P 0x7f2a7c19c1c8
P 0x7f2a7c19c1e8
p 2
C 65
= 0x7f2a7c1a25e8
R
P 0x7f2a7c191628
C 342
R
P 0x7f2a7c191628
P 0x7f2a7c1a25e8
C 257
R
P 0x7f2a7c191628
C 342
R
P 0x7f2a7c191628
P 0x7f2a7c1a25e8
C 254
= 0x7f2a7c19b1e8
R
P 0x7f2a7c191628
C 342
R
P 0x7f2a7c191628
P 0x7f2a7c19b1e8
C 209
R
P 0x7f2a7c191628
C 342
R
P 0x7f2a7c191628
P 0x7f2a7c1a25e8
C 260
R
P 0x7f2a7c191628
C 342
R
P 0x7f2a7c191628
P 0x7f2a7c1a25e8
C 259
R
P 0x7f2a7c191628
C 342
R
P 0x7f2a7c191628
P 0x7f2a7c1a25e8
C 258
R
P 0x7f2a7c191628
C 342
R
P 0x7f2a7c191628
P 0x7f2a7c1a25e8
C 9
R
P 0x7f2a7c191628
C 342
R
P 0x7f2a7c191628
I 4
P 0x7f2a7c19b208
C 150
= 0x7f2a7c19c028
R
P 0x7f2a7c191628
C 342
R
P 0x7f2a7c191628
P 0x7f2a7c19c028
C 258
R
P 0x7f2a7c191628
C 342
R
P 0x7f2a7c191628
P 0x7f2a7c19c028
C 9
R
P 0x7f2a7c191628
C 342
R
P 0x7f2a7c191628
P 0x7f2a7c19c028
C 263
R
P 0x7f2a7c191628
C 342
R
P 0x7f2a7c191628
S "slot4Start"
C 30
R
P 0x7f2a7c191628
C 342
R
P 0x7f2a7c191628
$ |slot4Start|
C 202
R
P 0x7f2a7c191628
C 342
R
P 0x7f2a7c191628
$ |slot4Start|
P 0x7f2a7c19b1e8
C 51
= 0x7f2a7c19c048
R
P 0x7f2a7c191628
C 342
R
P 0x7f2a7c191628
P 0x7f2a7c19c048
C 257
R
P 0x7f2a7c191628
C 342
R
P 0x7f2a7c191628
P 0x7f2a7c19c048
C 254
= 0x7f2a7c19b1e8
R
P 0x7f2a7c191628
C 342
R
P 0x7f2a7c191628
P 0x7f2a7c19b1e8
C 209
R
P 0x7f2a7c191628
C 342
R
P 0x7f2a7c191628
P 0x7f2a7c19c048
C 260
R
P 0x7f2a7c191628
C 342
R
P 0x7f2a7c191628
P 0x7f2a7c19c048
C 259
R
P 0x7f2a7c191628
C 342
R
P 0x7f2a7c191628
P 0x7f2a7c19c048
C 258
R
P 0x7f2a7c191628
C 342
R
P 0x7f2a7c191628
P 0x7f2a7c19c048
C 9
R
P 0x7f2a7c191628
C 342
R
P 0x7f2a7c191628
I 4
P 0x7f2a7c19b208
C 150
= 0x7f2a7c19c028
R
P 0x7f2a7c191628
C 342
R
P 0x7f2a7c191628
P 0x7f2a7c19c028
C 258
R
P 0x7f2a7c191628
C 342
R
P 0x7f2a7c191628
P 0x7f2a7c19c028
C 9
R
P 0x7f2a7c191628
C 342
R
P 0x7f2a7c191628
P 0x7f2a7c19c028
C 263
R
P 0x7f2a7c191628
C 342
R
P 0x7f2a7c191628
S "slot4Duration"
C 30
R
P 0x7f2a7c191628
C 342
R
P 0x7f2a7c191628
$ |slot4Duration|
C 202
R
P 0x7f2a7c191628
C 342
R
P 0x7f2a7c191628
$ |slot4Duration|
P 0x7f2a7c19b1e8
C 51
= 0x7f2a7c19c068
R
P 0x7f2a7c191628
C 342
R
P 0x7f2a7c191628
P 0x7f2a7c19c068
C 257
R
P 0x7f2a7c191628
C 342
R
P 0x7f2a7c191628
P 0x7f2a7c19c068
C 254
= 0x7f2a7c19b1e8
R
P 0x7f2a7c191628
C 342
R
P 0x7f2a7c191628
P 0x7f2a7c19b1e8
C 209
R
P 0x7f2a7c191628
C 342
R
P 0x7f2a7c191628
P 0x7f2a7c19c068
C 260
R
P 0x7f2a7c191628
C 342
R
P 0x7f2a7c191628
P 0x7f2a7c19c068
C 259
R
P 0x7f2a7c191628
C 342
R
P 0x7f2a7c191628
P 0x7f2a7c19c068
C 258
R
P 0x7f2a7c191628
C 342
R
P 0x7f2a7c191628
P 0x7f2a7c19c068
C 9
R
P 0x7f2a7c191628
C 342
R
P 0x7f2a7c191628
U 2
P 0x7f2a7c19c048
P 0x7f2a7c19c068
p 2
C 65
= 0x7f2a7c1a20a8
R
P 0x7f2a7c191628
C 342
R
P 0x7f2a7c191628
P 0x7f2a7c1a20a8
C 257
R
P 0x7f2a7c191628
C 342
R
P 0x7f2a7c191628
P 0x7f2a7c1a20a8
C 254
= 0x7f2a7c19b1e8
R
P 0x7f2a7c191628
C 342
R
P 0x7f2a7c191628
P 0x7f2a7c19b1e8
C 209
R
P 0x7f2a7c191628
C 342
R
P 0x7f2a7c191628
P 0x7f2a7c1a20a8
C 260
R
P 0x7f2a7c191628
C 342
R
P 0x7f2a7c191628
P 0x7f2a7c1a20a8
C 259
R
P 0x7f2a7c191628
C 342
R
P 0x7f2a7c191628
P 0x7f2a7c1a20a8
C 258
R
P 0x7f2a7c191628
C 342
R
P 0x7f2a7c191628
P 0x7f2a7c1a20a8
C 9
R
P 0x7f2a7c191628
C 342
R
P 0x7f2a7c191628
P 0x7f2a7c1a25e8
P 0x7f2a7c1a20a8
C 74
= 0x7f2a7c486c58
R
P 0x7f2a7c191628
C 342
R
P 0x7f2a7c191628
P 0x7f2a7c486c58
C 258
R
P 0x7f2a7c191628
C 342
R
P 0x7f2a7c191628
P 0x7f2a7c486c58
C 9
R
P 0x7f2a7c191628
C 342
R
P 0x7f2a7c191628
U 2
P 0x7f2a7c478778
P 0x7f2a7c486c58
p 2
C 63
= 0x7f2a7c486c90
R
P 0x7f2a7c191628
C 342
R
P 0x7f2a7c191628
P 0x7f2a7c486c90
C 258
R
P 0x7f2a7c191628
C 342
R
P 0x7f2a7c191628
P 0x7f2a7c486c90
C 9
R
P 0x7f2a7c191628
C 342
R
P 0x7f2a7c191628
P 0x7f2a7c486c90
C 58
= 0x7f2a7c473f18
R
P 0x7f2a7c191628
C 342
R
P 0x7f2a7c191628
P 0x7f2a7c473f18
C 258
R
P 0x7f2a7c191628
C 342
R
P 0x7f2a7c191628
P 0x7f2a7c473f18
C 9
R
P 0x7f2a7c191628
C 342
R
P 0x7f2a7c191628
P 0x7f2a7c473ca8
P 0x7f2a7c473f18
C 61
= 0x7f2a7c486cc8
R
P 0x7f2a7c191628
C 342
R
P 0x7f2a7c191628
P 0x7f2a7c486cc8
C 258
R
P 0x7f2a7c191628
C 342
R
P 0x7f2a7c191628
P 0x7f2a7c486cc8
C 9
R
P 0x7f2a7c191628
C 342
R
P 0x7f2a7c191628
P 0x7f2a7c1e1fc8
P 0x7f2a7c486cc8
C 427
R
P 0x7f2a7c191628
C 342
R
P 0x7f2a7c191628
I 8
P 0x7f2a7c19b208
C 150
= 0x7f2a7c19c1a8
R
P 0x7f2a7c191628
C 342
R
P 0x7f2a7c191628
P 0x7f2a7c19c1a8
C 258
R
P 0x7f2a7c191628
C 342
R
P 0x7f2a7c191628
P 0x7f2a7c19c1a8
C 9
R
P 0x7f2a7c191628
C 342
R
P 0x7f2a7c191628
I 5
P 0x7f2a7c19b208
C 150
= 0x7f2a7c19c088
R
P 0x7f2a7c191628
C 342
R
P 0x7f2a7c191628
P 0x7f2a7c19c088
C 258
R
P 0x7f2a7c191628
C 342
R
P 0x7f2a7c191628
P 0x7f2a7c19c088
C 9
R
P 0x7f2a7c191628
C 342
R
P 0x7f2a7c191628
P 0x7f2a7c19c1a8
P 0x7f2a7c19c088
C 56
= 0x7f2a7c477030
R
P 0x7f2a7c191628
C 342
R
P 0x7f2a7c191628
P 0x7f2a7c477030
C 258
R
P 0x7f2a7c191628
C 342
R
P 0x7f2a7c191628
P 0x7f2a7c477030
C 9
R
P 0x7f2a7c191628
C 342
R
P 0x7f2a7c191628
P 0x7f2a7c477030
C 58
= 0x7f2a7c473d08
R
P 0x7f2a7c191628
C 342
R
P 0x7f2a7c191628
P 0x7f2a7c473d08
C 258
R
P 0x7f2a7c191628
C 342
R
P 0x7f2a7c191628
P 0x7f2a7c473d08
C 9
R
P 0x7f2a7c191628
C 342
R
P 0x7f2a7c191628
I 5
P 0x7f2a7c19b208
C 150
= 0x7f2a7c19c088
R
P 0x7f2a7c191628
C 342
R
P 0x7f2a7c191628
P 0x7f2a7c19c088
C 258
R
P 0x7f2a7c191628
C 342
R
P 0x7f2a7c191628
P 0x7f2a7c19c088
C 9
R
P 0x7f2a7c191628
C 342
R
P 0x7f2a7c191628
P 0x7f2a7c19c088
C 263
R
P 0x7f2a7c191628
C 342
R
P 0x7f2a7c191628
S "slot5Start"
C 30
R
P 0x7f2a7c191628
C 342
R
P 0x7f2a7c191628
$ |slot5Start|
C 202
R
P 0x7f2a7c191628
C 342
R
P 0x7f2a7c191628
$ |slot5Start|
P 0x7f2a7c19b1e8
C 51
= 0x7f2a7c19c0a8
R
P 0x7f2a7c191628
C 342
R
P 0x7f2a7c191628
P 0x7f2a7c19c0a8
C 257
R
P 0x7f2a7c191628
C 342
R
P 0x7f2a7c191628
P 0x7f2a7c19c0a8
C 254
= 0x7f2a7c19b1e8
R
P 0x7f2a7c191628
C 342
R
P 0x7f2a7c191628
P 0x7f2a7c19b1e8
C 209
R
P 0x7f2a7c191628
C 342
R
P 0x7f2a7c191628
P 0x7f2a7c19c0a8
C 260
R
P 0x7f2a7c191628
C 342
R
P 0x7f2a7c191628
P 0x7f2a7c19c0a8
C 259
R
P 0x7f2a7c191628
C 342
R
P 0x7f2a7c191628
P 0x7f2a7c19c0a8
C 258
R
P 0x7f2a7c191628
C 342
R
P 0x7f2a7c191628
P 0x7f2a7c19c0a8
C 9
R
P 0x7f2a7c191628
C 342
R
P 0x7f2a7c191628
I 8
P 0x7f2a7c19b208
C 150
= 0x7f2a7c19c1a8
R
P 0x7f2a7c191628
C 342
R
P 0x7f2a7c191628
P 0x7f2a7c19c1a8
C 258
R
P 0x7f2a7c191628
C 342
R
P 0x7f2a7c191628
P 0x7f2a7c19c1a8
C 9
R
P 0x7f2a7c191628
C 342
R
P 0x7f2a7c191628
P 0x7f2a7c19c1a8
C 263
R
P 0x7f2a7c191628
C 342
R
P 0x7f2a7c191628
S "slot8Start"
C 30
R
P 0x7f2a7c191628
C 342
R
P 0x7f2a7c191628
$ |slot8Start|
C 202
R
P 0x7f2a7c191628
C 342
R
P 0x7f2a7c191628
$ |slot8Start|
P 0x7f2a7c19b1e8
C 51
= 0x7f2a7c19c1c8
R
P 0x7f2a7c191628
C 342
R
P 0x7f2a7c191628
P 0x7f2a7c19c1c8
C 257
R
P 0x7f2a7c191628
C 342
R
P 0x7f2a7c191628
P 0x7f2a7c19c1c8
C 254
= 0x7f2a7c19b1e8
R
P 0x7f2a7c191628
C 342
R
P 0x7f2a7c191628
P 0x7f2a7c19b1e8
C 209
R
P 0x7f2a7c191628
C 342
R
P 0x7f2a7c191628
P 0x7f2a7c19c1c8
C 260
R
P 0x7f2a7c191628
C 342
R
P 0x7f2a7c191628
P 0x7f2a7c19c1c8
C 259
R
P 0x7f2a7c191628
C 342
R
P 0x7f2a7c191628
P 0x7f2a7c19c1c8
C 258
R
P 0x7f2a7c191628
C 342
R
P 0x7f2a7c191628
P 0x7f2a7c19c1c8
C 9
R
P 0x7f2a7c191628
C 342
R
P 0x7f2a7c191628
I 8
P 0x7f2a7c19b208
C 150
= 0x7f2a7c19c1a8
R
P 0x7f2a7c191628
C 342
R
P 0x7f2a7c191628
P 0x7f2a7c19c1a8
C 258
R
P 0x7f2a7c191628
C 342
R
P 0x7f2a7c191628
P 0x7f2a7c19c1a8
C 9
R
P 0x7f2a7c191628
C 342
R
P 0x7f2a7c191628
P 0x7f2a7c19c1a8
C 263
R
P 0x7f2a7c191628
C 342
R
P 0x7f2a7c191628
S "slot8Duration"
C 30
R
P 0x7f2a7c191628
C 342
R
P 0x7f2a7c191628
$ |slot8Duration|
C 202
R
P 0x7f2a7c191628
C 342
R
P 0x7f2a7c191628
$ |slot8Duration|
P 0x7f2a7c19b1e8
C 51
= 0x7f2a7c19c1e8
R
P 0x7f2a7c191628
C 342
R
P 0x7f2a7c191628
P 0x7f2a7c19c1e8
C 257
R
P 0x7f2a7c191628
C 342
R
P 0x7f2a7c191628
P 0x7f2a7c19c1e8
C 254
= 0x7f2a7c19b1e8
R
P 0x7f2a7c191628
C 342
R
P 0x7f2a7c191628
P 0x7f2a7c19b1e8
C 209
R
P 0x7f2a7c191628
C 342
R
P 0x7f2a7c191628
P 0x7f2a7c19c1e8
C 260
R
P 0x7f2a7c191628
C 342
R
P 0x7f2a7c191628
P 0x7f2a7c19c1e8
C 259
R
P 0x7f2a7c191628
C 342
R
P 0x7f2a7c191628
P 0x7f2a7c19c1e8
C 258
R
P 0x7f2a7c191628
C 342
R
P 0x7f2a7c191628
P 0x7f2a7c19c1e8
C 9
R
P 0x7f2a7c191628
C 342
R
P 0x7f2a7c191628
U 2
P 0x7f2a7c19c1c8
P 0x7f2a7c19c1e8
p 2
C 65
= 0x7f2a7c1a25e8
R
P 0x7f2a7c191628
C 342
R
P 0x7f2a7c191628
P 0x7f2a7c1a25e8
C 257
R
P 0x7f2a7c191628
C 342
R
P 0x7f2a7c191628
P 0x7f2a7c1a25e8
C 254
= 0x7f2a7c19b1e8
R
P 0x7f2a7c191628
C 342
R
P 0x7f2a7c191628
P 0x7f2a7c19b1e8
C 209
R
P 0x7f2a7c191628
C 342
R
P 0x7f2a7c191628
P 0x7f2a7c1a25e8
C 260
R
P 0x7f2a7c191628
C 342
R
P 0x7f2a7c191628
P 0x7f2a7c1a25e8
C 259
R
P 0x7f2a7c191628
C 342
R
P 0x7f2a7c191628
P 0x7f2a7c1a25e8
C 258
R
P 0x7f2a7c191628
C 342
R
P 0x7f2a7c191628
P 0x7f2a7c1a25e8
C 9
R
P 0x7f2a7c191628
C 342
R
P 0x7f2a7c191628
P 0x7f2a7c19c0a8
P 0x7f2a7c1a25e8
C 74
= 0x7f2a7c479700
R
P 0x7f2a7c191628
C 342
R
P 0x7f2a7c191628
P 0x7f2a7c479700
C 258
R
P 0x7f2a7c191628
C 342
R
P 0x7f2a7c191628
P 0x7f2a7c479700
C 9
R
P 0x7f2a7c191628
C 342
R
P 0x7f2a7c191628
I 8
P 0x7f2a7c19b208
C 150
= 0x7f2a7c19c1a8
R
P 0x7f2a7c191628
C 342
R
P 0x7f2a7c191628
P 0x7f2a7c19c1a8
C 258
R
P 0x7f2a7c191628
C 342
R
P 0x7f2a7c191628
P 0x7f2a7c19c1a8
C 9
R
P 0x7f2a7c191628
C 342
R
P 0x7f2a7c191628
P 0x7f2a7c19c1a8
C 263
R
P 0x7f2a7c191628
C 342
R
P 0x7f2a7c191628
S "slot8Start"
C 30
R
P 0x7f2a7c191628
C 342
R
P 0x7f2a7c191628
$ |slot8Start|
C 202
R
P 0x7f2a7c191628
C 342
R
P 0x7f2a7c191628
$ |slot8Start|
P 0x7f2a7c19b1e8
C 51
= 0x7f2a7c19c1c8
R
P 0x7f2a7c191628
C 342
R
P 0x7f2a7c191628
P 0x7f2a7c19c1c8
C 257
R
P 0x7f2a7c191628
C 342
R
P 0x7f2a7c191628
P 0x7f2a7c19c1c8
C 254
= 0x7f2a7c19b1e8
R
P 0x7f2a7c191628
C 342
R
P 0x7f2a7c191628
P 0x7f2a7c19b1e8
C 209
R
P 0x7f2a7c191628
C 342
R
P 0x7f2a7c191628
P 0x7f2a7c19c1c8
C 260
R
P 0x7f2a7c191628
C 342
R
P 0x7f2a7c191628
P 0x7f2a7c19c1c8
C 259
R
P 0x7f2a7c191628
C 342
R
P 0x7f2a7c191628
P 0x7f2a7c19c1c8
C 258
R
P 0x7f2a7c191628
C 342
R
P 0x7f2a7c191628
P 0x7f2a7c19c1c8
C 9
R
P 0x7f2a7c191628
C 342
R
P 0x7f2a7c191628
I 8
P 0x7f2a7c19b208
C 150
= 0x7f2a7c19c1a8
R
P 0x7f2a7c191628
C 342
R
P 0x7f2a7c191628
P 0x7f2a7c19c1a8
C 258
R
P 0x7f2a7c191628
C 342
R
P 0x7f2a7c191628
P 0x7f2a7c19c1a8
C 9
R
P 0x7f2a7c191628
C 342
R
P 0x7f2a7c191628
P 0x7f2a7c19c1a8
C 263
R
P 0x7f2a7c191628
C 342
R
P 0x7f2a7c191628
S "slot8Duration"
C 30
R
P 0x7f2a7c191628
C 342
R
P 0x7f2a7c191628
$ |slot8Duration|
C 202
R
P 0x7f2a7c191628
C 342
R
P 0x7f2a7c191628
$ |slot8Duration|
P 0x7f2a7c19b1e8
C 51
= 0x7f2a7c19c1e8
R
P 0x7f2a7c191628
C 342
R
P 0x7f2a7c191628
P 0x7f2a7c19c1e8
C 257
R
P 0x7f2a7c191628
C 342
R
P 0x7f2a7c191628
P 0x7f2a7c19c1e8
C 254
= 0x7f2a7c19b1e8
R
P 0x7f2a7c191628
C 342
R
P 0x7f2a7c191628
P 0x7f2a7c19b1e8
C 209
R
P 0x7f2a7c191628
C 342
R
P 0x7f2a7c191628
P 0x7f2a7c19c1e8
C 260
R
P 0x7f2a7c191628
C 342
R
P 0x7f2a7c191628
P 0x7f2a7c19c1e8
C 259
R
P 0x7f2a7c191628
C 342
R
P 0x7f2a7c191628
P 0x7f2a7c19c1e8
C 258
R
P 0x7f2a7c191628
C 342
R
P 0x7f2a7c191628
P 0x7f2a7c19c1e8
C 9
R
P 0x7f2a7c191628
C 342
R
P 0x7f2a7c191628
U 2
P 0x7f2a7c19c1c8
P 0x7f2a7c19c1e8
p 2
C 65
= 0x7f2a7c1a25e8
R
P 0x7f2a7c191628
C 342
R
P 0x7f2a7c191628
P 0x7f2a7c1a25e8
C 257
R
P 0x7f2a7c191628
C 342
R
P 0x7f2a7c191628
P 0x7f2a7c1a25e8
C 254
= 0x7f2a7c19b1e8
R
P 0x7f2a7c191628
C 342
R
P 0x7f2a7c191628
P 0x7f2a7c19b1e8
C 209
R
P 0x7f2a7c191628
C 342
R
P 0x7f2a7c191628
P 0x7f2a7c1a25e8
C 260
R
P 0x7f2a7c191628
C 342
R
P 0x7f2a7c191628
P 0x7f2a7c1a25e8
C 259
R
P 0x7f2a7c191628
C 342
R
P 0x7f2a7c191628
P 0x7f2a7c1a25e8
C 258
R
P 0x7f2a7c191628
C 342
R
P 0x7f2a7c191628
P 0x7f2a7c1a25e8
C 9
R
P 0x7f2a7c191628
C 342
R
P 0x7f2a7c191628
I 5
P 0x7f2a7c19b208
C 150
= 0x7f2a7c19c088
R
P 0x7f2a7c191628
C 342
R
P 0x7f2a7c191628
P 0x7f2a7c19c088
C 258
R
P 0x7f2a7c191628
C 342
R
P 0x7f2a7c191628
P 0x7f2a7c19c088
C 9
R
P 0x7f2a7c191628
C 342
R
P 0x7f2a7c191628
P 0x7f2a7c19c088
C 263
R
P 0x7f2a7c191628
C 342
R
P 0x7f2a7c191628
S "slot5Start"
C 30
R
P 0x7f2a7c191628
C 342
R
P 0x7f2a7c191628
$ |slot5Start|
C 202
R
P 0x7f2a7c191628
C 342
R
P 0x7f2a7c191628
$ |slot5Start|
P 0x7f2a7c19b1e8
C 51
= 0x7f2a7c19c0a8
R
P 0x7f2a7c191628
C 342
R
P 0x7f2a7c191628
P 0x7f2a7c19c0a8
C 257
R
P 0x7f2a7c191628
C 342
R
P 0x7f2a7c191628
P 0x7f2a7c19c0a8
C 254
= 0x7f2a7c19b1e8
R
P 0x7f2a7c191628
C 342
R
P 0x7f2a7c191628
P 0x7f2a7c19b1e8
C 209
R
P 0x7f2a7c191628
C 342
R
P 0x7f2a7c191628
P 0x7f2a7c19c0a8
C 260
R
P 0x7f2a7c191628
C 342
R
P 0x7f2a7c191628
P 0x7f2a7c19c0a8
C 259
R
P 0x7f2a7c191628
C 342
R
P 0x7f2a7c191628
P 0x7f2a7c19c0a8
C 258
R
P 0x7f2a7c191628
C 342
R
P 0x7f2a7c191628
P 0x7f2a7c19c0a8
C 9
R
P 0x7f2a7c191628
C 342
R
P 0x7f2a7c191628
I 5
P 0x7f2a7c19b208
C 150
= 0x7f2a7c19c088
R
P 0x7f2a7c191628
C 342
R
P 0x7f2a7c191628
P 0x7f2a7c19c088
C 258
R
P 0x7f2a7c191628
C 342
R
P 0x7f2a7c191628
P 0x7f2a7c19c088
C 9
R
P 0x7f2a7c191628
C 342
R
P 0x7f2a7c191628
P 0x7f2a7c19c088
C 263
R
P 0x7f2a7c191628
C 342
R
P 0x7f2a7c191628
S "slot5Duration"
C 30
R
P 0x7f2a7c191628
C 342
R
P 0x7f2a7c191628
$ |slot5Duration|
C 202
R
P 0x7f2a7c191628
C 342
R
P 0x7f2a7c191628
$ |slot5Duration|
P 0x7f2a7c19b1e8
C 51
= 0x7f2a7c19c0c8
R
P 0x7f2a7c191628
C 342
R
P 0x7f2a7c191628
P 0x7f2a7c19c0c8
C 257
R
P 0x7f2a7c191628
C 342
R
P 0x7f2a7c191628
P 0x7f2a7c19c0c8
C 254
= 0x7f2a7c19b1e8
R
P 0x7f2a7c191628
C 342
R
P 0x7f2a7c191628
P 0x7f2a7c19b1e8
C 209
R
P 0x7f2a7c191628
C 342
R
P 0x7f2a7c191628
P 0x7f2a7c19c0c8
C 260
R
P 0x7f2a7c191628
C 342
R
P 0x7f2a7c191628
P 0x7f2a7c19c0c8
C 259
R
P 0x7f2a7c191628
C 342
R
P 0x7f2a7c191628
P 0x7f2a7c19c0c8
C 258
R
P 0x7f2a7c191628
C 342
R
P 0x7f2a7c191628
P 0x7f2a7c19c0c8
C 9
R
P 0x7f2a7c191628
C 342
R
P 0x7f2a7c191628
U 2
P 0x7f2a7c19c0a8
P 0x7f2a7c19c0c8
p 2
C 65
= 0x7f2a7c1a21f8
R
P 0x7f2a7c191628
C 342
R
P 0x7f2a7c191628
P 0x7f2a7c1a21f8
C 257
R
P 0x7f2a7c191628
C 342
R
P 0x7f2a7c191628
P 0x7f2a7c1a21f8
C 254
= 0x7f2a7c19b1e8
R
P 0x7f2a7c191628
C 342
R
P 0x7f2a7c191628
P 0x7f2a7c19b1e8
C 209
R
P 0x7f2a7c191628
C 342
R
P 0x7f2a7c191628
P 0x7f2a7c1a21f8
C 260
R
P 0x7f2a7c191628
C 342
R
P 0x7f2a7c191628
P 0x7f2a7c1a21f8
C 259
R
P 0x7f2a7c191628
C 342
R
P 0x7f2a7c191628
P 0x7f2a7c1a21f8
C 258
R
P 0x7f2a7c191628
C 342
R
P 0x7f2a7c191628
P 0x7f2a7c1a21f8
C 9
R
P 0x7f2a7c191628
C 342
R
P 0x7f2a7c191628
P 0x7f2a7c1a25e8
P 0x7f2a7c1a21f8
C 74
= 0x7f2a7c486d00
R
P 0x7f2a7c191628
C 342
R
P 0x7f2a7c191628
P 0x7f2a7c486d00
C 258
R
P 0x7f2a7c191628
C 342
R
P 0x7f2a7c191628
P 0x7f2a7c486d00
C 9
R
P 0x7f2a7c191628
C 342
R
P 0x7f2a7c191628
U 2
P 0x7f2a7c479700
P 0x7f2a7c486d00
p 2
C 63
= 0x7f2a7c486d38
R
P 0x7f2a7c191628
C 342
R
P 0x7f2a7c191628
P 0x7f2a7c486d38
C 258
R
P 0x7f2a7c191628
C 342
R
P 0x7f2a7c191628
P 0x7f2a7c486d38
C 9
R
P 0x7f2a7c191628
C 342
R
P 0x7f2a7c191628
P 0x7f2a7c486d38
C 58
= 0x7f2a7c473f48
R
P 0x7f2a7c191628
C 342
R
P 0x7f2a7c191628
P 0x7f2a7c473f48
C 258
R
P 0x7f2a7c191628
C 342
R
P 0x7f2a7c191628
P 0x7f2a7c473f48
C 9
R
P 0x7f2a7c191628
C 342
R
P 0x7f2a7c191628
P 0x7f2a7c473d08
P 0x7f2a7c473f48
C 61
= 0x7f2a7c486d70
R
P 0x7f2a7c191628
C 342
R
P 0x7f2a7c191628
P 0x7f2a7c486d70
C 258
R
P 0x7f2a7c191628
C 342
R
P 0x7f2a7c191628
P 0x7f2a7c486d70
C 9
R
P 0x7f2a7c191628
C 342
R
P 0x7f2a7c191628
P 0x7f2a7c1e1fc8
P 0x7f2a7c486d70
C 427
R
P 0x7f2a7c191628
C 342
R
P 0x7f2a7c191628
I 8
P 0x7f2a7c19b208
C 150
= 0x7f2a7c19c1a8
R
P 0x7f2a7c191628
C 342
R
P 0x7f2a7c191628
P 0x7f2a7c19c1a8
C 258
R
P 0x7f2a7c191628
C 342
R
P 0x7f2a7c191628
P 0x7f2a7c19c1a8
C 9
R
P 0x7f2a7c191628
C 342
R
P 0x7f2a7c191628
I 6
P 0x7f2a7c19b208
C 150
= 0x7f2a7c19c0e8
R
P 0x7f2a7c191628
C 342
R
P 0x7f2a7c191628
P 0x7f2a7c19c0e8
C 258
R
P 0x7f2a7c191628
C 342
R
P 0x7f2a7c191628
P 0x7f2a7c19c0e8
C 9
R
P 0x7f2a7c191628
C 342
R
P 0x7f2a7c191628
P 0x7f2a7c19c1a8
P 0x7f2a7c19c0e8
C 56
= 0x7f2a7c477110
R
P 0x7f2a7c191628
C 342
R
P 0x7f2a7c191628
P 0x7f2a7c477110
C 258
R
P 0x7f2a7c191628
C 342
R
P 0x7f2a7c191628
P 0x7f2a7c477110
C 9
R
P 0x7f2a7c191628
C 342
R
P 0x7f2a7c191628
P 0x7f2a7c477110
C 58
= 0x7f2a7c473d68
R
P 0x7f2a7c191628
C 342
R
P 0x7f2a7c191628
P 0x7f2a7c473d68
C 258
R
P 0x7f2a7c191628
C 342
R
P 0x7f2a7c191628
P 0x7f2a7c473d68
C 9
R
P 0x7f2a7c191628
C 342
R
P 0x7f2a7c191628
I 6
P 0x7f2a7c19b208
C 150
= 0x7f2a7c19c0e8
R
P 0x7f2a7c191628
C 342
R
P 0x7f2a7c191628
P 0x7f2a7c19c0e8
C 258
R
P 0x7f2a7c191628
C 342
R
P 0x7f2a7c191628
P 0x7f2a7c19c0e8
C 9
R
P 0x7f2a7c191628
C 342
R
P 0x7f2a7c191628
P 0x7f2a7c19c0e8
C 263
R
P 0x7f2a7c191628
C 342
R
P 0x7f2a7c191628
S "slot6Start"
C 30
R
P 0x7f2a7c191628
C 342
R
P 0x7f2a7c191628
$ |slot6Start|
C 202
R
P 0x7f2a7c191628
C 342
R
P 0x7f2a7c191628
$ |slot6Start|
P 0x7f2a7c19b1e8
C 51
= 0x7f2a7c19c108
R
P 0x7f2a7c191628
C 342
R
P 0x7f2a7c191628
P 0x7f2a7c19c108
C 257
R
P 0x7f2a7c191628
C 342
R
P 0x7f2a7c191628
P 0x7f2a7c19c108
C 254
= 0x7f2a7c19b1e8
R
P 0x7f2a7c191628
C 342
R
P 0x7f2a7c191628
P 0x7f2a7c19b1e8
C 209
R
P 0x7f2a7c191628
C 342
R
P 0x7f2a7c191628
P 0x7f2a7c19c108
C 260
R
P 0x7f2a7c191628
C 342
R
P 0x7f2a7c191628
P 0x7f2a7c19c108
C 259
R
P 0x7f2a7c191628
C 342
R
P 0x7f2a7c191628
P 0x7f2a7c19c108
C 258
R
P 0x7f2a7c191628
C 342
R
P 0x7f2a7c191628
P 0x7f2a7c19c108
C 9
R
P 0x7f2a7c191628
C 342
R
P 0x7f2a7c191628
I 8
P 0x7f2a7c19b208
C 150
= 0x7f2a7c19c1a8
R
P 0x7f2a7c191628
C 342
R
P 0x7f2a7c191628
P 0x7f2a7c19c1a8
C 258
R
P 0x7f2a7c191628
C 342
R
P 0x7f2a7c191628
P 0x7f2a7c19c1a8
C 9
R
P 0x7f2a7c191628
C 342
R
P 0x7f2a7c191628
P 0x7f2a7c19c1a8
C 263
R
P 0x7f2a7c191628
C 342
R
P 0x7f2a7c191628
S "slot8Start"
C 30
R
P 0x7f2a7c191628
C 342
R
P 0x7f2a7c191628
$ |slot8Start|
C 202
R
P 0x7f2a7c191628
C 342
R
P 0x7f2a7c191628
$ |slot8Start|
P 0x7f2a7c19b1e8
C 51
= 0x7f2a7c19c1c8
R
P 0x7f2a7c191628
C 342
R
P 0x7f2a7c191628
P 0x7f2a7c19c1c8
C 257
R
P 0x7f2a7c191628
C 342
R
P 0x7f2a7c191628
P 0x7f2a7c19c1c8
C 254
= 0x7f2a7c19b1e8
R
P 0x7f2a7c191628
C 342
R
P 0x7f2a7c191628
P 0x7f2a7c19b1e8
C 209
R
P 0x7f2a7c191628
C 342
R
P 0x7f2a7c191628
P 0x7f2a7c19c1c8
C 260
R
P 0x7f2a7c191628
C 342
R
P 0x7f2a7c191628
P 0x7f2a7c19c1c8
C 259
R
P 0x7f2a7c191628
C 342
R
P 0x7f2a7c191628
P 0x7f2a7c19c1c8
C 258
R
P 0x7f2a7c191628
C 342
R
P 0x7f2a7c191628
P 0x7f2a7c19c1c8
C 9
R
P 0x7f2a7c191628
C 342
R
P 0x7f2a7c191628
I 8
P 0x7f2a7c19b208
C 150
= 0x7f2a7c19c1a8
R
P 0x7f2a7c191628
C 342
R
P 0x7f2a7c191628
P 0x7f2a7c19c1a8
C 258
R
P 0x7f2a7c191628
C 342
R
P 0x7f2a7c191628
P 0x7f2a7c19c1a8
C 9
R
P 0x7f2a7c191628
C 342
R
P 0x7f2a7c191628
P 0x7f2a7c19c1a8
C 263
R
P 0x7f2a7c191628
C 342
R
P 0x7f2a7c191628
S "slot8Duration"
C 30
R
P 0x7f2a7c191628
C 342
R
P 0x7f2a7c191628
$ |slot8Duration|
C 202
R
P 0x7f2a7c191628
C 342
R
P 0x7f2a7c191628
$ |slot8Duration|
P 0x7f2a7c19b1e8
C 51
= 0x7f2a7c19c1e8
R
P 0x7f2a7c191628
C 342
R
P 0x7f2a7c191628
P 0x7f2a7c19c1e8
C 257
R
P 0x7f2a7c191628
C 342
R
P 0x7f2a7c191628
P 0x7f2a7c19c1e8
C 254
= 0x7f2a7c19b1e8
R
P 0x7f2a7c191628
C 342
R
P 0x7f2a7c191628
P 0x7f2a7c19b1e8
C 209
R
P 0x7f2a7c191628
C 342
R
P 0x7f2a7c191628
P 0x7f2a7c19c1e8
C 260
R
P 0x7f2a7c191628
C 342
R
P 0x7f2a7c191628
P 0x7f2a7c19c1e8
C 259
R
P 0x7f2a7c191628
C 342
R
P 0x7f2a7c191628
P 0x7f2a7c19c1e8
C 258
R
P 0x7f2a7c191628
C 342
R
P 0x7f2a7c191628
P 0x7f2a7c19c1e8
C 9
R
P 0x7f2a7c191628
C 342
R
P 0x7f2a7c191628
U 2
P 0x7f2a7c19c1c8
P 0x7f2a7c19c1e8
p 2
C 65
= 0x7f2a7c1a25e8
R
P 0x7f2a7c191628
C 342
R
P 0x7f2a7c191628
P 0x7f2a7c1a25e8
C 257
R
P 0x7f2a7c191628
C 342
R
P 0x7f2a7c191628
P 0x7f2a7c1a25e8
C 254
= 0x7f2a7c19b1e8
R
P 0x7f2a7c191628
C 342
R
P 0x7f2a7c191628
P 0x7f2a7c19b1e8
C 209
R
P 0x7f2a7c191628
C 342
R
P 0x7f2a7c191628
P 0x7f2a7c1a25e8
C 260
R
P 0x7f2a7c191628
C 342
R
P 0x7f2a7c191628
P 0x7f2a7c1a25e8
C 259
R
P 0x7f2a7c191628
C 342
R
P 0x7f2a7c191628
P 0x7f2a7c1a25e8
C 258
R
P 0x7f2a7c191628
C 342
R
P 0x7f2a7c191628
P 0x7f2a7c1a25e8
C 9
R
P 0x7f2a7c191628
C 342
R
P 0x7f2a7c191628
P 0x7f2a7c19c108
P 0x7f2a7c1a25e8
C 74
= 0x7f2a7c475660
R
P 0x7f2a7c191628
C 342
R
P 0x7f2a7c191628
P 0x7f2a7c475660
C 258
R
P 0x7f2a7c191628
C 342
R
P 0x7f2a7c191628
P 0x7f2a7c475660
C 9
R
P 0x7f2a7c191628
C 342
R
P 0x7f2a7c191628
I 8
P 0x7f2a7c19b208
C 150
= 0x7f2a7c19c1a8
R
P 0x7f2a7c191628
C 342
R
P 0x7f2a7c191628
P 0x7f2a7c19c1a8
C 258
R
P 0x7f2a7c191628
C 342
R
P 0x7f2a7c191628
P 0x7f2a7c19c1a8
C 9
R
P 0x7f2a7c191628
C 342
R
P 0x7f2a7c191628
P 0x7f2a7c19c1a8
C 263
R
P 0x7f2a7c191628
C 342
R
P 0x7f2a7c191628
S "slot8Start"
C 30
R
P 0x7f2a7c191628
C 342
R
P 0x7f2a7c191628
$ |slot8Start|
C 202
R
P 0x7f2a7c191628
C 342
R
P 0x7f2a7c191628
$ |slot8Start|
P 0x7f2a7c19b1e8
C 51
= 0x7f2a7c19c1c8
R
P 0x7f2a7c191628
C 342
R
P 0x7f2a7c191628
P 0x7f2a7c19c1c8
C 257
R
P 0x7f2a7c191628
C 342
R
P 0x7f2a7c191628
P 0x7f2a7c19c1c8
C 254
= 0x7f2a7c19b1e8
R
P 0x7f2a7c191628
C 342
R
P 0x7f2a7c191628
P 0x7f2a7c19b1e8
C 209
R
P 0x7f2a7c191628
C 342
R
P 0x7f2a7c191628
P 0x7f2a7c19c1c8
C 260
R
P 0x7f2a7c191628
C 342
R
P 0x7f2a7c191628
P 0x7f2a7c19c1c8
C 259
R
P 0x7f2a7c191628
C 342
R
P 0x7f2a7c191628
P 0x7f2a7c19c1c8
C 258
R
P 0x7f2a7c191628
C 342
R
P 0x7f2a7c191628
P 0x7f2a7c19c1c8
C 9
R
P 0x7f2a7c191628
C 342
R
P 0x7f2a7c191628
I 8
P 0x7f2a7c19b208
C 150
= 0x7f2a7c19c1a8
R
P 0x7f2a7c191628
C 342
R
P 0x7f2a7c191628
P 0x7f2a7c19c1a8
C 258
R
P 0x7f2a7c191628
C 342
R
P 0x7f2a7c191628
P 0x7f2a7c19c1a8
C 9
R
P 0x7f2a7c191628
C 342
R
P 0x7f2a7c191628
P 0x7f2a7c19c1a8
C 263
R
P 0x7f2a7c191628
C 342
R
P 0x7f2a7c191628
S "slot8Duration"
C 30
R
P 0x7f2a7c191628
C 342
R
P 0x7f2a7c191628
$ |slot8Duration|
C 202
R
P 0x7f2a7c191628
C 342
R
P 0x7f2a7c191628
$ |slot8Duration|
P 0x7f2a7c19b1e8
C 51
= 0x7f2a7c19c1e8
R
P 0x7f2a7c191628
C 342
R
P 0x7f2a7c191628
P 0x7f2a7c19c1e8
C 257
R
P 0x7f2a7c191628
C 342
R
P 0x7f2a7c191628
P 0x7f2a7c19c1e8
C 254
= 0x7f2a7c19b1e8
R
P 0x7f2a7c191628
C 342
R
P 0x7f2a7c191628
P 0x7f2a7c19b1e8
C 209
R
P 0x7f2a7c191628
C 342
R
P 0x7f2a7c191628
P 0x7f2a7c19c1e8
C 260
R
P 0x7f2a7c191628
C 342
R
P 0x7f2a7c191628
P 0x7f2a7c19c1e8
C 259
R
P 0x7f2a7c191628
C 342
R
P 0x7f2a7c191628
P 0x7f2a7c19c1e8
C 258
R
P 0x7f2a7c191628
C 342
R
P 0x7f2a7c191628
P 0x7f2a7c19c1e8
C 9
R
P 0x7f2a7c191628
C 342
R
P 0x7f2a7c191628
U 2
P 0x7f2a7c19c1c8
P 0x7f2a7c19c1e8
p 2
C 65
= 0x7f2a7c1a25e8
R
P 0x7f2a7c191628
C 342
R
P 0x7f2a7c191628
P 0x7f2a7c1a25e8
C 257
R
P 0x7f2a7c191628
C 342
R
P 0x7f2a7c191628
P 0x7f2a7c1a25e8
C 254
= 0x7f2a7c19b1e8
R
P 0x7f2a7c191628
C 342
R
P 0x7f2a7c191628
P 0x7f2a7c19b1e8
C 209
R
P 0x7f2a7c191628
C 342
R
P 0x7f2a7c191628
P 0x7f2a7c1a25e8
C 260
R
P 0x7f2a7c191628
C 342
R
P 0x7f2a7c191628
P 0x7f2a7c1a25e8
C 259
R
P 0x7f2a7c191628
C 342
R
P 0x7f2a7c191628
P 0x7f2a7c1a25e8
C 258
R
P 0x7f2a7c191628
C 342
R
P 0x7f2a7c191628
P 0x7f2a7c1a25e8
C 9
R
P 0x7f2a7c191628
C 342
R
P 0x7f2a7c191628
I 6
P 0x7f2a7c19b208
C 150
= 0x7f2a7c19c0e8
R
P 0x7f2a7c191628
C 342
R
P 0x7f2a7c191628
P 0x7f2a7c19c0e8
C 258
R
P 0x7f2a7c191628
C 342
R
P 0x7f2a7c191628
P 0x7f2a7c19c0e8
C 9
R
P 0x7f2a7c191628
C 342
R
P 0x7f2a7c191628
P 0x7f2a7c19c0e8
C 263
R
P 0x7f2a7c191628
C 342
R
P 0x7f2a7c191628
S "slot6Start"
C 30
R
P 0x7f2a7c191628
C 342
R
P 0x7f2a7c191628
$ |slot6Start|
C 202
R
P 0x7f2a7c191628
C 342
R
P 0x7f2a7c191628
$ |slot6Start|
P 0x7f2a7c19b1e8
C 51
= 0x7f2a7c19c108
R
P 0x7f2a7c191628
C 342
R
P 0x7f2a7c191628
P 0x7f2a7c19c108
C 257
R
P 0x7f2a7c191628
C 342
R
P 0x7f2a7c191628
P 0x7f2a7c19c108
C 254
= 0x7f2a7c19b1e8
R
P 0x7f2a7c191628
C 342
R
P 0x7f2a7c191628
P 0x7f2a7c19b1e8
C 209
R
P 0x7f2a7c191628
C 342
R
P 0x7f2a7c191628
P 0x7f2a7c19c108
C 260
R
P 0x7f2a7c191628
C 342
R
P 0x7f2a7c191628
P 0x7f2a7c19c108
C 259
R
P 0x7f2a7c191628
C 342
R
P 0x7f2a7c191628
P 0x7f2a7c19c108
C 258
R
P 0x7f2a7c191628
C 342
R
P 0x7f2a7c191628
P 0x7f2a7c19c108
C 9
R
P 0x7f2a7c191628
C 342
R
P 0x7f2a7c191628
I 6
P 0x7f2a7c19b208
C 150
= 0x7f2a7c19c0e8
R
P 0x7f2a7c191628
C 342
R
P 0x7f2a7c191628
P 0x7f2a7c19c0e8
C 258
R
P 0x7f2a7c191628
C 342
R
P 0x7f2a7c191628
P 0x7f2a7c19c0e8
C 9
R
P 0x7f2a7c191628
C 342
R
P 0x7f2a7c191628
P 0x7f2a7c19c0e8
C 263
R
P 0x7f2a7c191628
C 342
R
P 0x7f2a7c191628
S "slot6Duration"
C 30
R
P 0x7f2a7c191628
C 342
R
P 0x7f2a7c191628
$ |slot6Duration|
C 202
R
P 0x7f2a7c191628
C 342
R
P 0x7f2a7c191628
$ |slot6Duration|
P 0x7f2a7c19b1e8
C 51
= 0x7f2a7c19c128
R
P 0x7f2a7c191628
C 342
R
P 0x7f2a7c191628
P 0x7f2a7c19c128
C 257
R
P 0x7f2a7c191628
C 342
R
P 0x7f2a7c191628
P 0x7f2a7c19c128
C 254
= 0x7f2a7c19b1e8
R
P 0x7f2a7c191628
C 342
R
P 0x7f2a7c191628
P 0x7f2a7c19b1e8
C 209
R
P 0x7f2a7c191628
C 342
R
P 0x7f2a7c191628
P 0x7f2a7c19c128
C 260
R
P 0x7f2a7c191628
C 342
R
P 0x7f2a7c191628
P 0x7f2a7c19c128
C 259
R
P 0x7f2a7c191628
C 342
R
P 0x7f2a7c191628
P 0x7f2a7c19c128
C 258
R
P 0x7f2a7c191628
C 342
R
P 0x7f2a7c191628
P 0x7f2a7c19c128
C 9
R
P 0x7f2a7c191628
C 342
R
P 0x7f2a7c191628
U 2
P 0x7f2a7c19c108
P 0x7f2a7c19c128
p 2
C 65
= 0x7f2a7c1a2348
R
P 0x7f2a7c191628
C 342
R
P 0x7f2a7c191628
P 0x7f2a7c1a2348
C 257
R
P 0x7f2a7c191628
C 342
R
P 0x7f2a7c191628
P 0x7f2a7c1a2348
C 254
= 0x7f2a7c19b1e8
R
P 0x7f2a7c191628
C 342
R
P 0x7f2a7c191628
P 0x7f2a7c19b1e8
C 209
R
P 0x7f2a7c191628
C 342
R
P 0x7f2a7c191628
P 0x7f2a7c1a2348
C 260
R
P 0x7f2a7c191628
C 342
R
P 0x7f2a7c191628
P 0x7f2a7c1a2348
C 259
R
P 0x7f2a7c191628
C 342
R
P 0x7f2a7c191628
P 0x7f2a7c1a2348
C 258
R
P 0x7f2a7c191628
C 342
R
P 0x7f2a7c191628
P 0x7f2a7c1a2348
C 9
R
P 0x7f2a7c191628
C 342
R
P 0x7f2a7c191628
P 0x7f2a7c1a25e8
P 0x7f2a7c1a2348
C 74
= 0x7f2a7c486da8
R
P 0x7f2a7c191628
C 342
R
P 0x7f2a7c191628
P 0x7f2a7c486da8
C 258
R
P 0x7f2a7c191628
C 342
R
P 0x7f2a7c191628
P 0x7f2a7c486da8
C 9
R
P 0x7f2a7c191628
C 342
R
P 0x7f2a7c191628
U 2
P 0x7f2a7c475660
P 0x7f2a7c486da8
p 2
C 63
= 0x7f2a7c486de0
R
P 0x7f2a7c191628
C 342
R
P 0x7f2a7c191628
P 0x7f2a7c486de0
C 258
R
P 0x7f2a7c191628
C 342
R
P 0x7f2a7c191628
P 0x7f2a7c486de0
C 9
R
P 0x7f2a7c191628
C 342
R
P 0x7f2a7c191628
P 0x7f2a7c486de0
C 58
= 0x7f2a7c473f78
R
P 0x7f2a7c191628
C 342
R
P 0x7f2a7c191628
P 0x7f2a7c473f78
C 258
R
P 0x7f2a7c191628
C 342
R
P 0x7f2a7c191628
P 0x7f2a7c473f78
C 9
R
P 0x7f2a7c191628
C 342
R
P 0x7f2a7c191628
P 0x7f2a7c473d68
P 0x7f2a7c473f78
C 61
= 0x7f2a7c486e18
R
P 0x7f2a7c191628
C 342
R
P 0x7f2a7c191628
P 0x7f2a7c486e18
C 258
R
P 0x7f2a7c191628
C 342
R
P 0x7f2a7c191628
P 0x7f2a7c486e18
C 9
R
P 0x7f2a7c191628
C 342
R
P 0x7f2a7c191628
P 0x7f2a7c1e1fc8
P 0x7f2a7c486e18
C 427
R
P 0x7f2a7c191628
C 342
R
P 0x7f2a7c191628
I 8
P 0x7f2a7c19b208
C 150
= 0x7f2a7c19c1a8
R
P 0x7f2a7c191628
C 342
R
P 0x7f2a7c191628
P 0x7f2a7c19c1a8
C 258
R
P 0x7f2a7c191628
C 342
R
P 0x7f2a7c191628
P 0x7f2a7c19c1a8
C 9
R
P 0x7f2a7c191628
C 342
R
P 0x7f2a7c191628
I 7
P 0x7f2a7c19b208
C 150
= 0x7f2a7c19c148
R
P 0x7f2a7c191628
C 342
R
P 0x7f2a7c191628
P 0x7f2a7c19c148
C 258
R
P 0x7f2a7c191628
C 342
R
P 0x7f2a7c191628
P 0x7f2a7c19c148
C 9
R
P 0x7f2a7c191628
C 342
R
P 0x7f2a7c191628
P 0x7f2a7c19c1a8
P 0x7f2a7c19c148
C 56
= 0x7f2a7c486868
R
P 0x7f2a7c191628
C 342
R
P 0x7f2a7c191628
P 0x7f2a7c486868
C 258
R
P 0x7f2a7c191628
C 342
R
P 0x7f2a7c191628
P 0x7f2a7c486868
C 9
R
P 0x7f2a7c191628
C 342
R
P 0x7f2a7c191628
P 0x7f2a7c486868
C 58
= 0x7f2a7c473dc8
R
P 0x7f2a7c191628
C 342
R
P 0x7f2a7c191628
P 0x7f2a7c473dc8
C 258
R
P 0x7f2a7c191628
C 342
R
P 0x7f2a7c191628
P 0x7f2a7c473dc8
C 9
R
P 0x7f2a7c191628
C 342
R
P 0x7f2a7c191628
I 7
P 0x7f2a7c19b208
C 150
= 0x7f2a7c19c148
R
P 0x7f2a7c191628
C 342
R
P 0x7f2a7c191628
P 0x7f2a7c19c148
C 258
R
P 0x7f2a7c191628
C 342
R
P 0x7f2a7c191628
P 0x7f2a7c19c148
C 9
R
P 0x7f2a7c191628
C 342
R
P 0x7f2a7c191628
P 0x7f2a7c19c148
C 263
R
P 0x7f2a7c191628
C 342
R
P 0x7f2a7c191628
S "slot7Start"
C 30
R
P 0x7f2a7c191628
C 342
R
P 0x7f2a7c191628
$ |slot7Start|
C 202
R
P 0x7f2a7c191628
C 342
R
P 0x7f2a7c191628
$ |slot7Start|
P 0x7f2a7c19b1e8
C 51
= 0x7f2a7c19c168
R
P 0x7f2a7c191628
C 342
R
P 0x7f2a7c191628
P 0x7f2a7c19c168
C 257
R
P 0x7f2a7c191628
C 342
R
P 0x7f2a7c191628
P 0x7f2a7c19c168
C 254
= 0x7f2a7c19b1e8
R
P 0x7f2a7c191628
C 342
R
P 0x7f2a7c191628
P 0x7f2a7c19b1e8
C 209
R
P 0x7f2a7c191628
C 342
R
P 0x7f2a7c191628
P 0x7f2a7c19c168
C 260
R
P 0x7f2a7c191628
C 342
R
P 0x7f2a7c191628
P 0x7f2a7c19c168
C 259
R
P 0x7f2a7c191628
C 342
R
P 0x7f2a7c191628
P 0x7f2a7c19c168
C 258
R
P 0x7f2a7c191628
C 342
R
P 0x7f2a7c191628
P 0x7f2a7c19c168
C 9
R
P 0x7f2a7c191628
C 342
R
P 0x7f2a7c191628
I 8
P 0x7f2a7c19b208
C 150
= 0x7f2a7c19c1a8
R
P 0x7f2a7c191628
C 342
R
P 0x7f2a7c191628
P 0x7f2a7c19c1a8
C 258
R
P 0x7f2a7c191628
C 342
R
P 0x7f2a7c191628
P 0x7f2a7c19c1a8
C 9
R
P 0x7f2a7c191628
C 342
R
P 0x7f2a7c191628
P 0x7f2a7c19c1a8
C 263
R
P 0x7f2a7c191628
C 342
R
P 0x7f2a7c191628
S "slot8Start"
C 30
R
P 0x7f2a7c191628
C 342
R
P 0x7f2a7c191628
$ |slot8Start|
C 202
R
P 0x7f2a7c191628
C 342
R
P 0x7f2a7c191628
$ |slot8Start|
P 0x7f2a7c19b1e8
C 51
= 0x7f2a7c19c1c8
R
P 0x7f2a7c191628
C 342
R
P 0x7f2a7c191628
P 0x7f2a7c19c1c8
C 257
R
P 0x7f2a7c191628
C 342
R
P 0x7f2a7c191628
P 0x7f2a7c19c1c8
C 254
= 0x7f2a7c19b1e8
R
P 0x7f2a7c191628
C 342
R
P 0x7f2a7c191628
P 0x7f2a7c19b1e8
C 209
R
P 0x7f2a7c191628
C 342
R
P 0x7f2a7c191628
P 0x7f2a7c19c1c8
C 260
R
P 0x7f2a7c191628
C 342
R
P 0x7f2a7c191628
P 0x7f2a7c19c1c8
C 259
R
P 0x7f2a7c191628
C 342
R
P 0x7f2a7c191628
P 0x7f2a7c19c1c8
C 258
R
P 0x7f2a7c191628
C 342
R
P 0x7f2a7c191628
P 0x7f2a7c19c1c8
C 9
R
P 0x7f2a7c191628
C 342
R
P 0x7f2a7c191628
I 8
P 0x7f2a7c19b208
C 150
= 0x7f2a7c19c1a8
R
P 0x7f2a7c191628
C 342
R
P 0x7f2a7c191628
P 0x7f2a7c19c1a8
C 258
R
P 0x7f2a7c191628
C 342
R
P 0x7f2a7c191628
P 0x7f2a7c19c1a8
C 9
R
P 0x7f2a7c191628
C 342
R
P 0x7f2a7c191628
P 0x7f2a7c19c1a8
C 263
R
P 0x7f2a7c191628
C 342
R
P 0x7f2a7c191628
S "slot8Duration"
C 30
R
P 0x7f2a7c191628
C 342
R
P 0x7f2a7c191628
$ |slot8Duration|
C 202
R
P 0x7f2a7c191628
C 342
R
P 0x7f2a7c191628
$ |slot8Duration|
P 0x7f2a7c19b1e8
C 51
= 0x7f2a7c19c1e8
R
P 0x7f2a7c191628
C 342
R
P 0x7f2a7c191628
P 0x7f2a7c19c1e8
C 257
R
P 0x7f2a7c191628
C 342
R
P 0x7f2a7c191628
P 0x7f2a7c19c1e8
C 254
= 0x7f2a7c19b1e8
R
P 0x7f2a7c191628
C 342
R
P 0x7f2a7c191628
P 0x7f2a7c19b1e8
C 209
R
P 0x7f2a7c191628
C 342
R
P 0x7f2a7c191628
P 0x7f2a7c19c1e8
C 260
R
P 0x7f2a7c191628
C 342
R
P 0x7f2a7c191628
P 0x7f2a7c19c1e8
C 259
R
P 0x7f2a7c191628
C 342
R
P 0x7f2a7c191628
P 0x7f2a7c19c1e8
C 258
R
P 0x7f2a7c191628
C 342
R
P 0x7f2a7c191628
P 0x7f2a7c19c1e8
C 9
R
P 0x7f2a7c191628
C 342
R
P 0x7f2a7c191628
U 2
P 0x7f2a7c19c1c8
P 0x7f2a7c19c1e8
p 2
C 65
= 0x7f2a7c1a25e8
R
P 0x7f2a7c191628
C 342
R
P 0x7f2a7c191628
P 0x7f2a7c1a25e8
C 257
R
P 0x7f2a7c191628
C 342
R
P 0x7f2a7c191628
P 0x7f2a7c1a25e8
C 254
= 0x7f2a7c19b1e8
R
P 0x7f2a7c191628
C 342
R
P 0x7f2a7c191628
P 0x7f2a7c19b1e8
C 209
R
P 0x7f2a7c191628
C 342
R
P 0x7f2a7c191628
P 0x7f2a7c1a25e8
C 260
R
P 0x7f2a7c191628
C 342
R
P 0x7f2a7c191628
P 0x7f2a7c1a25e8
C 259
R
P 0x7f2a7c191628
C 342
R
P 0x7f2a7c191628
P 0x7f2a7c1a25e8
C 258
R
P 0x7f2a7c191628
C 342
R
P 0x7f2a7c191628
P 0x7f2a7c1a25e8
C 9
R
P 0x7f2a7c191628
C 342
R
P 0x7f2a7c191628
P 0x7f2a7c19c168
P 0x7f2a7c1a25e8
C 74
= 0x7f2a7c476508
R
P 0x7f2a7c191628
C 342
R
P 0x7f2a7c191628
P 0x7f2a7c476508
C 258
R
P 0x7f2a7c191628
C 342
R
P 0x7f2a7c191628
P 0x7f2a7c476508
C 9
R
P 0x7f2a7c191628
C 342
R
P 0x7f2a7c191628
I 8
P 0x7f2a7c19b208
C 150
= 0x7f2a7c19c1a8
R
P 0x7f2a7c191628
C 342
R
P 0x7f2a7c191628
P 0x7f2a7c19c1a8
C 258
R
P 0x7f2a7c191628
C 342
R
P 0x7f2a7c191628
P 0x7f2a7c19c1a8
C 9
R
P 0x7f2a7c191628
C 342
R
P 0x7f2a7c191628
P 0x7f2a7c19c1a8
C 263
R
P 0x7f2a7c191628
C 342
R
P 0x7f2a7c191628
S "slot8Start"
C 30
R
P 0x7f2a7c191628
C 342
R
P 0x7f2a7c191628
$ |slot8Start|
C 202
R
P 0x7f2a7c191628
C 342
R
P 0x7f2a7c191628
$ |slot8Start|
P 0x7f2a7c19b1e8
C 51
= 0x7f2a7c19c1c8
R
P 0x7f2a7c191628
C 342
R
P 0x7f2a7c191628
P 0x7f2a7c19c1c8
C 257
R
P 0x7f2a7c191628
C 342
R
P 0x7f2a7c191628
P 0x7f2a7c19c1c8
C 254
= 0x7f2a7c19b1e8
R
P 0x7f2a7c191628
C 342
R
P 0x7f2a7c191628
P 0x7f2a7c19b1e8
C 209
R
P 0x7f2a7c191628
C 342
R
P 0x7f2a7c191628
P 0x7f2a7c19c1c8
C 260
R
P 0x7f2a7c191628
C 342
R
P 0x7f2a7c191628
P 0x7f2a7c19c1c8
C 259
R
P 0x7f2a7c191628
C 342
R
P 0x7f2a7c191628
P 0x7f2a7c19c1c8
C 258
R
P 0x7f2a7c191628
C 342
R
P 0x7f2a7c191628
P 0x7f2a7c19c1c8
C 9
R
P 0x7f2a7c191628
C 342
R
P 0x7f2a7c191628
I 8
P 0x7f2a7c19b208
C 150
= 0x7f2a7c19c1a8
R
P 0x7f2a7c191628
C 342
R
P 0x7f2a7c191628
P 0x7f2a7c19c1a8
C 258
R
P 0x7f2a7c191628
C 342
R
P 0x7f2a7c191628
P 0x7f2a7c19c1a8
C 9
R
P 0x7f2a7c191628
C 342
R
P 0x7f2a7c191628
P 0x7f2a7c19c1a8
C 263
R
P 0x7f2a7c191628
C 342
R
P 0x7f2a7c191628
S "slot8Duration"
C 30
R
P 0x7f2a7c191628
C 342
R
P 0x7f2a7c191628
$ |slot8Duration|
C 202
R
P 0x7f2a7c191628
C 342
R
P 0x7f2a7c191628
$ |slot8Duration|
P 0x7f2a7c19b1e8
C 51
= 0x7f2a7c19c1e8
R
P 0x7f2a7c191628
C 342
R
P 0x7f2a7c191628
P 0x7f2a7c19c1e8
C 257
R
P 0x7f2a7c191628
C 342
R
P 0x7f2a7c191628
P 0x7f2a7c19c1e8
C 254
= 0x7f2a7c19b1e8
R
P 0x7f2a7c191628
C 342
R
P 0x7f2a7c191628
P 0x7f2a7c19b1e8
C 209
R
P 0x7f2a7c191628
C 342
R
P 0x7f2a7c191628
P 0x7f2a7c19c1e8
C 260
R
P 0x7f2a7c191628
C 342
R
P 0x7f2a7c191628
P 0x7f2a7c19c1e8
C 259
R
P 0x7f2a7c191628
C 342
R
P 0x7f2a7c191628
P 0x7f2a7c19c1e8
C 258
R
P 0x7f2a7c191628
C 342
R
P 0x7f2a7c191628
P 0x7f2a7c19c1e8
C 9
R
P 0x7f2a7c191628
C 342
R
P 0x7f2a7c191628
U 2
P 0x7f2a7c19c1c8
P 0x7f2a7c19c1e8
p 2
C 65
= 0x7f2a7c1a25e8
R
P 0x7f2a7c191628
C 342
R
P 0x7f2a7c191628
P 0x7f2a7c1a25e8
C 257
R
P 0x7f2a7c191628
C 342
R
P 0x7f2a7c191628
P 0x7f2a7c1a25e8
C 254
= 0x7f2a7c19b1e8
R
P 0x7f2a7c191628
C 342
R
P 0x7f2a7c191628
P 0x7f2a7c19b1e8
C 209
R
P 0x7f2a7c191628
C 342
R
P 0x7f2a7c191628
P 0x7f2a7c1a25e8
C 260
R
P 0x7f2a7c191628
C 342
R
P 0x7f2a7c191628
P 0x7f2a7c1a25e8
C 259
R
P 0x7f2a7c191628
C 342
R
P 0x7f2a7c191628
P 0x7f2a7c1a25e8
C 258
R
P 0x7f2a7c191628
C 342
R
P 0x7f2a7c191628
P 0x7f2a7c1a25e8
C 9
R
P 0x7f2a7c191628
C 342
R
P 0x7f2a7c191628
I 7
P 0x7f2a7c19b208
C 150
= 0x7f2a7c19c148
R
P 0x7f2a7c191628
C 342
R
P 0x7f2a7c191628
P 0x7f2a7c19c148
C 258
R
P 0x7f2a7c191628
C 342
R
P 0x7f2a7c191628
P 0x7f2a7c19c148
C 9
R
P 0x7f2a7c191628
C 342
R
P 0x7f2a7c191628
P 0x7f2a7c19c148
C 263
R
P 0x7f2a7c191628
C 342
R
P 0x7f2a7c191628
S "slot7Start"
C 30
R
P 0x7f2a7c191628
C 342
R
P 0x7f2a7c191628
$ |slot7Start|
C 202
R
P 0x7f2a7c191628
C 342
R
P 0x7f2a7c191628
$ |slot7Start|
P 0x7f2a7c19b1e8
C 51
= 0x7f2a7c19c168
R
P 0x7f2a7c191628
C 342
R
P 0x7f2a7c191628
P 0x7f2a7c19c168
C 257
R
P 0x7f2a7c191628
C 342
R
P 0x7f2a7c191628
P 0x7f2a7c19c168
C 254
= 0x7f2a7c19b1e8
R
P 0x7f2a7c191628
C 342
R
P 0x7f2a7c191628
P 0x7f2a7c19b1e8
C 209
R
P 0x7f2a7c191628
C 342
R
P 0x7f2a7c191628
P 0x7f2a7c19c168
C 260
R
P 0x7f2a7c191628
C 342
R
P 0x7f2a7c191628
P 0x7f2a7c19c168
C 259
R
P 0x7f2a7c191628
C 342
R
P 0x7f2a7c191628
P 0x7f2a7c19c168
C 258
R
P 0x7f2a7c191628
C 342
R
P 0x7f2a7c191628
P 0x7f2a7c19c168
C 9
R
P 0x7f2a7c191628
C 342
R
P 0x7f2a7c191628
I 7
P 0x7f2a7c19b208
C 150
= 0x7f2a7c19c148
R
P 0x7f2a7c191628
C 342
R
P 0x7f2a7c191628
P 0x7f2a7c19c148
C 258
R
P 0x7f2a7c191628
C 342
R
P 0x7f2a7c191628
P 0x7f2a7c19c148
C 9
R
P 0x7f2a7c191628
C 342
R
P 0x7f2a7c191628
P 0x7f2a7c19c148
C 263
R
P 0x7f2a7c191628
C 342
R
P 0x7f2a7c191628
S "slot7Duration"
C 30
R
P 0x7f2a7c191628
C 342
R
P 0x7f2a7c191628
$ |slot7Duration|
C 202
R
P 0x7f2a7c191628
C 342
R
P 0x7f2a7c191628
$ |slot7Duration|
P 0x7f2a7c19b1e8
C 51
= 0x7f2a7c19c188
R
P 0x7f2a7c191628
C 342
R
P 0x7f2a7c191628
P 0x7f2a7c19c188
C 257
R
P 0x7f2a7c191628
C 342
R
P 0x7f2a7c191628
P 0x7f2a7c19c188
C 254
= 0x7f2a7c19b1e8
R
P 0x7f2a7c191628
C 342
R
P 0x7f2a7c191628
P 0x7f2a7c19b1e8
C 209
R
P 0x7f2a7c191628
C 342
R
P 0x7f2a7c191628
P 0x7f2a7c19c188
C 260
R
P 0x7f2a7c191628
C 342
R
P 0x7f2a7c191628
P 0x7f2a7c19c188
C 259
R
P 0x7f2a7c191628
C 342
R
P 0x7f2a7c191628
P 0x7f2a7c19c188
C 258
R
P 0x7f2a7c191628
C 342
R
P 0x7f2a7c191628
P 0x7f2a7c19c188
C 9
R
P 0x7f2a7c191628
C 342
R
P 0x7f2a7c191628
U 2
P 0x7f2a7c19c168
P 0x7f2a7c19c188
p 2
C 65
= 0x7f2a7c1a2498
R
P 0x7f2a7c191628
C 342
R
P 0x7f2a7c191628
P 0x7f2a7c1a2498
C 257
R
P 0x7f2a7c191628
C 342
R
P 0x7f2a7c191628
P 0x7f2a7c1a2498
C 254
= 0x7f2a7c19b1e8
R
P 0x7f2a7c191628
C 342
R
P 0x7f2a7c191628
P 0x7f2a7c19b1e8
C 209
R
P 0x7f2a7c191628
C 342
R
P 0x7f2a7c191628
P 0x7f2a7c1a2498
C 260
R
P 0x7f2a7c191628
C 342
R
P 0x7f2a7c191628
P 0x7f2a7c1a2498
C 259
R
P 0x7f2a7c191628
C 342
R
P 0x7f2a7c191628
P 0x7f2a7c1a2498
C 258
R
P 0x7f2a7c191628
C 342
R
P 0x7f2a7c191628
P 0x7f2a7c1a2498
C 9
R
P 0x7f2a7c191628
C 342
R
P 0x7f2a7c191628
P 0x7f2a7c1a25e8
P 0x7f2a7c1a2498
C 74
= 0x7f2a7c486e50
R
P 0x7f2a7c191628
C 342
R
P 0x7f2a7c191628
P 0x7f2a7c486e50
C 258
R
P 0x7f2a7c191628
C 342
R
P 0x7f2a7c191628
P 0x7f2a7c486e50
C 9
R
P 0x7f2a7c191628
C 342
R
P 0x7f2a7c191628
U 2
P 0x7f2a7c476508
P 0x7f2a7c486e50
p 2
C 63
= 0x7f2a7c486e88
R
P 0x7f2a7c191628
C 342
R
P 0x7f2a7c191628
P 0x7f2a7c486e88
C 258
R
P 0x7f2a7c191628
C 342
R
P 0x7f2a7c191628
P 0x7f2a7c486e88
C 9
R
P 0x7f2a7c191628
C 342
R
P 0x7f2a7c191628
P 0x7f2a7c486e88
C 58
= 0x7f2a7c473fa8
R
P 0x7f2a7c191628
C 342
R
P 0x7f2a7c191628
P 0x7f2a7c473fa8
C 258
R
P 0x7f2a7c191628
C 342
R
P 0x7f2a7c191628
P 0x7f2a7c473fa8
C 9
R
P 0x7f2a7c191628
C 342
R
P 0x7f2a7c191628
P 0x7f2a7c473dc8
P 0x7f2a7c473fa8
C 61
= 0x7f2a7c486ec0
R
P 0x7f2a7c191628
C 342
R
P 0x7f2a7c191628
P 0x7f2a7c486ec0
C 258
R
P 0x7f2a7c191628
C 342
R
P 0x7f2a7c191628
P 0x7f2a7c486ec0
C 9
R
P 0x7f2a7c191628
C 342
R
P 0x7f2a7c191628
P 0x7f2a7c1e1fc8
P 0x7f2a7c486ec0
C 427
R
P 0x7f2a7c191628
C 342
R
P 0x7f2a7c191628
I 8
P 0x7f2a7c19b208
C 150
= 0x7f2a7c19c1a8
R
P 0x7f2a7c191628
C 342
R
P 0x7f2a7c191628
P 0x7f2a7c19c1a8
C 258
R
P 0x7f2a7c191628
C 342
R
P 0x7f2a7c191628
P 0x7f2a7c19c1a8
C 9
R
P 0x7f2a7c191628
C 342
R
P 0x7f2a7c191628
I 8
P 0x7f2a7c19b208
C 150
= 0x7f2a7c19c1a8
R
P 0x7f2a7c191628
C 342
R
P 0x7f2a7c191628
P 0x7f2a7c19c1a8
C 258
R
P 0x7f2a7c191628
C 342
R
P 0x7f2a7c191628
P 0x7f2a7c19c1a8
C 9
R
P 0x7f2a7c191628
C 342
R
P 0x7f2a7c191628
P 0x7f2a7c19c1a8
P 0x7f2a7c19c1a8
C 56
= 0x7f2a7c486948
R
P 0x7f2a7c191628
C 342
R
P 0x7f2a7c191628
P 0x7f2a7c486948
C 258
R
P 0x7f2a7c191628
C 342
R
P 0x7f2a7c191628
P 0x7f2a7c486948
C 9
R
P 0x7f2a7c191628
C 342
R
P 0x7f2a7c191628
P 0x7f2a7c486948
C 58
= 0x7f2a7c473e28
R
P 0x7f2a7c191628
C 342
R
P 0x7f2a7c191628
P 0x7f2a7c473e28
C 258
R
P 0x7f2a7c191628
C 342
R
P 0x7f2a7c191628
P 0x7f2a7c473e28
C 9
R
P 0x7f2a7c191628
C 342
R
P 0x7f2a7c191628
I 8
P 0x7f2a7c19b208
C 150
= 0x7f2a7c19c1a8
R
P 0x7f2a7c191628
C 342
R
P 0x7f2a7c191628
P 0x7f2a7c19c1a8
C 258
R
P 0x7f2a7c191628
C 342
R
P 0x7f2a7c191628
P 0x7f2a7c19c1a8
C 9
R
P 0x7f2a7c191628
C 342
R
P 0x7f2a7c191628
P 0x7f2a7c19c1a8
C 263
R
P 0x7f2a7c191628
C 342
R
P 0x7f2a7c191628
S "slot8Start"
C 30
R
P 0x7f2a7c191628
C 342
R
P 0x7f2a7c191628
$ |slot8Start|
C 202
R
P 0x7f2a7c191628
C 342
R
P 0x7f2a7c191628
$ |slot8Start|
P 0x7f2a7c19b1e8
C 51
= 0x7f2a7c19c1c8
R
P 0x7f2a7c191628
C 342
R
P 0x7f2a7c191628
P 0x7f2a7c19c1c8
C 257
R
P 0x7f2a7c191628
C 342
R
P 0x7f2a7c191628
P 0x7f2a7c19c1c8
C 254
= 0x7f2a7c19b1e8
R
P 0x7f2a7c191628
C 342
R
P 0x7f2a7c191628
P 0x7f2a7c19b1e8
C 209
R
P 0x7f2a7c191628
C 342
R
P 0x7f2a7c191628
P 0x7f2a7c19c1c8
C 260
R
P 0x7f2a7c191628
C 342
R
P 0x7f2a7c191628
P 0x7f2a7c19c1c8
C 259
R
P 0x7f2a7c191628
C 342
R
P 0x7f2a7c191628
P 0x7f2a7c19c1c8
C 258
R
P 0x7f2a7c191628
C 342
R
P 0x7f2a7c191628
P 0x7f2a7c19c1c8
C 9
R
P 0x7f2a7c191628
C 342
R
P 0x7f2a7c191628
I 8
P 0x7f2a7c19b208
C 150
= 0x7f2a7c19c1a8
R
P 0x7f2a7c191628
C 342
R
P 0x7f2a7c191628
P 0x7f2a7c19c1a8
C 258
R
P 0x7f2a7c191628
C 342
R
P 0x7f2a7c191628
P 0x7f2a7c19c1a8
C 9
R
P 0x7f2a7c191628
C 342
R
P 0x7f2a7c191628
P 0x7f2a7c19c1a8
C 263
R
P 0x7f2a7c191628
C 342
R
P 0x7f2a7c191628
S "slot8Start"
C 30
R
P 0x7f2a7c191628
C 342
R
P 0x7f2a7c191628
$ |slot8Start|
C 202
R
P 0x7f2a7c191628
C 342
R
P 0x7f2a7c191628
$ |slot8Start|
P 0x7f2a7c19b1e8
C 51
= 0x7f2a7c19c1c8
R
P 0x7f2a7c191628
C 342
R
P 0x7f2a7c191628
P 0x7f2a7c19c1c8
C 257
R
P 0x7f2a7c191628
C 342
R
P 0x7f2a7c191628
P 0x7f2a7c19c1c8
C 254
= 0x7f2a7c19b1e8
R
P 0x7f2a7c191628
C 342
R
P 0x7f2a7c191628
P 0x7f2a7c19b1e8
C 209
R
P 0x7f2a7c191628
C 342
R
P 0x7f2a7c191628
P 0x7f2a7c19c1c8
C 260
R
P 0x7f2a7c191628
C 342
R
P 0x7f2a7c191628
P 0x7f2a7c19c1c8
C 259
R
P 0x7f2a7c191628
C 342
R
P 0x7f2a7c191628
P 0x7f2a7c19c1c8
C 258
R
P 0x7f2a7c191628
C 342
R
P 0x7f2a7c191628
P 0x7f2a7c19c1c8
C 9
R
P 0x7f2a7c191628
C 342
R
P 0x7f2a7c191628
I 8
P 0x7f2a7c19b208
C 150
= 0x7f2a7c19c1a8
R
P 0x7f2a7c191628
C 342
R
P 0x7f2a7c191628
P 0x7f2a7c19c1a8
C 258
R
P 0x7f2a7c191628
C 342
R
P 0x7f2a7c191628
P 0x7f2a7c19c1a8
C 9
R
P 0x7f2a7c191628
C 342
R
P 0x7f2a7c191628
P 0x7f2a7c19c1a8
C 263
R
P 0x7f2a7c191628
C 342
R
P 0x7f2a7c191628
S "slot8Duration"
C 30
R
P 0x7f2a7c191628
C 342
R
P 0x7f2a7c191628
$ |slot8Duration|
C 202
R
P 0x7f2a7c191628
C 342
R
P 0x7f2a7c191628
$ |slot8Duration|
P 0x7f2a7c19b1e8
C 51
= 0x7f2a7c19c1e8
R
P 0x7f2a7c191628
C 342
R
P 0x7f2a7c191628
P 0x7f2a7c19c1e8
C 257
R
P 0x7f2a7c191628
C 342
R
P 0x7f2a7c191628
P 0x7f2a7c19c1e8
C 254
= 0x7f2a7c19b1e8
R
P 0x7f2a7c191628
C 342
R
P 0x7f2a7c191628
P 0x7f2a7c19b1e8
C 209
R
P 0x7f2a7c191628
C 342
R
P 0x7f2a7c191628
P 0x7f2a7c19c1e8
C 260
R
P 0x7f2a7c191628
C 342
R
P 0x7f2a7c191628
P 0x7f2a7c19c1e8
C 259
R
P 0x7f2a7c191628
C 342
R
P 0x7f2a7c191628
P 0x7f2a7c19c1e8
C 258
R
P 0x7f2a7c191628
C 342
R
P 0x7f2a7c191628
P 0x7f2a7c19c1e8
C 9
R
P 0x7f2a7c191628
C 342
R
P 0x7f2a7c191628
U 2
P 0x7f2a7c19c1c8
P 0x7f2a7c19c1e8
p 2
C 65
= 0x7f2a7c1a25e8
R
P 0x7f2a7c191628
C 342
R
P 0x7f2a7c191628
P 0x7f2a7c1a25e8
C 257
R
P 0x7f2a7c191628
C 342
R
P 0x7f2a7c191628
P 0x7f2a7c1a25e8
C 254
= 0x7f2a7c19b1e8
R
P 0x7f2a7c191628
C 342
R
P 0x7f2a7c191628
P 0x7f2a7c19b1e8
C 209
R
P 0x7f2a7c191628
C 342
R
P 0x7f2a7c191628
P 0x7f2a7c1a25e8
C 260
R
P 0x7f2a7c191628
C 342
R
P 0x7f2a7c191628
P 0x7f2a7c1a25e8
C 259
R
P 0x7f2a7c191628
C 342
R
P 0x7f2a7c191628
P 0x7f2a7c1a25e8
C 258
R
P 0x7f2a7c191628
C 342
R
P 0x7f2a7c191628
P 0x7f2a7c1a25e8
C 9
R
P 0x7f2a7c191628
C 342
R
P 0x7f2a7c191628
P 0x7f2a7c19c1c8
P 0x7f2a7c1a25e8
C 74
= 0x7f2a7c4869b8
R
P 0x7f2a7c191628
C 342
R
P 0x7f2a7c191628
P 0x7f2a7c4869b8
C 258
R
P 0x7f2a7c191628
C 342
R
P 0x7f2a7c191628
P 0x7f2a7c4869b8
C 9
R
P 0x7f2a7c191628
C 342
R
P 0x7f2a7c191628
I 8
P 0x7f2a7c19b208
C 150
= 0x7f2a7c19c1a8
R
P 0x7f2a7c191628
C 342
R
P 0x7f2a7c191628
P 0x7f2a7c19c1a8
C 258
R
P 0x7f2a7c191628
C 342
R
P 0x7f2a7c191628
P 0x7f2a7c19c1a8
C 9
R
P 0x7f2a7c191628
C 342
R
P 0x7f2a7c191628
P 0x7f2a7c19c1a8
C 263
R
P 0x7f2a7c191628
C 342
R
P 0x7f2a7c191628
S "slot8Start"
C 30
R
P 0x7f2a7c191628
C 342
R
P 0x7f2a7c191628
$ |slot8Start|
C 202
R
P 0x7f2a7c191628
C 342
R
P 0x7f2a7c191628
$ |slot8Start|
P 0x7f2a7c19b1e8
C 51
= 0x7f2a7c19c1c8
R
P 0x7f2a7c191628
C 342
R
P 0x7f2a7c191628
P 0x7f2a7c19c1c8
C 257
R
P 0x7f2a7c191628
C 342
R
P 0x7f2a7c191628
P 0x7f2a7c19c1c8
C 254
= 0x7f2a7c19b1e8
R
P 0x7f2a7c191628
C 342
R
P 0x7f2a7c191628
P 0x7f2a7c19b1e8
C 209
R
P 0x7f2a7c191628
C 342
R
P 0x7f2a7c191628
P 0x7f2a7c19c1c8
C 260
R
P 0x7f2a7c191628
C 342
R
P 0x7f2a7c191628
P 0x7f2a7c19c1c8
C 259
R
P 0x7f2a7c191628
C 342
R
P 0x7f2a7c191628
P 0x7f2a7c19c1c8
C 258
R
P 0x7f2a7c191628
C 342
R
P 0x7f2a7c191628
P 0x7f2a7c19c1c8
C 9
R
P 0x7f2a7c191628
C 342
R
P 0x7f2a7c191628
I 8
P 0x7f2a7c19b208
C 150
= 0x7f2a7c19c1a8
R
P 0x7f2a7c191628
C 342
R
P 0x7f2a7c191628
P 0x7f2a7c19c1a8
C 258
R
P 0x7f2a7c191628
C 342
R
P 0x7f2a7c191628
P 0x7f2a7c19c1a8
C 9
R
P 0x7f2a7c191628
C 342
R
P 0x7f2a7c191628
P 0x7f2a7c19c1a8
C 263
R
P 0x7f2a7c191628
C 342
R
P 0x7f2a7c191628
S "slot8Duration"
C 30
R
P 0x7f2a7c191628
C 342
R
P 0x7f2a7c191628
$ |slot8Duration|
C 202
R
P 0x7f2a7c191628
C 342
R
P 0x7f2a7c191628
$ |slot8Duration|
P 0x7f2a7c19b1e8
C 51
= 0x7f2a7c19c1e8
R
P 0x7f2a7c191628
C 342
R
P 0x7f2a7c191628
P 0x7f2a7c19c1e8
C 257
R
P 0x7f2a7c191628
C 342
R
P 0x7f2a7c191628
P 0x7f2a7c19c1e8
C 254
= 0x7f2a7c19b1e8
R
P 0x7f2a7c191628
C 342
R
P 0x7f2a7c191628
P 0x7f2a7c19b1e8
C 209
R
P 0x7f2a7c191628
C 342
R
P 0x7f2a7c191628
P 0x7f2a7c19c1e8
C 260
R
P 0x7f2a7c191628
C 342
R
P 0x7f2a7c191628
P 0x7f2a7c19c1e8
C 259
R
P 0x7f2a7c191628
C 342
R
P 0x7f2a7c191628
P 0x7f2a7c19c1e8
C 258
R
P 0x7f2a7c191628
C 342
R
P 0x7f2a7c191628
P 0x7f2a7c19c1e8
C 9
R
P 0x7f2a7c191628
C 342
R
P 0x7f2a7c191628
U 2
P 0x7f2a7c19c1c8
P 0x7f2a7c19c1e8
p 2
C 65
= 0x7f2a7c1a25e8
R
P 0x7f2a7c191628
C 342
R
P 0x7f2a7c191628
P 0x7f2a7c1a25e8
C 257
R
P 0x7f2a7c191628
C 342
R
P 0x7f2a7c191628
P 0x7f2a7c1a25e8
C 254
= 0x7f2a7c19b1e8
R
P 0x7f2a7c191628
C 342
R
P 0x7f2a7c191628
P 0x7f2a7c19b1e8
C 209
R
P 0x7f2a7c191628
C 342
R
P 0x7f2a7c191628
P 0x7f2a7c1a25e8
C 260
R
P 0x7f2a7c191628
C 342
R
P 0x7f2a7c191628
P 0x7f2a7c1a25e8
C 259
R
P 0x7f2a7c191628
C 342
R
P 0x7f2a7c191628
P 0x7f2a7c1a25e8
C 258
R
P 0x7f2a7c191628
C 342
R
P 0x7f2a7c191628
P 0x7f2a7c1a25e8
C 9
R
P 0x7f2a7c191628
C 342
R
P 0x7f2a7c191628
I 8
P 0x7f2a7c19b208
C 150
= 0x7f2a7c19c1a8
R
P 0x7f2a7c191628
C 342
R
P 0x7f2a7c191628
P 0x7f2a7c19c1a8
C 258
R
P 0x7f2a7c191628
C 342
R
P 0x7f2a7c191628
P 0x7f2a7c19c1a8
C 9
R
P 0x7f2a7c191628
C 342
R
P 0x7f2a7c191628
P 0x7f2a7c19c1a8
C 263
R
P 0x7f2a7c191628
C 342
R
P 0x7f2a7c191628
S "slot8Start"
C 30
R
P 0x7f2a7c191628
C 342
R
P 0x7f2a7c191628
$ |slot8Start|
C 202
R
P 0x7f2a7c191628
C 342
R
P 0x7f2a7c191628
$ |slot8Start|
P 0x7f2a7c19b1e8
C 51
= 0x7f2a7c19c1c8
R
P 0x7f2a7c191628
C 342
R
P 0x7f2a7c191628
P 0x7f2a7c19c1c8
C 257
R
P 0x7f2a7c191628
C 342
R
P 0x7f2a7c191628
P 0x7f2a7c19c1c8
C 254
= 0x7f2a7c19b1e8
R
P 0x7f2a7c191628
C 342
R
P 0x7f2a7c191628
P 0x7f2a7c19b1e8
C 209
R
P 0x7f2a7c191628
C 342
R
P 0x7f2a7c191628
P 0x7f2a7c19c1c8
C 260
R
P 0x7f2a7c191628
C 342
R
P 0x7f2a7c191628
P 0x7f2a7c19c1c8
C 259
R
P 0x7f2a7c191628
C 342
R
P 0x7f2a7c191628
P 0x7f2a7c19c1c8
C 258
R
P 0x7f2a7c191628
C 342
R
P 0x7f2a7c191628
P 0x7f2a7c19c1c8
C 9
R
P 0x7f2a7c191628
C 342
R
P 0x7f2a7c191628
I 8
P 0x7f2a7c19b208
C 150
= 0x7f2a7c19c1a8
R
P 0x7f2a7c191628
C 342
R
P 0x7f2a7c191628
P 0x7f2a7c19c1a8
C 258
R
P 0x7f2a7c191628
C 342
R
P 0x7f2a7c191628
P 0x7f2a7c19c1a8
C 9
R
P 0x7f2a7c191628
C 342
R
P 0x7f2a7c191628
P 0x7f2a7c19c1a8
C 263
R
P 0x7f2a7c191628
C 342
R
P 0x7f2a7c191628
S "slot8Duration"
C 30
R
P 0x7f2a7c191628
C 342
R
P 0x7f2a7c191628
$ |slot8Duration|
C 202
R
P 0x7f2a7c191628
C 342
R
P 0x7f2a7c191628
$ |slot8Duration|
P 0x7f2a7c19b1e8
C 51
= 0x7f2a7c19c1e8
R
P 0x7f2a7c191628
C 342
R
P 0x7f2a7c191628
P 0x7f2a7c19c1e8
C 257
R
P 0x7f2a7c191628
C 342
R
P 0x7f2a7c191628
P 0x7f2a7c19c1e8
C 254
= 0x7f2a7c19b1e8
R
P 0x7f2a7c191628
C 342
R
P 0x7f2a7c191628
P 0x7f2a7c19b1e8
C 209
R
P 0x7f2a7c191628
C 342
R
P 0x7f2a7c191628
P 0x7f2a7c19c1e8
C 260
R
P 0x7f2a7c191628
C 342
R
P 0x7f2a7c191628
P 0x7f2a7c19c1e8
C 259
R
P 0x7f2a7c191628
C 342
R
P 0x7f2a7c191628
P 0x7f2a7c19c1e8
C 258
R
P 0x7f2a7c191628
C 342
R
P 0x7f2a7c191628
P 0x7f2a7c19c1e8
C 9
R
P 0x7f2a7c191628
C 342
R
P 0x7f2a7c191628
U 2
P 0x7f2a7c19c1c8
P 0x7f2a7c19c1e8
p 2
C 65
= 0x7f2a7c1a25e8
R
P 0x7f2a7c191628
C 342
R
P 0x7f2a7c191628
P 0x7f2a7c1a25e8
C 257
R
P 0x7f2a7c191628
C 342
R
P 0x7f2a7c191628
P 0x7f2a7c1a25e8
C 254
= 0x7f2a7c19b1e8
R
P 0x7f2a7c191628
C 342
R
P 0x7f2a7c191628
P 0x7f2a7c19b1e8
C 209
R
P 0x7f2a7c191628
C 342
R
P 0x7f2a7c191628
P 0x7f2a7c1a25e8
C 260
R
P 0x7f2a7c191628
C 342
R
P 0x7f2a7c191628
P 0x7f2a7c1a25e8
C 259
R
P 0x7f2a7c191628
C 342
R
P 0x7f2a7c191628
P 0x7f2a7c1a25e8
C 258
R
P 0x7f2a7c191628
C 342
R
P 0x7f2a7c191628
P 0x7f2a7c1a25e8
C 9
R
P 0x7f2a7c191628
C 342
R
P 0x7f2a7c191628
P 0x7f2a7c1a25e8
P 0x7f2a7c1a25e8
C 74
= 0x7f2a7c486ef8
R
P 0x7f2a7c191628
C 342
R
P 0x7f2a7c191628
P 0x7f2a7c486ef8
C 258
R
P 0x7f2a7c191628
C 342
R
P 0x7f2a7c191628
P 0x7f2a7c486ef8
C 9
R
P 0x7f2a7c191628
C 342
R
P 0x7f2a7c191628
U 2
P 0x7f2a7c4869b8
P 0x7f2a7c486ef8
p 2
C 63
= 0x7f2a7c486f30
R
P 0x7f2a7c191628
C 342
R
P 0x7f2a7c191628
P 0x7f2a7c486f30
C 258
R
P 0x7f2a7c191628
C 342
R
P 0x7f2a7c191628
P 0x7f2a7c486f30
C 9
R
P 0x7f2a7c191628
C 342
R
P 0x7f2a7c191628
P 0x7f2a7c486f30
C 58
= 0x7f2a7c473fd8
R
P 0x7f2a7c191628
C 342
R
P 0x7f2a7c191628
P 0x7f2a7c473fd8
C 258
R
P 0x7f2a7c191628
C 342
R
P 0x7f2a7c191628
P 0x7f2a7c473fd8
C 9
R
P 0x7f2a7c191628
C 342
R
P 0x7f2a7c191628
P 0x7f2a7c473e28
P 0x7f2a7c473fd8
C 61
= 0x7f2a7c486f68
R
P 0x7f2a7c191628
C 342
R
P 0x7f2a7c191628
P 0x7f2a7c486f68
C 258
R
P 0x7f2a7c191628
C 342
R
P 0x7f2a7c191628
P 0x7f2a7c486f68
C 9
R
P 0x7f2a7c191628
C 342
R
P 0x7f2a7c191628
P 0x7f2a7c1e1fc8
P 0x7f2a7c486f68
C 427
R
P 0x7f2a7c191628
C 342
R
P 0x7f2a7c191628
I 0
P 0x7f2a7c19b208
C 150
= 0x7f2a7c19bd08
R
P 0x7f2a7c191628
C 342
R
P 0x7f2a7c191628
P 0x7f2a7c19bd08
C 258
R
P 0x7f2a7c191628
C 342
R
P 0x7f2a7c191628
P 0x7f2a7c19bd08
C 9
R
P 0x7f2a7c191628
C 342
R
P 0x7f2a7c191628
P 0x7f2a7c19bd08
C 263
R
P 0x7f2a7c191628
C 342
R
P 0x7f2a7c191628
S "dev0T30"
C 30
R
P 0x7f2a7c191628
C 342
R
P 0x7f2a7c191628
$ |dev0T30|
C 202
R
P 0x7f2a7c191628
C 342
R
P 0x7f2a7c191628
$ |dev0T30|
P 0x7f2a7c19b1e8
C 51
= 0x7f2a7c19c208
R
P 0x7f2a7c191628
C 342
R
P 0x7f2a7c191628
P 0x7f2a7c19c208
C 257
R
P 0x7f2a7c191628
C 342
R
P 0x7f2a7c191628
P 0x7f2a7c19c208
C 254
= 0x7f2a7c19b1e8
R
P 0x7f2a7c191628
C 342
R
P 0x7f2a7c191628
P 0x7f2a7c19b1e8
C 209
R
P 0x7f2a7c191628
C 342
R
P 0x7f2a7c191628
P 0x7f2a7c19c208
C 260
R
P 0x7f2a7c191628
C 342
R
P 0x7f2a7c191628
P 0x7f2a7c19c208
C 259
R
P 0x7f2a7c191628
C 342
R
P 0x7f2a7c191628
P 0x7f2a7c19c208
C 258
R
P 0x7f2a7c191628
C 342
R
P 0x7f2a7c191628
P 0x7f2a7c19c208
C 9
R
P 0x7f2a7c191628
C 342
R
P 0x7f2a7c191628
I 0
P 0x7f2a7c19b208
C 150
= 0x7f2a7c19bd08
R
P 0x7f2a7c191628
C 342
R
P 0x7f2a7c191628
P 0x7f2a7c19bd08
C 258
R
P 0x7f2a7c191628
C 342
R
P 0x7f2a7c191628
P 0x7f2a7c19bd08
C 9
R
P 0x7f2a7c191628
C 342
R
P 0x7f2a7c191628
I 1
P 0x7f2a7c19b208
C 150
= 0x7f2a7c19bc88
R
P 0x7f2a7c191628
C 342
R
P 0x7f2a7c191628
P 0x7f2a7c19bc88
C 258
R
P 0x7f2a7c191628
C 342
R
P 0x7f2a7c191628
P 0x7f2a7c19bc88
C 9
R
P 0x7f2a7c191628
C 342
R
P 0x7f2a7c191628
P 0x7f2a7c19bd08
P 0x7f2a7c19bc88
C 75
= 0x7f2a7c486fa0
R
P 0x7f2a7c191628
C 342
R
P 0x7f2a7c191628
P 0x7f2a7c486fa0
C 258
R
P 0x7f2a7c191628
C 342
R
P 0x7f2a7c191628
P 0x7f2a7c486fa0
C 9
R
P 0x7f2a7c191628
C 342
R
P 0x7f2a7c191628
I 1
P 0x7f2a7c19b208
C 150
= 0x7f2a7c19bc88
R
P 0x7f2a7c191628
C 342
R
P 0x7f2a7c191628
P 0x7f2a7c19bc88
C 258
R
P 0x7f2a7c191628
C 342
R
P 0x7f2a7c191628
P 0x7f2a7c19bc88
C 9
R
P 0x7f2a7c191628
C 342
R
P 0x7f2a7c191628
U 2
P 0x7f2a7c19bd08
P 0x7f2a7c19bc88
p 2
C 67
= 0x7f2a7c486fd8
R
P 0x7f2a7c191628
C 342
R
P 0x7f2a7c191628
P 0x7f2a7c486fd8
C 257
R
P 0x7f2a7c191628
C 342
R
P 0x7f2a7c191628
P 0x7f2a7c486fd8
C 254
= 0x7f2a7c19b208
R
P 0x7f2a7c191628
C 342
R
P 0x7f2a7c191628
P 0x7f2a7c19b208
C 209
R
P 0x7f2a7c191628
C 342
R
P 0x7f2a7c191628
P 0x7f2a7c486fd8
C 260
R
P 0x7f2a7c191628
C 342
R
P 0x7f2a7c191628
P 0x7f2a7c486fd8
C 259
R
P 0x7f2a7c191628
C 342
R
P 0x7f2a7c191628
P 0x7f2a7c486fd8
C 258
R
P 0x7f2a7c191628
C 342
R
P 0x7f2a7c191628
P 0x7f2a7c486fd8
C 9
R
P 0x7f2a7c191628
C 342
R
P 0x7f2a7c191628
U 2
P 0x7f2a7c19bba8
P 0x7f2a7c486fd8
p 2
C 66
= 0x7f2a7c487010
R
P 0x7f2a7c191628
C 342
R
P 0x7f2a7c191628
P 0x7f2a7c487010
C 257
R
P 0x7f2a7c191628
C 342
R
P 0x7f2a7c191628
P 0x7f2a7c487010
C 254
= 0x7f2a7c19b1e8
R
P 0x7f2a7c191628
C 342
R
P 0x7f2a7c191628
P 0x7f2a7c19b1e8
C 209
R
P 0x7f2a7c191628
C 342
R
P 0x7f2a7c191628
P 0x7f2a7c487010
C 260
R
P 0x7f2a7c191628
C 342
R
P 0x7f2a7c191628
P 0x7f2a7c487010
C 259
R
P 0x7f2a7c191628
C 342
R
P 0x7f2a7c191628
P 0x7f2a7c487010
C 258
R
P 0x7f2a7c191628
C 342
R
P 0x7f2a7c191628
P 0x7f2a7c487010
C 9
R
P 0x7f2a7c191628
C 342
R
P 0x7f2a7c191628
U 2
P 0x7f2a7c19bc28
P 0x7f2a7c487010
p 2
C 65
= 0x7f2a7c487048
R
P 0x7f2a7c191628
C 342
R
P 0x7f2a7c191628
P 0x7f2a7c487048
C 257
R
P 0x7f2a7c191628
C 342
R
P 0x7f2a7c191628
P 0x7f2a7c487048
C 254
= 0x7f2a7c19b1e8
R
P 0x7f2a7c191628
C 342
R
P 0x7f2a7c191628
P 0x7f2a7c19b1e8
C 209
R
P 0x7f2a7c191628
C 342
R
P 0x7f2a7c191628
P 0x7f2a7c487048
C 260
R
P 0x7f2a7c191628
C 342
R
P 0x7f2a7c191628
P 0x7f2a7c487048
C 259
R
P 0x7f2a7c191628
C 342
R
P 0x7f2a7c191628
P 0x7f2a7c487048
C 258
R
P 0x7f2a7c191628
C 342
R
P 0x7f2a7c191628
P 0x7f2a7c487048
C 9
R
P 0x7f2a7c191628
C 342
R
P 0x7f2a7c191628
P 0x7f2a7c486fa0
P 0x7f2a7c487048
P 0x7f2a7c19bc28
C 59
= 0x7f2a7c19f948
R
P 0x7f2a7c191628
C 342
R
P 0x7f2a7c191628
P 0x7f2a7c19f948
C 257
R
P 0x7f2a7c191628
C 342
R
P 0x7f2a7c191628
P 0x7f2a7c19f948
C 254
= 0x7f2a7c19b1e8
R
P 0x7f2a7c191628
C 342
R
P 0x7f2a7c191628
P 0x7f2a7c19b1e8
C 209
R
P 0x7f2a7c191628
C 342
R
P 0x7f2a7c191628
P 0x7f2a7c19f948
C 260
R
P 0x7f2a7c191628
C 342
R
P 0x7f2a7c191628
P 0x7f2a7c19f948
C 259
R
P 0x7f2a7c191628
C 342
R
P 0x7f2a7c191628
P 0x7f2a7c19f948
C 258
R
P 0x7f2a7c191628
C 342
R
P 0x7f2a7c191628
P 0x7f2a7c19f948
C 9
R
P 0x7f2a7c191628
C 342
R
P 0x7f2a7c191628
U 2
P 0x7f2a7c19f948
P 0x7f2a7c19bb48
p 2
C 65
= 0x7f2a7c487080
R
P 0x7f2a7c191628
C 342
R
P 0x7f2a7c191628
P 0x7f2a7c487080
C 257
R
P 0x7f2a7c191628
C 342
R
P 0x7f2a7c191628
P 0x7f2a7c487080
C 254
= 0x7f2a7c19b1e8
R
P 0x7f2a7c191628
C 342
R
P 0x7f2a7c191628
P 0x7f2a7c19b1e8
C 209
R
P 0x7f2a7c191628
C 342
R
P 0x7f2a7c191628
P 0x7f2a7c487080
C 260
R
P 0x7f2a7c191628
C 342
R
P 0x7f2a7c191628
P 0x7f2a7c487080
C 259
R
P 0x7f2a7c191628
C 342
R
P 0x7f2a7c191628
P 0x7f2a7c487080
C 258
R
P 0x7f2a7c191628
C 342
R
P 0x7f2a7c191628
P 0x7f2a7c487080
C 9
R
P 0x7f2a7c191628
C 342
R
P 0x7f2a7c191628
U 2
P 0x7f2a7c487080
P 0x7f2a7c19bb68
p 2
C 65
= 0x7f2a7c4870b8
R
P 0x7f2a7c191628
C 342
R
P 0x7f2a7c191628
P 0x7f2a7c4870b8
C 257
R
P 0x7f2a7c191628
C 342
R
P 0x7f2a7c191628
P 0x7f2a7c4870b8
C 254
= 0x7f2a7c19b1e8
R
P 0x7f2a7c191628
C 342
R
P 0x7f2a7c191628
P 0x7f2a7c19b1e8
C 209
R
P 0x7f2a7c191628
C 342
R
P 0x7f2a7c191628
P 0x7f2a7c4870b8
C 260
R
P 0x7f2a7c191628
C 342
R
P 0x7f2a7c191628
P 0x7f2a7c4870b8
C 259
R
P 0x7f2a7c191628
C 342
R
P 0x7f2a7c191628
P 0x7f2a7c4870b8
C 258
R
P 0x7f2a7c191628
C 342
R
P 0x7f2a7c191628
P 0x7f2a7c4870b8
C 9
R
P 0x7f2a7c191628
C 342
R
P 0x7f2a7c191628
P 0x7f2a7c19c208
P 0x7f2a7c4870b8
C 76
= 0x7f2a7c4870f0
R
P 0x7f2a7c191628
C 342
R
P 0x7f2a7c191628
P 0x7f2a7c4870f0
C 258
R
P 0x7f2a7c191628
C 342
R
P 0x7f2a7c191628
P 0x7f2a7c4870f0
C 9
R
P 0x7f2a7c191628
C 342
R
P 0x7f2a7c191628
P 0x7f2a7c1e1fc8
P 0x7f2a7c4870f0
C 427
R
P 0x7f2a7c191628
C 342
R
P 0x7f2a7c191628
I 1
P 0x7f2a7c19b208
C 150
= 0x7f2a7c19bc88
R
P 0x7f2a7c191628
C 342
R
P 0x7f2a7c191628
P 0x7f2a7c19bc88
C 258
R
P 0x7f2a7c191628
C 342
R
P 0x7f2a7c191628
P 0x7f2a7c19bc88
C 9
R
P 0x7f2a7c191628
C 342
R
P 0x7f2a7c191628
P 0x7f2a7c19bc88
C 263
R
P 0x7f2a7c191628
C 342
R
P 0x7f2a7c191628
S "dev0T31"
C 30
R
P 0x7f2a7c191628
C 342
R
P 0x7f2a7c191628
$ |dev0T31|
C 202
R
P 0x7f2a7c191628
C 342
R
P 0x7f2a7c191628
$ |dev0T31|
P 0x7f2a7c19b1e8
C 51
= 0x7f2a7c19bca8
R
P 0x7f2a7c191628
C 342
R
P 0x7f2a7c191628
P 0x7f2a7c19bca8
C 257
R
P 0x7f2a7c191628
C 342
R
P 0x7f2a7c191628
P 0x7f2a7c19bca8
C 254
= 0x7f2a7c19b1e8
R
P 0x7f2a7c191628
C 342
R
P 0x7f2a7c191628
P 0x7f2a7c19b1e8
C 209
R
P 0x7f2a7c191628
C 342
R
P 0x7f2a7c191628
P 0x7f2a7c19bca8
C 260
R
P 0x7f2a7c191628
C 342
R
P 0x7f2a7c191628
P 0x7f2a7c19bca8
C 259
R
P 0x7f2a7c191628
C 342
R
P 0x7f2a7c191628
P 0x7f2a7c19bca8
C 258
R
P 0x7f2a7c191628
C 342
R
P 0x7f2a7c191628
P 0x7f2a7c19bca8
C 9
R
P 0x7f2a7c191628
C 342
R
P 0x7f2a7c191628
I 1
P 0x7f2a7c19b208
C 150
= 0x7f2a7c19bc88
R
P 0x7f2a7c191628
C 342
R
P 0x7f2a7c191628
P 0x7f2a7c19bc88
C 258
R
P 0x7f2a7c191628
C 342
R
P 0x7f2a7c191628
P 0x7f2a7c19bc88
C 9
R
P 0x7f2a7c191628
C 342
R
P 0x7f2a7c191628
I 1
P 0x7f2a7c19b208
C 150
= 0x7f2a7c19bc88
R
P 0x7f2a7c191628
C 342
R
P 0x7f2a7c191628
P 0x7f2a7c19bc88
C 258
R
P 0x7f2a7c191628
C 342
R
P 0x7f2a7c191628
P 0x7f2a7c19bc88
C 9
R
P 0x7f2a7c191628
C 342
R
P 0x7f2a7c191628
P 0x7f2a7c19bc88
P 0x7f2a7c19bc88
C 75
= 0x7f2a7c1a1778
R
P 0x7f2a7c191628
C 342
R
P 0x7f2a7c191628
P 0x7f2a7c1a1778
C 258
R
P 0x7f2a7c191628
C 342
R
P 0x7f2a7c191628
P 0x7f2a7c1a1778
C 9
R
P 0x7f2a7c191628
C 342
R
P 0x7f2a7c191628
I 1
P 0x7f2a7c19b208
C 150
= 0x7f2a7c19bc88
R
P 0x7f2a7c191628
C 342
R
P 0x7f2a7c191628
P 0x7f2a7c19bc88
C 258
R
P 0x7f2a7c191628
C 342
R
P 0x7f2a7c191628
P 0x7f2a7c19bc88
C 9
R
P 0x7f2a7c191628
C 342
R
P 0x7f2a7c191628
U 2
P 0x7f2a7c19bc88
P 0x7f2a7c19bc88
p 2
C 67
= 0x7f2a7c1a17b0
R
P 0x7f2a7c191628
C 342
R
P 0x7f2a7c191628
P 0x7f2a7c1a17b0
C 257
R
P 0x7f2a7c191628
C 342
R
P 0x7f2a7c191628
P 0x7f2a7c1a17b0
C 254
= 0x7f2a7c19b208
R
P 0x7f2a7c191628
C 342
R
P 0x7f2a7c191628
P 0x7f2a7c19b208
C 209
R
P 0x7f2a7c191628
C 342
R
P 0x7f2a7c191628
P 0x7f2a7c1a17b0
C 260
R
P 0x7f2a7c191628
C 342
R
P 0x7f2a7c191628
P 0x7f2a7c1a17b0
C 259
R
P 0x7f2a7c191628
C 342
R
P 0x7f2a7c191628
P 0x7f2a7c1a17b0
C 258
R
P 0x7f2a7c191628
C 342
R
P 0x7f2a7c191628
P 0x7f2a7c1a17b0
C 9
R
P 0x7f2a7c191628
C 342
R
P 0x7f2a7c191628
U 2
P 0x7f2a7c19bba8
P 0x7f2a7c1a17b0
p 2
C 66
= 0x7f2a7c1a17e8
R
P 0x7f2a7c191628
C 342
R
P 0x7f2a7c191628
P 0x7f2a7c1a17e8
C 257
R
P 0x7f2a7c191628
C 342
R
P 0x7f2a7c191628
P 0x7f2a7c1a17e8
C 254
= 0x7f2a7c19b1e8
R
P 0x7f2a7c191628
C 342
R
P 0x7f2a7c191628
P 0x7f2a7c19b1e8
C 209
R
P 0x7f2a7c191628
C 342
R
P 0x7f2a7c191628
P 0x7f2a7c1a17e8
C 260
R
P 0x7f2a7c191628
C 342
R
P 0x7f2a7c191628
P 0x7f2a7c1a17e8
C 259
R
P 0x7f2a7c191628
C 342
R
P 0x7f2a7c191628
P 0x7f2a7c1a17e8
C 258
R
P 0x7f2a7c191628
C 342
R
P 0x7f2a7c191628
P 0x7f2a7c1a17e8
C 9
R
P 0x7f2a7c191628
C 342
R
P 0x7f2a7c191628
U 2
P 0x7f2a7c19bc28
P 0x7f2a7c1a17e8
p 2
C 65
= 0x7f2a7c1a1820
R
P 0x7f2a7c191628
C 342
R
P 0x7f2a7c191628
P 0x7f2a7c1a1820
C 257
R
P 0x7f2a7c191628
C 342
R
P 0x7f2a7c191628
P 0x7f2a7c1a1820
C 254
= 0x7f2a7c19b1e8
R
P 0x7f2a7c191628
C 342
R
P 0x7f2a7c191628
P 0x7f2a7c19b1e8
C 209
R
P 0x7f2a7c191628
C 342
R
P 0x7f2a7c191628
P 0x7f2a7c1a1820
C 260
R
P 0x7f2a7c191628
C 342
R
P 0x7f2a7c191628
P 0x7f2a7c1a1820
C 259
R
P 0x7f2a7c191628
C 342
R
P 0x7f2a7c191628
P 0x7f2a7c1a1820
C 258
R
P 0x7f2a7c191628
C 342
R
P 0x7f2a7c191628
P 0x7f2a7c1a1820
C 9
R
P 0x7f2a7c191628
C 342
R
P 0x7f2a7c191628
P 0x7f2a7c1a1778
P 0x7f2a7c1a1820
P 0x7f2a7c19bc28
C 59
= 0x7f2a7c19f848
R
P 0x7f2a7c191628
C 342
R
P 0x7f2a7c191628
P 0x7f2a7c19f848
C 257
R
P 0x7f2a7c191628
C 342
R
P 0x7f2a7c191628
P 0x7f2a7c19f848
C 254
= 0x7f2a7c19b1e8
R
P 0x7f2a7c191628
C 342
R
P 0x7f2a7c191628
P 0x7f2a7c19b1e8
C 209
R
P 0x7f2a7c191628
C 342
R
P 0x7f2a7c191628
P 0x7f2a7c19f848
C 260
R
P 0x7f2a7c191628
C 342
R
P 0x7f2a7c191628
P 0x7f2a7c19f848
C 259
R
P 0x7f2a7c191628
C 342
R
P 0x7f2a7c191628
P 0x7f2a7c19f848
C 258
R
P 0x7f2a7c191628
C 342
R
P 0x7f2a7c191628
P 0x7f2a7c19f848
C 9
R
P 0x7f2a7c191628
C 342
R
P 0x7f2a7c191628
U 2
P 0x7f2a7c19f848
P 0x7f2a7c19bb48
p 2
C 65
= 0x7f2a7c1a1858
R
P 0x7f2a7c191628
C 342
R
P 0x7f2a7c191628
P 0x7f2a7c1a1858
C 257
R
P 0x7f2a7c191628
C 342
R
P 0x7f2a7c191628
P 0x7f2a7c1a1858
C 254
= 0x7f2a7c19b1e8
R
P 0x7f2a7c191628
C 342
R
P 0x7f2a7c191628
P 0x7f2a7c19b1e8
C 209
R
P 0x7f2a7c191628
C 342
R
P 0x7f2a7c191628
P 0x7f2a7c1a1858
C 260
R
P 0x7f2a7c191628
C 342
R
P 0x7f2a7c191628
P 0x7f2a7c1a1858
C 259
R
P 0x7f2a7c191628
C 342
R
P 0x7f2a7c191628
P 0x7f2a7c1a1858
C 258
R
P 0x7f2a7c191628
C 342
R
P 0x7f2a7c191628
P 0x7f2a7c1a1858
C 9
R
P 0x7f2a7c191628
C 342
R
P 0x7f2a7c191628
U 2
P 0x7f2a7c1a1858
P 0x7f2a7c19bb68
p 2
C 65
= 0x7f2a7c487128
R
P 0x7f2a7c191628
C 342
R
P 0x7f2a7c191628
P 0x7f2a7c487128
C 257
R
P 0x7f2a7c191628
C 342
R
P 0x7f2a7c191628
P 0x7f2a7c487128
C 254
= 0x7f2a7c19b1e8
R
P 0x7f2a7c191628
C 342
R
P 0x7f2a7c191628
P 0x7f2a7c19b1e8
C 209
R
P 0x7f2a7c191628
C 342
R
P 0x7f2a7c191628
P 0x7f2a7c487128
C 260
R
P 0x7f2a7c191628
C 342
R
P 0x7f2a7c191628
P 0x7f2a7c487128
C 259
R
P 0x7f2a7c191628
C 342
R
P 0x7f2a7c191628
P 0x7f2a7c487128
C 258
R
P 0x7f2a7c191628
C 342
R
P 0x7f2a7c191628
P 0x7f2a7c487128
C 9
R
P 0x7f2a7c191628
C 342
R
P 0x7f2a7c191628
P 0x7f2a7c19bca8
P 0x7f2a7c487128
C 76
= 0x7f2a7c487160
R
P 0x7f2a7c191628
C 342
R
P 0x7f2a7c191628
P 0x7f2a7c487160
C 258
R
P 0x7f2a7c191628
C 342
R
P 0x7f2a7c191628
P 0x7f2a7c487160
C 9
R
P 0x7f2a7c191628
C 342
R
P 0x7f2a7c191628
P 0x7f2a7c1e1fc8
P 0x7f2a7c487160
C 427
R
P 0x7f2a7c191628
C 342
R
P 0x7f2a7c191628
I 2
P 0x7f2a7c19b208
C 150
= 0x7f2a7c19bcc8
R
P 0x7f2a7c191628
C 342
R
P 0x7f2a7c191628
P 0x7f2a7c19bcc8
C 258
R
P 0x7f2a7c191628
C 342
R
P 0x7f2a7c191628
P 0x7f2a7c19bcc8
C 9
R
P 0x7f2a7c191628
C 342
R
P 0x7f2a7c191628
P 0x7f2a7c19bcc8
C 263
R
P 0x7f2a7c191628
C 342
R
P 0x7f2a7c191628
S "dev0T32"
C 30
R
P 0x7f2a7c191628
C 342
R
P 0x7f2a7c191628
$ |dev0T32|
C 202
R
P 0x7f2a7c191628
C 342
R
P 0x7f2a7c191628
$ |dev0T32|
P 0x7f2a7c19b1e8
C 51
= 0x7f2a7c19bce8
R
P 0x7f2a7c191628
C 342
R
P 0x7f2a7c191628
P 0x7f2a7c19bce8
C 257
R
P 0x7f2a7c191628
C 342
R
P 0x7f2a7c191628
P 0x7f2a7c19bce8
C 254
= 0x7f2a7c19b1e8
R
P 0x7f2a7c191628
C 342
R
P 0x7f2a7c191628
P 0x7f2a7c19b1e8
C 209
R
P 0x7f2a7c191628
C 342
R
P 0x7f2a7c191628
P 0x7f2a7c19bce8
C 260
R
P 0x7f2a7c191628
C 342
R
P 0x7f2a7c191628
P 0x7f2a7c19bce8
C 259
R
P 0x7f2a7c191628
C 342
R
P 0x7f2a7c191628
P 0x7f2a7c19bce8
C 258
R
P 0x7f2a7c191628
C 342
R
P 0x7f2a7c191628
P 0x7f2a7c19bce8
C 9
R
P 0x7f2a7c191628
C 342
R
P 0x7f2a7c191628
I 2
P 0x7f2a7c19b208
C 150
= 0x7f2a7c19bcc8
R
P 0x7f2a7c191628
C 342
R
P 0x7f2a7c191628
P 0x7f2a7c19bcc8
C 258
R
P 0x7f2a7c191628
C 342
R
P 0x7f2a7c191628
P 0x7f2a7c19bcc8
C 9
R
P 0x7f2a7c191628
C 342
R
P 0x7f2a7c191628
I 1
P 0x7f2a7c19b208
C 150
= 0x7f2a7c19bc88
R
P 0x7f2a7c191628
C 342
R
P 0x7f2a7c191628
P 0x7f2a7c19bc88
C 258
R
P 0x7f2a7c191628
C 342
R
P 0x7f2a7c191628
P 0x7f2a7c19bc88
C 9
R
P 0x7f2a7c191628
C 342
R
P 0x7f2a7c191628
P 0x7f2a7c19bcc8
P 0x7f2a7c19bc88
C 75
= 0x7f2a7c1a1890
R
P 0x7f2a7c191628
C 342
R
P 0x7f2a7c191628
P 0x7f2a7c1a1890
C 258
R
P 0x7f2a7c191628
C 342
R
P 0x7f2a7c191628
P 0x7f2a7c1a1890
C 9
R
P 0x7f2a7c191628
C 342
R
P 0x7f2a7c191628
I 1
P 0x7f2a7c19b208
C 150
= 0x7f2a7c19bc88
R
P 0x7f2a7c191628
C 342
R
P 0x7f2a7c191628
P 0x7f2a7c19bc88
C 258
R
P 0x7f2a7c191628
C 342
R
P 0x7f2a7c191628
P 0x7f2a7c19bc88
C 9
R
P 0x7f2a7c191628
C 342
R
P 0x7f2a7c191628
U 2
P 0x7f2a7c19bcc8
P 0x7f2a7c19bc88
p 2
C 67
= 0x7f2a7c1a18c8
R
P 0x7f2a7c191628
C 342
R
P 0x7f2a7c191628
P 0x7f2a7c1a18c8
C 257
R
P 0x7f2a7c191628
C 342
R
P 0x7f2a7c191628
P 0x7f2a7c1a18c8
C 254
= 0x7f2a7c19b208
R
P 0x7f2a7c191628
C 342
R
P 0x7f2a7c191628
P 0x7f2a7c19b208
C 209
R
P 0x7f2a7c191628
C 342
R
P 0x7f2a7c191628
P 0x7f2a7c1a18c8
C 260
R
P 0x7f2a7c191628
C 342
R
P 0x7f2a7c191628
P 0x7f2a7c1a18c8
C 259
R
P 0x7f2a7c191628
C 342
R
P 0x7f2a7c191628
P 0x7f2a7c1a18c8
C 258
R
P 0x7f2a7c191628
C 342
R
P 0x7f2a7c191628
P 0x7f2a7c1a18c8
C 9
R
P 0x7f2a7c191628
C 342
R
P 0x7f2a7c191628
U 2
P 0x7f2a7c19bba8
P 0x7f2a7c1a18c8
p 2
C 66
= 0x7f2a7c1a1900
R
P 0x7f2a7c191628
C 342
R
P 0x7f2a7c191628
P 0x7f2a7c1a1900
C 257
R
P 0x7f2a7c191628
C 342
R
P 0x7f2a7c191628
P 0x7f2a7c1a1900
C 254
= 0x7f2a7c19b1e8
R
P 0x7f2a7c191628
C 342
R
P 0x7f2a7c191628
P 0x7f2a7c19b1e8
C 209
R
P 0x7f2a7c191628
C 342
R
P 0x7f2a7c191628
P 0x7f2a7c1a1900
C 260
R
P 0x7f2a7c191628
C 342
R
P 0x7f2a7c191628
P 0x7f2a7c1a1900
C 259
R
P 0x7f2a7c191628
C 342
R
P 0x7f2a7c191628
P 0x7f2a7c1a1900
C 258
R
P 0x7f2a7c191628
C 342
R
P 0x7f2a7c191628
P 0x7f2a7c1a1900
C 9
R
P 0x7f2a7c191628
C 342
R
P 0x7f2a7c191628
U 2
P 0x7f2a7c19bc28
P 0x7f2a7c1a1900
p 2
C 65
= 0x7f2a7c1a1938
R
P 0x7f2a7c191628
C 342
R
P 0x7f2a7c191628
P 0x7f2a7c1a1938
C 257
R
P 0x7f2a7c191628
C 342
R
P 0x7f2a7c191628
P 0x7f2a7c1a1938
C 254
= 0x7f2a7c19b1e8
R
P 0x7f2a7c191628
C 342
R
P 0x7f2a7c191628
P 0x7f2a7c19b1e8
C 209
R
P 0x7f2a7c191628
C 342
R
P 0x7f2a7c191628
P 0x7f2a7c1a1938
C 260
R
P 0x7f2a7c191628
C 342
R
P 0x7f2a7c191628
P 0x7f2a7c1a1938
C 259
R
P 0x7f2a7c191628
C 342
R
P 0x7f2a7c191628
P 0x7f2a7c1a1938
C 258
R
P 0x7f2a7c191628
C 342
R
P 0x7f2a7c191628
P 0x7f2a7c1a1938
C 9
R
P 0x7f2a7c191628
C 342
R
P 0x7f2a7c191628
P 0x7f2a7c1a1890
P 0x7f2a7c1a1938
P 0x7f2a7c19bc28
C 59
= 0x7f2a7c19f888
R
P 0x7f2a7c191628
C 342
R
P 0x7f2a7c191628
P 0x7f2a7c19f888
C 257
R
P 0x7f2a7c191628
C 342
R
P 0x7f2a7c191628
P 0x7f2a7c19f888
C 254
= 0x7f2a7c19b1e8
R
P 0x7f2a7c191628
C 342
R
P 0x7f2a7c191628
P 0x7f2a7c19b1e8
C 209
R
P 0x7f2a7c191628
C 342
R
P 0x7f2a7c191628
P 0x7f2a7c19f888
C 260
R
P 0x7f2a7c191628
C 342
R
P 0x7f2a7c191628
P 0x7f2a7c19f888
C 259
R
P 0x7f2a7c191628
C 342
R
P 0x7f2a7c191628
P 0x7f2a7c19f888
C 258
R
P 0x7f2a7c191628
C 342
R
P 0x7f2a7c191628
P 0x7f2a7c19f888
C 9
R
P 0x7f2a7c191628
C 342
R
P 0x7f2a7c191628
U 2
P 0x7f2a7c19f888
P 0x7f2a7c19bb48
p 2
C 65
= 0x7f2a7c1a1970
R
P 0x7f2a7c191628
C 342
R
P 0x7f2a7c191628
P 0x7f2a7c1a1970
C 257
R
P 0x7f2a7c191628
C 342
R
P 0x7f2a7c191628
P 0x7f2a7c1a1970
C 254
= 0x7f2a7c19b1e8
R
P 0x7f2a7c191628
C 342
R
P 0x7f2a7c191628
P 0x7f2a7c19b1e8
C 209
R
P 0x7f2a7c191628
C 342
R
P 0x7f2a7c191628
P 0x7f2a7c1a1970
C 260
R
P 0x7f2a7c191628
C 342
R
P 0x7f2a7c191628
P 0x7f2a7c1a1970
C 259
R
P 0x7f2a7c191628
C 342
R
P 0x7f2a7c191628
P 0x7f2a7c1a1970
C 258
R
P 0x7f2a7c191628
C 342
R
P 0x7f2a7c191628
P 0x7f2a7c1a1970
C 9
R
P 0x7f2a7c191628
C 342
R
P 0x7f2a7c191628
U 2
P 0x7f2a7c1a1970
P 0x7f2a7c19bb68
p 2
C 65
= 0x7f2a7c487198
R
P 0x7f2a7c191628
C 342
R
P 0x7f2a7c191628
P 0x7f2a7c487198
C 257
R
P 0x7f2a7c191628
C 342
R
P 0x7f2a7c191628
P 0x7f2a7c487198
C 254
= 0x7f2a7c19b1e8
R
P 0x7f2a7c191628
C 342
R
P 0x7f2a7c191628
P 0x7f2a7c19b1e8
C 209
R
P 0x7f2a7c191628
C 342
R
P 0x7f2a7c191628
P 0x7f2a7c487198
C 260
R
P 0x7f2a7c191628
C 342
R
P 0x7f2a7c191628
P 0x7f2a7c487198
C 259
R
P 0x7f2a7c191628
C 342
R
P 0x7f2a7c191628
P 0x7f2a7c487198
C 258
R
P 0x7f2a7c191628
C 342
R
P 0x7f2a7c191628
P 0x7f2a7c487198
C 9
R
P 0x7f2a7c191628
C 342
R
P 0x7f2a7c191628
P 0x7f2a7c19bce8
P 0x7f2a7c487198
C 76
= 0x7f2a7c4871d0
R
P 0x7f2a7c191628
C 342
R
P 0x7f2a7c191628
P 0x7f2a7c4871d0
C 258
R
P 0x7f2a7c191628
C 342
R
P 0x7f2a7c191628
P 0x7f2a7c4871d0
C 9
R
P 0x7f2a7c191628
C 342
R
P 0x7f2a7c191628
P 0x7f2a7c1e1fc8
P 0x7f2a7c4871d0
C 427
R
P 0x7f2a7c191628
C 342
R
P 0x7f2a7c191628
I 3
P 0x7f2a7c19b208
C 150
= 0x7f2a7c19bfc8
R
P 0x7f2a7c191628
C 342
R
P 0x7f2a7c191628
P 0x7f2a7c19bfc8
C 258
R
P 0x7f2a7c191628
C 342
R
P 0x7f2a7c191628
P 0x7f2a7c19bfc8
C 9
R
P 0x7f2a7c191628
C 342
R
P 0x7f2a7c191628
P 0x7f2a7c19bfc8
C 263
R
P 0x7f2a7c191628
C 342
R
P 0x7f2a7c191628
S "dev0T33"
C 30
R
P 0x7f2a7c191628
C 342
R
P 0x7f2a7c191628
$ |dev0T33|
C 202
R
P 0x7f2a7c191628
C 342
R
P 0x7f2a7c191628
$ |dev0T33|
P 0x7f2a7c19b1e8
C 51
= 0x7f2a7c19c228
R
P 0x7f2a7c191628
C 342
R
P 0x7f2a7c191628
P 0x7f2a7c19c228
C 257
R
P 0x7f2a7c191628
C 342
R
P 0x7f2a7c191628
P 0x7f2a7c19c228
C 254
= 0x7f2a7c19b1e8
R
P 0x7f2a7c191628
C 342
R
P 0x7f2a7c191628
P 0x7f2a7c19b1e8
C 209
R
P 0x7f2a7c191628
C 342
R
P 0x7f2a7c191628
P 0x7f2a7c19c228
C 260
R
P 0x7f2a7c191628
C 342
R
P 0x7f2a7c191628
P 0x7f2a7c19c228
C 259
R
P 0x7f2a7c191628
C 342
R
P 0x7f2a7c191628
P 0x7f2a7c19c228
C 258
R
P 0x7f2a7c191628
C 342
R
P 0x7f2a7c191628
P 0x7f2a7c19c228
C 9
R
P 0x7f2a7c191628
C 342
R
P 0x7f2a7c191628
I 3
P 0x7f2a7c19b208
C 150
= 0x7f2a7c19bfc8
R
P 0x7f2a7c191628
C 342
R
P 0x7f2a7c191628
P 0x7f2a7c19bfc8
C 258
R
P 0x7f2a7c191628
C 342
R
P 0x7f2a7c191628
P 0x7f2a7c19bfc8
C 9
R
P 0x7f2a7c191628
C 342
R
P 0x7f2a7c191628
I 1
P 0x7f2a7c19b208
C 150
= 0x7f2a7c19bc88
R
P 0x7f2a7c191628
C 342
R
P 0x7f2a7c191628
P 0x7f2a7c19bc88
C 258
R
P 0x7f2a7c191628
C 342
R
P 0x7f2a7c191628
P 0x7f2a7c19bc88
C 9
R
P 0x7f2a7c191628
C 342
R
P 0x7f2a7c191628
P 0x7f2a7c19bfc8
P 0x7f2a7c19bc88
C 75
= 0x7f2a7c487208
R
P 0x7f2a7c191628
C 342
R
P 0x7f2a7c191628
P 0x7f2a7c487208
C 258
R
P 0x7f2a7c191628
C 342
R
P 0x7f2a7c191628
P 0x7f2a7c487208
C 9
R
P 0x7f2a7c191628
C 342
R
P 0x7f2a7c191628
I 1
P 0x7f2a7c19b208
C 150
= 0x7f2a7c19bc88
R
P 0x7f2a7c191628
C 342
R
P 0x7f2a7c191628
P 0x7f2a7c19bc88
C 258
R
P 0x7f2a7c191628
C 342
R
P 0x7f2a7c191628
P 0x7f2a7c19bc88
C 9
R
P 0x7f2a7c191628
C 342
R
P 0x7f2a7c191628
U 2
P 0x7f2a7c19bfc8
P 0x7f2a7c19bc88
p 2
C 67
= 0x7f2a7c487240
R
P 0x7f2a7c191628
C 342
R
P 0x7f2a7c191628
P 0x7f2a7c487240
C 257
R
P 0x7f2a7c191628
C 342
R
P 0x7f2a7c191628
P 0x7f2a7c487240
C 254
= 0x7f2a7c19b208
R
P 0x7f2a7c191628
C 342
R
P 0x7f2a7c191628
P 0x7f2a7c19b208
C 209
R
P 0x7f2a7c191628
C 342
R
P 0x7f2a7c191628
P 0x7f2a7c487240
C 260
R
P 0x7f2a7c191628
C 342
R
P 0x7f2a7c191628
P 0x7f2a7c487240
C 259
R
P 0x7f2a7c191628
C 342
R
P 0x7f2a7c191628
P 0x7f2a7c487240
C 258
R
P 0x7f2a7c191628
C 342
R
P 0x7f2a7c191628
P 0x7f2a7c487240
C 9
R
P 0x7f2a7c191628
C 342
R
P 0x7f2a7c191628
U 2
P 0x7f2a7c19bba8
P 0x7f2a7c487240
p 2
C 66
= 0x7f2a7c487278
R
P 0x7f2a7c191628
C 342
R
P 0x7f2a7c191628
P 0x7f2a7c487278
C 257
R
P 0x7f2a7c191628
C 342
R
P 0x7f2a7c191628
P 0x7f2a7c487278
C 254
= 0x7f2a7c19b1e8
R
P 0x7f2a7c191628
C 342
R
P 0x7f2a7c191628
P 0x7f2a7c19b1e8
C 209
R
P 0x7f2a7c191628
C 342
R
P 0x7f2a7c191628
P 0x7f2a7c487278
C 260
R
P 0x7f2a7c191628
C 342
R
P 0x7f2a7c191628
P 0x7f2a7c487278
C 259
R
P 0x7f2a7c191628
C 342
R
P 0x7f2a7c191628
P 0x7f2a7c487278
C 258
R
P 0x7f2a7c191628
C 342
R
P 0x7f2a7c191628
P 0x7f2a7c487278
C 9
R
P 0x7f2a7c191628
C 342
R
P 0x7f2a7c191628
U 2
P 0x7f2a7c19bc28
P 0x7f2a7c487278
p 2
C 65
= 0x7f2a7c4872b0
R
P 0x7f2a7c191628
C 342
R
P 0x7f2a7c191628
P 0x7f2a7c4872b0
C 257
R
P 0x7f2a7c191628
C 342
R
P 0x7f2a7c191628
P 0x7f2a7c4872b0
C 254
= 0x7f2a7c19b1e8
R
P 0x7f2a7c191628
C 342
R
P 0x7f2a7c191628
P 0x7f2a7c19b1e8
C 209
R
P 0x7f2a7c191628
C 342
R
P 0x7f2a7c191628
P 0x7f2a7c4872b0
C 260
R
P 0x7f2a7c191628
C 342
R
P 0x7f2a7c191628
P 0x7f2a7c4872b0
C 259
R
P 0x7f2a7c191628
C 342
R
P 0x7f2a7c191628
P 0x7f2a7c4872b0
C 258
R
P 0x7f2a7c191628
C 342
R
P 0x7f2a7c191628
P 0x7f2a7c4872b0
C 9
R
P 0x7f2a7c191628
C 342
R
P 0x7f2a7c191628
P 0x7f2a7c487208
P 0x7f2a7c4872b0
P 0x7f2a7c19bc28
C 59
= 0x7f2a7c19f988
R
P 0x7f2a7c191628
C 342
R
P 0x7f2a7c191628
P 0x7f2a7c19f988
C 257
R
P 0x7f2a7c191628
C 342
R
P 0x7f2a7c191628
P 0x7f2a7c19f988
C 254
= 0x7f2a7c19b1e8
R
P 0x7f2a7c191628
C 342
R
P 0x7f2a7c191628
P 0x7f2a7c19b1e8
C 209
R
P 0x7f2a7c191628
C 342
R
P 0x7f2a7c191628
P 0x7f2a7c19f988
C 260
R
P 0x7f2a7c191628
C 342
R
P 0x7f2a7c191628
P 0x7f2a7c19f988
C 259
R
P 0x7f2a7c191628
C 342
R
P 0x7f2a7c191628
P 0x7f2a7c19f988
C 258
R
P 0x7f2a7c191628
C 342
R
P 0x7f2a7c191628
P 0x7f2a7c19f988
C 9
R
P 0x7f2a7c191628
C 342
R
P 0x7f2a7c191628
U 2
P 0x7f2a7c19f988
P 0x7f2a7c19bb48
p 2
C 65
= 0x7f2a7c4872e8
R
P 0x7f2a7c191628
C 342
R
P 0x7f2a7c191628
P 0x7f2a7c4872e8
C 257
R
P 0x7f2a7c191628
C 342
R
P 0x7f2a7c191628
P 0x7f2a7c4872e8
C 254
= 0x7f2a7c19b1e8
R
P 0x7f2a7c191628
C 342
R
P 0x7f2a7c191628
P 0x7f2a7c19b1e8
C 209
R
P 0x7f2a7c191628
C 342
R
P 0x7f2a7c191628
P 0x7f2a7c4872e8
C 260
R
P 0x7f2a7c191628
C 342
R
P 0x7f2a7c191628
P 0x7f2a7c4872e8
C 259
R
P 0x7f2a7c191628
C 342
R
P 0x7f2a7c191628
P 0x7f2a7c4872e8
C 258
R
P 0x7f2a7c191628
C 342
R
P 0x7f2a7c191628
P 0x7f2a7c4872e8
C 9
R
P 0x7f2a7c191628
C 342
R
P 0x7f2a7c191628
U 2
P 0x7f2a7c4872e8
P 0x7f2a7c19bb68
p 2
C 65
= 0x7f2a7c487320
R
P 0x7f2a7c191628
C 342
R
P 0x7f2a7c191628
P 0x7f2a7c487320
C 257
R
P 0x7f2a7c191628
C 342
R
P 0x7f2a7c191628
P 0x7f2a7c487320
C 254
= 0x7f2a7c19b1e8
R
P 0x7f2a7c191628
C 342
R
P 0x7f2a7c191628
P 0x7f2a7c19b1e8
C 209
R
P 0x7f2a7c191628
C 342
R
P 0x7f2a7c191628
P 0x7f2a7c487320
C 260
R
P 0x7f2a7c191628
C 342
R
P 0x7f2a7c191628
P 0x7f2a7c487320
C 259
R
P 0x7f2a7c191628
C 342
R
P 0x7f2a7c191628
P 0x7f2a7c487320
C 258
R
P 0x7f2a7c191628
C 342
R
P 0x7f2a7c191628
P 0x7f2a7c487320
C 9
R
P 0x7f2a7c191628
C 342
R
P 0x7f2a7c191628
P 0x7f2a7c19c228
P 0x7f2a7c487320
C 76
= 0x7f2a7c487358
R
P 0x7f2a7c191628
C 342
R
P 0x7f2a7c191628
P 0x7f2a7c487358
C 258
R
P 0x7f2a7c191628
C 342
R
P 0x7f2a7c191628
P 0x7f2a7c487358
C 9
R
P 0x7f2a7c191628
C 342
R
P 0x7f2a7c191628
P 0x7f2a7c1e1fc8
P 0x7f2a7c487358
C 427
R
P 0x7f2a7c191628
C 342
R
P 0x7f2a7c191628
I 4
P 0x7f2a7c19b208
C 150
= 0x7f2a7c19c028
R
P 0x7f2a7c191628
C 342
R
P 0x7f2a7c191628
P 0x7f2a7c19c028
C 258
R
P 0x7f2a7c191628
C 342
R
P 0x7f2a7c191628
P 0x7f2a7c19c028
C 9
R
P 0x7f2a7c191628
C 342
R
P 0x7f2a7c191628
P 0x7f2a7c19c028
C 263
R
P 0x7f2a7c191628
C 342
R
P 0x7f2a7c191628
S "dev0T34"
C 30
R
P 0x7f2a7c191628
C 342
R
P 0x7f2a7c191628
$ |dev0T34|
C 202
R
P 0x7f2a7c191628
C 342
R
P 0x7f2a7c191628
$ |dev0T34|
P 0x7f2a7c19b1e8
C 51
= 0x7f2a7c19c248
R
P 0x7f2a7c191628
C 342
R
P 0x7f2a7c191628
P 0x7f2a7c19c248
C 257
R
P 0x7f2a7c191628
C 342
R
P 0x7f2a7c191628
P 0x7f2a7c19c248
C 254
= 0x7f2a7c19b1e8
R
P 0x7f2a7c191628
C 342
R
P 0x7f2a7c191628
P 0x7f2a7c19b1e8
C 209
R
P 0x7f2a7c191628
C 342
R
P 0x7f2a7c191628
P 0x7f2a7c19c248
C 260
R
P 0x7f2a7c191628
C 342
R
P 0x7f2a7c191628
P 0x7f2a7c19c248
C 259
R
P 0x7f2a7c191628
C 342
R
P 0x7f2a7c191628
P 0x7f2a7c19c248
C 258
R
P 0x7f2a7c191628
C 342
R
P 0x7f2a7c191628
P 0x7f2a7c19c248
C 9
R
P 0x7f2a7c191628
C 342
R
P 0x7f2a7c191628
I 4
P 0x7f2a7c19b208
C 150
= 0x7f2a7c19c028
R
P 0x7f2a7c191628
C 342
R
P 0x7f2a7c191628
P 0x7f2a7c19c028
C 258
R
P 0x7f2a7c191628
C 342
R
P 0x7f2a7c191628
P 0x7f2a7c19c028
C 9
R
P 0x7f2a7c191628
C 342
R
P 0x7f2a7c191628
I 1
P 0x7f2a7c19b208
C 150
= 0x7f2a7c19bc88
R
P 0x7f2a7c191628
C 342
R
P 0x7f2a7c191628
P 0x7f2a7c19bc88
C 258
R
P 0x7f2a7c191628
C 342
R
P 0x7f2a7c191628
P 0x7f2a7c19bc88
C 9
R
P 0x7f2a7c191628
C 342
R
P 0x7f2a7c191628
P 0x7f2a7c19c028
P 0x7f2a7c19bc88
C 75
= 0x7f2a7c487390
R
P 0x7f2a7c191628
C 342
R
P 0x7f2a7c191628
P 0x7f2a7c487390
C 258
R
P 0x7f2a7c191628
C 342
R
P 0x7f2a7c191628
P 0x7f2a7c487390
C 9
R
P 0x7f2a7c191628
C 342
R
P 0x7f2a7c191628
I 1
P 0x7f2a7c19b208
C 150
= 0x7f2a7c19bc88
R
P 0x7f2a7c191628
C 342
R
P 0x7f2a7c191628
P 0x7f2a7c19bc88
C 258
R
P 0x7f2a7c191628
C 342
R
P 0x7f2a7c191628
P 0x7f2a7c19bc88
C 9
R
P 0x7f2a7c191628
C 342
R
P 0x7f2a7c191628
U 2
P 0x7f2a7c19c028
P 0x7f2a7c19bc88
p 2
C 67
= 0x7f2a7c4873c8
R
P 0x7f2a7c191628
C 342
R
P 0x7f2a7c191628
P 0x7f2a7c4873c8
C 257
R
P 0x7f2a7c191628
C 342
R
P 0x7f2a7c191628
P 0x7f2a7c4873c8
C 254
= 0x7f2a7c19b208
R
P 0x7f2a7c191628
C 342
R
P 0x7f2a7c191628
P 0x7f2a7c19b208
C 209
R
P 0x7f2a7c191628
C 342
R
P 0x7f2a7c191628
P 0x7f2a7c4873c8
C 260
R
P 0x7f2a7c191628
C 342
R
P 0x7f2a7c191628
P 0x7f2a7c4873c8
C 259
R
P 0x7f2a7c191628
C 342
R
P 0x7f2a7c191628
P 0x7f2a7c4873c8
C 258
R
P 0x7f2a7c191628
C 342
R
P 0x7f2a7c191628
P 0x7f2a7c4873c8
C 9
R
P 0x7f2a7c191628
C 342
R
P 0x7f2a7c191628
U 2
P 0x7f2a7c19bba8
P 0x7f2a7c4873c8
p 2
C 66
= 0x7f2a7c487400
R
P 0x7f2a7c191628
C 342
R
P 0x7f2a7c191628
P 0x7f2a7c487400
C 257
R
P 0x7f2a7c191628
C 342
R
P 0x7f2a7c191628
P 0x7f2a7c487400
C 254
= 0x7f2a7c19b1e8
R
P 0x7f2a7c191628
C 342
R
P 0x7f2a7c191628
P 0x7f2a7c19b1e8
C 209
R
P 0x7f2a7c191628
C 342
R
P 0x7f2a7c191628
P 0x7f2a7c487400
C 260
R
P 0x7f2a7c191628
C 342
R
P 0x7f2a7c191628
P 0x7f2a7c487400
C 259
R
P 0x7f2a7c191628
C 342
R
P 0x7f2a7c191628
P 0x7f2a7c487400
C 258
R
P 0x7f2a7c191628
C 342
R
P 0x7f2a7c191628
P 0x7f2a7c487400
C 9
R
P 0x7f2a7c191628
C 342
R
P 0x7f2a7c191628
U 2
P 0x7f2a7c19bc28
P 0x7f2a7c487400
p 2
C 65
= 0x7f2a7c487438
R
P 0x7f2a7c191628
C 342
R
P 0x7f2a7c191628
P 0x7f2a7c487438
C 257
R
P 0x7f2a7c191628
C 342
R
P 0x7f2a7c191628
P 0x7f2a7c487438
C 254
= 0x7f2a7c19b1e8
R
P 0x7f2a7c191628
C 342
R
P 0x7f2a7c191628
P 0x7f2a7c19b1e8
C 209
R
P 0x7f2a7c191628
C 342
R
P 0x7f2a7c191628
P 0x7f2a7c487438
C 260
R
P 0x7f2a7c191628
C 342
R
P 0x7f2a7c191628
P 0x7f2a7c487438
C 259
R
P 0x7f2a7c191628
C 342
R
P 0x7f2a7c191628
P 0x7f2a7c487438
C 258
R
P 0x7f2a7c191628
C 342
R
P 0x7f2a7c191628
P 0x7f2a7c487438
C 9
R
P 0x7f2a7c191628
C 342
R
P 0x7f2a7c191628
P 0x7f2a7c487390
P 0x7f2a7c487438
P 0x7f2a7c19bc28
C 59
= 0x7f2a7c19f9c8
R
P 0x7f2a7c191628
C 342
R
P 0x7f2a7c191628
P 0x7f2a7c19f9c8
C 257
R
P 0x7f2a7c191628
C 342
R
P 0x7f2a7c191628
P 0x7f2a7c19f9c8
C 254
= 0x7f2a7c19b1e8
R
P 0x7f2a7c191628
C 342
R
P 0x7f2a7c191628
P 0x7f2a7c19b1e8
C 209
R
P 0x7f2a7c191628
C 342
R
P 0x7f2a7c191628
P 0x7f2a7c19f9c8
C 260
R
P 0x7f2a7c191628
C 342
R
P 0x7f2a7c191628
P 0x7f2a7c19f9c8
C 259
R
P 0x7f2a7c191628
C 342
R
P 0x7f2a7c191628
P 0x7f2a7c19f9c8
C 258
R
P 0x7f2a7c191628
C 342
R
P 0x7f2a7c191628
P 0x7f2a7c19f9c8
C 9
R
P 0x7f2a7c191628
C 342
R
P 0x7f2a7c191628
U 2
P 0x7f2a7c19f9c8
P 0x7f2a7c19bb48
p 2
C 65
= 0x7f2a7c487470
R
P 0x7f2a7c191628
C 342
R
P 0x7f2a7c191628
P 0x7f2a7c487470
C 257
R
P 0x7f2a7c191628
C 342
R
P 0x7f2a7c191628
P 0x7f2a7c487470
C 254
= 0x7f2a7c19b1e8
R
P 0x7f2a7c191628
C 342
R
P 0x7f2a7c191628
P 0x7f2a7c19b1e8
C 209
R
P 0x7f2a7c191628
C 342
R
P 0x7f2a7c191628
P 0x7f2a7c487470
C 260
R
P 0x7f2a7c191628
C 342
R
P 0x7f2a7c191628
P 0x7f2a7c487470
C 259
R
P 0x7f2a7c191628
C 342
R
P 0x7f2a7c191628
P 0x7f2a7c487470
C 258
R
P 0x7f2a7c191628
C 342
R
P 0x7f2a7c191628
P 0x7f2a7c487470
C 9
R
P 0x7f2a7c191628
C 342
R
P 0x7f2a7c191628
U 2
P 0x7f2a7c487470
P 0x7f2a7c19bb68
p 2
C 65
= 0x7f2a7c4874a8
R
P 0x7f2a7c191628
C 342
R
P 0x7f2a7c191628
P 0x7f2a7c4874a8
C 257
R
P 0x7f2a7c191628
C 342
R
P 0x7f2a7c191628
P 0x7f2a7c4874a8
C 254
= 0x7f2a7c19b1e8
R
P 0x7f2a7c191628
C 342
R
P 0x7f2a7c191628
P 0x7f2a7c19b1e8
C 209
R
P 0x7f2a7c191628
C 342
R
P 0x7f2a7c191628
P 0x7f2a7c4874a8
C 260
R
P 0x7f2a7c191628
C 342
R
P 0x7f2a7c191628
P 0x7f2a7c4874a8
C 259
R
P 0x7f2a7c191628
C 342
R
P 0x7f2a7c191628
P 0x7f2a7c4874a8
C 258
R
P 0x7f2a7c191628
C 342
R
P 0x7f2a7c191628
P 0x7f2a7c4874a8
C 9
R
P 0x7f2a7c191628
C 342
R
P 0x7f2a7c191628
P 0x7f2a7c19c248
P 0x7f2a7c4874a8
C 76
= 0x7f2a7c4874e0
R
P 0x7f2a7c191628
C 342
R
P 0x7f2a7c191628
P 0x7f2a7c4874e0
C 258
R
P 0x7f2a7c191628
C 342
R
P 0x7f2a7c191628
P 0x7f2a7c4874e0
C 9
R
P 0x7f2a7c191628
C 342
R
P 0x7f2a7c191628
P 0x7f2a7c1e1fc8
P 0x7f2a7c4874e0
C 427
R
P 0x7f2a7c191628
C 342
R
P 0x7f2a7c191628
P 0x7f2a7c19bc68
C 333
R
P 0x7f2a7c191628
C 342
R
P 0x7f2a7c191628
S "slotflowPriorityDuration"
C 30
R
P 0x7f2a7c191628
C 342
R
P 0x7f2a7c191628
$ |slotflowPriorityDuration|
C 202
R
P 0x7f2a7c191628
C 342
R
P 0x7f2a7c191628
$ |slotflowPriorityDuration|
P 0x7f2a7c19b1e8
C 51
= 0x7f2a7c19c268
R
P 0x7f2a7c191628
C 342
R
P 0x7f2a7c191628
P 0x7f2a7c19c268
C 257
R
P 0x7f2a7c191628
C 342
R
P 0x7f2a7c191628
P 0x7f2a7c19c268
C 254
= 0x7f2a7c19b1e8
R
P 0x7f2a7c191628
C 342
R
P 0x7f2a7c191628
P 0x7f2a7c19b1e8
C 209
R
P 0x7f2a7c191628
C 342
R
P 0x7f2a7c191628
P 0x7f2a7c19c268
C 260
R
P 0x7f2a7c191628
C 342
R
P 0x7f2a7c191628
P 0x7f2a7c19c268
C 259
R
P 0x7f2a7c191628
C 342
R
P 0x7f2a7c191628
P 0x7f2a7c19c268
C 258
R
P 0x7f2a7c191628
C 342
R
P 0x7f2a7c191628
P 0x7f2a7c19c268
C 9
R
P 0x7f2a7c191628
C 342
R
P 0x7f2a7c191628
P 0x7f2a7c19c268
P 0x7f2a7c19bb68
C 75
= 0x7f2a7c487518
R
P 0x7f2a7c191628
C 342
R
P 0x7f2a7c191628
P 0x7f2a7c487518
C 258
R
P 0x7f2a7c191628
C 342
R
P 0x7f2a7c191628
P 0x7f2a7c487518
C 9
R
P 0x7f2a7c191628
C 342
R
P 0x7f2a7c191628
P 0x7f2a7c1e1fc8
P 0x7f2a7c487518
C 427
R
P 0x7f2a7c191628
C 342
R
P 0x7f2a7c191628
I 0
P 0x7f2a7c19b208
C 150
= 0x7f2a7c19bd08
R
P 0x7f2a7c191628
C 342
R
P 0x7f2a7c191628
P 0x7f2a7c19bd08
C 258
R
P 0x7f2a7c191628
C 342
R
P 0x7f2a7c191628
P 0x7f2a7c19bd08
C 9
R
P 0x7f2a7c191628
C 342
R
P 0x7f2a7c191628
P 0x7f2a7c19bc68
P 0x7f2a7c19bd08
C 75
= 0x7f2a7c487550
R
P 0x7f2a7c191628
C 342
R
P 0x7f2a7c191628
P 0x7f2a7c487550
C 258
R
P 0x7f2a7c191628
C 342
R
P 0x7f2a7c191628
P 0x7f2a7c487550
C 9
R
P 0x7f2a7c191628
C 342
R
P 0x7f2a7c191628
P 0x7f2a7c1e1fc8
P 0x7f2a7c487550
C 427
R
P 0x7f2a7c191628
C 342
R
P 0x7f2a7c191628
I 9
P 0x7f2a7c19b208
C 150
= 0x7f2a7c19c288
R
P 0x7f2a7c191628
C 342
R
P 0x7f2a7c191628
P 0x7f2a7c19c288
C 258
R
P 0x7f2a7c191628
C 342
R
P 0x7f2a7c191628
P 0x7f2a7c19c288
C 9
R
P 0x7f2a7c191628
C 342
R
P 0x7f2a7c191628
P 0x7f2a7c19bc68
P 0x7f2a7c19c288
C 73
= 0x7f2a7c487588
R
P 0x7f2a7c191628
C 342
R
P 0x7f2a7c191628
P 0x7f2a7c487588
C 258
R
P 0x7f2a7c191628
C 342
R
P 0x7f2a7c191628
P 0x7f2a7c487588
C 9
R
P 0x7f2a7c191628
C 342
R
P 0x7f2a7c191628
P 0x7f2a7c1e1fc8
P 0x7f2a7c487588
C 427
R
P 0x7f2a7c191628
C 342
R
P 0x7f2a7c191628
I 0
P 0x7f2a7c19b208
C 150
= 0x7f2a7c19bd08
R
P 0x7f2a7c191628
C 342
R
P 0x7f2a7c191628
P 0x7f2a7c19bd08
C 258
R
P 0x7f2a7c191628
C 342
R
P 0x7f2a7c191628
P 0x7f2a7c19bd08
C 9
R
P 0x7f2a7c191628
C 342
R
P 0x7f2a7c191628
P 0x7f2a7c19bd08
C 263
R
P 0x7f2a7c191628
C 342
R
P 0x7f2a7c191628
S "dev0T30"
C 30
R
P 0x7f2a7c191628
C 342
R
P 0x7f2a7c191628
$ |dev0T30|
C 202
R
P 0x7f2a7c191628
C 342
R
P 0x7f2a7c191628
$ |dev0T30|
P 0x7f2a7c19b1e8
C 51
= 0x7f2a7c19c208
R
P 0x7f2a7c191628
C 342
R
P 0x7f2a7c191628
P 0x7f2a7c19c208
C 257
R
P 0x7f2a7c191628
C 342
R
P 0x7f2a7c191628
P 0x7f2a7c19c208
C 254
= 0x7f2a7c19b1e8
R
P 0x7f2a7c191628
C 342
R
P 0x7f2a7c191628
P 0x7f2a7c19b1e8
C 209
R
P 0x7f2a7c191628
C 342
R
P 0x7f2a7c191628
P 0x7f2a7c19c208
C 260
R
P 0x7f2a7c191628
C 342
R
P 0x7f2a7c191628
P 0x7f2a7c19c208
C 259
R
P 0x7f2a7c191628
C 342
R
P 0x7f2a7c191628
P 0x7f2a7c19c208
C 258
R
P 0x7f2a7c191628
C 342
R
P 0x7f2a7c191628
P 0x7f2a7c19c208
C 9
R
P 0x7f2a7c191628
C 342
R
P 0x7f2a7c191628
U 2
P 0x7f2a7c19c208
P 0x7f2a7c19bb48
p 2
C 65
= 0x7f2a7c4875c0
R
P 0x7f2a7c191628
C 342
R
P 0x7f2a7c191628
P 0x7f2a7c4875c0
C 257
R
P 0x7f2a7c191628
C 342
R
P 0x7f2a7c191628
P 0x7f2a7c4875c0
C 254
= 0x7f2a7c19b1e8
R
P 0x7f2a7c191628
C 342
R
P 0x7f2a7c191628
P 0x7f2a7c19b1e8
C 209
R
P 0x7f2a7c191628
C 342
R
P 0x7f2a7c191628
P 0x7f2a7c4875c0
C 260
R
P 0x7f2a7c191628
C 342
R
P 0x7f2a7c191628
P 0x7f2a7c4875c0
C 259
R
P 0x7f2a7c191628
C 342
R
P 0x7f2a7c191628
P 0x7f2a7c4875c0
C 258
R
P 0x7f2a7c191628
C 342
R
P 0x7f2a7c191628
P 0x7f2a7c4875c0
C 9
R
P 0x7f2a7c191628
C 342
R
P 0x7f2a7c191628
I 0
P 0x7f2a7c19b208
C 150
= 0x7f2a7c19bd08
R
P 0x7f2a7c191628
C 342
R
P 0x7f2a7c191628
P 0x7f2a7c19bd08
C 258
R
P 0x7f2a7c191628
C 342
R
P 0x7f2a7c191628
P 0x7f2a7c19bd08
C 9
R
P 0x7f2a7c191628
C 342
R
P 0x7f2a7c191628
I 1
P 0x7f2a7c19b208
C 150
= 0x7f2a7c19bc88
R
P 0x7f2a7c191628
C 342
R
P 0x7f2a7c191628
P 0x7f2a7c19bc88
C 258
R
P 0x7f2a7c191628
C 342
R
P 0x7f2a7c191628
P 0x7f2a7c19bc88
C 9
R
P 0x7f2a7c191628
C 342
R
P 0x7f2a7c191628
P 0x7f2a7c19bd08
P 0x7f2a7c19bc88
C 75
= 0x7f2a7c486fa0
R
P 0x7f2a7c191628
C 342
R
P 0x7f2a7c191628
P 0x7f2a7c486fa0
C 258
R
P 0x7f2a7c191628
C 342
R
P 0x7f2a7c191628
P 0x7f2a7c486fa0
C 9
R
P 0x7f2a7c191628
C 342
R
P 0x7f2a7c191628
I 1
P 0x7f2a7c19b208
C 150
= 0x7f2a7c19bc88
R
P 0x7f2a7c191628
C 342
R
P 0x7f2a7c191628
P 0x7f2a7c19bc88
C 258
R
P 0x7f2a7c191628
C 342
R
P 0x7f2a7c191628
P 0x7f2a7c19bc88
C 9
R
P 0x7f2a7c191628
C 342
R
P 0x7f2a7c191628
U 2
P 0x7f2a7c19bd08
P 0x7f2a7c19bc88
p 2
C 67
= 0x7f2a7c486fd8
R
P 0x7f2a7c191628
C 342
R
P 0x7f2a7c191628
P 0x7f2a7c486fd8
C 257
R
P 0x7f2a7c191628
C 342
R
P 0x7f2a7c191628
P 0x7f2a7c486fd8
C 254
= 0x7f2a7c19b208
R
P 0x7f2a7c191628
C 342
R
P 0x7f2a7c191628
P 0x7f2a7c19b208
C 209
R
P 0x7f2a7c191628
C 342
R
P 0x7f2a7c191628
P 0x7f2a7c486fd8
C 260
R
P 0x7f2a7c191628
C 342
R
P 0x7f2a7c191628
P 0x7f2a7c486fd8
C 259
R
P 0x7f2a7c191628
C 342
R
P 0x7f2a7c191628
P 0x7f2a7c486fd8
C 258
R
P 0x7f2a7c191628
C 342
R
P 0x7f2a7c191628
P 0x7f2a7c486fd8
C 9
R
P 0x7f2a7c191628
C 342
R
P 0x7f2a7c191628
U 2
P 0x7f2a7c19bba8
P 0x7f2a7c486fd8
p 2
C 66
= 0x7f2a7c487010
R
P 0x7f2a7c191628
C 342
R
P 0x7f2a7c191628
P 0x7f2a7c487010
C 257
R
P 0x7f2a7c191628
C 342
R
P 0x7f2a7c191628
P 0x7f2a7c487010
C 254
= 0x7f2a7c19b1e8
R
P 0x7f2a7c191628
C 342
R
P 0x7f2a7c191628
P 0x7f2a7c19b1e8
C 209
R
P 0x7f2a7c191628
C 342
R
P 0x7f2a7c191628
P 0x7f2a7c487010
C 260
R
P 0x7f2a7c191628
C 342
R
P 0x7f2a7c191628
P 0x7f2a7c487010
C 259
R
P 0x7f2a7c191628
C 342
R
P 0x7f2a7c191628
P 0x7f2a7c487010
C 258
R
P 0x7f2a7c191628
C 342
R
P 0x7f2a7c191628
P 0x7f2a7c487010
C 9
R
P 0x7f2a7c191628
C 342
R
P 0x7f2a7c191628
U 2
P 0x7f2a7c19bc28
P 0x7f2a7c487010
p 2
C 65
= 0x7f2a7c487048
R
P 0x7f2a7c191628
C 342
R
P 0x7f2a7c191628
P 0x7f2a7c487048
C 257
R
P 0x7f2a7c191628
C 342
R
P 0x7f2a7c191628
P 0x7f2a7c487048
C 254
= 0x7f2a7c19b1e8
R
P 0x7f2a7c191628
C 342
R
P 0x7f2a7c191628
P 0x7f2a7c19b1e8
C 209
R
P 0x7f2a7c191628
C 342
R
P 0x7f2a7c191628
P 0x7f2a7c487048
C 260
R
P 0x7f2a7c191628
C 342
R
P 0x7f2a7c191628
P 0x7f2a7c487048
C 259
R
P 0x7f2a7c191628
C 342
R
P 0x7f2a7c191628
P 0x7f2a7c487048
C 258
R
P 0x7f2a7c191628
C 342
R
P 0x7f2a7c191628
P 0x7f2a7c487048
C 9
R
P 0x7f2a7c191628
C 342
R
P 0x7f2a7c191628
P 0x7f2a7c486fa0
P 0x7f2a7c487048
P 0x7f2a7c19bc28
C 59
= 0x7f2a7c19f948
R
P 0x7f2a7c191628
C 342
R
P 0x7f2a7c191628
P 0x7f2a7c19f948
C 257
R
P 0x7f2a7c191628
C 342
R
P 0x7f2a7c191628
P 0x7f2a7c19f948
C 254
= 0x7f2a7c19b1e8
R
P 0x7f2a7c191628
C 342
R
P 0x7f2a7c191628
P 0x7f2a7c19b1e8
C 209
R
P 0x7f2a7c191628
C 342
R
P 0x7f2a7c191628
P 0x7f2a7c19f948
C 260
R
P 0x7f2a7c191628
C 342
R
P 0x7f2a7c191628
P 0x7f2a7c19f948
C 259
R
P 0x7f2a7c191628
C 342
R
P 0x7f2a7c191628
P 0x7f2a7c19f948
C 258
R
P 0x7f2a7c191628
C 342
R
P 0x7f2a7c191628
P 0x7f2a7c19f948
C 9
R
P 0x7f2a7c191628
C 342
R
P 0x7f2a7c191628
U 2
P 0x7f2a7c4875c0
P 0x7f2a7c19f948
p 2
C 67
= 0x7f2a7c4875f8
R
P 0x7f2a7c191628
C 342
R
P 0x7f2a7c191628
P 0x7f2a7c4875f8
C 257
R
P 0x7f2a7c191628
C 342
R
P 0x7f2a7c191628
P 0x7f2a7c4875f8
C 254
= 0x7f2a7c19b1e8
R
P 0x7f2a7c191628
C 342
R
P 0x7f2a7c191628
P 0x7f2a7c19b1e8
C 209
R
P 0x7f2a7c191628
C 342
R
P 0x7f2a7c191628
P 0x7f2a7c4875f8
C 260
R
P 0x7f2a7c191628
C 342
R
P 0x7f2a7c191628
P 0x7f2a7c4875f8
C 259
R
P 0x7f2a7c191628
C 342
R
P 0x7f2a7c191628
P 0x7f2a7c4875f8
C 258
R
P 0x7f2a7c191628
C 342
R
P 0x7f2a7c191628
P 0x7f2a7c4875f8
C 9
R
P 0x7f2a7c191628
C 342
R
P 0x7f2a7c191628
P 0x7f2a7c4875f8
P 0x7f2a7c19bc48
C 74
= 0x7f2a7c487630
R
P 0x7f2a7c191628
C 342
R
P 0x7f2a7c191628
P 0x7f2a7c487630
C 258
R
P 0x7f2a7c191628
C 342
R
P 0x7f2a7c191628
P 0x7f2a7c487630
C 9
R
P 0x7f2a7c191628
C 342
R
P 0x7f2a7c191628
P 0x7f2a7c1e1fc8
P 0x7f2a7c487630
C 427
R
P 0x7f2a7c191628
C 342
R
P 0x7f2a7c191628
I 1
P 0x7f2a7c19b208
C 150
= 0x7f2a7c19bc88
R
P 0x7f2a7c191628
C 342
R
P 0x7f2a7c191628
P 0x7f2a7c19bc88
C 258
R
P 0x7f2a7c191628
C 342
R
P 0x7f2a7c191628
P 0x7f2a7c19bc88
C 9
R
P 0x7f2a7c191628
C 342
R
P 0x7f2a7c191628
P 0x7f2a7c19bc88
C 263
R
P 0x7f2a7c191628
C 342
R
P 0x7f2a7c191628
S "dev0T31"
C 30
R
P 0x7f2a7c191628
C 342
R
P 0x7f2a7c191628
$ |dev0T31|
C 202
R
P 0x7f2a7c191628
C 342
R
P 0x7f2a7c191628
$ |dev0T31|
P 0x7f2a7c19b1e8
C 51
= 0x7f2a7c19bca8
R
P 0x7f2a7c191628
C 342
R
P 0x7f2a7c191628
P 0x7f2a7c19bca8
C 257
R
P 0x7f2a7c191628
C 342
R
P 0x7f2a7c191628
P 0x7f2a7c19bca8
C 254
= 0x7f2a7c19b1e8
R
P 0x7f2a7c191628
C 342
R
P 0x7f2a7c191628
P 0x7f2a7c19b1e8
C 209
R
P 0x7f2a7c191628
C 342
R
P 0x7f2a7c191628
P 0x7f2a7c19bca8
C 260
R
P 0x7f2a7c191628
C 342
R
P 0x7f2a7c191628
P 0x7f2a7c19bca8
C 259
R
P 0x7f2a7c191628
C 342
R
P 0x7f2a7c191628
P 0x7f2a7c19bca8
C 258
R
P 0x7f2a7c191628
C 342
R
P 0x7f2a7c191628
P 0x7f2a7c19bca8
C 9
R
P 0x7f2a7c191628
C 342
R
P 0x7f2a7c191628
U 2
P 0x7f2a7c19bca8
P 0x7f2a7c19bb48
p 2
C 65
= 0x7f2a7c487668
R
P 0x7f2a7c191628
C 342
R
P 0x7f2a7c191628
P 0x7f2a7c487668
C 257
R
P 0x7f2a7c191628
C 342
R
P 0x7f2a7c191628
P 0x7f2a7c487668
C 254
= 0x7f2a7c19b1e8
R
P 0x7f2a7c191628
C 342
R
P 0x7f2a7c191628
P 0x7f2a7c19b1e8
C 209
R
P 0x7f2a7c191628
C 342
R
P 0x7f2a7c191628
P 0x7f2a7c487668
C 260
R
P 0x7f2a7c191628
C 342
R
P 0x7f2a7c191628
P 0x7f2a7c487668
C 259
R
P 0x7f2a7c191628
C 342
R
P 0x7f2a7c191628
P 0x7f2a7c487668
C 258
R
P 0x7f2a7c191628
C 342
R
P 0x7f2a7c191628
P 0x7f2a7c487668
C 9
R
P 0x7f2a7c191628
C 342
R
P 0x7f2a7c191628
I 1
P 0x7f2a7c19b208
C 150
= 0x7f2a7c19bc88
R
P 0x7f2a7c191628
C 342
R
P 0x7f2a7c191628
P 0x7f2a7c19bc88
C 258
R
P 0x7f2a7c191628
C 342
R
P 0x7f2a7c191628
P 0x7f2a7c19bc88
C 9
R
P 0x7f2a7c191628
C 342
R
P 0x7f2a7c191628
I 1
P 0x7f2a7c19b208
C 150
= 0x7f2a7c19bc88
R
P 0x7f2a7c191628
C 342
R
P 0x7f2a7c191628
P 0x7f2a7c19bc88
C 258
R
P 0x7f2a7c191628
C 342
R
P 0x7f2a7c191628
P 0x7f2a7c19bc88
C 9
R
P 0x7f2a7c191628
C 342
R
P 0x7f2a7c191628
P 0x7f2a7c19bc88
P 0x7f2a7c19bc88
C 75
= 0x7f2a7c1a1778
R
P 0x7f2a7c191628
C 342
R
P 0x7f2a7c191628
P 0x7f2a7c1a1778
C 258
R
P 0x7f2a7c191628
C 342
R
P 0x7f2a7c191628
P 0x7f2a7c1a1778
C 9
R
P 0x7f2a7c191628
C 342
R
P 0x7f2a7c191628
I 1
P 0x7f2a7c19b208
C 150
= 0x7f2a7c19bc88
R
P 0x7f2a7c191628
C 342
R
P 0x7f2a7c191628
P 0x7f2a7c19bc88
C 258
R
P 0x7f2a7c191628
C 342
R
P 0x7f2a7c191628
P 0x7f2a7c19bc88
C 9
R
P 0x7f2a7c191628
C 342
R
P 0x7f2a7c191628
U 2
P 0x7f2a7c19bc88
P 0x7f2a7c19bc88
p 2
C 67
= 0x7f2a7c1a17b0
R
P 0x7f2a7c191628
C 342
R
P 0x7f2a7c191628
P 0x7f2a7c1a17b0
C 257
R
P 0x7f2a7c191628
C 342
R
P 0x7f2a7c191628
P 0x7f2a7c1a17b0
C 254
= 0x7f2a7c19b208
R
P 0x7f2a7c191628
C 342
R
P 0x7f2a7c191628
P 0x7f2a7c19b208
C 209
R
P 0x7f2a7c191628
C 342
R
P 0x7f2a7c191628
P 0x7f2a7c1a17b0
C 260
R
P 0x7f2a7c191628
C 342
R
P 0x7f2a7c191628
P 0x7f2a7c1a17b0
C 259
R
P 0x7f2a7c191628
C 342
R
P 0x7f2a7c191628
P 0x7f2a7c1a17b0
C 258
R
P 0x7f2a7c191628
C 342
R
P 0x7f2a7c191628
P 0x7f2a7c1a17b0
C 9
R
P 0x7f2a7c191628
C 342
R
P 0x7f2a7c191628
U 2
P 0x7f2a7c19bba8
P 0x7f2a7c1a17b0
p 2
C 66
= 0x7f2a7c1a17e8
R
P 0x7f2a7c191628
C 342
R
P 0x7f2a7c191628
P 0x7f2a7c1a17e8
C 257
R
P 0x7f2a7c191628
C 342
R
P 0x7f2a7c191628
P 0x7f2a7c1a17e8
C 254
= 0x7f2a7c19b1e8
R
P 0x7f2a7c191628
C 342
R
P 0x7f2a7c191628
P 0x7f2a7c19b1e8
C 209
R
P 0x7f2a7c191628
C 342
R
P 0x7f2a7c191628
P 0x7f2a7c1a17e8
C 260
R
P 0x7f2a7c191628
C 342
R
P 0x7f2a7c191628
P 0x7f2a7c1a17e8
C 259
R
P 0x7f2a7c191628
C 342
R
P 0x7f2a7c191628
P 0x7f2a7c1a17e8
C 258
R
P 0x7f2a7c191628
C 342
R
P 0x7f2a7c191628
P 0x7f2a7c1a17e8
C 9
R
P 0x7f2a7c191628
C 342
R
P 0x7f2a7c191628
U 2
P 0x7f2a7c19bc28
P 0x7f2a7c1a17e8
p 2
C 65
= 0x7f2a7c1a1820
R
P 0x7f2a7c191628
C 342
R
P 0x7f2a7c191628
P 0x7f2a7c1a1820
C 257
R
P 0x7f2a7c191628
C 342
R
P 0x7f2a7c191628
P 0x7f2a7c1a1820
C 254
= 0x7f2a7c19b1e8
R
P 0x7f2a7c191628
C 342
R
P 0x7f2a7c191628
P 0x7f2a7c19b1e8
C 209
R
P 0x7f2a7c191628
C 342
R
P 0x7f2a7c191628
P 0x7f2a7c1a1820
C 260
R
P 0x7f2a7c191628
C 342
R
P 0x7f2a7c191628
P 0x7f2a7c1a1820
C 259
R
P 0x7f2a7c191628
C 342
R
P 0x7f2a7c191628
P 0x7f2a7c1a1820
C 258
R
P 0x7f2a7c191628
C 342
R
P 0x7f2a7c191628
P 0x7f2a7c1a1820
C 9
R
P 0x7f2a7c191628
C 342
R
P 0x7f2a7c191628
P 0x7f2a7c1a1778
P 0x7f2a7c1a1820
P 0x7f2a7c19bc28
C 59
= 0x7f2a7c19f848
R
P 0x7f2a7c191628
C 342
R
P 0x7f2a7c191628
P 0x7f2a7c19f848
C 257
R
P 0x7f2a7c191628
C 342
R
P 0x7f2a7c191628
P 0x7f2a7c19f848
C 254
= 0x7f2a7c19b1e8
R
P 0x7f2a7c191628
C 342
R
P 0x7f2a7c191628
P 0x7f2a7c19b1e8
C 209
R
P 0x7f2a7c191628
C 342
R
P 0x7f2a7c191628
P 0x7f2a7c19f848
C 260
R
P 0x7f2a7c191628
C 342
R
P 0x7f2a7c191628
P 0x7f2a7c19f848
C 259
R
P 0x7f2a7c191628
C 342
R
P 0x7f2a7c191628
P 0x7f2a7c19f848
C 258
R
P 0x7f2a7c191628
C 342
R
P 0x7f2a7c191628
P 0x7f2a7c19f848
C 9
R
P 0x7f2a7c191628
C 342
R
P 0x7f2a7c191628
U 2
P 0x7f2a7c487668
P 0x7f2a7c19f848
p 2
C 67
= 0x7f2a7c4876a0
R
P 0x7f2a7c191628
C 342
R
P 0x7f2a7c191628
P 0x7f2a7c4876a0
C 257
R
P 0x7f2a7c191628
C 342
R
P 0x7f2a7c191628
P 0x7f2a7c4876a0
C 254
= 0x7f2a7c19b1e8
R
P 0x7f2a7c191628
C 342
R
P 0x7f2a7c191628
P 0x7f2a7c19b1e8
C 209
R
P 0x7f2a7c191628
C 342
R
P 0x7f2a7c191628
P 0x7f2a7c4876a0
C 260
R
P 0x7f2a7c191628
C 342
R
P 0x7f2a7c191628
P 0x7f2a7c4876a0
C 259
R
P 0x7f2a7c191628
C 342
R
P 0x7f2a7c191628
P 0x7f2a7c4876a0
C 258
R
P 0x7f2a7c191628
C 342
R
P 0x7f2a7c191628
P 0x7f2a7c4876a0
C 9
R
P 0x7f2a7c191628
C 342
R
P 0x7f2a7c191628
P 0x7f2a7c4876a0
P 0x7f2a7c19bc48
C 74
= 0x7f2a7c4876d8
R
P 0x7f2a7c191628
C 342
R
P 0x7f2a7c191628
P 0x7f2a7c4876d8
C 258
R
P 0x7f2a7c191628
C 342
R
P 0x7f2a7c191628
P 0x7f2a7c4876d8
C 9
R
P 0x7f2a7c191628
C 342
R
P 0x7f2a7c191628
P 0x7f2a7c1e1fc8
P 0x7f2a7c4876d8
C 427
R
P 0x7f2a7c191628
C 342
R
P 0x7f2a7c191628
I 2
P 0x7f2a7c19b208
C 150
= 0x7f2a7c19bcc8
R
P 0x7f2a7c191628
C 342
R
P 0x7f2a7c191628
P 0x7f2a7c19bcc8
C 258
R
P 0x7f2a7c191628
C 342
R
P 0x7f2a7c191628
P 0x7f2a7c19bcc8
C 9
R
P 0x7f2a7c191628
C 342
R
P 0x7f2a7c191628
P 0x7f2a7c19bcc8
C 263
R
P 0x7f2a7c191628
C 342
R
P 0x7f2a7c191628
S "dev0T32"
C 30
R
P 0x7f2a7c191628
C 342
R
P 0x7f2a7c191628
$ |dev0T32|
C 202
R
P 0x7f2a7c191628
C 342
R
P 0x7f2a7c191628
$ |dev0T32|
P 0x7f2a7c19b1e8
C 51
= 0x7f2a7c19bce8
R
P 0x7f2a7c191628
C 342
R
P 0x7f2a7c191628
P 0x7f2a7c19bce8
C 257
R
P 0x7f2a7c191628
C 342
R
P 0x7f2a7c191628
P 0x7f2a7c19bce8
C 254
= 0x7f2a7c19b1e8
R
P 0x7f2a7c191628
C 342
R
P 0x7f2a7c191628
P 0x7f2a7c19b1e8
C 209
R
P 0x7f2a7c191628
C 342
R
P 0x7f2a7c191628
P 0x7f2a7c19bce8
C 260
R
P 0x7f2a7c191628
C 342
R
P 0x7f2a7c191628
P 0x7f2a7c19bce8
C 259
R
P 0x7f2a7c191628
C 342
R
P 0x7f2a7c191628
P 0x7f2a7c19bce8
C 258
R
P 0x7f2a7c191628
C 342
R
P 0x7f2a7c191628
P 0x7f2a7c19bce8
C 9
R
P 0x7f2a7c191628
C 342
R
P 0x7f2a7c191628
U 2
P 0x7f2a7c19bce8
P 0x7f2a7c19bb48
p 2
C 65
= 0x7f2a7c487710
R
P 0x7f2a7c191628
C 342
R
P 0x7f2a7c191628
P 0x7f2a7c487710
C 257
R
P 0x7f2a7c191628
C 342
R
P 0x7f2a7c191628
P 0x7f2a7c487710
C 254
= 0x7f2a7c19b1e8
R
P 0x7f2a7c191628
C 342
R
P 0x7f2a7c191628
P 0x7f2a7c19b1e8
C 209
R
P 0x7f2a7c191628
C 342
R
P 0x7f2a7c191628
P 0x7f2a7c487710
C 260
R
P 0x7f2a7c191628
C 342
R
P 0x7f2a7c191628
P 0x7f2a7c487710
C 259
R
P 0x7f2a7c191628
C 342
R
P 0x7f2a7c191628
P 0x7f2a7c487710
C 258
R
P 0x7f2a7c191628
C 342
R
P 0x7f2a7c191628
P 0x7f2a7c487710
C 9
R
P 0x7f2a7c191628
C 342
R
P 0x7f2a7c191628
I 2
P 0x7f2a7c19b208
C 150
= 0x7f2a7c19bcc8
R
P 0x7f2a7c191628
C 342
R
P 0x7f2a7c191628
P 0x7f2a7c19bcc8
C 258
R
P 0x7f2a7c191628
C 342
R
P 0x7f2a7c191628
P 0x7f2a7c19bcc8
C 9
R
P 0x7f2a7c191628
C 342
R
P 0x7f2a7c191628
I 1
P 0x7f2a7c19b208
C 150
= 0x7f2a7c19bc88
R
P 0x7f2a7c191628
C 342
R
P 0x7f2a7c191628
P 0x7f2a7c19bc88
C 258
R
P 0x7f2a7c191628
C 342
R
P 0x7f2a7c191628
P 0x7f2a7c19bc88
C 9
R
P 0x7f2a7c191628
C 342
R
P 0x7f2a7c191628
P 0x7f2a7c19bcc8
P 0x7f2a7c19bc88
C 75
= 0x7f2a7c1a1890
R
P 0x7f2a7c191628
C 342
R
P 0x7f2a7c191628
P 0x7f2a7c1a1890
C 258
R
P 0x7f2a7c191628
C 342
R
P 0x7f2a7c191628
P 0x7f2a7c1a1890
C 9
R
P 0x7f2a7c191628
C 342
R
P 0x7f2a7c191628
I 1
P 0x7f2a7c19b208
C 150
= 0x7f2a7c19bc88
R
P 0x7f2a7c191628
C 342
R
P 0x7f2a7c191628
P 0x7f2a7c19bc88
C 258
R
P 0x7f2a7c191628
C 342
R
P 0x7f2a7c191628
P 0x7f2a7c19bc88
C 9
R
P 0x7f2a7c191628
C 342
R
P 0x7f2a7c191628
U 2
P 0x7f2a7c19bcc8
P 0x7f2a7c19bc88
p 2
C 67
= 0x7f2a7c1a18c8
R
P 0x7f2a7c191628
C 342
R
P 0x7f2a7c191628
P 0x7f2a7c1a18c8
C 257
R
P 0x7f2a7c191628
C 342
R
P 0x7f2a7c191628
P 0x7f2a7c1a18c8
C 254
= 0x7f2a7c19b208
R
P 0x7f2a7c191628
C 342
R
P 0x7f2a7c191628
P 0x7f2a7c19b208
C 209
R
P 0x7f2a7c191628
C 342
R
P 0x7f2a7c191628
P 0x7f2a7c1a18c8
C 260
R
P 0x7f2a7c191628
C 342
R
P 0x7f2a7c191628
P 0x7f2a7c1a18c8
C 259
R
P 0x7f2a7c191628
C 342
R
P 0x7f2a7c191628
P 0x7f2a7c1a18c8
C 258
R
P 0x7f2a7c191628
C 342
R
P 0x7f2a7c191628
P 0x7f2a7c1a18c8
C 9
R
P 0x7f2a7c191628
C 342
R
P 0x7f2a7c191628
U 2
P 0x7f2a7c19bba8
P 0x7f2a7c1a18c8
p 2
C 66
= 0x7f2a7c1a1900
R
P 0x7f2a7c191628
C 342
R
P 0x7f2a7c191628
P 0x7f2a7c1a1900
C 257
R
P 0x7f2a7c191628
C 342
R
P 0x7f2a7c191628
P 0x7f2a7c1a1900
C 254
= 0x7f2a7c19b1e8
R
P 0x7f2a7c191628
C 342
R
P 0x7f2a7c191628
P 0x7f2a7c19b1e8
C 209
R
P 0x7f2a7c191628
C 342
R
P 0x7f2a7c191628
P 0x7f2a7c1a1900
C 260
R
P 0x7f2a7c191628
C 342
R
P 0x7f2a7c191628
P 0x7f2a7c1a1900
C 259
R
P 0x7f2a7c191628
C 342
R
P 0x7f2a7c191628
P 0x7f2a7c1a1900
C 258
R
P 0x7f2a7c191628
C 342
R
P 0x7f2a7c191628
P 0x7f2a7c1a1900
C 9
R
P 0x7f2a7c191628
C 342
R
P 0x7f2a7c191628
U 2
P 0x7f2a7c19bc28
P 0x7f2a7c1a1900
p 2
C 65
= 0x7f2a7c1a1938
R
P 0x7f2a7c191628
C 342
R
P 0x7f2a7c191628
P 0x7f2a7c1a1938
C 257
R
P 0x7f2a7c191628
C 342
R
P 0x7f2a7c191628
P 0x7f2a7c1a1938
C 254
= 0x7f2a7c19b1e8
R
P 0x7f2a7c191628
C 342
R
P 0x7f2a7c191628
P 0x7f2a7c19b1e8
C 209
R
P 0x7f2a7c191628
C 342
R
P 0x7f2a7c191628
P 0x7f2a7c1a1938
C 260
R
P 0x7f2a7c191628
C 342
R
P 0x7f2a7c191628
P 0x7f2a7c1a1938
C 259
R
P 0x7f2a7c191628
C 342
R
P 0x7f2a7c191628
P 0x7f2a7c1a1938
C 258
R
P 0x7f2a7c191628
C 342
R
P 0x7f2a7c191628
P 0x7f2a7c1a1938
C 9
R
P 0x7f2a7c191628
C 342
R
P 0x7f2a7c191628
P 0x7f2a7c1a1890
P 0x7f2a7c1a1938
P 0x7f2a7c19bc28
C 59
= 0x7f2a7c19f888
R
P 0x7f2a7c191628
C 342
R
P 0x7f2a7c191628
P 0x7f2a7c19f888
C 257
R
P 0x7f2a7c191628
C 342
R
P 0x7f2a7c191628
P 0x7f2a7c19f888
C 254
= 0x7f2a7c19b1e8
R
P 0x7f2a7c191628
C 342
R
P 0x7f2a7c191628
P 0x7f2a7c19b1e8
C 209
R
P 0x7f2a7c191628
C 342
R
P 0x7f2a7c191628
P 0x7f2a7c19f888
C 260
R
P 0x7f2a7c191628
C 342
R
P 0x7f2a7c191628
P 0x7f2a7c19f888
C 259
R
P 0x7f2a7c191628
C 342
R
P 0x7f2a7c191628
P 0x7f2a7c19f888
C 258
R
P 0x7f2a7c191628
C 342
R
P 0x7f2a7c191628
P 0x7f2a7c19f888
C 9
R
P 0x7f2a7c191628
C 342
R
P 0x7f2a7c191628
U 2
P 0x7f2a7c487710
P 0x7f2a7c19f888
p 2
C 67
= 0x7f2a7c487748
R
P 0x7f2a7c191628
C 342
R
P 0x7f2a7c191628
P 0x7f2a7c487748
C 257
R
P 0x7f2a7c191628
C 342
R
P 0x7f2a7c191628
P 0x7f2a7c487748
C 254
= 0x7f2a7c19b1e8
R
P 0x7f2a7c191628
C 342
R
P 0x7f2a7c191628
P 0x7f2a7c19b1e8
C 209
R
P 0x7f2a7c191628
C 342
R
P 0x7f2a7c191628
P 0x7f2a7c487748
C 260
R
P 0x7f2a7c191628
C 342
R
P 0x7f2a7c191628
P 0x7f2a7c487748
C 259
R
P 0x7f2a7c191628
C 342
R
P 0x7f2a7c191628
P 0x7f2a7c487748
C 258
R
P 0x7f2a7c191628
C 342
R
P 0x7f2a7c191628
P 0x7f2a7c487748
C 9
R
P 0x7f2a7c191628
C 342
R
P 0x7f2a7c191628
P 0x7f2a7c487748
P 0x7f2a7c19bc48
C 74
= 0x7f2a7c487780
R
P 0x7f2a7c191628
C 342
R
P 0x7f2a7c191628
P 0x7f2a7c487780
C 258
R
P 0x7f2a7c191628
C 342
R
P 0x7f2a7c191628
P 0x7f2a7c487780
C 9
R
P 0x7f2a7c191628
C 342
R
P 0x7f2a7c191628
P 0x7f2a7c1e1fc8
P 0x7f2a7c487780
C 427
R
P 0x7f2a7c191628
C 342
R
P 0x7f2a7c191628
I 3
P 0x7f2a7c19b208
C 150
= 0x7f2a7c19bfc8
R
P 0x7f2a7c191628
C 342
R
P 0x7f2a7c191628
P 0x7f2a7c19bfc8
C 258
R
P 0x7f2a7c191628
C 342
R
P 0x7f2a7c191628
P 0x7f2a7c19bfc8
C 9
R
P 0x7f2a7c191628
C 342
R
P 0x7f2a7c191628
P 0x7f2a7c19bfc8
C 263
R
P 0x7f2a7c191628
C 342
R
P 0x7f2a7c191628
S "dev0T33"
C 30
R
P 0x7f2a7c191628
C 342
R
P 0x7f2a7c191628
$ |dev0T33|
C 202
R
P 0x7f2a7c191628
C 342
R
P 0x7f2a7c191628
$ |dev0T33|
P 0x7f2a7c19b1e8
C 51
= 0x7f2a7c19c228
R
P 0x7f2a7c191628
C 342
R
P 0x7f2a7c191628
P 0x7f2a7c19c228
C 257
R
P 0x7f2a7c191628
C 342
R
P 0x7f2a7c191628
P 0x7f2a7c19c228
C 254
= 0x7f2a7c19b1e8
R
P 0x7f2a7c191628
C 342
R
P 0x7f2a7c191628
P 0x7f2a7c19b1e8
C 209
R
P 0x7f2a7c191628
C 342
R
P 0x7f2a7c191628
P 0x7f2a7c19c228
C 260
R
P 0x7f2a7c191628
C 342
R
P 0x7f2a7c191628
P 0x7f2a7c19c228
C 259
R
P 0x7f2a7c191628
C 342
R
P 0x7f2a7c191628
P 0x7f2a7c19c228
C 258
R
P 0x7f2a7c191628
C 342
R
P 0x7f2a7c191628
P 0x7f2a7c19c228
C 9
R
P 0x7f2a7c191628
C 342
R
P 0x7f2a7c191628
U 2
P 0x7f2a7c19c228
P 0x7f2a7c19bb48
p 2
C 65
= 0x7f2a7c4877b8
R
P 0x7f2a7c191628
C 342
R
P 0x7f2a7c191628
P 0x7f2a7c4877b8
C 257
R
P 0x7f2a7c191628
C 342
R
P 0x7f2a7c191628
P 0x7f2a7c4877b8
C 254
= 0x7f2a7c19b1e8
R
P 0x7f2a7c191628
C 342
R
P 0x7f2a7c191628
P 0x7f2a7c19b1e8
C 209
R
P 0x7f2a7c191628
C 342
R
P 0x7f2a7c191628
P 0x7f2a7c4877b8
C 260
R
P 0x7f2a7c191628
C 342
R
P 0x7f2a7c191628
P 0x7f2a7c4877b8
C 259
R
P 0x7f2a7c191628
C 342
R
P 0x7f2a7c191628
P 0x7f2a7c4877b8
C 258
R
P 0x7f2a7c191628
C 342
R
P 0x7f2a7c191628
P 0x7f2a7c4877b8
C 9
R
P 0x7f2a7c191628
C 342
R
P 0x7f2a7c191628
I 3
P 0x7f2a7c19b208
C 150
= 0x7f2a7c19bfc8
R
P 0x7f2a7c191628
C 342
R
P 0x7f2a7c191628
P 0x7f2a7c19bfc8
C 258
R
P 0x7f2a7c191628
C 342
R
P 0x7f2a7c191628
P 0x7f2a7c19bfc8
C 9
R
P 0x7f2a7c191628
C 342
R
P 0x7f2a7c191628
I 1
P 0x7f2a7c19b208
C 150
= 0x7f2a7c19bc88
R
P 0x7f2a7c191628
C 342
R
P 0x7f2a7c191628
P 0x7f2a7c19bc88
C 258
R
P 0x7f2a7c191628
C 342
R
P 0x7f2a7c191628
P 0x7f2a7c19bc88
C 9
R
P 0x7f2a7c191628
C 342
R
P 0x7f2a7c191628
P 0x7f2a7c19bfc8
P 0x7f2a7c19bc88
C 75
= 0x7f2a7c487208
R
P 0x7f2a7c191628
C 342
R
P 0x7f2a7c191628
P 0x7f2a7c487208
C 258
R
P 0x7f2a7c191628
C 342
R
P 0x7f2a7c191628
P 0x7f2a7c487208
C 9
R
P 0x7f2a7c191628
C 342
R
P 0x7f2a7c191628
I 1
P 0x7f2a7c19b208
C 150
= 0x7f2a7c19bc88
R
P 0x7f2a7c191628
C 342
R
P 0x7f2a7c191628
P 0x7f2a7c19bc88
C 258
R
P 0x7f2a7c191628
C 342
R
P 0x7f2a7c191628
P 0x7f2a7c19bc88
C 9
R
P 0x7f2a7c191628
C 342
R
P 0x7f2a7c191628
U 2
P 0x7f2a7c19bfc8
P 0x7f2a7c19bc88
p 2
C 67
= 0x7f2a7c487240
R
P 0x7f2a7c191628
C 342
R
P 0x7f2a7c191628
P 0x7f2a7c487240
C 257
R
P 0x7f2a7c191628
C 342
R
P 0x7f2a7c191628
P 0x7f2a7c487240
C 254
= 0x7f2a7c19b208
R
P 0x7f2a7c191628
C 342
R
P 0x7f2a7c191628
P 0x7f2a7c19b208
C 209
R
P 0x7f2a7c191628
C 342
R
P 0x7f2a7c191628
P 0x7f2a7c487240
C 260
R
P 0x7f2a7c191628
C 342
R
P 0x7f2a7c191628
P 0x7f2a7c487240
C 259
R
P 0x7f2a7c191628
C 342
R
P 0x7f2a7c191628
P 0x7f2a7c487240
C 258
R
P 0x7f2a7c191628
C 342
R
P 0x7f2a7c191628
P 0x7f2a7c487240
C 9
R
P 0x7f2a7c191628
C 342
R
P 0x7f2a7c191628
U 2
P 0x7f2a7c19bba8
P 0x7f2a7c487240
p 2
C 66
= 0x7f2a7c487278
R
P 0x7f2a7c191628
C 342
R
P 0x7f2a7c191628
P 0x7f2a7c487278
C 257
R
P 0x7f2a7c191628
C 342
R
P 0x7f2a7c191628
P 0x7f2a7c487278
C 254
= 0x7f2a7c19b1e8
R
P 0x7f2a7c191628
C 342
R
P 0x7f2a7c191628
P 0x7f2a7c19b1e8
C 209
R
P 0x7f2a7c191628
C 342
R
P 0x7f2a7c191628
P 0x7f2a7c487278
C 260
R
P 0x7f2a7c191628
C 342
R
P 0x7f2a7c191628
P 0x7f2a7c487278
C 259
R
P 0x7f2a7c191628
C 342
R
P 0x7f2a7c191628
P 0x7f2a7c487278
C 258
R
P 0x7f2a7c191628
C 342
R
P 0x7f2a7c191628
P 0x7f2a7c487278
C 9
R
P 0x7f2a7c191628
C 342
R
P 0x7f2a7c191628
U 2
P 0x7f2a7c19bc28
P 0x7f2a7c487278
p 2
C 65
= 0x7f2a7c4872b0
R
P 0x7f2a7c191628
C 342
R
P 0x7f2a7c191628
P 0x7f2a7c4872b0
C 257
R
P 0x7f2a7c191628
C 342
R
P 0x7f2a7c191628
P 0x7f2a7c4872b0
C 254
= 0x7f2a7c19b1e8
R
P 0x7f2a7c191628
C 342
R
P 0x7f2a7c191628
P 0x7f2a7c19b1e8
C 209
R
P 0x7f2a7c191628
C 342
R
P 0x7f2a7c191628
P 0x7f2a7c4872b0
C 260
R
P 0x7f2a7c191628
C 342
R
P 0x7f2a7c191628
P 0x7f2a7c4872b0
C 259
R
P 0x7f2a7c191628
C 342
R
P 0x7f2a7c191628
P 0x7f2a7c4872b0
C 258
R
P 0x7f2a7c191628
C 342
R
P 0x7f2a7c191628
P 0x7f2a7c4872b0
C 9
R
P 0x7f2a7c191628
C 342
R
P 0x7f2a7c191628
P 0x7f2a7c487208
P 0x7f2a7c4872b0
P 0x7f2a7c19bc28
C 59
= 0x7f2a7c19f988
R
P 0x7f2a7c191628
C 342
R
P 0x7f2a7c191628
P 0x7f2a7c19f988
C 257
R
P 0x7f2a7c191628
C 342
R
P 0x7f2a7c191628
P 0x7f2a7c19f988
C 254
= 0x7f2a7c19b1e8
R
P 0x7f2a7c191628
C 342
R
P 0x7f2a7c191628
P 0x7f2a7c19b1e8
C 209
R
P 0x7f2a7c191628
C 342
R
P 0x7f2a7c191628
P 0x7f2a7c19f988
C 260
R
P 0x7f2a7c191628
C 342
R
P 0x7f2a7c191628
P 0x7f2a7c19f988
C 259
R
P 0x7f2a7c191628
C 342
R
P 0x7f2a7c191628
P 0x7f2a7c19f988
C 258
R
P 0x7f2a7c191628
C 342
R
P 0x7f2a7c191628
P 0x7f2a7c19f988
C 9
R
P 0x7f2a7c191628
C 342
R
P 0x7f2a7c191628
U 2
P 0x7f2a7c4877b8
P 0x7f2a7c19f988
p 2
C 67
= 0x7f2a7c4877f0
R
P 0x7f2a7c191628
C 342
R
P 0x7f2a7c191628
P 0x7f2a7c4877f0
C 257
R
P 0x7f2a7c191628
C 342
R
P 0x7f2a7c191628
P 0x7f2a7c4877f0
C 254
= 0x7f2a7c19b1e8
R
P 0x7f2a7c191628
C 342
R
P 0x7f2a7c191628
P 0x7f2a7c19b1e8
C 209
R
P 0x7f2a7c191628
C 342
R
P 0x7f2a7c191628
P 0x7f2a7c4877f0
C 260
R
P 0x7f2a7c191628
C 342
R
P 0x7f2a7c191628
P 0x7f2a7c4877f0
C 259
R
P 0x7f2a7c191628
C 342
R
P 0x7f2a7c191628
P 0x7f2a7c4877f0
C 258
R
P 0x7f2a7c191628
C 342
R
P 0x7f2a7c191628
P 0x7f2a7c4877f0
C 9
R
P 0x7f2a7c191628
C 342
R
P 0x7f2a7c191628
P 0x7f2a7c4877f0
P 0x7f2a7c19bc48
C 74
= 0x7f2a7c487828
R
P 0x7f2a7c191628
C 342
R
P 0x7f2a7c191628
P 0x7f2a7c487828
C 258
R
P 0x7f2a7c191628
C 342
R
P 0x7f2a7c191628
P 0x7f2a7c487828
C 9
R
P 0x7f2a7c191628
C 342
R
P 0x7f2a7c191628
P 0x7f2a7c1e1fc8
P 0x7f2a7c487828
C 427
R
P 0x7f2a7c191628
C 342
R
P 0x7f2a7c191628
I 4
P 0x7f2a7c19b208
C 150
= 0x7f2a7c19c028
R
P 0x7f2a7c191628
C 342
R
P 0x7f2a7c191628
P 0x7f2a7c19c028
C 258
R
P 0x7f2a7c191628
C 342
R
P 0x7f2a7c191628
P 0x7f2a7c19c028
C 9
R
P 0x7f2a7c191628
C 342
R
P 0x7f2a7c191628
P 0x7f2a7c19c028
C 263
R
P 0x7f2a7c191628
C 342
R
P 0x7f2a7c191628
S "dev0T34"
C 30
R
P 0x7f2a7c191628
C 342
R
P 0x7f2a7c191628
$ |dev0T34|
C 202
R
P 0x7f2a7c191628
C 342
R
P 0x7f2a7c191628
$ |dev0T34|
P 0x7f2a7c19b1e8
C 51
= 0x7f2a7c19c248
R
P 0x7f2a7c191628
C 342
R
P 0x7f2a7c191628
P 0x7f2a7c19c248
C 257
R
P 0x7f2a7c191628
C 342
R
P 0x7f2a7c191628
P 0x7f2a7c19c248
C 254
= 0x7f2a7c19b1e8
R
P 0x7f2a7c191628
C 342
R
P 0x7f2a7c191628
P 0x7f2a7c19b1e8
C 209
R
P 0x7f2a7c191628
C 342
R
P 0x7f2a7c191628
P 0x7f2a7c19c248
C 260
R
P 0x7f2a7c191628
C 342
R
P 0x7f2a7c191628
P 0x7f2a7c19c248
C 259
R
P 0x7f2a7c191628
C 342
R
P 0x7f2a7c191628
P 0x7f2a7c19c248
C 258
R
P 0x7f2a7c191628
C 342
R
P 0x7f2a7c191628
P 0x7f2a7c19c248
C 9
R
P 0x7f2a7c191628
C 342
R
P 0x7f2a7c191628
U 2
P 0x7f2a7c19c248
P 0x7f2a7c19bb48
p 2
C 65
= 0x7f2a7c487860
R
P 0x7f2a7c191628
C 342
R
P 0x7f2a7c191628
P 0x7f2a7c487860
C 257
R
P 0x7f2a7c191628
C 342
R
P 0x7f2a7c191628
P 0x7f2a7c487860
C 254
= 0x7f2a7c19b1e8
R
P 0x7f2a7c191628
C 342
R
P 0x7f2a7c191628
P 0x7f2a7c19b1e8
C 209
R
P 0x7f2a7c191628
C 342
R
P 0x7f2a7c191628
P 0x7f2a7c487860
C 260
R
P 0x7f2a7c191628
C 342
R
P 0x7f2a7c191628
P 0x7f2a7c487860
C 259
R
P 0x7f2a7c191628
C 342
R
P 0x7f2a7c191628
P 0x7f2a7c487860
C 258
R
P 0x7f2a7c191628
C 342
R
P 0x7f2a7c191628
P 0x7f2a7c487860
C 9
R
P 0x7f2a7c191628
C 342
R
P 0x7f2a7c191628
I 4
P 0x7f2a7c19b208
C 150
= 0x7f2a7c19c028
R
P 0x7f2a7c191628
C 342
R
P 0x7f2a7c191628
P 0x7f2a7c19c028
C 258
R
P 0x7f2a7c191628
C 342
R
P 0x7f2a7c191628
P 0x7f2a7c19c028
C 9
R
P 0x7f2a7c191628
C 342
R
P 0x7f2a7c191628
I 1
P 0x7f2a7c19b208
C 150
= 0x7f2a7c19bc88
R
P 0x7f2a7c191628
C 342
R
P 0x7f2a7c191628
P 0x7f2a7c19bc88
C 258
R
P 0x7f2a7c191628
C 342
R
P 0x7f2a7c191628
P 0x7f2a7c19bc88
C 9
R
P 0x7f2a7c191628
C 342
R
P 0x7f2a7c191628
P 0x7f2a7c19c028
P 0x7f2a7c19bc88
C 75
= 0x7f2a7c487390
R
P 0x7f2a7c191628
C 342
R
P 0x7f2a7c191628
P 0x7f2a7c487390
C 258
R
P 0x7f2a7c191628
C 342
R
P 0x7f2a7c191628
P 0x7f2a7c487390
C 9
R
P 0x7f2a7c191628
C 342
R
P 0x7f2a7c191628
I 1
P 0x7f2a7c19b208
C 150
= 0x7f2a7c19bc88
R
P 0x7f2a7c191628
C 342
R
P 0x7f2a7c191628
P 0x7f2a7c19bc88
C 258
R
P 0x7f2a7c191628
C 342
R
P 0x7f2a7c191628
P 0x7f2a7c19bc88
C 9
R
P 0x7f2a7c191628
C 342
R
P 0x7f2a7c191628
U 2
P 0x7f2a7c19c028
P 0x7f2a7c19bc88
p 2
C 67
= 0x7f2a7c4873c8
R
P 0x7f2a7c191628
C 342
R
P 0x7f2a7c191628
P 0x7f2a7c4873c8
C 257
R
P 0x7f2a7c191628
C 342
R
P 0x7f2a7c191628
P 0x7f2a7c4873c8
C 254
= 0x7f2a7c19b208
R
P 0x7f2a7c191628
C 342
R
P 0x7f2a7c191628
P 0x7f2a7c19b208
C 209
R
P 0x7f2a7c191628
C 342
R
P 0x7f2a7c191628
P 0x7f2a7c4873c8
C 260
R
P 0x7f2a7c191628
C 342
R
P 0x7f2a7c191628
P 0x7f2a7c4873c8
C 259
R
P 0x7f2a7c191628
C 342
R
P 0x7f2a7c191628
P 0x7f2a7c4873c8
C 258
R
P 0x7f2a7c191628
C 342
R
P 0x7f2a7c191628
P 0x7f2a7c4873c8
C 9
R
P 0x7f2a7c191628
C 342
R
P 0x7f2a7c191628
U 2
P 0x7f2a7c19bba8
P 0x7f2a7c4873c8
p 2
C 66
= 0x7f2a7c487400
R
P 0x7f2a7c191628
C 342
R
P 0x7f2a7c191628
P 0x7f2a7c487400
C 257
R
P 0x7f2a7c191628
C 342
R
P 0x7f2a7c191628
P 0x7f2a7c487400
C 254
= 0x7f2a7c19b1e8
R
P 0x7f2a7c191628
C 342
R
P 0x7f2a7c191628
P 0x7f2a7c19b1e8
C 209
R
P 0x7f2a7c191628
C 342
R
P 0x7f2a7c191628
P 0x7f2a7c487400
C 260
R
P 0x7f2a7c191628
C 342
R
P 0x7f2a7c191628
P 0x7f2a7c487400
C 259
R
P 0x7f2a7c191628
C 342
R
P 0x7f2a7c191628
P 0x7f2a7c487400
C 258
R
P 0x7f2a7c191628
C 342
R
P 0x7f2a7c191628
P 0x7f2a7c487400
C 9
R
P 0x7f2a7c191628
C 342
R
P 0x7f2a7c191628
U 2
P 0x7f2a7c19bc28
P 0x7f2a7c487400
p 2
C 65
= 0x7f2a7c487438
R
P 0x7f2a7c191628
C 342
R
P 0x7f2a7c191628
P 0x7f2a7c487438
C 257
R
P 0x7f2a7c191628
C 342
R
P 0x7f2a7c191628
P 0x7f2a7c487438
C 254
= 0x7f2a7c19b1e8
R
P 0x7f2a7c191628
C 342
R
P 0x7f2a7c191628
P 0x7f2a7c19b1e8
C 209
R
P 0x7f2a7c191628
C 342
R
P 0x7f2a7c191628
P 0x7f2a7c487438
C 260
R
P 0x7f2a7c191628
C 342
R
P 0x7f2a7c191628
P 0x7f2a7c487438
C 259
R
P 0x7f2a7c191628
C 342
R
P 0x7f2a7c191628
P 0x7f2a7c487438
C 258
R
P 0x7f2a7c191628
C 342
R
P 0x7f2a7c191628
P 0x7f2a7c487438
C 9
R
P 0x7f2a7c191628
C 342
R
P 0x7f2a7c191628
P 0x7f2a7c487390
P 0x7f2a7c487438
P 0x7f2a7c19bc28
C 59
= 0x7f2a7c19f9c8
R
P 0x7f2a7c191628
C 342
R
P 0x7f2a7c191628
P 0x7f2a7c19f9c8
C 257
R
P 0x7f2a7c191628
C 342
R
P 0x7f2a7c191628
P 0x7f2a7c19f9c8
C 254
= 0x7f2a7c19b1e8
R
P 0x7f2a7c191628
C 342
R
P 0x7f2a7c191628
P 0x7f2a7c19b1e8
C 209
R
P 0x7f2a7c191628
C 342
R
P 0x7f2a7c191628
P 0x7f2a7c19f9c8
C 260
R
P 0x7f2a7c191628
C 342
R
P 0x7f2a7c191628
P 0x7f2a7c19f9c8
C 259
R
P 0x7f2a7c191628
C 342
R
P 0x7f2a7c191628
P 0x7f2a7c19f9c8
C 258
R
P 0x7f2a7c191628
C 342
R
P 0x7f2a7c191628
P 0x7f2a7c19f9c8
C 9
R
P 0x7f2a7c191628
C 342
R
P 0x7f2a7c191628
U 2
P 0x7f2a7c487860
P 0x7f2a7c19f9c8
p 2
C 67
= 0x7f2a7c487898
R
P 0x7f2a7c191628
C 342
R
P 0x7f2a7c191628
P 0x7f2a7c487898
C 257
R
P 0x7f2a7c191628
C 342
R
P 0x7f2a7c191628
P 0x7f2a7c487898
C 254
= 0x7f2a7c19b1e8
R
P 0x7f2a7c191628
C 342
R
P 0x7f2a7c191628
P 0x7f2a7c19b1e8
C 209
R
P 0x7f2a7c191628
C 342
R
P 0x7f2a7c191628
P 0x7f2a7c487898
C 260
R
P 0x7f2a7c191628
C 342
R
P 0x7f2a7c191628
P 0x7f2a7c487898
C 259
R
P 0x7f2a7c191628
C 342
R
P 0x7f2a7c191628
P 0x7f2a7c487898
C 258
R
P 0x7f2a7c191628
C 342
R
P 0x7f2a7c191628
P 0x7f2a7c487898
C 9
R
P 0x7f2a7c191628
C 342
R
P 0x7f2a7c191628
P 0x7f2a7c487898
P 0x7f2a7c19bc48
C 74
= 0x7f2a7c4878d0
R
P 0x7f2a7c191628
C 342
R
P 0x7f2a7c191628
P 0x7f2a7c4878d0
C 258
R
P 0x7f2a7c191628
C 342
R
P 0x7f2a7c191628
P 0x7f2a7c4878d0
C 9
R
P 0x7f2a7c191628
C 342
R
P 0x7f2a7c191628
P 0x7f2a7c1e1fc8
P 0x7f2a7c4878d0
C 427
R
P 0x7f2a7c191628
C 342
R
P 0x7f2a7c191628
I 0
P 0x7f2a7c19b208
C 150
= 0x7f2a7c19bd08
R
P 0x7f2a7c191628
C 342
R
P 0x7f2a7c191628
P 0x7f2a7c19bd08
C 258
R
P 0x7f2a7c191628
C 342
R
P 0x7f2a7c191628
P 0x7f2a7c19bd08
C 9
R
P 0x7f2a7c191628
C 342
R
P 0x7f2a7c191628
I 1
P 0x7f2a7c19b208
C 150
= 0x7f2a7c19bc88
R
P 0x7f2a7c191628
C 342
R
P 0x7f2a7c191628
P 0x7f2a7c19bc88
C 258
R
P 0x7f2a7c191628
C 342
R
P 0x7f2a7c191628
P 0x7f2a7c19bc88
C 9
R
P 0x7f2a7c191628
C 342
R
P 0x7f2a7c191628
P 0x7f2a7c19bd08
P 0x7f2a7c19bc88
C 75
= 0x7f2a7c486fa0
R
P 0x7f2a7c191628
C 342
R
P 0x7f2a7c191628
P 0x7f2a7c486fa0
C 258
R
P 0x7f2a7c191628
C 342
R
P 0x7f2a7c191628
P 0x7f2a7c486fa0
C 9
R
P 0x7f2a7c191628
C 342
R
P 0x7f2a7c191628
I 1
P 0x7f2a7c19b208
C 150
= 0x7f2a7c19bc88
R
P 0x7f2a7c191628
C 342
R
P 0x7f2a7c191628
P 0x7f2a7c19bc88
C 258
R
P 0x7f2a7c191628
C 342
R
P 0x7f2a7c191628
P 0x7f2a7c19bc88
C 9
R
P 0x7f2a7c191628
C 342
R
P 0x7f2a7c191628
U 2
P 0x7f2a7c19bd08
P 0x7f2a7c19bc88
p 2
C 67
= 0x7f2a7c486fd8
R
P 0x7f2a7c191628
C 342
R
P 0x7f2a7c191628
P 0x7f2a7c486fd8
C 257
R
P 0x7f2a7c191628
C 342
R
P 0x7f2a7c191628
P 0x7f2a7c486fd8
C 254
= 0x7f2a7c19b208
R
P 0x7f2a7c191628
C 342
R
P 0x7f2a7c191628
P 0x7f2a7c19b208
C 209
R
P 0x7f2a7c191628
C 342
R
P 0x7f2a7c191628
P 0x7f2a7c486fd8
C 260
R
P 0x7f2a7c191628
C 342
R
P 0x7f2a7c191628
P 0x7f2a7c486fd8
C 259
R
P 0x7f2a7c191628
C 342
R
P 0x7f2a7c191628
P 0x7f2a7c486fd8
C 258
R
P 0x7f2a7c191628
C 342
R
P 0x7f2a7c191628
P 0x7f2a7c486fd8
C 9
R
P 0x7f2a7c191628
C 342
R
P 0x7f2a7c191628
U 2
P 0x7f2a7c19bba8
P 0x7f2a7c486fd8
p 2
C 66
= 0x7f2a7c487010
R
P 0x7f2a7c191628
C 342
R
P 0x7f2a7c191628
P 0x7f2a7c487010
C 257
R
P 0x7f2a7c191628
C 342
R
P 0x7f2a7c191628
P 0x7f2a7c487010
C 254
= 0x7f2a7c19b1e8
R
P 0x7f2a7c191628
C 342
R
P 0x7f2a7c191628
P 0x7f2a7c19b1e8
C 209
R
P 0x7f2a7c191628
C 342
R
P 0x7f2a7c191628
P 0x7f2a7c487010
C 260
R
P 0x7f2a7c191628
C 342
R
P 0x7f2a7c191628
P 0x7f2a7c487010
C 259
R
P 0x7f2a7c191628
C 342
R
P 0x7f2a7c191628
P 0x7f2a7c487010
C 258
R
P 0x7f2a7c191628
C 342
R
P 0x7f2a7c191628
P 0x7f2a7c487010
C 9
R
P 0x7f2a7c191628
C 342
R
P 0x7f2a7c191628
U 2
P 0x7f2a7c19bc28
P 0x7f2a7c487010
p 2
C 65
= 0x7f2a7c487048
R
P 0x7f2a7c191628
C 342
R
P 0x7f2a7c191628
P 0x7f2a7c487048
C 257
R
P 0x7f2a7c191628
C 342
R
P 0x7f2a7c191628
P 0x7f2a7c487048
C 254
= 0x7f2a7c19b1e8
R
P 0x7f2a7c191628
C 342
R
P 0x7f2a7c191628
P 0x7f2a7c19b1e8
C 209
R
P 0x7f2a7c191628
C 342
R
P 0x7f2a7c191628
P 0x7f2a7c487048
C 260
R
P 0x7f2a7c191628
C 342
R
P 0x7f2a7c191628
P 0x7f2a7c487048
C 259
R
P 0x7f2a7c191628
C 342
R
P 0x7f2a7c191628
P 0x7f2a7c487048
C 258
R
P 0x7f2a7c191628
C 342
R
P 0x7f2a7c191628
P 0x7f2a7c487048
C 9
R
P 0x7f2a7c191628
C 342
R
P 0x7f2a7c191628
P 0x7f2a7c486fa0
P 0x7f2a7c487048
P 0x7f2a7c19bc28
C 59
= 0x7f2a7c19f948
R
P 0x7f2a7c191628
C 342
R
P 0x7f2a7c191628
P 0x7f2a7c19f948
C 257
R
P 0x7f2a7c191628
C 342
R
P 0x7f2a7c191628
P 0x7f2a7c19f948
C 254
= 0x7f2a7c19b1e8
R
P 0x7f2a7c191628
C 342
R
P 0x7f2a7c191628
P 0x7f2a7c19b1e8
C 209
R
P 0x7f2a7c191628
C 342
R
P 0x7f2a7c191628
P 0x7f2a7c19f948
C 260
R
P 0x7f2a7c191628
C 342
R
P 0x7f2a7c191628
P 0x7f2a7c19f948
C 259
R
P 0x7f2a7c191628
C 342
R
P 0x7f2a7c191628
P 0x7f2a7c19f948
C 258
R
P 0x7f2a7c191628
C 342
R
P 0x7f2a7c191628
P 0x7f2a7c19f948
C 9
R
P 0x7f2a7c191628
C 342
R
P 0x7f2a7c191628
U 2
P 0x7f2a7c19f948
P 0x7f2a7c19bb48
p 2
C 65
= 0x7f2a7c487080
R
P 0x7f2a7c191628
C 342
R
P 0x7f2a7c191628
P 0x7f2a7c487080
C 257
R
P 0x7f2a7c191628
C 342
R
P 0x7f2a7c191628
P 0x7f2a7c487080
C 254
= 0x7f2a7c19b1e8
R
P 0x7f2a7c191628
C 342
R
P 0x7f2a7c191628
P 0x7f2a7c19b1e8
C 209
R
P 0x7f2a7c191628
C 342
R
P 0x7f2a7c191628
P 0x7f2a7c487080
C 260
R
P 0x7f2a7c191628
C 342
R
P 0x7f2a7c191628
P 0x7f2a7c487080
C 259
R
P 0x7f2a7c191628
C 342
R
P 0x7f2a7c191628
P 0x7f2a7c487080
C 258
R
P 0x7f2a7c191628
C 342
R
P 0x7f2a7c191628
P 0x7f2a7c487080
C 9
R
P 0x7f2a7c191628
C 342
R
P 0x7f2a7c191628
P 0x7f2a7c19bc68
C 333
R
P 0x7f2a7c191628
C 342
R
P 0x7f2a7c191628
S "slotflowPriorityStart"
C 30
R
P 0x7f2a7c191628
C 342
R
P 0x7f2a7c191628
$ |slotflowPriorityStart|
C 202
R
P 0x7f2a7c191628
C 342
R
P 0x7f2a7c191628
$ |slotflowPriorityStart|
P 0x7f2a7c19b1e8
C 51
= 0x7f2a7c19c2a8
R
P 0x7f2a7c191628
C 342
R
P 0x7f2a7c191628
P 0x7f2a7c19c2a8
C 257
R
P 0x7f2a7c191628
C 342
R
P 0x7f2a7c191628
P 0x7f2a7c19c2a8
C 254
= 0x7f2a7c19b1e8
R
P 0x7f2a7c191628
C 342
R
P 0x7f2a7c191628
P 0x7f2a7c19b1e8
C 209
R
P 0x7f2a7c191628
C 342
R
P 0x7f2a7c191628
P 0x7f2a7c19c2a8
C 260
R
P 0x7f2a7c191628
C 342
R
P 0x7f2a7c191628
P 0x7f2a7c19c2a8
C 259
R
P 0x7f2a7c191628
C 342
R
P 0x7f2a7c191628
P 0x7f2a7c19c2a8
C 258
R
P 0x7f2a7c191628
C 342
R
P 0x7f2a7c191628
P 0x7f2a7c19c2a8
C 9
R
P 0x7f2a7c191628
C 342
R
P 0x7f2a7c191628
P 0x7f2a7c19bc68
C 333
R
P 0x7f2a7c191628
C 342
R
P 0x7f2a7c191628
S "slotflowPriorityDuration"
C 30
R
P 0x7f2a7c191628
C 342
R
P 0x7f2a7c191628
$ |slotflowPriorityDuration|
C 202
R
P 0x7f2a7c191628
C 342
R
P 0x7f2a7c191628
$ |slotflowPriorityDuration|
P 0x7f2a7c19b1e8
C 51
= 0x7f2a7c19c268
R
P 0x7f2a7c191628
C 342
R
P 0x7f2a7c191628
P 0x7f2a7c19c268
C 257
R
P 0x7f2a7c191628
C 342
R
P 0x7f2a7c191628
P 0x7f2a7c19c268
C 254
= 0x7f2a7c19b1e8
R
P 0x7f2a7c191628
C 342
R
P 0x7f2a7c191628
P 0x7f2a7c19b1e8
C 209
R
P 0x7f2a7c191628
C 342
R
P 0x7f2a7c191628
P 0x7f2a7c19c268
C 260
R
P 0x7f2a7c191628
C 342
R
P 0x7f2a7c191628
P 0x7f2a7c19c268
C 259
R
P 0x7f2a7c191628
C 342
R
P 0x7f2a7c191628
P 0x7f2a7c19c268
C 258
R
P 0x7f2a7c191628
C 342
R
P 0x7f2a7c191628
P 0x7f2a7c19c268
C 9
R
P 0x7f2a7c191628
C 342
R
P 0x7f2a7c191628
U 2
P 0x7f2a7c19c2a8
P 0x7f2a7c19c268
p 2
C 65
= 0x7f2a7c487908
R
P 0x7f2a7c191628
C 342
R
P 0x7f2a7c191628
P 0x7f2a7c487908
C 257
R
P 0x7f2a7c191628
C 342
R
P 0x7f2a7c191628
P 0x7f2a7c487908
C 254
= 0x7f2a7c19b1e8
R
P 0x7f2a7c191628
C 342
R
P 0x7f2a7c191628
P 0x7f2a7c19b1e8
C 209
R
P 0x7f2a7c191628
C 342
R
P 0x7f2a7c191628
P 0x7f2a7c487908
C 260
R
P 0x7f2a7c191628
C 342
R
P 0x7f2a7c191628
P 0x7f2a7c487908
C 259
R
P 0x7f2a7c191628
C 342
R
P 0x7f2a7c191628
P 0x7f2a7c487908
C 258
R
P 0x7f2a7c191628
C 342
R
P 0x7f2a7c191628
P 0x7f2a7c487908
C 9
R
P 0x7f2a7c191628
C 342
R
P 0x7f2a7c191628
I 0
P 0x7f2a7c19b208
C 150
= 0x7f2a7c19bd08
R
P 0x7f2a7c191628
C 342
R
P 0x7f2a7c191628
P 0x7f2a7c19bd08
C 258
R
P 0x7f2a7c191628
C 342
R
P 0x7f2a7c191628
P 0x7f2a7c19bd08
C 9
R
P 0x7f2a7c191628
C 342
R
P 0x7f2a7c191628
I 1
P 0x7f2a7c19b208
C 150
= 0x7f2a7c19bc88
R
P 0x7f2a7c191628
C 342
R
P 0x7f2a7c191628
P 0x7f2a7c19bc88
C 258
R
P 0x7f2a7c191628
C 342
R
P 0x7f2a7c191628
P 0x7f2a7c19bc88
C 9
R
P 0x7f2a7c191628
C 342
R
P 0x7f2a7c191628
P 0x7f2a7c19bd08
P 0x7f2a7c19bc88
C 75
= 0x7f2a7c486fa0
R
P 0x7f2a7c191628
C 342
R
P 0x7f2a7c191628
P 0x7f2a7c486fa0
C 258
R
P 0x7f2a7c191628
C 342
R
P 0x7f2a7c191628
P 0x7f2a7c486fa0
C 9
R
P 0x7f2a7c191628
C 342
R
P 0x7f2a7c191628
I 1
P 0x7f2a7c19b208
C 150
= 0x7f2a7c19bc88
R
P 0x7f2a7c191628
C 342
R
P 0x7f2a7c191628
P 0x7f2a7c19bc88
C 258
R
P 0x7f2a7c191628
C 342
R
P 0x7f2a7c191628
P 0x7f2a7c19bc88
C 9
R
P 0x7f2a7c191628
C 342
R
P 0x7f2a7c191628
U 2
P 0x7f2a7c19bd08
P 0x7f2a7c19bc88
p 2
C 67
= 0x7f2a7c486fd8
R
P 0x7f2a7c191628
C 342
R
P 0x7f2a7c191628
P 0x7f2a7c486fd8
C 257
R
P 0x7f2a7c191628
C 342
R
P 0x7f2a7c191628
P 0x7f2a7c486fd8
C 254
= 0x7f2a7c19b208
R
P 0x7f2a7c191628
C 342
R
P 0x7f2a7c191628
P 0x7f2a7c19b208
C 209
R
P 0x7f2a7c191628
C 342
R
P 0x7f2a7c191628
P 0x7f2a7c486fd8
C 260
R
P 0x7f2a7c191628
C 342
R
P 0x7f2a7c191628
P 0x7f2a7c486fd8
C 259
R
P 0x7f2a7c191628
C 342
R
P 0x7f2a7c191628
P 0x7f2a7c486fd8
C 258
R
P 0x7f2a7c191628
C 342
R
P 0x7f2a7c191628
P 0x7f2a7c486fd8
C 9
R
P 0x7f2a7c191628
C 342
R
P 0x7f2a7c191628
U 2
P 0x7f2a7c19bbe8
P 0x7f2a7c486fd8
p 2
C 66
= 0x7f2a7c487940
R
P 0x7f2a7c191628
C 342
R
P 0x7f2a7c191628
P 0x7f2a7c487940
C 257
R
P 0x7f2a7c191628
C 342
R
P 0x7f2a7c191628
P 0x7f2a7c487940
C 254
= 0x7f2a7c19b208
R
P 0x7f2a7c191628
C 342
R
P 0x7f2a7c191628
P 0x7f2a7c19b208
C 209
R
P 0x7f2a7c191628
C 342
R
P 0x7f2a7c191628
P 0x7f2a7c487940
C 260
R
P 0x7f2a7c191628
C 342
R
P 0x7f2a7c191628
P 0x7f2a7c487940
C 259
R
P 0x7f2a7c191628
C 342
R
P 0x7f2a7c191628
P 0x7f2a7c487940
C 258
R
P 0x7f2a7c191628
C 342
R
P 0x7f2a7c191628
P 0x7f2a7c487940
C 9
R
P 0x7f2a7c191628
C 342
R
P 0x7f2a7c191628
U 2
P 0x7f2a7c19bb88
P 0x7f2a7c487940
p 2
C 65
= 0x7f2a7c487978
R
P 0x7f2a7c191628
C 342
R
P 0x7f2a7c191628
P 0x7f2a7c487978
C 257
R
P 0x7f2a7c191628
C 342
R
P 0x7f2a7c191628
P 0x7f2a7c487978
C 254
= 0x7f2a7c19b1e8
R
P 0x7f2a7c191628
C 342
R
P 0x7f2a7c191628
P 0x7f2a7c19b1e8
C 209
R
P 0x7f2a7c191628
C 342
R
P 0x7f2a7c191628
P 0x7f2a7c487978
C 260
R
P 0x7f2a7c191628
C 342
R
P 0x7f2a7c191628
P 0x7f2a7c487978
C 259
R
P 0x7f2a7c191628
C 342
R
P 0x7f2a7c191628
P 0x7f2a7c487978
C 258
R
P 0x7f2a7c191628
C 342
R
P 0x7f2a7c191628
P 0x7f2a7c487978
C 9
R
P 0x7f2a7c191628
C 342
R
P 0x7f2a7c191628
P 0x7f2a7c486fa0
P 0x7f2a7c487978
P 0x7f2a7c19bb88
C 59
= 0x7f2a7c19fa08
R
P 0x7f2a7c191628
C 342
R
P 0x7f2a7c191628
P 0x7f2a7c19fa08
C 257
R
P 0x7f2a7c191628
C 342
R
P 0x7f2a7c191628
P 0x7f2a7c19fa08
C 254
= 0x7f2a7c19b1e8
R
P 0x7f2a7c191628
C 342
R
P 0x7f2a7c191628
P 0x7f2a7c19b1e8
C 209
R
P 0x7f2a7c191628
C 342
R
P 0x7f2a7c191628
P 0x7f2a7c19fa08
C 260
R
P 0x7f2a7c191628
C 342
R
P 0x7f2a7c191628
P 0x7f2a7c19fa08
C 259
R
P 0x7f2a7c191628
C 342
R
P 0x7f2a7c191628
P 0x7f2a7c19fa08
C 258
R
P 0x7f2a7c191628
C 342
R
P 0x7f2a7c191628
P 0x7f2a7c19fa08
C 9
R
P 0x7f2a7c191628
C 342
R
P 0x7f2a7c191628
U 2
P 0x7f2a7c487908
P 0x7f2a7c19fa08
p 2
C 65
= 0x7f2a7c4879b0
R
P 0x7f2a7c191628
C 342
R
P 0x7f2a7c191628
P 0x7f2a7c4879b0
C 257
R
P 0x7f2a7c191628
C 342
R
P 0x7f2a7c191628
P 0x7f2a7c4879b0
C 254
= 0x7f2a7c19b1e8
R
P 0x7f2a7c191628
C 342
R
P 0x7f2a7c191628
P 0x7f2a7c19b1e8
C 209
R
P 0x7f2a7c191628
C 342
R
P 0x7f2a7c191628
P 0x7f2a7c4879b0
C 260
R
P 0x7f2a7c191628
C 342
R
P 0x7f2a7c191628
P 0x7f2a7c4879b0
C 259
R
P 0x7f2a7c191628
C 342
R
P 0x7f2a7c191628
P 0x7f2a7c4879b0
C 258
R
P 0x7f2a7c191628
C 342
R
P 0x7f2a7c191628
P 0x7f2a7c4879b0
C 9
R
P 0x7f2a7c191628
C 342
R
P 0x7f2a7c191628
U 2
P 0x7f2a7c4879b0
P 0x7f2a7c19bb68
p 2
C 67
= 0x7f2a7c4879e8
R
P 0x7f2a7c191628
C 342
R
P 0x7f2a7c191628
P 0x7f2a7c4879e8
C 257
R
P 0x7f2a7c191628
C 342
R
P 0x7f2a7c191628
P 0x7f2a7c4879e8
C 254
= 0x7f2a7c19b1e8
R
P 0x7f2a7c191628
C 342
R
P 0x7f2a7c191628
P 0x7f2a7c19b1e8
C 209
R
P 0x7f2a7c191628
C 342
R
P 0x7f2a7c191628
P 0x7f2a7c4879e8
C 260
R
P 0x7f2a7c191628
C 342
R
P 0x7f2a7c191628
P 0x7f2a7c4879e8
C 259
R
P 0x7f2a7c191628
C 342
R
P 0x7f2a7c191628
P 0x7f2a7c4879e8
C 258
R
P 0x7f2a7c191628
C 342
R
P 0x7f2a7c191628
P 0x7f2a7c4879e8
C 9
R
P 0x7f2a7c191628
C 342
R
P 0x7f2a7c191628
P 0x7f2a7c487080
P 0x7f2a7c4879e8
C 74
= 0x7f2a7c487a20
R
P 0x7f2a7c191628
C 342
R
P 0x7f2a7c191628
P 0x7f2a7c487a20
C 258
R
P 0x7f2a7c191628
C 342
R
P 0x7f2a7c191628
P 0x7f2a7c487a20
C 9
R
P 0x7f2a7c191628
C 342
R
P 0x7f2a7c191628
I 0
P 0x7f2a7c19b208
C 150
= 0x7f2a7c19bd08
R
P 0x7f2a7c191628
C 342
R
P 0x7f2a7c191628
P 0x7f2a7c19bd08
C 258
R
P 0x7f2a7c191628
C 342
R
P 0x7f2a7c191628
P 0x7f2a7c19bd08
C 9
R
P 0x7f2a7c191628
C 342
R
P 0x7f2a7c191628
I 1
P 0x7f2a7c19b208
C 150
= 0x7f2a7c19bc88
R
P 0x7f2a7c191628
C 342
R
P 0x7f2a7c191628
P 0x7f2a7c19bc88
C 258
R
P 0x7f2a7c191628
C 342
R
P 0x7f2a7c191628
P 0x7f2a7c19bc88
C 9
R
P 0x7f2a7c191628
C 342
R
P 0x7f2a7c191628
P 0x7f2a7c19bd08
P 0x7f2a7c19bc88
C 75
= 0x7f2a7c486fa0
R
P 0x7f2a7c191628
C 342
R
P 0x7f2a7c191628
P 0x7f2a7c486fa0
C 258
R
P 0x7f2a7c191628
C 342
R
P 0x7f2a7c191628
P 0x7f2a7c486fa0
C 9
R
P 0x7f2a7c191628
C 342
R
P 0x7f2a7c191628
I 1
P 0x7f2a7c19b208
C 150
= 0x7f2a7c19bc88
R
P 0x7f2a7c191628
C 342
R
P 0x7f2a7c191628
P 0x7f2a7c19bc88
C 258
R
P 0x7f2a7c191628
C 342
R
P 0x7f2a7c191628
P 0x7f2a7c19bc88
C 9
R
P 0x7f2a7c191628
C 342
R
P 0x7f2a7c191628
U 2
P 0x7f2a7c19bd08
P 0x7f2a7c19bc88
p 2
C 67
= 0x7f2a7c486fd8
R
P 0x7f2a7c191628
C 342
R
P 0x7f2a7c191628
P 0x7f2a7c486fd8
C 257
R
P 0x7f2a7c191628
C 342
R
P 0x7f2a7c191628
P 0x7f2a7c486fd8
C 254
= 0x7f2a7c19b208
R
P 0x7f2a7c191628
C 342
R
P 0x7f2a7c191628
P 0x7f2a7c19b208
C 209
R
P 0x7f2a7c191628
C 342
R
P 0x7f2a7c191628
P 0x7f2a7c486fd8
C 260
R
P 0x7f2a7c191628
C 342
R
P 0x7f2a7c191628
P 0x7f2a7c486fd8
C 259
R
P 0x7f2a7c191628
C 342
R
P 0x7f2a7c191628
P 0x7f2a7c486fd8
C 258
R
P 0x7f2a7c191628
C 342
R
P 0x7f2a7c191628
P 0x7f2a7c486fd8
C 9
R
P 0x7f2a7c191628
C 342
R
P 0x7f2a7c191628
U 2
P 0x7f2a7c19bba8
P 0x7f2a7c486fd8
p 2
C 66
= 0x7f2a7c487010
R
P 0x7f2a7c191628
C 342
R
P 0x7f2a7c191628
P 0x7f2a7c487010
C 257
R
P 0x7f2a7c191628
C 342
R
P 0x7f2a7c191628
P 0x7f2a7c487010
C 254
= 0x7f2a7c19b1e8
R
P 0x7f2a7c191628
C 342
R
P 0x7f2a7c191628
P 0x7f2a7c19b1e8
C 209
R
P 0x7f2a7c191628
C 342
R
P 0x7f2a7c191628
P 0x7f2a7c487010
C 260
R
P 0x7f2a7c191628
C 342
R
P 0x7f2a7c191628
P 0x7f2a7c487010
C 259
R
P 0x7f2a7c191628
C 342
R
P 0x7f2a7c191628
P 0x7f2a7c487010
C 258
R
P 0x7f2a7c191628
C 342
R
P 0x7f2a7c191628
P 0x7f2a7c487010
C 9
R
P 0x7f2a7c191628
C 342
R
P 0x7f2a7c191628
U 2
P 0x7f2a7c19bc28
P 0x7f2a7c487010
p 2
C 65
= 0x7f2a7c487048
R
P 0x7f2a7c191628
C 342
R
P 0x7f2a7c191628
P 0x7f2a7c487048
C 257
R
P 0x7f2a7c191628
C 342
R
P 0x7f2a7c191628
P 0x7f2a7c487048
C 254
= 0x7f2a7c19b1e8
R
P 0x7f2a7c191628
C 342
R
P 0x7f2a7c191628
P 0x7f2a7c19b1e8
C 209
R
P 0x7f2a7c191628
C 342
R
P 0x7f2a7c191628
P 0x7f2a7c487048
C 260
R
P 0x7f2a7c191628
C 342
R
P 0x7f2a7c191628
P 0x7f2a7c487048
C 259
R
P 0x7f2a7c191628
C 342
R
P 0x7f2a7c191628
P 0x7f2a7c487048
C 258
R
P 0x7f2a7c191628
C 342
R
P 0x7f2a7c191628
P 0x7f2a7c487048
C 9
R
P 0x7f2a7c191628
C 342
R
P 0x7f2a7c191628
P 0x7f2a7c486fa0
P 0x7f2a7c487048
P 0x7f2a7c19bc28
C 59
= 0x7f2a7c19f948
R
P 0x7f2a7c191628
C 342
R
P 0x7f2a7c191628
P 0x7f2a7c19f948
C 257
R
P 0x7f2a7c191628
C 342
R
P 0x7f2a7c191628
P 0x7f2a7c19f948
C 254
= 0x7f2a7c19b1e8
R
P 0x7f2a7c191628
C 342
R
P 0x7f2a7c191628
P 0x7f2a7c19b1e8
C 209
R
P 0x7f2a7c191628
C 342
R
P 0x7f2a7c191628
P 0x7f2a7c19f948
C 260
R
P 0x7f2a7c191628
C 342
R
P 0x7f2a7c191628
P 0x7f2a7c19f948
C 259
R
P 0x7f2a7c191628
C 342
R
P 0x7f2a7c191628
P 0x7f2a7c19f948
C 258
R
P 0x7f2a7c191628
C 342
R
P 0x7f2a7c191628
P 0x7f2a7c19f948
C 9
R
P 0x7f2a7c191628
C 342
R
P 0x7f2a7c191628
U 2
P 0x7f2a7c19f948
P 0x7f2a7c19bb48
p 2
C 65
= 0x7f2a7c487080
R
P 0x7f2a7c191628
C 342
R
P 0x7f2a7c191628
P 0x7f2a7c487080
C 257
R
P 0x7f2a7c191628
C 342
R
P 0x7f2a7c191628
P 0x7f2a7c487080
C 254
= 0x7f2a7c19b1e8
R
P 0x7f2a7c191628
C 342
R
P 0x7f2a7c191628
P 0x7f2a7c19b1e8
C 209
R
P 0x7f2a7c191628
C 342
R
P 0x7f2a7c191628
P 0x7f2a7c487080
C 260
R
P 0x7f2a7c191628
C 342
R
P 0x7f2a7c191628
P 0x7f2a7c487080
C 259
R
P 0x7f2a7c191628
C 342
R
P 0x7f2a7c191628
P 0x7f2a7c487080
C 258
R
P 0x7f2a7c191628
C 342
R
P 0x7f2a7c191628
P 0x7f2a7c487080
C 9
R
P 0x7f2a7c191628
C 342
R
P 0x7f2a7c191628
P 0x7f2a7c19bc68
C 333
R
P 0x7f2a7c191628
C 342
R
P 0x7f2a7c191628
S "slotflowPriorityStart"
C 30
R
P 0x7f2a7c191628
C 342
R
P 0x7f2a7c191628
$ |slotflowPriorityStart|
C 202
R
P 0x7f2a7c191628
C 342
R
P 0x7f2a7c191628
$ |slotflowPriorityStart|
P 0x7f2a7c19b1e8
C 51
= 0x7f2a7c19c2a8
R
P 0x7f2a7c191628
C 342
R
P 0x7f2a7c191628
P 0x7f2a7c19c2a8
C 257
R
P 0x7f2a7c191628
C 342
R
P 0x7f2a7c191628
P 0x7f2a7c19c2a8
C 254
= 0x7f2a7c19b1e8
R
P 0x7f2a7c191628
C 342
R
P 0x7f2a7c191628
P 0x7f2a7c19b1e8
C 209
R
P 0x7f2a7c191628
C 342
R
P 0x7f2a7c191628
P 0x7f2a7c19c2a8
C 260
R
P 0x7f2a7c191628
C 342
R
P 0x7f2a7c191628
P 0x7f2a7c19c2a8
C 259
R
P 0x7f2a7c191628
C 342
R
P 0x7f2a7c191628
P 0x7f2a7c19c2a8
C 258
R
P 0x7f2a7c191628
C 342
R
P 0x7f2a7c191628
P 0x7f2a7c19c2a8
C 9
R
P 0x7f2a7c191628
C 342
R
P 0x7f2a7c191628
I 0
P 0x7f2a7c19b208
C 150
= 0x7f2a7c19bd08
R
P 0x7f2a7c191628
C 342
R
P 0x7f2a7c191628
P 0x7f2a7c19bd08
C 258
R
P 0x7f2a7c191628
C 342
R
P 0x7f2a7c191628
P 0x7f2a7c19bd08
C 9
R
P 0x7f2a7c191628
C 342
R
P 0x7f2a7c191628
I 1
P 0x7f2a7c19b208
C 150
= 0x7f2a7c19bc88
R
P 0x7f2a7c191628
C 342
R
P 0x7f2a7c191628
P 0x7f2a7c19bc88
C 258
R
P 0x7f2a7c191628
C 342
R
P 0x7f2a7c191628
P 0x7f2a7c19bc88
C 9
R
P 0x7f2a7c191628
C 342
R
P 0x7f2a7c191628
P 0x7f2a7c19bd08
P 0x7f2a7c19bc88
C 75
= 0x7f2a7c486fa0
R
P 0x7f2a7c191628
C 342
R
P 0x7f2a7c191628
P 0x7f2a7c486fa0
C 258
R
P 0x7f2a7c191628
C 342
R
P 0x7f2a7c191628
P 0x7f2a7c486fa0
C 9
R
P 0x7f2a7c191628
C 342
R
P 0x7f2a7c191628
I 1
P 0x7f2a7c19b208
C 150
= 0x7f2a7c19bc88
R
P 0x7f2a7c191628
C 342
R
P 0x7f2a7c191628
P 0x7f2a7c19bc88
C 258
R
P 0x7f2a7c191628
C 342
R
P 0x7f2a7c191628
P 0x7f2a7c19bc88
C 9
R
P 0x7f2a7c191628
C 342
R
P 0x7f2a7c191628
U 2
P 0x7f2a7c19bd08
P 0x7f2a7c19bc88
p 2
C 67
= 0x7f2a7c486fd8
R
P 0x7f2a7c191628
C 342
R
P 0x7f2a7c191628
P 0x7f2a7c486fd8
C 257
R
P 0x7f2a7c191628
C 342
R
P 0x7f2a7c191628
P 0x7f2a7c486fd8
C 254
= 0x7f2a7c19b208
R
P 0x7f2a7c191628
C 342
R
P 0x7f2a7c191628
P 0x7f2a7c19b208
C 209
R
P 0x7f2a7c191628
C 342
R
P 0x7f2a7c191628
P 0x7f2a7c486fd8
C 260
R
P 0x7f2a7c191628
C 342
R
P 0x7f2a7c191628
P 0x7f2a7c486fd8
C 259
R
P 0x7f2a7c191628
C 342
R
P 0x7f2a7c191628
P 0x7f2a7c486fd8
C 258
R
P 0x7f2a7c191628
C 342
R
P 0x7f2a7c191628
P 0x7f2a7c486fd8
C 9
R
P 0x7f2a7c191628
C 342
R
P 0x7f2a7c191628
U 2
P 0x7f2a7c19bbe8
P 0x7f2a7c486fd8
p 2
C 66
= 0x7f2a7c487940
R
P 0x7f2a7c191628
C 342
R
P 0x7f2a7c191628
P 0x7f2a7c487940
C 257
R
P 0x7f2a7c191628
C 342
R
P 0x7f2a7c191628
P 0x7f2a7c487940
C 254
= 0x7f2a7c19b208
R
P 0x7f2a7c191628
C 342
R
P 0x7f2a7c191628
P 0x7f2a7c19b208
C 209
R
P 0x7f2a7c191628
C 342
R
P 0x7f2a7c191628
P 0x7f2a7c487940
C 260
R
P 0x7f2a7c191628
C 342
R
P 0x7f2a7c191628
P 0x7f2a7c487940
C 259
R
P 0x7f2a7c191628
C 342
R
P 0x7f2a7c191628
P 0x7f2a7c487940
C 258
R
P 0x7f2a7c191628
C 342
R
P 0x7f2a7c191628
P 0x7f2a7c487940
C 9
R
P 0x7f2a7c191628
C 342
R
P 0x7f2a7c191628
U 2
P 0x7f2a7c19bb88
P 0x7f2a7c487940
p 2
C 65
= 0x7f2a7c487978
R
P 0x7f2a7c191628
C 342
R
P 0x7f2a7c191628
P 0x7f2a7c487978
C 257
R
P 0x7f2a7c191628
C 342
R
P 0x7f2a7c191628
P 0x7f2a7c487978
C 254
= 0x7f2a7c19b1e8
R
P 0x7f2a7c191628
C 342
R
P 0x7f2a7c191628
P 0x7f2a7c19b1e8
C 209
R
P 0x7f2a7c191628
C 342
R
P 0x7f2a7c191628
P 0x7f2a7c487978
C 260
R
P 0x7f2a7c191628
C 342
R
P 0x7f2a7c191628
P 0x7f2a7c487978
C 259
R
P 0x7f2a7c191628
C 342
R
P 0x7f2a7c191628
P 0x7f2a7c487978
C 258
R
P 0x7f2a7c191628
C 342
R
P 0x7f2a7c191628
P 0x7f2a7c487978
C 9
R
P 0x7f2a7c191628
C 342
R
P 0x7f2a7c191628
P 0x7f2a7c486fa0
P 0x7f2a7c487978
P 0x7f2a7c19bb88
C 59
= 0x7f2a7c19fa08
R
P 0x7f2a7c191628
C 342
R
P 0x7f2a7c191628
P 0x7f2a7c19fa08
C 257
R
P 0x7f2a7c191628
C 342
R
P 0x7f2a7c191628
P 0x7f2a7c19fa08
C 254
= 0x7f2a7c19b1e8
R
P 0x7f2a7c191628
C 342
R
P 0x7f2a7c191628
P 0x7f2a7c19b1e8
C 209
R
P 0x7f2a7c191628
C 342
R
P 0x7f2a7c191628
P 0x7f2a7c19fa08
C 260
R
P 0x7f2a7c191628
C 342
R
P 0x7f2a7c191628
P 0x7f2a7c19fa08
C 259
R
P 0x7f2a7c191628
C 342
R
P 0x7f2a7c191628
P 0x7f2a7c19fa08
C 258
R
P 0x7f2a7c191628
C 342
R
P 0x7f2a7c191628
P 0x7f2a7c19fa08
C 9
R
P 0x7f2a7c191628
C 342
R
P 0x7f2a7c191628
U 2
P 0x7f2a7c19c2a8
P 0x7f2a7c19fa08
p 2
C 65
= 0x7f2a7c487a58
R
P 0x7f2a7c191628
C 342
R
P 0x7f2a7c191628
P 0x7f2a7c487a58
C 257
R
P 0x7f2a7c191628
C 342
R
P 0x7f2a7c191628
P 0x7f2a7c487a58
C 254
= 0x7f2a7c19b1e8
R
P 0x7f2a7c191628
C 342
R
P 0x7f2a7c191628
P 0x7f2a7c19b1e8
C 209
R
P 0x7f2a7c191628
C 342
R
P 0x7f2a7c191628
P 0x7f2a7c487a58
C 260
R
P 0x7f2a7c191628
C 342
R
P 0x7f2a7c191628
P 0x7f2a7c487a58
C 259
R
P 0x7f2a7c191628
C 342
R
P 0x7f2a7c191628
P 0x7f2a7c487a58
C 258
R
P 0x7f2a7c191628
C 342
R
P 0x7f2a7c191628
P 0x7f2a7c487a58
C 9
R
P 0x7f2a7c191628
C 342
R
P 0x7f2a7c191628
P 0x7f2a7c487080
P 0x7f2a7c487a58
C 76
= 0x7f2a7c487a90
R
P 0x7f2a7c191628
C 342
R
P 0x7f2a7c191628
P 0x7f2a7c487a90
C 258
R
P 0x7f2a7c191628
C 342
R
P 0x7f2a7c191628
P 0x7f2a7c487a90
C 9
R
P 0x7f2a7c191628
C 342
R
P 0x7f2a7c191628
U 2
P 0x7f2a7c487a20
P 0x7f2a7c487a90
p 2
C 63
= 0x7f2a7c487ac8
R
P 0x7f2a7c191628
C 342
R
P 0x7f2a7c191628
P 0x7f2a7c487ac8
C 258
R
P 0x7f2a7c191628
C 342
R
P 0x7f2a7c191628
P 0x7f2a7c487ac8
C 9
R
P 0x7f2a7c191628
C 342
R
P 0x7f2a7c191628
I 0
P 0x7f2a7c19b208
C 150
= 0x7f2a7c19bd08
R
P 0x7f2a7c191628
C 342
R
P 0x7f2a7c191628
P 0x7f2a7c19bd08
C 258
R
P 0x7f2a7c191628
C 342
R
P 0x7f2a7c191628
P 0x7f2a7c19bd08
C 9
R
P 0x7f2a7c191628
C 342
R
P 0x7f2a7c191628
P 0x7f2a7c19bd08
C 263
R
P 0x7f2a7c191628
C 342
R
P 0x7f2a7c191628
S "dev0T30"
C 30
R
P 0x7f2a7c191628
C 342
R
P 0x7f2a7c191628
$ |dev0T30|
C 202
R
P 0x7f2a7c191628
C 342
R
P 0x7f2a7c191628
$ |dev0T30|
P 0x7f2a7c19b1e8
C 51
= 0x7f2a7c19c208
R
P 0x7f2a7c191628
C 342
R
P 0x7f2a7c191628
P 0x7f2a7c19c208
C 257
R
P 0x7f2a7c191628
C 342
R
P 0x7f2a7c191628
P 0x7f2a7c19c208
C 254
= 0x7f2a7c19b1e8
R
P 0x7f2a7c191628
C 342
R
P 0x7f2a7c191628
P 0x7f2a7c19b1e8
C 209
R
P 0x7f2a7c191628
C 342
R
P 0x7f2a7c191628
P 0x7f2a7c19c208
C 260
R
P 0x7f2a7c191628
C 342
R
P 0x7f2a7c191628
P 0x7f2a7c19c208
C 259
R
P 0x7f2a7c191628
C 342
R
P 0x7f2a7c191628
P 0x7f2a7c19c208
C 258
R
P 0x7f2a7c191628
C 342
R
P 0x7f2a7c191628
P 0x7f2a7c19c208
C 9
R
P 0x7f2a7c191628
C 342
R
P 0x7f2a7c191628
I 0
P 0x7f2a7c19b208
C 150
= 0x7f2a7c19bd08
R
P 0x7f2a7c191628
C 342
R
P 0x7f2a7c191628
P 0x7f2a7c19bd08
C 258
R
P 0x7f2a7c191628
C 342
R
P 0x7f2a7c191628
P 0x7f2a7c19bd08
C 9
R
P 0x7f2a7c191628
C 342
R
P 0x7f2a7c191628
I 1
P 0x7f2a7c19b208
C 150
= 0x7f2a7c19bc88
R
P 0x7f2a7c191628
C 342
R
P 0x7f2a7c191628
P 0x7f2a7c19bc88
C 258
R
P 0x7f2a7c191628
C 342
R
P 0x7f2a7c191628
P 0x7f2a7c19bc88
C 9
R
P 0x7f2a7c191628
C 342
R
P 0x7f2a7c191628
P 0x7f2a7c19bd08
P 0x7f2a7c19bc88
C 75
= 0x7f2a7c486fa0
R
P 0x7f2a7c191628
C 342
R
P 0x7f2a7c191628
P 0x7f2a7c486fa0
C 258
R
P 0x7f2a7c191628
C 342
R
P 0x7f2a7c191628
P 0x7f2a7c486fa0
C 9
R
P 0x7f2a7c191628
C 342
R
P 0x7f2a7c191628
I 1
P 0x7f2a7c19b208
C 150
= 0x7f2a7c19bc88
R
P 0x7f2a7c191628
C 342
R
P 0x7f2a7c191628
P 0x7f2a7c19bc88
C 258
R
P 0x7f2a7c191628
C 342
R
P 0x7f2a7c191628
P 0x7f2a7c19bc88
C 9
R
P 0x7f2a7c191628
C 342
R
P 0x7f2a7c191628
U 2
P 0x7f2a7c19bd08
P 0x7f2a7c19bc88
p 2
C 67
= 0x7f2a7c486fd8
R
P 0x7f2a7c191628
C 342
R
P 0x7f2a7c191628
P 0x7f2a7c486fd8
C 257
R
P 0x7f2a7c191628
C 342
R
P 0x7f2a7c191628
P 0x7f2a7c486fd8
C 254
= 0x7f2a7c19b208
R
P 0x7f2a7c191628
C 342
R
P 0x7f2a7c191628
P 0x7f2a7c19b208
C 209
R
P 0x7f2a7c191628
C 342
R
P 0x7f2a7c191628
P 0x7f2a7c486fd8
C 260
R
P 0x7f2a7c191628
C 342
R
P 0x7f2a7c191628
P 0x7f2a7c486fd8
C 259
R
P 0x7f2a7c191628
C 342
R
P 0x7f2a7c191628
P 0x7f2a7c486fd8
C 258
R
P 0x7f2a7c191628
C 342
R
P 0x7f2a7c191628
P 0x7f2a7c486fd8
C 9
R
P 0x7f2a7c191628
C 342
R
P 0x7f2a7c191628
U 2
P 0x7f2a7c19bba8
P 0x7f2a7c486fd8
p 2
C 66
= 0x7f2a7c487010
R
P 0x7f2a7c191628
C 342
R
P 0x7f2a7c191628
P 0x7f2a7c487010
C 257
R
P 0x7f2a7c191628
C 342
R
P 0x7f2a7c191628
P 0x7f2a7c487010
C 254
= 0x7f2a7c19b1e8
R
P 0x7f2a7c191628
C 342
R
P 0x7f2a7c191628
P 0x7f2a7c19b1e8
C 209
R
P 0x7f2a7c191628
C 342
R
P 0x7f2a7c191628
P 0x7f2a7c487010
C 260
R
P 0x7f2a7c191628
C 342
R
P 0x7f2a7c191628
P 0x7f2a7c487010
C 259
R
P 0x7f2a7c191628
C 342
R
P 0x7f2a7c191628
P 0x7f2a7c487010
C 258
R
P 0x7f2a7c191628
C 342
R
P 0x7f2a7c191628
P 0x7f2a7c487010
C 9
R
P 0x7f2a7c191628
C 342
R
P 0x7f2a7c191628
U 2
P 0x7f2a7c19bc28
P 0x7f2a7c487010
p 2
C 65
= 0x7f2a7c487048
R
P 0x7f2a7c191628
C 342
R
P 0x7f2a7c191628
P 0x7f2a7c487048
C 257
R
P 0x7f2a7c191628
C 342
R
P 0x7f2a7c191628
P 0x7f2a7c487048
C 254
= 0x7f2a7c19b1e8
R
P 0x7f2a7c191628
C 342
R
P 0x7f2a7c191628
P 0x7f2a7c19b1e8
C 209
R
P 0x7f2a7c191628
C 342
R
P 0x7f2a7c191628
P 0x7f2a7c487048
C 260
R
P 0x7f2a7c191628
C 342
R
P 0x7f2a7c191628
P 0x7f2a7c487048
C 259
R
P 0x7f2a7c191628
C 342
R
P 0x7f2a7c191628
P 0x7f2a7c487048
C 258
R
P 0x7f2a7c191628
C 342
R
P 0x7f2a7c191628
P 0x7f2a7c487048
C 9
R
P 0x7f2a7c191628
C 342
R
P 0x7f2a7c191628
P 0x7f2a7c486fa0
P 0x7f2a7c487048
P 0x7f2a7c19bc28
C 59
= 0x7f2a7c19f948
R
P 0x7f2a7c191628
C 342
R
P 0x7f2a7c191628
P 0x7f2a7c19f948
C 257
R
P 0x7f2a7c191628
C 342
R
P 0x7f2a7c191628
P 0x7f2a7c19f948
C 254
= 0x7f2a7c19b1e8
R
P 0x7f2a7c191628
C 342
R
P 0x7f2a7c191628
P 0x7f2a7c19b1e8
C 209
R
P 0x7f2a7c191628
C 342
R
P 0x7f2a7c191628
P 0x7f2a7c19f948
C 260
R
P 0x7f2a7c191628
C 342
R
P 0x7f2a7c191628
P 0x7f2a7c19f948
C 259
R
P 0x7f2a7c191628
C 342
R
P 0x7f2a7c191628
P 0x7f2a7c19f948
C 258
R
P 0x7f2a7c191628
C 342
R
P 0x7f2a7c191628
P 0x7f2a7c19f948
C 9
R
P 0x7f2a7c191628
C 342
R
P 0x7f2a7c191628
U 2
P 0x7f2a7c19f948
P 0x7f2a7c19bb48
p 2
C 65
= 0x7f2a7c487080
R
P 0x7f2a7c191628
C 342
R
P 0x7f2a7c191628
P 0x7f2a7c487080
C 257
R
P 0x7f2a7c191628
C 342
R
P 0x7f2a7c191628
P 0x7f2a7c487080
C 254
= 0x7f2a7c19b1e8
R
P 0x7f2a7c191628
C 342
R
P 0x7f2a7c191628
P 0x7f2a7c19b1e8
C 209
R
P 0x7f2a7c191628
C 342
R
P 0x7f2a7c191628
P 0x7f2a7c487080
C 260
R
P 0x7f2a7c191628
C 342
R
P 0x7f2a7c191628
P 0x7f2a7c487080
C 259
R
P 0x7f2a7c191628
C 342
R
P 0x7f2a7c191628
P 0x7f2a7c487080
C 258
R
P 0x7f2a7c191628
C 342
R
P 0x7f2a7c191628
P 0x7f2a7c487080
C 9
R
P 0x7f2a7c191628
C 342
R
P 0x7f2a7c191628
U 2
P 0x7f2a7c487080
P 0x7f2a7c19bb68
p 2
C 65
= 0x7f2a7c4870b8
R
P 0x7f2a7c191628
C 342
R
P 0x7f2a7c191628
P 0x7f2a7c4870b8
C 257
R
P 0x7f2a7c191628
C 342
R
P 0x7f2a7c191628
P 0x7f2a7c4870b8
C 254
= 0x7f2a7c19b1e8
R
P 0x7f2a7c191628
C 342
R
P 0x7f2a7c191628
P 0x7f2a7c19b1e8
C 209
R
P 0x7f2a7c191628
C 342
R
P 0x7f2a7c191628
P 0x7f2a7c4870b8
C 260
R
P 0x7f2a7c191628
C 342
R
P 0x7f2a7c191628
P 0x7f2a7c4870b8
C 259
R
P 0x7f2a7c191628
C 342
R
P 0x7f2a7c191628
P 0x7f2a7c4870b8
C 258
R
P 0x7f2a7c191628
C 342
R
P 0x7f2a7c191628
P 0x7f2a7c4870b8
C 9
R
P 0x7f2a7c191628
C 342
R
P 0x7f2a7c191628
P 0x7f2a7c19c208
P 0x7f2a7c4870b8
C 56
= 0x7f2a7c487b00
R
P 0x7f2a7c191628
C 342
R
P 0x7f2a7c191628
P 0x7f2a7c487b00
C 258
R
P 0x7f2a7c191628
C 342
R
P 0x7f2a7c191628
P 0x7f2a7c487b00
C 9
R
P 0x7f2a7c191628
C 342
R
P 0x7f2a7c191628
P 0x7f2a7c487ac8
P 0x7f2a7c487b00
C 61
= 0x7f2a7c487b38
R
P 0x7f2a7c191628
C 342
R
P 0x7f2a7c191628
P 0x7f2a7c487b38
C 258
R
P 0x7f2a7c191628
C 342
R
P 0x7f2a7c191628
P 0x7f2a7c487b38
C 9
R
P 0x7f2a7c191628
C 342
R
P 0x7f2a7c191628
P 0x7f2a7c1e1fc8
P 0x7f2a7c487b38
C 427
R
P 0x7f2a7c191628
C 342
R
P 0x7f2a7c191628
I 0
P 0x7f2a7c19b208
C 150
= 0x7f2a7c19bd08
R
P 0x7f2a7c191628
C 342
R
P 0x7f2a7c191628
P 0x7f2a7c19bd08
C 258
R
P 0x7f2a7c191628
C 342
R
P 0x7f2a7c191628
P 0x7f2a7c19bd08
C 9
R
P 0x7f2a7c191628
C 342
R
P 0x7f2a7c191628
I 1
P 0x7f2a7c19b208
C 150
= 0x7f2a7c19bc88
R
P 0x7f2a7c191628
C 342
R
P 0x7f2a7c191628
P 0x7f2a7c19bc88
C 258
R
P 0x7f2a7c191628
C 342
R
P 0x7f2a7c191628
P 0x7f2a7c19bc88
C 9
R
P 0x7f2a7c191628
C 342
R
P 0x7f2a7c191628
P 0x7f2a7c19bd08
P 0x7f2a7c19bc88
C 75
= 0x7f2a7c486fa0
R
P 0x7f2a7c191628
C 342
R
P 0x7f2a7c191628
P 0x7f2a7c486fa0
C 258
R
P 0x7f2a7c191628
C 342
R
P 0x7f2a7c191628
P 0x7f2a7c486fa0
C 9
R
P 0x7f2a7c191628
C 342
R
P 0x7f2a7c191628
I 1
P 0x7f2a7c19b208
C 150
= 0x7f2a7c19bc88
R
P 0x7f2a7c191628
C 342
R
P 0x7f2a7c191628
P 0x7f2a7c19bc88
C 258
R
P 0x7f2a7c191628
C 342
R
P 0x7f2a7c191628
P 0x7f2a7c19bc88
C 9
R
P 0x7f2a7c191628
C 342
R
P 0x7f2a7c191628
U 2
P 0x7f2a7c19bd08
P 0x7f2a7c19bc88
p 2
C 67
= 0x7f2a7c486fd8
R
P 0x7f2a7c191628
C 342
R
P 0x7f2a7c191628
P 0x7f2a7c486fd8
C 257
R
P 0x7f2a7c191628
C 342
R
P 0x7f2a7c191628
P 0x7f2a7c486fd8
C 254
= 0x7f2a7c19b208
R
P 0x7f2a7c191628
C 342
R
P 0x7f2a7c191628
P 0x7f2a7c19b208
C 209
R
P 0x7f2a7c191628
C 342
R
P 0x7f2a7c191628
P 0x7f2a7c486fd8
C 260
R
P 0x7f2a7c191628
C 342
R
P 0x7f2a7c191628
P 0x7f2a7c486fd8
C 259
R
P 0x7f2a7c191628
C 342
R
P 0x7f2a7c191628
P 0x7f2a7c486fd8
C 258
R
P 0x7f2a7c191628
C 342
R
P 0x7f2a7c191628
P 0x7f2a7c486fd8
C 9
R
P 0x7f2a7c191628
C 342
R
P 0x7f2a7c191628
U 2
P 0x7f2a7c19bba8
P 0x7f2a7c486fd8
p 2
C 66
= 0x7f2a7c487010
R
P 0x7f2a7c191628
C 342
R
P 0x7f2a7c191628
P 0x7f2a7c487010
C 257
R
P 0x7f2a7c191628
C 342
R
P 0x7f2a7c191628
P 0x7f2a7c487010
C 254
= 0x7f2a7c19b1e8
R
P 0x7f2a7c191628
C 342
R
P 0x7f2a7c191628
P 0x7f2a7c19b1e8
C 209
R
P 0x7f2a7c191628
C 342
R
P 0x7f2a7c191628
P 0x7f2a7c487010
C 260
R
P 0x7f2a7c191628
C 342
R
P 0x7f2a7c191628
P 0x7f2a7c487010
C 259
R
P 0x7f2a7c191628
C 342
R
P 0x7f2a7c191628
P 0x7f2a7c487010
C 258
R
P 0x7f2a7c191628
C 342
R
P 0x7f2a7c191628
P 0x7f2a7c487010
C 9
R
P 0x7f2a7c191628
C 342
R
P 0x7f2a7c191628
U 2
P 0x7f2a7c19bc28
P 0x7f2a7c487010
p 2
C 65
= 0x7f2a7c487048
R
P 0x7f2a7c191628
C 342
R
P 0x7f2a7c191628
P 0x7f2a7c487048
C 257
R
P 0x7f2a7c191628
C 342
R
P 0x7f2a7c191628
P 0x7f2a7c487048
C 254
= 0x7f2a7c19b1e8
R
P 0x7f2a7c191628
C 342
R
P 0x7f2a7c191628
P 0x7f2a7c19b1e8
C 209
R
P 0x7f2a7c191628
C 342
R
P 0x7f2a7c191628
P 0x7f2a7c487048
C 260
R
P 0x7f2a7c191628
C 342
R
P 0x7f2a7c191628
P 0x7f2a7c487048
C 259
R
P 0x7f2a7c191628
C 342
R
P 0x7f2a7c191628
P 0x7f2a7c487048
C 258
R
P 0x7f2a7c191628
C 342
R
P 0x7f2a7c191628
P 0x7f2a7c487048
C 9
R
P 0x7f2a7c191628
C 342
R
P 0x7f2a7c191628
P 0x7f2a7c486fa0
P 0x7f2a7c487048
P 0x7f2a7c19bc28
C 59
= 0x7f2a7c19f948
R
P 0x7f2a7c191628
C 342
R
P 0x7f2a7c191628
P 0x7f2a7c19f948
C 257
R
P 0x7f2a7c191628
C 342
R
P 0x7f2a7c191628
P 0x7f2a7c19f948
C 254
= 0x7f2a7c19b1e8
R
P 0x7f2a7c191628
C 342
R
P 0x7f2a7c191628
P 0x7f2a7c19b1e8
C 209
R
P 0x7f2a7c191628
C 342
R
P 0x7f2a7c191628
P 0x7f2a7c19f948
C 260
R
P 0x7f2a7c191628
C 342
R
P 0x7f2a7c191628
P 0x7f2a7c19f948
C 259
R
P 0x7f2a7c191628
C 342
R
P 0x7f2a7c191628
P 0x7f2a7c19f948
C 258
R
P 0x7f2a7c191628
C 342
R
P 0x7f2a7c191628
P 0x7f2a7c19f948
C 9
R
P 0x7f2a7c191628
C 342
R
P 0x7f2a7c191628
U 2
P 0x7f2a7c19f948
P 0x7f2a7c19bb48
p 2
C 65
= 0x7f2a7c487080
R
P 0x7f2a7c191628
C 342
R
P 0x7f2a7c191628
P 0x7f2a7c487080
C 257
R
P 0x7f2a7c191628
C 342
R
P 0x7f2a7c191628
P 0x7f2a7c487080
C 254
= 0x7f2a7c19b1e8
R
P 0x7f2a7c191628
C 342
R
P 0x7f2a7c191628
P 0x7f2a7c19b1e8
C 209
R
P 0x7f2a7c191628
C 342
R
P 0x7f2a7c191628
P 0x7f2a7c487080
C 260
R
P 0x7f2a7c191628
C 342
R
P 0x7f2a7c191628
P 0x7f2a7c487080
C 259
R
P 0x7f2a7c191628
C 342
R
P 0x7f2a7c191628
P 0x7f2a7c487080
C 258
R
P 0x7f2a7c191628
C 342
R
P 0x7f2a7c191628
P 0x7f2a7c487080
C 9
R
P 0x7f2a7c191628
C 342
R
P 0x7f2a7c191628
P 0x7f2a7c19bc68
C 333
R
P 0x7f2a7c191628
C 342
R
P 0x7f2a7c191628
S "slotflowPriorityStart"
C 30
R
P 0x7f2a7c191628
C 342
R
P 0x7f2a7c191628
$ |slotflowPriorityStart|
C 202
R
P 0x7f2a7c191628
C 342
R
P 0x7f2a7c191628
$ |slotflowPriorityStart|
P 0x7f2a7c19b1e8
C 51
= 0x7f2a7c19c2a8
R
P 0x7f2a7c191628
C 342
R
P 0x7f2a7c191628
P 0x7f2a7c19c2a8
C 257
R
P 0x7f2a7c191628
C 342
R
P 0x7f2a7c191628
P 0x7f2a7c19c2a8
C 254
= 0x7f2a7c19b1e8
R
P 0x7f2a7c191628
C 342
R
P 0x7f2a7c191628
P 0x7f2a7c19b1e8
C 209
R
P 0x7f2a7c191628
C 342
R
P 0x7f2a7c191628
P 0x7f2a7c19c2a8
C 260
R
P 0x7f2a7c191628
C 342
R
P 0x7f2a7c191628
P 0x7f2a7c19c2a8
C 259
R
P 0x7f2a7c191628
C 342
R
P 0x7f2a7c191628
P 0x7f2a7c19c2a8
C 258
R
P 0x7f2a7c191628
C 342
R
P 0x7f2a7c191628
P 0x7f2a7c19c2a8
C 9
R
P 0x7f2a7c191628
C 342
R
P 0x7f2a7c191628
P 0x7f2a7c19bc68
C 333
R
P 0x7f2a7c191628
C 342
R
P 0x7f2a7c191628
S "slotflowPriorityDuration"
C 30
R
P 0x7f2a7c191628
C 342
R
P 0x7f2a7c191628
$ |slotflowPriorityDuration|
C 202
R
P 0x7f2a7c191628
C 342
R
P 0x7f2a7c191628
$ |slotflowPriorityDuration|
P 0x7f2a7c19b1e8
C 51
= 0x7f2a7c19c268
R
P 0x7f2a7c191628
C 342
R
P 0x7f2a7c191628
P 0x7f2a7c19c268
C 257
R
P 0x7f2a7c191628
C 342
R
P 0x7f2a7c191628
P 0x7f2a7c19c268
C 254
= 0x7f2a7c19b1e8
R
P 0x7f2a7c191628
C 342
R
P 0x7f2a7c191628
P 0x7f2a7c19b1e8
C 209
R
P 0x7f2a7c191628
C 342
R
P 0x7f2a7c191628
P 0x7f2a7c19c268
C 260
R
P 0x7f2a7c191628
C 342
R
P 0x7f2a7c191628
P 0x7f2a7c19c268
C 259
R
P 0x7f2a7c191628
C 342
R
P 0x7f2a7c191628
P 0x7f2a7c19c268
C 258
R
P 0x7f2a7c191628
C 342
R
P 0x7f2a7c191628
P 0x7f2a7c19c268
C 9
R
P 0x7f2a7c191628
C 342
R
P 0x7f2a7c191628
U 2
P 0x7f2a7c19c2a8
P 0x7f2a7c19c268
p 2
C 65
= 0x7f2a7c487908
R
P 0x7f2a7c191628
C 342
R
P 0x7f2a7c191628
P 0x7f2a7c487908
C 257
R
P 0x7f2a7c191628
C 342
R
P 0x7f2a7c191628
P 0x7f2a7c487908
C 254
= 0x7f2a7c19b1e8
R
P 0x7f2a7c191628
C 342
R
P 0x7f2a7c191628
P 0x7f2a7c19b1e8
C 209
R
P 0x7f2a7c191628
C 342
R
P 0x7f2a7c191628
P 0x7f2a7c487908
C 260
R
P 0x7f2a7c191628
C 342
R
P 0x7f2a7c191628
P 0x7f2a7c487908
C 259
R
P 0x7f2a7c191628
C 342
R
P 0x7f2a7c191628
P 0x7f2a7c487908
C 258
R
P 0x7f2a7c191628
C 342
R
P 0x7f2a7c191628
P 0x7f2a7c487908
C 9
R
P 0x7f2a7c191628
C 342
R
P 0x7f2a7c191628
I 1
P 0x7f2a7c19b208
C 150
= 0x7f2a7c19bc88
R
P 0x7f2a7c191628
C 342
R
P 0x7f2a7c191628
P 0x7f2a7c19bc88
C 258
R
P 0x7f2a7c191628
C 342
R
P 0x7f2a7c191628
P 0x7f2a7c19bc88
C 9
R
P 0x7f2a7c191628
C 342
R
P 0x7f2a7c191628
I 1
P 0x7f2a7c19b208
C 150
= 0x7f2a7c19bc88
R
P 0x7f2a7c191628
C 342
R
P 0x7f2a7c191628
P 0x7f2a7c19bc88
C 258
R
P 0x7f2a7c191628
C 342
R
P 0x7f2a7c191628
P 0x7f2a7c19bc88
C 9
R
P 0x7f2a7c191628
C 342
R
P 0x7f2a7c191628
P 0x7f2a7c19bc88
P 0x7f2a7c19bc88
C 75
= 0x7f2a7c1a1778
R
P 0x7f2a7c191628
C 342
R
P 0x7f2a7c191628
P 0x7f2a7c1a1778
C 258
R
P 0x7f2a7c191628
C 342
R
P 0x7f2a7c191628
P 0x7f2a7c1a1778
C 9
R
P 0x7f2a7c191628
C 342
R
P 0x7f2a7c191628
I 1
P 0x7f2a7c19b208
C 150
= 0x7f2a7c19bc88
R
P 0x7f2a7c191628
C 342
R
P 0x7f2a7c191628
P 0x7f2a7c19bc88
C 258
R
P 0x7f2a7c191628
C 342
R
P 0x7f2a7c191628
P 0x7f2a7c19bc88
C 9
R
P 0x7f2a7c191628
C 342
R
P 0x7f2a7c191628
U 2
P 0x7f2a7c19bc88
P 0x7f2a7c19bc88
p 2
C 67
= 0x7f2a7c1a17b0
R
P 0x7f2a7c191628
C 342
R
P 0x7f2a7c191628
P 0x7f2a7c1a17b0
C 257
R
P 0x7f2a7c191628
C 342
R
P 0x7f2a7c191628
P 0x7f2a7c1a17b0
C 254
= 0x7f2a7c19b208
R
P 0x7f2a7c191628
C 342
R
P 0x7f2a7c191628
P 0x7f2a7c19b208
C 209
R
P 0x7f2a7c191628
C 342
R
P 0x7f2a7c191628
P 0x7f2a7c1a17b0
C 260
R
P 0x7f2a7c191628
C 342
R
P 0x7f2a7c191628
P 0x7f2a7c1a17b0
C 259
R
P 0x7f2a7c191628
C 342
R
P 0x7f2a7c191628
P 0x7f2a7c1a17b0
C 258
R
P 0x7f2a7c191628
C 342
R
P 0x7f2a7c191628
P 0x7f2a7c1a17b0
C 9
R
P 0x7f2a7c191628
C 342
R
P 0x7f2a7c191628
U 2
P 0x7f2a7c19bbe8
P 0x7f2a7c1a17b0
p 2
C 66
= 0x7f2a7c487b70
R
P 0x7f2a7c191628
C 342
R
P 0x7f2a7c191628
P 0x7f2a7c487b70
C 257
R
P 0x7f2a7c191628
C 342
R
P 0x7f2a7c191628
P 0x7f2a7c487b70
C 254
= 0x7f2a7c19b208
R
P 0x7f2a7c191628
C 342
R
P 0x7f2a7c191628
P 0x7f2a7c19b208
C 209
R
P 0x7f2a7c191628
C 342
R
P 0x7f2a7c191628
P 0x7f2a7c487b70
C 260
R
P 0x7f2a7c191628
C 342
R
P 0x7f2a7c191628
P 0x7f2a7c487b70
C 259
R
P 0x7f2a7c191628
C 342
R
P 0x7f2a7c191628
P 0x7f2a7c487b70
C 258
R
P 0x7f2a7c191628
C 342
R
P 0x7f2a7c191628
P 0x7f2a7c487b70
C 9
R
P 0x7f2a7c191628
C 342
R
P 0x7f2a7c191628
U 2
P 0x7f2a7c19bb88
P 0x7f2a7c487b70
p 2
C 65
= 0x7f2a7c487ba8
R
P 0x7f2a7c191628
C 342
R
P 0x7f2a7c191628
P 0x7f2a7c487ba8
C 257
R
P 0x7f2a7c191628
C 342
R
P 0x7f2a7c191628
P 0x7f2a7c487ba8
C 254
= 0x7f2a7c19b1e8
R
P 0x7f2a7c191628
C 342
R
P 0x7f2a7c191628
P 0x7f2a7c19b1e8
C 209
R
P 0x7f2a7c191628
C 342
R
P 0x7f2a7c191628
P 0x7f2a7c487ba8
C 260
R
P 0x7f2a7c191628
C 342
R
P 0x7f2a7c191628
P 0x7f2a7c487ba8
C 259
R
P 0x7f2a7c191628
C 342
R
P 0x7f2a7c191628
P 0x7f2a7c487ba8
C 258
R
P 0x7f2a7c191628
C 342
R
P 0x7f2a7c191628
P 0x7f2a7c487ba8
C 9
R
P 0x7f2a7c191628
C 342
R
P 0x7f2a7c191628
P 0x7f2a7c1a1778
P 0x7f2a7c487ba8
P 0x7f2a7c19bb88
C 59
= 0x7f2a7c19fa48
R
P 0x7f2a7c191628
C 342
R
P 0x7f2a7c191628
P 0x7f2a7c19fa48
C 257
R
P 0x7f2a7c191628
C 342
R
P 0x7f2a7c191628
P 0x7f2a7c19fa48
C 254
= 0x7f2a7c19b1e8
R
P 0x7f2a7c191628
C 342
R
P 0x7f2a7c191628
P 0x7f2a7c19b1e8
C 209
R
P 0x7f2a7c191628
C 342
R
P 0x7f2a7c191628
P 0x7f2a7c19fa48
C 260
R
P 0x7f2a7c191628
C 342
R
P 0x7f2a7c191628
P 0x7f2a7c19fa48
C 259
R
P 0x7f2a7c191628
C 342
R
P 0x7f2a7c191628
P 0x7f2a7c19fa48
C 258
R
P 0x7f2a7c191628
C 342
R
P 0x7f2a7c191628
P 0x7f2a7c19fa48
C 9
R
P 0x7f2a7c191628
C 342
R
P 0x7f2a7c191628
U 2
P 0x7f2a7c487908
P 0x7f2a7c19fa48
p 2
C 65
= 0x7f2a7c487be0
R
P 0x7f2a7c191628
C 342
R
P 0x7f2a7c191628
P 0x7f2a7c487be0
C 257
R
P 0x7f2a7c191628
C 342
R
P 0x7f2a7c191628
P 0x7f2a7c487be0
C 254
= 0x7f2a7c19b1e8
R
P 0x7f2a7c191628
C 342
R
P 0x7f2a7c191628
P 0x7f2a7c19b1e8
C 209
R
P 0x7f2a7c191628
C 342
R
P 0x7f2a7c191628
P 0x7f2a7c487be0
C 260
R
P 0x7f2a7c191628
C 342
R
P 0x7f2a7c191628
P 0x7f2a7c487be0
C 259
R
P 0x7f2a7c191628
C 342
R
P 0x7f2a7c191628
P 0x7f2a7c487be0
C 258
R
P 0x7f2a7c191628
C 342
R
P 0x7f2a7c191628
P 0x7f2a7c487be0
C 9
R
P 0x7f2a7c191628
C 342
R
P 0x7f2a7c191628
U 2
P 0x7f2a7c487be0
P 0x7f2a7c19bb68
p 2
C 67
= 0x7f2a7c487c18
R
P 0x7f2a7c191628
C 342
R
P 0x7f2a7c191628
P 0x7f2a7c487c18
C 257
R
P 0x7f2a7c191628
C 342
R
P 0x7f2a7c191628
P 0x7f2a7c487c18
C 254
= 0x7f2a7c19b1e8
R
P 0x7f2a7c191628
C 342
R
P 0x7f2a7c191628
P 0x7f2a7c19b1e8
C 209
R
P 0x7f2a7c191628
C 342
R
P 0x7f2a7c191628
P 0x7f2a7c487c18
C 260
R
P 0x7f2a7c191628
C 342
R
P 0x7f2a7c191628
P 0x7f2a7c487c18
C 259
R
P 0x7f2a7c191628
C 342
R
P 0x7f2a7c191628
P 0x7f2a7c487c18
C 258
R
P 0x7f2a7c191628
C 342
R
P 0x7f2a7c191628
P 0x7f2a7c487c18
C 9
R
P 0x7f2a7c191628
C 342
R
P 0x7f2a7c191628
P 0x7f2a7c487080
P 0x7f2a7c487c18
C 74
= 0x7f2a7c487c50
R
P 0x7f2a7c191628
C 342
R
P 0x7f2a7c191628
P 0x7f2a7c487c50
C 258
R
P 0x7f2a7c191628
C 342
R
P 0x7f2a7c191628
P 0x7f2a7c487c50
C 9
R
P 0x7f2a7c191628
C 342
R
P 0x7f2a7c191628
I 0
P 0x7f2a7c19b208
C 150
= 0x7f2a7c19bd08
R
P 0x7f2a7c191628
C 342
R
P 0x7f2a7c191628
P 0x7f2a7c19bd08
C 258
R
P 0x7f2a7c191628
C 342
R
P 0x7f2a7c191628
P 0x7f2a7c19bd08
C 9
R
P 0x7f2a7c191628
C 342
R
P 0x7f2a7c191628
I 1
P 0x7f2a7c19b208
C 150
= 0x7f2a7c19bc88
R
P 0x7f2a7c191628
C 342
R
P 0x7f2a7c191628
P 0x7f2a7c19bc88
C 258
R
P 0x7f2a7c191628
C 342
R
P 0x7f2a7c191628
P 0x7f2a7c19bc88
C 9
R
P 0x7f2a7c191628
C 342
R
P 0x7f2a7c191628
P 0x7f2a7c19bd08
P 0x7f2a7c19bc88
C 75
= 0x7f2a7c486fa0
R
P 0x7f2a7c191628
C 342
R
P 0x7f2a7c191628
P 0x7f2a7c486fa0
C 258
R
P 0x7f2a7c191628
C 342
R
P 0x7f2a7c191628
P 0x7f2a7c486fa0
C 9
R
P 0x7f2a7c191628
C 342
R
P 0x7f2a7c191628
I 1
P 0x7f2a7c19b208
C 150
= 0x7f2a7c19bc88
R
P 0x7f2a7c191628
C 342
R
P 0x7f2a7c191628
P 0x7f2a7c19bc88
C 258
R
P 0x7f2a7c191628
C 342
R
P 0x7f2a7c191628
P 0x7f2a7c19bc88
C 9
R
P 0x7f2a7c191628
C 342
R
P 0x7f2a7c191628
U 2
P 0x7f2a7c19bd08
P 0x7f2a7c19bc88
p 2
C 67
= 0x7f2a7c486fd8
R
P 0x7f2a7c191628
C 342
R
P 0x7f2a7c191628
P 0x7f2a7c486fd8
C 257
R
P 0x7f2a7c191628
C 342
R
P 0x7f2a7c191628
P 0x7f2a7c486fd8
C 254
= 0x7f2a7c19b208
R
P 0x7f2a7c191628
C 342
R
P 0x7f2a7c191628
P 0x7f2a7c19b208
C 209
R
P 0x7f2a7c191628
C 342
R
P 0x7f2a7c191628
P 0x7f2a7c486fd8
C 260
R
P 0x7f2a7c191628
C 342
R
P 0x7f2a7c191628
P 0x7f2a7c486fd8
C 259
R
P 0x7f2a7c191628
C 342
R
P 0x7f2a7c191628
P 0x7f2a7c486fd8
C 258
R
P 0x7f2a7c191628
C 342
R
P 0x7f2a7c191628
P 0x7f2a7c486fd8
C 9
R
P 0x7f2a7c191628
C 342
R
P 0x7f2a7c191628
U 2
P 0x7f2a7c19bba8
P 0x7f2a7c486fd8
p 2
C 66
= 0x7f2a7c487010
R
P 0x7f2a7c191628
C 342
R
P 0x7f2a7c191628
P 0x7f2a7c487010
C 257
R
P 0x7f2a7c191628
C 342
R
P 0x7f2a7c191628
P 0x7f2a7c487010
C 254
= 0x7f2a7c19b1e8
R
P 0x7f2a7c191628
C 342
R
P 0x7f2a7c191628
P 0x7f2a7c19b1e8
C 209
R
P 0x7f2a7c191628
C 342
R
P 0x7f2a7c191628
P 0x7f2a7c487010
C 260
R
P 0x7f2a7c191628
C 342
R
P 0x7f2a7c191628
P 0x7f2a7c487010
C 259
R
P 0x7f2a7c191628
C 342
R
P 0x7f2a7c191628
P 0x7f2a7c487010
C 258
R
P 0x7f2a7c191628
C 342
R
P 0x7f2a7c191628
P 0x7f2a7c487010
C 9
R
P 0x7f2a7c191628
C 342
R
P 0x7f2a7c191628
U 2
P 0x7f2a7c19bc28
P 0x7f2a7c487010
p 2
C 65
= 0x7f2a7c487048
R
P 0x7f2a7c191628
C 342
R
P 0x7f2a7c191628
P 0x7f2a7c487048
C 257
R
P 0x7f2a7c191628
C 342
R
P 0x7f2a7c191628
P 0x7f2a7c487048
C 254
= 0x7f2a7c19b1e8
R
P 0x7f2a7c191628
C 342
R
P 0x7f2a7c191628
P 0x7f2a7c19b1e8
C 209
R
P 0x7f2a7c191628
C 342
R
P 0x7f2a7c191628
P 0x7f2a7c487048
C 260
R
P 0x7f2a7c191628
C 342
R
P 0x7f2a7c191628
P 0x7f2a7c487048
C 259
R
P 0x7f2a7c191628
C 342
R
P 0x7f2a7c191628
P 0x7f2a7c487048
C 258
R
P 0x7f2a7c191628
C 342
R
P 0x7f2a7c191628
P 0x7f2a7c487048
C 9
R
P 0x7f2a7c191628
C 342
R
P 0x7f2a7c191628
P 0x7f2a7c486fa0
P 0x7f2a7c487048
P 0x7f2a7c19bc28
C 59
= 0x7f2a7c19f948
R
P 0x7f2a7c191628
C 342
R
P 0x7f2a7c191628
P 0x7f2a7c19f948
C 257
R
P 0x7f2a7c191628
C 342
R
P 0x7f2a7c191628
P 0x7f2a7c19f948
C 254
= 0x7f2a7c19b1e8
R
P 0x7f2a7c191628
C 342
R
P 0x7f2a7c191628
P 0x7f2a7c19b1e8
C 209
R
P 0x7f2a7c191628
C 342
R
P 0x7f2a7c191628
P 0x7f2a7c19f948
C 260
R
P 0x7f2a7c191628
C 342
R
P 0x7f2a7c191628
P 0x7f2a7c19f948
C 259
R
P 0x7f2a7c191628
C 342
R
P 0x7f2a7c191628
P 0x7f2a7c19f948
C 258
R
P 0x7f2a7c191628
C 342
R
P 0x7f2a7c191628
P 0x7f2a7c19f948
C 9
R
P 0x7f2a7c191628
C 342
R
P 0x7f2a7c191628
U 2
P 0x7f2a7c19f948
P 0x7f2a7c19bb48
p 2
C 65
= 0x7f2a7c487080
R
P 0x7f2a7c191628
C 342
R
P 0x7f2a7c191628
P 0x7f2a7c487080
C 257
R
P 0x7f2a7c191628
C 342
R
P 0x7f2a7c191628
P 0x7f2a7c487080
C 254
= 0x7f2a7c19b1e8
R
P 0x7f2a7c191628
C 342
R
P 0x7f2a7c191628
P 0x7f2a7c19b1e8
C 209
R
P 0x7f2a7c191628
C 342
R
P 0x7f2a7c191628
P 0x7f2a7c487080
C 260
R
P 0x7f2a7c191628
C 342
R
P 0x7f2a7c191628
P 0x7f2a7c487080
C 259
R
P 0x7f2a7c191628
C 342
R
P 0x7f2a7c191628
P 0x7f2a7c487080
C 258
R
P 0x7f2a7c191628
C 342
R
P 0x7f2a7c191628
P 0x7f2a7c487080
C 9
R
P 0x7f2a7c191628
C 342
R
P 0x7f2a7c191628
P 0x7f2a7c19bc68
C 333
R
P 0x7f2a7c191628
C 342
R
P 0x7f2a7c191628
S "slotflowPriorityStart"
C 30
R
P 0x7f2a7c191628
C 342
R
P 0x7f2a7c191628
$ |slotflowPriorityStart|
C 202
R
P 0x7f2a7c191628
C 342
R
P 0x7f2a7c191628
$ |slotflowPriorityStart|
P 0x7f2a7c19b1e8
C 51
= 0x7f2a7c19c2a8
R
P 0x7f2a7c191628
C 342
R
P 0x7f2a7c191628
P 0x7f2a7c19c2a8
C 257
R
P 0x7f2a7c191628
C 342
R
P 0x7f2a7c191628
P 0x7f2a7c19c2a8
C 254
= 0x7f2a7c19b1e8
R
P 0x7f2a7c191628
C 342
R
P 0x7f2a7c191628
P 0x7f2a7c19b1e8
C 209
R
P 0x7f2a7c191628
C 342
R
P 0x7f2a7c191628
P 0x7f2a7c19c2a8
C 260
R
P 0x7f2a7c191628
C 342
R
P 0x7f2a7c191628
P 0x7f2a7c19c2a8
C 259
R
P 0x7f2a7c191628
C 342
R
P 0x7f2a7c191628
P 0x7f2a7c19c2a8
C 258
R
P 0x7f2a7c191628
C 342
R
P 0x7f2a7c191628
P 0x7f2a7c19c2a8
C 9
R
P 0x7f2a7c191628
C 342
R
P 0x7f2a7c191628
I 1
P 0x7f2a7c19b208
C 150
= 0x7f2a7c19bc88
R
P 0x7f2a7c191628
C 342
R
P 0x7f2a7c191628
P 0x7f2a7c19bc88
C 258
R
P 0x7f2a7c191628
C 342
R
P 0x7f2a7c191628
P 0x7f2a7c19bc88
C 9
R
P 0x7f2a7c191628
C 342
R
P 0x7f2a7c191628
I 1
P 0x7f2a7c19b208
C 150
= 0x7f2a7c19bc88
R
P 0x7f2a7c191628
C 342
R
P 0x7f2a7c191628
P 0x7f2a7c19bc88
C 258
R
P 0x7f2a7c191628
C 342
R
P 0x7f2a7c191628
P 0x7f2a7c19bc88
C 9
R
P 0x7f2a7c191628
C 342
R
P 0x7f2a7c191628
P 0x7f2a7c19bc88
P 0x7f2a7c19bc88
C 75
= 0x7f2a7c1a1778
R
P 0x7f2a7c191628
C 342
R
P 0x7f2a7c191628
P 0x7f2a7c1a1778
C 258
R
P 0x7f2a7c191628
C 342
R
P 0x7f2a7c191628
P 0x7f2a7c1a1778
C 9
R
P 0x7f2a7c191628
C 342
R
P 0x7f2a7c191628
I 1
P 0x7f2a7c19b208
C 150
= 0x7f2a7c19bc88
R
P 0x7f2a7c191628
C 342
R
P 0x7f2a7c191628
P 0x7f2a7c19bc88
C 258
R
P 0x7f2a7c191628
C 342
R
P 0x7f2a7c191628
P 0x7f2a7c19bc88
C 9
R
P 0x7f2a7c191628
C 342
R
P 0x7f2a7c191628
U 2
P 0x7f2a7c19bc88
P 0x7f2a7c19bc88
p 2
C 67
= 0x7f2a7c1a17b0
R
P 0x7f2a7c191628
C 342
R
P 0x7f2a7c191628
P 0x7f2a7c1a17b0
C 257
R
P 0x7f2a7c191628
C 342
R
P 0x7f2a7c191628
P 0x7f2a7c1a17b0
C 254
= 0x7f2a7c19b208
R
P 0x7f2a7c191628
C 342
R
P 0x7f2a7c191628
P 0x7f2a7c19b208
C 209
R
P 0x7f2a7c191628
C 342
R
P 0x7f2a7c191628
P 0x7f2a7c1a17b0
C 260
R
P 0x7f2a7c191628
C 342
R
P 0x7f2a7c191628
P 0x7f2a7c1a17b0
C 259
R
P 0x7f2a7c191628
C 342
R
P 0x7f2a7c191628
P 0x7f2a7c1a17b0
C 258
R
P 0x7f2a7c191628
C 342
R
P 0x7f2a7c191628
P 0x7f2a7c1a17b0
C 9
R
P 0x7f2a7c191628
C 342
R
P 0x7f2a7c191628
U 2
P 0x7f2a7c19bbe8
P 0x7f2a7c1a17b0
p 2
C 66
= 0x7f2a7c487b70
R
P 0x7f2a7c191628
C 342
R
P 0x7f2a7c191628
P 0x7f2a7c487b70
C 257
R
P 0x7f2a7c191628
C 342
R
P 0x7f2a7c191628
P 0x7f2a7c487b70
C 254
= 0x7f2a7c19b208
R
P 0x7f2a7c191628
C 342
R
P 0x7f2a7c191628
P 0x7f2a7c19b208
C 209
R
P 0x7f2a7c191628
C 342
R
P 0x7f2a7c191628
P 0x7f2a7c487b70
C 260
R
P 0x7f2a7c191628
C 342
R
P 0x7f2a7c191628
P 0x7f2a7c487b70
C 259
R
P 0x7f2a7c191628
C 342
R
P 0x7f2a7c191628
P 0x7f2a7c487b70
C 258
R
P 0x7f2a7c191628
C 342
R
P 0x7f2a7c191628
P 0x7f2a7c487b70
C 9
R
P 0x7f2a7c191628
C 342
R
P 0x7f2a7c191628
U 2
P 0x7f2a7c19bb88
P 0x7f2a7c487b70
p 2
C 65
= 0x7f2a7c487ba8
R
P 0x7f2a7c191628
C 342
R
P 0x7f2a7c191628
P 0x7f2a7c487ba8
C 257
R
P 0x7f2a7c191628
C 342
R
P 0x7f2a7c191628
P 0x7f2a7c487ba8
C 254
= 0x7f2a7c19b1e8
R
P 0x7f2a7c191628
C 342
R
P 0x7f2a7c191628
P 0x7f2a7c19b1e8
C 209
R
P 0x7f2a7c191628
C 342
R
P 0x7f2a7c191628
P 0x7f2a7c487ba8
C 260
R
P 0x7f2a7c191628
C 342
R
P 0x7f2a7c191628
P 0x7f2a7c487ba8
C 259
R
P 0x7f2a7c191628
C 342
R
P 0x7f2a7c191628
P 0x7f2a7c487ba8
C 258
R
P 0x7f2a7c191628
C 342
R
P 0x7f2a7c191628
P 0x7f2a7c487ba8
C 9
R
P 0x7f2a7c191628
C 342
R
P 0x7f2a7c191628
P 0x7f2a7c1a1778
P 0x7f2a7c487ba8
P 0x7f2a7c19bb88
C 59
= 0x7f2a7c19fa48
R
P 0x7f2a7c191628
C 342
R
P 0x7f2a7c191628
P 0x7f2a7c19fa48
C 257
R
P 0x7f2a7c191628
C 342
R
P 0x7f2a7c191628
P 0x7f2a7c19fa48
C 254
= 0x7f2a7c19b1e8
R
P 0x7f2a7c191628
C 342
R
P 0x7f2a7c191628
P 0x7f2a7c19b1e8
C 209
R
P 0x7f2a7c191628
C 342
R
P 0x7f2a7c191628
P 0x7f2a7c19fa48
C 260
R
P 0x7f2a7c191628
C 342
R
P 0x7f2a7c191628
P 0x7f2a7c19fa48
C 259
R
P 0x7f2a7c191628
C 342
R
P 0x7f2a7c191628
P 0x7f2a7c19fa48
C 258
R
P 0x7f2a7c191628
C 342
R
P 0x7f2a7c191628
P 0x7f2a7c19fa48
C 9
R
P 0x7f2a7c191628
C 342
R
P 0x7f2a7c191628
U 2
P 0x7f2a7c19c2a8
P 0x7f2a7c19fa48
p 2
C 65
= 0x7f2a7c487c88
R
P 0x7f2a7c191628
C 342
R
P 0x7f2a7c191628
P 0x7f2a7c487c88
C 257
R
P 0x7f2a7c191628
C 342
R
P 0x7f2a7c191628
P 0x7f2a7c487c88
C 254
= 0x7f2a7c19b1e8
R
P 0x7f2a7c191628
C 342
R
P 0x7f2a7c191628
P 0x7f2a7c19b1e8
C 209
R
P 0x7f2a7c191628
C 342
R
P 0x7f2a7c191628
P 0x7f2a7c487c88
C 260
R
P 0x7f2a7c191628
C 342
R
P 0x7f2a7c191628
P 0x7f2a7c487c88
C 259
R
P 0x7f2a7c191628
C 342
R
P 0x7f2a7c191628
P 0x7f2a7c487c88
C 258
R
P 0x7f2a7c191628
C 342
R
P 0x7f2a7c191628
P 0x7f2a7c487c88
C 9
R
P 0x7f2a7c191628
C 342
R
P 0x7f2a7c191628
P 0x7f2a7c487080
P 0x7f2a7c487c88
C 76
= 0x7f2a7c487cc0
R
P 0x7f2a7c191628
C 342
R
P 0x7f2a7c191628
P 0x7f2a7c487cc0
C 258
R
P 0x7f2a7c191628
C 342
R
P 0x7f2a7c191628
P 0x7f2a7c487cc0
C 9
R
P 0x7f2a7c191628
C 342
R
P 0x7f2a7c191628
U 2
P 0x7f2a7c487c50
P 0x7f2a7c487cc0
p 2
C 63
= 0x7f2a7c487cf8
R
P 0x7f2a7c191628
C 342
R
P 0x7f2a7c191628
P 0x7f2a7c487cf8
C 258
R
P 0x7f2a7c191628
C 342
R
P 0x7f2a7c191628
P 0x7f2a7c487cf8
C 9
R
P 0x7f2a7c191628
C 342
R
P 0x7f2a7c191628
I 0
P 0x7f2a7c19b208
C 150
= 0x7f2a7c19bd08
R
P 0x7f2a7c191628
C 342
R
P 0x7f2a7c191628
P 0x7f2a7c19bd08
C 258
R
P 0x7f2a7c191628
C 342
R
P 0x7f2a7c191628
P 0x7f2a7c19bd08
C 9
R
P 0x7f2a7c191628
C 342
R
P 0x7f2a7c191628
P 0x7f2a7c19bd08
C 263
R
P 0x7f2a7c191628
C 342
R
P 0x7f2a7c191628
S "dev0T30"
C 30
R
P 0x7f2a7c191628
C 342
R
P 0x7f2a7c191628
$ |dev0T30|
C 202
R
P 0x7f2a7c191628
C 342
R
P 0x7f2a7c191628
$ |dev0T30|
P 0x7f2a7c19b1e8
C 51
= 0x7f2a7c19c208
R
P 0x7f2a7c191628
C 342
R
P 0x7f2a7c191628
P 0x7f2a7c19c208
C 257
R
P 0x7f2a7c191628
C 342
R
P 0x7f2a7c191628
P 0x7f2a7c19c208
C 254
= 0x7f2a7c19b1e8
R
P 0x7f2a7c191628
C 342
R
P 0x7f2a7c191628
P 0x7f2a7c19b1e8
C 209
R
P 0x7f2a7c191628
C 342
R
P 0x7f2a7c191628
P 0x7f2a7c19c208
C 260
R
P 0x7f2a7c191628
C 342
R
P 0x7f2a7c191628
P 0x7f2a7c19c208
C 259
R
P 0x7f2a7c191628
C 342
R
P 0x7f2a7c191628
P 0x7f2a7c19c208
C 258
R
P 0x7f2a7c191628
C 342
R
P 0x7f2a7c191628
P 0x7f2a7c19c208
C 9
R
P 0x7f2a7c191628
C 342
R
P 0x7f2a7c191628
I 0
P 0x7f2a7c19b208
C 150
= 0x7f2a7c19bd08
R
P 0x7f2a7c191628
C 342
R
P 0x7f2a7c191628
P 0x7f2a7c19bd08
C 258
R
P 0x7f2a7c191628
C 342
R
P 0x7f2a7c191628
P 0x7f2a7c19bd08
C 9
R
P 0x7f2a7c191628
C 342
R
P 0x7f2a7c191628
I 1
P 0x7f2a7c19b208
C 150
= 0x7f2a7c19bc88
R
P 0x7f2a7c191628
C 342
R
P 0x7f2a7c191628
P 0x7f2a7c19bc88
C 258
R
P 0x7f2a7c191628
C 342
R
P 0x7f2a7c191628
P 0x7f2a7c19bc88
C 9
R
P 0x7f2a7c191628
C 342
R
P 0x7f2a7c191628
P 0x7f2a7c19bd08
P 0x7f2a7c19bc88
C 75
= 0x7f2a7c486fa0
R
P 0x7f2a7c191628
C 342
R
P 0x7f2a7c191628
P 0x7f2a7c486fa0
C 258
R
P 0x7f2a7c191628
C 342
R
P 0x7f2a7c191628
P 0x7f2a7c486fa0
C 9
R
P 0x7f2a7c191628
C 342
R
P 0x7f2a7c191628
I 1
P 0x7f2a7c19b208
C 150
= 0x7f2a7c19bc88
R
P 0x7f2a7c191628
C 342
R
P 0x7f2a7c191628
P 0x7f2a7c19bc88
C 258
R
P 0x7f2a7c191628
C 342
R
P 0x7f2a7c191628
P 0x7f2a7c19bc88
C 9
R
P 0x7f2a7c191628
C 342
R
P 0x7f2a7c191628
U 2
P 0x7f2a7c19bd08
P 0x7f2a7c19bc88
p 2
C 67
= 0x7f2a7c486fd8
R
P 0x7f2a7c191628
C 342
R
P 0x7f2a7c191628
P 0x7f2a7c486fd8
C 257
R
P 0x7f2a7c191628
C 342
R
P 0x7f2a7c191628
P 0x7f2a7c486fd8
C 254
= 0x7f2a7c19b208
R
P 0x7f2a7c191628
C 342
R
P 0x7f2a7c191628
P 0x7f2a7c19b208
C 209
R
P 0x7f2a7c191628
C 342
R
P 0x7f2a7c191628
P 0x7f2a7c486fd8
C 260
R
P 0x7f2a7c191628
C 342
R
P 0x7f2a7c191628
P 0x7f2a7c486fd8
C 259
R
P 0x7f2a7c191628
C 342
R
P 0x7f2a7c191628
P 0x7f2a7c486fd8
C 258
R
P 0x7f2a7c191628
C 342
R
P 0x7f2a7c191628
P 0x7f2a7c486fd8
C 9
R
P 0x7f2a7c191628
C 342
R
P 0x7f2a7c191628
U 2
P 0x7f2a7c19bba8
P 0x7f2a7c486fd8
p 2
C 66
= 0x7f2a7c487010
R
P 0x7f2a7c191628
C 342
R
P 0x7f2a7c191628
P 0x7f2a7c487010
C 257
R
P 0x7f2a7c191628
C 342
R
P 0x7f2a7c191628
P 0x7f2a7c487010
C 254
= 0x7f2a7c19b1e8
R
P 0x7f2a7c191628
C 342
R
P 0x7f2a7c191628
P 0x7f2a7c19b1e8
C 209
R
P 0x7f2a7c191628
C 342
R
P 0x7f2a7c191628
P 0x7f2a7c487010
C 260
R
P 0x7f2a7c191628
C 342
R
P 0x7f2a7c191628
P 0x7f2a7c487010
C 259
R
P 0x7f2a7c191628
C 342
R
P 0x7f2a7c191628
P 0x7f2a7c487010
C 258
R
P 0x7f2a7c191628
C 342
R
P 0x7f2a7c191628
P 0x7f2a7c487010
C 9
R
P 0x7f2a7c191628
C 342
R
P 0x7f2a7c191628
U 2
P 0x7f2a7c19bc28
P 0x7f2a7c487010
p 2
C 65
= 0x7f2a7c487048
R
P 0x7f2a7c191628
C 342
R
P 0x7f2a7c191628
P 0x7f2a7c487048
C 257
R
P 0x7f2a7c191628
C 342
R
P 0x7f2a7c191628
P 0x7f2a7c487048
C 254
= 0x7f2a7c19b1e8
R
P 0x7f2a7c191628
C 342
R
P 0x7f2a7c191628
P 0x7f2a7c19b1e8
C 209
R
P 0x7f2a7c191628
C 342
R
P 0x7f2a7c191628
P 0x7f2a7c487048
C 260
R
P 0x7f2a7c191628
C 342
R
P 0x7f2a7c191628
P 0x7f2a7c487048
C 259
R
P 0x7f2a7c191628
C 342
R
P 0x7f2a7c191628
P 0x7f2a7c487048
C 258
R
P 0x7f2a7c191628
C 342
R
P 0x7f2a7c191628
P 0x7f2a7c487048
C 9
R
P 0x7f2a7c191628
C 342
R
P 0x7f2a7c191628
P 0x7f2a7c486fa0
P 0x7f2a7c487048
P 0x7f2a7c19bc28
C 59
= 0x7f2a7c19f948
R
P 0x7f2a7c191628
C 342
R
P 0x7f2a7c191628
P 0x7f2a7c19f948
C 257
R
P 0x7f2a7c191628
C 342
R
P 0x7f2a7c191628
P 0x7f2a7c19f948
C 254
= 0x7f2a7c19b1e8
R
P 0x7f2a7c191628
C 342
R
P 0x7f2a7c191628
P 0x7f2a7c19b1e8
C 209
R
P 0x7f2a7c191628
C 342
R
P 0x7f2a7c191628
P 0x7f2a7c19f948
C 260
R
P 0x7f2a7c191628
C 342
R
P 0x7f2a7c191628
P 0x7f2a7c19f948
C 259
R
P 0x7f2a7c191628
C 342
R
P 0x7f2a7c191628
P 0x7f2a7c19f948
C 258
R
P 0x7f2a7c191628
C 342
R
P 0x7f2a7c191628
P 0x7f2a7c19f948
C 9
R
P 0x7f2a7c191628
C 342
R
P 0x7f2a7c191628
U 2
P 0x7f2a7c19f948
P 0x7f2a7c19bb48
p 2
C 65
= 0x7f2a7c487080
R
P 0x7f2a7c191628
C 342
R
P 0x7f2a7c191628
P 0x7f2a7c487080
C 257
R
P 0x7f2a7c191628
C 342
R
P 0x7f2a7c191628
P 0x7f2a7c487080
C 254
= 0x7f2a7c19b1e8
R
P 0x7f2a7c191628
C 342
R
P 0x7f2a7c191628
P 0x7f2a7c19b1e8
C 209
R
P 0x7f2a7c191628
C 342
R
P 0x7f2a7c191628
P 0x7f2a7c487080
C 260
R
P 0x7f2a7c191628
C 342
R
P 0x7f2a7c191628
P 0x7f2a7c487080
C 259
R
P 0x7f2a7c191628
C 342
R
P 0x7f2a7c191628
P 0x7f2a7c487080
C 258
R
P 0x7f2a7c191628
C 342
R
P 0x7f2a7c191628
P 0x7f2a7c487080
C 9
R
P 0x7f2a7c191628
C 342
R
P 0x7f2a7c191628
U 2
P 0x7f2a7c487080
P 0x7f2a7c19bb68
p 2
C 65
= 0x7f2a7c4870b8
R
P 0x7f2a7c191628
C 342
R
P 0x7f2a7c191628
P 0x7f2a7c4870b8
C 257
R
P 0x7f2a7c191628
C 342
R
P 0x7f2a7c191628
P 0x7f2a7c4870b8
C 254
= 0x7f2a7c19b1e8
R
P 0x7f2a7c191628
C 342
R
P 0x7f2a7c191628
P 0x7f2a7c19b1e8
C 209
R
P 0x7f2a7c191628
C 342
R
P 0x7f2a7c191628
P 0x7f2a7c4870b8
C 260
R
P 0x7f2a7c191628
C 342
R
P 0x7f2a7c191628
P 0x7f2a7c4870b8
C 259
R
P 0x7f2a7c191628
C 342
R
P 0x7f2a7c191628
P 0x7f2a7c4870b8
C 258
R
P 0x7f2a7c191628
C 342
R
P 0x7f2a7c191628
P 0x7f2a7c4870b8
C 9
R
P 0x7f2a7c191628
C 342
R
P 0x7f2a7c191628
P 0x7f2a7c19c208
P 0x7f2a7c4870b8
C 56
= 0x7f2a7c487b00
R
P 0x7f2a7c191628
C 342
R
P 0x7f2a7c191628
P 0x7f2a7c487b00
C 258
R
P 0x7f2a7c191628
C 342
R
P 0x7f2a7c191628
P 0x7f2a7c487b00
C 9
R
P 0x7f2a7c191628
C 342
R
P 0x7f2a7c191628
P 0x7f2a7c487cf8
P 0x7f2a7c487b00
C 61
= 0x7f2a7c487d30
R
P 0x7f2a7c191628
C 342
R
P 0x7f2a7c191628
P 0x7f2a7c487d30
C 258
R
P 0x7f2a7c191628
C 342
R
P 0x7f2a7c191628
P 0x7f2a7c487d30
C 9
R
P 0x7f2a7c191628
C 342
R
P 0x7f2a7c191628
P 0x7f2a7c1e1fc8
P 0x7f2a7c487d30
C 427
R
P 0x7f2a7c191628
C 342
R
P 0x7f2a7c191628
I 0
P 0x7f2a7c19b208
C 150
= 0x7f2a7c19bd08
R
P 0x7f2a7c191628
C 342
R
P 0x7f2a7c191628
P 0x7f2a7c19bd08
C 258
R
P 0x7f2a7c191628
C 342
R
P 0x7f2a7c191628
P 0x7f2a7c19bd08
C 9
R
P 0x7f2a7c191628
C 342
R
P 0x7f2a7c191628
I 1
P 0x7f2a7c19b208
C 150
= 0x7f2a7c19bc88
R
P 0x7f2a7c191628
C 342
R
P 0x7f2a7c191628
P 0x7f2a7c19bc88
C 258
R
P 0x7f2a7c191628
C 342
R
P 0x7f2a7c191628
P 0x7f2a7c19bc88
C 9
R
P 0x7f2a7c191628
C 342
R
P 0x7f2a7c191628
P 0x7f2a7c19bd08
P 0x7f2a7c19bc88
C 75
= 0x7f2a7c486fa0
R
P 0x7f2a7c191628
C 342
R
P 0x7f2a7c191628
P 0x7f2a7c486fa0
C 258
R
P 0x7f2a7c191628
C 342
R
P 0x7f2a7c191628
P 0x7f2a7c486fa0
C 9
R
P 0x7f2a7c191628
C 342
R
P 0x7f2a7c191628
I 1
P 0x7f2a7c19b208
C 150
= 0x7f2a7c19bc88
R
P 0x7f2a7c191628
C 342
R
P 0x7f2a7c191628
P 0x7f2a7c19bc88
C 258
R
P 0x7f2a7c191628
C 342
R
P 0x7f2a7c191628
P 0x7f2a7c19bc88
C 9
R
P 0x7f2a7c191628
C 342
R
P 0x7f2a7c191628
U 2
P 0x7f2a7c19bd08
P 0x7f2a7c19bc88
p 2
C 67
= 0x7f2a7c486fd8
R
P 0x7f2a7c191628
C 342
R
P 0x7f2a7c191628
P 0x7f2a7c486fd8
C 257
R
P 0x7f2a7c191628
C 342
R
P 0x7f2a7c191628
P 0x7f2a7c486fd8
C 254
= 0x7f2a7c19b208
R
P 0x7f2a7c191628
C 342
R
P 0x7f2a7c191628
P 0x7f2a7c19b208
C 209
R
P 0x7f2a7c191628
C 342
R
P 0x7f2a7c191628
P 0x7f2a7c486fd8
C 260
R
P 0x7f2a7c191628
C 342
R
P 0x7f2a7c191628
P 0x7f2a7c486fd8
C 259
R
P 0x7f2a7c191628
C 342
R
P 0x7f2a7c191628
P 0x7f2a7c486fd8
C 258
R
P 0x7f2a7c191628
C 342
R
P 0x7f2a7c191628
P 0x7f2a7c486fd8
C 9
R
P 0x7f2a7c191628
C 342
R
P 0x7f2a7c191628
U 2
P 0x7f2a7c19bba8
P 0x7f2a7c486fd8
p 2
C 66
= 0x7f2a7c487010
R
P 0x7f2a7c191628
C 342
R
P 0x7f2a7c191628
P 0x7f2a7c487010
C 257
R
P 0x7f2a7c191628
C 342
R
P 0x7f2a7c191628
P 0x7f2a7c487010
C 254
= 0x7f2a7c19b1e8
R
P 0x7f2a7c191628
C 342
R
P 0x7f2a7c191628
P 0x7f2a7c19b1e8
C 209
R
P 0x7f2a7c191628
C 342
R
P 0x7f2a7c191628
P 0x7f2a7c487010
C 260
R
P 0x7f2a7c191628
C 342
R
P 0x7f2a7c191628
P 0x7f2a7c487010
C 259
R
P 0x7f2a7c191628
C 342
R
P 0x7f2a7c191628
P 0x7f2a7c487010
C 258
R
P 0x7f2a7c191628
C 342
R
P 0x7f2a7c191628
P 0x7f2a7c487010
C 9
R
P 0x7f2a7c191628
C 342
R
P 0x7f2a7c191628
U 2
P 0x7f2a7c19bc28
P 0x7f2a7c487010
p 2
C 65
= 0x7f2a7c487048
R
P 0x7f2a7c191628
C 342
R
P 0x7f2a7c191628
P 0x7f2a7c487048
C 257
R
P 0x7f2a7c191628
C 342
R
P 0x7f2a7c191628
P 0x7f2a7c487048
C 254
= 0x7f2a7c19b1e8
R
P 0x7f2a7c191628
C 342
R
P 0x7f2a7c191628
P 0x7f2a7c19b1e8
C 209
R
P 0x7f2a7c191628
C 342
R
P 0x7f2a7c191628
P 0x7f2a7c487048
C 260
R
P 0x7f2a7c191628
C 342
R
P 0x7f2a7c191628
P 0x7f2a7c487048
C 259
R
P 0x7f2a7c191628
C 342
R
P 0x7f2a7c191628
P 0x7f2a7c487048
C 258
R
P 0x7f2a7c191628
C 342
R
P 0x7f2a7c191628
P 0x7f2a7c487048
C 9
R
P 0x7f2a7c191628
C 342
R
P 0x7f2a7c191628
P 0x7f2a7c486fa0
P 0x7f2a7c487048
P 0x7f2a7c19bc28
C 59
= 0x7f2a7c19f948
R
P 0x7f2a7c191628
C 342
R
P 0x7f2a7c191628
P 0x7f2a7c19f948
C 257
R
P 0x7f2a7c191628
C 342
R
P 0x7f2a7c191628
P 0x7f2a7c19f948
C 254
= 0x7f2a7c19b1e8
R
P 0x7f2a7c191628
C 342
R
P 0x7f2a7c191628
P 0x7f2a7c19b1e8
C 209
R
P 0x7f2a7c191628
C 342
R
P 0x7f2a7c191628
P 0x7f2a7c19f948
C 260
R
P 0x7f2a7c191628
C 342
R
P 0x7f2a7c191628
P 0x7f2a7c19f948
C 259
R
P 0x7f2a7c191628
C 342
R
P 0x7f2a7c191628
P 0x7f2a7c19f948
C 258
R
P 0x7f2a7c191628
C 342
R
P 0x7f2a7c191628
P 0x7f2a7c19f948
C 9
R
P 0x7f2a7c191628
C 342
R
P 0x7f2a7c191628
U 2
P 0x7f2a7c19f948
P 0x7f2a7c19bb48
p 2
C 65
= 0x7f2a7c487080
R
P 0x7f2a7c191628
C 342
R
P 0x7f2a7c191628
P 0x7f2a7c487080
C 257
R
P 0x7f2a7c191628
C 342
R
P 0x7f2a7c191628
P 0x7f2a7c487080
C 254
= 0x7f2a7c19b1e8
R
P 0x7f2a7c191628
C 342
R
P 0x7f2a7c191628
P 0x7f2a7c19b1e8
C 209
R
P 0x7f2a7c191628
C 342
R
P 0x7f2a7c191628
P 0x7f2a7c487080
C 260
R
P 0x7f2a7c191628
C 342
R
P 0x7f2a7c191628
P 0x7f2a7c487080
C 259
R
P 0x7f2a7c191628
C 342
R
P 0x7f2a7c191628
P 0x7f2a7c487080
C 258
R
P 0x7f2a7c191628
C 342
R
P 0x7f2a7c191628
P 0x7f2a7c487080
C 9
R
P 0x7f2a7c191628
C 342
R
P 0x7f2a7c191628
P 0x7f2a7c19bc68
C 333
R
P 0x7f2a7c191628
C 342
R
P 0x7f2a7c191628
S "slotflowPriorityStart"
C 30
R
P 0x7f2a7c191628
C 342
R
P 0x7f2a7c191628
$ |slotflowPriorityStart|
C 202
R
P 0x7f2a7c191628
C 342
R
P 0x7f2a7c191628
$ |slotflowPriorityStart|
P 0x7f2a7c19b1e8
C 51
= 0x7f2a7c19c2a8
R
P 0x7f2a7c191628
C 342
R
P 0x7f2a7c191628
P 0x7f2a7c19c2a8
C 257
R
P 0x7f2a7c191628
C 342
R
P 0x7f2a7c191628
P 0x7f2a7c19c2a8
C 254
= 0x7f2a7c19b1e8
R
P 0x7f2a7c191628
C 342
R
P 0x7f2a7c191628
P 0x7f2a7c19b1e8
C 209
R
P 0x7f2a7c191628
C 342
R
P 0x7f2a7c191628
P 0x7f2a7c19c2a8
C 260
R
P 0x7f2a7c191628
C 342
R
P 0x7f2a7c191628
P 0x7f2a7c19c2a8
C 259
R
P 0x7f2a7c191628
C 342
R
P 0x7f2a7c191628
P 0x7f2a7c19c2a8
C 258
R
P 0x7f2a7c191628
C 342
R
P 0x7f2a7c191628
P 0x7f2a7c19c2a8
C 9
R
P 0x7f2a7c191628
C 342
R
P 0x7f2a7c191628
P 0x7f2a7c19bc68
C 333
R
P 0x7f2a7c191628
C 342
R
P 0x7f2a7c191628
S "slotflowPriorityDuration"
C 30
R
P 0x7f2a7c191628
C 342
R
P 0x7f2a7c191628
$ |slotflowPriorityDuration|
C 202
R
P 0x7f2a7c191628
C 342
R
P 0x7f2a7c191628
$ |slotflowPriorityDuration|
P 0x7f2a7c19b1e8
C 51
= 0x7f2a7c19c268
R
P 0x7f2a7c191628
C 342
R
P 0x7f2a7c191628
P 0x7f2a7c19c268
C 257
R
P 0x7f2a7c191628
C 342
R
P 0x7f2a7c191628
P 0x7f2a7c19c268
C 254
= 0x7f2a7c19b1e8
R
P 0x7f2a7c191628
C 342
R
P 0x7f2a7c191628
P 0x7f2a7c19b1e8
C 209
R
P 0x7f2a7c191628
C 342
R
P 0x7f2a7c191628
P 0x7f2a7c19c268
C 260
R
P 0x7f2a7c191628
C 342
R
P 0x7f2a7c191628
P 0x7f2a7c19c268
C 259
R
P 0x7f2a7c191628
C 342
R
P 0x7f2a7c191628
P 0x7f2a7c19c268
C 258
R
P 0x7f2a7c191628
C 342
R
P 0x7f2a7c191628
P 0x7f2a7c19c268
C 9
R
P 0x7f2a7c191628
C 342
R
P 0x7f2a7c191628
U 2
P 0x7f2a7c19c2a8
P 0x7f2a7c19c268
p 2
C 65
= 0x7f2a7c487908
R
P 0x7f2a7c191628
C 342
R
P 0x7f2a7c191628
P 0x7f2a7c487908
C 257
R
P 0x7f2a7c191628
C 342
R
P 0x7f2a7c191628
P 0x7f2a7c487908
C 254
= 0x7f2a7c19b1e8
R
P 0x7f2a7c191628
C 342
R
P 0x7f2a7c191628
P 0x7f2a7c19b1e8
C 209
R
P 0x7f2a7c191628
C 342
R
P 0x7f2a7c191628
P 0x7f2a7c487908
C 260
R
P 0x7f2a7c191628
C 342
R
P 0x7f2a7c191628
P 0x7f2a7c487908
C 259
R
P 0x7f2a7c191628
C 342
R
P 0x7f2a7c191628
P 0x7f2a7c487908
C 258
R
P 0x7f2a7c191628
C 342
R
P 0x7f2a7c191628
P 0x7f2a7c487908
C 9
R
P 0x7f2a7c191628
C 342
R
P 0x7f2a7c191628
I 2
P 0x7f2a7c19b208
C 150
= 0x7f2a7c19bcc8
R
P 0x7f2a7c191628
C 342
R
P 0x7f2a7c191628
P 0x7f2a7c19bcc8
C 258
R
P 0x7f2a7c191628
C 342
R
P 0x7f2a7c191628
P 0x7f2a7c19bcc8
C 9
R
P 0x7f2a7c191628
C 342
R
P 0x7f2a7c191628
I 1
P 0x7f2a7c19b208
C 150
= 0x7f2a7c19bc88
R
P 0x7f2a7c191628
C 342
R
P 0x7f2a7c191628
P 0x7f2a7c19bc88
C 258
R
P 0x7f2a7c191628
C 342
R
P 0x7f2a7c191628
P 0x7f2a7c19bc88
C 9
R
P 0x7f2a7c191628
C 342
R
P 0x7f2a7c191628
P 0x7f2a7c19bcc8
P 0x7f2a7c19bc88
C 75
= 0x7f2a7c1a1890
R
P 0x7f2a7c191628
C 342
R
P 0x7f2a7c191628
P 0x7f2a7c1a1890
C 258
R
P 0x7f2a7c191628
C 342
R
P 0x7f2a7c191628
P 0x7f2a7c1a1890
C 9
R
P 0x7f2a7c191628
C 342
R
P 0x7f2a7c191628
I 1
P 0x7f2a7c19b208
C 150
= 0x7f2a7c19bc88
R
P 0x7f2a7c191628
C 342
R
P 0x7f2a7c191628
P 0x7f2a7c19bc88
C 258
R
P 0x7f2a7c191628
C 342
R
P 0x7f2a7c191628
P 0x7f2a7c19bc88
C 9
R
P 0x7f2a7c191628
C 342
R
P 0x7f2a7c191628
U 2
P 0x7f2a7c19bcc8
P 0x7f2a7c19bc88
p 2
C 67
= 0x7f2a7c1a18c8
R
P 0x7f2a7c191628
C 342
R
P 0x7f2a7c191628
P 0x7f2a7c1a18c8
C 257
R
P 0x7f2a7c191628
C 342
R
P 0x7f2a7c191628
P 0x7f2a7c1a18c8
C 254
= 0x7f2a7c19b208
R
P 0x7f2a7c191628
C 342
R
P 0x7f2a7c191628
P 0x7f2a7c19b208
C 209
R
P 0x7f2a7c191628
C 342
R
P 0x7f2a7c191628
P 0x7f2a7c1a18c8
C 260
R
P 0x7f2a7c191628
C 342
R
P 0x7f2a7c191628
P 0x7f2a7c1a18c8
C 259
R
P 0x7f2a7c191628
C 342
R
P 0x7f2a7c191628
P 0x7f2a7c1a18c8
C 258
R
P 0x7f2a7c191628
C 342
R
P 0x7f2a7c191628
P 0x7f2a7c1a18c8
C 9
R
P 0x7f2a7c191628
C 342
R
P 0x7f2a7c191628
U 2
P 0x7f2a7c19bbe8
P 0x7f2a7c1a18c8
p 2
C 66
= 0x7f2a7c487d68
R
P 0x7f2a7c191628
C 342
R
P 0x7f2a7c191628
P 0x7f2a7c487d68
C 257
R
P 0x7f2a7c191628
C 342
R
P 0x7f2a7c191628
P 0x7f2a7c487d68
C 254
= 0x7f2a7c19b208
R
P 0x7f2a7c191628
C 342
R
P 0x7f2a7c191628
P 0x7f2a7c19b208
C 209
R
P 0x7f2a7c191628
C 342
R
P 0x7f2a7c191628
P 0x7f2a7c487d68
C 260
R
P 0x7f2a7c191628
C 342
R
P 0x7f2a7c191628
P 0x7f2a7c487d68
C 259
R
P 0x7f2a7c191628
C 342
R
P 0x7f2a7c191628
P 0x7f2a7c487d68
C 258
R
P 0x7f2a7c191628
C 342
R
P 0x7f2a7c191628
P 0x7f2a7c487d68
C 9
R
P 0x7f2a7c191628
C 342
R
P 0x7f2a7c191628
U 2
P 0x7f2a7c19bb88
P 0x7f2a7c487d68
p 2
C 65
= 0x7f2a7c487da0
R
P 0x7f2a7c191628
C 342
R
P 0x7f2a7c191628
P 0x7f2a7c487da0
C 257
R
P 0x7f2a7c191628
C 342
R
P 0x7f2a7c191628
P 0x7f2a7c487da0
C 254
= 0x7f2a7c19b1e8
R
P 0x7f2a7c191628
C 342
R
P 0x7f2a7c191628
P 0x7f2a7c19b1e8
C 209
R
P 0x7f2a7c191628
C 342
R
P 0x7f2a7c191628
P 0x7f2a7c487da0
C 260
R
P 0x7f2a7c191628
C 342
R
P 0x7f2a7c191628
P 0x7f2a7c487da0
C 259
R
P 0x7f2a7c191628
C 342
R
P 0x7f2a7c191628
P 0x7f2a7c487da0
C 258
R
P 0x7f2a7c191628
C 342
R
P 0x7f2a7c191628
P 0x7f2a7c487da0
C 9
R
P 0x7f2a7c191628
C 342
R
P 0x7f2a7c191628
P 0x7f2a7c1a1890
P 0x7f2a7c487da0
P 0x7f2a7c19bb88
C 59
= 0x7f2a7c19fa88
R
P 0x7f2a7c191628
C 342
R
P 0x7f2a7c191628
P 0x7f2a7c19fa88
C 257
R
P 0x7f2a7c191628
C 342
R
P 0x7f2a7c191628
P 0x7f2a7c19fa88
C 254
= 0x7f2a7c19b1e8
R
P 0x7f2a7c191628
C 342
R
P 0x7f2a7c191628
P 0x7f2a7c19b1e8
C 209
R
P 0x7f2a7c191628
C 342
R
P 0x7f2a7c191628
P 0x7f2a7c19fa88
C 260
R
P 0x7f2a7c191628
C 342
R
P 0x7f2a7c191628
P 0x7f2a7c19fa88
C 259
R
P 0x7f2a7c191628
C 342
R
P 0x7f2a7c191628
P 0x7f2a7c19fa88
C 258
R
P 0x7f2a7c191628
C 342
R
P 0x7f2a7c191628
P 0x7f2a7c19fa88
C 9
R
P 0x7f2a7c191628
C 342
R
P 0x7f2a7c191628
U 2
P 0x7f2a7c487908
P 0x7f2a7c19fa88
p 2
C 65
= 0x7f2a7c487dd8
R
P 0x7f2a7c191628
C 342
R
P 0x7f2a7c191628
P 0x7f2a7c487dd8
C 257
R
P 0x7f2a7c191628
C 342
R
P 0x7f2a7c191628
P 0x7f2a7c487dd8
C 254
= 0x7f2a7c19b1e8
R
P 0x7f2a7c191628
C 342
R
P 0x7f2a7c191628
P 0x7f2a7c19b1e8
C 209
R
P 0x7f2a7c191628
C 342
R
P 0x7f2a7c191628
P 0x7f2a7c487dd8
C 260
R
P 0x7f2a7c191628
C 342
R
P 0x7f2a7c191628
P 0x7f2a7c487dd8
C 259
R
P 0x7f2a7c191628
C 342
R
P 0x7f2a7c191628
P 0x7f2a7c487dd8
C 258
R
P 0x7f2a7c191628
C 342
R
P 0x7f2a7c191628
P 0x7f2a7c487dd8
C 9
R
P 0x7f2a7c191628
C 342
R
P 0x7f2a7c191628
U 2
P 0x7f2a7c487dd8
P 0x7f2a7c19bb68
p 2
C 67
= 0x7f2a7c487e10
R
P 0x7f2a7c191628
C 342
R
P 0x7f2a7c191628
P 0x7f2a7c487e10
C 257
R
P 0x7f2a7c191628
C 342
R
P 0x7f2a7c191628
P 0x7f2a7c487e10
C 254
= 0x7f2a7c19b1e8
R
P 0x7f2a7c191628
C 342
R
P 0x7f2a7c191628
P 0x7f2a7c19b1e8
C 209
R
P 0x7f2a7c191628
C 342
R
P 0x7f2a7c191628
P 0x7f2a7c487e10
C 260
R
P 0x7f2a7c191628
C 342
R
P 0x7f2a7c191628
P 0x7f2a7c487e10
C 259
R
P 0x7f2a7c191628
C 342
R
P 0x7f2a7c191628
P 0x7f2a7c487e10
C 258
R
P 0x7f2a7c191628
C 342
R
P 0x7f2a7c191628
P 0x7f2a7c487e10
C 9
R
P 0x7f2a7c191628
C 342
R
P 0x7f2a7c191628
P 0x7f2a7c487080
P 0x7f2a7c487e10
C 74
= 0x7f2a7c487e48
R
P 0x7f2a7c191628
C 342
R
P 0x7f2a7c191628
P 0x7f2a7c487e48
C 258
R
P 0x7f2a7c191628
C 342
R
P 0x7f2a7c191628
P 0x7f2a7c487e48
C 9
R
P 0x7f2a7c191628
C 342
R
P 0x7f2a7c191628
I 0
P 0x7f2a7c19b208
C 150
= 0x7f2a7c19bd08
R
P 0x7f2a7c191628
C 342
R
P 0x7f2a7c191628
P 0x7f2a7c19bd08
C 258
R
P 0x7f2a7c191628
C 342
R
P 0x7f2a7c191628
P 0x7f2a7c19bd08
C 9
R
P 0x7f2a7c191628
C 342
R
P 0x7f2a7c191628
I 1
P 0x7f2a7c19b208
C 150
= 0x7f2a7c19bc88
R
P 0x7f2a7c191628
C 342
R
P 0x7f2a7c191628
P 0x7f2a7c19bc88
C 258
R
P 0x7f2a7c191628
C 342
R
P 0x7f2a7c191628
P 0x7f2a7c19bc88
C 9
R
P 0x7f2a7c191628
C 342
R
P 0x7f2a7c191628
P 0x7f2a7c19bd08
P 0x7f2a7c19bc88
C 75
= 0x7f2a7c486fa0
R
P 0x7f2a7c191628
C 342
R
P 0x7f2a7c191628
P 0x7f2a7c486fa0
C 258
R
P 0x7f2a7c191628
C 342
R
P 0x7f2a7c191628
P 0x7f2a7c486fa0
C 9
R
P 0x7f2a7c191628
C 342
R
P 0x7f2a7c191628
I 1
P 0x7f2a7c19b208
C 150
= 0x7f2a7c19bc88
R
P 0x7f2a7c191628
C 342
R
P 0x7f2a7c191628
P 0x7f2a7c19bc88
C 258
R
P 0x7f2a7c191628
C 342
R
P 0x7f2a7c191628
P 0x7f2a7c19bc88
C 9
R
P 0x7f2a7c191628
C 342
R
P 0x7f2a7c191628
U 2
P 0x7f2a7c19bd08
P 0x7f2a7c19bc88
p 2
C 67
= 0x7f2a7c486fd8
R
P 0x7f2a7c191628
C 342
R
P 0x7f2a7c191628
P 0x7f2a7c486fd8
C 257
R
P 0x7f2a7c191628
C 342
R
P 0x7f2a7c191628
P 0x7f2a7c486fd8
C 254
= 0x7f2a7c19b208
R
P 0x7f2a7c191628
C 342
R
P 0x7f2a7c191628
P 0x7f2a7c19b208
C 209
R
P 0x7f2a7c191628
C 342
R
P 0x7f2a7c191628
P 0x7f2a7c486fd8
C 260
R
P 0x7f2a7c191628
C 342
R
P 0x7f2a7c191628
P 0x7f2a7c486fd8
C 259
R
P 0x7f2a7c191628
C 342
R
P 0x7f2a7c191628
P 0x7f2a7c486fd8
C 258
R
P 0x7f2a7c191628
C 342
R
P 0x7f2a7c191628
P 0x7f2a7c486fd8
C 9
R
P 0x7f2a7c191628
C 342
R
P 0x7f2a7c191628
U 2
P 0x7f2a7c19bba8
P 0x7f2a7c486fd8
p 2
C 66
= 0x7f2a7c487010
R
P 0x7f2a7c191628
C 342
R
P 0x7f2a7c191628
P 0x7f2a7c487010
C 257
R
P 0x7f2a7c191628
C 342
R
P 0x7f2a7c191628
P 0x7f2a7c487010
C 254
= 0x7f2a7c19b1e8
R
P 0x7f2a7c191628
C 342
R
P 0x7f2a7c191628
P 0x7f2a7c19b1e8
C 209
R
P 0x7f2a7c191628
C 342
R
P 0x7f2a7c191628
P 0x7f2a7c487010
C 260
R
P 0x7f2a7c191628
C 342
R
P 0x7f2a7c191628
P 0x7f2a7c487010
C 259
R
P 0x7f2a7c191628
C 342
R
P 0x7f2a7c191628
P 0x7f2a7c487010
C 258
R
P 0x7f2a7c191628
C 342
R
P 0x7f2a7c191628
P 0x7f2a7c487010
C 9
R
P 0x7f2a7c191628
C 342
R
P 0x7f2a7c191628
U 2
P 0x7f2a7c19bc28
P 0x7f2a7c487010
p 2
C 65
= 0x7f2a7c487048
R
P 0x7f2a7c191628
C 342
R
P 0x7f2a7c191628
P 0x7f2a7c487048
C 257
R
P 0x7f2a7c191628
C 342
R
P 0x7f2a7c191628
P 0x7f2a7c487048
C 254
= 0x7f2a7c19b1e8
R
P 0x7f2a7c191628
C 342
R
P 0x7f2a7c191628
P 0x7f2a7c19b1e8
C 209
R
P 0x7f2a7c191628
C 342
R
P 0x7f2a7c191628
P 0x7f2a7c487048
C 260
R
P 0x7f2a7c191628
C 342
R
P 0x7f2a7c191628
P 0x7f2a7c487048
C 259
R
P 0x7f2a7c191628
C 342
R
P 0x7f2a7c191628
P 0x7f2a7c487048
C 258
R
P 0x7f2a7c191628
C 342
R
P 0x7f2a7c191628
P 0x7f2a7c487048
C 9
R
P 0x7f2a7c191628
C 342
R
P 0x7f2a7c191628
P 0x7f2a7c486fa0
P 0x7f2a7c487048
P 0x7f2a7c19bc28
C 59
= 0x7f2a7c19f948
R
P 0x7f2a7c191628
C 342
R
P 0x7f2a7c191628
P 0x7f2a7c19f948
C 257
R
P 0x7f2a7c191628
C 342
R
P 0x7f2a7c191628
P 0x7f2a7c19f948
C 254
= 0x7f2a7c19b1e8
R
P 0x7f2a7c191628
C 342
R
P 0x7f2a7c191628
P 0x7f2a7c19b1e8
C 209
R
P 0x7f2a7c191628
C 342
R
P 0x7f2a7c191628
P 0x7f2a7c19f948
C 260
R
P 0x7f2a7c191628
C 342
R
P 0x7f2a7c191628
P 0x7f2a7c19f948
C 259
R
P 0x7f2a7c191628
C 342
R
P 0x7f2a7c191628
P 0x7f2a7c19f948
C 258
R
P 0x7f2a7c191628
C 342
R
P 0x7f2a7c191628
P 0x7f2a7c19f948
C 9
R
P 0x7f2a7c191628
C 342
R
P 0x7f2a7c191628
U 2
P 0x7f2a7c19f948
P 0x7f2a7c19bb48
p 2
C 65
= 0x7f2a7c487080
R
P 0x7f2a7c191628
C 342
R
P 0x7f2a7c191628
P 0x7f2a7c487080
C 257
R
P 0x7f2a7c191628
C 342
R
P 0x7f2a7c191628
P 0x7f2a7c487080
C 254
= 0x7f2a7c19b1e8
R
P 0x7f2a7c191628
C 342
R
P 0x7f2a7c191628
P 0x7f2a7c19b1e8
C 209
R
P 0x7f2a7c191628
C 342
R
P 0x7f2a7c191628
P 0x7f2a7c487080
C 260
R
P 0x7f2a7c191628
C 342
R
P 0x7f2a7c191628
P 0x7f2a7c487080
C 259
R
P 0x7f2a7c191628
C 342
R
P 0x7f2a7c191628
P 0x7f2a7c487080
C 258
R
P 0x7f2a7c191628
C 342
R
P 0x7f2a7c191628
P 0x7f2a7c487080
C 9
R
P 0x7f2a7c191628
C 342
R
P 0x7f2a7c191628
P 0x7f2a7c19bc68
C 333
R
P 0x7f2a7c191628
C 342
R
P 0x7f2a7c191628
S "slotflowPriorityStart"
C 30
R
P 0x7f2a7c191628
C 342
R
P 0x7f2a7c191628
$ |slotflowPriorityStart|
C 202
R
P 0x7f2a7c191628
C 342
R
P 0x7f2a7c191628
$ |slotflowPriorityStart|
P 0x7f2a7c19b1e8
C 51
= 0x7f2a7c19c2a8
R
P 0x7f2a7c191628
C 342
R
P 0x7f2a7c191628
P 0x7f2a7c19c2a8
C 257
R
P 0x7f2a7c191628
C 342
R
P 0x7f2a7c191628
P 0x7f2a7c19c2a8
C 254
= 0x7f2a7c19b1e8
R
P 0x7f2a7c191628
C 342
R
P 0x7f2a7c191628
P 0x7f2a7c19b1e8
C 209
R
P 0x7f2a7c191628
C 342
R
P 0x7f2a7c191628
P 0x7f2a7c19c2a8
C 260
R
P 0x7f2a7c191628
C 342
R
P 0x7f2a7c191628
P 0x7f2a7c19c2a8
C 259
R
P 0x7f2a7c191628
C 342
R
P 0x7f2a7c191628
P 0x7f2a7c19c2a8
C 258
R
P 0x7f2a7c191628
C 342
R
P 0x7f2a7c191628
P 0x7f2a7c19c2a8
C 9
R
P 0x7f2a7c191628
C 342
R
P 0x7f2a7c191628
I 2
P 0x7f2a7c19b208
C 150
= 0x7f2a7c19bcc8
R
P 0x7f2a7c191628
C 342
R
P 0x7f2a7c191628
P 0x7f2a7c19bcc8
C 258
R
P 0x7f2a7c191628
C 342
R
P 0x7f2a7c191628
P 0x7f2a7c19bcc8
C 9
R
P 0x7f2a7c191628
C 342
R
P 0x7f2a7c191628
I 1
P 0x7f2a7c19b208
C 150
= 0x7f2a7c19bc88
R
P 0x7f2a7c191628
C 342
R
P 0x7f2a7c191628
P 0x7f2a7c19bc88
C 258
R
P 0x7f2a7c191628
C 342
R
P 0x7f2a7c191628
P 0x7f2a7c19bc88
C 9
R
P 0x7f2a7c191628
C 342
R
P 0x7f2a7c191628
P 0x7f2a7c19bcc8
P 0x7f2a7c19bc88
C 75
= 0x7f2a7c1a1890
R
P 0x7f2a7c191628
C 342
R
P 0x7f2a7c191628
P 0x7f2a7c1a1890
C 258
R
P 0x7f2a7c191628
C 342
R
P 0x7f2a7c191628
P 0x7f2a7c1a1890
C 9
R
P 0x7f2a7c191628
C 342
R
P 0x7f2a7c191628
I 1
P 0x7f2a7c19b208
C 150
= 0x7f2a7c19bc88
R
P 0x7f2a7c191628
C 342
R
P 0x7f2a7c191628
P 0x7f2a7c19bc88
C 258
R
P 0x7f2a7c191628
C 342
R
P 0x7f2a7c191628
P 0x7f2a7c19bc88
C 9
R
P 0x7f2a7c191628
C 342
R
P 0x7f2a7c191628
U 2
P 0x7f2a7c19bcc8
P 0x7f2a7c19bc88
p 2
C 67
= 0x7f2a7c1a18c8
R
P 0x7f2a7c191628
C 342
R
P 0x7f2a7c191628
P 0x7f2a7c1a18c8
C 257
R
P 0x7f2a7c191628
C 342
R
P 0x7f2a7c191628
P 0x7f2a7c1a18c8
C 254
= 0x7f2a7c19b208
R
P 0x7f2a7c191628
C 342
R
P 0x7f2a7c191628
P 0x7f2a7c19b208
C 209
R
P 0x7f2a7c191628
C 342
R
P 0x7f2a7c191628
P 0x7f2a7c1a18c8
C 260
R
P 0x7f2a7c191628
C 342
R
P 0x7f2a7c191628
P 0x7f2a7c1a18c8
C 259
R
P 0x7f2a7c191628
C 342
R
P 0x7f2a7c191628
P 0x7f2a7c1a18c8
C 258
R
P 0x7f2a7c191628
C 342
R
P 0x7f2a7c191628
P 0x7f2a7c1a18c8
C 9
R
P 0x7f2a7c191628
C 342
R
P 0x7f2a7c191628
U 2
P 0x7f2a7c19bbe8
P 0x7f2a7c1a18c8
p 2
C 66
= 0x7f2a7c487d68
R
P 0x7f2a7c191628
C 342
R
P 0x7f2a7c191628
P 0x7f2a7c487d68
C 257
R
P 0x7f2a7c191628
C 342
R
P 0x7f2a7c191628
P 0x7f2a7c487d68
C 254
= 0x7f2a7c19b208
R
P 0x7f2a7c191628
C 342
R
P 0x7f2a7c191628
P 0x7f2a7c19b208
C 209
R
P 0x7f2a7c191628
C 342
R
P 0x7f2a7c191628
P 0x7f2a7c487d68
C 260
R
P 0x7f2a7c191628
C 342
R
P 0x7f2a7c191628
P 0x7f2a7c487d68
C 259
R
P 0x7f2a7c191628
C 342
R
P 0x7f2a7c191628
P 0x7f2a7c487d68
C 258
R
P 0x7f2a7c191628
C 342
R
P 0x7f2a7c191628
P 0x7f2a7c487d68
C 9
R
P 0x7f2a7c191628
C 342
R
P 0x7f2a7c191628
U 2
P 0x7f2a7c19bb88
P 0x7f2a7c487d68
p 2
C 65
= 0x7f2a7c487da0
R
P 0x7f2a7c191628
C 342
R
P 0x7f2a7c191628
P 0x7f2a7c487da0
C 257
R
P 0x7f2a7c191628
C 342
R
P 0x7f2a7c191628
P 0x7f2a7c487da0
C 254
= 0x7f2a7c19b1e8
R
P 0x7f2a7c191628
C 342
R
P 0x7f2a7c191628
P 0x7f2a7c19b1e8
C 209
R
P 0x7f2a7c191628
C 342
R
P 0x7f2a7c191628
P 0x7f2a7c487da0
C 260
R
P 0x7f2a7c191628
C 342
R
P 0x7f2a7c191628
P 0x7f2a7c487da0
C 259
R
P 0x7f2a7c191628
C 342
R
P 0x7f2a7c191628
P 0x7f2a7c487da0
C 258
R
P 0x7f2a7c191628
C 342
R
P 0x7f2a7c191628
P 0x7f2a7c487da0
C 9
R
P 0x7f2a7c191628
C 342
R
P 0x7f2a7c191628
P 0x7f2a7c1a1890
P 0x7f2a7c487da0
P 0x7f2a7c19bb88
C 59
= 0x7f2a7c19fa88
R
P 0x7f2a7c191628
C 342
R
P 0x7f2a7c191628
P 0x7f2a7c19fa88
C 257
R
P 0x7f2a7c191628
C 342
R
P 0x7f2a7c191628
P 0x7f2a7c19fa88
C 254
= 0x7f2a7c19b1e8
R
P 0x7f2a7c191628
C 342
R
P 0x7f2a7c191628
P 0x7f2a7c19b1e8
C 209
R
P 0x7f2a7c191628
C 342
R
P 0x7f2a7c191628
P 0x7f2a7c19fa88
C 260
R
P 0x7f2a7c191628
C 342
R
P 0x7f2a7c191628
P 0x7f2a7c19fa88
C 259
R
P 0x7f2a7c191628
C 342
R
P 0x7f2a7c191628
P 0x7f2a7c19fa88
C 258
R
P 0x7f2a7c191628
C 342
R
P 0x7f2a7c191628
P 0x7f2a7c19fa88
C 9
R
P 0x7f2a7c191628
C 342
R
P 0x7f2a7c191628
U 2
P 0x7f2a7c19c2a8
P 0x7f2a7c19fa88
p 2
C 65
= 0x7f2a7c487e80
R
P 0x7f2a7c191628
C 342
R
P 0x7f2a7c191628
P 0x7f2a7c487e80
C 257
R
P 0x7f2a7c191628
C 342
R
P 0x7f2a7c191628
P 0x7f2a7c487e80
C 254
= 0x7f2a7c19b1e8
R
P 0x7f2a7c191628
C 342
R
P 0x7f2a7c191628
P 0x7f2a7c19b1e8
C 209
R
P 0x7f2a7c191628
C 342
R
P 0x7f2a7c191628
P 0x7f2a7c487e80
C 260
R
P 0x7f2a7c191628
C 342
R
P 0x7f2a7c191628
P 0x7f2a7c487e80
C 259
R
P 0x7f2a7c191628
C 342
R
P 0x7f2a7c191628
P 0x7f2a7c487e80
C 258
R
P 0x7f2a7c191628
C 342
R
P 0x7f2a7c191628
P 0x7f2a7c487e80
C 9
R
P 0x7f2a7c191628
C 342
R
P 0x7f2a7c191628
P 0x7f2a7c487080
P 0x7f2a7c487e80
C 76
= 0x7f2a7c487eb8
R
P 0x7f2a7c191628
C 342
R
P 0x7f2a7c191628
P 0x7f2a7c487eb8
C 258
R
P 0x7f2a7c191628
C 342
R
P 0x7f2a7c191628
P 0x7f2a7c487eb8
C 9
R
P 0x7f2a7c191628
C 342
R
P 0x7f2a7c191628
U 2
P 0x7f2a7c487e48
P 0x7f2a7c487eb8
p 2
C 63
= 0x7f2a7c487ef0
R
P 0x7f2a7c191628
C 342
R
P 0x7f2a7c191628
P 0x7f2a7c487ef0
C 258
R
P 0x7f2a7c191628
C 342
R
P 0x7f2a7c191628
P 0x7f2a7c487ef0
C 9
R
P 0x7f2a7c191628
C 342
R
P 0x7f2a7c191628
I 0
P 0x7f2a7c19b208
C 150
= 0x7f2a7c19bd08
R
P 0x7f2a7c191628
C 342
R
P 0x7f2a7c191628
P 0x7f2a7c19bd08
C 258
R
P 0x7f2a7c191628
C 342
R
P 0x7f2a7c191628
P 0x7f2a7c19bd08
C 9
R
P 0x7f2a7c191628
C 342
R
P 0x7f2a7c191628
P 0x7f2a7c19bd08
C 263
R
P 0x7f2a7c191628
C 342
R
P 0x7f2a7c191628
S "dev0T30"
C 30
R
P 0x7f2a7c191628
C 342
R
P 0x7f2a7c191628
$ |dev0T30|
C 202
R
P 0x7f2a7c191628
C 342
R
P 0x7f2a7c191628
$ |dev0T30|
P 0x7f2a7c19b1e8
C 51
= 0x7f2a7c19c208
R
P 0x7f2a7c191628
C 342
R
P 0x7f2a7c191628
P 0x7f2a7c19c208
C 257
R
P 0x7f2a7c191628
C 342
R
P 0x7f2a7c191628
P 0x7f2a7c19c208
C 254
= 0x7f2a7c19b1e8
R
P 0x7f2a7c191628
C 342
R
P 0x7f2a7c191628
P 0x7f2a7c19b1e8
C 209
R
P 0x7f2a7c191628
C 342
R
P 0x7f2a7c191628
P 0x7f2a7c19c208
C 260
R
P 0x7f2a7c191628
C 342
R
P 0x7f2a7c191628
P 0x7f2a7c19c208
C 259
R
P 0x7f2a7c191628
C 342
R
P 0x7f2a7c191628
P 0x7f2a7c19c208
C 258
R
P 0x7f2a7c191628
C 342
R
P 0x7f2a7c191628
P 0x7f2a7c19c208
C 9
R
P 0x7f2a7c191628
C 342
R
P 0x7f2a7c191628
I 0
P 0x7f2a7c19b208
C 150
= 0x7f2a7c19bd08
R
P 0x7f2a7c191628
C 342
R
P 0x7f2a7c191628
P 0x7f2a7c19bd08
C 258
R
P 0x7f2a7c191628
C 342
R
P 0x7f2a7c191628
P 0x7f2a7c19bd08
C 9
R
P 0x7f2a7c191628
C 342
R
P 0x7f2a7c191628
I 1
P 0x7f2a7c19b208
C 150
= 0x7f2a7c19bc88
R
P 0x7f2a7c191628
C 342
R
P 0x7f2a7c191628
P 0x7f2a7c19bc88
C 258
R
P 0x7f2a7c191628
C 342
R
P 0x7f2a7c191628
P 0x7f2a7c19bc88
C 9
R
P 0x7f2a7c191628
C 342
R
P 0x7f2a7c191628
P 0x7f2a7c19bd08
P 0x7f2a7c19bc88
C 75
= 0x7f2a7c486fa0
R
P 0x7f2a7c191628
C 342
R
P 0x7f2a7c191628
P 0x7f2a7c486fa0
C 258
R
P 0x7f2a7c191628
C 342
R
P 0x7f2a7c191628
P 0x7f2a7c486fa0
C 9
R
P 0x7f2a7c191628
C 342
R
P 0x7f2a7c191628
I 1
P 0x7f2a7c19b208
C 150
= 0x7f2a7c19bc88
R
P 0x7f2a7c191628
C 342
R
P 0x7f2a7c191628
P 0x7f2a7c19bc88
C 258
R
P 0x7f2a7c191628
C 342
R
P 0x7f2a7c191628
P 0x7f2a7c19bc88
C 9
R
P 0x7f2a7c191628
C 342
R
P 0x7f2a7c191628
U 2
P 0x7f2a7c19bd08
P 0x7f2a7c19bc88
p 2
C 67
= 0x7f2a7c486fd8
R
P 0x7f2a7c191628
C 342
R
P 0x7f2a7c191628
P 0x7f2a7c486fd8
C 257
R
P 0x7f2a7c191628
C 342
R
P 0x7f2a7c191628
P 0x7f2a7c486fd8
C 254
= 0x7f2a7c19b208
R
P 0x7f2a7c191628
C 342
R
P 0x7f2a7c191628
P 0x7f2a7c19b208
C 209
R
P 0x7f2a7c191628
C 342
R
P 0x7f2a7c191628
P 0x7f2a7c486fd8
C 260
R
P 0x7f2a7c191628
C 342
R
P 0x7f2a7c191628
P 0x7f2a7c486fd8
C 259
R
P 0x7f2a7c191628
C 342
R
P 0x7f2a7c191628
P 0x7f2a7c486fd8
C 258
R
P 0x7f2a7c191628
C 342
R
P 0x7f2a7c191628
P 0x7f2a7c486fd8
C 9
R
P 0x7f2a7c191628
C 342
R
P 0x7f2a7c191628
U 2
P 0x7f2a7c19bba8
P 0x7f2a7c486fd8
p 2
C 66
= 0x7f2a7c487010
R
P 0x7f2a7c191628
C 342
R
P 0x7f2a7c191628
P 0x7f2a7c487010
C 257
R
P 0x7f2a7c191628
C 342
R
P 0x7f2a7c191628
P 0x7f2a7c487010
C 254
= 0x7f2a7c19b1e8
R
P 0x7f2a7c191628
C 342
R
P 0x7f2a7c191628
P 0x7f2a7c19b1e8
C 209
R
P 0x7f2a7c191628
C 342
R
P 0x7f2a7c191628
P 0x7f2a7c487010
C 260
R
P 0x7f2a7c191628
C 342
R
P 0x7f2a7c191628
P 0x7f2a7c487010
C 259
R
P 0x7f2a7c191628
C 342
R
P 0x7f2a7c191628
P 0x7f2a7c487010
C 258
R
P 0x7f2a7c191628
C 342
R
P 0x7f2a7c191628
P 0x7f2a7c487010
C 9
R
P 0x7f2a7c191628
C 342
R
P 0x7f2a7c191628
U 2
P 0x7f2a7c19bc28
P 0x7f2a7c487010
p 2
C 65
= 0x7f2a7c487048
R
P 0x7f2a7c191628
C 342
R
P 0x7f2a7c191628
P 0x7f2a7c487048
C 257
R
P 0x7f2a7c191628
C 342
R
P 0x7f2a7c191628
P 0x7f2a7c487048
C 254
= 0x7f2a7c19b1e8
R
P 0x7f2a7c191628
C 342
R
P 0x7f2a7c191628
P 0x7f2a7c19b1e8
C 209
R
P 0x7f2a7c191628
C 342
R
P 0x7f2a7c191628
P 0x7f2a7c487048
C 260
R
P 0x7f2a7c191628
C 342
R
P 0x7f2a7c191628
P 0x7f2a7c487048
C 259
R
P 0x7f2a7c191628
C 342
R
P 0x7f2a7c191628
P 0x7f2a7c487048
C 258
R
P 0x7f2a7c191628
C 342
R
P 0x7f2a7c191628
P 0x7f2a7c487048
C 9
R
P 0x7f2a7c191628
C 342
R
P 0x7f2a7c191628
P 0x7f2a7c486fa0
P 0x7f2a7c487048
P 0x7f2a7c19bc28
C 59
= 0x7f2a7c19f948
R
P 0x7f2a7c191628
C 342
R
P 0x7f2a7c191628
P 0x7f2a7c19f948
C 257
R
P 0x7f2a7c191628
C 342
R
P 0x7f2a7c191628
P 0x7f2a7c19f948
C 254
= 0x7f2a7c19b1e8
R
P 0x7f2a7c191628
C 342
R
P 0x7f2a7c191628
P 0x7f2a7c19b1e8
C 209
R
P 0x7f2a7c191628
C 342
R
P 0x7f2a7c191628
P 0x7f2a7c19f948
C 260
R
P 0x7f2a7c191628
C 342
R
P 0x7f2a7c191628
P 0x7f2a7c19f948
C 259
R
P 0x7f2a7c191628
C 342
R
P 0x7f2a7c191628
P 0x7f2a7c19f948
C 258
R
P 0x7f2a7c191628
C 342
R
P 0x7f2a7c191628
P 0x7f2a7c19f948
C 9
R
P 0x7f2a7c191628
C 342
R
P 0x7f2a7c191628
U 2
P 0x7f2a7c19f948
P 0x7f2a7c19bb48
p 2
C 65
= 0x7f2a7c487080
R
P 0x7f2a7c191628
C 342
R
P 0x7f2a7c191628
P 0x7f2a7c487080
C 257
R
P 0x7f2a7c191628
C 342
R
P 0x7f2a7c191628
P 0x7f2a7c487080
C 254
= 0x7f2a7c19b1e8
R
P 0x7f2a7c191628
C 342
R
P 0x7f2a7c191628
P 0x7f2a7c19b1e8
C 209
R
P 0x7f2a7c191628
C 342
R
P 0x7f2a7c191628
P 0x7f2a7c487080
C 260
R
P 0x7f2a7c191628
C 342
R
P 0x7f2a7c191628
P 0x7f2a7c487080
C 259
R
P 0x7f2a7c191628
C 342
R
P 0x7f2a7c191628
P 0x7f2a7c487080
C 258
R
P 0x7f2a7c191628
C 342
R
P 0x7f2a7c191628
P 0x7f2a7c487080
C 9
R
P 0x7f2a7c191628
C 342
R
P 0x7f2a7c191628
U 2
P 0x7f2a7c487080
P 0x7f2a7c19bb68
p 2
C 65
= 0x7f2a7c4870b8
R
P 0x7f2a7c191628
C 342
R
P 0x7f2a7c191628
P 0x7f2a7c4870b8
C 257
R
P 0x7f2a7c191628
C 342
R
P 0x7f2a7c191628
P 0x7f2a7c4870b8
C 254
= 0x7f2a7c19b1e8
R
P 0x7f2a7c191628
C 342
R
P 0x7f2a7c191628
P 0x7f2a7c19b1e8
C 209
R
P 0x7f2a7c191628
C 342
R
P 0x7f2a7c191628
P 0x7f2a7c4870b8
C 260
R
P 0x7f2a7c191628
C 342
R
P 0x7f2a7c191628
P 0x7f2a7c4870b8
C 259
R
P 0x7f2a7c191628
C 342
R
P 0x7f2a7c191628
P 0x7f2a7c4870b8
C 258
R
P 0x7f2a7c191628
C 342
R
P 0x7f2a7c191628
P 0x7f2a7c4870b8
C 9
R
P 0x7f2a7c191628
C 342
R
P 0x7f2a7c191628
P 0x7f2a7c19c208
P 0x7f2a7c4870b8
C 56
= 0x7f2a7c487b00
R
P 0x7f2a7c191628
C 342
R
P 0x7f2a7c191628
P 0x7f2a7c487b00
C 258
R
P 0x7f2a7c191628
C 342
R
P 0x7f2a7c191628
P 0x7f2a7c487b00
C 9
R
P 0x7f2a7c191628
C 342
R
P 0x7f2a7c191628
P 0x7f2a7c487ef0
P 0x7f2a7c487b00
C 61
= 0x7f2a7c487f28
R
P 0x7f2a7c191628
C 342
R
P 0x7f2a7c191628
P 0x7f2a7c487f28
C 258
R
P 0x7f2a7c191628
C 342
R
P 0x7f2a7c191628
P 0x7f2a7c487f28
C 9
R
P 0x7f2a7c191628
C 342
R
P 0x7f2a7c191628
P 0x7f2a7c1e1fc8
P 0x7f2a7c487f28
C 427
R
P 0x7f2a7c191628
C 342
R
P 0x7f2a7c191628
I 0
P 0x7f2a7c19b208
C 150
= 0x7f2a7c19bd08
R
P 0x7f2a7c191628
C 342
R
P 0x7f2a7c191628
P 0x7f2a7c19bd08
C 258
R
P 0x7f2a7c191628
C 342
R
P 0x7f2a7c191628
P 0x7f2a7c19bd08
C 9
R
P 0x7f2a7c191628
C 342
R
P 0x7f2a7c191628
I 1
P 0x7f2a7c19b208
C 150
= 0x7f2a7c19bc88
R
P 0x7f2a7c191628
C 342
R
P 0x7f2a7c191628
P 0x7f2a7c19bc88
C 258
R
P 0x7f2a7c191628
C 342
R
P 0x7f2a7c191628
P 0x7f2a7c19bc88
C 9
R
P 0x7f2a7c191628
C 342
R
P 0x7f2a7c191628
P 0x7f2a7c19bd08
P 0x7f2a7c19bc88
C 75
= 0x7f2a7c486fa0
R
P 0x7f2a7c191628
C 342
R
P 0x7f2a7c191628
P 0x7f2a7c486fa0
C 258
R
P 0x7f2a7c191628
C 342
R
P 0x7f2a7c191628
P 0x7f2a7c486fa0
C 9
R
P 0x7f2a7c191628
C 342
R
P 0x7f2a7c191628
I 1
P 0x7f2a7c19b208
C 150
= 0x7f2a7c19bc88
R
P 0x7f2a7c191628
C 342
R
P 0x7f2a7c191628
P 0x7f2a7c19bc88
C 258
R
P 0x7f2a7c191628
C 342
R
P 0x7f2a7c191628
P 0x7f2a7c19bc88
C 9
R
P 0x7f2a7c191628
C 342
R
P 0x7f2a7c191628
U 2
P 0x7f2a7c19bd08
P 0x7f2a7c19bc88
p 2
C 67
= 0x7f2a7c486fd8
R
P 0x7f2a7c191628
C 342
R
P 0x7f2a7c191628
P 0x7f2a7c486fd8
C 257
R
P 0x7f2a7c191628
C 342
R
P 0x7f2a7c191628
P 0x7f2a7c486fd8
C 254
= 0x7f2a7c19b208
R
P 0x7f2a7c191628
C 342
R
P 0x7f2a7c191628
P 0x7f2a7c19b208
C 209
R
P 0x7f2a7c191628
C 342
R
P 0x7f2a7c191628
P 0x7f2a7c486fd8
C 260
R
P 0x7f2a7c191628
C 342
R
P 0x7f2a7c191628
P 0x7f2a7c486fd8
C 259
R
P 0x7f2a7c191628
C 342
R
P 0x7f2a7c191628
P 0x7f2a7c486fd8
C 258
R
P 0x7f2a7c191628
C 342
R
P 0x7f2a7c191628
P 0x7f2a7c486fd8
C 9
R
P 0x7f2a7c191628
C 342
R
P 0x7f2a7c191628
U 2
P 0x7f2a7c19bba8
P 0x7f2a7c486fd8
p 2
C 66
= 0x7f2a7c487010
R
P 0x7f2a7c191628
C 342
R
P 0x7f2a7c191628
P 0x7f2a7c487010
C 257
R
P 0x7f2a7c191628
C 342
R
P 0x7f2a7c191628
P 0x7f2a7c487010
C 254
= 0x7f2a7c19b1e8
R
P 0x7f2a7c191628
C 342
R
P 0x7f2a7c191628
P 0x7f2a7c19b1e8
C 209
R
P 0x7f2a7c191628
C 342
R
P 0x7f2a7c191628
P 0x7f2a7c487010
C 260
R
P 0x7f2a7c191628
C 342
R
P 0x7f2a7c191628
P 0x7f2a7c487010
C 259
R
P 0x7f2a7c191628
C 342
R
P 0x7f2a7c191628
P 0x7f2a7c487010
C 258
R
P 0x7f2a7c191628
C 342
R
P 0x7f2a7c191628
P 0x7f2a7c487010
C 9
R
P 0x7f2a7c191628
C 342
R
P 0x7f2a7c191628
U 2
P 0x7f2a7c19bc28
P 0x7f2a7c487010
p 2
C 65
= 0x7f2a7c487048
R
P 0x7f2a7c191628
C 342
R
P 0x7f2a7c191628
P 0x7f2a7c487048
C 257
R
P 0x7f2a7c191628
C 342
R
P 0x7f2a7c191628
P 0x7f2a7c487048
C 254
= 0x7f2a7c19b1e8
R
P 0x7f2a7c191628
C 342
R
P 0x7f2a7c191628
P 0x7f2a7c19b1e8
C 209
R
P 0x7f2a7c191628
C 342
R
P 0x7f2a7c191628
P 0x7f2a7c487048
C 260
R
P 0x7f2a7c191628
C 342
R
P 0x7f2a7c191628
P 0x7f2a7c487048
C 259
R
P 0x7f2a7c191628
C 342
R
P 0x7f2a7c191628
P 0x7f2a7c487048
C 258
R
P 0x7f2a7c191628
C 342
R
P 0x7f2a7c191628
P 0x7f2a7c487048
C 9
R
P 0x7f2a7c191628
C 342
R
P 0x7f2a7c191628
P 0x7f2a7c486fa0
P 0x7f2a7c487048
P 0x7f2a7c19bc28
C 59
= 0x7f2a7c19f948
R
P 0x7f2a7c191628
C 342
R
P 0x7f2a7c191628
P 0x7f2a7c19f948
C 257
R
P 0x7f2a7c191628
C 342
R
P 0x7f2a7c191628
P 0x7f2a7c19f948
C 254
= 0x7f2a7c19b1e8
R
P 0x7f2a7c191628
C 342
R
P 0x7f2a7c191628
P 0x7f2a7c19b1e8
C 209
R
P 0x7f2a7c191628
C 342
R
P 0x7f2a7c191628
P 0x7f2a7c19f948
C 260
R
P 0x7f2a7c191628
C 342
R
P 0x7f2a7c191628
P 0x7f2a7c19f948
C 259
R
P 0x7f2a7c191628
C 342
R
P 0x7f2a7c191628
P 0x7f2a7c19f948
C 258
R
P 0x7f2a7c191628
C 342
R
P 0x7f2a7c191628
P 0x7f2a7c19f948
C 9
R
P 0x7f2a7c191628
C 342
R
P 0x7f2a7c191628
U 2
P 0x7f2a7c19f948
P 0x7f2a7c19bb48
p 2
C 65
= 0x7f2a7c487080
R
P 0x7f2a7c191628
C 342
R
P 0x7f2a7c191628
P 0x7f2a7c487080
C 257
R
P 0x7f2a7c191628
C 342
R
P 0x7f2a7c191628
P 0x7f2a7c487080
C 254
= 0x7f2a7c19b1e8
R
P 0x7f2a7c191628
C 342
R
P 0x7f2a7c191628
P 0x7f2a7c19b1e8
C 209
R
P 0x7f2a7c191628
C 342
R
P 0x7f2a7c191628
P 0x7f2a7c487080
C 260
R
P 0x7f2a7c191628
C 342
R
P 0x7f2a7c191628
P 0x7f2a7c487080
C 259
R
P 0x7f2a7c191628
C 342
R
P 0x7f2a7c191628
P 0x7f2a7c487080
C 258
R
P 0x7f2a7c191628
C 342
R
P 0x7f2a7c191628
P 0x7f2a7c487080
C 9
R
P 0x7f2a7c191628
C 342
R
P 0x7f2a7c191628
P 0x7f2a7c19bc68
C 333
R
P 0x7f2a7c191628
C 342
R
P 0x7f2a7c191628
S "slotflowPriorityStart"
C 30
R
P 0x7f2a7c191628
C 342
R
P 0x7f2a7c191628
$ |slotflowPriorityStart|
C 202
R
P 0x7f2a7c191628
C 342
R
P 0x7f2a7c191628
$ |slotflowPriorityStart|
P 0x7f2a7c19b1e8
C 51
= 0x7f2a7c19c2a8
R
P 0x7f2a7c191628
C 342
R
P 0x7f2a7c191628
P 0x7f2a7c19c2a8
C 257
R
P 0x7f2a7c191628
C 342
R
P 0x7f2a7c191628
P 0x7f2a7c19c2a8
C 254
= 0x7f2a7c19b1e8
R
P 0x7f2a7c191628
C 342
R
P 0x7f2a7c191628
P 0x7f2a7c19b1e8
C 209
R
P 0x7f2a7c191628
C 342
R
P 0x7f2a7c191628
P 0x7f2a7c19c2a8
C 260
R
P 0x7f2a7c191628
C 342
R
P 0x7f2a7c191628
P 0x7f2a7c19c2a8
C 259
R
P 0x7f2a7c191628
C 342
R
P 0x7f2a7c191628
P 0x7f2a7c19c2a8
C 258
R
P 0x7f2a7c191628
C 342
R
P 0x7f2a7c191628
P 0x7f2a7c19c2a8
C 9
R
P 0x7f2a7c191628
C 342
R
P 0x7f2a7c191628
P 0x7f2a7c19bc68
C 333
R
P 0x7f2a7c191628
C 342
R
P 0x7f2a7c191628
S "slotflowPriorityDuration"
C 30
R
P 0x7f2a7c191628
C 342
R
P 0x7f2a7c191628
$ |slotflowPriorityDuration|
C 202
R
P 0x7f2a7c191628
C 342
R
P 0x7f2a7c191628
$ |slotflowPriorityDuration|
P 0x7f2a7c19b1e8
C 51
= 0x7f2a7c19c268
R
P 0x7f2a7c191628
C 342
R
P 0x7f2a7c191628
P 0x7f2a7c19c268
C 257
R
P 0x7f2a7c191628
C 342
R
P 0x7f2a7c191628
P 0x7f2a7c19c268
C 254
= 0x7f2a7c19b1e8
R
P 0x7f2a7c191628
C 342
R
P 0x7f2a7c191628
P 0x7f2a7c19b1e8
C 209
R
P 0x7f2a7c191628
C 342
R
P 0x7f2a7c191628
P 0x7f2a7c19c268
C 260
R
P 0x7f2a7c191628
C 342
R
P 0x7f2a7c191628
P 0x7f2a7c19c268
C 259
R
P 0x7f2a7c191628
C 342
R
P 0x7f2a7c191628
P 0x7f2a7c19c268
C 258
R
P 0x7f2a7c191628
C 342
R
P 0x7f2a7c191628
P 0x7f2a7c19c268
C 9
R
P 0x7f2a7c191628
C 342
R
P 0x7f2a7c191628
U 2
P 0x7f2a7c19c2a8
P 0x7f2a7c19c268
p 2
C 65
= 0x7f2a7c487908
R
P 0x7f2a7c191628
C 342
R
P 0x7f2a7c191628
P 0x7f2a7c487908
C 257
R
P 0x7f2a7c191628
C 342
R
P 0x7f2a7c191628
P 0x7f2a7c487908
C 254
= 0x7f2a7c19b1e8
R
P 0x7f2a7c191628
C 342
R
P 0x7f2a7c191628
P 0x7f2a7c19b1e8
C 209
R
P 0x7f2a7c191628
C 342
R
P 0x7f2a7c191628
P 0x7f2a7c487908
C 260
R
P 0x7f2a7c191628
C 342
R
P 0x7f2a7c191628
P 0x7f2a7c487908
C 259
R
P 0x7f2a7c191628
C 342
R
P 0x7f2a7c191628
P 0x7f2a7c487908
C 258
R
P 0x7f2a7c191628
C 342
R
P 0x7f2a7c191628
P 0x7f2a7c487908
C 9
R
P 0x7f2a7c191628
C 342
R
P 0x7f2a7c191628
I 3
P 0x7f2a7c19b208
C 150
= 0x7f2a7c19bfc8
R
P 0x7f2a7c191628
C 342
R
P 0x7f2a7c191628
P 0x7f2a7c19bfc8
C 258
R
P 0x7f2a7c191628
C 342
R
P 0x7f2a7c191628
P 0x7f2a7c19bfc8
C 9
R
P 0x7f2a7c191628
C 342
R
P 0x7f2a7c191628
I 1
P 0x7f2a7c19b208
C 150
= 0x7f2a7c19bc88
R
P 0x7f2a7c191628
C 342
R
P 0x7f2a7c191628
P 0x7f2a7c19bc88
C 258
R
P 0x7f2a7c191628
C 342
R
P 0x7f2a7c191628
P 0x7f2a7c19bc88
C 9
R
P 0x7f2a7c191628
C 342
R
P 0x7f2a7c191628
P 0x7f2a7c19bfc8
P 0x7f2a7c19bc88
C 75
= 0x7f2a7c487208
R
P 0x7f2a7c191628
C 342
R
P 0x7f2a7c191628
P 0x7f2a7c487208
C 258
R
P 0x7f2a7c191628
C 342
R
P 0x7f2a7c191628
P 0x7f2a7c487208
C 9
R
P 0x7f2a7c191628
C 342
R
P 0x7f2a7c191628
I 1
P 0x7f2a7c19b208
C 150
= 0x7f2a7c19bc88
R
P 0x7f2a7c191628
C 342
R
P 0x7f2a7c191628
P 0x7f2a7c19bc88
C 258
R
P 0x7f2a7c191628
C 342
R
P 0x7f2a7c191628
P 0x7f2a7c19bc88
C 9
R
P 0x7f2a7c191628
C 342
R
P 0x7f2a7c191628
U 2
P 0x7f2a7c19bfc8
P 0x7f2a7c19bc88
p 2
C 67
= 0x7f2a7c487240
R
P 0x7f2a7c191628
C 342
R
P 0x7f2a7c191628
P 0x7f2a7c487240
C 257
R
P 0x7f2a7c191628
C 342
R
P 0x7f2a7c191628
P 0x7f2a7c487240
C 254
= 0x7f2a7c19b208
R
P 0x7f2a7c191628
C 342
R
P 0x7f2a7c191628
P 0x7f2a7c19b208
C 209
R
P 0x7f2a7c191628
C 342
R
P 0x7f2a7c191628
P 0x7f2a7c487240
C 260
R
P 0x7f2a7c191628
C 342
R
P 0x7f2a7c191628
P 0x7f2a7c487240
C 259
R
P 0x7f2a7c191628
C 342
R
P 0x7f2a7c191628
P 0x7f2a7c487240
C 258
R
P 0x7f2a7c191628
C 342
R
P 0x7f2a7c191628
P 0x7f2a7c487240
C 9
R
P 0x7f2a7c191628
C 342
R
P 0x7f2a7c191628
U 2
P 0x7f2a7c19bbe8
P 0x7f2a7c487240
p 2
C 66
= 0x7f2a7c487f60
R
P 0x7f2a7c191628
C 342
R
P 0x7f2a7c191628
P 0x7f2a7c487f60
C 257
R
P 0x7f2a7c191628
C 342
R
P 0x7f2a7c191628
P 0x7f2a7c487f60
C 254
= 0x7f2a7c19b208
R
P 0x7f2a7c191628
C 342
R
P 0x7f2a7c191628
P 0x7f2a7c19b208
C 209
R
P 0x7f2a7c191628
C 342
R
P 0x7f2a7c191628
P 0x7f2a7c487f60
C 260
R
P 0x7f2a7c191628
C 342
R
P 0x7f2a7c191628
P 0x7f2a7c487f60
C 259
R
P 0x7f2a7c191628
C 342
R
P 0x7f2a7c191628
P 0x7f2a7c487f60
C 258
R
P 0x7f2a7c191628
C 342
R
P 0x7f2a7c191628
P 0x7f2a7c487f60
C 9
R
P 0x7f2a7c191628
C 342
R
P 0x7f2a7c191628
U 2
P 0x7f2a7c19bb88
P 0x7f2a7c487f60
p 2
C 65
= 0x7f2a7c487f98
R
P 0x7f2a7c191628
C 342
R
P 0x7f2a7c191628
P 0x7f2a7c487f98
C 257
R
P 0x7f2a7c191628
C 342
R
P 0x7f2a7c191628
P 0x7f2a7c487f98
C 254
= 0x7f2a7c19b1e8
R
P 0x7f2a7c191628
C 342
R
P 0x7f2a7c191628
P 0x7f2a7c19b1e8
C 209
R
P 0x7f2a7c191628
C 342
R
P 0x7f2a7c191628
P 0x7f2a7c487f98
C 260
R
P 0x7f2a7c191628
C 342
R
P 0x7f2a7c191628
P 0x7f2a7c487f98
C 259
R
P 0x7f2a7c191628
C 342
R
P 0x7f2a7c191628
P 0x7f2a7c487f98
C 258
R
P 0x7f2a7c191628
C 342
R
P 0x7f2a7c191628
P 0x7f2a7c487f98
C 9
R
P 0x7f2a7c191628
C 342
R
P 0x7f2a7c191628
P 0x7f2a7c487208
P 0x7f2a7c487f98
P 0x7f2a7c19bb88
C 59
= 0x7f2a7c19fac8
R
P 0x7f2a7c191628
C 342
R
P 0x7f2a7c191628
P 0x7f2a7c19fac8
C 257
R
P 0x7f2a7c191628
C 342
R
P 0x7f2a7c191628
P 0x7f2a7c19fac8
C 254
= 0x7f2a7c19b1e8
R
P 0x7f2a7c191628
C 342
R
P 0x7f2a7c191628
P 0x7f2a7c19b1e8
C 209
R
P 0x7f2a7c191628
C 342
R
P 0x7f2a7c191628
P 0x7f2a7c19fac8
C 260
R
P 0x7f2a7c191628
C 342
R
P 0x7f2a7c191628
P 0x7f2a7c19fac8
C 259
R
P 0x7f2a7c191628
C 342
R
P 0x7f2a7c191628
P 0x7f2a7c19fac8
C 258
R
P 0x7f2a7c191628
C 342
R
P 0x7f2a7c191628
P 0x7f2a7c19fac8
C 9
R
P 0x7f2a7c191628
C 342
R
P 0x7f2a7c191628
U 2
P 0x7f2a7c487908
P 0x7f2a7c19fac8
p 2
C 65
= 0x7f2a7c487fd0
R
P 0x7f2a7c191628
C 342
R
P 0x7f2a7c191628
P 0x7f2a7c487fd0
C 257
R
P 0x7f2a7c191628
C 342
R
P 0x7f2a7c191628
P 0x7f2a7c487fd0
C 254
= 0x7f2a7c19b1e8
R
P 0x7f2a7c191628
C 342
R
P 0x7f2a7c191628
P 0x7f2a7c19b1e8
C 209
R
P 0x7f2a7c191628
C 342
R
P 0x7f2a7c191628
P 0x7f2a7c487fd0
C 260
R
P 0x7f2a7c191628
C 342
R
P 0x7f2a7c191628
P 0x7f2a7c487fd0
C 259
R
P 0x7f2a7c191628
C 342
R
P 0x7f2a7c191628
P 0x7f2a7c487fd0
C 258
R
P 0x7f2a7c191628
C 342
R
P 0x7f2a7c191628
P 0x7f2a7c487fd0
C 9
R
P 0x7f2a7c191628
C 342
R
P 0x7f2a7c191628
U 2
P 0x7f2a7c487fd0
P 0x7f2a7c19bb68
p 2
C 67
= 0x7f2a7c488008
R
P 0x7f2a7c191628
C 342
R
P 0x7f2a7c191628
P 0x7f2a7c488008
C 257
R
P 0x7f2a7c191628
C 342
R
P 0x7f2a7c191628
P 0x7f2a7c488008
C 254
= 0x7f2a7c19b1e8
R
P 0x7f2a7c191628
C 342
R
P 0x7f2a7c191628
P 0x7f2a7c19b1e8
C 209
R
P 0x7f2a7c191628
C 342
R
P 0x7f2a7c191628
P 0x7f2a7c488008
C 260
R
P 0x7f2a7c191628
C 342
R
P 0x7f2a7c191628
P 0x7f2a7c488008
C 259
R
P 0x7f2a7c191628
C 342
R
P 0x7f2a7c191628
P 0x7f2a7c488008
C 258
R
P 0x7f2a7c191628
C 342
R
P 0x7f2a7c191628
P 0x7f2a7c488008
C 9
R
P 0x7f2a7c191628
C 342
R
P 0x7f2a7c191628
P 0x7f2a7c487080
P 0x7f2a7c488008
C 74
= 0x7f2a7c488040
R
P 0x7f2a7c191628
C 342
R
P 0x7f2a7c191628
P 0x7f2a7c488040
C 258
R
P 0x7f2a7c191628
C 342
R
P 0x7f2a7c191628
P 0x7f2a7c488040
C 9
R
P 0x7f2a7c191628
C 342
R
P 0x7f2a7c191628
I 0
P 0x7f2a7c19b208
C 150
= 0x7f2a7c19bd08
R
P 0x7f2a7c191628
C 342
R
P 0x7f2a7c191628
P 0x7f2a7c19bd08
C 258
R
P 0x7f2a7c191628
C 342
R
P 0x7f2a7c191628
P 0x7f2a7c19bd08
C 9
R
P 0x7f2a7c191628
C 342
R
P 0x7f2a7c191628
I 1
P 0x7f2a7c19b208
C 150
= 0x7f2a7c19bc88
R
P 0x7f2a7c191628
C 342
R
P 0x7f2a7c191628
P 0x7f2a7c19bc88
C 258
R
P 0x7f2a7c191628
C 342
R
P 0x7f2a7c191628
P 0x7f2a7c19bc88
C 9
R
P 0x7f2a7c191628
C 342
R
P 0x7f2a7c191628
P 0x7f2a7c19bd08
P 0x7f2a7c19bc88
C 75
= 0x7f2a7c486fa0
R
P 0x7f2a7c191628
C 342
R
P 0x7f2a7c191628
P 0x7f2a7c486fa0
C 258
R
P 0x7f2a7c191628
C 342
R
P 0x7f2a7c191628
P 0x7f2a7c486fa0
C 9
R
P 0x7f2a7c191628
C 342
R
P 0x7f2a7c191628
I 1
P 0x7f2a7c19b208
C 150
= 0x7f2a7c19bc88
R
P 0x7f2a7c191628
C 342
R
P 0x7f2a7c191628
P 0x7f2a7c19bc88
C 258
R
P 0x7f2a7c191628
C 342
R
P 0x7f2a7c191628
P 0x7f2a7c19bc88
C 9
R
P 0x7f2a7c191628
C 342
R
P 0x7f2a7c191628
U 2
P 0x7f2a7c19bd08
P 0x7f2a7c19bc88
p 2
C 67
= 0x7f2a7c486fd8
R
P 0x7f2a7c191628
C 342
R
P 0x7f2a7c191628
P 0x7f2a7c486fd8
C 257
R
P 0x7f2a7c191628
C 342
R
P 0x7f2a7c191628
P 0x7f2a7c486fd8
C 254
= 0x7f2a7c19b208
R
P 0x7f2a7c191628
C 342
R
P 0x7f2a7c191628
P 0x7f2a7c19b208
C 209
R
P 0x7f2a7c191628
C 342
R
P 0x7f2a7c191628
P 0x7f2a7c486fd8
C 260
R
P 0x7f2a7c191628
C 342
R
P 0x7f2a7c191628
P 0x7f2a7c486fd8
C 259
R
P 0x7f2a7c191628
C 342
R
P 0x7f2a7c191628
P 0x7f2a7c486fd8
C 258
R
P 0x7f2a7c191628
C 342
R
P 0x7f2a7c191628
P 0x7f2a7c486fd8
C 9
R
P 0x7f2a7c191628
C 342
R
P 0x7f2a7c191628
U 2
P 0x7f2a7c19bba8
P 0x7f2a7c486fd8
p 2
C 66
= 0x7f2a7c487010
R
P 0x7f2a7c191628
C 342
R
P 0x7f2a7c191628
P 0x7f2a7c487010
C 257
R
P 0x7f2a7c191628
C 342
R
P 0x7f2a7c191628
P 0x7f2a7c487010
C 254
= 0x7f2a7c19b1e8
R
P 0x7f2a7c191628
C 342
R
P 0x7f2a7c191628
P 0x7f2a7c19b1e8
C 209
R
P 0x7f2a7c191628
C 342
R
P 0x7f2a7c191628
P 0x7f2a7c487010
C 260
R
P 0x7f2a7c191628
C 342
R
P 0x7f2a7c191628
P 0x7f2a7c487010
C 259
R
P 0x7f2a7c191628
C 342
R
P 0x7f2a7c191628
P 0x7f2a7c487010
C 258
R
P 0x7f2a7c191628
C 342
R
P 0x7f2a7c191628
P 0x7f2a7c487010
C 9
R
P 0x7f2a7c191628
C 342
R
P 0x7f2a7c191628
U 2
P 0x7f2a7c19bc28
P 0x7f2a7c487010
p 2
C 65
= 0x7f2a7c487048
R
P 0x7f2a7c191628
C 342
R
P 0x7f2a7c191628
P 0x7f2a7c487048
C 257
R
P 0x7f2a7c191628
C 342
R
P 0x7f2a7c191628
P 0x7f2a7c487048
C 254
= 0x7f2a7c19b1e8
R
P 0x7f2a7c191628
C 342
R
P 0x7f2a7c191628
P 0x7f2a7c19b1e8
C 209
R
P 0x7f2a7c191628
C 342
R
P 0x7f2a7c191628
P 0x7f2a7c487048
C 260
R
P 0x7f2a7c191628
C 342
R
P 0x7f2a7c191628
P 0x7f2a7c487048
C 259
R
P 0x7f2a7c191628
C 342
R
P 0x7f2a7c191628
P 0x7f2a7c487048
C 258
R
P 0x7f2a7c191628
C 342
R
P 0x7f2a7c191628
P 0x7f2a7c487048
C 9
R
P 0x7f2a7c191628
C 342
R
P 0x7f2a7c191628
P 0x7f2a7c486fa0
P 0x7f2a7c487048
P 0x7f2a7c19bc28
C 59
= 0x7f2a7c19f948
R
P 0x7f2a7c191628
C 342
R
P 0x7f2a7c191628
P 0x7f2a7c19f948
C 257
R
P 0x7f2a7c191628
C 342
R
P 0x7f2a7c191628
P 0x7f2a7c19f948
C 254
= 0x7f2a7c19b1e8
R
P 0x7f2a7c191628
C 342
R
P 0x7f2a7c191628
P 0x7f2a7c19b1e8
C 209
R
P 0x7f2a7c191628
C 342
R
P 0x7f2a7c191628
P 0x7f2a7c19f948
C 260
R
P 0x7f2a7c191628
C 342
R
P 0x7f2a7c191628
P 0x7f2a7c19f948
C 259
R
P 0x7f2a7c191628
C 342
R
P 0x7f2a7c191628
P 0x7f2a7c19f948
C 258
R
P 0x7f2a7c191628
C 342
R
P 0x7f2a7c191628
P 0x7f2a7c19f948
C 9
R
P 0x7f2a7c191628
C 342
R
P 0x7f2a7c191628
U 2
P 0x7f2a7c19f948
P 0x7f2a7c19bb48
p 2
C 65
= 0x7f2a7c487080
R
P 0x7f2a7c191628
C 342
R
P 0x7f2a7c191628
P 0x7f2a7c487080
C 257
R
P 0x7f2a7c191628
C 342
R
P 0x7f2a7c191628
P 0x7f2a7c487080
C 254
= 0x7f2a7c19b1e8
R
P 0x7f2a7c191628
C 342
R
P 0x7f2a7c191628
P 0x7f2a7c19b1e8
C 209
R
P 0x7f2a7c191628
C 342
R
P 0x7f2a7c191628
P 0x7f2a7c487080
C 260
R
P 0x7f2a7c191628
C 342
R
P 0x7f2a7c191628
P 0x7f2a7c487080
C 259
R
P 0x7f2a7c191628
C 342
R
P 0x7f2a7c191628
P 0x7f2a7c487080
C 258
R
P 0x7f2a7c191628
C 342
R
P 0x7f2a7c191628
P 0x7f2a7c487080
C 9
R
P 0x7f2a7c191628
C 342
R
P 0x7f2a7c191628
P 0x7f2a7c19bc68
C 333
R
P 0x7f2a7c191628
C 342
R
P 0x7f2a7c191628
S "slotflowPriorityStart"
C 30
R
P 0x7f2a7c191628
C 342
R
P 0x7f2a7c191628
$ |slotflowPriorityStart|
C 202
R
P 0x7f2a7c191628
C 342
R
P 0x7f2a7c191628
$ |slotflowPriorityStart|
P 0x7f2a7c19b1e8
C 51
= 0x7f2a7c19c2a8
R
P 0x7f2a7c191628
C 342
R
P 0x7f2a7c191628
P 0x7f2a7c19c2a8
C 257
R
P 0x7f2a7c191628
C 342
R
P 0x7f2a7c191628
P 0x7f2a7c19c2a8
C 254
= 0x7f2a7c19b1e8
R
P 0x7f2a7c191628
C 342
R
P 0x7f2a7c191628
P 0x7f2a7c19b1e8
C 209
R
P 0x7f2a7c191628
C 342
R
P 0x7f2a7c191628
P 0x7f2a7c19c2a8
C 260
R
P 0x7f2a7c191628
C 342
R
P 0x7f2a7c191628
P 0x7f2a7c19c2a8
C 259
R
P 0x7f2a7c191628
C 342
R
P 0x7f2a7c191628
P 0x7f2a7c19c2a8
C 258
R
P 0x7f2a7c191628
C 342
R
P 0x7f2a7c191628
P 0x7f2a7c19c2a8
C 9
R
P 0x7f2a7c191628
C 342
R
P 0x7f2a7c191628
I 3
P 0x7f2a7c19b208
C 150
= 0x7f2a7c19bfc8
R
P 0x7f2a7c191628
C 342
R
P 0x7f2a7c191628
P 0x7f2a7c19bfc8
C 258
R
P 0x7f2a7c191628
C 342
R
P 0x7f2a7c191628
P 0x7f2a7c19bfc8
C 9
R
P 0x7f2a7c191628
C 342
R
P 0x7f2a7c191628
I 1
P 0x7f2a7c19b208
C 150
= 0x7f2a7c19bc88
R
P 0x7f2a7c191628
C 342
R
P 0x7f2a7c191628
P 0x7f2a7c19bc88
C 258
R
P 0x7f2a7c191628
C 342
R
P 0x7f2a7c191628
P 0x7f2a7c19bc88
C 9
R
P 0x7f2a7c191628
C 342
R
P 0x7f2a7c191628
P 0x7f2a7c19bfc8
P 0x7f2a7c19bc88
C 75
= 0x7f2a7c487208
R
P 0x7f2a7c191628
C 342
R
P 0x7f2a7c191628
P 0x7f2a7c487208
C 258
R
P 0x7f2a7c191628
C 342
R
P 0x7f2a7c191628
P 0x7f2a7c487208
C 9
R
P 0x7f2a7c191628
C 342
R
P 0x7f2a7c191628
I 1
P 0x7f2a7c19b208
C 150
= 0x7f2a7c19bc88
R
P 0x7f2a7c191628
C 342
R
P 0x7f2a7c191628
P 0x7f2a7c19bc88
C 258
R
P 0x7f2a7c191628
C 342
R
P 0x7f2a7c191628
P 0x7f2a7c19bc88
C 9
R
P 0x7f2a7c191628
C 342
R
P 0x7f2a7c191628
U 2
P 0x7f2a7c19bfc8
P 0x7f2a7c19bc88
p 2
C 67
= 0x7f2a7c487240
R
P 0x7f2a7c191628
C 342
R
P 0x7f2a7c191628
P 0x7f2a7c487240
C 257
R
P 0x7f2a7c191628
C 342
R
P 0x7f2a7c191628
P 0x7f2a7c487240
C 254
= 0x7f2a7c19b208
R
P 0x7f2a7c191628
C 342
R
P 0x7f2a7c191628
P 0x7f2a7c19b208
C 209
R
P 0x7f2a7c191628
C 342
R
P 0x7f2a7c191628
P 0x7f2a7c487240
C 260
R
P 0x7f2a7c191628
C 342
R
P 0x7f2a7c191628
P 0x7f2a7c487240
C 259
R
P 0x7f2a7c191628
C 342
R
P 0x7f2a7c191628
P 0x7f2a7c487240
C 258
R
P 0x7f2a7c191628
C 342
R
P 0x7f2a7c191628
P 0x7f2a7c487240
C 9
R
P 0x7f2a7c191628
C 342
R
P 0x7f2a7c191628
U 2
P 0x7f2a7c19bbe8
P 0x7f2a7c487240
p 2
C 66
= 0x7f2a7c487f60
R
P 0x7f2a7c191628
C 342
R
P 0x7f2a7c191628
P 0x7f2a7c487f60
C 257
R
P 0x7f2a7c191628
C 342
R
P 0x7f2a7c191628
P 0x7f2a7c487f60
C 254
= 0x7f2a7c19b208
R
P 0x7f2a7c191628
C 342
R
P 0x7f2a7c191628
P 0x7f2a7c19b208
C 209
R
P 0x7f2a7c191628
C 342
R
P 0x7f2a7c191628
P 0x7f2a7c487f60
C 260
R
P 0x7f2a7c191628
C 342
R
P 0x7f2a7c191628
P 0x7f2a7c487f60
C 259
R
P 0x7f2a7c191628
C 342
R
P 0x7f2a7c191628
P 0x7f2a7c487f60
C 258
R
P 0x7f2a7c191628
C 342
R
P 0x7f2a7c191628
P 0x7f2a7c487f60
C 9
R
P 0x7f2a7c191628
C 342
R
P 0x7f2a7c191628
U 2
P 0x7f2a7c19bb88
P 0x7f2a7c487f60
p 2
C 65
= 0x7f2a7c487f98
R
P 0x7f2a7c191628
C 342
R
P 0x7f2a7c191628
P 0x7f2a7c487f98
C 257
R
P 0x7f2a7c191628
C 342
R
P 0x7f2a7c191628
P 0x7f2a7c487f98
C 254
= 0x7f2a7c19b1e8
R
P 0x7f2a7c191628
C 342
R
P 0x7f2a7c191628
P 0x7f2a7c19b1e8
C 209
R
P 0x7f2a7c191628
C 342
R
P 0x7f2a7c191628
P 0x7f2a7c487f98
C 260
R
P 0x7f2a7c191628
C 342
R
P 0x7f2a7c191628
P 0x7f2a7c487f98
C 259
R
P 0x7f2a7c191628
C 342
R
P 0x7f2a7c191628
P 0x7f2a7c487f98
C 258
R
P 0x7f2a7c191628
C 342
R
P 0x7f2a7c191628
P 0x7f2a7c487f98
C 9
R
P 0x7f2a7c191628
C 342
R
P 0x7f2a7c191628
P 0x7f2a7c487208
P 0x7f2a7c487f98
P 0x7f2a7c19bb88
C 59
= 0x7f2a7c19fac8
R
P 0x7f2a7c191628
C 342
R
P 0x7f2a7c191628
P 0x7f2a7c19fac8
C 257
R
P 0x7f2a7c191628
C 342
R
P 0x7f2a7c191628
P 0x7f2a7c19fac8
C 254
= 0x7f2a7c19b1e8
R
P 0x7f2a7c191628
C 342
R
P 0x7f2a7c191628
P 0x7f2a7c19b1e8
C 209
R
P 0x7f2a7c191628
C 342
R
P 0x7f2a7c191628
P 0x7f2a7c19fac8
C 260
R
P 0x7f2a7c191628
C 342
R
P 0x7f2a7c191628
P 0x7f2a7c19fac8
C 259
R
P 0x7f2a7c191628
C 342
R
P 0x7f2a7c191628
P 0x7f2a7c19fac8
C 258
R
P 0x7f2a7c191628
C 342
R
P 0x7f2a7c191628
P 0x7f2a7c19fac8
C 9
R
P 0x7f2a7c191628
C 342
R
P 0x7f2a7c191628
U 2
P 0x7f2a7c19c2a8
P 0x7f2a7c19fac8
p 2
C 65
= 0x7f2a7c488078
R
P 0x7f2a7c191628
C 342
R
P 0x7f2a7c191628
P 0x7f2a7c488078
C 257
R
P 0x7f2a7c191628
C 342
R
P 0x7f2a7c191628
P 0x7f2a7c488078
C 254
= 0x7f2a7c19b1e8
R
P 0x7f2a7c191628
C 342
R
P 0x7f2a7c191628
P 0x7f2a7c19b1e8
C 209
R
P 0x7f2a7c191628
C 342
R
P 0x7f2a7c191628
P 0x7f2a7c488078
C 260
R
P 0x7f2a7c191628
C 342
R
P 0x7f2a7c191628
P 0x7f2a7c488078
C 259
R
P 0x7f2a7c191628
C 342
R
P 0x7f2a7c191628
P 0x7f2a7c488078
C 258
R
P 0x7f2a7c191628
C 342
R
P 0x7f2a7c191628
P 0x7f2a7c488078
C 9
R
P 0x7f2a7c191628
C 342
R
P 0x7f2a7c191628
P 0x7f2a7c487080
P 0x7f2a7c488078
C 76
= 0x7f2a7c4880b0
R
P 0x7f2a7c191628
C 342
R
P 0x7f2a7c191628
P 0x7f2a7c4880b0
C 258
R
P 0x7f2a7c191628
C 342
R
P 0x7f2a7c191628
P 0x7f2a7c4880b0
C 9
R
P 0x7f2a7c191628
C 342
R
P 0x7f2a7c191628
U 2
P 0x7f2a7c488040
P 0x7f2a7c4880b0
p 2
C 63
= 0x7f2a7c4880e8
R
P 0x7f2a7c191628
C 342
R
P 0x7f2a7c191628
P 0x7f2a7c4880e8
C 258
R
P 0x7f2a7c191628
C 342
R
P 0x7f2a7c191628
P 0x7f2a7c4880e8
C 9
R
P 0x7f2a7c191628
C 342
R
P 0x7f2a7c191628
I 0
P 0x7f2a7c19b208
C 150
= 0x7f2a7c19bd08
R
P 0x7f2a7c191628
C 342
R
P 0x7f2a7c191628
P 0x7f2a7c19bd08
C 258
R
P 0x7f2a7c191628
C 342
R
P 0x7f2a7c191628
P 0x7f2a7c19bd08
C 9
R
P 0x7f2a7c191628
C 342
R
P 0x7f2a7c191628
P 0x7f2a7c19bd08
C 263
R
P 0x7f2a7c191628
C 342
R
P 0x7f2a7c191628
S "dev0T30"
C 30
R
P 0x7f2a7c191628
C 342
R
P 0x7f2a7c191628
$ |dev0T30|
C 202
R
P 0x7f2a7c191628
C 342
R
P 0x7f2a7c191628
$ |dev0T30|
P 0x7f2a7c19b1e8
C 51
= 0x7f2a7c19c208
R
P 0x7f2a7c191628
C 342
R
P 0x7f2a7c191628
P 0x7f2a7c19c208
C 257
R
P 0x7f2a7c191628
C 342
R
P 0x7f2a7c191628
P 0x7f2a7c19c208
C 254
= 0x7f2a7c19b1e8
R
P 0x7f2a7c191628
C 342
R
P 0x7f2a7c191628
P 0x7f2a7c19b1e8
C 209
R
P 0x7f2a7c191628
C 342
R
P 0x7f2a7c191628
P 0x7f2a7c19c208
C 260
R
P 0x7f2a7c191628
C 342
R
P 0x7f2a7c191628
P 0x7f2a7c19c208
C 259
R
P 0x7f2a7c191628
C 342
R
P 0x7f2a7c191628
P 0x7f2a7c19c208
C 258
R
P 0x7f2a7c191628
C 342
R
P 0x7f2a7c191628
P 0x7f2a7c19c208
C 9
R
P 0x7f2a7c191628
C 342
R
P 0x7f2a7c191628
I 0
P 0x7f2a7c19b208
C 150
= 0x7f2a7c19bd08
R
P 0x7f2a7c191628
C 342
R
P 0x7f2a7c191628
P 0x7f2a7c19bd08
C 258
R
P 0x7f2a7c191628
C 342
R
P 0x7f2a7c191628
P 0x7f2a7c19bd08
C 9
R
P 0x7f2a7c191628
C 342
R
P 0x7f2a7c191628
I 1
P 0x7f2a7c19b208
C 150
= 0x7f2a7c19bc88
R
P 0x7f2a7c191628
C 342
R
P 0x7f2a7c191628
P 0x7f2a7c19bc88
C 258
R
P 0x7f2a7c191628
C 342
R
P 0x7f2a7c191628
P 0x7f2a7c19bc88
C 9
R
P 0x7f2a7c191628
C 342
R
P 0x7f2a7c191628
P 0x7f2a7c19bd08
P 0x7f2a7c19bc88
C 75
= 0x7f2a7c486fa0
R
P 0x7f2a7c191628
C 342
R
P 0x7f2a7c191628
P 0x7f2a7c486fa0
C 258
R
P 0x7f2a7c191628
C 342
R
P 0x7f2a7c191628
P 0x7f2a7c486fa0
C 9
R
P 0x7f2a7c191628
C 342
R
P 0x7f2a7c191628
I 1
P 0x7f2a7c19b208
C 150
= 0x7f2a7c19bc88
R
P 0x7f2a7c191628
C 342
R
P 0x7f2a7c191628
P 0x7f2a7c19bc88
C 258
R
P 0x7f2a7c191628
C 342
R
P 0x7f2a7c191628
P 0x7f2a7c19bc88
C 9
R
P 0x7f2a7c191628
C 342
R
P 0x7f2a7c191628
U 2
P 0x7f2a7c19bd08
P 0x7f2a7c19bc88
p 2
C 67
= 0x7f2a7c486fd8
R
P 0x7f2a7c191628
C 342
R
P 0x7f2a7c191628
P 0x7f2a7c486fd8
C 257
R
P 0x7f2a7c191628
C 342
R
P 0x7f2a7c191628
P 0x7f2a7c486fd8
C 254
= 0x7f2a7c19b208
R
P 0x7f2a7c191628
C 342
R
P 0x7f2a7c191628
P 0x7f2a7c19b208
C 209
R
P 0x7f2a7c191628
C 342
R
P 0x7f2a7c191628
P 0x7f2a7c486fd8
C 260
R
P 0x7f2a7c191628
C 342
R
P 0x7f2a7c191628
P 0x7f2a7c486fd8
C 259
R
P 0x7f2a7c191628
C 342
R
P 0x7f2a7c191628
P 0x7f2a7c486fd8
C 258
R
P 0x7f2a7c191628
C 342
R
P 0x7f2a7c191628
P 0x7f2a7c486fd8
C 9
R
P 0x7f2a7c191628
C 342
R
P 0x7f2a7c191628
U 2
P 0x7f2a7c19bba8
P 0x7f2a7c486fd8
p 2
C 66
= 0x7f2a7c487010
R
P 0x7f2a7c191628
C 342
R
P 0x7f2a7c191628
P 0x7f2a7c487010
C 257
R
P 0x7f2a7c191628
C 342
R
P 0x7f2a7c191628
P 0x7f2a7c487010
C 254
= 0x7f2a7c19b1e8
R
P 0x7f2a7c191628
C 342
R
P 0x7f2a7c191628
P 0x7f2a7c19b1e8
C 209
R
P 0x7f2a7c191628
C 342
R
P 0x7f2a7c191628
P 0x7f2a7c487010
C 260
R
P 0x7f2a7c191628
C 342
R
P 0x7f2a7c191628
P 0x7f2a7c487010
C 259
R
P 0x7f2a7c191628
C 342
R
P 0x7f2a7c191628
P 0x7f2a7c487010
C 258
R
P 0x7f2a7c191628
C 342
R
P 0x7f2a7c191628
P 0x7f2a7c487010
C 9
R
P 0x7f2a7c191628
C 342
R
P 0x7f2a7c191628
U 2
P 0x7f2a7c19bc28
P 0x7f2a7c487010
p 2
C 65
= 0x7f2a7c487048
R
P 0x7f2a7c191628
C 342
R
P 0x7f2a7c191628
P 0x7f2a7c487048
C 257
R
P 0x7f2a7c191628
C 342
R
P 0x7f2a7c191628
P 0x7f2a7c487048
C 254
= 0x7f2a7c19b1e8
R
P 0x7f2a7c191628
C 342
R
P 0x7f2a7c191628
P 0x7f2a7c19b1e8
C 209
R
P 0x7f2a7c191628
C 342
R
P 0x7f2a7c191628
P 0x7f2a7c487048
C 260
R
P 0x7f2a7c191628
C 342
R
P 0x7f2a7c191628
P 0x7f2a7c487048
C 259
R
P 0x7f2a7c191628
C 342
R
P 0x7f2a7c191628
P 0x7f2a7c487048
C 258
R
P 0x7f2a7c191628
C 342
R
P 0x7f2a7c191628
P 0x7f2a7c487048
C 9
R
P 0x7f2a7c191628
C 342
R
P 0x7f2a7c191628
P 0x7f2a7c486fa0
P 0x7f2a7c487048
P 0x7f2a7c19bc28
C 59
= 0x7f2a7c19f948
R
P 0x7f2a7c191628
C 342
R
P 0x7f2a7c191628
P 0x7f2a7c19f948
C 257
R
P 0x7f2a7c191628
C 342
R
P 0x7f2a7c191628
P 0x7f2a7c19f948
C 254
= 0x7f2a7c19b1e8
R
P 0x7f2a7c191628
C 342
R
P 0x7f2a7c191628
P 0x7f2a7c19b1e8
C 209
R
P 0x7f2a7c191628
C 342
R
P 0x7f2a7c191628
P 0x7f2a7c19f948
C 260
R
P 0x7f2a7c191628
C 342
R
P 0x7f2a7c191628
P 0x7f2a7c19f948
C 259
R
P 0x7f2a7c191628
C 342
R
P 0x7f2a7c191628
P 0x7f2a7c19f948
C 258
R
P 0x7f2a7c191628
C 342
R
P 0x7f2a7c191628
P 0x7f2a7c19f948
C 9
R
P 0x7f2a7c191628
C 342
R
P 0x7f2a7c191628
U 2
P 0x7f2a7c19f948
P 0x7f2a7c19bb48
p 2
C 65
= 0x7f2a7c487080
R
P 0x7f2a7c191628
C 342
R
P 0x7f2a7c191628
P 0x7f2a7c487080
C 257
R
P 0x7f2a7c191628
C 342
R
P 0x7f2a7c191628
P 0x7f2a7c487080
C 254
= 0x7f2a7c19b1e8
R
P 0x7f2a7c191628
C 342
R
P 0x7f2a7c191628
P 0x7f2a7c19b1e8
C 209
R
P 0x7f2a7c191628
C 342
R
P 0x7f2a7c191628
P 0x7f2a7c487080
C 260
R
P 0x7f2a7c191628
C 342
R
P 0x7f2a7c191628
P 0x7f2a7c487080
C 259
R
P 0x7f2a7c191628
C 342
R
P 0x7f2a7c191628
P 0x7f2a7c487080
C 258
R
P 0x7f2a7c191628
C 342
R
P 0x7f2a7c191628
P 0x7f2a7c487080
C 9
R
P 0x7f2a7c191628
C 342
R
P 0x7f2a7c191628
U 2
P 0x7f2a7c487080
P 0x7f2a7c19bb68
p 2
C 65
= 0x7f2a7c4870b8
R
P 0x7f2a7c191628
C 342
R
P 0x7f2a7c191628
P 0x7f2a7c4870b8
C 257
R
P 0x7f2a7c191628
C 342
R
P 0x7f2a7c191628
P 0x7f2a7c4870b8
C 254
= 0x7f2a7c19b1e8
R
P 0x7f2a7c191628
C 342
R
P 0x7f2a7c191628
P 0x7f2a7c19b1e8
C 209
R
P 0x7f2a7c191628
C 342
R
P 0x7f2a7c191628
P 0x7f2a7c4870b8
C 260
R
P 0x7f2a7c191628
C 342
R
P 0x7f2a7c191628
P 0x7f2a7c4870b8
C 259
R
P 0x7f2a7c191628
C 342
R
P 0x7f2a7c191628
P 0x7f2a7c4870b8
C 258
R
P 0x7f2a7c191628
C 342
R
P 0x7f2a7c191628
P 0x7f2a7c4870b8
C 9
R
P 0x7f2a7c191628
C 342
R
P 0x7f2a7c191628
P 0x7f2a7c19c208
P 0x7f2a7c4870b8
C 56
= 0x7f2a7c487b00
R
P 0x7f2a7c191628
C 342
R
P 0x7f2a7c191628
P 0x7f2a7c487b00
C 258
R
P 0x7f2a7c191628
C 342
R
P 0x7f2a7c191628
P 0x7f2a7c487b00
C 9
R
P 0x7f2a7c191628
C 342
R
P 0x7f2a7c191628
P 0x7f2a7c4880e8
P 0x7f2a7c487b00
C 61
= 0x7f2a7c488120
R
P 0x7f2a7c191628
C 342
R
P 0x7f2a7c191628
P 0x7f2a7c488120
C 258
R
P 0x7f2a7c191628
C 342
R
P 0x7f2a7c191628
P 0x7f2a7c488120
C 9
R
P 0x7f2a7c191628
C 342
R
P 0x7f2a7c191628
P 0x7f2a7c1e1fc8
P 0x7f2a7c488120
C 427
R
P 0x7f2a7c191628
C 342
R
P 0x7f2a7c191628
I 0
P 0x7f2a7c19b208
C 150
= 0x7f2a7c19bd08
R
P 0x7f2a7c191628
C 342
R
P 0x7f2a7c191628
P 0x7f2a7c19bd08
C 258
R
P 0x7f2a7c191628
C 342
R
P 0x7f2a7c191628
P 0x7f2a7c19bd08
C 9
R
P 0x7f2a7c191628
C 342
R
P 0x7f2a7c191628
I 1
P 0x7f2a7c19b208
C 150
= 0x7f2a7c19bc88
R
P 0x7f2a7c191628
C 342
R
P 0x7f2a7c191628
P 0x7f2a7c19bc88
C 258
R
P 0x7f2a7c191628
C 342
R
P 0x7f2a7c191628
P 0x7f2a7c19bc88
C 9
R
P 0x7f2a7c191628
C 342
R
P 0x7f2a7c191628
P 0x7f2a7c19bd08
P 0x7f2a7c19bc88
C 75
= 0x7f2a7c486fa0
R
P 0x7f2a7c191628
C 342
R
P 0x7f2a7c191628
P 0x7f2a7c486fa0
C 258
R
P 0x7f2a7c191628
C 342
R
P 0x7f2a7c191628
P 0x7f2a7c486fa0
C 9
R
P 0x7f2a7c191628
C 342
R
P 0x7f2a7c191628
I 1
P 0x7f2a7c19b208
C 150
= 0x7f2a7c19bc88
R
P 0x7f2a7c191628
C 342
R
P 0x7f2a7c191628
P 0x7f2a7c19bc88
C 258
R
P 0x7f2a7c191628
C 342
R
P 0x7f2a7c191628
P 0x7f2a7c19bc88
C 9
R
P 0x7f2a7c191628
C 342
R
P 0x7f2a7c191628
U 2
P 0x7f2a7c19bd08
P 0x7f2a7c19bc88
p 2
C 67
= 0x7f2a7c486fd8
R
P 0x7f2a7c191628
C 342
R
P 0x7f2a7c191628
P 0x7f2a7c486fd8
C 257
R
P 0x7f2a7c191628
C 342
R
P 0x7f2a7c191628
P 0x7f2a7c486fd8
C 254
= 0x7f2a7c19b208
R
P 0x7f2a7c191628
C 342
R
P 0x7f2a7c191628
P 0x7f2a7c19b208
C 209
R
P 0x7f2a7c191628
C 342
R
P 0x7f2a7c191628
P 0x7f2a7c486fd8
C 260
R
P 0x7f2a7c191628
C 342
R
P 0x7f2a7c191628
P 0x7f2a7c486fd8
C 259
R
P 0x7f2a7c191628
C 342
R
P 0x7f2a7c191628
P 0x7f2a7c486fd8
C 258
R
P 0x7f2a7c191628
C 342
R
P 0x7f2a7c191628
P 0x7f2a7c486fd8
C 9
R
P 0x7f2a7c191628
C 342
R
P 0x7f2a7c191628
U 2
P 0x7f2a7c19bba8
P 0x7f2a7c486fd8
p 2
C 66
= 0x7f2a7c487010
R
P 0x7f2a7c191628
C 342
R
P 0x7f2a7c191628
P 0x7f2a7c487010
C 257
R
P 0x7f2a7c191628
C 342
R
P 0x7f2a7c191628
P 0x7f2a7c487010
C 254
= 0x7f2a7c19b1e8
R
P 0x7f2a7c191628
C 342
R
P 0x7f2a7c191628
P 0x7f2a7c19b1e8
C 209
R
P 0x7f2a7c191628
C 342
R
P 0x7f2a7c191628
P 0x7f2a7c487010
C 260
R
P 0x7f2a7c191628
C 342
R
P 0x7f2a7c191628
P 0x7f2a7c487010
C 259
R
P 0x7f2a7c191628
C 342
R
P 0x7f2a7c191628
P 0x7f2a7c487010
C 258
R
P 0x7f2a7c191628
C 342
R
P 0x7f2a7c191628
P 0x7f2a7c487010
C 9
R
P 0x7f2a7c191628
C 342
R
P 0x7f2a7c191628
U 2
P 0x7f2a7c19bc28
P 0x7f2a7c487010
p 2
C 65
= 0x7f2a7c487048
R
P 0x7f2a7c191628
C 342
R
P 0x7f2a7c191628
P 0x7f2a7c487048
C 257
R
P 0x7f2a7c191628
C 342
R
P 0x7f2a7c191628
P 0x7f2a7c487048
C 254
= 0x7f2a7c19b1e8
R
P 0x7f2a7c191628
C 342
R
P 0x7f2a7c191628
P 0x7f2a7c19b1e8
C 209
R
P 0x7f2a7c191628
C 342
R
P 0x7f2a7c191628
P 0x7f2a7c487048
C 260
R
P 0x7f2a7c191628
C 342
R
P 0x7f2a7c191628
P 0x7f2a7c487048
C 259
R
P 0x7f2a7c191628
C 342
R
P 0x7f2a7c191628
P 0x7f2a7c487048
C 258
R
P 0x7f2a7c191628
C 342
R
P 0x7f2a7c191628
P 0x7f2a7c487048
C 9
R
P 0x7f2a7c191628
C 342
R
P 0x7f2a7c191628
P 0x7f2a7c486fa0
P 0x7f2a7c487048
P 0x7f2a7c19bc28
C 59
= 0x7f2a7c19f948
R
P 0x7f2a7c191628
C 342
R
P 0x7f2a7c191628
P 0x7f2a7c19f948
C 257
R
P 0x7f2a7c191628
C 342
R
P 0x7f2a7c191628
P 0x7f2a7c19f948
C 254
= 0x7f2a7c19b1e8
R
P 0x7f2a7c191628
C 342
R
P 0x7f2a7c191628
P 0x7f2a7c19b1e8
C 209
R
P 0x7f2a7c191628
C 342
R
P 0x7f2a7c191628
P 0x7f2a7c19f948
C 260
R
P 0x7f2a7c191628
C 342
R
P 0x7f2a7c191628
P 0x7f2a7c19f948
C 259
R
P 0x7f2a7c191628
C 342
R
P 0x7f2a7c191628
P 0x7f2a7c19f948
C 258
R
P 0x7f2a7c191628
C 342
R
P 0x7f2a7c191628
P 0x7f2a7c19f948
C 9
R
P 0x7f2a7c191628
C 342
R
P 0x7f2a7c191628
U 2
P 0x7f2a7c19f948
P 0x7f2a7c19bb48
p 2
C 65
= 0x7f2a7c487080
R
P 0x7f2a7c191628
C 342
R
P 0x7f2a7c191628
P 0x7f2a7c487080
C 257
R
P 0x7f2a7c191628
C 342
R
P 0x7f2a7c191628
P 0x7f2a7c487080
C 254
= 0x7f2a7c19b1e8
R
P 0x7f2a7c191628
C 342
R
P 0x7f2a7c191628
P 0x7f2a7c19b1e8
C 209
R
P 0x7f2a7c191628
C 342
R
P 0x7f2a7c191628
P 0x7f2a7c487080
C 260
R
P 0x7f2a7c191628
C 342
R
P 0x7f2a7c191628
P 0x7f2a7c487080
C 259
R
P 0x7f2a7c191628
C 342
R
P 0x7f2a7c191628
P 0x7f2a7c487080
C 258
R
P 0x7f2a7c191628
C 342
R
P 0x7f2a7c191628
P 0x7f2a7c487080
C 9
R
P 0x7f2a7c191628
C 342
R
P 0x7f2a7c191628
P 0x7f2a7c19bc68
C 333
R
P 0x7f2a7c191628
C 342
R
P 0x7f2a7c191628
S "slotflowPriorityStart"
C 30
R
P 0x7f2a7c191628
C 342
R
P 0x7f2a7c191628
$ |slotflowPriorityStart|
C 202
R
P 0x7f2a7c191628
C 342
R
P 0x7f2a7c191628
$ |slotflowPriorityStart|
P 0x7f2a7c19b1e8
C 51
= 0x7f2a7c19c2a8
R
P 0x7f2a7c191628
C 342
R
P 0x7f2a7c191628
P 0x7f2a7c19c2a8
C 257
R
P 0x7f2a7c191628
C 342
R
P 0x7f2a7c191628
P 0x7f2a7c19c2a8
C 254
= 0x7f2a7c19b1e8
R
P 0x7f2a7c191628
C 342
R
P 0x7f2a7c191628
P 0x7f2a7c19b1e8
C 209
R
P 0x7f2a7c191628
C 342
R
P 0x7f2a7c191628
P 0x7f2a7c19c2a8
C 260
R
P 0x7f2a7c191628
C 342
R
P 0x7f2a7c191628
P 0x7f2a7c19c2a8
C 259
R
P 0x7f2a7c191628
C 342
R
P 0x7f2a7c191628
P 0x7f2a7c19c2a8
C 258
R
P 0x7f2a7c191628
C 342
R
P 0x7f2a7c191628
P 0x7f2a7c19c2a8
C 9
R
P 0x7f2a7c191628
C 342
R
P 0x7f2a7c191628
P 0x7f2a7c19bc68
C 333
R
P 0x7f2a7c191628
C 342
R
P 0x7f2a7c191628
S "slotflowPriorityDuration"
C 30
R
P 0x7f2a7c191628
C 342
R
P 0x7f2a7c191628
$ |slotflowPriorityDuration|
C 202
R
P 0x7f2a7c191628
C 342
R
P 0x7f2a7c191628
$ |slotflowPriorityDuration|
P 0x7f2a7c19b1e8
C 51
= 0x7f2a7c19c268
R
P 0x7f2a7c191628
C 342
R
P 0x7f2a7c191628
P 0x7f2a7c19c268
C 257
R
P 0x7f2a7c191628
C 342
R
P 0x7f2a7c191628
P 0x7f2a7c19c268
C 254
= 0x7f2a7c19b1e8
R
P 0x7f2a7c191628
C 342
R
P 0x7f2a7c191628
P 0x7f2a7c19b1e8
C 209
R
P 0x7f2a7c191628
C 342
R
P 0x7f2a7c191628
P 0x7f2a7c19c268
C 260
R
P 0x7f2a7c191628
C 342
R
P 0x7f2a7c191628
P 0x7f2a7c19c268
C 259
R
P 0x7f2a7c191628
C 342
R
P 0x7f2a7c191628
P 0x7f2a7c19c268
C 258
R
P 0x7f2a7c191628
C 342
R
P 0x7f2a7c191628
P 0x7f2a7c19c268
C 9
R
P 0x7f2a7c191628
C 342
R
P 0x7f2a7c191628
U 2
P 0x7f2a7c19c2a8
P 0x7f2a7c19c268
p 2
C 65
= 0x7f2a7c487908
R
P 0x7f2a7c191628
C 342
R
P 0x7f2a7c191628
P 0x7f2a7c487908
C 257
R
P 0x7f2a7c191628
C 342
R
P 0x7f2a7c191628
P 0x7f2a7c487908
C 254
= 0x7f2a7c19b1e8
R
P 0x7f2a7c191628
C 342
R
P 0x7f2a7c191628
P 0x7f2a7c19b1e8
C 209
R
P 0x7f2a7c191628
C 342
R
P 0x7f2a7c191628
P 0x7f2a7c487908
C 260
R
P 0x7f2a7c191628
C 342
R
P 0x7f2a7c191628
P 0x7f2a7c487908
C 259
R
P 0x7f2a7c191628
C 342
R
P 0x7f2a7c191628
P 0x7f2a7c487908
C 258
R
P 0x7f2a7c191628
C 342
R
P 0x7f2a7c191628
P 0x7f2a7c487908
C 9
R
P 0x7f2a7c191628
C 342
R
P 0x7f2a7c191628
I 4
P 0x7f2a7c19b208
C 150
= 0x7f2a7c19c028
R
P 0x7f2a7c191628
C 342
R
P 0x7f2a7c191628
P 0x7f2a7c19c028
C 258
R
P 0x7f2a7c191628
C 342
R
P 0x7f2a7c191628
P 0x7f2a7c19c028
C 9
R
P 0x7f2a7c191628
C 342
R
P 0x7f2a7c191628
I 1
P 0x7f2a7c19b208
C 150
= 0x7f2a7c19bc88
R
P 0x7f2a7c191628
C 342
R
P 0x7f2a7c191628
P 0x7f2a7c19bc88
C 258
R
P 0x7f2a7c191628
C 342
R
P 0x7f2a7c191628
P 0x7f2a7c19bc88
C 9
R
P 0x7f2a7c191628
C 342
R
P 0x7f2a7c191628
P 0x7f2a7c19c028
P 0x7f2a7c19bc88
C 75
= 0x7f2a7c487390
R
P 0x7f2a7c191628
C 342
R
P 0x7f2a7c191628
P 0x7f2a7c487390
C 258
R
P 0x7f2a7c191628
C 342
R
P 0x7f2a7c191628
P 0x7f2a7c487390
C 9
R
P 0x7f2a7c191628
C 342
R
P 0x7f2a7c191628
I 1
P 0x7f2a7c19b208
C 150
= 0x7f2a7c19bc88
R
P 0x7f2a7c191628
C 342
R
P 0x7f2a7c191628
P 0x7f2a7c19bc88
C 258
R
P 0x7f2a7c191628
C 342
R
P 0x7f2a7c191628
P 0x7f2a7c19bc88
C 9
R
P 0x7f2a7c191628
C 342
R
P 0x7f2a7c191628
U 2
P 0x7f2a7c19c028
P 0x7f2a7c19bc88
p 2
C 67
= 0x7f2a7c4873c8
R
P 0x7f2a7c191628
C 342
R
P 0x7f2a7c191628
P 0x7f2a7c4873c8
C 257
R
P 0x7f2a7c191628
C 342
R
P 0x7f2a7c191628
P 0x7f2a7c4873c8
C 254
= 0x7f2a7c19b208
R
P 0x7f2a7c191628
C 342
R
P 0x7f2a7c191628
P 0x7f2a7c19b208
C 209
R
P 0x7f2a7c191628
C 342
R
P 0x7f2a7c191628
P 0x7f2a7c4873c8
C 260
R
P 0x7f2a7c191628
C 342
R
P 0x7f2a7c191628
P 0x7f2a7c4873c8
C 259
R
P 0x7f2a7c191628
C 342
R
P 0x7f2a7c191628
P 0x7f2a7c4873c8
C 258
R
P 0x7f2a7c191628
C 342
R
P 0x7f2a7c191628
P 0x7f2a7c4873c8
C 9
R
P 0x7f2a7c191628
C 342
R
P 0x7f2a7c191628
U 2
P 0x7f2a7c19bbe8
P 0x7f2a7c4873c8
p 2
C 66
= 0x7f2a7c488158
R
P 0x7f2a7c191628
C 342
R
P 0x7f2a7c191628
P 0x7f2a7c488158
C 257
R
P 0x7f2a7c191628
C 342
R
P 0x7f2a7c191628
P 0x7f2a7c488158
C 254
= 0x7f2a7c19b208
R
P 0x7f2a7c191628
C 342
R
P 0x7f2a7c191628
P 0x7f2a7c19b208
C 209
R
P 0x7f2a7c191628
C 342
R
P 0x7f2a7c191628
P 0x7f2a7c488158
C 260
R
P 0x7f2a7c191628
C 342
R
P 0x7f2a7c191628
P 0x7f2a7c488158
C 259
R
P 0x7f2a7c191628
C 342
R
P 0x7f2a7c191628
P 0x7f2a7c488158
C 258
R
P 0x7f2a7c191628
C 342
R
P 0x7f2a7c191628
P 0x7f2a7c488158
C 9
R
P 0x7f2a7c191628
C 342
R
P 0x7f2a7c191628
U 2
P 0x7f2a7c19bb88
P 0x7f2a7c488158
p 2
C 65
= 0x7f2a7c488190
R
P 0x7f2a7c191628
C 342
R
P 0x7f2a7c191628
P 0x7f2a7c488190
C 257
R
P 0x7f2a7c191628
C 342
R
P 0x7f2a7c191628
P 0x7f2a7c488190
C 254
= 0x7f2a7c19b1e8
R
P 0x7f2a7c191628
C 342
R
P 0x7f2a7c191628
P 0x7f2a7c19b1e8
C 209
R
P 0x7f2a7c191628
C 342
R
P 0x7f2a7c191628
P 0x7f2a7c488190
C 260
R
P 0x7f2a7c191628
C 342
R
P 0x7f2a7c191628
P 0x7f2a7c488190
C 259
R
P 0x7f2a7c191628
C 342
R
P 0x7f2a7c191628
P 0x7f2a7c488190
C 258
R
P 0x7f2a7c191628
C 342
R
P 0x7f2a7c191628
P 0x7f2a7c488190
C 9
R
P 0x7f2a7c191628
C 342
R
P 0x7f2a7c191628
P 0x7f2a7c487390
P 0x7f2a7c488190
P 0x7f2a7c19bb88
C 59
= 0x7f2a7c19fb08
R
P 0x7f2a7c191628
C 342
R
P 0x7f2a7c191628
P 0x7f2a7c19fb08
C 257
R
P 0x7f2a7c191628
C 342
R
P 0x7f2a7c191628
P 0x7f2a7c19fb08
C 254
= 0x7f2a7c19b1e8
R
P 0x7f2a7c191628
C 342
R
P 0x7f2a7c191628
P 0x7f2a7c19b1e8
C 209
R
P 0x7f2a7c191628
C 342
R
P 0x7f2a7c191628
P 0x7f2a7c19fb08
C 260
R
P 0x7f2a7c191628
C 342
R
P 0x7f2a7c191628
P 0x7f2a7c19fb08
C 259
R
P 0x7f2a7c191628
C 342
R
P 0x7f2a7c191628
P 0x7f2a7c19fb08
C 258
R
P 0x7f2a7c191628
C 342
R
P 0x7f2a7c191628
P 0x7f2a7c19fb08
C 9
R
P 0x7f2a7c191628
C 342
R
P 0x7f2a7c191628
U 2
P 0x7f2a7c487908
P 0x7f2a7c19fb08
p 2
C 65
= 0x7f2a7c4881c8
R
P 0x7f2a7c191628
C 342
R
P 0x7f2a7c191628
P 0x7f2a7c4881c8
C 257
R
P 0x7f2a7c191628
C 342
R
P 0x7f2a7c191628
P 0x7f2a7c4881c8
C 254
= 0x7f2a7c19b1e8
R
P 0x7f2a7c191628
C 342
R
P 0x7f2a7c191628
P 0x7f2a7c19b1e8
C 209
R
P 0x7f2a7c191628
C 342
R
P 0x7f2a7c191628
P 0x7f2a7c4881c8
C 260
R
P 0x7f2a7c191628
C 342
R
P 0x7f2a7c191628
P 0x7f2a7c4881c8
C 259
R
P 0x7f2a7c191628
C 342
R
P 0x7f2a7c191628
P 0x7f2a7c4881c8
C 258
R
P 0x7f2a7c191628
C 342
R
P 0x7f2a7c191628
P 0x7f2a7c4881c8
C 9
R
P 0x7f2a7c191628
C 342
R
P 0x7f2a7c191628
U 2
P 0x7f2a7c4881c8
P 0x7f2a7c19bb68
p 2
C 67
= 0x7f2a7c488200
R
P 0x7f2a7c191628
C 342
R
P 0x7f2a7c191628
P 0x7f2a7c488200
C 257
R
P 0x7f2a7c191628
C 342
R
P 0x7f2a7c191628
P 0x7f2a7c488200
C 254
= 0x7f2a7c19b1e8
R
P 0x7f2a7c191628
C 342
R
P 0x7f2a7c191628
P 0x7f2a7c19b1e8
C 209
R
P 0x7f2a7c191628
C 342
R
P 0x7f2a7c191628
P 0x7f2a7c488200
C 260
R
P 0x7f2a7c191628
C 342
R
P 0x7f2a7c191628
P 0x7f2a7c488200
C 259
R
P 0x7f2a7c191628
C 342
R
P 0x7f2a7c191628
P 0x7f2a7c488200
C 258
R
P 0x7f2a7c191628
C 342
R
P 0x7f2a7c191628
P 0x7f2a7c488200
C 9
R
P 0x7f2a7c191628
C 342
R
P 0x7f2a7c191628
P 0x7f2a7c487080
P 0x7f2a7c488200
C 74
= 0x7f2a7c488238
R
P 0x7f2a7c191628
C 342
R
P 0x7f2a7c191628
P 0x7f2a7c488238
C 258
R
P 0x7f2a7c191628
C 342
R
P 0x7f2a7c191628
P 0x7f2a7c488238
C 9
R
P 0x7f2a7c191628
C 342
R
P 0x7f2a7c191628
I 0
P 0x7f2a7c19b208
C 150
= 0x7f2a7c19bd08
R
P 0x7f2a7c191628
C 342
R
P 0x7f2a7c191628
P 0x7f2a7c19bd08
C 258
R
P 0x7f2a7c191628
C 342
R
P 0x7f2a7c191628
P 0x7f2a7c19bd08
C 9
R
P 0x7f2a7c191628
C 342
R
P 0x7f2a7c191628
I 1
P 0x7f2a7c19b208
C 150
= 0x7f2a7c19bc88
R
P 0x7f2a7c191628
C 342
R
P 0x7f2a7c191628
P 0x7f2a7c19bc88
C 258
R
P 0x7f2a7c191628
C 342
R
P 0x7f2a7c191628
P 0x7f2a7c19bc88
C 9
R
P 0x7f2a7c191628
C 342
R
P 0x7f2a7c191628
P 0x7f2a7c19bd08
P 0x7f2a7c19bc88
C 75
= 0x7f2a7c486fa0
R
P 0x7f2a7c191628
C 342
R
P 0x7f2a7c191628
P 0x7f2a7c486fa0
C 258
R
P 0x7f2a7c191628
C 342
R
P 0x7f2a7c191628
P 0x7f2a7c486fa0
C 9
R
P 0x7f2a7c191628
C 342
R
P 0x7f2a7c191628
I 1
P 0x7f2a7c19b208
C 150
= 0x7f2a7c19bc88
R
P 0x7f2a7c191628
C 342
R
P 0x7f2a7c191628
P 0x7f2a7c19bc88
C 258
R
P 0x7f2a7c191628
C 342
R
P 0x7f2a7c191628
P 0x7f2a7c19bc88
C 9
R
P 0x7f2a7c191628
C 342
R
P 0x7f2a7c191628
U 2
P 0x7f2a7c19bd08
P 0x7f2a7c19bc88
p 2
C 67
= 0x7f2a7c486fd8
R
P 0x7f2a7c191628
C 342
R
P 0x7f2a7c191628
P 0x7f2a7c486fd8
C 257
R
P 0x7f2a7c191628
C 342
R
P 0x7f2a7c191628
P 0x7f2a7c486fd8
C 254
= 0x7f2a7c19b208
R
P 0x7f2a7c191628
C 342
R
P 0x7f2a7c191628
P 0x7f2a7c19b208
C 209
R
P 0x7f2a7c191628
C 342
R
P 0x7f2a7c191628
P 0x7f2a7c486fd8
C 260
R
P 0x7f2a7c191628
C 342
R
P 0x7f2a7c191628
P 0x7f2a7c486fd8
C 259
R
P 0x7f2a7c191628
C 342
R
P 0x7f2a7c191628
P 0x7f2a7c486fd8
C 258
R
P 0x7f2a7c191628
C 342
R
P 0x7f2a7c191628
P 0x7f2a7c486fd8
C 9
R
P 0x7f2a7c191628
C 342
R
P 0x7f2a7c191628
U 2
P 0x7f2a7c19bba8
P 0x7f2a7c486fd8
p 2
C 66
= 0x7f2a7c487010
R
P 0x7f2a7c191628
C 342
R
P 0x7f2a7c191628
P 0x7f2a7c487010
C 257
R
P 0x7f2a7c191628
C 342
R
P 0x7f2a7c191628
P 0x7f2a7c487010
C 254
= 0x7f2a7c19b1e8
R
P 0x7f2a7c191628
C 342
R
P 0x7f2a7c191628
P 0x7f2a7c19b1e8
C 209
R
P 0x7f2a7c191628
C 342
R
P 0x7f2a7c191628
P 0x7f2a7c487010
C 260
R
P 0x7f2a7c191628
C 342
R
P 0x7f2a7c191628
P 0x7f2a7c487010
C 259
R
P 0x7f2a7c191628
C 342
R
P 0x7f2a7c191628
P 0x7f2a7c487010
C 258
R
P 0x7f2a7c191628
C 342
R
P 0x7f2a7c191628
P 0x7f2a7c487010
C 9
R
P 0x7f2a7c191628
C 342
R
P 0x7f2a7c191628
U 2
P 0x7f2a7c19bc28
P 0x7f2a7c487010
p 2
C 65
= 0x7f2a7c487048
R
P 0x7f2a7c191628
C 342
R
P 0x7f2a7c191628
P 0x7f2a7c487048
C 257
R
P 0x7f2a7c191628
C 342
R
P 0x7f2a7c191628
P 0x7f2a7c487048
C 254
= 0x7f2a7c19b1e8
R
P 0x7f2a7c191628
C 342
R
P 0x7f2a7c191628
P 0x7f2a7c19b1e8
C 209
R
P 0x7f2a7c191628
C 342
R
P 0x7f2a7c191628
P 0x7f2a7c487048
C 260
R
P 0x7f2a7c191628
C 342
R
P 0x7f2a7c191628
P 0x7f2a7c487048
C 259
R
P 0x7f2a7c191628
C 342
R
P 0x7f2a7c191628
P 0x7f2a7c487048
C 258
R
P 0x7f2a7c191628
C 342
R
P 0x7f2a7c191628
P 0x7f2a7c487048
C 9
R
P 0x7f2a7c191628
C 342
R
P 0x7f2a7c191628
P 0x7f2a7c486fa0
P 0x7f2a7c487048
P 0x7f2a7c19bc28
C 59
= 0x7f2a7c19f948
R
P 0x7f2a7c191628
C 342
R
P 0x7f2a7c191628
P 0x7f2a7c19f948
C 257
R
P 0x7f2a7c191628
C 342
R
P 0x7f2a7c191628
P 0x7f2a7c19f948
C 254
= 0x7f2a7c19b1e8
R
P 0x7f2a7c191628
C 342
R
P 0x7f2a7c191628
P 0x7f2a7c19b1e8
C 209
R
P 0x7f2a7c191628
C 342
R
P 0x7f2a7c191628
P 0x7f2a7c19f948
C 260
R
P 0x7f2a7c191628
C 342
R
P 0x7f2a7c191628
P 0x7f2a7c19f948
C 259
R
P 0x7f2a7c191628
C 342
R
P 0x7f2a7c191628
P 0x7f2a7c19f948
C 258
R
P 0x7f2a7c191628
C 342
R
P 0x7f2a7c191628
P 0x7f2a7c19f948
C 9
R
P 0x7f2a7c191628
C 342
R
P 0x7f2a7c191628
U 2
P 0x7f2a7c19f948
P 0x7f2a7c19bb48
p 2
C 65
= 0x7f2a7c487080
R
P 0x7f2a7c191628
C 342
R
P 0x7f2a7c191628
P 0x7f2a7c487080
C 257
R
P 0x7f2a7c191628
C 342
R
P 0x7f2a7c191628
P 0x7f2a7c487080
C 254
= 0x7f2a7c19b1e8
R
P 0x7f2a7c191628
C 342
R
P 0x7f2a7c191628
P 0x7f2a7c19b1e8
C 209
R
P 0x7f2a7c191628
C 342
R
P 0x7f2a7c191628
P 0x7f2a7c487080
C 260
R
P 0x7f2a7c191628
C 342
R
P 0x7f2a7c191628
P 0x7f2a7c487080
C 259
R
P 0x7f2a7c191628
C 342
R
P 0x7f2a7c191628
P 0x7f2a7c487080
C 258
R
P 0x7f2a7c191628
C 342
R
P 0x7f2a7c191628
P 0x7f2a7c487080
C 9
R
P 0x7f2a7c191628
C 342
R
P 0x7f2a7c191628
P 0x7f2a7c19bc68
C 333
R
P 0x7f2a7c191628
C 342
R
P 0x7f2a7c191628
S "slotflowPriorityStart"
C 30
R
P 0x7f2a7c191628
C 342
R
P 0x7f2a7c191628
$ |slotflowPriorityStart|
C 202
R
P 0x7f2a7c191628
C 342
R
P 0x7f2a7c191628
$ |slotflowPriorityStart|
P 0x7f2a7c19b1e8
C 51
= 0x7f2a7c19c2a8
R
P 0x7f2a7c191628
C 342
R
P 0x7f2a7c191628
P 0x7f2a7c19c2a8
C 257
R
P 0x7f2a7c191628
C 342
R
P 0x7f2a7c191628
P 0x7f2a7c19c2a8
C 254
= 0x7f2a7c19b1e8
R
P 0x7f2a7c191628
C 342
R
P 0x7f2a7c191628
P 0x7f2a7c19b1e8
C 209
R
P 0x7f2a7c191628
C 342
R
P 0x7f2a7c191628
P 0x7f2a7c19c2a8
C 260
R
P 0x7f2a7c191628
C 342
R
P 0x7f2a7c191628
P 0x7f2a7c19c2a8
C 259
R
P 0x7f2a7c191628
C 342
R
P 0x7f2a7c191628
P 0x7f2a7c19c2a8
C 258
R
P 0x7f2a7c191628
C 342
R
P 0x7f2a7c191628
P 0x7f2a7c19c2a8
C 9
R
P 0x7f2a7c191628
C 342
R
P 0x7f2a7c191628
I 4
P 0x7f2a7c19b208
C 150
= 0x7f2a7c19c028
R
P 0x7f2a7c191628
C 342
R
P 0x7f2a7c191628
P 0x7f2a7c19c028
C 258
R
P 0x7f2a7c191628
C 342
R
P 0x7f2a7c191628
P 0x7f2a7c19c028
C 9
R
P 0x7f2a7c191628
C 342
R
P 0x7f2a7c191628
I 1
P 0x7f2a7c19b208
C 150
= 0x7f2a7c19bc88
R
P 0x7f2a7c191628
C 342
R
P 0x7f2a7c191628
P 0x7f2a7c19bc88
C 258
R
P 0x7f2a7c191628
C 342
R
P 0x7f2a7c191628
P 0x7f2a7c19bc88
C 9
R
P 0x7f2a7c191628
C 342
R
P 0x7f2a7c191628
P 0x7f2a7c19c028
P 0x7f2a7c19bc88
C 75
= 0x7f2a7c487390
R
P 0x7f2a7c191628
C 342
R
P 0x7f2a7c191628
P 0x7f2a7c487390
C 258
R
P 0x7f2a7c191628
C 342
R
P 0x7f2a7c191628
P 0x7f2a7c487390
C 9
R
P 0x7f2a7c191628
C 342
R
P 0x7f2a7c191628
I 1
P 0x7f2a7c19b208
C 150
= 0x7f2a7c19bc88
R
P 0x7f2a7c191628
C 342
R
P 0x7f2a7c191628
P 0x7f2a7c19bc88
C 258
R
P 0x7f2a7c191628
C 342
R
P 0x7f2a7c191628
P 0x7f2a7c19bc88
C 9
R
P 0x7f2a7c191628
C 342
R
P 0x7f2a7c191628
U 2
P 0x7f2a7c19c028
P 0x7f2a7c19bc88
p 2
C 67
= 0x7f2a7c4873c8
R
P 0x7f2a7c191628
C 342
R
P 0x7f2a7c191628
P 0x7f2a7c4873c8
C 257
R
P 0x7f2a7c191628
C 342
R
P 0x7f2a7c191628
P 0x7f2a7c4873c8
C 254
= 0x7f2a7c19b208
R
P 0x7f2a7c191628
C 342
R
P 0x7f2a7c191628
P 0x7f2a7c19b208
C 209
R
P 0x7f2a7c191628
C 342
R
P 0x7f2a7c191628
P 0x7f2a7c4873c8
C 260
R
P 0x7f2a7c191628
C 342
R
P 0x7f2a7c191628
P 0x7f2a7c4873c8
C 259
R
P 0x7f2a7c191628
C 342
R
P 0x7f2a7c191628
P 0x7f2a7c4873c8
C 258
R
P 0x7f2a7c191628
C 342
R
P 0x7f2a7c191628
P 0x7f2a7c4873c8
C 9
R
P 0x7f2a7c191628
C 342
R
P 0x7f2a7c191628
U 2
P 0x7f2a7c19bbe8
P 0x7f2a7c4873c8
p 2
C 66
= 0x7f2a7c488158
R
P 0x7f2a7c191628
C 342
R
P 0x7f2a7c191628
P 0x7f2a7c488158
C 257
R
P 0x7f2a7c191628
C 342
R
P 0x7f2a7c191628
P 0x7f2a7c488158
C 254
= 0x7f2a7c19b208
R
P 0x7f2a7c191628
C 342
R
P 0x7f2a7c191628
P 0x7f2a7c19b208
C 209
R
P 0x7f2a7c191628
C 342
R
P 0x7f2a7c191628
P 0x7f2a7c488158
C 260
R
P 0x7f2a7c191628
C 342
R
P 0x7f2a7c191628
P 0x7f2a7c488158
C 259
R
P 0x7f2a7c191628
C 342
R
P 0x7f2a7c191628
P 0x7f2a7c488158
C 258
R
P 0x7f2a7c191628
C 342
R
P 0x7f2a7c191628
P 0x7f2a7c488158
C 9
R
P 0x7f2a7c191628
C 342
R
P 0x7f2a7c191628
U 2
P 0x7f2a7c19bb88
P 0x7f2a7c488158
p 2
C 65
= 0x7f2a7c488190
R
P 0x7f2a7c191628
C 342
R
P 0x7f2a7c191628
P 0x7f2a7c488190
C 257
R
P 0x7f2a7c191628
C 342
R
P 0x7f2a7c191628
P 0x7f2a7c488190
C 254
= 0x7f2a7c19b1e8
R
P 0x7f2a7c191628
C 342
R
P 0x7f2a7c191628
P 0x7f2a7c19b1e8
C 209
R
P 0x7f2a7c191628
C 342
R
P 0x7f2a7c191628
P 0x7f2a7c488190
C 260
R
P 0x7f2a7c191628
C 342
R
P 0x7f2a7c191628
P 0x7f2a7c488190
C 259
R
P 0x7f2a7c191628
C 342
R
P 0x7f2a7c191628
P 0x7f2a7c488190
C 258
R
P 0x7f2a7c191628
C 342
R
P 0x7f2a7c191628
P 0x7f2a7c488190
C 9
R
P 0x7f2a7c191628
C 342
R
P 0x7f2a7c191628
P 0x7f2a7c487390
P 0x7f2a7c488190
P 0x7f2a7c19bb88
C 59
= 0x7f2a7c19fb08
R
P 0x7f2a7c191628
C 342
R
P 0x7f2a7c191628
P 0x7f2a7c19fb08
C 257
R
P 0x7f2a7c191628
C 342
R
P 0x7f2a7c191628
P 0x7f2a7c19fb08
C 254
= 0x7f2a7c19b1e8
R
P 0x7f2a7c191628
C 342
R
P 0x7f2a7c191628
P 0x7f2a7c19b1e8
C 209
R
P 0x7f2a7c191628
C 342
R
P 0x7f2a7c191628
P 0x7f2a7c19fb08
C 260
R
P 0x7f2a7c191628
C 342
R
P 0x7f2a7c191628
P 0x7f2a7c19fb08
C 259
R
P 0x7f2a7c191628
C 342
R
P 0x7f2a7c191628
P 0x7f2a7c19fb08
C 258
R
P 0x7f2a7c191628
C 342
R
P 0x7f2a7c191628
P 0x7f2a7c19fb08
C 9
R
P 0x7f2a7c191628
C 342
R
P 0x7f2a7c191628
U 2
P 0x7f2a7c19c2a8
P 0x7f2a7c19fb08
p 2
C 65
= 0x7f2a7c488270
R
P 0x7f2a7c191628
C 342
R
P 0x7f2a7c191628
P 0x7f2a7c488270
C 257
R
P 0x7f2a7c191628
C 342
R
P 0x7f2a7c191628
P 0x7f2a7c488270
C 254
= 0x7f2a7c19b1e8
R
P 0x7f2a7c191628
C 342
R
P 0x7f2a7c191628
P 0x7f2a7c19b1e8
C 209
R
P 0x7f2a7c191628
C 342
R
P 0x7f2a7c191628
P 0x7f2a7c488270
C 260
R
P 0x7f2a7c191628
C 342
R
P 0x7f2a7c191628
P 0x7f2a7c488270
C 259
R
P 0x7f2a7c191628
C 342
R
P 0x7f2a7c191628
P 0x7f2a7c488270
C 258
R
P 0x7f2a7c191628
C 342
R
P 0x7f2a7c191628
P 0x7f2a7c488270
C 9
R
P 0x7f2a7c191628
C 342
R
P 0x7f2a7c191628
P 0x7f2a7c487080
P 0x7f2a7c488270
C 76
= 0x7f2a7c4882a8
R
P 0x7f2a7c191628
C 342
R
P 0x7f2a7c191628
P 0x7f2a7c4882a8
C 258
R
P 0x7f2a7c191628
C 342
R
P 0x7f2a7c191628
P 0x7f2a7c4882a8
C 9
R
P 0x7f2a7c191628
C 342
R
P 0x7f2a7c191628
U 2
P 0x7f2a7c488238
P 0x7f2a7c4882a8
p 2
C 63
= 0x7f2a7c4882e0
R
P 0x7f2a7c191628
C 342
R
P 0x7f2a7c191628
P 0x7f2a7c4882e0
C 258
R
P 0x7f2a7c191628
C 342
R
P 0x7f2a7c191628
P 0x7f2a7c4882e0
C 9
R
P 0x7f2a7c191628
C 342
R
P 0x7f2a7c191628
I 0
P 0x7f2a7c19b208
C 150
= 0x7f2a7c19bd08
R
P 0x7f2a7c191628
C 342
R
P 0x7f2a7c191628
P 0x7f2a7c19bd08
C 258
R
P 0x7f2a7c191628
C 342
R
P 0x7f2a7c191628
P 0x7f2a7c19bd08
C 9
R
P 0x7f2a7c191628
C 342
R
P 0x7f2a7c191628
P 0x7f2a7c19bd08
C 263
R
P 0x7f2a7c191628
C 342
R
P 0x7f2a7c191628
S "dev0T30"
C 30
R
P 0x7f2a7c191628
C 342
R
P 0x7f2a7c191628
$ |dev0T30|
C 202
R
P 0x7f2a7c191628
C 342
R
P 0x7f2a7c191628
$ |dev0T30|
P 0x7f2a7c19b1e8
C 51
= 0x7f2a7c19c208
R
P 0x7f2a7c191628
C 342
R
P 0x7f2a7c191628
P 0x7f2a7c19c208
C 257
R
P 0x7f2a7c191628
C 342
R
P 0x7f2a7c191628
P 0x7f2a7c19c208
C 254
= 0x7f2a7c19b1e8
R
P 0x7f2a7c191628
C 342
R
P 0x7f2a7c191628
P 0x7f2a7c19b1e8
C 209
R
P 0x7f2a7c191628
C 342
R
P 0x7f2a7c191628
P 0x7f2a7c19c208
C 260
R
P 0x7f2a7c191628
C 342
R
P 0x7f2a7c191628
P 0x7f2a7c19c208
C 259
R
P 0x7f2a7c191628
C 342
R
P 0x7f2a7c191628
P 0x7f2a7c19c208
C 258
R
P 0x7f2a7c191628
C 342
R
P 0x7f2a7c191628
P 0x7f2a7c19c208
C 9
R
P 0x7f2a7c191628
C 342
R
P 0x7f2a7c191628
I 0
P 0x7f2a7c19b208
C 150
= 0x7f2a7c19bd08
R
P 0x7f2a7c191628
C 342
R
P 0x7f2a7c191628
P 0x7f2a7c19bd08
C 258
R
P 0x7f2a7c191628
C 342
R
P 0x7f2a7c191628
P 0x7f2a7c19bd08
C 9
R
P 0x7f2a7c191628
C 342
R
P 0x7f2a7c191628
I 1
P 0x7f2a7c19b208
C 150
= 0x7f2a7c19bc88
R
P 0x7f2a7c191628
C 342
R
P 0x7f2a7c191628
P 0x7f2a7c19bc88
C 258
R
P 0x7f2a7c191628
C 342
R
P 0x7f2a7c191628
P 0x7f2a7c19bc88
C 9
R
P 0x7f2a7c191628
C 342
R
P 0x7f2a7c191628
P 0x7f2a7c19bd08
P 0x7f2a7c19bc88
C 75
= 0x7f2a7c486fa0
R
P 0x7f2a7c191628
C 342
R
P 0x7f2a7c191628
P 0x7f2a7c486fa0
C 258
R
P 0x7f2a7c191628
C 342
R
P 0x7f2a7c191628
P 0x7f2a7c486fa0
C 9
R
P 0x7f2a7c191628
C 342
R
P 0x7f2a7c191628
I 1
P 0x7f2a7c19b208
C 150
= 0x7f2a7c19bc88
R
P 0x7f2a7c191628
C 342
R
P 0x7f2a7c191628
P 0x7f2a7c19bc88
C 258
R
P 0x7f2a7c191628
C 342
R
P 0x7f2a7c191628
P 0x7f2a7c19bc88
C 9
R
P 0x7f2a7c191628
C 342
R
P 0x7f2a7c191628
U 2
P 0x7f2a7c19bd08
P 0x7f2a7c19bc88
p 2
C 67
= 0x7f2a7c486fd8
R
P 0x7f2a7c191628
C 342
R
P 0x7f2a7c191628
P 0x7f2a7c486fd8
C 257
R
P 0x7f2a7c191628
C 342
R
P 0x7f2a7c191628
P 0x7f2a7c486fd8
C 254
= 0x7f2a7c19b208
R
P 0x7f2a7c191628
C 342
R
P 0x7f2a7c191628
P 0x7f2a7c19b208
C 209
R
P 0x7f2a7c191628
C 342
R
P 0x7f2a7c191628
P 0x7f2a7c486fd8
C 260
R
P 0x7f2a7c191628
C 342
R
P 0x7f2a7c191628
P 0x7f2a7c486fd8
C 259
R
P 0x7f2a7c191628
C 342
R
P 0x7f2a7c191628
P 0x7f2a7c486fd8
C 258
R
P 0x7f2a7c191628
C 342
R
P 0x7f2a7c191628
P 0x7f2a7c486fd8
C 9
R
P 0x7f2a7c191628
C 342
R
P 0x7f2a7c191628
U 2
P 0x7f2a7c19bba8
P 0x7f2a7c486fd8
p 2
C 66
= 0x7f2a7c487010
R
P 0x7f2a7c191628
C 342
R
P 0x7f2a7c191628
P 0x7f2a7c487010
C 257
R
P 0x7f2a7c191628
C 342
R
P 0x7f2a7c191628
P 0x7f2a7c487010
C 254
= 0x7f2a7c19b1e8
R
P 0x7f2a7c191628
C 342
R
P 0x7f2a7c191628
P 0x7f2a7c19b1e8
C 209
R
P 0x7f2a7c191628
C 342
R
P 0x7f2a7c191628
P 0x7f2a7c487010
C 260
R
P 0x7f2a7c191628
C 342
R
P 0x7f2a7c191628
P 0x7f2a7c487010
C 259
R
P 0x7f2a7c191628
C 342
R
P 0x7f2a7c191628
P 0x7f2a7c487010
C 258
R
P 0x7f2a7c191628
C 342
R
P 0x7f2a7c191628
P 0x7f2a7c487010
C 9
R
P 0x7f2a7c191628
C 342
R
P 0x7f2a7c191628
U 2
P 0x7f2a7c19bc28
P 0x7f2a7c487010
p 2
C 65
= 0x7f2a7c487048
R
P 0x7f2a7c191628
C 342
R
P 0x7f2a7c191628
P 0x7f2a7c487048
C 257
R
P 0x7f2a7c191628
C 342
R
P 0x7f2a7c191628
P 0x7f2a7c487048
C 254
= 0x7f2a7c19b1e8
R
P 0x7f2a7c191628
C 342
R
P 0x7f2a7c191628
P 0x7f2a7c19b1e8
C 209
R
P 0x7f2a7c191628
C 342
R
P 0x7f2a7c191628
P 0x7f2a7c487048
C 260
R
P 0x7f2a7c191628
C 342
R
P 0x7f2a7c191628
P 0x7f2a7c487048
C 259
R
P 0x7f2a7c191628
C 342
R
P 0x7f2a7c191628
P 0x7f2a7c487048
C 258
R
P 0x7f2a7c191628
C 342
R
P 0x7f2a7c191628
P 0x7f2a7c487048
C 9
R
P 0x7f2a7c191628
C 342
R
P 0x7f2a7c191628
P 0x7f2a7c486fa0
P 0x7f2a7c487048
P 0x7f2a7c19bc28
C 59
= 0x7f2a7c19f948
R
P 0x7f2a7c191628
C 342
R
P 0x7f2a7c191628
P 0x7f2a7c19f948
C 257
R
P 0x7f2a7c191628
C 342
R
P 0x7f2a7c191628
P 0x7f2a7c19f948
C 254
= 0x7f2a7c19b1e8
R
P 0x7f2a7c191628
C 342
R
P 0x7f2a7c191628
P 0x7f2a7c19b1e8
C 209
R
P 0x7f2a7c191628
C 342
R
P 0x7f2a7c191628
P 0x7f2a7c19f948
C 260
R
P 0x7f2a7c191628
C 342
R
P 0x7f2a7c191628
P 0x7f2a7c19f948
C 259
R
P 0x7f2a7c191628
C 342
R
P 0x7f2a7c191628
P 0x7f2a7c19f948
C 258
R
P 0x7f2a7c191628
C 342
R
P 0x7f2a7c191628
P 0x7f2a7c19f948
C 9
R
P 0x7f2a7c191628
C 342
R
P 0x7f2a7c191628
U 2
P 0x7f2a7c19f948
P 0x7f2a7c19bb48
p 2
C 65
= 0x7f2a7c487080
R
P 0x7f2a7c191628
C 342
R
P 0x7f2a7c191628
P 0x7f2a7c487080
C 257
R
P 0x7f2a7c191628
C 342
R
P 0x7f2a7c191628
P 0x7f2a7c487080
C 254
= 0x7f2a7c19b1e8
R
P 0x7f2a7c191628
C 342
R
P 0x7f2a7c191628
P 0x7f2a7c19b1e8
C 209
R
P 0x7f2a7c191628
C 342
R
P 0x7f2a7c191628
P 0x7f2a7c487080
C 260
R
P 0x7f2a7c191628
C 342
R
P 0x7f2a7c191628
P 0x7f2a7c487080
C 259
R
P 0x7f2a7c191628
C 342
R
P 0x7f2a7c191628
P 0x7f2a7c487080
C 258
R
P 0x7f2a7c191628
C 342
R
P 0x7f2a7c191628
P 0x7f2a7c487080
C 9
R
P 0x7f2a7c191628
C 342
R
P 0x7f2a7c191628
U 2
P 0x7f2a7c487080
P 0x7f2a7c19bb68
p 2
C 65
= 0x7f2a7c4870b8
R
P 0x7f2a7c191628
C 342
R
P 0x7f2a7c191628
P 0x7f2a7c4870b8
C 257
R
P 0x7f2a7c191628
C 342
R
P 0x7f2a7c191628
P 0x7f2a7c4870b8
C 254
= 0x7f2a7c19b1e8
R
P 0x7f2a7c191628
C 342
R
P 0x7f2a7c191628
P 0x7f2a7c19b1e8
C 209
R
P 0x7f2a7c191628
C 342
R
P 0x7f2a7c191628
P 0x7f2a7c4870b8
C 260
R
P 0x7f2a7c191628
C 342
R
P 0x7f2a7c191628
P 0x7f2a7c4870b8
C 259
R
P 0x7f2a7c191628
C 342
R
P 0x7f2a7c191628
P 0x7f2a7c4870b8
C 258
R
P 0x7f2a7c191628
C 342
R
P 0x7f2a7c191628
P 0x7f2a7c4870b8
C 9
R
P 0x7f2a7c191628
C 342
R
P 0x7f2a7c191628
P 0x7f2a7c19c208
P 0x7f2a7c4870b8
C 56
= 0x7f2a7c487b00
R
P 0x7f2a7c191628
C 342
R
P 0x7f2a7c191628
P 0x7f2a7c487b00
C 258
R
P 0x7f2a7c191628
C 342
R
P 0x7f2a7c191628
P 0x7f2a7c487b00
C 9
R
P 0x7f2a7c191628
C 342
R
P 0x7f2a7c191628
P 0x7f2a7c4882e0
P 0x7f2a7c487b00
C 61
= 0x7f2a7c488318
R
P 0x7f2a7c191628
C 342
R
P 0x7f2a7c191628
P 0x7f2a7c488318
C 258
R
P 0x7f2a7c191628
C 342
R
P 0x7f2a7c191628
P 0x7f2a7c488318
C 9
R
P 0x7f2a7c191628
C 342
R
P 0x7f2a7c191628
P 0x7f2a7c1e1fc8
P 0x7f2a7c488318
C 427
R
P 0x7f2a7c191628
C 342
R
P 0x7f2a7c191628
I 1
P 0x7f2a7c19b208
C 150
= 0x7f2a7c19bc88
R
P 0x7f2a7c191628
C 342
R
P 0x7f2a7c191628
P 0x7f2a7c19bc88
C 258
R
P 0x7f2a7c191628
C 342
R
P 0x7f2a7c191628
P 0x7f2a7c19bc88
C 9
R
P 0x7f2a7c191628
C 342
R
P 0x7f2a7c191628
I 1
P 0x7f2a7c19b208
C 150
= 0x7f2a7c19bc88
R
P 0x7f2a7c191628
C 342
R
P 0x7f2a7c191628
P 0x7f2a7c19bc88
C 258
R
P 0x7f2a7c191628
C 342
R
P 0x7f2a7c191628
P 0x7f2a7c19bc88
C 9
R
P 0x7f2a7c191628
C 342
R
P 0x7f2a7c191628
P 0x7f2a7c19bc88
P 0x7f2a7c19bc88
C 75
= 0x7f2a7c1a1778
R
P 0x7f2a7c191628
C 342
R
P 0x7f2a7c191628
P 0x7f2a7c1a1778
C 258
R
P 0x7f2a7c191628
C 342
R
P 0x7f2a7c191628
P 0x7f2a7c1a1778
C 9
R
P 0x7f2a7c191628
C 342
R
P 0x7f2a7c191628
I 1
P 0x7f2a7c19b208
C 150
= 0x7f2a7c19bc88
R
P 0x7f2a7c191628
C 342
R
P 0x7f2a7c191628
P 0x7f2a7c19bc88
C 258
R
P 0x7f2a7c191628
C 342
R
P 0x7f2a7c191628
P 0x7f2a7c19bc88
C 9
R
P 0x7f2a7c191628
C 342
R
P 0x7f2a7c191628
U 2
P 0x7f2a7c19bc88
P 0x7f2a7c19bc88
p 2
C 67
= 0x7f2a7c1a17b0
R
P 0x7f2a7c191628
C 342
R
P 0x7f2a7c191628
P 0x7f2a7c1a17b0
C 257
R
P 0x7f2a7c191628
C 342
R
P 0x7f2a7c191628
P 0x7f2a7c1a17b0
C 254
= 0x7f2a7c19b208
R
P 0x7f2a7c191628
C 342
R
P 0x7f2a7c191628
P 0x7f2a7c19b208
C 209
R
P 0x7f2a7c191628
C 342
R
P 0x7f2a7c191628
P 0x7f2a7c1a17b0
C 260
R
P 0x7f2a7c191628
C 342
R
P 0x7f2a7c191628
P 0x7f2a7c1a17b0
C 259
R
P 0x7f2a7c191628
C 342
R
P 0x7f2a7c191628
P 0x7f2a7c1a17b0
C 258
R
P 0x7f2a7c191628
C 342
R
P 0x7f2a7c191628
P 0x7f2a7c1a17b0
C 9
R
P 0x7f2a7c191628
C 342
R
P 0x7f2a7c191628
U 2
P 0x7f2a7c19bba8
P 0x7f2a7c1a17b0
p 2
C 66
= 0x7f2a7c1a17e8
R
P 0x7f2a7c191628
C 342
R
P 0x7f2a7c191628
P 0x7f2a7c1a17e8
C 257
R
P 0x7f2a7c191628
C 342
R
P 0x7f2a7c191628
P 0x7f2a7c1a17e8
C 254
= 0x7f2a7c19b1e8
R
P 0x7f2a7c191628
C 342
R
P 0x7f2a7c191628
P 0x7f2a7c19b1e8
C 209
R
P 0x7f2a7c191628
C 342
R
P 0x7f2a7c191628
P 0x7f2a7c1a17e8
C 260
R
P 0x7f2a7c191628
C 342
R
P 0x7f2a7c191628
P 0x7f2a7c1a17e8
C 259
R
P 0x7f2a7c191628
C 342
R
P 0x7f2a7c191628
P 0x7f2a7c1a17e8
C 258
R
P 0x7f2a7c191628
C 342
R
P 0x7f2a7c191628
P 0x7f2a7c1a17e8
C 9
R
P 0x7f2a7c191628
C 342
R
P 0x7f2a7c191628
U 2
P 0x7f2a7c19bc28
P 0x7f2a7c1a17e8
p 2
C 65
= 0x7f2a7c1a1820
R
P 0x7f2a7c191628
C 342
R
P 0x7f2a7c191628
P 0x7f2a7c1a1820
C 257
R
P 0x7f2a7c191628
C 342
R
P 0x7f2a7c191628
P 0x7f2a7c1a1820
C 254
= 0x7f2a7c19b1e8
R
P 0x7f2a7c191628
C 342
R
P 0x7f2a7c191628
P 0x7f2a7c19b1e8
C 209
R
P 0x7f2a7c191628
C 342
R
P 0x7f2a7c191628
P 0x7f2a7c1a1820
C 260
R
P 0x7f2a7c191628
C 342
R
P 0x7f2a7c191628
P 0x7f2a7c1a1820
C 259
R
P 0x7f2a7c191628
C 342
R
P 0x7f2a7c191628
P 0x7f2a7c1a1820
C 258
R
P 0x7f2a7c191628
C 342
R
P 0x7f2a7c191628
P 0x7f2a7c1a1820
C 9
R
P 0x7f2a7c191628
C 342
R
P 0x7f2a7c191628
P 0x7f2a7c1a1778
P 0x7f2a7c1a1820
P 0x7f2a7c19bc28
C 59
= 0x7f2a7c19f848
R
P 0x7f2a7c191628
C 342
R
P 0x7f2a7c191628
P 0x7f2a7c19f848
C 257
R
P 0x7f2a7c191628
C 342
R
P 0x7f2a7c191628
P 0x7f2a7c19f848
C 254
= 0x7f2a7c19b1e8
R
P 0x7f2a7c191628
C 342
R
P 0x7f2a7c191628
P 0x7f2a7c19b1e8
C 209
R
P 0x7f2a7c191628
C 342
R
P 0x7f2a7c191628
P 0x7f2a7c19f848
C 260
R
P 0x7f2a7c191628
C 342
R
P 0x7f2a7c191628
P 0x7f2a7c19f848
C 259
R
P 0x7f2a7c191628
C 342
R
P 0x7f2a7c191628
P 0x7f2a7c19f848
C 258
R
P 0x7f2a7c191628
C 342
R
P 0x7f2a7c191628
P 0x7f2a7c19f848
C 9
R
P 0x7f2a7c191628
C 342
R
P 0x7f2a7c191628
U 2
P 0x7f2a7c19f848
P 0x7f2a7c19bb48
p 2
C 65
= 0x7f2a7c1a1858
R
P 0x7f2a7c191628
C 342
R
P 0x7f2a7c191628
P 0x7f2a7c1a1858
C 257
R
P 0x7f2a7c191628
C 342
R
P 0x7f2a7c191628
P 0x7f2a7c1a1858
C 254
= 0x7f2a7c19b1e8
R
P 0x7f2a7c191628
C 342
R
P 0x7f2a7c191628
P 0x7f2a7c19b1e8
C 209
R
P 0x7f2a7c191628
C 342
R
P 0x7f2a7c191628
P 0x7f2a7c1a1858
C 260
R
P 0x7f2a7c191628
C 342
R
P 0x7f2a7c191628
P 0x7f2a7c1a1858
C 259
R
P 0x7f2a7c191628
C 342
R
P 0x7f2a7c191628
P 0x7f2a7c1a1858
C 258
R
P 0x7f2a7c191628
C 342
R
P 0x7f2a7c191628
P 0x7f2a7c1a1858
C 9
R
P 0x7f2a7c191628
C 342
R
P 0x7f2a7c191628
P 0x7f2a7c19bc68
C 333
R
P 0x7f2a7c191628
C 342
R
P 0x7f2a7c191628
S "slotflowPriorityStart"
C 30
R
P 0x7f2a7c191628
C 342
R
P 0x7f2a7c191628
$ |slotflowPriorityStart|
C 202
R
P 0x7f2a7c191628
C 342
R
P 0x7f2a7c191628
$ |slotflowPriorityStart|
P 0x7f2a7c19b1e8
C 51
= 0x7f2a7c19c2a8
R
P 0x7f2a7c191628
C 342
R
P 0x7f2a7c191628
P 0x7f2a7c19c2a8
C 257
R
P 0x7f2a7c191628
C 342
R
P 0x7f2a7c191628
P 0x7f2a7c19c2a8
C 254
= 0x7f2a7c19b1e8
R
P 0x7f2a7c191628
C 342
R
P 0x7f2a7c191628
P 0x7f2a7c19b1e8
C 209
R
P 0x7f2a7c191628
C 342
R
P 0x7f2a7c191628
P 0x7f2a7c19c2a8
C 260
R
P 0x7f2a7c191628
C 342
R
P 0x7f2a7c191628
P 0x7f2a7c19c2a8
C 259
R
P 0x7f2a7c191628
C 342
R
P 0x7f2a7c191628
P 0x7f2a7c19c2a8
C 258
R
P 0x7f2a7c191628
C 342
R
P 0x7f2a7c191628
P 0x7f2a7c19c2a8
C 9
R
P 0x7f2a7c191628
C 342
R
P 0x7f2a7c191628
P 0x7f2a7c19bc68
C 333
R
P 0x7f2a7c191628
C 342
R
P 0x7f2a7c191628
S "slotflowPriorityDuration"
C 30
R
P 0x7f2a7c191628
C 342
R
P 0x7f2a7c191628
$ |slotflowPriorityDuration|
C 202
R
P 0x7f2a7c191628
C 342
R
P 0x7f2a7c191628
$ |slotflowPriorityDuration|
P 0x7f2a7c19b1e8
C 51
= 0x7f2a7c19c268
R
P 0x7f2a7c191628
C 342
R
P 0x7f2a7c191628
P 0x7f2a7c19c268
C 257
R
P 0x7f2a7c191628
C 342
R
P 0x7f2a7c191628
P 0x7f2a7c19c268
C 254
= 0x7f2a7c19b1e8
R
P 0x7f2a7c191628
C 342
R
P 0x7f2a7c191628
P 0x7f2a7c19b1e8
C 209
R
P 0x7f2a7c191628
C 342
R
P 0x7f2a7c191628
P 0x7f2a7c19c268
C 260
R
P 0x7f2a7c191628
C 342
R
P 0x7f2a7c191628
P 0x7f2a7c19c268
C 259
R
P 0x7f2a7c191628
C 342
R
P 0x7f2a7c191628
P 0x7f2a7c19c268
C 258
R
P 0x7f2a7c191628
C 342
R
P 0x7f2a7c191628
P 0x7f2a7c19c268
C 9
R
P 0x7f2a7c191628
C 342
R
P 0x7f2a7c191628
U 2
P 0x7f2a7c19c2a8
P 0x7f2a7c19c268
p 2
C 65
= 0x7f2a7c487908
R
P 0x7f2a7c191628
C 342
R
P 0x7f2a7c191628
P 0x7f2a7c487908
C 257
R
P 0x7f2a7c191628
C 342
R
P 0x7f2a7c191628
P 0x7f2a7c487908
C 254
= 0x7f2a7c19b1e8
R
P 0x7f2a7c191628
C 342
R
P 0x7f2a7c191628
P 0x7f2a7c19b1e8
C 209
R
P 0x7f2a7c191628
C 342
R
P 0x7f2a7c191628
P 0x7f2a7c487908
C 260
R
P 0x7f2a7c191628
C 342
R
P 0x7f2a7c191628
P 0x7f2a7c487908
C 259
R
P 0x7f2a7c191628
C 342
R
P 0x7f2a7c191628
P 0x7f2a7c487908
C 258
R
P 0x7f2a7c191628
C 342
R
P 0x7f2a7c191628
P 0x7f2a7c487908
C 9
R
P 0x7f2a7c191628
C 342
R
P 0x7f2a7c191628
I 0
P 0x7f2a7c19b208
C 150
= 0x7f2a7c19bd08
R
P 0x7f2a7c191628
C 342
R
P 0x7f2a7c191628
P 0x7f2a7c19bd08
C 258
R
P 0x7f2a7c191628
C 342
R
P 0x7f2a7c191628
P 0x7f2a7c19bd08
C 9
R
P 0x7f2a7c191628
C 342
R
P 0x7f2a7c191628
I 1
P 0x7f2a7c19b208
C 150
= 0x7f2a7c19bc88
R
P 0x7f2a7c191628
C 342
R
P 0x7f2a7c191628
P 0x7f2a7c19bc88
C 258
R
P 0x7f2a7c191628
C 342
R
P 0x7f2a7c191628
P 0x7f2a7c19bc88
C 9
R
P 0x7f2a7c191628
C 342
R
P 0x7f2a7c191628
P 0x7f2a7c19bd08
P 0x7f2a7c19bc88
C 75
= 0x7f2a7c486fa0
R
P 0x7f2a7c191628
C 342
R
P 0x7f2a7c191628
P 0x7f2a7c486fa0
C 258
R
P 0x7f2a7c191628
C 342
R
P 0x7f2a7c191628
P 0x7f2a7c486fa0
C 9
R
P 0x7f2a7c191628
C 342
R
P 0x7f2a7c191628
I 1
P 0x7f2a7c19b208
C 150
= 0x7f2a7c19bc88
R
P 0x7f2a7c191628
C 342
R
P 0x7f2a7c191628
P 0x7f2a7c19bc88
C 258
R
P 0x7f2a7c191628
C 342
R
P 0x7f2a7c191628
P 0x7f2a7c19bc88
C 9
R
P 0x7f2a7c191628
C 342
R
P 0x7f2a7c191628
U 2
P 0x7f2a7c19bd08
P 0x7f2a7c19bc88
p 2
C 67
= 0x7f2a7c486fd8
R
P 0x7f2a7c191628
C 342
R
P 0x7f2a7c191628
P 0x7f2a7c486fd8
C 257
R
P 0x7f2a7c191628
C 342
R
P 0x7f2a7c191628
P 0x7f2a7c486fd8
C 254
= 0x7f2a7c19b208
R
P 0x7f2a7c191628
C 342
R
P 0x7f2a7c191628
P 0x7f2a7c19b208
C 209
R
P 0x7f2a7c191628
C 342
R
P 0x7f2a7c191628
P 0x7f2a7c486fd8
C 260
R
P 0x7f2a7c191628
C 342
R
P 0x7f2a7c191628
P 0x7f2a7c486fd8
C 259
R
P 0x7f2a7c191628
C 342
R
P 0x7f2a7c191628
P 0x7f2a7c486fd8
C 258
R
P 0x7f2a7c191628
C 342
R
P 0x7f2a7c191628
P 0x7f2a7c486fd8
C 9
R
P 0x7f2a7c191628
C 342
R
P 0x7f2a7c191628
U 2
P 0x7f2a7c19bbe8
P 0x7f2a7c486fd8
p 2
C 66
= 0x7f2a7c487940
R
P 0x7f2a7c191628
C 342
R
P 0x7f2a7c191628
P 0x7f2a7c487940
C 257
R
P 0x7f2a7c191628
C 342
R
P 0x7f2a7c191628
P 0x7f2a7c487940
C 254
= 0x7f2a7c19b208
R
P 0x7f2a7c191628
C 342
R
P 0x7f2a7c191628
P 0x7f2a7c19b208
C 209
R
P 0x7f2a7c191628
C 342
R
P 0x7f2a7c191628
P 0x7f2a7c487940
C 260
R
P 0x7f2a7c191628
C 342
R
P 0x7f2a7c191628
P 0x7f2a7c487940
C 259
R
P 0x7f2a7c191628
C 342
R
P 0x7f2a7c191628
P 0x7f2a7c487940
C 258
R
P 0x7f2a7c191628
C 342
R
P 0x7f2a7c191628
P 0x7f2a7c487940
C 9
R
P 0x7f2a7c191628
C 342
R
P 0x7f2a7c191628
U 2
P 0x7f2a7c19bb88
P 0x7f2a7c487940
p 2
C 65
= 0x7f2a7c487978
R
P 0x7f2a7c191628
C 342
R
P 0x7f2a7c191628
P 0x7f2a7c487978
C 257
R
P 0x7f2a7c191628
C 342
R
P 0x7f2a7c191628
P 0x7f2a7c487978
C 254
= 0x7f2a7c19b1e8
R
P 0x7f2a7c191628
C 342
R
P 0x7f2a7c191628
P 0x7f2a7c19b1e8
C 209
R
P 0x7f2a7c191628
C 342
R
P 0x7f2a7c191628
P 0x7f2a7c487978
C 260
R
P 0x7f2a7c191628
C 342
R
P 0x7f2a7c191628
P 0x7f2a7c487978
C 259
R
P 0x7f2a7c191628
C 342
R
P 0x7f2a7c191628
P 0x7f2a7c487978
C 258
R
P 0x7f2a7c191628
C 342
R
P 0x7f2a7c191628
P 0x7f2a7c487978
C 9
R
P 0x7f2a7c191628
C 342
R
P 0x7f2a7c191628
P 0x7f2a7c486fa0
P 0x7f2a7c487978
P 0x7f2a7c19bb88
C 59
= 0x7f2a7c19fa08
R
P 0x7f2a7c191628
C 342
R
P 0x7f2a7c191628
P 0x7f2a7c19fa08
C 257
R
P 0x7f2a7c191628
C 342
R
P 0x7f2a7c191628
P 0x7f2a7c19fa08
C 254
= 0x7f2a7c19b1e8
R
P 0x7f2a7c191628
C 342
R
P 0x7f2a7c191628
P 0x7f2a7c19b1e8
C 209
R
P 0x7f2a7c191628
C 342
R
P 0x7f2a7c191628
P 0x7f2a7c19fa08
C 260
R
P 0x7f2a7c191628
C 342
R
P 0x7f2a7c191628
P 0x7f2a7c19fa08
C 259
R
P 0x7f2a7c191628
C 342
R
P 0x7f2a7c191628
P 0x7f2a7c19fa08
C 258
R
P 0x7f2a7c191628
C 342
R
P 0x7f2a7c191628
P 0x7f2a7c19fa08
C 9
R
P 0x7f2a7c191628
C 342
R
P 0x7f2a7c191628
U 2
P 0x7f2a7c487908
P 0x7f2a7c19fa08
p 2
C 65
= 0x7f2a7c4879b0
R
P 0x7f2a7c191628
C 342
R
P 0x7f2a7c191628
P 0x7f2a7c4879b0
C 257
R
P 0x7f2a7c191628
C 342
R
P 0x7f2a7c191628
P 0x7f2a7c4879b0
C 254
= 0x7f2a7c19b1e8
R
P 0x7f2a7c191628
C 342
R
P 0x7f2a7c191628
P 0x7f2a7c19b1e8
C 209
R
P 0x7f2a7c191628
C 342
R
P 0x7f2a7c191628
P 0x7f2a7c4879b0
C 260
R
P 0x7f2a7c191628
C 342
R
P 0x7f2a7c191628
P 0x7f2a7c4879b0
C 259
R
P 0x7f2a7c191628
C 342
R
P 0x7f2a7c191628
P 0x7f2a7c4879b0
C 258
R
P 0x7f2a7c191628
C 342
R
P 0x7f2a7c191628
P 0x7f2a7c4879b0
C 9
R
P 0x7f2a7c191628
C 342
R
P 0x7f2a7c191628
U 2
P 0x7f2a7c4879b0
P 0x7f2a7c19bb68
p 2
C 67
= 0x7f2a7c4879e8
R
P 0x7f2a7c191628
C 342
R
P 0x7f2a7c191628
P 0x7f2a7c4879e8
C 257
R
P 0x7f2a7c191628
C 342
R
P 0x7f2a7c191628
P 0x7f2a7c4879e8
C 254
= 0x7f2a7c19b1e8
R
P 0x7f2a7c191628
C 342
R
P 0x7f2a7c191628
P 0x7f2a7c19b1e8
C 209
R
P 0x7f2a7c191628
C 342
R
P 0x7f2a7c191628
P 0x7f2a7c4879e8
C 260
R
P 0x7f2a7c191628
C 342
R
P 0x7f2a7c191628
P 0x7f2a7c4879e8
C 259
R
P 0x7f2a7c191628
C 342
R
P 0x7f2a7c191628
P 0x7f2a7c4879e8
C 258
R
P 0x7f2a7c191628
C 342
R
P 0x7f2a7c191628
P 0x7f2a7c4879e8
C 9
R
P 0x7f2a7c191628
C 342
R
P 0x7f2a7c191628
P 0x7f2a7c1a1858
P 0x7f2a7c4879e8
C 74
= 0x7f2a7c488350
R
P 0x7f2a7c191628
C 342
R
P 0x7f2a7c191628
P 0x7f2a7c488350
C 258
R
P 0x7f2a7c191628
C 342
R
P 0x7f2a7c191628
P 0x7f2a7c488350
C 9
R
P 0x7f2a7c191628
C 342
R
P 0x7f2a7c191628
I 1
P 0x7f2a7c19b208
C 150
= 0x7f2a7c19bc88
R
P 0x7f2a7c191628
C 342
R
P 0x7f2a7c191628
P 0x7f2a7c19bc88
C 258
R
P 0x7f2a7c191628
C 342
R
P 0x7f2a7c191628
P 0x7f2a7c19bc88
C 9
R
P 0x7f2a7c191628
C 342
R
P 0x7f2a7c191628
I 1
P 0x7f2a7c19b208
C 150
= 0x7f2a7c19bc88
R
P 0x7f2a7c191628
C 342
R
P 0x7f2a7c191628
P 0x7f2a7c19bc88
C 258
R
P 0x7f2a7c191628
C 342
R
P 0x7f2a7c191628
P 0x7f2a7c19bc88
C 9
R
P 0x7f2a7c191628
C 342
R
P 0x7f2a7c191628
P 0x7f2a7c19bc88
P 0x7f2a7c19bc88
C 75
= 0x7f2a7c1a1778
R
P 0x7f2a7c191628
C 342
R
P 0x7f2a7c191628
P 0x7f2a7c1a1778
C 258
R
P 0x7f2a7c191628
C 342
R
P 0x7f2a7c191628
P 0x7f2a7c1a1778
C 9
R
P 0x7f2a7c191628
C 342
R
P 0x7f2a7c191628
I 1
P 0x7f2a7c19b208
C 150
= 0x7f2a7c19bc88
R
P 0x7f2a7c191628
C 342
R
P 0x7f2a7c191628
P 0x7f2a7c19bc88
C 258
R
P 0x7f2a7c191628
C 342
R
P 0x7f2a7c191628
P 0x7f2a7c19bc88
C 9
R
P 0x7f2a7c191628
C 342
R
P 0x7f2a7c191628
U 2
P 0x7f2a7c19bc88
P 0x7f2a7c19bc88
p 2
C 67
= 0x7f2a7c1a17b0
R
P 0x7f2a7c191628
C 342
R
P 0x7f2a7c191628
P 0x7f2a7c1a17b0
C 257
R
P 0x7f2a7c191628
C 342
R
P 0x7f2a7c191628
P 0x7f2a7c1a17b0
C 254
= 0x7f2a7c19b208
R
P 0x7f2a7c191628
C 342
R
P 0x7f2a7c191628
P 0x7f2a7c19b208
C 209
R
P 0x7f2a7c191628
C 342
R
P 0x7f2a7c191628
P 0x7f2a7c1a17b0
C 260
R
P 0x7f2a7c191628
C 342
R
P 0x7f2a7c191628
P 0x7f2a7c1a17b0
C 259
R
P 0x7f2a7c191628
C 342
R
P 0x7f2a7c191628
P 0x7f2a7c1a17b0
C 258
R
P 0x7f2a7c191628
C 342
R
P 0x7f2a7c191628
P 0x7f2a7c1a17b0
C 9
R
P 0x7f2a7c191628
C 342
R
P 0x7f2a7c191628
U 2
P 0x7f2a7c19bba8
P 0x7f2a7c1a17b0
p 2
C 66
= 0x7f2a7c1a17e8
R
P 0x7f2a7c191628
C 342
R
P 0x7f2a7c191628
P 0x7f2a7c1a17e8
C 257
R
P 0x7f2a7c191628
C 342
R
P 0x7f2a7c191628
P 0x7f2a7c1a17e8
C 254
= 0x7f2a7c19b1e8
R
P 0x7f2a7c191628
C 342
R
P 0x7f2a7c191628
P 0x7f2a7c19b1e8
C 209
R
P 0x7f2a7c191628
C 342
R
P 0x7f2a7c191628
P 0x7f2a7c1a17e8
C 260
R
P 0x7f2a7c191628
C 342
R
P 0x7f2a7c191628
P 0x7f2a7c1a17e8
C 259
R
P 0x7f2a7c191628
C 342
R
P 0x7f2a7c191628
P 0x7f2a7c1a17e8
C 258
R
P 0x7f2a7c191628
C 342
R
P 0x7f2a7c191628
P 0x7f2a7c1a17e8
C 9
R
P 0x7f2a7c191628
C 342
R
P 0x7f2a7c191628
U 2
P 0x7f2a7c19bc28
P 0x7f2a7c1a17e8
p 2
C 65
= 0x7f2a7c1a1820
R
P 0x7f2a7c191628
C 342
R
P 0x7f2a7c191628
P 0x7f2a7c1a1820
C 257
R
P 0x7f2a7c191628
C 342
R
P 0x7f2a7c191628
P 0x7f2a7c1a1820
C 254
= 0x7f2a7c19b1e8
R
P 0x7f2a7c191628
C 342
R
P 0x7f2a7c191628
P 0x7f2a7c19b1e8
C 209
R
P 0x7f2a7c191628
C 342
R
P 0x7f2a7c191628
P 0x7f2a7c1a1820
C 260
R
P 0x7f2a7c191628
C 342
R
P 0x7f2a7c191628
P 0x7f2a7c1a1820
C 259
R
P 0x7f2a7c191628
C 342
R
P 0x7f2a7c191628
P 0x7f2a7c1a1820
C 258
R
P 0x7f2a7c191628
C 342
R
P 0x7f2a7c191628
P 0x7f2a7c1a1820
C 9
R
P 0x7f2a7c191628
C 342
R
P 0x7f2a7c191628
P 0x7f2a7c1a1778
P 0x7f2a7c1a1820
P 0x7f2a7c19bc28
C 59
= 0x7f2a7c19f848
R
P 0x7f2a7c191628
C 342
R
P 0x7f2a7c191628
P 0x7f2a7c19f848
C 257
R
P 0x7f2a7c191628
C 342
R
P 0x7f2a7c191628
P 0x7f2a7c19f848
C 254
= 0x7f2a7c19b1e8
R
P 0x7f2a7c191628
C 342
R
P 0x7f2a7c191628
P 0x7f2a7c19b1e8
C 209
R
P 0x7f2a7c191628
C 342
R
P 0x7f2a7c191628
P 0x7f2a7c19f848
C 260
R
P 0x7f2a7c191628
C 342
R
P 0x7f2a7c191628
P 0x7f2a7c19f848
C 259
R
P 0x7f2a7c191628
C 342
R
P 0x7f2a7c191628
P 0x7f2a7c19f848
C 258
R
P 0x7f2a7c191628
C 342
R
P 0x7f2a7c191628
P 0x7f2a7c19f848
C 9
R
P 0x7f2a7c191628
C 342
R
P 0x7f2a7c191628
U 2
P 0x7f2a7c19f848
P 0x7f2a7c19bb48
p 2
C 65
= 0x7f2a7c1a1858
R
P 0x7f2a7c191628
C 342
R
P 0x7f2a7c191628
P 0x7f2a7c1a1858
C 257
R
P 0x7f2a7c191628
C 342
R
P 0x7f2a7c191628
P 0x7f2a7c1a1858
C 254
= 0x7f2a7c19b1e8
R
P 0x7f2a7c191628
C 342
R
P 0x7f2a7c191628
P 0x7f2a7c19b1e8
C 209
R
P 0x7f2a7c191628
C 342
R
P 0x7f2a7c191628
P 0x7f2a7c1a1858
C 260
R
P 0x7f2a7c191628
C 342
R
P 0x7f2a7c191628
P 0x7f2a7c1a1858
C 259
R
P 0x7f2a7c191628
C 342
R
P 0x7f2a7c191628
P 0x7f2a7c1a1858
C 258
R
P 0x7f2a7c191628
C 342
R
P 0x7f2a7c191628
P 0x7f2a7c1a1858
C 9
R
P 0x7f2a7c191628
C 342
R
P 0x7f2a7c191628
P 0x7f2a7c19bc68
C 333
R
P 0x7f2a7c191628
C 342
R
P 0x7f2a7c191628
S "slotflowPriorityStart"
C 30
R
P 0x7f2a7c191628
C 342
R
P 0x7f2a7c191628
$ |slotflowPriorityStart|
C 202
R
P 0x7f2a7c191628
C 342
R
P 0x7f2a7c191628
$ |slotflowPriorityStart|
P 0x7f2a7c19b1e8
C 51
= 0x7f2a7c19c2a8
R
P 0x7f2a7c191628
C 342
R
P 0x7f2a7c191628
P 0x7f2a7c19c2a8
C 257
R
P 0x7f2a7c191628
C 342
R
P 0x7f2a7c191628
P 0x7f2a7c19c2a8
C 254
= 0x7f2a7c19b1e8
R
P 0x7f2a7c191628
C 342
R
P 0x7f2a7c191628
P 0x7f2a7c19b1e8
C 209
R
P 0x7f2a7c191628
C 342
R
P 0x7f2a7c191628
P 0x7f2a7c19c2a8
C 260
R
P 0x7f2a7c191628
C 342
R
P 0x7f2a7c191628
P 0x7f2a7c19c2a8
C 259
R
P 0x7f2a7c191628
C 342
R
P 0x7f2a7c191628
P 0x7f2a7c19c2a8
C 258
R
P 0x7f2a7c191628
C 342
R
P 0x7f2a7c191628
P 0x7f2a7c19c2a8
C 9
R
P 0x7f2a7c191628
C 342
R
P 0x7f2a7c191628
I 0
P 0x7f2a7c19b208
C 150
= 0x7f2a7c19bd08
R
P 0x7f2a7c191628
C 342
R
P 0x7f2a7c191628
P 0x7f2a7c19bd08
C 258
R
P 0x7f2a7c191628
C 342
R
P 0x7f2a7c191628
P 0x7f2a7c19bd08
C 9
R
P 0x7f2a7c191628
C 342
R
P 0x7f2a7c191628
I 1
P 0x7f2a7c19b208
C 150
= 0x7f2a7c19bc88
R
P 0x7f2a7c191628
C 342
R
P 0x7f2a7c191628
P 0x7f2a7c19bc88
C 258
R
P 0x7f2a7c191628
C 342
R
P 0x7f2a7c191628
P 0x7f2a7c19bc88
C 9
R
P 0x7f2a7c191628
C 342
R
P 0x7f2a7c191628
P 0x7f2a7c19bd08
P 0x7f2a7c19bc88
C 75
= 0x7f2a7c486fa0
R
P 0x7f2a7c191628
C 342
R
P 0x7f2a7c191628
P 0x7f2a7c486fa0
C 258
R
P 0x7f2a7c191628
C 342
R
P 0x7f2a7c191628
P 0x7f2a7c486fa0
C 9
R
P 0x7f2a7c191628
C 342
R
P 0x7f2a7c191628
I 1
P 0x7f2a7c19b208
C 150
= 0x7f2a7c19bc88
R
P 0x7f2a7c191628
C 342
R
P 0x7f2a7c191628
P 0x7f2a7c19bc88
C 258
R
P 0x7f2a7c191628
C 342
R
P 0x7f2a7c191628
P 0x7f2a7c19bc88
C 9
R
P 0x7f2a7c191628
C 342
R
P 0x7f2a7c191628
U 2
P 0x7f2a7c19bd08
P 0x7f2a7c19bc88
p 2
C 67
= 0x7f2a7c486fd8
R
P 0x7f2a7c191628
C 342
R
P 0x7f2a7c191628
P 0x7f2a7c486fd8
C 257
R
P 0x7f2a7c191628
C 342
R
P 0x7f2a7c191628
P 0x7f2a7c486fd8
C 254
= 0x7f2a7c19b208
R
P 0x7f2a7c191628
C 342
R
P 0x7f2a7c191628
P 0x7f2a7c19b208
C 209
R
P 0x7f2a7c191628
C 342
R
P 0x7f2a7c191628
P 0x7f2a7c486fd8
C 260
R
P 0x7f2a7c191628
C 342
R
P 0x7f2a7c191628
P 0x7f2a7c486fd8
C 259
R
P 0x7f2a7c191628
C 342
R
P 0x7f2a7c191628
P 0x7f2a7c486fd8
C 258
R
P 0x7f2a7c191628
C 342
R
P 0x7f2a7c191628
P 0x7f2a7c486fd8
C 9
R
P 0x7f2a7c191628
C 342
R
P 0x7f2a7c191628
U 2
P 0x7f2a7c19bbe8
P 0x7f2a7c486fd8
p 2
C 66
= 0x7f2a7c487940
R
P 0x7f2a7c191628
C 342
R
P 0x7f2a7c191628
P 0x7f2a7c487940
C 257
R
P 0x7f2a7c191628
C 342
R
P 0x7f2a7c191628
P 0x7f2a7c487940
C 254
= 0x7f2a7c19b208
R
P 0x7f2a7c191628
C 342
R
P 0x7f2a7c191628
P 0x7f2a7c19b208
C 209
R
P 0x7f2a7c191628
C 342
R
P 0x7f2a7c191628
P 0x7f2a7c487940
C 260
R
P 0x7f2a7c191628
C 342
R
P 0x7f2a7c191628
P 0x7f2a7c487940
C 259
R
P 0x7f2a7c191628
C 342
R
P 0x7f2a7c191628
P 0x7f2a7c487940
C 258
R
P 0x7f2a7c191628
C 342
R
P 0x7f2a7c191628
P 0x7f2a7c487940
C 9
R
P 0x7f2a7c191628
C 342
R
P 0x7f2a7c191628
U 2
P 0x7f2a7c19bb88
P 0x7f2a7c487940
p 2
C 65
= 0x7f2a7c487978
R
P 0x7f2a7c191628
C 342
R
P 0x7f2a7c191628
P 0x7f2a7c487978
C 257
R
P 0x7f2a7c191628
C 342
R
P 0x7f2a7c191628
P 0x7f2a7c487978
C 254
= 0x7f2a7c19b1e8
R
P 0x7f2a7c191628
C 342
R
P 0x7f2a7c191628
P 0x7f2a7c19b1e8
C 209
R
P 0x7f2a7c191628
C 342
R
P 0x7f2a7c191628
P 0x7f2a7c487978
C 260
R
P 0x7f2a7c191628
C 342
R
P 0x7f2a7c191628
P 0x7f2a7c487978
C 259
R
P 0x7f2a7c191628
C 342
R
P 0x7f2a7c191628
P 0x7f2a7c487978
C 258
R
P 0x7f2a7c191628
C 342
R
P 0x7f2a7c191628
P 0x7f2a7c487978
C 9
R
P 0x7f2a7c191628
C 342
R
P 0x7f2a7c191628
P 0x7f2a7c486fa0
P 0x7f2a7c487978
P 0x7f2a7c19bb88
C 59
= 0x7f2a7c19fa08
R
P 0x7f2a7c191628
C 342
R
P 0x7f2a7c191628
P 0x7f2a7c19fa08
C 257
R
P 0x7f2a7c191628
C 342
R
P 0x7f2a7c191628
P 0x7f2a7c19fa08
C 254
= 0x7f2a7c19b1e8
R
P 0x7f2a7c191628
C 342
R
P 0x7f2a7c191628
P 0x7f2a7c19b1e8
C 209
R
P 0x7f2a7c191628
C 342
R
P 0x7f2a7c191628
P 0x7f2a7c19fa08
C 260
R
P 0x7f2a7c191628
C 342
R
P 0x7f2a7c191628
P 0x7f2a7c19fa08
C 259
R
P 0x7f2a7c191628
C 342
R
P 0x7f2a7c191628
P 0x7f2a7c19fa08
C 258
R
P 0x7f2a7c191628
C 342
R
P 0x7f2a7c191628
P 0x7f2a7c19fa08
C 9
R
P 0x7f2a7c191628
C 342
R
P 0x7f2a7c191628
U 2
P 0x7f2a7c19c2a8
P 0x7f2a7c19fa08
p 2
C 65
= 0x7f2a7c487a58
R
P 0x7f2a7c191628
C 342
R
P 0x7f2a7c191628
P 0x7f2a7c487a58
C 257
R
P 0x7f2a7c191628
C 342
R
P 0x7f2a7c191628
P 0x7f2a7c487a58
C 254
= 0x7f2a7c19b1e8
R
P 0x7f2a7c191628
C 342
R
P 0x7f2a7c191628
P 0x7f2a7c19b1e8
C 209
R
P 0x7f2a7c191628
C 342
R
P 0x7f2a7c191628
P 0x7f2a7c487a58
C 260
R
P 0x7f2a7c191628
C 342
R
P 0x7f2a7c191628
P 0x7f2a7c487a58
C 259
R
P 0x7f2a7c191628
C 342
R
P 0x7f2a7c191628
P 0x7f2a7c487a58
C 258
R
P 0x7f2a7c191628
C 342
R
P 0x7f2a7c191628
P 0x7f2a7c487a58
C 9
R
P 0x7f2a7c191628
C 342
R
P 0x7f2a7c191628
P 0x7f2a7c1a1858
P 0x7f2a7c487a58
C 76
= 0x7f2a7c488388
R
P 0x7f2a7c191628
C 342
R
P 0x7f2a7c191628
P 0x7f2a7c488388
C 258
R
P 0x7f2a7c191628
C 342
R
P 0x7f2a7c191628
P 0x7f2a7c488388
C 9
R
P 0x7f2a7c191628
C 342
R
P 0x7f2a7c191628
U 2
P 0x7f2a7c488350
P 0x7f2a7c488388
p 2
C 63
= 0x7f2a7c4883c0
R
P 0x7f2a7c191628
C 342
R
P 0x7f2a7c191628
P 0x7f2a7c4883c0
C 258
R
P 0x7f2a7c191628
C 342
R
P 0x7f2a7c191628
P 0x7f2a7c4883c0
C 9
R
P 0x7f2a7c191628
C 342
R
P 0x7f2a7c191628
I 1
P 0x7f2a7c19b208
C 150
= 0x7f2a7c19bc88
R
P 0x7f2a7c191628
C 342
R
P 0x7f2a7c191628
P 0x7f2a7c19bc88
C 258
R
P 0x7f2a7c191628
C 342
R
P 0x7f2a7c191628
P 0x7f2a7c19bc88
C 9
R
P 0x7f2a7c191628
C 342
R
P 0x7f2a7c191628
P 0x7f2a7c19bc88
C 263
R
P 0x7f2a7c191628
C 342
R
P 0x7f2a7c191628
S "dev0T31"
C 30
R
P 0x7f2a7c191628
C 342
R
P 0x7f2a7c191628
$ |dev0T31|
C 202
R
P 0x7f2a7c191628
C 342
R
P 0x7f2a7c191628
$ |dev0T31|
P 0x7f2a7c19b1e8
C 51
= 0x7f2a7c19bca8
R
P 0x7f2a7c191628
C 342
R
P 0x7f2a7c191628
P 0x7f2a7c19bca8
C 257
R
P 0x7f2a7c191628
C 342
R
P 0x7f2a7c191628
P 0x7f2a7c19bca8
C 254
= 0x7f2a7c19b1e8
R
P 0x7f2a7c191628
C 342
R
P 0x7f2a7c191628
P 0x7f2a7c19b1e8
C 209
R
P 0x7f2a7c191628
C 342
R
P 0x7f2a7c191628
P 0x7f2a7c19bca8
C 260
R
P 0x7f2a7c191628
C 342
R
P 0x7f2a7c191628
P 0x7f2a7c19bca8
C 259
R
P 0x7f2a7c191628
C 342
R
P 0x7f2a7c191628
P 0x7f2a7c19bca8
C 258
R
P 0x7f2a7c191628
C 342
R
P 0x7f2a7c191628
P 0x7f2a7c19bca8
C 9
R
P 0x7f2a7c191628
C 342
R
P 0x7f2a7c191628
I 1
P 0x7f2a7c19b208
C 150
= 0x7f2a7c19bc88
R
P 0x7f2a7c191628
C 342
R
P 0x7f2a7c191628
P 0x7f2a7c19bc88
C 258
R
P 0x7f2a7c191628
C 342
R
P 0x7f2a7c191628
P 0x7f2a7c19bc88
C 9
R
P 0x7f2a7c191628
C 342
R
P 0x7f2a7c191628
I 1
P 0x7f2a7c19b208
C 150
= 0x7f2a7c19bc88
R
P 0x7f2a7c191628
C 342
R
P 0x7f2a7c191628
P 0x7f2a7c19bc88
C 258
R
P 0x7f2a7c191628
C 342
R
P 0x7f2a7c191628
P 0x7f2a7c19bc88
C 9
R
P 0x7f2a7c191628
C 342
R
P 0x7f2a7c191628
P 0x7f2a7c19bc88
P 0x7f2a7c19bc88
C 75
= 0x7f2a7c1a1778
R
P 0x7f2a7c191628
C 342
R
P 0x7f2a7c191628
P 0x7f2a7c1a1778
C 258
R
P 0x7f2a7c191628
C 342
R
P 0x7f2a7c191628
P 0x7f2a7c1a1778
C 9
R
P 0x7f2a7c191628
C 342
R
P 0x7f2a7c191628
I 1
P 0x7f2a7c19b208
C 150
= 0x7f2a7c19bc88
R
P 0x7f2a7c191628
C 342
R
P 0x7f2a7c191628
P 0x7f2a7c19bc88
C 258
R
P 0x7f2a7c191628
C 342
R
P 0x7f2a7c191628
P 0x7f2a7c19bc88
C 9
R
P 0x7f2a7c191628
C 342
R
P 0x7f2a7c191628
U 2
P 0x7f2a7c19bc88
P 0x7f2a7c19bc88
p 2
C 67
= 0x7f2a7c1a17b0
R
P 0x7f2a7c191628
C 342
R
P 0x7f2a7c191628
P 0x7f2a7c1a17b0
C 257
R
P 0x7f2a7c191628
C 342
R
P 0x7f2a7c191628
P 0x7f2a7c1a17b0
C 254
= 0x7f2a7c19b208
R
P 0x7f2a7c191628
C 342
R
P 0x7f2a7c191628
P 0x7f2a7c19b208
C 209
R
P 0x7f2a7c191628
C 342
R
P 0x7f2a7c191628
P 0x7f2a7c1a17b0
C 260
R
P 0x7f2a7c191628
C 342
R
P 0x7f2a7c191628
P 0x7f2a7c1a17b0
C 259
R
P 0x7f2a7c191628
C 342
R
P 0x7f2a7c191628
P 0x7f2a7c1a17b0
C 258
R
P 0x7f2a7c191628
C 342
R
P 0x7f2a7c191628
P 0x7f2a7c1a17b0
C 9
R
P 0x7f2a7c191628
C 342
R
P 0x7f2a7c191628
U 2
P 0x7f2a7c19bba8
P 0x7f2a7c1a17b0
p 2
C 66
= 0x7f2a7c1a17e8
R
P 0x7f2a7c191628
C 342
R
P 0x7f2a7c191628
P 0x7f2a7c1a17e8
C 257
R
P 0x7f2a7c191628
C 342
R
P 0x7f2a7c191628
P 0x7f2a7c1a17e8
C 254
= 0x7f2a7c19b1e8
R
P 0x7f2a7c191628
C 342
R
P 0x7f2a7c191628
P 0x7f2a7c19b1e8
C 209
R
P 0x7f2a7c191628
C 342
R
P 0x7f2a7c191628
P 0x7f2a7c1a17e8
C 260
R
P 0x7f2a7c191628
C 342
R
P 0x7f2a7c191628
P 0x7f2a7c1a17e8
C 259
R
P 0x7f2a7c191628
C 342
R
P 0x7f2a7c191628
P 0x7f2a7c1a17e8
C 258
R
P 0x7f2a7c191628
C 342
R
P 0x7f2a7c191628
P 0x7f2a7c1a17e8
C 9
R
P 0x7f2a7c191628
C 342
R
P 0x7f2a7c191628
U 2
P 0x7f2a7c19bc28
P 0x7f2a7c1a17e8
p 2
C 65
= 0x7f2a7c1a1820
R
P 0x7f2a7c191628
C 342
R
P 0x7f2a7c191628
P 0x7f2a7c1a1820
C 257
R
P 0x7f2a7c191628
C 342
R
P 0x7f2a7c191628
P 0x7f2a7c1a1820
C 254
= 0x7f2a7c19b1e8
R
P 0x7f2a7c191628
C 342
R
P 0x7f2a7c191628
P 0x7f2a7c19b1e8
C 209
R
P 0x7f2a7c191628
C 342
R
P 0x7f2a7c191628
P 0x7f2a7c1a1820
C 260
R
P 0x7f2a7c191628
C 342
R
P 0x7f2a7c191628
P 0x7f2a7c1a1820
C 259
R
P 0x7f2a7c191628
C 342
R
P 0x7f2a7c191628
P 0x7f2a7c1a1820
C 258
R
P 0x7f2a7c191628
C 342
R
P 0x7f2a7c191628
P 0x7f2a7c1a1820
C 9
R
P 0x7f2a7c191628
C 342
R
P 0x7f2a7c191628
P 0x7f2a7c1a1778
P 0x7f2a7c1a1820
P 0x7f2a7c19bc28
C 59
= 0x7f2a7c19f848
R
P 0x7f2a7c191628
C 342
R
P 0x7f2a7c191628
P 0x7f2a7c19f848
C 257
R
P 0x7f2a7c191628
C 342
R
P 0x7f2a7c191628
P 0x7f2a7c19f848
C 254
= 0x7f2a7c19b1e8
R
P 0x7f2a7c191628
C 342
R
P 0x7f2a7c191628
P 0x7f2a7c19b1e8
C 209
R
P 0x7f2a7c191628
C 342
R
P 0x7f2a7c191628
P 0x7f2a7c19f848
C 260
R
P 0x7f2a7c191628
C 342
R
P 0x7f2a7c191628
P 0x7f2a7c19f848
C 259
R
P 0x7f2a7c191628
C 342
R
P 0x7f2a7c191628
P 0x7f2a7c19f848
C 258
R
P 0x7f2a7c191628
C 342
R
P 0x7f2a7c191628
P 0x7f2a7c19f848
C 9
R
P 0x7f2a7c191628
C 342
R
P 0x7f2a7c191628
U 2
P 0x7f2a7c19f848
P 0x7f2a7c19bb48
p 2
C 65
= 0x7f2a7c1a1858
R
P 0x7f2a7c191628
C 342
R
P 0x7f2a7c191628
P 0x7f2a7c1a1858
C 257
R
P 0x7f2a7c191628
C 342
R
P 0x7f2a7c191628
P 0x7f2a7c1a1858
C 254
= 0x7f2a7c19b1e8
R
P 0x7f2a7c191628
C 342
R
P 0x7f2a7c191628
P 0x7f2a7c19b1e8
C 209
R
P 0x7f2a7c191628
C 342
R
P 0x7f2a7c191628
P 0x7f2a7c1a1858
C 260
R
P 0x7f2a7c191628
C 342
R
P 0x7f2a7c191628
P 0x7f2a7c1a1858
C 259
R
P 0x7f2a7c191628
C 342
R
P 0x7f2a7c191628
P 0x7f2a7c1a1858
C 258
R
P 0x7f2a7c191628
C 342
R
P 0x7f2a7c191628
P 0x7f2a7c1a1858
C 9
R
P 0x7f2a7c191628
C 342
R
P 0x7f2a7c191628
U 2
P 0x7f2a7c1a1858
P 0x7f2a7c19bb68
p 2
C 65
= 0x7f2a7c487128
R
P 0x7f2a7c191628
C 342
R
P 0x7f2a7c191628
P 0x7f2a7c487128
C 257
R
P 0x7f2a7c191628
C 342
R
P 0x7f2a7c191628
P 0x7f2a7c487128
C 254
= 0x7f2a7c19b1e8
R
P 0x7f2a7c191628
C 342
R
P 0x7f2a7c191628
P 0x7f2a7c19b1e8
C 209
R
P 0x7f2a7c191628
C 342
R
P 0x7f2a7c191628
P 0x7f2a7c487128
C 260
R
P 0x7f2a7c191628
C 342
R
P 0x7f2a7c191628
P 0x7f2a7c487128
C 259
R
P 0x7f2a7c191628
C 342
R
P 0x7f2a7c191628
P 0x7f2a7c487128
C 258
R
P 0x7f2a7c191628
C 342
R
P 0x7f2a7c191628
P 0x7f2a7c487128
C 9
R
P 0x7f2a7c191628
C 342
R
P 0x7f2a7c191628
P 0x7f2a7c19bca8
P 0x7f2a7c487128
C 56
= 0x7f2a7c4883f8
R
P 0x7f2a7c191628
C 342
R
P 0x7f2a7c191628
P 0x7f2a7c4883f8
C 258
R
P 0x7f2a7c191628
C 342
R
P 0x7f2a7c191628
P 0x7f2a7c4883f8
C 9
R
P 0x7f2a7c191628
C 342
R
P 0x7f2a7c191628
P 0x7f2a7c4883c0
P 0x7f2a7c4883f8
C 61
= 0x7f2a7c488430
R
P 0x7f2a7c191628
C 342
R
P 0x7f2a7c191628
P 0x7f2a7c488430
C 258
R
P 0x7f2a7c191628
C 342
R
P 0x7f2a7c191628
P 0x7f2a7c488430
C 9
R
P 0x7f2a7c191628
C 342
R
P 0x7f2a7c191628
P 0x7f2a7c1e1fc8
P 0x7f2a7c488430
C 427
R
P 0x7f2a7c191628
C 342
R
P 0x7f2a7c191628
I 1
P 0x7f2a7c19b208
C 150
= 0x7f2a7c19bc88
R
P 0x7f2a7c191628
C 342
R
P 0x7f2a7c191628
P 0x7f2a7c19bc88
C 258
R
P 0x7f2a7c191628
C 342
R
P 0x7f2a7c191628
P 0x7f2a7c19bc88
C 9
R
P 0x7f2a7c191628
C 342
R
P 0x7f2a7c191628
I 1
P 0x7f2a7c19b208
C 150
= 0x7f2a7c19bc88
R
P 0x7f2a7c191628
C 342
R
P 0x7f2a7c191628
P 0x7f2a7c19bc88
C 258
R
P 0x7f2a7c191628
C 342
R
P 0x7f2a7c191628
P 0x7f2a7c19bc88
C 9
R
P 0x7f2a7c191628
C 342
R
P 0x7f2a7c191628
P 0x7f2a7c19bc88
P 0x7f2a7c19bc88
C 75
= 0x7f2a7c1a1778
R
P 0x7f2a7c191628
C 342
R
P 0x7f2a7c191628
P 0x7f2a7c1a1778
C 258
R
P 0x7f2a7c191628
C 342
R
P 0x7f2a7c191628
P 0x7f2a7c1a1778
C 9
R
P 0x7f2a7c191628
C 342
R
P 0x7f2a7c191628
I 1
P 0x7f2a7c19b208
C 150
= 0x7f2a7c19bc88
R
P 0x7f2a7c191628
C 342
R
P 0x7f2a7c191628
P 0x7f2a7c19bc88
C 258
R
P 0x7f2a7c191628
C 342
R
P 0x7f2a7c191628
P 0x7f2a7c19bc88
C 9
R
P 0x7f2a7c191628
C 342
R
P 0x7f2a7c191628
U 2
P 0x7f2a7c19bc88
P 0x7f2a7c19bc88
p 2
C 67
= 0x7f2a7c1a17b0
R
P 0x7f2a7c191628
C 342
R
P 0x7f2a7c191628
P 0x7f2a7c1a17b0
C 257
R
P 0x7f2a7c191628
C 342
R
P 0x7f2a7c191628
P 0x7f2a7c1a17b0
C 254
= 0x7f2a7c19b208
R
P 0x7f2a7c191628
C 342
R
P 0x7f2a7c191628
P 0x7f2a7c19b208
C 209
R
P 0x7f2a7c191628
C 342
R
P 0x7f2a7c191628
P 0x7f2a7c1a17b0
C 260
R
P 0x7f2a7c191628
C 342
R
P 0x7f2a7c191628
P 0x7f2a7c1a17b0
C 259
R
P 0x7f2a7c191628
C 342
R
P 0x7f2a7c191628
P 0x7f2a7c1a17b0
C 258
R
P 0x7f2a7c191628
C 342
R
P 0x7f2a7c191628
P 0x7f2a7c1a17b0
C 9
R
P 0x7f2a7c191628
C 342
R
P 0x7f2a7c191628
U 2
P 0x7f2a7c19bba8
P 0x7f2a7c1a17b0
p 2
C 66
= 0x7f2a7c1a17e8
R
P 0x7f2a7c191628
C 342
R
P 0x7f2a7c191628
P 0x7f2a7c1a17e8
C 257
R
P 0x7f2a7c191628
C 342
R
P 0x7f2a7c191628
P 0x7f2a7c1a17e8
C 254
= 0x7f2a7c19b1e8
R
P 0x7f2a7c191628
C 342
R
P 0x7f2a7c191628
P 0x7f2a7c19b1e8
C 209
R
P 0x7f2a7c191628
C 342
R
P 0x7f2a7c191628
P 0x7f2a7c1a17e8
C 260
R
P 0x7f2a7c191628
C 342
R
P 0x7f2a7c191628
P 0x7f2a7c1a17e8
C 259
R
P 0x7f2a7c191628
C 342
R
P 0x7f2a7c191628
P 0x7f2a7c1a17e8
C 258
R
P 0x7f2a7c191628
C 342
R
P 0x7f2a7c191628
P 0x7f2a7c1a17e8
C 9
R
P 0x7f2a7c191628
C 342
R
P 0x7f2a7c191628
U 2
P 0x7f2a7c19bc28
P 0x7f2a7c1a17e8
p 2
C 65
= 0x7f2a7c1a1820
R
P 0x7f2a7c191628
C 342
R
P 0x7f2a7c191628
P 0x7f2a7c1a1820
C 257
R
P 0x7f2a7c191628
C 342
R
P 0x7f2a7c191628
P 0x7f2a7c1a1820
C 254
= 0x7f2a7c19b1e8
R
P 0x7f2a7c191628
C 342
R
P 0x7f2a7c191628
P 0x7f2a7c19b1e8
C 209
R
P 0x7f2a7c191628
C 342
R
P 0x7f2a7c191628
P 0x7f2a7c1a1820
C 260
R
P 0x7f2a7c191628
C 342
R
P 0x7f2a7c191628
P 0x7f2a7c1a1820
C 259
R
P 0x7f2a7c191628
C 342
R
P 0x7f2a7c191628
P 0x7f2a7c1a1820
C 258
R
P 0x7f2a7c191628
C 342
R
P 0x7f2a7c191628
P 0x7f2a7c1a1820
C 9
R
P 0x7f2a7c191628
C 342
R
P 0x7f2a7c191628
P 0x7f2a7c1a1778
P 0x7f2a7c1a1820
P 0x7f2a7c19bc28
C 59
= 0x7f2a7c19f848
R
P 0x7f2a7c191628
C 342
R
P 0x7f2a7c191628
P 0x7f2a7c19f848
C 257
R
P 0x7f2a7c191628
C 342
R
P 0x7f2a7c191628
P 0x7f2a7c19f848
C 254
= 0x7f2a7c19b1e8
R
P 0x7f2a7c191628
C 342
R
P 0x7f2a7c191628
P 0x7f2a7c19b1e8
C 209
R
P 0x7f2a7c191628
C 342
R
P 0x7f2a7c191628
P 0x7f2a7c19f848
C 260
R
P 0x7f2a7c191628
C 342
R
P 0x7f2a7c191628
P 0x7f2a7c19f848
C 259
R
P 0x7f2a7c191628
C 342
R
P 0x7f2a7c191628
P 0x7f2a7c19f848
C 258
R
P 0x7f2a7c191628
C 342
R
P 0x7f2a7c191628
P 0x7f2a7c19f848
C 9
R
P 0x7f2a7c191628
C 342
R
P 0x7f2a7c191628
U 2
P 0x7f2a7c19f848
P 0x7f2a7c19bb48
p 2
C 65
= 0x7f2a7c1a1858
R
P 0x7f2a7c191628
C 342
R
P 0x7f2a7c191628
P 0x7f2a7c1a1858
C 257
R
P 0x7f2a7c191628
C 342
R
P 0x7f2a7c191628
P 0x7f2a7c1a1858
C 254
= 0x7f2a7c19b1e8
R
P 0x7f2a7c191628
C 342
R
P 0x7f2a7c191628
P 0x7f2a7c19b1e8
C 209
R
P 0x7f2a7c191628
C 342
R
P 0x7f2a7c191628
P 0x7f2a7c1a1858
C 260
R
P 0x7f2a7c191628
C 342
R
P 0x7f2a7c191628
P 0x7f2a7c1a1858
C 259
R
P 0x7f2a7c191628
C 342
R
P 0x7f2a7c191628
P 0x7f2a7c1a1858
C 258
R
P 0x7f2a7c191628
C 342
R
P 0x7f2a7c191628
P 0x7f2a7c1a1858
C 9
R
P 0x7f2a7c191628
C 342
R
P 0x7f2a7c191628
P 0x7f2a7c19bc68
C 333
R
P 0x7f2a7c191628
C 342
R
P 0x7f2a7c191628
S "slotflowPriorityStart"
C 30
R
P 0x7f2a7c191628
C 342
R
P 0x7f2a7c191628
$ |slotflowPriorityStart|
C 202
R
P 0x7f2a7c191628
C 342
R
P 0x7f2a7c191628
$ |slotflowPriorityStart|
P 0x7f2a7c19b1e8
C 51
= 0x7f2a7c19c2a8
R
P 0x7f2a7c191628
C 342
R
P 0x7f2a7c191628
P 0x7f2a7c19c2a8
C 257
R
P 0x7f2a7c191628
C 342
R
P 0x7f2a7c191628
P 0x7f2a7c19c2a8
C 254
= 0x7f2a7c19b1e8
R
P 0x7f2a7c191628
C 342
R
P 0x7f2a7c191628
P 0x7f2a7c19b1e8
C 209
R
P 0x7f2a7c191628
C 342
R
P 0x7f2a7c191628
P 0x7f2a7c19c2a8
C 260
R
P 0x7f2a7c191628
C 342
R
P 0x7f2a7c191628
P 0x7f2a7c19c2a8
C 259
R
P 0x7f2a7c191628
C 342
R
P 0x7f2a7c191628
P 0x7f2a7c19c2a8
C 258
R
P 0x7f2a7c191628
C 342
R
P 0x7f2a7c191628
P 0x7f2a7c19c2a8
C 9
R
P 0x7f2a7c191628
C 342
R
P 0x7f2a7c191628
P 0x7f2a7c19bc68
C 333
R
P 0x7f2a7c191628
C 342
R
P 0x7f2a7c191628
S "slotflowPriorityDuration"
C 30
R
P 0x7f2a7c191628
C 342
R
P 0x7f2a7c191628
$ |slotflowPriorityDuration|
C 202
R
P 0x7f2a7c191628
C 342
R
P 0x7f2a7c191628
$ |slotflowPriorityDuration|
P 0x7f2a7c19b1e8
C 51
= 0x7f2a7c19c268
R
P 0x7f2a7c191628
C 342
R
P 0x7f2a7c191628
P 0x7f2a7c19c268
C 257
R
P 0x7f2a7c191628
C 342
R
P 0x7f2a7c191628
P 0x7f2a7c19c268
C 254
= 0x7f2a7c19b1e8
R
P 0x7f2a7c191628
C 342
R
P 0x7f2a7c191628
P 0x7f2a7c19b1e8
C 209
R
P 0x7f2a7c191628
C 342
R
P 0x7f2a7c191628
P 0x7f2a7c19c268
C 260
R
P 0x7f2a7c191628
C 342
R
P 0x7f2a7c191628
P 0x7f2a7c19c268
C 259
R
P 0x7f2a7c191628
C 342
R
P 0x7f2a7c191628
P 0x7f2a7c19c268
C 258
R
P 0x7f2a7c191628
C 342
R
P 0x7f2a7c191628
P 0x7f2a7c19c268
C 9
R
P 0x7f2a7c191628
C 342
R
P 0x7f2a7c191628
U 2
P 0x7f2a7c19c2a8
P 0x7f2a7c19c268
p 2
C 65
= 0x7f2a7c487908
R
P 0x7f2a7c191628
C 342
R
P 0x7f2a7c191628
P 0x7f2a7c487908
C 257
R
P 0x7f2a7c191628
C 342
R
P 0x7f2a7c191628
P 0x7f2a7c487908
C 254
= 0x7f2a7c19b1e8
R
P 0x7f2a7c191628
C 342
R
P 0x7f2a7c191628
P 0x7f2a7c19b1e8
C 209
R
P 0x7f2a7c191628
C 342
R
P 0x7f2a7c191628
P 0x7f2a7c487908
C 260
R
P 0x7f2a7c191628
C 342
R
P 0x7f2a7c191628
P 0x7f2a7c487908
C 259
R
P 0x7f2a7c191628
C 342
R
P 0x7f2a7c191628
P 0x7f2a7c487908
C 258
R
P 0x7f2a7c191628
C 342
R
P 0x7f2a7c191628
P 0x7f2a7c487908
C 9
R
P 0x7f2a7c191628
C 342
R
P 0x7f2a7c191628
I 1
P 0x7f2a7c19b208
C 150
= 0x7f2a7c19bc88
R
P 0x7f2a7c191628
C 342
R
P 0x7f2a7c191628
P 0x7f2a7c19bc88
C 258
R
P 0x7f2a7c191628
C 342
R
P 0x7f2a7c191628
P 0x7f2a7c19bc88
C 9
R
P 0x7f2a7c191628
C 342
R
P 0x7f2a7c191628
I 1
P 0x7f2a7c19b208
C 150
= 0x7f2a7c19bc88
R
P 0x7f2a7c191628
C 342
R
P 0x7f2a7c191628
P 0x7f2a7c19bc88
C 258
R
P 0x7f2a7c191628
C 342
R
P 0x7f2a7c191628
P 0x7f2a7c19bc88
C 9
R
P 0x7f2a7c191628
C 342
R
P 0x7f2a7c191628
P 0x7f2a7c19bc88
P 0x7f2a7c19bc88
C 75
= 0x7f2a7c1a1778
R
P 0x7f2a7c191628
C 342
R
P 0x7f2a7c191628
P 0x7f2a7c1a1778
C 258
R
P 0x7f2a7c191628
C 342
R
P 0x7f2a7c191628
P 0x7f2a7c1a1778
C 9
R
P 0x7f2a7c191628
C 342
R
P 0x7f2a7c191628
I 1
P 0x7f2a7c19b208
C 150
= 0x7f2a7c19bc88
R
P 0x7f2a7c191628
C 342
R
P 0x7f2a7c191628
P 0x7f2a7c19bc88
C 258
R
P 0x7f2a7c191628
C 342
R
P 0x7f2a7c191628
P 0x7f2a7c19bc88
C 9
R
P 0x7f2a7c191628
C 342
R
P 0x7f2a7c191628
U 2
P 0x7f2a7c19bc88
P 0x7f2a7c19bc88
p 2
C 67
= 0x7f2a7c1a17b0
R
P 0x7f2a7c191628
C 342
R
P 0x7f2a7c191628
P 0x7f2a7c1a17b0
C 257
R
P 0x7f2a7c191628
C 342
R
P 0x7f2a7c191628
P 0x7f2a7c1a17b0
C 254
= 0x7f2a7c19b208
R
P 0x7f2a7c191628
C 342
R
P 0x7f2a7c191628
P 0x7f2a7c19b208
C 209
R
P 0x7f2a7c191628
C 342
R
P 0x7f2a7c191628
P 0x7f2a7c1a17b0
C 260
R
P 0x7f2a7c191628
C 342
R
P 0x7f2a7c191628
P 0x7f2a7c1a17b0
C 259
R
P 0x7f2a7c191628
C 342
R
P 0x7f2a7c191628
P 0x7f2a7c1a17b0
C 258
R
P 0x7f2a7c191628
C 342
R
P 0x7f2a7c191628
P 0x7f2a7c1a17b0
C 9
R
P 0x7f2a7c191628
C 342
R
P 0x7f2a7c191628
U 2
P 0x7f2a7c19bbe8
P 0x7f2a7c1a17b0
p 2
C 66
= 0x7f2a7c487b70
R
P 0x7f2a7c191628
C 342
R
P 0x7f2a7c191628
P 0x7f2a7c487b70
C 257
R
P 0x7f2a7c191628
C 342
R
P 0x7f2a7c191628
P 0x7f2a7c487b70
C 254
= 0x7f2a7c19b208
R
P 0x7f2a7c191628
C 342
R
P 0x7f2a7c191628
P 0x7f2a7c19b208
C 209
R
P 0x7f2a7c191628
C 342
R
P 0x7f2a7c191628
P 0x7f2a7c487b70
C 260
R
P 0x7f2a7c191628
C 342
R
P 0x7f2a7c191628
P 0x7f2a7c487b70
C 259
R
P 0x7f2a7c191628
C 342
R
P 0x7f2a7c191628
P 0x7f2a7c487b70
C 258
R
P 0x7f2a7c191628
C 342
R
P 0x7f2a7c191628
P 0x7f2a7c487b70
C 9
R
P 0x7f2a7c191628
C 342
R
P 0x7f2a7c191628
U 2
P 0x7f2a7c19bb88
P 0x7f2a7c487b70
p 2
C 65
= 0x7f2a7c487ba8
R
P 0x7f2a7c191628
C 342
R
P 0x7f2a7c191628
P 0x7f2a7c487ba8
C 257
R
P 0x7f2a7c191628
C 342
R
P 0x7f2a7c191628
P 0x7f2a7c487ba8
C 254
= 0x7f2a7c19b1e8
R
P 0x7f2a7c191628
C 342
R
P 0x7f2a7c191628
P 0x7f2a7c19b1e8
C 209
R
P 0x7f2a7c191628
C 342
R
P 0x7f2a7c191628
P 0x7f2a7c487ba8
C 260
R
P 0x7f2a7c191628
C 342
R
P 0x7f2a7c191628
P 0x7f2a7c487ba8
C 259
R
P 0x7f2a7c191628
C 342
R
P 0x7f2a7c191628
P 0x7f2a7c487ba8
C 258
R
P 0x7f2a7c191628
C 342
R
P 0x7f2a7c191628
P 0x7f2a7c487ba8
C 9
R
P 0x7f2a7c191628
C 342
R
P 0x7f2a7c191628
P 0x7f2a7c1a1778
P 0x7f2a7c487ba8
P 0x7f2a7c19bb88
C 59
= 0x7f2a7c19fa48
R
P 0x7f2a7c191628
C 342
R
P 0x7f2a7c191628
P 0x7f2a7c19fa48
C 257
R
P 0x7f2a7c191628
C 342
R
P 0x7f2a7c191628
P 0x7f2a7c19fa48
C 254
= 0x7f2a7c19b1e8
R
P 0x7f2a7c191628
C 342
R
P 0x7f2a7c191628
P 0x7f2a7c19b1e8
C 209
R
P 0x7f2a7c191628
C 342
R
P 0x7f2a7c191628
P 0x7f2a7c19fa48
C 260
R
P 0x7f2a7c191628
C 342
R
P 0x7f2a7c191628
P 0x7f2a7c19fa48
C 259
R
P 0x7f2a7c191628
C 342
R
P 0x7f2a7c191628
P 0x7f2a7c19fa48
C 258
R
P 0x7f2a7c191628
C 342
R
P 0x7f2a7c191628
P 0x7f2a7c19fa48
C 9
R
P 0x7f2a7c191628
C 342
R
P 0x7f2a7c191628
U 2
P 0x7f2a7c487908
P 0x7f2a7c19fa48
p 2
C 65
= 0x7f2a7c487be0
R
P 0x7f2a7c191628
C 342
R
P 0x7f2a7c191628
P 0x7f2a7c487be0
C 257
R
P 0x7f2a7c191628
C 342
R
P 0x7f2a7c191628
P 0x7f2a7c487be0
C 254
= 0x7f2a7c19b1e8
R
P 0x7f2a7c191628
C 342
R
P 0x7f2a7c191628
P 0x7f2a7c19b1e8
C 209
R
P 0x7f2a7c191628
C 342
R
P 0x7f2a7c191628
P 0x7f2a7c487be0
C 260
R
P 0x7f2a7c191628
C 342
R
P 0x7f2a7c191628
P 0x7f2a7c487be0
C 259
R
P 0x7f2a7c191628
C 342
R
P 0x7f2a7c191628
P 0x7f2a7c487be0
C 258
R
P 0x7f2a7c191628
C 342
R
P 0x7f2a7c191628
P 0x7f2a7c487be0
C 9
R
P 0x7f2a7c191628
C 342
R
P 0x7f2a7c191628
U 2
P 0x7f2a7c487be0
P 0x7f2a7c19bb68
p 2
C 67
= 0x7f2a7c487c18
R
P 0x7f2a7c191628
C 342
R
P 0x7f2a7c191628
P 0x7f2a7c487c18
C 257
R
P 0x7f2a7c191628
C 342
R
P 0x7f2a7c191628
P 0x7f2a7c487c18
C 254
= 0x7f2a7c19b1e8
R
P 0x7f2a7c191628
C 342
R
P 0x7f2a7c191628
P 0x7f2a7c19b1e8
C 209
R
P 0x7f2a7c191628
C 342
R
P 0x7f2a7c191628
P 0x7f2a7c487c18
C 260
R
P 0x7f2a7c191628
C 342
R
P 0x7f2a7c191628
P 0x7f2a7c487c18
C 259
R
P 0x7f2a7c191628
C 342
R
P 0x7f2a7c191628
P 0x7f2a7c487c18
C 258
R
P 0x7f2a7c191628
C 342
R
P 0x7f2a7c191628
P 0x7f2a7c487c18
C 9
R
P 0x7f2a7c191628
C 342
R
P 0x7f2a7c191628
P 0x7f2a7c1a1858
P 0x7f2a7c487c18
C 74
= 0x7f2a7c488468
R
P 0x7f2a7c191628
C 342
R
P 0x7f2a7c191628
P 0x7f2a7c488468
C 258
R
P 0x7f2a7c191628
C 342
R
P 0x7f2a7c191628
P 0x7f2a7c488468
C 9
R
P 0x7f2a7c191628
C 342
R
P 0x7f2a7c191628
I 1
P 0x7f2a7c19b208
C 150
= 0x7f2a7c19bc88
R
P 0x7f2a7c191628
C 342
R
P 0x7f2a7c191628
P 0x7f2a7c19bc88
C 258
R
P 0x7f2a7c191628
C 342
R
P 0x7f2a7c191628
P 0x7f2a7c19bc88
C 9
R
P 0x7f2a7c191628
C 342
R
P 0x7f2a7c191628
I 1
P 0x7f2a7c19b208
C 150
= 0x7f2a7c19bc88
R
P 0x7f2a7c191628
C 342
R
P 0x7f2a7c191628
P 0x7f2a7c19bc88
C 258
R
P 0x7f2a7c191628
C 342
R
P 0x7f2a7c191628
P 0x7f2a7c19bc88
C 9
R
P 0x7f2a7c191628
C 342
R
P 0x7f2a7c191628
P 0x7f2a7c19bc88
P 0x7f2a7c19bc88
C 75
= 0x7f2a7c1a1778
R
P 0x7f2a7c191628
C 342
R
P 0x7f2a7c191628
P 0x7f2a7c1a1778
C 258
R
P 0x7f2a7c191628
C 342
R
P 0x7f2a7c191628
P 0x7f2a7c1a1778
C 9
R
P 0x7f2a7c191628
C 342
R
P 0x7f2a7c191628
I 1
P 0x7f2a7c19b208
C 150
= 0x7f2a7c19bc88
R
P 0x7f2a7c191628
C 342
R
P 0x7f2a7c191628
P 0x7f2a7c19bc88
C 258
R
P 0x7f2a7c191628
C 342
R
P 0x7f2a7c191628
P 0x7f2a7c19bc88
C 9
R
P 0x7f2a7c191628
C 342
R
P 0x7f2a7c191628
U 2
P 0x7f2a7c19bc88
P 0x7f2a7c19bc88
p 2
C 67
= 0x7f2a7c1a17b0
R
P 0x7f2a7c191628
C 342
R
P 0x7f2a7c191628
P 0x7f2a7c1a17b0
C 257
R
P 0x7f2a7c191628
C 342
R
P 0x7f2a7c191628
P 0x7f2a7c1a17b0
C 254
= 0x7f2a7c19b208
R
P 0x7f2a7c191628
C 342
R
P 0x7f2a7c191628
P 0x7f2a7c19b208
C 209
R
P 0x7f2a7c191628
C 342
R
P 0x7f2a7c191628
P 0x7f2a7c1a17b0
C 260
R
P 0x7f2a7c191628
C 342
R
P 0x7f2a7c191628
P 0x7f2a7c1a17b0
C 259
R
P 0x7f2a7c191628
C 342
R
P 0x7f2a7c191628
P 0x7f2a7c1a17b0
C 258
R
P 0x7f2a7c191628
C 342
R
P 0x7f2a7c191628
P 0x7f2a7c1a17b0
C 9
R
P 0x7f2a7c191628
C 342
R
P 0x7f2a7c191628
U 2
P 0x7f2a7c19bba8
P 0x7f2a7c1a17b0
p 2
C 66
= 0x7f2a7c1a17e8
R
P 0x7f2a7c191628
C 342
R
P 0x7f2a7c191628
P 0x7f2a7c1a17e8
C 257
R
P 0x7f2a7c191628
C 342
R
P 0x7f2a7c191628
P 0x7f2a7c1a17e8
C 254
= 0x7f2a7c19b1e8
R
P 0x7f2a7c191628
C 342
R
P 0x7f2a7c191628
P 0x7f2a7c19b1e8
C 209
R
P 0x7f2a7c191628
C 342
R
P 0x7f2a7c191628
P 0x7f2a7c1a17e8
C 260
R
P 0x7f2a7c191628
C 342
R
P 0x7f2a7c191628
P 0x7f2a7c1a17e8
C 259
R
P 0x7f2a7c191628
C 342
R
P 0x7f2a7c191628
P 0x7f2a7c1a17e8
C 258
R
P 0x7f2a7c191628
C 342
R
P 0x7f2a7c191628
P 0x7f2a7c1a17e8
C 9
R
P 0x7f2a7c191628
C 342
R
P 0x7f2a7c191628
U 2
P 0x7f2a7c19bc28
P 0x7f2a7c1a17e8
p 2
C 65
= 0x7f2a7c1a1820
R
P 0x7f2a7c191628
C 342
R
P 0x7f2a7c191628
P 0x7f2a7c1a1820
C 257
R
P 0x7f2a7c191628
C 342
R
P 0x7f2a7c191628
P 0x7f2a7c1a1820
C 254
= 0x7f2a7c19b1e8
R
P 0x7f2a7c191628
C 342
R
P 0x7f2a7c191628
P 0x7f2a7c19b1e8
C 209
R
P 0x7f2a7c191628
C 342
R
P 0x7f2a7c191628
P 0x7f2a7c1a1820
C 260
R
P 0x7f2a7c191628
C 342
R
P 0x7f2a7c191628
P 0x7f2a7c1a1820
C 259
R
P 0x7f2a7c191628
C 342
R
P 0x7f2a7c191628
P 0x7f2a7c1a1820
C 258
R
P 0x7f2a7c191628
C 342
R
P 0x7f2a7c191628
P 0x7f2a7c1a1820
C 9
R
P 0x7f2a7c191628
C 342
R
P 0x7f2a7c191628
P 0x7f2a7c1a1778
P 0x7f2a7c1a1820
P 0x7f2a7c19bc28
C 59
= 0x7f2a7c19f848
R
P 0x7f2a7c191628
C 342
R
P 0x7f2a7c191628
P 0x7f2a7c19f848
C 257
R
P 0x7f2a7c191628
C 342
R
P 0x7f2a7c191628
P 0x7f2a7c19f848
C 254
= 0x7f2a7c19b1e8
R
P 0x7f2a7c191628
C 342
R
P 0x7f2a7c191628
P 0x7f2a7c19b1e8
C 209
R
P 0x7f2a7c191628
C 342
R
P 0x7f2a7c191628
P 0x7f2a7c19f848
C 260
R
P 0x7f2a7c191628
C 342
R
P 0x7f2a7c191628
P 0x7f2a7c19f848
C 259
R
P 0x7f2a7c191628
C 342
R
P 0x7f2a7c191628
P 0x7f2a7c19f848
C 258
R
P 0x7f2a7c191628
C 342
R
P 0x7f2a7c191628
P 0x7f2a7c19f848
C 9
R
P 0x7f2a7c191628
C 342
R
P 0x7f2a7c191628
U 2
P 0x7f2a7c19f848
P 0x7f2a7c19bb48
p 2
C 65
= 0x7f2a7c1a1858
R
P 0x7f2a7c191628
C 342
R
P 0x7f2a7c191628
P 0x7f2a7c1a1858
C 257
R
P 0x7f2a7c191628
C 342
R
P 0x7f2a7c191628
P 0x7f2a7c1a1858
C 254
= 0x7f2a7c19b1e8
R
P 0x7f2a7c191628
C 342
R
P 0x7f2a7c191628
P 0x7f2a7c19b1e8
C 209
R
P 0x7f2a7c191628
C 342
R
P 0x7f2a7c191628
P 0x7f2a7c1a1858
C 260
R
P 0x7f2a7c191628
C 342
R
P 0x7f2a7c191628
P 0x7f2a7c1a1858
C 259
R
P 0x7f2a7c191628
C 342
R
P 0x7f2a7c191628
P 0x7f2a7c1a1858
C 258
R
P 0x7f2a7c191628
C 342
R
P 0x7f2a7c191628
P 0x7f2a7c1a1858
C 9
R
P 0x7f2a7c191628
C 342
R
P 0x7f2a7c191628
P 0x7f2a7c19bc68
C 333
R
P 0x7f2a7c191628
C 342
R
P 0x7f2a7c191628
S "slotflowPriorityStart"
C 30
R
P 0x7f2a7c191628
C 342
R
P 0x7f2a7c191628
$ |slotflowPriorityStart|
C 202
R
P 0x7f2a7c191628
C 342
R
P 0x7f2a7c191628
$ |slotflowPriorityStart|
P 0x7f2a7c19b1e8
C 51
= 0x7f2a7c19c2a8
R
P 0x7f2a7c191628
C 342
R
P 0x7f2a7c191628
P 0x7f2a7c19c2a8
C 257
R
P 0x7f2a7c191628
C 342
R
P 0x7f2a7c191628
P 0x7f2a7c19c2a8
C 254
= 0x7f2a7c19b1e8
R
P 0x7f2a7c191628
C 342
R
P 0x7f2a7c191628
P 0x7f2a7c19b1e8
C 209
R
P 0x7f2a7c191628
C 342
R
P 0x7f2a7c191628
P 0x7f2a7c19c2a8
C 260
R
P 0x7f2a7c191628
C 342
R
P 0x7f2a7c191628
P 0x7f2a7c19c2a8
C 259
R
P 0x7f2a7c191628
C 342
R
P 0x7f2a7c191628
P 0x7f2a7c19c2a8
C 258
R
P 0x7f2a7c191628
C 342
R
P 0x7f2a7c191628
P 0x7f2a7c19c2a8
C 9
R
P 0x7f2a7c191628
C 342
R
P 0x7f2a7c191628
I 1
P 0x7f2a7c19b208
C 150
= 0x7f2a7c19bc88
R
P 0x7f2a7c191628
C 342
R
P 0x7f2a7c191628
P 0x7f2a7c19bc88
C 258
R
P 0x7f2a7c191628
C 342
R
P 0x7f2a7c191628
P 0x7f2a7c19bc88
C 9
R
P 0x7f2a7c191628
C 342
R
P 0x7f2a7c191628
I 1
P 0x7f2a7c19b208
C 150
= 0x7f2a7c19bc88
R
P 0x7f2a7c191628
C 342
R
P 0x7f2a7c191628
P 0x7f2a7c19bc88
C 258
R
P 0x7f2a7c191628
C 342
R
P 0x7f2a7c191628
P 0x7f2a7c19bc88
C 9
R
P 0x7f2a7c191628
C 342
R
P 0x7f2a7c191628
P 0x7f2a7c19bc88
P 0x7f2a7c19bc88
C 75
= 0x7f2a7c1a1778
R
P 0x7f2a7c191628
C 342
R
P 0x7f2a7c191628
P 0x7f2a7c1a1778
C 258
R
P 0x7f2a7c191628
C 342
R
P 0x7f2a7c191628
P 0x7f2a7c1a1778
C 9
R
P 0x7f2a7c191628
C 342
R
P 0x7f2a7c191628
I 1
P 0x7f2a7c19b208
C 150
= 0x7f2a7c19bc88
R
P 0x7f2a7c191628
C 342
R
P 0x7f2a7c191628
P 0x7f2a7c19bc88
C 258
R
P 0x7f2a7c191628
C 342
R
P 0x7f2a7c191628
P 0x7f2a7c19bc88
C 9
R
P 0x7f2a7c191628
C 342
R
P 0x7f2a7c191628
U 2
P 0x7f2a7c19bc88
P 0x7f2a7c19bc88
p 2
C 67
= 0x7f2a7c1a17b0
R
P 0x7f2a7c191628
C 342
R
P 0x7f2a7c191628
P 0x7f2a7c1a17b0
C 257
R
P 0x7f2a7c191628
C 342
R
P 0x7f2a7c191628
P 0x7f2a7c1a17b0
C 254
= 0x7f2a7c19b208
R
P 0x7f2a7c191628
C 342
R
P 0x7f2a7c191628
P 0x7f2a7c19b208
C 209
R
P 0x7f2a7c191628
C 342
R
P 0x7f2a7c191628
P 0x7f2a7c1a17b0
C 260
R
P 0x7f2a7c191628
C 342
R
P 0x7f2a7c191628
P 0x7f2a7c1a17b0
C 259
R
P 0x7f2a7c191628
C 342
R
P 0x7f2a7c191628
P 0x7f2a7c1a17b0
C 258
R
P 0x7f2a7c191628
C 342
R
P 0x7f2a7c191628
P 0x7f2a7c1a17b0
C 9
R
P 0x7f2a7c191628
C 342
R
P 0x7f2a7c191628
U 2
P 0x7f2a7c19bbe8
P 0x7f2a7c1a17b0
p 2
C 66
= 0x7f2a7c487b70
R
P 0x7f2a7c191628
C 342
R
P 0x7f2a7c191628
P 0x7f2a7c487b70
C 257
R
P 0x7f2a7c191628
C 342
R
P 0x7f2a7c191628
P 0x7f2a7c487b70
C 254
= 0x7f2a7c19b208
R
P 0x7f2a7c191628
C 342
R
P 0x7f2a7c191628
P 0x7f2a7c19b208
C 209
R
P 0x7f2a7c191628
C 342
R
P 0x7f2a7c191628
P 0x7f2a7c487b70
C 260
R
P 0x7f2a7c191628
C 342
R
P 0x7f2a7c191628
P 0x7f2a7c487b70
C 259
R
P 0x7f2a7c191628
C 342
R
P 0x7f2a7c191628
P 0x7f2a7c487b70
C 258
R
P 0x7f2a7c191628
C 342
R
P 0x7f2a7c191628
P 0x7f2a7c487b70
C 9
R
P 0x7f2a7c191628
C 342
R
P 0x7f2a7c191628
U 2
P 0x7f2a7c19bb88
P 0x7f2a7c487b70
p 2
C 65
= 0x7f2a7c487ba8
R
P 0x7f2a7c191628
C 342
R
P 0x7f2a7c191628
P 0x7f2a7c487ba8
C 257
R
P 0x7f2a7c191628
C 342
R
P 0x7f2a7c191628
P 0x7f2a7c487ba8
C 254
= 0x7f2a7c19b1e8
R
P 0x7f2a7c191628
C 342
R
P 0x7f2a7c191628
P 0x7f2a7c19b1e8
C 209
R
P 0x7f2a7c191628
C 342
R
P 0x7f2a7c191628
P 0x7f2a7c487ba8
C 260
R
P 0x7f2a7c191628
C 342
R
P 0x7f2a7c191628
P 0x7f2a7c487ba8
C 259
R
P 0x7f2a7c191628
C 342
R
P 0x7f2a7c191628
P 0x7f2a7c487ba8
C 258
R
P 0x7f2a7c191628
C 342
R
P 0x7f2a7c191628
P 0x7f2a7c487ba8
C 9
R
P 0x7f2a7c191628
C 342
R
P 0x7f2a7c191628
P 0x7f2a7c1a1778
P 0x7f2a7c487ba8
P 0x7f2a7c19bb88
C 59
= 0x7f2a7c19fa48
R
P 0x7f2a7c191628
C 342
R
P 0x7f2a7c191628
P 0x7f2a7c19fa48
C 257
R
P 0x7f2a7c191628
C 342
R
P 0x7f2a7c191628
P 0x7f2a7c19fa48
C 254
= 0x7f2a7c19b1e8
R
P 0x7f2a7c191628
C 342
R
P 0x7f2a7c191628
P 0x7f2a7c19b1e8
C 209
R
P 0x7f2a7c191628
C 342
R
P 0x7f2a7c191628
P 0x7f2a7c19fa48
C 260
R
P 0x7f2a7c191628
C 342
R
P 0x7f2a7c191628
P 0x7f2a7c19fa48
C 259
R
P 0x7f2a7c191628
C 342
R
P 0x7f2a7c191628
P 0x7f2a7c19fa48
C 258
R
P 0x7f2a7c191628
C 342
R
P 0x7f2a7c191628
P 0x7f2a7c19fa48
C 9
R
P 0x7f2a7c191628
C 342
R
P 0x7f2a7c191628
U 2
P 0x7f2a7c19c2a8
P 0x7f2a7c19fa48
p 2
C 65
= 0x7f2a7c487c88
R
P 0x7f2a7c191628
C 342
R
P 0x7f2a7c191628
P 0x7f2a7c487c88
C 257
R
P 0x7f2a7c191628
C 342
R
P 0x7f2a7c191628
P 0x7f2a7c487c88
C 254
= 0x7f2a7c19b1e8
R
P 0x7f2a7c191628
C 342
R
P 0x7f2a7c191628
P 0x7f2a7c19b1e8
C 209
R
P 0x7f2a7c191628
C 342
R
P 0x7f2a7c191628
P 0x7f2a7c487c88
C 260
R
P 0x7f2a7c191628
C 342
R
P 0x7f2a7c191628
P 0x7f2a7c487c88
C 259
R
P 0x7f2a7c191628
C 342
R
P 0x7f2a7c191628
P 0x7f2a7c487c88
C 258
R
P 0x7f2a7c191628
C 342
R
P 0x7f2a7c191628
P 0x7f2a7c487c88
C 9
R
P 0x7f2a7c191628
C 342
R
P 0x7f2a7c191628
P 0x7f2a7c1a1858
P 0x7f2a7c487c88
C 76
= 0x7f2a7c4884a0
R
P 0x7f2a7c191628
C 342
R
P 0x7f2a7c191628
P 0x7f2a7c4884a0
C 258
R
P 0x7f2a7c191628
C 342
R
P 0x7f2a7c191628
P 0x7f2a7c4884a0
C 9
R
P 0x7f2a7c191628
C 342
R
P 0x7f2a7c191628
U 2
P 0x7f2a7c488468
P 0x7f2a7c4884a0
p 2
C 63
= 0x7f2a7c4884d8
R
P 0x7f2a7c191628
C 342
R
P 0x7f2a7c191628
P 0x7f2a7c4884d8
C 258
R
P 0x7f2a7c191628
C 342
R
P 0x7f2a7c191628
P 0x7f2a7c4884d8
C 9
R
P 0x7f2a7c191628
C 342
R
P 0x7f2a7c191628
I 1
P 0x7f2a7c19b208
C 150
= 0x7f2a7c19bc88
R
P 0x7f2a7c191628
C 342
R
P 0x7f2a7c191628
P 0x7f2a7c19bc88
C 258
R
P 0x7f2a7c191628
C 342
R
P 0x7f2a7c191628
P 0x7f2a7c19bc88
C 9
R
P 0x7f2a7c191628
C 342
R
P 0x7f2a7c191628
P 0x7f2a7c19bc88
C 263
R
P 0x7f2a7c191628
C 342
R
P 0x7f2a7c191628
S "dev0T31"
C 30
R
P 0x7f2a7c191628
C 342
R
P 0x7f2a7c191628
$ |dev0T31|
C 202
R
P 0x7f2a7c191628
C 342
R
P 0x7f2a7c191628
$ |dev0T31|
P 0x7f2a7c19b1e8
C 51
= 0x7f2a7c19bca8
R
P 0x7f2a7c191628
C 342
R
P 0x7f2a7c191628
P 0x7f2a7c19bca8
C 257
R
P 0x7f2a7c191628
C 342
R
P 0x7f2a7c191628
P 0x7f2a7c19bca8
C 254
= 0x7f2a7c19b1e8
R
P 0x7f2a7c191628
C 342
R
P 0x7f2a7c191628
P 0x7f2a7c19b1e8
C 209
R
P 0x7f2a7c191628
C 342
R
P 0x7f2a7c191628
P 0x7f2a7c19bca8
C 260
R
P 0x7f2a7c191628
C 342
R
P 0x7f2a7c191628
P 0x7f2a7c19bca8
C 259
R
P 0x7f2a7c191628
C 342
R
P 0x7f2a7c191628
P 0x7f2a7c19bca8
C 258
R
P 0x7f2a7c191628
C 342
R
P 0x7f2a7c191628
P 0x7f2a7c19bca8
C 9
R
P 0x7f2a7c191628
C 342
R
P 0x7f2a7c191628
I 1
P 0x7f2a7c19b208
C 150
= 0x7f2a7c19bc88
R
P 0x7f2a7c191628
C 342
R
P 0x7f2a7c191628
P 0x7f2a7c19bc88
C 258
R
P 0x7f2a7c191628
C 342
R
P 0x7f2a7c191628
P 0x7f2a7c19bc88
C 9
R
P 0x7f2a7c191628
C 342
R
P 0x7f2a7c191628
I 1
P 0x7f2a7c19b208
C 150
= 0x7f2a7c19bc88
R
P 0x7f2a7c191628
C 342
R
P 0x7f2a7c191628
P 0x7f2a7c19bc88
C 258
R
P 0x7f2a7c191628
C 342
R
P 0x7f2a7c191628
P 0x7f2a7c19bc88
C 9
R
P 0x7f2a7c191628
C 342
R
P 0x7f2a7c191628
P 0x7f2a7c19bc88
P 0x7f2a7c19bc88
C 75
= 0x7f2a7c1a1778
R
P 0x7f2a7c191628
C 342
R
P 0x7f2a7c191628
P 0x7f2a7c1a1778
C 258
R
P 0x7f2a7c191628
C 342
R
P 0x7f2a7c191628
P 0x7f2a7c1a1778
C 9
R
P 0x7f2a7c191628
C 342
R
P 0x7f2a7c191628
I 1
P 0x7f2a7c19b208
C 150
= 0x7f2a7c19bc88
R
P 0x7f2a7c191628
C 342
R
P 0x7f2a7c191628
P 0x7f2a7c19bc88
C 258
R
P 0x7f2a7c191628
C 342
R
P 0x7f2a7c191628
P 0x7f2a7c19bc88
C 9
R
P 0x7f2a7c191628
C 342
R
P 0x7f2a7c191628
U 2
P 0x7f2a7c19bc88
P 0x7f2a7c19bc88
p 2
C 67
= 0x7f2a7c1a17b0
R
P 0x7f2a7c191628
C 342
R
P 0x7f2a7c191628
P 0x7f2a7c1a17b0
C 257
R
P 0x7f2a7c191628
C 342
R
P 0x7f2a7c191628
P 0x7f2a7c1a17b0
C 254
= 0x7f2a7c19b208
R
P 0x7f2a7c191628
C 342
R
P 0x7f2a7c191628
P 0x7f2a7c19b208
C 209
R
P 0x7f2a7c191628
C 342
R
P 0x7f2a7c191628
P 0x7f2a7c1a17b0
C 260
R
P 0x7f2a7c191628
C 342
R
P 0x7f2a7c191628
P 0x7f2a7c1a17b0
C 259
R
P 0x7f2a7c191628
C 342
R
P 0x7f2a7c191628
P 0x7f2a7c1a17b0
C 258
R
P 0x7f2a7c191628
C 342
R
P 0x7f2a7c191628
P 0x7f2a7c1a17b0
C 9
R
P 0x7f2a7c191628
C 342
R
P 0x7f2a7c191628
U 2
P 0x7f2a7c19bba8
P 0x7f2a7c1a17b0
p 2
C 66
= 0x7f2a7c1a17e8
R
P 0x7f2a7c191628
C 342
R
P 0x7f2a7c191628
P 0x7f2a7c1a17e8
C 257
R
P 0x7f2a7c191628
C 342
R
P 0x7f2a7c191628
P 0x7f2a7c1a17e8
C 254
= 0x7f2a7c19b1e8
R
P 0x7f2a7c191628
C 342
R
P 0x7f2a7c191628
P 0x7f2a7c19b1e8
C 209
R
P 0x7f2a7c191628
C 342
R
P 0x7f2a7c191628
P 0x7f2a7c1a17e8
C 260
R
P 0x7f2a7c191628
C 342
R
P 0x7f2a7c191628
P 0x7f2a7c1a17e8
C 259
R
P 0x7f2a7c191628
C 342
R
P 0x7f2a7c191628
P 0x7f2a7c1a17e8
C 258
R
P 0x7f2a7c191628
C 342
R
P 0x7f2a7c191628
P 0x7f2a7c1a17e8
C 9
R
P 0x7f2a7c191628
C 342
R
P 0x7f2a7c191628
U 2
P 0x7f2a7c19bc28
P 0x7f2a7c1a17e8
p 2
C 65
= 0x7f2a7c1a1820
R
P 0x7f2a7c191628
C 342
R
P 0x7f2a7c191628
P 0x7f2a7c1a1820
C 257
R
P 0x7f2a7c191628
C 342
R
P 0x7f2a7c191628
P 0x7f2a7c1a1820
C 254
= 0x7f2a7c19b1e8
R
P 0x7f2a7c191628
C 342
R
P 0x7f2a7c191628
P 0x7f2a7c19b1e8
C 209
R
P 0x7f2a7c191628
C 342
R
P 0x7f2a7c191628
P 0x7f2a7c1a1820
C 260
R
P 0x7f2a7c191628
C 342
R
P 0x7f2a7c191628
P 0x7f2a7c1a1820
C 259
R
P 0x7f2a7c191628
C 342
R
P 0x7f2a7c191628
P 0x7f2a7c1a1820
C 258
R
P 0x7f2a7c191628
C 342
R
P 0x7f2a7c191628
P 0x7f2a7c1a1820
C 9
R
P 0x7f2a7c191628
C 342
R
P 0x7f2a7c191628
P 0x7f2a7c1a1778
P 0x7f2a7c1a1820
P 0x7f2a7c19bc28
C 59
= 0x7f2a7c19f848
R
P 0x7f2a7c191628
C 342
R
P 0x7f2a7c191628
P 0x7f2a7c19f848
C 257
R
P 0x7f2a7c191628
C 342
R
P 0x7f2a7c191628
P 0x7f2a7c19f848
C 254
= 0x7f2a7c19b1e8
R
P 0x7f2a7c191628
C 342
R
P 0x7f2a7c191628
P 0x7f2a7c19b1e8
C 209
R
P 0x7f2a7c191628
C 342
R
P 0x7f2a7c191628
P 0x7f2a7c19f848
C 260
R
P 0x7f2a7c191628
C 342
R
P 0x7f2a7c191628
P 0x7f2a7c19f848
C 259
R
P 0x7f2a7c191628
C 342
R
P 0x7f2a7c191628
P 0x7f2a7c19f848
C 258
R
P 0x7f2a7c191628
C 342
R
P 0x7f2a7c191628
P 0x7f2a7c19f848
C 9
R
P 0x7f2a7c191628
C 342
R
P 0x7f2a7c191628
U 2
P 0x7f2a7c19f848
P 0x7f2a7c19bb48
p 2
C 65
= 0x7f2a7c1a1858
R
P 0x7f2a7c191628
C 342
R
P 0x7f2a7c191628
P 0x7f2a7c1a1858
C 257
R
P 0x7f2a7c191628
C 342
R
P 0x7f2a7c191628
P 0x7f2a7c1a1858
C 254
= 0x7f2a7c19b1e8
R
P 0x7f2a7c191628
C 342
R
P 0x7f2a7c191628
P 0x7f2a7c19b1e8
C 209
R
P 0x7f2a7c191628
C 342
R
P 0x7f2a7c191628
P 0x7f2a7c1a1858
C 260
R
P 0x7f2a7c191628
C 342
R
P 0x7f2a7c191628
P 0x7f2a7c1a1858
C 259
R
P 0x7f2a7c191628
C 342
R
P 0x7f2a7c191628
P 0x7f2a7c1a1858
C 258
R
P 0x7f2a7c191628
C 342
R
P 0x7f2a7c191628
P 0x7f2a7c1a1858
C 9
R
P 0x7f2a7c191628
C 342
R
P 0x7f2a7c191628
U 2
P 0x7f2a7c1a1858
P 0x7f2a7c19bb68
p 2
C 65
= 0x7f2a7c487128
R
P 0x7f2a7c191628
C 342
R
P 0x7f2a7c191628
P 0x7f2a7c487128
C 257
R
P 0x7f2a7c191628
C 342
R
P 0x7f2a7c191628
P 0x7f2a7c487128
C 254
= 0x7f2a7c19b1e8
R
P 0x7f2a7c191628
C 342
R
P 0x7f2a7c191628
P 0x7f2a7c19b1e8
C 209
R
P 0x7f2a7c191628
C 342
R
P 0x7f2a7c191628
P 0x7f2a7c487128
C 260
R
P 0x7f2a7c191628
C 342
R
P 0x7f2a7c191628
P 0x7f2a7c487128
C 259
R
P 0x7f2a7c191628
C 342
R
P 0x7f2a7c191628
P 0x7f2a7c487128
C 258
R
P 0x7f2a7c191628
C 342
R
P 0x7f2a7c191628
P 0x7f2a7c487128
C 9
R
P 0x7f2a7c191628
C 342
R
P 0x7f2a7c191628
P 0x7f2a7c19bca8
P 0x7f2a7c487128
C 56
= 0x7f2a7c4883f8
R
P 0x7f2a7c191628
C 342
R
P 0x7f2a7c191628
P 0x7f2a7c4883f8
C 258
R
P 0x7f2a7c191628
C 342
R
P 0x7f2a7c191628
P 0x7f2a7c4883f8
C 9
R
P 0x7f2a7c191628
C 342
R
P 0x7f2a7c191628
P 0x7f2a7c4884d8
P 0x7f2a7c4883f8
C 61
= 0x7f2a7c488510
R
P 0x7f2a7c191628
C 342
R
P 0x7f2a7c191628
P 0x7f2a7c488510
C 258
R
P 0x7f2a7c191628
C 342
R
P 0x7f2a7c191628
P 0x7f2a7c488510
C 9
R
P 0x7f2a7c191628
C 342
R
P 0x7f2a7c191628
P 0x7f2a7c1e1fc8
P 0x7f2a7c488510
C 427
R
P 0x7f2a7c191628
C 342
R
P 0x7f2a7c191628
I 1
P 0x7f2a7c19b208
C 150
= 0x7f2a7c19bc88
R
P 0x7f2a7c191628
C 342
R
P 0x7f2a7c191628
P 0x7f2a7c19bc88
C 258
R
P 0x7f2a7c191628
C 342
R
P 0x7f2a7c191628
P 0x7f2a7c19bc88
C 9
R
P 0x7f2a7c191628
C 342
R
P 0x7f2a7c191628
I 1
P 0x7f2a7c19b208
C 150
= 0x7f2a7c19bc88
R
P 0x7f2a7c191628
C 342
R
P 0x7f2a7c191628
P 0x7f2a7c19bc88
C 258
R
P 0x7f2a7c191628
C 342
R
P 0x7f2a7c191628
P 0x7f2a7c19bc88
C 9
R
P 0x7f2a7c191628
C 342
R
P 0x7f2a7c191628
P 0x7f2a7c19bc88
P 0x7f2a7c19bc88
C 75
= 0x7f2a7c1a1778
R
P 0x7f2a7c191628
C 342
R
P 0x7f2a7c191628
P 0x7f2a7c1a1778
C 258
R
P 0x7f2a7c191628
C 342
R
P 0x7f2a7c191628
P 0x7f2a7c1a1778
C 9
R
P 0x7f2a7c191628
C 342
R
P 0x7f2a7c191628
I 1
P 0x7f2a7c19b208
C 150
= 0x7f2a7c19bc88
R
P 0x7f2a7c191628
C 342
R
P 0x7f2a7c191628
P 0x7f2a7c19bc88
C 258
R
P 0x7f2a7c191628
C 342
R
P 0x7f2a7c191628
P 0x7f2a7c19bc88
C 9
R
P 0x7f2a7c191628
C 342
R
P 0x7f2a7c191628
U 2
P 0x7f2a7c19bc88
P 0x7f2a7c19bc88
p 2
C 67
= 0x7f2a7c1a17b0
R
P 0x7f2a7c191628
C 342
R
P 0x7f2a7c191628
P 0x7f2a7c1a17b0
C 257
R
P 0x7f2a7c191628
C 342
R
P 0x7f2a7c191628
P 0x7f2a7c1a17b0
C 254
= 0x7f2a7c19b208
R
P 0x7f2a7c191628
C 342
R
P 0x7f2a7c191628
P 0x7f2a7c19b208
C 209
R
P 0x7f2a7c191628
C 342
R
P 0x7f2a7c191628
P 0x7f2a7c1a17b0
C 260
R
P 0x7f2a7c191628
C 342
R
P 0x7f2a7c191628
P 0x7f2a7c1a17b0
C 259
R
P 0x7f2a7c191628
C 342
R
P 0x7f2a7c191628
P 0x7f2a7c1a17b0
C 258
R
P 0x7f2a7c191628
C 342
R
P 0x7f2a7c191628
P 0x7f2a7c1a17b0
C 9
R
P 0x7f2a7c191628
C 342
R
P 0x7f2a7c191628
U 2
P 0x7f2a7c19bba8
P 0x7f2a7c1a17b0
p 2
C 66
= 0x7f2a7c1a17e8
R
P 0x7f2a7c191628
C 342
R
P 0x7f2a7c191628
P 0x7f2a7c1a17e8
C 257
R
P 0x7f2a7c191628
C 342
R
P 0x7f2a7c191628
P 0x7f2a7c1a17e8
C 254
= 0x7f2a7c19b1e8
R
P 0x7f2a7c191628
C 342
R
P 0x7f2a7c191628
P 0x7f2a7c19b1e8
C 209
R
P 0x7f2a7c191628
C 342
R
P 0x7f2a7c191628
P 0x7f2a7c1a17e8
C 260
R
P 0x7f2a7c191628
C 342
R
P 0x7f2a7c191628
P 0x7f2a7c1a17e8
C 259
R
P 0x7f2a7c191628
C 342
R
P 0x7f2a7c191628
P 0x7f2a7c1a17e8
C 258
R
P 0x7f2a7c191628
C 342
R
P 0x7f2a7c191628
P 0x7f2a7c1a17e8
C 9
R
P 0x7f2a7c191628
C 342
R
P 0x7f2a7c191628
U 2
P 0x7f2a7c19bc28
P 0x7f2a7c1a17e8
p 2
C 65
= 0x7f2a7c1a1820
R
P 0x7f2a7c191628
C 342
R
P 0x7f2a7c191628
P 0x7f2a7c1a1820
C 257
R
P 0x7f2a7c191628
C 342
R
P 0x7f2a7c191628
P 0x7f2a7c1a1820
C 254
= 0x7f2a7c19b1e8
R
P 0x7f2a7c191628
C 342
R
P 0x7f2a7c191628
P 0x7f2a7c19b1e8
C 209
R
P 0x7f2a7c191628
C 342
R
P 0x7f2a7c191628
P 0x7f2a7c1a1820
C 260
R
P 0x7f2a7c191628
C 342
R
P 0x7f2a7c191628
P 0x7f2a7c1a1820
C 259
R
P 0x7f2a7c191628
C 342
R
P 0x7f2a7c191628
P 0x7f2a7c1a1820
C 258
R
P 0x7f2a7c191628
C 342
R
P 0x7f2a7c191628
P 0x7f2a7c1a1820
C 9
R
P 0x7f2a7c191628
C 342
R
P 0x7f2a7c191628
P 0x7f2a7c1a1778
P 0x7f2a7c1a1820
P 0x7f2a7c19bc28
C 59
= 0x7f2a7c19f848
R
P 0x7f2a7c191628
C 342
R
P 0x7f2a7c191628
P 0x7f2a7c19f848
C 257
R
P 0x7f2a7c191628
C 342
R
P 0x7f2a7c191628
P 0x7f2a7c19f848
C 254
= 0x7f2a7c19b1e8
R
P 0x7f2a7c191628
C 342
R
P 0x7f2a7c191628
P 0x7f2a7c19b1e8
C 209
R
P 0x7f2a7c191628
C 342
R
P 0x7f2a7c191628
P 0x7f2a7c19f848
C 260
R
P 0x7f2a7c191628
C 342
R
P 0x7f2a7c191628
P 0x7f2a7c19f848
C 259
R
P 0x7f2a7c191628
C 342
R
P 0x7f2a7c191628
P 0x7f2a7c19f848
C 258
R
P 0x7f2a7c191628
C 342
R
P 0x7f2a7c191628
P 0x7f2a7c19f848
C 9
R
P 0x7f2a7c191628
C 342
R
P 0x7f2a7c191628
U 2
P 0x7f2a7c19f848
P 0x7f2a7c19bb48
p 2
C 65
= 0x7f2a7c1a1858
R
P 0x7f2a7c191628
C 342
R
P 0x7f2a7c191628
P 0x7f2a7c1a1858
C 257
R
P 0x7f2a7c191628
C 342
R
P 0x7f2a7c191628
P 0x7f2a7c1a1858
C 254
= 0x7f2a7c19b1e8
R
P 0x7f2a7c191628
C 342
R
P 0x7f2a7c191628
P 0x7f2a7c19b1e8
C 209
R
P 0x7f2a7c191628
C 342
R
P 0x7f2a7c191628
P 0x7f2a7c1a1858
C 260
R
P 0x7f2a7c191628
C 342
R
P 0x7f2a7c191628
P 0x7f2a7c1a1858
C 259
R
P 0x7f2a7c191628
C 342
R
P 0x7f2a7c191628
P 0x7f2a7c1a1858
C 258
R
P 0x7f2a7c191628
C 342
R
P 0x7f2a7c191628
P 0x7f2a7c1a1858
C 9
R
P 0x7f2a7c191628
C 342
R
P 0x7f2a7c191628
P 0x7f2a7c19bc68
C 333
R
P 0x7f2a7c191628
C 342
R
P 0x7f2a7c191628
S "slotflowPriorityStart"
C 30
R
P 0x7f2a7c191628
C 342
R
P 0x7f2a7c191628
$ |slotflowPriorityStart|
C 202
R
P 0x7f2a7c191628
C 342
R
P 0x7f2a7c191628
$ |slotflowPriorityStart|
P 0x7f2a7c19b1e8
C 51
= 0x7f2a7c19c2a8
R
P 0x7f2a7c191628
C 342
R
P 0x7f2a7c191628
P 0x7f2a7c19c2a8
C 257
R
P 0x7f2a7c191628
C 342
R
P 0x7f2a7c191628
P 0x7f2a7c19c2a8
C 254
= 0x7f2a7c19b1e8
R
P 0x7f2a7c191628
C 342
R
P 0x7f2a7c191628
P 0x7f2a7c19b1e8
C 209
R
P 0x7f2a7c191628
C 342
R
P 0x7f2a7c191628
P 0x7f2a7c19c2a8
C 260
R
P 0x7f2a7c191628
C 342
R
P 0x7f2a7c191628
P 0x7f2a7c19c2a8
C 259
R
P 0x7f2a7c191628
C 342
R
P 0x7f2a7c191628
P 0x7f2a7c19c2a8
C 258
R
P 0x7f2a7c191628
C 342
R
P 0x7f2a7c191628
P 0x7f2a7c19c2a8
C 9
R
P 0x7f2a7c191628
C 342
R
P 0x7f2a7c191628
P 0x7f2a7c19bc68
C 333
R
P 0x7f2a7c191628
C 342
R
P 0x7f2a7c191628
S "slotflowPriorityDuration"
C 30
R
P 0x7f2a7c191628
C 342
R
P 0x7f2a7c191628
$ |slotflowPriorityDuration|
C 202
R
P 0x7f2a7c191628
C 342
R
P 0x7f2a7c191628
$ |slotflowPriorityDuration|
P 0x7f2a7c19b1e8
C 51
= 0x7f2a7c19c268
R
P 0x7f2a7c191628
C 342
R
P 0x7f2a7c191628
P 0x7f2a7c19c268
C 257
R
P 0x7f2a7c191628
C 342
R
P 0x7f2a7c191628
P 0x7f2a7c19c268
C 254
= 0x7f2a7c19b1e8
R
P 0x7f2a7c191628
C 342
R
P 0x7f2a7c191628
P 0x7f2a7c19b1e8
C 209
R
P 0x7f2a7c191628
C 342
R
P 0x7f2a7c191628
P 0x7f2a7c19c268
C 260
R
P 0x7f2a7c191628
C 342
R
P 0x7f2a7c191628
P 0x7f2a7c19c268
C 259
R
P 0x7f2a7c191628
C 342
R
P 0x7f2a7c191628
P 0x7f2a7c19c268
C 258
R
P 0x7f2a7c191628
C 342
R
P 0x7f2a7c191628
P 0x7f2a7c19c268
C 9
R
P 0x7f2a7c191628
C 342
R
P 0x7f2a7c191628
U 2
P 0x7f2a7c19c2a8
P 0x7f2a7c19c268
p 2
C 65
= 0x7f2a7c487908
R
P 0x7f2a7c191628
C 342
R
P 0x7f2a7c191628
P 0x7f2a7c487908
C 257
R
P 0x7f2a7c191628
C 342
R
P 0x7f2a7c191628
P 0x7f2a7c487908
C 254
= 0x7f2a7c19b1e8
R
P 0x7f2a7c191628
C 342
R
P 0x7f2a7c191628
P 0x7f2a7c19b1e8
C 209
R
P 0x7f2a7c191628
C 342
R
P 0x7f2a7c191628
P 0x7f2a7c487908
C 260
R
P 0x7f2a7c191628
C 342
R
P 0x7f2a7c191628
P 0x7f2a7c487908
C 259
R
P 0x7f2a7c191628
C 342
R
P 0x7f2a7c191628
P 0x7f2a7c487908
C 258
R
P 0x7f2a7c191628
C 342
R
P 0x7f2a7c191628
P 0x7f2a7c487908
C 9
R
P 0x7f2a7c191628
C 342
R
P 0x7f2a7c191628
I 2
P 0x7f2a7c19b208
C 150
= 0x7f2a7c19bcc8
R
P 0x7f2a7c191628
C 342
R
P 0x7f2a7c191628
P 0x7f2a7c19bcc8
C 258
R
P 0x7f2a7c191628
C 342
R
P 0x7f2a7c191628
P 0x7f2a7c19bcc8
C 9
R
P 0x7f2a7c191628
C 342
R
P 0x7f2a7c191628
I 1
P 0x7f2a7c19b208
C 150
= 0x7f2a7c19bc88
R
P 0x7f2a7c191628
C 342
R
P 0x7f2a7c191628
P 0x7f2a7c19bc88
C 258
R
P 0x7f2a7c191628
C 342
R
P 0x7f2a7c191628
P 0x7f2a7c19bc88
C 9
R
P 0x7f2a7c191628
C 342
R
P 0x7f2a7c191628
P 0x7f2a7c19bcc8
P 0x7f2a7c19bc88
C 75
= 0x7f2a7c1a1890
R
P 0x7f2a7c191628
C 342
R
P 0x7f2a7c191628
P 0x7f2a7c1a1890
C 258
R
P 0x7f2a7c191628
C 342
R
P 0x7f2a7c191628
P 0x7f2a7c1a1890
C 9
R
P 0x7f2a7c191628
C 342
R
P 0x7f2a7c191628
I 1
P 0x7f2a7c19b208
C 150
= 0x7f2a7c19bc88
R
P 0x7f2a7c191628
C 342
R
P 0x7f2a7c191628
P 0x7f2a7c19bc88
C 258
R
P 0x7f2a7c191628
C 342
R
P 0x7f2a7c191628
P 0x7f2a7c19bc88
C 9
R
P 0x7f2a7c191628
C 342
R
P 0x7f2a7c191628
U 2
P 0x7f2a7c19bcc8
P 0x7f2a7c19bc88
p 2
C 67
= 0x7f2a7c1a18c8
R
P 0x7f2a7c191628
C 342
R
P 0x7f2a7c191628
P 0x7f2a7c1a18c8
C 257
R
P 0x7f2a7c191628
C 342
R
P 0x7f2a7c191628
P 0x7f2a7c1a18c8
C 254
= 0x7f2a7c19b208
R
P 0x7f2a7c191628
C 342
R
P 0x7f2a7c191628
P 0x7f2a7c19b208
C 209
R
P 0x7f2a7c191628
C 342
R
P 0x7f2a7c191628
P 0x7f2a7c1a18c8
C 260
R
P 0x7f2a7c191628
C 342
R
P 0x7f2a7c191628
P 0x7f2a7c1a18c8
C 259
R
P 0x7f2a7c191628
C 342
R
P 0x7f2a7c191628
P 0x7f2a7c1a18c8
C 258
R
P 0x7f2a7c191628
C 342
R
P 0x7f2a7c191628
P 0x7f2a7c1a18c8
C 9
R
P 0x7f2a7c191628
C 342
R
P 0x7f2a7c191628
U 2
P 0x7f2a7c19bbe8
P 0x7f2a7c1a18c8
p 2
C 66
= 0x7f2a7c487d68
R
P 0x7f2a7c191628
C 342
R
P 0x7f2a7c191628
P 0x7f2a7c487d68
C 257
R
P 0x7f2a7c191628
C 342
R
P 0x7f2a7c191628
P 0x7f2a7c487d68
C 254
= 0x7f2a7c19b208
R
P 0x7f2a7c191628
C 342
R
P 0x7f2a7c191628
P 0x7f2a7c19b208
C 209
R
P 0x7f2a7c191628
C 342
R
P 0x7f2a7c191628
P 0x7f2a7c487d68
C 260
R
P 0x7f2a7c191628
C 342
R
P 0x7f2a7c191628
P 0x7f2a7c487d68
C 259
R
P 0x7f2a7c191628
C 342
R
P 0x7f2a7c191628
P 0x7f2a7c487d68
C 258
R
P 0x7f2a7c191628
C 342
R
P 0x7f2a7c191628
P 0x7f2a7c487d68
C 9
R
P 0x7f2a7c191628
C 342
R
P 0x7f2a7c191628
U 2
P 0x7f2a7c19bb88
P 0x7f2a7c487d68
p 2
C 65
= 0x7f2a7c487da0
R
P 0x7f2a7c191628
C 342
R
P 0x7f2a7c191628
P 0x7f2a7c487da0
C 257
R
P 0x7f2a7c191628
C 342
R
P 0x7f2a7c191628
P 0x7f2a7c487da0
C 254
= 0x7f2a7c19b1e8
R
P 0x7f2a7c191628
C 342
R
P 0x7f2a7c191628
P 0x7f2a7c19b1e8
C 209
R
P 0x7f2a7c191628
C 342
R
P 0x7f2a7c191628
P 0x7f2a7c487da0
C 260
R
P 0x7f2a7c191628
C 342
R
P 0x7f2a7c191628
P 0x7f2a7c487da0
C 259
R
P 0x7f2a7c191628
C 342
R
P 0x7f2a7c191628
P 0x7f2a7c487da0
C 258
R
P 0x7f2a7c191628
C 342
R
P 0x7f2a7c191628
P 0x7f2a7c487da0
C 9
R
P 0x7f2a7c191628
C 342
R
P 0x7f2a7c191628
P 0x7f2a7c1a1890
P 0x7f2a7c487da0
P 0x7f2a7c19bb88
C 59
= 0x7f2a7c19fa88
R
P 0x7f2a7c191628
C 342
R
P 0x7f2a7c191628
P 0x7f2a7c19fa88
C 257
R
P 0x7f2a7c191628
C 342
R
P 0x7f2a7c191628
P 0x7f2a7c19fa88
C 254
= 0x7f2a7c19b1e8
R
P 0x7f2a7c191628
C 342
R
P 0x7f2a7c191628
P 0x7f2a7c19b1e8
C 209
R
P 0x7f2a7c191628
C 342
R
P 0x7f2a7c191628
P 0x7f2a7c19fa88
C 260
R
P 0x7f2a7c191628
C 342
R
P 0x7f2a7c191628
P 0x7f2a7c19fa88
C 259
R
P 0x7f2a7c191628
C 342
R
P 0x7f2a7c191628
P 0x7f2a7c19fa88
C 258
R
P 0x7f2a7c191628
C 342
R
P 0x7f2a7c191628
P 0x7f2a7c19fa88
C 9
R
P 0x7f2a7c191628
C 342
R
P 0x7f2a7c191628
U 2
P 0x7f2a7c487908
P 0x7f2a7c19fa88
p 2
C 65
= 0x7f2a7c487dd8
R
P 0x7f2a7c191628
C 342
R
P 0x7f2a7c191628
P 0x7f2a7c487dd8
C 257
R
P 0x7f2a7c191628
C 342
R
P 0x7f2a7c191628
P 0x7f2a7c487dd8
C 254
= 0x7f2a7c19b1e8
R
P 0x7f2a7c191628
C 342
R
P 0x7f2a7c191628
P 0x7f2a7c19b1e8
C 209
R
P 0x7f2a7c191628
C 342
R
P 0x7f2a7c191628
P 0x7f2a7c487dd8
C 260
R
P 0x7f2a7c191628
C 342
R
P 0x7f2a7c191628
P 0x7f2a7c487dd8
C 259
R
P 0x7f2a7c191628
C 342
R
P 0x7f2a7c191628
P 0x7f2a7c487dd8
C 258
R
P 0x7f2a7c191628
C 342
R
P 0x7f2a7c191628
P 0x7f2a7c487dd8
C 9
R
P 0x7f2a7c191628
C 342
R
P 0x7f2a7c191628
U 2
P 0x7f2a7c487dd8
P 0x7f2a7c19bb68
p 2
C 67
= 0x7f2a7c487e10
R
P 0x7f2a7c191628
C 342
R
P 0x7f2a7c191628
P 0x7f2a7c487e10
C 257
R
P 0x7f2a7c191628
C 342
R
P 0x7f2a7c191628
P 0x7f2a7c487e10
C 254
= 0x7f2a7c19b1e8
R
P 0x7f2a7c191628
C 342
R
P 0x7f2a7c191628
P 0x7f2a7c19b1e8
C 209
R
P 0x7f2a7c191628
C 342
R
P 0x7f2a7c191628
P 0x7f2a7c487e10
C 260
R
P 0x7f2a7c191628
C 342
R
P 0x7f2a7c191628
P 0x7f2a7c487e10
C 259
R
P 0x7f2a7c191628
C 342
R
P 0x7f2a7c191628
P 0x7f2a7c487e10
C 258
R
P 0x7f2a7c191628
C 342
R
P 0x7f2a7c191628
P 0x7f2a7c487e10
C 9
R
P 0x7f2a7c191628
C 342
R
P 0x7f2a7c191628
P 0x7f2a7c1a1858
P 0x7f2a7c487e10
C 74
= 0x7f2a7c488548
R
P 0x7f2a7c191628
C 342
R
P 0x7f2a7c191628
P 0x7f2a7c488548
C 258
R
P 0x7f2a7c191628
C 342
R
P 0x7f2a7c191628
P 0x7f2a7c488548
C 9
R
P 0x7f2a7c191628
C 342
R
P 0x7f2a7c191628
I 1
P 0x7f2a7c19b208
C 150
= 0x7f2a7c19bc88
R
P 0x7f2a7c191628
C 342
R
P 0x7f2a7c191628
P 0x7f2a7c19bc88
C 258
R
P 0x7f2a7c191628
C 342
R
P 0x7f2a7c191628
P 0x7f2a7c19bc88
C 9
R
P 0x7f2a7c191628
C 342
R
P 0x7f2a7c191628
I 1
P 0x7f2a7c19b208
C 150
= 0x7f2a7c19bc88
R
P 0x7f2a7c191628
C 342
R
P 0x7f2a7c191628
P 0x7f2a7c19bc88
C 258
R
P 0x7f2a7c191628
C 342
R
P 0x7f2a7c191628
P 0x7f2a7c19bc88
C 9
R
P 0x7f2a7c191628
C 342
R
P 0x7f2a7c191628
P 0x7f2a7c19bc88
P 0x7f2a7c19bc88
C 75
= 0x7f2a7c1a1778
R
P 0x7f2a7c191628
C 342
R
P 0x7f2a7c191628
P 0x7f2a7c1a1778
C 258
R
P 0x7f2a7c191628
C 342
R
P 0x7f2a7c191628
P 0x7f2a7c1a1778
C 9
R
P 0x7f2a7c191628
C 342
R
P 0x7f2a7c191628
I 1
P 0x7f2a7c19b208
C 150
= 0x7f2a7c19bc88
R
P 0x7f2a7c191628
C 342
R
P 0x7f2a7c191628
P 0x7f2a7c19bc88
C 258
R
P 0x7f2a7c191628
C 342
R
P 0x7f2a7c191628
P 0x7f2a7c19bc88
C 9
R
P 0x7f2a7c191628
C 342
R
P 0x7f2a7c191628
U 2
P 0x7f2a7c19bc88
P 0x7f2a7c19bc88
p 2
C 67
= 0x7f2a7c1a17b0
R
P 0x7f2a7c191628
C 342
R
P 0x7f2a7c191628
P 0x7f2a7c1a17b0
C 257
R
P 0x7f2a7c191628
C 342
R
P 0x7f2a7c191628
P 0x7f2a7c1a17b0
C 254
= 0x7f2a7c19b208
R
P 0x7f2a7c191628
C 342
R
P 0x7f2a7c191628
P 0x7f2a7c19b208
C 209
R
P 0x7f2a7c191628
C 342
R
P 0x7f2a7c191628
P 0x7f2a7c1a17b0
C 260
R
P 0x7f2a7c191628
C 342
R
P 0x7f2a7c191628
P 0x7f2a7c1a17b0
C 259
R
P 0x7f2a7c191628
C 342
R
P 0x7f2a7c191628
P 0x7f2a7c1a17b0
C 258
R
P 0x7f2a7c191628
C 342
R
P 0x7f2a7c191628
P 0x7f2a7c1a17b0
C 9
R
P 0x7f2a7c191628
C 342
R
P 0x7f2a7c191628
U 2
P 0x7f2a7c19bba8
P 0x7f2a7c1a17b0
p 2
C 66
= 0x7f2a7c1a17e8
R
P 0x7f2a7c191628
C 342
R
P 0x7f2a7c191628
P 0x7f2a7c1a17e8
C 257
R
P 0x7f2a7c191628
C 342
R
P 0x7f2a7c191628
P 0x7f2a7c1a17e8
C 254
= 0x7f2a7c19b1e8
R
P 0x7f2a7c191628
C 342
R
P 0x7f2a7c191628
P 0x7f2a7c19b1e8
C 209
R
P 0x7f2a7c191628
C 342
R
P 0x7f2a7c191628
P 0x7f2a7c1a17e8
C 260
R
P 0x7f2a7c191628
C 342
R
P 0x7f2a7c191628
P 0x7f2a7c1a17e8
C 259
R
P 0x7f2a7c191628
C 342
R
P 0x7f2a7c191628
P 0x7f2a7c1a17e8
C 258
R
P 0x7f2a7c191628
C 342
R
P 0x7f2a7c191628
P 0x7f2a7c1a17e8
C 9
R
P 0x7f2a7c191628
C 342
R
P 0x7f2a7c191628
U 2
P 0x7f2a7c19bc28
P 0x7f2a7c1a17e8
p 2
C 65
= 0x7f2a7c1a1820
R
P 0x7f2a7c191628
C 342
R
P 0x7f2a7c191628
P 0x7f2a7c1a1820
C 257
R
P 0x7f2a7c191628
C 342
R
P 0x7f2a7c191628
P 0x7f2a7c1a1820
C 254
= 0x7f2a7c19b1e8
R
P 0x7f2a7c191628
C 342
R
P 0x7f2a7c191628
P 0x7f2a7c19b1e8
C 209
R
P 0x7f2a7c191628
C 342
R
P 0x7f2a7c191628
P 0x7f2a7c1a1820
C 260
R
P 0x7f2a7c191628
C 342
R
P 0x7f2a7c191628
P 0x7f2a7c1a1820
C 259
R
P 0x7f2a7c191628
C 342
R
P 0x7f2a7c191628
P 0x7f2a7c1a1820
C 258
R
P 0x7f2a7c191628
C 342
R
P 0x7f2a7c191628
P 0x7f2a7c1a1820
C 9
R
P 0x7f2a7c191628
C 342
R
P 0x7f2a7c191628
P 0x7f2a7c1a1778
P 0x7f2a7c1a1820
P 0x7f2a7c19bc28
C 59
= 0x7f2a7c19f848
R
P 0x7f2a7c191628
C 342
R
P 0x7f2a7c191628
P 0x7f2a7c19f848
C 257
R
P 0x7f2a7c191628
C 342
R
P 0x7f2a7c191628
P 0x7f2a7c19f848
C 254
= 0x7f2a7c19b1e8
R
P 0x7f2a7c191628
C 342
R
P 0x7f2a7c191628
P 0x7f2a7c19b1e8
C 209
R
P 0x7f2a7c191628
C 342
R
P 0x7f2a7c191628
P 0x7f2a7c19f848
C 260
R
P 0x7f2a7c191628
C 342
R
P 0x7f2a7c191628
P 0x7f2a7c19f848
C 259
R
P 0x7f2a7c191628
C 342
R
P 0x7f2a7c191628
P 0x7f2a7c19f848
C 258
R
P 0x7f2a7c191628
C 342
R
P 0x7f2a7c191628
P 0x7f2a7c19f848
C 9
R
P 0x7f2a7c191628
C 342
R
P 0x7f2a7c191628
U 2
P 0x7f2a7c19f848
P 0x7f2a7c19bb48
p 2
C 65
= 0x7f2a7c1a1858
R
P 0x7f2a7c191628
C 342
R
P 0x7f2a7c191628
P 0x7f2a7c1a1858
C 257
R
P 0x7f2a7c191628
C 342
R
P 0x7f2a7c191628
P 0x7f2a7c1a1858
C 254
= 0x7f2a7c19b1e8
R
P 0x7f2a7c191628
C 342
R
P 0x7f2a7c191628
P 0x7f2a7c19b1e8
C 209
R
P 0x7f2a7c191628
C 342
R
P 0x7f2a7c191628
P 0x7f2a7c1a1858
C 260
R
P 0x7f2a7c191628
C 342
R
P 0x7f2a7c191628
P 0x7f2a7c1a1858
C 259
R
P 0x7f2a7c191628
C 342
R
P 0x7f2a7c191628
P 0x7f2a7c1a1858
C 258
R
P 0x7f2a7c191628
C 342
R
P 0x7f2a7c191628
P 0x7f2a7c1a1858
C 9
R
P 0x7f2a7c191628
C 342
R
P 0x7f2a7c191628
P 0x7f2a7c19bc68
C 333
R
P 0x7f2a7c191628
C 342
R
P 0x7f2a7c191628
S "slotflowPriorityStart"
C 30
R
P 0x7f2a7c191628
C 342
R
P 0x7f2a7c191628
$ |slotflowPriorityStart|
C 202
R
P 0x7f2a7c191628
C 342
R
P 0x7f2a7c191628
$ |slotflowPriorityStart|
P 0x7f2a7c19b1e8
C 51
= 0x7f2a7c19c2a8
R
P 0x7f2a7c191628
C 342
R
P 0x7f2a7c191628
P 0x7f2a7c19c2a8
C 257
R
P 0x7f2a7c191628
C 342
R
P 0x7f2a7c191628
P 0x7f2a7c19c2a8
C 254
= 0x7f2a7c19b1e8
R
P 0x7f2a7c191628
C 342
R
P 0x7f2a7c191628
P 0x7f2a7c19b1e8
C 209
R
P 0x7f2a7c191628
C 342
R
P 0x7f2a7c191628
P 0x7f2a7c19c2a8
C 260
R
P 0x7f2a7c191628
C 342
R
P 0x7f2a7c191628
P 0x7f2a7c19c2a8
C 259
R
P 0x7f2a7c191628
C 342
R
P 0x7f2a7c191628
P 0x7f2a7c19c2a8
C 258
R
P 0x7f2a7c191628
C 342
R
P 0x7f2a7c191628
P 0x7f2a7c19c2a8
C 9
R
P 0x7f2a7c191628
C 342
R
P 0x7f2a7c191628
I 2
P 0x7f2a7c19b208
C 150
= 0x7f2a7c19bcc8
R
P 0x7f2a7c191628
C 342
R
P 0x7f2a7c191628
P 0x7f2a7c19bcc8
C 258
R
P 0x7f2a7c191628
C 342
R
P 0x7f2a7c191628
P 0x7f2a7c19bcc8
C 9
R
P 0x7f2a7c191628
C 342
R
P 0x7f2a7c191628
I 1
P 0x7f2a7c19b208
C 150
= 0x7f2a7c19bc88
R
P 0x7f2a7c191628
C 342
R
P 0x7f2a7c191628
P 0x7f2a7c19bc88
C 258
R
P 0x7f2a7c191628
C 342
R
P 0x7f2a7c191628
P 0x7f2a7c19bc88
C 9
R
P 0x7f2a7c191628
C 342
R
P 0x7f2a7c191628
P 0x7f2a7c19bcc8
P 0x7f2a7c19bc88
C 75
= 0x7f2a7c1a1890
R
P 0x7f2a7c191628
C 342
R
P 0x7f2a7c191628
P 0x7f2a7c1a1890
C 258
R
P 0x7f2a7c191628
C 342
R
P 0x7f2a7c191628
P 0x7f2a7c1a1890
C 9
R
P 0x7f2a7c191628
C 342
R
P 0x7f2a7c191628
I 1
P 0x7f2a7c19b208
C 150
= 0x7f2a7c19bc88
R
P 0x7f2a7c191628
C 342
R
P 0x7f2a7c191628
P 0x7f2a7c19bc88
C 258
R
P 0x7f2a7c191628
C 342
R
P 0x7f2a7c191628
P 0x7f2a7c19bc88
C 9
R
P 0x7f2a7c191628
C 342
R
P 0x7f2a7c191628
U 2
P 0x7f2a7c19bcc8
P 0x7f2a7c19bc88
p 2
C 67
= 0x7f2a7c1a18c8
R
P 0x7f2a7c191628
C 342
R
P 0x7f2a7c191628
P 0x7f2a7c1a18c8
C 257
R
P 0x7f2a7c191628
C 342
R
P 0x7f2a7c191628
P 0x7f2a7c1a18c8
C 254
= 0x7f2a7c19b208
R
P 0x7f2a7c191628
C 342
R
P 0x7f2a7c191628
P 0x7f2a7c19b208
C 209
R
P 0x7f2a7c191628
C 342
R
P 0x7f2a7c191628
P 0x7f2a7c1a18c8
C 260
R
P 0x7f2a7c191628
C 342
R
P 0x7f2a7c191628
P 0x7f2a7c1a18c8
C 259
R
P 0x7f2a7c191628
C 342
R
P 0x7f2a7c191628
P 0x7f2a7c1a18c8
C 258
R
P 0x7f2a7c191628
C 342
R
P 0x7f2a7c191628
P 0x7f2a7c1a18c8
C 9
R
P 0x7f2a7c191628
C 342
R
P 0x7f2a7c191628
U 2
P 0x7f2a7c19bbe8
P 0x7f2a7c1a18c8
p 2
C 66
= 0x7f2a7c487d68
R
P 0x7f2a7c191628
C 342
R
P 0x7f2a7c191628
P 0x7f2a7c487d68
C 257
R
P 0x7f2a7c191628
C 342
R
P 0x7f2a7c191628
P 0x7f2a7c487d68
C 254
= 0x7f2a7c19b208
R
P 0x7f2a7c191628
C 342
R
P 0x7f2a7c191628
P 0x7f2a7c19b208
C 209
R
P 0x7f2a7c191628
C 342
R
P 0x7f2a7c191628
P 0x7f2a7c487d68
C 260
R
P 0x7f2a7c191628
C 342
R
P 0x7f2a7c191628
P 0x7f2a7c487d68
C 259
R
P 0x7f2a7c191628
C 342
R
P 0x7f2a7c191628
P 0x7f2a7c487d68
C 258
R
P 0x7f2a7c191628
C 342
R
P 0x7f2a7c191628
P 0x7f2a7c487d68
C 9
R
P 0x7f2a7c191628
C 342
R
P 0x7f2a7c191628
U 2
P 0x7f2a7c19bb88
P 0x7f2a7c487d68
p 2
C 65
= 0x7f2a7c487da0
R
P 0x7f2a7c191628
C 342
R
P 0x7f2a7c191628
P 0x7f2a7c487da0
C 257
R
P 0x7f2a7c191628
C 342
R
P 0x7f2a7c191628
P 0x7f2a7c487da0
C 254
= 0x7f2a7c19b1e8
R
P 0x7f2a7c191628
C 342
R
P 0x7f2a7c191628
P 0x7f2a7c19b1e8
C 209
R
P 0x7f2a7c191628
C 342
R
P 0x7f2a7c191628
P 0x7f2a7c487da0
C 260
R
P 0x7f2a7c191628
C 342
R
P 0x7f2a7c191628
P 0x7f2a7c487da0
C 259
R
P 0x7f2a7c191628
C 342
R
P 0x7f2a7c191628
P 0x7f2a7c487da0
C 258
R
P 0x7f2a7c191628
C 342
R
P 0x7f2a7c191628
P 0x7f2a7c487da0
C 9
R
P 0x7f2a7c191628
C 342
R
P 0x7f2a7c191628
P 0x7f2a7c1a1890
P 0x7f2a7c487da0
P 0x7f2a7c19bb88
C 59
= 0x7f2a7c19fa88
R
P 0x7f2a7c191628
C 342
R
P 0x7f2a7c191628
P 0x7f2a7c19fa88
C 257
R
P 0x7f2a7c191628
C 342
R
P 0x7f2a7c191628
P 0x7f2a7c19fa88
C 254
= 0x7f2a7c19b1e8
R
P 0x7f2a7c191628
C 342
R
P 0x7f2a7c191628
P 0x7f2a7c19b1e8
C 209
R
P 0x7f2a7c191628
C 342
R
P 0x7f2a7c191628
P 0x7f2a7c19fa88
C 260
R
P 0x7f2a7c191628
C 342
R
P 0x7f2a7c191628
P 0x7f2a7c19fa88
C 259
R
P 0x7f2a7c191628
C 342
R
P 0x7f2a7c191628
P 0x7f2a7c19fa88
C 258
R
P 0x7f2a7c191628
C 342
R
P 0x7f2a7c191628
P 0x7f2a7c19fa88
C 9
R
P 0x7f2a7c191628
C 342
R
P 0x7f2a7c191628
U 2
P 0x7f2a7c19c2a8
P 0x7f2a7c19fa88
p 2
C 65
= 0x7f2a7c487e80
R
P 0x7f2a7c191628
C 342
R
P 0x7f2a7c191628
P 0x7f2a7c487e80
C 257
R
P 0x7f2a7c191628
C 342
R
P 0x7f2a7c191628
P 0x7f2a7c487e80
C 254
= 0x7f2a7c19b1e8
R
P 0x7f2a7c191628
C 342
R
P 0x7f2a7c191628
P 0x7f2a7c19b1e8
C 209
R
P 0x7f2a7c191628
C 342
R
P 0x7f2a7c191628
P 0x7f2a7c487e80
C 260
R
P 0x7f2a7c191628
C 342
R
P 0x7f2a7c191628
P 0x7f2a7c487e80
C 259
R
P 0x7f2a7c191628
C 342
R
P 0x7f2a7c191628
P 0x7f2a7c487e80
C 258
R
P 0x7f2a7c191628
C 342
R
P 0x7f2a7c191628
P 0x7f2a7c487e80
C 9
R
P 0x7f2a7c191628
C 342
R
P 0x7f2a7c191628
P 0x7f2a7c1a1858
P 0x7f2a7c487e80
C 76
= 0x7f2a7c488580
R
P 0x7f2a7c191628
C 342
R
P 0x7f2a7c191628
P 0x7f2a7c488580
C 258
R
P 0x7f2a7c191628
C 342
R
P 0x7f2a7c191628
P 0x7f2a7c488580
C 9
R
P 0x7f2a7c191628
C 342
R
P 0x7f2a7c191628
U 2
P 0x7f2a7c488548
P 0x7f2a7c488580
p 2
C 63
= 0x7f2a7c4885b8
R
P 0x7f2a7c191628
C 342
R
P 0x7f2a7c191628
P 0x7f2a7c4885b8
C 258
R
P 0x7f2a7c191628
C 342
R
P 0x7f2a7c191628
P 0x7f2a7c4885b8
C 9
R
P 0x7f2a7c191628
C 342
R
P 0x7f2a7c191628
I 1
P 0x7f2a7c19b208
C 150
= 0x7f2a7c19bc88
R
P 0x7f2a7c191628
C 342
R
P 0x7f2a7c191628
P 0x7f2a7c19bc88
C 258
R
P 0x7f2a7c191628
C 342
R
P 0x7f2a7c191628
P 0x7f2a7c19bc88
C 9
R
P 0x7f2a7c191628
C 342
R
P 0x7f2a7c191628
P 0x7f2a7c19bc88
C 263
R
P 0x7f2a7c191628
C 342
R
P 0x7f2a7c191628
S "dev0T31"
C 30
R
P 0x7f2a7c191628
C 342
R
P 0x7f2a7c191628
$ |dev0T31|
C 202
R
P 0x7f2a7c191628
C 342
R
P 0x7f2a7c191628
$ |dev0T31|
P 0x7f2a7c19b1e8
C 51
= 0x7f2a7c19bca8
R
P 0x7f2a7c191628
C 342
R
P 0x7f2a7c191628
P 0x7f2a7c19bca8
C 257
R
P 0x7f2a7c191628
C 342
R
P 0x7f2a7c191628
P 0x7f2a7c19bca8
C 254
= 0x7f2a7c19b1e8
R
P 0x7f2a7c191628
C 342
R
P 0x7f2a7c191628
P 0x7f2a7c19b1e8
C 209
R
P 0x7f2a7c191628
C 342
R
P 0x7f2a7c191628
P 0x7f2a7c19bca8
C 260
R
P 0x7f2a7c191628
C 342
R
P 0x7f2a7c191628
P 0x7f2a7c19bca8
C 259
R
P 0x7f2a7c191628
C 342
R
P 0x7f2a7c191628
P 0x7f2a7c19bca8
C 258
R
P 0x7f2a7c191628
C 342
R
P 0x7f2a7c191628
P 0x7f2a7c19bca8
C 9
R
P 0x7f2a7c191628
C 342
R
P 0x7f2a7c191628
I 1
P 0x7f2a7c19b208
C 150
= 0x7f2a7c19bc88
R
P 0x7f2a7c191628
C 342
R
P 0x7f2a7c191628
P 0x7f2a7c19bc88
C 258
R
P 0x7f2a7c191628
C 342
R
P 0x7f2a7c191628
P 0x7f2a7c19bc88
C 9
R
P 0x7f2a7c191628
C 342
R
P 0x7f2a7c191628
I 1
P 0x7f2a7c19b208
C 150
= 0x7f2a7c19bc88
R
P 0x7f2a7c191628
C 342
R
P 0x7f2a7c191628
P 0x7f2a7c19bc88
C 258
R
P 0x7f2a7c191628
C 342
R
P 0x7f2a7c191628
P 0x7f2a7c19bc88
C 9
R
P 0x7f2a7c191628
C 342
R
P 0x7f2a7c191628
P 0x7f2a7c19bc88
P 0x7f2a7c19bc88
C 75
= 0x7f2a7c1a1778
R
P 0x7f2a7c191628
C 342
R
P 0x7f2a7c191628
P 0x7f2a7c1a1778
C 258
R
P 0x7f2a7c191628
C 342
R
P 0x7f2a7c191628
P 0x7f2a7c1a1778
C 9
R
P 0x7f2a7c191628
C 342
R
P 0x7f2a7c191628
I 1
P 0x7f2a7c19b208
C 150
= 0x7f2a7c19bc88
R
P 0x7f2a7c191628
C 342
R
P 0x7f2a7c191628
P 0x7f2a7c19bc88
C 258
R
P 0x7f2a7c191628
C 342
R
P 0x7f2a7c191628
P 0x7f2a7c19bc88
C 9
R
P 0x7f2a7c191628
C 342
R
P 0x7f2a7c191628
U 2
P 0x7f2a7c19bc88
P 0x7f2a7c19bc88
p 2
C 67
= 0x7f2a7c1a17b0
R
P 0x7f2a7c191628
C 342
R
P 0x7f2a7c191628
P 0x7f2a7c1a17b0
C 257
R
P 0x7f2a7c191628
C 342
R
P 0x7f2a7c191628
P 0x7f2a7c1a17b0
C 254
= 0x7f2a7c19b208
R
P 0x7f2a7c191628
C 342
R
P 0x7f2a7c191628
P 0x7f2a7c19b208
C 209
R
P 0x7f2a7c191628
C 342
R
P 0x7f2a7c191628
P 0x7f2a7c1a17b0
C 260
R
P 0x7f2a7c191628
C 342
R
P 0x7f2a7c191628
P 0x7f2a7c1a17b0
C 259
R
P 0x7f2a7c191628
C 342
R
P 0x7f2a7c191628
P 0x7f2a7c1a17b0
C 258
R
P 0x7f2a7c191628
C 342
R
P 0x7f2a7c191628
P 0x7f2a7c1a17b0
C 9
R
P 0x7f2a7c191628
C 342
R
P 0x7f2a7c191628
U 2
P 0x7f2a7c19bba8
P 0x7f2a7c1a17b0
p 2
C 66
= 0x7f2a7c1a17e8
R
P 0x7f2a7c191628
C 342
R
P 0x7f2a7c191628
P 0x7f2a7c1a17e8
C 257
R
P 0x7f2a7c191628
C 342
R
P 0x7f2a7c191628
P 0x7f2a7c1a17e8
C 254
= 0x7f2a7c19b1e8
R
P 0x7f2a7c191628
C 342
R
P 0x7f2a7c191628
P 0x7f2a7c19b1e8
C 209
R
P 0x7f2a7c191628
C 342
R
P 0x7f2a7c191628
P 0x7f2a7c1a17e8
C 260
R
P 0x7f2a7c191628
C 342
R
P 0x7f2a7c191628
P 0x7f2a7c1a17e8
C 259
R
P 0x7f2a7c191628
C 342
R
P 0x7f2a7c191628
P 0x7f2a7c1a17e8
C 258
R
P 0x7f2a7c191628
C 342
R
P 0x7f2a7c191628
P 0x7f2a7c1a17e8
C 9
R
P 0x7f2a7c191628
C 342
R
P 0x7f2a7c191628
U 2
P 0x7f2a7c19bc28
P 0x7f2a7c1a17e8
p 2
C 65
= 0x7f2a7c1a1820
R
P 0x7f2a7c191628
C 342
R
P 0x7f2a7c191628
P 0x7f2a7c1a1820
C 257
R
P 0x7f2a7c191628
C 342
R
P 0x7f2a7c191628
P 0x7f2a7c1a1820
C 254
= 0x7f2a7c19b1e8
R
P 0x7f2a7c191628
C 342
R
P 0x7f2a7c191628
P 0x7f2a7c19b1e8
C 209
R
P 0x7f2a7c191628
C 342
R
P 0x7f2a7c191628
P 0x7f2a7c1a1820
C 260
R
P 0x7f2a7c191628
C 342
R
P 0x7f2a7c191628
P 0x7f2a7c1a1820
C 259
R
P 0x7f2a7c191628
C 342
R
P 0x7f2a7c191628
P 0x7f2a7c1a1820
C 258
R
P 0x7f2a7c191628
C 342
R
P 0x7f2a7c191628
P 0x7f2a7c1a1820
C 9
R
P 0x7f2a7c191628
C 342
R
P 0x7f2a7c191628
P 0x7f2a7c1a1778
P 0x7f2a7c1a1820
P 0x7f2a7c19bc28
C 59
= 0x7f2a7c19f848
R
P 0x7f2a7c191628
C 342
R
P 0x7f2a7c191628
P 0x7f2a7c19f848
C 257
R
P 0x7f2a7c191628
C 342
R
P 0x7f2a7c191628
P 0x7f2a7c19f848
C 254
= 0x7f2a7c19b1e8
R
P 0x7f2a7c191628
C 342
R
P 0x7f2a7c191628
P 0x7f2a7c19b1e8
C 209
R
P 0x7f2a7c191628
C 342
R
P 0x7f2a7c191628
P 0x7f2a7c19f848
C 260
R
P 0x7f2a7c191628
C 342
R
P 0x7f2a7c191628
P 0x7f2a7c19f848
C 259
R
P 0x7f2a7c191628
C 342
R
P 0x7f2a7c191628
P 0x7f2a7c19f848
C 258
R
P 0x7f2a7c191628
C 342
R
P 0x7f2a7c191628
P 0x7f2a7c19f848
C 9
R
P 0x7f2a7c191628
C 342
R
P 0x7f2a7c191628
U 2
P 0x7f2a7c19f848
P 0x7f2a7c19bb48
p 2
C 65
= 0x7f2a7c1a1858
R
P 0x7f2a7c191628
C 342
R
P 0x7f2a7c191628
P 0x7f2a7c1a1858
C 257
R
P 0x7f2a7c191628
C 342
R
P 0x7f2a7c191628
P 0x7f2a7c1a1858
C 254
= 0x7f2a7c19b1e8
R
P 0x7f2a7c191628
C 342
R
P 0x7f2a7c191628
P 0x7f2a7c19b1e8
C 209
R
P 0x7f2a7c191628
C 342
R
P 0x7f2a7c191628
P 0x7f2a7c1a1858
C 260
R
P 0x7f2a7c191628
C 342
R
P 0x7f2a7c191628
P 0x7f2a7c1a1858
C 259
R
P 0x7f2a7c191628
C 342
R
P 0x7f2a7c191628
P 0x7f2a7c1a1858
C 258
R
P 0x7f2a7c191628
C 342
R
P 0x7f2a7c191628
P 0x7f2a7c1a1858
C 9
R
P 0x7f2a7c191628
C 342
R
P 0x7f2a7c191628
U 2
P 0x7f2a7c1a1858
P 0x7f2a7c19bb68
p 2
C 65
= 0x7f2a7c487128
R
P 0x7f2a7c191628
C 342
R
P 0x7f2a7c191628
P 0x7f2a7c487128
C 257
R
P 0x7f2a7c191628
C 342
R
P 0x7f2a7c191628
P 0x7f2a7c487128
C 254
= 0x7f2a7c19b1e8
R
P 0x7f2a7c191628
C 342
R
P 0x7f2a7c191628
P 0x7f2a7c19b1e8
C 209
R
P 0x7f2a7c191628
C 342
R
P 0x7f2a7c191628
P 0x7f2a7c487128
C 260
R
P 0x7f2a7c191628
C 342
R
P 0x7f2a7c191628
P 0x7f2a7c487128
C 259
R
P 0x7f2a7c191628
C 342
R
P 0x7f2a7c191628
P 0x7f2a7c487128
C 258
R
P 0x7f2a7c191628
C 342
R
P 0x7f2a7c191628
P 0x7f2a7c487128
C 9
R
P 0x7f2a7c191628
C 342
R
P 0x7f2a7c191628
P 0x7f2a7c19bca8
P 0x7f2a7c487128
C 56
= 0x7f2a7c4883f8
R
P 0x7f2a7c191628
C 342
R
P 0x7f2a7c191628
P 0x7f2a7c4883f8
C 258
R
P 0x7f2a7c191628
C 342
R
P 0x7f2a7c191628
P 0x7f2a7c4883f8
C 9
R
P 0x7f2a7c191628
C 342
R
P 0x7f2a7c191628
P 0x7f2a7c4885b8
P 0x7f2a7c4883f8
C 61
= 0x7f2a7c4885f0
R
P 0x7f2a7c191628
C 342
R
P 0x7f2a7c191628
P 0x7f2a7c4885f0
C 258
R
P 0x7f2a7c191628
C 342
R
P 0x7f2a7c191628
P 0x7f2a7c4885f0
C 9
R
P 0x7f2a7c191628
C 342
R
P 0x7f2a7c191628
P 0x7f2a7c1e1fc8
P 0x7f2a7c4885f0
C 427
R
P 0x7f2a7c191628
C 342
R
P 0x7f2a7c191628
I 1
P 0x7f2a7c19b208
C 150
= 0x7f2a7c19bc88
R
P 0x7f2a7c191628
C 342
R
P 0x7f2a7c191628
P 0x7f2a7c19bc88
C 258
R
P 0x7f2a7c191628
C 342
R
P 0x7f2a7c191628
P 0x7f2a7c19bc88
C 9
R
P 0x7f2a7c191628
C 342
R
P 0x7f2a7c191628
I 1
P 0x7f2a7c19b208
C 150
= 0x7f2a7c19bc88
R
P 0x7f2a7c191628
C 342
R
P 0x7f2a7c191628
P 0x7f2a7c19bc88
C 258
R
P 0x7f2a7c191628
C 342
R
P 0x7f2a7c191628
P 0x7f2a7c19bc88
C 9
R
P 0x7f2a7c191628
C 342
R
P 0x7f2a7c191628
P 0x7f2a7c19bc88
P 0x7f2a7c19bc88
C 75
= 0x7f2a7c1a1778
R
P 0x7f2a7c191628
C 342
R
P 0x7f2a7c191628
P 0x7f2a7c1a1778
C 258
R
P 0x7f2a7c191628
C 342
R
P 0x7f2a7c191628
P 0x7f2a7c1a1778
C 9
R
P 0x7f2a7c191628
C 342
R
P 0x7f2a7c191628
I 1
P 0x7f2a7c19b208
C 150
= 0x7f2a7c19bc88
R
P 0x7f2a7c191628
C 342
R
P 0x7f2a7c191628
P 0x7f2a7c19bc88
C 258
R
P 0x7f2a7c191628
C 342
R
P 0x7f2a7c191628
P 0x7f2a7c19bc88
C 9
R
P 0x7f2a7c191628
C 342
R
P 0x7f2a7c191628
U 2
P 0x7f2a7c19bc88
P 0x7f2a7c19bc88
p 2
C 67
= 0x7f2a7c1a17b0
R
P 0x7f2a7c191628
C 342
R
P 0x7f2a7c191628
P 0x7f2a7c1a17b0
C 257
R
P 0x7f2a7c191628
C 342
R
P 0x7f2a7c191628
P 0x7f2a7c1a17b0
C 254
= 0x7f2a7c19b208
R
P 0x7f2a7c191628
C 342
R
P 0x7f2a7c191628
P 0x7f2a7c19b208
C 209
R
P 0x7f2a7c191628
C 342
R
P 0x7f2a7c191628
P 0x7f2a7c1a17b0
C 260
R
P 0x7f2a7c191628
C 342
R
P 0x7f2a7c191628
P 0x7f2a7c1a17b0
C 259
R
P 0x7f2a7c191628
C 342
R
P 0x7f2a7c191628
P 0x7f2a7c1a17b0
C 258
R
P 0x7f2a7c191628
C 342
R
P 0x7f2a7c191628
P 0x7f2a7c1a17b0
C 9
R
P 0x7f2a7c191628
C 342
R
P 0x7f2a7c191628
U 2
P 0x7f2a7c19bba8
P 0x7f2a7c1a17b0
p 2
C 66
= 0x7f2a7c1a17e8
R
P 0x7f2a7c191628
C 342
R
P 0x7f2a7c191628
P 0x7f2a7c1a17e8
C 257
R
P 0x7f2a7c191628
C 342
R
P 0x7f2a7c191628
P 0x7f2a7c1a17e8
C 254
= 0x7f2a7c19b1e8
R
P 0x7f2a7c191628
C 342
R
P 0x7f2a7c191628
P 0x7f2a7c19b1e8
C 209
R
P 0x7f2a7c191628
C 342
R
P 0x7f2a7c191628
P 0x7f2a7c1a17e8
C 260
R
P 0x7f2a7c191628
C 342
R
P 0x7f2a7c191628
P 0x7f2a7c1a17e8
C 259
R
P 0x7f2a7c191628
C 342
R
P 0x7f2a7c191628
P 0x7f2a7c1a17e8
C 258
R
P 0x7f2a7c191628
C 342
R
P 0x7f2a7c191628
P 0x7f2a7c1a17e8
C 9
R
P 0x7f2a7c191628
C 342
R
P 0x7f2a7c191628
U 2
P 0x7f2a7c19bc28
P 0x7f2a7c1a17e8
p 2
C 65
= 0x7f2a7c1a1820
R
P 0x7f2a7c191628
C 342
R
P 0x7f2a7c191628
P 0x7f2a7c1a1820
C 257
R
P 0x7f2a7c191628
C 342
R
P 0x7f2a7c191628
P 0x7f2a7c1a1820
C 254
= 0x7f2a7c19b1e8
R
P 0x7f2a7c191628
C 342
R
P 0x7f2a7c191628
P 0x7f2a7c19b1e8
C 209
R
P 0x7f2a7c191628
C 342
R
P 0x7f2a7c191628
P 0x7f2a7c1a1820
C 260
R
P 0x7f2a7c191628
C 342
R
P 0x7f2a7c191628
P 0x7f2a7c1a1820
C 259
R
P 0x7f2a7c191628
C 342
R
P 0x7f2a7c191628
P 0x7f2a7c1a1820
C 258
R
P 0x7f2a7c191628
C 342
R
P 0x7f2a7c191628
P 0x7f2a7c1a1820
C 9
R
P 0x7f2a7c191628
C 342
R
P 0x7f2a7c191628
P 0x7f2a7c1a1778
P 0x7f2a7c1a1820
P 0x7f2a7c19bc28
C 59
= 0x7f2a7c19f848
R
P 0x7f2a7c191628
C 342
R
P 0x7f2a7c191628
P 0x7f2a7c19f848
C 257
R
P 0x7f2a7c191628
C 342
R
P 0x7f2a7c191628
P 0x7f2a7c19f848
C 254
= 0x7f2a7c19b1e8
R
P 0x7f2a7c191628
C 342
R
P 0x7f2a7c191628
P 0x7f2a7c19b1e8
C 209
R
P 0x7f2a7c191628
C 342
R
P 0x7f2a7c191628
P 0x7f2a7c19f848
C 260
R
P 0x7f2a7c191628
C 342
R
P 0x7f2a7c191628
P 0x7f2a7c19f848
C 259
R
P 0x7f2a7c191628
C 342
R
P 0x7f2a7c191628
P 0x7f2a7c19f848
C 258
R
P 0x7f2a7c191628
C 342
R
P 0x7f2a7c191628
P 0x7f2a7c19f848
C 9
R
P 0x7f2a7c191628
C 342
R
P 0x7f2a7c191628
U 2
P 0x7f2a7c19f848
P 0x7f2a7c19bb48
p 2
C 65
= 0x7f2a7c1a1858
R
P 0x7f2a7c191628
C 342
R
P 0x7f2a7c191628
P 0x7f2a7c1a1858
C 257
R
P 0x7f2a7c191628
C 342
R
P 0x7f2a7c191628
P 0x7f2a7c1a1858
C 254
= 0x7f2a7c19b1e8
R
P 0x7f2a7c191628
C 342
R
P 0x7f2a7c191628
P 0x7f2a7c19b1e8
C 209
R
P 0x7f2a7c191628
C 342
R
P 0x7f2a7c191628
P 0x7f2a7c1a1858
C 260
R
P 0x7f2a7c191628
C 342
R
P 0x7f2a7c191628
P 0x7f2a7c1a1858
C 259
R
P 0x7f2a7c191628
C 342
R
P 0x7f2a7c191628
P 0x7f2a7c1a1858
C 258
R
P 0x7f2a7c191628
C 342
R
P 0x7f2a7c191628
P 0x7f2a7c1a1858
C 9
R
P 0x7f2a7c191628
C 342
R
P 0x7f2a7c191628
P 0x7f2a7c19bc68
C 333
R
P 0x7f2a7c191628
C 342
R
P 0x7f2a7c191628
S "slotflowPriorityStart"
C 30
R
P 0x7f2a7c191628
C 342
R
P 0x7f2a7c191628
$ |slotflowPriorityStart|
C 202
R
P 0x7f2a7c191628
C 342
R
P 0x7f2a7c191628
$ |slotflowPriorityStart|
P 0x7f2a7c19b1e8
C 51
= 0x7f2a7c19c2a8
R
P 0x7f2a7c191628
C 342
R
P 0x7f2a7c191628
P 0x7f2a7c19c2a8
C 257
R
P 0x7f2a7c191628
C 342
R
P 0x7f2a7c191628
P 0x7f2a7c19c2a8
C 254
= 0x7f2a7c19b1e8
R
P 0x7f2a7c191628
C 342
R
P 0x7f2a7c191628
P 0x7f2a7c19b1e8
C 209
R
P 0x7f2a7c191628
C 342
R
P 0x7f2a7c191628
P 0x7f2a7c19c2a8
C 260
R
P 0x7f2a7c191628
C 342
R
P 0x7f2a7c191628
P 0x7f2a7c19c2a8
C 259
R
P 0x7f2a7c191628
C 342
R
P 0x7f2a7c191628
P 0x7f2a7c19c2a8
C 258
R
P 0x7f2a7c191628
C 342
R
P 0x7f2a7c191628
P 0x7f2a7c19c2a8
C 9
R
P 0x7f2a7c191628
C 342
R
P 0x7f2a7c191628
P 0x7f2a7c19bc68
C 333
R
P 0x7f2a7c191628
C 342
R
P 0x7f2a7c191628
S "slotflowPriorityDuration"
C 30
R
P 0x7f2a7c191628
C 342
R
P 0x7f2a7c191628
$ |slotflowPriorityDuration|
C 202
R
P 0x7f2a7c191628
C 342
R
P 0x7f2a7c191628
$ |slotflowPriorityDuration|
P 0x7f2a7c19b1e8
C 51
= 0x7f2a7c19c268
R
P 0x7f2a7c191628
C 342
R
P 0x7f2a7c191628
P 0x7f2a7c19c268
C 257
R
P 0x7f2a7c191628
C 342
R
P 0x7f2a7c191628
P 0x7f2a7c19c268
C 254
= 0x7f2a7c19b1e8
R
P 0x7f2a7c191628
C 342
R
P 0x7f2a7c191628
P 0x7f2a7c19b1e8
C 209
R
P 0x7f2a7c191628
C 342
R
P 0x7f2a7c191628
P 0x7f2a7c19c268
C 260
R
P 0x7f2a7c191628
C 342
R
P 0x7f2a7c191628
P 0x7f2a7c19c268
C 259
R
P 0x7f2a7c191628
C 342
R
P 0x7f2a7c191628
P 0x7f2a7c19c268
C 258
R
P 0x7f2a7c191628
C 342
R
P 0x7f2a7c191628
P 0x7f2a7c19c268
C 9
R
P 0x7f2a7c191628
C 342
R
P 0x7f2a7c191628
U 2
P 0x7f2a7c19c2a8
P 0x7f2a7c19c268
p 2
C 65
= 0x7f2a7c487908
R
P 0x7f2a7c191628
C 342
R
P 0x7f2a7c191628
P 0x7f2a7c487908
C 257
R
P 0x7f2a7c191628
C 342
R
P 0x7f2a7c191628
P 0x7f2a7c487908
C 254
= 0x7f2a7c19b1e8
R
P 0x7f2a7c191628
C 342
R
P 0x7f2a7c191628
P 0x7f2a7c19b1e8
C 209
R
P 0x7f2a7c191628
C 342
R
P 0x7f2a7c191628
P 0x7f2a7c487908
C 260
R
P 0x7f2a7c191628
C 342
R
P 0x7f2a7c191628
P 0x7f2a7c487908
C 259
R
P 0x7f2a7c191628
C 342
R
P 0x7f2a7c191628
P 0x7f2a7c487908
C 258
R
P 0x7f2a7c191628
C 342
R
P 0x7f2a7c191628
P 0x7f2a7c487908
C 9
R
P 0x7f2a7c191628
C 342
R
P 0x7f2a7c191628
I 3
P 0x7f2a7c19b208
C 150
= 0x7f2a7c19bfc8
R
P 0x7f2a7c191628
C 342
R
P 0x7f2a7c191628
P 0x7f2a7c19bfc8
C 258
R
P 0x7f2a7c191628
C 342
R
P 0x7f2a7c191628
P 0x7f2a7c19bfc8
C 9
R
P 0x7f2a7c191628
C 342
R
P 0x7f2a7c191628
I 1
P 0x7f2a7c19b208
C 150
= 0x7f2a7c19bc88
R
P 0x7f2a7c191628
C 342
R
P 0x7f2a7c191628
P 0x7f2a7c19bc88
C 258
R
P 0x7f2a7c191628
C 342
R
P 0x7f2a7c191628
P 0x7f2a7c19bc88
C 9
R
P 0x7f2a7c191628
C 342
R
P 0x7f2a7c191628
P 0x7f2a7c19bfc8
P 0x7f2a7c19bc88
C 75
= 0x7f2a7c487208
R
P 0x7f2a7c191628
C 342
R
P 0x7f2a7c191628
P 0x7f2a7c487208
C 258
R
P 0x7f2a7c191628
C 342
R
P 0x7f2a7c191628
P 0x7f2a7c487208
C 9
R
P 0x7f2a7c191628
C 342
R
P 0x7f2a7c191628
I 1
P 0x7f2a7c19b208
C 150
= 0x7f2a7c19bc88
R
P 0x7f2a7c191628
C 342
R
P 0x7f2a7c191628
P 0x7f2a7c19bc88
C 258
R
P 0x7f2a7c191628
C 342
R
P 0x7f2a7c191628
P 0x7f2a7c19bc88
C 9
R
P 0x7f2a7c191628
C 342
R
P 0x7f2a7c191628
U 2
P 0x7f2a7c19bfc8
P 0x7f2a7c19bc88
p 2
C 67
= 0x7f2a7c487240
R
P 0x7f2a7c191628
C 342
R
P 0x7f2a7c191628
P 0x7f2a7c487240
C 257
R
P 0x7f2a7c191628
C 342
R
P 0x7f2a7c191628
P 0x7f2a7c487240
C 254
= 0x7f2a7c19b208
R
P 0x7f2a7c191628
C 342
R
P 0x7f2a7c191628
P 0x7f2a7c19b208
C 209
R
P 0x7f2a7c191628
C 342
R
P 0x7f2a7c191628
P 0x7f2a7c487240
C 260
R
P 0x7f2a7c191628
C 342
R
P 0x7f2a7c191628
P 0x7f2a7c487240
C 259
R
P 0x7f2a7c191628
C 342
R
P 0x7f2a7c191628
P 0x7f2a7c487240
C 258
R
P 0x7f2a7c191628
C 342
R
P 0x7f2a7c191628
P 0x7f2a7c487240
C 9
R
P 0x7f2a7c191628
C 342
R
P 0x7f2a7c191628
U 2
P 0x7f2a7c19bbe8
P 0x7f2a7c487240
p 2
C 66
= 0x7f2a7c487f60
R
P 0x7f2a7c191628
C 342
R
P 0x7f2a7c191628
P 0x7f2a7c487f60
C 257
R
P 0x7f2a7c191628
C 342
R
P 0x7f2a7c191628
P 0x7f2a7c487f60
C 254
= 0x7f2a7c19b208
R
P 0x7f2a7c191628
C 342
R
P 0x7f2a7c191628
P 0x7f2a7c19b208
C 209
R
P 0x7f2a7c191628
C 342
R
P 0x7f2a7c191628
P 0x7f2a7c487f60
C 260
R
P 0x7f2a7c191628
C 342
R
P 0x7f2a7c191628
P 0x7f2a7c487f60
C 259
R
P 0x7f2a7c191628
C 342
R
P 0x7f2a7c191628
P 0x7f2a7c487f60
C 258
R
P 0x7f2a7c191628
C 342
R
P 0x7f2a7c191628
P 0x7f2a7c487f60
C 9
R
P 0x7f2a7c191628
C 342
R
P 0x7f2a7c191628
U 2
P 0x7f2a7c19bb88
P 0x7f2a7c487f60
p 2
C 65
= 0x7f2a7c487f98
R
P 0x7f2a7c191628
C 342
R
P 0x7f2a7c191628
P 0x7f2a7c487f98
C 257
R
P 0x7f2a7c191628
C 342
R
P 0x7f2a7c191628
P 0x7f2a7c487f98
C 254
= 0x7f2a7c19b1e8
R
P 0x7f2a7c191628
C 342
R
P 0x7f2a7c191628
P 0x7f2a7c19b1e8
C 209
R
P 0x7f2a7c191628
C 342
R
P 0x7f2a7c191628
P 0x7f2a7c487f98
C 260
R
P 0x7f2a7c191628
C 342
R
P 0x7f2a7c191628
P 0x7f2a7c487f98
C 259
R
P 0x7f2a7c191628
C 342
R
P 0x7f2a7c191628
P 0x7f2a7c487f98
C 258
R
P 0x7f2a7c191628
C 342
R
P 0x7f2a7c191628
P 0x7f2a7c487f98
C 9
R
P 0x7f2a7c191628
C 342
R
P 0x7f2a7c191628
P 0x7f2a7c487208
P 0x7f2a7c487f98
P 0x7f2a7c19bb88
C 59
= 0x7f2a7c19fac8
R
P 0x7f2a7c191628
C 342
R
P 0x7f2a7c191628
P 0x7f2a7c19fac8
C 257
R
P 0x7f2a7c191628
C 342
R
P 0x7f2a7c191628
P 0x7f2a7c19fac8
C 254
= 0x7f2a7c19b1e8
R
P 0x7f2a7c191628
C 342
R
P 0x7f2a7c191628
P 0x7f2a7c19b1e8
C 209
R
P 0x7f2a7c191628
C 342
R
P 0x7f2a7c191628
P 0x7f2a7c19fac8
C 260
R
P 0x7f2a7c191628
C 342
R
P 0x7f2a7c191628
P 0x7f2a7c19fac8
C 259
R
P 0x7f2a7c191628
C 342
R
P 0x7f2a7c191628
P 0x7f2a7c19fac8
C 258
R
P 0x7f2a7c191628
C 342
R
P 0x7f2a7c191628
P 0x7f2a7c19fac8
C 9
R
P 0x7f2a7c191628
C 342
R
P 0x7f2a7c191628
U 2
P 0x7f2a7c487908
P 0x7f2a7c19fac8
p 2
C 65
= 0x7f2a7c487fd0
R
P 0x7f2a7c191628
C 342
R
P 0x7f2a7c191628
P 0x7f2a7c487fd0
C 257
R
P 0x7f2a7c191628
C 342
R
P 0x7f2a7c191628
P 0x7f2a7c487fd0
C 254
= 0x7f2a7c19b1e8
R
P 0x7f2a7c191628
C 342
R
P 0x7f2a7c191628
P 0x7f2a7c19b1e8
C 209
R
P 0x7f2a7c191628
C 342
R
P 0x7f2a7c191628
P 0x7f2a7c487fd0
C 260
R
P 0x7f2a7c191628
C 342
R
P 0x7f2a7c191628
P 0x7f2a7c487fd0
C 259
R
P 0x7f2a7c191628
C 342
R
P 0x7f2a7c191628
P 0x7f2a7c487fd0
C 258
R
P 0x7f2a7c191628
C 342
R
P 0x7f2a7c191628
P 0x7f2a7c487fd0
C 9
R
P 0x7f2a7c191628
C 342
R
P 0x7f2a7c191628
U 2
P 0x7f2a7c487fd0
P 0x7f2a7c19bb68
p 2
C 67
= 0x7f2a7c488008
R
P 0x7f2a7c191628
C 342
R
P 0x7f2a7c191628
P 0x7f2a7c488008
C 257
R
P 0x7f2a7c191628
C 342
R
P 0x7f2a7c191628
P 0x7f2a7c488008
C 254
= 0x7f2a7c19b1e8
R
P 0x7f2a7c191628
C 342
R
P 0x7f2a7c191628
P 0x7f2a7c19b1e8
C 209
R
P 0x7f2a7c191628
C 342
R
P 0x7f2a7c191628
P 0x7f2a7c488008
C 260
R
P 0x7f2a7c191628
C 342
R
P 0x7f2a7c191628
P 0x7f2a7c488008
C 259
R
P 0x7f2a7c191628
C 342
R
P 0x7f2a7c191628
P 0x7f2a7c488008
C 258
R
P 0x7f2a7c191628
C 342
R
P 0x7f2a7c191628
P 0x7f2a7c488008
C 9
R
P 0x7f2a7c191628
C 342
R
P 0x7f2a7c191628
P 0x7f2a7c1a1858
P 0x7f2a7c488008
C 74
= 0x7f2a7c488628
R
P 0x7f2a7c191628
C 342
R
P 0x7f2a7c191628
P 0x7f2a7c488628
C 258
R
P 0x7f2a7c191628
C 342
R
P 0x7f2a7c191628
P 0x7f2a7c488628
C 9
R
P 0x7f2a7c191628
C 342
R
P 0x7f2a7c191628
I 1
P 0x7f2a7c19b208
C 150
= 0x7f2a7c19bc88
R
P 0x7f2a7c191628
C 342
R
P 0x7f2a7c191628
P 0x7f2a7c19bc88
C 258
R
P 0x7f2a7c191628
C 342
R
P 0x7f2a7c191628
P 0x7f2a7c19bc88
C 9
R
P 0x7f2a7c191628
C 342
R
P 0x7f2a7c191628
I 1
P 0x7f2a7c19b208
C 150
= 0x7f2a7c19bc88
R
P 0x7f2a7c191628
C 342
R
P 0x7f2a7c191628
P 0x7f2a7c19bc88
C 258
R
P 0x7f2a7c191628
C 342
R
P 0x7f2a7c191628
P 0x7f2a7c19bc88
C 9
R
P 0x7f2a7c191628
C 342
R
P 0x7f2a7c191628
P 0x7f2a7c19bc88
P 0x7f2a7c19bc88
C 75
= 0x7f2a7c1a1778
R
P 0x7f2a7c191628
C 342
R
P 0x7f2a7c191628
P 0x7f2a7c1a1778
C 258
R
P 0x7f2a7c191628
C 342
R
P 0x7f2a7c191628
P 0x7f2a7c1a1778
C 9
R
P 0x7f2a7c191628
C 342
R
P 0x7f2a7c191628
I 1
P 0x7f2a7c19b208
C 150
= 0x7f2a7c19bc88
R
P 0x7f2a7c191628
C 342
R
P 0x7f2a7c191628
P 0x7f2a7c19bc88
C 258
R
P 0x7f2a7c191628
C 342
R
P 0x7f2a7c191628
P 0x7f2a7c19bc88
C 9
R
P 0x7f2a7c191628
C 342
R
P 0x7f2a7c191628
U 2
P 0x7f2a7c19bc88
P 0x7f2a7c19bc88
p 2
C 67
= 0x7f2a7c1a17b0
R
P 0x7f2a7c191628
C 342
R
P 0x7f2a7c191628
P 0x7f2a7c1a17b0
C 257
R
P 0x7f2a7c191628
C 342
R
P 0x7f2a7c191628
P 0x7f2a7c1a17b0
C 254
= 0x7f2a7c19b208
R
P 0x7f2a7c191628
C 342
R
P 0x7f2a7c191628
P 0x7f2a7c19b208
C 209
R
P 0x7f2a7c191628
C 342
R
P 0x7f2a7c191628
P 0x7f2a7c1a17b0
C 260
R
P 0x7f2a7c191628
C 342
R
P 0x7f2a7c191628
P 0x7f2a7c1a17b0
C 259
R
P 0x7f2a7c191628
C 342
R
P 0x7f2a7c191628
P 0x7f2a7c1a17b0
C 258
R
P 0x7f2a7c191628
C 342
R
P 0x7f2a7c191628
P 0x7f2a7c1a17b0
C 9
R
P 0x7f2a7c191628
C 342
R
P 0x7f2a7c191628
U 2
P 0x7f2a7c19bba8
P 0x7f2a7c1a17b0
p 2
C 66
= 0x7f2a7c1a17e8
R
P 0x7f2a7c191628
C 342
R
P 0x7f2a7c191628
P 0x7f2a7c1a17e8
C 257
R
P 0x7f2a7c191628
C 342
R
P 0x7f2a7c191628
P 0x7f2a7c1a17e8
C 254
= 0x7f2a7c19b1e8
R
P 0x7f2a7c191628
C 342
R
P 0x7f2a7c191628
P 0x7f2a7c19b1e8
C 209
R
P 0x7f2a7c191628
C 342
R
P 0x7f2a7c191628
P 0x7f2a7c1a17e8
C 260
R
P 0x7f2a7c191628
C 342
R
P 0x7f2a7c191628
P 0x7f2a7c1a17e8
C 259
R
P 0x7f2a7c191628
C 342
R
P 0x7f2a7c191628
P 0x7f2a7c1a17e8
C 258
R
P 0x7f2a7c191628
C 342
R
P 0x7f2a7c191628
P 0x7f2a7c1a17e8
C 9
R
P 0x7f2a7c191628
C 342
R
P 0x7f2a7c191628
U 2
P 0x7f2a7c19bc28
P 0x7f2a7c1a17e8
p 2
C 65
= 0x7f2a7c1a1820
R
P 0x7f2a7c191628
C 342
R
P 0x7f2a7c191628
P 0x7f2a7c1a1820
C 257
R
P 0x7f2a7c191628
C 342
R
P 0x7f2a7c191628
P 0x7f2a7c1a1820
C 254
= 0x7f2a7c19b1e8
R
P 0x7f2a7c191628
C 342
R
P 0x7f2a7c191628
P 0x7f2a7c19b1e8
C 209
R
P 0x7f2a7c191628
C 342
R
P 0x7f2a7c191628
P 0x7f2a7c1a1820
C 260
R
P 0x7f2a7c191628
C 342
R
P 0x7f2a7c191628
P 0x7f2a7c1a1820
C 259
R
P 0x7f2a7c191628
C 342
R
P 0x7f2a7c191628
P 0x7f2a7c1a1820
C 258
R
P 0x7f2a7c191628
C 342
R
P 0x7f2a7c191628
P 0x7f2a7c1a1820
C 9
R
P 0x7f2a7c191628
C 342
R
P 0x7f2a7c191628
P 0x7f2a7c1a1778
P 0x7f2a7c1a1820
P 0x7f2a7c19bc28
C 59
= 0x7f2a7c19f848
R
P 0x7f2a7c191628
C 342
R
P 0x7f2a7c191628
P 0x7f2a7c19f848
C 257
R
P 0x7f2a7c191628
C 342
R
P 0x7f2a7c191628
P 0x7f2a7c19f848
C 254
= 0x7f2a7c19b1e8
R
P 0x7f2a7c191628
C 342
R
P 0x7f2a7c191628
P 0x7f2a7c19b1e8
C 209
R
P 0x7f2a7c191628
C 342
R
P 0x7f2a7c191628
P 0x7f2a7c19f848
C 260
R
P 0x7f2a7c191628
C 342
R
P 0x7f2a7c191628
P 0x7f2a7c19f848
C 259
R
P 0x7f2a7c191628
C 342
R
P 0x7f2a7c191628
P 0x7f2a7c19f848
C 258
R
P 0x7f2a7c191628
C 342
R
P 0x7f2a7c191628
P 0x7f2a7c19f848
C 9
R
P 0x7f2a7c191628
C 342
R
P 0x7f2a7c191628
U 2
P 0x7f2a7c19f848
P 0x7f2a7c19bb48
p 2
C 65
= 0x7f2a7c1a1858
R
P 0x7f2a7c191628
C 342
R
P 0x7f2a7c191628
P 0x7f2a7c1a1858
C 257
R
P 0x7f2a7c191628
C 342
R
P 0x7f2a7c191628
P 0x7f2a7c1a1858
C 254
= 0x7f2a7c19b1e8
R
P 0x7f2a7c191628
C 342
R
P 0x7f2a7c191628
P 0x7f2a7c19b1e8
C 209
R
P 0x7f2a7c191628
C 342
R
P 0x7f2a7c191628
P 0x7f2a7c1a1858
C 260
R
P 0x7f2a7c191628
C 342
R
P 0x7f2a7c191628
P 0x7f2a7c1a1858
C 259
R
P 0x7f2a7c191628
C 342
R
P 0x7f2a7c191628
P 0x7f2a7c1a1858
C 258
R
P 0x7f2a7c191628
C 342
R
P 0x7f2a7c191628
P 0x7f2a7c1a1858
C 9
R
P 0x7f2a7c191628
C 342
R
P 0x7f2a7c191628
P 0x7f2a7c19bc68
C 333
R
P 0x7f2a7c191628
C 342
R
P 0x7f2a7c191628
S "slotflowPriorityStart"
C 30
R
P 0x7f2a7c191628
C 342
R
P 0x7f2a7c191628
$ |slotflowPriorityStart|
C 202
R
P 0x7f2a7c191628
C 342
R
P 0x7f2a7c191628
$ |slotflowPriorityStart|
P 0x7f2a7c19b1e8
C 51
= 0x7f2a7c19c2a8
R
P 0x7f2a7c191628
C 342
R
P 0x7f2a7c191628
P 0x7f2a7c19c2a8
C 257
R
P 0x7f2a7c191628
C 342
R
P 0x7f2a7c191628
P 0x7f2a7c19c2a8
C 254
= 0x7f2a7c19b1e8
R
P 0x7f2a7c191628
C 342
R
P 0x7f2a7c191628
P 0x7f2a7c19b1e8
C 209
R
P 0x7f2a7c191628
C 342
R
P 0x7f2a7c191628
P 0x7f2a7c19c2a8
C 260
R
P 0x7f2a7c191628
C 342
R
P 0x7f2a7c191628
P 0x7f2a7c19c2a8
C 259
R
P 0x7f2a7c191628
C 342
R
P 0x7f2a7c191628
P 0x7f2a7c19c2a8
C 258
R
P 0x7f2a7c191628
C 342
R
P 0x7f2a7c191628
P 0x7f2a7c19c2a8
C 9
R
P 0x7f2a7c191628
C 342
R
P 0x7f2a7c191628
I 3
P 0x7f2a7c19b208
C 150
= 0x7f2a7c19bfc8
R
P 0x7f2a7c191628
C 342
R
P 0x7f2a7c191628
P 0x7f2a7c19bfc8
C 258
R
P 0x7f2a7c191628
C 342
R
P 0x7f2a7c191628
P 0x7f2a7c19bfc8
C 9
R
P 0x7f2a7c191628
C 342
R
P 0x7f2a7c191628
I 1
P 0x7f2a7c19b208
C 150
= 0x7f2a7c19bc88
R
P 0x7f2a7c191628
C 342
R
P 0x7f2a7c191628
P 0x7f2a7c19bc88
C 258
R
P 0x7f2a7c191628
C 342
R
P 0x7f2a7c191628
P 0x7f2a7c19bc88
C 9
R
P 0x7f2a7c191628
C 342
R
P 0x7f2a7c191628
P 0x7f2a7c19bfc8
P 0x7f2a7c19bc88
C 75
= 0x7f2a7c487208
R
P 0x7f2a7c191628
C 342
R
P 0x7f2a7c191628
P 0x7f2a7c487208
C 258
R
P 0x7f2a7c191628
C 342
R
P 0x7f2a7c191628
P 0x7f2a7c487208
C 9
R
P 0x7f2a7c191628
C 342
R
P 0x7f2a7c191628
I 1
P 0x7f2a7c19b208
C 150
= 0x7f2a7c19bc88
R
P 0x7f2a7c191628
C 342
R
P 0x7f2a7c191628
P 0x7f2a7c19bc88
C 258
R
P 0x7f2a7c191628
C 342
R
P 0x7f2a7c191628
P 0x7f2a7c19bc88
C 9
R
P 0x7f2a7c191628
C 342
R
P 0x7f2a7c191628
U 2
P 0x7f2a7c19bfc8
P 0x7f2a7c19bc88
p 2
C 67
= 0x7f2a7c487240
R
P 0x7f2a7c191628
C 342
R
P 0x7f2a7c191628
P 0x7f2a7c487240
C 257
R
P 0x7f2a7c191628
C 342
R
P 0x7f2a7c191628
P 0x7f2a7c487240
C 254
= 0x7f2a7c19b208
R
P 0x7f2a7c191628
C 342
R
P 0x7f2a7c191628
P 0x7f2a7c19b208
C 209
R
P 0x7f2a7c191628
C 342
R
P 0x7f2a7c191628
P 0x7f2a7c487240
C 260
R
P 0x7f2a7c191628
C 342
R
P 0x7f2a7c191628
P 0x7f2a7c487240
C 259
R
P 0x7f2a7c191628
C 342
R
P 0x7f2a7c191628
P 0x7f2a7c487240
C 258
R
P 0x7f2a7c191628
C 342
R
P 0x7f2a7c191628
P 0x7f2a7c487240
C 9
R
P 0x7f2a7c191628
C 342
R
P 0x7f2a7c191628
U 2
P 0x7f2a7c19bbe8
P 0x7f2a7c487240
p 2
C 66
= 0x7f2a7c487f60
R
P 0x7f2a7c191628
C 342
R
P 0x7f2a7c191628
P 0x7f2a7c487f60
C 257
R
P 0x7f2a7c191628
C 342
R
P 0x7f2a7c191628
P 0x7f2a7c487f60
C 254
= 0x7f2a7c19b208
R
P 0x7f2a7c191628
C 342
R
P 0x7f2a7c191628
P 0x7f2a7c19b208
C 209
R
P 0x7f2a7c191628
C 342
R
P 0x7f2a7c191628
P 0x7f2a7c487f60
C 260
R
P 0x7f2a7c191628
C 342
R
P 0x7f2a7c191628
P 0x7f2a7c487f60
C 259
R
P 0x7f2a7c191628
C 342
R
P 0x7f2a7c191628
P 0x7f2a7c487f60
C 258
R
P 0x7f2a7c191628
C 342
R
P 0x7f2a7c191628
P 0x7f2a7c487f60
C 9
R
P 0x7f2a7c191628
C 342
R
P 0x7f2a7c191628
U 2
P 0x7f2a7c19bb88
P 0x7f2a7c487f60
p 2
C 65
= 0x7f2a7c487f98
R
P 0x7f2a7c191628
C 342
R
P 0x7f2a7c191628
P 0x7f2a7c487f98
C 257
R
P 0x7f2a7c191628
C 342
R
P 0x7f2a7c191628
P 0x7f2a7c487f98
C 254
= 0x7f2a7c19b1e8
R
P 0x7f2a7c191628
C 342
R
P 0x7f2a7c191628
P 0x7f2a7c19b1e8
C 209
R
P 0x7f2a7c191628
C 342
R
P 0x7f2a7c191628
P 0x7f2a7c487f98
C 260
R
P 0x7f2a7c191628
C 342
R
P 0x7f2a7c191628
P 0x7f2a7c487f98
C 259
R
P 0x7f2a7c191628
C 342
R
P 0x7f2a7c191628
P 0x7f2a7c487f98
C 258
R
P 0x7f2a7c191628
C 342
R
P 0x7f2a7c191628
P 0x7f2a7c487f98
C 9
R
P 0x7f2a7c191628
C 342
R
P 0x7f2a7c191628
P 0x7f2a7c487208
P 0x7f2a7c487f98
P 0x7f2a7c19bb88
C 59
= 0x7f2a7c19fac8
R
P 0x7f2a7c191628
C 342
R
P 0x7f2a7c191628
P 0x7f2a7c19fac8
C 257
R
P 0x7f2a7c191628
C 342
R
P 0x7f2a7c191628
P 0x7f2a7c19fac8
C 254
= 0x7f2a7c19b1e8
R
P 0x7f2a7c191628
C 342
R
P 0x7f2a7c191628
P 0x7f2a7c19b1e8
C 209
R
P 0x7f2a7c191628
C 342
R
P 0x7f2a7c191628
P 0x7f2a7c19fac8
C 260
R
P 0x7f2a7c191628
C 342
R
P 0x7f2a7c191628
P 0x7f2a7c19fac8
C 259
R
P 0x7f2a7c191628
C 342
R
P 0x7f2a7c191628
P 0x7f2a7c19fac8
C 258
R
P 0x7f2a7c191628
C 342
R
P 0x7f2a7c191628
P 0x7f2a7c19fac8
C 9
R
P 0x7f2a7c191628
C 342
R
P 0x7f2a7c191628
U 2
P 0x7f2a7c19c2a8
P 0x7f2a7c19fac8
p 2
C 65
= 0x7f2a7c488078
R
P 0x7f2a7c191628
C 342
R
P 0x7f2a7c191628
P 0x7f2a7c488078
C 257
R
P 0x7f2a7c191628
C 342
R
P 0x7f2a7c191628
P 0x7f2a7c488078
C 254
= 0x7f2a7c19b1e8
R
P 0x7f2a7c191628
C 342
R
P 0x7f2a7c191628
P 0x7f2a7c19b1e8
C 209
R
P 0x7f2a7c191628
C 342
R
P 0x7f2a7c191628
P 0x7f2a7c488078
C 260
R
P 0x7f2a7c191628
C 342
R
P 0x7f2a7c191628
P 0x7f2a7c488078
C 259
R
P 0x7f2a7c191628
C 342
R
P 0x7f2a7c191628
P 0x7f2a7c488078
C 258
R
P 0x7f2a7c191628
C 342
R
P 0x7f2a7c191628
P 0x7f2a7c488078
C 9
R
P 0x7f2a7c191628
C 342
R
P 0x7f2a7c191628
P 0x7f2a7c1a1858
P 0x7f2a7c488078
C 76
= 0x7f2a7c488660
R
P 0x7f2a7c191628
C 342
R
P 0x7f2a7c191628
P 0x7f2a7c488660
C 258
R
P 0x7f2a7c191628
C 342
R
P 0x7f2a7c191628
P 0x7f2a7c488660
C 9
R
P 0x7f2a7c191628
C 342
R
P 0x7f2a7c191628
U 2
P 0x7f2a7c488628
P 0x7f2a7c488660
p 2
C 63
= 0x7f2a7c488698
R
P 0x7f2a7c191628
C 342
R
P 0x7f2a7c191628
P 0x7f2a7c488698
C 258
R
P 0x7f2a7c191628
C 342
R
P 0x7f2a7c191628
P 0x7f2a7c488698
C 9
R
P 0x7f2a7c191628
C 342
R
P 0x7f2a7c191628
I 1
P 0x7f2a7c19b208
C 150
= 0x7f2a7c19bc88
R
P 0x7f2a7c191628
C 342
R
P 0x7f2a7c191628
P 0x7f2a7c19bc88
C 258
R
P 0x7f2a7c191628
C 342
R
P 0x7f2a7c191628
P 0x7f2a7c19bc88
C 9
R
P 0x7f2a7c191628
C 342
R
P 0x7f2a7c191628
P 0x7f2a7c19bc88
C 263
R
P 0x7f2a7c191628
C 342
R
P 0x7f2a7c191628
S "dev0T31"
C 30
R
P 0x7f2a7c191628
C 342
R
P 0x7f2a7c191628
$ |dev0T31|
C 202
R
P 0x7f2a7c191628
C 342
R
P 0x7f2a7c191628
$ |dev0T31|
P 0x7f2a7c19b1e8
C 51
= 0x7f2a7c19bca8
R
P 0x7f2a7c191628
C 342
R
P 0x7f2a7c191628
P 0x7f2a7c19bca8
C 257
R
P 0x7f2a7c191628
C 342
R
P 0x7f2a7c191628
P 0x7f2a7c19bca8
C 254
= 0x7f2a7c19b1e8
R
P 0x7f2a7c191628
C 342
R
P 0x7f2a7c191628
P 0x7f2a7c19b1e8
C 209
R
P 0x7f2a7c191628
C 342
R
P 0x7f2a7c191628
P 0x7f2a7c19bca8
C 260
R
P 0x7f2a7c191628
C 342
R
P 0x7f2a7c191628
P 0x7f2a7c19bca8
C 259
R
P 0x7f2a7c191628
C 342
R
P 0x7f2a7c191628
P 0x7f2a7c19bca8
C 258
R
P 0x7f2a7c191628
C 342
R
P 0x7f2a7c191628
P 0x7f2a7c19bca8
C 9
R
P 0x7f2a7c191628
C 342
R
P 0x7f2a7c191628
I 1
P 0x7f2a7c19b208
C 150
= 0x7f2a7c19bc88
R
P 0x7f2a7c191628
C 342
R
P 0x7f2a7c191628
P 0x7f2a7c19bc88
C 258
R
P 0x7f2a7c191628
C 342
R
P 0x7f2a7c191628
P 0x7f2a7c19bc88
C 9
R
P 0x7f2a7c191628
C 342
R
P 0x7f2a7c191628
I 1
P 0x7f2a7c19b208
C 150
= 0x7f2a7c19bc88
R
P 0x7f2a7c191628
C 342
R
P 0x7f2a7c191628
P 0x7f2a7c19bc88
C 258
R
P 0x7f2a7c191628
C 342
R
P 0x7f2a7c191628
P 0x7f2a7c19bc88
C 9
R
P 0x7f2a7c191628
C 342
R
P 0x7f2a7c191628
P 0x7f2a7c19bc88
P 0x7f2a7c19bc88
C 75
= 0x7f2a7c1a1778
R
P 0x7f2a7c191628
C 342
R
P 0x7f2a7c191628
P 0x7f2a7c1a1778
C 258
R
P 0x7f2a7c191628
C 342
R
P 0x7f2a7c191628
P 0x7f2a7c1a1778
C 9
R
P 0x7f2a7c191628
C 342
R
P 0x7f2a7c191628
I 1
P 0x7f2a7c19b208
C 150
= 0x7f2a7c19bc88
R
P 0x7f2a7c191628
C 342
R
P 0x7f2a7c191628
P 0x7f2a7c19bc88
C 258
R
P 0x7f2a7c191628
C 342
R
P 0x7f2a7c191628
P 0x7f2a7c19bc88
C 9
R
P 0x7f2a7c191628
C 342
R
P 0x7f2a7c191628
U 2
P 0x7f2a7c19bc88
P 0x7f2a7c19bc88
p 2
C 67
= 0x7f2a7c1a17b0
R
P 0x7f2a7c191628
C 342
R
P 0x7f2a7c191628
P 0x7f2a7c1a17b0
C 257
R
P 0x7f2a7c191628
C 342
R
P 0x7f2a7c191628
P 0x7f2a7c1a17b0
C 254
= 0x7f2a7c19b208
R
P 0x7f2a7c191628
C 342
R
P 0x7f2a7c191628
P 0x7f2a7c19b208
C 209
R
P 0x7f2a7c191628
C 342
R
P 0x7f2a7c191628
P 0x7f2a7c1a17b0
C 260
R
P 0x7f2a7c191628
C 342
R
P 0x7f2a7c191628
P 0x7f2a7c1a17b0
C 259
R
P 0x7f2a7c191628
C 342
R
P 0x7f2a7c191628
P 0x7f2a7c1a17b0
C 258
R
P 0x7f2a7c191628
C 342
R
P 0x7f2a7c191628
P 0x7f2a7c1a17b0
C 9
R
P 0x7f2a7c191628
C 342
R
P 0x7f2a7c191628
U 2
P 0x7f2a7c19bba8
P 0x7f2a7c1a17b0
p 2
C 66
= 0x7f2a7c1a17e8
R
P 0x7f2a7c191628
C 342
R
P 0x7f2a7c191628
P 0x7f2a7c1a17e8
C 257
R
P 0x7f2a7c191628
C 342
R
P 0x7f2a7c191628
P 0x7f2a7c1a17e8
C 254
= 0x7f2a7c19b1e8
R
P 0x7f2a7c191628
C 342
R
P 0x7f2a7c191628
P 0x7f2a7c19b1e8
C 209
R
P 0x7f2a7c191628
C 342
R
P 0x7f2a7c191628
P 0x7f2a7c1a17e8
C 260
R
P 0x7f2a7c191628
C 342
R
P 0x7f2a7c191628
P 0x7f2a7c1a17e8
C 259
R
P 0x7f2a7c191628
C 342
R
P 0x7f2a7c191628
P 0x7f2a7c1a17e8
C 258
R
P 0x7f2a7c191628
C 342
R
P 0x7f2a7c191628
P 0x7f2a7c1a17e8
C 9
R
P 0x7f2a7c191628
C 342
R
P 0x7f2a7c191628
U 2
P 0x7f2a7c19bc28
P 0x7f2a7c1a17e8
p 2
C 65
= 0x7f2a7c1a1820
R
P 0x7f2a7c191628
C 342
R
P 0x7f2a7c191628
P 0x7f2a7c1a1820
C 257
R
P 0x7f2a7c191628
C 342
R
P 0x7f2a7c191628
P 0x7f2a7c1a1820
C 254
= 0x7f2a7c19b1e8
R
P 0x7f2a7c191628
C 342
R
P 0x7f2a7c191628
P 0x7f2a7c19b1e8
C 209
R
P 0x7f2a7c191628
C 342
R
P 0x7f2a7c191628
P 0x7f2a7c1a1820
C 260
R
P 0x7f2a7c191628
C 342
R
P 0x7f2a7c191628
P 0x7f2a7c1a1820
C 259
R
P 0x7f2a7c191628
C 342
R
P 0x7f2a7c191628
P 0x7f2a7c1a1820
C 258
R
P 0x7f2a7c191628
C 342
R
P 0x7f2a7c191628
P 0x7f2a7c1a1820
C 9
R
P 0x7f2a7c191628
C 342
R
P 0x7f2a7c191628
P 0x7f2a7c1a1778
P 0x7f2a7c1a1820
P 0x7f2a7c19bc28
C 59
= 0x7f2a7c19f848
R
P 0x7f2a7c191628
C 342
R
P 0x7f2a7c191628
P 0x7f2a7c19f848
C 257
R
P 0x7f2a7c191628
C 342
R
P 0x7f2a7c191628
P 0x7f2a7c19f848
C 254
= 0x7f2a7c19b1e8
R
P 0x7f2a7c191628
C 342
R
P 0x7f2a7c191628
P 0x7f2a7c19b1e8
C 209
R
P 0x7f2a7c191628
C 342
R
P 0x7f2a7c191628
P 0x7f2a7c19f848
C 260
R
P 0x7f2a7c191628
C 342
R
P 0x7f2a7c191628
P 0x7f2a7c19f848
C 259
R
P 0x7f2a7c191628
C 342
R
P 0x7f2a7c191628
P 0x7f2a7c19f848
C 258
R
P 0x7f2a7c191628
C 342
R
P 0x7f2a7c191628
P 0x7f2a7c19f848
C 9
R
P 0x7f2a7c191628
C 342
R
P 0x7f2a7c191628
U 2
P 0x7f2a7c19f848
P 0x7f2a7c19bb48
p 2
C 65
= 0x7f2a7c1a1858
R
P 0x7f2a7c191628
C 342
R
P 0x7f2a7c191628
P 0x7f2a7c1a1858
C 257
R
P 0x7f2a7c191628
C 342
R
P 0x7f2a7c191628
P 0x7f2a7c1a1858
C 254
= 0x7f2a7c19b1e8
R
P 0x7f2a7c191628
C 342
R
P 0x7f2a7c191628
P 0x7f2a7c19b1e8
C 209
R
P 0x7f2a7c191628
C 342
R
P 0x7f2a7c191628
P 0x7f2a7c1a1858
C 260
R
P 0x7f2a7c191628
C 342
R
P 0x7f2a7c191628
P 0x7f2a7c1a1858
C 259
R
P 0x7f2a7c191628
C 342
R
P 0x7f2a7c191628
P 0x7f2a7c1a1858
C 258
R
P 0x7f2a7c191628
C 342
R
P 0x7f2a7c191628
P 0x7f2a7c1a1858
C 9
R
P 0x7f2a7c191628
C 342
R
P 0x7f2a7c191628
U 2
P 0x7f2a7c1a1858
P 0x7f2a7c19bb68
p 2
C 65
= 0x7f2a7c487128
R
P 0x7f2a7c191628
C 342
R
P 0x7f2a7c191628
P 0x7f2a7c487128
C 257
R
P 0x7f2a7c191628
C 342
R
P 0x7f2a7c191628
P 0x7f2a7c487128
C 254
= 0x7f2a7c19b1e8
R
P 0x7f2a7c191628
C 342
R
P 0x7f2a7c191628
P 0x7f2a7c19b1e8
C 209
R
P 0x7f2a7c191628
C 342
R
P 0x7f2a7c191628
P 0x7f2a7c487128
C 260
R
P 0x7f2a7c191628
C 342
R
P 0x7f2a7c191628
P 0x7f2a7c487128
C 259
R
P 0x7f2a7c191628
C 342
R
P 0x7f2a7c191628
P 0x7f2a7c487128
C 258
R
P 0x7f2a7c191628
C 342
R
P 0x7f2a7c191628
P 0x7f2a7c487128
C 9
R
P 0x7f2a7c191628
C 342
R
P 0x7f2a7c191628
P 0x7f2a7c19bca8
P 0x7f2a7c487128
C 56
= 0x7f2a7c4883f8
R
P 0x7f2a7c191628
C 342
R
P 0x7f2a7c191628
P 0x7f2a7c4883f8
C 258
R
P 0x7f2a7c191628
C 342
R
P 0x7f2a7c191628
P 0x7f2a7c4883f8
C 9
R
P 0x7f2a7c191628
C 342
R
P 0x7f2a7c191628
P 0x7f2a7c488698
P 0x7f2a7c4883f8
C 61
= 0x7f2a7c4886d0
R
P 0x7f2a7c191628
C 342
R
P 0x7f2a7c191628
P 0x7f2a7c4886d0
C 258
R
P 0x7f2a7c191628
C 342
R
P 0x7f2a7c191628
P 0x7f2a7c4886d0
C 9
R
P 0x7f2a7c191628
C 342
R
P 0x7f2a7c191628
P 0x7f2a7c1e1fc8
P 0x7f2a7c4886d0
C 427
R
P 0x7f2a7c191628
C 342
R
P 0x7f2a7c191628
I 1
P 0x7f2a7c19b208
C 150
= 0x7f2a7c19bc88
R
P 0x7f2a7c191628
C 342
R
P 0x7f2a7c191628
P 0x7f2a7c19bc88
C 258
R
P 0x7f2a7c191628
C 342
R
P 0x7f2a7c191628
P 0x7f2a7c19bc88
C 9
R
P 0x7f2a7c191628
C 342
R
P 0x7f2a7c191628
I 1
P 0x7f2a7c19b208
C 150
= 0x7f2a7c19bc88
R
P 0x7f2a7c191628
C 342
R
P 0x7f2a7c191628
P 0x7f2a7c19bc88
C 258
R
P 0x7f2a7c191628
C 342
R
P 0x7f2a7c191628
P 0x7f2a7c19bc88
C 9
R
P 0x7f2a7c191628
C 342
R
P 0x7f2a7c191628
P 0x7f2a7c19bc88
P 0x7f2a7c19bc88
C 75
= 0x7f2a7c1a1778
R
P 0x7f2a7c191628
C 342
R
P 0x7f2a7c191628
P 0x7f2a7c1a1778
C 258
R
P 0x7f2a7c191628
C 342
R
P 0x7f2a7c191628
P 0x7f2a7c1a1778
C 9
R
P 0x7f2a7c191628
C 342
R
P 0x7f2a7c191628
I 1
P 0x7f2a7c19b208
C 150
= 0x7f2a7c19bc88
R
P 0x7f2a7c191628
C 342
R
P 0x7f2a7c191628
P 0x7f2a7c19bc88
C 258
R
P 0x7f2a7c191628
C 342
R
P 0x7f2a7c191628
P 0x7f2a7c19bc88
C 9
R
P 0x7f2a7c191628
C 342
R
P 0x7f2a7c191628
U 2
P 0x7f2a7c19bc88
P 0x7f2a7c19bc88
p 2
C 67
= 0x7f2a7c1a17b0
R
P 0x7f2a7c191628
C 342
R
P 0x7f2a7c191628
P 0x7f2a7c1a17b0
C 257
R
P 0x7f2a7c191628
C 342
R
P 0x7f2a7c191628
P 0x7f2a7c1a17b0
C 254
= 0x7f2a7c19b208
R
P 0x7f2a7c191628
C 342
R
P 0x7f2a7c191628
P 0x7f2a7c19b208
C 209
R
P 0x7f2a7c191628
C 342
R
P 0x7f2a7c191628
P 0x7f2a7c1a17b0
C 260
R
P 0x7f2a7c191628
C 342
R
P 0x7f2a7c191628
P 0x7f2a7c1a17b0
C 259
R
P 0x7f2a7c191628
C 342
R
P 0x7f2a7c191628
P 0x7f2a7c1a17b0
C 258
R
P 0x7f2a7c191628
C 342
R
P 0x7f2a7c191628
P 0x7f2a7c1a17b0
C 9
R
P 0x7f2a7c191628
C 342
R
P 0x7f2a7c191628
U 2
P 0x7f2a7c19bba8
P 0x7f2a7c1a17b0
p 2
C 66
= 0x7f2a7c1a17e8
R
P 0x7f2a7c191628
C 342
R
P 0x7f2a7c191628
P 0x7f2a7c1a17e8
C 257
R
P 0x7f2a7c191628
C 342
R
P 0x7f2a7c191628
P 0x7f2a7c1a17e8
C 254
= 0x7f2a7c19b1e8
R
P 0x7f2a7c191628
C 342
R
P 0x7f2a7c191628
P 0x7f2a7c19b1e8
C 209
R
P 0x7f2a7c191628
C 342
R
P 0x7f2a7c191628
P 0x7f2a7c1a17e8
C 260
R
P 0x7f2a7c191628
C 342
R
P 0x7f2a7c191628
P 0x7f2a7c1a17e8
C 259
R
P 0x7f2a7c191628
C 342
R
P 0x7f2a7c191628
P 0x7f2a7c1a17e8
C 258
R
P 0x7f2a7c191628
C 342
R
P 0x7f2a7c191628
P 0x7f2a7c1a17e8
C 9
R
P 0x7f2a7c191628
C 342
R
P 0x7f2a7c191628
U 2
P 0x7f2a7c19bc28
P 0x7f2a7c1a17e8
p 2
C 65
= 0x7f2a7c1a1820
R
P 0x7f2a7c191628
C 342
R
P 0x7f2a7c191628
P 0x7f2a7c1a1820
C 257
R
P 0x7f2a7c191628
C 342
R
P 0x7f2a7c191628
P 0x7f2a7c1a1820
C 254
= 0x7f2a7c19b1e8
R
P 0x7f2a7c191628
C 342
R
P 0x7f2a7c191628
P 0x7f2a7c19b1e8
C 209
R
P 0x7f2a7c191628
C 342
R
P 0x7f2a7c191628
P 0x7f2a7c1a1820
C 260
R
P 0x7f2a7c191628
C 342
R
P 0x7f2a7c191628
P 0x7f2a7c1a1820
C 259
R
P 0x7f2a7c191628
C 342
R
P 0x7f2a7c191628
P 0x7f2a7c1a1820
C 258
R
P 0x7f2a7c191628
C 342
R
P 0x7f2a7c191628
P 0x7f2a7c1a1820
C 9
R
P 0x7f2a7c191628
C 342
R
P 0x7f2a7c191628
P 0x7f2a7c1a1778
P 0x7f2a7c1a1820
P 0x7f2a7c19bc28
C 59
= 0x7f2a7c19f848
R
P 0x7f2a7c191628
C 342
R
P 0x7f2a7c191628
P 0x7f2a7c19f848
C 257
R
P 0x7f2a7c191628
C 342
R
P 0x7f2a7c191628
P 0x7f2a7c19f848
C 254
= 0x7f2a7c19b1e8
R
P 0x7f2a7c191628
C 342
R
P 0x7f2a7c191628
P 0x7f2a7c19b1e8
C 209
R
P 0x7f2a7c191628
C 342
R
P 0x7f2a7c191628
P 0x7f2a7c19f848
C 260
R
P 0x7f2a7c191628
C 342
R
P 0x7f2a7c191628
P 0x7f2a7c19f848
C 259
R
P 0x7f2a7c191628
C 342
R
P 0x7f2a7c191628
P 0x7f2a7c19f848
C 258
R
P 0x7f2a7c191628
C 342
R
P 0x7f2a7c191628
P 0x7f2a7c19f848
C 9
R
P 0x7f2a7c191628
C 342
R
P 0x7f2a7c191628
U 2
P 0x7f2a7c19f848
P 0x7f2a7c19bb48
p 2
C 65
= 0x7f2a7c1a1858
R
P 0x7f2a7c191628
C 342
R
P 0x7f2a7c191628
P 0x7f2a7c1a1858
C 257
R
P 0x7f2a7c191628
C 342
R
P 0x7f2a7c191628
P 0x7f2a7c1a1858
C 254
= 0x7f2a7c19b1e8
R
P 0x7f2a7c191628
C 342
R
P 0x7f2a7c191628
P 0x7f2a7c19b1e8
C 209
R
P 0x7f2a7c191628
C 342
R
P 0x7f2a7c191628
P 0x7f2a7c1a1858
C 260
R
P 0x7f2a7c191628
C 342
R
P 0x7f2a7c191628
P 0x7f2a7c1a1858
C 259
R
P 0x7f2a7c191628
C 342
R
P 0x7f2a7c191628
P 0x7f2a7c1a1858
C 258
R
P 0x7f2a7c191628
C 342
R
P 0x7f2a7c191628
P 0x7f2a7c1a1858
C 9
R
P 0x7f2a7c191628
C 342
R
P 0x7f2a7c191628
P 0x7f2a7c19bc68
C 333
R
P 0x7f2a7c191628
C 342
R
P 0x7f2a7c191628
S "slotflowPriorityStart"
C 30
R
P 0x7f2a7c191628
C 342
R
P 0x7f2a7c191628
$ |slotflowPriorityStart|
C 202
R
P 0x7f2a7c191628
C 342
R
P 0x7f2a7c191628
$ |slotflowPriorityStart|
P 0x7f2a7c19b1e8
C 51
= 0x7f2a7c19c2a8
R
P 0x7f2a7c191628
C 342
R
P 0x7f2a7c191628
P 0x7f2a7c19c2a8
C 257
R
P 0x7f2a7c191628
C 342
R
P 0x7f2a7c191628
P 0x7f2a7c19c2a8
C 254
= 0x7f2a7c19b1e8
R
P 0x7f2a7c191628
C 342
R
P 0x7f2a7c191628
P 0x7f2a7c19b1e8
C 209
R
P 0x7f2a7c191628
C 342
R
P 0x7f2a7c191628
P 0x7f2a7c19c2a8
C 260
R
P 0x7f2a7c191628
C 342
R
P 0x7f2a7c191628
P 0x7f2a7c19c2a8
C 259
R
P 0x7f2a7c191628
C 342
R
P 0x7f2a7c191628
P 0x7f2a7c19c2a8
C 258
R
P 0x7f2a7c191628
C 342
R
P 0x7f2a7c191628
P 0x7f2a7c19c2a8
C 9
R
P 0x7f2a7c191628
C 342
R
P 0x7f2a7c191628
P 0x7f2a7c19bc68
C 333
R
P 0x7f2a7c191628
C 342
R
P 0x7f2a7c191628
S "slotflowPriorityDuration"
C 30
R
P 0x7f2a7c191628
C 342
R
P 0x7f2a7c191628
$ |slotflowPriorityDuration|
C 202
R
P 0x7f2a7c191628
C 342
R
P 0x7f2a7c191628
$ |slotflowPriorityDuration|
P 0x7f2a7c19b1e8
C 51
= 0x7f2a7c19c268
R
P 0x7f2a7c191628
C 342
R
P 0x7f2a7c191628
P 0x7f2a7c19c268
C 257
R
P 0x7f2a7c191628
C 342
R
P 0x7f2a7c191628
P 0x7f2a7c19c268
C 254
= 0x7f2a7c19b1e8
R
P 0x7f2a7c191628
C 342
R
P 0x7f2a7c191628
P 0x7f2a7c19b1e8
C 209
R
P 0x7f2a7c191628
C 342
R
P 0x7f2a7c191628
P 0x7f2a7c19c268
C 260
R
P 0x7f2a7c191628
C 342
R
P 0x7f2a7c191628
P 0x7f2a7c19c268
C 259
R
P 0x7f2a7c191628
C 342
R
P 0x7f2a7c191628
P 0x7f2a7c19c268
C 258
R
P 0x7f2a7c191628
C 342
R
P 0x7f2a7c191628
P 0x7f2a7c19c268
C 9
R
P 0x7f2a7c191628
C 342
R
P 0x7f2a7c191628
U 2
P 0x7f2a7c19c2a8
P 0x7f2a7c19c268
p 2
C 65
= 0x7f2a7c487908
R
P 0x7f2a7c191628
C 342
R
P 0x7f2a7c191628
P 0x7f2a7c487908
C 257
R
P 0x7f2a7c191628
C 342
R
P 0x7f2a7c191628
P 0x7f2a7c487908
C 254
= 0x7f2a7c19b1e8
R
P 0x7f2a7c191628
C 342
R
P 0x7f2a7c191628
P 0x7f2a7c19b1e8
C 209
R
P 0x7f2a7c191628
C 342
R
P 0x7f2a7c191628
P 0x7f2a7c487908
C 260
R
P 0x7f2a7c191628
C 342
R
P 0x7f2a7c191628
P 0x7f2a7c487908
C 259
R
P 0x7f2a7c191628
C 342
R
P 0x7f2a7c191628
P 0x7f2a7c487908
C 258
R
P 0x7f2a7c191628
C 342
R
P 0x7f2a7c191628
P 0x7f2a7c487908
C 9
R
P 0x7f2a7c191628
C 342
R
P 0x7f2a7c191628
I 4
P 0x7f2a7c19b208
C 150
= 0x7f2a7c19c028
R
P 0x7f2a7c191628
C 342
R
P 0x7f2a7c191628
P 0x7f2a7c19c028
C 258
R
P 0x7f2a7c191628
C 342
R
P 0x7f2a7c191628
P 0x7f2a7c19c028
C 9
R
P 0x7f2a7c191628
C 342
R
P 0x7f2a7c191628
I 1
P 0x7f2a7c19b208
C 150
= 0x7f2a7c19bc88
R
P 0x7f2a7c191628
C 342
R
P 0x7f2a7c191628
P 0x7f2a7c19bc88
C 258
R
P 0x7f2a7c191628
C 342
R
P 0x7f2a7c191628
P 0x7f2a7c19bc88
C 9
R
P 0x7f2a7c191628
C 342
R
P 0x7f2a7c191628
P 0x7f2a7c19c028
P 0x7f2a7c19bc88
C 75
= 0x7f2a7c487390
R
P 0x7f2a7c191628
C 342
R
P 0x7f2a7c191628
P 0x7f2a7c487390
C 258
R
P 0x7f2a7c191628
C 342
R
P 0x7f2a7c191628
P 0x7f2a7c487390
C 9
R
P 0x7f2a7c191628
C 342
R
P 0x7f2a7c191628
I 1
P 0x7f2a7c19b208
C 150
= 0x7f2a7c19bc88
R
P 0x7f2a7c191628
C 342
R
P 0x7f2a7c191628
P 0x7f2a7c19bc88
C 258
R
P 0x7f2a7c191628
C 342
R
P 0x7f2a7c191628
P 0x7f2a7c19bc88
C 9
R
P 0x7f2a7c191628
C 342
R
P 0x7f2a7c191628
U 2
P 0x7f2a7c19c028
P 0x7f2a7c19bc88
p 2
C 67
= 0x7f2a7c4873c8
R
P 0x7f2a7c191628
C 342
R
P 0x7f2a7c191628
P 0x7f2a7c4873c8
C 257
R
P 0x7f2a7c191628
C 342
R
P 0x7f2a7c191628
P 0x7f2a7c4873c8
C 254
= 0x7f2a7c19b208
R
P 0x7f2a7c191628
C 342
R
P 0x7f2a7c191628
P 0x7f2a7c19b208
C 209
R
P 0x7f2a7c191628
C 342
R
P 0x7f2a7c191628
P 0x7f2a7c4873c8
C 260
R
P 0x7f2a7c191628
C 342
R
P 0x7f2a7c191628
P 0x7f2a7c4873c8
C 259
R
P 0x7f2a7c191628
C 342
R
P 0x7f2a7c191628
P 0x7f2a7c4873c8
C 258
R
P 0x7f2a7c191628
C 342
R
P 0x7f2a7c191628
P 0x7f2a7c4873c8
C 9
R
P 0x7f2a7c191628
C 342
R
P 0x7f2a7c191628
U 2
P 0x7f2a7c19bbe8
P 0x7f2a7c4873c8
p 2
C 66
= 0x7f2a7c488158
R
P 0x7f2a7c191628
C 342
R
P 0x7f2a7c191628
P 0x7f2a7c488158
C 257
R
P 0x7f2a7c191628
C 342
R
P 0x7f2a7c191628
P 0x7f2a7c488158
C 254
= 0x7f2a7c19b208
R
P 0x7f2a7c191628
C 342
R
P 0x7f2a7c191628
P 0x7f2a7c19b208
C 209
R
P 0x7f2a7c191628
C 342
R
P 0x7f2a7c191628
P 0x7f2a7c488158
C 260
R
P 0x7f2a7c191628
C 342
R
P 0x7f2a7c191628
P 0x7f2a7c488158
C 259
R
P 0x7f2a7c191628
C 342
R
P 0x7f2a7c191628
P 0x7f2a7c488158
C 258
R
P 0x7f2a7c191628
C 342
R
P 0x7f2a7c191628
P 0x7f2a7c488158
C 9
R
P 0x7f2a7c191628
C 342
R
P 0x7f2a7c191628
U 2
P 0x7f2a7c19bb88
P 0x7f2a7c488158
p 2
C 65
= 0x7f2a7c488190
R
P 0x7f2a7c191628
C 342
R
P 0x7f2a7c191628
P 0x7f2a7c488190
C 257
R
P 0x7f2a7c191628
C 342
R
P 0x7f2a7c191628
P 0x7f2a7c488190
C 254
= 0x7f2a7c19b1e8
R
P 0x7f2a7c191628
C 342
R
P 0x7f2a7c191628
P 0x7f2a7c19b1e8
C 209
R
P 0x7f2a7c191628
C 342
R
P 0x7f2a7c191628
P 0x7f2a7c488190
C 260
R
P 0x7f2a7c191628
C 342
R
P 0x7f2a7c191628
P 0x7f2a7c488190
C 259
R
P 0x7f2a7c191628
C 342
R
P 0x7f2a7c191628
P 0x7f2a7c488190
C 258
R
P 0x7f2a7c191628
C 342
R
P 0x7f2a7c191628
P 0x7f2a7c488190
C 9
R
P 0x7f2a7c191628
C 342
R
P 0x7f2a7c191628
P 0x7f2a7c487390
P 0x7f2a7c488190
P 0x7f2a7c19bb88
C 59
= 0x7f2a7c19fb08
R
P 0x7f2a7c191628
C 342
R
P 0x7f2a7c191628
P 0x7f2a7c19fb08
C 257
R
P 0x7f2a7c191628
C 342
R
P 0x7f2a7c191628
P 0x7f2a7c19fb08
C 254
= 0x7f2a7c19b1e8
R
P 0x7f2a7c191628
C 342
R
P 0x7f2a7c191628
P 0x7f2a7c19b1e8
C 209
R
P 0x7f2a7c191628
C 342
R
P 0x7f2a7c191628
P 0x7f2a7c19fb08
C 260
R
P 0x7f2a7c191628
C 342
R
P 0x7f2a7c191628
P 0x7f2a7c19fb08
C 259
R
P 0x7f2a7c191628
C 342
R
P 0x7f2a7c191628
P 0x7f2a7c19fb08
C 258
R
P 0x7f2a7c191628
C 342
R
P 0x7f2a7c191628
P 0x7f2a7c19fb08
C 9
R
P 0x7f2a7c191628
C 342
R
P 0x7f2a7c191628
U 2
P 0x7f2a7c487908
P 0x7f2a7c19fb08
p 2
C 65
= 0x7f2a7c4881c8
R
P 0x7f2a7c191628
C 342
R
P 0x7f2a7c191628
P 0x7f2a7c4881c8
C 257
R
P 0x7f2a7c191628
C 342
R
P 0x7f2a7c191628
P 0x7f2a7c4881c8
C 254
= 0x7f2a7c19b1e8
R
P 0x7f2a7c191628
C 342
R
P 0x7f2a7c191628
P 0x7f2a7c19b1e8
C 209
R
P 0x7f2a7c191628
C 342
R
P 0x7f2a7c191628
P 0x7f2a7c4881c8
C 260
R
P 0x7f2a7c191628
C 342
R
P 0x7f2a7c191628
P 0x7f2a7c4881c8
C 259
R
P 0x7f2a7c191628
C 342
R
P 0x7f2a7c191628
P 0x7f2a7c4881c8
C 258
R
P 0x7f2a7c191628
C 342
R
P 0x7f2a7c191628
P 0x7f2a7c4881c8
C 9
R
P 0x7f2a7c191628
C 342
R
P 0x7f2a7c191628
U 2
P 0x7f2a7c4881c8
P 0x7f2a7c19bb68
p 2
C 67
= 0x7f2a7c488200
R
P 0x7f2a7c191628
C 342
R
P 0x7f2a7c191628
P 0x7f2a7c488200
C 257
R
P 0x7f2a7c191628
C 342
R
P 0x7f2a7c191628
P 0x7f2a7c488200
C 254
= 0x7f2a7c19b1e8
R
P 0x7f2a7c191628
C 342
R
P 0x7f2a7c191628
P 0x7f2a7c19b1e8
C 209
R
P 0x7f2a7c191628
C 342
R
P 0x7f2a7c191628
P 0x7f2a7c488200
C 260
R
P 0x7f2a7c191628
C 342
R
P 0x7f2a7c191628
P 0x7f2a7c488200
C 259
R
P 0x7f2a7c191628
C 342
R
P 0x7f2a7c191628
P 0x7f2a7c488200
C 258
R
P 0x7f2a7c191628
C 342
R
P 0x7f2a7c191628
P 0x7f2a7c488200
C 9
R
P 0x7f2a7c191628
C 342
R
P 0x7f2a7c191628
P 0x7f2a7c1a1858
P 0x7f2a7c488200
C 74
= 0x7f2a7c488708
R
P 0x7f2a7c191628
C 342
R
P 0x7f2a7c191628
P 0x7f2a7c488708
C 258
R
P 0x7f2a7c191628
C 342
R
P 0x7f2a7c191628
P 0x7f2a7c488708
C 9
R
P 0x7f2a7c191628
C 342
R
P 0x7f2a7c191628
I 1
P 0x7f2a7c19b208
C 150
= 0x7f2a7c19bc88
R
P 0x7f2a7c191628
C 342
R
P 0x7f2a7c191628
P 0x7f2a7c19bc88
C 258
R
P 0x7f2a7c191628
C 342
R
P 0x7f2a7c191628
P 0x7f2a7c19bc88
C 9
R
P 0x7f2a7c191628
C 342
R
P 0x7f2a7c191628
I 1
P 0x7f2a7c19b208
C 150
= 0x7f2a7c19bc88
R
P 0x7f2a7c191628
C 342
R
P 0x7f2a7c191628
P 0x7f2a7c19bc88
C 258
R
P 0x7f2a7c191628
C 342
R
P 0x7f2a7c191628
P 0x7f2a7c19bc88
C 9
R
P 0x7f2a7c191628
C 342
R
P 0x7f2a7c191628
P 0x7f2a7c19bc88
P 0x7f2a7c19bc88
C 75
= 0x7f2a7c1a1778
R
P 0x7f2a7c191628
C 342
R
P 0x7f2a7c191628
P 0x7f2a7c1a1778
C 258
R
P 0x7f2a7c191628
C 342
R
P 0x7f2a7c191628
P 0x7f2a7c1a1778
C 9
R
P 0x7f2a7c191628
C 342
R
P 0x7f2a7c191628
I 1
P 0x7f2a7c19b208
C 150
= 0x7f2a7c19bc88
R
P 0x7f2a7c191628
C 342
R
P 0x7f2a7c191628
P 0x7f2a7c19bc88
C 258
R
P 0x7f2a7c191628
C 342
R
P 0x7f2a7c191628
P 0x7f2a7c19bc88
C 9
R
P 0x7f2a7c191628
C 342
R
P 0x7f2a7c191628
U 2
P 0x7f2a7c19bc88
P 0x7f2a7c19bc88
p 2
C 67
= 0x7f2a7c1a17b0
R
P 0x7f2a7c191628
C 342
R
P 0x7f2a7c191628
P 0x7f2a7c1a17b0
C 257
R
P 0x7f2a7c191628
C 342
R
P 0x7f2a7c191628
P 0x7f2a7c1a17b0
C 254
= 0x7f2a7c19b208
R
P 0x7f2a7c191628
C 342
R
P 0x7f2a7c191628
P 0x7f2a7c19b208
C 209
R
P 0x7f2a7c191628
C 342
R
P 0x7f2a7c191628
P 0x7f2a7c1a17b0
C 260
R
P 0x7f2a7c191628
C 342
R
P 0x7f2a7c191628
P 0x7f2a7c1a17b0
C 259
R
P 0x7f2a7c191628
C 342
R
P 0x7f2a7c191628
P 0x7f2a7c1a17b0
C 258
R
P 0x7f2a7c191628
C 342
R
P 0x7f2a7c191628
P 0x7f2a7c1a17b0
C 9
R
P 0x7f2a7c191628
C 342
R
P 0x7f2a7c191628
U 2
P 0x7f2a7c19bba8
P 0x7f2a7c1a17b0
p 2
C 66
= 0x7f2a7c1a17e8
R
P 0x7f2a7c191628
C 342
R
P 0x7f2a7c191628
P 0x7f2a7c1a17e8
C 257
R
P 0x7f2a7c191628
C 342
R
P 0x7f2a7c191628
P 0x7f2a7c1a17e8
C 254
= 0x7f2a7c19b1e8
R
P 0x7f2a7c191628
C 342
R
P 0x7f2a7c191628
P 0x7f2a7c19b1e8
C 209
R
P 0x7f2a7c191628
C 342
R
P 0x7f2a7c191628
P 0x7f2a7c1a17e8
C 260
R
P 0x7f2a7c191628
C 342
R
P 0x7f2a7c191628
P 0x7f2a7c1a17e8
C 259
R
P 0x7f2a7c191628
C 342
R
P 0x7f2a7c191628
P 0x7f2a7c1a17e8
C 258
R
P 0x7f2a7c191628
C 342
R
P 0x7f2a7c191628
P 0x7f2a7c1a17e8
C 9
R
P 0x7f2a7c191628
C 342
R
P 0x7f2a7c191628
U 2
P 0x7f2a7c19bc28
P 0x7f2a7c1a17e8
p 2
C 65
= 0x7f2a7c1a1820
R
P 0x7f2a7c191628
C 342
R
P 0x7f2a7c191628
P 0x7f2a7c1a1820
C 257
R
P 0x7f2a7c191628
C 342
R
P 0x7f2a7c191628
P 0x7f2a7c1a1820
C 254
= 0x7f2a7c19b1e8
R
P 0x7f2a7c191628
C 342
R
P 0x7f2a7c191628
P 0x7f2a7c19b1e8
C 209
R
P 0x7f2a7c191628
C 342
R
P 0x7f2a7c191628
P 0x7f2a7c1a1820
C 260
R
P 0x7f2a7c191628
C 342
R
P 0x7f2a7c191628
P 0x7f2a7c1a1820
C 259
R
P 0x7f2a7c191628
C 342
R
P 0x7f2a7c191628
P 0x7f2a7c1a1820
C 258
R
P 0x7f2a7c191628
C 342
R
P 0x7f2a7c191628
P 0x7f2a7c1a1820
C 9
R
P 0x7f2a7c191628
C 342
R
P 0x7f2a7c191628
P 0x7f2a7c1a1778
P 0x7f2a7c1a1820
P 0x7f2a7c19bc28
C 59
= 0x7f2a7c19f848
R
P 0x7f2a7c191628
C 342
R
P 0x7f2a7c191628
P 0x7f2a7c19f848
C 257
R
P 0x7f2a7c191628
C 342
R
P 0x7f2a7c191628
P 0x7f2a7c19f848
C 254
= 0x7f2a7c19b1e8
R
P 0x7f2a7c191628
C 342
R
P 0x7f2a7c191628
P 0x7f2a7c19b1e8
C 209
R
P 0x7f2a7c191628
C 342
R
P 0x7f2a7c191628
P 0x7f2a7c19f848
C 260
R
P 0x7f2a7c191628
C 342
R
P 0x7f2a7c191628
P 0x7f2a7c19f848
C 259
R
P 0x7f2a7c191628
C 342
R
P 0x7f2a7c191628
P 0x7f2a7c19f848
C 258
R
P 0x7f2a7c191628
C 342
R
P 0x7f2a7c191628
P 0x7f2a7c19f848
C 9
R
P 0x7f2a7c191628
C 342
R
P 0x7f2a7c191628
U 2
P 0x7f2a7c19f848
P 0x7f2a7c19bb48
p 2
C 65
= 0x7f2a7c1a1858
R
P 0x7f2a7c191628
C 342
R
P 0x7f2a7c191628
P 0x7f2a7c1a1858
C 257
R
P 0x7f2a7c191628
C 342
R
P 0x7f2a7c191628
P 0x7f2a7c1a1858
C 254
= 0x7f2a7c19b1e8
R
P 0x7f2a7c191628
C 342
R
P 0x7f2a7c191628
P 0x7f2a7c19b1e8
C 209
R
P 0x7f2a7c191628
C 342
R
P 0x7f2a7c191628
P 0x7f2a7c1a1858
C 260
R
P 0x7f2a7c191628
C 342
R
P 0x7f2a7c191628
P 0x7f2a7c1a1858
C 259
R
P 0x7f2a7c191628
C 342
R
P 0x7f2a7c191628
P 0x7f2a7c1a1858
C 258
R
P 0x7f2a7c191628
C 342
R
P 0x7f2a7c191628
P 0x7f2a7c1a1858
C 9
R
P 0x7f2a7c191628
C 342
R
P 0x7f2a7c191628
P 0x7f2a7c19bc68
C 333
R
P 0x7f2a7c191628
C 342
R
P 0x7f2a7c191628
S "slotflowPriorityStart"
C 30
R
P 0x7f2a7c191628
C 342
R
P 0x7f2a7c191628
$ |slotflowPriorityStart|
C 202
R
P 0x7f2a7c191628
C 342
R
P 0x7f2a7c191628
$ |slotflowPriorityStart|
P 0x7f2a7c19b1e8
C 51
= 0x7f2a7c19c2a8
R
P 0x7f2a7c191628
C 342
R
P 0x7f2a7c191628
P 0x7f2a7c19c2a8
C 257
R
P 0x7f2a7c191628
C 342
R
P 0x7f2a7c191628
P 0x7f2a7c19c2a8
C 254
= 0x7f2a7c19b1e8
R
P 0x7f2a7c191628
C 342
R
P 0x7f2a7c191628
P 0x7f2a7c19b1e8
C 209
R
P 0x7f2a7c191628
C 342
R
P 0x7f2a7c191628
P 0x7f2a7c19c2a8
C 260
R
P 0x7f2a7c191628
C 342
R
P 0x7f2a7c191628
P 0x7f2a7c19c2a8
C 259
R
P 0x7f2a7c191628
C 342
R
P 0x7f2a7c191628
P 0x7f2a7c19c2a8
C 258
R
P 0x7f2a7c191628
C 342
R
P 0x7f2a7c191628
P 0x7f2a7c19c2a8
C 9
R
P 0x7f2a7c191628
C 342
R
P 0x7f2a7c191628
I 4
P 0x7f2a7c19b208
C 150
= 0x7f2a7c19c028
R
P 0x7f2a7c191628
C 342
R
P 0x7f2a7c191628
P 0x7f2a7c19c028
C 258
R
P 0x7f2a7c191628
C 342
R
P 0x7f2a7c191628
P 0x7f2a7c19c028
C 9
R
P 0x7f2a7c191628
C 342
R
P 0x7f2a7c191628
I 1
P 0x7f2a7c19b208
C 150
= 0x7f2a7c19bc88
R
P 0x7f2a7c191628
C 342
R
P 0x7f2a7c191628
P 0x7f2a7c19bc88
C 258
R
P 0x7f2a7c191628
C 342
R
P 0x7f2a7c191628
P 0x7f2a7c19bc88
C 9
R
P 0x7f2a7c191628
C 342
R
P 0x7f2a7c191628
P 0x7f2a7c19c028
P 0x7f2a7c19bc88
C 75
= 0x7f2a7c487390
R
P 0x7f2a7c191628
C 342
R
P 0x7f2a7c191628
P 0x7f2a7c487390
C 258
R
P 0x7f2a7c191628
C 342
R
P 0x7f2a7c191628
P 0x7f2a7c487390
C 9
R
P 0x7f2a7c191628
C 342
R
P 0x7f2a7c191628
I 1
P 0x7f2a7c19b208
C 150
= 0x7f2a7c19bc88
R
P 0x7f2a7c191628
C 342
R
P 0x7f2a7c191628
P 0x7f2a7c19bc88
C 258
R
P 0x7f2a7c191628
C 342
R
P 0x7f2a7c191628
P 0x7f2a7c19bc88
C 9
R
P 0x7f2a7c191628
C 342
R
P 0x7f2a7c191628
U 2
P 0x7f2a7c19c028
P 0x7f2a7c19bc88
p 2
C 67
= 0x7f2a7c4873c8
R
P 0x7f2a7c191628
C 342
R
P 0x7f2a7c191628
P 0x7f2a7c4873c8
C 257
R
P 0x7f2a7c191628
C 342
R
P 0x7f2a7c191628
P 0x7f2a7c4873c8
C 254
= 0x7f2a7c19b208
R
P 0x7f2a7c191628
C 342
R
P 0x7f2a7c191628
P 0x7f2a7c19b208
C 209
R
P 0x7f2a7c191628
C 342
R
P 0x7f2a7c191628
P 0x7f2a7c4873c8
C 260
R
P 0x7f2a7c191628
C 342
R
P 0x7f2a7c191628
P 0x7f2a7c4873c8
C 259
R
P 0x7f2a7c191628
C 342
R
P 0x7f2a7c191628
P 0x7f2a7c4873c8
C 258
R
P 0x7f2a7c191628
C 342
R
P 0x7f2a7c191628
P 0x7f2a7c4873c8
C 9
R
P 0x7f2a7c191628
C 342
R
P 0x7f2a7c191628
U 2
P 0x7f2a7c19bbe8
P 0x7f2a7c4873c8
p 2
C 66
= 0x7f2a7c488158
R
P 0x7f2a7c191628
C 342
R
P 0x7f2a7c191628
P 0x7f2a7c488158
C 257
R
P 0x7f2a7c191628
C 342
R
P 0x7f2a7c191628
P 0x7f2a7c488158
C 254
= 0x7f2a7c19b208
R
P 0x7f2a7c191628
C 342
R
P 0x7f2a7c191628
P 0x7f2a7c19b208
C 209
R
P 0x7f2a7c191628
C 342
R
P 0x7f2a7c191628
P 0x7f2a7c488158
C 260
R
P 0x7f2a7c191628
C 342
R
P 0x7f2a7c191628
P 0x7f2a7c488158
C 259
R
P 0x7f2a7c191628
C 342
R
P 0x7f2a7c191628
P 0x7f2a7c488158
C 258
R
P 0x7f2a7c191628
C 342
R
P 0x7f2a7c191628
P 0x7f2a7c488158
C 9
R
P 0x7f2a7c191628
C 342
R
P 0x7f2a7c191628
U 2
P 0x7f2a7c19bb88
P 0x7f2a7c488158
p 2
C 65
= 0x7f2a7c488190
R
P 0x7f2a7c191628
C 342
R
P 0x7f2a7c191628
P 0x7f2a7c488190
C 257
R
P 0x7f2a7c191628
C 342
R
P 0x7f2a7c191628
P 0x7f2a7c488190
C 254
= 0x7f2a7c19b1e8
R
P 0x7f2a7c191628
C 342
R
P 0x7f2a7c191628
P 0x7f2a7c19b1e8
C 209
R
P 0x7f2a7c191628
C 342
R
P 0x7f2a7c191628
P 0x7f2a7c488190
C 260
R
P 0x7f2a7c191628
C 342
R
P 0x7f2a7c191628
P 0x7f2a7c488190
C 259
R
P 0x7f2a7c191628
C 342
R
P 0x7f2a7c191628
P 0x7f2a7c488190
C 258
R
P 0x7f2a7c191628
C 342
R
P 0x7f2a7c191628
P 0x7f2a7c488190
C 9
R
P 0x7f2a7c191628
C 342
R
P 0x7f2a7c191628
P 0x7f2a7c487390
P 0x7f2a7c488190
P 0x7f2a7c19bb88
C 59
= 0x7f2a7c19fb08
R
P 0x7f2a7c191628
C 342
R
P 0x7f2a7c191628
P 0x7f2a7c19fb08
C 257
R
P 0x7f2a7c191628
C 342
R
P 0x7f2a7c191628
P 0x7f2a7c19fb08
C 254
= 0x7f2a7c19b1e8
R
P 0x7f2a7c191628
C 342
R
P 0x7f2a7c191628
P 0x7f2a7c19b1e8
C 209
R
P 0x7f2a7c191628
C 342
R
P 0x7f2a7c191628
P 0x7f2a7c19fb08
C 260
R
P 0x7f2a7c191628
C 342
R
P 0x7f2a7c191628
P 0x7f2a7c19fb08
C 259
R
P 0x7f2a7c191628
C 342
R
P 0x7f2a7c191628
P 0x7f2a7c19fb08
C 258
R
P 0x7f2a7c191628
C 342
R
P 0x7f2a7c191628
P 0x7f2a7c19fb08
C 9
R
P 0x7f2a7c191628
C 342
R
P 0x7f2a7c191628
U 2
P 0x7f2a7c19c2a8
P 0x7f2a7c19fb08
p 2
C 65
= 0x7f2a7c488270
R
P 0x7f2a7c191628
C 342
R
P 0x7f2a7c191628
P 0x7f2a7c488270
C 257
R
P 0x7f2a7c191628
C 342
R
P 0x7f2a7c191628
P 0x7f2a7c488270
C 254
= 0x7f2a7c19b1e8
R
P 0x7f2a7c191628
C 342
R
P 0x7f2a7c191628
P 0x7f2a7c19b1e8
C 209
R
P 0x7f2a7c191628
C 342
R
P 0x7f2a7c191628
P 0x7f2a7c488270
C 260
R
P 0x7f2a7c191628
C 342
R
P 0x7f2a7c191628
P 0x7f2a7c488270
C 259
R
P 0x7f2a7c191628
C 342
R
P 0x7f2a7c191628
P 0x7f2a7c488270
C 258
R
P 0x7f2a7c191628
C 342
R
P 0x7f2a7c191628
P 0x7f2a7c488270
C 9
R
P 0x7f2a7c191628
C 342
R
P 0x7f2a7c191628
P 0x7f2a7c1a1858
P 0x7f2a7c488270
C 76
= 0x7f2a7c488740
R
P 0x7f2a7c191628
C 342
R
P 0x7f2a7c191628
P 0x7f2a7c488740
C 258
R
P 0x7f2a7c191628
C 342
R
P 0x7f2a7c191628
P 0x7f2a7c488740
C 9
R
P 0x7f2a7c191628
C 342
R
P 0x7f2a7c191628
U 2
P 0x7f2a7c488708
P 0x7f2a7c488740
p 2
C 63
= 0x7f2a7c488778
R
P 0x7f2a7c191628
C 342
R
P 0x7f2a7c191628
P 0x7f2a7c488778
C 258
R
P 0x7f2a7c191628
C 342
R
P 0x7f2a7c191628
P 0x7f2a7c488778
C 9
R
P 0x7f2a7c191628
C 342
R
P 0x7f2a7c191628
I 1
P 0x7f2a7c19b208
C 150
= 0x7f2a7c19bc88
R
P 0x7f2a7c191628
C 342
R
P 0x7f2a7c191628
P 0x7f2a7c19bc88
C 258
R
P 0x7f2a7c191628
C 342
R
P 0x7f2a7c191628
P 0x7f2a7c19bc88
C 9
R
P 0x7f2a7c191628
C 342
R
P 0x7f2a7c191628
P 0x7f2a7c19bc88
C 263
R
P 0x7f2a7c191628
C 342
R
P 0x7f2a7c191628
S "dev0T31"
C 30
R
P 0x7f2a7c191628
C 342
R
P 0x7f2a7c191628
$ |dev0T31|
C 202
R
P 0x7f2a7c191628
C 342
R
P 0x7f2a7c191628
$ |dev0T31|
P 0x7f2a7c19b1e8
C 51
= 0x7f2a7c19bca8
R
P 0x7f2a7c191628
C 342
R
P 0x7f2a7c191628
P 0x7f2a7c19bca8
C 257
R
P 0x7f2a7c191628
C 342
R
P 0x7f2a7c191628
P 0x7f2a7c19bca8
C 254
= 0x7f2a7c19b1e8
R
P 0x7f2a7c191628
C 342
R
P 0x7f2a7c191628
P 0x7f2a7c19b1e8
C 209
R
P 0x7f2a7c191628
C 342
R
P 0x7f2a7c191628
P 0x7f2a7c19bca8
C 260
R
P 0x7f2a7c191628
C 342
R
P 0x7f2a7c191628
P 0x7f2a7c19bca8
C 259
R
P 0x7f2a7c191628
C 342
R
P 0x7f2a7c191628
P 0x7f2a7c19bca8
C 258
R
P 0x7f2a7c191628
C 342
R
P 0x7f2a7c191628
P 0x7f2a7c19bca8
C 9
R
P 0x7f2a7c191628
C 342
R
P 0x7f2a7c191628
I 1
P 0x7f2a7c19b208
C 150
= 0x7f2a7c19bc88
R
P 0x7f2a7c191628
C 342
R
P 0x7f2a7c191628
P 0x7f2a7c19bc88
C 258
R
P 0x7f2a7c191628
C 342
R
P 0x7f2a7c191628
P 0x7f2a7c19bc88
C 9
R
P 0x7f2a7c191628
C 342
R
P 0x7f2a7c191628
I 1
P 0x7f2a7c19b208
C 150
= 0x7f2a7c19bc88
R
P 0x7f2a7c191628
C 342
R
P 0x7f2a7c191628
P 0x7f2a7c19bc88
C 258
R
P 0x7f2a7c191628
C 342
R
P 0x7f2a7c191628
P 0x7f2a7c19bc88
C 9
R
P 0x7f2a7c191628
C 342
R
P 0x7f2a7c191628
P 0x7f2a7c19bc88
P 0x7f2a7c19bc88
C 75
= 0x7f2a7c1a1778
R
P 0x7f2a7c191628
C 342
R
P 0x7f2a7c191628
P 0x7f2a7c1a1778
C 258
R
P 0x7f2a7c191628
C 342
R
P 0x7f2a7c191628
P 0x7f2a7c1a1778
C 9
R
P 0x7f2a7c191628
C 342
R
P 0x7f2a7c191628
I 1
P 0x7f2a7c19b208
C 150
= 0x7f2a7c19bc88
R
P 0x7f2a7c191628
C 342
R
P 0x7f2a7c191628
P 0x7f2a7c19bc88
C 258
R
P 0x7f2a7c191628
C 342
R
P 0x7f2a7c191628
P 0x7f2a7c19bc88
C 9
R
P 0x7f2a7c191628
C 342
R
P 0x7f2a7c191628
U 2
P 0x7f2a7c19bc88
P 0x7f2a7c19bc88
p 2
C 67
= 0x7f2a7c1a17b0
R
P 0x7f2a7c191628
C 342
R
P 0x7f2a7c191628
P 0x7f2a7c1a17b0
C 257
R
P 0x7f2a7c191628
C 342
R
P 0x7f2a7c191628
P 0x7f2a7c1a17b0
C 254
= 0x7f2a7c19b208
R
P 0x7f2a7c191628
C 342
R
P 0x7f2a7c191628
P 0x7f2a7c19b208
C 209
R
P 0x7f2a7c191628
C 342
R
P 0x7f2a7c191628
P 0x7f2a7c1a17b0
C 260
R
P 0x7f2a7c191628
C 342
R
P 0x7f2a7c191628
P 0x7f2a7c1a17b0
C 259
R
P 0x7f2a7c191628
C 342
R
P 0x7f2a7c191628
P 0x7f2a7c1a17b0
C 258
R
P 0x7f2a7c191628
C 342
R
P 0x7f2a7c191628
P 0x7f2a7c1a17b0
C 9
R
P 0x7f2a7c191628
C 342
R
P 0x7f2a7c191628
U 2
P 0x7f2a7c19bba8
P 0x7f2a7c1a17b0
p 2
C 66
= 0x7f2a7c1a17e8
R
P 0x7f2a7c191628
C 342
R
P 0x7f2a7c191628
P 0x7f2a7c1a17e8
C 257
R
P 0x7f2a7c191628
C 342
R
P 0x7f2a7c191628
P 0x7f2a7c1a17e8
C 254
= 0x7f2a7c19b1e8
R
P 0x7f2a7c191628
C 342
R
P 0x7f2a7c191628
P 0x7f2a7c19b1e8
C 209
R
P 0x7f2a7c191628
C 342
R
P 0x7f2a7c191628
P 0x7f2a7c1a17e8
C 260
R
P 0x7f2a7c191628
C 342
R
P 0x7f2a7c191628
P 0x7f2a7c1a17e8
C 259
R
P 0x7f2a7c191628
C 342
R
P 0x7f2a7c191628
P 0x7f2a7c1a17e8
C 258
R
P 0x7f2a7c191628
C 342
R
P 0x7f2a7c191628
P 0x7f2a7c1a17e8
C 9
R
P 0x7f2a7c191628
C 342
R
P 0x7f2a7c191628
U 2
P 0x7f2a7c19bc28
P 0x7f2a7c1a17e8
p 2
C 65
= 0x7f2a7c1a1820
R
P 0x7f2a7c191628
C 342
R
P 0x7f2a7c191628
P 0x7f2a7c1a1820
C 257
R
P 0x7f2a7c191628
C 342
R
P 0x7f2a7c191628
P 0x7f2a7c1a1820
C 254
= 0x7f2a7c19b1e8
R
P 0x7f2a7c191628
C 342
R
P 0x7f2a7c191628
P 0x7f2a7c19b1e8
C 209
R
P 0x7f2a7c191628
C 342
R
P 0x7f2a7c191628
P 0x7f2a7c1a1820
C 260
R
P 0x7f2a7c191628
C 342
R
P 0x7f2a7c191628
P 0x7f2a7c1a1820
C 259
R
P 0x7f2a7c191628
C 342
R
P 0x7f2a7c191628
P 0x7f2a7c1a1820
C 258
R
P 0x7f2a7c191628
C 342
R
P 0x7f2a7c191628
P 0x7f2a7c1a1820
C 9
R
P 0x7f2a7c191628
C 342
R
P 0x7f2a7c191628
P 0x7f2a7c1a1778
P 0x7f2a7c1a1820
P 0x7f2a7c19bc28
C 59
= 0x7f2a7c19f848
R
P 0x7f2a7c191628
C 342
R
P 0x7f2a7c191628
P 0x7f2a7c19f848
C 257
R
P 0x7f2a7c191628
C 342
R
P 0x7f2a7c191628
P 0x7f2a7c19f848
C 254
= 0x7f2a7c19b1e8
R
P 0x7f2a7c191628
C 342
R
P 0x7f2a7c191628
P 0x7f2a7c19b1e8
C 209
R
P 0x7f2a7c191628
C 342
R
P 0x7f2a7c191628
P 0x7f2a7c19f848
C 260
R
P 0x7f2a7c191628
C 342
R
P 0x7f2a7c191628
P 0x7f2a7c19f848
C 259
R
P 0x7f2a7c191628
C 342
R
P 0x7f2a7c191628
P 0x7f2a7c19f848
C 258
R
P 0x7f2a7c191628
C 342
R
P 0x7f2a7c191628
P 0x7f2a7c19f848
C 9
R
P 0x7f2a7c191628
C 342
R
P 0x7f2a7c191628
U 2
P 0x7f2a7c19f848
P 0x7f2a7c19bb48
p 2
C 65
= 0x7f2a7c1a1858
R
P 0x7f2a7c191628
C 342
R
P 0x7f2a7c191628
P 0x7f2a7c1a1858
C 257
R
P 0x7f2a7c191628
C 342
R
P 0x7f2a7c191628
P 0x7f2a7c1a1858
C 254
= 0x7f2a7c19b1e8
R
P 0x7f2a7c191628
C 342
R
P 0x7f2a7c191628
P 0x7f2a7c19b1e8
C 209
R
P 0x7f2a7c191628
C 342
R
P 0x7f2a7c191628
P 0x7f2a7c1a1858
C 260
R
P 0x7f2a7c191628
C 342
R
P 0x7f2a7c191628
P 0x7f2a7c1a1858
C 259
R
P 0x7f2a7c191628
C 342
R
P 0x7f2a7c191628
P 0x7f2a7c1a1858
C 258
R
P 0x7f2a7c191628
C 342
R
P 0x7f2a7c191628
P 0x7f2a7c1a1858
C 9
R
P 0x7f2a7c191628
C 342
R
P 0x7f2a7c191628
U 2
P 0x7f2a7c1a1858
P 0x7f2a7c19bb68
p 2
C 65
= 0x7f2a7c487128
R
P 0x7f2a7c191628
C 342
R
P 0x7f2a7c191628
P 0x7f2a7c487128
C 257
R
P 0x7f2a7c191628
C 342
R
P 0x7f2a7c191628
P 0x7f2a7c487128
C 254
= 0x7f2a7c19b1e8
R
P 0x7f2a7c191628
C 342
R
P 0x7f2a7c191628
P 0x7f2a7c19b1e8
C 209
R
P 0x7f2a7c191628
C 342
R
P 0x7f2a7c191628
P 0x7f2a7c487128
C 260
R
P 0x7f2a7c191628
C 342
R
P 0x7f2a7c191628
P 0x7f2a7c487128
C 259
R
P 0x7f2a7c191628
C 342
R
P 0x7f2a7c191628
P 0x7f2a7c487128
C 258
R
P 0x7f2a7c191628
C 342
R
P 0x7f2a7c191628
P 0x7f2a7c487128
C 9
R
P 0x7f2a7c191628
C 342
R
P 0x7f2a7c191628
P 0x7f2a7c19bca8
P 0x7f2a7c487128
C 56
= 0x7f2a7c4883f8
R
P 0x7f2a7c191628
C 342
R
P 0x7f2a7c191628
P 0x7f2a7c4883f8
C 258
R
P 0x7f2a7c191628
C 342
R
P 0x7f2a7c191628
P 0x7f2a7c4883f8
C 9
R
P 0x7f2a7c191628
C 342
R
P 0x7f2a7c191628
P 0x7f2a7c488778
P 0x7f2a7c4883f8
C 61
= 0x7f2a7c4887b0
R
P 0x7f2a7c191628
C 342
R
P 0x7f2a7c191628
P 0x7f2a7c4887b0
C 258
R
P 0x7f2a7c191628
C 342
R
P 0x7f2a7c191628
P 0x7f2a7c4887b0
C 9
R
P 0x7f2a7c191628
C 342
R
P 0x7f2a7c191628
P 0x7f2a7c1e1fc8
P 0x7f2a7c4887b0
C 427
R
P 0x7f2a7c191628
C 342
R
P 0x7f2a7c191628
I 2
P 0x7f2a7c19b208
C 150
= 0x7f2a7c19bcc8
R
P 0x7f2a7c191628
C 342
R
P 0x7f2a7c191628
P 0x7f2a7c19bcc8
C 258
R
P 0x7f2a7c191628
C 342
R
P 0x7f2a7c191628
P 0x7f2a7c19bcc8
C 9
R
P 0x7f2a7c191628
C 342
R
P 0x7f2a7c191628
I 1
P 0x7f2a7c19b208
C 150
= 0x7f2a7c19bc88
R
P 0x7f2a7c191628
C 342
R
P 0x7f2a7c191628
P 0x7f2a7c19bc88
C 258
R
P 0x7f2a7c191628
C 342
R
P 0x7f2a7c191628
P 0x7f2a7c19bc88
C 9
R
P 0x7f2a7c191628
C 342
R
P 0x7f2a7c191628
P 0x7f2a7c19bcc8
P 0x7f2a7c19bc88
C 75
= 0x7f2a7c1a1890
R
P 0x7f2a7c191628
C 342
R
P 0x7f2a7c191628
P 0x7f2a7c1a1890
C 258
R
P 0x7f2a7c191628
C 342
R
P 0x7f2a7c191628
P 0x7f2a7c1a1890
C 9
R
P 0x7f2a7c191628
C 342
R
P 0x7f2a7c191628
I 1
P 0x7f2a7c19b208
C 150
= 0x7f2a7c19bc88
R
P 0x7f2a7c191628
C 342
R
P 0x7f2a7c191628
P 0x7f2a7c19bc88
C 258
R
P 0x7f2a7c191628
C 342
R
P 0x7f2a7c191628
P 0x7f2a7c19bc88
C 9
R
P 0x7f2a7c191628
C 342
R
P 0x7f2a7c191628
U 2
P 0x7f2a7c19bcc8
P 0x7f2a7c19bc88
p 2
C 67
= 0x7f2a7c1a18c8
R
P 0x7f2a7c191628
C 342
R
P 0x7f2a7c191628
P 0x7f2a7c1a18c8
C 257
R
P 0x7f2a7c191628
C 342
R
P 0x7f2a7c191628
P 0x7f2a7c1a18c8
C 254
= 0x7f2a7c19b208
R
P 0x7f2a7c191628
C 342
R
P 0x7f2a7c191628
P 0x7f2a7c19b208
C 209
R
P 0x7f2a7c191628
C 342
R
P 0x7f2a7c191628
P 0x7f2a7c1a18c8
C 260
R
P 0x7f2a7c191628
C 342
R
P 0x7f2a7c191628
P 0x7f2a7c1a18c8
C 259
R
P 0x7f2a7c191628
C 342
R
P 0x7f2a7c191628
P 0x7f2a7c1a18c8
C 258
R
P 0x7f2a7c191628
C 342
R
P 0x7f2a7c191628
P 0x7f2a7c1a18c8
C 9
R
P 0x7f2a7c191628
C 342
R
P 0x7f2a7c191628
U 2
P 0x7f2a7c19bba8
P 0x7f2a7c1a18c8
p 2
C 66
= 0x7f2a7c1a1900
R
P 0x7f2a7c191628
C 342
R
P 0x7f2a7c191628
P 0x7f2a7c1a1900
C 257
R
P 0x7f2a7c191628
C 342
R
P 0x7f2a7c191628
P 0x7f2a7c1a1900
C 254
= 0x7f2a7c19b1e8
R
P 0x7f2a7c191628
C 342
R
P 0x7f2a7c191628
P 0x7f2a7c19b1e8
C 209
R
P 0x7f2a7c191628
C 342
R
P 0x7f2a7c191628
P 0x7f2a7c1a1900
C 260
R
P 0x7f2a7c191628
C 342
R
P 0x7f2a7c191628
P 0x7f2a7c1a1900
C 259
R
P 0x7f2a7c191628
C 342
R
P 0x7f2a7c191628
P 0x7f2a7c1a1900
C 258
R
P 0x7f2a7c191628
C 342
R
P 0x7f2a7c191628
P 0x7f2a7c1a1900
C 9
R
P 0x7f2a7c191628
C 342
R
P 0x7f2a7c191628
U 2
P 0x7f2a7c19bc28
P 0x7f2a7c1a1900
p 2
C 65
= 0x7f2a7c1a1938
R
P 0x7f2a7c191628
C 342
R
P 0x7f2a7c191628
P 0x7f2a7c1a1938
C 257
R
P 0x7f2a7c191628
C 342
R
P 0x7f2a7c191628
P 0x7f2a7c1a1938
C 254
= 0x7f2a7c19b1e8
R
P 0x7f2a7c191628
C 342
R
P 0x7f2a7c191628
P 0x7f2a7c19b1e8
C 209
R
P 0x7f2a7c191628
C 342
R
P 0x7f2a7c191628
P 0x7f2a7c1a1938
C 260
R
P 0x7f2a7c191628
C 342
R
P 0x7f2a7c191628
P 0x7f2a7c1a1938
C 259
R
P 0x7f2a7c191628
C 342
R
P 0x7f2a7c191628
P 0x7f2a7c1a1938
C 258
R
P 0x7f2a7c191628
C 342
R
P 0x7f2a7c191628
P 0x7f2a7c1a1938
C 9
R
P 0x7f2a7c191628
C 342
R
P 0x7f2a7c191628
P 0x7f2a7c1a1890
P 0x7f2a7c1a1938
P 0x7f2a7c19bc28
C 59
= 0x7f2a7c19f888
R
P 0x7f2a7c191628
C 342
R
P 0x7f2a7c191628
P 0x7f2a7c19f888
C 257
R
P 0x7f2a7c191628
C 342
R
P 0x7f2a7c191628
P 0x7f2a7c19f888
C 254
= 0x7f2a7c19b1e8
R
P 0x7f2a7c191628
C 342
R
P 0x7f2a7c191628
P 0x7f2a7c19b1e8
C 209
R
P 0x7f2a7c191628
C 342
R
P 0x7f2a7c191628
P 0x7f2a7c19f888
C 260
R
P 0x7f2a7c191628
C 342
R
P 0x7f2a7c191628
P 0x7f2a7c19f888
C 259
R
P 0x7f2a7c191628
C 342
R
P 0x7f2a7c191628
P 0x7f2a7c19f888
C 258
R
P 0x7f2a7c191628
C 342
R
P 0x7f2a7c191628
P 0x7f2a7c19f888
C 9
R
P 0x7f2a7c191628
C 342
R
P 0x7f2a7c191628
U 2
P 0x7f2a7c19f888
P 0x7f2a7c19bb48
p 2
C 65
= 0x7f2a7c1a1970
R
P 0x7f2a7c191628
C 342
R
P 0x7f2a7c191628
P 0x7f2a7c1a1970
C 257
R
P 0x7f2a7c191628
C 342
R
P 0x7f2a7c191628
P 0x7f2a7c1a1970
C 254
= 0x7f2a7c19b1e8
R
P 0x7f2a7c191628
C 342
R
P 0x7f2a7c191628
P 0x7f2a7c19b1e8
C 209
R
P 0x7f2a7c191628
C 342
R
P 0x7f2a7c191628
P 0x7f2a7c1a1970
C 260
R
P 0x7f2a7c191628
C 342
R
P 0x7f2a7c191628
P 0x7f2a7c1a1970
C 259
R
P 0x7f2a7c191628
C 342
R
P 0x7f2a7c191628
P 0x7f2a7c1a1970
C 258
R
P 0x7f2a7c191628
C 342
R
P 0x7f2a7c191628
P 0x7f2a7c1a1970
C 9
R
P 0x7f2a7c191628
C 342
R
P 0x7f2a7c191628
P 0x7f2a7c19bc68
C 333
R
P 0x7f2a7c191628
C 342
R
P 0x7f2a7c191628
S "slotflowPriorityStart"
C 30
R
P 0x7f2a7c191628
C 342
R
P 0x7f2a7c191628
$ |slotflowPriorityStart|
C 202
R
P 0x7f2a7c191628
C 342
R
P 0x7f2a7c191628
$ |slotflowPriorityStart|
P 0x7f2a7c19b1e8
C 51
= 0x7f2a7c19c2a8
R
P 0x7f2a7c191628
C 342
R
P 0x7f2a7c191628
P 0x7f2a7c19c2a8
C 257
R
P 0x7f2a7c191628
C 342
R
P 0x7f2a7c191628
P 0x7f2a7c19c2a8
C 254
= 0x7f2a7c19b1e8
R
P 0x7f2a7c191628
C 342
R
P 0x7f2a7c191628
P 0x7f2a7c19b1e8
C 209
R
P 0x7f2a7c191628
C 342
R
P 0x7f2a7c191628
P 0x7f2a7c19c2a8
C 260
R
P 0x7f2a7c191628
C 342
R
P 0x7f2a7c191628
P 0x7f2a7c19c2a8
C 259
R
P 0x7f2a7c191628
C 342
R
P 0x7f2a7c191628
P 0x7f2a7c19c2a8
C 258
R
P 0x7f2a7c191628
C 342
R
P 0x7f2a7c191628
P 0x7f2a7c19c2a8
C 9
R
P 0x7f2a7c191628
C 342
R
P 0x7f2a7c191628
P 0x7f2a7c19bc68
C 333
R
P 0x7f2a7c191628
C 342
R
P 0x7f2a7c191628
S "slotflowPriorityDuration"
C 30
R
P 0x7f2a7c191628
C 342
R
P 0x7f2a7c191628
$ |slotflowPriorityDuration|
C 202
R
P 0x7f2a7c191628
C 342
R
P 0x7f2a7c191628
$ |slotflowPriorityDuration|
P 0x7f2a7c19b1e8
C 51
= 0x7f2a7c19c268
R
P 0x7f2a7c191628
C 342
R
P 0x7f2a7c191628
P 0x7f2a7c19c268
C 257
R
P 0x7f2a7c191628
C 342
R
P 0x7f2a7c191628
P 0x7f2a7c19c268
C 254
= 0x7f2a7c19b1e8
R
P 0x7f2a7c191628
C 342
R
P 0x7f2a7c191628
P 0x7f2a7c19b1e8
C 209
R
P 0x7f2a7c191628
C 342
R
P 0x7f2a7c191628
P 0x7f2a7c19c268
C 260
R
P 0x7f2a7c191628
C 342
R
P 0x7f2a7c191628
P 0x7f2a7c19c268
C 259
R
P 0x7f2a7c191628
C 342
R
P 0x7f2a7c191628
P 0x7f2a7c19c268
C 258
R
P 0x7f2a7c191628
C 342
R
P 0x7f2a7c191628
P 0x7f2a7c19c268
C 9
R
P 0x7f2a7c191628
C 342
R
P 0x7f2a7c191628
U 2
P 0x7f2a7c19c2a8
P 0x7f2a7c19c268
p 2
C 65
= 0x7f2a7c487908
R
P 0x7f2a7c191628
C 342
R
P 0x7f2a7c191628
P 0x7f2a7c487908
C 257
R
P 0x7f2a7c191628
C 342
R
P 0x7f2a7c191628
P 0x7f2a7c487908
C 254
= 0x7f2a7c19b1e8
R
P 0x7f2a7c191628
C 342
R
P 0x7f2a7c191628
P 0x7f2a7c19b1e8
C 209
R
P 0x7f2a7c191628
C 342
R
P 0x7f2a7c191628
P 0x7f2a7c487908
C 260
R
P 0x7f2a7c191628
C 342
R
P 0x7f2a7c191628
P 0x7f2a7c487908
C 259
R
P 0x7f2a7c191628
C 342
R
P 0x7f2a7c191628
P 0x7f2a7c487908
C 258
R
P 0x7f2a7c191628
C 342
R
P 0x7f2a7c191628
P 0x7f2a7c487908
C 9
R
P 0x7f2a7c191628
C 342
R
P 0x7f2a7c191628
I 0
P 0x7f2a7c19b208
C 150
= 0x7f2a7c19bd08
R
P 0x7f2a7c191628
C 342
R
P 0x7f2a7c191628
P 0x7f2a7c19bd08
C 258
R
P 0x7f2a7c191628
C 342
R
P 0x7f2a7c191628
P 0x7f2a7c19bd08
C 9
R
P 0x7f2a7c191628
C 342
R
P 0x7f2a7c191628
I 1
P 0x7f2a7c19b208
C 150
= 0x7f2a7c19bc88
R
P 0x7f2a7c191628
C 342
R
P 0x7f2a7c191628
P 0x7f2a7c19bc88
C 258
R
P 0x7f2a7c191628
C 342
R
P 0x7f2a7c191628
P 0x7f2a7c19bc88
C 9
R
P 0x7f2a7c191628
C 342
R
P 0x7f2a7c191628
P 0x7f2a7c19bd08
P 0x7f2a7c19bc88
C 75
= 0x7f2a7c486fa0
R
P 0x7f2a7c191628
C 342
R
P 0x7f2a7c191628
P 0x7f2a7c486fa0
C 258
R
P 0x7f2a7c191628
C 342
R
P 0x7f2a7c191628
P 0x7f2a7c486fa0
C 9
R
P 0x7f2a7c191628
C 342
R
P 0x7f2a7c191628
I 1
P 0x7f2a7c19b208
C 150
= 0x7f2a7c19bc88
R
P 0x7f2a7c191628
C 342
R
P 0x7f2a7c191628
P 0x7f2a7c19bc88
C 258
R
P 0x7f2a7c191628
C 342
R
P 0x7f2a7c191628
P 0x7f2a7c19bc88
C 9
R
P 0x7f2a7c191628
C 342
R
P 0x7f2a7c191628
U 2
P 0x7f2a7c19bd08
P 0x7f2a7c19bc88
p 2
C 67
= 0x7f2a7c486fd8
R
P 0x7f2a7c191628
C 342
R
P 0x7f2a7c191628
P 0x7f2a7c486fd8
C 257
R
P 0x7f2a7c191628
C 342
R
P 0x7f2a7c191628
P 0x7f2a7c486fd8
C 254
= 0x7f2a7c19b208
R
P 0x7f2a7c191628
C 342
R
P 0x7f2a7c191628
P 0x7f2a7c19b208
C 209
R
P 0x7f2a7c191628
C 342
R
P 0x7f2a7c191628
P 0x7f2a7c486fd8
C 260
R
P 0x7f2a7c191628
C 342
R
P 0x7f2a7c191628
P 0x7f2a7c486fd8
C 259
R
P 0x7f2a7c191628
C 342
R
P 0x7f2a7c191628
P 0x7f2a7c486fd8
C 258
R
P 0x7f2a7c191628
C 342
R
P 0x7f2a7c191628
P 0x7f2a7c486fd8
C 9
R
P 0x7f2a7c191628
C 342
R
P 0x7f2a7c191628
U 2
P 0x7f2a7c19bbe8
P 0x7f2a7c486fd8
p 2
C 66
= 0x7f2a7c487940
R
P 0x7f2a7c191628
C 342
R
P 0x7f2a7c191628
P 0x7f2a7c487940
C 257
R
P 0x7f2a7c191628
C 342
R
P 0x7f2a7c191628
P 0x7f2a7c487940
C 254
= 0x7f2a7c19b208
R
P 0x7f2a7c191628
C 342
R
P 0x7f2a7c191628
P 0x7f2a7c19b208
C 209
R
P 0x7f2a7c191628
C 342
R
P 0x7f2a7c191628
P 0x7f2a7c487940
C 260
R
P 0x7f2a7c191628
C 342
R
P 0x7f2a7c191628
P 0x7f2a7c487940
C 259
R
P 0x7f2a7c191628
C 342
R
P 0x7f2a7c191628
P 0x7f2a7c487940
C 258
R
P 0x7f2a7c191628
C 342
R
P 0x7f2a7c191628
P 0x7f2a7c487940
C 9
R
P 0x7f2a7c191628
C 342
R
P 0x7f2a7c191628
U 2
P 0x7f2a7c19bb88
P 0x7f2a7c487940
p 2
C 65
= 0x7f2a7c487978
R
P 0x7f2a7c191628
C 342
R
P 0x7f2a7c191628
P 0x7f2a7c487978
C 257
R
P 0x7f2a7c191628
C 342
R
P 0x7f2a7c191628
P 0x7f2a7c487978
C 254
= 0x7f2a7c19b1e8
R
P 0x7f2a7c191628
C 342
R
P 0x7f2a7c191628
P 0x7f2a7c19b1e8
C 209
R
P 0x7f2a7c191628
C 342
R
P 0x7f2a7c191628
P 0x7f2a7c487978
C 260
R
P 0x7f2a7c191628
C 342
R
P 0x7f2a7c191628
P 0x7f2a7c487978
C 259
R
P 0x7f2a7c191628
C 342
R
P 0x7f2a7c191628
P 0x7f2a7c487978
C 258
R
P 0x7f2a7c191628
C 342
R
P 0x7f2a7c191628
P 0x7f2a7c487978
C 9
R
P 0x7f2a7c191628
C 342
R
P 0x7f2a7c191628
P 0x7f2a7c486fa0
P 0x7f2a7c487978
P 0x7f2a7c19bb88
C 59
= 0x7f2a7c19fa08
R
P 0x7f2a7c191628
C 342
R
P 0x7f2a7c191628
P 0x7f2a7c19fa08
C 257
R
P 0x7f2a7c191628
C 342
R
P 0x7f2a7c191628
P 0x7f2a7c19fa08
C 254
= 0x7f2a7c19b1e8
R
P 0x7f2a7c191628
C 342
R
P 0x7f2a7c191628
P 0x7f2a7c19b1e8
C 209
R
P 0x7f2a7c191628
C 342
R
P 0x7f2a7c191628
P 0x7f2a7c19fa08
C 260
R
P 0x7f2a7c191628
C 342
R
P 0x7f2a7c191628
P 0x7f2a7c19fa08
C 259
R
P 0x7f2a7c191628
C 342
R
P 0x7f2a7c191628
P 0x7f2a7c19fa08
C 258
R
P 0x7f2a7c191628
C 342
R
P 0x7f2a7c191628
P 0x7f2a7c19fa08
C 9
R
P 0x7f2a7c191628
C 342
R
P 0x7f2a7c191628
U 2
P 0x7f2a7c487908
P 0x7f2a7c19fa08
p 2
C 65
= 0x7f2a7c4879b0
R
P 0x7f2a7c191628
C 342
R
P 0x7f2a7c191628
P 0x7f2a7c4879b0
C 257
R
P 0x7f2a7c191628
C 342
R
P 0x7f2a7c191628
P 0x7f2a7c4879b0
C 254
= 0x7f2a7c19b1e8
R
P 0x7f2a7c191628
C 342
R
P 0x7f2a7c191628
P 0x7f2a7c19b1e8
C 209
R
P 0x7f2a7c191628
C 342
R
P 0x7f2a7c191628
P 0x7f2a7c4879b0
C 260
R
P 0x7f2a7c191628
C 342
R
P 0x7f2a7c191628
P 0x7f2a7c4879b0
C 259
R
P 0x7f2a7c191628
C 342
R
P 0x7f2a7c191628
P 0x7f2a7c4879b0
C 258
R
P 0x7f2a7c191628
C 342
R
P 0x7f2a7c191628
P 0x7f2a7c4879b0
C 9
R
P 0x7f2a7c191628
C 342
R
P 0x7f2a7c191628
U 2
P 0x7f2a7c4879b0
P 0x7f2a7c19bb68
p 2
C 67
= 0x7f2a7c4879e8
R
P 0x7f2a7c191628
C 342
R
P 0x7f2a7c191628
P 0x7f2a7c4879e8
C 257
R
P 0x7f2a7c191628
C 342
R
P 0x7f2a7c191628
P 0x7f2a7c4879e8
C 254
= 0x7f2a7c19b1e8
R
P 0x7f2a7c191628
C 342
R
P 0x7f2a7c191628
P 0x7f2a7c19b1e8
C 209
R
P 0x7f2a7c191628
C 342
R
P 0x7f2a7c191628
P 0x7f2a7c4879e8
C 260
R
P 0x7f2a7c191628
C 342
R
P 0x7f2a7c191628
P 0x7f2a7c4879e8
C 259
R
P 0x7f2a7c191628
C 342
R
P 0x7f2a7c191628
P 0x7f2a7c4879e8
C 258
R
P 0x7f2a7c191628
C 342
R
P 0x7f2a7c191628
P 0x7f2a7c4879e8
C 9
R
P 0x7f2a7c191628
C 342
R
P 0x7f2a7c191628
P 0x7f2a7c1a1970
P 0x7f2a7c4879e8
C 74
= 0x7f2a7c4887e8
R
P 0x7f2a7c191628
C 342
R
P 0x7f2a7c191628
P 0x7f2a7c4887e8
C 258
R
P 0x7f2a7c191628
C 342
R
P 0x7f2a7c191628
P 0x7f2a7c4887e8
C 9
R
P 0x7f2a7c191628
C 342
R
P 0x7f2a7c191628
I 2
P 0x7f2a7c19b208
C 150
= 0x7f2a7c19bcc8
R
P 0x7f2a7c191628
C 342
R
P 0x7f2a7c191628
P 0x7f2a7c19bcc8
C 258
R
P 0x7f2a7c191628
C 342
R
P 0x7f2a7c191628
P 0x7f2a7c19bcc8
C 9
R
P 0x7f2a7c191628
C 342
R
P 0x7f2a7c191628
I 1
P 0x7f2a7c19b208
C 150
= 0x7f2a7c19bc88
R
P 0x7f2a7c191628
C 342
R
P 0x7f2a7c191628
P 0x7f2a7c19bc88
C 258
R
P 0x7f2a7c191628
C 342
R
P 0x7f2a7c191628
P 0x7f2a7c19bc88
C 9
R
P 0x7f2a7c191628
C 342
R
P 0x7f2a7c191628
P 0x7f2a7c19bcc8
P 0x7f2a7c19bc88
C 75
= 0x7f2a7c1a1890
R
P 0x7f2a7c191628
C 342
R
P 0x7f2a7c191628
P 0x7f2a7c1a1890
C 258
R
P 0x7f2a7c191628
C 342
R
P 0x7f2a7c191628
P 0x7f2a7c1a1890
C 9
R
P 0x7f2a7c191628
C 342
R
P 0x7f2a7c191628
I 1
P 0x7f2a7c19b208
C 150
= 0x7f2a7c19bc88
R
P 0x7f2a7c191628
C 342
R
P 0x7f2a7c191628
P 0x7f2a7c19bc88
C 258
R
P 0x7f2a7c191628
C 342
R
P 0x7f2a7c191628
P 0x7f2a7c19bc88
C 9
R
P 0x7f2a7c191628
C 342
R
P 0x7f2a7c191628
U 2
P 0x7f2a7c19bcc8
P 0x7f2a7c19bc88
p 2
C 67
= 0x7f2a7c1a18c8
R
P 0x7f2a7c191628
C 342
R
P 0x7f2a7c191628
P 0x7f2a7c1a18c8
C 257
R
P 0x7f2a7c191628
C 342
R
P 0x7f2a7c191628
P 0x7f2a7c1a18c8
C 254
= 0x7f2a7c19b208
R
P 0x7f2a7c191628
C 342
R
P 0x7f2a7c191628
P 0x7f2a7c19b208
C 209
R
P 0x7f2a7c191628
C 342
R
P 0x7f2a7c191628
P 0x7f2a7c1a18c8
C 260
R
P 0x7f2a7c191628
C 342
R
P 0x7f2a7c191628
P 0x7f2a7c1a18c8
C 259
R
P 0x7f2a7c191628
C 342
R
P 0x7f2a7c191628
P 0x7f2a7c1a18c8
C 258
R
P 0x7f2a7c191628
C 342
R
P 0x7f2a7c191628
P 0x7f2a7c1a18c8
C 9
R
P 0x7f2a7c191628
C 342
R
P 0x7f2a7c191628
U 2
P 0x7f2a7c19bba8
P 0x7f2a7c1a18c8
p 2
C 66
= 0x7f2a7c1a1900
R
P 0x7f2a7c191628
C 342
R
P 0x7f2a7c191628
P 0x7f2a7c1a1900
C 257
R
P 0x7f2a7c191628
C 342
R
P 0x7f2a7c191628
P 0x7f2a7c1a1900
C 254
= 0x7f2a7c19b1e8
R
P 0x7f2a7c191628
C 342
R
P 0x7f2a7c191628
P 0x7f2a7c19b1e8
C 209
R
P 0x7f2a7c191628
C 342
R
P 0x7f2a7c191628
P 0x7f2a7c1a1900
C 260
R
P 0x7f2a7c191628
C 342
R
P 0x7f2a7c191628
P 0x7f2a7c1a1900
C 259
R
P 0x7f2a7c191628
C 342
R
P 0x7f2a7c191628
P 0x7f2a7c1a1900
C 258
R
P 0x7f2a7c191628
C 342
R
P 0x7f2a7c191628
P 0x7f2a7c1a1900
C 9
R
P 0x7f2a7c191628
C 342
R
P 0x7f2a7c191628
U 2
P 0x7f2a7c19bc28
P 0x7f2a7c1a1900
p 2
C 65
= 0x7f2a7c1a1938
R
P 0x7f2a7c191628
C 342
R
P 0x7f2a7c191628
P 0x7f2a7c1a1938
C 257
R
P 0x7f2a7c191628
C 342
R
P 0x7f2a7c191628
P 0x7f2a7c1a1938
C 254
= 0x7f2a7c19b1e8
R
P 0x7f2a7c191628
C 342
R
P 0x7f2a7c191628
P 0x7f2a7c19b1e8
C 209
R
P 0x7f2a7c191628
C 342
R
P 0x7f2a7c191628
P 0x7f2a7c1a1938
C 260
R
P 0x7f2a7c191628
C 342
R
P 0x7f2a7c191628
P 0x7f2a7c1a1938
C 259
R
P 0x7f2a7c191628
C 342
R
P 0x7f2a7c191628
P 0x7f2a7c1a1938
C 258
R
P 0x7f2a7c191628
C 342
R
P 0x7f2a7c191628
P 0x7f2a7c1a1938
C 9
R
P 0x7f2a7c191628
C 342
R
P 0x7f2a7c191628
P 0x7f2a7c1a1890
P 0x7f2a7c1a1938
P 0x7f2a7c19bc28
C 59
= 0x7f2a7c19f888
R
P 0x7f2a7c191628
C 342
R
P 0x7f2a7c191628
P 0x7f2a7c19f888
C 257
R
P 0x7f2a7c191628
C 342
R
P 0x7f2a7c191628
P 0x7f2a7c19f888
C 254
= 0x7f2a7c19b1e8
R
P 0x7f2a7c191628
C 342
R
P 0x7f2a7c191628
P 0x7f2a7c19b1e8
C 209
R
P 0x7f2a7c191628
C 342
R
P 0x7f2a7c191628
P 0x7f2a7c19f888
C 260
R
P 0x7f2a7c191628
C 342
R
P 0x7f2a7c191628
P 0x7f2a7c19f888
C 259
R
P 0x7f2a7c191628
C 342
R
P 0x7f2a7c191628
P 0x7f2a7c19f888
C 258
R
P 0x7f2a7c191628
C 342
R
P 0x7f2a7c191628
P 0x7f2a7c19f888
C 9
R
P 0x7f2a7c191628
C 342
R
P 0x7f2a7c191628
U 2
P 0x7f2a7c19f888
P 0x7f2a7c19bb48
p 2
C 65
= 0x7f2a7c1a1970
R
P 0x7f2a7c191628
C 342
R
P 0x7f2a7c191628
P 0x7f2a7c1a1970
C 257
R
P 0x7f2a7c191628
C 342
R
P 0x7f2a7c191628
P 0x7f2a7c1a1970
C 254
= 0x7f2a7c19b1e8
R
P 0x7f2a7c191628
C 342
R
P 0x7f2a7c191628
P 0x7f2a7c19b1e8
C 209
R
P 0x7f2a7c191628
C 342
R
P 0x7f2a7c191628
P 0x7f2a7c1a1970
C 260
R
P 0x7f2a7c191628
C 342
R
P 0x7f2a7c191628
P 0x7f2a7c1a1970
C 259
R
P 0x7f2a7c191628
C 342
R
P 0x7f2a7c191628
P 0x7f2a7c1a1970
C 258
R
P 0x7f2a7c191628
C 342
R
P 0x7f2a7c191628
P 0x7f2a7c1a1970
C 9
R
P 0x7f2a7c191628
C 342
R
P 0x7f2a7c191628
P 0x7f2a7c19bc68
C 333
R
P 0x7f2a7c191628
C 342
R
P 0x7f2a7c191628
S "slotflowPriorityStart"
C 30
R
P 0x7f2a7c191628
C 342
R
P 0x7f2a7c191628
$ |slotflowPriorityStart|
C 202
R
P 0x7f2a7c191628
C 342
R
P 0x7f2a7c191628
$ |slotflowPriorityStart|
P 0x7f2a7c19b1e8
C 51
= 0x7f2a7c19c2a8
R
P 0x7f2a7c191628
C 342
R
P 0x7f2a7c191628
P 0x7f2a7c19c2a8
C 257
R
P 0x7f2a7c191628
C 342
R
P 0x7f2a7c191628
P 0x7f2a7c19c2a8
C 254
= 0x7f2a7c19b1e8
R
P 0x7f2a7c191628
C 342
R
P 0x7f2a7c191628
P 0x7f2a7c19b1e8
C 209
R
P 0x7f2a7c191628
C 342
R
P 0x7f2a7c191628
P 0x7f2a7c19c2a8
C 260
R
P 0x7f2a7c191628
C 342
R
P 0x7f2a7c191628
P 0x7f2a7c19c2a8
C 259
R
P 0x7f2a7c191628
C 342
R
P 0x7f2a7c191628
P 0x7f2a7c19c2a8
C 258
R
P 0x7f2a7c191628
C 342
R
P 0x7f2a7c191628
P 0x7f2a7c19c2a8
C 9
R
P 0x7f2a7c191628
C 342
R
P 0x7f2a7c191628
I 0
P 0x7f2a7c19b208
C 150
= 0x7f2a7c19bd08
R
P 0x7f2a7c191628
C 342
R
P 0x7f2a7c191628
P 0x7f2a7c19bd08
C 258
R
P 0x7f2a7c191628
C 342
R
P 0x7f2a7c191628
P 0x7f2a7c19bd08
C 9
R
P 0x7f2a7c191628
C 342
R
P 0x7f2a7c191628
I 1
P 0x7f2a7c19b208
C 150
= 0x7f2a7c19bc88
R
P 0x7f2a7c191628
C 342
R
P 0x7f2a7c191628
P 0x7f2a7c19bc88
C 258
R
P 0x7f2a7c191628
C 342
R
P 0x7f2a7c191628
P 0x7f2a7c19bc88
C 9
R
P 0x7f2a7c191628
C 342
R
P 0x7f2a7c191628
P 0x7f2a7c19bd08
P 0x7f2a7c19bc88
C 75
= 0x7f2a7c486fa0
R
P 0x7f2a7c191628
C 342
R
P 0x7f2a7c191628
P 0x7f2a7c486fa0
C 258
R
P 0x7f2a7c191628
C 342
R
P 0x7f2a7c191628
P 0x7f2a7c486fa0
C 9
R
P 0x7f2a7c191628
C 342
R
P 0x7f2a7c191628
I 1
P 0x7f2a7c19b208
C 150
= 0x7f2a7c19bc88
R
P 0x7f2a7c191628
C 342
R
P 0x7f2a7c191628
P 0x7f2a7c19bc88
C 258
R
P 0x7f2a7c191628
C 342
R
P 0x7f2a7c191628
P 0x7f2a7c19bc88
C 9
R
P 0x7f2a7c191628
C 342
R
P 0x7f2a7c191628
U 2
P 0x7f2a7c19bd08
P 0x7f2a7c19bc88
p 2
C 67
= 0x7f2a7c486fd8
R
P 0x7f2a7c191628
C 342
R
P 0x7f2a7c191628
P 0x7f2a7c486fd8
C 257
R
P 0x7f2a7c191628
C 342
R
P 0x7f2a7c191628
P 0x7f2a7c486fd8
C 254
= 0x7f2a7c19b208
R
P 0x7f2a7c191628
C 342
R
P 0x7f2a7c191628
P 0x7f2a7c19b208
C 209
R
P 0x7f2a7c191628
C 342
R
P 0x7f2a7c191628
P 0x7f2a7c486fd8
C 260
R
P 0x7f2a7c191628
C 342
R
P 0x7f2a7c191628
P 0x7f2a7c486fd8
C 259
R
P 0x7f2a7c191628
C 342
R
P 0x7f2a7c191628
P 0x7f2a7c486fd8
C 258
R
P 0x7f2a7c191628
C 342
R
P 0x7f2a7c191628
P 0x7f2a7c486fd8
C 9
R
P 0x7f2a7c191628
C 342
R
P 0x7f2a7c191628
U 2
P 0x7f2a7c19bbe8
P 0x7f2a7c486fd8
p 2
C 66
= 0x7f2a7c487940
R
P 0x7f2a7c191628
C 342
R
P 0x7f2a7c191628
P 0x7f2a7c487940
C 257
R
P 0x7f2a7c191628
C 342
R
P 0x7f2a7c191628
P 0x7f2a7c487940
C 254
= 0x7f2a7c19b208
R
P 0x7f2a7c191628
C 342
R
P 0x7f2a7c191628
P 0x7f2a7c19b208
C 209
R
P 0x7f2a7c191628
C 342
R
P 0x7f2a7c191628
P 0x7f2a7c487940
C 260
R
P 0x7f2a7c191628
C 342
R
P 0x7f2a7c191628
P 0x7f2a7c487940
C 259
R
P 0x7f2a7c191628
C 342
R
P 0x7f2a7c191628
P 0x7f2a7c487940
C 258
R
P 0x7f2a7c191628
C 342
R
P 0x7f2a7c191628
P 0x7f2a7c487940
C 9
R
P 0x7f2a7c191628
C 342
R
P 0x7f2a7c191628
U 2
P 0x7f2a7c19bb88
P 0x7f2a7c487940
p 2
C 65
= 0x7f2a7c487978
R
P 0x7f2a7c191628
C 342
R
P 0x7f2a7c191628
P 0x7f2a7c487978
C 257
R
P 0x7f2a7c191628
C 342
R
P 0x7f2a7c191628
P 0x7f2a7c487978
C 254
= 0x7f2a7c19b1e8
R
P 0x7f2a7c191628
C 342
R
P 0x7f2a7c191628
P 0x7f2a7c19b1e8
C 209
R
P 0x7f2a7c191628
C 342
R
P 0x7f2a7c191628
P 0x7f2a7c487978
C 260
R
P 0x7f2a7c191628
C 342
R
P 0x7f2a7c191628
P 0x7f2a7c487978
C 259
R
P 0x7f2a7c191628
C 342
R
P 0x7f2a7c191628
P 0x7f2a7c487978
C 258
R
P 0x7f2a7c191628
C 342
R
P 0x7f2a7c191628
P 0x7f2a7c487978
C 9
R
P 0x7f2a7c191628
C 342
R
P 0x7f2a7c191628
P 0x7f2a7c486fa0
P 0x7f2a7c487978
P 0x7f2a7c19bb88
C 59
= 0x7f2a7c19fa08
R
P 0x7f2a7c191628
C 342
R
P 0x7f2a7c191628
P 0x7f2a7c19fa08
C 257
R
P 0x7f2a7c191628
C 342
R
P 0x7f2a7c191628
P 0x7f2a7c19fa08
C 254
= 0x7f2a7c19b1e8
R
P 0x7f2a7c191628
C 342
R
P 0x7f2a7c191628
P 0x7f2a7c19b1e8
C 209
R
P 0x7f2a7c191628
C 342
R
P 0x7f2a7c191628
P 0x7f2a7c19fa08
C 260
R
P 0x7f2a7c191628
C 342
R
P 0x7f2a7c191628
P 0x7f2a7c19fa08
C 259
R
P 0x7f2a7c191628
C 342
R
P 0x7f2a7c191628
P 0x7f2a7c19fa08
C 258
R
P 0x7f2a7c191628
C 342
R
P 0x7f2a7c191628
P 0x7f2a7c19fa08
C 9
R
P 0x7f2a7c191628
C 342
R
P 0x7f2a7c191628
U 2
P 0x7f2a7c19c2a8
P 0x7f2a7c19fa08
p 2
C 65
= 0x7f2a7c487a58
R
P 0x7f2a7c191628
C 342
R
P 0x7f2a7c191628
P 0x7f2a7c487a58
C 257
R
P 0x7f2a7c191628
C 342
R
P 0x7f2a7c191628
P 0x7f2a7c487a58
C 254
= 0x7f2a7c19b1e8
R
P 0x7f2a7c191628
C 342
R
P 0x7f2a7c191628
P 0x7f2a7c19b1e8
C 209
R
P 0x7f2a7c191628
C 342
R
P 0x7f2a7c191628
P 0x7f2a7c487a58
C 260
R
P 0x7f2a7c191628
C 342
R
P 0x7f2a7c191628
P 0x7f2a7c487a58
C 259
R
P 0x7f2a7c191628
C 342
R
P 0x7f2a7c191628
P 0x7f2a7c487a58
C 258
R
P 0x7f2a7c191628
C 342
R
P 0x7f2a7c191628
P 0x7f2a7c487a58
C 9
R
P 0x7f2a7c191628
C 342
R
P 0x7f2a7c191628
P 0x7f2a7c1a1970
P 0x7f2a7c487a58
C 76
= 0x7f2a7c488878
R
P 0x7f2a7c191628
C 342
R
P 0x7f2a7c191628
P 0x7f2a7c488878
C 258
R
P 0x7f2a7c191628
C 342
R
P 0x7f2a7c191628
P 0x7f2a7c488878
C 9
R
P 0x7f2a7c191628
C 342
R
P 0x7f2a7c191628
U 2
P 0x7f2a7c4887e8
P 0x7f2a7c488878
p 2
C 63
= 0x7f2a7c4888b0
R
P 0x7f2a7c191628
C 342
R
P 0x7f2a7c191628
P 0x7f2a7c4888b0
C 258
R
P 0x7f2a7c191628
C 342
R
P 0x7f2a7c191628
P 0x7f2a7c4888b0
C 9
R
P 0x7f2a7c191628
C 342
R
P 0x7f2a7c191628
I 2
P 0x7f2a7c19b208
C 150
= 0x7f2a7c19bcc8
R
P 0x7f2a7c191628
C 342
R
P 0x7f2a7c191628
P 0x7f2a7c19bcc8
C 258
R
P 0x7f2a7c191628
C 342
R
P 0x7f2a7c191628
P 0x7f2a7c19bcc8
C 9
R
P 0x7f2a7c191628
C 342
R
P 0x7f2a7c191628
P 0x7f2a7c19bcc8
C 263
R
P 0x7f2a7c191628
C 342
R
P 0x7f2a7c191628
S "dev0T32"
C 30
R
P 0x7f2a7c191628
C 342
R
P 0x7f2a7c191628
$ |dev0T32|
C 202
R
P 0x7f2a7c191628
C 342
R
P 0x7f2a7c191628
$ |dev0T32|
P 0x7f2a7c19b1e8
C 51
= 0x7f2a7c19bce8
R
P 0x7f2a7c191628
C 342
R
P 0x7f2a7c191628
P 0x7f2a7c19bce8
C 257
R
P 0x7f2a7c191628
C 342
R
P 0x7f2a7c191628
P 0x7f2a7c19bce8
C 254
= 0x7f2a7c19b1e8
R
P 0x7f2a7c191628
C 342
R
P 0x7f2a7c191628
P 0x7f2a7c19b1e8
C 209
R
P 0x7f2a7c191628
C 342
R
P 0x7f2a7c191628
P 0x7f2a7c19bce8
C 260
R
P 0x7f2a7c191628
C 342
R
P 0x7f2a7c191628
P 0x7f2a7c19bce8
C 259
R
P 0x7f2a7c191628
C 342
R
P 0x7f2a7c191628
P 0x7f2a7c19bce8
C 258
R
P 0x7f2a7c191628
C 342
R
P 0x7f2a7c191628
P 0x7f2a7c19bce8
C 9
R
P 0x7f2a7c191628
C 342
R
P 0x7f2a7c191628
I 2
P 0x7f2a7c19b208
C 150
= 0x7f2a7c19bcc8
R
P 0x7f2a7c191628
C 342
R
P 0x7f2a7c191628
P 0x7f2a7c19bcc8
C 258
R
P 0x7f2a7c191628
C 342
R
P 0x7f2a7c191628
P 0x7f2a7c19bcc8
C 9
R
P 0x7f2a7c191628
C 342
R
P 0x7f2a7c191628
I 1
P 0x7f2a7c19b208
C 150
= 0x7f2a7c19bc88
R
P 0x7f2a7c191628
C 342
R
P 0x7f2a7c191628
P 0x7f2a7c19bc88
C 258
R
P 0x7f2a7c191628
C 342
R
P 0x7f2a7c191628
P 0x7f2a7c19bc88
C 9
R
P 0x7f2a7c191628
C 342
R
P 0x7f2a7c191628
P 0x7f2a7c19bcc8
P 0x7f2a7c19bc88
C 75
= 0x7f2a7c1a1890
R
P 0x7f2a7c191628
C 342
R
P 0x7f2a7c191628
P 0x7f2a7c1a1890
C 258
R
P 0x7f2a7c191628
C 342
R
P 0x7f2a7c191628
P 0x7f2a7c1a1890
C 9
R
P 0x7f2a7c191628
C 342
R
P 0x7f2a7c191628
I 1
P 0x7f2a7c19b208
C 150
= 0x7f2a7c19bc88
R
P 0x7f2a7c191628
C 342
R
P 0x7f2a7c191628
P 0x7f2a7c19bc88
C 258
R
P 0x7f2a7c191628
C 342
R
P 0x7f2a7c191628
P 0x7f2a7c19bc88
C 9
R
P 0x7f2a7c191628
C 342
R
P 0x7f2a7c191628
U 2
P 0x7f2a7c19bcc8
P 0x7f2a7c19bc88
p 2
C 67
= 0x7f2a7c1a18c8
R
P 0x7f2a7c191628
C 342
R
P 0x7f2a7c191628
P 0x7f2a7c1a18c8
C 257
R
P 0x7f2a7c191628
C 342
R
P 0x7f2a7c191628
P 0x7f2a7c1a18c8
C 254
= 0x7f2a7c19b208
R
P 0x7f2a7c191628
C 342
R
P 0x7f2a7c191628
P 0x7f2a7c19b208
C 209
R
P 0x7f2a7c191628
C 342
R
P 0x7f2a7c191628
P 0x7f2a7c1a18c8
C 260
R
P 0x7f2a7c191628
C 342
R
P 0x7f2a7c191628
P 0x7f2a7c1a18c8
C 259
R
P 0x7f2a7c191628
C 342
R
P 0x7f2a7c191628
P 0x7f2a7c1a18c8
C 258
R
P 0x7f2a7c191628
C 342
R
P 0x7f2a7c191628
P 0x7f2a7c1a18c8
C 9
R
P 0x7f2a7c191628
C 342
R
P 0x7f2a7c191628
U 2
P 0x7f2a7c19bba8
P 0x7f2a7c1a18c8
p 2
C 66
= 0x7f2a7c1a1900
R
P 0x7f2a7c191628
C 342
R
P 0x7f2a7c191628
P 0x7f2a7c1a1900
C 257
R
P 0x7f2a7c191628
C 342
R
P 0x7f2a7c191628
P 0x7f2a7c1a1900
C 254
= 0x7f2a7c19b1e8
R
P 0x7f2a7c191628
C 342
R
P 0x7f2a7c191628
P 0x7f2a7c19b1e8
C 209
R
P 0x7f2a7c191628
C 342
R
P 0x7f2a7c191628
P 0x7f2a7c1a1900
C 260
R
P 0x7f2a7c191628
C 342
R
P 0x7f2a7c191628
P 0x7f2a7c1a1900
C 259
R
P 0x7f2a7c191628
C 342
R
P 0x7f2a7c191628
P 0x7f2a7c1a1900
C 258
R
P 0x7f2a7c191628
C 342
R
P 0x7f2a7c191628
P 0x7f2a7c1a1900
C 9
R
P 0x7f2a7c191628
C 342
R
P 0x7f2a7c191628
U 2
P 0x7f2a7c19bc28
P 0x7f2a7c1a1900
p 2
C 65
= 0x7f2a7c1a1938
R
P 0x7f2a7c191628
C 342
R
P 0x7f2a7c191628
P 0x7f2a7c1a1938
C 257
R
P 0x7f2a7c191628
C 342
R
P 0x7f2a7c191628
P 0x7f2a7c1a1938
C 254
= 0x7f2a7c19b1e8
R
P 0x7f2a7c191628
C 342
R
P 0x7f2a7c191628
P 0x7f2a7c19b1e8
C 209
R
P 0x7f2a7c191628
C 342
R
P 0x7f2a7c191628
P 0x7f2a7c1a1938
C 260
R
P 0x7f2a7c191628
C 342
R
P 0x7f2a7c191628
P 0x7f2a7c1a1938
C 259
R
P 0x7f2a7c191628
C 342
R
P 0x7f2a7c191628
P 0x7f2a7c1a1938
C 258
R
P 0x7f2a7c191628
C 342
R
P 0x7f2a7c191628
P 0x7f2a7c1a1938
C 9
R
P 0x7f2a7c191628
C 342
R
P 0x7f2a7c191628
P 0x7f2a7c1a1890
P 0x7f2a7c1a1938
P 0x7f2a7c19bc28
C 59
= 0x7f2a7c19f888
R
P 0x7f2a7c191628
C 342
R
P 0x7f2a7c191628
P 0x7f2a7c19f888
C 257
R
P 0x7f2a7c191628
C 342
R
P 0x7f2a7c191628
P 0x7f2a7c19f888
C 254
= 0x7f2a7c19b1e8
R
P 0x7f2a7c191628
C 342
R
P 0x7f2a7c191628
P 0x7f2a7c19b1e8
C 209
R
P 0x7f2a7c191628
C 342
R
P 0x7f2a7c191628
P 0x7f2a7c19f888
C 260
R
P 0x7f2a7c191628
C 342
R
P 0x7f2a7c191628
P 0x7f2a7c19f888
C 259
R
P 0x7f2a7c191628
C 342
R
P 0x7f2a7c191628
P 0x7f2a7c19f888
C 258
R
P 0x7f2a7c191628
C 342
R
P 0x7f2a7c191628
P 0x7f2a7c19f888
C 9
R
P 0x7f2a7c191628
C 342
R
P 0x7f2a7c191628
U 2
P 0x7f2a7c19f888
P 0x7f2a7c19bb48
p 2
C 65
= 0x7f2a7c1a1970
R
P 0x7f2a7c191628
C 342
R
P 0x7f2a7c191628
P 0x7f2a7c1a1970
C 257
R
P 0x7f2a7c191628
C 342
R
P 0x7f2a7c191628
P 0x7f2a7c1a1970
C 254
= 0x7f2a7c19b1e8
R
P 0x7f2a7c191628
C 342
R
P 0x7f2a7c191628
P 0x7f2a7c19b1e8
C 209
R
P 0x7f2a7c191628
C 342
R
P 0x7f2a7c191628
P 0x7f2a7c1a1970
C 260
R
P 0x7f2a7c191628
C 342
R
P 0x7f2a7c191628
P 0x7f2a7c1a1970
C 259
R
P 0x7f2a7c191628
C 342
R
P 0x7f2a7c191628
P 0x7f2a7c1a1970
C 258
R
P 0x7f2a7c191628
C 342
R
P 0x7f2a7c191628
P 0x7f2a7c1a1970
C 9
R
P 0x7f2a7c191628
C 342
R
P 0x7f2a7c191628
U 2
P 0x7f2a7c1a1970
P 0x7f2a7c19bb68
p 2
C 65
= 0x7f2a7c487198
R
P 0x7f2a7c191628
C 342
R
P 0x7f2a7c191628
P 0x7f2a7c487198
C 257
R
P 0x7f2a7c191628
C 342
R
P 0x7f2a7c191628
P 0x7f2a7c487198
C 254
= 0x7f2a7c19b1e8
R
P 0x7f2a7c191628
C 342
R
P 0x7f2a7c191628
P 0x7f2a7c19b1e8
C 209
R
P 0x7f2a7c191628
C 342
R
P 0x7f2a7c191628
P 0x7f2a7c487198
C 260
R
P 0x7f2a7c191628
C 342
R
P 0x7f2a7c191628
P 0x7f2a7c487198
C 259
R
P 0x7f2a7c191628
C 342
R
P 0x7f2a7c191628
P 0x7f2a7c487198
C 258
R
P 0x7f2a7c191628
C 342
R
P 0x7f2a7c191628
P 0x7f2a7c487198
C 9
R
P 0x7f2a7c191628
C 342
R
P 0x7f2a7c191628
P 0x7f2a7c19bce8
P 0x7f2a7c487198
C 56
= 0x7f2a7c4888e8
R
P 0x7f2a7c191628
C 342
R
P 0x7f2a7c191628
P 0x7f2a7c4888e8
C 258
R
P 0x7f2a7c191628
C 342
R
P 0x7f2a7c191628
P 0x7f2a7c4888e8
C 9
R
P 0x7f2a7c191628
C 342
R
P 0x7f2a7c191628
P 0x7f2a7c4888b0
P 0x7f2a7c4888e8
C 61
= 0x7f2a7c488920
R
P 0x7f2a7c191628
C 342
R
P 0x7f2a7c191628
P 0x7f2a7c488920
C 258
R
P 0x7f2a7c191628
C 342
R
P 0x7f2a7c191628
P 0x7f2a7c488920
C 9
R
P 0x7f2a7c191628
C 342
R
P 0x7f2a7c191628
P 0x7f2a7c1e1fc8
P 0x7f2a7c488920
C 427
R
P 0x7f2a7c191628
C 342
R
P 0x7f2a7c191628
I 2
P 0x7f2a7c19b208
C 150
= 0x7f2a7c19bcc8
R
P 0x7f2a7c191628
C 342
R
P 0x7f2a7c191628
P 0x7f2a7c19bcc8
C 258
R
P 0x7f2a7c191628
C 342
R
P 0x7f2a7c191628
P 0x7f2a7c19bcc8
C 9
R
P 0x7f2a7c191628
C 342
R
P 0x7f2a7c191628
I 1
P 0x7f2a7c19b208
C 150
= 0x7f2a7c19bc88
R
P 0x7f2a7c191628
C 342
R
P 0x7f2a7c191628
P 0x7f2a7c19bc88
C 258
R
P 0x7f2a7c191628
C 342
R
P 0x7f2a7c191628
P 0x7f2a7c19bc88
C 9
R
P 0x7f2a7c191628
C 342
R
P 0x7f2a7c191628
P 0x7f2a7c19bcc8
P 0x7f2a7c19bc88
C 75
= 0x7f2a7c1a1890
R
P 0x7f2a7c191628
C 342
R
P 0x7f2a7c191628
P 0x7f2a7c1a1890
C 258
R
P 0x7f2a7c191628
C 342
R
P 0x7f2a7c191628
P 0x7f2a7c1a1890
C 9
R
P 0x7f2a7c191628
C 342
R
P 0x7f2a7c191628
I 1
P 0x7f2a7c19b208
C 150
= 0x7f2a7c19bc88
R
P 0x7f2a7c191628
C 342
R
P 0x7f2a7c191628
P 0x7f2a7c19bc88
C 258
R
P 0x7f2a7c191628
C 342
R
P 0x7f2a7c191628
P 0x7f2a7c19bc88
C 9
R
P 0x7f2a7c191628
C 342
R
P 0x7f2a7c191628
U 2
P 0x7f2a7c19bcc8
P 0x7f2a7c19bc88
p 2
C 67
= 0x7f2a7c1a18c8
R
P 0x7f2a7c191628
C 342
R
P 0x7f2a7c191628
P 0x7f2a7c1a18c8
C 257
R
P 0x7f2a7c191628
C 342
R
P 0x7f2a7c191628
P 0x7f2a7c1a18c8
C 254
= 0x7f2a7c19b208
R
P 0x7f2a7c191628
C 342
R
P 0x7f2a7c191628
P 0x7f2a7c19b208
C 209
R
P 0x7f2a7c191628
C 342
R
P 0x7f2a7c191628
P 0x7f2a7c1a18c8
C 260
R
P 0x7f2a7c191628
C 342
R
P 0x7f2a7c191628
P 0x7f2a7c1a18c8
C 259
R
P 0x7f2a7c191628
C 342
R
P 0x7f2a7c191628
P 0x7f2a7c1a18c8
C 258
R
P 0x7f2a7c191628
C 342
R
P 0x7f2a7c191628
P 0x7f2a7c1a18c8
C 9
R
P 0x7f2a7c191628
C 342
R
P 0x7f2a7c191628
U 2
P 0x7f2a7c19bba8
P 0x7f2a7c1a18c8
p 2
C 66
= 0x7f2a7c1a1900
R
P 0x7f2a7c191628
C 342
R
P 0x7f2a7c191628
P 0x7f2a7c1a1900
C 257
R
P 0x7f2a7c191628
C 342
R
P 0x7f2a7c191628
P 0x7f2a7c1a1900
C 254
= 0x7f2a7c19b1e8
R
P 0x7f2a7c191628
C 342
R
P 0x7f2a7c191628
P 0x7f2a7c19b1e8
C 209
R
P 0x7f2a7c191628
C 342
R
P 0x7f2a7c191628
P 0x7f2a7c1a1900
C 260
R
P 0x7f2a7c191628
C 342
R
P 0x7f2a7c191628
P 0x7f2a7c1a1900
C 259
R
P 0x7f2a7c191628
C 342
R
P 0x7f2a7c191628
P 0x7f2a7c1a1900
C 258
R
P 0x7f2a7c191628
C 342
R
P 0x7f2a7c191628
P 0x7f2a7c1a1900
C 9
R
P 0x7f2a7c191628
C 342
R
P 0x7f2a7c191628
U 2
P 0x7f2a7c19bc28
P 0x7f2a7c1a1900
p 2
C 65
= 0x7f2a7c1a1938
R
P 0x7f2a7c191628
C 342
R
P 0x7f2a7c191628
P 0x7f2a7c1a1938
C 257
R
P 0x7f2a7c191628
C 342
R
P 0x7f2a7c191628
P 0x7f2a7c1a1938
C 254
= 0x7f2a7c19b1e8
R
P 0x7f2a7c191628
C 342
R
P 0x7f2a7c191628
P 0x7f2a7c19b1e8
C 209
R
P 0x7f2a7c191628
C 342
R
P 0x7f2a7c191628
P 0x7f2a7c1a1938
C 260
R
P 0x7f2a7c191628
C 342
R
P 0x7f2a7c191628
P 0x7f2a7c1a1938
C 259
R
P 0x7f2a7c191628
C 342
R
P 0x7f2a7c191628
P 0x7f2a7c1a1938
C 258
R
P 0x7f2a7c191628
C 342
R
P 0x7f2a7c191628
P 0x7f2a7c1a1938
C 9
R
P 0x7f2a7c191628
C 342
R
P 0x7f2a7c191628
P 0x7f2a7c1a1890
P 0x7f2a7c1a1938
P 0x7f2a7c19bc28
C 59
= 0x7f2a7c19f888
R
P 0x7f2a7c191628
C 342
R
P 0x7f2a7c191628
P 0x7f2a7c19f888
C 257
R
P 0x7f2a7c191628
C 342
R
P 0x7f2a7c191628
P 0x7f2a7c19f888
C 254
= 0x7f2a7c19b1e8
R
P 0x7f2a7c191628
C 342
R
P 0x7f2a7c191628
P 0x7f2a7c19b1e8
C 209
R
P 0x7f2a7c191628
C 342
R
P 0x7f2a7c191628
P 0x7f2a7c19f888
C 260
R
P 0x7f2a7c191628
C 342
R
P 0x7f2a7c191628
P 0x7f2a7c19f888
C 259
R
P 0x7f2a7c191628
C 342
R
P 0x7f2a7c191628
P 0x7f2a7c19f888
C 258
R
P 0x7f2a7c191628
C 342
R
P 0x7f2a7c191628
P 0x7f2a7c19f888
C 9
R
P 0x7f2a7c191628
C 342
R
P 0x7f2a7c191628
U 2
P 0x7f2a7c19f888
P 0x7f2a7c19bb48
p 2
C 65
= 0x7f2a7c1a1970
R
P 0x7f2a7c191628
C 342
R
P 0x7f2a7c191628
P 0x7f2a7c1a1970
C 257
R
P 0x7f2a7c191628
C 342
R
P 0x7f2a7c191628
P 0x7f2a7c1a1970
C 254
= 0x7f2a7c19b1e8
R
P 0x7f2a7c191628
C 342
R
P 0x7f2a7c191628
P 0x7f2a7c19b1e8
C 209
R
P 0x7f2a7c191628
C 342
R
P 0x7f2a7c191628
P 0x7f2a7c1a1970
C 260
R
P 0x7f2a7c191628
C 342
R
P 0x7f2a7c191628
P 0x7f2a7c1a1970
C 259
R
P 0x7f2a7c191628
C 342
R
P 0x7f2a7c191628
P 0x7f2a7c1a1970
C 258
R
P 0x7f2a7c191628
C 342
R
P 0x7f2a7c191628
P 0x7f2a7c1a1970
C 9
R
P 0x7f2a7c191628
C 342
R
P 0x7f2a7c191628
P 0x7f2a7c19bc68
C 333
R
P 0x7f2a7c191628
C 342
R
P 0x7f2a7c191628
S "slotflowPriorityStart"
C 30
R
P 0x7f2a7c191628
C 342
R
P 0x7f2a7c191628
$ |slotflowPriorityStart|
C 202
R
P 0x7f2a7c191628
C 342
R
P 0x7f2a7c191628
$ |slotflowPriorityStart|
P 0x7f2a7c19b1e8
C 51
= 0x7f2a7c19c2a8
R
P 0x7f2a7c191628
C 342
R
P 0x7f2a7c191628
P 0x7f2a7c19c2a8
C 257
R
P 0x7f2a7c191628
C 342
R
P 0x7f2a7c191628
P 0x7f2a7c19c2a8
C 254
= 0x7f2a7c19b1e8
R
P 0x7f2a7c191628
C 342
R
P 0x7f2a7c191628
P 0x7f2a7c19b1e8
C 209
R
P 0x7f2a7c191628
C 342
R
P 0x7f2a7c191628
P 0x7f2a7c19c2a8
C 260
R
P 0x7f2a7c191628
C 342
R
P 0x7f2a7c191628
P 0x7f2a7c19c2a8
C 259
R
P 0x7f2a7c191628
C 342
R
P 0x7f2a7c191628
P 0x7f2a7c19c2a8
C 258
R
P 0x7f2a7c191628
C 342
R
P 0x7f2a7c191628
P 0x7f2a7c19c2a8
C 9
R
P 0x7f2a7c191628
C 342
R
P 0x7f2a7c191628
P 0x7f2a7c19bc68
C 333
R
P 0x7f2a7c191628
C 342
R
P 0x7f2a7c191628
S "slotflowPriorityDuration"
C 30
R
P 0x7f2a7c191628
C 342
R
P 0x7f2a7c191628
$ |slotflowPriorityDuration|
C 202
R
P 0x7f2a7c191628
C 342
R
P 0x7f2a7c191628
$ |slotflowPriorityDuration|
P 0x7f2a7c19b1e8
C 51
= 0x7f2a7c19c268
R
P 0x7f2a7c191628
C 342
R
P 0x7f2a7c191628
P 0x7f2a7c19c268
C 257
R
P 0x7f2a7c191628
C 342
R
P 0x7f2a7c191628
P 0x7f2a7c19c268
C 254
= 0x7f2a7c19b1e8
R
P 0x7f2a7c191628
C 342
R
P 0x7f2a7c191628
P 0x7f2a7c19b1e8
C 209
R
P 0x7f2a7c191628
C 342
R
P 0x7f2a7c191628
P 0x7f2a7c19c268
C 260
R
P 0x7f2a7c191628
C 342
R
P 0x7f2a7c191628
P 0x7f2a7c19c268
C 259
R
P 0x7f2a7c191628
C 342
R
P 0x7f2a7c191628
P 0x7f2a7c19c268
C 258
R
P 0x7f2a7c191628
C 342
R
P 0x7f2a7c191628
P 0x7f2a7c19c268
C 9
R
P 0x7f2a7c191628
C 342
R
P 0x7f2a7c191628
U 2
P 0x7f2a7c19c2a8
P 0x7f2a7c19c268
p 2
C 65
= 0x7f2a7c487908
R
P 0x7f2a7c191628
C 342
R
P 0x7f2a7c191628
P 0x7f2a7c487908
C 257
R
P 0x7f2a7c191628
C 342
R
P 0x7f2a7c191628
P 0x7f2a7c487908
C 254
= 0x7f2a7c19b1e8
R
P 0x7f2a7c191628
C 342
R
P 0x7f2a7c191628
P 0x7f2a7c19b1e8
C 209
R
P 0x7f2a7c191628
C 342
R
P 0x7f2a7c191628
P 0x7f2a7c487908
C 260
R
P 0x7f2a7c191628
C 342
R
P 0x7f2a7c191628
P 0x7f2a7c487908
C 259
R
P 0x7f2a7c191628
C 342
R
P 0x7f2a7c191628
P 0x7f2a7c487908
C 258
R
P 0x7f2a7c191628
C 342
R
P 0x7f2a7c191628
P 0x7f2a7c487908
C 9
R
P 0x7f2a7c191628
C 342
R
P 0x7f2a7c191628
I 1
P 0x7f2a7c19b208
C 150
= 0x7f2a7c19bc88
R
P 0x7f2a7c191628
C 342
R
P 0x7f2a7c191628
P 0x7f2a7c19bc88
C 258
R
P 0x7f2a7c191628
C 342
R
P 0x7f2a7c191628
P 0x7f2a7c19bc88
C 9
R
P 0x7f2a7c191628
C 342
R
P 0x7f2a7c191628
I 1
P 0x7f2a7c19b208
C 150
= 0x7f2a7c19bc88
R
P 0x7f2a7c191628
C 342
R
P 0x7f2a7c191628
P 0x7f2a7c19bc88
C 258
R
P 0x7f2a7c191628
C 342
R
P 0x7f2a7c191628
P 0x7f2a7c19bc88
C 9
R
P 0x7f2a7c191628
C 342
R
P 0x7f2a7c191628
P 0x7f2a7c19bc88
P 0x7f2a7c19bc88
C 75
= 0x7f2a7c1a1778
R
P 0x7f2a7c191628
C 342
R
P 0x7f2a7c191628
P 0x7f2a7c1a1778
C 258
R
P 0x7f2a7c191628
C 342
R
P 0x7f2a7c191628
P 0x7f2a7c1a1778
C 9
R
P 0x7f2a7c191628
C 342
R
P 0x7f2a7c191628
I 1
P 0x7f2a7c19b208
C 150
= 0x7f2a7c19bc88
R
P 0x7f2a7c191628
C 342
R
P 0x7f2a7c191628
P 0x7f2a7c19bc88
C 258
R
P 0x7f2a7c191628
C 342
R
P 0x7f2a7c191628
P 0x7f2a7c19bc88
C 9
R
P 0x7f2a7c191628
C 342
R
P 0x7f2a7c191628
U 2
P 0x7f2a7c19bc88
P 0x7f2a7c19bc88
p 2
C 67
= 0x7f2a7c1a17b0
R
P 0x7f2a7c191628
C 342
R
P 0x7f2a7c191628
P 0x7f2a7c1a17b0
C 257
R
P 0x7f2a7c191628
C 342
R
P 0x7f2a7c191628
P 0x7f2a7c1a17b0
C 254
= 0x7f2a7c19b208
R
P 0x7f2a7c191628
C 342
R
P 0x7f2a7c191628
P 0x7f2a7c19b208
C 209
R
P 0x7f2a7c191628
C 342
R
P 0x7f2a7c191628
P 0x7f2a7c1a17b0
C 260
R
P 0x7f2a7c191628
C 342
R
P 0x7f2a7c191628
P 0x7f2a7c1a17b0
C 259
R
P 0x7f2a7c191628
C 342
R
P 0x7f2a7c191628
P 0x7f2a7c1a17b0
C 258
R
P 0x7f2a7c191628
C 342
R
P 0x7f2a7c191628
P 0x7f2a7c1a17b0
C 9
R
P 0x7f2a7c191628
C 342
R
P 0x7f2a7c191628
U 2
P 0x7f2a7c19bbe8
P 0x7f2a7c1a17b0
p 2
C 66
= 0x7f2a7c487b70
R
P 0x7f2a7c191628
C 342
R
P 0x7f2a7c191628
P 0x7f2a7c487b70
C 257
R
P 0x7f2a7c191628
C 342
R
P 0x7f2a7c191628
P 0x7f2a7c487b70
C 254
= 0x7f2a7c19b208
R
P 0x7f2a7c191628
C 342
R
P 0x7f2a7c191628
P 0x7f2a7c19b208
C 209
R
P 0x7f2a7c191628
C 342
R
P 0x7f2a7c191628
P 0x7f2a7c487b70
C 260
R
P 0x7f2a7c191628
C 342
R
P 0x7f2a7c191628
P 0x7f2a7c487b70
C 259
R
P 0x7f2a7c191628
C 342
R
P 0x7f2a7c191628
P 0x7f2a7c487b70
C 258
R
P 0x7f2a7c191628
C 342
R
P 0x7f2a7c191628
P 0x7f2a7c487b70
C 9
R
P 0x7f2a7c191628
C 342
R
P 0x7f2a7c191628
U 2
P 0x7f2a7c19bb88
P 0x7f2a7c487b70
p 2
C 65
= 0x7f2a7c487ba8
R
P 0x7f2a7c191628
C 342
R
P 0x7f2a7c191628
P 0x7f2a7c487ba8
C 257
R
P 0x7f2a7c191628
C 342
R
P 0x7f2a7c191628
P 0x7f2a7c487ba8
C 254
= 0x7f2a7c19b1e8
R
P 0x7f2a7c191628
C 342
R
P 0x7f2a7c191628
P 0x7f2a7c19b1e8
C 209
R
P 0x7f2a7c191628
C 342
R
P 0x7f2a7c191628
P 0x7f2a7c487ba8
C 260
R
P 0x7f2a7c191628
C 342
R
P 0x7f2a7c191628
P 0x7f2a7c487ba8
C 259
R
P 0x7f2a7c191628
C 342
R
P 0x7f2a7c191628
P 0x7f2a7c487ba8
C 258
R
P 0x7f2a7c191628
C 342
R
P 0x7f2a7c191628
P 0x7f2a7c487ba8
C 9
R
P 0x7f2a7c191628
C 342
R
P 0x7f2a7c191628
P 0x7f2a7c1a1778
P 0x7f2a7c487ba8
P 0x7f2a7c19bb88
C 59
= 0x7f2a7c19fa48
R
P 0x7f2a7c191628
C 342
R
P 0x7f2a7c191628
P 0x7f2a7c19fa48
C 257
R
P 0x7f2a7c191628
C 342
R
P 0x7f2a7c191628
P 0x7f2a7c19fa48
C 254
= 0x7f2a7c19b1e8
R
P 0x7f2a7c191628
C 342
R
P 0x7f2a7c191628
P 0x7f2a7c19b1e8
C 209
R
P 0x7f2a7c191628
C 342
R
P 0x7f2a7c191628
P 0x7f2a7c19fa48
C 260
R
P 0x7f2a7c191628
C 342
R
P 0x7f2a7c191628
P 0x7f2a7c19fa48
C 259
R
P 0x7f2a7c191628
C 342
R
P 0x7f2a7c191628
P 0x7f2a7c19fa48
C 258
R
P 0x7f2a7c191628
C 342
R
P 0x7f2a7c191628
P 0x7f2a7c19fa48
C 9
R
P 0x7f2a7c191628
C 342
R
P 0x7f2a7c191628
U 2
P 0x7f2a7c487908
P 0x7f2a7c19fa48
p 2
C 65
= 0x7f2a7c487be0
R
P 0x7f2a7c191628
C 342
R
P 0x7f2a7c191628
P 0x7f2a7c487be0
C 257
R
P 0x7f2a7c191628
C 342
R
P 0x7f2a7c191628
P 0x7f2a7c487be0
C 254
= 0x7f2a7c19b1e8
R
P 0x7f2a7c191628
C 342
R
P 0x7f2a7c191628
P 0x7f2a7c19b1e8
C 209
R
P 0x7f2a7c191628
C 342
R
P 0x7f2a7c191628
P 0x7f2a7c487be0
C 260
R
P 0x7f2a7c191628
C 342
R
P 0x7f2a7c191628
P 0x7f2a7c487be0
C 259
R
P 0x7f2a7c191628
C 342
R
P 0x7f2a7c191628
P 0x7f2a7c487be0
C 258
R
P 0x7f2a7c191628
C 342
R
P 0x7f2a7c191628
P 0x7f2a7c487be0
C 9
R
P 0x7f2a7c191628
C 342
R
P 0x7f2a7c191628
U 2
P 0x7f2a7c487be0
P 0x7f2a7c19bb68
p 2
C 67
= 0x7f2a7c487c18
R
P 0x7f2a7c191628
C 342
R
P 0x7f2a7c191628
P 0x7f2a7c487c18
C 257
R
P 0x7f2a7c191628
C 342
R
P 0x7f2a7c191628
P 0x7f2a7c487c18
C 254
= 0x7f2a7c19b1e8
R
P 0x7f2a7c191628
C 342
R
P 0x7f2a7c191628
P 0x7f2a7c19b1e8
C 209
R
P 0x7f2a7c191628
C 342
R
P 0x7f2a7c191628
P 0x7f2a7c487c18
C 260
R
P 0x7f2a7c191628
C 342
R
P 0x7f2a7c191628
P 0x7f2a7c487c18
C 259
R
P 0x7f2a7c191628
C 342
R
P 0x7f2a7c191628
P 0x7f2a7c487c18
C 258
R
P 0x7f2a7c191628
C 342
R
P 0x7f2a7c191628
P 0x7f2a7c487c18
C 9
R
P 0x7f2a7c191628
C 342
R
P 0x7f2a7c191628
P 0x7f2a7c1a1970
P 0x7f2a7c487c18
C 74
= 0x7f2a7c488958
R
P 0x7f2a7c191628
C 342
R
P 0x7f2a7c191628
P 0x7f2a7c488958
C 258
R
P 0x7f2a7c191628
C 342
R
P 0x7f2a7c191628
P 0x7f2a7c488958
C 9
R
P 0x7f2a7c191628
C 342
R
P 0x7f2a7c191628
I 2
P 0x7f2a7c19b208
C 150
= 0x7f2a7c19bcc8
R
P 0x7f2a7c191628
C 342
R
P 0x7f2a7c191628
P 0x7f2a7c19bcc8
C 258
R
P 0x7f2a7c191628
C 342
R
P 0x7f2a7c191628
P 0x7f2a7c19bcc8
C 9
R
P 0x7f2a7c191628
C 342
R
P 0x7f2a7c191628
I 1
P 0x7f2a7c19b208
C 150
= 0x7f2a7c19bc88
R
P 0x7f2a7c191628
C 342
R
P 0x7f2a7c191628
P 0x7f2a7c19bc88
C 258
R
P 0x7f2a7c191628
C 342
R
P 0x7f2a7c191628
P 0x7f2a7c19bc88
C 9
R
P 0x7f2a7c191628
C 342
R
P 0x7f2a7c191628
P 0x7f2a7c19bcc8
P 0x7f2a7c19bc88
C 75
= 0x7f2a7c1a1890
R
P 0x7f2a7c191628
C 342
R
P 0x7f2a7c191628
P 0x7f2a7c1a1890
C 258
R
P 0x7f2a7c191628
C 342
R
P 0x7f2a7c191628
P 0x7f2a7c1a1890
C 9
R
P 0x7f2a7c191628
C 342
R
P 0x7f2a7c191628
I 1
P 0x7f2a7c19b208
C 150
= 0x7f2a7c19bc88
R
P 0x7f2a7c191628
C 342
R
P 0x7f2a7c191628
P 0x7f2a7c19bc88
C 258
R
P 0x7f2a7c191628
C 342
R
P 0x7f2a7c191628
P 0x7f2a7c19bc88
C 9
R
P 0x7f2a7c191628
C 342
R
P 0x7f2a7c191628
U 2
P 0x7f2a7c19bcc8
P 0x7f2a7c19bc88
p 2
C 67
= 0x7f2a7c1a18c8
R
P 0x7f2a7c191628
C 342
R
P 0x7f2a7c191628
P 0x7f2a7c1a18c8
C 257
R
P 0x7f2a7c191628
C 342
R
P 0x7f2a7c191628
P 0x7f2a7c1a18c8
C 254
= 0x7f2a7c19b208
R
P 0x7f2a7c191628
C 342
R
P 0x7f2a7c191628
P 0x7f2a7c19b208
C 209
R
P 0x7f2a7c191628
C 342
R
P 0x7f2a7c191628
P 0x7f2a7c1a18c8
C 260
R
P 0x7f2a7c191628
C 342
R
P 0x7f2a7c191628
P 0x7f2a7c1a18c8
C 259
R
P 0x7f2a7c191628
C 342
R
P 0x7f2a7c191628
P 0x7f2a7c1a18c8
C 258
R
P 0x7f2a7c191628
C 342
R
P 0x7f2a7c191628
P 0x7f2a7c1a18c8
C 9
R
P 0x7f2a7c191628
C 342
R
P 0x7f2a7c191628
U 2
P 0x7f2a7c19bba8
P 0x7f2a7c1a18c8
p 2
C 66
= 0x7f2a7c1a1900
R
P 0x7f2a7c191628
C 342
R
P 0x7f2a7c191628
P 0x7f2a7c1a1900
C 257
R
P 0x7f2a7c191628
C 342
R
P 0x7f2a7c191628
P 0x7f2a7c1a1900
C 254
= 0x7f2a7c19b1e8
R
P 0x7f2a7c191628
C 342
R
P 0x7f2a7c191628
P 0x7f2a7c19b1e8
C 209
R
P 0x7f2a7c191628
C 342
R
P 0x7f2a7c191628
P 0x7f2a7c1a1900
C 260
R
P 0x7f2a7c191628
C 342
R
P 0x7f2a7c191628
P 0x7f2a7c1a1900
C 259
R
P 0x7f2a7c191628
C 342
R
P 0x7f2a7c191628
P 0x7f2a7c1a1900
C 258
R
P 0x7f2a7c191628
C 342
R
P 0x7f2a7c191628
P 0x7f2a7c1a1900
C 9
R
P 0x7f2a7c191628
C 342
R
P 0x7f2a7c191628
U 2
P 0x7f2a7c19bc28
P 0x7f2a7c1a1900
p 2
C 65
= 0x7f2a7c1a1938
R
P 0x7f2a7c191628
C 342
R
P 0x7f2a7c191628
P 0x7f2a7c1a1938
C 257
R
P 0x7f2a7c191628
C 342
R
P 0x7f2a7c191628
P 0x7f2a7c1a1938
C 254
= 0x7f2a7c19b1e8
R
P 0x7f2a7c191628
C 342
R
P 0x7f2a7c191628
P 0x7f2a7c19b1e8
C 209
R
P 0x7f2a7c191628
C 342
R
P 0x7f2a7c191628
P 0x7f2a7c1a1938
C 260
R
P 0x7f2a7c191628
C 342
R
P 0x7f2a7c191628
P 0x7f2a7c1a1938
C 259
R
P 0x7f2a7c191628
C 342
R
P 0x7f2a7c191628
P 0x7f2a7c1a1938
C 258
R
P 0x7f2a7c191628
C 342
R
P 0x7f2a7c191628
P 0x7f2a7c1a1938
C 9
R
P 0x7f2a7c191628
C 342
R
P 0x7f2a7c191628
P 0x7f2a7c1a1890
P 0x7f2a7c1a1938
P 0x7f2a7c19bc28
C 59
= 0x7f2a7c19f888
R
P 0x7f2a7c191628
C 342
R
P 0x7f2a7c191628
P 0x7f2a7c19f888
C 257
R
P 0x7f2a7c191628
C 342
R
P 0x7f2a7c191628
P 0x7f2a7c19f888
C 254
= 0x7f2a7c19b1e8
R
P 0x7f2a7c191628
C 342
R
P 0x7f2a7c191628
P 0x7f2a7c19b1e8
C 209
R
P 0x7f2a7c191628
C 342
R
P 0x7f2a7c191628
P 0x7f2a7c19f888
C 260
R
P 0x7f2a7c191628
C 342
R
P 0x7f2a7c191628
P 0x7f2a7c19f888
C 259
R
P 0x7f2a7c191628
C 342
R
P 0x7f2a7c191628
P 0x7f2a7c19f888
C 258
R
P 0x7f2a7c191628
C 342
R
P 0x7f2a7c191628
P 0x7f2a7c19f888
C 9
R
P 0x7f2a7c191628
C 342
R
P 0x7f2a7c191628
U 2
P 0x7f2a7c19f888
P 0x7f2a7c19bb48
p 2
C 65
= 0x7f2a7c1a1970
R
P 0x7f2a7c191628
C 342
R
P 0x7f2a7c191628
P 0x7f2a7c1a1970
C 257
R
P 0x7f2a7c191628
C 342
R
P 0x7f2a7c191628
P 0x7f2a7c1a1970
C 254
= 0x7f2a7c19b1e8
R
P 0x7f2a7c191628
C 342
R
P 0x7f2a7c191628
P 0x7f2a7c19b1e8
C 209
R
P 0x7f2a7c191628
C 342
R
P 0x7f2a7c191628
P 0x7f2a7c1a1970
C 260
R
P 0x7f2a7c191628
C 342
R
P 0x7f2a7c191628
P 0x7f2a7c1a1970
C 259
R
P 0x7f2a7c191628
C 342
R
P 0x7f2a7c191628
P 0x7f2a7c1a1970
C 258
R
P 0x7f2a7c191628
C 342
R
P 0x7f2a7c191628
P 0x7f2a7c1a1970
C 9
R
P 0x7f2a7c191628
C 342
R
P 0x7f2a7c191628
P 0x7f2a7c19bc68
C 333
R
P 0x7f2a7c191628
C 342
R
P 0x7f2a7c191628
S "slotflowPriorityStart"
C 30
R
P 0x7f2a7c191628
C 342
R
P 0x7f2a7c191628
$ |slotflowPriorityStart|
C 202
R
P 0x7f2a7c191628
C 342
R
P 0x7f2a7c191628
$ |slotflowPriorityStart|
P 0x7f2a7c19b1e8
C 51
= 0x7f2a7c19c2a8
R
P 0x7f2a7c191628
C 342
R
P 0x7f2a7c191628
P 0x7f2a7c19c2a8
C 257
R
P 0x7f2a7c191628
C 342
R
P 0x7f2a7c191628
P 0x7f2a7c19c2a8
C 254
= 0x7f2a7c19b1e8
R
P 0x7f2a7c191628
C 342
R
P 0x7f2a7c191628
P 0x7f2a7c19b1e8
C 209
R
P 0x7f2a7c191628
C 342
R
P 0x7f2a7c191628
P 0x7f2a7c19c2a8
C 260
R
P 0x7f2a7c191628
C 342
R
P 0x7f2a7c191628
P 0x7f2a7c19c2a8
C 259
R
P 0x7f2a7c191628
C 342
R
P 0x7f2a7c191628
P 0x7f2a7c19c2a8
C 258
R
P 0x7f2a7c191628
C 342
R
P 0x7f2a7c191628
P 0x7f2a7c19c2a8
C 9
R
P 0x7f2a7c191628
C 342
R
P 0x7f2a7c191628
I 1
P 0x7f2a7c19b208
C 150
= 0x7f2a7c19bc88
R
P 0x7f2a7c191628
C 342
R
P 0x7f2a7c191628
P 0x7f2a7c19bc88
C 258
R
P 0x7f2a7c191628
C 342
R
P 0x7f2a7c191628
P 0x7f2a7c19bc88
C 9
R
P 0x7f2a7c191628
C 342
R
P 0x7f2a7c191628
I 1
P 0x7f2a7c19b208
C 150
= 0x7f2a7c19bc88
R
P 0x7f2a7c191628
C 342
R
P 0x7f2a7c191628
P 0x7f2a7c19bc88
C 258
R
P 0x7f2a7c191628
C 342
R
P 0x7f2a7c191628
P 0x7f2a7c19bc88
C 9
R
P 0x7f2a7c191628
C 342
R
P 0x7f2a7c191628
P 0x7f2a7c19bc88
P 0x7f2a7c19bc88
C 75
= 0x7f2a7c1a1778
R
P 0x7f2a7c191628
C 342
R
P 0x7f2a7c191628
P 0x7f2a7c1a1778
C 258
R
P 0x7f2a7c191628
C 342
R
P 0x7f2a7c191628
P 0x7f2a7c1a1778
C 9
R
P 0x7f2a7c191628
C 342
R
P 0x7f2a7c191628
I 1
P 0x7f2a7c19b208
C 150
= 0x7f2a7c19bc88
R
P 0x7f2a7c191628
C 342
R
P 0x7f2a7c191628
P 0x7f2a7c19bc88
C 258
R
P 0x7f2a7c191628
C 342
R
P 0x7f2a7c191628
P 0x7f2a7c19bc88
C 9
R
P 0x7f2a7c191628
C 342
R
P 0x7f2a7c191628
U 2
P 0x7f2a7c19bc88
P 0x7f2a7c19bc88
p 2
C 67
= 0x7f2a7c1a17b0
R
P 0x7f2a7c191628
C 342
R
P 0x7f2a7c191628
P 0x7f2a7c1a17b0
C 257
R
P 0x7f2a7c191628
C 342
R
P 0x7f2a7c191628
P 0x7f2a7c1a17b0
C 254
= 0x7f2a7c19b208
R
P 0x7f2a7c191628
C 342
R
P 0x7f2a7c191628
P 0x7f2a7c19b208
C 209
R
P 0x7f2a7c191628
C 342
R
P 0x7f2a7c191628
P 0x7f2a7c1a17b0
C 260
R
P 0x7f2a7c191628
C 342
R
P 0x7f2a7c191628
P 0x7f2a7c1a17b0
C 259
R
P 0x7f2a7c191628
C 342
R
P 0x7f2a7c191628
P 0x7f2a7c1a17b0
C 258
R
P 0x7f2a7c191628
C 342
R
P 0x7f2a7c191628
P 0x7f2a7c1a17b0
C 9
R
P 0x7f2a7c191628
C 342
R
P 0x7f2a7c191628
U 2
P 0x7f2a7c19bbe8
P 0x7f2a7c1a17b0
p 2
C 66
= 0x7f2a7c487b70
R
P 0x7f2a7c191628
C 342
R
P 0x7f2a7c191628
P 0x7f2a7c487b70
C 257
R
P 0x7f2a7c191628
C 342
R
P 0x7f2a7c191628
P 0x7f2a7c487b70
C 254
= 0x7f2a7c19b208
R
P 0x7f2a7c191628
C 342
R
P 0x7f2a7c191628
P 0x7f2a7c19b208
C 209
R
P 0x7f2a7c191628
C 342
R
P 0x7f2a7c191628
P 0x7f2a7c487b70
C 260
R
P 0x7f2a7c191628
C 342
R
P 0x7f2a7c191628
P 0x7f2a7c487b70
C 259
R
P 0x7f2a7c191628
C 342
R
P 0x7f2a7c191628
P 0x7f2a7c487b70
C 258
R
P 0x7f2a7c191628
C 342
R
P 0x7f2a7c191628
P 0x7f2a7c487b70
C 9
R
P 0x7f2a7c191628
C 342
R
P 0x7f2a7c191628
U 2
P 0x7f2a7c19bb88
P 0x7f2a7c487b70
p 2
C 65
= 0x7f2a7c487ba8
R
P 0x7f2a7c191628
C 342
R
P 0x7f2a7c191628
P 0x7f2a7c487ba8
C 257
R
P 0x7f2a7c191628
C 342
R
P 0x7f2a7c191628
P 0x7f2a7c487ba8
C 254
= 0x7f2a7c19b1e8
R
P 0x7f2a7c191628
C 342
R
P 0x7f2a7c191628
P 0x7f2a7c19b1e8
C 209
R
P 0x7f2a7c191628
C 342
R
P 0x7f2a7c191628
P 0x7f2a7c487ba8
C 260
R
P 0x7f2a7c191628
C 342
R
P 0x7f2a7c191628
P 0x7f2a7c487ba8
C 259
R
P 0x7f2a7c191628
C 342
R
P 0x7f2a7c191628
P 0x7f2a7c487ba8
C 258
R
P 0x7f2a7c191628
C 342
R
P 0x7f2a7c191628
P 0x7f2a7c487ba8
C 9
R
P 0x7f2a7c191628
C 342
R
P 0x7f2a7c191628
P 0x7f2a7c1a1778
P 0x7f2a7c487ba8
P 0x7f2a7c19bb88
C 59
= 0x7f2a7c19fa48
R
P 0x7f2a7c191628
C 342
R
P 0x7f2a7c191628
P 0x7f2a7c19fa48
C 257
R
P 0x7f2a7c191628
C 342
R
P 0x7f2a7c191628
P 0x7f2a7c19fa48
C 254
= 0x7f2a7c19b1e8
R
P 0x7f2a7c191628
C 342
R
P 0x7f2a7c191628
P 0x7f2a7c19b1e8
C 209
R
P 0x7f2a7c191628
C 342
R
P 0x7f2a7c191628
P 0x7f2a7c19fa48
C 260
R
P 0x7f2a7c191628
C 342
R
P 0x7f2a7c191628
P 0x7f2a7c19fa48
C 259
R
P 0x7f2a7c191628
C 342
R
P 0x7f2a7c191628
P 0x7f2a7c19fa48
C 258
R
P 0x7f2a7c191628
C 342
R
P 0x7f2a7c191628
P 0x7f2a7c19fa48
C 9
R
P 0x7f2a7c191628
C 342
R
P 0x7f2a7c191628
U 2
P 0x7f2a7c19c2a8
P 0x7f2a7c19fa48
p 2
C 65
= 0x7f2a7c487c88
R
P 0x7f2a7c191628
C 342
R
P 0x7f2a7c191628
P 0x7f2a7c487c88
C 257
R
P 0x7f2a7c191628
C 342
R
P 0x7f2a7c191628
P 0x7f2a7c487c88
C 254
= 0x7f2a7c19b1e8
R
P 0x7f2a7c191628
C 342
R
P 0x7f2a7c191628
P 0x7f2a7c19b1e8
C 209
R
P 0x7f2a7c191628
C 342
R
P 0x7f2a7c191628
P 0x7f2a7c487c88
C 260
R
P 0x7f2a7c191628
C 342
R
P 0x7f2a7c191628
P 0x7f2a7c487c88
C 259
R
P 0x7f2a7c191628
C 342
R
P 0x7f2a7c191628
P 0x7f2a7c487c88
C 258
R
P 0x7f2a7c191628
C 342
R
P 0x7f2a7c191628
P 0x7f2a7c487c88
C 9
R
P 0x7f2a7c191628
C 342
R
P 0x7f2a7c191628
P 0x7f2a7c1a1970
P 0x7f2a7c487c88
C 76
= 0x7f2a7c488990
R
P 0x7f2a7c191628
C 342
R
P 0x7f2a7c191628
P 0x7f2a7c488990
C 258
R
P 0x7f2a7c191628
C 342
R
P 0x7f2a7c191628
P 0x7f2a7c488990
C 9
R
P 0x7f2a7c191628
C 342
R
P 0x7f2a7c191628
U 2
P 0x7f2a7c488958
P 0x7f2a7c488990
p 2
C 63
= 0x7f2a7c4889c8
R
P 0x7f2a7c191628
C 342
R
P 0x7f2a7c191628
P 0x7f2a7c4889c8
C 258
R
P 0x7f2a7c191628
C 342
R
P 0x7f2a7c191628
P 0x7f2a7c4889c8
C 9
R
P 0x7f2a7c191628
C 342
R
P 0x7f2a7c191628
I 2
P 0x7f2a7c19b208
C 150
= 0x7f2a7c19bcc8
R
P 0x7f2a7c191628
C 342
R
P 0x7f2a7c191628
P 0x7f2a7c19bcc8
C 258
R
P 0x7f2a7c191628
C 342
R
P 0x7f2a7c191628
P 0x7f2a7c19bcc8
C 9
R
P 0x7f2a7c191628
C 342
R
P 0x7f2a7c191628
P 0x7f2a7c19bcc8
C 263
R
P 0x7f2a7c191628
C 342
R
P 0x7f2a7c191628
S "dev0T32"
C 30
R
P 0x7f2a7c191628
C 342
R
P 0x7f2a7c191628
$ |dev0T32|
C 202
R
P 0x7f2a7c191628
C 342
R
P 0x7f2a7c191628
$ |dev0T32|
P 0x7f2a7c19b1e8
C 51
= 0x7f2a7c19bce8
R
P 0x7f2a7c191628
C 342
R
P 0x7f2a7c191628
P 0x7f2a7c19bce8
C 257
R
P 0x7f2a7c191628
C 342
R
P 0x7f2a7c191628
P 0x7f2a7c19bce8
C 254
= 0x7f2a7c19b1e8
R
P 0x7f2a7c191628
C 342
R
P 0x7f2a7c191628
P 0x7f2a7c19b1e8
C 209
R
P 0x7f2a7c191628
C 342
R
P 0x7f2a7c191628
P 0x7f2a7c19bce8
C 260
R
P 0x7f2a7c191628
C 342
R
P 0x7f2a7c191628
P 0x7f2a7c19bce8
C 259
R
P 0x7f2a7c191628
C 342
R
P 0x7f2a7c191628
P 0x7f2a7c19bce8
C 258
R
P 0x7f2a7c191628
C 342
R
P 0x7f2a7c191628
P 0x7f2a7c19bce8
C 9
R
P 0x7f2a7c191628
C 342
R
P 0x7f2a7c191628
I 2
P 0x7f2a7c19b208
C 150
= 0x7f2a7c19bcc8
R
P 0x7f2a7c191628
C 342
R
P 0x7f2a7c191628
P 0x7f2a7c19bcc8
C 258
R
P 0x7f2a7c191628
C 342
R
P 0x7f2a7c191628
P 0x7f2a7c19bcc8
C 9
R
P 0x7f2a7c191628
C 342
R
P 0x7f2a7c191628
I 1
P 0x7f2a7c19b208
C 150
= 0x7f2a7c19bc88
R
P 0x7f2a7c191628
C 342
R
P 0x7f2a7c191628
P 0x7f2a7c19bc88
C 258
R
P 0x7f2a7c191628
C 342
R
P 0x7f2a7c191628
P 0x7f2a7c19bc88
C 9
R
P 0x7f2a7c191628
C 342
R
P 0x7f2a7c191628
P 0x7f2a7c19bcc8
P 0x7f2a7c19bc88
C 75
= 0x7f2a7c1a1890
R
P 0x7f2a7c191628
C 342
R
P 0x7f2a7c191628
P 0x7f2a7c1a1890
C 258
R
P 0x7f2a7c191628
C 342
R
P 0x7f2a7c191628
P 0x7f2a7c1a1890
C 9
R
P 0x7f2a7c191628
C 342
R
P 0x7f2a7c191628
I 1
P 0x7f2a7c19b208
C 150
= 0x7f2a7c19bc88
R
P 0x7f2a7c191628
C 342
R
P 0x7f2a7c191628
P 0x7f2a7c19bc88
C 258
R
P 0x7f2a7c191628
C 342
R
P 0x7f2a7c191628
P 0x7f2a7c19bc88
C 9
R
P 0x7f2a7c191628
C 342
R
P 0x7f2a7c191628
U 2
P 0x7f2a7c19bcc8
P 0x7f2a7c19bc88
p 2
C 67
= 0x7f2a7c1a18c8
R
P 0x7f2a7c191628
C 342
R
P 0x7f2a7c191628
P 0x7f2a7c1a18c8
C 257
R
P 0x7f2a7c191628
C 342
R
P 0x7f2a7c191628
P 0x7f2a7c1a18c8
C 254
= 0x7f2a7c19b208
R
P 0x7f2a7c191628
C 342
R
P 0x7f2a7c191628
P 0x7f2a7c19b208
C 209
R
P 0x7f2a7c191628
C 342
R
P 0x7f2a7c191628
P 0x7f2a7c1a18c8
C 260
R
P 0x7f2a7c191628
C 342
R
P 0x7f2a7c191628
P 0x7f2a7c1a18c8
C 259
R
P 0x7f2a7c191628
C 342
R
P 0x7f2a7c191628
P 0x7f2a7c1a18c8
C 258
R
P 0x7f2a7c191628
C 342
R
P 0x7f2a7c191628
P 0x7f2a7c1a18c8
C 9
R
P 0x7f2a7c191628
C 342
R
P 0x7f2a7c191628
U 2
P 0x7f2a7c19bba8
P 0x7f2a7c1a18c8
p 2
C 66
= 0x7f2a7c1a1900
R
P 0x7f2a7c191628
C 342
R
P 0x7f2a7c191628
P 0x7f2a7c1a1900
C 257
R
P 0x7f2a7c191628
C 342
R
P 0x7f2a7c191628
P 0x7f2a7c1a1900
C 254
= 0x7f2a7c19b1e8
R
P 0x7f2a7c191628
C 342
R
P 0x7f2a7c191628
P 0x7f2a7c19b1e8
C 209
R
P 0x7f2a7c191628
C 342
R
P 0x7f2a7c191628
P 0x7f2a7c1a1900
C 260
R
P 0x7f2a7c191628
C 342
R
P 0x7f2a7c191628
P 0x7f2a7c1a1900
C 259
R
P 0x7f2a7c191628
C 342
R
P 0x7f2a7c191628
P 0x7f2a7c1a1900
C 258
R
P 0x7f2a7c191628
C 342
R
P 0x7f2a7c191628
P 0x7f2a7c1a1900
C 9
R
P 0x7f2a7c191628
C 342
R
P 0x7f2a7c191628
U 2
P 0x7f2a7c19bc28
P 0x7f2a7c1a1900
p 2
C 65
= 0x7f2a7c1a1938
R
P 0x7f2a7c191628
C 342
R
P 0x7f2a7c191628
P 0x7f2a7c1a1938
C 257
R
P 0x7f2a7c191628
C 342
R
P 0x7f2a7c191628
P 0x7f2a7c1a1938
C 254
= 0x7f2a7c19b1e8
R
P 0x7f2a7c191628
C 342
R
P 0x7f2a7c191628
P 0x7f2a7c19b1e8
C 209
R
P 0x7f2a7c191628
C 342
R
P 0x7f2a7c191628
P 0x7f2a7c1a1938
C 260
R
P 0x7f2a7c191628
C 342
R
P 0x7f2a7c191628
P 0x7f2a7c1a1938
C 259
R
P 0x7f2a7c191628
C 342
R
P 0x7f2a7c191628
P 0x7f2a7c1a1938
C 258
R
P 0x7f2a7c191628
C 342
R
P 0x7f2a7c191628
P 0x7f2a7c1a1938
C 9
R
P 0x7f2a7c191628
C 342
R
P 0x7f2a7c191628
P 0x7f2a7c1a1890
P 0x7f2a7c1a1938
P 0x7f2a7c19bc28
C 59
= 0x7f2a7c19f888
R
P 0x7f2a7c191628
C 342
R
P 0x7f2a7c191628
P 0x7f2a7c19f888
C 257
R
P 0x7f2a7c191628
C 342
R
P 0x7f2a7c191628
P 0x7f2a7c19f888
C 254
= 0x7f2a7c19b1e8
R
P 0x7f2a7c191628
C 342
R
P 0x7f2a7c191628
P 0x7f2a7c19b1e8
C 209
R
P 0x7f2a7c191628
C 342
R
P 0x7f2a7c191628
P 0x7f2a7c19f888
C 260
R
P 0x7f2a7c191628
C 342
R
P 0x7f2a7c191628
P 0x7f2a7c19f888
C 259
R
P 0x7f2a7c191628
C 342
R
P 0x7f2a7c191628
P 0x7f2a7c19f888
C 258
R
P 0x7f2a7c191628
C 342
R
P 0x7f2a7c191628
P 0x7f2a7c19f888
C 9
R
P 0x7f2a7c191628
C 342
R
P 0x7f2a7c191628
U 2
P 0x7f2a7c19f888
P 0x7f2a7c19bb48
p 2
C 65
= 0x7f2a7c1a1970
R
P 0x7f2a7c191628
C 342
R
P 0x7f2a7c191628
P 0x7f2a7c1a1970
C 257
R
P 0x7f2a7c191628
C 342
R
P 0x7f2a7c191628
P 0x7f2a7c1a1970
C 254
= 0x7f2a7c19b1e8
R
P 0x7f2a7c191628
C 342
R
P 0x7f2a7c191628
P 0x7f2a7c19b1e8
C 209
R
P 0x7f2a7c191628
C 342
R
P 0x7f2a7c191628
P 0x7f2a7c1a1970
C 260
R
P 0x7f2a7c191628
C 342
R
P 0x7f2a7c191628
P 0x7f2a7c1a1970
C 259
R
P 0x7f2a7c191628
C 342
R
P 0x7f2a7c191628
P 0x7f2a7c1a1970
C 258
R
P 0x7f2a7c191628
C 342
R
P 0x7f2a7c191628
P 0x7f2a7c1a1970
C 9
R
P 0x7f2a7c191628
C 342
R
P 0x7f2a7c191628
U 2
P 0x7f2a7c1a1970
P 0x7f2a7c19bb68
p 2
C 65
= 0x7f2a7c487198
R
P 0x7f2a7c191628
C 342
R
P 0x7f2a7c191628
P 0x7f2a7c487198
C 257
R
P 0x7f2a7c191628
C 342
R
P 0x7f2a7c191628
P 0x7f2a7c487198
C 254
= 0x7f2a7c19b1e8
R
P 0x7f2a7c191628
C 342
R
P 0x7f2a7c191628
P 0x7f2a7c19b1e8
C 209
R
P 0x7f2a7c191628
C 342
R
P 0x7f2a7c191628
P 0x7f2a7c487198
C 260
R
P 0x7f2a7c191628
C 342
R
P 0x7f2a7c191628
P 0x7f2a7c487198
C 259
R
P 0x7f2a7c191628
C 342
R
P 0x7f2a7c191628
P 0x7f2a7c487198
C 258
R
P 0x7f2a7c191628
C 342
R
P 0x7f2a7c191628
P 0x7f2a7c487198
C 9
R
P 0x7f2a7c191628
C 342
R
P 0x7f2a7c191628
P 0x7f2a7c19bce8
P 0x7f2a7c487198
C 56
= 0x7f2a7c4888e8
R
P 0x7f2a7c191628
C 342
R
P 0x7f2a7c191628
P 0x7f2a7c4888e8
C 258
R
P 0x7f2a7c191628
C 342
R
P 0x7f2a7c191628
P 0x7f2a7c4888e8
C 9
R
P 0x7f2a7c191628
C 342
R
P 0x7f2a7c191628
P 0x7f2a7c4889c8
P 0x7f2a7c4888e8
C 61
= 0x7f2a7c488a00
R
P 0x7f2a7c191628
C 342
R
P 0x7f2a7c191628
P 0x7f2a7c488a00
C 258
R
P 0x7f2a7c191628
C 342
R
P 0x7f2a7c191628
P 0x7f2a7c488a00
C 9
R
P 0x7f2a7c191628
C 342
R
P 0x7f2a7c191628
P 0x7f2a7c1e1fc8
P 0x7f2a7c488a00
C 427
R
P 0x7f2a7c191628
C 342
R
P 0x7f2a7c191628
I 2
P 0x7f2a7c19b208
C 150
= 0x7f2a7c19bcc8
R
P 0x7f2a7c191628
C 342
R
P 0x7f2a7c191628
P 0x7f2a7c19bcc8
C 258
R
P 0x7f2a7c191628
C 342
R
P 0x7f2a7c191628
P 0x7f2a7c19bcc8
C 9
R
P 0x7f2a7c191628
C 342
R
P 0x7f2a7c191628
I 1
P 0x7f2a7c19b208
C 150
= 0x7f2a7c19bc88
R
P 0x7f2a7c191628
C 342
R
P 0x7f2a7c191628
P 0x7f2a7c19bc88
C 258
R
P 0x7f2a7c191628
C 342
R
P 0x7f2a7c191628
P 0x7f2a7c19bc88
C 9
R
P 0x7f2a7c191628
C 342
R
P 0x7f2a7c191628
P 0x7f2a7c19bcc8
P 0x7f2a7c19bc88
C 75
= 0x7f2a7c1a1890
R
P 0x7f2a7c191628
C 342
R
P 0x7f2a7c191628
P 0x7f2a7c1a1890
C 258
R
P 0x7f2a7c191628
C 342
R
P 0x7f2a7c191628
P 0x7f2a7c1a1890
C 9
R
P 0x7f2a7c191628
C 342
R
P 0x7f2a7c191628
I 1
P 0x7f2a7c19b208
C 150
= 0x7f2a7c19bc88
R
P 0x7f2a7c191628
C 342
R
P 0x7f2a7c191628
P 0x7f2a7c19bc88
C 258
R
P 0x7f2a7c191628
C 342
R
P 0x7f2a7c191628
P 0x7f2a7c19bc88
C 9
R
P 0x7f2a7c191628
C 342
R
P 0x7f2a7c191628
U 2
P 0x7f2a7c19bcc8
P 0x7f2a7c19bc88
p 2
C 67
= 0x7f2a7c1a18c8
R
P 0x7f2a7c191628
C 342
R
P 0x7f2a7c191628
P 0x7f2a7c1a18c8
C 257
R
P 0x7f2a7c191628
C 342
R
P 0x7f2a7c191628
P 0x7f2a7c1a18c8
C 254
= 0x7f2a7c19b208
R
P 0x7f2a7c191628
C 342
R
P 0x7f2a7c191628
P 0x7f2a7c19b208
C 209
R
P 0x7f2a7c191628
C 342
R
P 0x7f2a7c191628
P 0x7f2a7c1a18c8
C 260
R
P 0x7f2a7c191628
C 342
R
P 0x7f2a7c191628
P 0x7f2a7c1a18c8
C 259
R
P 0x7f2a7c191628
C 342
R
P 0x7f2a7c191628
P 0x7f2a7c1a18c8
C 258
R
P 0x7f2a7c191628
C 342
R
P 0x7f2a7c191628
P 0x7f2a7c1a18c8
C 9
R
P 0x7f2a7c191628
C 342
R
P 0x7f2a7c191628
U 2
P 0x7f2a7c19bba8
P 0x7f2a7c1a18c8
p 2
C 66
= 0x7f2a7c1a1900
R
P 0x7f2a7c191628
C 342
R
P 0x7f2a7c191628
P 0x7f2a7c1a1900
C 257
R
P 0x7f2a7c191628
C 342
R
P 0x7f2a7c191628
P 0x7f2a7c1a1900
C 254
= 0x7f2a7c19b1e8
R
P 0x7f2a7c191628
C 342
R
P 0x7f2a7c191628
P 0x7f2a7c19b1e8
C 209
R
P 0x7f2a7c191628
C 342
R
P 0x7f2a7c191628
P 0x7f2a7c1a1900
C 260
R
P 0x7f2a7c191628
C 342
R
P 0x7f2a7c191628
P 0x7f2a7c1a1900
C 259
R
P 0x7f2a7c191628
C 342
R
P 0x7f2a7c191628
P 0x7f2a7c1a1900
C 258
R
P 0x7f2a7c191628
C 342
R
P 0x7f2a7c191628
P 0x7f2a7c1a1900
C 9
R
P 0x7f2a7c191628
C 342
R
P 0x7f2a7c191628
U 2
P 0x7f2a7c19bc28
P 0x7f2a7c1a1900
p 2
C 65
= 0x7f2a7c1a1938
R
P 0x7f2a7c191628
C 342
R
P 0x7f2a7c191628
P 0x7f2a7c1a1938
C 257
R
P 0x7f2a7c191628
C 342
R
P 0x7f2a7c191628
P 0x7f2a7c1a1938
C 254
= 0x7f2a7c19b1e8
R
P 0x7f2a7c191628
C 342
R
P 0x7f2a7c191628
P 0x7f2a7c19b1e8
C 209
R
P 0x7f2a7c191628
C 342
R
P 0x7f2a7c191628
P 0x7f2a7c1a1938
C 260
R
P 0x7f2a7c191628
C 342
R
P 0x7f2a7c191628
P 0x7f2a7c1a1938
C 259
R
P 0x7f2a7c191628
C 342
R
P 0x7f2a7c191628
P 0x7f2a7c1a1938
C 258
R
P 0x7f2a7c191628
C 342
R
P 0x7f2a7c191628
P 0x7f2a7c1a1938
C 9
R
P 0x7f2a7c191628
C 342
R
P 0x7f2a7c191628
P 0x7f2a7c1a1890
P 0x7f2a7c1a1938
P 0x7f2a7c19bc28
C 59
= 0x7f2a7c19f888
R
P 0x7f2a7c191628
C 342
R
P 0x7f2a7c191628
P 0x7f2a7c19f888
C 257
R
P 0x7f2a7c191628
C 342
R
P 0x7f2a7c191628
P 0x7f2a7c19f888
C 254
= 0x7f2a7c19b1e8
R
P 0x7f2a7c191628
C 342
R
P 0x7f2a7c191628
P 0x7f2a7c19b1e8
C 209
R
P 0x7f2a7c191628
C 342
R
P 0x7f2a7c191628
P 0x7f2a7c19f888
C 260
R
P 0x7f2a7c191628
C 342
R
P 0x7f2a7c191628
P 0x7f2a7c19f888
C 259
R
P 0x7f2a7c191628
C 342
R
P 0x7f2a7c191628
P 0x7f2a7c19f888
C 258
R
P 0x7f2a7c191628
C 342
R
P 0x7f2a7c191628
P 0x7f2a7c19f888
C 9
R
P 0x7f2a7c191628
C 342
R
P 0x7f2a7c191628
U 2
P 0x7f2a7c19f888
P 0x7f2a7c19bb48
p 2
C 65
= 0x7f2a7c1a1970
R
P 0x7f2a7c191628
C 342
R
P 0x7f2a7c191628
P 0x7f2a7c1a1970
C 257
R
P 0x7f2a7c191628
C 342
R
P 0x7f2a7c191628
P 0x7f2a7c1a1970
C 254
= 0x7f2a7c19b1e8
R
P 0x7f2a7c191628
C 342
R
P 0x7f2a7c191628
P 0x7f2a7c19b1e8
C 209
R
P 0x7f2a7c191628
C 342
R
P 0x7f2a7c191628
P 0x7f2a7c1a1970
C 260
R
P 0x7f2a7c191628
C 342
R
P 0x7f2a7c191628
P 0x7f2a7c1a1970
C 259
R
P 0x7f2a7c191628
C 342
R
P 0x7f2a7c191628
P 0x7f2a7c1a1970
C 258
R
P 0x7f2a7c191628
C 342
R
P 0x7f2a7c191628
P 0x7f2a7c1a1970
C 9
R
P 0x7f2a7c191628
C 342
R
P 0x7f2a7c191628
P 0x7f2a7c19bc68
C 333
R
P 0x7f2a7c191628
C 342
R
P 0x7f2a7c191628
S "slotflowPriorityStart"
C 30
R
P 0x7f2a7c191628
C 342
R
P 0x7f2a7c191628
$ |slotflowPriorityStart|
C 202
R
P 0x7f2a7c191628
C 342
R
P 0x7f2a7c191628
$ |slotflowPriorityStart|
P 0x7f2a7c19b1e8
C 51
= 0x7f2a7c19c2a8
R
P 0x7f2a7c191628
C 342
R
P 0x7f2a7c191628
P 0x7f2a7c19c2a8
C 257
R
P 0x7f2a7c191628
C 342
R
P 0x7f2a7c191628
P 0x7f2a7c19c2a8
C 254
= 0x7f2a7c19b1e8
R
P 0x7f2a7c191628
C 342
R
P 0x7f2a7c191628
P 0x7f2a7c19b1e8
C 209
R
P 0x7f2a7c191628
C 342
R
P 0x7f2a7c191628
P 0x7f2a7c19c2a8
C 260
R
P 0x7f2a7c191628
C 342
R
P 0x7f2a7c191628
P 0x7f2a7c19c2a8
C 259
R
P 0x7f2a7c191628
C 342
R
P 0x7f2a7c191628
P 0x7f2a7c19c2a8
C 258
R
P 0x7f2a7c191628
C 342
R
P 0x7f2a7c191628
P 0x7f2a7c19c2a8
C 9
R
P 0x7f2a7c191628
C 342
R
P 0x7f2a7c191628
P 0x7f2a7c19bc68
C 333
R
P 0x7f2a7c191628
C 342
R
P 0x7f2a7c191628
S "slotflowPriorityDuration"
C 30
R
P 0x7f2a7c191628
C 342
R
P 0x7f2a7c191628
$ |slotflowPriorityDuration|
C 202
R
P 0x7f2a7c191628
C 342
R
P 0x7f2a7c191628
$ |slotflowPriorityDuration|
P 0x7f2a7c19b1e8
C 51
= 0x7f2a7c19c268
R
P 0x7f2a7c191628
C 342
R
P 0x7f2a7c191628
P 0x7f2a7c19c268
C 257
R
P 0x7f2a7c191628
C 342
R
P 0x7f2a7c191628
P 0x7f2a7c19c268
C 254
= 0x7f2a7c19b1e8
R
P 0x7f2a7c191628
C 342
R
P 0x7f2a7c191628
P 0x7f2a7c19b1e8
C 209
R
P 0x7f2a7c191628
C 342
R
P 0x7f2a7c191628
P 0x7f2a7c19c268
C 260
R
P 0x7f2a7c191628
C 342
R
P 0x7f2a7c191628
P 0x7f2a7c19c268
C 259
R
P 0x7f2a7c191628
C 342
R
P 0x7f2a7c191628
P 0x7f2a7c19c268
C 258
R
P 0x7f2a7c191628
C 342
R
P 0x7f2a7c191628
P 0x7f2a7c19c268
C 9
R
P 0x7f2a7c191628
C 342
R
P 0x7f2a7c191628
U 2
P 0x7f2a7c19c2a8
P 0x7f2a7c19c268
p 2
C 65
= 0x7f2a7c487908
R
P 0x7f2a7c191628
C 342
R
P 0x7f2a7c191628
P 0x7f2a7c487908
C 257
R
P 0x7f2a7c191628
C 342
R
P 0x7f2a7c191628
P 0x7f2a7c487908
C 254
= 0x7f2a7c19b1e8
R
P 0x7f2a7c191628
C 342
R
P 0x7f2a7c191628
P 0x7f2a7c19b1e8
C 209
R
P 0x7f2a7c191628
C 342
R
P 0x7f2a7c191628
P 0x7f2a7c487908
C 260
R
P 0x7f2a7c191628
C 342
R
P 0x7f2a7c191628
P 0x7f2a7c487908
C 259
R
P 0x7f2a7c191628
C 342
R
P 0x7f2a7c191628
P 0x7f2a7c487908
C 258
R
P 0x7f2a7c191628
C 342
R
P 0x7f2a7c191628
P 0x7f2a7c487908
C 9
R
P 0x7f2a7c191628
C 342
R
P 0x7f2a7c191628
I 2
P 0x7f2a7c19b208
C 150
= 0x7f2a7c19bcc8
R
P 0x7f2a7c191628
C 342
R
P 0x7f2a7c191628
P 0x7f2a7c19bcc8
C 258
R
P 0x7f2a7c191628
C 342
R
P 0x7f2a7c191628
P 0x7f2a7c19bcc8
C 9
R
P 0x7f2a7c191628
C 342
R
P 0x7f2a7c191628
I 1
P 0x7f2a7c19b208
C 150
= 0x7f2a7c19bc88
R
P 0x7f2a7c191628
C 342
R
P 0x7f2a7c191628
P 0x7f2a7c19bc88
C 258
R
P 0x7f2a7c191628
C 342
R
P 0x7f2a7c191628
P 0x7f2a7c19bc88
C 9
R
P 0x7f2a7c191628
C 342
R
P 0x7f2a7c191628
P 0x7f2a7c19bcc8
P 0x7f2a7c19bc88
C 75
= 0x7f2a7c1a1890
R
P 0x7f2a7c191628
C 342
R
P 0x7f2a7c191628
P 0x7f2a7c1a1890
C 258
R
P 0x7f2a7c191628
C 342
R
P 0x7f2a7c191628
P 0x7f2a7c1a1890
C 9
R
P 0x7f2a7c191628
C 342
R
P 0x7f2a7c191628
I 1
P 0x7f2a7c19b208
C 150
= 0x7f2a7c19bc88
R
P 0x7f2a7c191628
C 342
R
P 0x7f2a7c191628
P 0x7f2a7c19bc88
C 258
R
P 0x7f2a7c191628
C 342
R
P 0x7f2a7c191628
P 0x7f2a7c19bc88
C 9
R
P 0x7f2a7c191628
C 342
R
P 0x7f2a7c191628
U 2
P 0x7f2a7c19bcc8
P 0x7f2a7c19bc88
p 2
C 67
= 0x7f2a7c1a18c8
R
P 0x7f2a7c191628
C 342
R
P 0x7f2a7c191628
P 0x7f2a7c1a18c8
C 257
R
P 0x7f2a7c191628
C 342
R
P 0x7f2a7c191628
P 0x7f2a7c1a18c8
C 254
= 0x7f2a7c19b208
R
P 0x7f2a7c191628
C 342
R
P 0x7f2a7c191628
P 0x7f2a7c19b208
C 209
R
P 0x7f2a7c191628
C 342
R
P 0x7f2a7c191628
P 0x7f2a7c1a18c8
C 260
R
P 0x7f2a7c191628
C 342
R
P 0x7f2a7c191628
P 0x7f2a7c1a18c8
C 259
R
P 0x7f2a7c191628
C 342
R
P 0x7f2a7c191628
P 0x7f2a7c1a18c8
C 258
R
P 0x7f2a7c191628
C 342
R
P 0x7f2a7c191628
P 0x7f2a7c1a18c8
C 9
R
P 0x7f2a7c191628
C 342
R
P 0x7f2a7c191628
U 2
P 0x7f2a7c19bbe8
P 0x7f2a7c1a18c8
p 2
C 66
= 0x7f2a7c487d68
R
P 0x7f2a7c191628
C 342
R
P 0x7f2a7c191628
P 0x7f2a7c487d68
C 257
R
P 0x7f2a7c191628
C 342
R
P 0x7f2a7c191628
P 0x7f2a7c487d68
C 254
= 0x7f2a7c19b208
R
P 0x7f2a7c191628
C 342
R
P 0x7f2a7c191628
P 0x7f2a7c19b208
C 209
R
P 0x7f2a7c191628
C 342
R
P 0x7f2a7c191628
P 0x7f2a7c487d68
C 260
R
P 0x7f2a7c191628
C 342
R
P 0x7f2a7c191628
P 0x7f2a7c487d68
C 259
R
P 0x7f2a7c191628
C 342
R
P 0x7f2a7c191628
P 0x7f2a7c487d68
C 258
R
P 0x7f2a7c191628
C 342
R
P 0x7f2a7c191628
P 0x7f2a7c487d68
C 9
R
P 0x7f2a7c191628
C 342
R
P 0x7f2a7c191628
U 2
P 0x7f2a7c19bb88
P 0x7f2a7c487d68
p 2
C 65
= 0x7f2a7c487da0
R
P 0x7f2a7c191628
C 342
R
P 0x7f2a7c191628
P 0x7f2a7c487da0
C 257
R
P 0x7f2a7c191628
C 342
R
P 0x7f2a7c191628
P 0x7f2a7c487da0
C 254
= 0x7f2a7c19b1e8
R
P 0x7f2a7c191628
C 342
R
P 0x7f2a7c191628
P 0x7f2a7c19b1e8
C 209
R
P 0x7f2a7c191628
C 342
R
P 0x7f2a7c191628
P 0x7f2a7c487da0
C 260
R
P 0x7f2a7c191628
C 342
R
P 0x7f2a7c191628
P 0x7f2a7c487da0
C 259
R
P 0x7f2a7c191628
C 342
R
P 0x7f2a7c191628
P 0x7f2a7c487da0
C 258
R
P 0x7f2a7c191628
C 342
R
P 0x7f2a7c191628
P 0x7f2a7c487da0
C 9
R
P 0x7f2a7c191628
C 342
R
P 0x7f2a7c191628
P 0x7f2a7c1a1890
P 0x7f2a7c487da0
P 0x7f2a7c19bb88
C 59
= 0x7f2a7c19fa88
R
P 0x7f2a7c191628
C 342
R
P 0x7f2a7c191628
P 0x7f2a7c19fa88
C 257
R
P 0x7f2a7c191628
C 342
R
P 0x7f2a7c191628
P 0x7f2a7c19fa88
C 254
= 0x7f2a7c19b1e8
R
P 0x7f2a7c191628
C 342
R
P 0x7f2a7c191628
P 0x7f2a7c19b1e8
C 209
R
P 0x7f2a7c191628
C 342
R
P 0x7f2a7c191628
P 0x7f2a7c19fa88
C 260
R
P 0x7f2a7c191628
C 342
R
P 0x7f2a7c191628
P 0x7f2a7c19fa88
C 259
R
P 0x7f2a7c191628
C 342
R
P 0x7f2a7c191628
P 0x7f2a7c19fa88
C 258
R
P 0x7f2a7c191628
C 342
R
P 0x7f2a7c191628
P 0x7f2a7c19fa88
C 9
R
P 0x7f2a7c191628
C 342
R
P 0x7f2a7c191628
U 2
P 0x7f2a7c487908
P 0x7f2a7c19fa88
p 2
C 65
= 0x7f2a7c487dd8
R
P 0x7f2a7c191628
C 342
R
P 0x7f2a7c191628
P 0x7f2a7c487dd8
C 257
R
P 0x7f2a7c191628
C 342
R
P 0x7f2a7c191628
P 0x7f2a7c487dd8
C 254
= 0x7f2a7c19b1e8
R
P 0x7f2a7c191628
C 342
R
P 0x7f2a7c191628
P 0x7f2a7c19b1e8
C 209
R
P 0x7f2a7c191628
C 342
R
P 0x7f2a7c191628
P 0x7f2a7c487dd8
C 260
R
P 0x7f2a7c191628
C 342
R
P 0x7f2a7c191628
P 0x7f2a7c487dd8
C 259
R
P 0x7f2a7c191628
C 342
R
P 0x7f2a7c191628
P 0x7f2a7c487dd8
C 258
R
P 0x7f2a7c191628
C 342
R
P 0x7f2a7c191628
P 0x7f2a7c487dd8
C 9
R
P 0x7f2a7c191628
C 342
R
P 0x7f2a7c191628
U 2
P 0x7f2a7c487dd8
P 0x7f2a7c19bb68
p 2
C 67
= 0x7f2a7c487e10
R
P 0x7f2a7c191628
C 342
R
P 0x7f2a7c191628
P 0x7f2a7c487e10
C 257
R
P 0x7f2a7c191628
C 342
R
P 0x7f2a7c191628
P 0x7f2a7c487e10
C 254
= 0x7f2a7c19b1e8
R
P 0x7f2a7c191628
C 342
R
P 0x7f2a7c191628
P 0x7f2a7c19b1e8
C 209
R
P 0x7f2a7c191628
C 342
R
P 0x7f2a7c191628
P 0x7f2a7c487e10
C 260
R
P 0x7f2a7c191628
C 342
R
P 0x7f2a7c191628
P 0x7f2a7c487e10
C 259
R
P 0x7f2a7c191628
C 342
R
P 0x7f2a7c191628
P 0x7f2a7c487e10
C 258
R
P 0x7f2a7c191628
C 342
R
P 0x7f2a7c191628
P 0x7f2a7c487e10
C 9
R
P 0x7f2a7c191628
C 342
R
P 0x7f2a7c191628
P 0x7f2a7c1a1970
P 0x7f2a7c487e10
C 74
= 0x7f2a7c488a38
R
P 0x7f2a7c191628
C 342
R
P 0x7f2a7c191628
P 0x7f2a7c488a38
C 258
R
P 0x7f2a7c191628
C 342
R
P 0x7f2a7c191628
P 0x7f2a7c488a38
C 9
R
P 0x7f2a7c191628
C 342
R
P 0x7f2a7c191628
I 2
P 0x7f2a7c19b208
C 150
= 0x7f2a7c19bcc8
R
P 0x7f2a7c191628
C 342
R
P 0x7f2a7c191628
P 0x7f2a7c19bcc8
C 258
R
P 0x7f2a7c191628
C 342
R
P 0x7f2a7c191628
P 0x7f2a7c19bcc8
C 9
R
P 0x7f2a7c191628
C 342
R
P 0x7f2a7c191628
I 1
P 0x7f2a7c19b208
C 150
= 0x7f2a7c19bc88
R
P 0x7f2a7c191628
C 342
R
P 0x7f2a7c191628
P 0x7f2a7c19bc88
C 258
R
P 0x7f2a7c191628
C 342
R
P 0x7f2a7c191628
P 0x7f2a7c19bc88
C 9
R
P 0x7f2a7c191628
C 342
R
P 0x7f2a7c191628
P 0x7f2a7c19bcc8
P 0x7f2a7c19bc88
C 75
= 0x7f2a7c1a1890
R
P 0x7f2a7c191628
C 342
R
P 0x7f2a7c191628
P 0x7f2a7c1a1890
C 258
R
P 0x7f2a7c191628
C 342
R
P 0x7f2a7c191628
P 0x7f2a7c1a1890
C 9
R
P 0x7f2a7c191628
C 342
R
P 0x7f2a7c191628
I 1
P 0x7f2a7c19b208
C 150
= 0x7f2a7c19bc88
R
P 0x7f2a7c191628
C 342
R
P 0x7f2a7c191628
P 0x7f2a7c19bc88
C 258
R
P 0x7f2a7c191628
C 342
R
P 0x7f2a7c191628
P 0x7f2a7c19bc88
C 9
R
P 0x7f2a7c191628
C 342
R
P 0x7f2a7c191628
U 2
P 0x7f2a7c19bcc8
P 0x7f2a7c19bc88
p 2
C 67
= 0x7f2a7c1a18c8
R
P 0x7f2a7c191628
C 342
R
P 0x7f2a7c191628
P 0x7f2a7c1a18c8
C 257
R
P 0x7f2a7c191628
C 342
R
P 0x7f2a7c191628
P 0x7f2a7c1a18c8
C 254
= 0x7f2a7c19b208
R
P 0x7f2a7c191628
C 342
R
P 0x7f2a7c191628
P 0x7f2a7c19b208
C 209
R
P 0x7f2a7c191628
C 342
R
P 0x7f2a7c191628
P 0x7f2a7c1a18c8
C 260
R
P 0x7f2a7c191628
C 342
R
P 0x7f2a7c191628
P 0x7f2a7c1a18c8
C 259
R
P 0x7f2a7c191628
C 342
R
P 0x7f2a7c191628
P 0x7f2a7c1a18c8
C 258
R
P 0x7f2a7c191628
C 342
R
P 0x7f2a7c191628
P 0x7f2a7c1a18c8
C 9
R
P 0x7f2a7c191628
C 342
R
P 0x7f2a7c191628
U 2
P 0x7f2a7c19bba8
P 0x7f2a7c1a18c8
p 2
C 66
= 0x7f2a7c1a1900
R
P 0x7f2a7c191628
C 342
R
P 0x7f2a7c191628
P 0x7f2a7c1a1900
C 257
R
P 0x7f2a7c191628
C 342
R
P 0x7f2a7c191628
P 0x7f2a7c1a1900
C 254
= 0x7f2a7c19b1e8
R
P 0x7f2a7c191628
C 342
R
P 0x7f2a7c191628
P 0x7f2a7c19b1e8
C 209
R
P 0x7f2a7c191628
C 342
R
P 0x7f2a7c191628
P 0x7f2a7c1a1900
C 260
R
P 0x7f2a7c191628
C 342
R
P 0x7f2a7c191628
P 0x7f2a7c1a1900
C 259
R
P 0x7f2a7c191628
C 342
R
P 0x7f2a7c191628
P 0x7f2a7c1a1900
C 258
R
P 0x7f2a7c191628
C 342
R
P 0x7f2a7c191628
P 0x7f2a7c1a1900
C 9
R
P 0x7f2a7c191628
C 342
R
P 0x7f2a7c191628
U 2
P 0x7f2a7c19bc28
P 0x7f2a7c1a1900
p 2
C 65
= 0x7f2a7c1a1938
R
P 0x7f2a7c191628
C 342
R
P 0x7f2a7c191628
P 0x7f2a7c1a1938
C 257
R
P 0x7f2a7c191628
C 342
R
P 0x7f2a7c191628
P 0x7f2a7c1a1938
C 254
= 0x7f2a7c19b1e8
R
P 0x7f2a7c191628
C 342
R
P 0x7f2a7c191628
P 0x7f2a7c19b1e8
C 209
R
P 0x7f2a7c191628
C 342
R
P 0x7f2a7c191628
P 0x7f2a7c1a1938
C 260
R
P 0x7f2a7c191628
C 342
R
P 0x7f2a7c191628
P 0x7f2a7c1a1938
C 259
R
P 0x7f2a7c191628
C 342
R
P 0x7f2a7c191628
P 0x7f2a7c1a1938
C 258
R
P 0x7f2a7c191628
C 342
R
P 0x7f2a7c191628
P 0x7f2a7c1a1938
C 9
R
P 0x7f2a7c191628
C 342
R
P 0x7f2a7c191628
P 0x7f2a7c1a1890
P 0x7f2a7c1a1938
P 0x7f2a7c19bc28
C 59
= 0x7f2a7c19f888
R
P 0x7f2a7c191628
C 342
R
P 0x7f2a7c191628
P 0x7f2a7c19f888
C 257
R
P 0x7f2a7c191628
C 342
R
P 0x7f2a7c191628
P 0x7f2a7c19f888
C 254
= 0x7f2a7c19b1e8
R
P 0x7f2a7c191628
C 342
R
P 0x7f2a7c191628
P 0x7f2a7c19b1e8
C 209
R
P 0x7f2a7c191628
C 342
R
P 0x7f2a7c191628
P 0x7f2a7c19f888
C 260
R
P 0x7f2a7c191628
C 342
R
P 0x7f2a7c191628
P 0x7f2a7c19f888
C 259
R
P 0x7f2a7c191628
C 342
R
P 0x7f2a7c191628
P 0x7f2a7c19f888
C 258
R
P 0x7f2a7c191628
C 342
R
P 0x7f2a7c191628
P 0x7f2a7c19f888
C 9
R
P 0x7f2a7c191628
C 342
R
P 0x7f2a7c191628
U 2
P 0x7f2a7c19f888
P 0x7f2a7c19bb48
p 2
C 65
= 0x7f2a7c1a1970
R
P 0x7f2a7c191628
C 342
R
P 0x7f2a7c191628
P 0x7f2a7c1a1970
C 257
R
P 0x7f2a7c191628
C 342
R
P 0x7f2a7c191628
P 0x7f2a7c1a1970
C 254
= 0x7f2a7c19b1e8
R
P 0x7f2a7c191628
C 342
R
P 0x7f2a7c191628
P 0x7f2a7c19b1e8
C 209
R
P 0x7f2a7c191628
C 342
R
P 0x7f2a7c191628
P 0x7f2a7c1a1970
C 260
R
P 0x7f2a7c191628
C 342
R
P 0x7f2a7c191628
P 0x7f2a7c1a1970
C 259
R
P 0x7f2a7c191628
C 342
R
P 0x7f2a7c191628
P 0x7f2a7c1a1970
C 258
R
P 0x7f2a7c191628
C 342
R
P 0x7f2a7c191628
P 0x7f2a7c1a1970
C 9
R
P 0x7f2a7c191628
C 342
R
P 0x7f2a7c191628
P 0x7f2a7c19bc68
C 333
R
P 0x7f2a7c191628
C 342
R
P 0x7f2a7c191628
S "slotflowPriorityStart"
C 30
R
P 0x7f2a7c191628
C 342
R
P 0x7f2a7c191628
$ |slotflowPriorityStart|
C 202
R
P 0x7f2a7c191628
C 342
R
P 0x7f2a7c191628
$ |slotflowPriorityStart|
P 0x7f2a7c19b1e8
C 51
= 0x7f2a7c19c2a8
R
P 0x7f2a7c191628
C 342
R
P 0x7f2a7c191628
P 0x7f2a7c19c2a8
C 257
R
P 0x7f2a7c191628
C 342
R
P 0x7f2a7c191628
P 0x7f2a7c19c2a8
C 254
= 0x7f2a7c19b1e8
R
P 0x7f2a7c191628
C 342
R
P 0x7f2a7c191628
P 0x7f2a7c19b1e8
C 209
R
P 0x7f2a7c191628
C 342
R
P 0x7f2a7c191628
P 0x7f2a7c19c2a8
C 260
R
P 0x7f2a7c191628
C 342
R
P 0x7f2a7c191628
P 0x7f2a7c19c2a8
C 259
R
P 0x7f2a7c191628
C 342
R
P 0x7f2a7c191628
P 0x7f2a7c19c2a8
C 258
R
P 0x7f2a7c191628
C 342
R
P 0x7f2a7c191628
P 0x7f2a7c19c2a8
C 9
R
P 0x7f2a7c191628
C 342
R
P 0x7f2a7c191628
I 2
P 0x7f2a7c19b208
C 150
= 0x7f2a7c19bcc8
R
P 0x7f2a7c191628
C 342
R
P 0x7f2a7c191628
P 0x7f2a7c19bcc8
C 258
R
P 0x7f2a7c191628
C 342
R
P 0x7f2a7c191628
P 0x7f2a7c19bcc8
C 9
R
P 0x7f2a7c191628
C 342
R
P 0x7f2a7c191628
I 1
P 0x7f2a7c19b208
C 150
= 0x7f2a7c19bc88
R
P 0x7f2a7c191628
C 342
R
P 0x7f2a7c191628
P 0x7f2a7c19bc88
C 258
R
P 0x7f2a7c191628
C 342
R
P 0x7f2a7c191628
P 0x7f2a7c19bc88
C 9
R
P 0x7f2a7c191628
C 342
R
P 0x7f2a7c191628
P 0x7f2a7c19bcc8
P 0x7f2a7c19bc88
C 75
= 0x7f2a7c1a1890
R
P 0x7f2a7c191628
C 342
R
P 0x7f2a7c191628
P 0x7f2a7c1a1890
C 258
R
P 0x7f2a7c191628
C 342
R
P 0x7f2a7c191628
P 0x7f2a7c1a1890
C 9
R
P 0x7f2a7c191628
C 342
R
P 0x7f2a7c191628
I 1
P 0x7f2a7c19b208
C 150
= 0x7f2a7c19bc88
R
P 0x7f2a7c191628
C 342
R
P 0x7f2a7c191628
P 0x7f2a7c19bc88
C 258
R
P 0x7f2a7c191628
C 342
R
P 0x7f2a7c191628
P 0x7f2a7c19bc88
C 9
R
P 0x7f2a7c191628
C 342
R
P 0x7f2a7c191628
U 2
P 0x7f2a7c19bcc8
P 0x7f2a7c19bc88
p 2
C 67
= 0x7f2a7c1a18c8
R
P 0x7f2a7c191628
C 342
R
P 0x7f2a7c191628
P 0x7f2a7c1a18c8
C 257
R
P 0x7f2a7c191628
C 342
R
P 0x7f2a7c191628
P 0x7f2a7c1a18c8
C 254
= 0x7f2a7c19b208
R
P 0x7f2a7c191628
C 342
R
P 0x7f2a7c191628
P 0x7f2a7c19b208
C 209
R
P 0x7f2a7c191628
C 342
R
P 0x7f2a7c191628
P 0x7f2a7c1a18c8
C 260
R
P 0x7f2a7c191628
C 342
R
P 0x7f2a7c191628
P 0x7f2a7c1a18c8
C 259
R
P 0x7f2a7c191628
C 342
R
P 0x7f2a7c191628
P 0x7f2a7c1a18c8
C 258
R
P 0x7f2a7c191628
C 342
R
P 0x7f2a7c191628
P 0x7f2a7c1a18c8
C 9
R
P 0x7f2a7c191628
C 342
R
P 0x7f2a7c191628
U 2
P 0x7f2a7c19bbe8
P 0x7f2a7c1a18c8
p 2
C 66
= 0x7f2a7c487d68
R
P 0x7f2a7c191628
C 342
R
P 0x7f2a7c191628
P 0x7f2a7c487d68
C 257
R
P 0x7f2a7c191628
C 342
R
P 0x7f2a7c191628
P 0x7f2a7c487d68
C 254
= 0x7f2a7c19b208
R
P 0x7f2a7c191628
C 342
R
P 0x7f2a7c191628
P 0x7f2a7c19b208
C 209
R
P 0x7f2a7c191628
C 342
R
P 0x7f2a7c191628
P 0x7f2a7c487d68
C 260
R
P 0x7f2a7c191628
C 342
R
P 0x7f2a7c191628
P 0x7f2a7c487d68
C 259
R
P 0x7f2a7c191628
C 342
R
P 0x7f2a7c191628
P 0x7f2a7c487d68
C 258
R
P 0x7f2a7c191628
C 342
R
P 0x7f2a7c191628
P 0x7f2a7c487d68
C 9
R
P 0x7f2a7c191628
C 342
R
P 0x7f2a7c191628
U 2
P 0x7f2a7c19bb88
P 0x7f2a7c487d68
p 2
C 65
= 0x7f2a7c487da0
R
P 0x7f2a7c191628
C 342
R
P 0x7f2a7c191628
P 0x7f2a7c487da0
C 257
R
P 0x7f2a7c191628
C 342
R
P 0x7f2a7c191628
P 0x7f2a7c487da0
C 254
= 0x7f2a7c19b1e8
R
P 0x7f2a7c191628
C 342
R
P 0x7f2a7c191628
P 0x7f2a7c19b1e8
C 209
R
P 0x7f2a7c191628
C 342
R
P 0x7f2a7c191628
P 0x7f2a7c487da0
C 260
R
P 0x7f2a7c191628
C 342
R
P 0x7f2a7c191628
P 0x7f2a7c487da0
C 259
R
P 0x7f2a7c191628
C 342
R
P 0x7f2a7c191628
P 0x7f2a7c487da0
C 258
R
P 0x7f2a7c191628
C 342
R
P 0x7f2a7c191628
P 0x7f2a7c487da0
C 9
R
P 0x7f2a7c191628
C 342
R
P 0x7f2a7c191628
P 0x7f2a7c1a1890
P 0x7f2a7c487da0
P 0x7f2a7c19bb88
C 59
= 0x7f2a7c19fa88
R
P 0x7f2a7c191628
C 342
R
P 0x7f2a7c191628
P 0x7f2a7c19fa88
C 257
R
P 0x7f2a7c191628
C 342
R
P 0x7f2a7c191628
P 0x7f2a7c19fa88
C 254
= 0x7f2a7c19b1e8
R
P 0x7f2a7c191628
C 342
R
P 0x7f2a7c191628
P 0x7f2a7c19b1e8
C 209
R
P 0x7f2a7c191628
C 342
R
P 0x7f2a7c191628
P 0x7f2a7c19fa88
C 260
R
P 0x7f2a7c191628
C 342
R
P 0x7f2a7c191628
P 0x7f2a7c19fa88
C 259
R
P 0x7f2a7c191628
C 342
R
P 0x7f2a7c191628
P 0x7f2a7c19fa88
C 258
R
P 0x7f2a7c191628
C 342
R
P 0x7f2a7c191628
P 0x7f2a7c19fa88
C 9
R
P 0x7f2a7c191628
C 342
R
P 0x7f2a7c191628
U 2
P 0x7f2a7c19c2a8
P 0x7f2a7c19fa88
p 2
C 65
= 0x7f2a7c487e80
R
P 0x7f2a7c191628
C 342
R
P 0x7f2a7c191628
P 0x7f2a7c487e80
C 257
R
P 0x7f2a7c191628
C 342
R
P 0x7f2a7c191628
P 0x7f2a7c487e80
C 254
= 0x7f2a7c19b1e8
R
P 0x7f2a7c191628
C 342
R
P 0x7f2a7c191628
P 0x7f2a7c19b1e8
C 209
R
P 0x7f2a7c191628
C 342
R
P 0x7f2a7c191628
P 0x7f2a7c487e80
C 260
R
P 0x7f2a7c191628
C 342
R
P 0x7f2a7c191628
P 0x7f2a7c487e80
C 259
R
P 0x7f2a7c191628
C 342
R
P 0x7f2a7c191628
P 0x7f2a7c487e80
C 258
R
P 0x7f2a7c191628
C 342
R
P 0x7f2a7c191628
P 0x7f2a7c487e80
C 9
R
P 0x7f2a7c191628
C 342
R
P 0x7f2a7c191628
P 0x7f2a7c1a1970
P 0x7f2a7c487e80
C 76
= 0x7f2a7c488a70
R
P 0x7f2a7c191628
C 342
R
P 0x7f2a7c191628
P 0x7f2a7c488a70
C 258
R
P 0x7f2a7c191628
C 342
R
P 0x7f2a7c191628
P 0x7f2a7c488a70
C 9
R
P 0x7f2a7c191628
C 342
R
P 0x7f2a7c191628
U 2
P 0x7f2a7c488a38
P 0x7f2a7c488a70
p 2
C 63
= 0x7f2a7c488aa8
R
P 0x7f2a7c191628
C 342
R
P 0x7f2a7c191628
P 0x7f2a7c488aa8
C 258
R
P 0x7f2a7c191628
C 342
R
P 0x7f2a7c191628
P 0x7f2a7c488aa8
C 9
R
P 0x7f2a7c191628
C 342
R
P 0x7f2a7c191628
I 2
P 0x7f2a7c19b208
C 150
= 0x7f2a7c19bcc8
R
P 0x7f2a7c191628
C 342
R
P 0x7f2a7c191628
P 0x7f2a7c19bcc8
C 258
R
P 0x7f2a7c191628
C 342
R
P 0x7f2a7c191628
P 0x7f2a7c19bcc8
C 9
R
P 0x7f2a7c191628
C 342
R
P 0x7f2a7c191628
P 0x7f2a7c19bcc8
C 263
R
P 0x7f2a7c191628
C 342
R
P 0x7f2a7c191628
S "dev0T32"
C 30
R
P 0x7f2a7c191628
C 342
R
P 0x7f2a7c191628
$ |dev0T32|
C 202
R
P 0x7f2a7c191628
C 342
R
P 0x7f2a7c191628
$ |dev0T32|
P 0x7f2a7c19b1e8
C 51
= 0x7f2a7c19bce8
R
P 0x7f2a7c191628
C 342
R
P 0x7f2a7c191628
P 0x7f2a7c19bce8
C 257
R
P 0x7f2a7c191628
C 342
R
P 0x7f2a7c191628
P 0x7f2a7c19bce8
C 254
= 0x7f2a7c19b1e8
R
P 0x7f2a7c191628
C 342
R
P 0x7f2a7c191628
P 0x7f2a7c19b1e8
C 209
R
P 0x7f2a7c191628
C 342
R
P 0x7f2a7c191628
P 0x7f2a7c19bce8
C 260
R
P 0x7f2a7c191628
C 342
R
P 0x7f2a7c191628
P 0x7f2a7c19bce8
C 259
R
P 0x7f2a7c191628
C 342
R
P 0x7f2a7c191628
P 0x7f2a7c19bce8
C 258
R
P 0x7f2a7c191628
C 342
R
P 0x7f2a7c191628
P 0x7f2a7c19bce8
C 9
R
P 0x7f2a7c191628
C 342
R
P 0x7f2a7c191628
I 2
P 0x7f2a7c19b208
C 150
= 0x7f2a7c19bcc8
R
P 0x7f2a7c191628
C 342
R
P 0x7f2a7c191628
P 0x7f2a7c19bcc8
C 258
R
P 0x7f2a7c191628
C 342
R
P 0x7f2a7c191628
P 0x7f2a7c19bcc8
C 9
R
P 0x7f2a7c191628
C 342
R
P 0x7f2a7c191628
I 1
P 0x7f2a7c19b208
C 150
= 0x7f2a7c19bc88
R
P 0x7f2a7c191628
C 342
R
P 0x7f2a7c191628
P 0x7f2a7c19bc88
C 258
R
P 0x7f2a7c191628
C 342
R
P 0x7f2a7c191628
P 0x7f2a7c19bc88
C 9
R
P 0x7f2a7c191628
C 342
R
P 0x7f2a7c191628
P 0x7f2a7c19bcc8
P 0x7f2a7c19bc88
C 75
= 0x7f2a7c1a1890
R
P 0x7f2a7c191628
C 342
R
P 0x7f2a7c191628
P 0x7f2a7c1a1890
C 258
R
P 0x7f2a7c191628
C 342
R
P 0x7f2a7c191628
P 0x7f2a7c1a1890
C 9
R
P 0x7f2a7c191628
C 342
R
P 0x7f2a7c191628
I 1
P 0x7f2a7c19b208
C 150
= 0x7f2a7c19bc88
R
P 0x7f2a7c191628
C 342
R
P 0x7f2a7c191628
P 0x7f2a7c19bc88
C 258
R
P 0x7f2a7c191628
C 342
R
P 0x7f2a7c191628
P 0x7f2a7c19bc88
C 9
R
P 0x7f2a7c191628
C 342
R
P 0x7f2a7c191628
U 2
P 0x7f2a7c19bcc8
P 0x7f2a7c19bc88
p 2
C 67
= 0x7f2a7c1a18c8
R
P 0x7f2a7c191628
C 342
R
P 0x7f2a7c191628
P 0x7f2a7c1a18c8
C 257
R
P 0x7f2a7c191628
C 342
R
P 0x7f2a7c191628
P 0x7f2a7c1a18c8
C 254
= 0x7f2a7c19b208
R
P 0x7f2a7c191628
C 342
R
P 0x7f2a7c191628
P 0x7f2a7c19b208
C 209
R
P 0x7f2a7c191628
C 342
R
P 0x7f2a7c191628
P 0x7f2a7c1a18c8
C 260
R
P 0x7f2a7c191628
C 342
R
P 0x7f2a7c191628
P 0x7f2a7c1a18c8
C 259
R
P 0x7f2a7c191628
C 342
R
P 0x7f2a7c191628
P 0x7f2a7c1a18c8
C 258
R
P 0x7f2a7c191628
C 342
R
P 0x7f2a7c191628
P 0x7f2a7c1a18c8
C 9
R
P 0x7f2a7c191628
C 342
R
P 0x7f2a7c191628
U 2
P 0x7f2a7c19bba8
P 0x7f2a7c1a18c8
p 2
C 66
= 0x7f2a7c1a1900
R
P 0x7f2a7c191628
C 342
R
P 0x7f2a7c191628
P 0x7f2a7c1a1900
C 257
R
P 0x7f2a7c191628
C 342
R
P 0x7f2a7c191628
P 0x7f2a7c1a1900
C 254
= 0x7f2a7c19b1e8
R
P 0x7f2a7c191628
C 342
R
P 0x7f2a7c191628
P 0x7f2a7c19b1e8
C 209
R
P 0x7f2a7c191628
C 342
R
P 0x7f2a7c191628
P 0x7f2a7c1a1900
C 260
R
P 0x7f2a7c191628
C 342
R
P 0x7f2a7c191628
P 0x7f2a7c1a1900
C 259
R
P 0x7f2a7c191628
C 342
R
P 0x7f2a7c191628
P 0x7f2a7c1a1900
C 258
R
P 0x7f2a7c191628
C 342
R
P 0x7f2a7c191628
P 0x7f2a7c1a1900
C 9
R
P 0x7f2a7c191628
C 342
R
P 0x7f2a7c191628
U 2
P 0x7f2a7c19bc28
P 0x7f2a7c1a1900
p 2
C 65
= 0x7f2a7c1a1938
R
P 0x7f2a7c191628
C 342
R
P 0x7f2a7c191628
P 0x7f2a7c1a1938
C 257
R
P 0x7f2a7c191628
C 342
R
P 0x7f2a7c191628
P 0x7f2a7c1a1938
C 254
= 0x7f2a7c19b1e8
R
P 0x7f2a7c191628
C 342
R
P 0x7f2a7c191628
P 0x7f2a7c19b1e8
C 209
R
P 0x7f2a7c191628
C 342
R
P 0x7f2a7c191628
P 0x7f2a7c1a1938
C 260
R
P 0x7f2a7c191628
C 342
R
P 0x7f2a7c191628
P 0x7f2a7c1a1938
C 259
R
P 0x7f2a7c191628
C 342
R
P 0x7f2a7c191628
P 0x7f2a7c1a1938
C 258
R
P 0x7f2a7c191628
C 342
R
P 0x7f2a7c191628
P 0x7f2a7c1a1938
C 9
R
P 0x7f2a7c191628
C 342
R
P 0x7f2a7c191628
P 0x7f2a7c1a1890
P 0x7f2a7c1a1938
P 0x7f2a7c19bc28
C 59
= 0x7f2a7c19f888
R
P 0x7f2a7c191628
C 342
R
P 0x7f2a7c191628
P 0x7f2a7c19f888
C 257
R
P 0x7f2a7c191628
C 342
R
P 0x7f2a7c191628
P 0x7f2a7c19f888
C 254
= 0x7f2a7c19b1e8
R
P 0x7f2a7c191628
C 342
R
P 0x7f2a7c191628
P 0x7f2a7c19b1e8
C 209
R
P 0x7f2a7c191628
C 342
R
P 0x7f2a7c191628
P 0x7f2a7c19f888
C 260
R
P 0x7f2a7c191628
C 342
R
P 0x7f2a7c191628
P 0x7f2a7c19f888
C 259
R
P 0x7f2a7c191628
C 342
R
P 0x7f2a7c191628
P 0x7f2a7c19f888
C 258
R
P 0x7f2a7c191628
C 342
R
P 0x7f2a7c191628
P 0x7f2a7c19f888
C 9
R
P 0x7f2a7c191628
C 342
R
P 0x7f2a7c191628
U 2
P 0x7f2a7c19f888
P 0x7f2a7c19bb48
p 2
C 65
= 0x7f2a7c1a1970
R
P 0x7f2a7c191628
C 342
R
P 0x7f2a7c191628
P 0x7f2a7c1a1970
C 257
R
P 0x7f2a7c191628
C 342
R
P 0x7f2a7c191628
P 0x7f2a7c1a1970
C 254
= 0x7f2a7c19b1e8
R
P 0x7f2a7c191628
C 342
R
P 0x7f2a7c191628
P 0x7f2a7c19b1e8
C 209
R
P 0x7f2a7c191628
C 342
R
P 0x7f2a7c191628
P 0x7f2a7c1a1970
C 260
R
P 0x7f2a7c191628
C 342
R
P 0x7f2a7c191628
P 0x7f2a7c1a1970
C 259
R
P 0x7f2a7c191628
C 342
R
P 0x7f2a7c191628
P 0x7f2a7c1a1970
C 258
R
P 0x7f2a7c191628
C 342
R
P 0x7f2a7c191628
P 0x7f2a7c1a1970
C 9
R
P 0x7f2a7c191628
C 342
R
P 0x7f2a7c191628
U 2
P 0x7f2a7c1a1970
P 0x7f2a7c19bb68
p 2
C 65
= 0x7f2a7c487198
R
P 0x7f2a7c191628
C 342
R
P 0x7f2a7c191628
P 0x7f2a7c487198
C 257
R
P 0x7f2a7c191628
C 342
R
P 0x7f2a7c191628
P 0x7f2a7c487198
C 254
= 0x7f2a7c19b1e8
R
P 0x7f2a7c191628
C 342
R
P 0x7f2a7c191628
P 0x7f2a7c19b1e8
C 209
R
P 0x7f2a7c191628
C 342
R
P 0x7f2a7c191628
P 0x7f2a7c487198
C 260
R
P 0x7f2a7c191628
C 342
R
P 0x7f2a7c191628
P 0x7f2a7c487198
C 259
R
P 0x7f2a7c191628
C 342
R
P 0x7f2a7c191628
P 0x7f2a7c487198
C 258
R
P 0x7f2a7c191628
C 342
R
P 0x7f2a7c191628
P 0x7f2a7c487198
C 9
R
P 0x7f2a7c191628
C 342
R
P 0x7f2a7c191628
P 0x7f2a7c19bce8
P 0x7f2a7c487198
C 56
= 0x7f2a7c4888e8
R
P 0x7f2a7c191628
C 342
R
P 0x7f2a7c191628
P 0x7f2a7c4888e8
C 258
R
P 0x7f2a7c191628
C 342
R
P 0x7f2a7c191628
P 0x7f2a7c4888e8
C 9
R
P 0x7f2a7c191628
C 342
R
P 0x7f2a7c191628
P 0x7f2a7c488aa8
P 0x7f2a7c4888e8
C 61
= 0x7f2a7c488ae0
R
P 0x7f2a7c191628
C 342
R
P 0x7f2a7c191628
P 0x7f2a7c488ae0
C 258
R
P 0x7f2a7c191628
C 342
R
P 0x7f2a7c191628
P 0x7f2a7c488ae0
C 9
R
P 0x7f2a7c191628
C 342
R
P 0x7f2a7c191628
P 0x7f2a7c1e1fc8
P 0x7f2a7c488ae0
C 427
R
P 0x7f2a7c191628
C 342
R
P 0x7f2a7c191628
I 2
P 0x7f2a7c19b208
C 150
= 0x7f2a7c19bcc8
R
P 0x7f2a7c191628
C 342
R
P 0x7f2a7c191628
P 0x7f2a7c19bcc8
C 258
R
P 0x7f2a7c191628
C 342
R
P 0x7f2a7c191628
P 0x7f2a7c19bcc8
C 9
R
P 0x7f2a7c191628
C 342
R
P 0x7f2a7c191628
I 1
P 0x7f2a7c19b208
C 150
= 0x7f2a7c19bc88
R
P 0x7f2a7c191628
C 342
R
P 0x7f2a7c191628
P 0x7f2a7c19bc88
C 258
R
P 0x7f2a7c191628
C 342
R
P 0x7f2a7c191628
P 0x7f2a7c19bc88
C 9
R
P 0x7f2a7c191628
C 342
R
P 0x7f2a7c191628
P 0x7f2a7c19bcc8
P 0x7f2a7c19bc88
C 75
= 0x7f2a7c1a1890
R
P 0x7f2a7c191628
C 342
R
P 0x7f2a7c191628
P 0x7f2a7c1a1890
C 258
R
P 0x7f2a7c191628
C 342
R
P 0x7f2a7c191628
P 0x7f2a7c1a1890
C 9
R
P 0x7f2a7c191628
C 342
R
P 0x7f2a7c191628
I 1
P 0x7f2a7c19b208
C 150
= 0x7f2a7c19bc88
R
P 0x7f2a7c191628
C 342
R
P 0x7f2a7c191628
P 0x7f2a7c19bc88
C 258
R
P 0x7f2a7c191628
C 342
R
P 0x7f2a7c191628
P 0x7f2a7c19bc88
C 9
R
P 0x7f2a7c191628
C 342
R
P 0x7f2a7c191628
U 2
P 0x7f2a7c19bcc8
P 0x7f2a7c19bc88
p 2
C 67
= 0x7f2a7c1a18c8
R
P 0x7f2a7c191628
C 342
R
P 0x7f2a7c191628
P 0x7f2a7c1a18c8
C 257
R
P 0x7f2a7c191628
C 342
R
P 0x7f2a7c191628
P 0x7f2a7c1a18c8
C 254
= 0x7f2a7c19b208
R
P 0x7f2a7c191628
C 342
R
P 0x7f2a7c191628
P 0x7f2a7c19b208
C 209
R
P 0x7f2a7c191628
C 342
R
P 0x7f2a7c191628
P 0x7f2a7c1a18c8
C 260
R
P 0x7f2a7c191628
C 342
R
P 0x7f2a7c191628
P 0x7f2a7c1a18c8
C 259
R
P 0x7f2a7c191628
C 342
R
P 0x7f2a7c191628
P 0x7f2a7c1a18c8
C 258
R
P 0x7f2a7c191628
C 342
R
P 0x7f2a7c191628
P 0x7f2a7c1a18c8
C 9
R
P 0x7f2a7c191628
C 342
R
P 0x7f2a7c191628
U 2
P 0x7f2a7c19bba8
P 0x7f2a7c1a18c8
p 2
C 66
= 0x7f2a7c1a1900
R
P 0x7f2a7c191628
C 342
R
P 0x7f2a7c191628
P 0x7f2a7c1a1900
C 257
R
P 0x7f2a7c191628
C 342
R
P 0x7f2a7c191628
P 0x7f2a7c1a1900
C 254
= 0x7f2a7c19b1e8
R
P 0x7f2a7c191628
C 342
R
P 0x7f2a7c191628
P 0x7f2a7c19b1e8
C 209
R
P 0x7f2a7c191628
C 342
R
P 0x7f2a7c191628
P 0x7f2a7c1a1900
C 260
R
P 0x7f2a7c191628
C 342
R
P 0x7f2a7c191628
P 0x7f2a7c1a1900
C 259
R
P 0x7f2a7c191628
C 342
R
P 0x7f2a7c191628
P 0x7f2a7c1a1900
C 258
R
P 0x7f2a7c191628
C 342
R
P 0x7f2a7c191628
P 0x7f2a7c1a1900
C 9
R
P 0x7f2a7c191628
C 342
R
P 0x7f2a7c191628
U 2
P 0x7f2a7c19bc28
P 0x7f2a7c1a1900
p 2
C 65
= 0x7f2a7c1a1938
R
P 0x7f2a7c191628
C 342
R
P 0x7f2a7c191628
P 0x7f2a7c1a1938
C 257
R
P 0x7f2a7c191628
C 342
R
P 0x7f2a7c191628
P 0x7f2a7c1a1938
C 254
= 0x7f2a7c19b1e8
R
P 0x7f2a7c191628
C 342
R
P 0x7f2a7c191628
P 0x7f2a7c19b1e8
C 209
R
P 0x7f2a7c191628
C 342
R
P 0x7f2a7c191628
P 0x7f2a7c1a1938
C 260
R
P 0x7f2a7c191628
C 342
R
P 0x7f2a7c191628
P 0x7f2a7c1a1938
C 259
R
P 0x7f2a7c191628
C 342
R
P 0x7f2a7c191628
P 0x7f2a7c1a1938
C 258
R
P 0x7f2a7c191628
C 342
R
P 0x7f2a7c191628
P 0x7f2a7c1a1938
C 9
R
P 0x7f2a7c191628
C 342
R
P 0x7f2a7c191628
P 0x7f2a7c1a1890
P 0x7f2a7c1a1938
P 0x7f2a7c19bc28
C 59
= 0x7f2a7c19f888
R
P 0x7f2a7c191628
C 342
R
P 0x7f2a7c191628
P 0x7f2a7c19f888
C 257
R
P 0x7f2a7c191628
C 342
R
P 0x7f2a7c191628
P 0x7f2a7c19f888
C 254
= 0x7f2a7c19b1e8
R
P 0x7f2a7c191628
C 342
R
P 0x7f2a7c191628
P 0x7f2a7c19b1e8
C 209
R
P 0x7f2a7c191628
C 342
R
P 0x7f2a7c191628
P 0x7f2a7c19f888
C 260
R
P 0x7f2a7c191628
C 342
R
P 0x7f2a7c191628
P 0x7f2a7c19f888
C 259
R
P 0x7f2a7c191628
C 342
R
P 0x7f2a7c191628
P 0x7f2a7c19f888
C 258
R
P 0x7f2a7c191628
C 342
R
P 0x7f2a7c191628
P 0x7f2a7c19f888
C 9
R
P 0x7f2a7c191628
C 342
R
P 0x7f2a7c191628
U 2
P 0x7f2a7c19f888
P 0x7f2a7c19bb48
p 2
C 65
= 0x7f2a7c1a1970
R
P 0x7f2a7c191628
C 342
R
P 0x7f2a7c191628
P 0x7f2a7c1a1970
C 257
R
P 0x7f2a7c191628
C 342
R
P 0x7f2a7c191628
P 0x7f2a7c1a1970
C 254
= 0x7f2a7c19b1e8
R
P 0x7f2a7c191628
C 342
R
P 0x7f2a7c191628
P 0x7f2a7c19b1e8
C 209
R
P 0x7f2a7c191628
C 342
R
P 0x7f2a7c191628
P 0x7f2a7c1a1970
C 260
R
P 0x7f2a7c191628
C 342
R
P 0x7f2a7c191628
P 0x7f2a7c1a1970
C 259
R
P 0x7f2a7c191628
C 342
R
P 0x7f2a7c191628
P 0x7f2a7c1a1970
C 258
R
P 0x7f2a7c191628
C 342
R
P 0x7f2a7c191628
P 0x7f2a7c1a1970
C 9
R
P 0x7f2a7c191628
C 342
R
P 0x7f2a7c191628
P 0x7f2a7c19bc68
C 333
R
P 0x7f2a7c191628
C 342
R
P 0x7f2a7c191628
S "slotflowPriorityStart"
C 30
R
P 0x7f2a7c191628
C 342
R
P 0x7f2a7c191628
$ |slotflowPriorityStart|
C 202
R
P 0x7f2a7c191628
C 342
R
P 0x7f2a7c191628
$ |slotflowPriorityStart|
P 0x7f2a7c19b1e8
C 51
= 0x7f2a7c19c2a8
R
P 0x7f2a7c191628
C 342
R
P 0x7f2a7c191628
P 0x7f2a7c19c2a8
C 257
R
P 0x7f2a7c191628
C 342
R
P 0x7f2a7c191628
P 0x7f2a7c19c2a8
C 254
= 0x7f2a7c19b1e8
R
P 0x7f2a7c191628
C 342
R
P 0x7f2a7c191628
P 0x7f2a7c19b1e8
C 209
R
P 0x7f2a7c191628
C 342
R
P 0x7f2a7c191628
P 0x7f2a7c19c2a8
C 260
R
P 0x7f2a7c191628
C 342
R
P 0x7f2a7c191628
P 0x7f2a7c19c2a8
C 259
R
P 0x7f2a7c191628
C 342
R
P 0x7f2a7c191628
P 0x7f2a7c19c2a8
C 258
R
P 0x7f2a7c191628
C 342
R
P 0x7f2a7c191628
P 0x7f2a7c19c2a8
C 9
R
P 0x7f2a7c191628
C 342
R
P 0x7f2a7c191628
P 0x7f2a7c19bc68
C 333
R
P 0x7f2a7c191628
C 342
R
P 0x7f2a7c191628
S "slotflowPriorityDuration"
C 30
R
P 0x7f2a7c191628
C 342
R
P 0x7f2a7c191628
$ |slotflowPriorityDuration|
C 202
R
P 0x7f2a7c191628
C 342
R
P 0x7f2a7c191628
$ |slotflowPriorityDuration|
P 0x7f2a7c19b1e8
C 51
= 0x7f2a7c19c268
R
P 0x7f2a7c191628
C 342
R
P 0x7f2a7c191628
P 0x7f2a7c19c268
C 257
R
P 0x7f2a7c191628
C 342
R
P 0x7f2a7c191628
P 0x7f2a7c19c268
C 254
= 0x7f2a7c19b1e8
R
P 0x7f2a7c191628
C 342
R
P 0x7f2a7c191628
P 0x7f2a7c19b1e8
C 209
R
P 0x7f2a7c191628
C 342
R
P 0x7f2a7c191628
P 0x7f2a7c19c268
C 260
R
P 0x7f2a7c191628
C 342
R
P 0x7f2a7c191628
P 0x7f2a7c19c268
C 259
R
P 0x7f2a7c191628
C 342
R
P 0x7f2a7c191628
P 0x7f2a7c19c268
C 258
R
P 0x7f2a7c191628
C 342
R
P 0x7f2a7c191628
P 0x7f2a7c19c268
C 9
R
P 0x7f2a7c191628
C 342
R
P 0x7f2a7c191628
U 2
P 0x7f2a7c19c2a8
P 0x7f2a7c19c268
p 2
C 65
= 0x7f2a7c487908
R
P 0x7f2a7c191628
C 342
R
P 0x7f2a7c191628
P 0x7f2a7c487908
C 257
R
P 0x7f2a7c191628
C 342
R
P 0x7f2a7c191628
P 0x7f2a7c487908
C 254
= 0x7f2a7c19b1e8
R
P 0x7f2a7c191628
C 342
R
P 0x7f2a7c191628
P 0x7f2a7c19b1e8
C 209
R
P 0x7f2a7c191628
C 342
R
P 0x7f2a7c191628
P 0x7f2a7c487908
C 260
R
P 0x7f2a7c191628
C 342
R
P 0x7f2a7c191628
P 0x7f2a7c487908
C 259
R
P 0x7f2a7c191628
C 342
R
P 0x7f2a7c191628
P 0x7f2a7c487908
C 258
R
P 0x7f2a7c191628
C 342
R
P 0x7f2a7c191628
P 0x7f2a7c487908
C 9
R
P 0x7f2a7c191628
C 342
R
P 0x7f2a7c191628
I 3
P 0x7f2a7c19b208
C 150
= 0x7f2a7c19bfc8
R
P 0x7f2a7c191628
C 342
R
P 0x7f2a7c191628
P 0x7f2a7c19bfc8
C 258
R
P 0x7f2a7c191628
C 342
R
P 0x7f2a7c191628
P 0x7f2a7c19bfc8
C 9
R
P 0x7f2a7c191628
C 342
R
P 0x7f2a7c191628
I 1
P 0x7f2a7c19b208
C 150
= 0x7f2a7c19bc88
R
P 0x7f2a7c191628
C 342
R
P 0x7f2a7c191628
P 0x7f2a7c19bc88
C 258
R
P 0x7f2a7c191628
C 342
R
P 0x7f2a7c191628
P 0x7f2a7c19bc88
C 9
R
P 0x7f2a7c191628
C 342
R
P 0x7f2a7c191628
P 0x7f2a7c19bfc8
P 0x7f2a7c19bc88
C 75
= 0x7f2a7c487208
R
P 0x7f2a7c191628
C 342
R
P 0x7f2a7c191628
P 0x7f2a7c487208
C 258
R
P 0x7f2a7c191628
C 342
R
P 0x7f2a7c191628
P 0x7f2a7c487208
C 9
R
P 0x7f2a7c191628
C 342
R
P 0x7f2a7c191628
I 1
P 0x7f2a7c19b208
C 150
= 0x7f2a7c19bc88
R
P 0x7f2a7c191628
C 342
R
P 0x7f2a7c191628
P 0x7f2a7c19bc88
C 258
R
P 0x7f2a7c191628
C 342
R
P 0x7f2a7c191628
P 0x7f2a7c19bc88
C 9
R
P 0x7f2a7c191628
C 342
R
P 0x7f2a7c191628
U 2
P 0x7f2a7c19bfc8
P 0x7f2a7c19bc88
p 2
C 67
= 0x7f2a7c487240
R
P 0x7f2a7c191628
C 342
R
P 0x7f2a7c191628
P 0x7f2a7c487240
C 257
R
P 0x7f2a7c191628
C 342
R
P 0x7f2a7c191628
P 0x7f2a7c487240
C 254
= 0x7f2a7c19b208
R
P 0x7f2a7c191628
C 342
R
P 0x7f2a7c191628
P 0x7f2a7c19b208
C 209
R
P 0x7f2a7c191628
C 342
R
P 0x7f2a7c191628
P 0x7f2a7c487240
C 260
R
P 0x7f2a7c191628
C 342
R
P 0x7f2a7c191628
P 0x7f2a7c487240
C 259
R
P 0x7f2a7c191628
C 342
R
P 0x7f2a7c191628
P 0x7f2a7c487240
C 258
R
P 0x7f2a7c191628
C 342
R
P 0x7f2a7c191628
P 0x7f2a7c487240
C 9
R
P 0x7f2a7c191628
C 342
R
P 0x7f2a7c191628
U 2
P 0x7f2a7c19bbe8
P 0x7f2a7c487240
p 2
C 66
= 0x7f2a7c487f60
R
P 0x7f2a7c191628
C 342
R
P 0x7f2a7c191628
P 0x7f2a7c487f60
C 257
R
P 0x7f2a7c191628
C 342
R
P 0x7f2a7c191628
P 0x7f2a7c487f60
C 254
= 0x7f2a7c19b208
R
P 0x7f2a7c191628
C 342
R
P 0x7f2a7c191628
P 0x7f2a7c19b208
C 209
R
P 0x7f2a7c191628
C 342
R
P 0x7f2a7c191628
P 0x7f2a7c487f60
C 260
R
P 0x7f2a7c191628
C 342
R
P 0x7f2a7c191628
P 0x7f2a7c487f60
C 259
R
P 0x7f2a7c191628
C 342
R
P 0x7f2a7c191628
P 0x7f2a7c487f60
C 258
R
P 0x7f2a7c191628
C 342
R
P 0x7f2a7c191628
P 0x7f2a7c487f60
C 9
R
P 0x7f2a7c191628
C 342
R
P 0x7f2a7c191628
U 2
P 0x7f2a7c19bb88
P 0x7f2a7c487f60
p 2
C 65
= 0x7f2a7c487f98
R
P 0x7f2a7c191628
C 342
R
P 0x7f2a7c191628
P 0x7f2a7c487f98
C 257
R
P 0x7f2a7c191628
C 342
R
P 0x7f2a7c191628
P 0x7f2a7c487f98
C 254
= 0x7f2a7c19b1e8
R
P 0x7f2a7c191628
C 342
R
P 0x7f2a7c191628
P 0x7f2a7c19b1e8
C 209
R
P 0x7f2a7c191628
C 342
R
P 0x7f2a7c191628
P 0x7f2a7c487f98
C 260
R
P 0x7f2a7c191628
C 342
R
P 0x7f2a7c191628
P 0x7f2a7c487f98
C 259
R
P 0x7f2a7c191628
C 342
R
P 0x7f2a7c191628
P 0x7f2a7c487f98
C 258
R
P 0x7f2a7c191628
C 342
R
P 0x7f2a7c191628
P 0x7f2a7c487f98
C 9
R
P 0x7f2a7c191628
C 342
R
P 0x7f2a7c191628
P 0x7f2a7c487208
P 0x7f2a7c487f98
P 0x7f2a7c19bb88
C 59
= 0x7f2a7c19fac8
R
P 0x7f2a7c191628
C 342
R
P 0x7f2a7c191628
P 0x7f2a7c19fac8
C 257
R
P 0x7f2a7c191628
C 342
R
P 0x7f2a7c191628
P 0x7f2a7c19fac8
C 254
= 0x7f2a7c19b1e8
R
P 0x7f2a7c191628
C 342
R
P 0x7f2a7c191628
P 0x7f2a7c19b1e8
C 209
R
P 0x7f2a7c191628
C 342
R
P 0x7f2a7c191628
P 0x7f2a7c19fac8
C 260
R
P 0x7f2a7c191628
C 342
R
P 0x7f2a7c191628
P 0x7f2a7c19fac8
C 259
R
P 0x7f2a7c191628
C 342
R
P 0x7f2a7c191628
P 0x7f2a7c19fac8
C 258
R
P 0x7f2a7c191628
C 342
R
P 0x7f2a7c191628
P 0x7f2a7c19fac8
C 9
R
P 0x7f2a7c191628
C 342
R
P 0x7f2a7c191628
U 2
P 0x7f2a7c487908
P 0x7f2a7c19fac8
p 2
C 65
= 0x7f2a7c487fd0
R
P 0x7f2a7c191628
C 342
R
P 0x7f2a7c191628
P 0x7f2a7c487fd0
C 257
R
P 0x7f2a7c191628
C 342
R
P 0x7f2a7c191628
P 0x7f2a7c487fd0
C 254
= 0x7f2a7c19b1e8
R
P 0x7f2a7c191628
C 342
R
P 0x7f2a7c191628
P 0x7f2a7c19b1e8
C 209
R
P 0x7f2a7c191628
C 342
R
P 0x7f2a7c191628
P 0x7f2a7c487fd0
C 260
R
P 0x7f2a7c191628
C 342
R
P 0x7f2a7c191628
P 0x7f2a7c487fd0
C 259
R
P 0x7f2a7c191628
C 342
R
P 0x7f2a7c191628
P 0x7f2a7c487fd0
C 258
R
P 0x7f2a7c191628
C 342
R
P 0x7f2a7c191628
P 0x7f2a7c487fd0
C 9
R
P 0x7f2a7c191628
C 342
R
P 0x7f2a7c191628
U 2
P 0x7f2a7c487fd0
P 0x7f2a7c19bb68
p 2
C 67
= 0x7f2a7c488008
R
P 0x7f2a7c191628
C 342
R
P 0x7f2a7c191628
P 0x7f2a7c488008
C 257
R
P 0x7f2a7c191628
C 342
R
P 0x7f2a7c191628
P 0x7f2a7c488008
C 254
= 0x7f2a7c19b1e8
R
P 0x7f2a7c191628
C 342
R
P 0x7f2a7c191628
P 0x7f2a7c19b1e8
C 209
R
P 0x7f2a7c191628
C 342
R
P 0x7f2a7c191628
P 0x7f2a7c488008
C 260
R
P 0x7f2a7c191628
C 342
R
P 0x7f2a7c191628
P 0x7f2a7c488008
C 259
R
P 0x7f2a7c191628
C 342
R
P 0x7f2a7c191628
P 0x7f2a7c488008
C 258
R
P 0x7f2a7c191628
C 342
R
P 0x7f2a7c191628
P 0x7f2a7c488008
C 9
R
P 0x7f2a7c191628
C 342
R
P 0x7f2a7c191628
P 0x7f2a7c1a1970
P 0x7f2a7c488008
C 74
= 0x7f2a7c488b18
R
P 0x7f2a7c191628
C 342
R
P 0x7f2a7c191628
P 0x7f2a7c488b18
C 258
R
P 0x7f2a7c191628
C 342
R
P 0x7f2a7c191628
P 0x7f2a7c488b18
C 9
R
P 0x7f2a7c191628
C 342
R
P 0x7f2a7c191628
I 2
P 0x7f2a7c19b208
C 150
= 0x7f2a7c19bcc8
R
P 0x7f2a7c191628
C 342
R
P 0x7f2a7c191628
P 0x7f2a7c19bcc8
C 258
R
P 0x7f2a7c191628
C 342
R
P 0x7f2a7c191628
P 0x7f2a7c19bcc8
C 9
R
P 0x7f2a7c191628
C 342
R
P 0x7f2a7c191628
I 1
P 0x7f2a7c19b208
C 150
= 0x7f2a7c19bc88
R
P 0x7f2a7c191628
C 342
R
P 0x7f2a7c191628
P 0x7f2a7c19bc88
C 258
R
P 0x7f2a7c191628
C 342
R
P 0x7f2a7c191628
P 0x7f2a7c19bc88
C 9
R
P 0x7f2a7c191628
C 342
R
P 0x7f2a7c191628
P 0x7f2a7c19bcc8
P 0x7f2a7c19bc88
C 75
= 0x7f2a7c1a1890
R
P 0x7f2a7c191628
C 342
R
P 0x7f2a7c191628
P 0x7f2a7c1a1890
C 258
R
P 0x7f2a7c191628
C 342
R
P 0x7f2a7c191628
P 0x7f2a7c1a1890
C 9
R
P 0x7f2a7c191628
C 342
R
P 0x7f2a7c191628
I 1
P 0x7f2a7c19b208
C 150
= 0x7f2a7c19bc88
R
P 0x7f2a7c191628
C 342
R
P 0x7f2a7c191628
P 0x7f2a7c19bc88
C 258
R
P 0x7f2a7c191628
C 342
R
P 0x7f2a7c191628
P 0x7f2a7c19bc88
C 9
R
P 0x7f2a7c191628
C 342
R
P 0x7f2a7c191628
U 2
P 0x7f2a7c19bcc8
P 0x7f2a7c19bc88
p 2
C 67
= 0x7f2a7c1a18c8
R
P 0x7f2a7c191628
C 342
R
P 0x7f2a7c191628
P 0x7f2a7c1a18c8
C 257
R
P 0x7f2a7c191628
C 342
R
P 0x7f2a7c191628
P 0x7f2a7c1a18c8
C 254
= 0x7f2a7c19b208
R
P 0x7f2a7c191628
C 342
R
P 0x7f2a7c191628
P 0x7f2a7c19b208
C 209
R
P 0x7f2a7c191628
C 342
R
P 0x7f2a7c191628
P 0x7f2a7c1a18c8
C 260
R
P 0x7f2a7c191628
C 342
R
P 0x7f2a7c191628
P 0x7f2a7c1a18c8
C 259
R
P 0x7f2a7c191628
C 342
R
P 0x7f2a7c191628
P 0x7f2a7c1a18c8
C 258
R
P 0x7f2a7c191628
C 342
R
P 0x7f2a7c191628
P 0x7f2a7c1a18c8
C 9
R
P 0x7f2a7c191628
C 342
R
P 0x7f2a7c191628
U 2
P 0x7f2a7c19bba8
P 0x7f2a7c1a18c8
p 2
C 66
= 0x7f2a7c1a1900
R
P 0x7f2a7c191628
C 342
R
P 0x7f2a7c191628
P 0x7f2a7c1a1900
C 257
R
P 0x7f2a7c191628
C 342
R
P 0x7f2a7c191628
P 0x7f2a7c1a1900
C 254
= 0x7f2a7c19b1e8
R
P 0x7f2a7c191628
C 342
R
P 0x7f2a7c191628
P 0x7f2a7c19b1e8
C 209
R
P 0x7f2a7c191628
C 342
R
P 0x7f2a7c191628
P 0x7f2a7c1a1900
C 260
R
P 0x7f2a7c191628
C 342
R
P 0x7f2a7c191628
P 0x7f2a7c1a1900
C 259
R
P 0x7f2a7c191628
C 342
R
P 0x7f2a7c191628
P 0x7f2a7c1a1900
C 258
R
P 0x7f2a7c191628
C 342
R
P 0x7f2a7c191628
P 0x7f2a7c1a1900
C 9
R
P 0x7f2a7c191628
C 342
R
P 0x7f2a7c191628
U 2
P 0x7f2a7c19bc28
P 0x7f2a7c1a1900
p 2
C 65
= 0x7f2a7c1a1938
R
P 0x7f2a7c191628
C 342
R
P 0x7f2a7c191628
P 0x7f2a7c1a1938
C 257
R
P 0x7f2a7c191628
C 342
R
P 0x7f2a7c191628
P 0x7f2a7c1a1938
C 254
= 0x7f2a7c19b1e8
R
P 0x7f2a7c191628
C 342
R
P 0x7f2a7c191628
P 0x7f2a7c19b1e8
C 209
R
P 0x7f2a7c191628
C 342
R
P 0x7f2a7c191628
P 0x7f2a7c1a1938
C 260
R
P 0x7f2a7c191628
C 342
R
P 0x7f2a7c191628
P 0x7f2a7c1a1938
C 259
R
P 0x7f2a7c191628
C 342
R
P 0x7f2a7c191628
P 0x7f2a7c1a1938
C 258
R
P 0x7f2a7c191628
C 342
R
P 0x7f2a7c191628
P 0x7f2a7c1a1938
C 9
R
P 0x7f2a7c191628
C 342
R
P 0x7f2a7c191628
P 0x7f2a7c1a1890
P 0x7f2a7c1a1938
P 0x7f2a7c19bc28
C 59
= 0x7f2a7c19f888
R
P 0x7f2a7c191628
C 342
R
P 0x7f2a7c191628
P 0x7f2a7c19f888
C 257
R
P 0x7f2a7c191628
C 342
R
P 0x7f2a7c191628
P 0x7f2a7c19f888
C 254
= 0x7f2a7c19b1e8
R
P 0x7f2a7c191628
C 342
R
P 0x7f2a7c191628
P 0x7f2a7c19b1e8
C 209
R
P 0x7f2a7c191628
C 342
R
P 0x7f2a7c191628
P 0x7f2a7c19f888
C 260
R
P 0x7f2a7c191628
C 342
R
P 0x7f2a7c191628
P 0x7f2a7c19f888
C 259
R
P 0x7f2a7c191628
C 342
R
P 0x7f2a7c191628
P 0x7f2a7c19f888
C 258
R
P 0x7f2a7c191628
C 342
R
P 0x7f2a7c191628
P 0x7f2a7c19f888
C 9
R
P 0x7f2a7c191628
C 342
R
P 0x7f2a7c191628
U 2
P 0x7f2a7c19f888
P 0x7f2a7c19bb48
p 2
C 65
= 0x7f2a7c1a1970
R
P 0x7f2a7c191628
C 342
R
P 0x7f2a7c191628
P 0x7f2a7c1a1970
C 257
R
P 0x7f2a7c191628
C 342
R
P 0x7f2a7c191628
P 0x7f2a7c1a1970
C 254
= 0x7f2a7c19b1e8
R
P 0x7f2a7c191628
C 342
R
P 0x7f2a7c191628
P 0x7f2a7c19b1e8
C 209
R
P 0x7f2a7c191628
C 342
R
P 0x7f2a7c191628
P 0x7f2a7c1a1970
C 260
R
P 0x7f2a7c191628
C 342
R
P 0x7f2a7c191628
P 0x7f2a7c1a1970
C 259
R
P 0x7f2a7c191628
C 342
R
P 0x7f2a7c191628
P 0x7f2a7c1a1970
C 258
R
P 0x7f2a7c191628
C 342
R
P 0x7f2a7c191628
P 0x7f2a7c1a1970
C 9
R
P 0x7f2a7c191628
C 342
R
P 0x7f2a7c191628
P 0x7f2a7c19bc68
C 333
R
P 0x7f2a7c191628
C 342
R
P 0x7f2a7c191628
S "slotflowPriorityStart"
C 30
R
P 0x7f2a7c191628
C 342
R
P 0x7f2a7c191628
$ |slotflowPriorityStart|
C 202
R
P 0x7f2a7c191628
C 342
R
P 0x7f2a7c191628
$ |slotflowPriorityStart|
P 0x7f2a7c19b1e8
C 51
= 0x7f2a7c19c2a8
R
P 0x7f2a7c191628
C 342
R
P 0x7f2a7c191628
P 0x7f2a7c19c2a8
C 257
R
P 0x7f2a7c191628
C 342
R
P 0x7f2a7c191628
P 0x7f2a7c19c2a8
C 254
= 0x7f2a7c19b1e8
R
P 0x7f2a7c191628
C 342
R
P 0x7f2a7c191628
P 0x7f2a7c19b1e8
C 209
R
P 0x7f2a7c191628
C 342
R
P 0x7f2a7c191628
P 0x7f2a7c19c2a8
C 260
R
P 0x7f2a7c191628
C 342
R
P 0x7f2a7c191628
P 0x7f2a7c19c2a8
C 259
R
P 0x7f2a7c191628
C 342
R
P 0x7f2a7c191628
P 0x7f2a7c19c2a8
C 258
R
P 0x7f2a7c191628
C 342
R
P 0x7f2a7c191628
P 0x7f2a7c19c2a8
C 9
R
P 0x7f2a7c191628
C 342
R
P 0x7f2a7c191628
I 3
P 0x7f2a7c19b208
C 150
= 0x7f2a7c19bfc8
R
P 0x7f2a7c191628
C 342
R
P 0x7f2a7c191628
P 0x7f2a7c19bfc8
C 258
R
P 0x7f2a7c191628
C 342
R
P 0x7f2a7c191628
P 0x7f2a7c19bfc8
C 9
R
P 0x7f2a7c191628
C 342
R
P 0x7f2a7c191628
I 1
P 0x7f2a7c19b208
C 150
= 0x7f2a7c19bc88
R
P 0x7f2a7c191628
C 342
R
P 0x7f2a7c191628
P 0x7f2a7c19bc88
C 258
R
P 0x7f2a7c191628
C 342
R
P 0x7f2a7c191628
P 0x7f2a7c19bc88
C 9
R
P 0x7f2a7c191628
C 342
R
P 0x7f2a7c191628
P 0x7f2a7c19bfc8
P 0x7f2a7c19bc88
C 75
= 0x7f2a7c487208
R
P 0x7f2a7c191628
C 342
R
P 0x7f2a7c191628
P 0x7f2a7c487208
C 258
R
P 0x7f2a7c191628
C 342
R
P 0x7f2a7c191628
P 0x7f2a7c487208
C 9
R
P 0x7f2a7c191628
C 342
R
P 0x7f2a7c191628
I 1
P 0x7f2a7c19b208
C 150
= 0x7f2a7c19bc88
R
P 0x7f2a7c191628
C 342
R
P 0x7f2a7c191628
P 0x7f2a7c19bc88
C 258
R
P 0x7f2a7c191628
C 342
R
P 0x7f2a7c191628
P 0x7f2a7c19bc88
C 9
R
P 0x7f2a7c191628
C 342
R
P 0x7f2a7c191628
U 2
P 0x7f2a7c19bfc8
P 0x7f2a7c19bc88
p 2
C 67
= 0x7f2a7c487240
R
P 0x7f2a7c191628
C 342
R
P 0x7f2a7c191628
P 0x7f2a7c487240
C 257
R
P 0x7f2a7c191628
C 342
R
P 0x7f2a7c191628
P 0x7f2a7c487240
C 254
= 0x7f2a7c19b208
R
P 0x7f2a7c191628
C 342
R
P 0x7f2a7c191628
P 0x7f2a7c19b208
C 209
R
P 0x7f2a7c191628
C 342
R
P 0x7f2a7c191628
P 0x7f2a7c487240
C 260
R
P 0x7f2a7c191628
C 342
R
P 0x7f2a7c191628
P 0x7f2a7c487240
C 259
R
P 0x7f2a7c191628
C 342
R
P 0x7f2a7c191628
P 0x7f2a7c487240
C 258
R
P 0x7f2a7c191628
C 342
R
P 0x7f2a7c191628
P 0x7f2a7c487240
C 9
R
P 0x7f2a7c191628
C 342
R
P 0x7f2a7c191628
U 2
P 0x7f2a7c19bbe8
P 0x7f2a7c487240
p 2
C 66
= 0x7f2a7c487f60
R
P 0x7f2a7c191628
C 342
R
P 0x7f2a7c191628
P 0x7f2a7c487f60
C 257
R
P 0x7f2a7c191628
C 342
R
P 0x7f2a7c191628
P 0x7f2a7c487f60
C 254
= 0x7f2a7c19b208
R
P 0x7f2a7c191628
C 342
R
P 0x7f2a7c191628
P 0x7f2a7c19b208
C 209
R
P 0x7f2a7c191628
C 342
R
P 0x7f2a7c191628
P 0x7f2a7c487f60
C 260
R
P 0x7f2a7c191628
C 342
R
P 0x7f2a7c191628
P 0x7f2a7c487f60
C 259
R
P 0x7f2a7c191628
C 342
R
P 0x7f2a7c191628
P 0x7f2a7c487f60
C 258
R
P 0x7f2a7c191628
C 342
R
P 0x7f2a7c191628
P 0x7f2a7c487f60
C 9
R
P 0x7f2a7c191628
C 342
R
P 0x7f2a7c191628
U 2
P 0x7f2a7c19bb88
P 0x7f2a7c487f60
p 2
C 65
= 0x7f2a7c487f98
R
P 0x7f2a7c191628
C 342
R
P 0x7f2a7c191628
P 0x7f2a7c487f98
C 257
R
P 0x7f2a7c191628
C 342
R
P 0x7f2a7c191628
P 0x7f2a7c487f98
C 254
= 0x7f2a7c19b1e8
R
P 0x7f2a7c191628
C 342
R
P 0x7f2a7c191628
P 0x7f2a7c19b1e8
C 209
R
P 0x7f2a7c191628
C 342
R
P 0x7f2a7c191628
P 0x7f2a7c487f98
C 260
R
P 0x7f2a7c191628
C 342
R
P 0x7f2a7c191628
P 0x7f2a7c487f98
C 259
R
P 0x7f2a7c191628
C 342
R
P 0x7f2a7c191628
P 0x7f2a7c487f98
C 258
R
P 0x7f2a7c191628
C 342
R
P 0x7f2a7c191628
P 0x7f2a7c487f98
C 9
R
P 0x7f2a7c191628
C 342
R
P 0x7f2a7c191628
P 0x7f2a7c487208
P 0x7f2a7c487f98
P 0x7f2a7c19bb88
C 59
= 0x7f2a7c19fac8
R
P 0x7f2a7c191628
C 342
R
P 0x7f2a7c191628
P 0x7f2a7c19fac8
C 257
R
P 0x7f2a7c191628
C 342
R
P 0x7f2a7c191628
P 0x7f2a7c19fac8
C 254
= 0x7f2a7c19b1e8
R
P 0x7f2a7c191628
C 342
R
P 0x7f2a7c191628
P 0x7f2a7c19b1e8
C 209
R
P 0x7f2a7c191628
C 342
R
P 0x7f2a7c191628
P 0x7f2a7c19fac8
C 260
R
P 0x7f2a7c191628
C 342
R
P 0x7f2a7c191628
P 0x7f2a7c19fac8
C 259
R
P 0x7f2a7c191628
C 342
R
P 0x7f2a7c191628
P 0x7f2a7c19fac8
C 258
R
P 0x7f2a7c191628
C 342
R
P 0x7f2a7c191628
P 0x7f2a7c19fac8
C 9
R
P 0x7f2a7c191628
C 342
R
P 0x7f2a7c191628
U 2
P 0x7f2a7c19c2a8
P 0x7f2a7c19fac8
p 2
C 65
= 0x7f2a7c488078
R
P 0x7f2a7c191628
C 342
R
P 0x7f2a7c191628
P 0x7f2a7c488078
C 257
R
P 0x7f2a7c191628
C 342
R
P 0x7f2a7c191628
P 0x7f2a7c488078
C 254
= 0x7f2a7c19b1e8
R
P 0x7f2a7c191628
C 342
R
P 0x7f2a7c191628
P 0x7f2a7c19b1e8
C 209
R
P 0x7f2a7c191628
C 342
R
P 0x7f2a7c191628
P 0x7f2a7c488078
C 260
R
P 0x7f2a7c191628
C 342
R
P 0x7f2a7c191628
P 0x7f2a7c488078
C 259
R
P 0x7f2a7c191628
C 342
R
P 0x7f2a7c191628
P 0x7f2a7c488078
C 258
R
P 0x7f2a7c191628
C 342
R
P 0x7f2a7c191628
P 0x7f2a7c488078
C 9
R
P 0x7f2a7c191628
C 342
R
P 0x7f2a7c191628
P 0x7f2a7c1a1970
P 0x7f2a7c488078
C 76
= 0x7f2a7c488b50
R
P 0x7f2a7c191628
C 342
R
P 0x7f2a7c191628
P 0x7f2a7c488b50
C 258
R
P 0x7f2a7c191628
C 342
R
P 0x7f2a7c191628
P 0x7f2a7c488b50
C 9
R
P 0x7f2a7c191628
C 342
R
P 0x7f2a7c191628
U 2
P 0x7f2a7c488b18
P 0x7f2a7c488b50
p 2
C 63
= 0x7f2a7c488b88
R
P 0x7f2a7c191628
C 342
R
P 0x7f2a7c191628
P 0x7f2a7c488b88
C 258
R
P 0x7f2a7c191628
C 342
R
P 0x7f2a7c191628
P 0x7f2a7c488b88
C 9
R
P 0x7f2a7c191628
C 342
R
P 0x7f2a7c191628
I 2
P 0x7f2a7c19b208
C 150
= 0x7f2a7c19bcc8
R
P 0x7f2a7c191628
C 342
R
P 0x7f2a7c191628
P 0x7f2a7c19bcc8
C 258
R
P 0x7f2a7c191628
C 342
R
P 0x7f2a7c191628
P 0x7f2a7c19bcc8
C 9
R
P 0x7f2a7c191628
C 342
R
P 0x7f2a7c191628
P 0x7f2a7c19bcc8
C 263
R
P 0x7f2a7c191628
C 342
R
P 0x7f2a7c191628
S "dev0T32"
C 30
R
P 0x7f2a7c191628
C 342
R
P 0x7f2a7c191628
$ |dev0T32|
C 202
R
P 0x7f2a7c191628
C 342
R
P 0x7f2a7c191628
$ |dev0T32|
P 0x7f2a7c19b1e8
C 51
= 0x7f2a7c19bce8
R
P 0x7f2a7c191628
C 342
R
P 0x7f2a7c191628
P 0x7f2a7c19bce8
C 257
R
P 0x7f2a7c191628
C 342
R
P 0x7f2a7c191628
P 0x7f2a7c19bce8
C 254
= 0x7f2a7c19b1e8
R
P 0x7f2a7c191628
C 342
R
P 0x7f2a7c191628
P 0x7f2a7c19b1e8
C 209
R
P 0x7f2a7c191628
C 342
R
P 0x7f2a7c191628
P 0x7f2a7c19bce8
C 260
R
P 0x7f2a7c191628
C 342
R
P 0x7f2a7c191628
P 0x7f2a7c19bce8
C 259
R
P 0x7f2a7c191628
C 342
R
P 0x7f2a7c191628
P 0x7f2a7c19bce8
C 258
R
P 0x7f2a7c191628
C 342
R
P 0x7f2a7c191628
P 0x7f2a7c19bce8
C 9
R
P 0x7f2a7c191628
C 342
R
P 0x7f2a7c191628
I 2
P 0x7f2a7c19b208
C 150
= 0x7f2a7c19bcc8
R
P 0x7f2a7c191628
C 342
R
P 0x7f2a7c191628
P 0x7f2a7c19bcc8
C 258
R
P 0x7f2a7c191628
C 342
R
P 0x7f2a7c191628
P 0x7f2a7c19bcc8
C 9
R
P 0x7f2a7c191628
C 342
R
P 0x7f2a7c191628
I 1
P 0x7f2a7c19b208
C 150
= 0x7f2a7c19bc88
R
P 0x7f2a7c191628
C 342
R
P 0x7f2a7c191628
P 0x7f2a7c19bc88
C 258
R
P 0x7f2a7c191628
C 342
R
P 0x7f2a7c191628
P 0x7f2a7c19bc88
C 9
R
P 0x7f2a7c191628
C 342
R
P 0x7f2a7c191628
P 0x7f2a7c19bcc8
P 0x7f2a7c19bc88
C 75
= 0x7f2a7c1a1890
R
P 0x7f2a7c191628
C 342
R
P 0x7f2a7c191628
P 0x7f2a7c1a1890
C 258
R
P 0x7f2a7c191628
C 342
R
P 0x7f2a7c191628
P 0x7f2a7c1a1890
C 9
R
P 0x7f2a7c191628
C 342
R
P 0x7f2a7c191628
I 1
P 0x7f2a7c19b208
C 150
= 0x7f2a7c19bc88
R
P 0x7f2a7c191628
C 342
R
P 0x7f2a7c191628
P 0x7f2a7c19bc88
C 258
R
P 0x7f2a7c191628
C 342
R
P 0x7f2a7c191628
P 0x7f2a7c19bc88
C 9
R
P 0x7f2a7c191628
C 342
R
P 0x7f2a7c191628
U 2
P 0x7f2a7c19bcc8
P 0x7f2a7c19bc88
p 2
C 67
= 0x7f2a7c1a18c8
R
P 0x7f2a7c191628
C 342
R
P 0x7f2a7c191628
P 0x7f2a7c1a18c8
C 257
R
P 0x7f2a7c191628
C 342
R
P 0x7f2a7c191628
P 0x7f2a7c1a18c8
C 254
= 0x7f2a7c19b208
R
P 0x7f2a7c191628
C 342
R
P 0x7f2a7c191628
P 0x7f2a7c19b208
C 209
R
P 0x7f2a7c191628
C 342
R
P 0x7f2a7c191628
P 0x7f2a7c1a18c8
C 260
R
P 0x7f2a7c191628
C 342
R
P 0x7f2a7c191628
P 0x7f2a7c1a18c8
C 259
R
P 0x7f2a7c191628
C 342
R
P 0x7f2a7c191628
P 0x7f2a7c1a18c8
C 258
R
P 0x7f2a7c191628
C 342
R
P 0x7f2a7c191628
P 0x7f2a7c1a18c8
C 9
R
P 0x7f2a7c191628
C 342
R
P 0x7f2a7c191628
U 2
P 0x7f2a7c19bba8
P 0x7f2a7c1a18c8
p 2
C 66
= 0x7f2a7c1a1900
R
P 0x7f2a7c191628
C 342
R
P 0x7f2a7c191628
P 0x7f2a7c1a1900
C 257
R
P 0x7f2a7c191628
C 342
R
P 0x7f2a7c191628
P 0x7f2a7c1a1900
C 254
= 0x7f2a7c19b1e8
R
P 0x7f2a7c191628
C 342
R
P 0x7f2a7c191628
P 0x7f2a7c19b1e8
C 209
R
P 0x7f2a7c191628
C 342
R
P 0x7f2a7c191628
P 0x7f2a7c1a1900
C 260
R
P 0x7f2a7c191628
C 342
R
P 0x7f2a7c191628
P 0x7f2a7c1a1900
C 259
R
P 0x7f2a7c191628
C 342
R
P 0x7f2a7c191628
P 0x7f2a7c1a1900
C 258
R
P 0x7f2a7c191628
C 342
R
P 0x7f2a7c191628
P 0x7f2a7c1a1900
C 9
R
P 0x7f2a7c191628
C 342
R
P 0x7f2a7c191628
U 2
P 0x7f2a7c19bc28
P 0x7f2a7c1a1900
p 2
C 65
= 0x7f2a7c1a1938
R
P 0x7f2a7c191628
C 342
R
P 0x7f2a7c191628
P 0x7f2a7c1a1938
C 257
R
P 0x7f2a7c191628
C 342
R
P 0x7f2a7c191628
P 0x7f2a7c1a1938
C 254
= 0x7f2a7c19b1e8
R
P 0x7f2a7c191628
C 342
R
P 0x7f2a7c191628
P 0x7f2a7c19b1e8
C 209
R
P 0x7f2a7c191628
C 342
R
P 0x7f2a7c191628
P 0x7f2a7c1a1938
C 260
R
P 0x7f2a7c191628
C 342
R
P 0x7f2a7c191628
P 0x7f2a7c1a1938
C 259
R
P 0x7f2a7c191628
C 342
R
P 0x7f2a7c191628
P 0x7f2a7c1a1938
C 258
R
P 0x7f2a7c191628
C 342
R
P 0x7f2a7c191628
P 0x7f2a7c1a1938
C 9
R
P 0x7f2a7c191628
C 342
R
P 0x7f2a7c191628
P 0x7f2a7c1a1890
P 0x7f2a7c1a1938
P 0x7f2a7c19bc28
C 59
= 0x7f2a7c19f888
R
P 0x7f2a7c191628
C 342
R
P 0x7f2a7c191628
P 0x7f2a7c19f888
C 257
R
P 0x7f2a7c191628
C 342
R
P 0x7f2a7c191628
P 0x7f2a7c19f888
C 254
= 0x7f2a7c19b1e8
R
P 0x7f2a7c191628
C 342
R
P 0x7f2a7c191628
P 0x7f2a7c19b1e8
C 209
R
P 0x7f2a7c191628
C 342
R
P 0x7f2a7c191628
P 0x7f2a7c19f888
C 260
R
P 0x7f2a7c191628
C 342
R
P 0x7f2a7c191628
P 0x7f2a7c19f888
C 259
R
P 0x7f2a7c191628
C 342
R
P 0x7f2a7c191628
P 0x7f2a7c19f888
C 258
R
P 0x7f2a7c191628
C 342
R
P 0x7f2a7c191628
P 0x7f2a7c19f888
C 9
R
P 0x7f2a7c191628
C 342
R
P 0x7f2a7c191628
U 2
P 0x7f2a7c19f888
P 0x7f2a7c19bb48
p 2
C 65
= 0x7f2a7c1a1970
R
P 0x7f2a7c191628
C 342
R
P 0x7f2a7c191628
P 0x7f2a7c1a1970
C 257
R
P 0x7f2a7c191628
C 342
R
P 0x7f2a7c191628
P 0x7f2a7c1a1970
C 254
= 0x7f2a7c19b1e8
R
P 0x7f2a7c191628
C 342
R
P 0x7f2a7c191628
P 0x7f2a7c19b1e8
C 209
R
P 0x7f2a7c191628
C 342
R
P 0x7f2a7c191628
P 0x7f2a7c1a1970
C 260
R
P 0x7f2a7c191628
C 342
R
P 0x7f2a7c191628
P 0x7f2a7c1a1970
C 259
R
P 0x7f2a7c191628
C 342
R
P 0x7f2a7c191628
P 0x7f2a7c1a1970
C 258
R
P 0x7f2a7c191628
C 342
R
P 0x7f2a7c191628
P 0x7f2a7c1a1970
C 9
R
P 0x7f2a7c191628
C 342
R
P 0x7f2a7c191628
U 2
P 0x7f2a7c1a1970
P 0x7f2a7c19bb68
p 2
C 65
= 0x7f2a7c487198
R
P 0x7f2a7c191628
C 342
R
P 0x7f2a7c191628
P 0x7f2a7c487198
C 257
R
P 0x7f2a7c191628
C 342
R
P 0x7f2a7c191628
P 0x7f2a7c487198
C 254
= 0x7f2a7c19b1e8
R
P 0x7f2a7c191628
C 342
R
P 0x7f2a7c191628
P 0x7f2a7c19b1e8
C 209
R
P 0x7f2a7c191628
C 342
R
P 0x7f2a7c191628
P 0x7f2a7c487198
C 260
R
P 0x7f2a7c191628
C 342
R
P 0x7f2a7c191628
P 0x7f2a7c487198
C 259
R
P 0x7f2a7c191628
C 342
R
P 0x7f2a7c191628
P 0x7f2a7c487198
C 258
R
P 0x7f2a7c191628
C 342
R
P 0x7f2a7c191628
P 0x7f2a7c487198
C 9
R
P 0x7f2a7c191628
C 342
R
P 0x7f2a7c191628
P 0x7f2a7c19bce8
P 0x7f2a7c487198
C 56
= 0x7f2a7c4888e8
R
P 0x7f2a7c191628
C 342
R
P 0x7f2a7c191628
P 0x7f2a7c4888e8
C 258
R
P 0x7f2a7c191628
C 342
R
P 0x7f2a7c191628
P 0x7f2a7c4888e8
C 9
R
P 0x7f2a7c191628
C 342
R
P 0x7f2a7c191628
P 0x7f2a7c488b88
P 0x7f2a7c4888e8
C 61
= 0x7f2a7c488bc0
R
P 0x7f2a7c191628
C 342
R
P 0x7f2a7c191628
P 0x7f2a7c488bc0
C 258
R
P 0x7f2a7c191628
C 342
R
P 0x7f2a7c191628
P 0x7f2a7c488bc0
C 9
R
P 0x7f2a7c191628
C 342
R
P 0x7f2a7c191628
P 0x7f2a7c1e1fc8
P 0x7f2a7c488bc0
C 427
R
P 0x7f2a7c191628
C 342
R
P 0x7f2a7c191628
I 2
P 0x7f2a7c19b208
C 150
= 0x7f2a7c19bcc8
R
P 0x7f2a7c191628
C 342
R
P 0x7f2a7c191628
P 0x7f2a7c19bcc8
C 258
R
P 0x7f2a7c191628
C 342
R
P 0x7f2a7c191628
P 0x7f2a7c19bcc8
C 9
R
P 0x7f2a7c191628
C 342
R
P 0x7f2a7c191628
I 1
P 0x7f2a7c19b208
C 150
= 0x7f2a7c19bc88
R
P 0x7f2a7c191628
C 342
R
P 0x7f2a7c191628
P 0x7f2a7c19bc88
C 258
R
P 0x7f2a7c191628
C 342
R
P 0x7f2a7c191628
P 0x7f2a7c19bc88
C 9
R
P 0x7f2a7c191628
C 342
R
P 0x7f2a7c191628
P 0x7f2a7c19bcc8
P 0x7f2a7c19bc88
C 75
= 0x7f2a7c1a1890
R
P 0x7f2a7c191628
C 342
R
P 0x7f2a7c191628
P 0x7f2a7c1a1890
C 258
R
P 0x7f2a7c191628
C 342
R
P 0x7f2a7c191628
P 0x7f2a7c1a1890
C 9
R
P 0x7f2a7c191628
C 342
R
P 0x7f2a7c191628
I 1
P 0x7f2a7c19b208
C 150
= 0x7f2a7c19bc88
R
P 0x7f2a7c191628
C 342
R
P 0x7f2a7c191628
P 0x7f2a7c19bc88
C 258
R
P 0x7f2a7c191628
C 342
R
P 0x7f2a7c191628
P 0x7f2a7c19bc88
C 9
R
P 0x7f2a7c191628
C 342
R
P 0x7f2a7c191628
U 2
P 0x7f2a7c19bcc8
P 0x7f2a7c19bc88
p 2
C 67
= 0x7f2a7c1a18c8
R
P 0x7f2a7c191628
C 342
R
P 0x7f2a7c191628
P 0x7f2a7c1a18c8
C 257
R
P 0x7f2a7c191628
C 342
R
P 0x7f2a7c191628
P 0x7f2a7c1a18c8
C 254
= 0x7f2a7c19b208
R
P 0x7f2a7c191628
C 342
R
P 0x7f2a7c191628
P 0x7f2a7c19b208
C 209
R
P 0x7f2a7c191628
C 342
R
P 0x7f2a7c191628
P 0x7f2a7c1a18c8
C 260
R
P 0x7f2a7c191628
C 342
R
P 0x7f2a7c191628
P 0x7f2a7c1a18c8
C 259
R
P 0x7f2a7c191628
C 342
R
P 0x7f2a7c191628
P 0x7f2a7c1a18c8
C 258
R
P 0x7f2a7c191628
C 342
R
P 0x7f2a7c191628
P 0x7f2a7c1a18c8
C 9
R
P 0x7f2a7c191628
C 342
R
P 0x7f2a7c191628
U 2
P 0x7f2a7c19bba8
P 0x7f2a7c1a18c8
p 2
C 66
= 0x7f2a7c1a1900
R
P 0x7f2a7c191628
C 342
R
P 0x7f2a7c191628
P 0x7f2a7c1a1900
C 257
R
P 0x7f2a7c191628
C 342
R
P 0x7f2a7c191628
P 0x7f2a7c1a1900
C 254
= 0x7f2a7c19b1e8
R
P 0x7f2a7c191628
C 342
R
P 0x7f2a7c191628
P 0x7f2a7c19b1e8
C 209
R
P 0x7f2a7c191628
C 342
R
P 0x7f2a7c191628
P 0x7f2a7c1a1900
C 260
R
P 0x7f2a7c191628
C 342
R
P 0x7f2a7c191628
P 0x7f2a7c1a1900
C 259
R
P 0x7f2a7c191628
C 342
R
P 0x7f2a7c191628
P 0x7f2a7c1a1900
C 258
R
P 0x7f2a7c191628
C 342
R
P 0x7f2a7c191628
P 0x7f2a7c1a1900
C 9
R
P 0x7f2a7c191628
C 342
R
P 0x7f2a7c191628
U 2
P 0x7f2a7c19bc28
P 0x7f2a7c1a1900
p 2
C 65
= 0x7f2a7c1a1938
R
P 0x7f2a7c191628
C 342
R
P 0x7f2a7c191628
P 0x7f2a7c1a1938
C 257
R
P 0x7f2a7c191628
C 342
R
P 0x7f2a7c191628
P 0x7f2a7c1a1938
C 254
= 0x7f2a7c19b1e8
R
P 0x7f2a7c191628
C 342
R
P 0x7f2a7c191628
P 0x7f2a7c19b1e8
C 209
R
P 0x7f2a7c191628
C 342
R
P 0x7f2a7c191628
P 0x7f2a7c1a1938
C 260
R
P 0x7f2a7c191628
C 342
R
P 0x7f2a7c191628
P 0x7f2a7c1a1938
C 259
R
P 0x7f2a7c191628
C 342
R
P 0x7f2a7c191628
P 0x7f2a7c1a1938
C 258
R
P 0x7f2a7c191628
C 342
R
P 0x7f2a7c191628
P 0x7f2a7c1a1938
C 9
R
P 0x7f2a7c191628
C 342
R
P 0x7f2a7c191628
P 0x7f2a7c1a1890
P 0x7f2a7c1a1938
P 0x7f2a7c19bc28
C 59
= 0x7f2a7c19f888
R
P 0x7f2a7c191628
C 342
R
P 0x7f2a7c191628
P 0x7f2a7c19f888
C 257
R
P 0x7f2a7c191628
C 342
R
P 0x7f2a7c191628
P 0x7f2a7c19f888
C 254
= 0x7f2a7c19b1e8
R
P 0x7f2a7c191628
C 342
R
P 0x7f2a7c191628
P 0x7f2a7c19b1e8
C 209
R
P 0x7f2a7c191628
C 342
R
P 0x7f2a7c191628
P 0x7f2a7c19f888
C 260
R
P 0x7f2a7c191628
C 342
R
P 0x7f2a7c191628
P 0x7f2a7c19f888
C 259
R
P 0x7f2a7c191628
C 342
R
P 0x7f2a7c191628
P 0x7f2a7c19f888
C 258
R
P 0x7f2a7c191628
C 342
R
P 0x7f2a7c191628
P 0x7f2a7c19f888
C 9
R
P 0x7f2a7c191628
C 342
R
P 0x7f2a7c191628
U 2
P 0x7f2a7c19f888
P 0x7f2a7c19bb48
p 2
C 65
= 0x7f2a7c1a1970
R
P 0x7f2a7c191628
C 342
R
P 0x7f2a7c191628
P 0x7f2a7c1a1970
C 257
R
P 0x7f2a7c191628
C 342
R
P 0x7f2a7c191628
P 0x7f2a7c1a1970
C 254
= 0x7f2a7c19b1e8
R
P 0x7f2a7c191628
C 342
R
P 0x7f2a7c191628
P 0x7f2a7c19b1e8
C 209
R
P 0x7f2a7c191628
C 342
R
P 0x7f2a7c191628
P 0x7f2a7c1a1970
C 260
R
P 0x7f2a7c191628
C 342
R
P 0x7f2a7c191628
P 0x7f2a7c1a1970
C 259
R
P 0x7f2a7c191628
C 342
R
P 0x7f2a7c191628
P 0x7f2a7c1a1970
C 258
R
P 0x7f2a7c191628
C 342
R
P 0x7f2a7c191628
P 0x7f2a7c1a1970
C 9
R
P 0x7f2a7c191628
C 342
R
P 0x7f2a7c191628
P 0x7f2a7c19bc68
C 333
R
P 0x7f2a7c191628
C 342
R
P 0x7f2a7c191628
S "slotflowPriorityStart"
C 30
R
P 0x7f2a7c191628
C 342
R
P 0x7f2a7c191628
$ |slotflowPriorityStart|
C 202
R
P 0x7f2a7c191628
C 342
R
P 0x7f2a7c191628
$ |slotflowPriorityStart|
P 0x7f2a7c19b1e8
C 51
= 0x7f2a7c19c2a8
R
P 0x7f2a7c191628
C 342
R
P 0x7f2a7c191628
P 0x7f2a7c19c2a8
C 257
R
P 0x7f2a7c191628
C 342
R
P 0x7f2a7c191628
P 0x7f2a7c19c2a8
C 254
= 0x7f2a7c19b1e8
R
P 0x7f2a7c191628
C 342
R
P 0x7f2a7c191628
P 0x7f2a7c19b1e8
C 209
R
P 0x7f2a7c191628
C 342
R
P 0x7f2a7c191628
P 0x7f2a7c19c2a8
C 260
R
P 0x7f2a7c191628
C 342
R
P 0x7f2a7c191628
P 0x7f2a7c19c2a8
C 259
R
P 0x7f2a7c191628
C 342
R
P 0x7f2a7c191628
P 0x7f2a7c19c2a8
C 258
R
P 0x7f2a7c191628
C 342
R
P 0x7f2a7c191628
P 0x7f2a7c19c2a8
C 9
R
P 0x7f2a7c191628
C 342
R
P 0x7f2a7c191628
P 0x7f2a7c19bc68
C 333
R
P 0x7f2a7c191628
C 342
R
P 0x7f2a7c191628
S "slotflowPriorityDuration"
C 30
R
P 0x7f2a7c191628
C 342
R
P 0x7f2a7c191628
$ |slotflowPriorityDuration|
C 202
R
P 0x7f2a7c191628
C 342
R
P 0x7f2a7c191628
$ |slotflowPriorityDuration|
P 0x7f2a7c19b1e8
C 51
= 0x7f2a7c19c268
R
P 0x7f2a7c191628
C 342
R
P 0x7f2a7c191628
P 0x7f2a7c19c268
C 257
R
P 0x7f2a7c191628
C 342
R
P 0x7f2a7c191628
P 0x7f2a7c19c268
C 254
= 0x7f2a7c19b1e8
R
P 0x7f2a7c191628
C 342
R
P 0x7f2a7c191628
P 0x7f2a7c19b1e8
C 209
R
P 0x7f2a7c191628
C 342
R
P 0x7f2a7c191628
P 0x7f2a7c19c268
C 260
R
P 0x7f2a7c191628
C 342
R
P 0x7f2a7c191628
P 0x7f2a7c19c268
C 259
R
P 0x7f2a7c191628
C 342
R
P 0x7f2a7c191628
P 0x7f2a7c19c268
C 258
R
P 0x7f2a7c191628
C 342
R
P 0x7f2a7c191628
P 0x7f2a7c19c268
C 9
R
P 0x7f2a7c191628
C 342
R
P 0x7f2a7c191628
U 2
P 0x7f2a7c19c2a8
P 0x7f2a7c19c268
p 2
C 65
= 0x7f2a7c487908
R
P 0x7f2a7c191628
C 342
R
P 0x7f2a7c191628
P 0x7f2a7c487908
C 257
R
P 0x7f2a7c191628
C 342
R
P 0x7f2a7c191628
P 0x7f2a7c487908
C 254
= 0x7f2a7c19b1e8
R
P 0x7f2a7c191628
C 342
R
P 0x7f2a7c191628
P 0x7f2a7c19b1e8
C 209
R
P 0x7f2a7c191628
C 342
R
P 0x7f2a7c191628
P 0x7f2a7c487908
C 260
R
P 0x7f2a7c191628
C 342
R
P 0x7f2a7c191628
P 0x7f2a7c487908
C 259
R
P 0x7f2a7c191628
C 342
R
P 0x7f2a7c191628
P 0x7f2a7c487908
C 258
R
P 0x7f2a7c191628
C 342
R
P 0x7f2a7c191628
P 0x7f2a7c487908
C 9
R
P 0x7f2a7c191628
C 342
R
P 0x7f2a7c191628
I 4
P 0x7f2a7c19b208
C 150
= 0x7f2a7c19c028
R
P 0x7f2a7c191628
C 342
R
P 0x7f2a7c191628
P 0x7f2a7c19c028
C 258
R
P 0x7f2a7c191628
C 342
R
P 0x7f2a7c191628
P 0x7f2a7c19c028
C 9
R
P 0x7f2a7c191628
C 342
R
P 0x7f2a7c191628
I 1
P 0x7f2a7c19b208
C 150
= 0x7f2a7c19bc88
R
P 0x7f2a7c191628
C 342
R
P 0x7f2a7c191628
P 0x7f2a7c19bc88
C 258
R
P 0x7f2a7c191628
C 342
R
P 0x7f2a7c191628
P 0x7f2a7c19bc88
C 9
R
P 0x7f2a7c191628
C 342
R
P 0x7f2a7c191628
P 0x7f2a7c19c028
P 0x7f2a7c19bc88
C 75
= 0x7f2a7c487390
R
P 0x7f2a7c191628
C 342
R
P 0x7f2a7c191628
P 0x7f2a7c487390
C 258
R
P 0x7f2a7c191628
C 342
R
P 0x7f2a7c191628
P 0x7f2a7c487390
C 9
R
P 0x7f2a7c191628
C 342
R
P 0x7f2a7c191628
I 1
P 0x7f2a7c19b208
C 150
= 0x7f2a7c19bc88
R
P 0x7f2a7c191628
C 342
R
P 0x7f2a7c191628
P 0x7f2a7c19bc88
C 258
R
P 0x7f2a7c191628
C 342
R
P 0x7f2a7c191628
P 0x7f2a7c19bc88
C 9
R
P 0x7f2a7c191628
C 342
R
P 0x7f2a7c191628
U 2
P 0x7f2a7c19c028
P 0x7f2a7c19bc88
p 2
C 67
= 0x7f2a7c4873c8
R
P 0x7f2a7c191628
C 342
R
P 0x7f2a7c191628
P 0x7f2a7c4873c8
C 257
R
P 0x7f2a7c191628
C 342
R
P 0x7f2a7c191628
P 0x7f2a7c4873c8
C 254
= 0x7f2a7c19b208
R
P 0x7f2a7c191628
C 342
R
P 0x7f2a7c191628
P 0x7f2a7c19b208
C 209
R
P 0x7f2a7c191628
C 342
R
P 0x7f2a7c191628
P 0x7f2a7c4873c8
C 260
R
P 0x7f2a7c191628
C 342
R
P 0x7f2a7c191628
P 0x7f2a7c4873c8
C 259
R
P 0x7f2a7c191628
C 342
R
P 0x7f2a7c191628
P 0x7f2a7c4873c8
C 258
R
P 0x7f2a7c191628
C 342
R
P 0x7f2a7c191628
P 0x7f2a7c4873c8
C 9
R
P 0x7f2a7c191628
C 342
R
P 0x7f2a7c191628
U 2
P 0x7f2a7c19bbe8
P 0x7f2a7c4873c8
p 2
C 66
= 0x7f2a7c488158
R
P 0x7f2a7c191628
C 342
R
P 0x7f2a7c191628
P 0x7f2a7c488158
C 257
R
P 0x7f2a7c191628
C 342
R
P 0x7f2a7c191628
P 0x7f2a7c488158
C 254
= 0x7f2a7c19b208
R
P 0x7f2a7c191628
C 342
R
P 0x7f2a7c191628
P 0x7f2a7c19b208
C 209
R
P 0x7f2a7c191628
C 342
R
P 0x7f2a7c191628
P 0x7f2a7c488158
C 260
R
P 0x7f2a7c191628
C 342
R
P 0x7f2a7c191628
P 0x7f2a7c488158
C 259
R
P 0x7f2a7c191628
C 342
R
P 0x7f2a7c191628
P 0x7f2a7c488158
C 258
R
P 0x7f2a7c191628
C 342
R
P 0x7f2a7c191628
P 0x7f2a7c488158
C 9
R
P 0x7f2a7c191628
C 342
R
P 0x7f2a7c191628
U 2
P 0x7f2a7c19bb88
P 0x7f2a7c488158
p 2
C 65
= 0x7f2a7c488190
R
P 0x7f2a7c191628
C 342
R
P 0x7f2a7c191628
P 0x7f2a7c488190
C 257
R
P 0x7f2a7c191628
C 342
R
P 0x7f2a7c191628
P 0x7f2a7c488190
C 254
= 0x7f2a7c19b1e8
R
P 0x7f2a7c191628
C 342
R
P 0x7f2a7c191628
P 0x7f2a7c19b1e8
C 209
R
P 0x7f2a7c191628
C 342
R
P 0x7f2a7c191628
P 0x7f2a7c488190
C 260
R
P 0x7f2a7c191628
C 342
R
P 0x7f2a7c191628
P 0x7f2a7c488190
C 259
R
P 0x7f2a7c191628
C 342
R
P 0x7f2a7c191628
P 0x7f2a7c488190
C 258
R
P 0x7f2a7c191628
C 342
R
P 0x7f2a7c191628
P 0x7f2a7c488190
C 9
R
P 0x7f2a7c191628
C 342
R
P 0x7f2a7c191628
P 0x7f2a7c487390
P 0x7f2a7c488190
P 0x7f2a7c19bb88
C 59
= 0x7f2a7c19fb08
R
P 0x7f2a7c191628
C 342
R
P 0x7f2a7c191628
P 0x7f2a7c19fb08
C 257
R
P 0x7f2a7c191628
C 342
R
P 0x7f2a7c191628
P 0x7f2a7c19fb08
C 254
= 0x7f2a7c19b1e8
R
P 0x7f2a7c191628
C 342
R
P 0x7f2a7c191628
P 0x7f2a7c19b1e8
C 209
R
P 0x7f2a7c191628
C 342
R
P 0x7f2a7c191628
P 0x7f2a7c19fb08
C 260
R
P 0x7f2a7c191628
C 342
R
P 0x7f2a7c191628
P 0x7f2a7c19fb08
C 259
R
P 0x7f2a7c191628
C 342
R
P 0x7f2a7c191628
P 0x7f2a7c19fb08
C 258
R
P 0x7f2a7c191628
C 342
R
P 0x7f2a7c191628
P 0x7f2a7c19fb08
C 9
R
P 0x7f2a7c191628
C 342
R
P 0x7f2a7c191628
U 2
P 0x7f2a7c487908
P 0x7f2a7c19fb08
p 2
C 65
= 0x7f2a7c4881c8
R
P 0x7f2a7c191628
C 342
R
P 0x7f2a7c191628
P 0x7f2a7c4881c8
C 257
R
P 0x7f2a7c191628
C 342
R
P 0x7f2a7c191628
P 0x7f2a7c4881c8
C 254
= 0x7f2a7c19b1e8
R
P 0x7f2a7c191628
C 342
R
P 0x7f2a7c191628
P 0x7f2a7c19b1e8
C 209
R
P 0x7f2a7c191628
C 342
R
P 0x7f2a7c191628
P 0x7f2a7c4881c8
C 260
R
P 0x7f2a7c191628
C 342
R
P 0x7f2a7c191628
P 0x7f2a7c4881c8
C 259
R
P 0x7f2a7c191628
C 342
R
P 0x7f2a7c191628
P 0x7f2a7c4881c8
C 258
R
P 0x7f2a7c191628
C 342
R
P 0x7f2a7c191628
P 0x7f2a7c4881c8
C 9
R
P 0x7f2a7c191628
C 342
R
P 0x7f2a7c191628
U 2
P 0x7f2a7c4881c8
P 0x7f2a7c19bb68
p 2
C 67
= 0x7f2a7c488200
R
P 0x7f2a7c191628
C 342
R
P 0x7f2a7c191628
P 0x7f2a7c488200
C 257
R
P 0x7f2a7c191628
C 342
R
P 0x7f2a7c191628
P 0x7f2a7c488200
C 254
= 0x7f2a7c19b1e8
R
P 0x7f2a7c191628
C 342
R
P 0x7f2a7c191628
P 0x7f2a7c19b1e8
C 209
R
P 0x7f2a7c191628
C 342
R
P 0x7f2a7c191628
P 0x7f2a7c488200
C 260
R
P 0x7f2a7c191628
C 342
R
P 0x7f2a7c191628
P 0x7f2a7c488200
C 259
R
P 0x7f2a7c191628
C 342
R
P 0x7f2a7c191628
P 0x7f2a7c488200
C 258
R
P 0x7f2a7c191628
C 342
R
P 0x7f2a7c191628
P 0x7f2a7c488200
C 9
R
P 0x7f2a7c191628
C 342
R
P 0x7f2a7c191628
P 0x7f2a7c1a1970
P 0x7f2a7c488200
C 74
= 0x7f2a7c488bf8
R
P 0x7f2a7c191628
C 342
R
P 0x7f2a7c191628
P 0x7f2a7c488bf8
C 258
R
P 0x7f2a7c191628
C 342
R
P 0x7f2a7c191628
P 0x7f2a7c488bf8
C 9
R
P 0x7f2a7c191628
C 342
R
P 0x7f2a7c191628
I 2
P 0x7f2a7c19b208
C 150
= 0x7f2a7c19bcc8
R
P 0x7f2a7c191628
C 342
R
P 0x7f2a7c191628
P 0x7f2a7c19bcc8
C 258
R
P 0x7f2a7c191628
C 342
R
P 0x7f2a7c191628
P 0x7f2a7c19bcc8
C 9
R
P 0x7f2a7c191628
C 342
R
P 0x7f2a7c191628
I 1
P 0x7f2a7c19b208
C 150
= 0x7f2a7c19bc88
R
P 0x7f2a7c191628
C 342
R
P 0x7f2a7c191628
P 0x7f2a7c19bc88
C 258
R
P 0x7f2a7c191628
C 342
R
P 0x7f2a7c191628
P 0x7f2a7c19bc88
C 9
R
P 0x7f2a7c191628
C 342
R
P 0x7f2a7c191628
P 0x7f2a7c19bcc8
P 0x7f2a7c19bc88
C 75
= 0x7f2a7c1a1890
R
P 0x7f2a7c191628
C 342
R
P 0x7f2a7c191628
P 0x7f2a7c1a1890
C 258
R
P 0x7f2a7c191628
C 342
R
P 0x7f2a7c191628
P 0x7f2a7c1a1890
C 9
R
P 0x7f2a7c191628
C 342
R
P 0x7f2a7c191628
I 1
P 0x7f2a7c19b208
C 150
= 0x7f2a7c19bc88
R
P 0x7f2a7c191628
C 342
R
P 0x7f2a7c191628
P 0x7f2a7c19bc88
C 258
R
P 0x7f2a7c191628
C 342
R
P 0x7f2a7c191628
P 0x7f2a7c19bc88
C 9
R
P 0x7f2a7c191628
C 342
R
P 0x7f2a7c191628
U 2
P 0x7f2a7c19bcc8
P 0x7f2a7c19bc88
p 2
C 67
= 0x7f2a7c1a18c8
R
P 0x7f2a7c191628
C 342
R
P 0x7f2a7c191628
P 0x7f2a7c1a18c8
C 257
R
P 0x7f2a7c191628
C 342
R
P 0x7f2a7c191628
P 0x7f2a7c1a18c8
C 254
= 0x7f2a7c19b208
R
P 0x7f2a7c191628
C 342
R
P 0x7f2a7c191628
P 0x7f2a7c19b208
C 209
R
P 0x7f2a7c191628
C 342
R
P 0x7f2a7c191628
P 0x7f2a7c1a18c8
C 260
R
P 0x7f2a7c191628
C 342
R
P 0x7f2a7c191628
P 0x7f2a7c1a18c8
C 259
R
P 0x7f2a7c191628
C 342
R
P 0x7f2a7c191628
P 0x7f2a7c1a18c8
C 258
R
P 0x7f2a7c191628
C 342
R
P 0x7f2a7c191628
P 0x7f2a7c1a18c8
C 9
R
P 0x7f2a7c191628
C 342
R
P 0x7f2a7c191628
U 2
P 0x7f2a7c19bba8
P 0x7f2a7c1a18c8
p 2
C 66
= 0x7f2a7c1a1900
R
P 0x7f2a7c191628
C 342
R
P 0x7f2a7c191628
P 0x7f2a7c1a1900
C 257
R
P 0x7f2a7c191628
C 342
R
P 0x7f2a7c191628
P 0x7f2a7c1a1900
C 254
= 0x7f2a7c19b1e8
R
P 0x7f2a7c191628
C 342
R
P 0x7f2a7c191628
P 0x7f2a7c19b1e8
C 209
R
P 0x7f2a7c191628
C 342
R
P 0x7f2a7c191628
P 0x7f2a7c1a1900
C 260
R
P 0x7f2a7c191628
C 342
R
P 0x7f2a7c191628
P 0x7f2a7c1a1900
C 259
R
P 0x7f2a7c191628
C 342
R
P 0x7f2a7c191628
P 0x7f2a7c1a1900
C 258
R
P 0x7f2a7c191628
C 342
R
P 0x7f2a7c191628
P 0x7f2a7c1a1900
C 9
R
P 0x7f2a7c191628
C 342
R
P 0x7f2a7c191628
U 2
P 0x7f2a7c19bc28
P 0x7f2a7c1a1900
p 2
C 65
= 0x7f2a7c1a1938
R
P 0x7f2a7c191628
C 342
R
P 0x7f2a7c191628
P 0x7f2a7c1a1938
C 257
R
P 0x7f2a7c191628
C 342
R
P 0x7f2a7c191628
P 0x7f2a7c1a1938
C 254
= 0x7f2a7c19b1e8
R
P 0x7f2a7c191628
C 342
R
P 0x7f2a7c191628
P 0x7f2a7c19b1e8
C 209
R
P 0x7f2a7c191628
C 342
R
P 0x7f2a7c191628
P 0x7f2a7c1a1938
C 260
R
P 0x7f2a7c191628
C 342
R
P 0x7f2a7c191628
P 0x7f2a7c1a1938
C 259
R
P 0x7f2a7c191628
C 342
R
P 0x7f2a7c191628
P 0x7f2a7c1a1938
C 258
R
P 0x7f2a7c191628
C 342
R
P 0x7f2a7c191628
P 0x7f2a7c1a1938
C 9
R
P 0x7f2a7c191628
C 342
R
P 0x7f2a7c191628
P 0x7f2a7c1a1890
P 0x7f2a7c1a1938
P 0x7f2a7c19bc28
C 59
= 0x7f2a7c19f888
R
P 0x7f2a7c191628
C 342
R
P 0x7f2a7c191628
P 0x7f2a7c19f888
C 257
R
P 0x7f2a7c191628
C 342
R
P 0x7f2a7c191628
P 0x7f2a7c19f888
C 254
= 0x7f2a7c19b1e8
R
P 0x7f2a7c191628
C 342
R
P 0x7f2a7c191628
P 0x7f2a7c19b1e8
C 209
R
P 0x7f2a7c191628
C 342
R
P 0x7f2a7c191628
P 0x7f2a7c19f888
C 260
R
P 0x7f2a7c191628
C 342
R
P 0x7f2a7c191628
P 0x7f2a7c19f888
C 259
R
P 0x7f2a7c191628
C 342
R
P 0x7f2a7c191628
P 0x7f2a7c19f888
C 258
R
P 0x7f2a7c191628
C 342
R
P 0x7f2a7c191628
P 0x7f2a7c19f888
C 9
R
P 0x7f2a7c191628
C 342
R
P 0x7f2a7c191628
U 2
P 0x7f2a7c19f888
P 0x7f2a7c19bb48
p 2
C 65
= 0x7f2a7c1a1970
R
P 0x7f2a7c191628
C 342
R
P 0x7f2a7c191628
P 0x7f2a7c1a1970
C 257
R
P 0x7f2a7c191628
C 342
R
P 0x7f2a7c191628
P 0x7f2a7c1a1970
C 254
= 0x7f2a7c19b1e8
R
P 0x7f2a7c191628
C 342
R
P 0x7f2a7c191628
P 0x7f2a7c19b1e8
C 209
R
P 0x7f2a7c191628
C 342
R
P 0x7f2a7c191628
P 0x7f2a7c1a1970
C 260
R
P 0x7f2a7c191628
C 342
R
P 0x7f2a7c191628
P 0x7f2a7c1a1970
C 259
R
P 0x7f2a7c191628
C 342
R
P 0x7f2a7c191628
P 0x7f2a7c1a1970
C 258
R
P 0x7f2a7c191628
C 342
R
P 0x7f2a7c191628
P 0x7f2a7c1a1970
C 9
R
P 0x7f2a7c191628
C 342
R
P 0x7f2a7c191628
P 0x7f2a7c19bc68
C 333
R
P 0x7f2a7c191628
C 342
R
P 0x7f2a7c191628
S "slotflowPriorityStart"
C 30
R
P 0x7f2a7c191628
C 342
R
P 0x7f2a7c191628
$ |slotflowPriorityStart|
C 202
R
P 0x7f2a7c191628
C 342
R
P 0x7f2a7c191628
$ |slotflowPriorityStart|
P 0x7f2a7c19b1e8
C 51
= 0x7f2a7c19c2a8
R
P 0x7f2a7c191628
C 342
R
P 0x7f2a7c191628
P 0x7f2a7c19c2a8
C 257
R
P 0x7f2a7c191628
C 342
R
P 0x7f2a7c191628
P 0x7f2a7c19c2a8
C 254
= 0x7f2a7c19b1e8
R
P 0x7f2a7c191628
C 342
R
P 0x7f2a7c191628
P 0x7f2a7c19b1e8
C 209
R
P 0x7f2a7c191628
C 342
R
P 0x7f2a7c191628
P 0x7f2a7c19c2a8
C 260
R
P 0x7f2a7c191628
C 342
R
P 0x7f2a7c191628
P 0x7f2a7c19c2a8
C 259
R
P 0x7f2a7c191628
C 342
R
P 0x7f2a7c191628
P 0x7f2a7c19c2a8
C 258
R
P 0x7f2a7c191628
C 342
R
P 0x7f2a7c191628
P 0x7f2a7c19c2a8
C 9
R
P 0x7f2a7c191628
C 342
R
P 0x7f2a7c191628
I 4
P 0x7f2a7c19b208
C 150
= 0x7f2a7c19c028
R
P 0x7f2a7c191628
C 342
R
P 0x7f2a7c191628
P 0x7f2a7c19c028
C 258
R
P 0x7f2a7c191628
C 342
R
P 0x7f2a7c191628
P 0x7f2a7c19c028
C 9
R
P 0x7f2a7c191628
C 342
R
P 0x7f2a7c191628
I 1
P 0x7f2a7c19b208
C 150
= 0x7f2a7c19bc88
R
P 0x7f2a7c191628
C 342
R
P 0x7f2a7c191628
P 0x7f2a7c19bc88
C 258
R
P 0x7f2a7c191628
C 342
R
P 0x7f2a7c191628
P 0x7f2a7c19bc88
C 9
R
P 0x7f2a7c191628
C 342
R
P 0x7f2a7c191628
P 0x7f2a7c19c028
P 0x7f2a7c19bc88
C 75
= 0x7f2a7c487390
R
P 0x7f2a7c191628
C 342
R
P 0x7f2a7c191628
P 0x7f2a7c487390
C 258
R
P 0x7f2a7c191628
C 342
R
P 0x7f2a7c191628
P 0x7f2a7c487390
C 9
R
P 0x7f2a7c191628
C 342
R
P 0x7f2a7c191628
I 1
P 0x7f2a7c19b208
C 150
= 0x7f2a7c19bc88
R
P 0x7f2a7c191628
C 342
R
P 0x7f2a7c191628
P 0x7f2a7c19bc88
C 258
R
P 0x7f2a7c191628
C 342
R
P 0x7f2a7c191628
P 0x7f2a7c19bc88
C 9
R
P 0x7f2a7c191628
C 342
R
P 0x7f2a7c191628
U 2
P 0x7f2a7c19c028
P 0x7f2a7c19bc88
p 2
C 67
= 0x7f2a7c4873c8
R
P 0x7f2a7c191628
C 342
R
P 0x7f2a7c191628
P 0x7f2a7c4873c8
C 257
R
P 0x7f2a7c191628
C 342
R
P 0x7f2a7c191628
P 0x7f2a7c4873c8
C 254
= 0x7f2a7c19b208
R
P 0x7f2a7c191628
C 342
R
P 0x7f2a7c191628
P 0x7f2a7c19b208
C 209
R
P 0x7f2a7c191628
C 342
R
P 0x7f2a7c191628
P 0x7f2a7c4873c8
C 260
R
P 0x7f2a7c191628
C 342
R
P 0x7f2a7c191628
P 0x7f2a7c4873c8
C 259
R
P 0x7f2a7c191628
C 342
R
P 0x7f2a7c191628
P 0x7f2a7c4873c8
C 258
R
P 0x7f2a7c191628
C 342
R
P 0x7f2a7c191628
P 0x7f2a7c4873c8
C 9
R
P 0x7f2a7c191628
C 342
R
P 0x7f2a7c191628
U 2
P 0x7f2a7c19bbe8
P 0x7f2a7c4873c8
p 2
C 66
= 0x7f2a7c488158
R
P 0x7f2a7c191628
C 342
R
P 0x7f2a7c191628
P 0x7f2a7c488158
C 257
R
P 0x7f2a7c191628
C 342
R
P 0x7f2a7c191628
P 0x7f2a7c488158
C 254
= 0x7f2a7c19b208
R
P 0x7f2a7c191628
C 342
R
P 0x7f2a7c191628
P 0x7f2a7c19b208
C 209
R
P 0x7f2a7c191628
C 342
R
P 0x7f2a7c191628
P 0x7f2a7c488158
C 260
R
P 0x7f2a7c191628
C 342
R
P 0x7f2a7c191628
P 0x7f2a7c488158
C 259
R
P 0x7f2a7c191628
C 342
R
P 0x7f2a7c191628
P 0x7f2a7c488158
C 258
R
P 0x7f2a7c191628
C 342
R
P 0x7f2a7c191628
P 0x7f2a7c488158
C 9
R
P 0x7f2a7c191628
C 342
R
P 0x7f2a7c191628
U 2
P 0x7f2a7c19bb88
P 0x7f2a7c488158
p 2
C 65
= 0x7f2a7c488190
R
P 0x7f2a7c191628
C 342
R
P 0x7f2a7c191628
P 0x7f2a7c488190
C 257
R
P 0x7f2a7c191628
C 342
R
P 0x7f2a7c191628
P 0x7f2a7c488190
C 254
= 0x7f2a7c19b1e8
R
P 0x7f2a7c191628
C 342
R
P 0x7f2a7c191628
P 0x7f2a7c19b1e8
C 209
R
P 0x7f2a7c191628
C 342
R
P 0x7f2a7c191628
P 0x7f2a7c488190
C 260
R
P 0x7f2a7c191628
C 342
R
P 0x7f2a7c191628
P 0x7f2a7c488190
C 259
R
P 0x7f2a7c191628
C 342
R
P 0x7f2a7c191628
P 0x7f2a7c488190
C 258
R
P 0x7f2a7c191628
C 342
R
P 0x7f2a7c191628
P 0x7f2a7c488190
C 9
R
P 0x7f2a7c191628
C 342
R
P 0x7f2a7c191628
P 0x7f2a7c487390
P 0x7f2a7c488190
P 0x7f2a7c19bb88
C 59
= 0x7f2a7c19fb08
R
P 0x7f2a7c191628
C 342
R
P 0x7f2a7c191628
P 0x7f2a7c19fb08
C 257
R
P 0x7f2a7c191628
C 342
R
P 0x7f2a7c191628
P 0x7f2a7c19fb08
C 254
= 0x7f2a7c19b1e8
R
P 0x7f2a7c191628
C 342
R
P 0x7f2a7c191628
P 0x7f2a7c19b1e8
C 209
R
P 0x7f2a7c191628
C 342
R
P 0x7f2a7c191628
P 0x7f2a7c19fb08
C 260
R
P 0x7f2a7c191628
C 342
R
P 0x7f2a7c191628
P 0x7f2a7c19fb08
C 259
R
P 0x7f2a7c191628
C 342
R
P 0x7f2a7c191628
P 0x7f2a7c19fb08
C 258
R
P 0x7f2a7c191628
C 342
R
P 0x7f2a7c191628
P 0x7f2a7c19fb08
C 9
R
P 0x7f2a7c191628
C 342
R
P 0x7f2a7c191628
U 2
P 0x7f2a7c19c2a8
P 0x7f2a7c19fb08
p 2
C 65
= 0x7f2a7c488270
R
P 0x7f2a7c191628
C 342
R
P 0x7f2a7c191628
P 0x7f2a7c488270
C 257
R
P 0x7f2a7c191628
C 342
R
P 0x7f2a7c191628
P 0x7f2a7c488270
C 254
= 0x7f2a7c19b1e8
R
P 0x7f2a7c191628
C 342
R
P 0x7f2a7c191628
P 0x7f2a7c19b1e8
C 209
R
P 0x7f2a7c191628
C 342
R
P 0x7f2a7c191628
P 0x7f2a7c488270
C 260
R
P 0x7f2a7c191628
C 342
R
P 0x7f2a7c191628
P 0x7f2a7c488270
C 259
R
P 0x7f2a7c191628
C 342
R
P 0x7f2a7c191628
P 0x7f2a7c488270
C 258
R
P 0x7f2a7c191628
C 342
R
P 0x7f2a7c191628
P 0x7f2a7c488270
C 9
R
P 0x7f2a7c191628
C 342
R
P 0x7f2a7c191628
P 0x7f2a7c1a1970
P 0x7f2a7c488270
C 76
= 0x7f2a7c488c30
R
P 0x7f2a7c191628
C 342
R
P 0x7f2a7c191628
P 0x7f2a7c488c30
C 258
R
P 0x7f2a7c191628
C 342
R
P 0x7f2a7c191628
P 0x7f2a7c488c30
C 9
R
P 0x7f2a7c191628
C 342
R
P 0x7f2a7c191628
U 2
P 0x7f2a7c488bf8
P 0x7f2a7c488c30
p 2
C 63
= 0x7f2a7c488c68
R
P 0x7f2a7c191628
C 342
R
P 0x7f2a7c191628
P 0x7f2a7c488c68
C 258
R
P 0x7f2a7c191628
C 342
R
P 0x7f2a7c191628
P 0x7f2a7c488c68
C 9
R
P 0x7f2a7c191628
C 342
R
P 0x7f2a7c191628
I 2
P 0x7f2a7c19b208
C 150
= 0x7f2a7c19bcc8
R
P 0x7f2a7c191628
C 342
R
P 0x7f2a7c191628
P 0x7f2a7c19bcc8
C 258
R
P 0x7f2a7c191628
C 342
R
P 0x7f2a7c191628
P 0x7f2a7c19bcc8
C 9
R
P 0x7f2a7c191628
C 342
R
P 0x7f2a7c191628
P 0x7f2a7c19bcc8
C 263
R
P 0x7f2a7c191628
C 342
R
P 0x7f2a7c191628
S "dev0T32"
C 30
R
P 0x7f2a7c191628
C 342
R
P 0x7f2a7c191628
$ |dev0T32|
C 202
R
P 0x7f2a7c191628
C 342
R
P 0x7f2a7c191628
$ |dev0T32|
P 0x7f2a7c19b1e8
C 51
= 0x7f2a7c19bce8
R
P 0x7f2a7c191628
C 342
R
P 0x7f2a7c191628
P 0x7f2a7c19bce8
C 257
R
P 0x7f2a7c191628
C 342
R
P 0x7f2a7c191628
P 0x7f2a7c19bce8
C 254
= 0x7f2a7c19b1e8
R
P 0x7f2a7c191628
C 342
R
P 0x7f2a7c191628
P 0x7f2a7c19b1e8
C 209
R
P 0x7f2a7c191628
C 342
R
P 0x7f2a7c191628
P 0x7f2a7c19bce8
C 260
R
P 0x7f2a7c191628
C 342
R
P 0x7f2a7c191628
P 0x7f2a7c19bce8
C 259
R
P 0x7f2a7c191628
C 342
R
P 0x7f2a7c191628
P 0x7f2a7c19bce8
C 258
R
P 0x7f2a7c191628
C 342
R
P 0x7f2a7c191628
P 0x7f2a7c19bce8
C 9
R
P 0x7f2a7c191628
C 342
R
P 0x7f2a7c191628
I 2
P 0x7f2a7c19b208
C 150
= 0x7f2a7c19bcc8
R
P 0x7f2a7c191628
C 342
R
P 0x7f2a7c191628
P 0x7f2a7c19bcc8
C 258
R
P 0x7f2a7c191628
C 342
R
P 0x7f2a7c191628
P 0x7f2a7c19bcc8
C 9
R
P 0x7f2a7c191628
C 342
R
P 0x7f2a7c191628
I 1
P 0x7f2a7c19b208
C 150
= 0x7f2a7c19bc88
R
P 0x7f2a7c191628
C 342
R
P 0x7f2a7c191628
P 0x7f2a7c19bc88
C 258
R
P 0x7f2a7c191628
C 342
R
P 0x7f2a7c191628
P 0x7f2a7c19bc88
C 9
R
P 0x7f2a7c191628
C 342
R
P 0x7f2a7c191628
P 0x7f2a7c19bcc8
P 0x7f2a7c19bc88
C 75
= 0x7f2a7c1a1890
R
P 0x7f2a7c191628
C 342
R
P 0x7f2a7c191628
P 0x7f2a7c1a1890
C 258
R
P 0x7f2a7c191628
C 342
R
P 0x7f2a7c191628
P 0x7f2a7c1a1890
C 9
R
P 0x7f2a7c191628
C 342
R
P 0x7f2a7c191628
I 1
P 0x7f2a7c19b208
C 150
= 0x7f2a7c19bc88
R
P 0x7f2a7c191628
C 342
R
P 0x7f2a7c191628
P 0x7f2a7c19bc88
C 258
R
P 0x7f2a7c191628
C 342
R
P 0x7f2a7c191628
P 0x7f2a7c19bc88
C 9
R
P 0x7f2a7c191628
C 342
R
P 0x7f2a7c191628
U 2
P 0x7f2a7c19bcc8
P 0x7f2a7c19bc88
p 2
C 67
= 0x7f2a7c1a18c8
R
P 0x7f2a7c191628
C 342
R
P 0x7f2a7c191628
P 0x7f2a7c1a18c8
C 257
R
P 0x7f2a7c191628
C 342
R
P 0x7f2a7c191628
P 0x7f2a7c1a18c8
C 254
= 0x7f2a7c19b208
R
P 0x7f2a7c191628
C 342
R
P 0x7f2a7c191628
P 0x7f2a7c19b208
C 209
R
P 0x7f2a7c191628
C 342
R
P 0x7f2a7c191628
P 0x7f2a7c1a18c8
C 260
R
P 0x7f2a7c191628
C 342
R
P 0x7f2a7c191628
P 0x7f2a7c1a18c8
C 259
R
P 0x7f2a7c191628
C 342
R
P 0x7f2a7c191628
P 0x7f2a7c1a18c8
C 258
R
P 0x7f2a7c191628
C 342
R
P 0x7f2a7c191628
P 0x7f2a7c1a18c8
C 9
R
P 0x7f2a7c191628
C 342
R
P 0x7f2a7c191628
U 2
P 0x7f2a7c19bba8
P 0x7f2a7c1a18c8
p 2
C 66
= 0x7f2a7c1a1900
R
P 0x7f2a7c191628
C 342
R
P 0x7f2a7c191628
P 0x7f2a7c1a1900
C 257
R
P 0x7f2a7c191628
C 342
R
P 0x7f2a7c191628
P 0x7f2a7c1a1900
C 254
= 0x7f2a7c19b1e8
R
P 0x7f2a7c191628
C 342
R
P 0x7f2a7c191628
P 0x7f2a7c19b1e8
C 209
R
P 0x7f2a7c191628
C 342
R
P 0x7f2a7c191628
P 0x7f2a7c1a1900
C 260
R
P 0x7f2a7c191628
C 342
R
P 0x7f2a7c191628
P 0x7f2a7c1a1900
C 259
R
P 0x7f2a7c191628
C 342
R
P 0x7f2a7c191628
P 0x7f2a7c1a1900
C 258
R
P 0x7f2a7c191628
C 342
R
P 0x7f2a7c191628
P 0x7f2a7c1a1900
C 9
R
P 0x7f2a7c191628
C 342
R
P 0x7f2a7c191628
U 2
P 0x7f2a7c19bc28
P 0x7f2a7c1a1900
p 2
C 65
= 0x7f2a7c1a1938
R
P 0x7f2a7c191628
C 342
R
P 0x7f2a7c191628
P 0x7f2a7c1a1938
C 257
R
P 0x7f2a7c191628
C 342
R
P 0x7f2a7c191628
P 0x7f2a7c1a1938
C 254
= 0x7f2a7c19b1e8
R
P 0x7f2a7c191628
C 342
R
P 0x7f2a7c191628
P 0x7f2a7c19b1e8
C 209
R
P 0x7f2a7c191628
C 342
R
P 0x7f2a7c191628
P 0x7f2a7c1a1938
C 260
R
P 0x7f2a7c191628
C 342
R
P 0x7f2a7c191628
P 0x7f2a7c1a1938
C 259
R
P 0x7f2a7c191628
C 342
R
P 0x7f2a7c191628
P 0x7f2a7c1a1938
C 258
R
P 0x7f2a7c191628
C 342
R
P 0x7f2a7c191628
P 0x7f2a7c1a1938
C 9
R
P 0x7f2a7c191628
C 342
R
P 0x7f2a7c191628
P 0x7f2a7c1a1890
P 0x7f2a7c1a1938
P 0x7f2a7c19bc28
C 59
= 0x7f2a7c19f888
R
P 0x7f2a7c191628
C 342
R
P 0x7f2a7c191628
P 0x7f2a7c19f888
C 257
R
P 0x7f2a7c191628
C 342
R
P 0x7f2a7c191628
P 0x7f2a7c19f888
C 254
= 0x7f2a7c19b1e8
R
P 0x7f2a7c191628
C 342
R
P 0x7f2a7c191628
P 0x7f2a7c19b1e8
C 209
R
P 0x7f2a7c191628
C 342
R
P 0x7f2a7c191628
P 0x7f2a7c19f888
C 260
R
P 0x7f2a7c191628
C 342
R
P 0x7f2a7c191628
P 0x7f2a7c19f888
C 259
R
P 0x7f2a7c191628
C 342
R
P 0x7f2a7c191628
P 0x7f2a7c19f888
C 258
R
P 0x7f2a7c191628
C 342
R
P 0x7f2a7c191628
P 0x7f2a7c19f888
C 9
R
P 0x7f2a7c191628
C 342
R
P 0x7f2a7c191628
U 2
P 0x7f2a7c19f888
P 0x7f2a7c19bb48
p 2
C 65
= 0x7f2a7c1a1970
R
P 0x7f2a7c191628
C 342
R
P 0x7f2a7c191628
P 0x7f2a7c1a1970
C 257
R
P 0x7f2a7c191628
C 342
R
P 0x7f2a7c191628
P 0x7f2a7c1a1970
C 254
= 0x7f2a7c19b1e8
R
P 0x7f2a7c191628
C 342
R
P 0x7f2a7c191628
P 0x7f2a7c19b1e8
C 209
R
P 0x7f2a7c191628
C 342
R
P 0x7f2a7c191628
P 0x7f2a7c1a1970
C 260
R
P 0x7f2a7c191628
C 342
R
P 0x7f2a7c191628
P 0x7f2a7c1a1970
C 259
R
P 0x7f2a7c191628
C 342
R
P 0x7f2a7c191628
P 0x7f2a7c1a1970
C 258
R
P 0x7f2a7c191628
C 342
R
P 0x7f2a7c191628
P 0x7f2a7c1a1970
C 9
R
P 0x7f2a7c191628
C 342
R
P 0x7f2a7c191628
U 2
P 0x7f2a7c1a1970
P 0x7f2a7c19bb68
p 2
C 65
= 0x7f2a7c487198
R
P 0x7f2a7c191628
C 342
R
P 0x7f2a7c191628
P 0x7f2a7c487198
C 257
R
P 0x7f2a7c191628
C 342
R
P 0x7f2a7c191628
P 0x7f2a7c487198
C 254
= 0x7f2a7c19b1e8
R
P 0x7f2a7c191628
C 342
R
P 0x7f2a7c191628
P 0x7f2a7c19b1e8
C 209
R
P 0x7f2a7c191628
C 342
R
P 0x7f2a7c191628
P 0x7f2a7c487198
C 260
R
P 0x7f2a7c191628
C 342
R
P 0x7f2a7c191628
P 0x7f2a7c487198
C 259
R
P 0x7f2a7c191628
C 342
R
P 0x7f2a7c191628
P 0x7f2a7c487198
C 258
R
P 0x7f2a7c191628
C 342
R
P 0x7f2a7c191628
P 0x7f2a7c487198
C 9
R
P 0x7f2a7c191628
C 342
R
P 0x7f2a7c191628
P 0x7f2a7c19bce8
P 0x7f2a7c487198
C 56
= 0x7f2a7c4888e8
R
P 0x7f2a7c191628
C 342
R
P 0x7f2a7c191628
P 0x7f2a7c4888e8
C 258
R
P 0x7f2a7c191628
C 342
R
P 0x7f2a7c191628
P 0x7f2a7c4888e8
C 9
R
P 0x7f2a7c191628
C 342
R
P 0x7f2a7c191628
P 0x7f2a7c488c68
P 0x7f2a7c4888e8
C 61
= 0x7f2a7c488ca0
R
P 0x7f2a7c191628
C 342
R
P 0x7f2a7c191628
P 0x7f2a7c488ca0
C 258
R
P 0x7f2a7c191628
C 342
R
P 0x7f2a7c191628
P 0x7f2a7c488ca0
C 9
R
P 0x7f2a7c191628
C 342
R
P 0x7f2a7c191628
P 0x7f2a7c1e1fc8
P 0x7f2a7c488ca0
C 427
R
P 0x7f2a7c191628
C 342
R
P 0x7f2a7c191628
I 3
P 0x7f2a7c19b208
C 150
= 0x7f2a7c19bfc8
R
P 0x7f2a7c191628
C 342
R
P 0x7f2a7c191628
P 0x7f2a7c19bfc8
C 258
R
P 0x7f2a7c191628
C 342
R
P 0x7f2a7c191628
P 0x7f2a7c19bfc8
C 9
R
P 0x7f2a7c191628
C 342
R
P 0x7f2a7c191628
I 1
P 0x7f2a7c19b208
C 150
= 0x7f2a7c19bc88
R
P 0x7f2a7c191628
C 342
R
P 0x7f2a7c191628
P 0x7f2a7c19bc88
C 258
R
P 0x7f2a7c191628
C 342
R
P 0x7f2a7c191628
P 0x7f2a7c19bc88
C 9
R
P 0x7f2a7c191628
C 342
R
P 0x7f2a7c191628
P 0x7f2a7c19bfc8
P 0x7f2a7c19bc88
C 75
= 0x7f2a7c487208
R
P 0x7f2a7c191628
C 342
R
P 0x7f2a7c191628
P 0x7f2a7c487208
C 258
R
P 0x7f2a7c191628
C 342
R
P 0x7f2a7c191628
P 0x7f2a7c487208
C 9
R
P 0x7f2a7c191628
C 342
R
P 0x7f2a7c191628
I 1
P 0x7f2a7c19b208
C 150
= 0x7f2a7c19bc88
R
P 0x7f2a7c191628
C 342
R
P 0x7f2a7c191628
P 0x7f2a7c19bc88
C 258
R
P 0x7f2a7c191628
C 342
R
P 0x7f2a7c191628
P 0x7f2a7c19bc88
C 9
R
P 0x7f2a7c191628
C 342
R
P 0x7f2a7c191628
U 2
P 0x7f2a7c19bfc8
P 0x7f2a7c19bc88
p 2
C 67
= 0x7f2a7c487240
R
P 0x7f2a7c191628
C 342
R
P 0x7f2a7c191628
P 0x7f2a7c487240
C 257
R
P 0x7f2a7c191628
C 342
R
P 0x7f2a7c191628
P 0x7f2a7c487240
C 254
= 0x7f2a7c19b208
R
P 0x7f2a7c191628
C 342
R
P 0x7f2a7c191628
P 0x7f2a7c19b208
C 209
R
P 0x7f2a7c191628
C 342
R
P 0x7f2a7c191628
P 0x7f2a7c487240
C 260
R
P 0x7f2a7c191628
C 342
R
P 0x7f2a7c191628
P 0x7f2a7c487240
C 259
R
P 0x7f2a7c191628
C 342
R
P 0x7f2a7c191628
P 0x7f2a7c487240
C 258
R
P 0x7f2a7c191628
C 342
R
P 0x7f2a7c191628
P 0x7f2a7c487240
C 9
R
P 0x7f2a7c191628
C 342
R
P 0x7f2a7c191628
U 2
P 0x7f2a7c19bba8
P 0x7f2a7c487240
p 2
C 66
= 0x7f2a7c487278
R
P 0x7f2a7c191628
C 342
R
P 0x7f2a7c191628
P 0x7f2a7c487278
C 257
R
P 0x7f2a7c191628
C 342
R
P 0x7f2a7c191628
P 0x7f2a7c487278
C 254
= 0x7f2a7c19b1e8
R
P 0x7f2a7c191628
C 342
R
P 0x7f2a7c191628
P 0x7f2a7c19b1e8
C 209
R
P 0x7f2a7c191628
C 342
R
P 0x7f2a7c191628
P 0x7f2a7c487278
C 260
R
P 0x7f2a7c191628
C 342
R
P 0x7f2a7c191628
P 0x7f2a7c487278
C 259
R
P 0x7f2a7c191628
C 342
R
P 0x7f2a7c191628
P 0x7f2a7c487278
C 258
R
P 0x7f2a7c191628
C 342
R
P 0x7f2a7c191628
P 0x7f2a7c487278
C 9
R
P 0x7f2a7c191628
C 342
R
P 0x7f2a7c191628
U 2
P 0x7f2a7c19bc28
P 0x7f2a7c487278
p 2
C 65
= 0x7f2a7c4872b0
R
P 0x7f2a7c191628
C 342
R
P 0x7f2a7c191628
P 0x7f2a7c4872b0
C 257
R
P 0x7f2a7c191628
C 342
R
P 0x7f2a7c191628
P 0x7f2a7c4872b0
C 254
= 0x7f2a7c19b1e8
R
P 0x7f2a7c191628
C 342
R
P 0x7f2a7c191628
P 0x7f2a7c19b1e8
C 209
R
P 0x7f2a7c191628
C 342
R
P 0x7f2a7c191628
P 0x7f2a7c4872b0
C 260
R
P 0x7f2a7c191628
C 342
R
P 0x7f2a7c191628
P 0x7f2a7c4872b0
C 259
R
P 0x7f2a7c191628
C 342
R
P 0x7f2a7c191628
P 0x7f2a7c4872b0
C 258
R
P 0x7f2a7c191628
C 342
R
P 0x7f2a7c191628
P 0x7f2a7c4872b0
C 9
R
P 0x7f2a7c191628
C 342
R
P 0x7f2a7c191628
P 0x7f2a7c487208
P 0x7f2a7c4872b0
P 0x7f2a7c19bc28
C 59
= 0x7f2a7c19f988
R
P 0x7f2a7c191628
C 342
R
P 0x7f2a7c191628
P 0x7f2a7c19f988
C 257
R
P 0x7f2a7c191628
C 342
R
P 0x7f2a7c191628
P 0x7f2a7c19f988
C 254
= 0x7f2a7c19b1e8
R
P 0x7f2a7c191628
C 342
R
P 0x7f2a7c191628
P 0x7f2a7c19b1e8
C 209
R
P 0x7f2a7c191628
C 342
R
P 0x7f2a7c191628
P 0x7f2a7c19f988
C 260
R
P 0x7f2a7c191628
C 342
R
P 0x7f2a7c191628
P 0x7f2a7c19f988
C 259
R
P 0x7f2a7c191628
C 342
R
P 0x7f2a7c191628
P 0x7f2a7c19f988
C 258
R
P 0x7f2a7c191628
C 342
R
P 0x7f2a7c191628
P 0x7f2a7c19f988
C 9
R
P 0x7f2a7c191628
C 342
R
P 0x7f2a7c191628
U 2
P 0x7f2a7c19f988
P 0x7f2a7c19bb48
p 2
C 65
= 0x7f2a7c4872e8
R
P 0x7f2a7c191628
C 342
R
P 0x7f2a7c191628
P 0x7f2a7c4872e8
C 257
R
P 0x7f2a7c191628
C 342
R
P 0x7f2a7c191628
P 0x7f2a7c4872e8
C 254
= 0x7f2a7c19b1e8
R
P 0x7f2a7c191628
C 342
R
P 0x7f2a7c191628
P 0x7f2a7c19b1e8
C 209
R
P 0x7f2a7c191628
C 342
R
P 0x7f2a7c191628
P 0x7f2a7c4872e8
C 260
R
P 0x7f2a7c191628
C 342
R
P 0x7f2a7c191628
P 0x7f2a7c4872e8
C 259
R
P 0x7f2a7c191628
C 342
R
P 0x7f2a7c191628
P 0x7f2a7c4872e8
C 258
R
P 0x7f2a7c191628
C 342
R
P 0x7f2a7c191628
P 0x7f2a7c4872e8
C 9
R
P 0x7f2a7c191628
C 342
R
P 0x7f2a7c191628
P 0x7f2a7c19bc68
C 333
R
P 0x7f2a7c191628
C 342
R
P 0x7f2a7c191628
S "slotflowPriorityStart"
C 30
R
P 0x7f2a7c191628
C 342
R
P 0x7f2a7c191628
$ |slotflowPriorityStart|
C 202
R
P 0x7f2a7c191628
C 342
R
P 0x7f2a7c191628
$ |slotflowPriorityStart|
P 0x7f2a7c19b1e8
C 51
= 0x7f2a7c19c2a8
R
P 0x7f2a7c191628
C 342
R
P 0x7f2a7c191628
P 0x7f2a7c19c2a8
C 257
R
P 0x7f2a7c191628
C 342
R
P 0x7f2a7c191628
P 0x7f2a7c19c2a8
C 254
= 0x7f2a7c19b1e8
R
P 0x7f2a7c191628
C 342
R
P 0x7f2a7c191628
P 0x7f2a7c19b1e8
C 209
R
P 0x7f2a7c191628
C 342
R
P 0x7f2a7c191628
P 0x7f2a7c19c2a8
C 260
R
P 0x7f2a7c191628
C 342
R
P 0x7f2a7c191628
P 0x7f2a7c19c2a8
C 259
R
P 0x7f2a7c191628
C 342
R
P 0x7f2a7c191628
P 0x7f2a7c19c2a8
C 258
R
P 0x7f2a7c191628
C 342
R
P 0x7f2a7c191628
P 0x7f2a7c19c2a8
C 9
R
P 0x7f2a7c191628
C 342
R
P 0x7f2a7c191628
P 0x7f2a7c19bc68
C 333
R
P 0x7f2a7c191628
C 342
R
P 0x7f2a7c191628
S "slotflowPriorityDuration"
C 30
R
P 0x7f2a7c191628
C 342
R
P 0x7f2a7c191628
$ |slotflowPriorityDuration|
C 202
R
P 0x7f2a7c191628
C 342
R
P 0x7f2a7c191628
$ |slotflowPriorityDuration|
P 0x7f2a7c19b1e8
C 51
= 0x7f2a7c19c268
R
P 0x7f2a7c191628
C 342
R
P 0x7f2a7c191628
P 0x7f2a7c19c268
C 257
R
P 0x7f2a7c191628
C 342
R
P 0x7f2a7c191628
P 0x7f2a7c19c268
C 254
= 0x7f2a7c19b1e8
R
P 0x7f2a7c191628
C 342
R
P 0x7f2a7c191628
P 0x7f2a7c19b1e8
C 209
R
P 0x7f2a7c191628
C 342
R
P 0x7f2a7c191628
P 0x7f2a7c19c268
C 260
R
P 0x7f2a7c191628
C 342
R
P 0x7f2a7c191628
P 0x7f2a7c19c268
C 259
R
P 0x7f2a7c191628
C 342
R
P 0x7f2a7c191628
P 0x7f2a7c19c268
C 258
R
P 0x7f2a7c191628
C 342
R
P 0x7f2a7c191628
P 0x7f2a7c19c268
C 9
R
P 0x7f2a7c191628
C 342
R
P 0x7f2a7c191628
U 2
P 0x7f2a7c19c2a8
P 0x7f2a7c19c268
p 2
C 65
= 0x7f2a7c487908
R
P 0x7f2a7c191628
C 342
R
P 0x7f2a7c191628
P 0x7f2a7c487908
C 257
R
P 0x7f2a7c191628
C 342
R
P 0x7f2a7c191628
P 0x7f2a7c487908
C 254
= 0x7f2a7c19b1e8
R
P 0x7f2a7c191628
C 342
R
P 0x7f2a7c191628
P 0x7f2a7c19b1e8
C 209
R
P 0x7f2a7c191628
C 342
R
P 0x7f2a7c191628
P 0x7f2a7c487908
C 260
R
P 0x7f2a7c191628
C 342
R
P 0x7f2a7c191628
P 0x7f2a7c487908
C 259
R
P 0x7f2a7c191628
C 342
R
P 0x7f2a7c191628
P 0x7f2a7c487908
C 258
R
P 0x7f2a7c191628
C 342
R
P 0x7f2a7c191628
P 0x7f2a7c487908
C 9
R
P 0x7f2a7c191628
C 342
R
P 0x7f2a7c191628
I 0
P 0x7f2a7c19b208
C 150
= 0x7f2a7c19bd08
R
P 0x7f2a7c191628
C 342
R
P 0x7f2a7c191628
P 0x7f2a7c19bd08
C 258
R
P 0x7f2a7c191628
C 342
R
P 0x7f2a7c191628
P 0x7f2a7c19bd08
C 9
R
P 0x7f2a7c191628
C 342
R
P 0x7f2a7c191628
I 1
P 0x7f2a7c19b208
C 150
= 0x7f2a7c19bc88
R
P 0x7f2a7c191628
C 342
R
P 0x7f2a7c191628
P 0x7f2a7c19bc88
C 258
R
P 0x7f2a7c191628
C 342
R
P 0x7f2a7c191628
P 0x7f2a7c19bc88
C 9
R
P 0x7f2a7c191628
C 342
R
P 0x7f2a7c191628
P 0x7f2a7c19bd08
P 0x7f2a7c19bc88
C 75
= 0x7f2a7c486fa0
R
P 0x7f2a7c191628
C 342
R
P 0x7f2a7c191628
P 0x7f2a7c486fa0
C 258
R
P 0x7f2a7c191628
C 342
R
P 0x7f2a7c191628
P 0x7f2a7c486fa0
C 9
R
P 0x7f2a7c191628
C 342
R
P 0x7f2a7c191628
I 1
P 0x7f2a7c19b208
C 150
= 0x7f2a7c19bc88
R
P 0x7f2a7c191628
C 342
R
P 0x7f2a7c191628
P 0x7f2a7c19bc88
C 258
R
P 0x7f2a7c191628
C 342
R
P 0x7f2a7c191628
P 0x7f2a7c19bc88
C 9
R
P 0x7f2a7c191628
C 342
R
P 0x7f2a7c191628
U 2
P 0x7f2a7c19bd08
P 0x7f2a7c19bc88
p 2
C 67
= 0x7f2a7c486fd8
R
P 0x7f2a7c191628
C 342
R
P 0x7f2a7c191628
P 0x7f2a7c486fd8
C 257
R
P 0x7f2a7c191628
C 342
R
P 0x7f2a7c191628
P 0x7f2a7c486fd8
C 254
= 0x7f2a7c19b208
R
P 0x7f2a7c191628
C 342
R
P 0x7f2a7c191628
P 0x7f2a7c19b208
C 209
R
P 0x7f2a7c191628
C 342
R
P 0x7f2a7c191628
P 0x7f2a7c486fd8
C 260
R
P 0x7f2a7c191628
C 342
R
P 0x7f2a7c191628
P 0x7f2a7c486fd8
C 259
R
P 0x7f2a7c191628
C 342
R
P 0x7f2a7c191628
P 0x7f2a7c486fd8
C 258
R
P 0x7f2a7c191628
C 342
R
P 0x7f2a7c191628
P 0x7f2a7c486fd8
C 9
R
P 0x7f2a7c191628
C 342
R
P 0x7f2a7c191628
U 2
P 0x7f2a7c19bbe8
P 0x7f2a7c486fd8
p 2
C 66
= 0x7f2a7c487940
R
P 0x7f2a7c191628
C 342
R
P 0x7f2a7c191628
P 0x7f2a7c487940
C 257
R
P 0x7f2a7c191628
C 342
R
P 0x7f2a7c191628
P 0x7f2a7c487940
C 254
= 0x7f2a7c19b208
R
P 0x7f2a7c191628
C 342
R
P 0x7f2a7c191628
P 0x7f2a7c19b208
C 209
R
P 0x7f2a7c191628
C 342
R
P 0x7f2a7c191628
P 0x7f2a7c487940
C 260
R
P 0x7f2a7c191628
C 342
R
P 0x7f2a7c191628
P 0x7f2a7c487940
C 259
R
P 0x7f2a7c191628
C 342
R
P 0x7f2a7c191628
P 0x7f2a7c487940
C 258
R
P 0x7f2a7c191628
C 342
R
P 0x7f2a7c191628
P 0x7f2a7c487940
C 9
R
P 0x7f2a7c191628
C 342
R
P 0x7f2a7c191628
U 2
P 0x7f2a7c19bb88
P 0x7f2a7c487940
p 2
C 65
= 0x7f2a7c487978
R
P 0x7f2a7c191628
C 342
R
P 0x7f2a7c191628
P 0x7f2a7c487978
C 257
R
P 0x7f2a7c191628
C 342
R
P 0x7f2a7c191628
P 0x7f2a7c487978
C 254
= 0x7f2a7c19b1e8
R
P 0x7f2a7c191628
C 342
R
P 0x7f2a7c191628
P 0x7f2a7c19b1e8
C 209
R
P 0x7f2a7c191628
C 342
R
P 0x7f2a7c191628
P 0x7f2a7c487978
C 260
R
P 0x7f2a7c191628
C 342
R
P 0x7f2a7c191628
P 0x7f2a7c487978
C 259
R
P 0x7f2a7c191628
C 342
R
P 0x7f2a7c191628
P 0x7f2a7c487978
C 258
R
P 0x7f2a7c191628
C 342
R
P 0x7f2a7c191628
P 0x7f2a7c487978
C 9
R
P 0x7f2a7c191628
C 342
R
P 0x7f2a7c191628
P 0x7f2a7c486fa0
P 0x7f2a7c487978
P 0x7f2a7c19bb88
C 59
= 0x7f2a7c19fa08
R
P 0x7f2a7c191628
C 342
R
P 0x7f2a7c191628
P 0x7f2a7c19fa08
C 257
R
P 0x7f2a7c191628
C 342
R
P 0x7f2a7c191628
P 0x7f2a7c19fa08
C 254
= 0x7f2a7c19b1e8
R
P 0x7f2a7c191628
C 342
R
P 0x7f2a7c191628
P 0x7f2a7c19b1e8
C 209
R
P 0x7f2a7c191628
C 342
R
P 0x7f2a7c191628
P 0x7f2a7c19fa08
C 260
R
P 0x7f2a7c191628
C 342
R
P 0x7f2a7c191628
P 0x7f2a7c19fa08
C 259
R
P 0x7f2a7c191628
C 342
R
P 0x7f2a7c191628
P 0x7f2a7c19fa08
C 258
R
P 0x7f2a7c191628
C 342
R
P 0x7f2a7c191628
P 0x7f2a7c19fa08
C 9
R
P 0x7f2a7c191628
C 342
R
P 0x7f2a7c191628
U 2
P 0x7f2a7c487908
P 0x7f2a7c19fa08
p 2
C 65
= 0x7f2a7c4879b0
R
P 0x7f2a7c191628
C 342
R
P 0x7f2a7c191628
P 0x7f2a7c4879b0
C 257
R
P 0x7f2a7c191628
C 342
R
P 0x7f2a7c191628
P 0x7f2a7c4879b0
C 254
= 0x7f2a7c19b1e8
R
P 0x7f2a7c191628
C 342
R
P 0x7f2a7c191628
P 0x7f2a7c19b1e8
C 209
R
P 0x7f2a7c191628
C 342
R
P 0x7f2a7c191628
P 0x7f2a7c4879b0
C 260
R
P 0x7f2a7c191628
C 342
R
P 0x7f2a7c191628
P 0x7f2a7c4879b0
C 259
R
P 0x7f2a7c191628
C 342
R
P 0x7f2a7c191628
P 0x7f2a7c4879b0
C 258
R
P 0x7f2a7c191628
C 342
R
P 0x7f2a7c191628
P 0x7f2a7c4879b0
C 9
R
P 0x7f2a7c191628
C 342
R
P 0x7f2a7c191628
U 2
P 0x7f2a7c4879b0
P 0x7f2a7c19bb68
p 2
C 67
= 0x7f2a7c4879e8
R
P 0x7f2a7c191628
C 342
R
P 0x7f2a7c191628
P 0x7f2a7c4879e8
C 257
R
P 0x7f2a7c191628
C 342
R
P 0x7f2a7c191628
P 0x7f2a7c4879e8
C 254
= 0x7f2a7c19b1e8
R
P 0x7f2a7c191628
C 342
R
P 0x7f2a7c191628
P 0x7f2a7c19b1e8
C 209
R
P 0x7f2a7c191628
C 342
R
P 0x7f2a7c191628
P 0x7f2a7c4879e8
C 260
R
P 0x7f2a7c191628
C 342
R
P 0x7f2a7c191628
P 0x7f2a7c4879e8
C 259
R
P 0x7f2a7c191628
C 342
R
P 0x7f2a7c191628
P 0x7f2a7c4879e8
C 258
R
P 0x7f2a7c191628
C 342
R
P 0x7f2a7c191628
P 0x7f2a7c4879e8
C 9
R
P 0x7f2a7c191628
C 342
R
P 0x7f2a7c191628
P 0x7f2a7c4872e8
P 0x7f2a7c4879e8
C 74
= 0x7f2a7c488cd8
R
P 0x7f2a7c191628
C 342
R
P 0x7f2a7c191628
P 0x7f2a7c488cd8
C 258
R
P 0x7f2a7c191628
C 342
R
P 0x7f2a7c191628
P 0x7f2a7c488cd8
C 9
R
P 0x7f2a7c191628
C 342
R
P 0x7f2a7c191628
I 3
P 0x7f2a7c19b208
C 150
= 0x7f2a7c19bfc8
R
P 0x7f2a7c191628
C 342
R
P 0x7f2a7c191628
P 0x7f2a7c19bfc8
C 258
R
P 0x7f2a7c191628
C 342
R
P 0x7f2a7c191628
P 0x7f2a7c19bfc8
C 9
R
P 0x7f2a7c191628
C 342
R
P 0x7f2a7c191628
I 1
P 0x7f2a7c19b208
C 150
= 0x7f2a7c19bc88
R
P 0x7f2a7c191628
C 342
R
P 0x7f2a7c191628
P 0x7f2a7c19bc88
C 258
R
P 0x7f2a7c191628
C 342
R
P 0x7f2a7c191628
P 0x7f2a7c19bc88
C 9
R
P 0x7f2a7c191628
C 342
R
P 0x7f2a7c191628
P 0x7f2a7c19bfc8
P 0x7f2a7c19bc88
C 75
= 0x7f2a7c487208
R
P 0x7f2a7c191628
C 342
R
P 0x7f2a7c191628
P 0x7f2a7c487208
C 258
R
P 0x7f2a7c191628
C 342
R
P 0x7f2a7c191628
P 0x7f2a7c487208
C 9
R
P 0x7f2a7c191628
C 342
R
P 0x7f2a7c191628
I 1
P 0x7f2a7c19b208
C 150
= 0x7f2a7c19bc88
R
P 0x7f2a7c191628
C 342
R
P 0x7f2a7c191628
P 0x7f2a7c19bc88
C 258
R
P 0x7f2a7c191628
C 342
R
P 0x7f2a7c191628
P 0x7f2a7c19bc88
C 9
R
P 0x7f2a7c191628
C 342
R
P 0x7f2a7c191628
U 2
P 0x7f2a7c19bfc8
P 0x7f2a7c19bc88
p 2
C 67
= 0x7f2a7c487240
R
P 0x7f2a7c191628
C 342
R
P 0x7f2a7c191628
P 0x7f2a7c487240
C 257
R
P 0x7f2a7c191628
C 342
R
P 0x7f2a7c191628
P 0x7f2a7c487240
C 254
= 0x7f2a7c19b208
R
P 0x7f2a7c191628
C 342
R
P 0x7f2a7c191628
P 0x7f2a7c19b208
C 209
R
P 0x7f2a7c191628
C 342
R
P 0x7f2a7c191628
P 0x7f2a7c487240
C 260
R
P 0x7f2a7c191628
C 342
R
P 0x7f2a7c191628
P 0x7f2a7c487240
C 259
R
P 0x7f2a7c191628
C 342
R
P 0x7f2a7c191628
P 0x7f2a7c487240
C 258
R
P 0x7f2a7c191628
C 342
R
P 0x7f2a7c191628
P 0x7f2a7c487240
C 9
R
P 0x7f2a7c191628
C 342
R
P 0x7f2a7c191628
U 2
P 0x7f2a7c19bba8
P 0x7f2a7c487240
p 2
C 66
= 0x7f2a7c487278
R
P 0x7f2a7c191628
C 342
R
P 0x7f2a7c191628
P 0x7f2a7c487278
C 257
R
P 0x7f2a7c191628
C 342
R
P 0x7f2a7c191628
P 0x7f2a7c487278
C 254
= 0x7f2a7c19b1e8
R
P 0x7f2a7c191628
C 342
R
P 0x7f2a7c191628
P 0x7f2a7c19b1e8
C 209
R
P 0x7f2a7c191628
C 342
R
P 0x7f2a7c191628
P 0x7f2a7c487278
C 260
R
P 0x7f2a7c191628
C 342
R
P 0x7f2a7c191628
P 0x7f2a7c487278
C 259
R
P 0x7f2a7c191628
C 342
R
P 0x7f2a7c191628
P 0x7f2a7c487278
C 258
R
P 0x7f2a7c191628
C 342
R
P 0x7f2a7c191628
P 0x7f2a7c487278
C 9
R
P 0x7f2a7c191628
C 342
R
P 0x7f2a7c191628
U 2
P 0x7f2a7c19bc28
P 0x7f2a7c487278
p 2
C 65
= 0x7f2a7c4872b0
R
P 0x7f2a7c191628
C 342
R
P 0x7f2a7c191628
P 0x7f2a7c4872b0
C 257
R
P 0x7f2a7c191628
C 342
R
P 0x7f2a7c191628
P 0x7f2a7c4872b0
C 254
= 0x7f2a7c19b1e8
R
P 0x7f2a7c191628
C 342
R
P 0x7f2a7c191628
P 0x7f2a7c19b1e8
C 209
R
P 0x7f2a7c191628
C 342
R
P 0x7f2a7c191628
P 0x7f2a7c4872b0
C 260
R
P 0x7f2a7c191628
C 342
R
P 0x7f2a7c191628
P 0x7f2a7c4872b0
C 259
R
P 0x7f2a7c191628
C 342
R
P 0x7f2a7c191628
P 0x7f2a7c4872b0
C 258
R
P 0x7f2a7c191628
C 342
R
P 0x7f2a7c191628
P 0x7f2a7c4872b0
C 9
R
P 0x7f2a7c191628
C 342
R
P 0x7f2a7c191628
P 0x7f2a7c487208
P 0x7f2a7c4872b0
P 0x7f2a7c19bc28
C 59
= 0x7f2a7c19f988
R
P 0x7f2a7c191628
C 342
R
P 0x7f2a7c191628
P 0x7f2a7c19f988
C 257
R
P 0x7f2a7c191628
C 342
R
P 0x7f2a7c191628
P 0x7f2a7c19f988
C 254
= 0x7f2a7c19b1e8
R
P 0x7f2a7c191628
C 342
R
P 0x7f2a7c191628
P 0x7f2a7c19b1e8
C 209
R
P 0x7f2a7c191628
C 342
R
P 0x7f2a7c191628
P 0x7f2a7c19f988
C 260
R
P 0x7f2a7c191628
C 342
R
P 0x7f2a7c191628
P 0x7f2a7c19f988
C 259
R
P 0x7f2a7c191628
C 342
R
P 0x7f2a7c191628
P 0x7f2a7c19f988
C 258
R
P 0x7f2a7c191628
C 342
R
P 0x7f2a7c191628
P 0x7f2a7c19f988
C 9
R
P 0x7f2a7c191628
C 342
R
P 0x7f2a7c191628
U 2
P 0x7f2a7c19f988
P 0x7f2a7c19bb48
p 2
C 65
= 0x7f2a7c4872e8
R
P 0x7f2a7c191628
C 342
R
P 0x7f2a7c191628
P 0x7f2a7c4872e8
C 257
R
P 0x7f2a7c191628
C 342
R
P 0x7f2a7c191628
P 0x7f2a7c4872e8
C 254
= 0x7f2a7c19b1e8
R
P 0x7f2a7c191628
C 342
R
P 0x7f2a7c191628
P 0x7f2a7c19b1e8
C 209
R
P 0x7f2a7c191628
C 342
R
P 0x7f2a7c191628
P 0x7f2a7c4872e8
C 260
R
P 0x7f2a7c191628
C 342
R
P 0x7f2a7c191628
P 0x7f2a7c4872e8
C 259
R
P 0x7f2a7c191628
C 342
R
P 0x7f2a7c191628
P 0x7f2a7c4872e8
C 258
R
P 0x7f2a7c191628
C 342
R
P 0x7f2a7c191628
P 0x7f2a7c4872e8
C 9
R
P 0x7f2a7c191628
C 342
R
P 0x7f2a7c191628
P 0x7f2a7c19bc68
C 333
R
P 0x7f2a7c191628
C 342
R
P 0x7f2a7c191628
S "slotflowPriorityStart"
C 30
R
P 0x7f2a7c191628
C 342
R
P 0x7f2a7c191628
$ |slotflowPriorityStart|
C 202
R
P 0x7f2a7c191628
C 342
R
P 0x7f2a7c191628
$ |slotflowPriorityStart|
P 0x7f2a7c19b1e8
C 51
= 0x7f2a7c19c2a8
R
P 0x7f2a7c191628
C 342
R
P 0x7f2a7c191628
P 0x7f2a7c19c2a8
C 257
R
P 0x7f2a7c191628
C 342
R
P 0x7f2a7c191628
P 0x7f2a7c19c2a8
C 254
= 0x7f2a7c19b1e8
R
P 0x7f2a7c191628
C 342
R
P 0x7f2a7c191628
P 0x7f2a7c19b1e8
C 209
R
P 0x7f2a7c191628
C 342
R
P 0x7f2a7c191628
P 0x7f2a7c19c2a8
C 260
R
P 0x7f2a7c191628
C 342
R
P 0x7f2a7c191628
P 0x7f2a7c19c2a8
C 259
R
P 0x7f2a7c191628
C 342
R
P 0x7f2a7c191628
P 0x7f2a7c19c2a8
C 258
R
P 0x7f2a7c191628
C 342
R
P 0x7f2a7c191628
P 0x7f2a7c19c2a8
C 9
R
P 0x7f2a7c191628
C 342
R
P 0x7f2a7c191628
I 0
P 0x7f2a7c19b208
C 150
= 0x7f2a7c19bd08
R
P 0x7f2a7c191628
C 342
R
P 0x7f2a7c191628
P 0x7f2a7c19bd08
C 258
R
P 0x7f2a7c191628
C 342
R
P 0x7f2a7c191628
P 0x7f2a7c19bd08
C 9
R
P 0x7f2a7c191628
C 342
R
P 0x7f2a7c191628
I 1
P 0x7f2a7c19b208
C 150
= 0x7f2a7c19bc88
R
P 0x7f2a7c191628
C 342
R
P 0x7f2a7c191628
P 0x7f2a7c19bc88
C 258
R
P 0x7f2a7c191628
C 342
R
P 0x7f2a7c191628
P 0x7f2a7c19bc88
C 9
R
P 0x7f2a7c191628
C 342
R
P 0x7f2a7c191628
P 0x7f2a7c19bd08
P 0x7f2a7c19bc88
C 75
= 0x7f2a7c486fa0
R
P 0x7f2a7c191628
C 342
R
P 0x7f2a7c191628
P 0x7f2a7c486fa0
C 258
R
P 0x7f2a7c191628
C 342
R
P 0x7f2a7c191628
P 0x7f2a7c486fa0
C 9
R
P 0x7f2a7c191628
C 342
R
P 0x7f2a7c191628
I 1
P 0x7f2a7c19b208
C 150
= 0x7f2a7c19bc88
R
P 0x7f2a7c191628
C 342
R
P 0x7f2a7c191628
P 0x7f2a7c19bc88
C 258
R
P 0x7f2a7c191628
C 342
R
P 0x7f2a7c191628
P 0x7f2a7c19bc88
C 9
R
P 0x7f2a7c191628
C 342
R
P 0x7f2a7c191628
U 2
P 0x7f2a7c19bd08
P 0x7f2a7c19bc88
p 2
C 67
= 0x7f2a7c486fd8
R
P 0x7f2a7c191628
C 342
R
P 0x7f2a7c191628
P 0x7f2a7c486fd8
C 257
R
P 0x7f2a7c191628
C 342
R
P 0x7f2a7c191628
P 0x7f2a7c486fd8
C 254
= 0x7f2a7c19b208
R
P 0x7f2a7c191628
C 342
R
P 0x7f2a7c191628
P 0x7f2a7c19b208
C 209
R
P 0x7f2a7c191628
C 342
R
P 0x7f2a7c191628
P 0x7f2a7c486fd8
C 260
R
P 0x7f2a7c191628
C 342
R
P 0x7f2a7c191628
P 0x7f2a7c486fd8
C 259
R
P 0x7f2a7c191628
C 342
R
P 0x7f2a7c191628
P 0x7f2a7c486fd8
C 258
R
P 0x7f2a7c191628
C 342
R
P 0x7f2a7c191628
P 0x7f2a7c486fd8
C 9
R
P 0x7f2a7c191628
C 342
R
P 0x7f2a7c191628
U 2
P 0x7f2a7c19bbe8
P 0x7f2a7c486fd8
p 2
C 66
= 0x7f2a7c487940
R
P 0x7f2a7c191628
C 342
R
P 0x7f2a7c191628
P 0x7f2a7c487940
C 257
R
P 0x7f2a7c191628
C 342
R
P 0x7f2a7c191628
P 0x7f2a7c487940
C 254
= 0x7f2a7c19b208
R
P 0x7f2a7c191628
C 342
R
P 0x7f2a7c191628
P 0x7f2a7c19b208
C 209
R
P 0x7f2a7c191628
C 342
R
P 0x7f2a7c191628
P 0x7f2a7c487940
C 260
R
P 0x7f2a7c191628
C 342
R
P 0x7f2a7c191628
P 0x7f2a7c487940
C 259
R
P 0x7f2a7c191628
C 342
R
P 0x7f2a7c191628
P 0x7f2a7c487940
C 258
R
P 0x7f2a7c191628
C 342
R
P 0x7f2a7c191628
P 0x7f2a7c487940
C 9
R
P 0x7f2a7c191628
C 342
R
P 0x7f2a7c191628
U 2
P 0x7f2a7c19bb88
P 0x7f2a7c487940
p 2
C 65
= 0x7f2a7c487978
R
P 0x7f2a7c191628
C 342
R
P 0x7f2a7c191628
P 0x7f2a7c487978
C 257
R
P 0x7f2a7c191628
C 342
R
P 0x7f2a7c191628
P 0x7f2a7c487978
C 254
= 0x7f2a7c19b1e8
R
P 0x7f2a7c191628
C 342
R
P 0x7f2a7c191628
P 0x7f2a7c19b1e8
C 209
R
P 0x7f2a7c191628
C 342
R
P 0x7f2a7c191628
P 0x7f2a7c487978
C 260
R
P 0x7f2a7c191628
C 342
R
P 0x7f2a7c191628
P 0x7f2a7c487978
C 259
R
P 0x7f2a7c191628
C 342
R
P 0x7f2a7c191628
P 0x7f2a7c487978
C 258
R
P 0x7f2a7c191628
C 342
R
P 0x7f2a7c191628
P 0x7f2a7c487978
C 9
R
P 0x7f2a7c191628
C 342
R
P 0x7f2a7c191628
P 0x7f2a7c486fa0
P 0x7f2a7c487978
P 0x7f2a7c19bb88
C 59
= 0x7f2a7c19fa08
R
P 0x7f2a7c191628
C 342
R
P 0x7f2a7c191628
P 0x7f2a7c19fa08
C 257
R
P 0x7f2a7c191628
C 342
R
P 0x7f2a7c191628
P 0x7f2a7c19fa08
C 254
= 0x7f2a7c19b1e8
R
P 0x7f2a7c191628
C 342
R
P 0x7f2a7c191628
P 0x7f2a7c19b1e8
C 209
R
P 0x7f2a7c191628
C 342
R
P 0x7f2a7c191628
P 0x7f2a7c19fa08
C 260
R
P 0x7f2a7c191628
C 342
R
P 0x7f2a7c191628
P 0x7f2a7c19fa08
C 259
R
P 0x7f2a7c191628
C 342
R
P 0x7f2a7c191628
P 0x7f2a7c19fa08
C 258
R
P 0x7f2a7c191628
C 342
R
P 0x7f2a7c191628
P 0x7f2a7c19fa08
C 9
R
P 0x7f2a7c191628
C 342
R
P 0x7f2a7c191628
U 2
P 0x7f2a7c19c2a8
P 0x7f2a7c19fa08
p 2
C 65
= 0x7f2a7c487a58
R
P 0x7f2a7c191628
C 342
R
P 0x7f2a7c191628
P 0x7f2a7c487a58
C 257
R
P 0x7f2a7c191628
C 342
R
P 0x7f2a7c191628
P 0x7f2a7c487a58
C 254
= 0x7f2a7c19b1e8
R
P 0x7f2a7c191628
C 342
R
P 0x7f2a7c191628
P 0x7f2a7c19b1e8
C 209
R
P 0x7f2a7c191628
C 342
R
P 0x7f2a7c191628
P 0x7f2a7c487a58
C 260
R
P 0x7f2a7c191628
C 342
R
P 0x7f2a7c191628
P 0x7f2a7c487a58
C 259
R
P 0x7f2a7c191628
C 342
R
P 0x7f2a7c191628
P 0x7f2a7c487a58
C 258
R
P 0x7f2a7c191628
C 342
R
P 0x7f2a7c191628
P 0x7f2a7c487a58
C 9
R
P 0x7f2a7c191628
C 342
R
P 0x7f2a7c191628
P 0x7f2a7c4872e8
P 0x7f2a7c487a58
C 76
= 0x7f2a7c488d10
R
P 0x7f2a7c191628
C 342
R
P 0x7f2a7c191628
P 0x7f2a7c488d10
C 258
R
P 0x7f2a7c191628
C 342
R
P 0x7f2a7c191628
P 0x7f2a7c488d10
C 9
R
P 0x7f2a7c191628
C 342
R
P 0x7f2a7c191628
U 2
P 0x7f2a7c488cd8
P 0x7f2a7c488d10
p 2
C 63
= 0x7f2a7c488d48
R
P 0x7f2a7c191628
C 342
R
P 0x7f2a7c191628
P 0x7f2a7c488d48
C 258
R
P 0x7f2a7c191628
C 342
R
P 0x7f2a7c191628
P 0x7f2a7c488d48
C 9
R
P 0x7f2a7c191628
C 342
R
P 0x7f2a7c191628
I 3
P 0x7f2a7c19b208
C 150
= 0x7f2a7c19bfc8
R
P 0x7f2a7c191628
C 342
R
P 0x7f2a7c191628
P 0x7f2a7c19bfc8
C 258
R
P 0x7f2a7c191628
C 342
R
P 0x7f2a7c191628
P 0x7f2a7c19bfc8
C 9
R
P 0x7f2a7c191628
C 342
R
P 0x7f2a7c191628
P 0x7f2a7c19bfc8
C 263
R
P 0x7f2a7c191628
C 342
R
P 0x7f2a7c191628
S "dev0T33"
C 30
R
P 0x7f2a7c191628
C 342
R
P 0x7f2a7c191628
$ |dev0T33|
C 202
R
P 0x7f2a7c191628
C 342
R
P 0x7f2a7c191628
$ |dev0T33|
P 0x7f2a7c19b1e8
C 51
= 0x7f2a7c19c228
R
P 0x7f2a7c191628
C 342
R
P 0x7f2a7c191628
P 0x7f2a7c19c228
C 257
R
P 0x7f2a7c191628
C 342
R
P 0x7f2a7c191628
P 0x7f2a7c19c228
C 254
= 0x7f2a7c19b1e8
R
P 0x7f2a7c191628
C 342
R
P 0x7f2a7c191628
P 0x7f2a7c19b1e8
C 209
R
P 0x7f2a7c191628
C 342
R
P 0x7f2a7c191628
P 0x7f2a7c19c228
C 260
R
P 0x7f2a7c191628
C 342
R
P 0x7f2a7c191628
P 0x7f2a7c19c228
C 259
R
P 0x7f2a7c191628
C 342
R
P 0x7f2a7c191628
P 0x7f2a7c19c228
C 258
R
P 0x7f2a7c191628
C 342
R
P 0x7f2a7c191628
P 0x7f2a7c19c228
C 9
R
P 0x7f2a7c191628
C 342
R
P 0x7f2a7c191628
I 3
P 0x7f2a7c19b208
C 150
= 0x7f2a7c19bfc8
R
P 0x7f2a7c191628
C 342
R
P 0x7f2a7c191628
P 0x7f2a7c19bfc8
C 258
R
P 0x7f2a7c191628
C 342
R
P 0x7f2a7c191628
P 0x7f2a7c19bfc8
C 9
R
P 0x7f2a7c191628
C 342
R
P 0x7f2a7c191628
I 1
P 0x7f2a7c19b208
C 150
= 0x7f2a7c19bc88
R
P 0x7f2a7c191628
C 342
R
P 0x7f2a7c191628
P 0x7f2a7c19bc88
C 258
R
P 0x7f2a7c191628
C 342
R
P 0x7f2a7c191628
P 0x7f2a7c19bc88
C 9
R
P 0x7f2a7c191628
C 342
R
P 0x7f2a7c191628
P 0x7f2a7c19bfc8
P 0x7f2a7c19bc88
C 75
= 0x7f2a7c487208
R
P 0x7f2a7c191628
C 342
R
P 0x7f2a7c191628
P 0x7f2a7c487208
C 258
R
P 0x7f2a7c191628
C 342
R
P 0x7f2a7c191628
P 0x7f2a7c487208
C 9
R
P 0x7f2a7c191628
C 342
R
P 0x7f2a7c191628
I 1
P 0x7f2a7c19b208
C 150
= 0x7f2a7c19bc88
R
P 0x7f2a7c191628
C 342
R
P 0x7f2a7c191628
P 0x7f2a7c19bc88
C 258
R
P 0x7f2a7c191628
C 342
R
P 0x7f2a7c191628
P 0x7f2a7c19bc88
C 9
R
P 0x7f2a7c191628
C 342
R
P 0x7f2a7c191628
U 2
P 0x7f2a7c19bfc8
P 0x7f2a7c19bc88
p 2
C 67
= 0x7f2a7c487240
R
P 0x7f2a7c191628
C 342
R
P 0x7f2a7c191628
P 0x7f2a7c487240
C 257
R
P 0x7f2a7c191628
C 342
R
P 0x7f2a7c191628
P 0x7f2a7c487240
C 254
= 0x7f2a7c19b208
R
P 0x7f2a7c191628
C 342
R
P 0x7f2a7c191628
P 0x7f2a7c19b208
C 209
R
P 0x7f2a7c191628
C 342
R
P 0x7f2a7c191628
P 0x7f2a7c487240
C 260
R
P 0x7f2a7c191628
C 342
R
P 0x7f2a7c191628
P 0x7f2a7c487240
C 259
R
P 0x7f2a7c191628
C 342
R
P 0x7f2a7c191628
P 0x7f2a7c487240
C 258
R
P 0x7f2a7c191628
C 342
R
P 0x7f2a7c191628
P 0x7f2a7c487240
C 9
R
P 0x7f2a7c191628
C 342
R
P 0x7f2a7c191628
U 2
P 0x7f2a7c19bba8
P 0x7f2a7c487240
p 2
C 66
= 0x7f2a7c487278
R
P 0x7f2a7c191628
C 342
R
P 0x7f2a7c191628
P 0x7f2a7c487278
C 257
R
P 0x7f2a7c191628
C 342
R
P 0x7f2a7c191628
P 0x7f2a7c487278
C 254
= 0x7f2a7c19b1e8
R
P 0x7f2a7c191628
C 342
R
P 0x7f2a7c191628
P 0x7f2a7c19b1e8
C 209
R
P 0x7f2a7c191628
C 342
R
P 0x7f2a7c191628
P 0x7f2a7c487278
C 260
R
P 0x7f2a7c191628
C 342
R
P 0x7f2a7c191628
P 0x7f2a7c487278
C 259
R
P 0x7f2a7c191628
C 342
R
P 0x7f2a7c191628
P 0x7f2a7c487278
C 258
R
P 0x7f2a7c191628
C 342
R
P 0x7f2a7c191628
P 0x7f2a7c487278
C 9
R
P 0x7f2a7c191628
C 342
R
P 0x7f2a7c191628
U 2
P 0x7f2a7c19bc28
P 0x7f2a7c487278
p 2
C 65
= 0x7f2a7c4872b0
R
P 0x7f2a7c191628
C 342
R
P 0x7f2a7c191628
P 0x7f2a7c4872b0
C 257
R
P 0x7f2a7c191628
C 342
R
P 0x7f2a7c191628
P 0x7f2a7c4872b0
C 254
= 0x7f2a7c19b1e8
R
P 0x7f2a7c191628
C 342
R
P 0x7f2a7c191628
P 0x7f2a7c19b1e8
C 209
R
P 0x7f2a7c191628
C 342
R
P 0x7f2a7c191628
P 0x7f2a7c4872b0
C 260
R
P 0x7f2a7c191628
C 342
R
P 0x7f2a7c191628
P 0x7f2a7c4872b0
C 259
R
P 0x7f2a7c191628
C 342
R
P 0x7f2a7c191628
P 0x7f2a7c4872b0
C 258
R
P 0x7f2a7c191628
C 342
R
P 0x7f2a7c191628
P 0x7f2a7c4872b0
C 9
R
P 0x7f2a7c191628
C 342
R
P 0x7f2a7c191628
P 0x7f2a7c487208
P 0x7f2a7c4872b0
P 0x7f2a7c19bc28
C 59
= 0x7f2a7c19f988
R
P 0x7f2a7c191628
C 342
R
P 0x7f2a7c191628
P 0x7f2a7c19f988
C 257
R
P 0x7f2a7c191628
C 342
R
P 0x7f2a7c191628
P 0x7f2a7c19f988
C 254
= 0x7f2a7c19b1e8
R
P 0x7f2a7c191628
C 342
R
P 0x7f2a7c191628
P 0x7f2a7c19b1e8
C 209
R
P 0x7f2a7c191628
C 342
R
P 0x7f2a7c191628
P 0x7f2a7c19f988
C 260
R
P 0x7f2a7c191628
C 342
R
P 0x7f2a7c191628
P 0x7f2a7c19f988
C 259
R
P 0x7f2a7c191628
C 342
R
P 0x7f2a7c191628
P 0x7f2a7c19f988
C 258
R
P 0x7f2a7c191628
C 342
R
P 0x7f2a7c191628
P 0x7f2a7c19f988
C 9
R
P 0x7f2a7c191628
C 342
R
P 0x7f2a7c191628
U 2
P 0x7f2a7c19f988
P 0x7f2a7c19bb48
p 2
C 65
= 0x7f2a7c4872e8
R
P 0x7f2a7c191628
C 342
R
P 0x7f2a7c191628
P 0x7f2a7c4872e8
C 257
R
P 0x7f2a7c191628
C 342
R
P 0x7f2a7c191628
P 0x7f2a7c4872e8
C 254
= 0x7f2a7c19b1e8
R
P 0x7f2a7c191628
C 342
R
P 0x7f2a7c191628
P 0x7f2a7c19b1e8
C 209
R
P 0x7f2a7c191628
C 342
R
P 0x7f2a7c191628
P 0x7f2a7c4872e8
C 260
R
P 0x7f2a7c191628
C 342
R
P 0x7f2a7c191628
P 0x7f2a7c4872e8
C 259
R
P 0x7f2a7c191628
C 342
R
P 0x7f2a7c191628
P 0x7f2a7c4872e8
C 258
R
P 0x7f2a7c191628
C 342
R
P 0x7f2a7c191628
P 0x7f2a7c4872e8
C 9
R
P 0x7f2a7c191628
C 342
R
P 0x7f2a7c191628
U 2
P 0x7f2a7c4872e8
P 0x7f2a7c19bb68
p 2
C 65
= 0x7f2a7c487320
R
P 0x7f2a7c191628
C 342
R
P 0x7f2a7c191628
P 0x7f2a7c487320
C 257
R
P 0x7f2a7c191628
C 342
R
P 0x7f2a7c191628
P 0x7f2a7c487320
C 254
= 0x7f2a7c19b1e8
R
P 0x7f2a7c191628
C 342
R
P 0x7f2a7c191628
P 0x7f2a7c19b1e8
C 209
R
P 0x7f2a7c191628
C 342
R
P 0x7f2a7c191628
P 0x7f2a7c487320
C 260
R
P 0x7f2a7c191628
C 342
R
P 0x7f2a7c191628
P 0x7f2a7c487320
C 259
R
P 0x7f2a7c191628
C 342
R
P 0x7f2a7c191628
P 0x7f2a7c487320
C 258
R
P 0x7f2a7c191628
C 342
R
P 0x7f2a7c191628
P 0x7f2a7c487320
C 9
R
P 0x7f2a7c191628
C 342
R
P 0x7f2a7c191628
P 0x7f2a7c19c228
P 0x7f2a7c487320
C 56
= 0x7f2a7c488d80
R
P 0x7f2a7c191628
C 342
R
P 0x7f2a7c191628
P 0x7f2a7c488d80
C 258
R
P 0x7f2a7c191628
C 342
R
P 0x7f2a7c191628
P 0x7f2a7c488d80
C 9
R
P 0x7f2a7c191628
C 342
R
P 0x7f2a7c191628
P 0x7f2a7c488d48
P 0x7f2a7c488d80
C 61
= 0x7f2a7c488db8
R
P 0x7f2a7c191628
C 342
R
P 0x7f2a7c191628
P 0x7f2a7c488db8
C 258
R
P 0x7f2a7c191628
C 342
R
P 0x7f2a7c191628
P 0x7f2a7c488db8
C 9
R
P 0x7f2a7c191628
C 342
R
P 0x7f2a7c191628
P 0x7f2a7c1e1fc8
P 0x7f2a7c488db8
C 427
R
P 0x7f2a7c191628
C 342
R
P 0x7f2a7c191628
I 3
P 0x7f2a7c19b208
C 150
= 0x7f2a7c19bfc8
R
P 0x7f2a7c191628
C 342
R
P 0x7f2a7c191628
P 0x7f2a7c19bfc8
C 258
R
P 0x7f2a7c191628
C 342
R
P 0x7f2a7c191628
P 0x7f2a7c19bfc8
C 9
R
P 0x7f2a7c191628
C 342
R
P 0x7f2a7c191628
I 1
P 0x7f2a7c19b208
C 150
= 0x7f2a7c19bc88
R
P 0x7f2a7c191628
C 342
R
P 0x7f2a7c191628
P 0x7f2a7c19bc88
C 258
R
P 0x7f2a7c191628
C 342
R
P 0x7f2a7c191628
P 0x7f2a7c19bc88
C 9
R
P 0x7f2a7c191628
C 342
R
P 0x7f2a7c191628
P 0x7f2a7c19bfc8
P 0x7f2a7c19bc88
C 75
= 0x7f2a7c487208
R
P 0x7f2a7c191628
C 342
R
P 0x7f2a7c191628
P 0x7f2a7c487208
C 258
R
P 0x7f2a7c191628
C 342
R
P 0x7f2a7c191628
P 0x7f2a7c487208
C 9
R
P 0x7f2a7c191628
C 342
R
P 0x7f2a7c191628
I 1
P 0x7f2a7c19b208
C 150
= 0x7f2a7c19bc88
R
P 0x7f2a7c191628
C 342
R
P 0x7f2a7c191628
P 0x7f2a7c19bc88
C 258
R
P 0x7f2a7c191628
C 342
R
P 0x7f2a7c191628
P 0x7f2a7c19bc88
C 9
R
P 0x7f2a7c191628
C 342
R
P 0x7f2a7c191628
U 2
P 0x7f2a7c19bfc8
P 0x7f2a7c19bc88
p 2
C 67
= 0x7f2a7c487240
R
P 0x7f2a7c191628
C 342
R
P 0x7f2a7c191628
P 0x7f2a7c487240
C 257
R
P 0x7f2a7c191628
C 342
R
P 0x7f2a7c191628
P 0x7f2a7c487240
C 254
= 0x7f2a7c19b208
R
P 0x7f2a7c191628
C 342
R
P 0x7f2a7c191628
P 0x7f2a7c19b208
C 209
R
P 0x7f2a7c191628
C 342
R
P 0x7f2a7c191628
P 0x7f2a7c487240
C 260
R
P 0x7f2a7c191628
C 342
R
P 0x7f2a7c191628
P 0x7f2a7c487240
C 259
R
P 0x7f2a7c191628
C 342
R
P 0x7f2a7c191628
P 0x7f2a7c487240
C 258
R
P 0x7f2a7c191628
C 342
R
P 0x7f2a7c191628
P 0x7f2a7c487240
C 9
R
P 0x7f2a7c191628
C 342
R
P 0x7f2a7c191628
U 2
P 0x7f2a7c19bba8
P 0x7f2a7c487240
p 2
C 66
= 0x7f2a7c487278
R
P 0x7f2a7c191628
C 342
R
P 0x7f2a7c191628
P 0x7f2a7c487278
C 257
R
P 0x7f2a7c191628
C 342
R
P 0x7f2a7c191628
P 0x7f2a7c487278
C 254
= 0x7f2a7c19b1e8
R
P 0x7f2a7c191628
C 342
R
P 0x7f2a7c191628
P 0x7f2a7c19b1e8
C 209
R
P 0x7f2a7c191628
C 342
R
P 0x7f2a7c191628
P 0x7f2a7c487278
C 260
R
P 0x7f2a7c191628
C 342
R
P 0x7f2a7c191628
P 0x7f2a7c487278
C 259
R
P 0x7f2a7c191628
C 342
R
P 0x7f2a7c191628
P 0x7f2a7c487278
C 258
R
P 0x7f2a7c191628
C 342
R
P 0x7f2a7c191628
P 0x7f2a7c487278
C 9
R
P 0x7f2a7c191628
C 342
R
P 0x7f2a7c191628
U 2
P 0x7f2a7c19bc28
P 0x7f2a7c487278
p 2
C 65
= 0x7f2a7c4872b0
R
P 0x7f2a7c191628
C 342
R
P 0x7f2a7c191628
P 0x7f2a7c4872b0
C 257
R
P 0x7f2a7c191628
C 342
R
P 0x7f2a7c191628
P 0x7f2a7c4872b0
C 254
= 0x7f2a7c19b1e8
R
P 0x7f2a7c191628
C 342
R
P 0x7f2a7c191628
P 0x7f2a7c19b1e8
C 209
R
P 0x7f2a7c191628
C 342
R
P 0x7f2a7c191628
P 0x7f2a7c4872b0
C 260
R
P 0x7f2a7c191628
C 342
R
P 0x7f2a7c191628
P 0x7f2a7c4872b0
C 259
R
P 0x7f2a7c191628
C 342
R
P 0x7f2a7c191628
P 0x7f2a7c4872b0
C 258
R
P 0x7f2a7c191628
C 342
R
P 0x7f2a7c191628
P 0x7f2a7c4872b0
C 9
R
P 0x7f2a7c191628
C 342
R
P 0x7f2a7c191628
P 0x7f2a7c487208
P 0x7f2a7c4872b0
P 0x7f2a7c19bc28
C 59
= 0x7f2a7c19f988
R
P 0x7f2a7c191628
C 342
R
P 0x7f2a7c191628
P 0x7f2a7c19f988
C 257
R
P 0x7f2a7c191628
C 342
R
P 0x7f2a7c191628
P 0x7f2a7c19f988
C 254
= 0x7f2a7c19b1e8
R
P 0x7f2a7c191628
C 342
R
P 0x7f2a7c191628
P 0x7f2a7c19b1e8
C 209
R
P 0x7f2a7c191628
C 342
R
P 0x7f2a7c191628
P 0x7f2a7c19f988
C 260
R
P 0x7f2a7c191628
C 342
R
P 0x7f2a7c191628
P 0x7f2a7c19f988
C 259
R
P 0x7f2a7c191628
C 342
R
P 0x7f2a7c191628
P 0x7f2a7c19f988
C 258
R
P 0x7f2a7c191628
C 342
R
P 0x7f2a7c191628
P 0x7f2a7c19f988
C 9
R
P 0x7f2a7c191628
C 342
R
P 0x7f2a7c191628
U 2
P 0x7f2a7c19f988
P 0x7f2a7c19bb48
p 2
C 65
= 0x7f2a7c4872e8
R
P 0x7f2a7c191628
C 342
R
P 0x7f2a7c191628
P 0x7f2a7c4872e8
C 257
R
P 0x7f2a7c191628
C 342
R
P 0x7f2a7c191628
P 0x7f2a7c4872e8
C 254
= 0x7f2a7c19b1e8
R
P 0x7f2a7c191628
C 342
R
P 0x7f2a7c191628
P 0x7f2a7c19b1e8
C 209
R
P 0x7f2a7c191628
C 342
R
P 0x7f2a7c191628
P 0x7f2a7c4872e8
C 260
R
P 0x7f2a7c191628
C 342
R
P 0x7f2a7c191628
P 0x7f2a7c4872e8
C 259
R
P 0x7f2a7c191628
C 342
R
P 0x7f2a7c191628
P 0x7f2a7c4872e8
C 258
R
P 0x7f2a7c191628
C 342
R
P 0x7f2a7c191628
P 0x7f2a7c4872e8
C 9
R
P 0x7f2a7c191628
C 342
R
P 0x7f2a7c191628
P 0x7f2a7c19bc68
C 333
R
P 0x7f2a7c191628
C 342
R
P 0x7f2a7c191628
S "slotflowPriorityStart"
C 30
R
P 0x7f2a7c191628
C 342
R
P 0x7f2a7c191628
$ |slotflowPriorityStart|
C 202
R
P 0x7f2a7c191628
C 342
R
P 0x7f2a7c191628
$ |slotflowPriorityStart|
P 0x7f2a7c19b1e8
C 51
= 0x7f2a7c19c2a8
R
P 0x7f2a7c191628
C 342
R
P 0x7f2a7c191628
P 0x7f2a7c19c2a8
C 257
R
P 0x7f2a7c191628
C 342
R
P 0x7f2a7c191628
P 0x7f2a7c19c2a8
C 254
= 0x7f2a7c19b1e8
R
P 0x7f2a7c191628
C 342
R
P 0x7f2a7c191628
P 0x7f2a7c19b1e8
C 209
R
P 0x7f2a7c191628
C 342
R
P 0x7f2a7c191628
P 0x7f2a7c19c2a8
C 260
R
P 0x7f2a7c191628
C 342
R
P 0x7f2a7c191628
P 0x7f2a7c19c2a8
C 259
R
P 0x7f2a7c191628
C 342
R
P 0x7f2a7c191628
P 0x7f2a7c19c2a8
C 258
R
P 0x7f2a7c191628
C 342
R
P 0x7f2a7c191628
P 0x7f2a7c19c2a8
C 9
R
P 0x7f2a7c191628
C 342
R
P 0x7f2a7c191628
P 0x7f2a7c19bc68
C 333
R
P 0x7f2a7c191628
C 342
R
P 0x7f2a7c191628
S "slotflowPriorityDuration"
C 30
R
P 0x7f2a7c191628
C 342
R
P 0x7f2a7c191628
$ |slotflowPriorityDuration|
C 202
R
P 0x7f2a7c191628
C 342
R
P 0x7f2a7c191628
$ |slotflowPriorityDuration|
P 0x7f2a7c19b1e8
C 51
= 0x7f2a7c19c268
R
P 0x7f2a7c191628
C 342
R
P 0x7f2a7c191628
P 0x7f2a7c19c268
C 257
R
P 0x7f2a7c191628
C 342
R
P 0x7f2a7c191628
P 0x7f2a7c19c268
C 254
= 0x7f2a7c19b1e8
R
P 0x7f2a7c191628
C 342
R
P 0x7f2a7c191628
P 0x7f2a7c19b1e8
C 209
R
P 0x7f2a7c191628
C 342
R
P 0x7f2a7c191628
P 0x7f2a7c19c268
C 260
R
P 0x7f2a7c191628
C 342
R
P 0x7f2a7c191628
P 0x7f2a7c19c268
C 259
R
P 0x7f2a7c191628
C 342
R
P 0x7f2a7c191628
P 0x7f2a7c19c268
C 258
R
P 0x7f2a7c191628
C 342
R
P 0x7f2a7c191628
P 0x7f2a7c19c268
C 9
R
P 0x7f2a7c191628
C 342
R
P 0x7f2a7c191628
U 2
P 0x7f2a7c19c2a8
P 0x7f2a7c19c268
p 2
C 65
= 0x7f2a7c487908
R
P 0x7f2a7c191628
C 342
R
P 0x7f2a7c191628
P 0x7f2a7c487908
C 257
R
P 0x7f2a7c191628
C 342
R
P 0x7f2a7c191628
P 0x7f2a7c487908
C 254
= 0x7f2a7c19b1e8
R
P 0x7f2a7c191628
C 342
R
P 0x7f2a7c191628
P 0x7f2a7c19b1e8
C 209
R
P 0x7f2a7c191628
C 342
R
P 0x7f2a7c191628
P 0x7f2a7c487908
C 260
R
P 0x7f2a7c191628
C 342
R
P 0x7f2a7c191628
P 0x7f2a7c487908
C 259
R
P 0x7f2a7c191628
C 342
R
P 0x7f2a7c191628
P 0x7f2a7c487908
C 258
R
P 0x7f2a7c191628
C 342
R
P 0x7f2a7c191628
P 0x7f2a7c487908
C 9
R
P 0x7f2a7c191628
C 342
R
P 0x7f2a7c191628
I 1
P 0x7f2a7c19b208
C 150
= 0x7f2a7c19bc88
R
P 0x7f2a7c191628
C 342
R
P 0x7f2a7c191628
P 0x7f2a7c19bc88
C 258
R
P 0x7f2a7c191628
C 342
R
P 0x7f2a7c191628
P 0x7f2a7c19bc88
C 9
R
P 0x7f2a7c191628
C 342
R
P 0x7f2a7c191628
I 1
P 0x7f2a7c19b208
C 150
= 0x7f2a7c19bc88
R
P 0x7f2a7c191628
C 342
R
P 0x7f2a7c191628
P 0x7f2a7c19bc88
C 258
R
P 0x7f2a7c191628
C 342
R
P 0x7f2a7c191628
P 0x7f2a7c19bc88
C 9
R
P 0x7f2a7c191628
C 342
R
P 0x7f2a7c191628
P 0x7f2a7c19bc88
P 0x7f2a7c19bc88
C 75
= 0x7f2a7c1a1778
R
P 0x7f2a7c191628
C 342
R
P 0x7f2a7c191628
P 0x7f2a7c1a1778
C 258
R
P 0x7f2a7c191628
C 342
R
P 0x7f2a7c191628
P 0x7f2a7c1a1778
C 9
R
P 0x7f2a7c191628
C 342
R
P 0x7f2a7c191628
I 1
P 0x7f2a7c19b208
C 150
= 0x7f2a7c19bc88
R
P 0x7f2a7c191628
C 342
R
P 0x7f2a7c191628
P 0x7f2a7c19bc88
C 258
R
P 0x7f2a7c191628
C 342
R
P 0x7f2a7c191628
P 0x7f2a7c19bc88
C 9
R
P 0x7f2a7c191628
C 342
R
P 0x7f2a7c191628
U 2
P 0x7f2a7c19bc88
P 0x7f2a7c19bc88
p 2
C 67
= 0x7f2a7c1a17b0
R
P 0x7f2a7c191628
C 342
R
P 0x7f2a7c191628
P 0x7f2a7c1a17b0
C 257
R
P 0x7f2a7c191628
C 342
R
P 0x7f2a7c191628
P 0x7f2a7c1a17b0
C 254
= 0x7f2a7c19b208
R
P 0x7f2a7c191628
C 342
R
P 0x7f2a7c191628
P 0x7f2a7c19b208
C 209
R
P 0x7f2a7c191628
C 342
R
P 0x7f2a7c191628
P 0x7f2a7c1a17b0
C 260
R
P 0x7f2a7c191628
C 342
R
P 0x7f2a7c191628
P 0x7f2a7c1a17b0
C 259
R
P 0x7f2a7c191628
C 342
R
P 0x7f2a7c191628
P 0x7f2a7c1a17b0
C 258
R
P 0x7f2a7c191628
C 342
R
P 0x7f2a7c191628
P 0x7f2a7c1a17b0
C 9
R
P 0x7f2a7c191628
C 342
R
P 0x7f2a7c191628
U 2
P 0x7f2a7c19bbe8
P 0x7f2a7c1a17b0
p 2
C 66
= 0x7f2a7c487b70
R
P 0x7f2a7c191628
C 342
R
P 0x7f2a7c191628
P 0x7f2a7c487b70
C 257
R
P 0x7f2a7c191628
C 342
R
P 0x7f2a7c191628
P 0x7f2a7c487b70
C 254
= 0x7f2a7c19b208
R
P 0x7f2a7c191628
C 342
R
P 0x7f2a7c191628
P 0x7f2a7c19b208
C 209
R
P 0x7f2a7c191628
C 342
R
P 0x7f2a7c191628
P 0x7f2a7c487b70
C 260
R
P 0x7f2a7c191628
C 342
R
P 0x7f2a7c191628
P 0x7f2a7c487b70
C 259
R
P 0x7f2a7c191628
C 342
R
P 0x7f2a7c191628
P 0x7f2a7c487b70
C 258
R
P 0x7f2a7c191628
C 342
R
P 0x7f2a7c191628
P 0x7f2a7c487b70
C 9
R
P 0x7f2a7c191628
C 342
R
P 0x7f2a7c191628
U 2
P 0x7f2a7c19bb88
P 0x7f2a7c487b70
p 2
C 65
= 0x7f2a7c487ba8
R
P 0x7f2a7c191628
C 342
R
P 0x7f2a7c191628
P 0x7f2a7c487ba8
C 257
R
P 0x7f2a7c191628
C 342
R
P 0x7f2a7c191628
P 0x7f2a7c487ba8
C 254
= 0x7f2a7c19b1e8
R
P 0x7f2a7c191628
C 342
R
P 0x7f2a7c191628
P 0x7f2a7c19b1e8
C 209
R
P 0x7f2a7c191628
C 342
R
P 0x7f2a7c191628
P 0x7f2a7c487ba8
C 260
R
P 0x7f2a7c191628
C 342
R
P 0x7f2a7c191628
P 0x7f2a7c487ba8
C 259
R
P 0x7f2a7c191628
C 342
R
P 0x7f2a7c191628
P 0x7f2a7c487ba8
C 258
R
P 0x7f2a7c191628
C 342
R
P 0x7f2a7c191628
P 0x7f2a7c487ba8
C 9
R
P 0x7f2a7c191628
C 342
R
P 0x7f2a7c191628
P 0x7f2a7c1a1778
P 0x7f2a7c487ba8
P 0x7f2a7c19bb88
C 59
= 0x7f2a7c19fa48
R
P 0x7f2a7c191628
C 342
R
P 0x7f2a7c191628
P 0x7f2a7c19fa48
C 257
R
P 0x7f2a7c191628
C 342
R
P 0x7f2a7c191628
P 0x7f2a7c19fa48
C 254
= 0x7f2a7c19b1e8
R
P 0x7f2a7c191628
C 342
R
P 0x7f2a7c191628
P 0x7f2a7c19b1e8
C 209
R
P 0x7f2a7c191628
C 342
R
P 0x7f2a7c191628
P 0x7f2a7c19fa48
C 260
R
P 0x7f2a7c191628
C 342
R
P 0x7f2a7c191628
P 0x7f2a7c19fa48
C 259
R
P 0x7f2a7c191628
C 342
R
P 0x7f2a7c191628
P 0x7f2a7c19fa48
C 258
R
P 0x7f2a7c191628
C 342
R
P 0x7f2a7c191628
P 0x7f2a7c19fa48
C 9
R
P 0x7f2a7c191628
C 342
R
P 0x7f2a7c191628
U 2
P 0x7f2a7c487908
P 0x7f2a7c19fa48
p 2
C 65
= 0x7f2a7c487be0
R
P 0x7f2a7c191628
C 342
R
P 0x7f2a7c191628
P 0x7f2a7c487be0
C 257
R
P 0x7f2a7c191628
C 342
R
P 0x7f2a7c191628
P 0x7f2a7c487be0
C 254
= 0x7f2a7c19b1e8
R
P 0x7f2a7c191628
C 342
R
P 0x7f2a7c191628
P 0x7f2a7c19b1e8
C 209
R
P 0x7f2a7c191628
C 342
R
P 0x7f2a7c191628
P 0x7f2a7c487be0
C 260
R
P 0x7f2a7c191628
C 342
R
P 0x7f2a7c191628
P 0x7f2a7c487be0
C 259
R
P 0x7f2a7c191628
C 342
R
P 0x7f2a7c191628
P 0x7f2a7c487be0
C 258
R
P 0x7f2a7c191628
C 342
R
P 0x7f2a7c191628
P 0x7f2a7c487be0
C 9
R
P 0x7f2a7c191628
C 342
R
P 0x7f2a7c191628
U 2
P 0x7f2a7c487be0
P 0x7f2a7c19bb68
p 2
C 67
= 0x7f2a7c487c18
R
P 0x7f2a7c191628
C 342
R
P 0x7f2a7c191628
P 0x7f2a7c487c18
C 257
R
P 0x7f2a7c191628
C 342
R
P 0x7f2a7c191628
P 0x7f2a7c487c18
C 254
= 0x7f2a7c19b1e8
R
P 0x7f2a7c191628
C 342
R
P 0x7f2a7c191628
P 0x7f2a7c19b1e8
C 209
R
P 0x7f2a7c191628
C 342
R
P 0x7f2a7c191628
P 0x7f2a7c487c18
C 260
R
P 0x7f2a7c191628
C 342
R
P 0x7f2a7c191628
P 0x7f2a7c487c18
C 259
R
P 0x7f2a7c191628
C 342
R
P 0x7f2a7c191628
P 0x7f2a7c487c18
C 258
R
P 0x7f2a7c191628
C 342
R
P 0x7f2a7c191628
P 0x7f2a7c487c18
C 9
R
P 0x7f2a7c191628
C 342
R
P 0x7f2a7c191628
P 0x7f2a7c4872e8
P 0x7f2a7c487c18
C 74
= 0x7f2a7c488df0
R
P 0x7f2a7c191628
C 342
R
P 0x7f2a7c191628
P 0x7f2a7c488df0
C 258
R
P 0x7f2a7c191628
C 342
R
P 0x7f2a7c191628
P 0x7f2a7c488df0
C 9
R
P 0x7f2a7c191628
C 342
R
P 0x7f2a7c191628
I 3
P 0x7f2a7c19b208
C 150
= 0x7f2a7c19bfc8
R
P 0x7f2a7c191628
C 342
R
P 0x7f2a7c191628
P 0x7f2a7c19bfc8
C 258
R
P 0x7f2a7c191628
C 342
R
P 0x7f2a7c191628
P 0x7f2a7c19bfc8
C 9
R
P 0x7f2a7c191628
C 342
R
P 0x7f2a7c191628
I 1
P 0x7f2a7c19b208
C 150
= 0x7f2a7c19bc88
R
P 0x7f2a7c191628
C 342
R
P 0x7f2a7c191628
P 0x7f2a7c19bc88
C 258
R
P 0x7f2a7c191628
C 342
R
P 0x7f2a7c191628
P 0x7f2a7c19bc88
C 9
R
P 0x7f2a7c191628
C 342
R
P 0x7f2a7c191628
P 0x7f2a7c19bfc8
P 0x7f2a7c19bc88
C 75
= 0x7f2a7c487208
R
P 0x7f2a7c191628
C 342
R
P 0x7f2a7c191628
P 0x7f2a7c487208
C 258
R
P 0x7f2a7c191628
C 342
R
P 0x7f2a7c191628
P 0x7f2a7c487208
C 9
R
P 0x7f2a7c191628
C 342
R
P 0x7f2a7c191628
I 1
P 0x7f2a7c19b208
C 150
= 0x7f2a7c19bc88
R
P 0x7f2a7c191628
C 342
R
P 0x7f2a7c191628
P 0x7f2a7c19bc88
C 258
R
P 0x7f2a7c191628
C 342
R
P 0x7f2a7c191628
P 0x7f2a7c19bc88
C 9
R
P 0x7f2a7c191628
C 342
R
P 0x7f2a7c191628
U 2
P 0x7f2a7c19bfc8
P 0x7f2a7c19bc88
p 2
C 67
= 0x7f2a7c487240
R
P 0x7f2a7c191628
C 342
R
P 0x7f2a7c191628
P 0x7f2a7c487240
C 257
R
P 0x7f2a7c191628
C 342
R
P 0x7f2a7c191628
P 0x7f2a7c487240
C 254
= 0x7f2a7c19b208
R
P 0x7f2a7c191628
C 342
R
P 0x7f2a7c191628
P 0x7f2a7c19b208
C 209
R
P 0x7f2a7c191628
C 342
R
P 0x7f2a7c191628
P 0x7f2a7c487240
C 260
R
P 0x7f2a7c191628
C 342
R
P 0x7f2a7c191628
P 0x7f2a7c487240
C 259
R
P 0x7f2a7c191628
C 342
R
P 0x7f2a7c191628
P 0x7f2a7c487240
C 258
R
P 0x7f2a7c191628
C 342
R
P 0x7f2a7c191628
P 0x7f2a7c487240
C 9
R
P 0x7f2a7c191628
C 342
R
P 0x7f2a7c191628
U 2
P 0x7f2a7c19bba8
P 0x7f2a7c487240
p 2
C 66
= 0x7f2a7c487278
R
P 0x7f2a7c191628
C 342
R
P 0x7f2a7c191628
P 0x7f2a7c487278
C 257
R
P 0x7f2a7c191628
C 342
R
P 0x7f2a7c191628
P 0x7f2a7c487278
C 254
= 0x7f2a7c19b1e8
R
P 0x7f2a7c191628
C 342
R
P 0x7f2a7c191628
P 0x7f2a7c19b1e8
C 209
R
P 0x7f2a7c191628
C 342
R
P 0x7f2a7c191628
P 0x7f2a7c487278
C 260
R
P 0x7f2a7c191628
C 342
R
P 0x7f2a7c191628
P 0x7f2a7c487278
C 259
R
P 0x7f2a7c191628
C 342
R
P 0x7f2a7c191628
P 0x7f2a7c487278
C 258
R
P 0x7f2a7c191628
C 342
R
P 0x7f2a7c191628
P 0x7f2a7c487278
C 9
R
P 0x7f2a7c191628
C 342
R
P 0x7f2a7c191628
U 2
P 0x7f2a7c19bc28
P 0x7f2a7c487278
p 2
C 65
= 0x7f2a7c4872b0
R
P 0x7f2a7c191628
C 342
R
P 0x7f2a7c191628
P 0x7f2a7c4872b0
C 257
R
P 0x7f2a7c191628
C 342
R
P 0x7f2a7c191628
P 0x7f2a7c4872b0
C 254
= 0x7f2a7c19b1e8
R
P 0x7f2a7c191628
C 342
R
P 0x7f2a7c191628
P 0x7f2a7c19b1e8
C 209
R
P 0x7f2a7c191628
C 342
R
P 0x7f2a7c191628
P 0x7f2a7c4872b0
C 260
R
P 0x7f2a7c191628
C 342
R
P 0x7f2a7c191628
P 0x7f2a7c4872b0
C 259
R
P 0x7f2a7c191628
C 342
R
P 0x7f2a7c191628
P 0x7f2a7c4872b0
C 258
R
P 0x7f2a7c191628
C 342
R
P 0x7f2a7c191628
P 0x7f2a7c4872b0
C 9
R
P 0x7f2a7c191628
C 342
R
P 0x7f2a7c191628
P 0x7f2a7c487208
P 0x7f2a7c4872b0
P 0x7f2a7c19bc28
C 59
= 0x7f2a7c19f988
R
P 0x7f2a7c191628
C 342
R
P 0x7f2a7c191628
P 0x7f2a7c19f988
C 257
R
P 0x7f2a7c191628
C 342
R
P 0x7f2a7c191628
P 0x7f2a7c19f988
C 254
= 0x7f2a7c19b1e8
R
P 0x7f2a7c191628
C 342
R
P 0x7f2a7c191628
P 0x7f2a7c19b1e8
C 209
R
P 0x7f2a7c191628
C 342
R
P 0x7f2a7c191628
P 0x7f2a7c19f988
C 260
R
P 0x7f2a7c191628
C 342
R
P 0x7f2a7c191628
P 0x7f2a7c19f988
C 259
R
P 0x7f2a7c191628
C 342
R
P 0x7f2a7c191628
P 0x7f2a7c19f988
C 258
R
P 0x7f2a7c191628
C 342
R
P 0x7f2a7c191628
P 0x7f2a7c19f988
C 9
R
P 0x7f2a7c191628
C 342
R
P 0x7f2a7c191628
U 2
P 0x7f2a7c19f988
P 0x7f2a7c19bb48
p 2
C 65
= 0x7f2a7c4872e8
R
P 0x7f2a7c191628
C 342
R
P 0x7f2a7c191628
P 0x7f2a7c4872e8
C 257
R
P 0x7f2a7c191628
C 342
R
P 0x7f2a7c191628
P 0x7f2a7c4872e8
C 254
= 0x7f2a7c19b1e8
R
P 0x7f2a7c191628
C 342
R
P 0x7f2a7c191628
P 0x7f2a7c19b1e8
C 209
R
P 0x7f2a7c191628
C 342
R
P 0x7f2a7c191628
P 0x7f2a7c4872e8
C 260
R
P 0x7f2a7c191628
C 342
R
P 0x7f2a7c191628
P 0x7f2a7c4872e8
C 259
R
P 0x7f2a7c191628
C 342
R
P 0x7f2a7c191628
P 0x7f2a7c4872e8
C 258
R
P 0x7f2a7c191628
C 342
R
P 0x7f2a7c191628
P 0x7f2a7c4872e8
C 9
R
P 0x7f2a7c191628
C 342
R
P 0x7f2a7c191628
P 0x7f2a7c19bc68
C 333
R
P 0x7f2a7c191628
C 342
R
P 0x7f2a7c191628
S "slotflowPriorityStart"
C 30
R
P 0x7f2a7c191628
C 342
R
P 0x7f2a7c191628
$ |slotflowPriorityStart|
C 202
R
P 0x7f2a7c191628
C 342
R
P 0x7f2a7c191628
$ |slotflowPriorityStart|
P 0x7f2a7c19b1e8
C 51
= 0x7f2a7c19c2a8
R
P 0x7f2a7c191628
C 342
R
P 0x7f2a7c191628
P 0x7f2a7c19c2a8
C 257
R
P 0x7f2a7c191628
C 342
R
P 0x7f2a7c191628
P 0x7f2a7c19c2a8
C 254
= 0x7f2a7c19b1e8
R
P 0x7f2a7c191628
C 342
R
P 0x7f2a7c191628
P 0x7f2a7c19b1e8
C 209
R
P 0x7f2a7c191628
C 342
R
P 0x7f2a7c191628
P 0x7f2a7c19c2a8
C 260
R
P 0x7f2a7c191628
C 342
R
P 0x7f2a7c191628
P 0x7f2a7c19c2a8
C 259
R
P 0x7f2a7c191628
C 342
R
P 0x7f2a7c191628
P 0x7f2a7c19c2a8
C 258
R
P 0x7f2a7c191628
C 342
R
P 0x7f2a7c191628
P 0x7f2a7c19c2a8
C 9
R
P 0x7f2a7c191628
C 342
R
P 0x7f2a7c191628
I 1
P 0x7f2a7c19b208
C 150
= 0x7f2a7c19bc88
R
P 0x7f2a7c191628
C 342
R
P 0x7f2a7c191628
P 0x7f2a7c19bc88
C 258
R
P 0x7f2a7c191628
C 342
R
P 0x7f2a7c191628
P 0x7f2a7c19bc88
C 9
R
P 0x7f2a7c191628
C 342
R
P 0x7f2a7c191628
I 1
P 0x7f2a7c19b208
C 150
= 0x7f2a7c19bc88
R
P 0x7f2a7c191628
C 342
R
P 0x7f2a7c191628
P 0x7f2a7c19bc88
C 258
R
P 0x7f2a7c191628
C 342
R
P 0x7f2a7c191628
P 0x7f2a7c19bc88
C 9
R
P 0x7f2a7c191628
C 342
R
P 0x7f2a7c191628
P 0x7f2a7c19bc88
P 0x7f2a7c19bc88
C 75
= 0x7f2a7c1a1778
R
P 0x7f2a7c191628
C 342
R
P 0x7f2a7c191628
P 0x7f2a7c1a1778
C 258
R
P 0x7f2a7c191628
C 342
R
P 0x7f2a7c191628
P 0x7f2a7c1a1778
C 9
R
P 0x7f2a7c191628
C 342
R
P 0x7f2a7c191628
I 1
P 0x7f2a7c19b208
C 150
= 0x7f2a7c19bc88
R
P 0x7f2a7c191628
C 342
R
P 0x7f2a7c191628
P 0x7f2a7c19bc88
C 258
R
P 0x7f2a7c191628
C 342
R
P 0x7f2a7c191628
P 0x7f2a7c19bc88
C 9
R
P 0x7f2a7c191628
C 342
R
P 0x7f2a7c191628
U 2
P 0x7f2a7c19bc88
P 0x7f2a7c19bc88
p 2
C 67
= 0x7f2a7c1a17b0
R
P 0x7f2a7c191628
C 342
R
P 0x7f2a7c191628
P 0x7f2a7c1a17b0
C 257
R
P 0x7f2a7c191628
C 342
R
P 0x7f2a7c191628
P 0x7f2a7c1a17b0
C 254
= 0x7f2a7c19b208
R
P 0x7f2a7c191628
C 342
R
P 0x7f2a7c191628
P 0x7f2a7c19b208
C 209
R
P 0x7f2a7c191628
C 342
R
P 0x7f2a7c191628
P 0x7f2a7c1a17b0
C 260
R
P 0x7f2a7c191628
C 342
R
P 0x7f2a7c191628
P 0x7f2a7c1a17b0
C 259
R
P 0x7f2a7c191628
C 342
R
P 0x7f2a7c191628
P 0x7f2a7c1a17b0
C 258
R
P 0x7f2a7c191628
C 342
R
P 0x7f2a7c191628
P 0x7f2a7c1a17b0
C 9
R
P 0x7f2a7c191628
C 342
R
P 0x7f2a7c191628
U 2
P 0x7f2a7c19bbe8
P 0x7f2a7c1a17b0
p 2
C 66
= 0x7f2a7c487b70
R
P 0x7f2a7c191628
C 342
R
P 0x7f2a7c191628
P 0x7f2a7c487b70
C 257
R
P 0x7f2a7c191628
C 342
R
P 0x7f2a7c191628
P 0x7f2a7c487b70
C 254
= 0x7f2a7c19b208
R
P 0x7f2a7c191628
C 342
R
P 0x7f2a7c191628
P 0x7f2a7c19b208
C 209
R
P 0x7f2a7c191628
C 342
R
P 0x7f2a7c191628
P 0x7f2a7c487b70
C 260
R
P 0x7f2a7c191628
C 342
R
P 0x7f2a7c191628
P 0x7f2a7c487b70
C 259
R
P 0x7f2a7c191628
C 342
R
P 0x7f2a7c191628
P 0x7f2a7c487b70
C 258
R
P 0x7f2a7c191628
C 342
R
P 0x7f2a7c191628
P 0x7f2a7c487b70
C 9
R
P 0x7f2a7c191628
C 342
R
P 0x7f2a7c191628
U 2
P 0x7f2a7c19bb88
P 0x7f2a7c487b70
p 2
C 65
= 0x7f2a7c487ba8
R
P 0x7f2a7c191628
C 342
R
P 0x7f2a7c191628
P 0x7f2a7c487ba8
C 257
R
P 0x7f2a7c191628
C 342
R
P 0x7f2a7c191628
P 0x7f2a7c487ba8
C 254
= 0x7f2a7c19b1e8
R
P 0x7f2a7c191628
C 342
R
P 0x7f2a7c191628
P 0x7f2a7c19b1e8
C 209
R
P 0x7f2a7c191628
C 342
R
P 0x7f2a7c191628
P 0x7f2a7c487ba8
C 260
R
P 0x7f2a7c191628
C 342
R
P 0x7f2a7c191628
P 0x7f2a7c487ba8
C 259
R
P 0x7f2a7c191628
C 342
R
P 0x7f2a7c191628
P 0x7f2a7c487ba8
C 258
R
P 0x7f2a7c191628
C 342
R
P 0x7f2a7c191628
P 0x7f2a7c487ba8
C 9
R
P 0x7f2a7c191628
C 342
R
P 0x7f2a7c191628
P 0x7f2a7c1a1778
P 0x7f2a7c487ba8
P 0x7f2a7c19bb88
C 59
= 0x7f2a7c19fa48
R
P 0x7f2a7c191628
C 342
R
P 0x7f2a7c191628
P 0x7f2a7c19fa48
C 257
R
P 0x7f2a7c191628
C 342
R
P 0x7f2a7c191628
P 0x7f2a7c19fa48
C 254
= 0x7f2a7c19b1e8
R
P 0x7f2a7c191628
C 342
R
P 0x7f2a7c191628
P 0x7f2a7c19b1e8
C 209
R
P 0x7f2a7c191628
C 342
R
P 0x7f2a7c191628
P 0x7f2a7c19fa48
C 260
R
P 0x7f2a7c191628
C 342
R
P 0x7f2a7c191628
P 0x7f2a7c19fa48
C 259
R
P 0x7f2a7c191628
C 342
R
P 0x7f2a7c191628
P 0x7f2a7c19fa48
C 258
R
P 0x7f2a7c191628
C 342
R
P 0x7f2a7c191628
P 0x7f2a7c19fa48
C 9
R
P 0x7f2a7c191628
C 342
R
P 0x7f2a7c191628
U 2
P 0x7f2a7c19c2a8
P 0x7f2a7c19fa48
p 2
C 65
= 0x7f2a7c487c88
R
P 0x7f2a7c191628
C 342
R
P 0x7f2a7c191628
P 0x7f2a7c487c88
C 257
R
P 0x7f2a7c191628
C 342
R
P 0x7f2a7c191628
P 0x7f2a7c487c88
C 254
= 0x7f2a7c19b1e8
R
P 0x7f2a7c191628
C 342
R
P 0x7f2a7c191628
P 0x7f2a7c19b1e8
C 209
R
P 0x7f2a7c191628
C 342
R
P 0x7f2a7c191628
P 0x7f2a7c487c88
C 260
R
P 0x7f2a7c191628
C 342
R
P 0x7f2a7c191628
P 0x7f2a7c487c88
C 259
R
P 0x7f2a7c191628
C 342
R
P 0x7f2a7c191628
P 0x7f2a7c487c88
C 258
R
P 0x7f2a7c191628
C 342
R
P 0x7f2a7c191628
P 0x7f2a7c487c88
C 9
R
P 0x7f2a7c191628
C 342
R
P 0x7f2a7c191628
P 0x7f2a7c4872e8
P 0x7f2a7c487c88
C 76
= 0x7f2a7c488e28
R
P 0x7f2a7c191628
C 342
R
P 0x7f2a7c191628
P 0x7f2a7c488e28
C 258
R
P 0x7f2a7c191628
C 342
R
P 0x7f2a7c191628
P 0x7f2a7c488e28
C 9
R
P 0x7f2a7c191628
C 342
R
P 0x7f2a7c191628
U 2
P 0x7f2a7c488df0
P 0x7f2a7c488e28
p 2
C 63
= 0x7f2a7c488e60
R
P 0x7f2a7c191628
C 342
R
P 0x7f2a7c191628
P 0x7f2a7c488e60
C 258
R
P 0x7f2a7c191628
C 342
R
P 0x7f2a7c191628
P 0x7f2a7c488e60
C 9
R
P 0x7f2a7c191628
C 342
R
P 0x7f2a7c191628
I 3
P 0x7f2a7c19b208
C 150
= 0x7f2a7c19bfc8
R
P 0x7f2a7c191628
C 342
R
P 0x7f2a7c191628
P 0x7f2a7c19bfc8
C 258
R
P 0x7f2a7c191628
C 342
R
P 0x7f2a7c191628
P 0x7f2a7c19bfc8
C 9
R
P 0x7f2a7c191628
C 342
R
P 0x7f2a7c191628
P 0x7f2a7c19bfc8
C 263
R
P 0x7f2a7c191628
C 342
R
P 0x7f2a7c191628
S "dev0T33"
C 30
R
P 0x7f2a7c191628
C 342
R
P 0x7f2a7c191628
$ |dev0T33|
C 202
R
P 0x7f2a7c191628
C 342
R
P 0x7f2a7c191628
$ |dev0T33|
P 0x7f2a7c19b1e8
C 51
= 0x7f2a7c19c228
R
P 0x7f2a7c191628
C 342
R
P 0x7f2a7c191628
P 0x7f2a7c19c228
C 257
R
P 0x7f2a7c191628
C 342
R
P 0x7f2a7c191628
P 0x7f2a7c19c228
C 254
= 0x7f2a7c19b1e8
R
P 0x7f2a7c191628
C 342
R
P 0x7f2a7c191628
P 0x7f2a7c19b1e8
C 209
R
P 0x7f2a7c191628
C 342
R
P 0x7f2a7c191628
P 0x7f2a7c19c228
C 260
R
P 0x7f2a7c191628
C 342
R
P 0x7f2a7c191628
P 0x7f2a7c19c228
C 259
R
P 0x7f2a7c191628
C 342
R
P 0x7f2a7c191628
P 0x7f2a7c19c228
C 258
R
P 0x7f2a7c191628
C 342
R
P 0x7f2a7c191628
P 0x7f2a7c19c228
C 9
R
P 0x7f2a7c191628
C 342
R
P 0x7f2a7c191628
I 3
P 0x7f2a7c19b208
C 150
= 0x7f2a7c19bfc8
R
P 0x7f2a7c191628
C 342
R
P 0x7f2a7c191628
P 0x7f2a7c19bfc8
C 258
R
P 0x7f2a7c191628
C 342
R
P 0x7f2a7c191628
P 0x7f2a7c19bfc8
C 9
R
P 0x7f2a7c191628
C 342
R
P 0x7f2a7c191628
I 1
P 0x7f2a7c19b208
C 150
= 0x7f2a7c19bc88
R
P 0x7f2a7c191628
C 342
R
P 0x7f2a7c191628
P 0x7f2a7c19bc88
C 258
R
P 0x7f2a7c191628
C 342
R
P 0x7f2a7c191628
P 0x7f2a7c19bc88
C 9
R
P 0x7f2a7c191628
C 342
R
P 0x7f2a7c191628
P 0x7f2a7c19bfc8
P 0x7f2a7c19bc88
C 75
= 0x7f2a7c487208
R
P 0x7f2a7c191628
C 342
R
P 0x7f2a7c191628
P 0x7f2a7c487208
C 258
R
P 0x7f2a7c191628
C 342
R
P 0x7f2a7c191628
P 0x7f2a7c487208
C 9
R
P 0x7f2a7c191628
C 342
R
P 0x7f2a7c191628
I 1
P 0x7f2a7c19b208
C 150
= 0x7f2a7c19bc88
R
P 0x7f2a7c191628
C 342
R
P 0x7f2a7c191628
P 0x7f2a7c19bc88
C 258
R
P 0x7f2a7c191628
C 342
R
P 0x7f2a7c191628
P 0x7f2a7c19bc88
C 9
R
P 0x7f2a7c191628
C 342
R
P 0x7f2a7c191628
U 2
P 0x7f2a7c19bfc8
P 0x7f2a7c19bc88
p 2
C 67
= 0x7f2a7c487240
R
P 0x7f2a7c191628
C 342
R
P 0x7f2a7c191628
P 0x7f2a7c487240
C 257
R
P 0x7f2a7c191628
C 342
R
P 0x7f2a7c191628
P 0x7f2a7c487240
C 254
= 0x7f2a7c19b208
R
P 0x7f2a7c191628
C 342
R
P 0x7f2a7c191628
P 0x7f2a7c19b208
C 209
R
P 0x7f2a7c191628
C 342
R
P 0x7f2a7c191628
P 0x7f2a7c487240
C 260
R
P 0x7f2a7c191628
C 342
R
P 0x7f2a7c191628
P 0x7f2a7c487240
C 259
R
P 0x7f2a7c191628
C 342
R
P 0x7f2a7c191628
P 0x7f2a7c487240
C 258
R
P 0x7f2a7c191628
C 342
R
P 0x7f2a7c191628
P 0x7f2a7c487240
C 9
R
P 0x7f2a7c191628
C 342
R
P 0x7f2a7c191628
U 2
P 0x7f2a7c19bba8
P 0x7f2a7c487240
p 2
C 66
= 0x7f2a7c487278
R
P 0x7f2a7c191628
C 342
R
P 0x7f2a7c191628
P 0x7f2a7c487278
C 257
R
P 0x7f2a7c191628
C 342
R
P 0x7f2a7c191628
P 0x7f2a7c487278
C 254
= 0x7f2a7c19b1e8
R
P 0x7f2a7c191628
C 342
R
P 0x7f2a7c191628
P 0x7f2a7c19b1e8
C 209
R
P 0x7f2a7c191628
C 342
R
P 0x7f2a7c191628
P 0x7f2a7c487278
C 260
R
P 0x7f2a7c191628
C 342
R
P 0x7f2a7c191628
P 0x7f2a7c487278
C 259
R
P 0x7f2a7c191628
C 342
R
P 0x7f2a7c191628
P 0x7f2a7c487278
C 258
R
P 0x7f2a7c191628
C 342
R
P 0x7f2a7c191628
P 0x7f2a7c487278
C 9
R
P 0x7f2a7c191628
C 342
R
P 0x7f2a7c191628
U 2
P 0x7f2a7c19bc28
P 0x7f2a7c487278
p 2
C 65
= 0x7f2a7c4872b0
R
P 0x7f2a7c191628
C 342
R
P 0x7f2a7c191628
P 0x7f2a7c4872b0
C 257
R
P 0x7f2a7c191628
C 342
R
P 0x7f2a7c191628
P 0x7f2a7c4872b0
C 254
= 0x7f2a7c19b1e8
R
P 0x7f2a7c191628
C 342
R
P 0x7f2a7c191628
P 0x7f2a7c19b1e8
C 209
R
P 0x7f2a7c191628
C 342
R
P 0x7f2a7c191628
P 0x7f2a7c4872b0
C 260
R
P 0x7f2a7c191628
C 342
R
P 0x7f2a7c191628
P 0x7f2a7c4872b0
C 259
R
P 0x7f2a7c191628
C 342
R
P 0x7f2a7c191628
P 0x7f2a7c4872b0
C 258
R
P 0x7f2a7c191628
C 342
R
P 0x7f2a7c191628
P 0x7f2a7c4872b0
C 9
R
P 0x7f2a7c191628
C 342
R
P 0x7f2a7c191628
P 0x7f2a7c487208
P 0x7f2a7c4872b0
P 0x7f2a7c19bc28
C 59
= 0x7f2a7c19f988
R
P 0x7f2a7c191628
C 342
R
P 0x7f2a7c191628
P 0x7f2a7c19f988
C 257
R
P 0x7f2a7c191628
C 342
R
P 0x7f2a7c191628
P 0x7f2a7c19f988
C 254
= 0x7f2a7c19b1e8
R
P 0x7f2a7c191628
C 342
R
P 0x7f2a7c191628
P 0x7f2a7c19b1e8
C 209
R
P 0x7f2a7c191628
C 342
R
P 0x7f2a7c191628
P 0x7f2a7c19f988
C 260
R
P 0x7f2a7c191628
C 342
R
P 0x7f2a7c191628
P 0x7f2a7c19f988
C 259
R
P 0x7f2a7c191628
C 342
R
P 0x7f2a7c191628
P 0x7f2a7c19f988
C 258
R
P 0x7f2a7c191628
C 342
R
P 0x7f2a7c191628
P 0x7f2a7c19f988
C 9
R
P 0x7f2a7c191628
C 342
R
P 0x7f2a7c191628
U 2
P 0x7f2a7c19f988
P 0x7f2a7c19bb48
p 2
C 65
= 0x7f2a7c4872e8
R
P 0x7f2a7c191628
C 342
R
P 0x7f2a7c191628
P 0x7f2a7c4872e8
C 257
R
P 0x7f2a7c191628
C 342
R
P 0x7f2a7c191628
P 0x7f2a7c4872e8
C 254
= 0x7f2a7c19b1e8
R
P 0x7f2a7c191628
C 342
R
P 0x7f2a7c191628
P 0x7f2a7c19b1e8
C 209
R
P 0x7f2a7c191628
C 342
R
P 0x7f2a7c191628
P 0x7f2a7c4872e8
C 260
R
P 0x7f2a7c191628
C 342
R
P 0x7f2a7c191628
P 0x7f2a7c4872e8
C 259
R
P 0x7f2a7c191628
C 342
R
P 0x7f2a7c191628
P 0x7f2a7c4872e8
C 258
R
P 0x7f2a7c191628
C 342
R
P 0x7f2a7c191628
P 0x7f2a7c4872e8
C 9
R
P 0x7f2a7c191628
C 342
R
P 0x7f2a7c191628
U 2
P 0x7f2a7c4872e8
P 0x7f2a7c19bb68
p 2
C 65
= 0x7f2a7c487320
R
P 0x7f2a7c191628
C 342
R
P 0x7f2a7c191628
P 0x7f2a7c487320
C 257
R
P 0x7f2a7c191628
C 342
R
P 0x7f2a7c191628
P 0x7f2a7c487320
C 254
= 0x7f2a7c19b1e8
R
P 0x7f2a7c191628
C 342
R
P 0x7f2a7c191628
P 0x7f2a7c19b1e8
C 209
R
P 0x7f2a7c191628
C 342
R
P 0x7f2a7c191628
P 0x7f2a7c487320
C 260
R
P 0x7f2a7c191628
C 342
R
P 0x7f2a7c191628
P 0x7f2a7c487320
C 259
R
P 0x7f2a7c191628
C 342
R
P 0x7f2a7c191628
P 0x7f2a7c487320
C 258
R
P 0x7f2a7c191628
C 342
R
P 0x7f2a7c191628
P 0x7f2a7c487320
C 9
R
P 0x7f2a7c191628
C 342
R
P 0x7f2a7c191628
P 0x7f2a7c19c228
P 0x7f2a7c487320
C 56
= 0x7f2a7c488d80
R
P 0x7f2a7c191628
C 342
R
P 0x7f2a7c191628
P 0x7f2a7c488d80
C 258
R
P 0x7f2a7c191628
C 342
R
P 0x7f2a7c191628
P 0x7f2a7c488d80
C 9
R
P 0x7f2a7c191628
C 342
R
P 0x7f2a7c191628
P 0x7f2a7c488e60
P 0x7f2a7c488d80
C 61
= 0x7f2a7c488e98
R
P 0x7f2a7c191628
C 342
R
P 0x7f2a7c191628
P 0x7f2a7c488e98
C 258
R
P 0x7f2a7c191628
C 342
R
P 0x7f2a7c191628
P 0x7f2a7c488e98
C 9
R
P 0x7f2a7c191628
C 342
R
P 0x7f2a7c191628
P 0x7f2a7c1e1fc8
P 0x7f2a7c488e98
C 427
R
P 0x7f2a7c191628
C 342
R
P 0x7f2a7c191628
I 3
P 0x7f2a7c19b208
C 150
= 0x7f2a7c19bfc8
R
P 0x7f2a7c191628
C 342
R
P 0x7f2a7c191628
P 0x7f2a7c19bfc8
C 258
R
P 0x7f2a7c191628
C 342
R
P 0x7f2a7c191628
P 0x7f2a7c19bfc8
C 9
R
P 0x7f2a7c191628
C 342
R
P 0x7f2a7c191628
I 1
P 0x7f2a7c19b208
C 150
= 0x7f2a7c19bc88
R
P 0x7f2a7c191628
C 342
R
P 0x7f2a7c191628
P 0x7f2a7c19bc88
C 258
R
P 0x7f2a7c191628
C 342
R
P 0x7f2a7c191628
P 0x7f2a7c19bc88
C 9
R
P 0x7f2a7c191628
C 342
R
P 0x7f2a7c191628
P 0x7f2a7c19bfc8
P 0x7f2a7c19bc88
C 75
= 0x7f2a7c487208
R
P 0x7f2a7c191628
C 342
R
P 0x7f2a7c191628
P 0x7f2a7c487208
C 258
R
P 0x7f2a7c191628
C 342
R
P 0x7f2a7c191628
P 0x7f2a7c487208
C 9
R
P 0x7f2a7c191628
C 342
R
P 0x7f2a7c191628
I 1
P 0x7f2a7c19b208
C 150
= 0x7f2a7c19bc88
R
P 0x7f2a7c191628
C 342
R
P 0x7f2a7c191628
P 0x7f2a7c19bc88
C 258
R
P 0x7f2a7c191628
C 342
R
P 0x7f2a7c191628
P 0x7f2a7c19bc88
C 9
R
P 0x7f2a7c191628
C 342
R
P 0x7f2a7c191628
U 2
P 0x7f2a7c19bfc8
P 0x7f2a7c19bc88
p 2
C 67
= 0x7f2a7c487240
R
P 0x7f2a7c191628
C 342
R
P 0x7f2a7c191628
P 0x7f2a7c487240
C 257
R
P 0x7f2a7c191628
C 342
R
P 0x7f2a7c191628
P 0x7f2a7c487240
C 254
= 0x7f2a7c19b208
R
P 0x7f2a7c191628
C 342
R
P 0x7f2a7c191628
P 0x7f2a7c19b208
C 209
R
P 0x7f2a7c191628
C 342
R
P 0x7f2a7c191628
P 0x7f2a7c487240
C 260
R
P 0x7f2a7c191628
C 342
R
P 0x7f2a7c191628
P 0x7f2a7c487240
C 259
R
P 0x7f2a7c191628
C 342
R
P 0x7f2a7c191628
P 0x7f2a7c487240
C 258
R
P 0x7f2a7c191628
C 342
R
P 0x7f2a7c191628
P 0x7f2a7c487240
C 9
R
P 0x7f2a7c191628
C 342
R
P 0x7f2a7c191628
U 2
P 0x7f2a7c19bba8
P 0x7f2a7c487240
p 2
C 66
= 0x7f2a7c487278
R
P 0x7f2a7c191628
C 342
R
P 0x7f2a7c191628
P 0x7f2a7c487278
C 257
R
P 0x7f2a7c191628
C 342
R
P 0x7f2a7c191628
P 0x7f2a7c487278
C 254
= 0x7f2a7c19b1e8
R
P 0x7f2a7c191628
C 342
R
P 0x7f2a7c191628
P 0x7f2a7c19b1e8
C 209
R
P 0x7f2a7c191628
C 342
R
P 0x7f2a7c191628
P 0x7f2a7c487278
C 260
R
P 0x7f2a7c191628
C 342
R
P 0x7f2a7c191628
P 0x7f2a7c487278
C 259
R
P 0x7f2a7c191628
C 342
R
P 0x7f2a7c191628
P 0x7f2a7c487278
C 258
R
P 0x7f2a7c191628
C 342
R
P 0x7f2a7c191628
P 0x7f2a7c487278
C 9
R
P 0x7f2a7c191628
C 342
R
P 0x7f2a7c191628
U 2
P 0x7f2a7c19bc28
P 0x7f2a7c487278
p 2
C 65
= 0x7f2a7c4872b0
R
P 0x7f2a7c191628
C 342
R
P 0x7f2a7c191628
P 0x7f2a7c4872b0
C 257
R
P 0x7f2a7c191628
C 342
R
P 0x7f2a7c191628
P 0x7f2a7c4872b0
C 254
= 0x7f2a7c19b1e8
R
P 0x7f2a7c191628
C 342
R
P 0x7f2a7c191628
P 0x7f2a7c19b1e8
C 209
R
P 0x7f2a7c191628
C 342
R
P 0x7f2a7c191628
P 0x7f2a7c4872b0
C 260
R
P 0x7f2a7c191628
C 342
R
P 0x7f2a7c191628
P 0x7f2a7c4872b0
C 259
R
P 0x7f2a7c191628
C 342
R
P 0x7f2a7c191628
P 0x7f2a7c4872b0
C 258
R
P 0x7f2a7c191628
C 342
R
P 0x7f2a7c191628
P 0x7f2a7c4872b0
C 9
R
P 0x7f2a7c191628
C 342
R
P 0x7f2a7c191628
P 0x7f2a7c487208
P 0x7f2a7c4872b0
P 0x7f2a7c19bc28
C 59
= 0x7f2a7c19f988
R
P 0x7f2a7c191628
C 342
R
P 0x7f2a7c191628
P 0x7f2a7c19f988
C 257
R
P 0x7f2a7c191628
C 342
R
P 0x7f2a7c191628
P 0x7f2a7c19f988
C 254
= 0x7f2a7c19b1e8
R
P 0x7f2a7c191628
C 342
R
P 0x7f2a7c191628
P 0x7f2a7c19b1e8
C 209
R
P 0x7f2a7c191628
C 342
R
P 0x7f2a7c191628
P 0x7f2a7c19f988
C 260
R
P 0x7f2a7c191628
C 342
R
P 0x7f2a7c191628
P 0x7f2a7c19f988
C 259
R
P 0x7f2a7c191628
C 342
R
P 0x7f2a7c191628
P 0x7f2a7c19f988
C 258
R
P 0x7f2a7c191628
C 342
R
P 0x7f2a7c191628
P 0x7f2a7c19f988
C 9
R
P 0x7f2a7c191628
C 342
R
P 0x7f2a7c191628
U 2
P 0x7f2a7c19f988
P 0x7f2a7c19bb48
p 2
C 65
= 0x7f2a7c4872e8
R
P 0x7f2a7c191628
C 342
R
P 0x7f2a7c191628
P 0x7f2a7c4872e8
C 257
R
P 0x7f2a7c191628
C 342
R
P 0x7f2a7c191628
P 0x7f2a7c4872e8
C 254
= 0x7f2a7c19b1e8
R
P 0x7f2a7c191628
C 342
R
P 0x7f2a7c191628
P 0x7f2a7c19b1e8
C 209
R
P 0x7f2a7c191628
C 342
R
P 0x7f2a7c191628
P 0x7f2a7c4872e8
C 260
R
P 0x7f2a7c191628
C 342
R
P 0x7f2a7c191628
P 0x7f2a7c4872e8
C 259
R
P 0x7f2a7c191628
C 342
R
P 0x7f2a7c191628
P 0x7f2a7c4872e8
C 258
R
P 0x7f2a7c191628
C 342
R
P 0x7f2a7c191628
P 0x7f2a7c4872e8
C 9
R
P 0x7f2a7c191628
C 342
R
P 0x7f2a7c191628
P 0x7f2a7c19bc68
C 333
R
P 0x7f2a7c191628
C 342
R
P 0x7f2a7c191628
S "slotflowPriorityStart"
C 30
R
P 0x7f2a7c191628
C 342
R
P 0x7f2a7c191628
$ |slotflowPriorityStart|
C 202
R
P 0x7f2a7c191628
C 342
R
P 0x7f2a7c191628
$ |slotflowPriorityStart|
P 0x7f2a7c19b1e8
C 51
= 0x7f2a7c19c2a8
R
P 0x7f2a7c191628
C 342
R
P 0x7f2a7c191628
P 0x7f2a7c19c2a8
C 257
R
P 0x7f2a7c191628
C 342
R
P 0x7f2a7c191628
P 0x7f2a7c19c2a8
C 254
= 0x7f2a7c19b1e8
R
P 0x7f2a7c191628
C 342
R
P 0x7f2a7c191628
P 0x7f2a7c19b1e8
C 209
R
P 0x7f2a7c191628
C 342
R
P 0x7f2a7c191628
P 0x7f2a7c19c2a8
C 260
R
P 0x7f2a7c191628
C 342
R
P 0x7f2a7c191628
P 0x7f2a7c19c2a8
C 259
R
P 0x7f2a7c191628
C 342
R
P 0x7f2a7c191628
P 0x7f2a7c19c2a8
C 258
R
P 0x7f2a7c191628
C 342
R
P 0x7f2a7c191628
P 0x7f2a7c19c2a8
C 9
R
P 0x7f2a7c191628
C 342
R
P 0x7f2a7c191628
P 0x7f2a7c19bc68
C 333
R
P 0x7f2a7c191628
C 342
R
P 0x7f2a7c191628
S "slotflowPriorityDuration"
C 30
R
P 0x7f2a7c191628
C 342
R
P 0x7f2a7c191628
$ |slotflowPriorityDuration|
C 202
R
P 0x7f2a7c191628
C 342
R
P 0x7f2a7c191628
$ |slotflowPriorityDuration|
P 0x7f2a7c19b1e8
C 51
= 0x7f2a7c19c268
R
P 0x7f2a7c191628
C 342
R
P 0x7f2a7c191628
P 0x7f2a7c19c268
C 257
R
P 0x7f2a7c191628
C 342
R
P 0x7f2a7c191628
P 0x7f2a7c19c268
C 254
= 0x7f2a7c19b1e8
R
P 0x7f2a7c191628
C 342
R
P 0x7f2a7c191628
P 0x7f2a7c19b1e8
C 209
R
P 0x7f2a7c191628
C 342
R
P 0x7f2a7c191628
P 0x7f2a7c19c268
C 260
R
P 0x7f2a7c191628
C 342
R
P 0x7f2a7c191628
P 0x7f2a7c19c268
C 259
R
P 0x7f2a7c191628
C 342
R
P 0x7f2a7c191628
P 0x7f2a7c19c268
C 258
R
P 0x7f2a7c191628
C 342
R
P 0x7f2a7c191628
P 0x7f2a7c19c268
C 9
R
P 0x7f2a7c191628
C 342
R
P 0x7f2a7c191628
U 2
P 0x7f2a7c19c2a8
P 0x7f2a7c19c268
p 2
C 65
= 0x7f2a7c487908
R
P 0x7f2a7c191628
C 342
R
P 0x7f2a7c191628
P 0x7f2a7c487908
C 257
R
P 0x7f2a7c191628
C 342
R
P 0x7f2a7c191628
P 0x7f2a7c487908
C 254
= 0x7f2a7c19b1e8
R
P 0x7f2a7c191628
C 342
R
P 0x7f2a7c191628
P 0x7f2a7c19b1e8
C 209
R
P 0x7f2a7c191628
C 342
R
P 0x7f2a7c191628
P 0x7f2a7c487908
C 260
R
P 0x7f2a7c191628
C 342
R
P 0x7f2a7c191628
P 0x7f2a7c487908
C 259
R
P 0x7f2a7c191628
C 342
R
P 0x7f2a7c191628
P 0x7f2a7c487908
C 258
R
P 0x7f2a7c191628
C 342
R
P 0x7f2a7c191628
P 0x7f2a7c487908
C 9
R
P 0x7f2a7c191628
C 342
R
P 0x7f2a7c191628
I 2
P 0x7f2a7c19b208
C 150
= 0x7f2a7c19bcc8
R
P 0x7f2a7c191628
C 342
R
P 0x7f2a7c191628
P 0x7f2a7c19bcc8
C 258
R
P 0x7f2a7c191628
C 342
R
P 0x7f2a7c191628
P 0x7f2a7c19bcc8
C 9
R
P 0x7f2a7c191628
C 342
R
P 0x7f2a7c191628
I 1
P 0x7f2a7c19b208
C 150
= 0x7f2a7c19bc88
R
P 0x7f2a7c191628
C 342
R
P 0x7f2a7c191628
P 0x7f2a7c19bc88
C 258
R
P 0x7f2a7c191628
C 342
R
P 0x7f2a7c191628
P 0x7f2a7c19bc88
C 9
R
P 0x7f2a7c191628
C 342
R
P 0x7f2a7c191628
P 0x7f2a7c19bcc8
P 0x7f2a7c19bc88
C 75
= 0x7f2a7c1a1890
R
P 0x7f2a7c191628
C 342
R
P 0x7f2a7c191628
P 0x7f2a7c1a1890
C 258
R
P 0x7f2a7c191628
C 342
R
P 0x7f2a7c191628
P 0x7f2a7c1a1890
C 9
R
P 0x7f2a7c191628
C 342
R
P 0x7f2a7c191628
I 1
P 0x7f2a7c19b208
C 150
= 0x7f2a7c19bc88
R
P 0x7f2a7c191628
C 342
R
P 0x7f2a7c191628
P 0x7f2a7c19bc88
C 258
R
P 0x7f2a7c191628
C 342
R
P 0x7f2a7c191628
P 0x7f2a7c19bc88
C 9
R
P 0x7f2a7c191628
C 342
R
P 0x7f2a7c191628
U 2
P 0x7f2a7c19bcc8
P 0x7f2a7c19bc88
p 2
C 67
= 0x7f2a7c1a18c8
R
P 0x7f2a7c191628
C 342
R
P 0x7f2a7c191628
P 0x7f2a7c1a18c8
C 257
R
P 0x7f2a7c191628
C 342
R
P 0x7f2a7c191628
P 0x7f2a7c1a18c8
C 254
= 0x7f2a7c19b208
R
P 0x7f2a7c191628
C 342
R
P 0x7f2a7c191628
P 0x7f2a7c19b208
C 209
R
P 0x7f2a7c191628
C 342
R
P 0x7f2a7c191628
P 0x7f2a7c1a18c8
C 260
R
P 0x7f2a7c191628
C 342
R
P 0x7f2a7c191628
P 0x7f2a7c1a18c8
C 259
R
P 0x7f2a7c191628
C 342
R
P 0x7f2a7c191628
P 0x7f2a7c1a18c8
C 258
R
P 0x7f2a7c191628
C 342
R
P 0x7f2a7c191628
P 0x7f2a7c1a18c8
C 9
R
P 0x7f2a7c191628
C 342
R
P 0x7f2a7c191628
U 2
P 0x7f2a7c19bbe8
P 0x7f2a7c1a18c8
p 2
C 66
= 0x7f2a7c487d68
R
P 0x7f2a7c191628
C 342
R
P 0x7f2a7c191628
P 0x7f2a7c487d68
C 257
R
P 0x7f2a7c191628
C 342
R
P 0x7f2a7c191628
P 0x7f2a7c487d68
C 254
= 0x7f2a7c19b208
R
P 0x7f2a7c191628
C 342
R
P 0x7f2a7c191628
P 0x7f2a7c19b208
C 209
R
P 0x7f2a7c191628
C 342
R
P 0x7f2a7c191628
P 0x7f2a7c487d68
C 260
R
P 0x7f2a7c191628
C 342
R
P 0x7f2a7c191628
P 0x7f2a7c487d68
C 259
R
P 0x7f2a7c191628
C 342
R
P 0x7f2a7c191628
P 0x7f2a7c487d68
C 258
R
P 0x7f2a7c191628
C 342
R
P 0x7f2a7c191628
P 0x7f2a7c487d68
C 9
R
P 0x7f2a7c191628
C 342
R
P 0x7f2a7c191628
U 2
P 0x7f2a7c19bb88
P 0x7f2a7c487d68
p 2
C 65
= 0x7f2a7c487da0
R
P 0x7f2a7c191628
C 342
R
P 0x7f2a7c191628
P 0x7f2a7c487da0
C 257
R
P 0x7f2a7c191628
C 342
R
P 0x7f2a7c191628
P 0x7f2a7c487da0
C 254
= 0x7f2a7c19b1e8
R
P 0x7f2a7c191628
C 342
R
P 0x7f2a7c191628
P 0x7f2a7c19b1e8
C 209
R
P 0x7f2a7c191628
C 342
R
P 0x7f2a7c191628
P 0x7f2a7c487da0
C 260
R
P 0x7f2a7c191628
C 342
R
P 0x7f2a7c191628
P 0x7f2a7c487da0
C 259
R
P 0x7f2a7c191628
C 342
R
P 0x7f2a7c191628
P 0x7f2a7c487da0
C 258
R
P 0x7f2a7c191628
C 342
R
P 0x7f2a7c191628
P 0x7f2a7c487da0
C 9
R
P 0x7f2a7c191628
C 342
R
P 0x7f2a7c191628
P 0x7f2a7c1a1890
P 0x7f2a7c487da0
P 0x7f2a7c19bb88
C 59
= 0x7f2a7c19fa88
R
P 0x7f2a7c191628
C 342
R
P 0x7f2a7c191628
P 0x7f2a7c19fa88
C 257
R
P 0x7f2a7c191628
C 342
R
P 0x7f2a7c191628
P 0x7f2a7c19fa88
C 254
= 0x7f2a7c19b1e8
R
P 0x7f2a7c191628
C 342
R
P 0x7f2a7c191628
P 0x7f2a7c19b1e8
C 209
R
P 0x7f2a7c191628
C 342
R
P 0x7f2a7c191628
P 0x7f2a7c19fa88
C 260
R
P 0x7f2a7c191628
C 342
R
P 0x7f2a7c191628
P 0x7f2a7c19fa88
C 259
R
P 0x7f2a7c191628
C 342
R
P 0x7f2a7c191628
P 0x7f2a7c19fa88
C 258
R
P 0x7f2a7c191628
C 342
R
P 0x7f2a7c191628
P 0x7f2a7c19fa88
C 9
R
P 0x7f2a7c191628
C 342
R
P 0x7f2a7c191628
U 2
P 0x7f2a7c487908
P 0x7f2a7c19fa88
p 2
C 65
= 0x7f2a7c487dd8
R
P 0x7f2a7c191628
C 342
R
P 0x7f2a7c191628
P 0x7f2a7c487dd8
C 257
R
P 0x7f2a7c191628
C 342
R
P 0x7f2a7c191628
P 0x7f2a7c487dd8
C 254
= 0x7f2a7c19b1e8
R
P 0x7f2a7c191628
C 342
R
P 0x7f2a7c191628
P 0x7f2a7c19b1e8
C 209
R
P 0x7f2a7c191628
C 342
R
P 0x7f2a7c191628
P 0x7f2a7c487dd8
C 260
R
P 0x7f2a7c191628
C 342
R
P 0x7f2a7c191628
P 0x7f2a7c487dd8
C 259
R
P 0x7f2a7c191628
C 342
R
P 0x7f2a7c191628
P 0x7f2a7c487dd8
C 258
R
P 0x7f2a7c191628
C 342
R
P 0x7f2a7c191628
P 0x7f2a7c487dd8
C 9
R
P 0x7f2a7c191628
C 342
R
P 0x7f2a7c191628
U 2
P 0x7f2a7c487dd8
P 0x7f2a7c19bb68
p 2
C 67
= 0x7f2a7c487e10
R
P 0x7f2a7c191628
C 342
R
P 0x7f2a7c191628
P 0x7f2a7c487e10
C 257
R
P 0x7f2a7c191628
C 342
R
P 0x7f2a7c191628
P 0x7f2a7c487e10
C 254
= 0x7f2a7c19b1e8
R
P 0x7f2a7c191628
C 342
R
P 0x7f2a7c191628
P 0x7f2a7c19b1e8
C 209
R
P 0x7f2a7c191628
C 342
R
P 0x7f2a7c191628
P 0x7f2a7c487e10
C 260
R
P 0x7f2a7c191628
C 342
R
P 0x7f2a7c191628
P 0x7f2a7c487e10
C 259
R
P 0x7f2a7c191628
C 342
R
P 0x7f2a7c191628
P 0x7f2a7c487e10
C 258
R
P 0x7f2a7c191628
C 342
R
P 0x7f2a7c191628
P 0x7f2a7c487e10
C 9
R
P 0x7f2a7c191628
C 342
R
P 0x7f2a7c191628
P 0x7f2a7c4872e8
P 0x7f2a7c487e10
C 74
= 0x7f2a7c488ed0
R
P 0x7f2a7c191628
C 342
R
P 0x7f2a7c191628
P 0x7f2a7c488ed0
C 258
R
P 0x7f2a7c191628
C 342
R
P 0x7f2a7c191628
P 0x7f2a7c488ed0
C 9
R
P 0x7f2a7c191628
C 342
R
P 0x7f2a7c191628
I 3
P 0x7f2a7c19b208
C 150
= 0x7f2a7c19bfc8
R
P 0x7f2a7c191628
C 342
R
P 0x7f2a7c191628
P 0x7f2a7c19bfc8
C 258
R
P 0x7f2a7c191628
C 342
R
P 0x7f2a7c191628
P 0x7f2a7c19bfc8
C 9
R
P 0x7f2a7c191628
C 342
R
P 0x7f2a7c191628
I 1
P 0x7f2a7c19b208
C 150
= 0x7f2a7c19bc88
R
P 0x7f2a7c191628
C 342
R
P 0x7f2a7c191628
P 0x7f2a7c19bc88
C 258
R
P 0x7f2a7c191628
C 342
R
P 0x7f2a7c191628
P 0x7f2a7c19bc88
C 9
R
P 0x7f2a7c191628
C 342
R
P 0x7f2a7c191628
P 0x7f2a7c19bfc8
P 0x7f2a7c19bc88
C 75
= 0x7f2a7c487208
R
P 0x7f2a7c191628
C 342
R
P 0x7f2a7c191628
P 0x7f2a7c487208
C 258
R
P 0x7f2a7c191628
C 342
R
P 0x7f2a7c191628
P 0x7f2a7c487208
C 9
R
P 0x7f2a7c191628
C 342
R
P 0x7f2a7c191628
I 1
P 0x7f2a7c19b208
C 150
= 0x7f2a7c19bc88
R
P 0x7f2a7c191628
C 342
R
P 0x7f2a7c191628
P 0x7f2a7c19bc88
C 258
R
P 0x7f2a7c191628
C 342
R
P 0x7f2a7c191628
P 0x7f2a7c19bc88
C 9
R
P 0x7f2a7c191628
C 342
R
P 0x7f2a7c191628
U 2
P 0x7f2a7c19bfc8
P 0x7f2a7c19bc88
p 2
C 67
= 0x7f2a7c487240
R
P 0x7f2a7c191628
C 342
R
P 0x7f2a7c191628
P 0x7f2a7c487240
C 257
R
P 0x7f2a7c191628
C 342
R
P 0x7f2a7c191628
P 0x7f2a7c487240
C 254
= 0x7f2a7c19b208
R
P 0x7f2a7c191628
C 342
R
P 0x7f2a7c191628
P 0x7f2a7c19b208
C 209
R
P 0x7f2a7c191628
C 342
R
P 0x7f2a7c191628
P 0x7f2a7c487240
C 260
R
P 0x7f2a7c191628
C 342
R
P 0x7f2a7c191628
P 0x7f2a7c487240
C 259
R
P 0x7f2a7c191628
C 342
R
P 0x7f2a7c191628
P 0x7f2a7c487240
C 258
R
P 0x7f2a7c191628
C 342
R
P 0x7f2a7c191628
P 0x7f2a7c487240
C 9
R
P 0x7f2a7c191628
C 342
R
P 0x7f2a7c191628
U 2
P 0x7f2a7c19bba8
P 0x7f2a7c487240
p 2
C 66
= 0x7f2a7c487278
R
P 0x7f2a7c191628
C 342
R
P 0x7f2a7c191628
P 0x7f2a7c487278
C 257
R
P 0x7f2a7c191628
C 342
R
P 0x7f2a7c191628
P 0x7f2a7c487278
C 254
= 0x7f2a7c19b1e8
R
P 0x7f2a7c191628
C 342
R
P 0x7f2a7c191628
P 0x7f2a7c19b1e8
C 209
R
P 0x7f2a7c191628
C 342
R
P 0x7f2a7c191628
P 0x7f2a7c487278
C 260
R
P 0x7f2a7c191628
C 342
R
P 0x7f2a7c191628
P 0x7f2a7c487278
C 259
R
P 0x7f2a7c191628
C 342
R
P 0x7f2a7c191628
P 0x7f2a7c487278
C 258
R
P 0x7f2a7c191628
C 342
R
P 0x7f2a7c191628
P 0x7f2a7c487278
C 9
R
P 0x7f2a7c191628
C 342
R
P 0x7f2a7c191628
U 2
P 0x7f2a7c19bc28
P 0x7f2a7c487278
p 2
C 65
= 0x7f2a7c4872b0
R
P 0x7f2a7c191628
C 342
R
P 0x7f2a7c191628
P 0x7f2a7c4872b0
C 257
R
P 0x7f2a7c191628
C 342
R
P 0x7f2a7c191628
P 0x7f2a7c4872b0
C 254
= 0x7f2a7c19b1e8
R
P 0x7f2a7c191628
C 342
R
P 0x7f2a7c191628
P 0x7f2a7c19b1e8
C 209
R
P 0x7f2a7c191628
C 342
R
P 0x7f2a7c191628
P 0x7f2a7c4872b0
C 260
R
P 0x7f2a7c191628
C 342
R
P 0x7f2a7c191628
P 0x7f2a7c4872b0
C 259
R
P 0x7f2a7c191628
C 342
R
P 0x7f2a7c191628
P 0x7f2a7c4872b0
C 258
R
P 0x7f2a7c191628
C 342
R
P 0x7f2a7c191628
P 0x7f2a7c4872b0
C 9
R
P 0x7f2a7c191628
C 342
R
P 0x7f2a7c191628
P 0x7f2a7c487208
P 0x7f2a7c4872b0
P 0x7f2a7c19bc28
C 59
= 0x7f2a7c19f988
R
P 0x7f2a7c191628
C 342
R
P 0x7f2a7c191628
P 0x7f2a7c19f988
C 257
R
P 0x7f2a7c191628
C 342
R
P 0x7f2a7c191628
P 0x7f2a7c19f988
C 254
= 0x7f2a7c19b1e8
R
P 0x7f2a7c191628
C 342
R
P 0x7f2a7c191628
P 0x7f2a7c19b1e8
C 209
R
P 0x7f2a7c191628
C 342
R
P 0x7f2a7c191628
P 0x7f2a7c19f988
C 260
R
P 0x7f2a7c191628
C 342
R
P 0x7f2a7c191628
P 0x7f2a7c19f988
C 259
R
P 0x7f2a7c191628
C 342
R
P 0x7f2a7c191628
P 0x7f2a7c19f988
C 258
R
P 0x7f2a7c191628
C 342
R
P 0x7f2a7c191628
P 0x7f2a7c19f988
C 9
R
P 0x7f2a7c191628
C 342
R
P 0x7f2a7c191628
U 2
P 0x7f2a7c19f988
P 0x7f2a7c19bb48
p 2
C 65
= 0x7f2a7c4872e8
R
P 0x7f2a7c191628
C 342
R
P 0x7f2a7c191628
P 0x7f2a7c4872e8
C 257
R
P 0x7f2a7c191628
C 342
R
P 0x7f2a7c191628
P 0x7f2a7c4872e8
C 254
= 0x7f2a7c19b1e8
R
P 0x7f2a7c191628
C 342
R
P 0x7f2a7c191628
P 0x7f2a7c19b1e8
C 209
R
P 0x7f2a7c191628
C 342
R
P 0x7f2a7c191628
P 0x7f2a7c4872e8
C 260
R
P 0x7f2a7c191628
C 342
R
P 0x7f2a7c191628
P 0x7f2a7c4872e8
C 259
R
P 0x7f2a7c191628
C 342
R
P 0x7f2a7c191628
P 0x7f2a7c4872e8
C 258
R
P 0x7f2a7c191628
C 342
R
P 0x7f2a7c191628
P 0x7f2a7c4872e8
C 9
R
P 0x7f2a7c191628
C 342
R
P 0x7f2a7c191628
P 0x7f2a7c19bc68
C 333
R
P 0x7f2a7c191628
C 342
R
P 0x7f2a7c191628
S "slotflowPriorityStart"
C 30
R
P 0x7f2a7c191628
C 342
R
P 0x7f2a7c191628
$ |slotflowPriorityStart|
C 202
R
P 0x7f2a7c191628
C 342
R
P 0x7f2a7c191628
$ |slotflowPriorityStart|
P 0x7f2a7c19b1e8
C 51
= 0x7f2a7c19c2a8
R
P 0x7f2a7c191628
C 342
R
P 0x7f2a7c191628
P 0x7f2a7c19c2a8
C 257
R
P 0x7f2a7c191628
C 342
R
P 0x7f2a7c191628
P 0x7f2a7c19c2a8
C 254
= 0x7f2a7c19b1e8
R
P 0x7f2a7c191628
C 342
R
P 0x7f2a7c191628
P 0x7f2a7c19b1e8
C 209
R
P 0x7f2a7c191628
C 342
R
P 0x7f2a7c191628
P 0x7f2a7c19c2a8
C 260
R
P 0x7f2a7c191628
C 342
R
P 0x7f2a7c191628
P 0x7f2a7c19c2a8
C 259
R
P 0x7f2a7c191628
C 342
R
P 0x7f2a7c191628
P 0x7f2a7c19c2a8
C 258
R
P 0x7f2a7c191628
C 342
R
P 0x7f2a7c191628
P 0x7f2a7c19c2a8
C 9
R
P 0x7f2a7c191628
C 342
R
P 0x7f2a7c191628
I 2
P 0x7f2a7c19b208
C 150
= 0x7f2a7c19bcc8
R
P 0x7f2a7c191628
C 342
R
P 0x7f2a7c191628
P 0x7f2a7c19bcc8
C 258
R
P 0x7f2a7c191628
C 342
R
P 0x7f2a7c191628
P 0x7f2a7c19bcc8
C 9
R
P 0x7f2a7c191628
C 342
R
P 0x7f2a7c191628
I 1
P 0x7f2a7c19b208
C 150
= 0x7f2a7c19bc88
R
P 0x7f2a7c191628
C 342
R
P 0x7f2a7c191628
P 0x7f2a7c19bc88
C 258
R
P 0x7f2a7c191628
C 342
R
P 0x7f2a7c191628
P 0x7f2a7c19bc88
C 9
R
P 0x7f2a7c191628
C 342
R
P 0x7f2a7c191628
P 0x7f2a7c19bcc8
P 0x7f2a7c19bc88
C 75
= 0x7f2a7c1a1890
R
P 0x7f2a7c191628
C 342
R
P 0x7f2a7c191628
P 0x7f2a7c1a1890
C 258
R
P 0x7f2a7c191628
C 342
R
P 0x7f2a7c191628
P 0x7f2a7c1a1890
C 9
R
P 0x7f2a7c191628
C 342
R
P 0x7f2a7c191628
I 1
P 0x7f2a7c19b208
C 150
= 0x7f2a7c19bc88
R
P 0x7f2a7c191628
C 342
R
P 0x7f2a7c191628
P 0x7f2a7c19bc88
C 258
R
P 0x7f2a7c191628
C 342
R
P 0x7f2a7c191628
P 0x7f2a7c19bc88
C 9
R
P 0x7f2a7c191628
C 342
R
P 0x7f2a7c191628
U 2
P 0x7f2a7c19bcc8
P 0x7f2a7c19bc88
p 2
C 67
= 0x7f2a7c1a18c8
R
P 0x7f2a7c191628
C 342
R
P 0x7f2a7c191628
P 0x7f2a7c1a18c8
C 257
R
P 0x7f2a7c191628
C 342
R
P 0x7f2a7c191628
P 0x7f2a7c1a18c8
C 254
= 0x7f2a7c19b208
R
P 0x7f2a7c191628
C 342
R
P 0x7f2a7c191628
P 0x7f2a7c19b208
C 209
R
P 0x7f2a7c191628
C 342
R
P 0x7f2a7c191628
P 0x7f2a7c1a18c8
C 260
R
P 0x7f2a7c191628
C 342
R
P 0x7f2a7c191628
P 0x7f2a7c1a18c8
C 259
R
P 0x7f2a7c191628
C 342
R
P 0x7f2a7c191628
P 0x7f2a7c1a18c8
C 258
R
P 0x7f2a7c191628
C 342
R
P 0x7f2a7c191628
P 0x7f2a7c1a18c8
C 9
R
P 0x7f2a7c191628
C 342
R
P 0x7f2a7c191628
U 2
P 0x7f2a7c19bbe8
P 0x7f2a7c1a18c8
p 2
C 66
= 0x7f2a7c487d68
R
P 0x7f2a7c191628
C 342
R
P 0x7f2a7c191628
P 0x7f2a7c487d68
C 257
R
P 0x7f2a7c191628
C 342
R
P 0x7f2a7c191628
P 0x7f2a7c487d68
C 254
= 0x7f2a7c19b208
R
P 0x7f2a7c191628
C 342
R
P 0x7f2a7c191628
P 0x7f2a7c19b208
C 209
R
P 0x7f2a7c191628
C 342
R
P 0x7f2a7c191628
P 0x7f2a7c487d68
C 260
R
P 0x7f2a7c191628
C 342
R
P 0x7f2a7c191628
P 0x7f2a7c487d68
C 259
R
P 0x7f2a7c191628
C 342
R
P 0x7f2a7c191628
P 0x7f2a7c487d68
C 258
R
P 0x7f2a7c191628
C 342
R
P 0x7f2a7c191628
P 0x7f2a7c487d68
C 9
R
P 0x7f2a7c191628
C 342
R
P 0x7f2a7c191628
U 2
P 0x7f2a7c19bb88
P 0x7f2a7c487d68
p 2
C 65
= 0x7f2a7c487da0
R
P 0x7f2a7c191628
C 342
R
P 0x7f2a7c191628
P 0x7f2a7c487da0
C 257
R
P 0x7f2a7c191628
C 342
R
P 0x7f2a7c191628
P 0x7f2a7c487da0
C 254
= 0x7f2a7c19b1e8
R
P 0x7f2a7c191628
C 342
R
P 0x7f2a7c191628
P 0x7f2a7c19b1e8
C 209
R
P 0x7f2a7c191628
C 342
R
P 0x7f2a7c191628
P 0x7f2a7c487da0
C 260
R
P 0x7f2a7c191628
C 342
R
P 0x7f2a7c191628
P 0x7f2a7c487da0
C 259
R
P 0x7f2a7c191628
C 342
R
P 0x7f2a7c191628
P 0x7f2a7c487da0
C 258
R
P 0x7f2a7c191628
C 342
R
P 0x7f2a7c191628
P 0x7f2a7c487da0
C 9
R
P 0x7f2a7c191628
C 342
R
P 0x7f2a7c191628
P 0x7f2a7c1a1890
P 0x7f2a7c487da0
P 0x7f2a7c19bb88
C 59
= 0x7f2a7c19fa88
R
P 0x7f2a7c191628
C 342
R
P 0x7f2a7c191628
P 0x7f2a7c19fa88
C 257
R
P 0x7f2a7c191628
C 342
R
P 0x7f2a7c191628
P 0x7f2a7c19fa88
C 254
= 0x7f2a7c19b1e8
R
P 0x7f2a7c191628
C 342
R
P 0x7f2a7c191628
P 0x7f2a7c19b1e8
C 209
R
P 0x7f2a7c191628
C 342
R
P 0x7f2a7c191628
P 0x7f2a7c19fa88
C 260
R
P 0x7f2a7c191628
C 342
R
P 0x7f2a7c191628
P 0x7f2a7c19fa88
C 259
R
P 0x7f2a7c191628
C 342
R
P 0x7f2a7c191628
P 0x7f2a7c19fa88
C 258
R
P 0x7f2a7c191628
C 342
R
P 0x7f2a7c191628
P 0x7f2a7c19fa88
C 9
R
P 0x7f2a7c191628
C 342
R
P 0x7f2a7c191628
U 2
P 0x7f2a7c19c2a8
P 0x7f2a7c19fa88
p 2
C 65
= 0x7f2a7c487e80
R
P 0x7f2a7c191628
C 342
R
P 0x7f2a7c191628
P 0x7f2a7c487e80
C 257
R
P 0x7f2a7c191628
C 342
R
P 0x7f2a7c191628
P 0x7f2a7c487e80
C 254
= 0x7f2a7c19b1e8
R
P 0x7f2a7c191628
C 342
R
P 0x7f2a7c191628
P 0x7f2a7c19b1e8
C 209
R
P 0x7f2a7c191628
C 342
R
P 0x7f2a7c191628
P 0x7f2a7c487e80
C 260
R
P 0x7f2a7c191628
C 342
R
P 0x7f2a7c191628
P 0x7f2a7c487e80
C 259
R
P 0x7f2a7c191628
C 342
R
P 0x7f2a7c191628
P 0x7f2a7c487e80
C 258
R
P 0x7f2a7c191628
C 342
R
P 0x7f2a7c191628
P 0x7f2a7c487e80
C 9
R
P 0x7f2a7c191628
C 342
R
P 0x7f2a7c191628
P 0x7f2a7c4872e8
P 0x7f2a7c487e80
C 76
= 0x7f2a7c488f08
R
P 0x7f2a7c191628
C 342
R
P 0x7f2a7c191628
P 0x7f2a7c488f08
C 258
R
P 0x7f2a7c191628
C 342
R
P 0x7f2a7c191628
P 0x7f2a7c488f08
C 9
R
P 0x7f2a7c191628
C 342
R
P 0x7f2a7c191628
U 2
P 0x7f2a7c488ed0
P 0x7f2a7c488f08
p 2
C 63
= 0x7f2a7c488f40
R
P 0x7f2a7c191628
C 342
R
P 0x7f2a7c191628
P 0x7f2a7c488f40
C 258
R
P 0x7f2a7c191628
C 342
R
P 0x7f2a7c191628
P 0x7f2a7c488f40
C 9
R
P 0x7f2a7c191628
C 342
R
P 0x7f2a7c191628
I 3
P 0x7f2a7c19b208
C 150
= 0x7f2a7c19bfc8
R
P 0x7f2a7c191628
C 342
R
P 0x7f2a7c191628
P 0x7f2a7c19bfc8
C 258
R
P 0x7f2a7c191628
C 342
R
P 0x7f2a7c191628
P 0x7f2a7c19bfc8
C 9
R
P 0x7f2a7c191628
C 342
R
P 0x7f2a7c191628
P 0x7f2a7c19bfc8
C 263
R
P 0x7f2a7c191628
C 342
R
P 0x7f2a7c191628
S "dev0T33"
C 30
R
P 0x7f2a7c191628
C 342
R
P 0x7f2a7c191628
$ |dev0T33|
C 202
R
P 0x7f2a7c191628
C 342
R
P 0x7f2a7c191628
$ |dev0T33|
P 0x7f2a7c19b1e8
C 51
= 0x7f2a7c19c228
R
P 0x7f2a7c191628
C 342
R
P 0x7f2a7c191628
P 0x7f2a7c19c228
C 257
R
P 0x7f2a7c191628
C 342
R
P 0x7f2a7c191628
P 0x7f2a7c19c228
C 254
= 0x7f2a7c19b1e8
R
P 0x7f2a7c191628
C 342
R
P 0x7f2a7c191628
P 0x7f2a7c19b1e8
C 209
R
P 0x7f2a7c191628
C 342
R
P 0x7f2a7c191628
P 0x7f2a7c19c228
C 260
R
P 0x7f2a7c191628
C 342
R
P 0x7f2a7c191628
P 0x7f2a7c19c228
C 259
R
P 0x7f2a7c191628
C 342
R
P 0x7f2a7c191628
P 0x7f2a7c19c228
C 258
R
P 0x7f2a7c191628
C 342
R
P 0x7f2a7c191628
P 0x7f2a7c19c228
C 9
R
P 0x7f2a7c191628
C 342
R
P 0x7f2a7c191628
I 3
P 0x7f2a7c19b208
C 150
= 0x7f2a7c19bfc8
R
P 0x7f2a7c191628
C 342
R
P 0x7f2a7c191628
P 0x7f2a7c19bfc8
C 258
R
P 0x7f2a7c191628
C 342
R
P 0x7f2a7c191628
P 0x7f2a7c19bfc8
C 9
R
P 0x7f2a7c191628
C 342
R
P 0x7f2a7c191628
I 1
P 0x7f2a7c19b208
C 150
= 0x7f2a7c19bc88
R
P 0x7f2a7c191628
C 342
R
P 0x7f2a7c191628
P 0x7f2a7c19bc88
C 258
R
P 0x7f2a7c191628
C 342
R
P 0x7f2a7c191628
P 0x7f2a7c19bc88
C 9
R
P 0x7f2a7c191628
C 342
R
P 0x7f2a7c191628
P 0x7f2a7c19bfc8
P 0x7f2a7c19bc88
C 75
= 0x7f2a7c487208
R
P 0x7f2a7c191628
C 342
R
P 0x7f2a7c191628
P 0x7f2a7c487208
C 258
R
P 0x7f2a7c191628
C 342
R
P 0x7f2a7c191628
P 0x7f2a7c487208
C 9
R
P 0x7f2a7c191628
C 342
R
P 0x7f2a7c191628
I 1
P 0x7f2a7c19b208
C 150
= 0x7f2a7c19bc88
R
P 0x7f2a7c191628
C 342
R
P 0x7f2a7c191628
P 0x7f2a7c19bc88
C 258
R
P 0x7f2a7c191628
C 342
R
P 0x7f2a7c191628
P 0x7f2a7c19bc88
C 9
R
P 0x7f2a7c191628
C 342
R
P 0x7f2a7c191628
U 2
P 0x7f2a7c19bfc8
P 0x7f2a7c19bc88
p 2
C 67
= 0x7f2a7c487240
R
P 0x7f2a7c191628
C 342
R
P 0x7f2a7c191628
P 0x7f2a7c487240
C 257
R
P 0x7f2a7c191628
C 342
R
P 0x7f2a7c191628
P 0x7f2a7c487240
C 254
= 0x7f2a7c19b208
R
P 0x7f2a7c191628
C 342
R
P 0x7f2a7c191628
P 0x7f2a7c19b208
C 209
R
P 0x7f2a7c191628
C 342
R
P 0x7f2a7c191628
P 0x7f2a7c487240
C 260
R
P 0x7f2a7c191628
C 342
R
P 0x7f2a7c191628
P 0x7f2a7c487240
C 259
R
P 0x7f2a7c191628
C 342
R
P 0x7f2a7c191628
P 0x7f2a7c487240
C 258
R
P 0x7f2a7c191628
C 342
R
P 0x7f2a7c191628
P 0x7f2a7c487240
C 9
R
P 0x7f2a7c191628
C 342
R
P 0x7f2a7c191628
U 2
P 0x7f2a7c19bba8
P 0x7f2a7c487240
p 2
C 66
= 0x7f2a7c487278
R
P 0x7f2a7c191628
C 342
R
P 0x7f2a7c191628
P 0x7f2a7c487278
C 257
R
P 0x7f2a7c191628
C 342
R
P 0x7f2a7c191628
P 0x7f2a7c487278
C 254
= 0x7f2a7c19b1e8
R
P 0x7f2a7c191628
C 342
R
P 0x7f2a7c191628
P 0x7f2a7c19b1e8
C 209
R
P 0x7f2a7c191628
C 342
R
P 0x7f2a7c191628
P 0x7f2a7c487278
C 260
R
P 0x7f2a7c191628
C 342
R
P 0x7f2a7c191628
P 0x7f2a7c487278
C 259
R
P 0x7f2a7c191628
C 342
R
P 0x7f2a7c191628
P 0x7f2a7c487278
C 258
R
P 0x7f2a7c191628
C 342
R
P 0x7f2a7c191628
P 0x7f2a7c487278
C 9
R
P 0x7f2a7c191628
C 342
R
P 0x7f2a7c191628
U 2
P 0x7f2a7c19bc28
P 0x7f2a7c487278
p 2
C 65
= 0x7f2a7c4872b0
R
P 0x7f2a7c191628
C 342
R
P 0x7f2a7c191628
P 0x7f2a7c4872b0
C 257
R
P 0x7f2a7c191628
C 342
R
P 0x7f2a7c191628
P 0x7f2a7c4872b0
C 254
= 0x7f2a7c19b1e8
R
P 0x7f2a7c191628
C 342
R
P 0x7f2a7c191628
P 0x7f2a7c19b1e8
C 209
R
P 0x7f2a7c191628
C 342
R
P 0x7f2a7c191628
P 0x7f2a7c4872b0
C 260
R
P 0x7f2a7c191628
C 342
R
P 0x7f2a7c191628
P 0x7f2a7c4872b0
C 259
R
P 0x7f2a7c191628
C 342
R
P 0x7f2a7c191628
P 0x7f2a7c4872b0
C 258
R
P 0x7f2a7c191628
C 342
R
P 0x7f2a7c191628
P 0x7f2a7c4872b0
C 9
R
P 0x7f2a7c191628
C 342
R
P 0x7f2a7c191628
P 0x7f2a7c487208
P 0x7f2a7c4872b0
P 0x7f2a7c19bc28
C 59
= 0x7f2a7c19f988
R
P 0x7f2a7c191628
C 342
R
P 0x7f2a7c191628
P 0x7f2a7c19f988
C 257
R
P 0x7f2a7c191628
C 342
R
P 0x7f2a7c191628
P 0x7f2a7c19f988
C 254
= 0x7f2a7c19b1e8
R
P 0x7f2a7c191628
C 342
R
P 0x7f2a7c191628
P 0x7f2a7c19b1e8
C 209
R
P 0x7f2a7c191628
C 342
R
P 0x7f2a7c191628
P 0x7f2a7c19f988
C 260
R
P 0x7f2a7c191628
C 342
R
P 0x7f2a7c191628
P 0x7f2a7c19f988
C 259
R
P 0x7f2a7c191628
C 342
R
P 0x7f2a7c191628
P 0x7f2a7c19f988
C 258
R
P 0x7f2a7c191628
C 342
R
P 0x7f2a7c191628
P 0x7f2a7c19f988
C 9
R
P 0x7f2a7c191628
C 342
R
P 0x7f2a7c191628
U 2
P 0x7f2a7c19f988
P 0x7f2a7c19bb48
p 2
C 65
= 0x7f2a7c4872e8
R
P 0x7f2a7c191628
C 342
R
P 0x7f2a7c191628
P 0x7f2a7c4872e8
C 257
R
P 0x7f2a7c191628
C 342
R
P 0x7f2a7c191628
P 0x7f2a7c4872e8
C 254
= 0x7f2a7c19b1e8
R
P 0x7f2a7c191628
C 342
R
P 0x7f2a7c191628
P 0x7f2a7c19b1e8
C 209
R
P 0x7f2a7c191628
C 342
R
P 0x7f2a7c191628
P 0x7f2a7c4872e8
C 260
R
P 0x7f2a7c191628
C 342
R
P 0x7f2a7c191628
P 0x7f2a7c4872e8
C 259
R
P 0x7f2a7c191628
C 342
R
P 0x7f2a7c191628
P 0x7f2a7c4872e8
C 258
R
P 0x7f2a7c191628
C 342
R
P 0x7f2a7c191628
P 0x7f2a7c4872e8
C 9
R
P 0x7f2a7c191628
C 342
R
P 0x7f2a7c191628
U 2
P 0x7f2a7c4872e8
P 0x7f2a7c19bb68
p 2
C 65
= 0x7f2a7c487320
R
P 0x7f2a7c191628
C 342
R
P 0x7f2a7c191628
P 0x7f2a7c487320
C 257
R
P 0x7f2a7c191628
C 342
R
P 0x7f2a7c191628
P 0x7f2a7c487320
C 254
= 0x7f2a7c19b1e8
R
P 0x7f2a7c191628
C 342
R
P 0x7f2a7c191628
P 0x7f2a7c19b1e8
C 209
R
P 0x7f2a7c191628
C 342
R
P 0x7f2a7c191628
P 0x7f2a7c487320
C 260
R
P 0x7f2a7c191628
C 342
R
P 0x7f2a7c191628
P 0x7f2a7c487320
C 259
R
P 0x7f2a7c191628
C 342
R
P 0x7f2a7c191628
P 0x7f2a7c487320
C 258
R
P 0x7f2a7c191628
C 342
R
P 0x7f2a7c191628
P 0x7f2a7c487320
C 9
R
P 0x7f2a7c191628
C 342
R
P 0x7f2a7c191628
P 0x7f2a7c19c228
P 0x7f2a7c487320
C 56
= 0x7f2a7c488d80
R
P 0x7f2a7c191628
C 342
R
P 0x7f2a7c191628
P 0x7f2a7c488d80
C 258
R
P 0x7f2a7c191628
C 342
R
P 0x7f2a7c191628
P 0x7f2a7c488d80
C 9
R
P 0x7f2a7c191628
C 342
R
P 0x7f2a7c191628
P 0x7f2a7c488f40
P 0x7f2a7c488d80
C 61
= 0x7f2a7c488f78
R
P 0x7f2a7c191628
C 342
R
P 0x7f2a7c191628
P 0x7f2a7c488f78
C 258
R
P 0x7f2a7c191628
C 342
R
P 0x7f2a7c191628
P 0x7f2a7c488f78
C 9
R
P 0x7f2a7c191628
C 342
R
P 0x7f2a7c191628
P 0x7f2a7c1e1fc8
P 0x7f2a7c488f78
C 427
R
P 0x7f2a7c191628
C 342
R
P 0x7f2a7c191628
I 3
P 0x7f2a7c19b208
C 150
= 0x7f2a7c19bfc8
R
P 0x7f2a7c191628
C 342
R
P 0x7f2a7c191628
P 0x7f2a7c19bfc8
C 258
R
P 0x7f2a7c191628
C 342
R
P 0x7f2a7c191628
P 0x7f2a7c19bfc8
C 9
R
P 0x7f2a7c191628
C 342
R
P 0x7f2a7c191628
I 1
P 0x7f2a7c19b208
C 150
= 0x7f2a7c19bc88
R
P 0x7f2a7c191628
C 342
R
P 0x7f2a7c191628
P 0x7f2a7c19bc88
C 258
R
P 0x7f2a7c191628
C 342
R
P 0x7f2a7c191628
P 0x7f2a7c19bc88
C 9
R
P 0x7f2a7c191628
C 342
R
P 0x7f2a7c191628
P 0x7f2a7c19bfc8
P 0x7f2a7c19bc88
C 75
= 0x7f2a7c487208
R
P 0x7f2a7c191628
C 342
R
P 0x7f2a7c191628
P 0x7f2a7c487208
C 258
R
P 0x7f2a7c191628
C 342
R
P 0x7f2a7c191628
P 0x7f2a7c487208
C 9
R
P 0x7f2a7c191628
C 342
R
P 0x7f2a7c191628
I 1
P 0x7f2a7c19b208
C 150
= 0x7f2a7c19bc88
R
P 0x7f2a7c191628
C 342
R
P 0x7f2a7c191628
P 0x7f2a7c19bc88
C 258
R
P 0x7f2a7c191628
C 342
R
P 0x7f2a7c191628
P 0x7f2a7c19bc88
C 9
R
P 0x7f2a7c191628
C 342
R
P 0x7f2a7c191628
U 2
P 0x7f2a7c19bfc8
P 0x7f2a7c19bc88
p 2
C 67
= 0x7f2a7c487240
R
P 0x7f2a7c191628
C 342
R
P 0x7f2a7c191628
P 0x7f2a7c487240
C 257
R
P 0x7f2a7c191628
C 342
R
P 0x7f2a7c191628
P 0x7f2a7c487240
C 254
= 0x7f2a7c19b208
R
P 0x7f2a7c191628
C 342
R
P 0x7f2a7c191628
P 0x7f2a7c19b208
C 209
R
P 0x7f2a7c191628
C 342
R
P 0x7f2a7c191628
P 0x7f2a7c487240
C 260
R
P 0x7f2a7c191628
C 342
R
P 0x7f2a7c191628
P 0x7f2a7c487240
C 259
R
P 0x7f2a7c191628
C 342
R
P 0x7f2a7c191628
P 0x7f2a7c487240
C 258
R
P 0x7f2a7c191628
C 342
R
P 0x7f2a7c191628
P 0x7f2a7c487240
C 9
R
P 0x7f2a7c191628
C 342
R
P 0x7f2a7c191628
U 2
P 0x7f2a7c19bba8
P 0x7f2a7c487240
p 2
C 66
= 0x7f2a7c487278
R
P 0x7f2a7c191628
C 342
R
P 0x7f2a7c191628
P 0x7f2a7c487278
C 257
R
P 0x7f2a7c191628
C 342
R
P 0x7f2a7c191628
P 0x7f2a7c487278
C 254
= 0x7f2a7c19b1e8
R
P 0x7f2a7c191628
C 342
R
P 0x7f2a7c191628
P 0x7f2a7c19b1e8
C 209
R
P 0x7f2a7c191628
C 342
R
P 0x7f2a7c191628
P 0x7f2a7c487278
C 260
R
P 0x7f2a7c191628
C 342
R
P 0x7f2a7c191628
P 0x7f2a7c487278
C 259
R
P 0x7f2a7c191628
C 342
R
P 0x7f2a7c191628
P 0x7f2a7c487278
C 258
R
P 0x7f2a7c191628
C 342
R
P 0x7f2a7c191628
P 0x7f2a7c487278
C 9
R
P 0x7f2a7c191628
C 342
R
P 0x7f2a7c191628
U 2
P 0x7f2a7c19bc28
P 0x7f2a7c487278
p 2
C 65
= 0x7f2a7c4872b0
R
P 0x7f2a7c191628
C 342
R
P 0x7f2a7c191628
P 0x7f2a7c4872b0
C 257
R
P 0x7f2a7c191628
C 342
R
P 0x7f2a7c191628
P 0x7f2a7c4872b0
C 254
= 0x7f2a7c19b1e8
R
P 0x7f2a7c191628
C 342
R
P 0x7f2a7c191628
P 0x7f2a7c19b1e8
C 209
R
P 0x7f2a7c191628
C 342
R
P 0x7f2a7c191628
P 0x7f2a7c4872b0
C 260
R
P 0x7f2a7c191628
C 342
R
P 0x7f2a7c191628
P 0x7f2a7c4872b0
C 259
R
P 0x7f2a7c191628
C 342
R
P 0x7f2a7c191628
P 0x7f2a7c4872b0
C 258
R
P 0x7f2a7c191628
C 342
R
P 0x7f2a7c191628
P 0x7f2a7c4872b0
C 9
R
P 0x7f2a7c191628
C 342
R
P 0x7f2a7c191628
P 0x7f2a7c487208
P 0x7f2a7c4872b0
P 0x7f2a7c19bc28
C 59
= 0x7f2a7c19f988
R
P 0x7f2a7c191628
C 342
R
P 0x7f2a7c191628
P 0x7f2a7c19f988
C 257
R
P 0x7f2a7c191628
C 342
R
P 0x7f2a7c191628
P 0x7f2a7c19f988
C 254
= 0x7f2a7c19b1e8
R
P 0x7f2a7c191628
C 342
R
P 0x7f2a7c191628
P 0x7f2a7c19b1e8
C 209
R
P 0x7f2a7c191628
C 342
R
P 0x7f2a7c191628
P 0x7f2a7c19f988
C 260
R
P 0x7f2a7c191628
C 342
R
P 0x7f2a7c191628
P 0x7f2a7c19f988
C 259
R
P 0x7f2a7c191628
C 342
R
P 0x7f2a7c191628
P 0x7f2a7c19f988
C 258
R
P 0x7f2a7c191628
C 342
R
P 0x7f2a7c191628
P 0x7f2a7c19f988
C 9
R
P 0x7f2a7c191628
C 342
R
P 0x7f2a7c191628
U 2
P 0x7f2a7c19f988
P 0x7f2a7c19bb48
p 2
C 65
= 0x7f2a7c4872e8
R
P 0x7f2a7c191628
C 342
R
P 0x7f2a7c191628
P 0x7f2a7c4872e8
C 257
R
P 0x7f2a7c191628
C 342
R
P 0x7f2a7c191628
P 0x7f2a7c4872e8
C 254
= 0x7f2a7c19b1e8
R
P 0x7f2a7c191628
C 342
R
P 0x7f2a7c191628
P 0x7f2a7c19b1e8
C 209
R
P 0x7f2a7c191628
C 342
R
P 0x7f2a7c191628
P 0x7f2a7c4872e8
C 260
R
P 0x7f2a7c191628
C 342
R
P 0x7f2a7c191628
P 0x7f2a7c4872e8
C 259
R
P 0x7f2a7c191628
C 342
R
P 0x7f2a7c191628
P 0x7f2a7c4872e8
C 258
R
P 0x7f2a7c191628
C 342
R
P 0x7f2a7c191628
P 0x7f2a7c4872e8
C 9
R
P 0x7f2a7c191628
C 342
R
P 0x7f2a7c191628
P 0x7f2a7c19bc68
C 333
R
P 0x7f2a7c191628
C 342
R
P 0x7f2a7c191628
S "slotflowPriorityStart"
C 30
R
P 0x7f2a7c191628
C 342
R
P 0x7f2a7c191628
$ |slotflowPriorityStart|
C 202
R
P 0x7f2a7c191628
C 342
R
P 0x7f2a7c191628
$ |slotflowPriorityStart|
P 0x7f2a7c19b1e8
C 51
= 0x7f2a7c19c2a8
R
P 0x7f2a7c191628
C 342
R
P 0x7f2a7c191628
P 0x7f2a7c19c2a8
C 257
R
P 0x7f2a7c191628
C 342
R
P 0x7f2a7c191628
P 0x7f2a7c19c2a8
C 254
= 0x7f2a7c19b1e8
R
P 0x7f2a7c191628
C 342
R
P 0x7f2a7c191628
P 0x7f2a7c19b1e8
C 209
R
P 0x7f2a7c191628
C 342
R
P 0x7f2a7c191628
P 0x7f2a7c19c2a8
C 260
R
P 0x7f2a7c191628
C 342
R
P 0x7f2a7c191628
P 0x7f2a7c19c2a8
C 259
R
P 0x7f2a7c191628
C 342
R
P 0x7f2a7c191628
P 0x7f2a7c19c2a8
C 258
R
P 0x7f2a7c191628
C 342
R
P 0x7f2a7c191628
P 0x7f2a7c19c2a8
C 9
R
P 0x7f2a7c191628
C 342
R
P 0x7f2a7c191628
P 0x7f2a7c19bc68
C 333
R
P 0x7f2a7c191628
C 342
R
P 0x7f2a7c191628
S "slotflowPriorityDuration"
C 30
R
P 0x7f2a7c191628
C 342
R
P 0x7f2a7c191628
$ |slotflowPriorityDuration|
C 202
R
P 0x7f2a7c191628
C 342
R
P 0x7f2a7c191628
$ |slotflowPriorityDuration|
P 0x7f2a7c19b1e8
C 51
= 0x7f2a7c19c268
R
P 0x7f2a7c191628
C 342
R
P 0x7f2a7c191628
P 0x7f2a7c19c268
C 257
R
P 0x7f2a7c191628
C 342
R
P 0x7f2a7c191628
P 0x7f2a7c19c268
C 254
= 0x7f2a7c19b1e8
R
P 0x7f2a7c191628
C 342
R
P 0x7f2a7c191628
P 0x7f2a7c19b1e8
C 209
R
P 0x7f2a7c191628
C 342
R
P 0x7f2a7c191628
P 0x7f2a7c19c268
C 260
R
P 0x7f2a7c191628
C 342
R
P 0x7f2a7c191628
P 0x7f2a7c19c268
C 259
R
P 0x7f2a7c191628
C 342
R
P 0x7f2a7c191628
P 0x7f2a7c19c268
C 258
R
P 0x7f2a7c191628
C 342
R
P 0x7f2a7c191628
P 0x7f2a7c19c268
C 9
R
P 0x7f2a7c191628
C 342
R
P 0x7f2a7c191628
U 2
P 0x7f2a7c19c2a8
P 0x7f2a7c19c268
p 2
C 65
= 0x7f2a7c487908
R
P 0x7f2a7c191628
C 342
R
P 0x7f2a7c191628
P 0x7f2a7c487908
C 257
R
P 0x7f2a7c191628
C 342
R
P 0x7f2a7c191628
P 0x7f2a7c487908
C 254
= 0x7f2a7c19b1e8
R
P 0x7f2a7c191628
C 342
R
P 0x7f2a7c191628
P 0x7f2a7c19b1e8
C 209
R
P 0x7f2a7c191628
C 342
R
P 0x7f2a7c191628
P 0x7f2a7c487908
C 260
R
P 0x7f2a7c191628
C 342
R
P 0x7f2a7c191628
P 0x7f2a7c487908
C 259
R
P 0x7f2a7c191628
C 342
R
P 0x7f2a7c191628
P 0x7f2a7c487908
C 258
R
P 0x7f2a7c191628
C 342
R
P 0x7f2a7c191628
P 0x7f2a7c487908
C 9
R
P 0x7f2a7c191628
C 342
R
P 0x7f2a7c191628
I 3
P 0x7f2a7c19b208
C 150
= 0x7f2a7c19bfc8
R
P 0x7f2a7c191628
C 342
R
P 0x7f2a7c191628
P 0x7f2a7c19bfc8
C 258
R
P 0x7f2a7c191628
C 342
R
P 0x7f2a7c191628
P 0x7f2a7c19bfc8
C 9
R
P 0x7f2a7c191628
C 342
R
P 0x7f2a7c191628
I 1
P 0x7f2a7c19b208
C 150
= 0x7f2a7c19bc88
R
P 0x7f2a7c191628
C 342
R
P 0x7f2a7c191628
P 0x7f2a7c19bc88
C 258
R
P 0x7f2a7c191628
C 342
R
P 0x7f2a7c191628
P 0x7f2a7c19bc88
C 9
R
P 0x7f2a7c191628
C 342
R
P 0x7f2a7c191628
P 0x7f2a7c19bfc8
P 0x7f2a7c19bc88
C 75
= 0x7f2a7c487208
R
P 0x7f2a7c191628
C 342
R
P 0x7f2a7c191628
P 0x7f2a7c487208
C 258
R
P 0x7f2a7c191628
C 342
R
P 0x7f2a7c191628
P 0x7f2a7c487208
C 9
R
P 0x7f2a7c191628
C 342
R
P 0x7f2a7c191628
I 1
P 0x7f2a7c19b208
C 150
= 0x7f2a7c19bc88
R
P 0x7f2a7c191628
C 342
R
P 0x7f2a7c191628
P 0x7f2a7c19bc88
C 258
R
P 0x7f2a7c191628
C 342
R
P 0x7f2a7c191628
P 0x7f2a7c19bc88
C 9
R
P 0x7f2a7c191628
C 342
R
P 0x7f2a7c191628
U 2
P 0x7f2a7c19bfc8
P 0x7f2a7c19bc88
p 2
C 67
= 0x7f2a7c487240
R
P 0x7f2a7c191628
C 342
R
P 0x7f2a7c191628
P 0x7f2a7c487240
C 257
R
P 0x7f2a7c191628
C 342
R
P 0x7f2a7c191628
P 0x7f2a7c487240
C 254
= 0x7f2a7c19b208
R
P 0x7f2a7c191628
C 342
R
P 0x7f2a7c191628
P 0x7f2a7c19b208
C 209
R
P 0x7f2a7c191628
C 342
R
P 0x7f2a7c191628
P 0x7f2a7c487240
C 260
R
P 0x7f2a7c191628
C 342
R
P 0x7f2a7c191628
P 0x7f2a7c487240
C 259
R
P 0x7f2a7c191628
C 342
R
P 0x7f2a7c191628
P 0x7f2a7c487240
C 258
R
P 0x7f2a7c191628
C 342
R
P 0x7f2a7c191628
P 0x7f2a7c487240
C 9
R
P 0x7f2a7c191628
C 342
R
P 0x7f2a7c191628
U 2
P 0x7f2a7c19bbe8
P 0x7f2a7c487240
p 2
C 66
= 0x7f2a7c487f60
R
P 0x7f2a7c191628
C 342
R
P 0x7f2a7c191628
P 0x7f2a7c487f60
C 257
R
P 0x7f2a7c191628
C 342
R
P 0x7f2a7c191628
P 0x7f2a7c487f60
C 254
= 0x7f2a7c19b208
R
P 0x7f2a7c191628
C 342
R
P 0x7f2a7c191628
P 0x7f2a7c19b208
C 209
R
P 0x7f2a7c191628
C 342
R
P 0x7f2a7c191628
P 0x7f2a7c487f60
C 260
R
P 0x7f2a7c191628
C 342
R
P 0x7f2a7c191628
P 0x7f2a7c487f60
C 259
R
P 0x7f2a7c191628
C 342
R
P 0x7f2a7c191628
P 0x7f2a7c487f60
C 258
R
P 0x7f2a7c191628
C 342
R
P 0x7f2a7c191628
P 0x7f2a7c487f60
C 9
R
P 0x7f2a7c191628
C 342
R
P 0x7f2a7c191628
U 2
P 0x7f2a7c19bb88
P 0x7f2a7c487f60
p 2
C 65
= 0x7f2a7c487f98
R
P 0x7f2a7c191628
C 342
R
P 0x7f2a7c191628
P 0x7f2a7c487f98
C 257
R
P 0x7f2a7c191628
C 342
R
P 0x7f2a7c191628
P 0x7f2a7c487f98
C 254
= 0x7f2a7c19b1e8
R
P 0x7f2a7c191628
C 342
R
P 0x7f2a7c191628
P 0x7f2a7c19b1e8
C 209
R
P 0x7f2a7c191628
C 342
R
P 0x7f2a7c191628
P 0x7f2a7c487f98
C 260
R
P 0x7f2a7c191628
C 342
R
P 0x7f2a7c191628
P 0x7f2a7c487f98
C 259
R
P 0x7f2a7c191628
C 342
R
P 0x7f2a7c191628
P 0x7f2a7c487f98
C 258
R
P 0x7f2a7c191628
C 342
R
P 0x7f2a7c191628
P 0x7f2a7c487f98
C 9
R
P 0x7f2a7c191628
C 342
R
P 0x7f2a7c191628
P 0x7f2a7c487208
P 0x7f2a7c487f98
P 0x7f2a7c19bb88
C 59
= 0x7f2a7c19fac8
R
P 0x7f2a7c191628
C 342
R
P 0x7f2a7c191628
P 0x7f2a7c19fac8
C 257
R
P 0x7f2a7c191628
C 342
R
P 0x7f2a7c191628
P 0x7f2a7c19fac8
C 254
= 0x7f2a7c19b1e8
R
P 0x7f2a7c191628
C 342
R
P 0x7f2a7c191628
P 0x7f2a7c19b1e8
C 209
R
P 0x7f2a7c191628
C 342
R
P 0x7f2a7c191628
P 0x7f2a7c19fac8
C 260
R
P 0x7f2a7c191628
C 342
R
P 0x7f2a7c191628
P 0x7f2a7c19fac8
C 259
R
P 0x7f2a7c191628
C 342
R
P 0x7f2a7c191628
P 0x7f2a7c19fac8
C 258
R
P 0x7f2a7c191628
C 342
R
P 0x7f2a7c191628
P 0x7f2a7c19fac8
C 9
R
P 0x7f2a7c191628
C 342
R
P 0x7f2a7c191628
U 2
P 0x7f2a7c487908
P 0x7f2a7c19fac8
p 2
C 65
= 0x7f2a7c487fd0
R
P 0x7f2a7c191628
C 342
R
P 0x7f2a7c191628
P 0x7f2a7c487fd0
C 257
R
P 0x7f2a7c191628
C 342
R
P 0x7f2a7c191628
P 0x7f2a7c487fd0
C 254
= 0x7f2a7c19b1e8
R
P 0x7f2a7c191628
C 342
R
P 0x7f2a7c191628
P 0x7f2a7c19b1e8
C 209
R
P 0x7f2a7c191628
C 342
R
P 0x7f2a7c191628
P 0x7f2a7c487fd0
C 260
R
P 0x7f2a7c191628
C 342
R
P 0x7f2a7c191628
P 0x7f2a7c487fd0
C 259
R
P 0x7f2a7c191628
C 342
R
P 0x7f2a7c191628
P 0x7f2a7c487fd0
C 258
R
P 0x7f2a7c191628
C 342
R
P 0x7f2a7c191628
P 0x7f2a7c487fd0
C 9
R
P 0x7f2a7c191628
C 342
R
P 0x7f2a7c191628
U 2
P 0x7f2a7c487fd0
P 0x7f2a7c19bb68
p 2
C 67
= 0x7f2a7c488008
R
P 0x7f2a7c191628
C 342
R
P 0x7f2a7c191628
P 0x7f2a7c488008
C 257
R
P 0x7f2a7c191628
C 342
R
P 0x7f2a7c191628
P 0x7f2a7c488008
C 254
= 0x7f2a7c19b1e8
R
P 0x7f2a7c191628
C 342
R
P 0x7f2a7c191628
P 0x7f2a7c19b1e8
C 209
R
P 0x7f2a7c191628
C 342
R
P 0x7f2a7c191628
P 0x7f2a7c488008
C 260
R
P 0x7f2a7c191628
C 342
R
P 0x7f2a7c191628
P 0x7f2a7c488008
C 259
R
P 0x7f2a7c191628
C 342
R
P 0x7f2a7c191628
P 0x7f2a7c488008
C 258
R
P 0x7f2a7c191628
C 342
R
P 0x7f2a7c191628
P 0x7f2a7c488008
C 9
R
P 0x7f2a7c191628
C 342
R
P 0x7f2a7c191628
P 0x7f2a7c4872e8
P 0x7f2a7c488008
C 74
= 0x7f2a7c488fb0
R
P 0x7f2a7c191628
C 342
R
P 0x7f2a7c191628
P 0x7f2a7c488fb0
C 258
R
P 0x7f2a7c191628
C 342
R
P 0x7f2a7c191628
P 0x7f2a7c488fb0
C 9
R
P 0x7f2a7c191628
C 342
R
P 0x7f2a7c191628
I 3
P 0x7f2a7c19b208
C 150
= 0x7f2a7c19bfc8
R
P 0x7f2a7c191628
C 342
R
P 0x7f2a7c191628
P 0x7f2a7c19bfc8
C 258
R
P 0x7f2a7c191628
C 342
R
P 0x7f2a7c191628
P 0x7f2a7c19bfc8
C 9
R
P 0x7f2a7c191628
C 342
R
P 0x7f2a7c191628
I 1
P 0x7f2a7c19b208
C 150
= 0x7f2a7c19bc88
R
P 0x7f2a7c191628
C 342
R
P 0x7f2a7c191628
P 0x7f2a7c19bc88
C 258
R
P 0x7f2a7c191628
C 342
R
P 0x7f2a7c191628
P 0x7f2a7c19bc88
C 9
R
P 0x7f2a7c191628
C 342
R
P 0x7f2a7c191628
P 0x7f2a7c19bfc8
P 0x7f2a7c19bc88
C 75
= 0x7f2a7c487208
R
P 0x7f2a7c191628
C 342
R
P 0x7f2a7c191628
P 0x7f2a7c487208
C 258
R
P 0x7f2a7c191628
C 342
R
P 0x7f2a7c191628
P 0x7f2a7c487208
C 9
R
P 0x7f2a7c191628
C 342
R
P 0x7f2a7c191628
I 1
P 0x7f2a7c19b208
C 150
= 0x7f2a7c19bc88
R
P 0x7f2a7c191628
C 342
R
P 0x7f2a7c191628
P 0x7f2a7c19bc88
C 258
R
P 0x7f2a7c191628
C 342
R
P 0x7f2a7c191628
P 0x7f2a7c19bc88
C 9
R
P 0x7f2a7c191628
C 342
R
P 0x7f2a7c191628
U 2
P 0x7f2a7c19bfc8
P 0x7f2a7c19bc88
p 2
C 67
= 0x7f2a7c487240
R
P 0x7f2a7c191628
C 342
R
P 0x7f2a7c191628
P 0x7f2a7c487240
C 257
R
P 0x7f2a7c191628
C 342
R
P 0x7f2a7c191628
P 0x7f2a7c487240
C 254
= 0x7f2a7c19b208
R
P 0x7f2a7c191628
C 342
R
P 0x7f2a7c191628
P 0x7f2a7c19b208
C 209
R
P 0x7f2a7c191628
C 342
R
P 0x7f2a7c191628
P 0x7f2a7c487240
C 260
R
P 0x7f2a7c191628
C 342
R
P 0x7f2a7c191628
P 0x7f2a7c487240
C 259
R
P 0x7f2a7c191628
C 342
R
P 0x7f2a7c191628
P 0x7f2a7c487240
C 258
R
P 0x7f2a7c191628
C 342
R
P 0x7f2a7c191628
P 0x7f2a7c487240
C 9
R
P 0x7f2a7c191628
C 342
R
P 0x7f2a7c191628
U 2
P 0x7f2a7c19bba8
P 0x7f2a7c487240
p 2
C 66
= 0x7f2a7c487278
R
P 0x7f2a7c191628
C 342
R
P 0x7f2a7c191628
P 0x7f2a7c487278
C 257
R
P 0x7f2a7c191628
C 342
R
P 0x7f2a7c191628
P 0x7f2a7c487278
C 254
= 0x7f2a7c19b1e8
R
P 0x7f2a7c191628
C 342
R
P 0x7f2a7c191628
P 0x7f2a7c19b1e8
C 209
R
P 0x7f2a7c191628
C 342
R
P 0x7f2a7c191628
P 0x7f2a7c487278
C 260
R
P 0x7f2a7c191628
C 342
R
P 0x7f2a7c191628
P 0x7f2a7c487278
C 259
R
P 0x7f2a7c191628
C 342
R
P 0x7f2a7c191628
P 0x7f2a7c487278
C 258
R
P 0x7f2a7c191628
C 342
R
P 0x7f2a7c191628
P 0x7f2a7c487278
C 9
R
P 0x7f2a7c191628
C 342
R
P 0x7f2a7c191628
U 2
P 0x7f2a7c19bc28
P 0x7f2a7c487278
p 2
C 65
= 0x7f2a7c4872b0
R
P 0x7f2a7c191628
C 342
R
P 0x7f2a7c191628
P 0x7f2a7c4872b0
C 257
R
P 0x7f2a7c191628
C 342
R
P 0x7f2a7c191628
P 0x7f2a7c4872b0
C 254
= 0x7f2a7c19b1e8
R
P 0x7f2a7c191628
C 342
R
P 0x7f2a7c191628
P 0x7f2a7c19b1e8
C 209
R
P 0x7f2a7c191628
C 342
R
P 0x7f2a7c191628
P 0x7f2a7c4872b0
C 260
R
P 0x7f2a7c191628
C 342
R
P 0x7f2a7c191628
P 0x7f2a7c4872b0
C 259
R
P 0x7f2a7c191628
C 342
R
P 0x7f2a7c191628
P 0x7f2a7c4872b0
C 258
R
P 0x7f2a7c191628
C 342
R
P 0x7f2a7c191628
P 0x7f2a7c4872b0
C 9
R
P 0x7f2a7c191628
C 342
R
P 0x7f2a7c191628
P 0x7f2a7c487208
P 0x7f2a7c4872b0
P 0x7f2a7c19bc28
C 59
= 0x7f2a7c19f988
R
P 0x7f2a7c191628
C 342
R
P 0x7f2a7c191628
P 0x7f2a7c19f988
C 257
R
P 0x7f2a7c191628
C 342
R
P 0x7f2a7c191628
P 0x7f2a7c19f988
C 254
= 0x7f2a7c19b1e8
R
P 0x7f2a7c191628
C 342
R
P 0x7f2a7c191628
P 0x7f2a7c19b1e8
C 209
R
P 0x7f2a7c191628
C 342
R
P 0x7f2a7c191628
P 0x7f2a7c19f988
C 260
R
P 0x7f2a7c191628
C 342
R
P 0x7f2a7c191628
P 0x7f2a7c19f988
C 259
R
P 0x7f2a7c191628
C 342
R
P 0x7f2a7c191628
P 0x7f2a7c19f988
C 258
R
P 0x7f2a7c191628
C 342
R
P 0x7f2a7c191628
P 0x7f2a7c19f988
C 9
R
P 0x7f2a7c191628
C 342
R
P 0x7f2a7c191628
U 2
P 0x7f2a7c19f988
P 0x7f2a7c19bb48
p 2
C 65
= 0x7f2a7c4872e8
R
P 0x7f2a7c191628
C 342
R
P 0x7f2a7c191628
P 0x7f2a7c4872e8
C 257
R
P 0x7f2a7c191628
C 342
R
P 0x7f2a7c191628
P 0x7f2a7c4872e8
C 254
= 0x7f2a7c19b1e8
R
P 0x7f2a7c191628
C 342
R
P 0x7f2a7c191628
P 0x7f2a7c19b1e8
C 209
R
P 0x7f2a7c191628
C 342
R
P 0x7f2a7c191628
P 0x7f2a7c4872e8
C 260
R
P 0x7f2a7c191628
C 342
R
P 0x7f2a7c191628
P 0x7f2a7c4872e8
C 259
R
P 0x7f2a7c191628
C 342
R
P 0x7f2a7c191628
P 0x7f2a7c4872e8
C 258
R
P 0x7f2a7c191628
C 342
R
P 0x7f2a7c191628
P 0x7f2a7c4872e8
C 9
R
P 0x7f2a7c191628
C 342
R
P 0x7f2a7c191628
P 0x7f2a7c19bc68
C 333
R
P 0x7f2a7c191628
C 342
R
P 0x7f2a7c191628
S "slotflowPriorityStart"
C 30
R
P 0x7f2a7c191628
C 342
R
P 0x7f2a7c191628
$ |slotflowPriorityStart|
C 202
R
P 0x7f2a7c191628
C 342
R
P 0x7f2a7c191628
$ |slotflowPriorityStart|
P 0x7f2a7c19b1e8
C 51
= 0x7f2a7c19c2a8
R
P 0x7f2a7c191628
C 342
R
P 0x7f2a7c191628
P 0x7f2a7c19c2a8
C 257
R
P 0x7f2a7c191628
C 342
R
P 0x7f2a7c191628
P 0x7f2a7c19c2a8
C 254
= 0x7f2a7c19b1e8
R
P 0x7f2a7c191628
C 342
R
P 0x7f2a7c191628
P 0x7f2a7c19b1e8
C 209
R
P 0x7f2a7c191628
C 342
R
P 0x7f2a7c191628
P 0x7f2a7c19c2a8
C 260
R
P 0x7f2a7c191628
C 342
R
P 0x7f2a7c191628
P 0x7f2a7c19c2a8
C 259
R
P 0x7f2a7c191628
C 342
R
P 0x7f2a7c191628
P 0x7f2a7c19c2a8
C 258
R
P 0x7f2a7c191628
C 342
R
P 0x7f2a7c191628
P 0x7f2a7c19c2a8
C 9
R
P 0x7f2a7c191628
C 342
R
P 0x7f2a7c191628
I 3
P 0x7f2a7c19b208
C 150
= 0x7f2a7c19bfc8
R
P 0x7f2a7c191628
C 342
R
P 0x7f2a7c191628
P 0x7f2a7c19bfc8
C 258
R
P 0x7f2a7c191628
C 342
R
P 0x7f2a7c191628
P 0x7f2a7c19bfc8
C 9
R
P 0x7f2a7c191628
C 342
R
P 0x7f2a7c191628
I 1
P 0x7f2a7c19b208
C 150
= 0x7f2a7c19bc88
R
P 0x7f2a7c191628
C 342
R
P 0x7f2a7c191628
P 0x7f2a7c19bc88
C 258
R
P 0x7f2a7c191628
C 342
R
P 0x7f2a7c191628
P 0x7f2a7c19bc88
C 9
R
P 0x7f2a7c191628
C 342
R
P 0x7f2a7c191628
P 0x7f2a7c19bfc8
P 0x7f2a7c19bc88
C 75
= 0x7f2a7c487208
R
P 0x7f2a7c191628
C 342
R
P 0x7f2a7c191628
P 0x7f2a7c487208
C 258
R
P 0x7f2a7c191628
C 342
R
P 0x7f2a7c191628
P 0x7f2a7c487208
C 9
R
P 0x7f2a7c191628
C 342
R
P 0x7f2a7c191628
I 1
P 0x7f2a7c19b208
C 150
= 0x7f2a7c19bc88
R
P 0x7f2a7c191628
C 342
R
P 0x7f2a7c191628
P 0x7f2a7c19bc88
C 258
R
P 0x7f2a7c191628
C 342
R
P 0x7f2a7c191628
P 0x7f2a7c19bc88
C 9
R
P 0x7f2a7c191628
C 342
R
P 0x7f2a7c191628
U 2
P 0x7f2a7c19bfc8
P 0x7f2a7c19bc88
p 2
C 67
= 0x7f2a7c487240
R
P 0x7f2a7c191628
C 342
R
P 0x7f2a7c191628
P 0x7f2a7c487240
C 257
R
P 0x7f2a7c191628
C 342
R
P 0x7f2a7c191628
P 0x7f2a7c487240
C 254
= 0x7f2a7c19b208
R
P 0x7f2a7c191628
C 342
R
P 0x7f2a7c191628
P 0x7f2a7c19b208
C 209
R
P 0x7f2a7c191628
C 342
R
P 0x7f2a7c191628
P 0x7f2a7c487240
C 260
R
P 0x7f2a7c191628
C 342
R
P 0x7f2a7c191628
P 0x7f2a7c487240
C 259
R
P 0x7f2a7c191628
C 342
R
P 0x7f2a7c191628
P 0x7f2a7c487240
C 258
R
P 0x7f2a7c191628
C 342
R
P 0x7f2a7c191628
P 0x7f2a7c487240
C 9
R
P 0x7f2a7c191628
C 342
R
P 0x7f2a7c191628
U 2
P 0x7f2a7c19bbe8
P 0x7f2a7c487240
p 2
C 66
= 0x7f2a7c487f60
R
P 0x7f2a7c191628
C 342
R
P 0x7f2a7c191628
P 0x7f2a7c487f60
C 257
R
P 0x7f2a7c191628
C 342
R
P 0x7f2a7c191628
P 0x7f2a7c487f60
C 254
= 0x7f2a7c19b208
R
P 0x7f2a7c191628
C 342
R
P 0x7f2a7c191628
P 0x7f2a7c19b208
C 209
R
P 0x7f2a7c191628
C 342
R
P 0x7f2a7c191628
P 0x7f2a7c487f60
C 260
R
P 0x7f2a7c191628
C 342
R
P 0x7f2a7c191628
P 0x7f2a7c487f60
C 259
R
P 0x7f2a7c191628
C 342
R
P 0x7f2a7c191628
P 0x7f2a7c487f60
C 258
R
P 0x7f2a7c191628
C 342
R
P 0x7f2a7c191628
P 0x7f2a7c487f60
C 9
R
P 0x7f2a7c191628
C 342
R
P 0x7f2a7c191628
U 2
P 0x7f2a7c19bb88
P 0x7f2a7c487f60
p 2
C 65
= 0x7f2a7c487f98
R
P 0x7f2a7c191628
C 342
R
P 0x7f2a7c191628
P 0x7f2a7c487f98
C 257
R
P 0x7f2a7c191628
C 342
R
P 0x7f2a7c191628
P 0x7f2a7c487f98
C 254
= 0x7f2a7c19b1e8
R
P 0x7f2a7c191628
C 342
R
P 0x7f2a7c191628
P 0x7f2a7c19b1e8
C 209
R
P 0x7f2a7c191628
C 342
R
P 0x7f2a7c191628
P 0x7f2a7c487f98
C 260
R
P 0x7f2a7c191628
C 342
R
P 0x7f2a7c191628
P 0x7f2a7c487f98
C 259
R
P 0x7f2a7c191628
C 342
R
P 0x7f2a7c191628
P 0x7f2a7c487f98
C 258
R
P 0x7f2a7c191628
C 342
R
P 0x7f2a7c191628
P 0x7f2a7c487f98
C 9
R
P 0x7f2a7c191628
C 342
R
P 0x7f2a7c191628
P 0x7f2a7c487208
P 0x7f2a7c487f98
P 0x7f2a7c19bb88
C 59
= 0x7f2a7c19fac8
R
P 0x7f2a7c191628
C 342
R
P 0x7f2a7c191628
P 0x7f2a7c19fac8
C 257
R
P 0x7f2a7c191628
C 342
R
P 0x7f2a7c191628
P 0x7f2a7c19fac8
C 254
= 0x7f2a7c19b1e8
R
P 0x7f2a7c191628
C 342
R
P 0x7f2a7c191628
P 0x7f2a7c19b1e8
C 209
R
P 0x7f2a7c191628
C 342
R
P 0x7f2a7c191628
P 0x7f2a7c19fac8
C 260
R
P 0x7f2a7c191628
C 342
R
P 0x7f2a7c191628
P 0x7f2a7c19fac8
C 259
R
P 0x7f2a7c191628
C 342
R
P 0x7f2a7c191628
P 0x7f2a7c19fac8
C 258
R
P 0x7f2a7c191628
C 342
R
P 0x7f2a7c191628
P 0x7f2a7c19fac8
C 9
R
P 0x7f2a7c191628
C 342
R
P 0x7f2a7c191628
U 2
P 0x7f2a7c19c2a8
P 0x7f2a7c19fac8
p 2
C 65
= 0x7f2a7c488078
R
P 0x7f2a7c191628
C 342
R
P 0x7f2a7c191628
P 0x7f2a7c488078
C 257
R
P 0x7f2a7c191628
C 342
R
P 0x7f2a7c191628
P 0x7f2a7c488078
C 254
= 0x7f2a7c19b1e8
R
P 0x7f2a7c191628
C 342
R
P 0x7f2a7c191628
P 0x7f2a7c19b1e8
C 209
R
P 0x7f2a7c191628
C 342
R
P 0x7f2a7c191628
P 0x7f2a7c488078
C 260
R
P 0x7f2a7c191628
C 342
R
P 0x7f2a7c191628
P 0x7f2a7c488078
C 259
R
P 0x7f2a7c191628
C 342
R
P 0x7f2a7c191628
P 0x7f2a7c488078
C 258
R
P 0x7f2a7c191628
C 342
R
P 0x7f2a7c191628
P 0x7f2a7c488078
C 9
R
P 0x7f2a7c191628
C 342
R
P 0x7f2a7c191628
P 0x7f2a7c4872e8
P 0x7f2a7c488078
C 76
= 0x7f2a7c488fe8
R
P 0x7f2a7c191628
C 342
R
P 0x7f2a7c191628
P 0x7f2a7c488fe8
C 258
R
P 0x7f2a7c191628
C 342
R
P 0x7f2a7c191628
P 0x7f2a7c488fe8
C 9
R
P 0x7f2a7c191628
C 342
R
P 0x7f2a7c191628
U 2
P 0x7f2a7c488fb0
P 0x7f2a7c488fe8
p 2
C 63
= 0x7f2a7c489020
R
P 0x7f2a7c191628
C 342
R
P 0x7f2a7c191628
P 0x7f2a7c489020
C 258
R
P 0x7f2a7c191628
C 342
R
P 0x7f2a7c191628
P 0x7f2a7c489020
C 9
R
P 0x7f2a7c191628
C 342
R
P 0x7f2a7c191628
I 3
P 0x7f2a7c19b208
C 150
= 0x7f2a7c19bfc8
R
P 0x7f2a7c191628
C 342
R
P 0x7f2a7c191628
P 0x7f2a7c19bfc8
C 258
R
P 0x7f2a7c191628
C 342
R
P 0x7f2a7c191628
P 0x7f2a7c19bfc8
C 9
R
P 0x7f2a7c191628
C 342
R
P 0x7f2a7c191628
P 0x7f2a7c19bfc8
C 263
R
P 0x7f2a7c191628
C 342
R
P 0x7f2a7c191628
S "dev0T33"
C 30
R
P 0x7f2a7c191628
C 342
R
P 0x7f2a7c191628
$ |dev0T33|
C 202
R
P 0x7f2a7c191628
C 342
R
P 0x7f2a7c191628
$ |dev0T33|
P 0x7f2a7c19b1e8
C 51
= 0x7f2a7c19c228
R
P 0x7f2a7c191628
C 342
R
P 0x7f2a7c191628
P 0x7f2a7c19c228
C 257
R
P 0x7f2a7c191628
C 342
R
P 0x7f2a7c191628
P 0x7f2a7c19c228
C 254
= 0x7f2a7c19b1e8
R
P 0x7f2a7c191628
C 342
R
P 0x7f2a7c191628
P 0x7f2a7c19b1e8
C 209
R
P 0x7f2a7c191628
C 342
R
P 0x7f2a7c191628
P 0x7f2a7c19c228
C 260
R
P 0x7f2a7c191628
C 342
R
P 0x7f2a7c191628
P 0x7f2a7c19c228
C 259
R
P 0x7f2a7c191628
C 342
R
P 0x7f2a7c191628
P 0x7f2a7c19c228
C 258
R
P 0x7f2a7c191628
C 342
R
P 0x7f2a7c191628
P 0x7f2a7c19c228
C 9
R
P 0x7f2a7c191628
C 342
R
P 0x7f2a7c191628
I 3
P 0x7f2a7c19b208
C 150
= 0x7f2a7c19bfc8
R
P 0x7f2a7c191628
C 342
R
P 0x7f2a7c191628
P 0x7f2a7c19bfc8
C 258
R
P 0x7f2a7c191628
C 342
R
P 0x7f2a7c191628
P 0x7f2a7c19bfc8
C 9
R
P 0x7f2a7c191628
C 342
R
P 0x7f2a7c191628
I 1
P 0x7f2a7c19b208
C 150
= 0x7f2a7c19bc88
R
P 0x7f2a7c191628
C 342
R
P 0x7f2a7c191628
P 0x7f2a7c19bc88
C 258
R
P 0x7f2a7c191628
C 342
R
P 0x7f2a7c191628
P 0x7f2a7c19bc88
C 9
R
P 0x7f2a7c191628
C 342
R
P 0x7f2a7c191628
P 0x7f2a7c19bfc8
P 0x7f2a7c19bc88
C 75
= 0x7f2a7c487208
R
P 0x7f2a7c191628
C 342
R
P 0x7f2a7c191628
P 0x7f2a7c487208
C 258
R
P 0x7f2a7c191628
C 342
R
P 0x7f2a7c191628
P 0x7f2a7c487208
C 9
R
P 0x7f2a7c191628
C 342
R
P 0x7f2a7c191628
I 1
P 0x7f2a7c19b208
C 150
= 0x7f2a7c19bc88
R
P 0x7f2a7c191628
C 342
R
P 0x7f2a7c191628
P 0x7f2a7c19bc88
C 258
R
P 0x7f2a7c191628
C 342
R
P 0x7f2a7c191628
P 0x7f2a7c19bc88
C 9
R
P 0x7f2a7c191628
C 342
R
P 0x7f2a7c191628
U 2
P 0x7f2a7c19bfc8
P 0x7f2a7c19bc88
p 2
C 67
= 0x7f2a7c487240
R
P 0x7f2a7c191628
C 342
R
P 0x7f2a7c191628
P 0x7f2a7c487240
C 257
R
P 0x7f2a7c191628
C 342
R
P 0x7f2a7c191628
P 0x7f2a7c487240
C 254
= 0x7f2a7c19b208
R
P 0x7f2a7c191628
C 342
R
P 0x7f2a7c191628
P 0x7f2a7c19b208
C 209
R
P 0x7f2a7c191628
C 342
R
P 0x7f2a7c191628
P 0x7f2a7c487240
C 260
R
P 0x7f2a7c191628
C 342
R
P 0x7f2a7c191628
P 0x7f2a7c487240
C 259
R
P 0x7f2a7c191628
C 342
R
P 0x7f2a7c191628
P 0x7f2a7c487240
C 258
R
P 0x7f2a7c191628
C 342
R
P 0x7f2a7c191628
P 0x7f2a7c487240
C 9
R
P 0x7f2a7c191628
C 342
R
P 0x7f2a7c191628
U 2
P 0x7f2a7c19bba8
P 0x7f2a7c487240
p 2
C 66
= 0x7f2a7c487278
R
P 0x7f2a7c191628
C 342
R
P 0x7f2a7c191628
P 0x7f2a7c487278
C 257
R
P 0x7f2a7c191628
C 342
R
P 0x7f2a7c191628
P 0x7f2a7c487278
C 254
= 0x7f2a7c19b1e8
R
P 0x7f2a7c191628
C 342
R
P 0x7f2a7c191628
P 0x7f2a7c19b1e8
C 209
R
P 0x7f2a7c191628
C 342
R
P 0x7f2a7c191628
P 0x7f2a7c487278
C 260
R
P 0x7f2a7c191628
C 342
R
P 0x7f2a7c191628
P 0x7f2a7c487278
C 259
R
P 0x7f2a7c191628
C 342
R
P 0x7f2a7c191628
P 0x7f2a7c487278
C 258
R
P 0x7f2a7c191628
C 342
R
P 0x7f2a7c191628
P 0x7f2a7c487278
C 9
R
P 0x7f2a7c191628
C 342
R
P 0x7f2a7c191628
U 2
P 0x7f2a7c19bc28
P 0x7f2a7c487278
p 2
C 65
= 0x7f2a7c4872b0
R
P 0x7f2a7c191628
C 342
R
P 0x7f2a7c191628
P 0x7f2a7c4872b0
C 257
R
P 0x7f2a7c191628
C 342
R
P 0x7f2a7c191628
P 0x7f2a7c4872b0
C 254
= 0x7f2a7c19b1e8
R
P 0x7f2a7c191628
C 342
R
P 0x7f2a7c191628
P 0x7f2a7c19b1e8
C 209
R
P 0x7f2a7c191628
C 342
R
P 0x7f2a7c191628
P 0x7f2a7c4872b0
C 260
R
P 0x7f2a7c191628
C 342
R
P 0x7f2a7c191628
P 0x7f2a7c4872b0
C 259
R
P 0x7f2a7c191628
C 342
R
P 0x7f2a7c191628
P 0x7f2a7c4872b0
C 258
R
P 0x7f2a7c191628
C 342
R
P 0x7f2a7c191628
P 0x7f2a7c4872b0
C 9
R
P 0x7f2a7c191628
C 342
R
P 0x7f2a7c191628
P 0x7f2a7c487208
P 0x7f2a7c4872b0
P 0x7f2a7c19bc28
C 59
= 0x7f2a7c19f988
R
P 0x7f2a7c191628
C 342
R
P 0x7f2a7c191628
P 0x7f2a7c19f988
C 257
R
P 0x7f2a7c191628
C 342
R
P 0x7f2a7c191628
P 0x7f2a7c19f988
C 254
= 0x7f2a7c19b1e8
R
P 0x7f2a7c191628
C 342
R
P 0x7f2a7c191628
P 0x7f2a7c19b1e8
C 209
R
P 0x7f2a7c191628
C 342
R
P 0x7f2a7c191628
P 0x7f2a7c19f988
C 260
R
P 0x7f2a7c191628
C 342
R
P 0x7f2a7c191628
P 0x7f2a7c19f988
C 259
R
P 0x7f2a7c191628
C 342
R
P 0x7f2a7c191628
P 0x7f2a7c19f988
C 258
R
P 0x7f2a7c191628
C 342
R
P 0x7f2a7c191628
P 0x7f2a7c19f988
C 9
R
P 0x7f2a7c191628
C 342
R
P 0x7f2a7c191628
U 2
P 0x7f2a7c19f988
P 0x7f2a7c19bb48
p 2
C 65
= 0x7f2a7c4872e8
R
P 0x7f2a7c191628
C 342
R
P 0x7f2a7c191628
P 0x7f2a7c4872e8
C 257
R
P 0x7f2a7c191628
C 342
R
P 0x7f2a7c191628
P 0x7f2a7c4872e8
C 254
= 0x7f2a7c19b1e8
R
P 0x7f2a7c191628
C 342
R
P 0x7f2a7c191628
P 0x7f2a7c19b1e8
C 209
R
P 0x7f2a7c191628
C 342
R
P 0x7f2a7c191628
P 0x7f2a7c4872e8
C 260
R
P 0x7f2a7c191628
C 342
R
P 0x7f2a7c191628
P 0x7f2a7c4872e8
C 259
R
P 0x7f2a7c191628
C 342
R
P 0x7f2a7c191628
P 0x7f2a7c4872e8
C 258
R
P 0x7f2a7c191628
C 342
R
P 0x7f2a7c191628
P 0x7f2a7c4872e8
C 9
R
P 0x7f2a7c191628
C 342
R
P 0x7f2a7c191628
U 2
P 0x7f2a7c4872e8
P 0x7f2a7c19bb68
p 2
C 65
= 0x7f2a7c487320
R
P 0x7f2a7c191628
C 342
R
P 0x7f2a7c191628
P 0x7f2a7c487320
C 257
R
P 0x7f2a7c191628
C 342
R
P 0x7f2a7c191628
P 0x7f2a7c487320
C 254
= 0x7f2a7c19b1e8
R
P 0x7f2a7c191628
C 342
R
P 0x7f2a7c191628
P 0x7f2a7c19b1e8
C 209
R
P 0x7f2a7c191628
C 342
R
P 0x7f2a7c191628
P 0x7f2a7c487320
C 260
R
P 0x7f2a7c191628
C 342
R
P 0x7f2a7c191628
P 0x7f2a7c487320
C 259
R
P 0x7f2a7c191628
C 342
R
P 0x7f2a7c191628
P 0x7f2a7c487320
C 258
R
P 0x7f2a7c191628
C 342
R
P 0x7f2a7c191628
P 0x7f2a7c487320
C 9
R
P 0x7f2a7c191628
C 342
R
P 0x7f2a7c191628
P 0x7f2a7c19c228
P 0x7f2a7c487320
C 56
= 0x7f2a7c488d80
R
P 0x7f2a7c191628
C 342
R
P 0x7f2a7c191628
P 0x7f2a7c488d80
C 258
R
P 0x7f2a7c191628
C 342
R
P 0x7f2a7c191628
P 0x7f2a7c488d80
C 9
R
P 0x7f2a7c191628
C 342
R
P 0x7f2a7c191628
P 0x7f2a7c489020
P 0x7f2a7c488d80
C 61
= 0x7f2a7c489058
R
P 0x7f2a7c191628
C 342
R
P 0x7f2a7c191628
P 0x7f2a7c489058
C 258
R
P 0x7f2a7c191628
C 342
R
P 0x7f2a7c191628
P 0x7f2a7c489058
C 9
R
P 0x7f2a7c191628
C 342
R
P 0x7f2a7c191628
P 0x7f2a7c1e1fc8
P 0x7f2a7c489058
C 427
R
P 0x7f2a7c191628
C 342
R
P 0x7f2a7c191628
I 3
P 0x7f2a7c19b208
C 150
= 0x7f2a7c19bfc8
R
P 0x7f2a7c191628
C 342
R
P 0x7f2a7c191628
P 0x7f2a7c19bfc8
C 258
R
P 0x7f2a7c191628
C 342
R
P 0x7f2a7c191628
P 0x7f2a7c19bfc8
C 9
R
P 0x7f2a7c191628
C 342
R
P 0x7f2a7c191628
I 1
P 0x7f2a7c19b208
C 150
= 0x7f2a7c19bc88
R
P 0x7f2a7c191628
C 342
R
P 0x7f2a7c191628
P 0x7f2a7c19bc88
C 258
R
P 0x7f2a7c191628
C 342
R
P 0x7f2a7c191628
P 0x7f2a7c19bc88
C 9
R
P 0x7f2a7c191628
C 342
R
P 0x7f2a7c191628
P 0x7f2a7c19bfc8
P 0x7f2a7c19bc88
C 75
= 0x7f2a7c487208
R
P 0x7f2a7c191628
C 342
R
P 0x7f2a7c191628
P 0x7f2a7c487208
C 258
R
P 0x7f2a7c191628
C 342
R
P 0x7f2a7c191628
P 0x7f2a7c487208
C 9
R
P 0x7f2a7c191628
C 342
R
P 0x7f2a7c191628
I 1
P 0x7f2a7c19b208
C 150
= 0x7f2a7c19bc88
R
P 0x7f2a7c191628
C 342
R
P 0x7f2a7c191628
P 0x7f2a7c19bc88
C 258
R
P 0x7f2a7c191628
C 342
R
P 0x7f2a7c191628
P 0x7f2a7c19bc88
C 9
R
P 0x7f2a7c191628
C 342
R
P 0x7f2a7c191628
U 2
P 0x7f2a7c19bfc8
P 0x7f2a7c19bc88
p 2
C 67
= 0x7f2a7c487240
R
P 0x7f2a7c191628
C 342
R
P 0x7f2a7c191628
P 0x7f2a7c487240
C 257
R
P 0x7f2a7c191628
C 342
R
P 0x7f2a7c191628
P 0x7f2a7c487240
C 254
= 0x7f2a7c19b208
R
P 0x7f2a7c191628
C 342
R
P 0x7f2a7c191628
P 0x7f2a7c19b208
C 209
R
P 0x7f2a7c191628
C 342
R
P 0x7f2a7c191628
P 0x7f2a7c487240
C 260
R
P 0x7f2a7c191628
C 342
R
P 0x7f2a7c191628
P 0x7f2a7c487240
C 259
R
P 0x7f2a7c191628
C 342
R
P 0x7f2a7c191628
P 0x7f2a7c487240
C 258
R
P 0x7f2a7c191628
C 342
R
P 0x7f2a7c191628
P 0x7f2a7c487240
C 9
R
P 0x7f2a7c191628
C 342
R
P 0x7f2a7c191628
U 2
P 0x7f2a7c19bba8
P 0x7f2a7c487240
p 2
C 66
= 0x7f2a7c487278
R
P 0x7f2a7c191628
C 342
R
P 0x7f2a7c191628
P 0x7f2a7c487278
C 257
R
P 0x7f2a7c191628
C 342
R
P 0x7f2a7c191628
P 0x7f2a7c487278
C 254
= 0x7f2a7c19b1e8
R
P 0x7f2a7c191628
C 342
R
P 0x7f2a7c191628
P 0x7f2a7c19b1e8
C 209
R
P 0x7f2a7c191628
C 342
R
P 0x7f2a7c191628
P 0x7f2a7c487278
C 260
R
P 0x7f2a7c191628
C 342
R
P 0x7f2a7c191628
P 0x7f2a7c487278
C 259
R
P 0x7f2a7c191628
C 342
R
P 0x7f2a7c191628
P 0x7f2a7c487278
C 258
R
P 0x7f2a7c191628
C 342
R
P 0x7f2a7c191628
P 0x7f2a7c487278
C 9
R
P 0x7f2a7c191628
C 342
R
P 0x7f2a7c191628
U 2
P 0x7f2a7c19bc28
P 0x7f2a7c487278
p 2
C 65
= 0x7f2a7c4872b0
R
P 0x7f2a7c191628
C 342
R
P 0x7f2a7c191628
P 0x7f2a7c4872b0
C 257
R
P 0x7f2a7c191628
C 342
R
P 0x7f2a7c191628
P 0x7f2a7c4872b0
C 254
= 0x7f2a7c19b1e8
R
P 0x7f2a7c191628
C 342
R
P 0x7f2a7c191628
P 0x7f2a7c19b1e8
C 209
R
P 0x7f2a7c191628
C 342
R
P 0x7f2a7c191628
P 0x7f2a7c4872b0
C 260
R
P 0x7f2a7c191628
C 342
R
P 0x7f2a7c191628
P 0x7f2a7c4872b0
C 259
R
P 0x7f2a7c191628
C 342
R
P 0x7f2a7c191628
P 0x7f2a7c4872b0
C 258
R
P 0x7f2a7c191628
C 342
R
P 0x7f2a7c191628
P 0x7f2a7c4872b0
C 9
R
P 0x7f2a7c191628
C 342
R
P 0x7f2a7c191628
P 0x7f2a7c487208
P 0x7f2a7c4872b0
P 0x7f2a7c19bc28
C 59
= 0x7f2a7c19f988
R
P 0x7f2a7c191628
C 342
R
P 0x7f2a7c191628
P 0x7f2a7c19f988
C 257
R
P 0x7f2a7c191628
C 342
R
P 0x7f2a7c191628
P 0x7f2a7c19f988
C 254
= 0x7f2a7c19b1e8
R
P 0x7f2a7c191628
C 342
R
P 0x7f2a7c191628
P 0x7f2a7c19b1e8
C 209
R
P 0x7f2a7c191628
C 342
R
P 0x7f2a7c191628
P 0x7f2a7c19f988
C 260
R
P 0x7f2a7c191628
C 342
R
P 0x7f2a7c191628
P 0x7f2a7c19f988
C 259
R
P 0x7f2a7c191628
C 342
R
P 0x7f2a7c191628
P 0x7f2a7c19f988
C 258
R
P 0x7f2a7c191628
C 342
R
P 0x7f2a7c191628
P 0x7f2a7c19f988
C 9
R
P 0x7f2a7c191628
C 342
R
P 0x7f2a7c191628
U 2
P 0x7f2a7c19f988
P 0x7f2a7c19bb48
p 2
C 65
= 0x7f2a7c4872e8
R
P 0x7f2a7c191628
C 342
R
P 0x7f2a7c191628
P 0x7f2a7c4872e8
C 257
R
P 0x7f2a7c191628
C 342
R
P 0x7f2a7c191628
P 0x7f2a7c4872e8
C 254
= 0x7f2a7c19b1e8
R
P 0x7f2a7c191628
C 342
R
P 0x7f2a7c191628
P 0x7f2a7c19b1e8
C 209
R
P 0x7f2a7c191628
C 342
R
P 0x7f2a7c191628
P 0x7f2a7c4872e8
C 260
R
P 0x7f2a7c191628
C 342
R
P 0x7f2a7c191628
P 0x7f2a7c4872e8
C 259
R
P 0x7f2a7c191628
C 342
R
P 0x7f2a7c191628
P 0x7f2a7c4872e8
C 258
R
P 0x7f2a7c191628
C 342
R
P 0x7f2a7c191628
P 0x7f2a7c4872e8
C 9
R
P 0x7f2a7c191628
C 342
R
P 0x7f2a7c191628
P 0x7f2a7c19bc68
C 333
R
P 0x7f2a7c191628
C 342
R
P 0x7f2a7c191628
S "slotflowPriorityStart"
C 30
R
P 0x7f2a7c191628
C 342
R
P 0x7f2a7c191628
$ |slotflowPriorityStart|
C 202
R
P 0x7f2a7c191628
C 342
R
P 0x7f2a7c191628
$ |slotflowPriorityStart|
P 0x7f2a7c19b1e8
C 51
= 0x7f2a7c19c2a8
R
P 0x7f2a7c191628
C 342
R
P 0x7f2a7c191628
P 0x7f2a7c19c2a8
C 257
R
P 0x7f2a7c191628
C 342
R
P 0x7f2a7c191628
P 0x7f2a7c19c2a8
C 254
= 0x7f2a7c19b1e8
R
P 0x7f2a7c191628
C 342
R
P 0x7f2a7c191628
P 0x7f2a7c19b1e8
C 209
R
P 0x7f2a7c191628
C 342
R
P 0x7f2a7c191628
P 0x7f2a7c19c2a8
C 260
R
P 0x7f2a7c191628
C 342
R
P 0x7f2a7c191628
P 0x7f2a7c19c2a8
C 259
R
P 0x7f2a7c191628
C 342
R
P 0x7f2a7c191628
P 0x7f2a7c19c2a8
C 258
R
P 0x7f2a7c191628
C 342
R
P 0x7f2a7c191628
P 0x7f2a7c19c2a8
C 9
R
P 0x7f2a7c191628
C 342
R
P 0x7f2a7c191628
P 0x7f2a7c19bc68
C 333
R
P 0x7f2a7c191628
C 342
R
P 0x7f2a7c191628
S "slotflowPriorityDuration"
C 30
R
P 0x7f2a7c191628
C 342
R
P 0x7f2a7c191628
$ |slotflowPriorityDuration|
C 202
R
P 0x7f2a7c191628
C 342
R
P 0x7f2a7c191628
$ |slotflowPriorityDuration|
P 0x7f2a7c19b1e8
C 51
= 0x7f2a7c19c268
R
P 0x7f2a7c191628
C 342
R
P 0x7f2a7c191628
P 0x7f2a7c19c268
C 257
R
P 0x7f2a7c191628
C 342
R
P 0x7f2a7c191628
P 0x7f2a7c19c268
C 254
= 0x7f2a7c19b1e8
R
P 0x7f2a7c191628
C 342
R
P 0x7f2a7c191628
P 0x7f2a7c19b1e8
C 209
R
P 0x7f2a7c191628
C 342
R
P 0x7f2a7c191628
P 0x7f2a7c19c268
C 260
R
P 0x7f2a7c191628
C 342
R
P 0x7f2a7c191628
P 0x7f2a7c19c268
C 259
R
P 0x7f2a7c191628
C 342
R
P 0x7f2a7c191628
P 0x7f2a7c19c268
C 258
R
P 0x7f2a7c191628
C 342
R
P 0x7f2a7c191628
P 0x7f2a7c19c268
C 9
R
P 0x7f2a7c191628
C 342
R
P 0x7f2a7c191628
U 2
P 0x7f2a7c19c2a8
P 0x7f2a7c19c268
p 2
C 65
= 0x7f2a7c487908
R
P 0x7f2a7c191628
C 342
R
P 0x7f2a7c191628
P 0x7f2a7c487908
C 257
R
P 0x7f2a7c191628
C 342
R
P 0x7f2a7c191628
P 0x7f2a7c487908
C 254
= 0x7f2a7c19b1e8
R
P 0x7f2a7c191628
C 342
R
P 0x7f2a7c191628
P 0x7f2a7c19b1e8
C 209
R
P 0x7f2a7c191628
C 342
R
P 0x7f2a7c191628
P 0x7f2a7c487908
C 260
R
P 0x7f2a7c191628
C 342
R
P 0x7f2a7c191628
P 0x7f2a7c487908
C 259
R
P 0x7f2a7c191628
C 342
R
P 0x7f2a7c191628
P 0x7f2a7c487908
C 258
R
P 0x7f2a7c191628
C 342
R
P 0x7f2a7c191628
P 0x7f2a7c487908
C 9
R
P 0x7f2a7c191628
C 342
R
P 0x7f2a7c191628
I 4
P 0x7f2a7c19b208
C 150
= 0x7f2a7c19c028
R
P 0x7f2a7c191628
C 342
R
P 0x7f2a7c191628
P 0x7f2a7c19c028
C 258
R
P 0x7f2a7c191628
C 342
R
P 0x7f2a7c191628
P 0x7f2a7c19c028
C 9
R
P 0x7f2a7c191628
C 342
R
P 0x7f2a7c191628
I 1
P 0x7f2a7c19b208
C 150
= 0x7f2a7c19bc88
R
P 0x7f2a7c191628
C 342
R
P 0x7f2a7c191628
P 0x7f2a7c19bc88
C 258
R
P 0x7f2a7c191628
C 342
R
P 0x7f2a7c191628
P 0x7f2a7c19bc88
C 9
R
P 0x7f2a7c191628
C 342
R
P 0x7f2a7c191628
P 0x7f2a7c19c028
P 0x7f2a7c19bc88
C 75
= 0x7f2a7c487390
R
P 0x7f2a7c191628
C 342
R
P 0x7f2a7c191628
P 0x7f2a7c487390
C 258
R
P 0x7f2a7c191628
C 342
R
P 0x7f2a7c191628
P 0x7f2a7c487390
C 9
R
P 0x7f2a7c191628
C 342
R
P 0x7f2a7c191628
I 1
P 0x7f2a7c19b208
C 150
= 0x7f2a7c19bc88
R
P 0x7f2a7c191628
C 342
R
P 0x7f2a7c191628
P 0x7f2a7c19bc88
C 258
R
P 0x7f2a7c191628
C 342
R
P 0x7f2a7c191628
P 0x7f2a7c19bc88
C 9
R
P 0x7f2a7c191628
C 342
R
P 0x7f2a7c191628
U 2
P 0x7f2a7c19c028
P 0x7f2a7c19bc88
p 2
C 67
= 0x7f2a7c4873c8
R
P 0x7f2a7c191628
C 342
R
P 0x7f2a7c191628
P 0x7f2a7c4873c8
C 257
R
P 0x7f2a7c191628
C 342
R
P 0x7f2a7c191628
P 0x7f2a7c4873c8
C 254
= 0x7f2a7c19b208
R
P 0x7f2a7c191628
C 342
R
P 0x7f2a7c191628
P 0x7f2a7c19b208
C 209
R
P 0x7f2a7c191628
C 342
R
P 0x7f2a7c191628
P 0x7f2a7c4873c8
C 260
R
P 0x7f2a7c191628
C 342
R
P 0x7f2a7c191628
P 0x7f2a7c4873c8
C 259
R
P 0x7f2a7c191628
C 342
R
P 0x7f2a7c191628
P 0x7f2a7c4873c8
C 258
R
P 0x7f2a7c191628
C 342
R
P 0x7f2a7c191628
P 0x7f2a7c4873c8
C 9
R
P 0x7f2a7c191628
C 342
R
P 0x7f2a7c191628
U 2
P 0x7f2a7c19bbe8
P 0x7f2a7c4873c8
p 2
C 66
= 0x7f2a7c488158
R
P 0x7f2a7c191628
C 342
R
P 0x7f2a7c191628
P 0x7f2a7c488158
C 257
R
P 0x7f2a7c191628
C 342
R
P 0x7f2a7c191628
P 0x7f2a7c488158
C 254
= 0x7f2a7c19b208
R
P 0x7f2a7c191628
C 342
R
P 0x7f2a7c191628
P 0x7f2a7c19b208
C 209
R
P 0x7f2a7c191628
C 342
R
P 0x7f2a7c191628
P 0x7f2a7c488158
C 260
R
P 0x7f2a7c191628
C 342
R
P 0x7f2a7c191628
P 0x7f2a7c488158
C 259
R
P 0x7f2a7c191628
C 342
R
P 0x7f2a7c191628
P 0x7f2a7c488158
C 258
R
P 0x7f2a7c191628
C 342
R
P 0x7f2a7c191628
P 0x7f2a7c488158
C 9
R
P 0x7f2a7c191628
C 342
R
P 0x7f2a7c191628
U 2
P 0x7f2a7c19bb88
P 0x7f2a7c488158
p 2
C 65
= 0x7f2a7c488190
R
P 0x7f2a7c191628
C 342
R
P 0x7f2a7c191628
P 0x7f2a7c488190
C 257
R
P 0x7f2a7c191628
C 342
R
P 0x7f2a7c191628
P 0x7f2a7c488190
C 254
= 0x7f2a7c19b1e8
R
P 0x7f2a7c191628
C 342
R
P 0x7f2a7c191628
P 0x7f2a7c19b1e8
C 209
R
P 0x7f2a7c191628
C 342
R
P 0x7f2a7c191628
P 0x7f2a7c488190
C 260
R
P 0x7f2a7c191628
C 342
R
P 0x7f2a7c191628
P 0x7f2a7c488190
C 259
R
P 0x7f2a7c191628
C 342
R
P 0x7f2a7c191628
P 0x7f2a7c488190
C 258
R
P 0x7f2a7c191628
C 342
R
P 0x7f2a7c191628
P 0x7f2a7c488190
C 9
R
P 0x7f2a7c191628
C 342
R
P 0x7f2a7c191628
P 0x7f2a7c487390
P 0x7f2a7c488190
P 0x7f2a7c19bb88
C 59
= 0x7f2a7c19fb08
R
P 0x7f2a7c191628
C 342
R
P 0x7f2a7c191628
P 0x7f2a7c19fb08
C 257
R
P 0x7f2a7c191628
C 342
R
P 0x7f2a7c191628
P 0x7f2a7c19fb08
C 254
= 0x7f2a7c19b1e8
R
P 0x7f2a7c191628
C 342
R
P 0x7f2a7c191628
P 0x7f2a7c19b1e8
C 209
R
P 0x7f2a7c191628
C 342
R
P 0x7f2a7c191628
P 0x7f2a7c19fb08
C 260
R
P 0x7f2a7c191628
C 342
R
P 0x7f2a7c191628
P 0x7f2a7c19fb08
C 259
R
P 0x7f2a7c191628
C 342
R
P 0x7f2a7c191628
P 0x7f2a7c19fb08
C 258
R
P 0x7f2a7c191628
C 342
R
P 0x7f2a7c191628
P 0x7f2a7c19fb08
C 9
R
P 0x7f2a7c191628
C 342
R
P 0x7f2a7c191628
U 2
P 0x7f2a7c487908
P 0x7f2a7c19fb08
p 2
C 65
= 0x7f2a7c4881c8
R
P 0x7f2a7c191628
C 342
R
P 0x7f2a7c191628
P 0x7f2a7c4881c8
C 257
R
P 0x7f2a7c191628
C 342
R
P 0x7f2a7c191628
P 0x7f2a7c4881c8
C 254
= 0x7f2a7c19b1e8
R
P 0x7f2a7c191628
C 342
R
P 0x7f2a7c191628
P 0x7f2a7c19b1e8
C 209
R
P 0x7f2a7c191628
C 342
R
P 0x7f2a7c191628
P 0x7f2a7c4881c8
C 260
R
P 0x7f2a7c191628
C 342
R
P 0x7f2a7c191628
P 0x7f2a7c4881c8
C 259
R
P 0x7f2a7c191628
C 342
R
P 0x7f2a7c191628
P 0x7f2a7c4881c8
C 258
R
P 0x7f2a7c191628
C 342
R
P 0x7f2a7c191628
P 0x7f2a7c4881c8
C 9
R
P 0x7f2a7c191628
C 342
R
P 0x7f2a7c191628
U 2
P 0x7f2a7c4881c8
P 0x7f2a7c19bb68
p 2
C 67
= 0x7f2a7c488200
R
P 0x7f2a7c191628
C 342
R
P 0x7f2a7c191628
P 0x7f2a7c488200
C 257
R
P 0x7f2a7c191628
C 342
R
P 0x7f2a7c191628
P 0x7f2a7c488200
C 254
= 0x7f2a7c19b1e8
R
P 0x7f2a7c191628
C 342
R
P 0x7f2a7c191628
P 0x7f2a7c19b1e8
C 209
R
P 0x7f2a7c191628
C 342
R
P 0x7f2a7c191628
P 0x7f2a7c488200
C 260
R
P 0x7f2a7c191628
C 342
R
P 0x7f2a7c191628
P 0x7f2a7c488200
C 259
R
P 0x7f2a7c191628
C 342
R
P 0x7f2a7c191628
P 0x7f2a7c488200
C 258
R
P 0x7f2a7c191628
C 342
R
P 0x7f2a7c191628
P 0x7f2a7c488200
C 9
R
P 0x7f2a7c191628
C 342
R
P 0x7f2a7c191628
P 0x7f2a7c4872e8
P 0x7f2a7c488200
C 74
= 0x7f2a7c489090
R
P 0x7f2a7c191628
C 342
R
P 0x7f2a7c191628
P 0x7f2a7c489090
C 258
R
P 0x7f2a7c191628
C 342
R
P 0x7f2a7c191628
P 0x7f2a7c489090
C 9
R
P 0x7f2a7c191628
C 342
R
P 0x7f2a7c191628
I 3
P 0x7f2a7c19b208
C 150
= 0x7f2a7c19bfc8
R
P 0x7f2a7c191628
C 342
R
P 0x7f2a7c191628
P 0x7f2a7c19bfc8
C 258
R
P 0x7f2a7c191628
C 342
R
P 0x7f2a7c191628
P 0x7f2a7c19bfc8
C 9
R
P 0x7f2a7c191628
C 342
R
P 0x7f2a7c191628
I 1
P 0x7f2a7c19b208
C 150
= 0x7f2a7c19bc88
R
P 0x7f2a7c191628
C 342
R
P 0x7f2a7c191628
P 0x7f2a7c19bc88
C 258
R
P 0x7f2a7c191628
C 342
R
P 0x7f2a7c191628
P 0x7f2a7c19bc88
C 9
R
P 0x7f2a7c191628
C 342
R
P 0x7f2a7c191628
P 0x7f2a7c19bfc8
P 0x7f2a7c19bc88
C 75
= 0x7f2a7c487208
R
P 0x7f2a7c191628
C 342
R
P 0x7f2a7c191628
P 0x7f2a7c487208
C 258
R
P 0x7f2a7c191628
C 342
R
P 0x7f2a7c191628
P 0x7f2a7c487208
C 9
R
P 0x7f2a7c191628
C 342
R
P 0x7f2a7c191628
I 1
P 0x7f2a7c19b208
C 150
= 0x7f2a7c19bc88
R
P 0x7f2a7c191628
C 342
R
P 0x7f2a7c191628
P 0x7f2a7c19bc88
C 258
R
P 0x7f2a7c191628
C 342
R
P 0x7f2a7c191628
P 0x7f2a7c19bc88
C 9
R
P 0x7f2a7c191628
C 342
R
P 0x7f2a7c191628
U 2
P 0x7f2a7c19bfc8
P 0x7f2a7c19bc88
p 2
C 67
= 0x7f2a7c487240
R
P 0x7f2a7c191628
C 342
R
P 0x7f2a7c191628
P 0x7f2a7c487240
C 257
R
P 0x7f2a7c191628
C 342
R
P 0x7f2a7c191628
P 0x7f2a7c487240
C 254
= 0x7f2a7c19b208
R
P 0x7f2a7c191628
C 342
R
P 0x7f2a7c191628
P 0x7f2a7c19b208
C 209
R
P 0x7f2a7c191628
C 342
R
P 0x7f2a7c191628
P 0x7f2a7c487240
C 260
R
P 0x7f2a7c191628
C 342
R
P 0x7f2a7c191628
P 0x7f2a7c487240
C 259
R
P 0x7f2a7c191628
C 342
R
P 0x7f2a7c191628
P 0x7f2a7c487240
C 258
R
P 0x7f2a7c191628
C 342
R
P 0x7f2a7c191628
P 0x7f2a7c487240
C 9
R
P 0x7f2a7c191628
C 342
R
P 0x7f2a7c191628
U 2
P 0x7f2a7c19bba8
P 0x7f2a7c487240
p 2
C 66
= 0x7f2a7c487278
R
P 0x7f2a7c191628
C 342
R
P 0x7f2a7c191628
P 0x7f2a7c487278
C 257
R
P 0x7f2a7c191628
C 342
R
P 0x7f2a7c191628
P 0x7f2a7c487278
C 254
= 0x7f2a7c19b1e8
R
P 0x7f2a7c191628
C 342
R
P 0x7f2a7c191628
P 0x7f2a7c19b1e8
C 209
R
P 0x7f2a7c191628
C 342
R
P 0x7f2a7c191628
P 0x7f2a7c487278
C 260
R
P 0x7f2a7c191628
C 342
R
P 0x7f2a7c191628
P 0x7f2a7c487278
C 259
R
P 0x7f2a7c191628
C 342
R
P 0x7f2a7c191628
P 0x7f2a7c487278
C 258
R
P 0x7f2a7c191628
C 342
R
P 0x7f2a7c191628
P 0x7f2a7c487278
C 9
R
P 0x7f2a7c191628
C 342
R
P 0x7f2a7c191628
U 2
P 0x7f2a7c19bc28
P 0x7f2a7c487278
p 2
C 65
= 0x7f2a7c4872b0
R
P 0x7f2a7c191628
C 342
R
P 0x7f2a7c191628
P 0x7f2a7c4872b0
C 257
R
P 0x7f2a7c191628
C 342
R
P 0x7f2a7c191628
P 0x7f2a7c4872b0
C 254
= 0x7f2a7c19b1e8
R
P 0x7f2a7c191628
C 342
R
P 0x7f2a7c191628
P 0x7f2a7c19b1e8
C 209
R
P 0x7f2a7c191628
C 342
R
P 0x7f2a7c191628
P 0x7f2a7c4872b0
C 260
R
P 0x7f2a7c191628
C 342
R
P 0x7f2a7c191628
P 0x7f2a7c4872b0
C 259
R
P 0x7f2a7c191628
C 342
R
P 0x7f2a7c191628
P 0x7f2a7c4872b0
C 258
R
P 0x7f2a7c191628
C 342
R
P 0x7f2a7c191628
P 0x7f2a7c4872b0
C 9
R
P 0x7f2a7c191628
C 342
R
P 0x7f2a7c191628
P 0x7f2a7c487208
P 0x7f2a7c4872b0
P 0x7f2a7c19bc28
C 59
= 0x7f2a7c19f988
R
P 0x7f2a7c191628
C 342
R
P 0x7f2a7c191628
P 0x7f2a7c19f988
C 257
R
P 0x7f2a7c191628
C 342
R
P 0x7f2a7c191628
P 0x7f2a7c19f988
C 254
= 0x7f2a7c19b1e8
R
P 0x7f2a7c191628
C 342
R
P 0x7f2a7c191628
P 0x7f2a7c19b1e8
C 209
R
P 0x7f2a7c191628
C 342
R
P 0x7f2a7c191628
P 0x7f2a7c19f988
C 260
R
P 0x7f2a7c191628
C 342
R
P 0x7f2a7c191628
P 0x7f2a7c19f988
C 259
R
P 0x7f2a7c191628
C 342
R
P 0x7f2a7c191628
P 0x7f2a7c19f988
C 258
R
P 0x7f2a7c191628
C 342
R
P 0x7f2a7c191628
P 0x7f2a7c19f988
C 9
R
P 0x7f2a7c191628
C 342
R
P 0x7f2a7c191628
U 2
P 0x7f2a7c19f988
P 0x7f2a7c19bb48
p 2
C 65
= 0x7f2a7c4872e8
R
P 0x7f2a7c191628
C 342
R
P 0x7f2a7c191628
P 0x7f2a7c4872e8
C 257
R
P 0x7f2a7c191628
C 342
R
P 0x7f2a7c191628
P 0x7f2a7c4872e8
C 254
= 0x7f2a7c19b1e8
R
P 0x7f2a7c191628
C 342
R
P 0x7f2a7c191628
P 0x7f2a7c19b1e8
C 209
R
P 0x7f2a7c191628
C 342
R
P 0x7f2a7c191628
P 0x7f2a7c4872e8
C 260
R
P 0x7f2a7c191628
C 342
R
P 0x7f2a7c191628
P 0x7f2a7c4872e8
C 259
R
P 0x7f2a7c191628
C 342
R
P 0x7f2a7c191628
P 0x7f2a7c4872e8
C 258
R
P 0x7f2a7c191628
C 342
R
P 0x7f2a7c191628
P 0x7f2a7c4872e8
C 9
R
P 0x7f2a7c191628
C 342
R
P 0x7f2a7c191628
P 0x7f2a7c19bc68
C 333
R
P 0x7f2a7c191628
C 342
R
P 0x7f2a7c191628
S "slotflowPriorityStart"
C 30
R
P 0x7f2a7c191628
C 342
R
P 0x7f2a7c191628
$ |slotflowPriorityStart|
C 202
R
P 0x7f2a7c191628
C 342
R
P 0x7f2a7c191628
$ |slotflowPriorityStart|
P 0x7f2a7c19b1e8
C 51
= 0x7f2a7c19c2a8
R
P 0x7f2a7c191628
C 342
R
P 0x7f2a7c191628
P 0x7f2a7c19c2a8
C 257
R
P 0x7f2a7c191628
C 342
R
P 0x7f2a7c191628
P 0x7f2a7c19c2a8
C 254
= 0x7f2a7c19b1e8
R
P 0x7f2a7c191628
C 342
R
P 0x7f2a7c191628
P 0x7f2a7c19b1e8
C 209
R
P 0x7f2a7c191628
C 342
R
P 0x7f2a7c191628
P 0x7f2a7c19c2a8
C 260
R
P 0x7f2a7c191628
C 342
R
P 0x7f2a7c191628
P 0x7f2a7c19c2a8
C 259
R
P 0x7f2a7c191628
C 342
R
P 0x7f2a7c191628
P 0x7f2a7c19c2a8
C 258
R
P 0x7f2a7c191628
C 342
R
P 0x7f2a7c191628
P 0x7f2a7c19c2a8
C 9
R
P 0x7f2a7c191628
C 342
R
P 0x7f2a7c191628
I 4
P 0x7f2a7c19b208
C 150
= 0x7f2a7c19c028
R
P 0x7f2a7c191628
C 342
R
P 0x7f2a7c191628
P 0x7f2a7c19c028
C 258
R
P 0x7f2a7c191628
C 342
R
P 0x7f2a7c191628
P 0x7f2a7c19c028
C 9
R
P 0x7f2a7c191628
C 342
R
P 0x7f2a7c191628
I 1
P 0x7f2a7c19b208
C 150
= 0x7f2a7c19bc88
R
P 0x7f2a7c191628
C 342
R
P 0x7f2a7c191628
P 0x7f2a7c19bc88
C 258
R
P 0x7f2a7c191628
C 342
R
P 0x7f2a7c191628
P 0x7f2a7c19bc88
C 9
R
P 0x7f2a7c191628
C 342
R
P 0x7f2a7c191628
P 0x7f2a7c19c028
P 0x7f2a7c19bc88
C 75
= 0x7f2a7c487390
R
P 0x7f2a7c191628
C 342
R
P 0x7f2a7c191628
P 0x7f2a7c487390
C 258
R
P 0x7f2a7c191628
C 342
R
P 0x7f2a7c191628
P 0x7f2a7c487390
C 9
R
P 0x7f2a7c191628
C 342
R
P 0x7f2a7c191628
I 1
P 0x7f2a7c19b208
C 150
= 0x7f2a7c19bc88
R
P 0x7f2a7c191628
C 342
R
P 0x7f2a7c191628
P 0x7f2a7c19bc88
C 258
R
P 0x7f2a7c191628
C 342
R
P 0x7f2a7c191628
P 0x7f2a7c19bc88
C 9
R
P 0x7f2a7c191628
C 342
R
P 0x7f2a7c191628
U 2
P 0x7f2a7c19c028
P 0x7f2a7c19bc88
p 2
C 67
= 0x7f2a7c4873c8
R
P 0x7f2a7c191628
C 342
R
P 0x7f2a7c191628
P 0x7f2a7c4873c8
C 257
R
P 0x7f2a7c191628
C 342
R
P 0x7f2a7c191628
P 0x7f2a7c4873c8
C 254
= 0x7f2a7c19b208
R
P 0x7f2a7c191628
C 342
R
P 0x7f2a7c191628
P 0x7f2a7c19b208
C 209
R
P 0x7f2a7c191628
C 342
R
P 0x7f2a7c191628
P 0x7f2a7c4873c8
C 260
R
P 0x7f2a7c191628
C 342
R
P 0x7f2a7c191628
P 0x7f2a7c4873c8
C 259
R
P 0x7f2a7c191628
C 342
R
P 0x7f2a7c191628
P 0x7f2a7c4873c8
C 258
R
P 0x7f2a7c191628
C 342
R
P 0x7f2a7c191628
P 0x7f2a7c4873c8
C 9
R
P 0x7f2a7c191628
C 342
R
P 0x7f2a7c191628
U 2
P 0x7f2a7c19bbe8
P 0x7f2a7c4873c8
p 2
C 66
= 0x7f2a7c488158
R
P 0x7f2a7c191628
C 342
R
P 0x7f2a7c191628
P 0x7f2a7c488158
C 257
R
P 0x7f2a7c191628
C 342
R
P 0x7f2a7c191628
P 0x7f2a7c488158
C 254
= 0x7f2a7c19b208
R
P 0x7f2a7c191628
C 342
R
P 0x7f2a7c191628
P 0x7f2a7c19b208
C 209
R
P 0x7f2a7c191628
C 342
R
P 0x7f2a7c191628
P 0x7f2a7c488158
C 260
R
P 0x7f2a7c191628
C 342
R
P 0x7f2a7c191628
P 0x7f2a7c488158
C 259
R
P 0x7f2a7c191628
C 342
R
P 0x7f2a7c191628
P 0x7f2a7c488158
C 258
R
P 0x7f2a7c191628
C 342
R
P 0x7f2a7c191628
P 0x7f2a7c488158
C 9
R
P 0x7f2a7c191628
C 342
R
P 0x7f2a7c191628
U 2
P 0x7f2a7c19bb88
P 0x7f2a7c488158
p 2
C 65
= 0x7f2a7c488190
R
P 0x7f2a7c191628
C 342
R
P 0x7f2a7c191628
P 0x7f2a7c488190
C 257
R
P 0x7f2a7c191628
C 342
R
P 0x7f2a7c191628
P 0x7f2a7c488190
C 254
= 0x7f2a7c19b1e8
R
P 0x7f2a7c191628
C 342
R
P 0x7f2a7c191628
P 0x7f2a7c19b1e8
C 209
R
P 0x7f2a7c191628
C 342
R
P 0x7f2a7c191628
P 0x7f2a7c488190
C 260
R
P 0x7f2a7c191628
C 342
R
P 0x7f2a7c191628
P 0x7f2a7c488190
C 259
R
P 0x7f2a7c191628
C 342
R
P 0x7f2a7c191628
P 0x7f2a7c488190
C 258
R
P 0x7f2a7c191628
C 342
R
P 0x7f2a7c191628
P 0x7f2a7c488190
C 9
R
P 0x7f2a7c191628
C 342
R
P 0x7f2a7c191628
P 0x7f2a7c487390
P 0x7f2a7c488190
P 0x7f2a7c19bb88
C 59
= 0x7f2a7c19fb08
R
P 0x7f2a7c191628
C 342
R
P 0x7f2a7c191628
P 0x7f2a7c19fb08
C 257
R
P 0x7f2a7c191628
C 342
R
P 0x7f2a7c191628
P 0x7f2a7c19fb08
C 254
= 0x7f2a7c19b1e8
R
P 0x7f2a7c191628
C 342
R
P 0x7f2a7c191628
P 0x7f2a7c19b1e8
C 209
R
P 0x7f2a7c191628
C 342
R
P 0x7f2a7c191628
P 0x7f2a7c19fb08
C 260
R
P 0x7f2a7c191628
C 342
R
P 0x7f2a7c191628
P 0x7f2a7c19fb08
C 259
R
P 0x7f2a7c191628
C 342
R
P 0x7f2a7c191628
P 0x7f2a7c19fb08
C 258
R
P 0x7f2a7c191628
C 342
R
P 0x7f2a7c191628
P 0x7f2a7c19fb08
C 9
R
P 0x7f2a7c191628
C 342
R
P 0x7f2a7c191628
U 2
P 0x7f2a7c19c2a8
P 0x7f2a7c19fb08
p 2
C 65
= 0x7f2a7c488270
R
P 0x7f2a7c191628
C 342
R
P 0x7f2a7c191628
P 0x7f2a7c488270
C 257
R
P 0x7f2a7c191628
C 342
R
P 0x7f2a7c191628
P 0x7f2a7c488270
C 254
= 0x7f2a7c19b1e8
R
P 0x7f2a7c191628
C 342
R
P 0x7f2a7c191628
P 0x7f2a7c19b1e8
C 209
R
P 0x7f2a7c191628
C 342
R
P 0x7f2a7c191628
P 0x7f2a7c488270
C 260
R
P 0x7f2a7c191628
C 342
R
P 0x7f2a7c191628
P 0x7f2a7c488270
C 259
R
P 0x7f2a7c191628
C 342
R
P 0x7f2a7c191628
P 0x7f2a7c488270
C 258
R
P 0x7f2a7c191628
C 342
R
P 0x7f2a7c191628
P 0x7f2a7c488270
C 9
R
P 0x7f2a7c191628
C 342
R
P 0x7f2a7c191628
P 0x7f2a7c4872e8
P 0x7f2a7c488270
C 76
= 0x7f2a7c4890c8
R
P 0x7f2a7c191628
C 342
R
P 0x7f2a7c191628
P 0x7f2a7c4890c8
C 258
R
P 0x7f2a7c191628
C 342
R
P 0x7f2a7c191628
P 0x7f2a7c4890c8
C 9
R
P 0x7f2a7c191628
C 342
R
P 0x7f2a7c191628
U 2
P 0x7f2a7c489090
P 0x7f2a7c4890c8
p 2
C 63
= 0x7f2a7c489100
R
P 0x7f2a7c191628
C 342
R
P 0x7f2a7c191628
P 0x7f2a7c489100
C 258
R
P 0x7f2a7c191628
C 342
R
P 0x7f2a7c191628
P 0x7f2a7c489100
C 9
R
P 0x7f2a7c191628
C 342
R
P 0x7f2a7c191628
I 3
P 0x7f2a7c19b208
C 150
= 0x7f2a7c19bfc8
R
P 0x7f2a7c191628
C 342
R
P 0x7f2a7c191628
P 0x7f2a7c19bfc8
C 258
R
P 0x7f2a7c191628
C 342
R
P 0x7f2a7c191628
P 0x7f2a7c19bfc8
C 9
R
P 0x7f2a7c191628
C 342
R
P 0x7f2a7c191628
P 0x7f2a7c19bfc8
C 263
R
P 0x7f2a7c191628
C 342
R
P 0x7f2a7c191628
S "dev0T33"
C 30
R
P 0x7f2a7c191628
C 342
R
P 0x7f2a7c191628
$ |dev0T33|
C 202
R
P 0x7f2a7c191628
C 342
R
P 0x7f2a7c191628
$ |dev0T33|
P 0x7f2a7c19b1e8
C 51
= 0x7f2a7c19c228
R
P 0x7f2a7c191628
C 342
R
P 0x7f2a7c191628
P 0x7f2a7c19c228
C 257
R
P 0x7f2a7c191628
C 342
R
P 0x7f2a7c191628
P 0x7f2a7c19c228
C 254
= 0x7f2a7c19b1e8
R
P 0x7f2a7c191628
C 342
R
P 0x7f2a7c191628
P 0x7f2a7c19b1e8
C 209
R
P 0x7f2a7c191628
C 342
R
P 0x7f2a7c191628
P 0x7f2a7c19c228
C 260
R
P 0x7f2a7c191628
C 342
R
P 0x7f2a7c191628
P 0x7f2a7c19c228
C 259
R
P 0x7f2a7c191628
C 342
R
P 0x7f2a7c191628
P 0x7f2a7c19c228
C 258
R
P 0x7f2a7c191628
C 342
R
P 0x7f2a7c191628
P 0x7f2a7c19c228
C 9
R
P 0x7f2a7c191628
C 342
R
P 0x7f2a7c191628
I 3
P 0x7f2a7c19b208
C 150
= 0x7f2a7c19bfc8
R
P 0x7f2a7c191628
C 342
R
P 0x7f2a7c191628
P 0x7f2a7c19bfc8
C 258
R
P 0x7f2a7c191628
C 342
R
P 0x7f2a7c191628
P 0x7f2a7c19bfc8
C 9
R
P 0x7f2a7c191628
C 342
R
P 0x7f2a7c191628
I 1
P 0x7f2a7c19b208
C 150
= 0x7f2a7c19bc88
R
P 0x7f2a7c191628
C 342
R
P 0x7f2a7c191628
P 0x7f2a7c19bc88
C 258
R
P 0x7f2a7c191628
C 342
R
P 0x7f2a7c191628
P 0x7f2a7c19bc88
C 9
R
P 0x7f2a7c191628
C 342
R
P 0x7f2a7c191628
P 0x7f2a7c19bfc8
P 0x7f2a7c19bc88
C 75
= 0x7f2a7c487208
R
P 0x7f2a7c191628
C 342
R
P 0x7f2a7c191628
P 0x7f2a7c487208
C 258
R
P 0x7f2a7c191628
C 342
R
P 0x7f2a7c191628
P 0x7f2a7c487208
C 9
R
P 0x7f2a7c191628
C 342
R
P 0x7f2a7c191628
I 1
P 0x7f2a7c19b208
C 150
= 0x7f2a7c19bc88
R
P 0x7f2a7c191628
C 342
R
P 0x7f2a7c191628
P 0x7f2a7c19bc88
C 258
R
P 0x7f2a7c191628
C 342
R
P 0x7f2a7c191628
P 0x7f2a7c19bc88
C 9
R
P 0x7f2a7c191628
C 342
R
P 0x7f2a7c191628
U 2
P 0x7f2a7c19bfc8
P 0x7f2a7c19bc88
p 2
C 67
= 0x7f2a7c487240
R
P 0x7f2a7c191628
C 342
R
P 0x7f2a7c191628
P 0x7f2a7c487240
C 257
R
P 0x7f2a7c191628
C 342
R
P 0x7f2a7c191628
P 0x7f2a7c487240
C 254
= 0x7f2a7c19b208
R
P 0x7f2a7c191628
C 342
R
P 0x7f2a7c191628
P 0x7f2a7c19b208
C 209
R
P 0x7f2a7c191628
C 342
R
P 0x7f2a7c191628
P 0x7f2a7c487240
C 260
R
P 0x7f2a7c191628
C 342
R
P 0x7f2a7c191628
P 0x7f2a7c487240
C 259
R
P 0x7f2a7c191628
C 342
R
P 0x7f2a7c191628
P 0x7f2a7c487240
C 258
R
P 0x7f2a7c191628
C 342
R
P 0x7f2a7c191628
P 0x7f2a7c487240
C 9
R
P 0x7f2a7c191628
C 342
R
P 0x7f2a7c191628
U 2
P 0x7f2a7c19bba8
P 0x7f2a7c487240
p 2
C 66
= 0x7f2a7c487278
R
P 0x7f2a7c191628
C 342
R
P 0x7f2a7c191628
P 0x7f2a7c487278
C 257
R
P 0x7f2a7c191628
C 342
R
P 0x7f2a7c191628
P 0x7f2a7c487278
C 254
= 0x7f2a7c19b1e8
R
P 0x7f2a7c191628
C 342
R
P 0x7f2a7c191628
P 0x7f2a7c19b1e8
C 209
R
P 0x7f2a7c191628
C 342
R
P 0x7f2a7c191628
P 0x7f2a7c487278
C 260
R
P 0x7f2a7c191628
C 342
R
P 0x7f2a7c191628
P 0x7f2a7c487278
C 259
R
P 0x7f2a7c191628
C 342
R
P 0x7f2a7c191628
P 0x7f2a7c487278
C 258
R
P 0x7f2a7c191628
C 342
R
P 0x7f2a7c191628
P 0x7f2a7c487278
C 9
R
P 0x7f2a7c191628
C 342
R
P 0x7f2a7c191628
U 2
P 0x7f2a7c19bc28
P 0x7f2a7c487278
p 2
C 65
= 0x7f2a7c4872b0
R
P 0x7f2a7c191628
C 342
R
P 0x7f2a7c191628
P 0x7f2a7c4872b0
C 257
R
P 0x7f2a7c191628
C 342
R
P 0x7f2a7c191628
P 0x7f2a7c4872b0
C 254
= 0x7f2a7c19b1e8
R
P 0x7f2a7c191628
C 342
R
P 0x7f2a7c191628
P 0x7f2a7c19b1e8
C 209
R
P 0x7f2a7c191628
C 342
R
P 0x7f2a7c191628
P 0x7f2a7c4872b0
C 260
R
P 0x7f2a7c191628
C 342
R
P 0x7f2a7c191628
P 0x7f2a7c4872b0
C 259
R
P 0x7f2a7c191628
C 342
R
P 0x7f2a7c191628
P 0x7f2a7c4872b0
C 258
R
P 0x7f2a7c191628
C 342
R
P 0x7f2a7c191628
P 0x7f2a7c4872b0
C 9
R
P 0x7f2a7c191628
C 342
R
P 0x7f2a7c191628
P 0x7f2a7c487208
P 0x7f2a7c4872b0
P 0x7f2a7c19bc28
C 59
= 0x7f2a7c19f988
R
P 0x7f2a7c191628
C 342
R
P 0x7f2a7c191628
P 0x7f2a7c19f988
C 257
R
P 0x7f2a7c191628
C 342
R
P 0x7f2a7c191628
P 0x7f2a7c19f988
C 254
= 0x7f2a7c19b1e8
R
P 0x7f2a7c191628
C 342
R
P 0x7f2a7c191628
P 0x7f2a7c19b1e8
C 209
R
P 0x7f2a7c191628
C 342
R
P 0x7f2a7c191628
P 0x7f2a7c19f988
C 260
R
P 0x7f2a7c191628
C 342
R
P 0x7f2a7c191628
P 0x7f2a7c19f988
C 259
R
P 0x7f2a7c191628
C 342
R
P 0x7f2a7c191628
P 0x7f2a7c19f988
C 258
R
P 0x7f2a7c191628
C 342
R
P 0x7f2a7c191628
P 0x7f2a7c19f988
C 9
R
P 0x7f2a7c191628
C 342
R
P 0x7f2a7c191628
U 2
P 0x7f2a7c19f988
P 0x7f2a7c19bb48
p 2
C 65
= 0x7f2a7c4872e8
R
P 0x7f2a7c191628
C 342
R
P 0x7f2a7c191628
P 0x7f2a7c4872e8
C 257
R
P 0x7f2a7c191628
C 342
R
P 0x7f2a7c191628
P 0x7f2a7c4872e8
C 254
= 0x7f2a7c19b1e8
R
P 0x7f2a7c191628
C 342
R
P 0x7f2a7c191628
P 0x7f2a7c19b1e8
C 209
R
P 0x7f2a7c191628
C 342
R
P 0x7f2a7c191628
P 0x7f2a7c4872e8
C 260
R
P 0x7f2a7c191628
C 342
R
P 0x7f2a7c191628
P 0x7f2a7c4872e8
C 259
R
P 0x7f2a7c191628
C 342
R
P 0x7f2a7c191628
P 0x7f2a7c4872e8
C 258
R
P 0x7f2a7c191628
C 342
R
P 0x7f2a7c191628
P 0x7f2a7c4872e8
C 9
R
P 0x7f2a7c191628
C 342
R
P 0x7f2a7c191628
U 2
P 0x7f2a7c4872e8
P 0x7f2a7c19bb68
p 2
C 65
= 0x7f2a7c487320
R
P 0x7f2a7c191628
C 342
R
P 0x7f2a7c191628
P 0x7f2a7c487320
C 257
R
P 0x7f2a7c191628
C 342
R
P 0x7f2a7c191628
P 0x7f2a7c487320
C 254
= 0x7f2a7c19b1e8
R
P 0x7f2a7c191628
C 342
R
P 0x7f2a7c191628
P 0x7f2a7c19b1e8
C 209
R
P 0x7f2a7c191628
C 342
R
P 0x7f2a7c191628
P 0x7f2a7c487320
C 260
R
P 0x7f2a7c191628
C 342
R
P 0x7f2a7c191628
P 0x7f2a7c487320
C 259
R
P 0x7f2a7c191628
C 342
R
P 0x7f2a7c191628
P 0x7f2a7c487320
C 258
R
P 0x7f2a7c191628
C 342
R
P 0x7f2a7c191628
P 0x7f2a7c487320
C 9
R
P 0x7f2a7c191628
C 342
R
P 0x7f2a7c191628
P 0x7f2a7c19c228
P 0x7f2a7c487320
C 56
= 0x7f2a7c488d80
R
P 0x7f2a7c191628
C 342
R
P 0x7f2a7c191628
P 0x7f2a7c488d80
C 258
R
P 0x7f2a7c191628
C 342
R
P 0x7f2a7c191628
P 0x7f2a7c488d80
C 9
R
P 0x7f2a7c191628
C 342
R
P 0x7f2a7c191628
P 0x7f2a7c489100
P 0x7f2a7c488d80
C 61
= 0x7f2a7c489138
R
P 0x7f2a7c191628
C 342
R
P 0x7f2a7c191628
P 0x7f2a7c489138
C 258
R
P 0x7f2a7c191628
C 342
R
P 0x7f2a7c191628
P 0x7f2a7c489138
C 9
R
P 0x7f2a7c191628
C 342
R
P 0x7f2a7c191628
P 0x7f2a7c1e1fc8
P 0x7f2a7c489138
C 427
R
P 0x7f2a7c191628
C 342
R
P 0x7f2a7c191628
I 4
P 0x7f2a7c19b208
C 150
= 0x7f2a7c19c028
R
P 0x7f2a7c191628
C 342
R
P 0x7f2a7c191628
P 0x7f2a7c19c028
C 258
R
P 0x7f2a7c191628
C 342
R
P 0x7f2a7c191628
P 0x7f2a7c19c028
C 9
R
P 0x7f2a7c191628
C 342
R
P 0x7f2a7c191628
I 1
P 0x7f2a7c19b208
C 150
= 0x7f2a7c19bc88
R
P 0x7f2a7c191628
C 342
R
P 0x7f2a7c191628
P 0x7f2a7c19bc88
C 258
R
P 0x7f2a7c191628
C 342
R
P 0x7f2a7c191628
P 0x7f2a7c19bc88
C 9
R
P 0x7f2a7c191628
C 342
R
P 0x7f2a7c191628
P 0x7f2a7c19c028
P 0x7f2a7c19bc88
C 75
= 0x7f2a7c487390
R
P 0x7f2a7c191628
C 342
R
P 0x7f2a7c191628
P 0x7f2a7c487390
C 258
R
P 0x7f2a7c191628
C 342
R
P 0x7f2a7c191628
P 0x7f2a7c487390
C 9
R
P 0x7f2a7c191628
C 342
R
P 0x7f2a7c191628
I 1
P 0x7f2a7c19b208
C 150
= 0x7f2a7c19bc88
R
P 0x7f2a7c191628
C 342
R
P 0x7f2a7c191628
P 0x7f2a7c19bc88
C 258
R
P 0x7f2a7c191628
C 342
R
P 0x7f2a7c191628
P 0x7f2a7c19bc88
C 9
R
P 0x7f2a7c191628
C 342
R
P 0x7f2a7c191628
U 2
P 0x7f2a7c19c028
P 0x7f2a7c19bc88
p 2
C 67
= 0x7f2a7c4873c8
R
P 0x7f2a7c191628
C 342
R
P 0x7f2a7c191628
P 0x7f2a7c4873c8
C 257
R
P 0x7f2a7c191628
C 342
R
P 0x7f2a7c191628
P 0x7f2a7c4873c8
C 254
= 0x7f2a7c19b208
R
P 0x7f2a7c191628
C 342
R
P 0x7f2a7c191628
P 0x7f2a7c19b208
C 209
R
P 0x7f2a7c191628
C 342
R
P 0x7f2a7c191628
P 0x7f2a7c4873c8
C 260
R
P 0x7f2a7c191628
C 342
R
P 0x7f2a7c191628
P 0x7f2a7c4873c8
C 259
R
P 0x7f2a7c191628
C 342
R
P 0x7f2a7c191628
P 0x7f2a7c4873c8
C 258
R
P 0x7f2a7c191628
C 342
R
P 0x7f2a7c191628
P 0x7f2a7c4873c8
C 9
R
P 0x7f2a7c191628
C 342
R
P 0x7f2a7c191628
U 2
P 0x7f2a7c19bba8
P 0x7f2a7c4873c8
p 2
C 66
= 0x7f2a7c487400
R
P 0x7f2a7c191628
C 342
R
P 0x7f2a7c191628
P 0x7f2a7c487400
C 257
R
P 0x7f2a7c191628
C 342
R
P 0x7f2a7c191628
P 0x7f2a7c487400
C 254
= 0x7f2a7c19b1e8
R
P 0x7f2a7c191628
C 342
R
P 0x7f2a7c191628
P 0x7f2a7c19b1e8
C 209
R
P 0x7f2a7c191628
C 342
R
P 0x7f2a7c191628
P 0x7f2a7c487400
C 260
R
P 0x7f2a7c191628
C 342
R
P 0x7f2a7c191628
P 0x7f2a7c487400
C 259
R
P 0x7f2a7c191628
C 342
R
P 0x7f2a7c191628
P 0x7f2a7c487400
C 258
R
P 0x7f2a7c191628
C 342
R
P 0x7f2a7c191628
P 0x7f2a7c487400
C 9
R
P 0x7f2a7c191628
C 342
R
P 0x7f2a7c191628
U 2
P 0x7f2a7c19bc28
P 0x7f2a7c487400
p 2
C 65
= 0x7f2a7c487438
R
P 0x7f2a7c191628
C 342
R
P 0x7f2a7c191628
P 0x7f2a7c487438
C 257
R
P 0x7f2a7c191628
C 342
R
P 0x7f2a7c191628
P 0x7f2a7c487438
C 254
= 0x7f2a7c19b1e8
R
P 0x7f2a7c191628
C 342
R
P 0x7f2a7c191628
P 0x7f2a7c19b1e8
C 209
R
P 0x7f2a7c191628
C 342
R
P 0x7f2a7c191628
P 0x7f2a7c487438
C 260
R
P 0x7f2a7c191628
C 342
R
P 0x7f2a7c191628
P 0x7f2a7c487438
C 259
R
P 0x7f2a7c191628
C 342
R
P 0x7f2a7c191628
P 0x7f2a7c487438
C 258
R
P 0x7f2a7c191628
C 342
R
P 0x7f2a7c191628
P 0x7f2a7c487438
C 9
R
P 0x7f2a7c191628
C 342
R
P 0x7f2a7c191628
P 0x7f2a7c487390
P 0x7f2a7c487438
P 0x7f2a7c19bc28
C 59
= 0x7f2a7c19f9c8
R
P 0x7f2a7c191628
C 342
R
P 0x7f2a7c191628
P 0x7f2a7c19f9c8
C 257
R
P 0x7f2a7c191628
C 342
R
P 0x7f2a7c191628
P 0x7f2a7c19f9c8
C 254
= 0x7f2a7c19b1e8
R
P 0x7f2a7c191628
C 342
R
P 0x7f2a7c191628
P 0x7f2a7c19b1e8
C 209
R
P 0x7f2a7c191628
C 342
R
P 0x7f2a7c191628
P 0x7f2a7c19f9c8
C 260
R
P 0x7f2a7c191628
C 342
R
P 0x7f2a7c191628
P 0x7f2a7c19f9c8
C 259
R
P 0x7f2a7c191628
C 342
R
P 0x7f2a7c191628
P 0x7f2a7c19f9c8
C 258
R
P 0x7f2a7c191628
C 342
R
P 0x7f2a7c191628
P 0x7f2a7c19f9c8
C 9
R
P 0x7f2a7c191628
C 342
R
P 0x7f2a7c191628
U 2
P 0x7f2a7c19f9c8
P 0x7f2a7c19bb48
p 2
C 65
= 0x7f2a7c487470
R
P 0x7f2a7c191628
C 342
R
P 0x7f2a7c191628
P 0x7f2a7c487470
C 257
R
P 0x7f2a7c191628
C 342
R
P 0x7f2a7c191628
P 0x7f2a7c487470
C 254
= 0x7f2a7c19b1e8
R
P 0x7f2a7c191628
C 342
R
P 0x7f2a7c191628
P 0x7f2a7c19b1e8
C 209
R
P 0x7f2a7c191628
C 342
R
P 0x7f2a7c191628
P 0x7f2a7c487470
C 260
R
P 0x7f2a7c191628
C 342
R
P 0x7f2a7c191628
P 0x7f2a7c487470
C 259
R
P 0x7f2a7c191628
C 342
R
P 0x7f2a7c191628
P 0x7f2a7c487470
C 258
R
P 0x7f2a7c191628
C 342
R
P 0x7f2a7c191628
P 0x7f2a7c487470
C 9
R
P 0x7f2a7c191628
C 342
R
P 0x7f2a7c191628
P 0x7f2a7c19bc68
C 333
R
P 0x7f2a7c191628
C 342
R
P 0x7f2a7c191628
S "slotflowPriorityStart"
C 30
R
P 0x7f2a7c191628
C 342
R
P 0x7f2a7c191628
$ |slotflowPriorityStart|
C 202
R
P 0x7f2a7c191628
C 342
R
P 0x7f2a7c191628
$ |slotflowPriorityStart|
P 0x7f2a7c19b1e8
C 51
= 0x7f2a7c19c2a8
R
P 0x7f2a7c191628
C 342
R
P 0x7f2a7c191628
P 0x7f2a7c19c2a8
C 257
R
P 0x7f2a7c191628
C 342
R
P 0x7f2a7c191628
P 0x7f2a7c19c2a8
C 254
= 0x7f2a7c19b1e8
R
P 0x7f2a7c191628
C 342
R
P 0x7f2a7c191628
P 0x7f2a7c19b1e8
C 209
R
P 0x7f2a7c191628
C 342
R
P 0x7f2a7c191628
P 0x7f2a7c19c2a8
C 260
R
P 0x7f2a7c191628
C 342
R
P 0x7f2a7c191628
P 0x7f2a7c19c2a8
C 259
R
P 0x7f2a7c191628
C 342
R
P 0x7f2a7c191628
P 0x7f2a7c19c2a8
C 258
R
P 0x7f2a7c191628
C 342
R
P 0x7f2a7c191628
P 0x7f2a7c19c2a8
C 9
R
P 0x7f2a7c191628
C 342
R
P 0x7f2a7c191628
P 0x7f2a7c19bc68
C 333
R
P 0x7f2a7c191628
C 342
R
P 0x7f2a7c191628
S "slotflowPriorityDuration"
C 30
R
P 0x7f2a7c191628
C 342
R
P 0x7f2a7c191628
$ |slotflowPriorityDuration|
C 202
R
P 0x7f2a7c191628
C 342
R
P 0x7f2a7c191628
$ |slotflowPriorityDuration|
P 0x7f2a7c19b1e8
C 51
= 0x7f2a7c19c268
R
P 0x7f2a7c191628
C 342
R
P 0x7f2a7c191628
P 0x7f2a7c19c268
C 257
R
P 0x7f2a7c191628
C 342
R
P 0x7f2a7c191628
P 0x7f2a7c19c268
C 254
= 0x7f2a7c19b1e8
R
P 0x7f2a7c191628
C 342
R
P 0x7f2a7c191628
P 0x7f2a7c19b1e8
C 209
R
P 0x7f2a7c191628
C 342
R
P 0x7f2a7c191628
P 0x7f2a7c19c268
C 260
R
P 0x7f2a7c191628
C 342
R
P 0x7f2a7c191628
P 0x7f2a7c19c268
C 259
R
P 0x7f2a7c191628
C 342
R
P 0x7f2a7c191628
P 0x7f2a7c19c268
C 258
R
P 0x7f2a7c191628
C 342
R
P 0x7f2a7c191628
P 0x7f2a7c19c268
C 9
R
P 0x7f2a7c191628
C 342
R
P 0x7f2a7c191628
U 2
P 0x7f2a7c19c2a8
P 0x7f2a7c19c268
p 2
C 65
= 0x7f2a7c487908
R
P 0x7f2a7c191628
C 342
R
P 0x7f2a7c191628
P 0x7f2a7c487908
C 257
R
P 0x7f2a7c191628
C 342
R
P 0x7f2a7c191628
P 0x7f2a7c487908
C 254
= 0x7f2a7c19b1e8
R
P 0x7f2a7c191628
C 342
R
P 0x7f2a7c191628
P 0x7f2a7c19b1e8
C 209
R
P 0x7f2a7c191628
C 342
R
P 0x7f2a7c191628
P 0x7f2a7c487908
C 260
R
P 0x7f2a7c191628
C 342
R
P 0x7f2a7c191628
P 0x7f2a7c487908
C 259
R
P 0x7f2a7c191628
C 342
R
P 0x7f2a7c191628
P 0x7f2a7c487908
C 258
R
P 0x7f2a7c191628
C 342
R
P 0x7f2a7c191628
P 0x7f2a7c487908
C 9
R
P 0x7f2a7c191628
C 342
R
P 0x7f2a7c191628
I 0
P 0x7f2a7c19b208
C 150
= 0x7f2a7c19bd08
R
P 0x7f2a7c191628
C 342
R
P 0x7f2a7c191628
P 0x7f2a7c19bd08
C 258
R
P 0x7f2a7c191628
C 342
R
P 0x7f2a7c191628
P 0x7f2a7c19bd08
C 9
R
P 0x7f2a7c191628
C 342
R
P 0x7f2a7c191628
I 1
P 0x7f2a7c19b208
C 150
= 0x7f2a7c19bc88
R
P 0x7f2a7c191628
C 342
R
P 0x7f2a7c191628
P 0x7f2a7c19bc88
C 258
R
P 0x7f2a7c191628
C 342
R
P 0x7f2a7c191628
P 0x7f2a7c19bc88
C 9
R
P 0x7f2a7c191628
C 342
R
P 0x7f2a7c191628
P 0x7f2a7c19bd08
P 0x7f2a7c19bc88
C 75
= 0x7f2a7c486fa0
R
P 0x7f2a7c191628
C 342
R
P 0x7f2a7c191628
P 0x7f2a7c486fa0
C 258
R
P 0x7f2a7c191628
C 342
R
P 0x7f2a7c191628
P 0x7f2a7c486fa0
C 9
R
P 0x7f2a7c191628
C 342
R
P 0x7f2a7c191628
I 1
P 0x7f2a7c19b208
C 150
= 0x7f2a7c19bc88
R
P 0x7f2a7c191628
C 342
R
P 0x7f2a7c191628
P 0x7f2a7c19bc88
C 258
R
P 0x7f2a7c191628
C 342
R
P 0x7f2a7c191628
P 0x7f2a7c19bc88
C 9
R
P 0x7f2a7c191628
C 342
R
P 0x7f2a7c191628
U 2
P 0x7f2a7c19bd08
P 0x7f2a7c19bc88
p 2
C 67
= 0x7f2a7c486fd8
R
P 0x7f2a7c191628
C 342
R
P 0x7f2a7c191628
P 0x7f2a7c486fd8
C 257
R
P 0x7f2a7c191628
C 342
R
P 0x7f2a7c191628
P 0x7f2a7c486fd8
C 254
= 0x7f2a7c19b208
R
P 0x7f2a7c191628
C 342
R
P 0x7f2a7c191628
P 0x7f2a7c19b208
C 209
R
P 0x7f2a7c191628
C 342
R
P 0x7f2a7c191628
P 0x7f2a7c486fd8
C 260
R
P 0x7f2a7c191628
C 342
R
P 0x7f2a7c191628
P 0x7f2a7c486fd8
C 259
R
P 0x7f2a7c191628
C 342
R
P 0x7f2a7c191628
P 0x7f2a7c486fd8
C 258
R
P 0x7f2a7c191628
C 342
R
P 0x7f2a7c191628
P 0x7f2a7c486fd8
C 9
R
P 0x7f2a7c191628
C 342
R
P 0x7f2a7c191628
U 2
P 0x7f2a7c19bbe8
P 0x7f2a7c486fd8
p 2
C 66
= 0x7f2a7c487940
R
P 0x7f2a7c191628
C 342
R
P 0x7f2a7c191628
P 0x7f2a7c487940
C 257
R
P 0x7f2a7c191628
C 342
R
P 0x7f2a7c191628
P 0x7f2a7c487940
C 254
= 0x7f2a7c19b208
R
P 0x7f2a7c191628
C 342
R
P 0x7f2a7c191628
P 0x7f2a7c19b208
C 209
R
P 0x7f2a7c191628
C 342
R
P 0x7f2a7c191628
P 0x7f2a7c487940
C 260
R
P 0x7f2a7c191628
C 342
R
P 0x7f2a7c191628
P 0x7f2a7c487940
C 259
R
P 0x7f2a7c191628
C 342
R
P 0x7f2a7c191628
P 0x7f2a7c487940
C 258
R
P 0x7f2a7c191628
C 342
R
P 0x7f2a7c191628
P 0x7f2a7c487940
C 9
R
P 0x7f2a7c191628
C 342
R
P 0x7f2a7c191628
U 2
P 0x7f2a7c19bb88
P 0x7f2a7c487940
p 2
C 65
= 0x7f2a7c487978
R
P 0x7f2a7c191628
C 342
R
P 0x7f2a7c191628
P 0x7f2a7c487978
C 257
R
P 0x7f2a7c191628
C 342
R
P 0x7f2a7c191628
P 0x7f2a7c487978
C 254
= 0x7f2a7c19b1e8
R
P 0x7f2a7c191628
C 342
R
P 0x7f2a7c191628
P 0x7f2a7c19b1e8
C 209
R
P 0x7f2a7c191628
C 342
R
P 0x7f2a7c191628
P 0x7f2a7c487978
C 260
R
P 0x7f2a7c191628
C 342
R
P 0x7f2a7c191628
P 0x7f2a7c487978
C 259
R
P 0x7f2a7c191628
C 342
R
P 0x7f2a7c191628
P 0x7f2a7c487978
C 258
R
P 0x7f2a7c191628
C 342
R
P 0x7f2a7c191628
P 0x7f2a7c487978
C 9
R
P 0x7f2a7c191628
C 342
R
P 0x7f2a7c191628
P 0x7f2a7c486fa0
P 0x7f2a7c487978
P 0x7f2a7c19bb88
C 59
= 0x7f2a7c19fa08
R
P 0x7f2a7c191628
C 342
R
P 0x7f2a7c191628
P 0x7f2a7c19fa08
C 257
R
P 0x7f2a7c191628
C 342
R
P 0x7f2a7c191628
P 0x7f2a7c19fa08
C 254
= 0x7f2a7c19b1e8
R
P 0x7f2a7c191628
C 342
R
P 0x7f2a7c191628
P 0x7f2a7c19b1e8
C 209
R
P 0x7f2a7c191628
C 342
R
P 0x7f2a7c191628
P 0x7f2a7c19fa08
C 260
R
P 0x7f2a7c191628
C 342
R
P 0x7f2a7c191628
P 0x7f2a7c19fa08
C 259
R
P 0x7f2a7c191628
C 342
R
P 0x7f2a7c191628
P 0x7f2a7c19fa08
C 258
R
P 0x7f2a7c191628
C 342
R
P 0x7f2a7c191628
P 0x7f2a7c19fa08
C 9
R
P 0x7f2a7c191628
C 342
R
P 0x7f2a7c191628
U 2
P 0x7f2a7c487908
P 0x7f2a7c19fa08
p 2
C 65
= 0x7f2a7c4879b0
R
P 0x7f2a7c191628
C 342
R
P 0x7f2a7c191628
P 0x7f2a7c4879b0
C 257
R
P 0x7f2a7c191628
C 342
R
P 0x7f2a7c191628
P 0x7f2a7c4879b0
C 254
= 0x7f2a7c19b1e8
R
P 0x7f2a7c191628
C 342
R
P 0x7f2a7c191628
P 0x7f2a7c19b1e8
C 209
R
P 0x7f2a7c191628
C 342
R
P 0x7f2a7c191628
P 0x7f2a7c4879b0
C 260
R
P 0x7f2a7c191628
C 342
R
P 0x7f2a7c191628
P 0x7f2a7c4879b0
C 259
R
P 0x7f2a7c191628
C 342
R
P 0x7f2a7c191628
P 0x7f2a7c4879b0
C 258
R
P 0x7f2a7c191628
C 342
R
P 0x7f2a7c191628
P 0x7f2a7c4879b0
C 9
R
P 0x7f2a7c191628
C 342
R
P 0x7f2a7c191628
U 2
P 0x7f2a7c4879b0
P 0x7f2a7c19bb68
p 2
C 67
= 0x7f2a7c4879e8
R
P 0x7f2a7c191628
C 342
R
P 0x7f2a7c191628
P 0x7f2a7c4879e8
C 257
R
P 0x7f2a7c191628
C 342
R
P 0x7f2a7c191628
P 0x7f2a7c4879e8
C 254
= 0x7f2a7c19b1e8
R
P 0x7f2a7c191628
C 342
R
P 0x7f2a7c191628
P 0x7f2a7c19b1e8
C 209
R
P 0x7f2a7c191628
C 342
R
P 0x7f2a7c191628
P 0x7f2a7c4879e8
C 260
R
P 0x7f2a7c191628
C 342
R
P 0x7f2a7c191628
P 0x7f2a7c4879e8
C 259
R
P 0x7f2a7c191628
C 342
R
P 0x7f2a7c191628
P 0x7f2a7c4879e8
C 258
R
P 0x7f2a7c191628
C 342
R
P 0x7f2a7c191628
P 0x7f2a7c4879e8
C 9
R
P 0x7f2a7c191628
C 342
R
P 0x7f2a7c191628
P 0x7f2a7c487470
P 0x7f2a7c4879e8
C 74
= 0x7f2a7c489170
R
P 0x7f2a7c191628
C 342
R
P 0x7f2a7c191628
P 0x7f2a7c489170
C 258
R
P 0x7f2a7c191628
C 342
R
P 0x7f2a7c191628
P 0x7f2a7c489170
C 9
R
P 0x7f2a7c191628
C 342
R
P 0x7f2a7c191628
I 4
P 0x7f2a7c19b208
C 150
= 0x7f2a7c19c028
R
P 0x7f2a7c191628
C 342
R
P 0x7f2a7c191628
P 0x7f2a7c19c028
C 258
R
P 0x7f2a7c191628
C 342
R
P 0x7f2a7c191628
P 0x7f2a7c19c028
C 9
R
P 0x7f2a7c191628
C 342
R
P 0x7f2a7c191628
I 1
P 0x7f2a7c19b208
C 150
= 0x7f2a7c19bc88
R
P 0x7f2a7c191628
C 342
R
P 0x7f2a7c191628
P 0x7f2a7c19bc88
C 258
R
P 0x7f2a7c191628
C 342
R
P 0x7f2a7c191628
P 0x7f2a7c19bc88
C 9
R
P 0x7f2a7c191628
C 342
R
P 0x7f2a7c191628
P 0x7f2a7c19c028
P 0x7f2a7c19bc88
C 75
= 0x7f2a7c487390
R
P 0x7f2a7c191628
C 342
R
P 0x7f2a7c191628
P 0x7f2a7c487390
C 258
R
P 0x7f2a7c191628
C 342
R
P 0x7f2a7c191628
P 0x7f2a7c487390
C 9
R
P 0x7f2a7c191628
C 342
R
P 0x7f2a7c191628
I 1
P 0x7f2a7c19b208
C 150
= 0x7f2a7c19bc88
R
P 0x7f2a7c191628
C 342
R
P 0x7f2a7c191628
P 0x7f2a7c19bc88
C 258
R
P 0x7f2a7c191628
C 342
R
P 0x7f2a7c191628
P 0x7f2a7c19bc88
C 9
R
P 0x7f2a7c191628
C 342
R
P 0x7f2a7c191628
U 2
P 0x7f2a7c19c028
P 0x7f2a7c19bc88
p 2
C 67
= 0x7f2a7c4873c8
R
P 0x7f2a7c191628
C 342
R
P 0x7f2a7c191628
P 0x7f2a7c4873c8
C 257
R
P 0x7f2a7c191628
C 342
R
P 0x7f2a7c191628
P 0x7f2a7c4873c8
C 254
= 0x7f2a7c19b208
R
P 0x7f2a7c191628
C 342
R
P 0x7f2a7c191628
P 0x7f2a7c19b208
C 209
R
P 0x7f2a7c191628
C 342
R
P 0x7f2a7c191628
P 0x7f2a7c4873c8
C 260
R
P 0x7f2a7c191628
C 342
R
P 0x7f2a7c191628
P 0x7f2a7c4873c8
C 259
R
P 0x7f2a7c191628
C 342
R
P 0x7f2a7c191628
P 0x7f2a7c4873c8
C 258
R
P 0x7f2a7c191628
C 342
R
P 0x7f2a7c191628
P 0x7f2a7c4873c8
C 9
R
P 0x7f2a7c191628
C 342
R
P 0x7f2a7c191628
U 2
P 0x7f2a7c19bba8
P 0x7f2a7c4873c8
p 2
C 66
= 0x7f2a7c487400
R
P 0x7f2a7c191628
C 342
R
P 0x7f2a7c191628
P 0x7f2a7c487400
C 257
R
P 0x7f2a7c191628
C 342
R
P 0x7f2a7c191628
P 0x7f2a7c487400
C 254
= 0x7f2a7c19b1e8
R
P 0x7f2a7c191628
C 342
R
P 0x7f2a7c191628
P 0x7f2a7c19b1e8
C 209
R
P 0x7f2a7c191628
C 342
R
P 0x7f2a7c191628
P 0x7f2a7c487400
C 260
R
P 0x7f2a7c191628
C 342
R
P 0x7f2a7c191628
P 0x7f2a7c487400
C 259
R
P 0x7f2a7c191628
C 342
R
P 0x7f2a7c191628
P 0x7f2a7c487400
C 258
R
P 0x7f2a7c191628
C 342
R
P 0x7f2a7c191628
P 0x7f2a7c487400
C 9
R
P 0x7f2a7c191628
C 342
R
P 0x7f2a7c191628
U 2
P 0x7f2a7c19bc28
P 0x7f2a7c487400
p 2
C 65
= 0x7f2a7c487438
R
P 0x7f2a7c191628
C 342
R
P 0x7f2a7c191628
P 0x7f2a7c487438
C 257
R
P 0x7f2a7c191628
C 342
R
P 0x7f2a7c191628
P 0x7f2a7c487438
C 254
= 0x7f2a7c19b1e8
R
P 0x7f2a7c191628
C 342
R
P 0x7f2a7c191628
P 0x7f2a7c19b1e8
C 209
R
P 0x7f2a7c191628
C 342
R
P 0x7f2a7c191628
P 0x7f2a7c487438
C 260
R
P 0x7f2a7c191628
C 342
R
P 0x7f2a7c191628
P 0x7f2a7c487438
C 259
R
P 0x7f2a7c191628
C 342
R
P 0x7f2a7c191628
P 0x7f2a7c487438
C 258
R
P 0x7f2a7c191628
C 342
R
P 0x7f2a7c191628
P 0x7f2a7c487438
C 9
R
P 0x7f2a7c191628
C 342
R
P 0x7f2a7c191628
P 0x7f2a7c487390
P 0x7f2a7c487438
P 0x7f2a7c19bc28
C 59
= 0x7f2a7c19f9c8
R
P 0x7f2a7c191628
C 342
R
P 0x7f2a7c191628
P 0x7f2a7c19f9c8
C 257
R
P 0x7f2a7c191628
C 342
R
P 0x7f2a7c191628
P 0x7f2a7c19f9c8
C 254
= 0x7f2a7c19b1e8
R
P 0x7f2a7c191628
C 342
R
P 0x7f2a7c191628
P 0x7f2a7c19b1e8
C 209
R
P 0x7f2a7c191628
C 342
R
P 0x7f2a7c191628
P 0x7f2a7c19f9c8
C 260
R
P 0x7f2a7c191628
C 342
R
P 0x7f2a7c191628
P 0x7f2a7c19f9c8
C 259
R
P 0x7f2a7c191628
C 342
R
P 0x7f2a7c191628
P 0x7f2a7c19f9c8
C 258
R
P 0x7f2a7c191628
C 342
R
P 0x7f2a7c191628
P 0x7f2a7c19f9c8
C 9
R
P 0x7f2a7c191628
C 342
R
P 0x7f2a7c191628
U 2
P 0x7f2a7c19f9c8
P 0x7f2a7c19bb48
p 2
C 65
= 0x7f2a7c487470
R
P 0x7f2a7c191628
C 342
R
P 0x7f2a7c191628
P 0x7f2a7c487470
C 257
R
P 0x7f2a7c191628
C 342
R
P 0x7f2a7c191628
P 0x7f2a7c487470
C 254
= 0x7f2a7c19b1e8
R
P 0x7f2a7c191628
C 342
R
P 0x7f2a7c191628
P 0x7f2a7c19b1e8
C 209
R
P 0x7f2a7c191628
C 342
R
P 0x7f2a7c191628
P 0x7f2a7c487470
C 260
R
P 0x7f2a7c191628
C 342
R
P 0x7f2a7c191628
P 0x7f2a7c487470
C 259
R
P 0x7f2a7c191628
C 342
R
P 0x7f2a7c191628
P 0x7f2a7c487470
C 258
R
P 0x7f2a7c191628
C 342
R
P 0x7f2a7c191628
P 0x7f2a7c487470
C 9
R
P 0x7f2a7c191628
C 342
R
P 0x7f2a7c191628
P 0x7f2a7c19bc68
C 333
R
P 0x7f2a7c191628
C 342
R
P 0x7f2a7c191628
S "slotflowPriorityStart"
C 30
R
P 0x7f2a7c191628
C 342
R
P 0x7f2a7c191628
$ |slotflowPriorityStart|
C 202
R
P 0x7f2a7c191628
C 342
R
P 0x7f2a7c191628
$ |slotflowPriorityStart|
P 0x7f2a7c19b1e8
C 51
= 0x7f2a7c19c2a8
R
P 0x7f2a7c191628
C 342
R
P 0x7f2a7c191628
P 0x7f2a7c19c2a8
C 257
R
P 0x7f2a7c191628
C 342
R
P 0x7f2a7c191628
P 0x7f2a7c19c2a8
C 254
= 0x7f2a7c19b1e8
R
P 0x7f2a7c191628
C 342
R
P 0x7f2a7c191628
P 0x7f2a7c19b1e8
C 209
R
P 0x7f2a7c191628
C 342
R
P 0x7f2a7c191628
P 0x7f2a7c19c2a8
C 260
R
P 0x7f2a7c191628
C 342
R
P 0x7f2a7c191628
P 0x7f2a7c19c2a8
C 259
R
P 0x7f2a7c191628
C 342
R
P 0x7f2a7c191628
P 0x7f2a7c19c2a8
C 258
R
P 0x7f2a7c191628
C 342
R
P 0x7f2a7c191628
P 0x7f2a7c19c2a8
C 9
R
P 0x7f2a7c191628
C 342
R
P 0x7f2a7c191628
I 0
P 0x7f2a7c19b208
C 150
= 0x7f2a7c19bd08
R
P 0x7f2a7c191628
C 342
R
P 0x7f2a7c191628
P 0x7f2a7c19bd08
C 258
R
P 0x7f2a7c191628
C 342
R
P 0x7f2a7c191628
P 0x7f2a7c19bd08
C 9
R
P 0x7f2a7c191628
C 342
R
P 0x7f2a7c191628
I 1
P 0x7f2a7c19b208
C 150
= 0x7f2a7c19bc88
R
P 0x7f2a7c191628
C 342
R
P 0x7f2a7c191628
P 0x7f2a7c19bc88
C 258
R
P 0x7f2a7c191628
C 342
R
P 0x7f2a7c191628
P 0x7f2a7c19bc88
C 9
R
P 0x7f2a7c191628
C 342
R
P 0x7f2a7c191628
P 0x7f2a7c19bd08
P 0x7f2a7c19bc88
C 75
= 0x7f2a7c486fa0
R
P 0x7f2a7c191628
C 342
R
P 0x7f2a7c191628
P 0x7f2a7c486fa0
C 258
R
P 0x7f2a7c191628
C 342
R
P 0x7f2a7c191628
P 0x7f2a7c486fa0
C 9
R
P 0x7f2a7c191628
C 342
R
P 0x7f2a7c191628
I 1
P 0x7f2a7c19b208
C 150
= 0x7f2a7c19bc88
R
P 0x7f2a7c191628
C 342
R
P 0x7f2a7c191628
P 0x7f2a7c19bc88
C 258
R
P 0x7f2a7c191628
C 342
R
P 0x7f2a7c191628
P 0x7f2a7c19bc88
C 9
R
P 0x7f2a7c191628
C 342
R
P 0x7f2a7c191628
U 2
P 0x7f2a7c19bd08
P 0x7f2a7c19bc88
p 2
C 67
= 0x7f2a7c486fd8
R
P 0x7f2a7c191628
C 342
R
P 0x7f2a7c191628
P 0x7f2a7c486fd8
C 257
R
P 0x7f2a7c191628
C 342
R
P 0x7f2a7c191628
P 0x7f2a7c486fd8
C 254
= 0x7f2a7c19b208
R
P 0x7f2a7c191628
C 342
R
P 0x7f2a7c191628
P 0x7f2a7c19b208
C 209
R
P 0x7f2a7c191628
C 342
R
P 0x7f2a7c191628
P 0x7f2a7c486fd8
C 260
R
P 0x7f2a7c191628
C 342
R
P 0x7f2a7c191628
P 0x7f2a7c486fd8
C 259
R
P 0x7f2a7c191628
C 342
R
P 0x7f2a7c191628
P 0x7f2a7c486fd8
C 258
R
P 0x7f2a7c191628
C 342
R
P 0x7f2a7c191628
P 0x7f2a7c486fd8
C 9
R
P 0x7f2a7c191628
C 342
R
P 0x7f2a7c191628
U 2
P 0x7f2a7c19bbe8
P 0x7f2a7c486fd8
p 2
C 66
= 0x7f2a7c487940
R
P 0x7f2a7c191628
C 342
R
P 0x7f2a7c191628
P 0x7f2a7c487940
C 257
R
P 0x7f2a7c191628
C 342
R
P 0x7f2a7c191628
P 0x7f2a7c487940
C 254
= 0x7f2a7c19b208
R
P 0x7f2a7c191628
C 342
R
P 0x7f2a7c191628
P 0x7f2a7c19b208
C 209
R
P 0x7f2a7c191628
C 342
R
P 0x7f2a7c191628
P 0x7f2a7c487940
C 260
R
P 0x7f2a7c191628
C 342
R
P 0x7f2a7c191628
P 0x7f2a7c487940
C 259
R
P 0x7f2a7c191628
C 342
R
P 0x7f2a7c191628
P 0x7f2a7c487940
C 258
R
P 0x7f2a7c191628
C 342
R
P 0x7f2a7c191628
P 0x7f2a7c487940
C 9
R
P 0x7f2a7c191628
C 342
R
P 0x7f2a7c191628
U 2
P 0x7f2a7c19bb88
P 0x7f2a7c487940
p 2
C 65
= 0x7f2a7c487978
R
P 0x7f2a7c191628
C 342
R
P 0x7f2a7c191628
P 0x7f2a7c487978
C 257
R
P 0x7f2a7c191628
C 342
R
P 0x7f2a7c191628
P 0x7f2a7c487978
C 254
= 0x7f2a7c19b1e8
R
P 0x7f2a7c191628
C 342
R
P 0x7f2a7c191628
P 0x7f2a7c19b1e8
C 209
R
P 0x7f2a7c191628
C 342
R
P 0x7f2a7c191628
P 0x7f2a7c487978
C 260
R
P 0x7f2a7c191628
C 342
R
P 0x7f2a7c191628
P 0x7f2a7c487978
C 259
R
P 0x7f2a7c191628
C 342
R
P 0x7f2a7c191628
P 0x7f2a7c487978
C 258
R
P 0x7f2a7c191628
C 342
R
P 0x7f2a7c191628
P 0x7f2a7c487978
C 9
R
P 0x7f2a7c191628
C 342
R
P 0x7f2a7c191628
P 0x7f2a7c486fa0
P 0x7f2a7c487978
P 0x7f2a7c19bb88
C 59
= 0x7f2a7c19fa08
R
P 0x7f2a7c191628
C 342
R
P 0x7f2a7c191628
P 0x7f2a7c19fa08
C 257
R
P 0x7f2a7c191628
C 342
R
P 0x7f2a7c191628
P 0x7f2a7c19fa08
C 254
= 0x7f2a7c19b1e8
R
P 0x7f2a7c191628
C 342
R
P 0x7f2a7c191628
P 0x7f2a7c19b1e8
C 209
R
P 0x7f2a7c191628
C 342
R
P 0x7f2a7c191628
P 0x7f2a7c19fa08
C 260
R
P 0x7f2a7c191628
C 342
R
P 0x7f2a7c191628
P 0x7f2a7c19fa08
C 259
R
P 0x7f2a7c191628
C 342
R
P 0x7f2a7c191628
P 0x7f2a7c19fa08
C 258
R
P 0x7f2a7c191628
C 342
R
P 0x7f2a7c191628
P 0x7f2a7c19fa08
C 9
R
P 0x7f2a7c191628
C 342
R
P 0x7f2a7c191628
U 2
P 0x7f2a7c19c2a8
P 0x7f2a7c19fa08
p 2
C 65
= 0x7f2a7c487a58
R
P 0x7f2a7c191628
C 342
R
P 0x7f2a7c191628
P 0x7f2a7c487a58
C 257
R
P 0x7f2a7c191628
C 342
R
P 0x7f2a7c191628
P 0x7f2a7c487a58
C 254
= 0x7f2a7c19b1e8
R
P 0x7f2a7c191628
C 342
R
P 0x7f2a7c191628
P 0x7f2a7c19b1e8
C 209
R
P 0x7f2a7c191628
C 342
R
P 0x7f2a7c191628
P 0x7f2a7c487a58
C 260
R
P 0x7f2a7c191628
C 342
R
P 0x7f2a7c191628
P 0x7f2a7c487a58
C 259
R
P 0x7f2a7c191628
C 342
R
P 0x7f2a7c191628
P 0x7f2a7c487a58
C 258
R
P 0x7f2a7c191628
C 342
R
P 0x7f2a7c191628
P 0x7f2a7c487a58
C 9
R
P 0x7f2a7c191628
C 342
R
P 0x7f2a7c191628
P 0x7f2a7c487470
P 0x7f2a7c487a58
C 76
= 0x7f2a7c4891a8
R
P 0x7f2a7c191628
C 342
R
P 0x7f2a7c191628
P 0x7f2a7c4891a8
C 258
R
P 0x7f2a7c191628
C 342
R
P 0x7f2a7c191628
P 0x7f2a7c4891a8
C 9
R
P 0x7f2a7c191628
C 342
R
P 0x7f2a7c191628
U 2
P 0x7f2a7c489170
P 0x7f2a7c4891a8
p 2
C 63
= 0x7f2a7c4891e0
R
P 0x7f2a7c191628
C 342
R
P 0x7f2a7c191628
P 0x7f2a7c4891e0
C 258
R
P 0x7f2a7c191628
C 342
R
P 0x7f2a7c191628
P 0x7f2a7c4891e0
C 9
R
P 0x7f2a7c191628
C 342
R
P 0x7f2a7c191628
I 4
P 0x7f2a7c19b208
C 150
= 0x7f2a7c19c028
R
P 0x7f2a7c191628
C 342
R
P 0x7f2a7c191628
P 0x7f2a7c19c028
C 258
R
P 0x7f2a7c191628
C 342
R
P 0x7f2a7c191628
P 0x7f2a7c19c028
C 9
R
P 0x7f2a7c191628
C 342
R
P 0x7f2a7c191628
P 0x7f2a7c19c028
C 263
R
P 0x7f2a7c191628
C 342
R
P 0x7f2a7c191628
S "dev0T34"
C 30
R
P 0x7f2a7c191628
C 342
R
P 0x7f2a7c191628
$ |dev0T34|
C 202
R
P 0x7f2a7c191628
C 342
R
P 0x7f2a7c191628
$ |dev0T34|
P 0x7f2a7c19b1e8
C 51
= 0x7f2a7c19c248
R
P 0x7f2a7c191628
C 342
R
P 0x7f2a7c191628
P 0x7f2a7c19c248
C 257
R
P 0x7f2a7c191628
C 342
R
P 0x7f2a7c191628
P 0x7f2a7c19c248
C 254
= 0x7f2a7c19b1e8
R
P 0x7f2a7c191628
C 342
R
P 0x7f2a7c191628
P 0x7f2a7c19b1e8
C 209
R
P 0x7f2a7c191628
C 342
R
P 0x7f2a7c191628
P 0x7f2a7c19c248
C 260
R
P 0x7f2a7c191628
C 342
R
P 0x7f2a7c191628
P 0x7f2a7c19c248
C 259
R
P 0x7f2a7c191628
C 342
R
P 0x7f2a7c191628
P 0x7f2a7c19c248
C 258
R
P 0x7f2a7c191628
C 342
R
P 0x7f2a7c191628
P 0x7f2a7c19c248
C 9
R
P 0x7f2a7c191628
C 342
R
P 0x7f2a7c191628
I 4
P 0x7f2a7c19b208
C 150
= 0x7f2a7c19c028
R
P 0x7f2a7c191628
C 342
R
P 0x7f2a7c191628
P 0x7f2a7c19c028
C 258
R
P 0x7f2a7c191628
C 342
R
P 0x7f2a7c191628
P 0x7f2a7c19c028
C 9
R
P 0x7f2a7c191628
C 342
R
P 0x7f2a7c191628
I 1
P 0x7f2a7c19b208
C 150
= 0x7f2a7c19bc88
R
P 0x7f2a7c191628
C 342
R
P 0x7f2a7c191628
P 0x7f2a7c19bc88
C 258
R
P 0x7f2a7c191628
C 342
R
P 0x7f2a7c191628
P 0x7f2a7c19bc88
C 9
R
P 0x7f2a7c191628
C 342
R
P 0x7f2a7c191628
P 0x7f2a7c19c028
P 0x7f2a7c19bc88
C 75
= 0x7f2a7c487390
R
P 0x7f2a7c191628
C 342
R
P 0x7f2a7c191628
P 0x7f2a7c487390
C 258
R
P 0x7f2a7c191628
C 342
R
P 0x7f2a7c191628
P 0x7f2a7c487390
C 9
R
P 0x7f2a7c191628
C 342
R
P 0x7f2a7c191628
I 1
P 0x7f2a7c19b208
C 150
= 0x7f2a7c19bc88
R
P 0x7f2a7c191628
C 342
R
P 0x7f2a7c191628
P 0x7f2a7c19bc88
C 258
R
P 0x7f2a7c191628
C 342
R
P 0x7f2a7c191628
P 0x7f2a7c19bc88
C 9
R
P 0x7f2a7c191628
C 342
R
P 0x7f2a7c191628
U 2
P 0x7f2a7c19c028
P 0x7f2a7c19bc88
p 2
C 67
= 0x7f2a7c4873c8
R
P 0x7f2a7c191628
C 342
R
P 0x7f2a7c191628
P 0x7f2a7c4873c8
C 257
R
P 0x7f2a7c191628
C 342
R
P 0x7f2a7c191628
P 0x7f2a7c4873c8
C 254
= 0x7f2a7c19b208
R
P 0x7f2a7c191628
C 342
R
P 0x7f2a7c191628
P 0x7f2a7c19b208
C 209
R
P 0x7f2a7c191628
C 342
R
P 0x7f2a7c191628
P 0x7f2a7c4873c8
C 260
R
P 0x7f2a7c191628
C 342
R
P 0x7f2a7c191628
P 0x7f2a7c4873c8
C 259
R
P 0x7f2a7c191628
C 342
R
P 0x7f2a7c191628
P 0x7f2a7c4873c8
C 258
R
P 0x7f2a7c191628
C 342
R
P 0x7f2a7c191628
P 0x7f2a7c4873c8
C 9
R
P 0x7f2a7c191628
C 342
R
P 0x7f2a7c191628
U 2
P 0x7f2a7c19bba8
P 0x7f2a7c4873c8
p 2
C 66
= 0x7f2a7c487400
R
P 0x7f2a7c191628
C 342
R
P 0x7f2a7c191628
P 0x7f2a7c487400
C 257
R
P 0x7f2a7c191628
C 342
R
P 0x7f2a7c191628
P 0x7f2a7c487400
C 254
= 0x7f2a7c19b1e8
R
P 0x7f2a7c191628
C 342
R
P 0x7f2a7c191628
P 0x7f2a7c19b1e8
C 209
R
P 0x7f2a7c191628
C 342
R
P 0x7f2a7c191628
P 0x7f2a7c487400
C 260
R
P 0x7f2a7c191628
C 342
R
P 0x7f2a7c191628
P 0x7f2a7c487400
C 259
R
P 0x7f2a7c191628
C 342
R
P 0x7f2a7c191628
P 0x7f2a7c487400
C 258
R
P 0x7f2a7c191628
C 342
R
P 0x7f2a7c191628
P 0x7f2a7c487400
C 9
R
P 0x7f2a7c191628
C 342
R
P 0x7f2a7c191628
U 2
P 0x7f2a7c19bc28
P 0x7f2a7c487400
p 2
C 65
= 0x7f2a7c487438
R
P 0x7f2a7c191628
C 342
R
P 0x7f2a7c191628
P 0x7f2a7c487438
C 257
R
P 0x7f2a7c191628
C 342
R
P 0x7f2a7c191628
P 0x7f2a7c487438
C 254
= 0x7f2a7c19b1e8
R
P 0x7f2a7c191628
C 342
R
P 0x7f2a7c191628
P 0x7f2a7c19b1e8
C 209
R
P 0x7f2a7c191628
C 342
R
P 0x7f2a7c191628
P 0x7f2a7c487438
C 260
R
P 0x7f2a7c191628
C 342
R
P 0x7f2a7c191628
P 0x7f2a7c487438
C 259
R
P 0x7f2a7c191628
C 342
R
P 0x7f2a7c191628
P 0x7f2a7c487438
C 258
R
P 0x7f2a7c191628
C 342
R
P 0x7f2a7c191628
P 0x7f2a7c487438
C 9
R
P 0x7f2a7c191628
C 342
R
P 0x7f2a7c191628
P 0x7f2a7c487390
P 0x7f2a7c487438
P 0x7f2a7c19bc28
C 59
= 0x7f2a7c19f9c8
R
P 0x7f2a7c191628
C 342
R
P 0x7f2a7c191628
P 0x7f2a7c19f9c8
C 257
R
P 0x7f2a7c191628
C 342
R
P 0x7f2a7c191628
P 0x7f2a7c19f9c8
C 254
= 0x7f2a7c19b1e8
R
P 0x7f2a7c191628
C 342
R
P 0x7f2a7c191628
P 0x7f2a7c19b1e8
C 209
R
P 0x7f2a7c191628
C 342
R
P 0x7f2a7c191628
P 0x7f2a7c19f9c8
C 260
R
P 0x7f2a7c191628
C 342
R
P 0x7f2a7c191628
P 0x7f2a7c19f9c8
C 259
R
P 0x7f2a7c191628
C 342
R
P 0x7f2a7c191628
P 0x7f2a7c19f9c8
C 258
R
P 0x7f2a7c191628
C 342
R
P 0x7f2a7c191628
P 0x7f2a7c19f9c8
C 9
R
P 0x7f2a7c191628
C 342
R
P 0x7f2a7c191628
U 2
P 0x7f2a7c19f9c8
P 0x7f2a7c19bb48
p 2
C 65
= 0x7f2a7c487470
R
P 0x7f2a7c191628
C 342
R
P 0x7f2a7c191628
P 0x7f2a7c487470
C 257
R
P 0x7f2a7c191628
C 342
R
P 0x7f2a7c191628
P 0x7f2a7c487470
C 254
= 0x7f2a7c19b1e8
R
P 0x7f2a7c191628
C 342
R
P 0x7f2a7c191628
P 0x7f2a7c19b1e8
C 209
R
P 0x7f2a7c191628
C 342
R
P 0x7f2a7c191628
P 0x7f2a7c487470
C 260
R
P 0x7f2a7c191628
C 342
R
P 0x7f2a7c191628
P 0x7f2a7c487470
C 259
R
P 0x7f2a7c191628
C 342
R
P 0x7f2a7c191628
P 0x7f2a7c487470
C 258
R
P 0x7f2a7c191628
C 342
R
P 0x7f2a7c191628
P 0x7f2a7c487470
C 9
R
P 0x7f2a7c191628
C 342
R
P 0x7f2a7c191628
U 2
P 0x7f2a7c487470
P 0x7f2a7c19bb68
p 2
C 65
= 0x7f2a7c4874a8
R
P 0x7f2a7c191628
C 342
R
P 0x7f2a7c191628
P 0x7f2a7c4874a8
C 257
R
P 0x7f2a7c191628
C 342
R
P 0x7f2a7c191628
P 0x7f2a7c4874a8
C 254
= 0x7f2a7c19b1e8
R
P 0x7f2a7c191628
C 342
R
P 0x7f2a7c191628
P 0x7f2a7c19b1e8
C 209
R
P 0x7f2a7c191628
C 342
R
P 0x7f2a7c191628
P 0x7f2a7c4874a8
C 260
R
P 0x7f2a7c191628
C 342
R
P 0x7f2a7c191628
P 0x7f2a7c4874a8
C 259
R
P 0x7f2a7c191628
C 342
R
P 0x7f2a7c191628
P 0x7f2a7c4874a8
C 258
R
P 0x7f2a7c191628
C 342
R
P 0x7f2a7c191628
P 0x7f2a7c4874a8
C 9
R
P 0x7f2a7c191628
C 342
R
P 0x7f2a7c191628
P 0x7f2a7c19c248
P 0x7f2a7c4874a8
C 56
= 0x7f2a7c489218
R
P 0x7f2a7c191628
C 342
R
P 0x7f2a7c191628
P 0x7f2a7c489218
C 258
R
P 0x7f2a7c191628
C 342
R
P 0x7f2a7c191628
P 0x7f2a7c489218
C 9
R
P 0x7f2a7c191628
C 342
R
P 0x7f2a7c191628
P 0x7f2a7c4891e0
P 0x7f2a7c489218
C 61
= 0x7f2a7c489250
R
P 0x7f2a7c191628
C 342
R
P 0x7f2a7c191628
P 0x7f2a7c489250
C 258
R
P 0x7f2a7c191628
C 342
R
P 0x7f2a7c191628
P 0x7f2a7c489250
C 9
R
P 0x7f2a7c191628
C 342
R
P 0x7f2a7c191628
P 0x7f2a7c1e1fc8
P 0x7f2a7c489250
C 427
R
P 0x7f2a7c191628
C 342
R
P 0x7f2a7c191628
I 4
P 0x7f2a7c19b208
C 150
= 0x7f2a7c19c028
R
P 0x7f2a7c191628
C 342
R
P 0x7f2a7c191628
P 0x7f2a7c19c028
C 258
R
P 0x7f2a7c191628
C 342
R
P 0x7f2a7c191628
P 0x7f2a7c19c028
C 9
R
P 0x7f2a7c191628
C 342
R
P 0x7f2a7c191628
I 1
P 0x7f2a7c19b208
C 150
= 0x7f2a7c19bc88
R
P 0x7f2a7c191628
C 342
R
P 0x7f2a7c191628
P 0x7f2a7c19bc88
C 258
R
P 0x7f2a7c191628
C 342
R
P 0x7f2a7c191628
P 0x7f2a7c19bc88
C 9
R
P 0x7f2a7c191628
C 342
R
P 0x7f2a7c191628
P 0x7f2a7c19c028
P 0x7f2a7c19bc88
C 75
= 0x7f2a7c487390
R
P 0x7f2a7c191628
C 342
R
P 0x7f2a7c191628
P 0x7f2a7c487390
C 258
R
P 0x7f2a7c191628
C 342
R
P 0x7f2a7c191628
P 0x7f2a7c487390
C 9
R
P 0x7f2a7c191628
C 342
R
P 0x7f2a7c191628
I 1
P 0x7f2a7c19b208
C 150
= 0x7f2a7c19bc88
R
P 0x7f2a7c191628
C 342
R
P 0x7f2a7c191628
P 0x7f2a7c19bc88
C 258
R
P 0x7f2a7c191628
C 342
R
P 0x7f2a7c191628
P 0x7f2a7c19bc88
C 9
R
P 0x7f2a7c191628
C 342
R
P 0x7f2a7c191628
U 2
P 0x7f2a7c19c028
P 0x7f2a7c19bc88
p 2
C 67
= 0x7f2a7c4873c8
R
P 0x7f2a7c191628
C 342
R
P 0x7f2a7c191628
P 0x7f2a7c4873c8
C 257
R
P 0x7f2a7c191628
C 342
R
P 0x7f2a7c191628
P 0x7f2a7c4873c8
C 254
= 0x7f2a7c19b208
R
P 0x7f2a7c191628
C 342
R
P 0x7f2a7c191628
P 0x7f2a7c19b208
C 209
R
P 0x7f2a7c191628
C 342
R
P 0x7f2a7c191628
P 0x7f2a7c4873c8
C 260
R
P 0x7f2a7c191628
C 342
R
P 0x7f2a7c191628
P 0x7f2a7c4873c8
C 259
R
P 0x7f2a7c191628
C 342
R
P 0x7f2a7c191628
P 0x7f2a7c4873c8
C 258
R
P 0x7f2a7c191628
C 342
R
P 0x7f2a7c191628
P 0x7f2a7c4873c8
C 9
R
P 0x7f2a7c191628
C 342
R
P 0x7f2a7c191628
U 2
P 0x7f2a7c19bba8
P 0x7f2a7c4873c8
p 2
C 66
= 0x7f2a7c487400
R
P 0x7f2a7c191628
C 342
R
P 0x7f2a7c191628
P 0x7f2a7c487400
C 257
R
P 0x7f2a7c191628
C 342
R
P 0x7f2a7c191628
P 0x7f2a7c487400
C 254
= 0x7f2a7c19b1e8
R
P 0x7f2a7c191628
C 342
R
P 0x7f2a7c191628
P 0x7f2a7c19b1e8
C 209
R
P 0x7f2a7c191628
C 342
R
P 0x7f2a7c191628
P 0x7f2a7c487400
C 260
R
P 0x7f2a7c191628
C 342
R
P 0x7f2a7c191628
P 0x7f2a7c487400
C 259
R
P 0x7f2a7c191628
C 342
R
P 0x7f2a7c191628
P 0x7f2a7c487400
C 258
R
P 0x7f2a7c191628
C 342
R
P 0x7f2a7c191628
P 0x7f2a7c487400
C 9
R
P 0x7f2a7c191628
C 342
R
P 0x7f2a7c191628
U 2
P 0x7f2a7c19bc28
P 0x7f2a7c487400
p 2
C 65
= 0x7f2a7c487438
R
P 0x7f2a7c191628
C 342
R
P 0x7f2a7c191628
P 0x7f2a7c487438
C 257
R
P 0x7f2a7c191628
C 342
R
P 0x7f2a7c191628
P 0x7f2a7c487438
C 254
= 0x7f2a7c19b1e8
R
P 0x7f2a7c191628
C 342
R
P 0x7f2a7c191628
P 0x7f2a7c19b1e8
C 209
R
P 0x7f2a7c191628
C 342
R
P 0x7f2a7c191628
P 0x7f2a7c487438
C 260
R
P 0x7f2a7c191628
C 342
R
P 0x7f2a7c191628
P 0x7f2a7c487438
C 259
R
P 0x7f2a7c191628
C 342
R
P 0x7f2a7c191628
P 0x7f2a7c487438
C 258
R
P 0x7f2a7c191628
C 342
R
P 0x7f2a7c191628
P 0x7f2a7c487438
C 9
R
P 0x7f2a7c191628
C 342
R
P 0x7f2a7c191628
P 0x7f2a7c487390
P 0x7f2a7c487438
P 0x7f2a7c19bc28
C 59
= 0x7f2a7c19f9c8
R
P 0x7f2a7c191628
C 342
R
P 0x7f2a7c191628
P 0x7f2a7c19f9c8
C 257
R
P 0x7f2a7c191628
C 342
R
P 0x7f2a7c191628
P 0x7f2a7c19f9c8
C 254
= 0x7f2a7c19b1e8
R
P 0x7f2a7c191628
C 342
R
P 0x7f2a7c191628
P 0x7f2a7c19b1e8
C 209
R
P 0x7f2a7c191628
C 342
R
P 0x7f2a7c191628
P 0x7f2a7c19f9c8
C 260
R
P 0x7f2a7c191628
C 342
R
P 0x7f2a7c191628
P 0x7f2a7c19f9c8
C 259
R
P 0x7f2a7c191628
C 342
R
P 0x7f2a7c191628
P 0x7f2a7c19f9c8
C 258
R
P 0x7f2a7c191628
C 342
R
P 0x7f2a7c191628
P 0x7f2a7c19f9c8
C 9
R
P 0x7f2a7c191628
C 342
R
P 0x7f2a7c191628
U 2
P 0x7f2a7c19f9c8
P 0x7f2a7c19bb48
p 2
C 65
= 0x7f2a7c487470
R
P 0x7f2a7c191628
C 342
R
P 0x7f2a7c191628
P 0x7f2a7c487470
C 257
R
P 0x7f2a7c191628
C 342
R
P 0x7f2a7c191628
P 0x7f2a7c487470
C 254
= 0x7f2a7c19b1e8
R
P 0x7f2a7c191628
C 342
R
P 0x7f2a7c191628
P 0x7f2a7c19b1e8
C 209
R
P 0x7f2a7c191628
C 342
R
P 0x7f2a7c191628
P 0x7f2a7c487470
C 260
R
P 0x7f2a7c191628
C 342
R
P 0x7f2a7c191628
P 0x7f2a7c487470
C 259
R
P 0x7f2a7c191628
C 342
R
P 0x7f2a7c191628
P 0x7f2a7c487470
C 258
R
P 0x7f2a7c191628
C 342
R
P 0x7f2a7c191628
P 0x7f2a7c487470
C 9
R
P 0x7f2a7c191628
C 342
R
P 0x7f2a7c191628
P 0x7f2a7c19bc68
C 333
R
P 0x7f2a7c191628
C 342
R
P 0x7f2a7c191628
S "slotflowPriorityStart"
C 30
R
P 0x7f2a7c191628
C 342
R
P 0x7f2a7c191628
$ |slotflowPriorityStart|
C 202
R
P 0x7f2a7c191628
C 342
R
P 0x7f2a7c191628
$ |slotflowPriorityStart|
P 0x7f2a7c19b1e8
C 51
= 0x7f2a7c19c2a8
R
P 0x7f2a7c191628
C 342
R
P 0x7f2a7c191628
P 0x7f2a7c19c2a8
C 257
R
P 0x7f2a7c191628
C 342
R
P 0x7f2a7c191628
P 0x7f2a7c19c2a8
C 254
= 0x7f2a7c19b1e8
R
P 0x7f2a7c191628
C 342
R
P 0x7f2a7c191628
P 0x7f2a7c19b1e8
C 209
R
P 0x7f2a7c191628
C 342
R
P 0x7f2a7c191628
P 0x7f2a7c19c2a8
C 260
R
P 0x7f2a7c191628
C 342
R
P 0x7f2a7c191628
P 0x7f2a7c19c2a8
C 259
R
P 0x7f2a7c191628
C 342
R
P 0x7f2a7c191628
P 0x7f2a7c19c2a8
C 258
R
P 0x7f2a7c191628
C 342
R
P 0x7f2a7c191628
P 0x7f2a7c19c2a8
C 9
R
P 0x7f2a7c191628
C 342
R
P 0x7f2a7c191628
P 0x7f2a7c19bc68
C 333
R
P 0x7f2a7c191628
C 342
R
P 0x7f2a7c191628
S "slotflowPriorityDuration"
C 30
R
P 0x7f2a7c191628
C 342
R
P 0x7f2a7c191628
$ |slotflowPriorityDuration|
C 202
R
P 0x7f2a7c191628
C 342
R
P 0x7f2a7c191628
$ |slotflowPriorityDuration|
P 0x7f2a7c19b1e8
C 51
= 0x7f2a7c19c268
R
P 0x7f2a7c191628
C 342
R
P 0x7f2a7c191628
P 0x7f2a7c19c268
C 257
R
P 0x7f2a7c191628
C 342
R
P 0x7f2a7c191628
P 0x7f2a7c19c268
C 254
= 0x7f2a7c19b1e8
R
P 0x7f2a7c191628
C 342
R
P 0x7f2a7c191628
P 0x7f2a7c19b1e8
C 209
R
P 0x7f2a7c191628
C 342
R
P 0x7f2a7c191628
P 0x7f2a7c19c268
C 260
R
P 0x7f2a7c191628
C 342
R
P 0x7f2a7c191628
P 0x7f2a7c19c268
C 259
R
P 0x7f2a7c191628
C 342
R
P 0x7f2a7c191628
P 0x7f2a7c19c268
C 258
R
P 0x7f2a7c191628
C 342
R
P 0x7f2a7c191628
P 0x7f2a7c19c268
C 9
R
P 0x7f2a7c191628
C 342
R
P 0x7f2a7c191628
U 2
P 0x7f2a7c19c2a8
P 0x7f2a7c19c268
p 2
C 65
= 0x7f2a7c487908
R
P 0x7f2a7c191628
C 342
R
P 0x7f2a7c191628
P 0x7f2a7c487908
C 257
R
P 0x7f2a7c191628
C 342
R
P 0x7f2a7c191628
P 0x7f2a7c487908
C 254
= 0x7f2a7c19b1e8
R
P 0x7f2a7c191628
C 342
R
P 0x7f2a7c191628
P 0x7f2a7c19b1e8
C 209
R
P 0x7f2a7c191628
C 342
R
P 0x7f2a7c191628
P 0x7f2a7c487908
C 260
R
P 0x7f2a7c191628
C 342
R
P 0x7f2a7c191628
P 0x7f2a7c487908
C 259
R
P 0x7f2a7c191628
C 342
R
P 0x7f2a7c191628
P 0x7f2a7c487908
C 258
R
P 0x7f2a7c191628
C 342
R
P 0x7f2a7c191628
P 0x7f2a7c487908
C 9
R
P 0x7f2a7c191628
C 342
R
P 0x7f2a7c191628
I 1
P 0x7f2a7c19b208
C 150
= 0x7f2a7c19bc88
R
P 0x7f2a7c191628
C 342
R
P 0x7f2a7c191628
P 0x7f2a7c19bc88
C 258
R
P 0x7f2a7c191628
C 342
R
P 0x7f2a7c191628
P 0x7f2a7c19bc88
C 9
R
P 0x7f2a7c191628
C 342
R
P 0x7f2a7c191628
I 1
P 0x7f2a7c19b208
C 150
= 0x7f2a7c19bc88
R
P 0x7f2a7c191628
C 342
R
P 0x7f2a7c191628
P 0x7f2a7c19bc88
C 258
R
P 0x7f2a7c191628
C 342
R
P 0x7f2a7c191628
P 0x7f2a7c19bc88
C 9
R
P 0x7f2a7c191628
C 342
R
P 0x7f2a7c191628
P 0x7f2a7c19bc88
P 0x7f2a7c19bc88
C 75
= 0x7f2a7c1a1778
R
P 0x7f2a7c191628
C 342
R
P 0x7f2a7c191628
P 0x7f2a7c1a1778
C 258
R
P 0x7f2a7c191628
C 342
R
P 0x7f2a7c191628
P 0x7f2a7c1a1778
C 9
R
P 0x7f2a7c191628
C 342
R
P 0x7f2a7c191628
I 1
P 0x7f2a7c19b208
C 150
= 0x7f2a7c19bc88
R
P 0x7f2a7c191628
C 342
R
P 0x7f2a7c191628
P 0x7f2a7c19bc88
C 258
R
P 0x7f2a7c191628
C 342
R
P 0x7f2a7c191628
P 0x7f2a7c19bc88
C 9
R
P 0x7f2a7c191628
C 342
R
P 0x7f2a7c191628
U 2
P 0x7f2a7c19bc88
P 0x7f2a7c19bc88
p 2
C 67
= 0x7f2a7c1a17b0
R
P 0x7f2a7c191628
C 342
R
P 0x7f2a7c191628
P 0x7f2a7c1a17b0
C 257
R
P 0x7f2a7c191628
C 342
R
P 0x7f2a7c191628
P 0x7f2a7c1a17b0
C 254
= 0x7f2a7c19b208
R
P 0x7f2a7c191628
C 342
R
P 0x7f2a7c191628
P 0x7f2a7c19b208
C 209
R
P 0x7f2a7c191628
C 342
R
P 0x7f2a7c191628
P 0x7f2a7c1a17b0
C 260
R
P 0x7f2a7c191628
C 342
R
P 0x7f2a7c191628
P 0x7f2a7c1a17b0
C 259
R
P 0x7f2a7c191628
C 342
R
P 0x7f2a7c191628
P 0x7f2a7c1a17b0
C 258
R
P 0x7f2a7c191628
C 342
R
P 0x7f2a7c191628
P 0x7f2a7c1a17b0
C 9
R
P 0x7f2a7c191628
C 342
R
P 0x7f2a7c191628
U 2
P 0x7f2a7c19bbe8
P 0x7f2a7c1a17b0
p 2
C 66
= 0x7f2a7c487b70
R
P 0x7f2a7c191628
C 342
R
P 0x7f2a7c191628
P 0x7f2a7c487b70
C 257
R
P 0x7f2a7c191628
C 342
R
P 0x7f2a7c191628
P 0x7f2a7c487b70
C 254
= 0x7f2a7c19b208
R
P 0x7f2a7c191628
C 342
R
P 0x7f2a7c191628
P 0x7f2a7c19b208
C 209
R
P 0x7f2a7c191628
C 342
R
P 0x7f2a7c191628
P 0x7f2a7c487b70
C 260
R
P 0x7f2a7c191628
C 342
R
P 0x7f2a7c191628
P 0x7f2a7c487b70
C 259
R
P 0x7f2a7c191628
C 342
R
P 0x7f2a7c191628
P 0x7f2a7c487b70
C 258
R
P 0x7f2a7c191628
C 342
R
P 0x7f2a7c191628
P 0x7f2a7c487b70
C 9
R
P 0x7f2a7c191628
C 342
R
P 0x7f2a7c191628
U 2
P 0x7f2a7c19bb88
P 0x7f2a7c487b70
p 2
C 65
= 0x7f2a7c487ba8
R
P 0x7f2a7c191628
C 342
R
P 0x7f2a7c191628
P 0x7f2a7c487ba8
C 257
R
P 0x7f2a7c191628
C 342
R
P 0x7f2a7c191628
P 0x7f2a7c487ba8
C 254
= 0x7f2a7c19b1e8
R
P 0x7f2a7c191628
C 342
R
P 0x7f2a7c191628
P 0x7f2a7c19b1e8
C 209
R
P 0x7f2a7c191628
C 342
R
P 0x7f2a7c191628
P 0x7f2a7c487ba8
C 260
R
P 0x7f2a7c191628
C 342
R
P 0x7f2a7c191628
P 0x7f2a7c487ba8
C 259
R
P 0x7f2a7c191628
C 342
R
P 0x7f2a7c191628
P 0x7f2a7c487ba8
C 258
R
P 0x7f2a7c191628
C 342
R
P 0x7f2a7c191628
P 0x7f2a7c487ba8
C 9
R
P 0x7f2a7c191628
C 342
R
P 0x7f2a7c191628
P 0x7f2a7c1a1778
P 0x7f2a7c487ba8
P 0x7f2a7c19bb88
C 59
= 0x7f2a7c19fa48
R
P 0x7f2a7c191628
C 342
R
P 0x7f2a7c191628
P 0x7f2a7c19fa48
C 257
R
P 0x7f2a7c191628
C 342
R
P 0x7f2a7c191628
P 0x7f2a7c19fa48
C 254
= 0x7f2a7c19b1e8
R
P 0x7f2a7c191628
C 342
R
P 0x7f2a7c191628
P 0x7f2a7c19b1e8
C 209
R
P 0x7f2a7c191628
C 342
R
P 0x7f2a7c191628
P 0x7f2a7c19fa48
C 260
R
P 0x7f2a7c191628
C 342
R
P 0x7f2a7c191628
P 0x7f2a7c19fa48
C 259
R
P 0x7f2a7c191628
C 342
R
P 0x7f2a7c191628
P 0x7f2a7c19fa48
C 258
R
P 0x7f2a7c191628
C 342
R
P 0x7f2a7c191628
P 0x7f2a7c19fa48
C 9
R
P 0x7f2a7c191628
C 342
R
P 0x7f2a7c191628
U 2
P 0x7f2a7c487908
P 0x7f2a7c19fa48
p 2
C 65
= 0x7f2a7c487be0
R
P 0x7f2a7c191628
C 342
R
P 0x7f2a7c191628
P 0x7f2a7c487be0
C 257
R
P 0x7f2a7c191628
C 342
R
P 0x7f2a7c191628
P 0x7f2a7c487be0
C 254
= 0x7f2a7c19b1e8
R
P 0x7f2a7c191628
C 342
R
P 0x7f2a7c191628
P 0x7f2a7c19b1e8
C 209
R
P 0x7f2a7c191628
C 342
R
P 0x7f2a7c191628
P 0x7f2a7c487be0
C 260
R
P 0x7f2a7c191628
C 342
R
P 0x7f2a7c191628
P 0x7f2a7c487be0
C 259
R
P 0x7f2a7c191628
C 342
R
P 0x7f2a7c191628
P 0x7f2a7c487be0
C 258
R
P 0x7f2a7c191628
C 342
R
P 0x7f2a7c191628
P 0x7f2a7c487be0
C 9
R
P 0x7f2a7c191628
C 342
R
P 0x7f2a7c191628
U 2
P 0x7f2a7c487be0
P 0x7f2a7c19bb68
p 2
C 67
= 0x7f2a7c487c18
R
P 0x7f2a7c191628
C 342
R
P 0x7f2a7c191628
P 0x7f2a7c487c18
C 257
R
P 0x7f2a7c191628
C 342
R
P 0x7f2a7c191628
P 0x7f2a7c487c18
C 254
= 0x7f2a7c19b1e8
R
P 0x7f2a7c191628
C 342
R
P 0x7f2a7c191628
P 0x7f2a7c19b1e8
C 209
R
P 0x7f2a7c191628
C 342
R
P 0x7f2a7c191628
P 0x7f2a7c487c18
C 260
R
P 0x7f2a7c191628
C 342
R
P 0x7f2a7c191628
P 0x7f2a7c487c18
C 259
R
P 0x7f2a7c191628
C 342
R
P 0x7f2a7c191628
P 0x7f2a7c487c18
C 258
R
P 0x7f2a7c191628
C 342
R
P 0x7f2a7c191628
P 0x7f2a7c487c18
C 9
R
P 0x7f2a7c191628
C 342
R
P 0x7f2a7c191628
P 0x7f2a7c487470
P 0x7f2a7c487c18
C 74
= 0x7f2a7c489288
R
P 0x7f2a7c191628
C 342
R
P 0x7f2a7c191628
P 0x7f2a7c489288
C 258
R
P 0x7f2a7c191628
C 342
R
P 0x7f2a7c191628
P 0x7f2a7c489288
C 9
R
P 0x7f2a7c191628
C 342
R
P 0x7f2a7c191628
I 4
P 0x7f2a7c19b208
C 150
= 0x7f2a7c19c028
R
P 0x7f2a7c191628
C 342
R
P 0x7f2a7c191628
P 0x7f2a7c19c028
C 258
R
P 0x7f2a7c191628
C 342
R
P 0x7f2a7c191628
P 0x7f2a7c19c028
C 9
R
P 0x7f2a7c191628
C 342
R
P 0x7f2a7c191628
I 1
P 0x7f2a7c19b208
C 150
= 0x7f2a7c19bc88
R
P 0x7f2a7c191628
C 342
R
P 0x7f2a7c191628
P 0x7f2a7c19bc88
C 258
R
P 0x7f2a7c191628
C 342
R
P 0x7f2a7c191628
P 0x7f2a7c19bc88
C 9
R
P 0x7f2a7c191628
C 342
R
P 0x7f2a7c191628
P 0x7f2a7c19c028
P 0x7f2a7c19bc88
C 75
= 0x7f2a7c487390
R
P 0x7f2a7c191628
C 342
R
P 0x7f2a7c191628
P 0x7f2a7c487390
C 258
R
P 0x7f2a7c191628
C 342
R
P 0x7f2a7c191628
P 0x7f2a7c487390
C 9
R
P 0x7f2a7c191628
C 342
R
P 0x7f2a7c191628
I 1
P 0x7f2a7c19b208
C 150
= 0x7f2a7c19bc88
R
P 0x7f2a7c191628
C 342
R
P 0x7f2a7c191628
P 0x7f2a7c19bc88
C 258
R
P 0x7f2a7c191628
C 342
R
P 0x7f2a7c191628
P 0x7f2a7c19bc88
C 9
R
P 0x7f2a7c191628
C 342
R
P 0x7f2a7c191628
U 2
P 0x7f2a7c19c028
P 0x7f2a7c19bc88
p 2
C 67
= 0x7f2a7c4873c8
R
P 0x7f2a7c191628
C 342
R
P 0x7f2a7c191628
P 0x7f2a7c4873c8
C 257
R
P 0x7f2a7c191628
C 342
R
P 0x7f2a7c191628
P 0x7f2a7c4873c8
C 254
= 0x7f2a7c19b208
R
P 0x7f2a7c191628
C 342
R
P 0x7f2a7c191628
P 0x7f2a7c19b208
C 209
R
P 0x7f2a7c191628
C 342
R
P 0x7f2a7c191628
P 0x7f2a7c4873c8
C 260
R
P 0x7f2a7c191628
C 342
R
P 0x7f2a7c191628
P 0x7f2a7c4873c8
C 259
R
P 0x7f2a7c191628
C 342
R
P 0x7f2a7c191628
P 0x7f2a7c4873c8
C 258
R
P 0x7f2a7c191628
C 342
R
P 0x7f2a7c191628
P 0x7f2a7c4873c8
C 9
R
P 0x7f2a7c191628
C 342
R
P 0x7f2a7c191628
U 2
P 0x7f2a7c19bba8
P 0x7f2a7c4873c8
p 2
C 66
= 0x7f2a7c487400
R
P 0x7f2a7c191628
C 342
R
P 0x7f2a7c191628
P 0x7f2a7c487400
C 257
R
P 0x7f2a7c191628
C 342
R
P 0x7f2a7c191628
P 0x7f2a7c487400
C 254
= 0x7f2a7c19b1e8
R
P 0x7f2a7c191628
C 342
R
P 0x7f2a7c191628
P 0x7f2a7c19b1e8
C 209
R
P 0x7f2a7c191628
C 342
R
P 0x7f2a7c191628
P 0x7f2a7c487400
C 260
R
P 0x7f2a7c191628
C 342
R
P 0x7f2a7c191628
P 0x7f2a7c487400
C 259
R
P 0x7f2a7c191628
C 342
R
P 0x7f2a7c191628
P 0x7f2a7c487400
C 258
R
P 0x7f2a7c191628
C 342
R
P 0x7f2a7c191628
P 0x7f2a7c487400
C 9
R
P 0x7f2a7c191628
C 342
R
P 0x7f2a7c191628
U 2
P 0x7f2a7c19bc28
P 0x7f2a7c487400
p 2
C 65
= 0x7f2a7c487438
R
P 0x7f2a7c191628
C 342
R
P 0x7f2a7c191628
P 0x7f2a7c487438
C 257
R
P 0x7f2a7c191628
C 342
R
P 0x7f2a7c191628
P 0x7f2a7c487438
C 254
= 0x7f2a7c19b1e8
R
P 0x7f2a7c191628
C 342
R
P 0x7f2a7c191628
P 0x7f2a7c19b1e8
C 209
R
P 0x7f2a7c191628
C 342
R
P 0x7f2a7c191628
P 0x7f2a7c487438
C 260
R
P 0x7f2a7c191628
C 342
R
P 0x7f2a7c191628
P 0x7f2a7c487438
C 259
R
P 0x7f2a7c191628
C 342
R
P 0x7f2a7c191628
P 0x7f2a7c487438
C 258
R
P 0x7f2a7c191628
C 342
R
P 0x7f2a7c191628
P 0x7f2a7c487438
C 9
R
P 0x7f2a7c191628
C 342
R
P 0x7f2a7c191628
P 0x7f2a7c487390
P 0x7f2a7c487438
P 0x7f2a7c19bc28
C 59
= 0x7f2a7c19f9c8
R
P 0x7f2a7c191628
C 342
R
P 0x7f2a7c191628
P 0x7f2a7c19f9c8
C 257
R
P 0x7f2a7c191628
C 342
R
P 0x7f2a7c191628
P 0x7f2a7c19f9c8
C 254
= 0x7f2a7c19b1e8
R
P 0x7f2a7c191628
C 342
R
P 0x7f2a7c191628
P 0x7f2a7c19b1e8
C 209
R
P 0x7f2a7c191628
C 342
R
P 0x7f2a7c191628
P 0x7f2a7c19f9c8
C 260
R
P 0x7f2a7c191628
C 342
R
P 0x7f2a7c191628
P 0x7f2a7c19f9c8
C 259
R
P 0x7f2a7c191628
C 342
R
P 0x7f2a7c191628
P 0x7f2a7c19f9c8
C 258
R
P 0x7f2a7c191628
C 342
R
P 0x7f2a7c191628
P 0x7f2a7c19f9c8
C 9
R
P 0x7f2a7c191628
C 342
R
P 0x7f2a7c191628
U 2
P 0x7f2a7c19f9c8
P 0x7f2a7c19bb48
p 2
C 65
= 0x7f2a7c487470
R
P 0x7f2a7c191628
C 342
R
P 0x7f2a7c191628
P 0x7f2a7c487470
C 257
R
P 0x7f2a7c191628
C 342
R
P 0x7f2a7c191628
P 0x7f2a7c487470
C 254
= 0x7f2a7c19b1e8
R
P 0x7f2a7c191628
C 342
R
P 0x7f2a7c191628
P 0x7f2a7c19b1e8
C 209
R
P 0x7f2a7c191628
C 342
R
P 0x7f2a7c191628
P 0x7f2a7c487470
C 260
R
P 0x7f2a7c191628
C 342
R
P 0x7f2a7c191628
P 0x7f2a7c487470
C 259
R
P 0x7f2a7c191628
C 342
R
P 0x7f2a7c191628
P 0x7f2a7c487470
C 258
R
P 0x7f2a7c191628
C 342
R
P 0x7f2a7c191628
P 0x7f2a7c487470
C 9
R
P 0x7f2a7c191628
C 342
R
P 0x7f2a7c191628
P 0x7f2a7c19bc68
C 333
R
P 0x7f2a7c191628
C 342
R
P 0x7f2a7c191628
S "slotflowPriorityStart"
C 30
R
P 0x7f2a7c191628
C 342
R
P 0x7f2a7c191628
$ |slotflowPriorityStart|
C 202
R
P 0x7f2a7c191628
C 342
R
P 0x7f2a7c191628
$ |slotflowPriorityStart|
P 0x7f2a7c19b1e8
C 51
= 0x7f2a7c19c2a8
R
P 0x7f2a7c191628
C 342
R
P 0x7f2a7c191628
P 0x7f2a7c19c2a8
C 257
R
P 0x7f2a7c191628
C 342
R
P 0x7f2a7c191628
P 0x7f2a7c19c2a8
C 254
= 0x7f2a7c19b1e8
R
P 0x7f2a7c191628
C 342
R
P 0x7f2a7c191628
P 0x7f2a7c19b1e8
C 209
R
P 0x7f2a7c191628
C 342
R
P 0x7f2a7c191628
P 0x7f2a7c19c2a8
C 260
R
P 0x7f2a7c191628
C 342
R
P 0x7f2a7c191628
P 0x7f2a7c19c2a8
C 259
R
P 0x7f2a7c191628
C 342
R
P 0x7f2a7c191628
P 0x7f2a7c19c2a8
C 258
R
P 0x7f2a7c191628
C 342
R
P 0x7f2a7c191628
P 0x7f2a7c19c2a8
C 9
R
P 0x7f2a7c191628
C 342
R
P 0x7f2a7c191628
I 1
P 0x7f2a7c19b208
C 150
= 0x7f2a7c19bc88
R
P 0x7f2a7c191628
C 342
R
P 0x7f2a7c191628
P 0x7f2a7c19bc88
C 258
R
P 0x7f2a7c191628
C 342
R
P 0x7f2a7c191628
P 0x7f2a7c19bc88
C 9
R
P 0x7f2a7c191628
C 342
R
P 0x7f2a7c191628
I 1
P 0x7f2a7c19b208
C 150
= 0x7f2a7c19bc88
R
P 0x7f2a7c191628
C 342
R
P 0x7f2a7c191628
P 0x7f2a7c19bc88
C 258
R
P 0x7f2a7c191628
C 342
R
P 0x7f2a7c191628
P 0x7f2a7c19bc88
C 9
R
P 0x7f2a7c191628
C 342
R
P 0x7f2a7c191628
P 0x7f2a7c19bc88
P 0x7f2a7c19bc88
C 75
= 0x7f2a7c1a1778
R
P 0x7f2a7c191628
C 342
R
P 0x7f2a7c191628
P 0x7f2a7c1a1778
C 258
R
P 0x7f2a7c191628
C 342
R
P 0x7f2a7c191628
P 0x7f2a7c1a1778
C 9
R
P 0x7f2a7c191628
C 342
R
P 0x7f2a7c191628
I 1
P 0x7f2a7c19b208
C 150
= 0x7f2a7c19bc88
R
P 0x7f2a7c191628
C 342
R
P 0x7f2a7c191628
P 0x7f2a7c19bc88
C 258
R
P 0x7f2a7c191628
C 342
R
P 0x7f2a7c191628
P 0x7f2a7c19bc88
C 9
R
P 0x7f2a7c191628
C 342
R
P 0x7f2a7c191628
U 2
P 0x7f2a7c19bc88
P 0x7f2a7c19bc88
p 2
C 67
= 0x7f2a7c1a17b0
R
P 0x7f2a7c191628
C 342
R
P 0x7f2a7c191628
P 0x7f2a7c1a17b0
C 257
R
P 0x7f2a7c191628
C 342
R
P 0x7f2a7c191628
P 0x7f2a7c1a17b0
C 254
= 0x7f2a7c19b208
R
P 0x7f2a7c191628
C 342
R
P 0x7f2a7c191628
P 0x7f2a7c19b208
C 209
R
P 0x7f2a7c191628
C 342
R
P 0x7f2a7c191628
P 0x7f2a7c1a17b0
C 260
R
P 0x7f2a7c191628
C 342
R
P 0x7f2a7c191628
P 0x7f2a7c1a17b0
C 259
R
P 0x7f2a7c191628
C 342
R
P 0x7f2a7c191628
P 0x7f2a7c1a17b0
C 258
R
P 0x7f2a7c191628
C 342
R
P 0x7f2a7c191628
P 0x7f2a7c1a17b0
C 9
R
P 0x7f2a7c191628
C 342
R
P 0x7f2a7c191628
U 2
P 0x7f2a7c19bbe8
P 0x7f2a7c1a17b0
p 2
C 66
= 0x7f2a7c487b70
R
P 0x7f2a7c191628
C 342
R
P 0x7f2a7c191628
P 0x7f2a7c487b70
C 257
R
P 0x7f2a7c191628
C 342
R
P 0x7f2a7c191628
P 0x7f2a7c487b70
C 254
= 0x7f2a7c19b208
R
P 0x7f2a7c191628
C 342
R
P 0x7f2a7c191628
P 0x7f2a7c19b208
C 209
R
P 0x7f2a7c191628
C 342
R
P 0x7f2a7c191628
P 0x7f2a7c487b70
C 260
R
P 0x7f2a7c191628
C 342
R
P 0x7f2a7c191628
P 0x7f2a7c487b70
C 259
R
P 0x7f2a7c191628
C 342
R
P 0x7f2a7c191628
P 0x7f2a7c487b70
C 258
R
P 0x7f2a7c191628
C 342
R
P 0x7f2a7c191628
P 0x7f2a7c487b70
C 9
R
P 0x7f2a7c191628
C 342
R
P 0x7f2a7c191628
U 2
P 0x7f2a7c19bb88
P 0x7f2a7c487b70
p 2
C 65
= 0x7f2a7c487ba8
R
P 0x7f2a7c191628
C 342
R
P 0x7f2a7c191628
P 0x7f2a7c487ba8
C 257
R
P 0x7f2a7c191628
C 342
R
P 0x7f2a7c191628
P 0x7f2a7c487ba8
C 254
= 0x7f2a7c19b1e8
R
P 0x7f2a7c191628
C 342
R
P 0x7f2a7c191628
P 0x7f2a7c19b1e8
C 209
R
P 0x7f2a7c191628
C 342
R
P 0x7f2a7c191628
P 0x7f2a7c487ba8
C 260
R
P 0x7f2a7c191628
C 342
R
P 0x7f2a7c191628
P 0x7f2a7c487ba8
C 259
R
P 0x7f2a7c191628
C 342
R
P 0x7f2a7c191628
P 0x7f2a7c487ba8
C 258
R
P 0x7f2a7c191628
C 342
R
P 0x7f2a7c191628
P 0x7f2a7c487ba8
C 9
R
P 0x7f2a7c191628
C 342
R
P 0x7f2a7c191628
P 0x7f2a7c1a1778
P 0x7f2a7c487ba8
P 0x7f2a7c19bb88
C 59
= 0x7f2a7c19fa48
R
P 0x7f2a7c191628
C 342
R
P 0x7f2a7c191628
P 0x7f2a7c19fa48
C 257
R
P 0x7f2a7c191628
C 342
R
P 0x7f2a7c191628
P 0x7f2a7c19fa48
C 254
= 0x7f2a7c19b1e8
R
P 0x7f2a7c191628
C 342
R
P 0x7f2a7c191628
P 0x7f2a7c19b1e8
C 209
R
P 0x7f2a7c191628
C 342
R
P 0x7f2a7c191628
P 0x7f2a7c19fa48
C 260
R
P 0x7f2a7c191628
C 342
R
P 0x7f2a7c191628
P 0x7f2a7c19fa48
C 259
R
P 0x7f2a7c191628
C 342
R
P 0x7f2a7c191628
P 0x7f2a7c19fa48
C 258
R
P 0x7f2a7c191628
C 342
R
P 0x7f2a7c191628
P 0x7f2a7c19fa48
C 9
R
P 0x7f2a7c191628
C 342
R
P 0x7f2a7c191628
U 2
P 0x7f2a7c19c2a8
P 0x7f2a7c19fa48
p 2
C 65
= 0x7f2a7c487c88
R
P 0x7f2a7c191628
C 342
R
P 0x7f2a7c191628
P 0x7f2a7c487c88
C 257
R
P 0x7f2a7c191628
C 342
R
P 0x7f2a7c191628
P 0x7f2a7c487c88
C 254
= 0x7f2a7c19b1e8
R
P 0x7f2a7c191628
C 342
R
P 0x7f2a7c191628
P 0x7f2a7c19b1e8
C 209
R
P 0x7f2a7c191628
C 342
R
P 0x7f2a7c191628
P 0x7f2a7c487c88
C 260
R
P 0x7f2a7c191628
C 342
R
P 0x7f2a7c191628
P 0x7f2a7c487c88
C 259
R
P 0x7f2a7c191628
C 342
R
P 0x7f2a7c191628
P 0x7f2a7c487c88
C 258
R
P 0x7f2a7c191628
C 342
R
P 0x7f2a7c191628
P 0x7f2a7c487c88
C 9
R
P 0x7f2a7c191628
C 342
R
P 0x7f2a7c191628
P 0x7f2a7c487470
P 0x7f2a7c487c88
C 76
= 0x7f2a7c4892c0
R
P 0x7f2a7c191628
C 342
R
P 0x7f2a7c191628
P 0x7f2a7c4892c0
C 258
R
P 0x7f2a7c191628
C 342
R
P 0x7f2a7c191628
P 0x7f2a7c4892c0
C 9
R
P 0x7f2a7c191628
C 342
R
P 0x7f2a7c191628
U 2
P 0x7f2a7c489288
P 0x7f2a7c4892c0
p 2
C 63
= 0x7f2a7c4892f8
R
P 0x7f2a7c191628
C 342
R
P 0x7f2a7c191628
P 0x7f2a7c4892f8
C 258
R
P 0x7f2a7c191628
C 342
R
P 0x7f2a7c191628
P 0x7f2a7c4892f8
C 9
R
P 0x7f2a7c191628
C 342
R
P 0x7f2a7c191628
I 4
P 0x7f2a7c19b208
C 150
= 0x7f2a7c19c028
R
P 0x7f2a7c191628
C 342
R
P 0x7f2a7c191628
P 0x7f2a7c19c028
C 258
R
P 0x7f2a7c191628
C 342
R
P 0x7f2a7c191628
P 0x7f2a7c19c028
C 9
R
P 0x7f2a7c191628
C 342
R
P 0x7f2a7c191628
P 0x7f2a7c19c028
C 263
R
P 0x7f2a7c191628
C 342
R
P 0x7f2a7c191628
S "dev0T34"
C 30
R
P 0x7f2a7c191628
C 342
R
P 0x7f2a7c191628
$ |dev0T34|
C 202
R
P 0x7f2a7c191628
C 342
R
P 0x7f2a7c191628
$ |dev0T34|
P 0x7f2a7c19b1e8
C 51
= 0x7f2a7c19c248
R
P 0x7f2a7c191628
C 342
R
P 0x7f2a7c191628
P 0x7f2a7c19c248
C 257
R
P 0x7f2a7c191628
C 342
R
P 0x7f2a7c191628
P 0x7f2a7c19c248
C 254
= 0x7f2a7c19b1e8
R
P 0x7f2a7c191628
C 342
R
P 0x7f2a7c191628
P 0x7f2a7c19b1e8
C 209
R
P 0x7f2a7c191628
C 342
R
P 0x7f2a7c191628
P 0x7f2a7c19c248
C 260
R
P 0x7f2a7c191628
C 342
R
P 0x7f2a7c191628
P 0x7f2a7c19c248
C 259
R
P 0x7f2a7c191628
C 342
R
P 0x7f2a7c191628
P 0x7f2a7c19c248
C 258
R
P 0x7f2a7c191628
C 342
R
P 0x7f2a7c191628
P 0x7f2a7c19c248
C 9
R
P 0x7f2a7c191628
C 342
R
P 0x7f2a7c191628
I 4
P 0x7f2a7c19b208
C 150
= 0x7f2a7c19c028
R
P 0x7f2a7c191628
C 342
R
P 0x7f2a7c191628
P 0x7f2a7c19c028
C 258
R
P 0x7f2a7c191628
C 342
R
P 0x7f2a7c191628
P 0x7f2a7c19c028
C 9
R
P 0x7f2a7c191628
C 342
R
P 0x7f2a7c191628
I 1
P 0x7f2a7c19b208
C 150
= 0x7f2a7c19bc88
R
P 0x7f2a7c191628
C 342
R
P 0x7f2a7c191628
P 0x7f2a7c19bc88
C 258
R
P 0x7f2a7c191628
C 342
R
P 0x7f2a7c191628
P 0x7f2a7c19bc88
C 9
R
P 0x7f2a7c191628
C 342
R
P 0x7f2a7c191628
P 0x7f2a7c19c028
P 0x7f2a7c19bc88
C 75
= 0x7f2a7c487390
R
P 0x7f2a7c191628
C 342
R
P 0x7f2a7c191628
P 0x7f2a7c487390
C 258
R
P 0x7f2a7c191628
C 342
R
P 0x7f2a7c191628
P 0x7f2a7c487390
C 9
R
P 0x7f2a7c191628
C 342
R
P 0x7f2a7c191628
I 1
P 0x7f2a7c19b208
C 150
= 0x7f2a7c19bc88
R
P 0x7f2a7c191628
C 342
R
P 0x7f2a7c191628
P 0x7f2a7c19bc88
C 258
R
P 0x7f2a7c191628
C 342
R
P 0x7f2a7c191628
P 0x7f2a7c19bc88
C 9
R
P 0x7f2a7c191628
C 342
R
P 0x7f2a7c191628
U 2
P 0x7f2a7c19c028
P 0x7f2a7c19bc88
p 2
C 67
= 0x7f2a7c4873c8
R
P 0x7f2a7c191628
C 342
R
P 0x7f2a7c191628
P 0x7f2a7c4873c8
C 257
R
P 0x7f2a7c191628
C 342
R
P 0x7f2a7c191628
P 0x7f2a7c4873c8
C 254
= 0x7f2a7c19b208
R
P 0x7f2a7c191628
C 342
R
P 0x7f2a7c191628
P 0x7f2a7c19b208
C 209
R
P 0x7f2a7c191628
C 342
R
P 0x7f2a7c191628
P 0x7f2a7c4873c8
C 260
R
P 0x7f2a7c191628
C 342
R
P 0x7f2a7c191628
P 0x7f2a7c4873c8
C 259
R
P 0x7f2a7c191628
C 342
R
P 0x7f2a7c191628
P 0x7f2a7c4873c8
C 258
R
P 0x7f2a7c191628
C 342
R
P 0x7f2a7c191628
P 0x7f2a7c4873c8
C 9
R
P 0x7f2a7c191628
C 342
R
P 0x7f2a7c191628
U 2
P 0x7f2a7c19bba8
P 0x7f2a7c4873c8
p 2
C 66
= 0x7f2a7c487400
R
P 0x7f2a7c191628
C 342
R
P 0x7f2a7c191628
P 0x7f2a7c487400
C 257
R
P 0x7f2a7c191628
C 342
R
P 0x7f2a7c191628
P 0x7f2a7c487400
C 254
= 0x7f2a7c19b1e8
R
P 0x7f2a7c191628
C 342
R
P 0x7f2a7c191628
P 0x7f2a7c19b1e8
C 209
R
P 0x7f2a7c191628
C 342
R
P 0x7f2a7c191628
P 0x7f2a7c487400
C 260
R
P 0x7f2a7c191628
C 342
R
P 0x7f2a7c191628
P 0x7f2a7c487400
C 259
R
P 0x7f2a7c191628
C 342
R
P 0x7f2a7c191628
P 0x7f2a7c487400
C 258
R
P 0x7f2a7c191628
C 342
R
P 0x7f2a7c191628
P 0x7f2a7c487400
C 9
R
P 0x7f2a7c191628
C 342
R
P 0x7f2a7c191628
U 2
P 0x7f2a7c19bc28
P 0x7f2a7c487400
p 2
C 65
= 0x7f2a7c487438
R
P 0x7f2a7c191628
C 342
R
P 0x7f2a7c191628
P 0x7f2a7c487438
C 257
R
P 0x7f2a7c191628
C 342
R
P 0x7f2a7c191628
P 0x7f2a7c487438
C 254
= 0x7f2a7c19b1e8
R
P 0x7f2a7c191628
C 342
R
P 0x7f2a7c191628
P 0x7f2a7c19b1e8
C 209
R
P 0x7f2a7c191628
C 342
R
P 0x7f2a7c191628
P 0x7f2a7c487438
C 260
R
P 0x7f2a7c191628
C 342
R
P 0x7f2a7c191628
P 0x7f2a7c487438
C 259
R
P 0x7f2a7c191628
C 342
R
P 0x7f2a7c191628
P 0x7f2a7c487438
C 258
R
P 0x7f2a7c191628
C 342
R
P 0x7f2a7c191628
P 0x7f2a7c487438
C 9
R
P 0x7f2a7c191628
C 342
R
P 0x7f2a7c191628
P 0x7f2a7c487390
P 0x7f2a7c487438
P 0x7f2a7c19bc28
C 59
= 0x7f2a7c19f9c8
R
P 0x7f2a7c191628
C 342
R
P 0x7f2a7c191628
P 0x7f2a7c19f9c8
C 257
R
P 0x7f2a7c191628
C 342
R
P 0x7f2a7c191628
P 0x7f2a7c19f9c8
C 254
= 0x7f2a7c19b1e8
R
P 0x7f2a7c191628
C 342
R
P 0x7f2a7c191628
P 0x7f2a7c19b1e8
C 209
R
P 0x7f2a7c191628
C 342
R
P 0x7f2a7c191628
P 0x7f2a7c19f9c8
C 260
R
P 0x7f2a7c191628
C 342
R
P 0x7f2a7c191628
P 0x7f2a7c19f9c8
C 259
R
P 0x7f2a7c191628
C 342
R
P 0x7f2a7c191628
P 0x7f2a7c19f9c8
C 258
R
P 0x7f2a7c191628
C 342
R
P 0x7f2a7c191628
P 0x7f2a7c19f9c8
C 9
R
P 0x7f2a7c191628
C 342
R
P 0x7f2a7c191628
U 2
P 0x7f2a7c19f9c8
P 0x7f2a7c19bb48
p 2
C 65
= 0x7f2a7c487470
R
P 0x7f2a7c191628
C 342
R
P 0x7f2a7c191628
P 0x7f2a7c487470
C 257
R
P 0x7f2a7c191628
C 342
R
P 0x7f2a7c191628
P 0x7f2a7c487470
C 254
= 0x7f2a7c19b1e8
R
P 0x7f2a7c191628
C 342
R
P 0x7f2a7c191628
P 0x7f2a7c19b1e8
C 209
R
P 0x7f2a7c191628
C 342
R
P 0x7f2a7c191628
P 0x7f2a7c487470
C 260
R
P 0x7f2a7c191628
C 342
R
P 0x7f2a7c191628
P 0x7f2a7c487470
C 259
R
P 0x7f2a7c191628
C 342
R
P 0x7f2a7c191628
P 0x7f2a7c487470
C 258
R
P 0x7f2a7c191628
C 342
R
P 0x7f2a7c191628
P 0x7f2a7c487470
C 9
R
P 0x7f2a7c191628
C 342
R
P 0x7f2a7c191628
U 2
P 0x7f2a7c487470
P 0x7f2a7c19bb68
p 2
C 65
= 0x7f2a7c4874a8
R
P 0x7f2a7c191628
C 342
R
P 0x7f2a7c191628
P 0x7f2a7c4874a8
C 257
R
P 0x7f2a7c191628
C 342
R
P 0x7f2a7c191628
P 0x7f2a7c4874a8
C 254
= 0x7f2a7c19b1e8
R
P 0x7f2a7c191628
C 342
R
P 0x7f2a7c191628
P 0x7f2a7c19b1e8
C 209
R
P 0x7f2a7c191628
C 342
R
P 0x7f2a7c191628
P 0x7f2a7c4874a8
C 260
R
P 0x7f2a7c191628
C 342
R
P 0x7f2a7c191628
P 0x7f2a7c4874a8
C 259
R
P 0x7f2a7c191628
C 342
R
P 0x7f2a7c191628
P 0x7f2a7c4874a8
C 258
R
P 0x7f2a7c191628
C 342
R
P 0x7f2a7c191628
P 0x7f2a7c4874a8
C 9
R
P 0x7f2a7c191628
C 342
R
P 0x7f2a7c191628
P 0x7f2a7c19c248
P 0x7f2a7c4874a8
C 56
= 0x7f2a7c489218
R
P 0x7f2a7c191628
C 342
R
P 0x7f2a7c191628
P 0x7f2a7c489218
C 258
R
P 0x7f2a7c191628
C 342
R
P 0x7f2a7c191628
P 0x7f2a7c489218
C 9
R
P 0x7f2a7c191628
C 342
R
P 0x7f2a7c191628
P 0x7f2a7c4892f8
P 0x7f2a7c489218
C 61
= 0x7f2a7c489330
R
P 0x7f2a7c191628
C 342
R
P 0x7f2a7c191628
P 0x7f2a7c489330
C 258
R
P 0x7f2a7c191628
C 342
R
P 0x7f2a7c191628
P 0x7f2a7c489330
C 9
R
P 0x7f2a7c191628
C 342
R
P 0x7f2a7c191628
P 0x7f2a7c1e1fc8
P 0x7f2a7c489330
C 427
R
P 0x7f2a7c191628
C 342
R
P 0x7f2a7c191628
I 4
P 0x7f2a7c19b208
C 150
= 0x7f2a7c19c028
R
P 0x7f2a7c191628
C 342
R
P 0x7f2a7c191628
P 0x7f2a7c19c028
C 258
R
P 0x7f2a7c191628
C 342
R
P 0x7f2a7c191628
P 0x7f2a7c19c028
C 9
R
P 0x7f2a7c191628
C 342
R
P 0x7f2a7c191628
I 1
P 0x7f2a7c19b208
C 150
= 0x7f2a7c19bc88
R
P 0x7f2a7c191628
C 342
R
P 0x7f2a7c191628
P 0x7f2a7c19bc88
C 258
R
P 0x7f2a7c191628
C 342
R
P 0x7f2a7c191628
P 0x7f2a7c19bc88
C 9
R
P 0x7f2a7c191628
C 342
R
P 0x7f2a7c191628
P 0x7f2a7c19c028
P 0x7f2a7c19bc88
C 75
= 0x7f2a7c487390
R
P 0x7f2a7c191628
C 342
R
P 0x7f2a7c191628
P 0x7f2a7c487390
C 258
R
P 0x7f2a7c191628
C 342
R
P 0x7f2a7c191628
P 0x7f2a7c487390
C 9
R
P 0x7f2a7c191628
C 342
R
P 0x7f2a7c191628
I 1
P 0x7f2a7c19b208
C 150
= 0x7f2a7c19bc88
R
P 0x7f2a7c191628
C 342
R
P 0x7f2a7c191628
P 0x7f2a7c19bc88
C 258
R
P 0x7f2a7c191628
C 342
R
P 0x7f2a7c191628
P 0x7f2a7c19bc88
C 9
R
P 0x7f2a7c191628
C 342
R
P 0x7f2a7c191628
U 2
P 0x7f2a7c19c028
P 0x7f2a7c19bc88
p 2
C 67
= 0x7f2a7c4873c8
R
P 0x7f2a7c191628
C 342
R
P 0x7f2a7c191628
P 0x7f2a7c4873c8
C 257
R
P 0x7f2a7c191628
C 342
R
P 0x7f2a7c191628
P 0x7f2a7c4873c8
C 254
= 0x7f2a7c19b208
R
P 0x7f2a7c191628
C 342
R
P 0x7f2a7c191628
P 0x7f2a7c19b208
C 209
R
P 0x7f2a7c191628
C 342
R
P 0x7f2a7c191628
P 0x7f2a7c4873c8
C 260
R
P 0x7f2a7c191628
C 342
R
P 0x7f2a7c191628
P 0x7f2a7c4873c8
C 259
R
P 0x7f2a7c191628
C 342
R
P 0x7f2a7c191628
P 0x7f2a7c4873c8
C 258
R
P 0x7f2a7c191628
C 342
R
P 0x7f2a7c191628
P 0x7f2a7c4873c8
C 9
R
P 0x7f2a7c191628
C 342
R
P 0x7f2a7c191628
U 2
P 0x7f2a7c19bba8
P 0x7f2a7c4873c8
p 2
C 66
= 0x7f2a7c487400
R
P 0x7f2a7c191628
C 342
R
P 0x7f2a7c191628
P 0x7f2a7c487400
C 257
R
P 0x7f2a7c191628
C 342
R
P 0x7f2a7c191628
P 0x7f2a7c487400
C 254
= 0x7f2a7c19b1e8
R
P 0x7f2a7c191628
C 342
R
P 0x7f2a7c191628
P 0x7f2a7c19b1e8
C 209
R
P 0x7f2a7c191628
C 342
R
P 0x7f2a7c191628
P 0x7f2a7c487400
C 260
R
P 0x7f2a7c191628
C 342
R
P 0x7f2a7c191628
P 0x7f2a7c487400
C 259
R
P 0x7f2a7c191628
C 342
R
P 0x7f2a7c191628
P 0x7f2a7c487400
C 258
R
P 0x7f2a7c191628
C 342
R
P 0x7f2a7c191628
P 0x7f2a7c487400
C 9
R
P 0x7f2a7c191628
C 342
R
P 0x7f2a7c191628
U 2
P 0x7f2a7c19bc28
P 0x7f2a7c487400
p 2
C 65
= 0x7f2a7c487438
R
P 0x7f2a7c191628
C 342
R
P 0x7f2a7c191628
P 0x7f2a7c487438
C 257
R
P 0x7f2a7c191628
C 342
R
P 0x7f2a7c191628
P 0x7f2a7c487438
C 254
= 0x7f2a7c19b1e8
R
P 0x7f2a7c191628
C 342
R
P 0x7f2a7c191628
P 0x7f2a7c19b1e8
C 209
R
P 0x7f2a7c191628
C 342
R
P 0x7f2a7c191628
P 0x7f2a7c487438
C 260
R
P 0x7f2a7c191628
C 342
R
P 0x7f2a7c191628
P 0x7f2a7c487438
C 259
R
P 0x7f2a7c191628
C 342
R
P 0x7f2a7c191628
P 0x7f2a7c487438
C 258
R
P 0x7f2a7c191628
C 342
R
P 0x7f2a7c191628
P 0x7f2a7c487438
C 9
R
P 0x7f2a7c191628
C 342
R
P 0x7f2a7c191628
P 0x7f2a7c487390
P 0x7f2a7c487438
P 0x7f2a7c19bc28
C 59
= 0x7f2a7c19f9c8
R
P 0x7f2a7c191628
C 342
R
P 0x7f2a7c191628
P 0x7f2a7c19f9c8
C 257
R
P 0x7f2a7c191628
C 342
R
P 0x7f2a7c191628
P 0x7f2a7c19f9c8
C 254
= 0x7f2a7c19b1e8
R
P 0x7f2a7c191628
C 342
R
P 0x7f2a7c191628
P 0x7f2a7c19b1e8
C 209
R
P 0x7f2a7c191628
C 342
R
P 0x7f2a7c191628
P 0x7f2a7c19f9c8
C 260
R
P 0x7f2a7c191628
C 342
R
P 0x7f2a7c191628
P 0x7f2a7c19f9c8
C 259
R
P 0x7f2a7c191628
C 342
R
P 0x7f2a7c191628
P 0x7f2a7c19f9c8
C 258
R
P 0x7f2a7c191628
C 342
R
P 0x7f2a7c191628
P 0x7f2a7c19f9c8
C 9
R
P 0x7f2a7c191628
C 342
R
P 0x7f2a7c191628
U 2
P 0x7f2a7c19f9c8
P 0x7f2a7c19bb48
p 2
C 65
= 0x7f2a7c487470
R
P 0x7f2a7c191628
C 342
R
P 0x7f2a7c191628
P 0x7f2a7c487470
C 257
R
P 0x7f2a7c191628
C 342
R
P 0x7f2a7c191628
P 0x7f2a7c487470
C 254
= 0x7f2a7c19b1e8
R
P 0x7f2a7c191628
C 342
R
P 0x7f2a7c191628
P 0x7f2a7c19b1e8
C 209
R
P 0x7f2a7c191628
C 342
R
P 0x7f2a7c191628
P 0x7f2a7c487470
C 260
R
P 0x7f2a7c191628
C 342
R
P 0x7f2a7c191628
P 0x7f2a7c487470
C 259
R
P 0x7f2a7c191628
C 342
R
P 0x7f2a7c191628
P 0x7f2a7c487470
C 258
R
P 0x7f2a7c191628
C 342
R
P 0x7f2a7c191628
P 0x7f2a7c487470
C 9
R
P 0x7f2a7c191628
C 342
R
P 0x7f2a7c191628
P 0x7f2a7c19bc68
C 333
R
P 0x7f2a7c191628
C 342
R
P 0x7f2a7c191628
S "slotflowPriorityStart"
C 30
R
P 0x7f2a7c191628
C 342
R
P 0x7f2a7c191628
$ |slotflowPriorityStart|
C 202
R
P 0x7f2a7c191628
C 342
R
P 0x7f2a7c191628
$ |slotflowPriorityStart|
P 0x7f2a7c19b1e8
C 51
= 0x7f2a7c19c2a8
R
P 0x7f2a7c191628
C 342
R
P 0x7f2a7c191628
P 0x7f2a7c19c2a8
C 257
R
P 0x7f2a7c191628
C 342
R
P 0x7f2a7c191628
P 0x7f2a7c19c2a8
C 254
= 0x7f2a7c19b1e8
R
P 0x7f2a7c191628
C 342
R
P 0x7f2a7c191628
P 0x7f2a7c19b1e8
C 209
R
P 0x7f2a7c191628
C 342
R
P 0x7f2a7c191628
P 0x7f2a7c19c2a8
C 260
R
P 0x7f2a7c191628
C 342
R
P 0x7f2a7c191628
P 0x7f2a7c19c2a8
C 259
R
P 0x7f2a7c191628
C 342
R
P 0x7f2a7c191628
P 0x7f2a7c19c2a8
C 258
R
P 0x7f2a7c191628
C 342
R
P 0x7f2a7c191628
P 0x7f2a7c19c2a8
C 9
R
P 0x7f2a7c191628
C 342
R
P 0x7f2a7c191628
P 0x7f2a7c19bc68
C 333
R
P 0x7f2a7c191628
C 342
R
P 0x7f2a7c191628
S "slotflowPriorityDuration"
C 30
R
P 0x7f2a7c191628
C 342
R
P 0x7f2a7c191628
$ |slotflowPriorityDuration|
C 202
R
P 0x7f2a7c191628
C 342
R
P 0x7f2a7c191628
$ |slotflowPriorityDuration|
P 0x7f2a7c19b1e8
C 51
= 0x7f2a7c19c268
R
P 0x7f2a7c191628
C 342
R
P 0x7f2a7c191628
P 0x7f2a7c19c268
C 257
R
P 0x7f2a7c191628
C 342
R
P 0x7f2a7c191628
P 0x7f2a7c19c268
C 254
= 0x7f2a7c19b1e8
R
P 0x7f2a7c191628
C 342
R
P 0x7f2a7c191628
P 0x7f2a7c19b1e8
C 209
R
P 0x7f2a7c191628
C 342
R
P 0x7f2a7c191628
P 0x7f2a7c19c268
C 260
R
P 0x7f2a7c191628
C 342
R
P 0x7f2a7c191628
P 0x7f2a7c19c268
C 259
R
P 0x7f2a7c191628
C 342
R
P 0x7f2a7c191628
P 0x7f2a7c19c268
C 258
R
P 0x7f2a7c191628
C 342
R
P 0x7f2a7c191628
P 0x7f2a7c19c268
C 9
R
P 0x7f2a7c191628
C 342
R
P 0x7f2a7c191628
U 2
P 0x7f2a7c19c2a8
P 0x7f2a7c19c268
p 2
C 65
= 0x7f2a7c487908
R
P 0x7f2a7c191628
C 342
R
P 0x7f2a7c191628
P 0x7f2a7c487908
C 257
R
P 0x7f2a7c191628
C 342
R
P 0x7f2a7c191628
P 0x7f2a7c487908
C 254
= 0x7f2a7c19b1e8
R
P 0x7f2a7c191628
C 342
R
P 0x7f2a7c191628
P 0x7f2a7c19b1e8
C 209
R
P 0x7f2a7c191628
C 342
R
P 0x7f2a7c191628
P 0x7f2a7c487908
C 260
R
P 0x7f2a7c191628
C 342
R
P 0x7f2a7c191628
P 0x7f2a7c487908
C 259
R
P 0x7f2a7c191628
C 342
R
P 0x7f2a7c191628
P 0x7f2a7c487908
C 258
R
P 0x7f2a7c191628
C 342
R
P 0x7f2a7c191628
P 0x7f2a7c487908
C 9
R
P 0x7f2a7c191628
C 342
R
P 0x7f2a7c191628
I 2
P 0x7f2a7c19b208
C 150
= 0x7f2a7c19bcc8
R
P 0x7f2a7c191628
C 342
R
P 0x7f2a7c191628
P 0x7f2a7c19bcc8
C 258
R
P 0x7f2a7c191628
C 342
R
P 0x7f2a7c191628
P 0x7f2a7c19bcc8
C 9
R
P 0x7f2a7c191628
C 342
R
P 0x7f2a7c191628
I 1
P 0x7f2a7c19b208
C 150
= 0x7f2a7c19bc88
R
P 0x7f2a7c191628
C 342
R
P 0x7f2a7c191628
P 0x7f2a7c19bc88
C 258
R
P 0x7f2a7c191628
C 342
R
P 0x7f2a7c191628
P 0x7f2a7c19bc88
C 9
R
P 0x7f2a7c191628
C 342
R
P 0x7f2a7c191628
P 0x7f2a7c19bcc8
P 0x7f2a7c19bc88
C 75
= 0x7f2a7c1a1890
R
P 0x7f2a7c191628
C 342
R
P 0x7f2a7c191628
P 0x7f2a7c1a1890
C 258
R
P 0x7f2a7c191628
C 342
R
P 0x7f2a7c191628
P 0x7f2a7c1a1890
C 9
R
P 0x7f2a7c191628
C 342
R
P 0x7f2a7c191628
I 1
P 0x7f2a7c19b208
C 150
= 0x7f2a7c19bc88
R
P 0x7f2a7c191628
C 342
R
P 0x7f2a7c191628
P 0x7f2a7c19bc88
C 258
R
P 0x7f2a7c191628
C 342
R
P 0x7f2a7c191628
P 0x7f2a7c19bc88
C 9
R
P 0x7f2a7c191628
C 342
R
P 0x7f2a7c191628
U 2
P 0x7f2a7c19bcc8
P 0x7f2a7c19bc88
p 2
C 67
= 0x7f2a7c1a18c8
R
P 0x7f2a7c191628
C 342
R
P 0x7f2a7c191628
P 0x7f2a7c1a18c8
C 257
R
P 0x7f2a7c191628
C 342
R
P 0x7f2a7c191628
P 0x7f2a7c1a18c8
C 254
= 0x7f2a7c19b208
R
P 0x7f2a7c191628
C 342
R
P 0x7f2a7c191628
P 0x7f2a7c19b208
C 209
R
P 0x7f2a7c191628
C 342
R
P 0x7f2a7c191628
P 0x7f2a7c1a18c8
C 260
R
P 0x7f2a7c191628
C 342
R
P 0x7f2a7c191628
P 0x7f2a7c1a18c8
C 259
R
P 0x7f2a7c191628
C 342
R
P 0x7f2a7c191628
P 0x7f2a7c1a18c8
C 258
R
P 0x7f2a7c191628
C 342
R
P 0x7f2a7c191628
P 0x7f2a7c1a18c8
C 9
R
P 0x7f2a7c191628
C 342
R
P 0x7f2a7c191628
U 2
P 0x7f2a7c19bbe8
P 0x7f2a7c1a18c8
p 2
C 66
= 0x7f2a7c487d68
R
P 0x7f2a7c191628
C 342
R
P 0x7f2a7c191628
P 0x7f2a7c487d68
C 257
R
P 0x7f2a7c191628
C 342
R
P 0x7f2a7c191628
P 0x7f2a7c487d68
C 254
= 0x7f2a7c19b208
R
P 0x7f2a7c191628
C 342
R
P 0x7f2a7c191628
P 0x7f2a7c19b208
C 209
R
P 0x7f2a7c191628
C 342
R
P 0x7f2a7c191628
P 0x7f2a7c487d68
C 260
R
P 0x7f2a7c191628
C 342
R
P 0x7f2a7c191628
P 0x7f2a7c487d68
C 259
R
P 0x7f2a7c191628
C 342
R
P 0x7f2a7c191628
P 0x7f2a7c487d68
C 258
R
P 0x7f2a7c191628
C 342
R
P 0x7f2a7c191628
P 0x7f2a7c487d68
C 9
R
P 0x7f2a7c191628
C 342
R
P 0x7f2a7c191628
U 2
P 0x7f2a7c19bb88
P 0x7f2a7c487d68
p 2
C 65
= 0x7f2a7c487da0
R
P 0x7f2a7c191628
C 342
R
P 0x7f2a7c191628
P 0x7f2a7c487da0
C 257
R
P 0x7f2a7c191628
C 342
R
P 0x7f2a7c191628
P 0x7f2a7c487da0
C 254
= 0x7f2a7c19b1e8
R
P 0x7f2a7c191628
C 342
R
P 0x7f2a7c191628
P 0x7f2a7c19b1e8
C 209
R
P 0x7f2a7c191628
C 342
R
P 0x7f2a7c191628
P 0x7f2a7c487da0
C 260
R
P 0x7f2a7c191628
C 342
R
P 0x7f2a7c191628
P 0x7f2a7c487da0
C 259
R
P 0x7f2a7c191628
C 342
R
P 0x7f2a7c191628
P 0x7f2a7c487da0
C 258
R
P 0x7f2a7c191628
C 342
R
P 0x7f2a7c191628
P 0x7f2a7c487da0
C 9
R
P 0x7f2a7c191628
C 342
R
P 0x7f2a7c191628
P 0x7f2a7c1a1890
P 0x7f2a7c487da0
P 0x7f2a7c19bb88
C 59
= 0x7f2a7c19fa88
R
P 0x7f2a7c191628
C 342
R
P 0x7f2a7c191628
P 0x7f2a7c19fa88
C 257
R
P 0x7f2a7c191628
C 342
R
P 0x7f2a7c191628
P 0x7f2a7c19fa88
C 254
= 0x7f2a7c19b1e8
R
P 0x7f2a7c191628
C 342
R
P 0x7f2a7c191628
P 0x7f2a7c19b1e8
C 209
R
P 0x7f2a7c191628
C 342
R
P 0x7f2a7c191628
P 0x7f2a7c19fa88
C 260
R
P 0x7f2a7c191628
C 342
R
P 0x7f2a7c191628
P 0x7f2a7c19fa88
C 259
R
P 0x7f2a7c191628
C 342
R
P 0x7f2a7c191628
P 0x7f2a7c19fa88
C 258
R
P 0x7f2a7c191628
C 342
R
P 0x7f2a7c191628
P 0x7f2a7c19fa88
C 9
R
P 0x7f2a7c191628
C 342
R
P 0x7f2a7c191628
U 2
P 0x7f2a7c487908
P 0x7f2a7c19fa88
p 2
C 65
= 0x7f2a7c487dd8
R
P 0x7f2a7c191628
C 342
R
P 0x7f2a7c191628
P 0x7f2a7c487dd8
C 257
R
P 0x7f2a7c191628
C 342
R
P 0x7f2a7c191628
P 0x7f2a7c487dd8
C 254
= 0x7f2a7c19b1e8
R
P 0x7f2a7c191628
C 342
R
P 0x7f2a7c191628
P 0x7f2a7c19b1e8
C 209
R
P 0x7f2a7c191628
C 342
R
P 0x7f2a7c191628
P 0x7f2a7c487dd8
C 260
R
P 0x7f2a7c191628
C 342
R
P 0x7f2a7c191628
P 0x7f2a7c487dd8
C 259
R
P 0x7f2a7c191628
C 342
R
P 0x7f2a7c191628
P 0x7f2a7c487dd8
C 258
R
P 0x7f2a7c191628
C 342
R
P 0x7f2a7c191628
P 0x7f2a7c487dd8
C 9
R
P 0x7f2a7c191628
C 342
R
P 0x7f2a7c191628
U 2
P 0x7f2a7c487dd8
P 0x7f2a7c19bb68
p 2
C 67
= 0x7f2a7c487e10
R
P 0x7f2a7c191628
C 342
R
P 0x7f2a7c191628
P 0x7f2a7c487e10
C 257
R
P 0x7f2a7c191628
C 342
R
P 0x7f2a7c191628
P 0x7f2a7c487e10
C 254
= 0x7f2a7c19b1e8
R
P 0x7f2a7c191628
C 342
R
P 0x7f2a7c191628
P 0x7f2a7c19b1e8
C 209
R
P 0x7f2a7c191628
C 342
R
P 0x7f2a7c191628
P 0x7f2a7c487e10
C 260
R
P 0x7f2a7c191628
C 342
R
P 0x7f2a7c191628
P 0x7f2a7c487e10
C 259
R
P 0x7f2a7c191628
C 342
R
P 0x7f2a7c191628
P 0x7f2a7c487e10
C 258
R
P 0x7f2a7c191628
C 342
R
P 0x7f2a7c191628
P 0x7f2a7c487e10
C 9
R
P 0x7f2a7c191628
C 342
R
P 0x7f2a7c191628
P 0x7f2a7c487470
P 0x7f2a7c487e10
C 74
= 0x7f2a7c489368
R
P 0x7f2a7c191628
C 342
R
P 0x7f2a7c191628
P 0x7f2a7c489368
C 258
R
P 0x7f2a7c191628
C 342
R
P 0x7f2a7c191628
P 0x7f2a7c489368
C 9
R
P 0x7f2a7c191628
C 342
R
P 0x7f2a7c191628
I 4
P 0x7f2a7c19b208
C 150
= 0x7f2a7c19c028
R
P 0x7f2a7c191628
C 342
R
P 0x7f2a7c191628
P 0x7f2a7c19c028
C 258
R
P 0x7f2a7c191628
C 342
R
P 0x7f2a7c191628
P 0x7f2a7c19c028
C 9
R
P 0x7f2a7c191628
C 342
R
P 0x7f2a7c191628
I 1
P 0x7f2a7c19b208
C 150
= 0x7f2a7c19bc88
R
P 0x7f2a7c191628
C 342
R
P 0x7f2a7c191628
P 0x7f2a7c19bc88
C 258
R
P 0x7f2a7c191628
C 342
R
P 0x7f2a7c191628
P 0x7f2a7c19bc88
C 9
R
P 0x7f2a7c191628
C 342
R
P 0x7f2a7c191628
P 0x7f2a7c19c028
P 0x7f2a7c19bc88
C 75
= 0x7f2a7c487390
R
P 0x7f2a7c191628
C 342
R
P 0x7f2a7c191628
P 0x7f2a7c487390
C 258
R
P 0x7f2a7c191628
C 342
R
P 0x7f2a7c191628
P 0x7f2a7c487390
C 9
R
P 0x7f2a7c191628
C 342
R
P 0x7f2a7c191628
I 1
P 0x7f2a7c19b208
C 150
= 0x7f2a7c19bc88
R
P 0x7f2a7c191628
C 342
R
P 0x7f2a7c191628
P 0x7f2a7c19bc88
C 258
R
P 0x7f2a7c191628
C 342
R
P 0x7f2a7c191628
P 0x7f2a7c19bc88
C 9
R
P 0x7f2a7c191628
C 342
R
P 0x7f2a7c191628
U 2
P 0x7f2a7c19c028
P 0x7f2a7c19bc88
p 2
C 67
= 0x7f2a7c4873c8
R
P 0x7f2a7c191628
C 342
R
P 0x7f2a7c191628
P 0x7f2a7c4873c8
C 257
R
P 0x7f2a7c191628
C 342
R
P 0x7f2a7c191628
P 0x7f2a7c4873c8
C 254
= 0x7f2a7c19b208
R
P 0x7f2a7c191628
C 342
R
P 0x7f2a7c191628
P 0x7f2a7c19b208
C 209
R
P 0x7f2a7c191628
C 342
R
P 0x7f2a7c191628
P 0x7f2a7c4873c8
C 260
R
P 0x7f2a7c191628
C 342
R
P 0x7f2a7c191628
P 0x7f2a7c4873c8
C 259
R
P 0x7f2a7c191628
C 342
R
P 0x7f2a7c191628
P 0x7f2a7c4873c8
C 258
R
P 0x7f2a7c191628
C 342
R
P 0x7f2a7c191628
P 0x7f2a7c4873c8
C 9
R
P 0x7f2a7c191628
C 342
R
P 0x7f2a7c191628
U 2
P 0x7f2a7c19bba8
P 0x7f2a7c4873c8
p 2
C 66
= 0x7f2a7c487400
R
P 0x7f2a7c191628
C 342
R
P 0x7f2a7c191628
P 0x7f2a7c487400
C 257
R
P 0x7f2a7c191628
C 342
R
P 0x7f2a7c191628
P 0x7f2a7c487400
C 254
= 0x7f2a7c19b1e8
R
P 0x7f2a7c191628
C 342
R
P 0x7f2a7c191628
P 0x7f2a7c19b1e8
C 209
R
P 0x7f2a7c191628
C 342
R
P 0x7f2a7c191628
P 0x7f2a7c487400
C 260
R
P 0x7f2a7c191628
C 342
R
P 0x7f2a7c191628
P 0x7f2a7c487400
C 259
R
P 0x7f2a7c191628
C 342
R
P 0x7f2a7c191628
P 0x7f2a7c487400
C 258
R
P 0x7f2a7c191628
C 342
R
P 0x7f2a7c191628
P 0x7f2a7c487400
C 9
R
P 0x7f2a7c191628
C 342
R
P 0x7f2a7c191628
U 2
P 0x7f2a7c19bc28
P 0x7f2a7c487400
p 2
C 65
= 0x7f2a7c487438
R
P 0x7f2a7c191628
C 342
R
P 0x7f2a7c191628
P 0x7f2a7c487438
C 257
R
P 0x7f2a7c191628
C 342
R
P 0x7f2a7c191628
P 0x7f2a7c487438
C 254
= 0x7f2a7c19b1e8
R
P 0x7f2a7c191628
C 342
R
P 0x7f2a7c191628
P 0x7f2a7c19b1e8
C 209
R
P 0x7f2a7c191628
C 342
R
P 0x7f2a7c191628
P 0x7f2a7c487438
C 260
R
P 0x7f2a7c191628
C 342
R
P 0x7f2a7c191628
P 0x7f2a7c487438
C 259
R
P 0x7f2a7c191628
C 342
R
P 0x7f2a7c191628
P 0x7f2a7c487438
C 258
R
P 0x7f2a7c191628
C 342
R
P 0x7f2a7c191628
P 0x7f2a7c487438
C 9
R
P 0x7f2a7c191628
C 342
R
P 0x7f2a7c191628
P 0x7f2a7c487390
P 0x7f2a7c487438
P 0x7f2a7c19bc28
C 59
= 0x7f2a7c19f9c8
R
P 0x7f2a7c191628
C 342
R
P 0x7f2a7c191628
P 0x7f2a7c19f9c8
C 257
R
P 0x7f2a7c191628
C 342
R
P 0x7f2a7c191628
P 0x7f2a7c19f9c8
C 254
= 0x7f2a7c19b1e8
R
P 0x7f2a7c191628
C 342
R
P 0x7f2a7c191628
P 0x7f2a7c19b1e8
C 209
R
P 0x7f2a7c191628
C 342
R
P 0x7f2a7c191628
P 0x7f2a7c19f9c8
C 260
R
P 0x7f2a7c191628
C 342
R
P 0x7f2a7c191628
P 0x7f2a7c19f9c8
C 259
R
P 0x7f2a7c191628
C 342
R
P 0x7f2a7c191628
P 0x7f2a7c19f9c8
C 258
R
P 0x7f2a7c191628
C 342
R
P 0x7f2a7c191628
P 0x7f2a7c19f9c8
C 9
R
P 0x7f2a7c191628
C 342
R
P 0x7f2a7c191628
U 2
P 0x7f2a7c19f9c8
P 0x7f2a7c19bb48
p 2
C 65
= 0x7f2a7c487470
R
P 0x7f2a7c191628
C 342
R
P 0x7f2a7c191628
P 0x7f2a7c487470
C 257
R
P 0x7f2a7c191628
C 342
R
P 0x7f2a7c191628
P 0x7f2a7c487470
C 254
= 0x7f2a7c19b1e8
R
P 0x7f2a7c191628
C 342
R
P 0x7f2a7c191628
P 0x7f2a7c19b1e8
C 209
R
P 0x7f2a7c191628
C 342
R
P 0x7f2a7c191628
P 0x7f2a7c487470
C 260
R
P 0x7f2a7c191628
C 342
R
P 0x7f2a7c191628
P 0x7f2a7c487470
C 259
R
P 0x7f2a7c191628
C 342
R
P 0x7f2a7c191628
P 0x7f2a7c487470
C 258
R
P 0x7f2a7c191628
C 342
R
P 0x7f2a7c191628
P 0x7f2a7c487470
C 9
R
P 0x7f2a7c191628
C 342
R
P 0x7f2a7c191628
P 0x7f2a7c19bc68
C 333
R
P 0x7f2a7c191628
C 342
R
P 0x7f2a7c191628
S "slotflowPriorityStart"
C 30
R
P 0x7f2a7c191628
C 342
R
P 0x7f2a7c191628
$ |slotflowPriorityStart|
C 202
R
P 0x7f2a7c191628
C 342
R
P 0x7f2a7c191628
$ |slotflowPriorityStart|
P 0x7f2a7c19b1e8
C 51
= 0x7f2a7c19c2a8
R
P 0x7f2a7c191628
C 342
R
P 0x7f2a7c191628
P 0x7f2a7c19c2a8
C 257
R
P 0x7f2a7c191628
C 342
R
P 0x7f2a7c191628
P 0x7f2a7c19c2a8
C 254
= 0x7f2a7c19b1e8
R
P 0x7f2a7c191628
C 342
R
P 0x7f2a7c191628
P 0x7f2a7c19b1e8
C 209
R
P 0x7f2a7c191628
C 342
R
P 0x7f2a7c191628
P 0x7f2a7c19c2a8
C 260
R
P 0x7f2a7c191628
C 342
R
P 0x7f2a7c191628
P 0x7f2a7c19c2a8
C 259
R
P 0x7f2a7c191628
C 342
R
P 0x7f2a7c191628
P 0x7f2a7c19c2a8
C 258
R
P 0x7f2a7c191628
C 342
R
P 0x7f2a7c191628
P 0x7f2a7c19c2a8
C 9
R
P 0x7f2a7c191628
C 342
R
P 0x7f2a7c191628
I 2
P 0x7f2a7c19b208
C 150
= 0x7f2a7c19bcc8
R
P 0x7f2a7c191628
C 342
R
P 0x7f2a7c191628
P 0x7f2a7c19bcc8
C 258
R
P 0x7f2a7c191628
C 342
R
P 0x7f2a7c191628
P 0x7f2a7c19bcc8
C 9
R
P 0x7f2a7c191628
C 342
R
P 0x7f2a7c191628
I 1
P 0x7f2a7c19b208
C 150
= 0x7f2a7c19bc88
R
P 0x7f2a7c191628
C 342
R
P 0x7f2a7c191628
P 0x7f2a7c19bc88
C 258
R
P 0x7f2a7c191628
C 342
R
P 0x7f2a7c191628
P 0x7f2a7c19bc88
C 9
R
P 0x7f2a7c191628
C 342
R
P 0x7f2a7c191628
P 0x7f2a7c19bcc8
P 0x7f2a7c19bc88
C 75
= 0x7f2a7c1a1890
R
P 0x7f2a7c191628
C 342
R
P 0x7f2a7c191628
P 0x7f2a7c1a1890
C 258
R
P 0x7f2a7c191628
C 342
R
P 0x7f2a7c191628
P 0x7f2a7c1a1890
C 9
R
P 0x7f2a7c191628
C 342
R
P 0x7f2a7c191628
I 1
P 0x7f2a7c19b208
C 150
= 0x7f2a7c19bc88
R
P 0x7f2a7c191628
C 342
R
P 0x7f2a7c191628
P 0x7f2a7c19bc88
C 258
R
P 0x7f2a7c191628
C 342
R
P 0x7f2a7c191628
P 0x7f2a7c19bc88
C 9
R
P 0x7f2a7c191628
C 342
R
P 0x7f2a7c191628
U 2
P 0x7f2a7c19bcc8
P 0x7f2a7c19bc88
p 2
C 67
= 0x7f2a7c1a18c8
R
P 0x7f2a7c191628
C 342
R
P 0x7f2a7c191628
P 0x7f2a7c1a18c8
C 257
R
P 0x7f2a7c191628
C 342
R
P 0x7f2a7c191628
P 0x7f2a7c1a18c8
C 254
= 0x7f2a7c19b208
R
P 0x7f2a7c191628
C 342
R
P 0x7f2a7c191628
P 0x7f2a7c19b208
C 209
R
P 0x7f2a7c191628
C 342
R
P 0x7f2a7c191628
P 0x7f2a7c1a18c8
C 260
R
P 0x7f2a7c191628
C 342
R
P 0x7f2a7c191628
P 0x7f2a7c1a18c8
C 259
R
P 0x7f2a7c191628
C 342
R
P 0x7f2a7c191628
P 0x7f2a7c1a18c8
C 258
R
P 0x7f2a7c191628
C 342
R
P 0x7f2a7c191628
P 0x7f2a7c1a18c8
C 9
R
P 0x7f2a7c191628
C 342
R
P 0x7f2a7c191628
U 2
P 0x7f2a7c19bbe8
P 0x7f2a7c1a18c8
p 2
C 66
= 0x7f2a7c487d68
R
P 0x7f2a7c191628
C 342
R
P 0x7f2a7c191628
P 0x7f2a7c487d68
C 257
R
P 0x7f2a7c191628
C 342
R
P 0x7f2a7c191628
P 0x7f2a7c487d68
C 254
= 0x7f2a7c19b208
R
P 0x7f2a7c191628
C 342
R
P 0x7f2a7c191628
P 0x7f2a7c19b208
C 209
R
P 0x7f2a7c191628
C 342
R
P 0x7f2a7c191628
P 0x7f2a7c487d68
C 260
R
P 0x7f2a7c191628
C 342
R
P 0x7f2a7c191628
P 0x7f2a7c487d68
C 259
R
P 0x7f2a7c191628
C 342
R
P 0x7f2a7c191628
P 0x7f2a7c487d68
C 258
R
P 0x7f2a7c191628
C 342
R
P 0x7f2a7c191628
P 0x7f2a7c487d68
C 9
R
P 0x7f2a7c191628
C 342
R
P 0x7f2a7c191628
U 2
P 0x7f2a7c19bb88
P 0x7f2a7c487d68
p 2
C 65
= 0x7f2a7c487da0
R
P 0x7f2a7c191628
C 342
R
P 0x7f2a7c191628
P 0x7f2a7c487da0
C 257
R
P 0x7f2a7c191628
C 342
R
P 0x7f2a7c191628
P 0x7f2a7c487da0
C 254
= 0x7f2a7c19b1e8
R
P 0x7f2a7c191628
C 342
R
P 0x7f2a7c191628
P 0x7f2a7c19b1e8
C 209
R
P 0x7f2a7c191628
C 342
R
P 0x7f2a7c191628
P 0x7f2a7c487da0
C 260
R
P 0x7f2a7c191628
C 342
R
P 0x7f2a7c191628
P 0x7f2a7c487da0
C 259
R
P 0x7f2a7c191628
C 342
R
P 0x7f2a7c191628
P 0x7f2a7c487da0
C 258
R
P 0x7f2a7c191628
C 342
R
P 0x7f2a7c191628
P 0x7f2a7c487da0
C 9
R
P 0x7f2a7c191628
C 342
R
P 0x7f2a7c191628
P 0x7f2a7c1a1890
P 0x7f2a7c487da0
P 0x7f2a7c19bb88
C 59
= 0x7f2a7c19fa88
R
P 0x7f2a7c191628
C 342
R
P 0x7f2a7c191628
P 0x7f2a7c19fa88
C 257
R
P 0x7f2a7c191628
C 342
R
P 0x7f2a7c191628
P 0x7f2a7c19fa88
C 254
= 0x7f2a7c19b1e8
R
P 0x7f2a7c191628
C 342
R
P 0x7f2a7c191628
P 0x7f2a7c19b1e8
C 209
R
P 0x7f2a7c191628
C 342
R
P 0x7f2a7c191628
P 0x7f2a7c19fa88
C 260
R
P 0x7f2a7c191628
C 342
R
P 0x7f2a7c191628
P 0x7f2a7c19fa88
C 259
R
P 0x7f2a7c191628
C 342
R
P 0x7f2a7c191628
P 0x7f2a7c19fa88
C 258
R
P 0x7f2a7c191628
C 342
R
P 0x7f2a7c191628
P 0x7f2a7c19fa88
C 9
R
P 0x7f2a7c191628
C 342
R
P 0x7f2a7c191628
U 2
P 0x7f2a7c19c2a8
P 0x7f2a7c19fa88
p 2
C 65
= 0x7f2a7c487e80
R
P 0x7f2a7c191628
C 342
R
P 0x7f2a7c191628
P 0x7f2a7c487e80
C 257
R
P 0x7f2a7c191628
C 342
R
P 0x7f2a7c191628
P 0x7f2a7c487e80
C 254
= 0x7f2a7c19b1e8
R
P 0x7f2a7c191628
C 342
R
P 0x7f2a7c191628
P 0x7f2a7c19b1e8
C 209
R
P 0x7f2a7c191628
C 342
R
P 0x7f2a7c191628
P 0x7f2a7c487e80
C 260
R
P 0x7f2a7c191628
C 342
R
P 0x7f2a7c191628
P 0x7f2a7c487e80
C 259
R
P 0x7f2a7c191628
C 342
R
P 0x7f2a7c191628
P 0x7f2a7c487e80
C 258
R
P 0x7f2a7c191628
C 342
R
P 0x7f2a7c191628
P 0x7f2a7c487e80
C 9
R
P 0x7f2a7c191628
C 342
R
P 0x7f2a7c191628
P 0x7f2a7c487470
P 0x7f2a7c487e80
C 76
= 0x7f2a7c4893a0
R
P 0x7f2a7c191628
C 342
R
P 0x7f2a7c191628
P 0x7f2a7c4893a0
C 258
R
P 0x7f2a7c191628
C 342
R
P 0x7f2a7c191628
P 0x7f2a7c4893a0
C 9
R
P 0x7f2a7c191628
C 342
R
P 0x7f2a7c191628
U 2
P 0x7f2a7c489368
P 0x7f2a7c4893a0
p 2
C 63
= 0x7f2a7c4893d8
R
P 0x7f2a7c191628
C 342
R
P 0x7f2a7c191628
P 0x7f2a7c4893d8
C 258
R
P 0x7f2a7c191628
C 342
R
P 0x7f2a7c191628
P 0x7f2a7c4893d8
C 9
R
P 0x7f2a7c191628
C 342
R
P 0x7f2a7c191628
I 4
P 0x7f2a7c19b208
C 150
= 0x7f2a7c19c028
R
P 0x7f2a7c191628
C 342
R
P 0x7f2a7c191628
P 0x7f2a7c19c028
C 258
R
P 0x7f2a7c191628
C 342
R
P 0x7f2a7c191628
P 0x7f2a7c19c028
C 9
R
P 0x7f2a7c191628
C 342
R
P 0x7f2a7c191628
P 0x7f2a7c19c028
C 263
R
P 0x7f2a7c191628
C 342
R
P 0x7f2a7c191628
S "dev0T34"
C 30
R
P 0x7f2a7c191628
C 342
R
P 0x7f2a7c191628
$ |dev0T34|
C 202
R
P 0x7f2a7c191628
C 342
R
P 0x7f2a7c191628
$ |dev0T34|
P 0x7f2a7c19b1e8
C 51
= 0x7f2a7c19c248
R
P 0x7f2a7c191628
C 342
R
P 0x7f2a7c191628
P 0x7f2a7c19c248
C 257
R
P 0x7f2a7c191628
C 342
R
P 0x7f2a7c191628
P 0x7f2a7c19c248
C 254
= 0x7f2a7c19b1e8
R
P 0x7f2a7c191628
C 342
R
P 0x7f2a7c191628
P 0x7f2a7c19b1e8
C 209
R
P 0x7f2a7c191628
C 342
R
P 0x7f2a7c191628
P 0x7f2a7c19c248
C 260
R
P 0x7f2a7c191628
C 342
R
P 0x7f2a7c191628
P 0x7f2a7c19c248
C 259
R
P 0x7f2a7c191628
C 342
R
P 0x7f2a7c191628
P 0x7f2a7c19c248
C 258
R
P 0x7f2a7c191628
C 342
R
P 0x7f2a7c191628
P 0x7f2a7c19c248
C 9
R
P 0x7f2a7c191628
C 342
R
P 0x7f2a7c191628
I 4
P 0x7f2a7c19b208
C 150
= 0x7f2a7c19c028
R
P 0x7f2a7c191628
C 342
R
P 0x7f2a7c191628
P 0x7f2a7c19c028
C 258
R
P 0x7f2a7c191628
C 342
R
P 0x7f2a7c191628
P 0x7f2a7c19c028
C 9
R
P 0x7f2a7c191628
C 342
R
P 0x7f2a7c191628
I 1
P 0x7f2a7c19b208
C 150
= 0x7f2a7c19bc88
R
P 0x7f2a7c191628
C 342
R
P 0x7f2a7c191628
P 0x7f2a7c19bc88
C 258
R
P 0x7f2a7c191628
C 342
R
P 0x7f2a7c191628
P 0x7f2a7c19bc88
C 9
R
P 0x7f2a7c191628
C 342
R
P 0x7f2a7c191628
P 0x7f2a7c19c028
P 0x7f2a7c19bc88
C 75
= 0x7f2a7c487390
R
P 0x7f2a7c191628
C 342
R
P 0x7f2a7c191628
P 0x7f2a7c487390
C 258
R
P 0x7f2a7c191628
C 342
R
P 0x7f2a7c191628
P 0x7f2a7c487390
C 9
R
P 0x7f2a7c191628
C 342
R
P 0x7f2a7c191628
I 1
P 0x7f2a7c19b208
C 150
= 0x7f2a7c19bc88
R
P 0x7f2a7c191628
C 342
R
P 0x7f2a7c191628
P 0x7f2a7c19bc88
C 258
R
P 0x7f2a7c191628
C 342
R
P 0x7f2a7c191628
P 0x7f2a7c19bc88
C 9
R
P 0x7f2a7c191628
C 342
R
P 0x7f2a7c191628
U 2
P 0x7f2a7c19c028
P 0x7f2a7c19bc88
p 2
C 67
= 0x7f2a7c4873c8
R
P 0x7f2a7c191628
C 342
R
P 0x7f2a7c191628
P 0x7f2a7c4873c8
C 257
R
P 0x7f2a7c191628
C 342
R
P 0x7f2a7c191628
P 0x7f2a7c4873c8
C 254
= 0x7f2a7c19b208
R
P 0x7f2a7c191628
C 342
R
P 0x7f2a7c191628
P 0x7f2a7c19b208
C 209
R
P 0x7f2a7c191628
C 342
R
P 0x7f2a7c191628
P 0x7f2a7c4873c8
C 260
R
P 0x7f2a7c191628
C 342
R
P 0x7f2a7c191628
P 0x7f2a7c4873c8
C 259
R
P 0x7f2a7c191628
C 342
R
P 0x7f2a7c191628
P 0x7f2a7c4873c8
C 258
R
P 0x7f2a7c191628
C 342
R
P 0x7f2a7c191628
P 0x7f2a7c4873c8
C 9
R
P 0x7f2a7c191628
C 342
R
P 0x7f2a7c191628
U 2
P 0x7f2a7c19bba8
P 0x7f2a7c4873c8
p 2
C 66
= 0x7f2a7c487400
R
P 0x7f2a7c191628
C 342
R
P 0x7f2a7c191628
P 0x7f2a7c487400
C 257
R
P 0x7f2a7c191628
C 342
R
P 0x7f2a7c191628
P 0x7f2a7c487400
C 254
= 0x7f2a7c19b1e8
R
P 0x7f2a7c191628
C 342
R
P 0x7f2a7c191628
P 0x7f2a7c19b1e8
C 209
R
P 0x7f2a7c191628
C 342
R
P 0x7f2a7c191628
P 0x7f2a7c487400
C 260
R
P 0x7f2a7c191628
C 342
R
P 0x7f2a7c191628
P 0x7f2a7c487400
C 259
R
P 0x7f2a7c191628
C 342
R
P 0x7f2a7c191628
P 0x7f2a7c487400
C 258
R
P 0x7f2a7c191628
C 342
R
P 0x7f2a7c191628
P 0x7f2a7c487400
C 9
R
P 0x7f2a7c191628
C 342
R
P 0x7f2a7c191628
U 2
P 0x7f2a7c19bc28
P 0x7f2a7c487400
p 2
C 65
= 0x7f2a7c487438
R
P 0x7f2a7c191628
C 342
R
P 0x7f2a7c191628
P 0x7f2a7c487438
C 257
R
P 0x7f2a7c191628
C 342
R
P 0x7f2a7c191628
P 0x7f2a7c487438
C 254
= 0x7f2a7c19b1e8
R
P 0x7f2a7c191628
C 342
R
P 0x7f2a7c191628
P 0x7f2a7c19b1e8
C 209
R
P 0x7f2a7c191628
C 342
R
P 0x7f2a7c191628
P 0x7f2a7c487438
C 260
R
P 0x7f2a7c191628
C 342
R
P 0x7f2a7c191628
P 0x7f2a7c487438
C 259
R
P 0x7f2a7c191628
C 342
R
P 0x7f2a7c191628
P 0x7f2a7c487438
C 258
R
P 0x7f2a7c191628
C 342
R
P 0x7f2a7c191628
P 0x7f2a7c487438
C 9
R
P 0x7f2a7c191628
C 342
R
P 0x7f2a7c191628
P 0x7f2a7c487390
P 0x7f2a7c487438
P 0x7f2a7c19bc28
C 59
= 0x7f2a7c19f9c8
R
P 0x7f2a7c191628
C 342
R
P 0x7f2a7c191628
P 0x7f2a7c19f9c8
C 257
R
P 0x7f2a7c191628
C 342
R
P 0x7f2a7c191628
P 0x7f2a7c19f9c8
C 254
= 0x7f2a7c19b1e8
R
P 0x7f2a7c191628
C 342
R
P 0x7f2a7c191628
P 0x7f2a7c19b1e8
C 209
R
P 0x7f2a7c191628
C 342
R
P 0x7f2a7c191628
P 0x7f2a7c19f9c8
C 260
R
P 0x7f2a7c191628
C 342
R
P 0x7f2a7c191628
P 0x7f2a7c19f9c8
C 259
R
P 0x7f2a7c191628
C 342
R
P 0x7f2a7c191628
P 0x7f2a7c19f9c8
C 258
R
P 0x7f2a7c191628
C 342
R
P 0x7f2a7c191628
P 0x7f2a7c19f9c8
C 9
R
P 0x7f2a7c191628
C 342
R
P 0x7f2a7c191628
U 2
P 0x7f2a7c19f9c8
P 0x7f2a7c19bb48
p 2
C 65
= 0x7f2a7c487470
R
P 0x7f2a7c191628
C 342
R
P 0x7f2a7c191628
P 0x7f2a7c487470
C 257
R
P 0x7f2a7c191628
C 342
R
P 0x7f2a7c191628
P 0x7f2a7c487470
C 254
= 0x7f2a7c19b1e8
R
P 0x7f2a7c191628
C 342
R
P 0x7f2a7c191628
P 0x7f2a7c19b1e8
C 209
R
P 0x7f2a7c191628
C 342
R
P 0x7f2a7c191628
P 0x7f2a7c487470
C 260
R
P 0x7f2a7c191628
C 342
R
P 0x7f2a7c191628
P 0x7f2a7c487470
C 259
R
P 0x7f2a7c191628
C 342
R
P 0x7f2a7c191628
P 0x7f2a7c487470
C 258
R
P 0x7f2a7c191628
C 342
R
P 0x7f2a7c191628
P 0x7f2a7c487470
C 9
R
P 0x7f2a7c191628
C 342
R
P 0x7f2a7c191628
U 2
P 0x7f2a7c487470
P 0x7f2a7c19bb68
p 2
C 65
= 0x7f2a7c4874a8
R
P 0x7f2a7c191628
C 342
R
P 0x7f2a7c191628
P 0x7f2a7c4874a8
C 257
R
P 0x7f2a7c191628
C 342
R
P 0x7f2a7c191628
P 0x7f2a7c4874a8
C 254
= 0x7f2a7c19b1e8
R
P 0x7f2a7c191628
C 342
R
P 0x7f2a7c191628
P 0x7f2a7c19b1e8
C 209
R
P 0x7f2a7c191628
C 342
R
P 0x7f2a7c191628
P 0x7f2a7c4874a8
C 260
R
P 0x7f2a7c191628
C 342
R
P 0x7f2a7c191628
P 0x7f2a7c4874a8
C 259
R
P 0x7f2a7c191628
C 342
R
P 0x7f2a7c191628
P 0x7f2a7c4874a8
C 258
R
P 0x7f2a7c191628
C 342
R
P 0x7f2a7c191628
P 0x7f2a7c4874a8
C 9
R
P 0x7f2a7c191628
C 342
R
P 0x7f2a7c191628
P 0x7f2a7c19c248
P 0x7f2a7c4874a8
C 56
= 0x7f2a7c489218
R
P 0x7f2a7c191628
C 342
R
P 0x7f2a7c191628
P 0x7f2a7c489218
C 258
R
P 0x7f2a7c191628
C 342
R
P 0x7f2a7c191628
P 0x7f2a7c489218
C 9
R
P 0x7f2a7c191628
C 342
R
P 0x7f2a7c191628
P 0x7f2a7c4893d8
P 0x7f2a7c489218
C 61
= 0x7f2a7c489410
R
P 0x7f2a7c191628
C 342
R
P 0x7f2a7c191628
P 0x7f2a7c489410
C 258
R
P 0x7f2a7c191628
C 342
R
P 0x7f2a7c191628
P 0x7f2a7c489410
C 9
R
P 0x7f2a7c191628
C 342
R
P 0x7f2a7c191628
P 0x7f2a7c1e1fc8
P 0x7f2a7c489410
C 427
R
P 0x7f2a7c191628
C 342
R
P 0x7f2a7c191628
I 4
P 0x7f2a7c19b208
C 150
= 0x7f2a7c19c028
R
P 0x7f2a7c191628
C 342
R
P 0x7f2a7c191628
P 0x7f2a7c19c028
C 258
R
P 0x7f2a7c191628
C 342
R
P 0x7f2a7c191628
P 0x7f2a7c19c028
C 9
R
P 0x7f2a7c191628
C 342
R
P 0x7f2a7c191628
I 1
P 0x7f2a7c19b208
C 150
= 0x7f2a7c19bc88
R
P 0x7f2a7c191628
C 342
R
P 0x7f2a7c191628
P 0x7f2a7c19bc88
C 258
R
P 0x7f2a7c191628
C 342
R
P 0x7f2a7c191628
P 0x7f2a7c19bc88
C 9
R
P 0x7f2a7c191628
C 342
R
P 0x7f2a7c191628
P 0x7f2a7c19c028
P 0x7f2a7c19bc88
C 75
= 0x7f2a7c487390
R
P 0x7f2a7c191628
C 342
R
P 0x7f2a7c191628
P 0x7f2a7c487390
C 258
R
P 0x7f2a7c191628
C 342
R
P 0x7f2a7c191628
P 0x7f2a7c487390
C 9
R
P 0x7f2a7c191628
C 342
R
P 0x7f2a7c191628
I 1
P 0x7f2a7c19b208
C 150
= 0x7f2a7c19bc88
R
P 0x7f2a7c191628
C 342
R
P 0x7f2a7c191628
P 0x7f2a7c19bc88
C 258
R
P 0x7f2a7c191628
C 342
R
P 0x7f2a7c191628
P 0x7f2a7c19bc88
C 9
R
P 0x7f2a7c191628
C 342
R
P 0x7f2a7c191628
U 2
P 0x7f2a7c19c028
P 0x7f2a7c19bc88
p 2
C 67
= 0x7f2a7c4873c8
R
P 0x7f2a7c191628
C 342
R
P 0x7f2a7c191628
P 0x7f2a7c4873c8
C 257
R
P 0x7f2a7c191628
C 342
R
P 0x7f2a7c191628
P 0x7f2a7c4873c8
C 254
= 0x7f2a7c19b208
R
P 0x7f2a7c191628
C 342
R
P 0x7f2a7c191628
P 0x7f2a7c19b208
C 209
R
P 0x7f2a7c191628
C 342
R
P 0x7f2a7c191628
P 0x7f2a7c4873c8
C 260
R
P 0x7f2a7c191628
C 342
R
P 0x7f2a7c191628
P 0x7f2a7c4873c8
C 259
R
P 0x7f2a7c191628
C 342
R
P 0x7f2a7c191628
P 0x7f2a7c4873c8
C 258
R
P 0x7f2a7c191628
C 342
R
P 0x7f2a7c191628
P 0x7f2a7c4873c8
C 9
R
P 0x7f2a7c191628
C 342
R
P 0x7f2a7c191628
U 2
P 0x7f2a7c19bba8
P 0x7f2a7c4873c8
p 2
C 66
= 0x7f2a7c487400
R
P 0x7f2a7c191628
C 342
R
P 0x7f2a7c191628
P 0x7f2a7c487400
C 257
R
P 0x7f2a7c191628
C 342
R
P 0x7f2a7c191628
P 0x7f2a7c487400
C 254
= 0x7f2a7c19b1e8
R
P 0x7f2a7c191628
C 342
R
P 0x7f2a7c191628
P 0x7f2a7c19b1e8
C 209
R
P 0x7f2a7c191628
C 342
R
P 0x7f2a7c191628
P 0x7f2a7c487400
C 260
R
P 0x7f2a7c191628
C 342
R
P 0x7f2a7c191628
P 0x7f2a7c487400
C 259
R
P 0x7f2a7c191628
C 342
R
P 0x7f2a7c191628
P 0x7f2a7c487400
C 258
R
P 0x7f2a7c191628
C 342
R
P 0x7f2a7c191628
P 0x7f2a7c487400
C 9
R
P 0x7f2a7c191628
C 342
R
P 0x7f2a7c191628
U 2
P 0x7f2a7c19bc28
P 0x7f2a7c487400
p 2
C 65
= 0x7f2a7c487438
R
P 0x7f2a7c191628
C 342
R
P 0x7f2a7c191628
P 0x7f2a7c487438
C 257
R
P 0x7f2a7c191628
C 342
R
P 0x7f2a7c191628
P 0x7f2a7c487438
C 254
= 0x7f2a7c19b1e8
R
P 0x7f2a7c191628
C 342
R
P 0x7f2a7c191628
P 0x7f2a7c19b1e8
C 209
R
P 0x7f2a7c191628
C 342
R
P 0x7f2a7c191628
P 0x7f2a7c487438
C 260
R
P 0x7f2a7c191628
C 342
R
P 0x7f2a7c191628
P 0x7f2a7c487438
C 259
R
P 0x7f2a7c191628
C 342
R
P 0x7f2a7c191628
P 0x7f2a7c487438
C 258
R
P 0x7f2a7c191628
C 342
R
P 0x7f2a7c191628
P 0x7f2a7c487438
C 9
R
P 0x7f2a7c191628
C 342
R
P 0x7f2a7c191628
P 0x7f2a7c487390
P 0x7f2a7c487438
P 0x7f2a7c19bc28
C 59
= 0x7f2a7c19f9c8
R
P 0x7f2a7c191628
C 342
R
P 0x7f2a7c191628
P 0x7f2a7c19f9c8
C 257
R
P 0x7f2a7c191628
C 342
R
P 0x7f2a7c191628
P 0x7f2a7c19f9c8
C 254
= 0x7f2a7c19b1e8
R
P 0x7f2a7c191628
C 342
R
P 0x7f2a7c191628
P 0x7f2a7c19b1e8
C 209
R
P 0x7f2a7c191628
C 342
R
P 0x7f2a7c191628
P 0x7f2a7c19f9c8
C 260
R
P 0x7f2a7c191628
C 342
R
P 0x7f2a7c191628
P 0x7f2a7c19f9c8
C 259
R
P 0x7f2a7c191628
C 342
R
P 0x7f2a7c191628
P 0x7f2a7c19f9c8
C 258
R
P 0x7f2a7c191628
C 342
R
P 0x7f2a7c191628
P 0x7f2a7c19f9c8
C 9
R
P 0x7f2a7c191628
C 342
R
P 0x7f2a7c191628
U 2
P 0x7f2a7c19f9c8
P 0x7f2a7c19bb48
p 2
C 65
= 0x7f2a7c487470
R
P 0x7f2a7c191628
C 342
R
P 0x7f2a7c191628
P 0x7f2a7c487470
C 257
R
P 0x7f2a7c191628
C 342
R
P 0x7f2a7c191628
P 0x7f2a7c487470
C 254
= 0x7f2a7c19b1e8
R
P 0x7f2a7c191628
C 342
R
P 0x7f2a7c191628
P 0x7f2a7c19b1e8
C 209
R
P 0x7f2a7c191628
C 342
R
P 0x7f2a7c191628
P 0x7f2a7c487470
C 260
R
P 0x7f2a7c191628
C 342
R
P 0x7f2a7c191628
P 0x7f2a7c487470
C 259
R
P 0x7f2a7c191628
C 342
R
P 0x7f2a7c191628
P 0x7f2a7c487470
C 258
R
P 0x7f2a7c191628
C 342
R
P 0x7f2a7c191628
P 0x7f2a7c487470
C 9
R
P 0x7f2a7c191628
C 342
R
P 0x7f2a7c191628
P 0x7f2a7c19bc68
C 333
R
P 0x7f2a7c191628
C 342
R
P 0x7f2a7c191628
S "slotflowPriorityStart"
C 30
R
P 0x7f2a7c191628
C 342
R
P 0x7f2a7c191628
$ |slotflowPriorityStart|
C 202
R
P 0x7f2a7c191628
C 342
R
P 0x7f2a7c191628
$ |slotflowPriorityStart|
P 0x7f2a7c19b1e8
C 51
= 0x7f2a7c19c2a8
R
P 0x7f2a7c191628
C 342
R
P 0x7f2a7c191628
P 0x7f2a7c19c2a8
C 257
R
P 0x7f2a7c191628
C 342
R
P 0x7f2a7c191628
P 0x7f2a7c19c2a8
C 254
= 0x7f2a7c19b1e8
R
P 0x7f2a7c191628
C 342
R
P 0x7f2a7c191628
P 0x7f2a7c19b1e8
C 209
R
P 0x7f2a7c191628
C 342
R
P 0x7f2a7c191628
P 0x7f2a7c19c2a8
C 260
R
P 0x7f2a7c191628
C 342
R
P 0x7f2a7c191628
P 0x7f2a7c19c2a8
C 259
R
P 0x7f2a7c191628
C 342
R
P 0x7f2a7c191628
P 0x7f2a7c19c2a8
C 258
R
P 0x7f2a7c191628
C 342
R
P 0x7f2a7c191628
P 0x7f2a7c19c2a8
C 9
R
P 0x7f2a7c191628
C 342
R
P 0x7f2a7c191628
P 0x7f2a7c19bc68
C 333
R
P 0x7f2a7c191628
C 342
R
P 0x7f2a7c191628
S "slotflowPriorityDuration"
C 30
R
P 0x7f2a7c191628
C 342
R
P 0x7f2a7c191628
$ |slotflowPriorityDuration|
C 202
R
P 0x7f2a7c191628
C 342
R
P 0x7f2a7c191628
$ |slotflowPriorityDuration|
P 0x7f2a7c19b1e8
C 51
= 0x7f2a7c19c268
R
P 0x7f2a7c191628
C 342
R
P 0x7f2a7c191628
P 0x7f2a7c19c268
C 257
R
P 0x7f2a7c191628
C 342
R
P 0x7f2a7c191628
P 0x7f2a7c19c268
C 254
= 0x7f2a7c19b1e8
R
P 0x7f2a7c191628
C 342
R
P 0x7f2a7c191628
P 0x7f2a7c19b1e8
C 209
R
P 0x7f2a7c191628
C 342
R
P 0x7f2a7c191628
P 0x7f2a7c19c268
C 260
R
P 0x7f2a7c191628
C 342
R
P 0x7f2a7c191628
P 0x7f2a7c19c268
C 259
R
P 0x7f2a7c191628
C 342
R
P 0x7f2a7c191628
P 0x7f2a7c19c268
C 258
R
P 0x7f2a7c191628
C 342
R
P 0x7f2a7c191628
P 0x7f2a7c19c268
C 9
R
P 0x7f2a7c191628
C 342
R
P 0x7f2a7c191628
U 2
P 0x7f2a7c19c2a8
P 0x7f2a7c19c268
p 2
C 65
= 0x7f2a7c487908
R
P 0x7f2a7c191628
C 342
R
P 0x7f2a7c191628
P 0x7f2a7c487908
C 257
R
P 0x7f2a7c191628
C 342
R
P 0x7f2a7c191628
P 0x7f2a7c487908
C 254
= 0x7f2a7c19b1e8
R
P 0x7f2a7c191628
C 342
R
P 0x7f2a7c191628
P 0x7f2a7c19b1e8
C 209
R
P 0x7f2a7c191628
C 342
R
P 0x7f2a7c191628
P 0x7f2a7c487908
C 260
R
P 0x7f2a7c191628
C 342
R
P 0x7f2a7c191628
P 0x7f2a7c487908
C 259
R
P 0x7f2a7c191628
C 342
R
P 0x7f2a7c191628
P 0x7f2a7c487908
C 258
R
P 0x7f2a7c191628
C 342
R
P 0x7f2a7c191628
P 0x7f2a7c487908
C 9
R
P 0x7f2a7c191628
C 342
R
P 0x7f2a7c191628
I 3
P 0x7f2a7c19b208
C 150
= 0x7f2a7c19bfc8
R
P 0x7f2a7c191628
C 342
R
P 0x7f2a7c191628
P 0x7f2a7c19bfc8
C 258
R
P 0x7f2a7c191628
C 342
R
P 0x7f2a7c191628
P 0x7f2a7c19bfc8
C 9
R
P 0x7f2a7c191628
C 342
R
P 0x7f2a7c191628
I 1
P 0x7f2a7c19b208
C 150
= 0x7f2a7c19bc88
R
P 0x7f2a7c191628
C 342
R
P 0x7f2a7c191628
P 0x7f2a7c19bc88
C 258
R
P 0x7f2a7c191628
C 342
R
P 0x7f2a7c191628
P 0x7f2a7c19bc88
C 9
R
P 0x7f2a7c191628
C 342
R
P 0x7f2a7c191628
P 0x7f2a7c19bfc8
P 0x7f2a7c19bc88
C 75
= 0x7f2a7c487208
R
P 0x7f2a7c191628
C 342
R
P 0x7f2a7c191628
P 0x7f2a7c487208
C 258
R
P 0x7f2a7c191628
C 342
R
P 0x7f2a7c191628
P 0x7f2a7c487208
C 9
R
P 0x7f2a7c191628
C 342
R
P 0x7f2a7c191628
I 1
P 0x7f2a7c19b208
C 150
= 0x7f2a7c19bc88
R
P 0x7f2a7c191628
C 342
R
P 0x7f2a7c191628
P 0x7f2a7c19bc88
C 258
R
P 0x7f2a7c191628
C 342
R
P 0x7f2a7c191628
P 0x7f2a7c19bc88
C 9
R
P 0x7f2a7c191628
C 342
R
P 0x7f2a7c191628
U 2
P 0x7f2a7c19bfc8
P 0x7f2a7c19bc88
p 2
C 67
= 0x7f2a7c487240
R
P 0x7f2a7c191628
C 342
R
P 0x7f2a7c191628
P 0x7f2a7c487240
C 257
R
P 0x7f2a7c191628
C 342
R
P 0x7f2a7c191628
P 0x7f2a7c487240
C 254
= 0x7f2a7c19b208
R
P 0x7f2a7c191628
C 342
R
P 0x7f2a7c191628
P 0x7f2a7c19b208
C 209
R
P 0x7f2a7c191628
C 342
R
P 0x7f2a7c191628
P 0x7f2a7c487240
C 260
R
P 0x7f2a7c191628
C 342
R
P 0x7f2a7c191628
P 0x7f2a7c487240
C 259
R
P 0x7f2a7c191628
C 342
R
P 0x7f2a7c191628
P 0x7f2a7c487240
C 258
R
P 0x7f2a7c191628
C 342
R
P 0x7f2a7c191628
P 0x7f2a7c487240
C 9
R
P 0x7f2a7c191628
C 342
R
P 0x7f2a7c191628
U 2
P 0x7f2a7c19bbe8
P 0x7f2a7c487240
p 2
C 66
= 0x7f2a7c487f60
R
P 0x7f2a7c191628
C 342
R
P 0x7f2a7c191628
P 0x7f2a7c487f60
C 257
R
P 0x7f2a7c191628
C 342
R
P 0x7f2a7c191628
P 0x7f2a7c487f60
C 254
= 0x7f2a7c19b208
R
P 0x7f2a7c191628
C 342
R
P 0x7f2a7c191628
P 0x7f2a7c19b208
C 209
R
P 0x7f2a7c191628
C 342
R
P 0x7f2a7c191628
P 0x7f2a7c487f60
C 260
R
P 0x7f2a7c191628
C 342
R
P 0x7f2a7c191628
P 0x7f2a7c487f60
C 259
R
P 0x7f2a7c191628
C 342
R
P 0x7f2a7c191628
P 0x7f2a7c487f60
C 258
R
P 0x7f2a7c191628
C 342
R
P 0x7f2a7c191628
P 0x7f2a7c487f60
C 9
R
P 0x7f2a7c191628
C 342
R
P 0x7f2a7c191628
U 2
P 0x7f2a7c19bb88
P 0x7f2a7c487f60
p 2
C 65
= 0x7f2a7c487f98
R
P 0x7f2a7c191628
C 342
R
P 0x7f2a7c191628
P 0x7f2a7c487f98
C 257
R
P 0x7f2a7c191628
C 342
R
P 0x7f2a7c191628
P 0x7f2a7c487f98
C 254
= 0x7f2a7c19b1e8
R
P 0x7f2a7c191628
C 342
R
P 0x7f2a7c191628
P 0x7f2a7c19b1e8
C 209
R
P 0x7f2a7c191628
C 342
R
P 0x7f2a7c191628
P 0x7f2a7c487f98
C 260
R
P 0x7f2a7c191628
C 342
R
P 0x7f2a7c191628
P 0x7f2a7c487f98
C 259
R
P 0x7f2a7c191628
C 342
R
P 0x7f2a7c191628
P 0x7f2a7c487f98
C 258
R
P 0x7f2a7c191628
C 342
R
P 0x7f2a7c191628
P 0x7f2a7c487f98
C 9
R
P 0x7f2a7c191628
C 342
R
P 0x7f2a7c191628
P 0x7f2a7c487208
P 0x7f2a7c487f98
P 0x7f2a7c19bb88
C 59
= 0x7f2a7c19fac8
R
P 0x7f2a7c191628
C 342
R
P 0x7f2a7c191628
P 0x7f2a7c19fac8
C 257
R
P 0x7f2a7c191628
C 342
R
P 0x7f2a7c191628
P 0x7f2a7c19fac8
C 254
= 0x7f2a7c19b1e8
R
P 0x7f2a7c191628
C 342
R
P 0x7f2a7c191628
P 0x7f2a7c19b1e8
C 209
R
P 0x7f2a7c191628
C 342
R
P 0x7f2a7c191628
P 0x7f2a7c19fac8
C 260
R
P 0x7f2a7c191628
C 342
R
P 0x7f2a7c191628
P 0x7f2a7c19fac8
C 259
R
P 0x7f2a7c191628
C 342
R
P 0x7f2a7c191628
P 0x7f2a7c19fac8
C 258
R
P 0x7f2a7c191628
C 342
R
P 0x7f2a7c191628
P 0x7f2a7c19fac8
C 9
R
P 0x7f2a7c191628
C 342
R
P 0x7f2a7c191628
U 2
P 0x7f2a7c487908
P 0x7f2a7c19fac8
p 2
C 65
= 0x7f2a7c487fd0
R
P 0x7f2a7c191628
C 342
R
P 0x7f2a7c191628
P 0x7f2a7c487fd0
C 257
R
P 0x7f2a7c191628
C 342
R
P 0x7f2a7c191628
P 0x7f2a7c487fd0
C 254
= 0x7f2a7c19b1e8
R
P 0x7f2a7c191628
C 342
R
P 0x7f2a7c191628
P 0x7f2a7c19b1e8
C 209
R
P 0x7f2a7c191628
C 342
R
P 0x7f2a7c191628
P 0x7f2a7c487fd0
C 260
R
P 0x7f2a7c191628
C 342
R
P 0x7f2a7c191628
P 0x7f2a7c487fd0
C 259
R
P 0x7f2a7c191628
C 342
R
P 0x7f2a7c191628
P 0x7f2a7c487fd0
C 258
R
P 0x7f2a7c191628
C 342
R
P 0x7f2a7c191628
P 0x7f2a7c487fd0
C 9
R
P 0x7f2a7c191628
C 342
R
P 0x7f2a7c191628
U 2
P 0x7f2a7c487fd0
P 0x7f2a7c19bb68
p 2
C 67
= 0x7f2a7c488008
R
P 0x7f2a7c191628
C 342
R
P 0x7f2a7c191628
P 0x7f2a7c488008
C 257
R
P 0x7f2a7c191628
C 342
R
P 0x7f2a7c191628
P 0x7f2a7c488008
C 254
= 0x7f2a7c19b1e8
R
P 0x7f2a7c191628
C 342
R
P 0x7f2a7c191628
P 0x7f2a7c19b1e8
C 209
R
P 0x7f2a7c191628
C 342
R
P 0x7f2a7c191628
P 0x7f2a7c488008
C 260
R
P 0x7f2a7c191628
C 342
R
P 0x7f2a7c191628
P 0x7f2a7c488008
C 259
R
P 0x7f2a7c191628
C 342
R
P 0x7f2a7c191628
P 0x7f2a7c488008
C 258
R
P 0x7f2a7c191628
C 342
R
P 0x7f2a7c191628
P 0x7f2a7c488008
C 9
R
P 0x7f2a7c191628
C 342
R
P 0x7f2a7c191628
P 0x7f2a7c487470
P 0x7f2a7c488008
C 74
= 0x7f2a7c489448
R
P 0x7f2a7c191628
C 342
R
P 0x7f2a7c191628
P 0x7f2a7c489448
C 258
R
P 0x7f2a7c191628
C 342
R
P 0x7f2a7c191628
P 0x7f2a7c489448
C 9
R
P 0x7f2a7c191628
C 342
R
P 0x7f2a7c191628
I 4
P 0x7f2a7c19b208
C 150
= 0x7f2a7c19c028
R
P 0x7f2a7c191628
C 342
R
P 0x7f2a7c191628
P 0x7f2a7c19c028
C 258
R
P 0x7f2a7c191628
C 342
R
P 0x7f2a7c191628
P 0x7f2a7c19c028
C 9
R
P 0x7f2a7c191628
C 342
R
P 0x7f2a7c191628
I 1
P 0x7f2a7c19b208
C 150
= 0x7f2a7c19bc88
R
P 0x7f2a7c191628
C 342
R
P 0x7f2a7c191628
P 0x7f2a7c19bc88
C 258
R
P 0x7f2a7c191628
C 342
R
P 0x7f2a7c191628
P 0x7f2a7c19bc88
C 9
R
P 0x7f2a7c191628
C 342
R
P 0x7f2a7c191628
P 0x7f2a7c19c028
P 0x7f2a7c19bc88
C 75
= 0x7f2a7c487390
R
P 0x7f2a7c191628
C 342
R
P 0x7f2a7c191628
P 0x7f2a7c487390
C 258
R
P 0x7f2a7c191628
C 342
R
P 0x7f2a7c191628
P 0x7f2a7c487390
C 9
R
P 0x7f2a7c191628
C 342
R
P 0x7f2a7c191628
I 1
P 0x7f2a7c19b208
C 150
= 0x7f2a7c19bc88
R
P 0x7f2a7c191628
C 342
R
P 0x7f2a7c191628
P 0x7f2a7c19bc88
C 258
R
P 0x7f2a7c191628
C 342
R
P 0x7f2a7c191628
P 0x7f2a7c19bc88
C 9
R
P 0x7f2a7c191628
C 342
R
P 0x7f2a7c191628
U 2
P 0x7f2a7c19c028
P 0x7f2a7c19bc88
p 2
C 67
= 0x7f2a7c4873c8
R
P 0x7f2a7c191628
C 342
R
P 0x7f2a7c191628
P 0x7f2a7c4873c8
C 257
R
P 0x7f2a7c191628
C 342
R
P 0x7f2a7c191628
P 0x7f2a7c4873c8
C 254
= 0x7f2a7c19b208
R
P 0x7f2a7c191628
C 342
R
P 0x7f2a7c191628
P 0x7f2a7c19b208
C 209
R
P 0x7f2a7c191628
C 342
R
P 0x7f2a7c191628
P 0x7f2a7c4873c8
C 260
R
P 0x7f2a7c191628
C 342
R
P 0x7f2a7c191628
P 0x7f2a7c4873c8
C 259
R
P 0x7f2a7c191628
C 342
R
P 0x7f2a7c191628
P 0x7f2a7c4873c8
C 258
R
P 0x7f2a7c191628
C 342
R
P 0x7f2a7c191628
P 0x7f2a7c4873c8
C 9
R
P 0x7f2a7c191628
C 342
R
P 0x7f2a7c191628
U 2
P 0x7f2a7c19bba8
P 0x7f2a7c4873c8
p 2
C 66
= 0x7f2a7c487400
R
P 0x7f2a7c191628
C 342
R
P 0x7f2a7c191628
P 0x7f2a7c487400
C 257
R
P 0x7f2a7c191628
C 342
R
P 0x7f2a7c191628
P 0x7f2a7c487400
C 254
= 0x7f2a7c19b1e8
R
P 0x7f2a7c191628
C 342
R
P 0x7f2a7c191628
P 0x7f2a7c19b1e8
C 209
R
P 0x7f2a7c191628
C 342
R
P 0x7f2a7c191628
P 0x7f2a7c487400
C 260
R
P 0x7f2a7c191628
C 342
R
P 0x7f2a7c191628
P 0x7f2a7c487400
C 259
R
P 0x7f2a7c191628
C 342
R
P 0x7f2a7c191628
P 0x7f2a7c487400
C 258
R
P 0x7f2a7c191628
C 342
R
P 0x7f2a7c191628
P 0x7f2a7c487400
C 9
R
P 0x7f2a7c191628
C 342
R
P 0x7f2a7c191628
U 2
P 0x7f2a7c19bc28
P 0x7f2a7c487400
p 2
C 65
= 0x7f2a7c487438
R
P 0x7f2a7c191628
C 342
R
P 0x7f2a7c191628
P 0x7f2a7c487438
C 257
R
P 0x7f2a7c191628
C 342
R
P 0x7f2a7c191628
P 0x7f2a7c487438
C 254
= 0x7f2a7c19b1e8
R
P 0x7f2a7c191628
C 342
R
P 0x7f2a7c191628
P 0x7f2a7c19b1e8
C 209
R
P 0x7f2a7c191628
C 342
R
P 0x7f2a7c191628
P 0x7f2a7c487438
C 260
R
P 0x7f2a7c191628
C 342
R
P 0x7f2a7c191628
P 0x7f2a7c487438
C 259
R
P 0x7f2a7c191628
C 342
R
P 0x7f2a7c191628
P 0x7f2a7c487438
C 258
R
P 0x7f2a7c191628
C 342
R
P 0x7f2a7c191628
P 0x7f2a7c487438
C 9
R
P 0x7f2a7c191628
C 342
R
P 0x7f2a7c191628
P 0x7f2a7c487390
P 0x7f2a7c487438
P 0x7f2a7c19bc28
C 59
= 0x7f2a7c19f9c8
R
P 0x7f2a7c191628
C 342
R
P 0x7f2a7c191628
P 0x7f2a7c19f9c8
C 257
R
P 0x7f2a7c191628
C 342
R
P 0x7f2a7c191628
P 0x7f2a7c19f9c8
C 254
= 0x7f2a7c19b1e8
R
P 0x7f2a7c191628
C 342
R
P 0x7f2a7c191628
P 0x7f2a7c19b1e8
C 209
R
P 0x7f2a7c191628
C 342
R
P 0x7f2a7c191628
P 0x7f2a7c19f9c8
C 260
R
P 0x7f2a7c191628
C 342
R
P 0x7f2a7c191628
P 0x7f2a7c19f9c8
C 259
R
P 0x7f2a7c191628
C 342
R
P 0x7f2a7c191628
P 0x7f2a7c19f9c8
C 258
R
P 0x7f2a7c191628
C 342
R
P 0x7f2a7c191628
P 0x7f2a7c19f9c8
C 9
R
P 0x7f2a7c191628
C 342
R
P 0x7f2a7c191628
U 2
P 0x7f2a7c19f9c8
P 0x7f2a7c19bb48
p 2
C 65
= 0x7f2a7c487470
R
P 0x7f2a7c191628
C 342
R
P 0x7f2a7c191628
P 0x7f2a7c487470
C 257
R
P 0x7f2a7c191628
C 342
R
P 0x7f2a7c191628
P 0x7f2a7c487470
C 254
= 0x7f2a7c19b1e8
R
P 0x7f2a7c191628
C 342
R
P 0x7f2a7c191628
P 0x7f2a7c19b1e8
C 209
R
P 0x7f2a7c191628
C 342
R
P 0x7f2a7c191628
P 0x7f2a7c487470
C 260
R
P 0x7f2a7c191628
C 342
R
P 0x7f2a7c191628
P 0x7f2a7c487470
C 259
R
P 0x7f2a7c191628
C 342
R
P 0x7f2a7c191628
P 0x7f2a7c487470
C 258
R
P 0x7f2a7c191628
C 342
R
P 0x7f2a7c191628
P 0x7f2a7c487470
C 9
R
P 0x7f2a7c191628
C 342
R
P 0x7f2a7c191628
P 0x7f2a7c19bc68
C 333
R
P 0x7f2a7c191628
C 342
R
P 0x7f2a7c191628
S "slotflowPriorityStart"
C 30
R
P 0x7f2a7c191628
C 342
R
P 0x7f2a7c191628
$ |slotflowPriorityStart|
C 202
R
P 0x7f2a7c191628
C 342
R
P 0x7f2a7c191628
$ |slotflowPriorityStart|
P 0x7f2a7c19b1e8
C 51
= 0x7f2a7c19c2a8
R
P 0x7f2a7c191628
C 342
R
P 0x7f2a7c191628
P 0x7f2a7c19c2a8
C 257
R
P 0x7f2a7c191628
C 342
R
P 0x7f2a7c191628
P 0x7f2a7c19c2a8
C 254
= 0x7f2a7c19b1e8
R
P 0x7f2a7c191628
C 342
R
P 0x7f2a7c191628
P 0x7f2a7c19b1e8
C 209
R
P 0x7f2a7c191628
C 342
R
P 0x7f2a7c191628
P 0x7f2a7c19c2a8
C 260
R
P 0x7f2a7c191628
C 342
R
P 0x7f2a7c191628
P 0x7f2a7c19c2a8
C 259
R
P 0x7f2a7c191628
C 342
R
P 0x7f2a7c191628
P 0x7f2a7c19c2a8
C 258
R
P 0x7f2a7c191628
C 342
R
P 0x7f2a7c191628
P 0x7f2a7c19c2a8
C 9
R
P 0x7f2a7c191628
C 342
R
P 0x7f2a7c191628
I 3
P 0x7f2a7c19b208
C 150
= 0x7f2a7c19bfc8
R
P 0x7f2a7c191628
C 342
R
P 0x7f2a7c191628
P 0x7f2a7c19bfc8
C 258
R
P 0x7f2a7c191628
C 342
R
P 0x7f2a7c191628
P 0x7f2a7c19bfc8
C 9
R
P 0x7f2a7c191628
C 342
R
P 0x7f2a7c191628
I 1
P 0x7f2a7c19b208
C 150
= 0x7f2a7c19bc88
R
P 0x7f2a7c191628
C 342
R
P 0x7f2a7c191628
P 0x7f2a7c19bc88
C 258
R
P 0x7f2a7c191628
C 342
R
P 0x7f2a7c191628
P 0x7f2a7c19bc88
C 9
R
P 0x7f2a7c191628
C 342
R
P 0x7f2a7c191628
P 0x7f2a7c19bfc8
P 0x7f2a7c19bc88
C 75
= 0x7f2a7c487208
R
P 0x7f2a7c191628
C 342
R
P 0x7f2a7c191628
P 0x7f2a7c487208
C 258
R
P 0x7f2a7c191628
C 342
R
P 0x7f2a7c191628
P 0x7f2a7c487208
C 9
R
P 0x7f2a7c191628
C 342
R
P 0x7f2a7c191628
I 1
P 0x7f2a7c19b208
C 150
= 0x7f2a7c19bc88
R
P 0x7f2a7c191628
C 342
R
P 0x7f2a7c191628
P 0x7f2a7c19bc88
C 258
R
P 0x7f2a7c191628
C 342
R
P 0x7f2a7c191628
P 0x7f2a7c19bc88
C 9
R
P 0x7f2a7c191628
C 342
R
P 0x7f2a7c191628
U 2
P 0x7f2a7c19bfc8
P 0x7f2a7c19bc88
p 2
C 67
= 0x7f2a7c487240
R
P 0x7f2a7c191628
C 342
R
P 0x7f2a7c191628
P 0x7f2a7c487240
C 257
R
P 0x7f2a7c191628
C 342
R
P 0x7f2a7c191628
P 0x7f2a7c487240
C 254
= 0x7f2a7c19b208
R
P 0x7f2a7c191628
C 342
R
P 0x7f2a7c191628
P 0x7f2a7c19b208
C 209
R
P 0x7f2a7c191628
C 342
R
P 0x7f2a7c191628
P 0x7f2a7c487240
C 260
R
P 0x7f2a7c191628
C 342
R
P 0x7f2a7c191628
P 0x7f2a7c487240
C 259
R
P 0x7f2a7c191628
C 342
R
P 0x7f2a7c191628
P 0x7f2a7c487240
C 258
R
P 0x7f2a7c191628
C 342
R
P 0x7f2a7c191628
P 0x7f2a7c487240
C 9
R
P 0x7f2a7c191628
C 342
R
P 0x7f2a7c191628
U 2
P 0x7f2a7c19bbe8
P 0x7f2a7c487240
p 2
C 66
= 0x7f2a7c487f60
R
P 0x7f2a7c191628
C 342
R
P 0x7f2a7c191628
P 0x7f2a7c487f60
C 257
R
P 0x7f2a7c191628
C 342
R
P 0x7f2a7c191628
P 0x7f2a7c487f60
C 254
= 0x7f2a7c19b208
R
P 0x7f2a7c191628
C 342
R
P 0x7f2a7c191628
P 0x7f2a7c19b208
C 209
R
P 0x7f2a7c191628
C 342
R
P 0x7f2a7c191628
P 0x7f2a7c487f60
C 260
R
P 0x7f2a7c191628
C 342
R
P 0x7f2a7c191628
P 0x7f2a7c487f60
C 259
R
P 0x7f2a7c191628
C 342
R
P 0x7f2a7c191628
P 0x7f2a7c487f60
C 258
R
P 0x7f2a7c191628
C 342
R
P 0x7f2a7c191628
P 0x7f2a7c487f60
C 9
R
P 0x7f2a7c191628
C 342
R
P 0x7f2a7c191628
U 2
P 0x7f2a7c19bb88
P 0x7f2a7c487f60
p 2
C 65
= 0x7f2a7c487f98
R
P 0x7f2a7c191628
C 342
R
P 0x7f2a7c191628
P 0x7f2a7c487f98
C 257
R
P 0x7f2a7c191628
C 342
R
P 0x7f2a7c191628
P 0x7f2a7c487f98
C 254
= 0x7f2a7c19b1e8
R
P 0x7f2a7c191628
C 342
R
P 0x7f2a7c191628
P 0x7f2a7c19b1e8
C 209
R
P 0x7f2a7c191628
C 342
R
P 0x7f2a7c191628
P 0x7f2a7c487f98
C 260
R
P 0x7f2a7c191628
C 342
R
P 0x7f2a7c191628
P 0x7f2a7c487f98
C 259
R
P 0x7f2a7c191628
C 342
R
P 0x7f2a7c191628
P 0x7f2a7c487f98
C 258
R
P 0x7f2a7c191628
C 342
R
P 0x7f2a7c191628
P 0x7f2a7c487f98
C 9
R
P 0x7f2a7c191628
C 342
R
P 0x7f2a7c191628
P 0x7f2a7c487208
P 0x7f2a7c487f98
P 0x7f2a7c19bb88
C 59
= 0x7f2a7c19fac8
R
P 0x7f2a7c191628
C 342
R
P 0x7f2a7c191628
P 0x7f2a7c19fac8
C 257
R
P 0x7f2a7c191628
C 342
R
P 0x7f2a7c191628
P 0x7f2a7c19fac8
C 254
= 0x7f2a7c19b1e8
R
P 0x7f2a7c191628
C 342
R
P 0x7f2a7c191628
P 0x7f2a7c19b1e8
C 209
R
P 0x7f2a7c191628
C 342
R
P 0x7f2a7c191628
P 0x7f2a7c19fac8
C 260
R
P 0x7f2a7c191628
C 342
R
P 0x7f2a7c191628
P 0x7f2a7c19fac8
C 259
R
P 0x7f2a7c191628
C 342
R
P 0x7f2a7c191628
P 0x7f2a7c19fac8
C 258
R
P 0x7f2a7c191628
C 342
R
P 0x7f2a7c191628
P 0x7f2a7c19fac8
C 9
R
P 0x7f2a7c191628
C 342
R
P 0x7f2a7c191628
U 2
P 0x7f2a7c19c2a8
P 0x7f2a7c19fac8
p 2
C 65
= 0x7f2a7c488078
R
P 0x7f2a7c191628
C 342
R
P 0x7f2a7c191628
P 0x7f2a7c488078
C 257
R
P 0x7f2a7c191628
C 342
R
P 0x7f2a7c191628
P 0x7f2a7c488078
C 254
= 0x7f2a7c19b1e8
R
P 0x7f2a7c191628
C 342
R
P 0x7f2a7c191628
P 0x7f2a7c19b1e8
C 209
R
P 0x7f2a7c191628
C 342
R
P 0x7f2a7c191628
P 0x7f2a7c488078
C 260
R
P 0x7f2a7c191628
C 342
R
P 0x7f2a7c191628
P 0x7f2a7c488078
C 259
R
P 0x7f2a7c191628
C 342
R
P 0x7f2a7c191628
P 0x7f2a7c488078
C 258
R
P 0x7f2a7c191628
C 342
R
P 0x7f2a7c191628
P 0x7f2a7c488078
C 9
R
P 0x7f2a7c191628
C 342
R
P 0x7f2a7c191628
P 0x7f2a7c487470
P 0x7f2a7c488078
C 76
= 0x7f2a7c489480
R
P 0x7f2a7c191628
C 342
R
P 0x7f2a7c191628
P 0x7f2a7c489480
C 258
R
P 0x7f2a7c191628
C 342
R
P 0x7f2a7c191628
P 0x7f2a7c489480
C 9
R
P 0x7f2a7c191628
C 342
R
P 0x7f2a7c191628
U 2
P 0x7f2a7c489448
P 0x7f2a7c489480
p 2
C 63
= 0x7f2a7c4894b8
R
P 0x7f2a7c191628
C 342
R
P 0x7f2a7c191628
P 0x7f2a7c4894b8
C 258
R
P 0x7f2a7c191628
C 342
R
P 0x7f2a7c191628
P 0x7f2a7c4894b8
C 9
R
P 0x7f2a7c191628
C 342
R
P 0x7f2a7c191628
I 4
P 0x7f2a7c19b208
C 150
= 0x7f2a7c19c028
R
P 0x7f2a7c191628
C 342
R
P 0x7f2a7c191628
P 0x7f2a7c19c028
C 258
R
P 0x7f2a7c191628
C 342
R
P 0x7f2a7c191628
P 0x7f2a7c19c028
C 9
R
P 0x7f2a7c191628
C 342
R
P 0x7f2a7c191628
P 0x7f2a7c19c028
C 263
R
P 0x7f2a7c191628
C 342
R
P 0x7f2a7c191628
S "dev0T34"
C 30
R
P 0x7f2a7c191628
C 342
R
P 0x7f2a7c191628
$ |dev0T34|
C 202
R
P 0x7f2a7c191628
C 342
R
P 0x7f2a7c191628
$ |dev0T34|
P 0x7f2a7c19b1e8
C 51
= 0x7f2a7c19c248
R
P 0x7f2a7c191628
C 342
R
P 0x7f2a7c191628
P 0x7f2a7c19c248
C 257
R
P 0x7f2a7c191628
C 342
R
P 0x7f2a7c191628
P 0x7f2a7c19c248
C 254
= 0x7f2a7c19b1e8
R
P 0x7f2a7c191628
C 342
R
P 0x7f2a7c191628
P 0x7f2a7c19b1e8
C 209
R
P 0x7f2a7c191628
C 342
R
P 0x7f2a7c191628
P 0x7f2a7c19c248
C 260
R
P 0x7f2a7c191628
C 342
R
P 0x7f2a7c191628
P 0x7f2a7c19c248
C 259
R
P 0x7f2a7c191628
C 342
R
P 0x7f2a7c191628
P 0x7f2a7c19c248
C 258
R
P 0x7f2a7c191628
C 342
R
P 0x7f2a7c191628
P 0x7f2a7c19c248
C 9
R
P 0x7f2a7c191628
C 342
R
P 0x7f2a7c191628
I 4
P 0x7f2a7c19b208
C 150
= 0x7f2a7c19c028
R
P 0x7f2a7c191628
C 342
R
P 0x7f2a7c191628
P 0x7f2a7c19c028
C 258
R
P 0x7f2a7c191628
C 342
R
P 0x7f2a7c191628
P 0x7f2a7c19c028
C 9
R
P 0x7f2a7c191628
C 342
R
P 0x7f2a7c191628
I 1
P 0x7f2a7c19b208
C 150
= 0x7f2a7c19bc88
R
P 0x7f2a7c191628
C 342
R
P 0x7f2a7c191628
P 0x7f2a7c19bc88
C 258
R
P 0x7f2a7c191628
C 342
R
P 0x7f2a7c191628
P 0x7f2a7c19bc88
C 9
R
P 0x7f2a7c191628
C 342
R
P 0x7f2a7c191628
P 0x7f2a7c19c028
P 0x7f2a7c19bc88
C 75
= 0x7f2a7c487390
R
P 0x7f2a7c191628
C 342
R
P 0x7f2a7c191628
P 0x7f2a7c487390
C 258
R
P 0x7f2a7c191628
C 342
R
P 0x7f2a7c191628
P 0x7f2a7c487390
C 9
R
P 0x7f2a7c191628
C 342
R
P 0x7f2a7c191628
I 1
P 0x7f2a7c19b208
C 150
= 0x7f2a7c19bc88
R
P 0x7f2a7c191628
C 342
R
P 0x7f2a7c191628
P 0x7f2a7c19bc88
C 258
R
P 0x7f2a7c191628
C 342
R
P 0x7f2a7c191628
P 0x7f2a7c19bc88
C 9
R
P 0x7f2a7c191628
C 342
R
P 0x7f2a7c191628
U 2
P 0x7f2a7c19c028
P 0x7f2a7c19bc88
p 2
C 67
= 0x7f2a7c4873c8
R
P 0x7f2a7c191628
C 342
R
P 0x7f2a7c191628
P 0x7f2a7c4873c8
C 257
R
P 0x7f2a7c191628
C 342
R
P 0x7f2a7c191628
P 0x7f2a7c4873c8
C 254
= 0x7f2a7c19b208
R
P 0x7f2a7c191628
C 342
R
P 0x7f2a7c191628
P 0x7f2a7c19b208
C 209
R
P 0x7f2a7c191628
C 342
R
P 0x7f2a7c191628
P 0x7f2a7c4873c8
C 260
R
P 0x7f2a7c191628
C 342
R
P 0x7f2a7c191628
P 0x7f2a7c4873c8
C 259
R
P 0x7f2a7c191628
C 342
R
P 0x7f2a7c191628
P 0x7f2a7c4873c8
C 258
R
P 0x7f2a7c191628
C 342
R
P 0x7f2a7c191628
P 0x7f2a7c4873c8
C 9
R
P 0x7f2a7c191628
C 342
R
P 0x7f2a7c191628
U 2
P 0x7f2a7c19bba8
P 0x7f2a7c4873c8
p 2
C 66
= 0x7f2a7c487400
R
P 0x7f2a7c191628
C 342
R
P 0x7f2a7c191628
P 0x7f2a7c487400
C 257
R
P 0x7f2a7c191628
C 342
R
P 0x7f2a7c191628
P 0x7f2a7c487400
C 254
= 0x7f2a7c19b1e8
R
P 0x7f2a7c191628
C 342
R
P 0x7f2a7c191628
P 0x7f2a7c19b1e8
C 209
R
P 0x7f2a7c191628
C 342
R
P 0x7f2a7c191628
P 0x7f2a7c487400
C 260
R
P 0x7f2a7c191628
C 342
R
P 0x7f2a7c191628
P 0x7f2a7c487400
C 259
R
P 0x7f2a7c191628
C 342
R
P 0x7f2a7c191628
P 0x7f2a7c487400
C 258
R
P 0x7f2a7c191628
C 342
R
P 0x7f2a7c191628
P 0x7f2a7c487400
C 9
R
P 0x7f2a7c191628
C 342
R
P 0x7f2a7c191628
U 2
P 0x7f2a7c19bc28
P 0x7f2a7c487400
p 2
C 65
= 0x7f2a7c487438
R
P 0x7f2a7c191628
C 342
R
P 0x7f2a7c191628
P 0x7f2a7c487438
C 257
R
P 0x7f2a7c191628
C 342
R
P 0x7f2a7c191628
P 0x7f2a7c487438
C 254
= 0x7f2a7c19b1e8
R
P 0x7f2a7c191628
C 342
R
P 0x7f2a7c191628
P 0x7f2a7c19b1e8
C 209
R
P 0x7f2a7c191628
C 342
R
P 0x7f2a7c191628
P 0x7f2a7c487438
C 260
R
P 0x7f2a7c191628
C 342
R
P 0x7f2a7c191628
P 0x7f2a7c487438
C 259
R
P 0x7f2a7c191628
C 342
R
P 0x7f2a7c191628
P 0x7f2a7c487438
C 258
R
P 0x7f2a7c191628
C 342
R
P 0x7f2a7c191628
P 0x7f2a7c487438
C 9
R
P 0x7f2a7c191628
C 342
R
P 0x7f2a7c191628
P 0x7f2a7c487390
P 0x7f2a7c487438
P 0x7f2a7c19bc28
C 59
= 0x7f2a7c19f9c8
R
P 0x7f2a7c191628
C 342
R
P 0x7f2a7c191628
P 0x7f2a7c19f9c8
C 257
R
P 0x7f2a7c191628
C 342
R
P 0x7f2a7c191628
P 0x7f2a7c19f9c8
C 254
= 0x7f2a7c19b1e8
R
P 0x7f2a7c191628
C 342
R
P 0x7f2a7c191628
P 0x7f2a7c19b1e8
C 209
R
P 0x7f2a7c191628
C 342
R
P 0x7f2a7c191628
P 0x7f2a7c19f9c8
C 260
R
P 0x7f2a7c191628
C 342
R
P 0x7f2a7c191628
P 0x7f2a7c19f9c8
C 259
R
P 0x7f2a7c191628
C 342
R
P 0x7f2a7c191628
P 0x7f2a7c19f9c8
C 258
R
P 0x7f2a7c191628
C 342
R
P 0x7f2a7c191628
P 0x7f2a7c19f9c8
C 9
R
P 0x7f2a7c191628
C 342
R
P 0x7f2a7c191628
U 2
P 0x7f2a7c19f9c8
P 0x7f2a7c19bb48
p 2
C 65
= 0x7f2a7c487470
R
P 0x7f2a7c191628
C 342
R
P 0x7f2a7c191628
P 0x7f2a7c487470
C 257
R
P 0x7f2a7c191628
C 342
R
P 0x7f2a7c191628
P 0x7f2a7c487470
C 254
= 0x7f2a7c19b1e8
R
P 0x7f2a7c191628
C 342
R
P 0x7f2a7c191628
P 0x7f2a7c19b1e8
C 209
R
P 0x7f2a7c191628
C 342
R
P 0x7f2a7c191628
P 0x7f2a7c487470
C 260
R
P 0x7f2a7c191628
C 342
R
P 0x7f2a7c191628
P 0x7f2a7c487470
C 259
R
P 0x7f2a7c191628
C 342
R
P 0x7f2a7c191628
P 0x7f2a7c487470
C 258
R
P 0x7f2a7c191628
C 342
R
P 0x7f2a7c191628
P 0x7f2a7c487470
C 9
R
P 0x7f2a7c191628
C 342
R
P 0x7f2a7c191628
U 2
P 0x7f2a7c487470
P 0x7f2a7c19bb68
p 2
C 65
= 0x7f2a7c4874a8
R
P 0x7f2a7c191628
C 342
R
P 0x7f2a7c191628
P 0x7f2a7c4874a8
C 257
R
P 0x7f2a7c191628
C 342
R
P 0x7f2a7c191628
P 0x7f2a7c4874a8
C 254
= 0x7f2a7c19b1e8
R
P 0x7f2a7c191628
C 342
R
P 0x7f2a7c191628
P 0x7f2a7c19b1e8
C 209
R
P 0x7f2a7c191628
C 342
R
P 0x7f2a7c191628
P 0x7f2a7c4874a8
C 260
R
P 0x7f2a7c191628
C 342
R
P 0x7f2a7c191628
P 0x7f2a7c4874a8
C 259
R
P 0x7f2a7c191628
C 342
R
P 0x7f2a7c191628
P 0x7f2a7c4874a8
C 258
R
P 0x7f2a7c191628
C 342
R
P 0x7f2a7c191628
P 0x7f2a7c4874a8
C 9
R
P 0x7f2a7c191628
C 342
R
P 0x7f2a7c191628
P 0x7f2a7c19c248
P 0x7f2a7c4874a8
C 56
= 0x7f2a7c489218
R
P 0x7f2a7c191628
C 342
R
P 0x7f2a7c191628
P 0x7f2a7c489218
C 258
R
P 0x7f2a7c191628
C 342
R
P 0x7f2a7c191628
P 0x7f2a7c489218
C 9
R
P 0x7f2a7c191628
C 342
R
P 0x7f2a7c191628
P 0x7f2a7c4894b8
P 0x7f2a7c489218
C 61
= 0x7f2a7c4894f0
R
P 0x7f2a7c191628
C 342
R
P 0x7f2a7c191628
P 0x7f2a7c4894f0
C 258
R
P 0x7f2a7c191628
C 342
R
P 0x7f2a7c191628
P 0x7f2a7c4894f0
C 9
R
P 0x7f2a7c191628
C 342
R
P 0x7f2a7c191628
P 0x7f2a7c1e1fc8
P 0x7f2a7c4894f0
C 427
R
P 0x7f2a7c191628
C 342
R
P 0x7f2a7c191628
I 4
P 0x7f2a7c19b208
C 150
= 0x7f2a7c19c028
R
P 0x7f2a7c191628
C 342
R
P 0x7f2a7c191628
P 0x7f2a7c19c028
C 258
R
P 0x7f2a7c191628
C 342
R
P 0x7f2a7c191628
P 0x7f2a7c19c028
C 9
R
P 0x7f2a7c191628
C 342
R
P 0x7f2a7c191628
I 1
P 0x7f2a7c19b208
C 150
= 0x7f2a7c19bc88
R
P 0x7f2a7c191628
C 342
R
P 0x7f2a7c191628
P 0x7f2a7c19bc88
C 258
R
P 0x7f2a7c191628
C 342
R
P 0x7f2a7c191628
P 0x7f2a7c19bc88
C 9
R
P 0x7f2a7c191628
C 342
R
P 0x7f2a7c191628
P 0x7f2a7c19c028
P 0x7f2a7c19bc88
C 75
= 0x7f2a7c487390
R
P 0x7f2a7c191628
C 342
R
P 0x7f2a7c191628
P 0x7f2a7c487390
C 258
R
P 0x7f2a7c191628
C 342
R
P 0x7f2a7c191628
P 0x7f2a7c487390
C 9
R
P 0x7f2a7c191628
C 342
R
P 0x7f2a7c191628
I 1
P 0x7f2a7c19b208
C 150
= 0x7f2a7c19bc88
R
P 0x7f2a7c191628
C 342
R
P 0x7f2a7c191628
P 0x7f2a7c19bc88
C 258
R
P 0x7f2a7c191628
C 342
R
P 0x7f2a7c191628
P 0x7f2a7c19bc88
C 9
R
P 0x7f2a7c191628
C 342
R
P 0x7f2a7c191628
U 2
P 0x7f2a7c19c028
P 0x7f2a7c19bc88
p 2
C 67
= 0x7f2a7c4873c8
R
P 0x7f2a7c191628
C 342
R
P 0x7f2a7c191628
P 0x7f2a7c4873c8
C 257
R
P 0x7f2a7c191628
C 342
R
P 0x7f2a7c191628
P 0x7f2a7c4873c8
C 254
= 0x7f2a7c19b208
R
P 0x7f2a7c191628
C 342
R
P 0x7f2a7c191628
P 0x7f2a7c19b208
C 209
R
P 0x7f2a7c191628
C 342
R
P 0x7f2a7c191628
P 0x7f2a7c4873c8
C 260
R
P 0x7f2a7c191628
C 342
R
P 0x7f2a7c191628
P 0x7f2a7c4873c8
C 259
R
P 0x7f2a7c191628
C 342
R
P 0x7f2a7c191628
P 0x7f2a7c4873c8
C 258
R
P 0x7f2a7c191628
C 342
R
P 0x7f2a7c191628
P 0x7f2a7c4873c8
C 9
R
P 0x7f2a7c191628
C 342
R
P 0x7f2a7c191628
U 2
P 0x7f2a7c19bba8
P 0x7f2a7c4873c8
p 2
C 66
= 0x7f2a7c487400
R
P 0x7f2a7c191628
C 342
R
P 0x7f2a7c191628
P 0x7f2a7c487400
C 257
R
P 0x7f2a7c191628
C 342
R
P 0x7f2a7c191628
P 0x7f2a7c487400
C 254
= 0x7f2a7c19b1e8
R
P 0x7f2a7c191628
C 342
R
P 0x7f2a7c191628
P 0x7f2a7c19b1e8
C 209
R
P 0x7f2a7c191628
C 342
R
P 0x7f2a7c191628
P 0x7f2a7c487400
C 260
R
P 0x7f2a7c191628
C 342
R
P 0x7f2a7c191628
P 0x7f2a7c487400
C 259
R
P 0x7f2a7c191628
C 342
R
P 0x7f2a7c191628
P 0x7f2a7c487400
C 258
R
P 0x7f2a7c191628
C 342
R
P 0x7f2a7c191628
P 0x7f2a7c487400
C 9
R
P 0x7f2a7c191628
C 342
R
P 0x7f2a7c191628
U 2
P 0x7f2a7c19bc28
P 0x7f2a7c487400
p 2
C 65
= 0x7f2a7c487438
R
P 0x7f2a7c191628
C 342
R
P 0x7f2a7c191628
P 0x7f2a7c487438
C 257
R
P 0x7f2a7c191628
C 342
R
P 0x7f2a7c191628
P 0x7f2a7c487438
C 254
= 0x7f2a7c19b1e8
R
P 0x7f2a7c191628
C 342
R
P 0x7f2a7c191628
P 0x7f2a7c19b1e8
C 209
R
P 0x7f2a7c191628
C 342
R
P 0x7f2a7c191628
P 0x7f2a7c487438
C 260
R
P 0x7f2a7c191628
C 342
R
P 0x7f2a7c191628
P 0x7f2a7c487438
C 259
R
P 0x7f2a7c191628
C 342
R
P 0x7f2a7c191628
P 0x7f2a7c487438
C 258
R
P 0x7f2a7c191628
C 342
R
P 0x7f2a7c191628
P 0x7f2a7c487438
C 9
R
P 0x7f2a7c191628
C 342
R
P 0x7f2a7c191628
P 0x7f2a7c487390
P 0x7f2a7c487438
P 0x7f2a7c19bc28
C 59
= 0x7f2a7c19f9c8
R
P 0x7f2a7c191628
C 342
R
P 0x7f2a7c191628
P 0x7f2a7c19f9c8
C 257
R
P 0x7f2a7c191628
C 342
R
P 0x7f2a7c191628
P 0x7f2a7c19f9c8
C 254
= 0x7f2a7c19b1e8
R
P 0x7f2a7c191628
C 342
R
P 0x7f2a7c191628
P 0x7f2a7c19b1e8
C 209
R
P 0x7f2a7c191628
C 342
R
P 0x7f2a7c191628
P 0x7f2a7c19f9c8
C 260
R
P 0x7f2a7c191628
C 342
R
P 0x7f2a7c191628
P 0x7f2a7c19f9c8
C 259
R
P 0x7f2a7c191628
C 342
R
P 0x7f2a7c191628
P 0x7f2a7c19f9c8
C 258
R
P 0x7f2a7c191628
C 342
R
P 0x7f2a7c191628
P 0x7f2a7c19f9c8
C 9
R
P 0x7f2a7c191628
C 342
R
P 0x7f2a7c191628
U 2
P 0x7f2a7c19f9c8
P 0x7f2a7c19bb48
p 2
C 65
= 0x7f2a7c487470
R
P 0x7f2a7c191628
C 342
R
P 0x7f2a7c191628
P 0x7f2a7c487470
C 257
R
P 0x7f2a7c191628
C 342
R
P 0x7f2a7c191628
P 0x7f2a7c487470
C 254
= 0x7f2a7c19b1e8
R
P 0x7f2a7c191628
C 342
R
P 0x7f2a7c191628
P 0x7f2a7c19b1e8
C 209
R
P 0x7f2a7c191628
C 342
R
P 0x7f2a7c191628
P 0x7f2a7c487470
C 260
R
P 0x7f2a7c191628
C 342
R
P 0x7f2a7c191628
P 0x7f2a7c487470
C 259
R
P 0x7f2a7c191628
C 342
R
P 0x7f2a7c191628
P 0x7f2a7c487470
C 258
R
P 0x7f2a7c191628
C 342
R
P 0x7f2a7c191628
P 0x7f2a7c487470
C 9
R
P 0x7f2a7c191628
C 342
R
P 0x7f2a7c191628
P 0x7f2a7c19bc68
C 333
R
P 0x7f2a7c191628
C 342
R
P 0x7f2a7c191628
S "slotflowPriorityStart"
C 30
R
P 0x7f2a7c191628
C 342
R
P 0x7f2a7c191628
$ |slotflowPriorityStart|
C 202
R
P 0x7f2a7c191628
C 342
R
P 0x7f2a7c191628
$ |slotflowPriorityStart|
P 0x7f2a7c19b1e8
C 51
= 0x7f2a7c19c2a8
R
P 0x7f2a7c191628
C 342
R
P 0x7f2a7c191628
P 0x7f2a7c19c2a8
C 257
R
P 0x7f2a7c191628
C 342
R
P 0x7f2a7c191628
P 0x7f2a7c19c2a8
C 254
= 0x7f2a7c19b1e8
R
P 0x7f2a7c191628
C 342
R
P 0x7f2a7c191628
P 0x7f2a7c19b1e8
C 209
R
P 0x7f2a7c191628
C 342
R
P 0x7f2a7c191628
P 0x7f2a7c19c2a8
C 260
R
P 0x7f2a7c191628
C 342
R
P 0x7f2a7c191628
P 0x7f2a7c19c2a8
C 259
R
P 0x7f2a7c191628
C 342
R
P 0x7f2a7c191628
P 0x7f2a7c19c2a8
C 258
R
P 0x7f2a7c191628
C 342
R
P 0x7f2a7c191628
P 0x7f2a7c19c2a8
C 9
R
P 0x7f2a7c191628
C 342
R
P 0x7f2a7c191628
P 0x7f2a7c19bc68
C 333
R
P 0x7f2a7c191628
C 342
R
P 0x7f2a7c191628
S "slotflowPriorityDuration"
C 30
R
P 0x7f2a7c191628
C 342
R
P 0x7f2a7c191628
$ |slotflowPriorityDuration|
C 202
R
P 0x7f2a7c191628
C 342
R
P 0x7f2a7c191628
$ |slotflowPriorityDuration|
P 0x7f2a7c19b1e8
C 51
= 0x7f2a7c19c268
R
P 0x7f2a7c191628
C 342
R
P 0x7f2a7c191628
P 0x7f2a7c19c268
C 257
R
P 0x7f2a7c191628
C 342
R
P 0x7f2a7c191628
P 0x7f2a7c19c268
C 254
= 0x7f2a7c19b1e8
R
P 0x7f2a7c191628
C 342
R
P 0x7f2a7c191628
P 0x7f2a7c19b1e8
C 209
R
P 0x7f2a7c191628
C 342
R
P 0x7f2a7c191628
P 0x7f2a7c19c268
C 260
R
P 0x7f2a7c191628
C 342
R
P 0x7f2a7c191628
P 0x7f2a7c19c268
C 259
R
P 0x7f2a7c191628
C 342
R
P 0x7f2a7c191628
P 0x7f2a7c19c268
C 258
R
P 0x7f2a7c191628
C 342
R
P 0x7f2a7c191628
P 0x7f2a7c19c268
C 9
R
P 0x7f2a7c191628
C 342
R
P 0x7f2a7c191628
U 2
P 0x7f2a7c19c2a8
P 0x7f2a7c19c268
p 2
C 65
= 0x7f2a7c487908
R
P 0x7f2a7c191628
C 342
R
P 0x7f2a7c191628
P 0x7f2a7c487908
C 257
R
P 0x7f2a7c191628
C 342
R
P 0x7f2a7c191628
P 0x7f2a7c487908
C 254
= 0x7f2a7c19b1e8
R
P 0x7f2a7c191628
C 342
R
P 0x7f2a7c191628
P 0x7f2a7c19b1e8
C 209
R
P 0x7f2a7c191628
C 342
R
P 0x7f2a7c191628
P 0x7f2a7c487908
C 260
R
P 0x7f2a7c191628
C 342
R
P 0x7f2a7c191628
P 0x7f2a7c487908
C 259
R
P 0x7f2a7c191628
C 342
R
P 0x7f2a7c191628
P 0x7f2a7c487908
C 258
R
P 0x7f2a7c191628
C 342
R
P 0x7f2a7c191628
P 0x7f2a7c487908
C 9
R
P 0x7f2a7c191628
C 342
R
P 0x7f2a7c191628
I 4
P 0x7f2a7c19b208
C 150
= 0x7f2a7c19c028
R
P 0x7f2a7c191628
C 342
R
P 0x7f2a7c191628
P 0x7f2a7c19c028
C 258
R
P 0x7f2a7c191628
C 342
R
P 0x7f2a7c191628
P 0x7f2a7c19c028
C 9
R
P 0x7f2a7c191628
C 342
R
P 0x7f2a7c191628
I 1
P 0x7f2a7c19b208
C 150
= 0x7f2a7c19bc88
R
P 0x7f2a7c191628
C 342
R
P 0x7f2a7c191628
P 0x7f2a7c19bc88
C 258
R
P 0x7f2a7c191628
C 342
R
P 0x7f2a7c191628
P 0x7f2a7c19bc88
C 9
R
P 0x7f2a7c191628
C 342
R
P 0x7f2a7c191628
P 0x7f2a7c19c028
P 0x7f2a7c19bc88
C 75
= 0x7f2a7c487390
R
P 0x7f2a7c191628
C 342
R
P 0x7f2a7c191628
P 0x7f2a7c487390
C 258
R
P 0x7f2a7c191628
C 342
R
P 0x7f2a7c191628
P 0x7f2a7c487390
C 9
R
P 0x7f2a7c191628
C 342
R
P 0x7f2a7c191628
I 1
P 0x7f2a7c19b208
C 150
= 0x7f2a7c19bc88
R
P 0x7f2a7c191628
C 342
R
P 0x7f2a7c191628
P 0x7f2a7c19bc88
C 258
R
P 0x7f2a7c191628
C 342
R
P 0x7f2a7c191628
P 0x7f2a7c19bc88
C 9
R
P 0x7f2a7c191628
C 342
R
P 0x7f2a7c191628
U 2
P 0x7f2a7c19c028
P 0x7f2a7c19bc88
p 2
C 67
= 0x7f2a7c4873c8
R
P 0x7f2a7c191628
C 342
R
P 0x7f2a7c191628
P 0x7f2a7c4873c8
C 257
R
P 0x7f2a7c191628
C 342
R
P 0x7f2a7c191628
P 0x7f2a7c4873c8
C 254
= 0x7f2a7c19b208
R
P 0x7f2a7c191628
C 342
R
P 0x7f2a7c191628
P 0x7f2a7c19b208
C 209
R
P 0x7f2a7c191628
C 342
R
P 0x7f2a7c191628
P 0x7f2a7c4873c8
C 260
R
P 0x7f2a7c191628
C 342
R
P 0x7f2a7c191628
P 0x7f2a7c4873c8
C 259
R
P 0x7f2a7c191628
C 342
R
P 0x7f2a7c191628
P 0x7f2a7c4873c8
C 258
R
P 0x7f2a7c191628
C 342
R
P 0x7f2a7c191628
P 0x7f2a7c4873c8
C 9
R
P 0x7f2a7c191628
C 342
R
P 0x7f2a7c191628
U 2
P 0x7f2a7c19bbe8
P 0x7f2a7c4873c8
p 2
C 66
= 0x7f2a7c488158
R
P 0x7f2a7c191628
C 342
R
P 0x7f2a7c191628
P 0x7f2a7c488158
C 257
R
P 0x7f2a7c191628
C 342
R
P 0x7f2a7c191628
P 0x7f2a7c488158
C 254
= 0x7f2a7c19b208
R
P 0x7f2a7c191628
C 342
R
P 0x7f2a7c191628
P 0x7f2a7c19b208
C 209
R
P 0x7f2a7c191628
C 342
R
P 0x7f2a7c191628
P 0x7f2a7c488158
C 260
R
P 0x7f2a7c191628
C 342
R
P 0x7f2a7c191628
P 0x7f2a7c488158
C 259
R
P 0x7f2a7c191628
C 342
R
P 0x7f2a7c191628
P 0x7f2a7c488158
C 258
R
P 0x7f2a7c191628
C 342
R
P 0x7f2a7c191628
P 0x7f2a7c488158
C 9
R
P 0x7f2a7c191628
C 342
R
P 0x7f2a7c191628
U 2
P 0x7f2a7c19bb88
P 0x7f2a7c488158
p 2
C 65
= 0x7f2a7c488190
R
P 0x7f2a7c191628
C 342
R
P 0x7f2a7c191628
P 0x7f2a7c488190
C 257
R
P 0x7f2a7c191628
C 342
R
P 0x7f2a7c191628
P 0x7f2a7c488190
C 254
= 0x7f2a7c19b1e8
R
P 0x7f2a7c191628
C 342
R
P 0x7f2a7c191628
P 0x7f2a7c19b1e8
C 209
R
P 0x7f2a7c191628
C 342
R
P 0x7f2a7c191628
P 0x7f2a7c488190
C 260
R
P 0x7f2a7c191628
C 342
R
P 0x7f2a7c191628
P 0x7f2a7c488190
C 259
R
P 0x7f2a7c191628
C 342
R
P 0x7f2a7c191628
P 0x7f2a7c488190
C 258
R
P 0x7f2a7c191628
C 342
R
P 0x7f2a7c191628
P 0x7f2a7c488190
C 9
R
P 0x7f2a7c191628
C 342
R
P 0x7f2a7c191628
P 0x7f2a7c487390
P 0x7f2a7c488190
P 0x7f2a7c19bb88
C 59
= 0x7f2a7c19fb08
R
P 0x7f2a7c191628
C 342
R
P 0x7f2a7c191628
P 0x7f2a7c19fb08
C 257
R
P 0x7f2a7c191628
C 342
R
P 0x7f2a7c191628
P 0x7f2a7c19fb08
C 254
= 0x7f2a7c19b1e8
R
P 0x7f2a7c191628
C 342
R
P 0x7f2a7c191628
P 0x7f2a7c19b1e8
C 209
R
P 0x7f2a7c191628
C 342
R
P 0x7f2a7c191628
P 0x7f2a7c19fb08
C 260
R
P 0x7f2a7c191628
C 342
R
P 0x7f2a7c191628
P 0x7f2a7c19fb08
C 259
R
P 0x7f2a7c191628
C 342
R
P 0x7f2a7c191628
P 0x7f2a7c19fb08
C 258
R
P 0x7f2a7c191628
C 342
R
P 0x7f2a7c191628
P 0x7f2a7c19fb08
C 9
R
P 0x7f2a7c191628
C 342
R
P 0x7f2a7c191628
U 2
P 0x7f2a7c487908
P 0x7f2a7c19fb08
p 2
C 65
= 0x7f2a7c4881c8
R
P 0x7f2a7c191628
C 342
R
P 0x7f2a7c191628
P 0x7f2a7c4881c8
C 257
R
P 0x7f2a7c191628
C 342
R
P 0x7f2a7c191628
P 0x7f2a7c4881c8
C 254
= 0x7f2a7c19b1e8
R
P 0x7f2a7c191628
C 342
R
P 0x7f2a7c191628
P 0x7f2a7c19b1e8
C 209
R
P 0x7f2a7c191628
C 342
R
P 0x7f2a7c191628
P 0x7f2a7c4881c8
C 260
R
P 0x7f2a7c191628
C 342
R
P 0x7f2a7c191628
P 0x7f2a7c4881c8
C 259
R
P 0x7f2a7c191628
C 342
R
P 0x7f2a7c191628
P 0x7f2a7c4881c8
C 258
R
P 0x7f2a7c191628
C 342
R
P 0x7f2a7c191628
P 0x7f2a7c4881c8
C 9
R
P 0x7f2a7c191628
C 342
R
P 0x7f2a7c191628
U 2
P 0x7f2a7c4881c8
P 0x7f2a7c19bb68
p 2
C 67
= 0x7f2a7c488200
R
P 0x7f2a7c191628
C 342
R
P 0x7f2a7c191628
P 0x7f2a7c488200
C 257
R
P 0x7f2a7c191628
C 342
R
P 0x7f2a7c191628
P 0x7f2a7c488200
C 254
= 0x7f2a7c19b1e8
R
P 0x7f2a7c191628
C 342
R
P 0x7f2a7c191628
P 0x7f2a7c19b1e8
C 209
R
P 0x7f2a7c191628
C 342
R
P 0x7f2a7c191628
P 0x7f2a7c488200
C 260
R
P 0x7f2a7c191628
C 342
R
P 0x7f2a7c191628
P 0x7f2a7c488200
C 259
R
P 0x7f2a7c191628
C 342
R
P 0x7f2a7c191628
P 0x7f2a7c488200
C 258
R
P 0x7f2a7c191628
C 342
R
P 0x7f2a7c191628
P 0x7f2a7c488200
C 9
R
P 0x7f2a7c191628
C 342
R
P 0x7f2a7c191628
P 0x7f2a7c487470
P 0x7f2a7c488200
C 74
= 0x7f2a7c489528
R
P 0x7f2a7c191628
C 342
R
P 0x7f2a7c191628
P 0x7f2a7c489528
C 258
R
P 0x7f2a7c191628
C 342
R
P 0x7f2a7c191628
P 0x7f2a7c489528
C 9
R
P 0x7f2a7c191628
C 342
R
P 0x7f2a7c191628
I 4
P 0x7f2a7c19b208
C 150
= 0x7f2a7c19c028
R
P 0x7f2a7c191628
C 342
R
P 0x7f2a7c191628
P 0x7f2a7c19c028
C 258
R
P 0x7f2a7c191628
C 342
R
P 0x7f2a7c191628
P 0x7f2a7c19c028
C 9
R
P 0x7f2a7c191628
C 342
R
P 0x7f2a7c191628
I 1
P 0x7f2a7c19b208
C 150
= 0x7f2a7c19bc88
R
P 0x7f2a7c191628
C 342
R
P 0x7f2a7c191628
P 0x7f2a7c19bc88
C 258
R
P 0x7f2a7c191628
C 342
R
P 0x7f2a7c191628
P 0x7f2a7c19bc88
C 9
R
P 0x7f2a7c191628
C 342
R
P 0x7f2a7c191628
P 0x7f2a7c19c028
P 0x7f2a7c19bc88
C 75
= 0x7f2a7c487390
R
P 0x7f2a7c191628
C 342
R
P 0x7f2a7c191628
P 0x7f2a7c487390
C 258
R
P 0x7f2a7c191628
C 342
R
P 0x7f2a7c191628
P 0x7f2a7c487390
C 9
R
P 0x7f2a7c191628
C 342
R
P 0x7f2a7c191628
I 1
P 0x7f2a7c19b208
C 150
= 0x7f2a7c19bc88
R
P 0x7f2a7c191628
C 342
R
P 0x7f2a7c191628
P 0x7f2a7c19bc88
C 258
R
P 0x7f2a7c191628
C 342
R
P 0x7f2a7c191628
P 0x7f2a7c19bc88
C 9
R
P 0x7f2a7c191628
C 342
R
P 0x7f2a7c191628
U 2
P 0x7f2a7c19c028
P 0x7f2a7c19bc88
p 2
C 67
= 0x7f2a7c4873c8
R
P 0x7f2a7c191628
C 342
R
P 0x7f2a7c191628
P 0x7f2a7c4873c8
C 257
R
P 0x7f2a7c191628
C 342
R
P 0x7f2a7c191628
P 0x7f2a7c4873c8
C 254
= 0x7f2a7c19b208
R
P 0x7f2a7c191628
C 342
R
P 0x7f2a7c191628
P 0x7f2a7c19b208
C 209
R
P 0x7f2a7c191628
C 342
R
P 0x7f2a7c191628
P 0x7f2a7c4873c8
C 260
R
P 0x7f2a7c191628
C 342
R
P 0x7f2a7c191628
P 0x7f2a7c4873c8
C 259
R
P 0x7f2a7c191628
C 342
R
P 0x7f2a7c191628
P 0x7f2a7c4873c8
C 258
R
P 0x7f2a7c191628
C 342
R
P 0x7f2a7c191628
P 0x7f2a7c4873c8
C 9
R
P 0x7f2a7c191628
C 342
R
P 0x7f2a7c191628
U 2
P 0x7f2a7c19bba8
P 0x7f2a7c4873c8
p 2
C 66
= 0x7f2a7c487400
R
P 0x7f2a7c191628
C 342
R
P 0x7f2a7c191628
P 0x7f2a7c487400
C 257
R
P 0x7f2a7c191628
C 342
R
P 0x7f2a7c191628
P 0x7f2a7c487400
C 254
= 0x7f2a7c19b1e8
R
P 0x7f2a7c191628
C 342
R
P 0x7f2a7c191628
P 0x7f2a7c19b1e8
C 209
R
P 0x7f2a7c191628
C 342
R
P 0x7f2a7c191628
P 0x7f2a7c487400
C 260
R
P 0x7f2a7c191628
C 342
R
P 0x7f2a7c191628
P 0x7f2a7c487400
C 259
R
P 0x7f2a7c191628
C 342
R
P 0x7f2a7c191628
P 0x7f2a7c487400
C 258
R
P 0x7f2a7c191628
C 342
R
P 0x7f2a7c191628
P 0x7f2a7c487400
C 9
R
P 0x7f2a7c191628
C 342
R
P 0x7f2a7c191628
U 2
P 0x7f2a7c19bc28
P 0x7f2a7c487400
p 2
C 65
= 0x7f2a7c487438
R
P 0x7f2a7c191628
C 342
R
P 0x7f2a7c191628
P 0x7f2a7c487438
C 257
R
P 0x7f2a7c191628
C 342
R
P 0x7f2a7c191628
P 0x7f2a7c487438
C 254
= 0x7f2a7c19b1e8
R
P 0x7f2a7c191628
C 342
R
P 0x7f2a7c191628
P 0x7f2a7c19b1e8
C 209
R
P 0x7f2a7c191628
C 342
R
P 0x7f2a7c191628
P 0x7f2a7c487438
C 260
R
P 0x7f2a7c191628
C 342
R
P 0x7f2a7c191628
P 0x7f2a7c487438
C 259
R
P 0x7f2a7c191628
C 342
R
P 0x7f2a7c191628
P 0x7f2a7c487438
C 258
R
P 0x7f2a7c191628
C 342
R
P 0x7f2a7c191628
P 0x7f2a7c487438
C 9
R
P 0x7f2a7c191628
C 342
R
P 0x7f2a7c191628
P 0x7f2a7c487390
P 0x7f2a7c487438
P 0x7f2a7c19bc28
C 59
= 0x7f2a7c19f9c8
R
P 0x7f2a7c191628
C 342
R
P 0x7f2a7c191628
P 0x7f2a7c19f9c8
C 257
R
P 0x7f2a7c191628
C 342
R
P 0x7f2a7c191628
P 0x7f2a7c19f9c8
C 254
= 0x7f2a7c19b1e8
R
P 0x7f2a7c191628
C 342
R
P 0x7f2a7c191628
P 0x7f2a7c19b1e8
C 209
R
P 0x7f2a7c191628
C 342
R
P 0x7f2a7c191628
P 0x7f2a7c19f9c8
C 260
R
P 0x7f2a7c191628
C 342
R
P 0x7f2a7c191628
P 0x7f2a7c19f9c8
C 259
R
P 0x7f2a7c191628
C 342
R
P 0x7f2a7c191628
P 0x7f2a7c19f9c8
C 258
R
P 0x7f2a7c191628
C 342
R
P 0x7f2a7c191628
P 0x7f2a7c19f9c8
C 9
R
P 0x7f2a7c191628
C 342
R
P 0x7f2a7c191628
U 2
P 0x7f2a7c19f9c8
P 0x7f2a7c19bb48
p 2
C 65
= 0x7f2a7c487470
R
P 0x7f2a7c191628
C 342
R
P 0x7f2a7c191628
P 0x7f2a7c487470
C 257
R
P 0x7f2a7c191628
C 342
R
P 0x7f2a7c191628
P 0x7f2a7c487470
C 254
= 0x7f2a7c19b1e8
R
P 0x7f2a7c191628
C 342
R
P 0x7f2a7c191628
P 0x7f2a7c19b1e8
C 209
R
P 0x7f2a7c191628
C 342
R
P 0x7f2a7c191628
P 0x7f2a7c487470
C 260
R
P 0x7f2a7c191628
C 342
R
P 0x7f2a7c191628
P 0x7f2a7c487470
C 259
R
P 0x7f2a7c191628
C 342
R
P 0x7f2a7c191628
P 0x7f2a7c487470
C 258
R
P 0x7f2a7c191628
C 342
R
P 0x7f2a7c191628
P 0x7f2a7c487470
C 9
R
P 0x7f2a7c191628
C 342
R
P 0x7f2a7c191628
P 0x7f2a7c19bc68
C 333
R
P 0x7f2a7c191628
C 342
R
P 0x7f2a7c191628
S "slotflowPriorityStart"
C 30
R
P 0x7f2a7c191628
C 342
R
P 0x7f2a7c191628
$ |slotflowPriorityStart|
C 202
R
P 0x7f2a7c191628
C 342
R
P 0x7f2a7c191628
$ |slotflowPriorityStart|
P 0x7f2a7c19b1e8
C 51
= 0x7f2a7c19c2a8
R
P 0x7f2a7c191628
C 342
R
P 0x7f2a7c191628
P 0x7f2a7c19c2a8
C 257
R
P 0x7f2a7c191628
C 342
R
P 0x7f2a7c191628
P 0x7f2a7c19c2a8
C 254
= 0x7f2a7c19b1e8
R
P 0x7f2a7c191628
C 342
R
P 0x7f2a7c191628
P 0x7f2a7c19b1e8
C 209
R
P 0x7f2a7c191628
C 342
R
P 0x7f2a7c191628
P 0x7f2a7c19c2a8
C 260
R
P 0x7f2a7c191628
C 342
R
P 0x7f2a7c191628
P 0x7f2a7c19c2a8
C 259
R
P 0x7f2a7c191628
C 342
R
P 0x7f2a7c191628
P 0x7f2a7c19c2a8
C 258
R
P 0x7f2a7c191628
C 342
R
P 0x7f2a7c191628
P 0x7f2a7c19c2a8
C 9
R
P 0x7f2a7c191628
C 342
R
P 0x7f2a7c191628
I 4
P 0x7f2a7c19b208
C 150
= 0x7f2a7c19c028
R
P 0x7f2a7c191628
C 342
R
P 0x7f2a7c191628
P 0x7f2a7c19c028
C 258
R
P 0x7f2a7c191628
C 342
R
P 0x7f2a7c191628
P 0x7f2a7c19c028
C 9
R
P 0x7f2a7c191628
C 342
R
P 0x7f2a7c191628
I 1
P 0x7f2a7c19b208
C 150
= 0x7f2a7c19bc88
R
P 0x7f2a7c191628
C 342
R
P 0x7f2a7c191628
P 0x7f2a7c19bc88
C 258
R
P 0x7f2a7c191628
C 342
R
P 0x7f2a7c191628
P 0x7f2a7c19bc88
C 9
R
P 0x7f2a7c191628
C 342
R
P 0x7f2a7c191628
P 0x7f2a7c19c028
P 0x7f2a7c19bc88
C 75
= 0x7f2a7c487390
R
P 0x7f2a7c191628
C 342
R
P 0x7f2a7c191628
P 0x7f2a7c487390
C 258
R
P 0x7f2a7c191628
C 342
R
P 0x7f2a7c191628
P 0x7f2a7c487390
C 9
R
P 0x7f2a7c191628
C 342
R
P 0x7f2a7c191628
I 1
P 0x7f2a7c19b208
C 150
= 0x7f2a7c19bc88
R
P 0x7f2a7c191628
C 342
R
P 0x7f2a7c191628
P 0x7f2a7c19bc88
C 258
R
P 0x7f2a7c191628
C 342
R
P 0x7f2a7c191628
P 0x7f2a7c19bc88
C 9
R
P 0x7f2a7c191628
C 342
R
P 0x7f2a7c191628
U 2
P 0x7f2a7c19c028
P 0x7f2a7c19bc88
p 2
C 67
= 0x7f2a7c4873c8
R
P 0x7f2a7c191628
C 342
R
P 0x7f2a7c191628
P 0x7f2a7c4873c8
C 257
R
P 0x7f2a7c191628
C 342
R
P 0x7f2a7c191628
P 0x7f2a7c4873c8
C 254
= 0x7f2a7c19b208
R
P 0x7f2a7c191628
C 342
R
P 0x7f2a7c191628
P 0x7f2a7c19b208
C 209
R
P 0x7f2a7c191628
C 342
R
P 0x7f2a7c191628
P 0x7f2a7c4873c8
C 260
R
P 0x7f2a7c191628
C 342
R
P 0x7f2a7c191628
P 0x7f2a7c4873c8
C 259
R
P 0x7f2a7c191628
C 342
R
P 0x7f2a7c191628
P 0x7f2a7c4873c8
C 258
R
P 0x7f2a7c191628
C 342
R
P 0x7f2a7c191628
P 0x7f2a7c4873c8
C 9
R
P 0x7f2a7c191628
C 342
R
P 0x7f2a7c191628
U 2
P 0x7f2a7c19bbe8
P 0x7f2a7c4873c8
p 2
C 66
= 0x7f2a7c488158
R
P 0x7f2a7c191628
C 342
R
P 0x7f2a7c191628
P 0x7f2a7c488158
C 257
R
P 0x7f2a7c191628
C 342
R
P 0x7f2a7c191628
P 0x7f2a7c488158
C 254
= 0x7f2a7c19b208
R
P 0x7f2a7c191628
C 342
R
P 0x7f2a7c191628
P 0x7f2a7c19b208
C 209
R
P 0x7f2a7c191628
C 342
R
P 0x7f2a7c191628
P 0x7f2a7c488158
C 260
R
P 0x7f2a7c191628
C 342
R
P 0x7f2a7c191628
P 0x7f2a7c488158
C 259
R
P 0x7f2a7c191628
C 342
R
P 0x7f2a7c191628
P 0x7f2a7c488158
C 258
R
P 0x7f2a7c191628
C 342
R
P 0x7f2a7c191628
P 0x7f2a7c488158
C 9
R
P 0x7f2a7c191628
C 342
R
P 0x7f2a7c191628
U 2
P 0x7f2a7c19bb88
P 0x7f2a7c488158
p 2
C 65
= 0x7f2a7c488190
R
P 0x7f2a7c191628
C 342
R
P 0x7f2a7c191628
P 0x7f2a7c488190
C 257
R
P 0x7f2a7c191628
C 342
R
P 0x7f2a7c191628
P 0x7f2a7c488190
C 254
= 0x7f2a7c19b1e8
R
P 0x7f2a7c191628
C 342
R
P 0x7f2a7c191628
P 0x7f2a7c19b1e8
C 209
R
P 0x7f2a7c191628
C 342
R
P 0x7f2a7c191628
P 0x7f2a7c488190
C 260
R
P 0x7f2a7c191628
C 342
R
P 0x7f2a7c191628
P 0x7f2a7c488190
C 259
R
P 0x7f2a7c191628
C 342
R
P 0x7f2a7c191628
P 0x7f2a7c488190
C 258
R
P 0x7f2a7c191628
C 342
R
P 0x7f2a7c191628
P 0x7f2a7c488190
C 9
R
P 0x7f2a7c191628
C 342
R
P 0x7f2a7c191628
P 0x7f2a7c487390
P 0x7f2a7c488190
P 0x7f2a7c19bb88
C 59
= 0x7f2a7c19fb08
R
P 0x7f2a7c191628
C 342
R
P 0x7f2a7c191628
P 0x7f2a7c19fb08
C 257
R
P 0x7f2a7c191628
C 342
R
P 0x7f2a7c191628
P 0x7f2a7c19fb08
C 254
= 0x7f2a7c19b1e8
R
P 0x7f2a7c191628
C 342
R
P 0x7f2a7c191628
P 0x7f2a7c19b1e8
C 209
R
P 0x7f2a7c191628
C 342
R
P 0x7f2a7c191628
P 0x7f2a7c19fb08
C 260
R
P 0x7f2a7c191628
C 342
R
P 0x7f2a7c191628
P 0x7f2a7c19fb08
C 259
R
P 0x7f2a7c191628
C 342
R
P 0x7f2a7c191628
P 0x7f2a7c19fb08
C 258
R
P 0x7f2a7c191628
C 342
R
P 0x7f2a7c191628
P 0x7f2a7c19fb08
C 9
R
P 0x7f2a7c191628
C 342
R
P 0x7f2a7c191628
U 2
P 0x7f2a7c19c2a8
P 0x7f2a7c19fb08
p 2
C 65
= 0x7f2a7c488270
R
P 0x7f2a7c191628
C 342
R
P 0x7f2a7c191628
P 0x7f2a7c488270
C 257
R
P 0x7f2a7c191628
C 342
R
P 0x7f2a7c191628
P 0x7f2a7c488270
C 254
= 0x7f2a7c19b1e8
R
P 0x7f2a7c191628
C 342
R
P 0x7f2a7c191628
P 0x7f2a7c19b1e8
C 209
R
P 0x7f2a7c191628
C 342
R
P 0x7f2a7c191628
P 0x7f2a7c488270
C 260
R
P 0x7f2a7c191628
C 342
R
P 0x7f2a7c191628
P 0x7f2a7c488270
C 259
R
P 0x7f2a7c191628
C 342
R
P 0x7f2a7c191628
P 0x7f2a7c488270
C 258
R
P 0x7f2a7c191628
C 342
R
P 0x7f2a7c191628
P 0x7f2a7c488270
C 9
R
P 0x7f2a7c191628
C 342
R
P 0x7f2a7c191628
P 0x7f2a7c487470
P 0x7f2a7c488270
C 76
= 0x7f2a7c489560
R
P 0x7f2a7c191628
C 342
R
P 0x7f2a7c191628
P 0x7f2a7c489560
C 258
R
P 0x7f2a7c191628
C 342
R
P 0x7f2a7c191628
P 0x7f2a7c489560
C 9
R
P 0x7f2a7c191628
C 342
R
P 0x7f2a7c191628
U 2
P 0x7f2a7c489528
P 0x7f2a7c489560
p 2
C 63
= 0x7f2a7c489598
R
P 0x7f2a7c191628
C 342
R
P 0x7f2a7c191628
P 0x7f2a7c489598
C 258
R
P 0x7f2a7c191628
C 342
R
P 0x7f2a7c191628
P 0x7f2a7c489598
C 9
R
P 0x7f2a7c191628
C 342
R
P 0x7f2a7c191628
I 4
P 0x7f2a7c19b208
C 150
= 0x7f2a7c19c028
R
P 0x7f2a7c191628
C 342
R
P 0x7f2a7c191628
P 0x7f2a7c19c028
C 258
R
P 0x7f2a7c191628
C 342
R
P 0x7f2a7c191628
P 0x7f2a7c19c028
C 9
R
P 0x7f2a7c191628
C 342
R
P 0x7f2a7c191628
P 0x7f2a7c19c028
C 263
R
P 0x7f2a7c191628
C 342
R
P 0x7f2a7c191628
S "dev0T34"
C 30
R
P 0x7f2a7c191628
C 342
R
P 0x7f2a7c191628
$ |dev0T34|
C 202
R
P 0x7f2a7c191628
C 342
R
P 0x7f2a7c191628
$ |dev0T34|
P 0x7f2a7c19b1e8
C 51
= 0x7f2a7c19c248
R
P 0x7f2a7c191628
C 342
R
P 0x7f2a7c191628
P 0x7f2a7c19c248
C 257
R
P 0x7f2a7c191628
C 342
R
P 0x7f2a7c191628
P 0x7f2a7c19c248
C 254
= 0x7f2a7c19b1e8
R
P 0x7f2a7c191628
C 342
R
P 0x7f2a7c191628
P 0x7f2a7c19b1e8
C 209
R
P 0x7f2a7c191628
C 342
R
P 0x7f2a7c191628
P 0x7f2a7c19c248
C 260
R
P 0x7f2a7c191628
C 342
R
P 0x7f2a7c191628
P 0x7f2a7c19c248
C 259
R
P 0x7f2a7c191628
C 342
R
P 0x7f2a7c191628
P 0x7f2a7c19c248
C 258
R
P 0x7f2a7c191628
C 342
R
P 0x7f2a7c191628
P 0x7f2a7c19c248
C 9
R
P 0x7f2a7c191628
C 342
R
P 0x7f2a7c191628
I 4
P 0x7f2a7c19b208
C 150
= 0x7f2a7c19c028
R
P 0x7f2a7c191628
C 342
R
P 0x7f2a7c191628
P 0x7f2a7c19c028
C 258
R
P 0x7f2a7c191628
C 342
R
P 0x7f2a7c191628
P 0x7f2a7c19c028
C 9
R
P 0x7f2a7c191628
C 342
R
P 0x7f2a7c191628
I 1
P 0x7f2a7c19b208
C 150
= 0x7f2a7c19bc88
R
P 0x7f2a7c191628
C 342
R
P 0x7f2a7c191628
P 0x7f2a7c19bc88
C 258
R
P 0x7f2a7c191628
C 342
R
P 0x7f2a7c191628
P 0x7f2a7c19bc88
C 9
R
P 0x7f2a7c191628
C 342
R
P 0x7f2a7c191628
P 0x7f2a7c19c028
P 0x7f2a7c19bc88
C 75
= 0x7f2a7c487390
R
P 0x7f2a7c191628
C 342
R
P 0x7f2a7c191628
P 0x7f2a7c487390
C 258
R
P 0x7f2a7c191628
C 342
R
P 0x7f2a7c191628
P 0x7f2a7c487390
C 9
R
P 0x7f2a7c191628
C 342
R
P 0x7f2a7c191628
I 1
P 0x7f2a7c19b208
C 150
= 0x7f2a7c19bc88
R
P 0x7f2a7c191628
C 342
R
P 0x7f2a7c191628
P 0x7f2a7c19bc88
C 258
R
P 0x7f2a7c191628
C 342
R
P 0x7f2a7c191628
P 0x7f2a7c19bc88
C 9
R
P 0x7f2a7c191628
C 342
R
P 0x7f2a7c191628
U 2
P 0x7f2a7c19c028
P 0x7f2a7c19bc88
p 2
C 67
= 0x7f2a7c4873c8
R
P 0x7f2a7c191628
C 342
R
P 0x7f2a7c191628
P 0x7f2a7c4873c8
C 257
R
P 0x7f2a7c191628
C 342
R
P 0x7f2a7c191628
P 0x7f2a7c4873c8
C 254
= 0x7f2a7c19b208
R
P 0x7f2a7c191628
C 342
R
P 0x7f2a7c191628
P 0x7f2a7c19b208
C 209
R
P 0x7f2a7c191628
C 342
R
P 0x7f2a7c191628
P 0x7f2a7c4873c8
C 260
R
P 0x7f2a7c191628
C 342
R
P 0x7f2a7c191628
P 0x7f2a7c4873c8
C 259
R
P 0x7f2a7c191628
C 342
R
P 0x7f2a7c191628
P 0x7f2a7c4873c8
C 258
R
P 0x7f2a7c191628
C 342
R
P 0x7f2a7c191628
P 0x7f2a7c4873c8
C 9
R
P 0x7f2a7c191628
C 342
R
P 0x7f2a7c191628
U 2
P 0x7f2a7c19bba8
P 0x7f2a7c4873c8
p 2
C 66
= 0x7f2a7c487400
R
P 0x7f2a7c191628
C 342
R
P 0x7f2a7c191628
P 0x7f2a7c487400
C 257
R
P 0x7f2a7c191628
C 342
R
P 0x7f2a7c191628
P 0x7f2a7c487400
C 254
= 0x7f2a7c19b1e8
R
P 0x7f2a7c191628
C 342
R
P 0x7f2a7c191628
P 0x7f2a7c19b1e8
C 209
R
P 0x7f2a7c191628
C 342
R
P 0x7f2a7c191628
P 0x7f2a7c487400
C 260
R
P 0x7f2a7c191628
C 342
R
P 0x7f2a7c191628
P 0x7f2a7c487400
C 259
R
P 0x7f2a7c191628
C 342
R
P 0x7f2a7c191628
P 0x7f2a7c487400
C 258
R
P 0x7f2a7c191628
C 342
R
P 0x7f2a7c191628
P 0x7f2a7c487400
C 9
R
P 0x7f2a7c191628
C 342
R
P 0x7f2a7c191628
U 2
P 0x7f2a7c19bc28
P 0x7f2a7c487400
p 2
C 65
= 0x7f2a7c487438
R
P 0x7f2a7c191628
C 342
R
P 0x7f2a7c191628
P 0x7f2a7c487438
C 257
R
P 0x7f2a7c191628
C 342
R
P 0x7f2a7c191628
P 0x7f2a7c487438
C 254
= 0x7f2a7c19b1e8
R
P 0x7f2a7c191628
C 342
R
P 0x7f2a7c191628
P 0x7f2a7c19b1e8
C 209
R
P 0x7f2a7c191628
C 342
R
P 0x7f2a7c191628
P 0x7f2a7c487438
C 260
R
P 0x7f2a7c191628
C 342
R
P 0x7f2a7c191628
P 0x7f2a7c487438
C 259
R
P 0x7f2a7c191628
C 342
R
P 0x7f2a7c191628
P 0x7f2a7c487438
C 258
R
P 0x7f2a7c191628
C 342
R
P 0x7f2a7c191628
P 0x7f2a7c487438
C 9
R
P 0x7f2a7c191628
C 342
R
P 0x7f2a7c191628
P 0x7f2a7c487390
P 0x7f2a7c487438
P 0x7f2a7c19bc28
C 59
= 0x7f2a7c19f9c8
R
P 0x7f2a7c191628
C 342
R
P 0x7f2a7c191628
P 0x7f2a7c19f9c8
C 257
R
P 0x7f2a7c191628
C 342
R
P 0x7f2a7c191628
P 0x7f2a7c19f9c8
C 254
= 0x7f2a7c19b1e8
R
P 0x7f2a7c191628
C 342
R
P 0x7f2a7c191628
P 0x7f2a7c19b1e8
C 209
R
P 0x7f2a7c191628
C 342
R
P 0x7f2a7c191628
P 0x7f2a7c19f9c8
C 260
R
P 0x7f2a7c191628
C 342
R
P 0x7f2a7c191628
P 0x7f2a7c19f9c8
C 259
R
P 0x7f2a7c191628
C 342
R
P 0x7f2a7c191628
P 0x7f2a7c19f9c8
C 258
R
P 0x7f2a7c191628
C 342
R
P 0x7f2a7c191628
P 0x7f2a7c19f9c8
C 9
R
P 0x7f2a7c191628
C 342
R
P 0x7f2a7c191628
U 2
P 0x7f2a7c19f9c8
P 0x7f2a7c19bb48
p 2
C 65
= 0x7f2a7c487470
R
P 0x7f2a7c191628
C 342
R
P 0x7f2a7c191628
P 0x7f2a7c487470
C 257
R
P 0x7f2a7c191628
C 342
R
P 0x7f2a7c191628
P 0x7f2a7c487470
C 254
= 0x7f2a7c19b1e8
R
P 0x7f2a7c191628
C 342
R
P 0x7f2a7c191628
P 0x7f2a7c19b1e8
C 209
R
P 0x7f2a7c191628
C 342
R
P 0x7f2a7c191628
P 0x7f2a7c487470
C 260
R
P 0x7f2a7c191628
C 342
R
P 0x7f2a7c191628
P 0x7f2a7c487470
C 259
R
P 0x7f2a7c191628
C 342
R
P 0x7f2a7c191628
P 0x7f2a7c487470
C 258
R
P 0x7f2a7c191628
C 342
R
P 0x7f2a7c191628
P 0x7f2a7c487470
C 9
R
P 0x7f2a7c191628
C 342
R
P 0x7f2a7c191628
U 2
P 0x7f2a7c487470
P 0x7f2a7c19bb68
p 2
C 65
= 0x7f2a7c4874a8
R
P 0x7f2a7c191628
C 342
R
P 0x7f2a7c191628
P 0x7f2a7c4874a8
C 257
R
P 0x7f2a7c191628
C 342
R
P 0x7f2a7c191628
P 0x7f2a7c4874a8
C 254
= 0x7f2a7c19b1e8
R
P 0x7f2a7c191628
C 342
R
P 0x7f2a7c191628
P 0x7f2a7c19b1e8
C 209
R
P 0x7f2a7c191628
C 342
R
P 0x7f2a7c191628
P 0x7f2a7c4874a8
C 260
R
P 0x7f2a7c191628
C 342
R
P 0x7f2a7c191628
P 0x7f2a7c4874a8
C 259
R
P 0x7f2a7c191628
C 342
R
P 0x7f2a7c191628
P 0x7f2a7c4874a8
C 258
R
P 0x7f2a7c191628
C 342
R
P 0x7f2a7c191628
P 0x7f2a7c4874a8
C 9
R
P 0x7f2a7c191628
C 342
R
P 0x7f2a7c191628
P 0x7f2a7c19c248
P 0x7f2a7c4874a8
C 56
= 0x7f2a7c489218
R
P 0x7f2a7c191628
C 342
R
P 0x7f2a7c191628
P 0x7f2a7c489218
C 258
R
P 0x7f2a7c191628
C 342
R
P 0x7f2a7c191628
P 0x7f2a7c489218
C 9
R
P 0x7f2a7c191628
C 342
R
P 0x7f2a7c191628
P 0x7f2a7c489598
P 0x7f2a7c489218
C 61
= 0x7f2a7c4895d0
R
P 0x7f2a7c191628
C 342
R
P 0x7f2a7c191628
P 0x7f2a7c4895d0
C 258
R
P 0x7f2a7c191628
C 342
R
P 0x7f2a7c191628
P 0x7f2a7c4895d0
C 9
R
P 0x7f2a7c191628
C 342
R
P 0x7f2a7c191628
P 0x7f2a7c1e1fc8
P 0x7f2a7c4895d0
C 427
R
P 0x7f2a7c191628
C 342
R
P 0x7f2a7c191628
I 0
P 0x7f2a7c19b208
C 150
= 0x7f2a7c19bd08
R
P 0x7f2a7c191628
C 342
R
P 0x7f2a7c191628
P 0x7f2a7c19bd08
C 258
R
P 0x7f2a7c191628
C 342
R
P 0x7f2a7c191628
P 0x7f2a7c19bd08
C 9
R
P 0x7f2a7c191628
C 342
R
P 0x7f2a7c191628
I 1
P 0x7f2a7c19b208
C 150
= 0x7f2a7c19bc88
R
P 0x7f2a7c191628
C 342
R
P 0x7f2a7c191628
P 0x7f2a7c19bc88
C 258
R
P 0x7f2a7c191628
C 342
R
P 0x7f2a7c191628
P 0x7f2a7c19bc88
C 9
R
P 0x7f2a7c191628
C 342
R
P 0x7f2a7c191628
P 0x7f2a7c19bd08
P 0x7f2a7c19bc88
C 75
= 0x7f2a7c486fa0
R
P 0x7f2a7c191628
C 342
R
P 0x7f2a7c191628
P 0x7f2a7c486fa0
C 258
R
P 0x7f2a7c191628
C 342
R
P 0x7f2a7c191628
P 0x7f2a7c486fa0
C 9
R
P 0x7f2a7c191628
C 342
R
P 0x7f2a7c191628
I 1
P 0x7f2a7c19b208
C 150
= 0x7f2a7c19bc88
R
P 0x7f2a7c191628
C 342
R
P 0x7f2a7c191628
P 0x7f2a7c19bc88
C 258
R
P 0x7f2a7c191628
C 342
R
P 0x7f2a7c191628
P 0x7f2a7c19bc88
C 9
R
P 0x7f2a7c191628
C 342
R
P 0x7f2a7c191628
U 2
P 0x7f2a7c19bd08
P 0x7f2a7c19bc88
p 2
C 67
= 0x7f2a7c486fd8
R
P 0x7f2a7c191628
C 342
R
P 0x7f2a7c191628
P 0x7f2a7c486fd8
C 257
R
P 0x7f2a7c191628
C 342
R
P 0x7f2a7c191628
P 0x7f2a7c486fd8
C 254
= 0x7f2a7c19b208
R
P 0x7f2a7c191628
C 342
R
P 0x7f2a7c191628
P 0x7f2a7c19b208
C 209
R
P 0x7f2a7c191628
C 342
R
P 0x7f2a7c191628
P 0x7f2a7c486fd8
C 260
R
P 0x7f2a7c191628
C 342
R
P 0x7f2a7c191628
P 0x7f2a7c486fd8
C 259
R
P 0x7f2a7c191628
C 342
R
P 0x7f2a7c191628
P 0x7f2a7c486fd8
C 258
R
P 0x7f2a7c191628
C 342
R
P 0x7f2a7c191628
P 0x7f2a7c486fd8
C 9
R
P 0x7f2a7c191628
C 342
R
P 0x7f2a7c191628
U 2
P 0x7f2a7c19bba8
P 0x7f2a7c486fd8
p 2
C 66
= 0x7f2a7c487010
R
P 0x7f2a7c191628
C 342
R
P 0x7f2a7c191628
P 0x7f2a7c487010
C 257
R
P 0x7f2a7c191628
C 342
R
P 0x7f2a7c191628
P 0x7f2a7c487010
C 254
= 0x7f2a7c19b1e8
R
P 0x7f2a7c191628
C 342
R
P 0x7f2a7c191628
P 0x7f2a7c19b1e8
C 209
R
P 0x7f2a7c191628
C 342
R
P 0x7f2a7c191628
P 0x7f2a7c487010
C 260
R
P 0x7f2a7c191628
C 342
R
P 0x7f2a7c191628
P 0x7f2a7c487010
C 259
R
P 0x7f2a7c191628
C 342
R
P 0x7f2a7c191628
P 0x7f2a7c487010
C 258
R
P 0x7f2a7c191628
C 342
R
P 0x7f2a7c191628
P 0x7f2a7c487010
C 9
R
P 0x7f2a7c191628
C 342
R
P 0x7f2a7c191628
U 2
P 0x7f2a7c19bc28
P 0x7f2a7c487010
p 2
C 65
= 0x7f2a7c487048
R
P 0x7f2a7c191628
C 342
R
P 0x7f2a7c191628
P 0x7f2a7c487048
C 257
R
P 0x7f2a7c191628
C 342
R
P 0x7f2a7c191628
P 0x7f2a7c487048
C 254
= 0x7f2a7c19b1e8
R
P 0x7f2a7c191628
C 342
R
P 0x7f2a7c191628
P 0x7f2a7c19b1e8
C 209
R
P 0x7f2a7c191628
C 342
R
P 0x7f2a7c191628
P 0x7f2a7c487048
C 260
R
P 0x7f2a7c191628
C 342
R
P 0x7f2a7c191628
P 0x7f2a7c487048
C 259
R
P 0x7f2a7c191628
C 342
R
P 0x7f2a7c191628
P 0x7f2a7c487048
C 258
R
P 0x7f2a7c191628
C 342
R
P 0x7f2a7c191628
P 0x7f2a7c487048
C 9
R
P 0x7f2a7c191628
C 342
R
P 0x7f2a7c191628
P 0x7f2a7c486fa0
P 0x7f2a7c487048
P 0x7f2a7c19bc28
C 59
= 0x7f2a7c19f948
R
P 0x7f2a7c191628
C 342
R
P 0x7f2a7c191628
P 0x7f2a7c19f948
C 257
R
P 0x7f2a7c191628
C 342
R
P 0x7f2a7c191628
P 0x7f2a7c19f948
C 254
= 0x7f2a7c19b1e8
R
P 0x7f2a7c191628
C 342
R
P 0x7f2a7c191628
P 0x7f2a7c19b1e8
C 209
R
P 0x7f2a7c191628
C 342
R
P 0x7f2a7c191628
P 0x7f2a7c19f948
C 260
R
P 0x7f2a7c191628
C 342
R
P 0x7f2a7c191628
P 0x7f2a7c19f948
C 259
R
P 0x7f2a7c191628
C 342
R
P 0x7f2a7c191628
P 0x7f2a7c19f948
C 258
R
P 0x7f2a7c191628
C 342
R
P 0x7f2a7c191628
P 0x7f2a7c19f948
C 9
R
P 0x7f2a7c191628
C 342
R
P 0x7f2a7c191628
U 2
P 0x7f2a7c19f948
P 0x7f2a7c19bb48
p 2
C 65
= 0x7f2a7c487080
R
P 0x7f2a7c191628
C 342
R
P 0x7f2a7c191628
P 0x7f2a7c487080
C 257
R
P 0x7f2a7c191628
C 342
R
P 0x7f2a7c191628
P 0x7f2a7c487080
C 254
= 0x7f2a7c19b1e8
R
P 0x7f2a7c191628
C 342
R
P 0x7f2a7c191628
P 0x7f2a7c19b1e8
C 209
R
P 0x7f2a7c191628
C 342
R
P 0x7f2a7c191628
P 0x7f2a7c487080
C 260
R
P 0x7f2a7c191628
C 342
R
P 0x7f2a7c191628
P 0x7f2a7c487080
C 259
R
P 0x7f2a7c191628
C 342
R
P 0x7f2a7c191628
P 0x7f2a7c487080
C 258
R
P 0x7f2a7c191628
C 342
R
P 0x7f2a7c191628
P 0x7f2a7c487080
C 9
R
P 0x7f2a7c191628
C 342
R
P 0x7f2a7c191628
P 0x7f2a7c19bc68
C 333
R
P 0x7f2a7c191628
C 342
R
P 0x7f2a7c191628
S "slotflowPriorityStart"
C 30
R
P 0x7f2a7c191628
C 342
R
P 0x7f2a7c191628
$ |slotflowPriorityStart|
C 202
R
P 0x7f2a7c191628
C 342
R
P 0x7f2a7c191628
$ |slotflowPriorityStart|
P 0x7f2a7c19b1e8
C 51
= 0x7f2a7c19c2a8
R
P 0x7f2a7c191628
C 342
R
P 0x7f2a7c191628
P 0x7f2a7c19c2a8
C 257
R
P 0x7f2a7c191628
C 342
R
P 0x7f2a7c191628
P 0x7f2a7c19c2a8
C 254
= 0x7f2a7c19b1e8
R
P 0x7f2a7c191628
C 342
R
P 0x7f2a7c191628
P 0x7f2a7c19b1e8
C 209
R
P 0x7f2a7c191628
C 342
R
P 0x7f2a7c191628
P 0x7f2a7c19c2a8
C 260
R
P 0x7f2a7c191628
C 342
R
P 0x7f2a7c191628
P 0x7f2a7c19c2a8
C 259
R
P 0x7f2a7c191628
C 342
R
P 0x7f2a7c191628
P 0x7f2a7c19c2a8
C 258
R
P 0x7f2a7c191628
C 342
R
P 0x7f2a7c191628
P 0x7f2a7c19c2a8
C 9
R
P 0x7f2a7c191628
C 342
R
P 0x7f2a7c191628
I 0
P 0x7f2a7c19b208
C 150
= 0x7f2a7c19bd08
R
P 0x7f2a7c191628
C 342
R
P 0x7f2a7c191628
P 0x7f2a7c19bd08
C 258
R
P 0x7f2a7c191628
C 342
R
P 0x7f2a7c191628
P 0x7f2a7c19bd08
C 9
R
P 0x7f2a7c191628
C 342
R
P 0x7f2a7c191628
I 1
P 0x7f2a7c19b208
C 150
= 0x7f2a7c19bc88
R
P 0x7f2a7c191628
C 342
R
P 0x7f2a7c191628
P 0x7f2a7c19bc88
C 258
R
P 0x7f2a7c191628
C 342
R
P 0x7f2a7c191628
P 0x7f2a7c19bc88
C 9
R
P 0x7f2a7c191628
C 342
R
P 0x7f2a7c191628
P 0x7f2a7c19bd08
P 0x7f2a7c19bc88
C 75
= 0x7f2a7c486fa0
R
P 0x7f2a7c191628
C 342
R
P 0x7f2a7c191628
P 0x7f2a7c486fa0
C 258
R
P 0x7f2a7c191628
C 342
R
P 0x7f2a7c191628
P 0x7f2a7c486fa0
C 9
R
P 0x7f2a7c191628
C 342
R
P 0x7f2a7c191628
I 1
P 0x7f2a7c19b208
C 150
= 0x7f2a7c19bc88
R
P 0x7f2a7c191628
C 342
R
P 0x7f2a7c191628
P 0x7f2a7c19bc88
C 258
R
P 0x7f2a7c191628
C 342
R
P 0x7f2a7c191628
P 0x7f2a7c19bc88
C 9
R
P 0x7f2a7c191628
C 342
R
P 0x7f2a7c191628
U 2
P 0x7f2a7c19bd08
P 0x7f2a7c19bc88
p 2
C 67
= 0x7f2a7c486fd8
R
P 0x7f2a7c191628
C 342
R
P 0x7f2a7c191628
P 0x7f2a7c486fd8
C 257
R
P 0x7f2a7c191628
C 342
R
P 0x7f2a7c191628
P 0x7f2a7c486fd8
C 254
= 0x7f2a7c19b208
R
P 0x7f2a7c191628
C 342
R
P 0x7f2a7c191628
P 0x7f2a7c19b208
C 209
R
P 0x7f2a7c191628
C 342
R
P 0x7f2a7c191628
P 0x7f2a7c486fd8
C 260
R
P 0x7f2a7c191628
C 342
R
P 0x7f2a7c191628
P 0x7f2a7c486fd8
C 259
R
P 0x7f2a7c191628
C 342
R
P 0x7f2a7c191628
P 0x7f2a7c486fd8
C 258
R
P 0x7f2a7c191628
C 342
R
P 0x7f2a7c191628
P 0x7f2a7c486fd8
C 9
R
P 0x7f2a7c191628
C 342
R
P 0x7f2a7c191628
U 2
P 0x7f2a7c19bbe8
P 0x7f2a7c486fd8
p 2
C 66
= 0x7f2a7c487940
R
P 0x7f2a7c191628
C 342
R
P 0x7f2a7c191628
P 0x7f2a7c487940
C 257
R
P 0x7f2a7c191628
C 342
R
P 0x7f2a7c191628
P 0x7f2a7c487940
C 254
= 0x7f2a7c19b208
R
P 0x7f2a7c191628
C 342
R
P 0x7f2a7c191628
P 0x7f2a7c19b208
C 209
R
P 0x7f2a7c191628
C 342
R
P 0x7f2a7c191628
P 0x7f2a7c487940
C 260
R
P 0x7f2a7c191628
C 342
R
P 0x7f2a7c191628
P 0x7f2a7c487940
C 259
R
P 0x7f2a7c191628
C 342
R
P 0x7f2a7c191628
P 0x7f2a7c487940
C 258
R
P 0x7f2a7c191628
C 342
R
P 0x7f2a7c191628
P 0x7f2a7c487940
C 9
R
P 0x7f2a7c191628
C 342
R
P 0x7f2a7c191628
U 2
P 0x7f2a7c19bb88
P 0x7f2a7c487940
p 2
C 65
= 0x7f2a7c487978
R
P 0x7f2a7c191628
C 342
R
P 0x7f2a7c191628
P 0x7f2a7c487978
C 257
R
P 0x7f2a7c191628
C 342
R
P 0x7f2a7c191628
P 0x7f2a7c487978
C 254
= 0x7f2a7c19b1e8
R
P 0x7f2a7c191628
C 342
R
P 0x7f2a7c191628
P 0x7f2a7c19b1e8
C 209
R
P 0x7f2a7c191628
C 342
R
P 0x7f2a7c191628
P 0x7f2a7c487978
C 260
R
P 0x7f2a7c191628
C 342
R
P 0x7f2a7c191628
P 0x7f2a7c487978
C 259
R
P 0x7f2a7c191628
C 342
R
P 0x7f2a7c191628
P 0x7f2a7c487978
C 258
R
P 0x7f2a7c191628
C 342
R
P 0x7f2a7c191628
P 0x7f2a7c487978
C 9
R
P 0x7f2a7c191628
C 342
R
P 0x7f2a7c191628
P 0x7f2a7c486fa0
P 0x7f2a7c487978
P 0x7f2a7c19bb88
C 59
= 0x7f2a7c19fa08
R
P 0x7f2a7c191628
C 342
R
P 0x7f2a7c191628
P 0x7f2a7c19fa08
C 257
R
P 0x7f2a7c191628
C 342
R
P 0x7f2a7c191628
P 0x7f2a7c19fa08
C 254
= 0x7f2a7c19b1e8
R
P 0x7f2a7c191628
C 342
R
P 0x7f2a7c191628
P 0x7f2a7c19b1e8
C 209
R
P 0x7f2a7c191628
C 342
R
P 0x7f2a7c191628
P 0x7f2a7c19fa08
C 260
R
P 0x7f2a7c191628
C 342
R
P 0x7f2a7c191628
P 0x7f2a7c19fa08
C 259
R
P 0x7f2a7c191628
C 342
R
P 0x7f2a7c191628
P 0x7f2a7c19fa08
C 258
R
P 0x7f2a7c191628
C 342
R
P 0x7f2a7c191628
P 0x7f2a7c19fa08
C 9
R
P 0x7f2a7c191628
C 342
R
P 0x7f2a7c191628
U 2
P 0x7f2a7c19c2a8
P 0x7f2a7c19fa08
p 2
C 65
= 0x7f2a7c487a58
R
P 0x7f2a7c191628
C 342
R
P 0x7f2a7c191628
P 0x7f2a7c487a58
C 257
R
P 0x7f2a7c191628
C 342
R
P 0x7f2a7c191628
P 0x7f2a7c487a58
C 254
= 0x7f2a7c19b1e8
R
P 0x7f2a7c191628
C 342
R
P 0x7f2a7c191628
P 0x7f2a7c19b1e8
C 209
R
P 0x7f2a7c191628
C 342
R
P 0x7f2a7c191628
P 0x7f2a7c487a58
C 260
R
P 0x7f2a7c191628
C 342
R
P 0x7f2a7c191628
P 0x7f2a7c487a58
C 259
R
P 0x7f2a7c191628
C 342
R
P 0x7f2a7c191628
P 0x7f2a7c487a58
C 258
R
P 0x7f2a7c191628
C 342
R
P 0x7f2a7c191628
P 0x7f2a7c487a58
C 9
R
P 0x7f2a7c191628
C 342
R
P 0x7f2a7c191628
P 0x7f2a7c487080
P 0x7f2a7c487a58
C 73
= 0x7f2a7c489608
R
P 0x7f2a7c191628
C 342
R
P 0x7f2a7c191628
P 0x7f2a7c489608
C 258
R
P 0x7f2a7c191628
C 342
R
P 0x7f2a7c191628
P 0x7f2a7c489608
C 9
R
P 0x7f2a7c191628
C 342
R
P 0x7f2a7c191628
I 0
P 0x7f2a7c19b208
C 150
= 0x7f2a7c19bd08
R
P 0x7f2a7c191628
C 342
R
P 0x7f2a7c191628
P 0x7f2a7c19bd08
C 258
R
P 0x7f2a7c191628
C 342
R
P 0x7f2a7c191628
P 0x7f2a7c19bd08
C 9
R
P 0x7f2a7c191628
C 342
R
P 0x7f2a7c191628
I 1
P 0x7f2a7c19b208
C 150
= 0x7f2a7c19bc88
R
P 0x7f2a7c191628
C 342
R
P 0x7f2a7c191628
P 0x7f2a7c19bc88
C 258
R
P 0x7f2a7c191628
C 342
R
P 0x7f2a7c191628
P 0x7f2a7c19bc88
C 9
R
P 0x7f2a7c191628
C 342
R
P 0x7f2a7c191628
P 0x7f2a7c19bd08
P 0x7f2a7c19bc88
C 75
= 0x7f2a7c486fa0
R
P 0x7f2a7c191628
C 342
R
P 0x7f2a7c191628
P 0x7f2a7c486fa0
C 258
R
P 0x7f2a7c191628
C 342
R
P 0x7f2a7c191628
P 0x7f2a7c486fa0
C 9
R
P 0x7f2a7c191628
C 342
R
P 0x7f2a7c191628
I 1
P 0x7f2a7c19b208
C 150
= 0x7f2a7c19bc88
R
P 0x7f2a7c191628
C 342
R
P 0x7f2a7c191628
P 0x7f2a7c19bc88
C 258
R
P 0x7f2a7c191628
C 342
R
P 0x7f2a7c191628
P 0x7f2a7c19bc88
C 9
R
P 0x7f2a7c191628
C 342
R
P 0x7f2a7c191628
U 2
P 0x7f2a7c19bd08
P 0x7f2a7c19bc88
p 2
C 67
= 0x7f2a7c486fd8
R
P 0x7f2a7c191628
C 342
R
P 0x7f2a7c191628
P 0x7f2a7c486fd8
C 257
R
P 0x7f2a7c191628
C 342
R
P 0x7f2a7c191628
P 0x7f2a7c486fd8
C 254
= 0x7f2a7c19b208
R
P 0x7f2a7c191628
C 342
R
P 0x7f2a7c191628
P 0x7f2a7c19b208
C 209
R
P 0x7f2a7c191628
C 342
R
P 0x7f2a7c191628
P 0x7f2a7c486fd8
C 260
R
P 0x7f2a7c191628
C 342
R
P 0x7f2a7c191628
P 0x7f2a7c486fd8
C 259
R
P 0x7f2a7c191628
C 342
R
P 0x7f2a7c191628
P 0x7f2a7c486fd8
C 258
R
P 0x7f2a7c191628
C 342
R
P 0x7f2a7c191628
P 0x7f2a7c486fd8
C 9
R
P 0x7f2a7c191628
C 342
R
P 0x7f2a7c191628
U 2
P 0x7f2a7c19bba8
P 0x7f2a7c486fd8
p 2
C 66
= 0x7f2a7c487010
R
P 0x7f2a7c191628
C 342
R
P 0x7f2a7c191628
P 0x7f2a7c487010
C 257
R
P 0x7f2a7c191628
C 342
R
P 0x7f2a7c191628
P 0x7f2a7c487010
C 254
= 0x7f2a7c19b1e8
R
P 0x7f2a7c191628
C 342
R
P 0x7f2a7c191628
P 0x7f2a7c19b1e8
C 209
R
P 0x7f2a7c191628
C 342
R
P 0x7f2a7c191628
P 0x7f2a7c487010
C 260
R
P 0x7f2a7c191628
C 342
R
P 0x7f2a7c191628
P 0x7f2a7c487010
C 259
R
P 0x7f2a7c191628
C 342
R
P 0x7f2a7c191628
P 0x7f2a7c487010
C 258
R
P 0x7f2a7c191628
C 342
R
P 0x7f2a7c191628
P 0x7f2a7c487010
C 9
R
P 0x7f2a7c191628
C 342
R
P 0x7f2a7c191628
U 2
P 0x7f2a7c19bc28
P 0x7f2a7c487010
p 2
C 65
= 0x7f2a7c487048
R
P 0x7f2a7c191628
C 342
R
P 0x7f2a7c191628
P 0x7f2a7c487048
C 257
R
P 0x7f2a7c191628
C 342
R
P 0x7f2a7c191628
P 0x7f2a7c487048
C 254
= 0x7f2a7c19b1e8
R
P 0x7f2a7c191628
C 342
R
P 0x7f2a7c191628
P 0x7f2a7c19b1e8
C 209
R
P 0x7f2a7c191628
C 342
R
P 0x7f2a7c191628
P 0x7f2a7c487048
C 260
R
P 0x7f2a7c191628
C 342
R
P 0x7f2a7c191628
P 0x7f2a7c487048
C 259
R
P 0x7f2a7c191628
C 342
R
P 0x7f2a7c191628
P 0x7f2a7c487048
C 258
R
P 0x7f2a7c191628
C 342
R
P 0x7f2a7c191628
P 0x7f2a7c487048
C 9
R
P 0x7f2a7c191628
C 342
R
P 0x7f2a7c191628
P 0x7f2a7c486fa0
P 0x7f2a7c487048
P 0x7f2a7c19bc28
C 59
= 0x7f2a7c19f948
R
P 0x7f2a7c191628
C 342
R
P 0x7f2a7c191628
P 0x7f2a7c19f948
C 257
R
P 0x7f2a7c191628
C 342
R
P 0x7f2a7c191628
P 0x7f2a7c19f948
C 254
= 0x7f2a7c19b1e8
R
P 0x7f2a7c191628
C 342
R
P 0x7f2a7c191628
P 0x7f2a7c19b1e8
C 209
R
P 0x7f2a7c191628
C 342
R
P 0x7f2a7c191628
P 0x7f2a7c19f948
C 260
R
P 0x7f2a7c191628
C 342
R
P 0x7f2a7c191628
P 0x7f2a7c19f948
C 259
R
P 0x7f2a7c191628
C 342
R
P 0x7f2a7c191628
P 0x7f2a7c19f948
C 258
R
P 0x7f2a7c191628
C 342
R
P 0x7f2a7c191628
P 0x7f2a7c19f948
C 9
R
P 0x7f2a7c191628
C 342
R
P 0x7f2a7c191628
U 2
P 0x7f2a7c19f948
P 0x7f2a7c19bb48
p 2
C 65
= 0x7f2a7c487080
R
P 0x7f2a7c191628
C 342
R
P 0x7f2a7c191628
P 0x7f2a7c487080
C 257
R
P 0x7f2a7c191628
C 342
R
P 0x7f2a7c191628
P 0x7f2a7c487080
C 254
= 0x7f2a7c19b1e8
R
P 0x7f2a7c191628
C 342
R
P 0x7f2a7c191628
P 0x7f2a7c19b1e8
C 209
R
P 0x7f2a7c191628
C 342
R
P 0x7f2a7c191628
P 0x7f2a7c487080
C 260
R
P 0x7f2a7c191628
C 342
R
P 0x7f2a7c191628
P 0x7f2a7c487080
C 259
R
P 0x7f2a7c191628
C 342
R
P 0x7f2a7c191628
P 0x7f2a7c487080
C 258
R
P 0x7f2a7c191628
C 342
R
P 0x7f2a7c191628
P 0x7f2a7c487080
C 9
R
P 0x7f2a7c191628
C 342
R
P 0x7f2a7c191628
I 0
P 0x7f2a7c19b208
C 150
= 0x7f2a7c19bd08
R
P 0x7f2a7c191628
C 342
R
P 0x7f2a7c191628
P 0x7f2a7c19bd08
C 258
R
P 0x7f2a7c191628
C 342
R
P 0x7f2a7c191628
P 0x7f2a7c19bd08
C 9
R
P 0x7f2a7c191628
C 342
R
P 0x7f2a7c191628
I 1
P 0x7f2a7c19b208
C 150
= 0x7f2a7c19bc88
R
P 0x7f2a7c191628
C 342
R
P 0x7f2a7c191628
P 0x7f2a7c19bc88
C 258
R
P 0x7f2a7c191628
C 342
R
P 0x7f2a7c191628
P 0x7f2a7c19bc88
C 9
R
P 0x7f2a7c191628
C 342
R
P 0x7f2a7c191628
P 0x7f2a7c19bd08
P 0x7f2a7c19bc88
C 75
= 0x7f2a7c486fa0
R
P 0x7f2a7c191628
C 342
R
P 0x7f2a7c191628
P 0x7f2a7c486fa0
C 258
R
P 0x7f2a7c191628
C 342
R
P 0x7f2a7c191628
P 0x7f2a7c486fa0
C 9
R
P 0x7f2a7c191628
C 342
R
P 0x7f2a7c191628
I 1
P 0x7f2a7c19b208
C 150
= 0x7f2a7c19bc88
R
P 0x7f2a7c191628
C 342
R
P 0x7f2a7c191628
P 0x7f2a7c19bc88
C 258
R
P 0x7f2a7c191628
C 342
R
P 0x7f2a7c191628
P 0x7f2a7c19bc88
C 9
R
P 0x7f2a7c191628
C 342
R
P 0x7f2a7c191628
U 2
P 0x7f2a7c19bd08
P 0x7f2a7c19bc88
p 2
C 67
= 0x7f2a7c486fd8
R
P 0x7f2a7c191628
C 342
R
P 0x7f2a7c191628
P 0x7f2a7c486fd8
C 257
R
P 0x7f2a7c191628
C 342
R
P 0x7f2a7c191628
P 0x7f2a7c486fd8
C 254
= 0x7f2a7c19b208
R
P 0x7f2a7c191628
C 342
R
P 0x7f2a7c191628
P 0x7f2a7c19b208
C 209
R
P 0x7f2a7c191628
C 342
R
P 0x7f2a7c191628
P 0x7f2a7c486fd8
C 260
R
P 0x7f2a7c191628
C 342
R
P 0x7f2a7c191628
P 0x7f2a7c486fd8
C 259
R
P 0x7f2a7c191628
C 342
R
P 0x7f2a7c191628
P 0x7f2a7c486fd8
C 258
R
P 0x7f2a7c191628
C 342
R
P 0x7f2a7c191628
P 0x7f2a7c486fd8
C 9
R
P 0x7f2a7c191628
C 342
R
P 0x7f2a7c191628
U 2
P 0x7f2a7c19bbe8
P 0x7f2a7c486fd8
p 2
C 66
= 0x7f2a7c487940
R
P 0x7f2a7c191628
C 342
R
P 0x7f2a7c191628
P 0x7f2a7c487940
C 257
R
P 0x7f2a7c191628
C 342
R
P 0x7f2a7c191628
P 0x7f2a7c487940
C 254
= 0x7f2a7c19b208
R
P 0x7f2a7c191628
C 342
R
P 0x7f2a7c191628
P 0x7f2a7c19b208
C 209
R
P 0x7f2a7c191628
C 342
R
P 0x7f2a7c191628
P 0x7f2a7c487940
C 260
R
P 0x7f2a7c191628
C 342
R
P 0x7f2a7c191628
P 0x7f2a7c487940
C 259
R
P 0x7f2a7c191628
C 342
R
P 0x7f2a7c191628
P 0x7f2a7c487940
C 258
R
P 0x7f2a7c191628
C 342
R
P 0x7f2a7c191628
P 0x7f2a7c487940
C 9
R
P 0x7f2a7c191628
C 342
R
P 0x7f2a7c191628
U 2
P 0x7f2a7c19bb88
P 0x7f2a7c487940
p 2
C 65
= 0x7f2a7c487978
R
P 0x7f2a7c191628
C 342
R
P 0x7f2a7c191628
P 0x7f2a7c487978
C 257
R
P 0x7f2a7c191628
C 342
R
P 0x7f2a7c191628
P 0x7f2a7c487978
C 254
= 0x7f2a7c19b1e8
R
P 0x7f2a7c191628
C 342
R
P 0x7f2a7c191628
P 0x7f2a7c19b1e8
C 209
R
P 0x7f2a7c191628
C 342
R
P 0x7f2a7c191628
P 0x7f2a7c487978
C 260
R
P 0x7f2a7c191628
C 342
R
P 0x7f2a7c191628
P 0x7f2a7c487978
C 259
R
P 0x7f2a7c191628
C 342
R
P 0x7f2a7c191628
P 0x7f2a7c487978
C 258
R
P 0x7f2a7c191628
C 342
R
P 0x7f2a7c191628
P 0x7f2a7c487978
C 9
R
P 0x7f2a7c191628
C 342
R
P 0x7f2a7c191628
P 0x7f2a7c486fa0
P 0x7f2a7c487978
P 0x7f2a7c19bb88
C 59
= 0x7f2a7c19fa08
R
P 0x7f2a7c191628
C 342
R
P 0x7f2a7c191628
P 0x7f2a7c19fa08
C 257
R
P 0x7f2a7c191628
C 342
R
P 0x7f2a7c191628
P 0x7f2a7c19fa08
C 254
= 0x7f2a7c19b1e8
R
P 0x7f2a7c191628
C 342
R
P 0x7f2a7c191628
P 0x7f2a7c19b1e8
C 209
R
P 0x7f2a7c191628
C 342
R
P 0x7f2a7c191628
P 0x7f2a7c19fa08
C 260
R
P 0x7f2a7c191628
C 342
R
P 0x7f2a7c191628
P 0x7f2a7c19fa08
C 259
R
P 0x7f2a7c191628
C 342
R
P 0x7f2a7c191628
P 0x7f2a7c19fa08
C 258
R
P 0x7f2a7c191628
C 342
R
P 0x7f2a7c191628
P 0x7f2a7c19fa08
C 9
R
P 0x7f2a7c191628
C 342
R
P 0x7f2a7c191628
P 0x7f2a7c487080
P 0x7f2a7c19fa08
C 76
= 0x7f2a7c489640
R
P 0x7f2a7c191628
C 342
R
P 0x7f2a7c191628
P 0x7f2a7c489640
C 258
R
P 0x7f2a7c191628
C 342
R
P 0x7f2a7c191628
P 0x7f2a7c489640
C 9
R
P 0x7f2a7c191628
C 342
R
P 0x7f2a7c191628
U 2
P 0x7f2a7c489608
P 0x7f2a7c489640
p 2
C 63
= 0x7f2a7c489678
R
P 0x7f2a7c191628
C 342
R
P 0x7f2a7c191628
P 0x7f2a7c489678
C 258
R
P 0x7f2a7c191628
C 342
R
P 0x7f2a7c191628
P 0x7f2a7c489678
C 9
R
P 0x7f2a7c191628
C 342
R
P 0x7f2a7c191628
I 0
P 0x7f2a7c19b208
C 150
= 0x7f2a7c19bd08
R
P 0x7f2a7c191628
C 342
R
P 0x7f2a7c191628
P 0x7f2a7c19bd08
C 258
R
P 0x7f2a7c191628
C 342
R
P 0x7f2a7c191628
P 0x7f2a7c19bd08
C 9
R
P 0x7f2a7c191628
C 342
R
P 0x7f2a7c191628
P 0x7f2a7c19bd08
C 263
R
P 0x7f2a7c191628
C 342
R
P 0x7f2a7c191628
S "dev0T30"
C 30
R
P 0x7f2a7c191628
C 342
R
P 0x7f2a7c191628
$ |dev0T30|
C 202
R
P 0x7f2a7c191628
C 342
R
P 0x7f2a7c191628
$ |dev0T30|
P 0x7f2a7c19b1e8
C 51
= 0x7f2a7c19c208
R
P 0x7f2a7c191628
C 342
R
P 0x7f2a7c191628
P 0x7f2a7c19c208
C 257
R
P 0x7f2a7c191628
C 342
R
P 0x7f2a7c191628
P 0x7f2a7c19c208
C 254
= 0x7f2a7c19b1e8
R
P 0x7f2a7c191628
C 342
R
P 0x7f2a7c191628
P 0x7f2a7c19b1e8
C 209
R
P 0x7f2a7c191628
C 342
R
P 0x7f2a7c191628
P 0x7f2a7c19c208
C 260
R
P 0x7f2a7c191628
C 342
R
P 0x7f2a7c191628
P 0x7f2a7c19c208
C 259
R
P 0x7f2a7c191628
C 342
R
P 0x7f2a7c191628
P 0x7f2a7c19c208
C 258
R
P 0x7f2a7c191628
C 342
R
P 0x7f2a7c191628
P 0x7f2a7c19c208
C 9
R
P 0x7f2a7c191628
C 342
R
P 0x7f2a7c191628
P 0x7f2a7c19bc68
C 333
R
P 0x7f2a7c191628
C 342
R
P 0x7f2a7c191628
S "slotflowPriorityStart"
C 30
R
P 0x7f2a7c191628
C 342
R
P 0x7f2a7c191628
$ |slotflowPriorityStart|
C 202
R
P 0x7f2a7c191628
C 342
R
P 0x7f2a7c191628
$ |slotflowPriorityStart|
P 0x7f2a7c19b1e8
C 51
= 0x7f2a7c19c2a8
R
P 0x7f2a7c191628
C 342
R
P 0x7f2a7c191628
P 0x7f2a7c19c2a8
C 257
R
P 0x7f2a7c191628
C 342
R
P 0x7f2a7c191628
P 0x7f2a7c19c2a8
C 254
= 0x7f2a7c19b1e8
R
P 0x7f2a7c191628
C 342
R
P 0x7f2a7c191628
P 0x7f2a7c19b1e8
C 209
R
P 0x7f2a7c191628
C 342
R
P 0x7f2a7c191628
P 0x7f2a7c19c2a8
C 260
R
P 0x7f2a7c191628
C 342
R
P 0x7f2a7c191628
P 0x7f2a7c19c2a8
C 259
R
P 0x7f2a7c191628
C 342
R
P 0x7f2a7c191628
P 0x7f2a7c19c2a8
C 258
R
P 0x7f2a7c191628
C 342
R
P 0x7f2a7c191628
P 0x7f2a7c19c2a8
C 9
R
P 0x7f2a7c191628
C 342
R
P 0x7f2a7c191628
I 0
P 0x7f2a7c19b208
C 150
= 0x7f2a7c19bd08
R
P 0x7f2a7c191628
C 342
R
P 0x7f2a7c191628
P 0x7f2a7c19bd08
C 258
R
P 0x7f2a7c191628
C 342
R
P 0x7f2a7c191628
P 0x7f2a7c19bd08
C 9
R
P 0x7f2a7c191628
C 342
R
P 0x7f2a7c191628
I 1
P 0x7f2a7c19b208
C 150
= 0x7f2a7c19bc88
R
P 0x7f2a7c191628
C 342
R
P 0x7f2a7c191628
P 0x7f2a7c19bc88
C 258
R
P 0x7f2a7c191628
C 342
R
P 0x7f2a7c191628
P 0x7f2a7c19bc88
C 9
R
P 0x7f2a7c191628
C 342
R
P 0x7f2a7c191628
P 0x7f2a7c19bd08
P 0x7f2a7c19bc88
C 75
= 0x7f2a7c486fa0
R
P 0x7f2a7c191628
C 342
R
P 0x7f2a7c191628
P 0x7f2a7c486fa0
C 258
R
P 0x7f2a7c191628
C 342
R
P 0x7f2a7c191628
P 0x7f2a7c486fa0
C 9
R
P 0x7f2a7c191628
C 342
R
P 0x7f2a7c191628
I 1
P 0x7f2a7c19b208
C 150
= 0x7f2a7c19bc88
R
P 0x7f2a7c191628
C 342
R
P 0x7f2a7c191628
P 0x7f2a7c19bc88
C 258
R
P 0x7f2a7c191628
C 342
R
P 0x7f2a7c191628
P 0x7f2a7c19bc88
C 9
R
P 0x7f2a7c191628
C 342
R
P 0x7f2a7c191628
U 2
P 0x7f2a7c19bd08
P 0x7f2a7c19bc88
p 2
C 67
= 0x7f2a7c486fd8
R
P 0x7f2a7c191628
C 342
R
P 0x7f2a7c191628
P 0x7f2a7c486fd8
C 257
R
P 0x7f2a7c191628
C 342
R
P 0x7f2a7c191628
P 0x7f2a7c486fd8
C 254
= 0x7f2a7c19b208
R
P 0x7f2a7c191628
C 342
R
P 0x7f2a7c191628
P 0x7f2a7c19b208
C 209
R
P 0x7f2a7c191628
C 342
R
P 0x7f2a7c191628
P 0x7f2a7c486fd8
C 260
R
P 0x7f2a7c191628
C 342
R
P 0x7f2a7c191628
P 0x7f2a7c486fd8
C 259
R
P 0x7f2a7c191628
C 342
R
P 0x7f2a7c191628
P 0x7f2a7c486fd8
C 258
R
P 0x7f2a7c191628
C 342
R
P 0x7f2a7c191628
P 0x7f2a7c486fd8
C 9
R
P 0x7f2a7c191628
C 342
R
P 0x7f2a7c191628
U 2
P 0x7f2a7c19bbe8
P 0x7f2a7c486fd8
p 2
C 66
= 0x7f2a7c487940
R
P 0x7f2a7c191628
C 342
R
P 0x7f2a7c191628
P 0x7f2a7c487940
C 257
R
P 0x7f2a7c191628
C 342
R
P 0x7f2a7c191628
P 0x7f2a7c487940
C 254
= 0x7f2a7c19b208
R
P 0x7f2a7c191628
C 342
R
P 0x7f2a7c191628
P 0x7f2a7c19b208
C 209
R
P 0x7f2a7c191628
C 342
R
P 0x7f2a7c191628
P 0x7f2a7c487940
C 260
R
P 0x7f2a7c191628
C 342
R
P 0x7f2a7c191628
P 0x7f2a7c487940
C 259
R
P 0x7f2a7c191628
C 342
R
P 0x7f2a7c191628
P 0x7f2a7c487940
C 258
R
P 0x7f2a7c191628
C 342
R
P 0x7f2a7c191628
P 0x7f2a7c487940
C 9
R
P 0x7f2a7c191628
C 342
R
P 0x7f2a7c191628
U 2
P 0x7f2a7c19bb88
P 0x7f2a7c487940
p 2
C 65
= 0x7f2a7c487978
R
P 0x7f2a7c191628
C 342
R
P 0x7f2a7c191628
P 0x7f2a7c487978
C 257
R
P 0x7f2a7c191628
C 342
R
P 0x7f2a7c191628
P 0x7f2a7c487978
C 254
= 0x7f2a7c19b1e8
R
P 0x7f2a7c191628
C 342
R
P 0x7f2a7c191628
P 0x7f2a7c19b1e8
C 209
R
P 0x7f2a7c191628
C 342
R
P 0x7f2a7c191628
P 0x7f2a7c487978
C 260
R
P 0x7f2a7c191628
C 342
R
P 0x7f2a7c191628
P 0x7f2a7c487978
C 259
R
P 0x7f2a7c191628
C 342
R
P 0x7f2a7c191628
P 0x7f2a7c487978
C 258
R
P 0x7f2a7c191628
C 342
R
P 0x7f2a7c191628
P 0x7f2a7c487978
C 9
R
P 0x7f2a7c191628
C 342
R
P 0x7f2a7c191628
P 0x7f2a7c486fa0
P 0x7f2a7c487978
P 0x7f2a7c19bb88
C 59
= 0x7f2a7c19fa08
R
P 0x7f2a7c191628
C 342
R
P 0x7f2a7c191628
P 0x7f2a7c19fa08
C 257
R
P 0x7f2a7c191628
C 342
R
P 0x7f2a7c191628
P 0x7f2a7c19fa08
C 254
= 0x7f2a7c19b1e8
R
P 0x7f2a7c191628
C 342
R
P 0x7f2a7c191628
P 0x7f2a7c19b1e8
C 209
R
P 0x7f2a7c191628
C 342
R
P 0x7f2a7c191628
P 0x7f2a7c19fa08
C 260
R
P 0x7f2a7c191628
C 342
R
P 0x7f2a7c191628
P 0x7f2a7c19fa08
C 259
R
P 0x7f2a7c191628
C 342
R
P 0x7f2a7c191628
P 0x7f2a7c19fa08
C 258
R
P 0x7f2a7c191628
C 342
R
P 0x7f2a7c191628
P 0x7f2a7c19fa08
C 9
R
P 0x7f2a7c191628
C 342
R
P 0x7f2a7c191628
U 2
P 0x7f2a7c19c2a8
P 0x7f2a7c19fa08
p 2
C 65
= 0x7f2a7c487a58
R
P 0x7f2a7c191628
C 342
R
P 0x7f2a7c191628
P 0x7f2a7c487a58
C 257
R
P 0x7f2a7c191628
C 342
R
P 0x7f2a7c191628
P 0x7f2a7c487a58
C 254
= 0x7f2a7c19b1e8
R
P 0x7f2a7c191628
C 342
R
P 0x7f2a7c191628
P 0x7f2a7c19b1e8
C 209
R
P 0x7f2a7c191628
C 342
R
P 0x7f2a7c191628
P 0x7f2a7c487a58
C 260
R
P 0x7f2a7c191628
C 342
R
P 0x7f2a7c191628
P 0x7f2a7c487a58
C 259
R
P 0x7f2a7c191628
C 342
R
P 0x7f2a7c191628
P 0x7f2a7c487a58
C 258
R
P 0x7f2a7c191628
C 342
R
P 0x7f2a7c191628
P 0x7f2a7c487a58
C 9
R
P 0x7f2a7c191628
C 342
R
P 0x7f2a7c191628
U 2
P 0x7f2a7c487a58
P 0x7f2a7c19bb68
p 2
C 65
= 0x7f2a7c4896b0
R
P 0x7f2a7c191628
C 342
R
P 0x7f2a7c191628
P 0x7f2a7c4896b0
C 257
R
P 0x7f2a7c191628
C 342
R
P 0x7f2a7c191628
P 0x7f2a7c4896b0
C 254
= 0x7f2a7c19b1e8
R
P 0x7f2a7c191628
C 342
R
P 0x7f2a7c191628
P 0x7f2a7c19b1e8
C 209
R
P 0x7f2a7c191628
C 342
R
P 0x7f2a7c191628
P 0x7f2a7c4896b0
C 260
R
P 0x7f2a7c191628
C 342
R
P 0x7f2a7c191628
P 0x7f2a7c4896b0
C 259
R
P 0x7f2a7c191628
C 342
R
P 0x7f2a7c191628
P 0x7f2a7c4896b0
C 258
R
P 0x7f2a7c191628
C 342
R
P 0x7f2a7c191628
P 0x7f2a7c4896b0
C 9
R
P 0x7f2a7c191628
C 342
R
P 0x7f2a7c191628
P 0x7f2a7c19c208
P 0x7f2a7c4896b0
C 76
= 0x7f2a7c4896e8
R
P 0x7f2a7c191628
C 342
R
P 0x7f2a7c191628
P 0x7f2a7c4896e8
C 258
R
P 0x7f2a7c191628
C 342
R
P 0x7f2a7c191628
P 0x7f2a7c4896e8
C 9
R
P 0x7f2a7c191628
C 342
R
P 0x7f2a7c191628
I 0
P 0x7f2a7c19b208
C 150
= 0x7f2a7c19bd08
R
P 0x7f2a7c191628
C 342
R
P 0x7f2a7c191628
P 0x7f2a7c19bd08
C 258
R
P 0x7f2a7c191628
C 342
R
P 0x7f2a7c191628
P 0x7f2a7c19bd08
C 9
R
P 0x7f2a7c191628
C 342
R
P 0x7f2a7c191628
P 0x7f2a7c19bd08
C 263
R
P 0x7f2a7c191628
C 342
R
P 0x7f2a7c191628
S "dev0T30"
C 30
R
P 0x7f2a7c191628
C 342
R
P 0x7f2a7c191628
$ |dev0T30|
C 202
R
P 0x7f2a7c191628
C 342
R
P 0x7f2a7c191628
$ |dev0T30|
P 0x7f2a7c19b1e8
C 51
= 0x7f2a7c19c208
R
P 0x7f2a7c191628
C 342
R
P 0x7f2a7c191628
P 0x7f2a7c19c208
C 257
R
P 0x7f2a7c191628
C 342
R
P 0x7f2a7c191628
P 0x7f2a7c19c208
C 254
= 0x7f2a7c19b1e8
R
P 0x7f2a7c191628
C 342
R
P 0x7f2a7c191628
P 0x7f2a7c19b1e8
C 209
R
P 0x7f2a7c191628
C 342
R
P 0x7f2a7c191628
P 0x7f2a7c19c208
C 260
R
P 0x7f2a7c191628
C 342
R
P 0x7f2a7c191628
P 0x7f2a7c19c208
C 259
R
P 0x7f2a7c191628
C 342
R
P 0x7f2a7c191628
P 0x7f2a7c19c208
C 258
R
P 0x7f2a7c191628
C 342
R
P 0x7f2a7c191628
P 0x7f2a7c19c208
C 9
R
P 0x7f2a7c191628
C 342
R
P 0x7f2a7c191628
P 0x7f2a7c19bc68
C 333
R
P 0x7f2a7c191628
C 342
R
P 0x7f2a7c191628
S "slotflowPriorityStart"
C 30
R
P 0x7f2a7c191628
C 342
R
P 0x7f2a7c191628
$ |slotflowPriorityStart|
C 202
R
P 0x7f2a7c191628
C 342
R
P 0x7f2a7c191628
$ |slotflowPriorityStart|
P 0x7f2a7c19b1e8
C 51
= 0x7f2a7c19c2a8
R
P 0x7f2a7c191628
C 342
R
P 0x7f2a7c191628
P 0x7f2a7c19c2a8
C 257
R
P 0x7f2a7c191628
C 342
R
P 0x7f2a7c191628
P 0x7f2a7c19c2a8
C 254
= 0x7f2a7c19b1e8
R
P 0x7f2a7c191628
C 342
R
P 0x7f2a7c191628
P 0x7f2a7c19b1e8
C 209
R
P 0x7f2a7c191628
C 342
R
P 0x7f2a7c191628
P 0x7f2a7c19c2a8
C 260
R
P 0x7f2a7c191628
C 342
R
P 0x7f2a7c191628
P 0x7f2a7c19c2a8
C 259
R
P 0x7f2a7c191628
C 342
R
P 0x7f2a7c191628
P 0x7f2a7c19c2a8
C 258
R
P 0x7f2a7c191628
C 342
R
P 0x7f2a7c191628
P 0x7f2a7c19c2a8
C 9
R
P 0x7f2a7c191628
C 342
R
P 0x7f2a7c191628
P 0x7f2a7c19bc68
C 333
R
P 0x7f2a7c191628
C 342
R
P 0x7f2a7c191628
S "slotflowPriorityDuration"
C 30
R
P 0x7f2a7c191628
C 342
R
P 0x7f2a7c191628
$ |slotflowPriorityDuration|
C 202
R
P 0x7f2a7c191628
C 342
R
P 0x7f2a7c191628
$ |slotflowPriorityDuration|
P 0x7f2a7c19b1e8
C 51
= 0x7f2a7c19c268
R
P 0x7f2a7c191628
C 342
R
P 0x7f2a7c191628
P 0x7f2a7c19c268
C 257
R
P 0x7f2a7c191628
C 342
R
P 0x7f2a7c191628
P 0x7f2a7c19c268
C 254
= 0x7f2a7c19b1e8
R
P 0x7f2a7c191628
C 342
R
P 0x7f2a7c191628
P 0x7f2a7c19b1e8
C 209
R
P 0x7f2a7c191628
C 342
R
P 0x7f2a7c191628
P 0x7f2a7c19c268
C 260
R
P 0x7f2a7c191628
C 342
R
P 0x7f2a7c191628
P 0x7f2a7c19c268
C 259
R
P 0x7f2a7c191628
C 342
R
P 0x7f2a7c191628
P 0x7f2a7c19c268
C 258
R
P 0x7f2a7c191628
C 342
R
P 0x7f2a7c191628
P 0x7f2a7c19c268
C 9
R
P 0x7f2a7c191628
C 342
R
P 0x7f2a7c191628
U 2
P 0x7f2a7c19c2a8
P 0x7f2a7c19c268
p 2
C 65
= 0x7f2a7c487908
R
P 0x7f2a7c191628
C 342
R
P 0x7f2a7c191628
P 0x7f2a7c487908
C 257
R
P 0x7f2a7c191628
C 342
R
P 0x7f2a7c191628
P 0x7f2a7c487908
C 254
= 0x7f2a7c19b1e8
R
P 0x7f2a7c191628
C 342
R
P 0x7f2a7c191628
P 0x7f2a7c19b1e8
C 209
R
P 0x7f2a7c191628
C 342
R
P 0x7f2a7c191628
P 0x7f2a7c487908
C 260
R
P 0x7f2a7c191628
C 342
R
P 0x7f2a7c191628
P 0x7f2a7c487908
C 259
R
P 0x7f2a7c191628
C 342
R
P 0x7f2a7c191628
P 0x7f2a7c487908
C 258
R
P 0x7f2a7c191628
C 342
R
P 0x7f2a7c191628
P 0x7f2a7c487908
C 9
R
P 0x7f2a7c191628
C 342
R
P 0x7f2a7c191628
I 0
P 0x7f2a7c19b208
C 150
= 0x7f2a7c19bd08
R
P 0x7f2a7c191628
C 342
R
P 0x7f2a7c191628
P 0x7f2a7c19bd08
C 258
R
P 0x7f2a7c191628
C 342
R
P 0x7f2a7c191628
P 0x7f2a7c19bd08
C 9
R
P 0x7f2a7c191628
C 342
R
P 0x7f2a7c191628
I 1
P 0x7f2a7c19b208
C 150
= 0x7f2a7c19bc88
R
P 0x7f2a7c191628
C 342
R
P 0x7f2a7c191628
P 0x7f2a7c19bc88
C 258
R
P 0x7f2a7c191628
C 342
R
P 0x7f2a7c191628
P 0x7f2a7c19bc88
C 9
R
P 0x7f2a7c191628
C 342
R
P 0x7f2a7c191628
P 0x7f2a7c19bd08
P 0x7f2a7c19bc88
C 75
= 0x7f2a7c486fa0
R
P 0x7f2a7c191628
C 342
R
P 0x7f2a7c191628
P 0x7f2a7c486fa0
C 258
R
P 0x7f2a7c191628
C 342
R
P 0x7f2a7c191628
P 0x7f2a7c486fa0
C 9
R
P 0x7f2a7c191628
C 342
R
P 0x7f2a7c191628
I 1
P 0x7f2a7c19b208
C 150
= 0x7f2a7c19bc88
R
P 0x7f2a7c191628
C 342
R
P 0x7f2a7c191628
P 0x7f2a7c19bc88
C 258
R
P 0x7f2a7c191628
C 342
R
P 0x7f2a7c191628
P 0x7f2a7c19bc88
C 9
R
P 0x7f2a7c191628
C 342
R
P 0x7f2a7c191628
U 2
P 0x7f2a7c19bd08
P 0x7f2a7c19bc88
p 2
C 67
= 0x7f2a7c486fd8
R
P 0x7f2a7c191628
C 342
R
P 0x7f2a7c191628
P 0x7f2a7c486fd8
C 257
R
P 0x7f2a7c191628
C 342
R
P 0x7f2a7c191628
P 0x7f2a7c486fd8
C 254
= 0x7f2a7c19b208
R
P 0x7f2a7c191628
C 342
R
P 0x7f2a7c191628
P 0x7f2a7c19b208
C 209
R
P 0x7f2a7c191628
C 342
R
P 0x7f2a7c191628
P 0x7f2a7c486fd8
C 260
R
P 0x7f2a7c191628
C 342
R
P 0x7f2a7c191628
P 0x7f2a7c486fd8
C 259
R
P 0x7f2a7c191628
C 342
R
P 0x7f2a7c191628
P 0x7f2a7c486fd8
C 258
R
P 0x7f2a7c191628
C 342
R
P 0x7f2a7c191628
P 0x7f2a7c486fd8
C 9
R
P 0x7f2a7c191628
C 342
R
P 0x7f2a7c191628
U 2
P 0x7f2a7c19bbe8
P 0x7f2a7c486fd8
p 2
C 66
= 0x7f2a7c487940
R
P 0x7f2a7c191628
C 342
R
P 0x7f2a7c191628
P 0x7f2a7c487940
C 257
R
P 0x7f2a7c191628
C 342
R
P 0x7f2a7c191628
P 0x7f2a7c487940
C 254
= 0x7f2a7c19b208
R
P 0x7f2a7c191628
C 342
R
P 0x7f2a7c191628
P 0x7f2a7c19b208
C 209
R
P 0x7f2a7c191628
C 342
R
P 0x7f2a7c191628
P 0x7f2a7c487940
C 260
R
P 0x7f2a7c191628
C 342
R
P 0x7f2a7c191628
P 0x7f2a7c487940
C 259
R
P 0x7f2a7c191628
C 342
R
P 0x7f2a7c191628
P 0x7f2a7c487940
C 258
R
P 0x7f2a7c191628
C 342
R
P 0x7f2a7c191628
P 0x7f2a7c487940
C 9
R
P 0x7f2a7c191628
C 342
R
P 0x7f2a7c191628
U 2
P 0x7f2a7c19bb88
P 0x7f2a7c487940
p 2
C 65
= 0x7f2a7c487978
R
P 0x7f2a7c191628
C 342
R
P 0x7f2a7c191628
P 0x7f2a7c487978
C 257
R
P 0x7f2a7c191628
C 342
R
P 0x7f2a7c191628
P 0x7f2a7c487978
C 254
= 0x7f2a7c19b1e8
R
P 0x7f2a7c191628
C 342
R
P 0x7f2a7c191628
P 0x7f2a7c19b1e8
C 209
R
P 0x7f2a7c191628
C 342
R
P 0x7f2a7c191628
P 0x7f2a7c487978
C 260
R
P 0x7f2a7c191628
C 342
R
P 0x7f2a7c191628
P 0x7f2a7c487978
C 259
R
P 0x7f2a7c191628
C 342
R
P 0x7f2a7c191628
P 0x7f2a7c487978
C 258
R
P 0x7f2a7c191628
C 342
R
P 0x7f2a7c191628
P 0x7f2a7c487978
C 9
R
P 0x7f2a7c191628
C 342
R
P 0x7f2a7c191628
P 0x7f2a7c486fa0
P 0x7f2a7c487978
P 0x7f2a7c19bb88
C 59
= 0x7f2a7c19fa08
R
P 0x7f2a7c191628
C 342
R
P 0x7f2a7c191628
P 0x7f2a7c19fa08
C 257
R
P 0x7f2a7c191628
C 342
R
P 0x7f2a7c191628
P 0x7f2a7c19fa08
C 254
= 0x7f2a7c19b1e8
R
P 0x7f2a7c191628
C 342
R
P 0x7f2a7c191628
P 0x7f2a7c19b1e8
C 209
R
P 0x7f2a7c191628
C 342
R
P 0x7f2a7c191628
P 0x7f2a7c19fa08
C 260
R
P 0x7f2a7c191628
C 342
R
P 0x7f2a7c191628
P 0x7f2a7c19fa08
C 259
R
P 0x7f2a7c191628
C 342
R
P 0x7f2a7c191628
P 0x7f2a7c19fa08
C 258
R
P 0x7f2a7c191628
C 342
R
P 0x7f2a7c191628
P 0x7f2a7c19fa08
C 9
R
P 0x7f2a7c191628
C 342
R
P 0x7f2a7c191628
U 2
P 0x7f2a7c487908
P 0x7f2a7c19fa08
p 2
C 65
= 0x7f2a7c4879b0
R
P 0x7f2a7c191628
C 342
R
P 0x7f2a7c191628
P 0x7f2a7c4879b0
C 257
R
P 0x7f2a7c191628
C 342
R
P 0x7f2a7c191628
P 0x7f2a7c4879b0
C 254
= 0x7f2a7c19b1e8
R
P 0x7f2a7c191628
C 342
R
P 0x7f2a7c191628
P 0x7f2a7c19b1e8
C 209
R
P 0x7f2a7c191628
C 342
R
P 0x7f2a7c191628
P 0x7f2a7c4879b0
C 260
R
P 0x7f2a7c191628
C 342
R
P 0x7f2a7c191628
P 0x7f2a7c4879b0
C 259
R
P 0x7f2a7c191628
C 342
R
P 0x7f2a7c191628
P 0x7f2a7c4879b0
C 258
R
P 0x7f2a7c191628
C 342
R
P 0x7f2a7c191628
P 0x7f2a7c4879b0
C 9
R
P 0x7f2a7c191628
C 342
R
P 0x7f2a7c191628
P 0x7f2a7c19c208
P 0x7f2a7c4879b0
C 74
= 0x7f2a7c489720
R
P 0x7f2a7c191628
C 342
R
P 0x7f2a7c191628
P 0x7f2a7c489720
C 258
R
P 0x7f2a7c191628
C 342
R
P 0x7f2a7c191628
P 0x7f2a7c489720
C 9
R
P 0x7f2a7c191628
C 342
R
P 0x7f2a7c191628
U 2
P 0x7f2a7c4896e8
P 0x7f2a7c489720
p 2
C 63
= 0x7f2a7c489758
R
P 0x7f2a7c191628
C 342
R
P 0x7f2a7c191628
P 0x7f2a7c489758
C 258
R
P 0x7f2a7c191628
C 342
R
P 0x7f2a7c191628
P 0x7f2a7c489758
C 9
R
P 0x7f2a7c191628
C 342
R
P 0x7f2a7c191628
P 0x7f2a7c489678
P 0x7f2a7c489758
C 61
= 0x7f2a7c489790
R
P 0x7f2a7c191628
C 342
R
P 0x7f2a7c191628
P 0x7f2a7c489790
C 258
R
P 0x7f2a7c191628
C 342
R
P 0x7f2a7c191628
P 0x7f2a7c489790
C 9
R
P 0x7f2a7c191628
C 342
R
P 0x7f2a7c191628
P 0x7f2a7c1e1fc8
P 0x7f2a7c489790
C 427
R
P 0x7f2a7c191628
C 342
R
P 0x7f2a7c191628
I 0
P 0x7f2a7c19b208
C 150
= 0x7f2a7c19bd08
R
P 0x7f2a7c191628
C 342
R
P 0x7f2a7c191628
P 0x7f2a7c19bd08
C 258
R
P 0x7f2a7c191628
C 342
R
P 0x7f2a7c191628
P 0x7f2a7c19bd08
C 9
R
P 0x7f2a7c191628
C 342
R
P 0x7f2a7c191628
I 1
P 0x7f2a7c19b208
C 150
= 0x7f2a7c19bc88
R
P 0x7f2a7c191628
C 342
R
P 0x7f2a7c191628
P 0x7f2a7c19bc88
C 258
R
P 0x7f2a7c191628
C 342
R
P 0x7f2a7c191628
P 0x7f2a7c19bc88
C 9
R
P 0x7f2a7c191628
C 342
R
P 0x7f2a7c191628
P 0x7f2a7c19bd08
P 0x7f2a7c19bc88
C 75
= 0x7f2a7c486fa0
R
P 0x7f2a7c191628
C 342
R
P 0x7f2a7c191628
P 0x7f2a7c486fa0
C 258
R
P 0x7f2a7c191628
C 342
R
P 0x7f2a7c191628
P 0x7f2a7c486fa0
C 9
R
P 0x7f2a7c191628
C 342
R
P 0x7f2a7c191628
I 1
P 0x7f2a7c19b208
C 150
= 0x7f2a7c19bc88
R
P 0x7f2a7c191628
C 342
R
P 0x7f2a7c191628
P 0x7f2a7c19bc88
C 258
R
P 0x7f2a7c191628
C 342
R
P 0x7f2a7c191628
P 0x7f2a7c19bc88
C 9
R
P 0x7f2a7c191628
C 342
R
P 0x7f2a7c191628
U 2
P 0x7f2a7c19bd08
P 0x7f2a7c19bc88
p 2
C 67
= 0x7f2a7c486fd8
R
P 0x7f2a7c191628
C 342
R
P 0x7f2a7c191628
P 0x7f2a7c486fd8
C 257
R
P 0x7f2a7c191628
C 342
R
P 0x7f2a7c191628
P 0x7f2a7c486fd8
C 254
= 0x7f2a7c19b208
R
P 0x7f2a7c191628
C 342
R
P 0x7f2a7c191628
P 0x7f2a7c19b208
C 209
R
P 0x7f2a7c191628
C 342
R
P 0x7f2a7c191628
P 0x7f2a7c486fd8
C 260
R
P 0x7f2a7c191628
C 342
R
P 0x7f2a7c191628
P 0x7f2a7c486fd8
C 259
R
P 0x7f2a7c191628
C 342
R
P 0x7f2a7c191628
P 0x7f2a7c486fd8
C 258
R
P 0x7f2a7c191628
C 342
R
P 0x7f2a7c191628
P 0x7f2a7c486fd8
C 9
R
P 0x7f2a7c191628
C 342
R
P 0x7f2a7c191628
U 2
P 0x7f2a7c19bba8
P 0x7f2a7c486fd8
p 2
C 66
= 0x7f2a7c487010
R
P 0x7f2a7c191628
C 342
R
P 0x7f2a7c191628
P 0x7f2a7c487010
C 257
R
P 0x7f2a7c191628
C 342
R
P 0x7f2a7c191628
P 0x7f2a7c487010
C 254
= 0x7f2a7c19b1e8
R
P 0x7f2a7c191628
C 342
R
P 0x7f2a7c191628
P 0x7f2a7c19b1e8
C 209
R
P 0x7f2a7c191628
C 342
R
P 0x7f2a7c191628
P 0x7f2a7c487010
C 260
R
P 0x7f2a7c191628
C 342
R
P 0x7f2a7c191628
P 0x7f2a7c487010
C 259
R
P 0x7f2a7c191628
C 342
R
P 0x7f2a7c191628
P 0x7f2a7c487010
C 258
R
P 0x7f2a7c191628
C 342
R
P 0x7f2a7c191628
P 0x7f2a7c487010
C 9
R
P 0x7f2a7c191628
C 342
R
P 0x7f2a7c191628
U 2
P 0x7f2a7c19bc28
P 0x7f2a7c487010
p 2
C 65
= 0x7f2a7c487048
R
P 0x7f2a7c191628
C 342
R
P 0x7f2a7c191628
P 0x7f2a7c487048
C 257
R
P 0x7f2a7c191628
C 342
R
P 0x7f2a7c191628
P 0x7f2a7c487048
C 254
= 0x7f2a7c19b1e8
R
P 0x7f2a7c191628
C 342
R
P 0x7f2a7c191628
P 0x7f2a7c19b1e8
C 209
R
P 0x7f2a7c191628
C 342
R
P 0x7f2a7c191628
P 0x7f2a7c487048
C 260
R
P 0x7f2a7c191628
C 342
R
P 0x7f2a7c191628
P 0x7f2a7c487048
C 259
R
P 0x7f2a7c191628
C 342
R
P 0x7f2a7c191628
P 0x7f2a7c487048
C 258
R
P 0x7f2a7c191628
C 342
R
P 0x7f2a7c191628
P 0x7f2a7c487048
C 9
R
P 0x7f2a7c191628
C 342
R
P 0x7f2a7c191628
P 0x7f2a7c486fa0
P 0x7f2a7c487048
P 0x7f2a7c19bc28
C 59
= 0x7f2a7c19f948
R
P 0x7f2a7c191628
C 342
R
P 0x7f2a7c191628
P 0x7f2a7c19f948
C 257
R
P 0x7f2a7c191628
C 342
R
P 0x7f2a7c191628
P 0x7f2a7c19f948
C 254
= 0x7f2a7c19b1e8
R
P 0x7f2a7c191628
C 342
R
P 0x7f2a7c191628
P 0x7f2a7c19b1e8
C 209
R
P 0x7f2a7c191628
C 342
R
P 0x7f2a7c191628
P 0x7f2a7c19f948
C 260
R
P 0x7f2a7c191628
C 342
R
P 0x7f2a7c191628
P 0x7f2a7c19f948
C 259
R
P 0x7f2a7c191628
C 342
R
P 0x7f2a7c191628
P 0x7f2a7c19f948
C 258
R
P 0x7f2a7c191628
C 342
R
P 0x7f2a7c191628
P 0x7f2a7c19f948
C 9
R
P 0x7f2a7c191628
C 342
R
P 0x7f2a7c191628
U 2
P 0x7f2a7c19f948
P 0x7f2a7c19bb48
p 2
C 65
= 0x7f2a7c487080
R
P 0x7f2a7c191628
C 342
R
P 0x7f2a7c191628
P 0x7f2a7c487080
C 257
R
P 0x7f2a7c191628
C 342
R
P 0x7f2a7c191628
P 0x7f2a7c487080
C 254
= 0x7f2a7c19b1e8
R
P 0x7f2a7c191628
C 342
R
P 0x7f2a7c191628
P 0x7f2a7c19b1e8
C 209
R
P 0x7f2a7c191628
C 342
R
P 0x7f2a7c191628
P 0x7f2a7c487080
C 260
R
P 0x7f2a7c191628
C 342
R
P 0x7f2a7c191628
P 0x7f2a7c487080
C 259
R
P 0x7f2a7c191628
C 342
R
P 0x7f2a7c191628
P 0x7f2a7c487080
C 258
R
P 0x7f2a7c191628
C 342
R
P 0x7f2a7c191628
P 0x7f2a7c487080
C 9
R
P 0x7f2a7c191628
C 342
R
P 0x7f2a7c191628
P 0x7f2a7c19bc68
C 333
R
P 0x7f2a7c191628
C 342
R
P 0x7f2a7c191628
S "slotflowPriorityStart"
C 30
R
P 0x7f2a7c191628
C 342
R
P 0x7f2a7c191628
$ |slotflowPriorityStart|
C 202
R
P 0x7f2a7c191628
C 342
R
P 0x7f2a7c191628
$ |slotflowPriorityStart|
P 0x7f2a7c19b1e8
C 51
= 0x7f2a7c19c2a8
R
P 0x7f2a7c191628
C 342
R
P 0x7f2a7c191628
P 0x7f2a7c19c2a8
C 257
R
P 0x7f2a7c191628
C 342
R
P 0x7f2a7c191628
P 0x7f2a7c19c2a8
C 254
= 0x7f2a7c19b1e8
R
P 0x7f2a7c191628
C 342
R
P 0x7f2a7c191628
P 0x7f2a7c19b1e8
C 209
R
P 0x7f2a7c191628
C 342
R
P 0x7f2a7c191628
P 0x7f2a7c19c2a8
C 260
R
P 0x7f2a7c191628
C 342
R
P 0x7f2a7c191628
P 0x7f2a7c19c2a8
C 259
R
P 0x7f2a7c191628
C 342
R
P 0x7f2a7c191628
P 0x7f2a7c19c2a8
C 258
R
P 0x7f2a7c191628
C 342
R
P 0x7f2a7c191628
P 0x7f2a7c19c2a8
C 9
R
P 0x7f2a7c191628
C 342
R
P 0x7f2a7c191628
I 1
P 0x7f2a7c19b208
C 150
= 0x7f2a7c19bc88
R
P 0x7f2a7c191628
C 342
R
P 0x7f2a7c191628
P 0x7f2a7c19bc88
C 258
R
P 0x7f2a7c191628
C 342
R
P 0x7f2a7c191628
P 0x7f2a7c19bc88
C 9
R
P 0x7f2a7c191628
C 342
R
P 0x7f2a7c191628
I 1
P 0x7f2a7c19b208
C 150
= 0x7f2a7c19bc88
R
P 0x7f2a7c191628
C 342
R
P 0x7f2a7c191628
P 0x7f2a7c19bc88
C 258
R
P 0x7f2a7c191628
C 342
R
P 0x7f2a7c191628
P 0x7f2a7c19bc88
C 9
R
P 0x7f2a7c191628
C 342
R
P 0x7f2a7c191628
P 0x7f2a7c19bc88
P 0x7f2a7c19bc88
C 75
= 0x7f2a7c1a1778
R
P 0x7f2a7c191628
C 342
R
P 0x7f2a7c191628
P 0x7f2a7c1a1778
C 258
R
P 0x7f2a7c191628
C 342
R
P 0x7f2a7c191628
P 0x7f2a7c1a1778
C 9
R
P 0x7f2a7c191628
C 342
R
P 0x7f2a7c191628
I 1
P 0x7f2a7c19b208
C 150
= 0x7f2a7c19bc88
R
P 0x7f2a7c191628
C 342
R
P 0x7f2a7c191628
P 0x7f2a7c19bc88
C 258
R
P 0x7f2a7c191628
C 342
R
P 0x7f2a7c191628
P 0x7f2a7c19bc88
C 9
R
P 0x7f2a7c191628
C 342
R
P 0x7f2a7c191628
U 2
P 0x7f2a7c19bc88
P 0x7f2a7c19bc88
p 2
C 67
= 0x7f2a7c1a17b0
R
P 0x7f2a7c191628
C 342
R
P 0x7f2a7c191628
P 0x7f2a7c1a17b0
C 257
R
P 0x7f2a7c191628
C 342
R
P 0x7f2a7c191628
P 0x7f2a7c1a17b0
C 254
= 0x7f2a7c19b208
R
P 0x7f2a7c191628
C 342
R
P 0x7f2a7c191628
P 0x7f2a7c19b208
C 209
R
P 0x7f2a7c191628
C 342
R
P 0x7f2a7c191628
P 0x7f2a7c1a17b0
C 260
R
P 0x7f2a7c191628
C 342
R
P 0x7f2a7c191628
P 0x7f2a7c1a17b0
C 259
R
P 0x7f2a7c191628
C 342
R
P 0x7f2a7c191628
P 0x7f2a7c1a17b0
C 258
R
P 0x7f2a7c191628
C 342
R
P 0x7f2a7c191628
P 0x7f2a7c1a17b0
C 9
R
P 0x7f2a7c191628
C 342
R
P 0x7f2a7c191628
U 2
P 0x7f2a7c19bbe8
P 0x7f2a7c1a17b0
p 2
C 66
= 0x7f2a7c487b70
R
P 0x7f2a7c191628
C 342
R
P 0x7f2a7c191628
P 0x7f2a7c487b70
C 257
R
P 0x7f2a7c191628
C 342
R
P 0x7f2a7c191628
P 0x7f2a7c487b70
C 254
= 0x7f2a7c19b208
R
P 0x7f2a7c191628
C 342
R
P 0x7f2a7c191628
P 0x7f2a7c19b208
C 209
R
P 0x7f2a7c191628
C 342
R
P 0x7f2a7c191628
P 0x7f2a7c487b70
C 260
R
P 0x7f2a7c191628
C 342
R
P 0x7f2a7c191628
P 0x7f2a7c487b70
C 259
R
P 0x7f2a7c191628
C 342
R
P 0x7f2a7c191628
P 0x7f2a7c487b70
C 258
R
P 0x7f2a7c191628
C 342
R
P 0x7f2a7c191628
P 0x7f2a7c487b70
C 9
R
P 0x7f2a7c191628
C 342
R
P 0x7f2a7c191628
U 2
P 0x7f2a7c19bb88
P 0x7f2a7c487b70
p 2
C 65
= 0x7f2a7c487ba8
R
P 0x7f2a7c191628
C 342
R
P 0x7f2a7c191628
P 0x7f2a7c487ba8
C 257
R
P 0x7f2a7c191628
C 342
R
P 0x7f2a7c191628
P 0x7f2a7c487ba8
C 254
= 0x7f2a7c19b1e8
R
P 0x7f2a7c191628
C 342
R
P 0x7f2a7c191628
P 0x7f2a7c19b1e8
C 209
R
P 0x7f2a7c191628
C 342
R
P 0x7f2a7c191628
P 0x7f2a7c487ba8
C 260
R
P 0x7f2a7c191628
C 342
R
P 0x7f2a7c191628
P 0x7f2a7c487ba8
C 259
R
P 0x7f2a7c191628
C 342
R
P 0x7f2a7c191628
P 0x7f2a7c487ba8
C 258
R
P 0x7f2a7c191628
C 342
R
P 0x7f2a7c191628
P 0x7f2a7c487ba8
C 9
R
P 0x7f2a7c191628
C 342
R
P 0x7f2a7c191628
P 0x7f2a7c1a1778
P 0x7f2a7c487ba8
P 0x7f2a7c19bb88
C 59
= 0x7f2a7c19fa48
R
P 0x7f2a7c191628
C 342
R
P 0x7f2a7c191628
P 0x7f2a7c19fa48
C 257
R
P 0x7f2a7c191628
C 342
R
P 0x7f2a7c191628
P 0x7f2a7c19fa48
C 254
= 0x7f2a7c19b1e8
R
P 0x7f2a7c191628
C 342
R
P 0x7f2a7c191628
P 0x7f2a7c19b1e8
C 209
R
P 0x7f2a7c191628
C 342
R
P 0x7f2a7c191628
P 0x7f2a7c19fa48
C 260
R
P 0x7f2a7c191628
C 342
R
P 0x7f2a7c191628
P 0x7f2a7c19fa48
C 259
R
P 0x7f2a7c191628
C 342
R
P 0x7f2a7c191628
P 0x7f2a7c19fa48
C 258
R
P 0x7f2a7c191628
C 342
R
P 0x7f2a7c191628
P 0x7f2a7c19fa48
C 9
R
P 0x7f2a7c191628
C 342
R
P 0x7f2a7c191628
U 2
P 0x7f2a7c19c2a8
P 0x7f2a7c19fa48
p 2
C 65
= 0x7f2a7c487c88
R
P 0x7f2a7c191628
C 342
R
P 0x7f2a7c191628
P 0x7f2a7c487c88
C 257
R
P 0x7f2a7c191628
C 342
R
P 0x7f2a7c191628
P 0x7f2a7c487c88
C 254
= 0x7f2a7c19b1e8
R
P 0x7f2a7c191628
C 342
R
P 0x7f2a7c191628
P 0x7f2a7c19b1e8
C 209
R
P 0x7f2a7c191628
C 342
R
P 0x7f2a7c191628
P 0x7f2a7c487c88
C 260
R
P 0x7f2a7c191628
C 342
R
P 0x7f2a7c191628
P 0x7f2a7c487c88
C 259
R
P 0x7f2a7c191628
C 342
R
P 0x7f2a7c191628
P 0x7f2a7c487c88
C 258
R
P 0x7f2a7c191628
C 342
R
P 0x7f2a7c191628
P 0x7f2a7c487c88
C 9
R
P 0x7f2a7c191628
C 342
R
P 0x7f2a7c191628
P 0x7f2a7c487080
P 0x7f2a7c487c88
C 73
= 0x7f2a7c4897c8
R
P 0x7f2a7c191628
C 342
R
P 0x7f2a7c191628
P 0x7f2a7c4897c8
C 258
R
P 0x7f2a7c191628
C 342
R
P 0x7f2a7c191628
P 0x7f2a7c4897c8
C 9
R
P 0x7f2a7c191628
C 342
R
P 0x7f2a7c191628
I 0
P 0x7f2a7c19b208
C 150
= 0x7f2a7c19bd08
R
P 0x7f2a7c191628
C 342
R
P 0x7f2a7c191628
P 0x7f2a7c19bd08
C 258
R
P 0x7f2a7c191628
C 342
R
P 0x7f2a7c191628
P 0x7f2a7c19bd08
C 9
R
P 0x7f2a7c191628
C 342
R
P 0x7f2a7c191628
I 1
P 0x7f2a7c19b208
C 150
= 0x7f2a7c19bc88
R
P 0x7f2a7c191628
C 342
R
P 0x7f2a7c191628
P 0x7f2a7c19bc88
C 258
R
P 0x7f2a7c191628
C 342
R
P 0x7f2a7c191628
P 0x7f2a7c19bc88
C 9
R
P 0x7f2a7c191628
C 342
R
P 0x7f2a7c191628
P 0x7f2a7c19bd08
P 0x7f2a7c19bc88
C 75
= 0x7f2a7c486fa0
R
P 0x7f2a7c191628
C 342
R
P 0x7f2a7c191628
P 0x7f2a7c486fa0
C 258
R
P 0x7f2a7c191628
C 342
R
P 0x7f2a7c191628
P 0x7f2a7c486fa0
C 9
R
P 0x7f2a7c191628
C 342
R
P 0x7f2a7c191628
I 1
P 0x7f2a7c19b208
C 150
= 0x7f2a7c19bc88
R
P 0x7f2a7c191628
C 342
R
P 0x7f2a7c191628
P 0x7f2a7c19bc88
C 258
R
P 0x7f2a7c191628
C 342
R
P 0x7f2a7c191628
P 0x7f2a7c19bc88
C 9
R
P 0x7f2a7c191628
C 342
R
P 0x7f2a7c191628
U 2
P 0x7f2a7c19bd08
P 0x7f2a7c19bc88
p 2
C 67
= 0x7f2a7c486fd8
R
P 0x7f2a7c191628
C 342
R
P 0x7f2a7c191628
P 0x7f2a7c486fd8
C 257
R
P 0x7f2a7c191628
C 342
R
P 0x7f2a7c191628
P 0x7f2a7c486fd8
C 254
= 0x7f2a7c19b208
R
P 0x7f2a7c191628
C 342
R
P 0x7f2a7c191628
P 0x7f2a7c19b208
C 209
R
P 0x7f2a7c191628
C 342
R
P 0x7f2a7c191628
P 0x7f2a7c486fd8
C 260
R
P 0x7f2a7c191628
C 342
R
P 0x7f2a7c191628
P 0x7f2a7c486fd8
C 259
R
P 0x7f2a7c191628
C 342
R
P 0x7f2a7c191628
P 0x7f2a7c486fd8
C 258
R
P 0x7f2a7c191628
C 342
R
P 0x7f2a7c191628
P 0x7f2a7c486fd8
C 9
R
P 0x7f2a7c191628
C 342
R
P 0x7f2a7c191628
U 2
P 0x7f2a7c19bba8
P 0x7f2a7c486fd8
p 2
C 66
= 0x7f2a7c487010
R
P 0x7f2a7c191628
C 342
R
P 0x7f2a7c191628
P 0x7f2a7c487010
C 257
R
P 0x7f2a7c191628
C 342
R
P 0x7f2a7c191628
P 0x7f2a7c487010
C 254
= 0x7f2a7c19b1e8
R
P 0x7f2a7c191628
C 342
R
P 0x7f2a7c191628
P 0x7f2a7c19b1e8
C 209
R
P 0x7f2a7c191628
C 342
R
P 0x7f2a7c191628
P 0x7f2a7c487010
C 260
R
P 0x7f2a7c191628
C 342
R
P 0x7f2a7c191628
P 0x7f2a7c487010
C 259
R
P 0x7f2a7c191628
C 342
R
P 0x7f2a7c191628
P 0x7f2a7c487010
C 258
R
P 0x7f2a7c191628
C 342
R
P 0x7f2a7c191628
P 0x7f2a7c487010
C 9
R
P 0x7f2a7c191628
C 342
R
P 0x7f2a7c191628
U 2
P 0x7f2a7c19bc28
P 0x7f2a7c487010
p 2
C 65
= 0x7f2a7c487048
R
P 0x7f2a7c191628
C 342
R
P 0x7f2a7c191628
P 0x7f2a7c487048
C 257
R
P 0x7f2a7c191628
C 342
R
P 0x7f2a7c191628
P 0x7f2a7c487048
C 254
= 0x7f2a7c19b1e8
R
P 0x7f2a7c191628
C 342
R
P 0x7f2a7c191628
P 0x7f2a7c19b1e8
C 209
R
P 0x7f2a7c191628
C 342
R
P 0x7f2a7c191628
P 0x7f2a7c487048
C 260
R
P 0x7f2a7c191628
C 342
R
P 0x7f2a7c191628
P 0x7f2a7c487048
C 259
R
P 0x7f2a7c191628
C 342
R
P 0x7f2a7c191628
P 0x7f2a7c487048
C 258
R
P 0x7f2a7c191628
C 342
R
P 0x7f2a7c191628
P 0x7f2a7c487048
C 9
R
P 0x7f2a7c191628
C 342
R
P 0x7f2a7c191628
P 0x7f2a7c486fa0
P 0x7f2a7c487048
P 0x7f2a7c19bc28
C 59
= 0x7f2a7c19f948
R
P 0x7f2a7c191628
C 342
R
P 0x7f2a7c191628
P 0x7f2a7c19f948
C 257
R
P 0x7f2a7c191628
C 342
R
P 0x7f2a7c191628
P 0x7f2a7c19f948
C 254
= 0x7f2a7c19b1e8
R
P 0x7f2a7c191628
C 342
R
P 0x7f2a7c191628
P 0x7f2a7c19b1e8
C 209
R
P 0x7f2a7c191628
C 342
R
P 0x7f2a7c191628
P 0x7f2a7c19f948
C 260
R
P 0x7f2a7c191628
C 342
R
P 0x7f2a7c191628
P 0x7f2a7c19f948
C 259
R
P 0x7f2a7c191628
C 342
R
P 0x7f2a7c191628
P 0x7f2a7c19f948
C 258
R
P 0x7f2a7c191628
C 342
R
P 0x7f2a7c191628
P 0x7f2a7c19f948
C 9
R
P 0x7f2a7c191628
C 342
R
P 0x7f2a7c191628
U 2
P 0x7f2a7c19f948
P 0x7f2a7c19bb48
p 2
C 65
= 0x7f2a7c487080
R
P 0x7f2a7c191628
C 342
R
P 0x7f2a7c191628
P 0x7f2a7c487080
C 257
R
P 0x7f2a7c191628
C 342
R
P 0x7f2a7c191628
P 0x7f2a7c487080
C 254
= 0x7f2a7c19b1e8
R
P 0x7f2a7c191628
C 342
R
P 0x7f2a7c191628
P 0x7f2a7c19b1e8
C 209
R
P 0x7f2a7c191628
C 342
R
P 0x7f2a7c191628
P 0x7f2a7c487080
C 260
R
P 0x7f2a7c191628
C 342
R
P 0x7f2a7c191628
P 0x7f2a7c487080
C 259
R
P 0x7f2a7c191628
C 342
R
P 0x7f2a7c191628
P 0x7f2a7c487080
C 258
R
P 0x7f2a7c191628
C 342
R
P 0x7f2a7c191628
P 0x7f2a7c487080
C 9
R
P 0x7f2a7c191628
C 342
R
P 0x7f2a7c191628
I 1
P 0x7f2a7c19b208
C 150
= 0x7f2a7c19bc88
R
P 0x7f2a7c191628
C 342
R
P 0x7f2a7c191628
P 0x7f2a7c19bc88
C 258
R
P 0x7f2a7c191628
C 342
R
P 0x7f2a7c191628
P 0x7f2a7c19bc88
C 9
R
P 0x7f2a7c191628
C 342
R
P 0x7f2a7c191628
I 1
P 0x7f2a7c19b208
C 150
= 0x7f2a7c19bc88
R
P 0x7f2a7c191628
C 342
R
P 0x7f2a7c191628
P 0x7f2a7c19bc88
C 258
R
P 0x7f2a7c191628
C 342
R
P 0x7f2a7c191628
P 0x7f2a7c19bc88
C 9
R
P 0x7f2a7c191628
C 342
R
P 0x7f2a7c191628
P 0x7f2a7c19bc88
P 0x7f2a7c19bc88
C 75
= 0x7f2a7c1a1778
R
P 0x7f2a7c191628
C 342
R
P 0x7f2a7c191628
P 0x7f2a7c1a1778
C 258
R
P 0x7f2a7c191628
C 342
R
P 0x7f2a7c191628
P 0x7f2a7c1a1778
C 9
R
P 0x7f2a7c191628
C 342
R
P 0x7f2a7c191628
I 1
P 0x7f2a7c19b208
C 150
= 0x7f2a7c19bc88
R
P 0x7f2a7c191628
C 342
R
P 0x7f2a7c191628
P 0x7f2a7c19bc88
C 258
R
P 0x7f2a7c191628
C 342
R
P 0x7f2a7c191628
P 0x7f2a7c19bc88
C 9
R
P 0x7f2a7c191628
C 342
R
P 0x7f2a7c191628
U 2
P 0x7f2a7c19bc88
P 0x7f2a7c19bc88
p 2
C 67
= 0x7f2a7c1a17b0
R
P 0x7f2a7c191628
C 342
R
P 0x7f2a7c191628
P 0x7f2a7c1a17b0
C 257
R
P 0x7f2a7c191628
C 342
R
P 0x7f2a7c191628
P 0x7f2a7c1a17b0
C 254
= 0x7f2a7c19b208
R
P 0x7f2a7c191628
C 342
R
P 0x7f2a7c191628
P 0x7f2a7c19b208
C 209
R
P 0x7f2a7c191628
C 342
R
P 0x7f2a7c191628
P 0x7f2a7c1a17b0
C 260
R
P 0x7f2a7c191628
C 342
R
P 0x7f2a7c191628
P 0x7f2a7c1a17b0
C 259
R
P 0x7f2a7c191628
C 342
R
P 0x7f2a7c191628
P 0x7f2a7c1a17b0
C 258
R
P 0x7f2a7c191628
C 342
R
P 0x7f2a7c191628
P 0x7f2a7c1a17b0
C 9
R
P 0x7f2a7c191628
C 342
R
P 0x7f2a7c191628
U 2
P 0x7f2a7c19bbe8
P 0x7f2a7c1a17b0
p 2
C 66
= 0x7f2a7c487b70
R
P 0x7f2a7c191628
C 342
R
P 0x7f2a7c191628
P 0x7f2a7c487b70
C 257
R
P 0x7f2a7c191628
C 342
R
P 0x7f2a7c191628
P 0x7f2a7c487b70
C 254
= 0x7f2a7c19b208
R
P 0x7f2a7c191628
C 342
R
P 0x7f2a7c191628
P 0x7f2a7c19b208
C 209
R
P 0x7f2a7c191628
C 342
R
P 0x7f2a7c191628
P 0x7f2a7c487b70
C 260
R
P 0x7f2a7c191628
C 342
R
P 0x7f2a7c191628
P 0x7f2a7c487b70
C 259
R
P 0x7f2a7c191628
C 342
R
P 0x7f2a7c191628
P 0x7f2a7c487b70
C 258
R
P 0x7f2a7c191628
C 342
R
P 0x7f2a7c191628
P 0x7f2a7c487b70
C 9
R
P 0x7f2a7c191628
C 342
R
P 0x7f2a7c191628
U 2
P 0x7f2a7c19bb88
P 0x7f2a7c487b70
p 2
C 65
= 0x7f2a7c487ba8
R
P 0x7f2a7c191628
C 342
R
P 0x7f2a7c191628
P 0x7f2a7c487ba8
C 257
R
P 0x7f2a7c191628
C 342
R
P 0x7f2a7c191628
P 0x7f2a7c487ba8
C 254
= 0x7f2a7c19b1e8
R
P 0x7f2a7c191628
C 342
R
P 0x7f2a7c191628
P 0x7f2a7c19b1e8
C 209
R
P 0x7f2a7c191628
C 342
R
P 0x7f2a7c191628
P 0x7f2a7c487ba8
C 260
R
P 0x7f2a7c191628
C 342
R
P 0x7f2a7c191628
P 0x7f2a7c487ba8
C 259
R
P 0x7f2a7c191628
C 342
R
P 0x7f2a7c191628
P 0x7f2a7c487ba8
C 258
R
P 0x7f2a7c191628
C 342
R
P 0x7f2a7c191628
P 0x7f2a7c487ba8
C 9
R
P 0x7f2a7c191628
C 342
R
P 0x7f2a7c191628
P 0x7f2a7c1a1778
P 0x7f2a7c487ba8
P 0x7f2a7c19bb88
C 59
= 0x7f2a7c19fa48
R
P 0x7f2a7c191628
C 342
R
P 0x7f2a7c191628
P 0x7f2a7c19fa48
C 257
R
P 0x7f2a7c191628
C 342
R
P 0x7f2a7c191628
P 0x7f2a7c19fa48
C 254
= 0x7f2a7c19b1e8
R
P 0x7f2a7c191628
C 342
R
P 0x7f2a7c191628
P 0x7f2a7c19b1e8
C 209
R
P 0x7f2a7c191628
C 342
R
P 0x7f2a7c191628
P 0x7f2a7c19fa48
C 260
R
P 0x7f2a7c191628
C 342
R
P 0x7f2a7c191628
P 0x7f2a7c19fa48
C 259
R
P 0x7f2a7c191628
C 342
R
P 0x7f2a7c191628
P 0x7f2a7c19fa48
C 258
R
P 0x7f2a7c191628
C 342
R
P 0x7f2a7c191628
P 0x7f2a7c19fa48
C 9
R
P 0x7f2a7c191628
C 342
R
P 0x7f2a7c191628
P 0x7f2a7c487080
P 0x7f2a7c19fa48
C 76
= 0x7f2a7c489800
R
P 0x7f2a7c191628
C 342
R
P 0x7f2a7c191628
P 0x7f2a7c489800
C 258
R
P 0x7f2a7c191628
C 342
R
P 0x7f2a7c191628
P 0x7f2a7c489800
C 9
R
P 0x7f2a7c191628
C 342
R
P 0x7f2a7c191628
U 2
P 0x7f2a7c4897c8
P 0x7f2a7c489800
p 2
C 63
= 0x7f2a7c489838
R
P 0x7f2a7c191628
C 342
R
P 0x7f2a7c191628
P 0x7f2a7c489838
C 258
R
P 0x7f2a7c191628
C 342
R
P 0x7f2a7c191628
P 0x7f2a7c489838
C 9
R
P 0x7f2a7c191628
C 342
R
P 0x7f2a7c191628
I 0
P 0x7f2a7c19b208
C 150
= 0x7f2a7c19bd08
R
P 0x7f2a7c191628
C 342
R
P 0x7f2a7c191628
P 0x7f2a7c19bd08
C 258
R
P 0x7f2a7c191628
C 342
R
P 0x7f2a7c191628
P 0x7f2a7c19bd08
C 9
R
P 0x7f2a7c191628
C 342
R
P 0x7f2a7c191628
P 0x7f2a7c19bd08
C 263
R
P 0x7f2a7c191628
C 342
R
P 0x7f2a7c191628
S "dev0T30"
C 30
R
P 0x7f2a7c191628
C 342
R
P 0x7f2a7c191628
$ |dev0T30|
C 202
R
P 0x7f2a7c191628
C 342
R
P 0x7f2a7c191628
$ |dev0T30|
P 0x7f2a7c19b1e8
C 51
= 0x7f2a7c19c208
R
P 0x7f2a7c191628
C 342
R
P 0x7f2a7c191628
P 0x7f2a7c19c208
C 257
R
P 0x7f2a7c191628
C 342
R
P 0x7f2a7c191628
P 0x7f2a7c19c208
C 254
= 0x7f2a7c19b1e8
R
P 0x7f2a7c191628
C 342
R
P 0x7f2a7c191628
P 0x7f2a7c19b1e8
C 209
R
P 0x7f2a7c191628
C 342
R
P 0x7f2a7c191628
P 0x7f2a7c19c208
C 260
R
P 0x7f2a7c191628
C 342
R
P 0x7f2a7c191628
P 0x7f2a7c19c208
C 259
R
P 0x7f2a7c191628
C 342
R
P 0x7f2a7c191628
P 0x7f2a7c19c208
C 258
R
P 0x7f2a7c191628
C 342
R
P 0x7f2a7c191628
P 0x7f2a7c19c208
C 9
R
P 0x7f2a7c191628
C 342
R
P 0x7f2a7c191628
P 0x7f2a7c19bc68
C 333
R
P 0x7f2a7c191628
C 342
R
P 0x7f2a7c191628
S "slotflowPriorityStart"
C 30
R
P 0x7f2a7c191628
C 342
R
P 0x7f2a7c191628
$ |slotflowPriorityStart|
C 202
R
P 0x7f2a7c191628
C 342
R
P 0x7f2a7c191628
$ |slotflowPriorityStart|
P 0x7f2a7c19b1e8
C 51
= 0x7f2a7c19c2a8
R
P 0x7f2a7c191628
C 342
R
P 0x7f2a7c191628
P 0x7f2a7c19c2a8
C 257
R
P 0x7f2a7c191628
C 342
R
P 0x7f2a7c191628
P 0x7f2a7c19c2a8
C 254
= 0x7f2a7c19b1e8
R
P 0x7f2a7c191628
C 342
R
P 0x7f2a7c191628
P 0x7f2a7c19b1e8
C 209
R
P 0x7f2a7c191628
C 342
R
P 0x7f2a7c191628
P 0x7f2a7c19c2a8
C 260
R
P 0x7f2a7c191628
C 342
R
P 0x7f2a7c191628
P 0x7f2a7c19c2a8
C 259
R
P 0x7f2a7c191628
C 342
R
P 0x7f2a7c191628
P 0x7f2a7c19c2a8
C 258
R
P 0x7f2a7c191628
C 342
R
P 0x7f2a7c191628
P 0x7f2a7c19c2a8
C 9
R
P 0x7f2a7c191628
C 342
R
P 0x7f2a7c191628
I 1
P 0x7f2a7c19b208
C 150
= 0x7f2a7c19bc88
R
P 0x7f2a7c191628
C 342
R
P 0x7f2a7c191628
P 0x7f2a7c19bc88
C 258
R
P 0x7f2a7c191628
C 342
R
P 0x7f2a7c191628
P 0x7f2a7c19bc88
C 9
R
P 0x7f2a7c191628
C 342
R
P 0x7f2a7c191628
I 1
P 0x7f2a7c19b208
C 150
= 0x7f2a7c19bc88
R
P 0x7f2a7c191628
C 342
R
P 0x7f2a7c191628
P 0x7f2a7c19bc88
C 258
R
P 0x7f2a7c191628
C 342
R
P 0x7f2a7c191628
P 0x7f2a7c19bc88
C 9
R
P 0x7f2a7c191628
C 342
R
P 0x7f2a7c191628
P 0x7f2a7c19bc88
P 0x7f2a7c19bc88
C 75
= 0x7f2a7c1a1778
R
P 0x7f2a7c191628
C 342
R
P 0x7f2a7c191628
P 0x7f2a7c1a1778
C 258
R
P 0x7f2a7c191628
C 342
R
P 0x7f2a7c191628
P 0x7f2a7c1a1778
C 9
R
P 0x7f2a7c191628
C 342
R
P 0x7f2a7c191628
I 1
P 0x7f2a7c19b208
C 150
= 0x7f2a7c19bc88
R
P 0x7f2a7c191628
C 342
R
P 0x7f2a7c191628
P 0x7f2a7c19bc88
C 258
R
P 0x7f2a7c191628
C 342
R
P 0x7f2a7c191628
P 0x7f2a7c19bc88
C 9
R
P 0x7f2a7c191628
C 342
R
P 0x7f2a7c191628
U 2
P 0x7f2a7c19bc88
P 0x7f2a7c19bc88
p 2
C 67
= 0x7f2a7c1a17b0
R
P 0x7f2a7c191628
C 342
R
P 0x7f2a7c191628
P 0x7f2a7c1a17b0
C 257
R
P 0x7f2a7c191628
C 342
R
P 0x7f2a7c191628
P 0x7f2a7c1a17b0
C 254
= 0x7f2a7c19b208
R
P 0x7f2a7c191628
C 342
R
P 0x7f2a7c191628
P 0x7f2a7c19b208
C 209
R
P 0x7f2a7c191628
C 342
R
P 0x7f2a7c191628
P 0x7f2a7c1a17b0
C 260
R
P 0x7f2a7c191628
C 342
R
P 0x7f2a7c191628
P 0x7f2a7c1a17b0
C 259
R
P 0x7f2a7c191628
C 342
R
P 0x7f2a7c191628
P 0x7f2a7c1a17b0
C 258
R
P 0x7f2a7c191628
C 342
R
P 0x7f2a7c191628
P 0x7f2a7c1a17b0
C 9
R
P 0x7f2a7c191628
C 342
R
P 0x7f2a7c191628
U 2
P 0x7f2a7c19bbe8
P 0x7f2a7c1a17b0
p 2
C 66
= 0x7f2a7c487b70
R
P 0x7f2a7c191628
C 342
R
P 0x7f2a7c191628
P 0x7f2a7c487b70
C 257
R
P 0x7f2a7c191628
C 342
R
P 0x7f2a7c191628
P 0x7f2a7c487b70
C 254
= 0x7f2a7c19b208
R
P 0x7f2a7c191628
C 342
R
P 0x7f2a7c191628
P 0x7f2a7c19b208
C 209
R
P 0x7f2a7c191628
C 342
R
P 0x7f2a7c191628
P 0x7f2a7c487b70
C 260
R
P 0x7f2a7c191628
C 342
R
P 0x7f2a7c191628
P 0x7f2a7c487b70
C 259
R
P 0x7f2a7c191628
C 342
R
P 0x7f2a7c191628
P 0x7f2a7c487b70
C 258
R
P 0x7f2a7c191628
C 342
R
P 0x7f2a7c191628
P 0x7f2a7c487b70
C 9
R
P 0x7f2a7c191628
C 342
R
P 0x7f2a7c191628
U 2
P 0x7f2a7c19bb88
P 0x7f2a7c487b70
p 2
C 65
= 0x7f2a7c487ba8
R
P 0x7f2a7c191628
C 342
R
P 0x7f2a7c191628
P 0x7f2a7c487ba8
C 257
R
P 0x7f2a7c191628
C 342
R
P 0x7f2a7c191628
P 0x7f2a7c487ba8
C 254
= 0x7f2a7c19b1e8
R
P 0x7f2a7c191628
C 342
R
P 0x7f2a7c191628
P 0x7f2a7c19b1e8
C 209
R
P 0x7f2a7c191628
C 342
R
P 0x7f2a7c191628
P 0x7f2a7c487ba8
C 260
R
P 0x7f2a7c191628
C 342
R
P 0x7f2a7c191628
P 0x7f2a7c487ba8
C 259
R
P 0x7f2a7c191628
C 342
R
P 0x7f2a7c191628
P 0x7f2a7c487ba8
C 258
R
P 0x7f2a7c191628
C 342
R
P 0x7f2a7c191628
P 0x7f2a7c487ba8
C 9
R
P 0x7f2a7c191628
C 342
R
P 0x7f2a7c191628
P 0x7f2a7c1a1778
P 0x7f2a7c487ba8
P 0x7f2a7c19bb88
C 59
= 0x7f2a7c19fa48
R
P 0x7f2a7c191628
C 342
R
P 0x7f2a7c191628
P 0x7f2a7c19fa48
C 257
R
P 0x7f2a7c191628
C 342
R
P 0x7f2a7c191628
P 0x7f2a7c19fa48
C 254
= 0x7f2a7c19b1e8
R
P 0x7f2a7c191628
C 342
R
P 0x7f2a7c191628
P 0x7f2a7c19b1e8
C 209
R
P 0x7f2a7c191628
C 342
R
P 0x7f2a7c191628
P 0x7f2a7c19fa48
C 260
R
P 0x7f2a7c191628
C 342
R
P 0x7f2a7c191628
P 0x7f2a7c19fa48
C 259
R
P 0x7f2a7c191628
C 342
R
P 0x7f2a7c191628
P 0x7f2a7c19fa48
C 258
R
P 0x7f2a7c191628
C 342
R
P 0x7f2a7c191628
P 0x7f2a7c19fa48
C 9
R
P 0x7f2a7c191628
C 342
R
P 0x7f2a7c191628
U 2
P 0x7f2a7c19c2a8
P 0x7f2a7c19fa48
p 2
C 65
= 0x7f2a7c487c88
R
P 0x7f2a7c191628
C 342
R
P 0x7f2a7c191628
P 0x7f2a7c487c88
C 257
R
P 0x7f2a7c191628
C 342
R
P 0x7f2a7c191628
P 0x7f2a7c487c88
C 254
= 0x7f2a7c19b1e8
R
P 0x7f2a7c191628
C 342
R
P 0x7f2a7c191628
P 0x7f2a7c19b1e8
C 209
R
P 0x7f2a7c191628
C 342
R
P 0x7f2a7c191628
P 0x7f2a7c487c88
C 260
R
P 0x7f2a7c191628
C 342
R
P 0x7f2a7c191628
P 0x7f2a7c487c88
C 259
R
P 0x7f2a7c191628
C 342
R
P 0x7f2a7c191628
P 0x7f2a7c487c88
C 258
R
P 0x7f2a7c191628
C 342
R
P 0x7f2a7c191628
P 0x7f2a7c487c88
C 9
R
P 0x7f2a7c191628
C 342
R
P 0x7f2a7c191628
U 2
P 0x7f2a7c487c88
P 0x7f2a7c19bb68
p 2
C 65
= 0x7f2a7c489870
R
P 0x7f2a7c191628
C 342
R
P 0x7f2a7c191628
P 0x7f2a7c489870
C 257
R
P 0x7f2a7c191628
C 342
R
P 0x7f2a7c191628
P 0x7f2a7c489870
C 254
= 0x7f2a7c19b1e8
R
P 0x7f2a7c191628
C 342
R
P 0x7f2a7c191628
P 0x7f2a7c19b1e8
C 209
R
P 0x7f2a7c191628
C 342
R
P 0x7f2a7c191628
P 0x7f2a7c489870
C 260
R
P 0x7f2a7c191628
C 342
R
P 0x7f2a7c191628
P 0x7f2a7c489870
C 259
R
P 0x7f2a7c191628
C 342
R
P 0x7f2a7c191628
P 0x7f2a7c489870
C 258
R
P 0x7f2a7c191628
C 342
R
P 0x7f2a7c191628
P 0x7f2a7c489870
C 9
R
P 0x7f2a7c191628
C 342
R
P 0x7f2a7c191628
P 0x7f2a7c19c208
P 0x7f2a7c489870
C 76
= 0x7f2a7c4898a8
R
P 0x7f2a7c191628
C 342
R
P 0x7f2a7c191628
P 0x7f2a7c4898a8
C 258
R
P 0x7f2a7c191628
C 342
R
P 0x7f2a7c191628
P 0x7f2a7c4898a8
C 9
R
P 0x7f2a7c191628
C 342
R
P 0x7f2a7c191628
I 0
P 0x7f2a7c19b208
C 150
= 0x7f2a7c19bd08
R
P 0x7f2a7c191628
C 342
R
P 0x7f2a7c191628
P 0x7f2a7c19bd08
C 258
R
P 0x7f2a7c191628
C 342
R
P 0x7f2a7c191628
P 0x7f2a7c19bd08
C 9
R
P 0x7f2a7c191628
C 342
R
P 0x7f2a7c191628
P 0x7f2a7c19bd08
C 263
R
P 0x7f2a7c191628
C 342
R
P 0x7f2a7c191628
S "dev0T30"
C 30
R
P 0x7f2a7c191628
C 342
R
P 0x7f2a7c191628
$ |dev0T30|
C 202
R
P 0x7f2a7c191628
C 342
R
P 0x7f2a7c191628
$ |dev0T30|
P 0x7f2a7c19b1e8
C 51
= 0x7f2a7c19c208
R
P 0x7f2a7c191628
C 342
R
P 0x7f2a7c191628
P 0x7f2a7c19c208
C 257
R
P 0x7f2a7c191628
C 342
R
P 0x7f2a7c191628
P 0x7f2a7c19c208
C 254
= 0x7f2a7c19b1e8
R
P 0x7f2a7c191628
C 342
R
P 0x7f2a7c191628
P 0x7f2a7c19b1e8
C 209
R
P 0x7f2a7c191628
C 342
R
P 0x7f2a7c191628
P 0x7f2a7c19c208
C 260
R
P 0x7f2a7c191628
C 342
R
P 0x7f2a7c191628
P 0x7f2a7c19c208
C 259
R
P 0x7f2a7c191628
C 342
R
P 0x7f2a7c191628
P 0x7f2a7c19c208
C 258
R
P 0x7f2a7c191628
C 342
R
P 0x7f2a7c191628
P 0x7f2a7c19c208
C 9
R
P 0x7f2a7c191628
C 342
R
P 0x7f2a7c191628
P 0x7f2a7c19bc68
C 333
R
P 0x7f2a7c191628
C 342
R
P 0x7f2a7c191628
S "slotflowPriorityStart"
C 30
R
P 0x7f2a7c191628
C 342
R
P 0x7f2a7c191628
$ |slotflowPriorityStart|
C 202
R
P 0x7f2a7c191628
C 342
R
P 0x7f2a7c191628
$ |slotflowPriorityStart|
P 0x7f2a7c19b1e8
C 51
= 0x7f2a7c19c2a8
R
P 0x7f2a7c191628
C 342
R
P 0x7f2a7c191628
P 0x7f2a7c19c2a8
C 257
R
P 0x7f2a7c191628
C 342
R
P 0x7f2a7c191628
P 0x7f2a7c19c2a8
C 254
= 0x7f2a7c19b1e8
R
P 0x7f2a7c191628
C 342
R
P 0x7f2a7c191628
P 0x7f2a7c19b1e8
C 209
R
P 0x7f2a7c191628
C 342
R
P 0x7f2a7c191628
P 0x7f2a7c19c2a8
C 260
R
P 0x7f2a7c191628
C 342
R
P 0x7f2a7c191628
P 0x7f2a7c19c2a8
C 259
R
P 0x7f2a7c191628
C 342
R
P 0x7f2a7c191628
P 0x7f2a7c19c2a8
C 258
R
P 0x7f2a7c191628
C 342
R
P 0x7f2a7c191628
P 0x7f2a7c19c2a8
C 9
R
P 0x7f2a7c191628
C 342
R
P 0x7f2a7c191628
P 0x7f2a7c19bc68
C 333
R
P 0x7f2a7c191628
C 342
R
P 0x7f2a7c191628
S "slotflowPriorityDuration"
C 30
R
P 0x7f2a7c191628
C 342
R
P 0x7f2a7c191628
$ |slotflowPriorityDuration|
C 202
R
P 0x7f2a7c191628
C 342
R
P 0x7f2a7c191628
$ |slotflowPriorityDuration|
P 0x7f2a7c19b1e8
C 51
= 0x7f2a7c19c268
R
P 0x7f2a7c191628
C 342
R
P 0x7f2a7c191628
P 0x7f2a7c19c268
C 257
R
P 0x7f2a7c191628
C 342
R
P 0x7f2a7c191628
P 0x7f2a7c19c268
C 254
= 0x7f2a7c19b1e8
R
P 0x7f2a7c191628
C 342
R
P 0x7f2a7c191628
P 0x7f2a7c19b1e8
C 209
R
P 0x7f2a7c191628
C 342
R
P 0x7f2a7c191628
P 0x7f2a7c19c268
C 260
R
P 0x7f2a7c191628
C 342
R
P 0x7f2a7c191628
P 0x7f2a7c19c268
C 259
R
P 0x7f2a7c191628
C 342
R
P 0x7f2a7c191628
P 0x7f2a7c19c268
C 258
R
P 0x7f2a7c191628
C 342
R
P 0x7f2a7c191628
P 0x7f2a7c19c268
C 9
R
P 0x7f2a7c191628
C 342
R
P 0x7f2a7c191628
U 2
P 0x7f2a7c19c2a8
P 0x7f2a7c19c268
p 2
C 65
= 0x7f2a7c487908
R
P 0x7f2a7c191628
C 342
R
P 0x7f2a7c191628
P 0x7f2a7c487908
C 257
R
P 0x7f2a7c191628
C 342
R
P 0x7f2a7c191628
P 0x7f2a7c487908
C 254
= 0x7f2a7c19b1e8
R
P 0x7f2a7c191628
C 342
R
P 0x7f2a7c191628
P 0x7f2a7c19b1e8
C 209
R
P 0x7f2a7c191628
C 342
R
P 0x7f2a7c191628
P 0x7f2a7c487908
C 260
R
P 0x7f2a7c191628
C 342
R
P 0x7f2a7c191628
P 0x7f2a7c487908
C 259
R
P 0x7f2a7c191628
C 342
R
P 0x7f2a7c191628
P 0x7f2a7c487908
C 258
R
P 0x7f2a7c191628
C 342
R
P 0x7f2a7c191628
P 0x7f2a7c487908
C 9
R
P 0x7f2a7c191628
C 342
R
P 0x7f2a7c191628
I 1
P 0x7f2a7c19b208
C 150
= 0x7f2a7c19bc88
R
P 0x7f2a7c191628
C 342
R
P 0x7f2a7c191628
P 0x7f2a7c19bc88
C 258
R
P 0x7f2a7c191628
C 342
R
P 0x7f2a7c191628
P 0x7f2a7c19bc88
C 9
R
P 0x7f2a7c191628
C 342
R
P 0x7f2a7c191628
I 1
P 0x7f2a7c19b208
C 150
= 0x7f2a7c19bc88
R
P 0x7f2a7c191628
C 342
R
P 0x7f2a7c191628
P 0x7f2a7c19bc88
C 258
R
P 0x7f2a7c191628
C 342
R
P 0x7f2a7c191628
P 0x7f2a7c19bc88
C 9
R
P 0x7f2a7c191628
C 342
R
P 0x7f2a7c191628
P 0x7f2a7c19bc88
P 0x7f2a7c19bc88
C 75
= 0x7f2a7c1a1778
R
P 0x7f2a7c191628
C 342
R
P 0x7f2a7c191628
P 0x7f2a7c1a1778
C 258
R
P 0x7f2a7c191628
C 342
R
P 0x7f2a7c191628
P 0x7f2a7c1a1778
C 9
R
P 0x7f2a7c191628
C 342
R
P 0x7f2a7c191628
I 1
P 0x7f2a7c19b208
C 150
= 0x7f2a7c19bc88
R
P 0x7f2a7c191628
C 342
R
P 0x7f2a7c191628
P 0x7f2a7c19bc88
C 258
R
P 0x7f2a7c191628
C 342
R
P 0x7f2a7c191628
P 0x7f2a7c19bc88
C 9
R
P 0x7f2a7c191628
C 342
R
P 0x7f2a7c191628
U 2
P 0x7f2a7c19bc88
P 0x7f2a7c19bc88
p 2
C 67
= 0x7f2a7c1a17b0
R
P 0x7f2a7c191628
C 342
R
P 0x7f2a7c191628
P 0x7f2a7c1a17b0
C 257
R
P 0x7f2a7c191628
C 342
R
P 0x7f2a7c191628
P 0x7f2a7c1a17b0
C 254
= 0x7f2a7c19b208
R
P 0x7f2a7c191628
C 342
R
P 0x7f2a7c191628
P 0x7f2a7c19b208
C 209
R
P 0x7f2a7c191628
C 342
R
P 0x7f2a7c191628
P 0x7f2a7c1a17b0
C 260
R
P 0x7f2a7c191628
C 342
R
P 0x7f2a7c191628
P 0x7f2a7c1a17b0
C 259
R
P 0x7f2a7c191628
C 342
R
P 0x7f2a7c191628
P 0x7f2a7c1a17b0
C 258
R
P 0x7f2a7c191628
C 342
R
P 0x7f2a7c191628
P 0x7f2a7c1a17b0
C 9
R
P 0x7f2a7c191628
C 342
R
P 0x7f2a7c191628
U 2
P 0x7f2a7c19bbe8
P 0x7f2a7c1a17b0
p 2
C 66
= 0x7f2a7c487b70
R
P 0x7f2a7c191628
C 342
R
P 0x7f2a7c191628
P 0x7f2a7c487b70
C 257
R
P 0x7f2a7c191628
C 342
R
P 0x7f2a7c191628
P 0x7f2a7c487b70
C 254
= 0x7f2a7c19b208
R
P 0x7f2a7c191628
C 342
R
P 0x7f2a7c191628
P 0x7f2a7c19b208
C 209
R
P 0x7f2a7c191628
C 342
R
P 0x7f2a7c191628
P 0x7f2a7c487b70
C 260
R
P 0x7f2a7c191628
C 342
R
P 0x7f2a7c191628
P 0x7f2a7c487b70
C 259
R
P 0x7f2a7c191628
C 342
R
P 0x7f2a7c191628
P 0x7f2a7c487b70
C 258
R
P 0x7f2a7c191628
C 342
R
P 0x7f2a7c191628
P 0x7f2a7c487b70
C 9
R
P 0x7f2a7c191628
C 342
R
P 0x7f2a7c191628
U 2
P 0x7f2a7c19bb88
P 0x7f2a7c487b70
p 2
C 65
= 0x7f2a7c487ba8
R
P 0x7f2a7c191628
C 342
R
P 0x7f2a7c191628
P 0x7f2a7c487ba8
C 257
R
P 0x7f2a7c191628
C 342
R
P 0x7f2a7c191628
P 0x7f2a7c487ba8
C 254
= 0x7f2a7c19b1e8
R
P 0x7f2a7c191628
C 342
R
P 0x7f2a7c191628
P 0x7f2a7c19b1e8
C 209
R
P 0x7f2a7c191628
C 342
R
P 0x7f2a7c191628
P 0x7f2a7c487ba8
C 260
R
P 0x7f2a7c191628
C 342
R
P 0x7f2a7c191628
P 0x7f2a7c487ba8
C 259
R
P 0x7f2a7c191628
C 342
R
P 0x7f2a7c191628
P 0x7f2a7c487ba8
C 258
R
P 0x7f2a7c191628
C 342
R
P 0x7f2a7c191628
P 0x7f2a7c487ba8
C 9
R
P 0x7f2a7c191628
C 342
R
P 0x7f2a7c191628
P 0x7f2a7c1a1778
P 0x7f2a7c487ba8
P 0x7f2a7c19bb88
C 59
= 0x7f2a7c19fa48
R
P 0x7f2a7c191628
C 342
R
P 0x7f2a7c191628
P 0x7f2a7c19fa48
C 257
R
P 0x7f2a7c191628
C 342
R
P 0x7f2a7c191628
P 0x7f2a7c19fa48
C 254
= 0x7f2a7c19b1e8
R
P 0x7f2a7c191628
C 342
R
P 0x7f2a7c191628
P 0x7f2a7c19b1e8
C 209
R
P 0x7f2a7c191628
C 342
R
P 0x7f2a7c191628
P 0x7f2a7c19fa48
C 260
R
P 0x7f2a7c191628
C 342
R
P 0x7f2a7c191628
P 0x7f2a7c19fa48
C 259
R
P 0x7f2a7c191628
C 342
R
P 0x7f2a7c191628
P 0x7f2a7c19fa48
C 258
R
P 0x7f2a7c191628
C 342
R
P 0x7f2a7c191628
P 0x7f2a7c19fa48
C 9
R
P 0x7f2a7c191628
C 342
R
P 0x7f2a7c191628
U 2
P 0x7f2a7c487908
P 0x7f2a7c19fa48
p 2
C 65
= 0x7f2a7c487be0
R
P 0x7f2a7c191628
C 342
R
P 0x7f2a7c191628
P 0x7f2a7c487be0
C 257
R
P 0x7f2a7c191628
C 342
R
P 0x7f2a7c191628
P 0x7f2a7c487be0
C 254
= 0x7f2a7c19b1e8
R
P 0x7f2a7c191628
C 342
R
P 0x7f2a7c191628
P 0x7f2a7c19b1e8
C 209
R
P 0x7f2a7c191628
C 342
R
P 0x7f2a7c191628
P 0x7f2a7c487be0
C 260
R
P 0x7f2a7c191628
C 342
R
P 0x7f2a7c191628
P 0x7f2a7c487be0
C 259
R
P 0x7f2a7c191628
C 342
R
P 0x7f2a7c191628
P 0x7f2a7c487be0
C 258
R
P 0x7f2a7c191628
C 342
R
P 0x7f2a7c191628
P 0x7f2a7c487be0
C 9
R
P 0x7f2a7c191628
C 342
R
P 0x7f2a7c191628
P 0x7f2a7c19c208
P 0x7f2a7c487be0
C 74
= 0x7f2a7c4898e0
R
P 0x7f2a7c191628
C 342
R
P 0x7f2a7c191628
P 0x7f2a7c4898e0
C 258
R
P 0x7f2a7c191628
C 342
R
P 0x7f2a7c191628
P 0x7f2a7c4898e0
C 9
R
P 0x7f2a7c191628
C 342
R
P 0x7f2a7c191628
U 2
P 0x7f2a7c4898a8
P 0x7f2a7c4898e0
p 2
C 63
= 0x7f2a7c489918
R
P 0x7f2a7c191628
C 342
R
P 0x7f2a7c191628
P 0x7f2a7c489918
C 258
R
P 0x7f2a7c191628
C 342
R
P 0x7f2a7c191628
P 0x7f2a7c489918
C 9
R
P 0x7f2a7c191628
C 342
R
P 0x7f2a7c191628
P 0x7f2a7c489838
P 0x7f2a7c489918
C 61
= 0x7f2a7c489950
R
P 0x7f2a7c191628
C 342
R
P 0x7f2a7c191628
P 0x7f2a7c489950
C 258
R
P 0x7f2a7c191628
C 342
R
P 0x7f2a7c191628
P 0x7f2a7c489950
C 9
R
P 0x7f2a7c191628
C 342
R
P 0x7f2a7c191628
P 0x7f2a7c1e1fc8
P 0x7f2a7c489950
C 427
R
P 0x7f2a7c191628
C 342
R
P 0x7f2a7c191628
I 0
P 0x7f2a7c19b208
C 150
= 0x7f2a7c19bd08
R
P 0x7f2a7c191628
C 342
R
P 0x7f2a7c191628
P 0x7f2a7c19bd08
C 258
R
P 0x7f2a7c191628
C 342
R
P 0x7f2a7c191628
P 0x7f2a7c19bd08
C 9
R
P 0x7f2a7c191628
C 342
R
P 0x7f2a7c191628
I 1
P 0x7f2a7c19b208
C 150
= 0x7f2a7c19bc88
R
P 0x7f2a7c191628
C 342
R
P 0x7f2a7c191628
P 0x7f2a7c19bc88
C 258
R
P 0x7f2a7c191628
C 342
R
P 0x7f2a7c191628
P 0x7f2a7c19bc88
C 9
R
P 0x7f2a7c191628
C 342
R
P 0x7f2a7c191628
P 0x7f2a7c19bd08
P 0x7f2a7c19bc88
C 75
= 0x7f2a7c486fa0
R
P 0x7f2a7c191628
C 342
R
P 0x7f2a7c191628
P 0x7f2a7c486fa0
C 258
R
P 0x7f2a7c191628
C 342
R
P 0x7f2a7c191628
P 0x7f2a7c486fa0
C 9
R
P 0x7f2a7c191628
C 342
R
P 0x7f2a7c191628
I 1
P 0x7f2a7c19b208
C 150
= 0x7f2a7c19bc88
R
P 0x7f2a7c191628
C 342
R
P 0x7f2a7c191628
P 0x7f2a7c19bc88
C 258
R
P 0x7f2a7c191628
C 342
R
P 0x7f2a7c191628
P 0x7f2a7c19bc88
C 9
R
P 0x7f2a7c191628
C 342
R
P 0x7f2a7c191628
U 2
P 0x7f2a7c19bd08
P 0x7f2a7c19bc88
p 2
C 67
= 0x7f2a7c486fd8
R
P 0x7f2a7c191628
C 342
R
P 0x7f2a7c191628
P 0x7f2a7c486fd8
C 257
R
P 0x7f2a7c191628
C 342
R
P 0x7f2a7c191628
P 0x7f2a7c486fd8
C 254
= 0x7f2a7c19b208
R
P 0x7f2a7c191628
C 342
R
P 0x7f2a7c191628
P 0x7f2a7c19b208
C 209
R
P 0x7f2a7c191628
C 342
R
P 0x7f2a7c191628
P 0x7f2a7c486fd8
C 260
R
P 0x7f2a7c191628
C 342
R
P 0x7f2a7c191628
P 0x7f2a7c486fd8
C 259
R
P 0x7f2a7c191628
C 342
R
P 0x7f2a7c191628
P 0x7f2a7c486fd8
C 258
R
P 0x7f2a7c191628
C 342
R
P 0x7f2a7c191628
P 0x7f2a7c486fd8
C 9
R
P 0x7f2a7c191628
C 342
R
P 0x7f2a7c191628
U 2
P 0x7f2a7c19bba8
P 0x7f2a7c486fd8
p 2
C 66
= 0x7f2a7c487010
R
P 0x7f2a7c191628
C 342
R
P 0x7f2a7c191628
P 0x7f2a7c487010
C 257
R
P 0x7f2a7c191628
C 342
R
P 0x7f2a7c191628
P 0x7f2a7c487010
C 254
= 0x7f2a7c19b1e8
R
P 0x7f2a7c191628
C 342
R
P 0x7f2a7c191628
P 0x7f2a7c19b1e8
C 209
R
P 0x7f2a7c191628
C 342
R
P 0x7f2a7c191628
P 0x7f2a7c487010
C 260
R
P 0x7f2a7c191628
C 342
R
P 0x7f2a7c191628
P 0x7f2a7c487010
C 259
R
P 0x7f2a7c191628
C 342
R
P 0x7f2a7c191628
P 0x7f2a7c487010
C 258
R
P 0x7f2a7c191628
C 342
R
P 0x7f2a7c191628
P 0x7f2a7c487010
C 9
R
P 0x7f2a7c191628
C 342
R
P 0x7f2a7c191628
U 2
P 0x7f2a7c19bc28
P 0x7f2a7c487010
p 2
C 65
= 0x7f2a7c487048
R
P 0x7f2a7c191628
C 342
R
P 0x7f2a7c191628
P 0x7f2a7c487048
C 257
R
P 0x7f2a7c191628
C 342
R
P 0x7f2a7c191628
P 0x7f2a7c487048
C 254
= 0x7f2a7c19b1e8
R
P 0x7f2a7c191628
C 342
R
P 0x7f2a7c191628
P 0x7f2a7c19b1e8
C 209
R
P 0x7f2a7c191628
C 342
R
P 0x7f2a7c191628
P 0x7f2a7c487048
C 260
R
P 0x7f2a7c191628
C 342
R
P 0x7f2a7c191628
P 0x7f2a7c487048
C 259
R
P 0x7f2a7c191628
C 342
R
P 0x7f2a7c191628
P 0x7f2a7c487048
C 258
R
P 0x7f2a7c191628
C 342
R
P 0x7f2a7c191628
P 0x7f2a7c487048
C 9
R
P 0x7f2a7c191628
C 342
R
P 0x7f2a7c191628
P 0x7f2a7c486fa0
P 0x7f2a7c487048
P 0x7f2a7c19bc28
C 59
= 0x7f2a7c19f948
R
P 0x7f2a7c191628
C 342
R
P 0x7f2a7c191628
P 0x7f2a7c19f948
C 257
R
P 0x7f2a7c191628
C 342
R
P 0x7f2a7c191628
P 0x7f2a7c19f948
C 254
= 0x7f2a7c19b1e8
R
P 0x7f2a7c191628
C 342
R
P 0x7f2a7c191628
P 0x7f2a7c19b1e8
C 209
R
P 0x7f2a7c191628
C 342
R
P 0x7f2a7c191628
P 0x7f2a7c19f948
C 260
R
P 0x7f2a7c191628
C 342
R
P 0x7f2a7c191628
P 0x7f2a7c19f948
C 259
R
P 0x7f2a7c191628
C 342
R
P 0x7f2a7c191628
P 0x7f2a7c19f948
C 258
R
P 0x7f2a7c191628
C 342
R
P 0x7f2a7c191628
P 0x7f2a7c19f948
C 9
R
P 0x7f2a7c191628
C 342
R
P 0x7f2a7c191628
U 2
P 0x7f2a7c19f948
P 0x7f2a7c19bb48
p 2
C 65
= 0x7f2a7c487080
R
P 0x7f2a7c191628
C 342
R
P 0x7f2a7c191628
P 0x7f2a7c487080
C 257
R
P 0x7f2a7c191628
C 342
R
P 0x7f2a7c191628
P 0x7f2a7c487080
C 254
= 0x7f2a7c19b1e8
R
P 0x7f2a7c191628
C 342
R
P 0x7f2a7c191628
P 0x7f2a7c19b1e8
C 209
R
P 0x7f2a7c191628
C 342
R
P 0x7f2a7c191628
P 0x7f2a7c487080
C 260
R
P 0x7f2a7c191628
C 342
R
P 0x7f2a7c191628
P 0x7f2a7c487080
C 259
R
P 0x7f2a7c191628
C 342
R
P 0x7f2a7c191628
P 0x7f2a7c487080
C 258
R
P 0x7f2a7c191628
C 342
R
P 0x7f2a7c191628
P 0x7f2a7c487080
C 9
R
P 0x7f2a7c191628
C 342
R
P 0x7f2a7c191628
P 0x7f2a7c19bc68
C 333
R
P 0x7f2a7c191628
C 342
R
P 0x7f2a7c191628
S "slotflowPriorityStart"
C 30
R
P 0x7f2a7c191628
C 342
R
P 0x7f2a7c191628
$ |slotflowPriorityStart|
C 202
R
P 0x7f2a7c191628
C 342
R
P 0x7f2a7c191628
$ |slotflowPriorityStart|
P 0x7f2a7c19b1e8
C 51
= 0x7f2a7c19c2a8
R
P 0x7f2a7c191628
C 342
R
P 0x7f2a7c191628
P 0x7f2a7c19c2a8
C 257
R
P 0x7f2a7c191628
C 342
R
P 0x7f2a7c191628
P 0x7f2a7c19c2a8
C 254
= 0x7f2a7c19b1e8
R
P 0x7f2a7c191628
C 342
R
P 0x7f2a7c191628
P 0x7f2a7c19b1e8
C 209
R
P 0x7f2a7c191628
C 342
R
P 0x7f2a7c191628
P 0x7f2a7c19c2a8
C 260
R
P 0x7f2a7c191628
C 342
R
P 0x7f2a7c191628
P 0x7f2a7c19c2a8
C 259
R
P 0x7f2a7c191628
C 342
R
P 0x7f2a7c191628
P 0x7f2a7c19c2a8
C 258
R
P 0x7f2a7c191628
C 342
R
P 0x7f2a7c191628
P 0x7f2a7c19c2a8
C 9
R
P 0x7f2a7c191628
C 342
R
P 0x7f2a7c191628
I 2
P 0x7f2a7c19b208
C 150
= 0x7f2a7c19bcc8
R
P 0x7f2a7c191628
C 342
R
P 0x7f2a7c191628
P 0x7f2a7c19bcc8
C 258
R
P 0x7f2a7c191628
C 342
R
P 0x7f2a7c191628
P 0x7f2a7c19bcc8
C 9
R
P 0x7f2a7c191628
C 342
R
P 0x7f2a7c191628
I 1
P 0x7f2a7c19b208
C 150
= 0x7f2a7c19bc88
R
P 0x7f2a7c191628
C 342
R
P 0x7f2a7c191628
P 0x7f2a7c19bc88
C 258
R
P 0x7f2a7c191628
C 342
R
P 0x7f2a7c191628
P 0x7f2a7c19bc88
C 9
R
P 0x7f2a7c191628
C 342
R
P 0x7f2a7c191628
P 0x7f2a7c19bcc8
P 0x7f2a7c19bc88
C 75
= 0x7f2a7c1a1890
R
P 0x7f2a7c191628
C 342
R
P 0x7f2a7c191628
P 0x7f2a7c1a1890
C 258
R
P 0x7f2a7c191628
C 342
R
P 0x7f2a7c191628
P 0x7f2a7c1a1890
C 9
R
P 0x7f2a7c191628
C 342
R
P 0x7f2a7c191628
I 1
P 0x7f2a7c19b208
C 150
= 0x7f2a7c19bc88
R
P 0x7f2a7c191628
C 342
R
P 0x7f2a7c191628
P 0x7f2a7c19bc88
C 258
R
P 0x7f2a7c191628
C 342
R
P 0x7f2a7c191628
P 0x7f2a7c19bc88
C 9
R
P 0x7f2a7c191628
C 342
R
P 0x7f2a7c191628
U 2
P 0x7f2a7c19bcc8
P 0x7f2a7c19bc88
p 2
C 67
= 0x7f2a7c1a18c8
R
P 0x7f2a7c191628
C 342
R
P 0x7f2a7c191628
P 0x7f2a7c1a18c8
C 257
R
P 0x7f2a7c191628
C 342
R
P 0x7f2a7c191628
P 0x7f2a7c1a18c8
C 254
= 0x7f2a7c19b208
R
P 0x7f2a7c191628
C 342
R
P 0x7f2a7c191628
P 0x7f2a7c19b208
C 209
R
P 0x7f2a7c191628
C 342
R
P 0x7f2a7c191628
P 0x7f2a7c1a18c8
C 260
R
P 0x7f2a7c191628
C 342
R
P 0x7f2a7c191628
P 0x7f2a7c1a18c8
C 259
R
P 0x7f2a7c191628
C 342
R
P 0x7f2a7c191628
P 0x7f2a7c1a18c8
C 258
R
P 0x7f2a7c191628
C 342
R
P 0x7f2a7c191628
P 0x7f2a7c1a18c8
C 9
R
P 0x7f2a7c191628
C 342
R
P 0x7f2a7c191628
U 2
P 0x7f2a7c19bbe8
P 0x7f2a7c1a18c8
p 2
C 66
= 0x7f2a7c487d68
R
P 0x7f2a7c191628
C 342
R
P 0x7f2a7c191628
P 0x7f2a7c487d68
C 257
R
P 0x7f2a7c191628
C 342
R
P 0x7f2a7c191628
P 0x7f2a7c487d68
C 254
= 0x7f2a7c19b208
R
P 0x7f2a7c191628
C 342
R
P 0x7f2a7c191628
P 0x7f2a7c19b208
C 209
R
P 0x7f2a7c191628
C 342
R
P 0x7f2a7c191628
P 0x7f2a7c487d68
C 260
R
P 0x7f2a7c191628
C 342
R
P 0x7f2a7c191628
P 0x7f2a7c487d68
C 259
R
P 0x7f2a7c191628
C 342
R
P 0x7f2a7c191628
P 0x7f2a7c487d68
C 258
R
P 0x7f2a7c191628
C 342
R
P 0x7f2a7c191628
P 0x7f2a7c487d68
C 9
R
P 0x7f2a7c191628
C 342
R
P 0x7f2a7c191628
U 2
P 0x7f2a7c19bb88
P 0x7f2a7c487d68
p 2
C 65
= 0x7f2a7c487da0
R
P 0x7f2a7c191628
C 342
R
P 0x7f2a7c191628
P 0x7f2a7c487da0
C 257
R
P 0x7f2a7c191628
C 342
R
P 0x7f2a7c191628
P 0x7f2a7c487da0
C 254
= 0x7f2a7c19b1e8
R
P 0x7f2a7c191628
C 342
R
P 0x7f2a7c191628
P 0x7f2a7c19b1e8
C 209
R
P 0x7f2a7c191628
C 342
R
P 0x7f2a7c191628
P 0x7f2a7c487da0
C 260
R
P 0x7f2a7c191628
C 342
R
P 0x7f2a7c191628
P 0x7f2a7c487da0
C 259
R
P 0x7f2a7c191628
C 342
R
P 0x7f2a7c191628
P 0x7f2a7c487da0
C 258
R
P 0x7f2a7c191628
C 342
R
P 0x7f2a7c191628
P 0x7f2a7c487da0
C 9
R
P 0x7f2a7c191628
C 342
R
P 0x7f2a7c191628
P 0x7f2a7c1a1890
P 0x7f2a7c487da0
P 0x7f2a7c19bb88
C 59
= 0x7f2a7c19fa88
R
P 0x7f2a7c191628
C 342
R
P 0x7f2a7c191628
P 0x7f2a7c19fa88
C 257
R
P 0x7f2a7c191628
C 342
R
P 0x7f2a7c191628
P 0x7f2a7c19fa88
C 254
= 0x7f2a7c19b1e8
R
P 0x7f2a7c191628
C 342
R
P 0x7f2a7c191628
P 0x7f2a7c19b1e8
C 209
R
P 0x7f2a7c191628
C 342
R
P 0x7f2a7c191628
P 0x7f2a7c19fa88
C 260
R
P 0x7f2a7c191628
C 342
R
P 0x7f2a7c191628
P 0x7f2a7c19fa88
C 259
R
P 0x7f2a7c191628
C 342
R
P 0x7f2a7c191628
P 0x7f2a7c19fa88
C 258
R
P 0x7f2a7c191628
C 342
R
P 0x7f2a7c191628
P 0x7f2a7c19fa88
C 9
R
P 0x7f2a7c191628
C 342
R
P 0x7f2a7c191628
U 2
P 0x7f2a7c19c2a8
P 0x7f2a7c19fa88
p 2
C 65
= 0x7f2a7c487e80
R
P 0x7f2a7c191628
C 342
R
P 0x7f2a7c191628
P 0x7f2a7c487e80
C 257
R
P 0x7f2a7c191628
C 342
R
P 0x7f2a7c191628
P 0x7f2a7c487e80
C 254
= 0x7f2a7c19b1e8
R
P 0x7f2a7c191628
C 342
R
P 0x7f2a7c191628
P 0x7f2a7c19b1e8
C 209
R
P 0x7f2a7c191628
C 342
R
P 0x7f2a7c191628
P 0x7f2a7c487e80
C 260
R
P 0x7f2a7c191628
C 342
R
P 0x7f2a7c191628
P 0x7f2a7c487e80
C 259
R
P 0x7f2a7c191628
C 342
R
P 0x7f2a7c191628
P 0x7f2a7c487e80
C 258
R
P 0x7f2a7c191628
C 342
R
P 0x7f2a7c191628
P 0x7f2a7c487e80
C 9
R
P 0x7f2a7c191628
C 342
R
P 0x7f2a7c191628
P 0x7f2a7c487080
P 0x7f2a7c487e80
C 73
= 0x7f2a7c489988
R
P 0x7f2a7c191628
C 342
R
P 0x7f2a7c191628
P 0x7f2a7c489988
C 258
R
P 0x7f2a7c191628
C 342
R
P 0x7f2a7c191628
P 0x7f2a7c489988
C 9
R
P 0x7f2a7c191628
C 342
R
P 0x7f2a7c191628
I 0
P 0x7f2a7c19b208
C 150
= 0x7f2a7c19bd08
R
P 0x7f2a7c191628
C 342
R
P 0x7f2a7c191628
P 0x7f2a7c19bd08
C 258
R
P 0x7f2a7c191628
C 342
R
P 0x7f2a7c191628
P 0x7f2a7c19bd08
C 9
R
P 0x7f2a7c191628
C 342
R
P 0x7f2a7c191628
I 1
P 0x7f2a7c19b208
C 150
= 0x7f2a7c19bc88
R
P 0x7f2a7c191628
C 342
R
P 0x7f2a7c191628
P 0x7f2a7c19bc88
C 258
R
P 0x7f2a7c191628
C 342
R
P 0x7f2a7c191628
P 0x7f2a7c19bc88
C 9
R
P 0x7f2a7c191628
C 342
R
P 0x7f2a7c191628
P 0x7f2a7c19bd08
P 0x7f2a7c19bc88
C 75
= 0x7f2a7c486fa0
R
P 0x7f2a7c191628
C 342
R
P 0x7f2a7c191628
P 0x7f2a7c486fa0
C 258
R
P 0x7f2a7c191628
C 342
R
P 0x7f2a7c191628
P 0x7f2a7c486fa0
C 9
R
P 0x7f2a7c191628
C 342
R
P 0x7f2a7c191628
I 1
P 0x7f2a7c19b208
C 150
= 0x7f2a7c19bc88
R
P 0x7f2a7c191628
C 342
R
P 0x7f2a7c191628
P 0x7f2a7c19bc88
C 258
R
P 0x7f2a7c191628
C 342
R
P 0x7f2a7c191628
P 0x7f2a7c19bc88
C 9
R
P 0x7f2a7c191628
C 342
R
P 0x7f2a7c191628
U 2
P 0x7f2a7c19bd08
P 0x7f2a7c19bc88
p 2
C 67
= 0x7f2a7c486fd8
R
P 0x7f2a7c191628
C 342
R
P 0x7f2a7c191628
P 0x7f2a7c486fd8
C 257
R
P 0x7f2a7c191628
C 342
R
P 0x7f2a7c191628
P 0x7f2a7c486fd8
C 254
= 0x7f2a7c19b208
R
P 0x7f2a7c191628
C 342
R
P 0x7f2a7c191628
P 0x7f2a7c19b208
C 209
R
P 0x7f2a7c191628
C 342
R
P 0x7f2a7c191628
P 0x7f2a7c486fd8
C 260
R
P 0x7f2a7c191628
C 342
R
P 0x7f2a7c191628
P 0x7f2a7c486fd8
C 259
R
P 0x7f2a7c191628
C 342
R
P 0x7f2a7c191628
P 0x7f2a7c486fd8
C 258
R
P 0x7f2a7c191628
C 342
R
P 0x7f2a7c191628
P 0x7f2a7c486fd8
C 9
R
P 0x7f2a7c191628
C 342
R
P 0x7f2a7c191628
U 2
P 0x7f2a7c19bba8
P 0x7f2a7c486fd8
p 2
C 66
= 0x7f2a7c487010
R
P 0x7f2a7c191628
C 342
R
P 0x7f2a7c191628
P 0x7f2a7c487010
C 257
R
P 0x7f2a7c191628
C 342
R
P 0x7f2a7c191628
P 0x7f2a7c487010
C 254
= 0x7f2a7c19b1e8
R
P 0x7f2a7c191628
C 342
R
P 0x7f2a7c191628
P 0x7f2a7c19b1e8
C 209
R
P 0x7f2a7c191628
C 342
R
P 0x7f2a7c191628
P 0x7f2a7c487010
C 260
R
P 0x7f2a7c191628
C 342
R
P 0x7f2a7c191628
P 0x7f2a7c487010
C 259
R
P 0x7f2a7c191628
C 342
R
P 0x7f2a7c191628
P 0x7f2a7c487010
C 258
R
P 0x7f2a7c191628
C 342
R
P 0x7f2a7c191628
P 0x7f2a7c487010
C 9
R
P 0x7f2a7c191628
C 342
R
P 0x7f2a7c191628
U 2
P 0x7f2a7c19bc28
P 0x7f2a7c487010
p 2
C 65
= 0x7f2a7c487048
R
P 0x7f2a7c191628
C 342
R
P 0x7f2a7c191628
P 0x7f2a7c487048
C 257
R
P 0x7f2a7c191628
C 342
R
P 0x7f2a7c191628
P 0x7f2a7c487048
C 254
= 0x7f2a7c19b1e8
R
P 0x7f2a7c191628
C 342
R
P 0x7f2a7c191628
P 0x7f2a7c19b1e8
C 209
R
P 0x7f2a7c191628
C 342
R
P 0x7f2a7c191628
P 0x7f2a7c487048
C 260
R
P 0x7f2a7c191628
C 342
R
P 0x7f2a7c191628
P 0x7f2a7c487048
C 259
R
P 0x7f2a7c191628
C 342
R
P 0x7f2a7c191628
P 0x7f2a7c487048
C 258
R
P 0x7f2a7c191628
C 342
R
P 0x7f2a7c191628
P 0x7f2a7c487048
C 9
R
P 0x7f2a7c191628
C 342
R
P 0x7f2a7c191628
P 0x7f2a7c486fa0
P 0x7f2a7c487048
P 0x7f2a7c19bc28
C 59
= 0x7f2a7c19f948
R
P 0x7f2a7c191628
C 342
R
P 0x7f2a7c191628
P 0x7f2a7c19f948
C 257
R
P 0x7f2a7c191628
C 342
R
P 0x7f2a7c191628
P 0x7f2a7c19f948
C 254
= 0x7f2a7c19b1e8
R
P 0x7f2a7c191628
C 342
R
P 0x7f2a7c191628
P 0x7f2a7c19b1e8
C 209
R
P 0x7f2a7c191628
C 342
R
P 0x7f2a7c191628
P 0x7f2a7c19f948
C 260
R
P 0x7f2a7c191628
C 342
R
P 0x7f2a7c191628
P 0x7f2a7c19f948
C 259
R
P 0x7f2a7c191628
C 342
R
P 0x7f2a7c191628
P 0x7f2a7c19f948
C 258
R
P 0x7f2a7c191628
C 342
R
P 0x7f2a7c191628
P 0x7f2a7c19f948
C 9
R
P 0x7f2a7c191628
C 342
R
P 0x7f2a7c191628
U 2
P 0x7f2a7c19f948
P 0x7f2a7c19bb48
p 2
C 65
= 0x7f2a7c487080
R
P 0x7f2a7c191628
C 342
R
P 0x7f2a7c191628
P 0x7f2a7c487080
C 257
R
P 0x7f2a7c191628
C 342
R
P 0x7f2a7c191628
P 0x7f2a7c487080
C 254
= 0x7f2a7c19b1e8
R
P 0x7f2a7c191628
C 342
R
P 0x7f2a7c191628
P 0x7f2a7c19b1e8
C 209
R
P 0x7f2a7c191628
C 342
R
P 0x7f2a7c191628
P 0x7f2a7c487080
C 260
R
P 0x7f2a7c191628
C 342
R
P 0x7f2a7c191628
P 0x7f2a7c487080
C 259
R
P 0x7f2a7c191628
C 342
R
P 0x7f2a7c191628
P 0x7f2a7c487080
C 258
R
P 0x7f2a7c191628
C 342
R
P 0x7f2a7c191628
P 0x7f2a7c487080
C 9
R
P 0x7f2a7c191628
C 342
R
P 0x7f2a7c191628
I 2
P 0x7f2a7c19b208
C 150
= 0x7f2a7c19bcc8
R
P 0x7f2a7c191628
C 342
R
P 0x7f2a7c191628
P 0x7f2a7c19bcc8
C 258
R
P 0x7f2a7c191628
C 342
R
P 0x7f2a7c191628
P 0x7f2a7c19bcc8
C 9
R
P 0x7f2a7c191628
C 342
R
P 0x7f2a7c191628
I 1
P 0x7f2a7c19b208
C 150
= 0x7f2a7c19bc88
R
P 0x7f2a7c191628
C 342
R
P 0x7f2a7c191628
P 0x7f2a7c19bc88
C 258
R
P 0x7f2a7c191628
C 342
R
P 0x7f2a7c191628
P 0x7f2a7c19bc88
C 9
R
P 0x7f2a7c191628
C 342
R
P 0x7f2a7c191628
P 0x7f2a7c19bcc8
P 0x7f2a7c19bc88
C 75
= 0x7f2a7c1a1890
R
P 0x7f2a7c191628
C 342
R
P 0x7f2a7c191628
P 0x7f2a7c1a1890
C 258
R
P 0x7f2a7c191628
C 342
R
P 0x7f2a7c191628
P 0x7f2a7c1a1890
C 9
R
P 0x7f2a7c191628
C 342
R
P 0x7f2a7c191628
I 1
P 0x7f2a7c19b208
C 150
= 0x7f2a7c19bc88
R
P 0x7f2a7c191628
C 342
R
P 0x7f2a7c191628
P 0x7f2a7c19bc88
C 258
R
P 0x7f2a7c191628
C 342
R
P 0x7f2a7c191628
P 0x7f2a7c19bc88
C 9
R
P 0x7f2a7c191628
C 342
R
P 0x7f2a7c191628
U 2
P 0x7f2a7c19bcc8
P 0x7f2a7c19bc88
p 2
C 67
= 0x7f2a7c1a18c8
R
P 0x7f2a7c191628
C 342
R
P 0x7f2a7c191628
P 0x7f2a7c1a18c8
C 257
R
P 0x7f2a7c191628
C 342
R
P 0x7f2a7c191628
P 0x7f2a7c1a18c8
C 254
= 0x7f2a7c19b208
R
P 0x7f2a7c191628
C 342
R
P 0x7f2a7c191628
P 0x7f2a7c19b208
C 209
R
P 0x7f2a7c191628
C 342
R
P 0x7f2a7c191628
P 0x7f2a7c1a18c8
C 260
R
P 0x7f2a7c191628
C 342
R
P 0x7f2a7c191628
P 0x7f2a7c1a18c8
C 259
R
P 0x7f2a7c191628
C 342
R
P 0x7f2a7c191628
P 0x7f2a7c1a18c8
C 258
R
P 0x7f2a7c191628
C 342
R
P 0x7f2a7c191628
P 0x7f2a7c1a18c8
C 9
R
P 0x7f2a7c191628
C 342
R
P 0x7f2a7c191628
U 2
P 0x7f2a7c19bbe8
P 0x7f2a7c1a18c8
p 2
C 66
= 0x7f2a7c487d68
R
P 0x7f2a7c191628
C 342
R
P 0x7f2a7c191628
P 0x7f2a7c487d68
C 257
R
P 0x7f2a7c191628
C 342
R
P 0x7f2a7c191628
P 0x7f2a7c487d68
C 254
= 0x7f2a7c19b208
R
P 0x7f2a7c191628
C 342
R
P 0x7f2a7c191628
P 0x7f2a7c19b208
C 209
R
P 0x7f2a7c191628
C 342
R
P 0x7f2a7c191628
P 0x7f2a7c487d68
C 260
R
P 0x7f2a7c191628
C 342
R
P 0x7f2a7c191628
P 0x7f2a7c487d68
C 259
R
P 0x7f2a7c191628
C 342
R
P 0x7f2a7c191628
P 0x7f2a7c487d68
C 258
R
P 0x7f2a7c191628
C 342
R
P 0x7f2a7c191628
P 0x7f2a7c487d68
C 9
R
P 0x7f2a7c191628
C 342
R
P 0x7f2a7c191628
U 2
P 0x7f2a7c19bb88
P 0x7f2a7c487d68
p 2
C 65
= 0x7f2a7c487da0
R
P 0x7f2a7c191628
C 342
R
P 0x7f2a7c191628
P 0x7f2a7c487da0
C 257
R
P 0x7f2a7c191628
C 342
R
P 0x7f2a7c191628
P 0x7f2a7c487da0
C 254
= 0x7f2a7c19b1e8
R
P 0x7f2a7c191628
C 342
R
P 0x7f2a7c191628
P 0x7f2a7c19b1e8
C 209
R
P 0x7f2a7c191628
C 342
R
P 0x7f2a7c191628
P 0x7f2a7c487da0
C 260
R
P 0x7f2a7c191628
C 342
R
P 0x7f2a7c191628
P 0x7f2a7c487da0
C 259
R
P 0x7f2a7c191628
C 342
R
P 0x7f2a7c191628
P 0x7f2a7c487da0
C 258
R
P 0x7f2a7c191628
C 342
R
P 0x7f2a7c191628
P 0x7f2a7c487da0
C 9
R
P 0x7f2a7c191628
C 342
R
P 0x7f2a7c191628
P 0x7f2a7c1a1890
P 0x7f2a7c487da0
P 0x7f2a7c19bb88
C 59
= 0x7f2a7c19fa88
R
P 0x7f2a7c191628
C 342
R
P 0x7f2a7c191628
P 0x7f2a7c19fa88
C 257
R
P 0x7f2a7c191628
C 342
R
P 0x7f2a7c191628
P 0x7f2a7c19fa88
C 254
= 0x7f2a7c19b1e8
R
P 0x7f2a7c191628
C 342
R
P 0x7f2a7c191628
P 0x7f2a7c19b1e8
C 209
R
P 0x7f2a7c191628
C 342
R
P 0x7f2a7c191628
P 0x7f2a7c19fa88
C 260
R
P 0x7f2a7c191628
C 342
R
P 0x7f2a7c191628
P 0x7f2a7c19fa88
C 259
R
P 0x7f2a7c191628
C 342
R
P 0x7f2a7c191628
P 0x7f2a7c19fa88
C 258
R
P 0x7f2a7c191628
C 342
R
P 0x7f2a7c191628
P 0x7f2a7c19fa88
C 9
R
P 0x7f2a7c191628
C 342
R
P 0x7f2a7c191628
P 0x7f2a7c487080
P 0x7f2a7c19fa88
C 76
= 0x7f2a7c4899c0
R
P 0x7f2a7c191628
C 342
R
P 0x7f2a7c191628
P 0x7f2a7c4899c0
C 258
R
P 0x7f2a7c191628
C 342
R
P 0x7f2a7c191628
P 0x7f2a7c4899c0
C 9
R
P 0x7f2a7c191628
C 342
R
P 0x7f2a7c191628
U 2
P 0x7f2a7c489988
P 0x7f2a7c4899c0
p 2
C 63
= 0x7f2a7c4899f8
R
P 0x7f2a7c191628
C 342
R
P 0x7f2a7c191628
P 0x7f2a7c4899f8
C 258
R
P 0x7f2a7c191628
C 342
R
P 0x7f2a7c191628
P 0x7f2a7c4899f8
C 9
R
P 0x7f2a7c191628
C 342
R
P 0x7f2a7c191628
I 0
P 0x7f2a7c19b208
C 150
= 0x7f2a7c19bd08
R
P 0x7f2a7c191628
C 342
R
P 0x7f2a7c191628
P 0x7f2a7c19bd08
C 258
R
P 0x7f2a7c191628
C 342
R
P 0x7f2a7c191628
P 0x7f2a7c19bd08
C 9
R
P 0x7f2a7c191628
C 342
R
P 0x7f2a7c191628
P 0x7f2a7c19bd08
C 263
R
P 0x7f2a7c191628
C 342
R
P 0x7f2a7c191628
S "dev0T30"
C 30
R
P 0x7f2a7c191628
C 342
R
P 0x7f2a7c191628
$ |dev0T30|
C 202
R
P 0x7f2a7c191628
C 342
R
P 0x7f2a7c191628
$ |dev0T30|
P 0x7f2a7c19b1e8
C 51
= 0x7f2a7c19c208
R
P 0x7f2a7c191628
C 342
R
P 0x7f2a7c191628
P 0x7f2a7c19c208
C 257
R
P 0x7f2a7c191628
C 342
R
P 0x7f2a7c191628
P 0x7f2a7c19c208
C 254
= 0x7f2a7c19b1e8
R
P 0x7f2a7c191628
C 342
R
P 0x7f2a7c191628
P 0x7f2a7c19b1e8
C 209
R
P 0x7f2a7c191628
C 342
R
P 0x7f2a7c191628
P 0x7f2a7c19c208
C 260
R
P 0x7f2a7c191628
C 342
R
P 0x7f2a7c191628
P 0x7f2a7c19c208
C 259
R
P 0x7f2a7c191628
C 342
R
P 0x7f2a7c191628
P 0x7f2a7c19c208
C 258
R
P 0x7f2a7c191628
C 342
R
P 0x7f2a7c191628
P 0x7f2a7c19c208
C 9
R
P 0x7f2a7c191628
C 342
R
P 0x7f2a7c191628
P 0x7f2a7c19bc68
C 333
R
P 0x7f2a7c191628
C 342
R
P 0x7f2a7c191628
S "slotflowPriorityStart"
C 30
R
P 0x7f2a7c191628
C 342
R
P 0x7f2a7c191628
$ |slotflowPriorityStart|
C 202
R
P 0x7f2a7c191628
C 342
R
P 0x7f2a7c191628
$ |slotflowPriorityStart|
P 0x7f2a7c19b1e8
C 51
= 0x7f2a7c19c2a8
R
P 0x7f2a7c191628
C 342
R
P 0x7f2a7c191628
P 0x7f2a7c19c2a8
C 257
R
P 0x7f2a7c191628
C 342
R
P 0x7f2a7c191628
P 0x7f2a7c19c2a8
C 254
= 0x7f2a7c19b1e8
R
P 0x7f2a7c191628
C 342
R
P 0x7f2a7c191628
P 0x7f2a7c19b1e8
C 209
R
P 0x7f2a7c191628
C 342
R
P 0x7f2a7c191628
P 0x7f2a7c19c2a8
C 260
R
P 0x7f2a7c191628
C 342
R
P 0x7f2a7c191628
P 0x7f2a7c19c2a8
C 259
R
P 0x7f2a7c191628
C 342
R
P 0x7f2a7c191628
P 0x7f2a7c19c2a8
C 258
R
P 0x7f2a7c191628
C 342
R
P 0x7f2a7c191628
P 0x7f2a7c19c2a8
C 9
R
P 0x7f2a7c191628
C 342
R
P 0x7f2a7c191628
I 2
P 0x7f2a7c19b208
C 150
= 0x7f2a7c19bcc8
R
P 0x7f2a7c191628
C 342
R
P 0x7f2a7c191628
P 0x7f2a7c19bcc8
C 258
R
P 0x7f2a7c191628
C 342
R
P 0x7f2a7c191628
P 0x7f2a7c19bcc8
C 9
R
P 0x7f2a7c191628
C 342
R
P 0x7f2a7c191628
I 1
P 0x7f2a7c19b208
C 150
= 0x7f2a7c19bc88
R
P 0x7f2a7c191628
C 342
R
P 0x7f2a7c191628
P 0x7f2a7c19bc88
C 258
R
P 0x7f2a7c191628
C 342
R
P 0x7f2a7c191628
P 0x7f2a7c19bc88
C 9
R
P 0x7f2a7c191628
C 342
R
P 0x7f2a7c191628
P 0x7f2a7c19bcc8
P 0x7f2a7c19bc88
C 75
= 0x7f2a7c1a1890
R
P 0x7f2a7c191628
C 342
R
P 0x7f2a7c191628
P 0x7f2a7c1a1890
C 258
R
P 0x7f2a7c191628
C 342
R
P 0x7f2a7c191628
P 0x7f2a7c1a1890
C 9
R
P 0x7f2a7c191628
C 342
R
P 0x7f2a7c191628
I 1
P 0x7f2a7c19b208
C 150
= 0x7f2a7c19bc88
R
P 0x7f2a7c191628
C 342
R
P 0x7f2a7c191628
P 0x7f2a7c19bc88
C 258
R
P 0x7f2a7c191628
C 342
R
P 0x7f2a7c191628
P 0x7f2a7c19bc88
C 9
R
P 0x7f2a7c191628
C 342
R
P 0x7f2a7c191628
U 2
P 0x7f2a7c19bcc8
P 0x7f2a7c19bc88
p 2
C 67
= 0x7f2a7c1a18c8
R
P 0x7f2a7c191628
C 342
R
P 0x7f2a7c191628
P 0x7f2a7c1a18c8
C 257
R
P 0x7f2a7c191628
C 342
R
P 0x7f2a7c191628
P 0x7f2a7c1a18c8
C 254
= 0x7f2a7c19b208
R
P 0x7f2a7c191628
C 342
R
P 0x7f2a7c191628
P 0x7f2a7c19b208
C 209
R
P 0x7f2a7c191628
C 342
R
P 0x7f2a7c191628
P 0x7f2a7c1a18c8
C 260
R
P 0x7f2a7c191628
C 342
R
P 0x7f2a7c191628
P 0x7f2a7c1a18c8
C 259
R
P 0x7f2a7c191628
C 342
R
P 0x7f2a7c191628
P 0x7f2a7c1a18c8
C 258
R
P 0x7f2a7c191628
C 342
R
P 0x7f2a7c191628
P 0x7f2a7c1a18c8
C 9
R
P 0x7f2a7c191628
C 342
R
P 0x7f2a7c191628
U 2
P 0x7f2a7c19bbe8
P 0x7f2a7c1a18c8
p 2
C 66
= 0x7f2a7c487d68
R
P 0x7f2a7c191628
C 342
R
P 0x7f2a7c191628
P 0x7f2a7c487d68
C 257
R
P 0x7f2a7c191628
C 342
R
P 0x7f2a7c191628
P 0x7f2a7c487d68
C 254
= 0x7f2a7c19b208
R
P 0x7f2a7c191628
C 342
R
P 0x7f2a7c191628
P 0x7f2a7c19b208
C 209
R
P 0x7f2a7c191628
C 342
R
P 0x7f2a7c191628
P 0x7f2a7c487d68
C 260
R
P 0x7f2a7c191628
C 342
R
P 0x7f2a7c191628
P 0x7f2a7c487d68
C 259
R
P 0x7f2a7c191628
C 342
R
P 0x7f2a7c191628
P 0x7f2a7c487d68
C 258
R
P 0x7f2a7c191628
C 342
R
P 0x7f2a7c191628
P 0x7f2a7c487d68
C 9
R
P 0x7f2a7c191628
C 342
R
P 0x7f2a7c191628
U 2
P 0x7f2a7c19bb88
P 0x7f2a7c487d68
p 2
C 65
= 0x7f2a7c487da0
R
P 0x7f2a7c191628
C 342
R
P 0x7f2a7c191628
P 0x7f2a7c487da0
C 257
R
P 0x7f2a7c191628
C 342
R
P 0x7f2a7c191628
P 0x7f2a7c487da0
C 254
= 0x7f2a7c19b1e8
R
P 0x7f2a7c191628
C 342
R
P 0x7f2a7c191628
P 0x7f2a7c19b1e8
C 209
R
P 0x7f2a7c191628
C 342
R
P 0x7f2a7c191628
P 0x7f2a7c487da0
C 260
R
P 0x7f2a7c191628
C 342
R
P 0x7f2a7c191628
P 0x7f2a7c487da0
C 259
R
P 0x7f2a7c191628
C 342
R
P 0x7f2a7c191628
P 0x7f2a7c487da0
C 258
R
P 0x7f2a7c191628
C 342
R
P 0x7f2a7c191628
P 0x7f2a7c487da0
C 9
R
P 0x7f2a7c191628
C 342
R
P 0x7f2a7c191628
P 0x7f2a7c1a1890
P 0x7f2a7c487da0
P 0x7f2a7c19bb88
C 59
= 0x7f2a7c19fa88
R
P 0x7f2a7c191628
C 342
R
P 0x7f2a7c191628
P 0x7f2a7c19fa88
C 257
R
P 0x7f2a7c191628
C 342
R
P 0x7f2a7c191628
P 0x7f2a7c19fa88
C 254
= 0x7f2a7c19b1e8
R
P 0x7f2a7c191628
C 342
R
P 0x7f2a7c191628
P 0x7f2a7c19b1e8
C 209
R
P 0x7f2a7c191628
C 342
R
P 0x7f2a7c191628
P 0x7f2a7c19fa88
C 260
R
P 0x7f2a7c191628
C 342
R
P 0x7f2a7c191628
P 0x7f2a7c19fa88
C 259
R
P 0x7f2a7c191628
C 342
R
P 0x7f2a7c191628
P 0x7f2a7c19fa88
C 258
R
P 0x7f2a7c191628
C 342
R
P 0x7f2a7c191628
P 0x7f2a7c19fa88
C 9
R
P 0x7f2a7c191628
C 342
R
P 0x7f2a7c191628
U 2
P 0x7f2a7c19c2a8
P 0x7f2a7c19fa88
p 2
C 65
= 0x7f2a7c487e80
R
P 0x7f2a7c191628
C 342
R
P 0x7f2a7c191628
P 0x7f2a7c487e80
C 257
R
P 0x7f2a7c191628
C 342
R
P 0x7f2a7c191628
P 0x7f2a7c487e80
C 254
= 0x7f2a7c19b1e8
R
P 0x7f2a7c191628
C 342
R
P 0x7f2a7c191628
P 0x7f2a7c19b1e8
C 209
R
P 0x7f2a7c191628
C 342
R
P 0x7f2a7c191628
P 0x7f2a7c487e80
C 260
R
P 0x7f2a7c191628
C 342
R
P 0x7f2a7c191628
P 0x7f2a7c487e80
C 259
R
P 0x7f2a7c191628
C 342
R
P 0x7f2a7c191628
P 0x7f2a7c487e80
C 258
R
P 0x7f2a7c191628
C 342
R
P 0x7f2a7c191628
P 0x7f2a7c487e80
C 9
R
P 0x7f2a7c191628
C 342
R
P 0x7f2a7c191628
U 2
P 0x7f2a7c487e80
P 0x7f2a7c19bb68
p 2
C 65
= 0x7f2a7c489a30
R
P 0x7f2a7c191628
C 342
R
P 0x7f2a7c191628
P 0x7f2a7c489a30
C 257
R
P 0x7f2a7c191628
C 342
R
P 0x7f2a7c191628
P 0x7f2a7c489a30
C 254
= 0x7f2a7c19b1e8
R
P 0x7f2a7c191628
C 342
R
P 0x7f2a7c191628
P 0x7f2a7c19b1e8
C 209
R
P 0x7f2a7c191628
C 342
R
P 0x7f2a7c191628
P 0x7f2a7c489a30
C 260
R
P 0x7f2a7c191628
C 342
R
P 0x7f2a7c191628
P 0x7f2a7c489a30
C 259
R
P 0x7f2a7c191628
C 342
R
P 0x7f2a7c191628
P 0x7f2a7c489a30
C 258
R
P 0x7f2a7c191628
C 342
R
P 0x7f2a7c191628
P 0x7f2a7c489a30
C 9
R
P 0x7f2a7c191628
C 342
R
P 0x7f2a7c191628
P 0x7f2a7c19c208
P 0x7f2a7c489a30
C 76
= 0x7f2a7c489a68
R
P 0x7f2a7c191628
C 342
R
P 0x7f2a7c191628
P 0x7f2a7c489a68
C 258
R
P 0x7f2a7c191628
C 342
R
P 0x7f2a7c191628
P 0x7f2a7c489a68
C 9
R
P 0x7f2a7c191628
C 342
R
P 0x7f2a7c191628
I 0
P 0x7f2a7c19b208
C 150
= 0x7f2a7c19bd08
R
P 0x7f2a7c191628
C 342
R
P 0x7f2a7c191628
P 0x7f2a7c19bd08
C 258
R
P 0x7f2a7c191628
C 342
R
P 0x7f2a7c191628
P 0x7f2a7c19bd08
C 9
R
P 0x7f2a7c191628
C 342
R
P 0x7f2a7c191628
P 0x7f2a7c19bd08
C 263
R
P 0x7f2a7c191628
C 342
R
P 0x7f2a7c191628
S "dev0T30"
C 30
R
P 0x7f2a7c191628
C 342
R
P 0x7f2a7c191628
$ |dev0T30|
C 202
R
P 0x7f2a7c191628
C 342
R
P 0x7f2a7c191628
$ |dev0T30|
P 0x7f2a7c19b1e8
C 51
= 0x7f2a7c19c208
R
P 0x7f2a7c191628
C 342
R
P 0x7f2a7c191628
P 0x7f2a7c19c208
C 257
R
P 0x7f2a7c191628
C 342
R
P 0x7f2a7c191628
P 0x7f2a7c19c208
C 254
= 0x7f2a7c19b1e8
R
P 0x7f2a7c191628
C 342
R
P 0x7f2a7c191628
P 0x7f2a7c19b1e8
C 209
R
P 0x7f2a7c191628
C 342
R
P 0x7f2a7c191628
P 0x7f2a7c19c208
C 260
R
P 0x7f2a7c191628
C 342
R
P 0x7f2a7c191628
P 0x7f2a7c19c208
C 259
R
P 0x7f2a7c191628
C 342
R
P 0x7f2a7c191628
P 0x7f2a7c19c208
C 258
R
P 0x7f2a7c191628
C 342
R
P 0x7f2a7c191628
P 0x7f2a7c19c208
C 9
R
P 0x7f2a7c191628
C 342
R
P 0x7f2a7c191628
P 0x7f2a7c19bc68
C 333
R
P 0x7f2a7c191628
C 342
R
P 0x7f2a7c191628
S "slotflowPriorityStart"
C 30
R
P 0x7f2a7c191628
C 342
R
P 0x7f2a7c191628
$ |slotflowPriorityStart|
C 202
R
P 0x7f2a7c191628
C 342
R
P 0x7f2a7c191628
$ |slotflowPriorityStart|
P 0x7f2a7c19b1e8
C 51
= 0x7f2a7c19c2a8
R
P 0x7f2a7c191628
C 342
R
P 0x7f2a7c191628
P 0x7f2a7c19c2a8
C 257
R
P 0x7f2a7c191628
C 342
R
P 0x7f2a7c191628
P 0x7f2a7c19c2a8
C 254
= 0x7f2a7c19b1e8
R
P 0x7f2a7c191628
C 342
R
P 0x7f2a7c191628
P 0x7f2a7c19b1e8
C 209
R
P 0x7f2a7c191628
C 342
R
P 0x7f2a7c191628
P 0x7f2a7c19c2a8
C 260
R
P 0x7f2a7c191628
C 342
R
P 0x7f2a7c191628
P 0x7f2a7c19c2a8
C 259
R
P 0x7f2a7c191628
C 342
R
P 0x7f2a7c191628
P 0x7f2a7c19c2a8
C 258
R
P 0x7f2a7c191628
C 342
R
P 0x7f2a7c191628
P 0x7f2a7c19c2a8
C 9
R
P 0x7f2a7c191628
C 342
R
P 0x7f2a7c191628
P 0x7f2a7c19bc68
C 333
R
P 0x7f2a7c191628
C 342
R
P 0x7f2a7c191628
S "slotflowPriorityDuration"
C 30
R
P 0x7f2a7c191628
C 342
R
P 0x7f2a7c191628
$ |slotflowPriorityDuration|
C 202
R
P 0x7f2a7c191628
C 342
R
P 0x7f2a7c191628
$ |slotflowPriorityDuration|
P 0x7f2a7c19b1e8
C 51
= 0x7f2a7c19c268
R
P 0x7f2a7c191628
C 342
R
P 0x7f2a7c191628
P 0x7f2a7c19c268
C 257
R
P 0x7f2a7c191628
C 342
R
P 0x7f2a7c191628
P 0x7f2a7c19c268
C 254
= 0x7f2a7c19b1e8
R
P 0x7f2a7c191628
C 342
R
P 0x7f2a7c191628
P 0x7f2a7c19b1e8
C 209
R
P 0x7f2a7c191628
C 342
R
P 0x7f2a7c191628
P 0x7f2a7c19c268
C 260
R
P 0x7f2a7c191628
C 342
R
P 0x7f2a7c191628
P 0x7f2a7c19c268
C 259
R
P 0x7f2a7c191628
C 342
R
P 0x7f2a7c191628
P 0x7f2a7c19c268
C 258
R
P 0x7f2a7c191628
C 342
R
P 0x7f2a7c191628
P 0x7f2a7c19c268
C 9
R
P 0x7f2a7c191628
C 342
R
P 0x7f2a7c191628
U 2
P 0x7f2a7c19c2a8
P 0x7f2a7c19c268
p 2
C 65
= 0x7f2a7c487908
R
P 0x7f2a7c191628
C 342
R
P 0x7f2a7c191628
P 0x7f2a7c487908
C 257
R
P 0x7f2a7c191628
C 342
R
P 0x7f2a7c191628
P 0x7f2a7c487908
C 254
= 0x7f2a7c19b1e8
R
P 0x7f2a7c191628
C 342
R
P 0x7f2a7c191628
P 0x7f2a7c19b1e8
C 209
R
P 0x7f2a7c191628
C 342
R
P 0x7f2a7c191628
P 0x7f2a7c487908
C 260
R
P 0x7f2a7c191628
C 342
R
P 0x7f2a7c191628
P 0x7f2a7c487908
C 259
R
P 0x7f2a7c191628
C 342
R
P 0x7f2a7c191628
P 0x7f2a7c487908
C 258
R
P 0x7f2a7c191628
C 342
R
P 0x7f2a7c191628
P 0x7f2a7c487908
C 9
R
P 0x7f2a7c191628
C 342
R
P 0x7f2a7c191628
I 2
P 0x7f2a7c19b208
C 150
= 0x7f2a7c19bcc8
R
P 0x7f2a7c191628
C 342
R
P 0x7f2a7c191628
P 0x7f2a7c19bcc8
C 258
R
P 0x7f2a7c191628
C 342
R
P 0x7f2a7c191628
P 0x7f2a7c19bcc8
C 9
R
P 0x7f2a7c191628
C 342
R
P 0x7f2a7c191628
I 1
P 0x7f2a7c19b208
C 150
= 0x7f2a7c19bc88
R
P 0x7f2a7c191628
C 342
R
P 0x7f2a7c191628
P 0x7f2a7c19bc88
C 258
R
P 0x7f2a7c191628
C 342
R
P 0x7f2a7c191628
P 0x7f2a7c19bc88
C 9
R
P 0x7f2a7c191628
C 342
R
P 0x7f2a7c191628
P 0x7f2a7c19bcc8
P 0x7f2a7c19bc88
C 75
= 0x7f2a7c1a1890
R
P 0x7f2a7c191628
C 342
R
P 0x7f2a7c191628
P 0x7f2a7c1a1890
C 258
R
P 0x7f2a7c191628
C 342
R
P 0x7f2a7c191628
P 0x7f2a7c1a1890
C 9
R
P 0x7f2a7c191628
C 342
R
P 0x7f2a7c191628
I 1
P 0x7f2a7c19b208
C 150
= 0x7f2a7c19bc88
R
P 0x7f2a7c191628
C 342
R
P 0x7f2a7c191628
P 0x7f2a7c19bc88
C 258
R
P 0x7f2a7c191628
C 342
R
P 0x7f2a7c191628
P 0x7f2a7c19bc88
C 9
R
P 0x7f2a7c191628
C 342
R
P 0x7f2a7c191628
U 2
P 0x7f2a7c19bcc8
P 0x7f2a7c19bc88
p 2
C 67
= 0x7f2a7c1a18c8
R
P 0x7f2a7c191628
C 342
R
P 0x7f2a7c191628
P 0x7f2a7c1a18c8
C 257
R
P 0x7f2a7c191628
C 342
R
P 0x7f2a7c191628
P 0x7f2a7c1a18c8
C 254
= 0x7f2a7c19b208
R
P 0x7f2a7c191628
C 342
R
P 0x7f2a7c191628
P 0x7f2a7c19b208
C 209
R
P 0x7f2a7c191628
C 342
R
P 0x7f2a7c191628
P 0x7f2a7c1a18c8
C 260
R
P 0x7f2a7c191628
C 342
R
P 0x7f2a7c191628
P 0x7f2a7c1a18c8
C 259
R
P 0x7f2a7c191628
C 342
R
P 0x7f2a7c191628
P 0x7f2a7c1a18c8
C 258
R
P 0x7f2a7c191628
C 342
R
P 0x7f2a7c191628
P 0x7f2a7c1a18c8
C 9
R
P 0x7f2a7c191628
C 342
R
P 0x7f2a7c191628
U 2
P 0x7f2a7c19bbe8
P 0x7f2a7c1a18c8
p 2
C 66
= 0x7f2a7c487d68
R
P 0x7f2a7c191628
C 342
R
P 0x7f2a7c191628
P 0x7f2a7c487d68
C 257
R
P 0x7f2a7c191628
C 342
R
P 0x7f2a7c191628
P 0x7f2a7c487d68
C 254
= 0x7f2a7c19b208
R
P 0x7f2a7c191628
C 342
R
P 0x7f2a7c191628
P 0x7f2a7c19b208
C 209
R
P 0x7f2a7c191628
C 342
R
P 0x7f2a7c191628
P 0x7f2a7c487d68
C 260
R
P 0x7f2a7c191628
C 342
R
P 0x7f2a7c191628
P 0x7f2a7c487d68
C 259
R
P 0x7f2a7c191628
C 342
R
P 0x7f2a7c191628
P 0x7f2a7c487d68
C 258
R
P 0x7f2a7c191628
C 342
R
P 0x7f2a7c191628
P 0x7f2a7c487d68
C 9
R
P 0x7f2a7c191628
C 342
R
P 0x7f2a7c191628
U 2
P 0x7f2a7c19bb88
P 0x7f2a7c487d68
p 2
C 65
= 0x7f2a7c487da0
R
P 0x7f2a7c191628
C 342
R
P 0x7f2a7c191628
P 0x7f2a7c487da0
C 257
R
P 0x7f2a7c191628
C 342
R
P 0x7f2a7c191628
P 0x7f2a7c487da0
C 254
= 0x7f2a7c19b1e8
R
P 0x7f2a7c191628
C 342
R
P 0x7f2a7c191628
P 0x7f2a7c19b1e8
C 209
R
P 0x7f2a7c191628
C 342
R
P 0x7f2a7c191628
P 0x7f2a7c487da0
C 260
R
P 0x7f2a7c191628
C 342
R
P 0x7f2a7c191628
P 0x7f2a7c487da0
C 259
R
P 0x7f2a7c191628
C 342
R
P 0x7f2a7c191628
P 0x7f2a7c487da0
C 258
R
P 0x7f2a7c191628
C 342
R
P 0x7f2a7c191628
P 0x7f2a7c487da0
C 9
R
P 0x7f2a7c191628
C 342
R
P 0x7f2a7c191628
P 0x7f2a7c1a1890
P 0x7f2a7c487da0
P 0x7f2a7c19bb88
C 59
= 0x7f2a7c19fa88
R
P 0x7f2a7c191628
C 342
R
P 0x7f2a7c191628
P 0x7f2a7c19fa88
C 257
R
P 0x7f2a7c191628
C 342
R
P 0x7f2a7c191628
P 0x7f2a7c19fa88
C 254
= 0x7f2a7c19b1e8
R
P 0x7f2a7c191628
C 342
R
P 0x7f2a7c191628
P 0x7f2a7c19b1e8
C 209
R
P 0x7f2a7c191628
C 342
R
P 0x7f2a7c191628
P 0x7f2a7c19fa88
C 260
R
P 0x7f2a7c191628
C 342
R
P 0x7f2a7c191628
P 0x7f2a7c19fa88
C 259
R
P 0x7f2a7c191628
C 342
R
P 0x7f2a7c191628
P 0x7f2a7c19fa88
C 258
R
P 0x7f2a7c191628
C 342
R
P 0x7f2a7c191628
P 0x7f2a7c19fa88
C 9
R
P 0x7f2a7c191628
C 342
R
P 0x7f2a7c191628
U 2
P 0x7f2a7c487908
P 0x7f2a7c19fa88
p 2
C 65
= 0x7f2a7c487dd8
R
P 0x7f2a7c191628
C 342
R
P 0x7f2a7c191628
P 0x7f2a7c487dd8
C 257
R
P 0x7f2a7c191628
C 342
R
P 0x7f2a7c191628
P 0x7f2a7c487dd8
C 254
= 0x7f2a7c19b1e8
R
P 0x7f2a7c191628
C 342
R
P 0x7f2a7c191628
P 0x7f2a7c19b1e8
C 209
R
P 0x7f2a7c191628
C 342
R
P 0x7f2a7c191628
P 0x7f2a7c487dd8
C 260
R
P 0x7f2a7c191628
C 342
R
P 0x7f2a7c191628
P 0x7f2a7c487dd8
C 259
R
P 0x7f2a7c191628
C 342
R
P 0x7f2a7c191628
P 0x7f2a7c487dd8
C 258
R
P 0x7f2a7c191628
C 342
R
P 0x7f2a7c191628
P 0x7f2a7c487dd8
C 9
R
P 0x7f2a7c191628
C 342
R
P 0x7f2a7c191628
P 0x7f2a7c19c208
P 0x7f2a7c487dd8
C 74
= 0x7f2a7c489aa0
R
P 0x7f2a7c191628
C 342
R
P 0x7f2a7c191628
P 0x7f2a7c489aa0
C 258
R
P 0x7f2a7c191628
C 342
R
P 0x7f2a7c191628
P 0x7f2a7c489aa0
C 9
R
P 0x7f2a7c191628
C 342
R
P 0x7f2a7c191628
U 2
P 0x7f2a7c489a68
P 0x7f2a7c489aa0
p 2
C 63
= 0x7f2a7c489ad8
R
P 0x7f2a7c191628
C 342
R
P 0x7f2a7c191628
P 0x7f2a7c489ad8
C 258
R
P 0x7f2a7c191628
C 342
R
P 0x7f2a7c191628
P 0x7f2a7c489ad8
C 9
R
P 0x7f2a7c191628
C 342
R
P 0x7f2a7c191628
P 0x7f2a7c4899f8
P 0x7f2a7c489ad8
C 61
= 0x7f2a7c489b10
R
P 0x7f2a7c191628
C 342
R
P 0x7f2a7c191628
P 0x7f2a7c489b10
C 258
R
P 0x7f2a7c191628
C 342
R
P 0x7f2a7c191628
P 0x7f2a7c489b10
C 9
R
P 0x7f2a7c191628
C 342
R
P 0x7f2a7c191628
P 0x7f2a7c1e1fc8
P 0x7f2a7c489b10
C 427
R
P 0x7f2a7c191628
C 342
R
P 0x7f2a7c191628
I 0
P 0x7f2a7c19b208
C 150
= 0x7f2a7c19bd08
R
P 0x7f2a7c191628
C 342
R
P 0x7f2a7c191628
P 0x7f2a7c19bd08
C 258
R
P 0x7f2a7c191628
C 342
R
P 0x7f2a7c191628
P 0x7f2a7c19bd08
C 9
R
P 0x7f2a7c191628
C 342
R
P 0x7f2a7c191628
I 1
P 0x7f2a7c19b208
C 150
= 0x7f2a7c19bc88
R
P 0x7f2a7c191628
C 342
R
P 0x7f2a7c191628
P 0x7f2a7c19bc88
C 258
R
P 0x7f2a7c191628
C 342
R
P 0x7f2a7c191628
P 0x7f2a7c19bc88
C 9
R
P 0x7f2a7c191628
C 342
R
P 0x7f2a7c191628
P 0x7f2a7c19bd08
P 0x7f2a7c19bc88
C 75
= 0x7f2a7c486fa0
R
P 0x7f2a7c191628
C 342
R
P 0x7f2a7c191628
P 0x7f2a7c486fa0
C 258
R
P 0x7f2a7c191628
C 342
R
P 0x7f2a7c191628
P 0x7f2a7c486fa0
C 9
R
P 0x7f2a7c191628
C 342
R
P 0x7f2a7c191628
I 1
P 0x7f2a7c19b208
C 150
= 0x7f2a7c19bc88
R
P 0x7f2a7c191628
C 342
R
P 0x7f2a7c191628
P 0x7f2a7c19bc88
C 258
R
P 0x7f2a7c191628
C 342
R
P 0x7f2a7c191628
P 0x7f2a7c19bc88
C 9
R
P 0x7f2a7c191628
C 342
R
P 0x7f2a7c191628
U 2
P 0x7f2a7c19bd08
P 0x7f2a7c19bc88
p 2
C 67
= 0x7f2a7c486fd8
R
P 0x7f2a7c191628
C 342
R
P 0x7f2a7c191628
P 0x7f2a7c486fd8
C 257
R
P 0x7f2a7c191628
C 342
R
P 0x7f2a7c191628
P 0x7f2a7c486fd8
C 254
= 0x7f2a7c19b208
R
P 0x7f2a7c191628
C 342
R
P 0x7f2a7c191628
P 0x7f2a7c19b208
C 209
R
P 0x7f2a7c191628
C 342
R
P 0x7f2a7c191628
P 0x7f2a7c486fd8
C 260
R
P 0x7f2a7c191628
C 342
R
P 0x7f2a7c191628
P 0x7f2a7c486fd8
C 259
R
P 0x7f2a7c191628
C 342
R
P 0x7f2a7c191628
P 0x7f2a7c486fd8
C 258
R
P 0x7f2a7c191628
C 342
R
P 0x7f2a7c191628
P 0x7f2a7c486fd8
C 9
R
P 0x7f2a7c191628
C 342
R
P 0x7f2a7c191628
U 2
P 0x7f2a7c19bba8
P 0x7f2a7c486fd8
p 2
C 66
= 0x7f2a7c487010
R
P 0x7f2a7c191628
C 342
R
P 0x7f2a7c191628
P 0x7f2a7c487010
C 257
R
P 0x7f2a7c191628
C 342
R
P 0x7f2a7c191628
P 0x7f2a7c487010
C 254
= 0x7f2a7c19b1e8
R
P 0x7f2a7c191628
C 342
R
P 0x7f2a7c191628
P 0x7f2a7c19b1e8
C 209
R
P 0x7f2a7c191628
C 342
R
P 0x7f2a7c191628
P 0x7f2a7c487010
C 260
R
P 0x7f2a7c191628
C 342
R
P 0x7f2a7c191628
P 0x7f2a7c487010
C 259
R
P 0x7f2a7c191628
C 342
R
P 0x7f2a7c191628
P 0x7f2a7c487010
C 258
R
P 0x7f2a7c191628
C 342
R
P 0x7f2a7c191628
P 0x7f2a7c487010
C 9
R
P 0x7f2a7c191628
C 342
R
P 0x7f2a7c191628
U 2
P 0x7f2a7c19bc28
P 0x7f2a7c487010
p 2
C 65
= 0x7f2a7c487048
R
P 0x7f2a7c191628
C 342
R
P 0x7f2a7c191628
P 0x7f2a7c487048
C 257
R
P 0x7f2a7c191628
C 342
R
P 0x7f2a7c191628
P 0x7f2a7c487048
C 254
= 0x7f2a7c19b1e8
R
P 0x7f2a7c191628
C 342
R
P 0x7f2a7c191628
P 0x7f2a7c19b1e8
C 209
R
P 0x7f2a7c191628
C 342
R
P 0x7f2a7c191628
P 0x7f2a7c487048
C 260
R
P 0x7f2a7c191628
C 342
R
P 0x7f2a7c191628
P 0x7f2a7c487048
C 259
R
P 0x7f2a7c191628
C 342
R
P 0x7f2a7c191628
P 0x7f2a7c487048
C 258
R
P 0x7f2a7c191628
C 342
R
P 0x7f2a7c191628
P 0x7f2a7c487048
C 9
R
P 0x7f2a7c191628
C 342
R
P 0x7f2a7c191628
P 0x7f2a7c486fa0
P 0x7f2a7c487048
P 0x7f2a7c19bc28
C 59
= 0x7f2a7c19f948
R
P 0x7f2a7c191628
C 342
R
P 0x7f2a7c191628
P 0x7f2a7c19f948
C 257
R
P 0x7f2a7c191628
C 342
R
P 0x7f2a7c191628
P 0x7f2a7c19f948
C 254
= 0x7f2a7c19b1e8
R
P 0x7f2a7c191628
C 342
R
P 0x7f2a7c191628
P 0x7f2a7c19b1e8
C 209
R
P 0x7f2a7c191628
C 342
R
P 0x7f2a7c191628
P 0x7f2a7c19f948
C 260
R
P 0x7f2a7c191628
C 342
R
P 0x7f2a7c191628
P 0x7f2a7c19f948
C 259
R
P 0x7f2a7c191628
C 342
R
P 0x7f2a7c191628
P 0x7f2a7c19f948
C 258
R
P 0x7f2a7c191628
C 342
R
P 0x7f2a7c191628
P 0x7f2a7c19f948
C 9
R
P 0x7f2a7c191628
C 342
R
P 0x7f2a7c191628
U 2
P 0x7f2a7c19f948
P 0x7f2a7c19bb48
p 2
C 65
= 0x7f2a7c487080
R
P 0x7f2a7c191628
C 342
R
P 0x7f2a7c191628
P 0x7f2a7c487080
C 257
R
P 0x7f2a7c191628
C 342
R
P 0x7f2a7c191628
P 0x7f2a7c487080
C 254
= 0x7f2a7c19b1e8
R
P 0x7f2a7c191628
C 342
R
P 0x7f2a7c191628
P 0x7f2a7c19b1e8
C 209
R
P 0x7f2a7c191628
C 342
R
P 0x7f2a7c191628
P 0x7f2a7c487080
C 260
R
P 0x7f2a7c191628
C 342
R
P 0x7f2a7c191628
P 0x7f2a7c487080
C 259
R
P 0x7f2a7c191628
C 342
R
P 0x7f2a7c191628
P 0x7f2a7c487080
C 258
R
P 0x7f2a7c191628
C 342
R
P 0x7f2a7c191628
P 0x7f2a7c487080
C 9
R
P 0x7f2a7c191628
C 342
R
P 0x7f2a7c191628
P 0x7f2a7c19bc68
C 333
R
P 0x7f2a7c191628
C 342
R
P 0x7f2a7c191628
S "slotflowPriorityStart"
C 30
R
P 0x7f2a7c191628
C 342
R
P 0x7f2a7c191628
$ |slotflowPriorityStart|
C 202
R
P 0x7f2a7c191628
C 342
R
P 0x7f2a7c191628
$ |slotflowPriorityStart|
P 0x7f2a7c19b1e8
C 51
= 0x7f2a7c19c2a8
R
P 0x7f2a7c191628
C 342
R
P 0x7f2a7c191628
P 0x7f2a7c19c2a8
C 257
R
P 0x7f2a7c191628
C 342
R
P 0x7f2a7c191628
P 0x7f2a7c19c2a8
C 254
= 0x7f2a7c19b1e8
R
P 0x7f2a7c191628
C 342
R
P 0x7f2a7c191628
P 0x7f2a7c19b1e8
C 209
R
P 0x7f2a7c191628
C 342
R
P 0x7f2a7c191628
P 0x7f2a7c19c2a8
C 260
R
P 0x7f2a7c191628
C 342
R
P 0x7f2a7c191628
P 0x7f2a7c19c2a8
C 259
R
P 0x7f2a7c191628
C 342
R
P 0x7f2a7c191628
P 0x7f2a7c19c2a8
C 258
R
P 0x7f2a7c191628
C 342
R
P 0x7f2a7c191628
P 0x7f2a7c19c2a8
C 9
R
P 0x7f2a7c191628
C 342
R
P 0x7f2a7c191628
I 3
P 0x7f2a7c19b208
C 150
= 0x7f2a7c19bfc8
R
P 0x7f2a7c191628
C 342
R
P 0x7f2a7c191628
P 0x7f2a7c19bfc8
C 258
R
P 0x7f2a7c191628
C 342
R
P 0x7f2a7c191628
P 0x7f2a7c19bfc8
C 9
R
P 0x7f2a7c191628
C 342
R
P 0x7f2a7c191628
I 1
P 0x7f2a7c19b208
C 150
= 0x7f2a7c19bc88
R
P 0x7f2a7c191628
C 342
R
P 0x7f2a7c191628
P 0x7f2a7c19bc88
C 258
R
P 0x7f2a7c191628
C 342
R
P 0x7f2a7c191628
P 0x7f2a7c19bc88
C 9
R
P 0x7f2a7c191628
C 342
R
P 0x7f2a7c191628
P 0x7f2a7c19bfc8
P 0x7f2a7c19bc88
C 75
= 0x7f2a7c487208
R
P 0x7f2a7c191628
C 342
R
P 0x7f2a7c191628
P 0x7f2a7c487208
C 258
R
P 0x7f2a7c191628
C 342
R
P 0x7f2a7c191628
P 0x7f2a7c487208
C 9
R
P 0x7f2a7c191628
C 342
R
P 0x7f2a7c191628
I 1
P 0x7f2a7c19b208
C 150
= 0x7f2a7c19bc88
R
P 0x7f2a7c191628
C 342
R
P 0x7f2a7c191628
P 0x7f2a7c19bc88
C 258
R
P 0x7f2a7c191628
C 342
R
P 0x7f2a7c191628
P 0x7f2a7c19bc88
C 9
R
P 0x7f2a7c191628
C 342
R
P 0x7f2a7c191628
U 2
P 0x7f2a7c19bfc8
P 0x7f2a7c19bc88
p 2
C 67
= 0x7f2a7c487240
R
P 0x7f2a7c191628
C 342
R
P 0x7f2a7c191628
P 0x7f2a7c487240
C 257
R
P 0x7f2a7c191628
C 342
R
P 0x7f2a7c191628
P 0x7f2a7c487240
C 254
= 0x7f2a7c19b208
R
P 0x7f2a7c191628
C 342
R
P 0x7f2a7c191628
P 0x7f2a7c19b208
C 209
R
P 0x7f2a7c191628
C 342
R
P 0x7f2a7c191628
P 0x7f2a7c487240
C 260
R
P 0x7f2a7c191628
C 342
R
P 0x7f2a7c191628
P 0x7f2a7c487240
C 259
R
P 0x7f2a7c191628
C 342
R
P 0x7f2a7c191628
P 0x7f2a7c487240
C 258
R
P 0x7f2a7c191628
C 342
R
P 0x7f2a7c191628
P 0x7f2a7c487240
C 9
R
P 0x7f2a7c191628
C 342
R
P 0x7f2a7c191628
U 2
P 0x7f2a7c19bbe8
P 0x7f2a7c487240
p 2
C 66
= 0x7f2a7c487f60
R
P 0x7f2a7c191628
C 342
R
P 0x7f2a7c191628
P 0x7f2a7c487f60
C 257
R
P 0x7f2a7c191628
C 342
R
P 0x7f2a7c191628
P 0x7f2a7c487f60
C 254
= 0x7f2a7c19b208
R
P 0x7f2a7c191628
C 342
R
P 0x7f2a7c191628
P 0x7f2a7c19b208
C 209
R
P 0x7f2a7c191628
C 342
R
P 0x7f2a7c191628
P 0x7f2a7c487f60
C 260
R
P 0x7f2a7c191628
C 342
R
P 0x7f2a7c191628
P 0x7f2a7c487f60
C 259
R
P 0x7f2a7c191628
C 342
R
P 0x7f2a7c191628
P 0x7f2a7c487f60
C 258
R
P 0x7f2a7c191628
C 342
R
P 0x7f2a7c191628
P 0x7f2a7c487f60
C 9
R
P 0x7f2a7c191628
C 342
R
P 0x7f2a7c191628
U 2
P 0x7f2a7c19bb88
P 0x7f2a7c487f60
p 2
C 65
= 0x7f2a7c487f98
R
P 0x7f2a7c191628
C 342
R
P 0x7f2a7c191628
P 0x7f2a7c487f98
C 257
R
P 0x7f2a7c191628
C 342
R
P 0x7f2a7c191628
P 0x7f2a7c487f98
C 254
= 0x7f2a7c19b1e8
R
P 0x7f2a7c191628
C 342
R
P 0x7f2a7c191628
P 0x7f2a7c19b1e8
C 209
R
P 0x7f2a7c191628
C 342
R
P 0x7f2a7c191628
P 0x7f2a7c487f98
C 260
R
P 0x7f2a7c191628
C 342
R
P 0x7f2a7c191628
P 0x7f2a7c487f98
C 259
R
P 0x7f2a7c191628
C 342
R
P 0x7f2a7c191628
P 0x7f2a7c487f98
C 258
R
P 0x7f2a7c191628
C 342
R
P 0x7f2a7c191628
P 0x7f2a7c487f98
C 9
R
P 0x7f2a7c191628
C 342
R
P 0x7f2a7c191628
P 0x7f2a7c487208
P 0x7f2a7c487f98
P 0x7f2a7c19bb88
C 59
= 0x7f2a7c19fac8
R
P 0x7f2a7c191628
C 342
R
P 0x7f2a7c191628
P 0x7f2a7c19fac8
C 257
R
P 0x7f2a7c191628
C 342
R
P 0x7f2a7c191628
P 0x7f2a7c19fac8
C 254
= 0x7f2a7c19b1e8
R
P 0x7f2a7c191628
C 342
R
P 0x7f2a7c191628
P 0x7f2a7c19b1e8
C 209
R
P 0x7f2a7c191628
C 342
R
P 0x7f2a7c191628
P 0x7f2a7c19fac8
C 260
R
P 0x7f2a7c191628
C 342
R
P 0x7f2a7c191628
P 0x7f2a7c19fac8
C 259
R
P 0x7f2a7c191628
C 342
R
P 0x7f2a7c191628
P 0x7f2a7c19fac8
C 258
R
P 0x7f2a7c191628
C 342
R
P 0x7f2a7c191628
P 0x7f2a7c19fac8
C 9
R
P 0x7f2a7c191628
C 342
R
P 0x7f2a7c191628
U 2
P 0x7f2a7c19c2a8
P 0x7f2a7c19fac8
p 2
C 65
= 0x7f2a7c488078
R
P 0x7f2a7c191628
C 342
R
P 0x7f2a7c191628
P 0x7f2a7c488078
C 257
R
P 0x7f2a7c191628
C 342
R
P 0x7f2a7c191628
P 0x7f2a7c488078
C 254
= 0x7f2a7c19b1e8
R
P 0x7f2a7c191628
C 342
R
P 0x7f2a7c191628
P 0x7f2a7c19b1e8
C 209
R
P 0x7f2a7c191628
C 342
R
P 0x7f2a7c191628
P 0x7f2a7c488078
C 260
R
P 0x7f2a7c191628
C 342
R
P 0x7f2a7c191628
P 0x7f2a7c488078
C 259
R
P 0x7f2a7c191628
C 342
R
P 0x7f2a7c191628
P 0x7f2a7c488078
C 258
R
P 0x7f2a7c191628
C 342
R
P 0x7f2a7c191628
P 0x7f2a7c488078
C 9
R
P 0x7f2a7c191628
C 342
R
P 0x7f2a7c191628
P 0x7f2a7c487080
P 0x7f2a7c488078
C 73
= 0x7f2a7c489b48
R
P 0x7f2a7c191628
C 342
R
P 0x7f2a7c191628
P 0x7f2a7c489b48
C 258
R
P 0x7f2a7c191628
C 342
R
P 0x7f2a7c191628
P 0x7f2a7c489b48
C 9
R
P 0x7f2a7c191628
C 342
R
P 0x7f2a7c191628
I 0
P 0x7f2a7c19b208
C 150
= 0x7f2a7c19bd08
R
P 0x7f2a7c191628
C 342
R
P 0x7f2a7c191628
P 0x7f2a7c19bd08
C 258
R
P 0x7f2a7c191628
C 342
R
P 0x7f2a7c191628
P 0x7f2a7c19bd08
C 9
R
P 0x7f2a7c191628
C 342
R
P 0x7f2a7c191628
I 1
P 0x7f2a7c19b208
C 150
= 0x7f2a7c19bc88
R
P 0x7f2a7c191628
C 342
R
P 0x7f2a7c191628
P 0x7f2a7c19bc88
C 258
R
P 0x7f2a7c191628
C 342
R
P 0x7f2a7c191628
P 0x7f2a7c19bc88
C 9
R
P 0x7f2a7c191628
C 342
R
P 0x7f2a7c191628
P 0x7f2a7c19bd08
P 0x7f2a7c19bc88
C 75
= 0x7f2a7c486fa0
R
P 0x7f2a7c191628
C 342
R
P 0x7f2a7c191628
P 0x7f2a7c486fa0
C 258
R
P 0x7f2a7c191628
C 342
R
P 0x7f2a7c191628
P 0x7f2a7c486fa0
C 9
R
P 0x7f2a7c191628
C 342
R
P 0x7f2a7c191628
I 1
P 0x7f2a7c19b208
C 150
= 0x7f2a7c19bc88
R
P 0x7f2a7c191628
C 342
R
P 0x7f2a7c191628
P 0x7f2a7c19bc88
C 258
R
P 0x7f2a7c191628
C 342
R
P 0x7f2a7c191628
P 0x7f2a7c19bc88
C 9
R
P 0x7f2a7c191628
C 342
R
P 0x7f2a7c191628
U 2
P 0x7f2a7c19bd08
P 0x7f2a7c19bc88
p 2
C 67
= 0x7f2a7c486fd8
R
P 0x7f2a7c191628
C 342
R
P 0x7f2a7c191628
P 0x7f2a7c486fd8
C 257
R
P 0x7f2a7c191628
C 342
R
P 0x7f2a7c191628
P 0x7f2a7c486fd8
C 254
= 0x7f2a7c19b208
R
P 0x7f2a7c191628
C 342
R
P 0x7f2a7c191628
P 0x7f2a7c19b208
C 209
R
P 0x7f2a7c191628
C 342
R
P 0x7f2a7c191628
P 0x7f2a7c486fd8
C 260
R
P 0x7f2a7c191628
C 342
R
P 0x7f2a7c191628
P 0x7f2a7c486fd8
C 259
R
P 0x7f2a7c191628
C 342
R
P 0x7f2a7c191628
P 0x7f2a7c486fd8
C 258
R
P 0x7f2a7c191628
C 342
R
P 0x7f2a7c191628
P 0x7f2a7c486fd8
C 9
R
P 0x7f2a7c191628
C 342
R
P 0x7f2a7c191628
U 2
P 0x7f2a7c19bba8
P 0x7f2a7c486fd8
p 2
C 66
= 0x7f2a7c487010
R
P 0x7f2a7c191628
C 342
R
P 0x7f2a7c191628
P 0x7f2a7c487010
C 257
R
P 0x7f2a7c191628
C 342
R
P 0x7f2a7c191628
P 0x7f2a7c487010
C 254
= 0x7f2a7c19b1e8
R
P 0x7f2a7c191628
C 342
R
P 0x7f2a7c191628
P 0x7f2a7c19b1e8
C 209
R
P 0x7f2a7c191628
C 342
R
P 0x7f2a7c191628
P 0x7f2a7c487010
C 260
R
P 0x7f2a7c191628
C 342
R
P 0x7f2a7c191628
P 0x7f2a7c487010
C 259
R
P 0x7f2a7c191628
C 342
R
P 0x7f2a7c191628
P 0x7f2a7c487010
C 258
R
P 0x7f2a7c191628
C 342
R
P 0x7f2a7c191628
P 0x7f2a7c487010
C 9
R
P 0x7f2a7c191628
C 342
R
P 0x7f2a7c191628
U 2
P 0x7f2a7c19bc28
P 0x7f2a7c487010
p 2
C 65
= 0x7f2a7c487048
R
P 0x7f2a7c191628
C 342
R
P 0x7f2a7c191628
P 0x7f2a7c487048
C 257
R
P 0x7f2a7c191628
C 342
R
P 0x7f2a7c191628
P 0x7f2a7c487048
C 254
= 0x7f2a7c19b1e8
R
P 0x7f2a7c191628
C 342
R
P 0x7f2a7c191628
P 0x7f2a7c19b1e8
C 209
R
P 0x7f2a7c191628
C 342
R
P 0x7f2a7c191628
P 0x7f2a7c487048
C 260
R
P 0x7f2a7c191628
C 342
R
P 0x7f2a7c191628
P 0x7f2a7c487048
C 259
R
P 0x7f2a7c191628
C 342
R
P 0x7f2a7c191628
P 0x7f2a7c487048
C 258
R
P 0x7f2a7c191628
C 342
R
P 0x7f2a7c191628
P 0x7f2a7c487048
C 9
R
P 0x7f2a7c191628
C 342
R
P 0x7f2a7c191628
P 0x7f2a7c486fa0
P 0x7f2a7c487048
P 0x7f2a7c19bc28
C 59
= 0x7f2a7c19f948
R
P 0x7f2a7c191628
C 342
R
P 0x7f2a7c191628
P 0x7f2a7c19f948
C 257
R
P 0x7f2a7c191628
C 342
R
P 0x7f2a7c191628
P 0x7f2a7c19f948
C 254
= 0x7f2a7c19b1e8
R
P 0x7f2a7c191628
C 342
R
P 0x7f2a7c191628
P 0x7f2a7c19b1e8
C 209
R
P 0x7f2a7c191628
C 342
R
P 0x7f2a7c191628
P 0x7f2a7c19f948
C 260
R
P 0x7f2a7c191628
C 342
R
P 0x7f2a7c191628
P 0x7f2a7c19f948
C 259
R
P 0x7f2a7c191628
C 342
R
P 0x7f2a7c191628
P 0x7f2a7c19f948
C 258
R
P 0x7f2a7c191628
C 342
R
P 0x7f2a7c191628
P 0x7f2a7c19f948
C 9
R
P 0x7f2a7c191628
C 342
R
P 0x7f2a7c191628
U 2
P 0x7f2a7c19f948
P 0x7f2a7c19bb48
p 2
C 65
= 0x7f2a7c487080
R
P 0x7f2a7c191628
C 342
R
P 0x7f2a7c191628
P 0x7f2a7c487080
C 257
R
P 0x7f2a7c191628
C 342
R
P 0x7f2a7c191628
P 0x7f2a7c487080
C 254
= 0x7f2a7c19b1e8
R
P 0x7f2a7c191628
C 342
R
P 0x7f2a7c191628
P 0x7f2a7c19b1e8
C 209
R
P 0x7f2a7c191628
C 342
R
P 0x7f2a7c191628
P 0x7f2a7c487080
C 260
R
P 0x7f2a7c191628
C 342
R
P 0x7f2a7c191628
P 0x7f2a7c487080
C 259
R
P 0x7f2a7c191628
C 342
R
P 0x7f2a7c191628
P 0x7f2a7c487080
C 258
R
P 0x7f2a7c191628
C 342
R
P 0x7f2a7c191628
P 0x7f2a7c487080
C 9
R
P 0x7f2a7c191628
C 342
R
P 0x7f2a7c191628
I 3
P 0x7f2a7c19b208
C 150
= 0x7f2a7c19bfc8
R
P 0x7f2a7c191628
C 342
R
P 0x7f2a7c191628
P 0x7f2a7c19bfc8
C 258
R
P 0x7f2a7c191628
C 342
R
P 0x7f2a7c191628
P 0x7f2a7c19bfc8
C 9
R
P 0x7f2a7c191628
C 342
R
P 0x7f2a7c191628
I 1
P 0x7f2a7c19b208
C 150
= 0x7f2a7c19bc88
R
P 0x7f2a7c191628
C 342
R
P 0x7f2a7c191628
P 0x7f2a7c19bc88
C 258
R
P 0x7f2a7c191628
C 342
R
P 0x7f2a7c191628
P 0x7f2a7c19bc88
C 9
R
P 0x7f2a7c191628
C 342
R
P 0x7f2a7c191628
P 0x7f2a7c19bfc8
P 0x7f2a7c19bc88
C 75
= 0x7f2a7c487208
R
P 0x7f2a7c191628
C 342
R
P 0x7f2a7c191628
P 0x7f2a7c487208
C 258
R
P 0x7f2a7c191628
C 342
R
P 0x7f2a7c191628
P 0x7f2a7c487208
C 9
R
P 0x7f2a7c191628
C 342
R
P 0x7f2a7c191628
I 1
P 0x7f2a7c19b208
C 150
= 0x7f2a7c19bc88
R
P 0x7f2a7c191628
C 342
R
P 0x7f2a7c191628
P 0x7f2a7c19bc88
C 258
R
P 0x7f2a7c191628
C 342
R
P 0x7f2a7c191628
P 0x7f2a7c19bc88
C 9
R
P 0x7f2a7c191628
C 342
R
P 0x7f2a7c191628
U 2
P 0x7f2a7c19bfc8
P 0x7f2a7c19bc88
p 2
C 67
= 0x7f2a7c487240
R
P 0x7f2a7c191628
C 342
R
P 0x7f2a7c191628
P 0x7f2a7c487240
C 257
R
P 0x7f2a7c191628
C 342
R
P 0x7f2a7c191628
P 0x7f2a7c487240
C 254
= 0x7f2a7c19b208
R
P 0x7f2a7c191628
C 342
R
P 0x7f2a7c191628
P 0x7f2a7c19b208
C 209
R
P 0x7f2a7c191628
C 342
R
P 0x7f2a7c191628
P 0x7f2a7c487240
C 260
R
P 0x7f2a7c191628
C 342
R
P 0x7f2a7c191628
P 0x7f2a7c487240
C 259
R
P 0x7f2a7c191628
C 342
R
P 0x7f2a7c191628
P 0x7f2a7c487240
C 258
R
P 0x7f2a7c191628
C 342
R
P 0x7f2a7c191628
P 0x7f2a7c487240
C 9
R
P 0x7f2a7c191628
C 342
R
P 0x7f2a7c191628
U 2
P 0x7f2a7c19bbe8
P 0x7f2a7c487240
p 2
C 66
= 0x7f2a7c487f60
R
P 0x7f2a7c191628
C 342
R
P 0x7f2a7c191628
P 0x7f2a7c487f60
C 257
R
P 0x7f2a7c191628
C 342
R
P 0x7f2a7c191628
P 0x7f2a7c487f60
C 254
= 0x7f2a7c19b208
R
P 0x7f2a7c191628
C 342
R
P 0x7f2a7c191628
P 0x7f2a7c19b208
C 209
R
P 0x7f2a7c191628
C 342
R
P 0x7f2a7c191628
P 0x7f2a7c487f60
C 260
R
P 0x7f2a7c191628
C 342
R
P 0x7f2a7c191628
P 0x7f2a7c487f60
C 259
R
P 0x7f2a7c191628
C 342
R
P 0x7f2a7c191628
P 0x7f2a7c487f60
C 258
R
P 0x7f2a7c191628
C 342
R
P 0x7f2a7c191628
P 0x7f2a7c487f60
C 9
R
P 0x7f2a7c191628
C 342
R
P 0x7f2a7c191628
U 2
P 0x7f2a7c19bb88
P 0x7f2a7c487f60
p 2
C 65
= 0x7f2a7c487f98
R
P 0x7f2a7c191628
C 342
R
P 0x7f2a7c191628
P 0x7f2a7c487f98
C 257
R
P 0x7f2a7c191628
C 342
R
P 0x7f2a7c191628
P 0x7f2a7c487f98
C 254
= 0x7f2a7c19b1e8
R
P 0x7f2a7c191628
C 342
R
P 0x7f2a7c191628
P 0x7f2a7c19b1e8
C 209
R
P 0x7f2a7c191628
C 342
R
P 0x7f2a7c191628
P 0x7f2a7c487f98
C 260
R
P 0x7f2a7c191628
C 342
R
P 0x7f2a7c191628
P 0x7f2a7c487f98
C 259
R
P 0x7f2a7c191628
C 342
R
P 0x7f2a7c191628
P 0x7f2a7c487f98
C 258
R
P 0x7f2a7c191628
C 342
R
P 0x7f2a7c191628
P 0x7f2a7c487f98
C 9
R
P 0x7f2a7c191628
C 342
R
P 0x7f2a7c191628
P 0x7f2a7c487208
P 0x7f2a7c487f98
P 0x7f2a7c19bb88
C 59
= 0x7f2a7c19fac8
R
P 0x7f2a7c191628
C 342
R
P 0x7f2a7c191628
P 0x7f2a7c19fac8
C 257
R
P 0x7f2a7c191628
C 342
R
P 0x7f2a7c191628
P 0x7f2a7c19fac8
C 254
= 0x7f2a7c19b1e8
R
P 0x7f2a7c191628
C 342
R
P 0x7f2a7c191628
P 0x7f2a7c19b1e8
C 209
R
P 0x7f2a7c191628
C 342
R
P 0x7f2a7c191628
P 0x7f2a7c19fac8
C 260
R
P 0x7f2a7c191628
C 342
R
P 0x7f2a7c191628
P 0x7f2a7c19fac8
C 259
R
P 0x7f2a7c191628
C 342
R
P 0x7f2a7c191628
P 0x7f2a7c19fac8
C 258
R
P 0x7f2a7c191628
C 342
R
P 0x7f2a7c191628
P 0x7f2a7c19fac8
C 9
R
P 0x7f2a7c191628
C 342
R
P 0x7f2a7c191628
P 0x7f2a7c487080
P 0x7f2a7c19fac8
C 76
= 0x7f2a7c489b80
R
P 0x7f2a7c191628
C 342
R
P 0x7f2a7c191628
P 0x7f2a7c489b80
C 258
R
P 0x7f2a7c191628
C 342
R
P 0x7f2a7c191628
P 0x7f2a7c489b80
C 9
R
P 0x7f2a7c191628
C 342
R
P 0x7f2a7c191628
U 2
P 0x7f2a7c489b48
P 0x7f2a7c489b80
p 2
C 63
= 0x7f2a7c489bb8
R
P 0x7f2a7c191628
C 342
R
P 0x7f2a7c191628
P 0x7f2a7c489bb8
C 258
R
P 0x7f2a7c191628
C 342
R
P 0x7f2a7c191628
P 0x7f2a7c489bb8
C 9
R
P 0x7f2a7c191628
C 342
R
P 0x7f2a7c191628
I 0
P 0x7f2a7c19b208
C 150
= 0x7f2a7c19bd08
R
P 0x7f2a7c191628
C 342
R
P 0x7f2a7c191628
P 0x7f2a7c19bd08
C 258
R
P 0x7f2a7c191628
C 342
R
P 0x7f2a7c191628
P 0x7f2a7c19bd08
C 9
R
P 0x7f2a7c191628
C 342
R
P 0x7f2a7c191628
P 0x7f2a7c19bd08
C 263
R
P 0x7f2a7c191628
C 342
R
P 0x7f2a7c191628
S "dev0T30"
C 30
R
P 0x7f2a7c191628
C 342
R
P 0x7f2a7c191628
$ |dev0T30|
C 202
R
P 0x7f2a7c191628
C 342
R
P 0x7f2a7c191628
$ |dev0T30|
P 0x7f2a7c19b1e8
C 51
= 0x7f2a7c19c208
R
P 0x7f2a7c191628
C 342
R
P 0x7f2a7c191628
P 0x7f2a7c19c208
C 257
R
P 0x7f2a7c191628
C 342
R
P 0x7f2a7c191628
P 0x7f2a7c19c208
C 254
= 0x7f2a7c19b1e8
R
P 0x7f2a7c191628
C 342
R
P 0x7f2a7c191628
P 0x7f2a7c19b1e8
C 209
R
P 0x7f2a7c191628
C 342
R
P 0x7f2a7c191628
P 0x7f2a7c19c208
C 260
R
P 0x7f2a7c191628
C 342
R
P 0x7f2a7c191628
P 0x7f2a7c19c208
C 259
R
P 0x7f2a7c191628
C 342
R
P 0x7f2a7c191628
P 0x7f2a7c19c208
C 258
R
P 0x7f2a7c191628
C 342
R
P 0x7f2a7c191628
P 0x7f2a7c19c208
C 9
R
P 0x7f2a7c191628
C 342
R
P 0x7f2a7c191628
P 0x7f2a7c19bc68
C 333
R
P 0x7f2a7c191628
C 342
R
P 0x7f2a7c191628
S "slotflowPriorityStart"
C 30
R
P 0x7f2a7c191628
C 342
R
P 0x7f2a7c191628
$ |slotflowPriorityStart|
C 202
R
P 0x7f2a7c191628
C 342
R
P 0x7f2a7c191628
$ |slotflowPriorityStart|
P 0x7f2a7c19b1e8
C 51
= 0x7f2a7c19c2a8
R
P 0x7f2a7c191628
C 342
R
P 0x7f2a7c191628
P 0x7f2a7c19c2a8
C 257
R
P 0x7f2a7c191628
C 342
R
P 0x7f2a7c191628
P 0x7f2a7c19c2a8
C 254
= 0x7f2a7c19b1e8
R
P 0x7f2a7c191628
C 342
R
P 0x7f2a7c191628
P 0x7f2a7c19b1e8
C 209
R
P 0x7f2a7c191628
C 342
R
P 0x7f2a7c191628
P 0x7f2a7c19c2a8
C 260
R
P 0x7f2a7c191628
C 342
R
P 0x7f2a7c191628
P 0x7f2a7c19c2a8
C 259
R
P 0x7f2a7c191628
C 342
R
P 0x7f2a7c191628
P 0x7f2a7c19c2a8
C 258
R
P 0x7f2a7c191628
C 342
R
P 0x7f2a7c191628
P 0x7f2a7c19c2a8
C 9
R
P 0x7f2a7c191628
C 342
R
P 0x7f2a7c191628
I 3
P 0x7f2a7c19b208
C 150
= 0x7f2a7c19bfc8
R
P 0x7f2a7c191628
C 342
R
P 0x7f2a7c191628
P 0x7f2a7c19bfc8
C 258
R
P 0x7f2a7c191628
C 342
R
P 0x7f2a7c191628
P 0x7f2a7c19bfc8
C 9
R
P 0x7f2a7c191628
C 342
R
P 0x7f2a7c191628
I 1
P 0x7f2a7c19b208
C 150
= 0x7f2a7c19bc88
R
P 0x7f2a7c191628
C 342
R
P 0x7f2a7c191628
P 0x7f2a7c19bc88
C 258
R
P 0x7f2a7c191628
C 342
R
P 0x7f2a7c191628
P 0x7f2a7c19bc88
C 9
R
P 0x7f2a7c191628
C 342
R
P 0x7f2a7c191628
P 0x7f2a7c19bfc8
P 0x7f2a7c19bc88
C 75
= 0x7f2a7c487208
R
P 0x7f2a7c191628
C 342
R
P 0x7f2a7c191628
P 0x7f2a7c487208
C 258
R
P 0x7f2a7c191628
C 342
R
P 0x7f2a7c191628
P 0x7f2a7c487208
C 9
R
P 0x7f2a7c191628
C 342
R
P 0x7f2a7c191628
I 1
P 0x7f2a7c19b208
C 150
= 0x7f2a7c19bc88
R
P 0x7f2a7c191628
C 342
R
P 0x7f2a7c191628
P 0x7f2a7c19bc88
C 258
R
P 0x7f2a7c191628
C 342
R
P 0x7f2a7c191628
P 0x7f2a7c19bc88
C 9
R
P 0x7f2a7c191628
C 342
R
P 0x7f2a7c191628
U 2
P 0x7f2a7c19bfc8
P 0x7f2a7c19bc88
p 2
C 67
= 0x7f2a7c487240
R
P 0x7f2a7c191628
C 342
R
P 0x7f2a7c191628
P 0x7f2a7c487240
C 257
R
P 0x7f2a7c191628
C 342
R
P 0x7f2a7c191628
P 0x7f2a7c487240
C 254
= 0x7f2a7c19b208
R
P 0x7f2a7c191628
C 342
R
P 0x7f2a7c191628
P 0x7f2a7c19b208
C 209
R
P 0x7f2a7c191628
C 342
R
P 0x7f2a7c191628
P 0x7f2a7c487240
C 260
R
P 0x7f2a7c191628
C 342
R
P 0x7f2a7c191628
P 0x7f2a7c487240
C 259
R
P 0x7f2a7c191628
C 342
R
P 0x7f2a7c191628
P 0x7f2a7c487240
C 258
R
P 0x7f2a7c191628
C 342
R
P 0x7f2a7c191628
P 0x7f2a7c487240
C 9
R
P 0x7f2a7c191628
C 342
R
P 0x7f2a7c191628
U 2
P 0x7f2a7c19bbe8
P 0x7f2a7c487240
p 2
C 66
= 0x7f2a7c487f60
R
P 0x7f2a7c191628
C 342
R
P 0x7f2a7c191628
P 0x7f2a7c487f60
C 257
R
P 0x7f2a7c191628
C 342
R
P 0x7f2a7c191628
P 0x7f2a7c487f60
C 254
= 0x7f2a7c19b208
R
P 0x7f2a7c191628
C 342
R
P 0x7f2a7c191628
P 0x7f2a7c19b208
C 209
R
P 0x7f2a7c191628
C 342
R
P 0x7f2a7c191628
P 0x7f2a7c487f60
C 260
R
P 0x7f2a7c191628
C 342
R
P 0x7f2a7c191628
P 0x7f2a7c487f60
C 259
R
P 0x7f2a7c191628
C 342
R
P 0x7f2a7c191628
P 0x7f2a7c487f60
C 258
R
P 0x7f2a7c191628
C 342
R
P 0x7f2a7c191628
P 0x7f2a7c487f60
C 9
R
P 0x7f2a7c191628
C 342
R
P 0x7f2a7c191628
U 2
P 0x7f2a7c19bb88
P 0x7f2a7c487f60
p 2
C 65
= 0x7f2a7c487f98
R
P 0x7f2a7c191628
C 342
R
P 0x7f2a7c191628
P 0x7f2a7c487f98
C 257
R
P 0x7f2a7c191628
C 342
R
P 0x7f2a7c191628
P 0x7f2a7c487f98
C 254
= 0x7f2a7c19b1e8
R
P 0x7f2a7c191628
C 342
R
P 0x7f2a7c191628
P 0x7f2a7c19b1e8
C 209
R
P 0x7f2a7c191628
C 342
R
P 0x7f2a7c191628
P 0x7f2a7c487f98
C 260
R
P 0x7f2a7c191628
C 342
R
P 0x7f2a7c191628
P 0x7f2a7c487f98
C 259
R
P 0x7f2a7c191628
C 342
R
P 0x7f2a7c191628
P 0x7f2a7c487f98
C 258
R
P 0x7f2a7c191628
C 342
R
P 0x7f2a7c191628
P 0x7f2a7c487f98
C 9
R
P 0x7f2a7c191628
C 342
R
P 0x7f2a7c191628
P 0x7f2a7c487208
P 0x7f2a7c487f98
P 0x7f2a7c19bb88
C 59
= 0x7f2a7c19fac8
R
P 0x7f2a7c191628
C 342
R
P 0x7f2a7c191628
P 0x7f2a7c19fac8
C 257
R
P 0x7f2a7c191628
C 342
R
P 0x7f2a7c191628
P 0x7f2a7c19fac8
C 254
= 0x7f2a7c19b1e8
R
P 0x7f2a7c191628
C 342
R
P 0x7f2a7c191628
P 0x7f2a7c19b1e8
C 209
R
P 0x7f2a7c191628
C 342
R
P 0x7f2a7c191628
P 0x7f2a7c19fac8
C 260
R
P 0x7f2a7c191628
C 342
R
P 0x7f2a7c191628
P 0x7f2a7c19fac8
C 259
R
P 0x7f2a7c191628
C 342
R
P 0x7f2a7c191628
P 0x7f2a7c19fac8
C 258
R
P 0x7f2a7c191628
C 342
R
P 0x7f2a7c191628
P 0x7f2a7c19fac8
C 9
R
P 0x7f2a7c191628
C 342
R
P 0x7f2a7c191628
U 2
P 0x7f2a7c19c2a8
P 0x7f2a7c19fac8
p 2
C 65
= 0x7f2a7c488078
R
P 0x7f2a7c191628
C 342
R
P 0x7f2a7c191628
P 0x7f2a7c488078
C 257
R
P 0x7f2a7c191628
C 342
R
P 0x7f2a7c191628
P 0x7f2a7c488078
C 254
= 0x7f2a7c19b1e8
R
P 0x7f2a7c191628
C 342
R
P 0x7f2a7c191628
P 0x7f2a7c19b1e8
C 209
R
P 0x7f2a7c191628
C 342
R
P 0x7f2a7c191628
P 0x7f2a7c488078
C 260
R
P 0x7f2a7c191628
C 342
R
P 0x7f2a7c191628
P 0x7f2a7c488078
C 259
R
P 0x7f2a7c191628
C 342
R
P 0x7f2a7c191628
P 0x7f2a7c488078
C 258
R
P 0x7f2a7c191628
C 342
R
P 0x7f2a7c191628
P 0x7f2a7c488078
C 9
R
P 0x7f2a7c191628
C 342
R
P 0x7f2a7c191628
U 2
P 0x7f2a7c488078
P 0x7f2a7c19bb68
p 2
C 65
= 0x7f2a7c489bf0
R
P 0x7f2a7c191628
C 342
R
P 0x7f2a7c191628
P 0x7f2a7c489bf0
C 257
R
P 0x7f2a7c191628
C 342
R
P 0x7f2a7c191628
P 0x7f2a7c489bf0
C 254
= 0x7f2a7c19b1e8
R
P 0x7f2a7c191628
C 342
R
P 0x7f2a7c191628
P 0x7f2a7c19b1e8
C 209
R
P 0x7f2a7c191628
C 342
R
P 0x7f2a7c191628
P 0x7f2a7c489bf0
C 260
R
P 0x7f2a7c191628
C 342
R
P 0x7f2a7c191628
P 0x7f2a7c489bf0
C 259
R
P 0x7f2a7c191628
C 342
R
P 0x7f2a7c191628
P 0x7f2a7c489bf0
C 258
R
P 0x7f2a7c191628
C 342
R
P 0x7f2a7c191628
P 0x7f2a7c489bf0
C 9
R
P 0x7f2a7c191628
C 342
R
P 0x7f2a7c191628
P 0x7f2a7c19c208
P 0x7f2a7c489bf0
C 76
= 0x7f2a7c489c28
R
P 0x7f2a7c191628
C 342
R
P 0x7f2a7c191628
P 0x7f2a7c489c28
C 258
R
P 0x7f2a7c191628
C 342
R
P 0x7f2a7c191628
P 0x7f2a7c489c28
C 9
R
P 0x7f2a7c191628
C 342
R
P 0x7f2a7c191628
I 0
P 0x7f2a7c19b208
C 150
= 0x7f2a7c19bd08
R
P 0x7f2a7c191628
C 342
R
P 0x7f2a7c191628
P 0x7f2a7c19bd08
C 258
R
P 0x7f2a7c191628
C 342
R
P 0x7f2a7c191628
P 0x7f2a7c19bd08
C 9
R
P 0x7f2a7c191628
C 342
R
P 0x7f2a7c191628
P 0x7f2a7c19bd08
C 263
R
P 0x7f2a7c191628
C 342
R
P 0x7f2a7c191628
S "dev0T30"
C 30
R
P 0x7f2a7c191628
C 342
R
P 0x7f2a7c191628
$ |dev0T30|
C 202
R
P 0x7f2a7c191628
C 342
R
P 0x7f2a7c191628
$ |dev0T30|
P 0x7f2a7c19b1e8
C 51
= 0x7f2a7c19c208
R
P 0x7f2a7c191628
C 342
R
P 0x7f2a7c191628
P 0x7f2a7c19c208
C 257
R
P 0x7f2a7c191628
C 342
R
P 0x7f2a7c191628
P 0x7f2a7c19c208
C 254
= 0x7f2a7c19b1e8
R
P 0x7f2a7c191628
C 342
R
P 0x7f2a7c191628
P 0x7f2a7c19b1e8
C 209
R
P 0x7f2a7c191628
C 342
R
P 0x7f2a7c191628
P 0x7f2a7c19c208
C 260
R
P 0x7f2a7c191628
C 342
R
P 0x7f2a7c191628
P 0x7f2a7c19c208
C 259
R
P 0x7f2a7c191628
C 342
R
P 0x7f2a7c191628
P 0x7f2a7c19c208
C 258
R
P 0x7f2a7c191628
C 342
R
P 0x7f2a7c191628
P 0x7f2a7c19c208
C 9
R
P 0x7f2a7c191628
C 342
R
P 0x7f2a7c191628
P 0x7f2a7c19bc68
C 333
R
P 0x7f2a7c191628
C 342
R
P 0x7f2a7c191628
S "slotflowPriorityStart"
C 30
R
P 0x7f2a7c191628
C 342
R
P 0x7f2a7c191628
$ |slotflowPriorityStart|
C 202
R
P 0x7f2a7c191628
C 342
R
P 0x7f2a7c191628
$ |slotflowPriorityStart|
P 0x7f2a7c19b1e8
C 51
= 0x7f2a7c19c2a8
R
P 0x7f2a7c191628
C 342
R
P 0x7f2a7c191628
P 0x7f2a7c19c2a8
C 257
R
P 0x7f2a7c191628
C 342
R
P 0x7f2a7c191628
P 0x7f2a7c19c2a8
C 254
= 0x7f2a7c19b1e8
R
P 0x7f2a7c191628
C 342
R
P 0x7f2a7c191628
P 0x7f2a7c19b1e8
C 209
R
P 0x7f2a7c191628
C 342
R
P 0x7f2a7c191628
P 0x7f2a7c19c2a8
C 260
R
P 0x7f2a7c191628
C 342
R
P 0x7f2a7c191628
P 0x7f2a7c19c2a8
C 259
R
P 0x7f2a7c191628
C 342
R
P 0x7f2a7c191628
P 0x7f2a7c19c2a8
C 258
R
P 0x7f2a7c191628
C 342
R
P 0x7f2a7c191628
P 0x7f2a7c19c2a8
C 9
R
P 0x7f2a7c191628
C 342
R
P 0x7f2a7c191628
P 0x7f2a7c19bc68
C 333
R
P 0x7f2a7c191628
C 342
R
P 0x7f2a7c191628
S "slotflowPriorityDuration"
C 30
R
P 0x7f2a7c191628
C 342
R
P 0x7f2a7c191628
$ |slotflowPriorityDuration|
C 202
R
P 0x7f2a7c191628
C 342
R
P 0x7f2a7c191628
$ |slotflowPriorityDuration|
P 0x7f2a7c19b1e8
C 51
= 0x7f2a7c19c268
R
P 0x7f2a7c191628
C 342
R
P 0x7f2a7c191628
P 0x7f2a7c19c268
C 257
R
P 0x7f2a7c191628
C 342
R
P 0x7f2a7c191628
P 0x7f2a7c19c268
C 254
= 0x7f2a7c19b1e8
R
P 0x7f2a7c191628
C 342
R
P 0x7f2a7c191628
P 0x7f2a7c19b1e8
C 209
R
P 0x7f2a7c191628
C 342
R
P 0x7f2a7c191628
P 0x7f2a7c19c268
C 260
R
P 0x7f2a7c191628
C 342
R
P 0x7f2a7c191628
P 0x7f2a7c19c268
C 259
R
P 0x7f2a7c191628
C 342
R
P 0x7f2a7c191628
P 0x7f2a7c19c268
C 258
R
P 0x7f2a7c191628
C 342
R
P 0x7f2a7c191628
P 0x7f2a7c19c268
C 9
R
P 0x7f2a7c191628
C 342
R
P 0x7f2a7c191628
U 2
P 0x7f2a7c19c2a8
P 0x7f2a7c19c268
p 2
C 65
= 0x7f2a7c487908
R
P 0x7f2a7c191628
C 342
R
P 0x7f2a7c191628
P 0x7f2a7c487908
C 257
R
P 0x7f2a7c191628
C 342
R
P 0x7f2a7c191628
P 0x7f2a7c487908
C 254
= 0x7f2a7c19b1e8
R
P 0x7f2a7c191628
C 342
R
P 0x7f2a7c191628
P 0x7f2a7c19b1e8
C 209
R
P 0x7f2a7c191628
C 342
R
P 0x7f2a7c191628
P 0x7f2a7c487908
C 260
R
P 0x7f2a7c191628
C 342
R
P 0x7f2a7c191628
P 0x7f2a7c487908
C 259
R
P 0x7f2a7c191628
C 342
R
P 0x7f2a7c191628
P 0x7f2a7c487908
C 258
R
P 0x7f2a7c191628
C 342
R
P 0x7f2a7c191628
P 0x7f2a7c487908
C 9
R
P 0x7f2a7c191628
C 342
R
P 0x7f2a7c191628
I 3
P 0x7f2a7c19b208
C 150
= 0x7f2a7c19bfc8
R
P 0x7f2a7c191628
C 342
R
P 0x7f2a7c191628
P 0x7f2a7c19bfc8
C 258
R
P 0x7f2a7c191628
C 342
R
P 0x7f2a7c191628
P 0x7f2a7c19bfc8
C 9
R
P 0x7f2a7c191628
C 342
R
P 0x7f2a7c191628
I 1
P 0x7f2a7c19b208
C 150
= 0x7f2a7c19bc88
R
P 0x7f2a7c191628
C 342
R
P 0x7f2a7c191628
P 0x7f2a7c19bc88
C 258
R
P 0x7f2a7c191628
C 342
R
P 0x7f2a7c191628
P 0x7f2a7c19bc88
C 9
R
P 0x7f2a7c191628
C 342
R
P 0x7f2a7c191628
P 0x7f2a7c19bfc8
P 0x7f2a7c19bc88
C 75
= 0x7f2a7c487208
R
P 0x7f2a7c191628
C 342
R
P 0x7f2a7c191628
P 0x7f2a7c487208
C 258
R
P 0x7f2a7c191628
C 342
R
P 0x7f2a7c191628
P 0x7f2a7c487208
C 9
R
P 0x7f2a7c191628
C 342
R
P 0x7f2a7c191628
I 1
P 0x7f2a7c19b208
C 150
= 0x7f2a7c19bc88
R
P 0x7f2a7c191628
C 342
R
P 0x7f2a7c191628
P 0x7f2a7c19bc88
C 258
R
P 0x7f2a7c191628
C 342
R
P 0x7f2a7c191628
P 0x7f2a7c19bc88
C 9
R
P 0x7f2a7c191628
C 342
R
P 0x7f2a7c191628
U 2
P 0x7f2a7c19bfc8
P 0x7f2a7c19bc88
p 2
C 67
= 0x7f2a7c487240
R
P 0x7f2a7c191628
C 342
R
P 0x7f2a7c191628
P 0x7f2a7c487240
C 257
R
P 0x7f2a7c191628
C 342
R
P 0x7f2a7c191628
P 0x7f2a7c487240
C 254
= 0x7f2a7c19b208
R
P 0x7f2a7c191628
C 342
R
P 0x7f2a7c191628
P 0x7f2a7c19b208
C 209
R
P 0x7f2a7c191628
C 342
R
P 0x7f2a7c191628
P 0x7f2a7c487240
C 260
R
P 0x7f2a7c191628
C 342
R
P 0x7f2a7c191628
P 0x7f2a7c487240
C 259
R
P 0x7f2a7c191628
C 342
R
P 0x7f2a7c191628
P 0x7f2a7c487240
C 258
R
P 0x7f2a7c191628
C 342
R
P 0x7f2a7c191628
P 0x7f2a7c487240
C 9
R
P 0x7f2a7c191628
C 342
R
P 0x7f2a7c191628
U 2
P 0x7f2a7c19bbe8
P 0x7f2a7c487240
p 2
C 66
= 0x7f2a7c487f60
R
P 0x7f2a7c191628
C 342
R
P 0x7f2a7c191628
P 0x7f2a7c487f60
C 257
R
P 0x7f2a7c191628
C 342
R
P 0x7f2a7c191628
P 0x7f2a7c487f60
C 254
= 0x7f2a7c19b208
R
P 0x7f2a7c191628
C 342
R
P 0x7f2a7c191628
P 0x7f2a7c19b208
C 209
R
P 0x7f2a7c191628
C 342
R
P 0x7f2a7c191628
P 0x7f2a7c487f60
C 260
R
P 0x7f2a7c191628
C 342
R
P 0x7f2a7c191628
P 0x7f2a7c487f60
C 259
R
P 0x7f2a7c191628
C 342
R
P 0x7f2a7c191628
P 0x7f2a7c487f60
C 258
R
P 0x7f2a7c191628
C 342
R
P 0x7f2a7c191628
P 0x7f2a7c487f60
C 9
R
P 0x7f2a7c191628
C 342
R
P 0x7f2a7c191628
U 2
P 0x7f2a7c19bb88
P 0x7f2a7c487f60
p 2
C 65
= 0x7f2a7c487f98
R
P 0x7f2a7c191628
C 342
R
P 0x7f2a7c191628
P 0x7f2a7c487f98
C 257
R
P 0x7f2a7c191628
C 342
R
P 0x7f2a7c191628
P 0x7f2a7c487f98
C 254
= 0x7f2a7c19b1e8
R
P 0x7f2a7c191628
C 342
R
P 0x7f2a7c191628
P 0x7f2a7c19b1e8
C 209
R
P 0x7f2a7c191628
C 342
R
P 0x7f2a7c191628
P 0x7f2a7c487f98
C 260
R
P 0x7f2a7c191628
C 342
R
P 0x7f2a7c191628
P 0x7f2a7c487f98
C 259
R
P 0x7f2a7c191628
C 342
R
P 0x7f2a7c191628
P 0x7f2a7c487f98
C 258
R
P 0x7f2a7c191628
C 342
R
P 0x7f2a7c191628
P 0x7f2a7c487f98
C 9
R
P 0x7f2a7c191628
C 342
R
P 0x7f2a7c191628
P 0x7f2a7c487208
P 0x7f2a7c487f98
P 0x7f2a7c19bb88
C 59
= 0x7f2a7c19fac8
R
P 0x7f2a7c191628
C 342
R
P 0x7f2a7c191628
P 0x7f2a7c19fac8
C 257
R
P 0x7f2a7c191628
C 342
R
P 0x7f2a7c191628
P 0x7f2a7c19fac8
C 254
= 0x7f2a7c19b1e8
R
P 0x7f2a7c191628
C 342
R
P 0x7f2a7c191628
P 0x7f2a7c19b1e8
C 209
R
P 0x7f2a7c191628
C 342
R
P 0x7f2a7c191628
P 0x7f2a7c19fac8
C 260
R
P 0x7f2a7c191628
C 342
R
P 0x7f2a7c191628
P 0x7f2a7c19fac8
C 259
R
P 0x7f2a7c191628
C 342
R
P 0x7f2a7c191628
P 0x7f2a7c19fac8
C 258
R
P 0x7f2a7c191628
C 342
R
P 0x7f2a7c191628
P 0x7f2a7c19fac8
C 9
R
P 0x7f2a7c191628
C 342
R
P 0x7f2a7c191628
U 2
P 0x7f2a7c487908
P 0x7f2a7c19fac8
p 2
C 65
= 0x7f2a7c487fd0
R
P 0x7f2a7c191628
C 342
R
P 0x7f2a7c191628
P 0x7f2a7c487fd0
C 257
R
P 0x7f2a7c191628
C 342
R
P 0x7f2a7c191628
P 0x7f2a7c487fd0
C 254
= 0x7f2a7c19b1e8
R
P 0x7f2a7c191628
C 342
R
P 0x7f2a7c191628
P 0x7f2a7c19b1e8
C 209
R
P 0x7f2a7c191628
C 342
R
P 0x7f2a7c191628
P 0x7f2a7c487fd0
C 260
R
P 0x7f2a7c191628
C 342
R
P 0x7f2a7c191628
P 0x7f2a7c487fd0
C 259
R
P 0x7f2a7c191628
C 342
R
P 0x7f2a7c191628
P 0x7f2a7c487fd0
C 258
R
P 0x7f2a7c191628
C 342
R
P 0x7f2a7c191628
P 0x7f2a7c487fd0
C 9
R
P 0x7f2a7c191628
C 342
R
P 0x7f2a7c191628
P 0x7f2a7c19c208
P 0x7f2a7c487fd0
C 74
= 0x7f2a7c489c60
R
P 0x7f2a7c191628
C 342
R
P 0x7f2a7c191628
P 0x7f2a7c489c60
C 258
R
P 0x7f2a7c191628
C 342
R
P 0x7f2a7c191628
P 0x7f2a7c489c60
C 9
R
P 0x7f2a7c191628
C 342
R
P 0x7f2a7c191628
U 2
P 0x7f2a7c489c28
P 0x7f2a7c489c60
p 2
C 63
= 0x7f2a7c489c98
R
P 0x7f2a7c191628
C 342
R
P 0x7f2a7c191628
P 0x7f2a7c489c98
C 258
R
P 0x7f2a7c191628
C 342
R
P 0x7f2a7c191628
P 0x7f2a7c489c98
C 9
R
P 0x7f2a7c191628
C 342
R
P 0x7f2a7c191628
P 0x7f2a7c489bb8
P 0x7f2a7c489c98
C 61
= 0x7f2a7c489cd0
R
P 0x7f2a7c191628
C 342
R
P 0x7f2a7c191628
P 0x7f2a7c489cd0
C 258
R
P 0x7f2a7c191628
C 342
R
P 0x7f2a7c191628
P 0x7f2a7c489cd0
C 9
R
P 0x7f2a7c191628
C 342
R
P 0x7f2a7c191628
P 0x7f2a7c1e1fc8
P 0x7f2a7c489cd0
C 427
R
P 0x7f2a7c191628
C 342
R
P 0x7f2a7c191628
I 0
P 0x7f2a7c19b208
C 150
= 0x7f2a7c19bd08
R
P 0x7f2a7c191628
C 342
R
P 0x7f2a7c191628
P 0x7f2a7c19bd08
C 258
R
P 0x7f2a7c191628
C 342
R
P 0x7f2a7c191628
P 0x7f2a7c19bd08
C 9
R
P 0x7f2a7c191628
C 342
R
P 0x7f2a7c191628
I 1
P 0x7f2a7c19b208
C 150
= 0x7f2a7c19bc88
R
P 0x7f2a7c191628
C 342
R
P 0x7f2a7c191628
P 0x7f2a7c19bc88
C 258
R
P 0x7f2a7c191628
C 342
R
P 0x7f2a7c191628
P 0x7f2a7c19bc88
C 9
R
P 0x7f2a7c191628
C 342
R
P 0x7f2a7c191628
P 0x7f2a7c19bd08
P 0x7f2a7c19bc88
C 75
= 0x7f2a7c486fa0
R
P 0x7f2a7c191628
C 342
R
P 0x7f2a7c191628
P 0x7f2a7c486fa0
C 258
R
P 0x7f2a7c191628
C 342
R
P 0x7f2a7c191628
P 0x7f2a7c486fa0
C 9
R
P 0x7f2a7c191628
C 342
R
P 0x7f2a7c191628
I 1
P 0x7f2a7c19b208
C 150
= 0x7f2a7c19bc88
R
P 0x7f2a7c191628
C 342
R
P 0x7f2a7c191628
P 0x7f2a7c19bc88
C 258
R
P 0x7f2a7c191628
C 342
R
P 0x7f2a7c191628
P 0x7f2a7c19bc88
C 9
R
P 0x7f2a7c191628
C 342
R
P 0x7f2a7c191628
U 2
P 0x7f2a7c19bd08
P 0x7f2a7c19bc88
p 2
C 67
= 0x7f2a7c486fd8
R
P 0x7f2a7c191628
C 342
R
P 0x7f2a7c191628
P 0x7f2a7c486fd8
C 257
R
P 0x7f2a7c191628
C 342
R
P 0x7f2a7c191628
P 0x7f2a7c486fd8
C 254
= 0x7f2a7c19b208
R
P 0x7f2a7c191628
C 342
R
P 0x7f2a7c191628
P 0x7f2a7c19b208
C 209
R
P 0x7f2a7c191628
C 342
R
P 0x7f2a7c191628
P 0x7f2a7c486fd8
C 260
R
P 0x7f2a7c191628
C 342
R
P 0x7f2a7c191628
P 0x7f2a7c486fd8
C 259
R
P 0x7f2a7c191628
C 342
R
P 0x7f2a7c191628
P 0x7f2a7c486fd8
C 258
R
P 0x7f2a7c191628
C 342
R
P 0x7f2a7c191628
P 0x7f2a7c486fd8
C 9
R
P 0x7f2a7c191628
C 342
R
P 0x7f2a7c191628
U 2
P 0x7f2a7c19bba8
P 0x7f2a7c486fd8
p 2
C 66
= 0x7f2a7c487010
R
P 0x7f2a7c191628
C 342
R
P 0x7f2a7c191628
P 0x7f2a7c487010
C 257
R
P 0x7f2a7c191628
C 342
R
P 0x7f2a7c191628
P 0x7f2a7c487010
C 254
= 0x7f2a7c19b1e8
R
P 0x7f2a7c191628
C 342
R
P 0x7f2a7c191628
P 0x7f2a7c19b1e8
C 209
R
P 0x7f2a7c191628
C 342
R
P 0x7f2a7c191628
P 0x7f2a7c487010
C 260
R
P 0x7f2a7c191628
C 342
R
P 0x7f2a7c191628
P 0x7f2a7c487010
C 259
R
P 0x7f2a7c191628
C 342
R
P 0x7f2a7c191628
P 0x7f2a7c487010
C 258
R
P 0x7f2a7c191628
C 342
R
P 0x7f2a7c191628
P 0x7f2a7c487010
C 9
R
P 0x7f2a7c191628
C 342
R
P 0x7f2a7c191628
U 2
P 0x7f2a7c19bc28
P 0x7f2a7c487010
p 2
C 65
= 0x7f2a7c487048
R
P 0x7f2a7c191628
C 342
R
P 0x7f2a7c191628
P 0x7f2a7c487048
C 257
R
P 0x7f2a7c191628
C 342
R
P 0x7f2a7c191628
P 0x7f2a7c487048
C 254
= 0x7f2a7c19b1e8
R
P 0x7f2a7c191628
C 342
R
P 0x7f2a7c191628
P 0x7f2a7c19b1e8
C 209
R
P 0x7f2a7c191628
C 342
R
P 0x7f2a7c191628
P 0x7f2a7c487048
C 260
R
P 0x7f2a7c191628
C 342
R
P 0x7f2a7c191628
P 0x7f2a7c487048
C 259
R
P 0x7f2a7c191628
C 342
R
P 0x7f2a7c191628
P 0x7f2a7c487048
C 258
R
P 0x7f2a7c191628
C 342
R
P 0x7f2a7c191628
P 0x7f2a7c487048
C 9
R
P 0x7f2a7c191628
C 342
R
P 0x7f2a7c191628
P 0x7f2a7c486fa0
P 0x7f2a7c487048
P 0x7f2a7c19bc28
C 59
= 0x7f2a7c19f948
R
P 0x7f2a7c191628
C 342
R
P 0x7f2a7c191628
P 0x7f2a7c19f948
C 257
R
P 0x7f2a7c191628
C 342
R
P 0x7f2a7c191628
P 0x7f2a7c19f948
C 254
= 0x7f2a7c19b1e8
R
P 0x7f2a7c191628
C 342
R
P 0x7f2a7c191628
P 0x7f2a7c19b1e8
C 209
R
P 0x7f2a7c191628
C 342
R
P 0x7f2a7c191628
P 0x7f2a7c19f948
C 260
R
P 0x7f2a7c191628
C 342
R
P 0x7f2a7c191628
P 0x7f2a7c19f948
C 259
R
P 0x7f2a7c191628
C 342
R
P 0x7f2a7c191628
P 0x7f2a7c19f948
C 258
R
P 0x7f2a7c191628
C 342
R
P 0x7f2a7c191628
P 0x7f2a7c19f948
C 9
R
P 0x7f2a7c191628
C 342
R
P 0x7f2a7c191628
U 2
P 0x7f2a7c19f948
P 0x7f2a7c19bb48
p 2
C 65
= 0x7f2a7c487080
R
P 0x7f2a7c191628
C 342
R
P 0x7f2a7c191628
P 0x7f2a7c487080
C 257
R
P 0x7f2a7c191628
C 342
R
P 0x7f2a7c191628
P 0x7f2a7c487080
C 254
= 0x7f2a7c19b1e8
R
P 0x7f2a7c191628
C 342
R
P 0x7f2a7c191628
P 0x7f2a7c19b1e8
C 209
R
P 0x7f2a7c191628
C 342
R
P 0x7f2a7c191628
P 0x7f2a7c487080
C 260
R
P 0x7f2a7c191628
C 342
R
P 0x7f2a7c191628
P 0x7f2a7c487080
C 259
R
P 0x7f2a7c191628
C 342
R
P 0x7f2a7c191628
P 0x7f2a7c487080
C 258
R
P 0x7f2a7c191628
C 342
R
P 0x7f2a7c191628
P 0x7f2a7c487080
C 9
R
P 0x7f2a7c191628
C 342
R
P 0x7f2a7c191628
P 0x7f2a7c19bc68
C 333
R
P 0x7f2a7c191628
C 342
R
P 0x7f2a7c191628
S "slotflowPriorityStart"
C 30
R
P 0x7f2a7c191628
C 342
R
P 0x7f2a7c191628
$ |slotflowPriorityStart|
C 202
R
P 0x7f2a7c191628
C 342
R
P 0x7f2a7c191628
$ |slotflowPriorityStart|
P 0x7f2a7c19b1e8
C 51
= 0x7f2a7c19c2a8
R
P 0x7f2a7c191628
C 342
R
P 0x7f2a7c191628
P 0x7f2a7c19c2a8
C 257
R
P 0x7f2a7c191628
C 342
R
P 0x7f2a7c191628
P 0x7f2a7c19c2a8
C 254
= 0x7f2a7c19b1e8
R
P 0x7f2a7c191628
C 342
R
P 0x7f2a7c191628
P 0x7f2a7c19b1e8
C 209
R
P 0x7f2a7c191628
C 342
R
P 0x7f2a7c191628
P 0x7f2a7c19c2a8
C 260
R
P 0x7f2a7c191628
C 342
R
P 0x7f2a7c191628
P 0x7f2a7c19c2a8
C 259
R
P 0x7f2a7c191628
C 342
R
P 0x7f2a7c191628
P 0x7f2a7c19c2a8
C 258
R
P 0x7f2a7c191628
C 342
R
P 0x7f2a7c191628
P 0x7f2a7c19c2a8
C 9
R
P 0x7f2a7c191628
C 342
R
P 0x7f2a7c191628
I 4
P 0x7f2a7c19b208
C 150
= 0x7f2a7c19c028
R
P 0x7f2a7c191628
C 342
R
P 0x7f2a7c191628
P 0x7f2a7c19c028
C 258
R
P 0x7f2a7c191628
C 342
R
P 0x7f2a7c191628
P 0x7f2a7c19c028
C 9
R
P 0x7f2a7c191628
C 342
R
P 0x7f2a7c191628
I 1
P 0x7f2a7c19b208
C 150
= 0x7f2a7c19bc88
R
P 0x7f2a7c191628
C 342
R
P 0x7f2a7c191628
P 0x7f2a7c19bc88
C 258
R
P 0x7f2a7c191628
C 342
R
P 0x7f2a7c191628
P 0x7f2a7c19bc88
C 9
R
P 0x7f2a7c191628
C 342
R
P 0x7f2a7c191628
P 0x7f2a7c19c028
P 0x7f2a7c19bc88
C 75
= 0x7f2a7c487390
R
P 0x7f2a7c191628
C 342
R
P 0x7f2a7c191628
P 0x7f2a7c487390
C 258
R
P 0x7f2a7c191628
C 342
R
P 0x7f2a7c191628
P 0x7f2a7c487390
C 9
R
P 0x7f2a7c191628
C 342
R
P 0x7f2a7c191628
I 1
P 0x7f2a7c19b208
C 150
= 0x7f2a7c19bc88
R
P 0x7f2a7c191628
C 342
R
P 0x7f2a7c191628
P 0x7f2a7c19bc88
C 258
R
P 0x7f2a7c191628
C 342
R
P 0x7f2a7c191628
P 0x7f2a7c19bc88
C 9
R
P 0x7f2a7c191628
C 342
R
P 0x7f2a7c191628
U 2
P 0x7f2a7c19c028
P 0x7f2a7c19bc88
p 2
C 67
= 0x7f2a7c4873c8
R
P 0x7f2a7c191628
C 342
R
P 0x7f2a7c191628
P 0x7f2a7c4873c8
C 257
R
P 0x7f2a7c191628
C 342
R
P 0x7f2a7c191628
P 0x7f2a7c4873c8
C 254
= 0x7f2a7c19b208
R
P 0x7f2a7c191628
C 342
R
P 0x7f2a7c191628
P 0x7f2a7c19b208
C 209
R
P 0x7f2a7c191628
C 342
R
P 0x7f2a7c191628
P 0x7f2a7c4873c8
C 260
R
P 0x7f2a7c191628
C 342
R
P 0x7f2a7c191628
P 0x7f2a7c4873c8
C 259
R
P 0x7f2a7c191628
C 342
R
P 0x7f2a7c191628
P 0x7f2a7c4873c8
C 258
R
P 0x7f2a7c191628
C 342
R
P 0x7f2a7c191628
P 0x7f2a7c4873c8
C 9
R
P 0x7f2a7c191628
C 342
R
P 0x7f2a7c191628
U 2
P 0x7f2a7c19bbe8
P 0x7f2a7c4873c8
p 2
C 66
= 0x7f2a7c488158
R
P 0x7f2a7c191628
C 342
R
P 0x7f2a7c191628
P 0x7f2a7c488158
C 257
R
P 0x7f2a7c191628
C 342
R
P 0x7f2a7c191628
P 0x7f2a7c488158
C 254
= 0x7f2a7c19b208
R
P 0x7f2a7c191628
C 342
R
P 0x7f2a7c191628
P 0x7f2a7c19b208
C 209
R
P 0x7f2a7c191628
C 342
R
P 0x7f2a7c191628
P 0x7f2a7c488158
C 260
R
P 0x7f2a7c191628
C 342
R
P 0x7f2a7c191628
P 0x7f2a7c488158
C 259
R
P 0x7f2a7c191628
C 342
R
P 0x7f2a7c191628
P 0x7f2a7c488158
C 258
R
P 0x7f2a7c191628
C 342
R
P 0x7f2a7c191628
P 0x7f2a7c488158
C 9
R
P 0x7f2a7c191628
C 342
R
P 0x7f2a7c191628
U 2
P 0x7f2a7c19bb88
P 0x7f2a7c488158
p 2
C 65
= 0x7f2a7c488190
R
P 0x7f2a7c191628
C 342
R
P 0x7f2a7c191628
P 0x7f2a7c488190
C 257
R
P 0x7f2a7c191628
C 342
R
P 0x7f2a7c191628
P 0x7f2a7c488190
C 254
= 0x7f2a7c19b1e8
R
P 0x7f2a7c191628
C 342
R
P 0x7f2a7c191628
P 0x7f2a7c19b1e8
C 209
R
P 0x7f2a7c191628
C 342
R
P 0x7f2a7c191628
P 0x7f2a7c488190
C 260
R
P 0x7f2a7c191628
C 342
R
P 0x7f2a7c191628
P 0x7f2a7c488190
C 259
R
P 0x7f2a7c191628
C 342
R
P 0x7f2a7c191628
P 0x7f2a7c488190
C 258
R
P 0x7f2a7c191628
C 342
R
P 0x7f2a7c191628
P 0x7f2a7c488190
C 9
R
P 0x7f2a7c191628
C 342
R
P 0x7f2a7c191628
P 0x7f2a7c487390
P 0x7f2a7c488190
P 0x7f2a7c19bb88
C 59
= 0x7f2a7c19fb08
R
P 0x7f2a7c191628
C 342
R
P 0x7f2a7c191628
P 0x7f2a7c19fb08
C 257
R
P 0x7f2a7c191628
C 342
R
P 0x7f2a7c191628
P 0x7f2a7c19fb08
C 254
= 0x7f2a7c19b1e8
R
P 0x7f2a7c191628
C 342
R
P 0x7f2a7c191628
P 0x7f2a7c19b1e8
C 209
R
P 0x7f2a7c191628
C 342
R
P 0x7f2a7c191628
P 0x7f2a7c19fb08
C 260
R
P 0x7f2a7c191628
C 342
R
P 0x7f2a7c191628
P 0x7f2a7c19fb08
C 259
R
P 0x7f2a7c191628
C 342
R
P 0x7f2a7c191628
P 0x7f2a7c19fb08
C 258
R
P 0x7f2a7c191628
C 342
R
P 0x7f2a7c191628
P 0x7f2a7c19fb08
C 9
R
P 0x7f2a7c191628
C 342
R
P 0x7f2a7c191628
U 2
P 0x7f2a7c19c2a8
P 0x7f2a7c19fb08
p 2
C 65
= 0x7f2a7c488270
R
P 0x7f2a7c191628
C 342
R
P 0x7f2a7c191628
P 0x7f2a7c488270
C 257
R
P 0x7f2a7c191628
C 342
R
P 0x7f2a7c191628
P 0x7f2a7c488270
C 254
= 0x7f2a7c19b1e8
R
P 0x7f2a7c191628
C 342
R
P 0x7f2a7c191628
P 0x7f2a7c19b1e8
C 209
R
P 0x7f2a7c191628
C 342
R
P 0x7f2a7c191628
P 0x7f2a7c488270
C 260
R
P 0x7f2a7c191628
C 342
R
P 0x7f2a7c191628
P 0x7f2a7c488270
C 259
R
P 0x7f2a7c191628
C 342
R
P 0x7f2a7c191628
P 0x7f2a7c488270
C 258
R
P 0x7f2a7c191628
C 342
R
P 0x7f2a7c191628
P 0x7f2a7c488270
C 9
R
P 0x7f2a7c191628
C 342
R
P 0x7f2a7c191628
P 0x7f2a7c487080
P 0x7f2a7c488270
C 73
= 0x7f2a7c489d08
R
P 0x7f2a7c191628
C 342
R
P 0x7f2a7c191628
P 0x7f2a7c489d08
C 258
R
P 0x7f2a7c191628
C 342
R
P 0x7f2a7c191628
P 0x7f2a7c489d08
C 9
R
P 0x7f2a7c191628
C 342
R
P 0x7f2a7c191628
I 0
P 0x7f2a7c19b208
C 150
= 0x7f2a7c19bd08
R
P 0x7f2a7c191628
C 342
R
P 0x7f2a7c191628
P 0x7f2a7c19bd08
C 258
R
P 0x7f2a7c191628
C 342
R
P 0x7f2a7c191628
P 0x7f2a7c19bd08
C 9
R
P 0x7f2a7c191628
C 342
R
P 0x7f2a7c191628
I 1
P 0x7f2a7c19b208
C 150
= 0x7f2a7c19bc88
R
P 0x7f2a7c191628
C 342
R
P 0x7f2a7c191628
P 0x7f2a7c19bc88
C 258
R
P 0x7f2a7c191628
C 342
R
P 0x7f2a7c191628
P 0x7f2a7c19bc88
C 9
R
P 0x7f2a7c191628
C 342
R
P 0x7f2a7c191628
P 0x7f2a7c19bd08
P 0x7f2a7c19bc88
C 75
= 0x7f2a7c486fa0
R
P 0x7f2a7c191628
C 342
R
P 0x7f2a7c191628
P 0x7f2a7c486fa0
C 258
R
P 0x7f2a7c191628
C 342
R
P 0x7f2a7c191628
P 0x7f2a7c486fa0
C 9
R
P 0x7f2a7c191628
C 342
R
P 0x7f2a7c191628
I 1
P 0x7f2a7c19b208
C 150
= 0x7f2a7c19bc88
R
P 0x7f2a7c191628
C 342
R
P 0x7f2a7c191628
P 0x7f2a7c19bc88
C 258
R
P 0x7f2a7c191628
C 342
R
P 0x7f2a7c191628
P 0x7f2a7c19bc88
C 9
R
P 0x7f2a7c191628
C 342
R
P 0x7f2a7c191628
U 2
P 0x7f2a7c19bd08
P 0x7f2a7c19bc88
p 2
C 67
= 0x7f2a7c486fd8
R
P 0x7f2a7c191628
C 342
R
P 0x7f2a7c191628
P 0x7f2a7c486fd8
C 257
R
P 0x7f2a7c191628
C 342
R
P 0x7f2a7c191628
P 0x7f2a7c486fd8
C 254
= 0x7f2a7c19b208
R
P 0x7f2a7c191628
C 342
R
P 0x7f2a7c191628
P 0x7f2a7c19b208
C 209
R
P 0x7f2a7c191628
C 342
R
P 0x7f2a7c191628
P 0x7f2a7c486fd8
C 260
R
P 0x7f2a7c191628
C 342
R
P 0x7f2a7c191628
P 0x7f2a7c486fd8
C 259
R
P 0x7f2a7c191628
C 342
R
P 0x7f2a7c191628
P 0x7f2a7c486fd8
C 258
R
P 0x7f2a7c191628
C 342
R
P 0x7f2a7c191628
P 0x7f2a7c486fd8
C 9
R
P 0x7f2a7c191628
C 342
R
P 0x7f2a7c191628
U 2
P 0x7f2a7c19bba8
P 0x7f2a7c486fd8
p 2
C 66
= 0x7f2a7c487010
R
P 0x7f2a7c191628
C 342
R
P 0x7f2a7c191628
P 0x7f2a7c487010
C 257
R
P 0x7f2a7c191628
C 342
R
P 0x7f2a7c191628
P 0x7f2a7c487010
C 254
= 0x7f2a7c19b1e8
R
P 0x7f2a7c191628
C 342
R
P 0x7f2a7c191628
P 0x7f2a7c19b1e8
C 209
R
P 0x7f2a7c191628
C 342
R
P 0x7f2a7c191628
P 0x7f2a7c487010
C 260
R
P 0x7f2a7c191628
C 342
R
P 0x7f2a7c191628
P 0x7f2a7c487010
C 259
R
P 0x7f2a7c191628
C 342
R
P 0x7f2a7c191628
P 0x7f2a7c487010
C 258
R
P 0x7f2a7c191628
C 342
R
P 0x7f2a7c191628
P 0x7f2a7c487010
C 9
R
P 0x7f2a7c191628
C 342
R
P 0x7f2a7c191628
U 2
P 0x7f2a7c19bc28
P 0x7f2a7c487010
p 2
C 65
= 0x7f2a7c487048
R
P 0x7f2a7c191628
C 342
R
P 0x7f2a7c191628
P 0x7f2a7c487048
C 257
R
P 0x7f2a7c191628
C 342
R
P 0x7f2a7c191628
P 0x7f2a7c487048
C 254
= 0x7f2a7c19b1e8
R
P 0x7f2a7c191628
C 342
R
P 0x7f2a7c191628
P 0x7f2a7c19b1e8
C 209
R
P 0x7f2a7c191628
C 342
R
P 0x7f2a7c191628
P 0x7f2a7c487048
C 260
R
P 0x7f2a7c191628
C 342
R
P 0x7f2a7c191628
P 0x7f2a7c487048
C 259
R
P 0x7f2a7c191628
C 342
R
P 0x7f2a7c191628
P 0x7f2a7c487048
C 258
R
P 0x7f2a7c191628
C 342
R
P 0x7f2a7c191628
P 0x7f2a7c487048
C 9
R
P 0x7f2a7c191628
C 342
R
P 0x7f2a7c191628
P 0x7f2a7c486fa0
P 0x7f2a7c487048
P 0x7f2a7c19bc28
C 59
= 0x7f2a7c19f948
R
P 0x7f2a7c191628
C 342
R
P 0x7f2a7c191628
P 0x7f2a7c19f948
C 257
R
P 0x7f2a7c191628
C 342
R
P 0x7f2a7c191628
P 0x7f2a7c19f948
C 254
= 0x7f2a7c19b1e8
R
P 0x7f2a7c191628
C 342
R
P 0x7f2a7c191628
P 0x7f2a7c19b1e8
C 209
R
P 0x7f2a7c191628
C 342
R
P 0x7f2a7c191628
P 0x7f2a7c19f948
C 260
R
P 0x7f2a7c191628
C 342
R
P 0x7f2a7c191628
P 0x7f2a7c19f948
C 259
R
P 0x7f2a7c191628
C 342
R
P 0x7f2a7c191628
P 0x7f2a7c19f948
C 258
R
P 0x7f2a7c191628
C 342
R
P 0x7f2a7c191628
P 0x7f2a7c19f948
C 9
R
P 0x7f2a7c191628
C 342
R
P 0x7f2a7c191628
U 2
P 0x7f2a7c19f948
P 0x7f2a7c19bb48
p 2
C 65
= 0x7f2a7c487080
R
P 0x7f2a7c191628
C 342
R
P 0x7f2a7c191628
P 0x7f2a7c487080
C 257
R
P 0x7f2a7c191628
C 342
R
P 0x7f2a7c191628
P 0x7f2a7c487080
C 254
= 0x7f2a7c19b1e8
R
P 0x7f2a7c191628
C 342
R
P 0x7f2a7c191628
P 0x7f2a7c19b1e8
C 209
R
P 0x7f2a7c191628
C 342
R
P 0x7f2a7c191628
P 0x7f2a7c487080
C 260
R
P 0x7f2a7c191628
C 342
R
P 0x7f2a7c191628
P 0x7f2a7c487080
C 259
R
P 0x7f2a7c191628
C 342
R
P 0x7f2a7c191628
P 0x7f2a7c487080
C 258
R
P 0x7f2a7c191628
C 342
R
P 0x7f2a7c191628
P 0x7f2a7c487080
C 9
R
P 0x7f2a7c191628
C 342
R
P 0x7f2a7c191628
I 4
P 0x7f2a7c19b208
C 150
= 0x7f2a7c19c028
R
P 0x7f2a7c191628
C 342
R
P 0x7f2a7c191628
P 0x7f2a7c19c028
C 258
R
P 0x7f2a7c191628
C 342
R
P 0x7f2a7c191628
P 0x7f2a7c19c028
C 9
R
P 0x7f2a7c191628
C 342
R
P 0x7f2a7c191628
I 1
P 0x7f2a7c19b208
C 150
= 0x7f2a7c19bc88
R
P 0x7f2a7c191628
C 342
R
P 0x7f2a7c191628
P 0x7f2a7c19bc88
C 258
R
P 0x7f2a7c191628
C 342
R
P 0x7f2a7c191628
P 0x7f2a7c19bc88
C 9
R
P 0x7f2a7c191628
C 342
R
P 0x7f2a7c191628
P 0x7f2a7c19c028
P 0x7f2a7c19bc88
C 75
= 0x7f2a7c487390
R
P 0x7f2a7c191628
C 342
R
P 0x7f2a7c191628
P 0x7f2a7c487390
C 258
R
P 0x7f2a7c191628
C 342
R
P 0x7f2a7c191628
P 0x7f2a7c487390
C 9
R
P 0x7f2a7c191628
C 342
R
P 0x7f2a7c191628
I 1
P 0x7f2a7c19b208
C 150
= 0x7f2a7c19bc88
R
P 0x7f2a7c191628
C 342
R
P 0x7f2a7c191628
P 0x7f2a7c19bc88
C 258
R
P 0x7f2a7c191628
C 342
R
P 0x7f2a7c191628
P 0x7f2a7c19bc88
C 9
R
P 0x7f2a7c191628
C 342
R
P 0x7f2a7c191628
U 2
P 0x7f2a7c19c028
P 0x7f2a7c19bc88
p 2
C 67
= 0x7f2a7c4873c8
R
P 0x7f2a7c191628
C 342
R
P 0x7f2a7c191628
P 0x7f2a7c4873c8
C 257
R
P 0x7f2a7c191628
C 342
R
P 0x7f2a7c191628
P 0x7f2a7c4873c8
C 254
= 0x7f2a7c19b208
R
P 0x7f2a7c191628
C 342
R
P 0x7f2a7c191628
P 0x7f2a7c19b208
C 209
R
P 0x7f2a7c191628
C 342
R
P 0x7f2a7c191628
P 0x7f2a7c4873c8
C 260
R
P 0x7f2a7c191628
C 342
R
P 0x7f2a7c191628
P 0x7f2a7c4873c8
C 259
R
P 0x7f2a7c191628
C 342
R
P 0x7f2a7c191628
P 0x7f2a7c4873c8
C 258
R
P 0x7f2a7c191628
C 342
R
P 0x7f2a7c191628
P 0x7f2a7c4873c8
C 9
R
P 0x7f2a7c191628
C 342
R
P 0x7f2a7c191628
U 2
P 0x7f2a7c19bbe8
P 0x7f2a7c4873c8
p 2
C 66
= 0x7f2a7c488158
R
P 0x7f2a7c191628
C 342
R
P 0x7f2a7c191628
P 0x7f2a7c488158
C 257
R
P 0x7f2a7c191628
C 342
R
P 0x7f2a7c191628
P 0x7f2a7c488158
C 254
= 0x7f2a7c19b208
R
P 0x7f2a7c191628
C 342
R
P 0x7f2a7c191628
P 0x7f2a7c19b208
C 209
R
P 0x7f2a7c191628
C 342
R
P 0x7f2a7c191628
P 0x7f2a7c488158
C 260
R
P 0x7f2a7c191628
C 342
R
P 0x7f2a7c191628
P 0x7f2a7c488158
C 259
R
P 0x7f2a7c191628
C 342
R
P 0x7f2a7c191628
P 0x7f2a7c488158
C 258
R
P 0x7f2a7c191628
C 342
R
P 0x7f2a7c191628
P 0x7f2a7c488158
C 9
R
P 0x7f2a7c191628
C 342
R
P 0x7f2a7c191628
U 2
P 0x7f2a7c19bb88
P 0x7f2a7c488158
p 2
C 65
= 0x7f2a7c488190
R
P 0x7f2a7c191628
C 342
R
P 0x7f2a7c191628
P 0x7f2a7c488190
C 257
R
P 0x7f2a7c191628
C 342
R
P 0x7f2a7c191628
P 0x7f2a7c488190
C 254
= 0x7f2a7c19b1e8
R
P 0x7f2a7c191628
C 342
R
P 0x7f2a7c191628
P 0x7f2a7c19b1e8
C 209
R
P 0x7f2a7c191628
C 342
R
P 0x7f2a7c191628
P 0x7f2a7c488190
C 260
R
P 0x7f2a7c191628
C 342
R
P 0x7f2a7c191628
P 0x7f2a7c488190
C 259
R
P 0x7f2a7c191628
C 342
R
P 0x7f2a7c191628
P 0x7f2a7c488190
C 258
R
P 0x7f2a7c191628
C 342
R
P 0x7f2a7c191628
P 0x7f2a7c488190
C 9
R
P 0x7f2a7c191628
C 342
R
P 0x7f2a7c191628
P 0x7f2a7c487390
P 0x7f2a7c488190
P 0x7f2a7c19bb88
C 59
= 0x7f2a7c19fb08
R
P 0x7f2a7c191628
C 342
R
P 0x7f2a7c191628
P 0x7f2a7c19fb08
C 257
R
P 0x7f2a7c191628
C 342
R
P 0x7f2a7c191628
P 0x7f2a7c19fb08
C 254
= 0x7f2a7c19b1e8
R
P 0x7f2a7c191628
C 342
R
P 0x7f2a7c191628
P 0x7f2a7c19b1e8
C 209
R
P 0x7f2a7c191628
C 342
R
P 0x7f2a7c191628
P 0x7f2a7c19fb08
C 260
R
P 0x7f2a7c191628
C 342
R
P 0x7f2a7c191628
P 0x7f2a7c19fb08
C 259
R
P 0x7f2a7c191628
C 342
R
P 0x7f2a7c191628
P 0x7f2a7c19fb08
C 258
R
P 0x7f2a7c191628
C 342
R
P 0x7f2a7c191628
P 0x7f2a7c19fb08
C 9
R
P 0x7f2a7c191628
C 342
R
P 0x7f2a7c191628
P 0x7f2a7c487080
P 0x7f2a7c19fb08
C 76
= 0x7f2a7c489d40
R
P 0x7f2a7c191628
C 342
R
P 0x7f2a7c191628
P 0x7f2a7c489d40
C 258
R
P 0x7f2a7c191628
C 342
R
P 0x7f2a7c191628
P 0x7f2a7c489d40
C 9
R
P 0x7f2a7c191628
C 342
R
P 0x7f2a7c191628
U 2
P 0x7f2a7c489d08
P 0x7f2a7c489d40
p 2
C 63
= 0x7f2a7c489d78
R
P 0x7f2a7c191628
C 342
R
P 0x7f2a7c191628
P 0x7f2a7c489d78
C 258
R
P 0x7f2a7c191628
C 342
R
P 0x7f2a7c191628
P 0x7f2a7c489d78
C 9
R
P 0x7f2a7c191628
C 342
R
P 0x7f2a7c191628
I 0
P 0x7f2a7c19b208
C 150
= 0x7f2a7c19bd08
R
P 0x7f2a7c191628
C 342
R
P 0x7f2a7c191628
P 0x7f2a7c19bd08
C 258
R
P 0x7f2a7c191628
C 342
R
P 0x7f2a7c191628
P 0x7f2a7c19bd08
C 9
R
P 0x7f2a7c191628
C 342
R
P 0x7f2a7c191628
P 0x7f2a7c19bd08
C 263
R
P 0x7f2a7c191628
C 342
R
P 0x7f2a7c191628
S "dev0T30"
C 30
R
P 0x7f2a7c191628
C 342
R
P 0x7f2a7c191628
$ |dev0T30|
C 202
R
P 0x7f2a7c191628
C 342
R
P 0x7f2a7c191628
$ |dev0T30|
P 0x7f2a7c19b1e8
C 51
= 0x7f2a7c19c208
R
P 0x7f2a7c191628
C 342
R
P 0x7f2a7c191628
P 0x7f2a7c19c208
C 257
R
P 0x7f2a7c191628
C 342
R
P 0x7f2a7c191628
P 0x7f2a7c19c208
C 254
= 0x7f2a7c19b1e8
R
P 0x7f2a7c191628
C 342
R
P 0x7f2a7c191628
P 0x7f2a7c19b1e8
C 209
R
P 0x7f2a7c191628
C 342
R
P 0x7f2a7c191628
P 0x7f2a7c19c208
C 260
R
P 0x7f2a7c191628
C 342
R
P 0x7f2a7c191628
P 0x7f2a7c19c208
C 259
R
P 0x7f2a7c191628
C 342
R
P 0x7f2a7c191628
P 0x7f2a7c19c208
C 258
R
P 0x7f2a7c191628
C 342
R
P 0x7f2a7c191628
P 0x7f2a7c19c208
C 9
R
P 0x7f2a7c191628
C 342
R
P 0x7f2a7c191628
P 0x7f2a7c19bc68
C 333
R
P 0x7f2a7c191628
C 342
R
P 0x7f2a7c191628
S "slotflowPriorityStart"
C 30
R
P 0x7f2a7c191628
C 342
R
P 0x7f2a7c191628
$ |slotflowPriorityStart|
C 202
R
P 0x7f2a7c191628
C 342
R
P 0x7f2a7c191628
$ |slotflowPriorityStart|
P 0x7f2a7c19b1e8
C 51
= 0x7f2a7c19c2a8
R
P 0x7f2a7c191628
C 342
R
P 0x7f2a7c191628
P 0x7f2a7c19c2a8
C 257
R
P 0x7f2a7c191628
C 342
R
P 0x7f2a7c191628
P 0x7f2a7c19c2a8
C 254
= 0x7f2a7c19b1e8
R
P 0x7f2a7c191628
C 342
R
P 0x7f2a7c191628
P 0x7f2a7c19b1e8
C 209
R
P 0x7f2a7c191628
C 342
R
P 0x7f2a7c191628
P 0x7f2a7c19c2a8
C 260
R
P 0x7f2a7c191628
C 342
R
P 0x7f2a7c191628
P 0x7f2a7c19c2a8
C 259
R
P 0x7f2a7c191628
C 342
R
P 0x7f2a7c191628
P 0x7f2a7c19c2a8
C 258
R
P 0x7f2a7c191628
C 342
R
P 0x7f2a7c191628
P 0x7f2a7c19c2a8
C 9
R
P 0x7f2a7c191628
C 342
R
P 0x7f2a7c191628
I 4
P 0x7f2a7c19b208
C 150
= 0x7f2a7c19c028
R
P 0x7f2a7c191628
C 342
R
P 0x7f2a7c191628
P 0x7f2a7c19c028
C 258
R
P 0x7f2a7c191628
C 342
R
P 0x7f2a7c191628
P 0x7f2a7c19c028
C 9
R
P 0x7f2a7c191628
C 342
R
P 0x7f2a7c191628
I 1
P 0x7f2a7c19b208
C 150
= 0x7f2a7c19bc88
R
P 0x7f2a7c191628
C 342
R
P 0x7f2a7c191628
P 0x7f2a7c19bc88
C 258
R
P 0x7f2a7c191628
C 342
R
P 0x7f2a7c191628
P 0x7f2a7c19bc88
C 9
R
P 0x7f2a7c191628
C 342
R
P 0x7f2a7c191628
P 0x7f2a7c19c028
P 0x7f2a7c19bc88
C 75
= 0x7f2a7c487390
R
P 0x7f2a7c191628
C 342
R
P 0x7f2a7c191628
P 0x7f2a7c487390
C 258
R
P 0x7f2a7c191628
C 342
R
P 0x7f2a7c191628
P 0x7f2a7c487390
C 9
R
P 0x7f2a7c191628
C 342
R
P 0x7f2a7c191628
I 1
P 0x7f2a7c19b208
C 150
= 0x7f2a7c19bc88
R
P 0x7f2a7c191628
C 342
R
P 0x7f2a7c191628
P 0x7f2a7c19bc88
C 258
R
P 0x7f2a7c191628
C 342
R
P 0x7f2a7c191628
P 0x7f2a7c19bc88
C 9
R
P 0x7f2a7c191628
C 342
R
P 0x7f2a7c191628
U 2
P 0x7f2a7c19c028
P 0x7f2a7c19bc88
p 2
C 67
= 0x7f2a7c4873c8
R
P 0x7f2a7c191628
C 342
R
P 0x7f2a7c191628
P 0x7f2a7c4873c8
C 257
R
P 0x7f2a7c191628
C 342
R
P 0x7f2a7c191628
P 0x7f2a7c4873c8
C 254
= 0x7f2a7c19b208
R
P 0x7f2a7c191628
C 342
R
P 0x7f2a7c191628
P 0x7f2a7c19b208
C 209
R
P 0x7f2a7c191628
C 342
R
P 0x7f2a7c191628
P 0x7f2a7c4873c8
C 260
R
P 0x7f2a7c191628
C 342
R
P 0x7f2a7c191628
P 0x7f2a7c4873c8
C 259
R
P 0x7f2a7c191628
C 342
R
P 0x7f2a7c191628
P 0x7f2a7c4873c8
C 258
R
P 0x7f2a7c191628
C 342
R
P 0x7f2a7c191628
P 0x7f2a7c4873c8
C 9
R
P 0x7f2a7c191628
C 342
R
P 0x7f2a7c191628
U 2
P 0x7f2a7c19bbe8
P 0x7f2a7c4873c8
p 2
C 66
= 0x7f2a7c488158
R
P 0x7f2a7c191628
C 342
R
P 0x7f2a7c191628
P 0x7f2a7c488158
C 257
R
P 0x7f2a7c191628
C 342
R
P 0x7f2a7c191628
P 0x7f2a7c488158
C 254
= 0x7f2a7c19b208
R
P 0x7f2a7c191628
C 342
R
P 0x7f2a7c191628
P 0x7f2a7c19b208
C 209
R
P 0x7f2a7c191628
C 342
R
P 0x7f2a7c191628
P 0x7f2a7c488158
C 260
R
P 0x7f2a7c191628
C 342
R
P 0x7f2a7c191628
P 0x7f2a7c488158
C 259
R
P 0x7f2a7c191628
C 342
R
P 0x7f2a7c191628
P 0x7f2a7c488158
C 258
R
P 0x7f2a7c191628
C 342
R
P 0x7f2a7c191628
P 0x7f2a7c488158
C 9
R
P 0x7f2a7c191628
C 342
R
P 0x7f2a7c191628
U 2
P 0x7f2a7c19bb88
P 0x7f2a7c488158
p 2
C 65
= 0x7f2a7c488190
R
P 0x7f2a7c191628
C 342
R
P 0x7f2a7c191628
P 0x7f2a7c488190
C 257
R
P 0x7f2a7c191628
C 342
R
P 0x7f2a7c191628
P 0x7f2a7c488190
C 254
= 0x7f2a7c19b1e8
R
P 0x7f2a7c191628
C 342
R
P 0x7f2a7c191628
P 0x7f2a7c19b1e8
C 209
R
P 0x7f2a7c191628
C 342
R
P 0x7f2a7c191628
P 0x7f2a7c488190
C 260
R
P 0x7f2a7c191628
C 342
R
P 0x7f2a7c191628
P 0x7f2a7c488190
C 259
R
P 0x7f2a7c191628
C 342
R
P 0x7f2a7c191628
P 0x7f2a7c488190
C 258
R
P 0x7f2a7c191628
C 342
R
P 0x7f2a7c191628
P 0x7f2a7c488190
C 9
R
P 0x7f2a7c191628
C 342
R
P 0x7f2a7c191628
P 0x7f2a7c487390
P 0x7f2a7c488190
P 0x7f2a7c19bb88
C 59
= 0x7f2a7c19fb08
R
P 0x7f2a7c191628
C 342
R
P 0x7f2a7c191628
P 0x7f2a7c19fb08
C 257
R
P 0x7f2a7c191628
C 342
R
P 0x7f2a7c191628
P 0x7f2a7c19fb08
C 254
= 0x7f2a7c19b1e8
R
P 0x7f2a7c191628
C 342
R
P 0x7f2a7c191628
P 0x7f2a7c19b1e8
C 209
R
P 0x7f2a7c191628
C 342
R
P 0x7f2a7c191628
P 0x7f2a7c19fb08
C 260
R
P 0x7f2a7c191628
C 342
R
P 0x7f2a7c191628
P 0x7f2a7c19fb08
C 259
R
P 0x7f2a7c191628
C 342
R
P 0x7f2a7c191628
P 0x7f2a7c19fb08
C 258
R
P 0x7f2a7c191628
C 342
R
P 0x7f2a7c191628
P 0x7f2a7c19fb08
C 9
R
P 0x7f2a7c191628
C 342
R
P 0x7f2a7c191628
U 2
P 0x7f2a7c19c2a8
P 0x7f2a7c19fb08
p 2
C 65
= 0x7f2a7c488270
R
P 0x7f2a7c191628
C 342
R
P 0x7f2a7c191628
P 0x7f2a7c488270
C 257
R
P 0x7f2a7c191628
C 342
R
P 0x7f2a7c191628
P 0x7f2a7c488270
C 254
= 0x7f2a7c19b1e8
R
P 0x7f2a7c191628
C 342
R
P 0x7f2a7c191628
P 0x7f2a7c19b1e8
C 209
R
P 0x7f2a7c191628
C 342
R
P 0x7f2a7c191628
P 0x7f2a7c488270
C 260
R
P 0x7f2a7c191628
C 342
R
P 0x7f2a7c191628
P 0x7f2a7c488270
C 259
R
P 0x7f2a7c191628
C 342
R
P 0x7f2a7c191628
P 0x7f2a7c488270
C 258
R
P 0x7f2a7c191628
C 342
R
P 0x7f2a7c191628
P 0x7f2a7c488270
C 9
R
P 0x7f2a7c191628
C 342
R
P 0x7f2a7c191628
U 2
P 0x7f2a7c488270
P 0x7f2a7c19bb68
p 2
C 65
= 0x7f2a7c489db0
R
P 0x7f2a7c191628
C 342
R
P 0x7f2a7c191628
P 0x7f2a7c489db0
C 257
R
P 0x7f2a7c191628
C 342
R
P 0x7f2a7c191628
P 0x7f2a7c489db0
C 254
= 0x7f2a7c19b1e8
R
P 0x7f2a7c191628
C 342
R
P 0x7f2a7c191628
P 0x7f2a7c19b1e8
C 209
R
P 0x7f2a7c191628
C 342
R
P 0x7f2a7c191628
P 0x7f2a7c489db0
C 260
R
P 0x7f2a7c191628
C 342
R
P 0x7f2a7c191628
P 0x7f2a7c489db0
C 259
R
P 0x7f2a7c191628
C 342
R
P 0x7f2a7c191628
P 0x7f2a7c489db0
C 258
R
P 0x7f2a7c191628
C 342
R
P 0x7f2a7c191628
P 0x7f2a7c489db0
C 9
R
P 0x7f2a7c191628
C 342
R
P 0x7f2a7c191628
P 0x7f2a7c19c208
P 0x7f2a7c489db0
C 76
= 0x7f2a7c489de8
R
P 0x7f2a7c191628
C 342
R
P 0x7f2a7c191628
P 0x7f2a7c489de8
C 258
R
P 0x7f2a7c191628
C 342
R
P 0x7f2a7c191628
P 0x7f2a7c489de8
C 9
R
P 0x7f2a7c191628
C 342
R
P 0x7f2a7c191628
I 0
P 0x7f2a7c19b208
C 150
= 0x7f2a7c19bd08
R
P 0x7f2a7c191628
C 342
R
P 0x7f2a7c191628
P 0x7f2a7c19bd08
C 258
R
P 0x7f2a7c191628
C 342
R
P 0x7f2a7c191628
P 0x7f2a7c19bd08
C 9
R
P 0x7f2a7c191628
C 342
R
P 0x7f2a7c191628
P 0x7f2a7c19bd08
C 263
R
P 0x7f2a7c191628
C 342
R
P 0x7f2a7c191628
S "dev0T30"
C 30
R
P 0x7f2a7c191628
C 342
R
P 0x7f2a7c191628
$ |dev0T30|
C 202
R
P 0x7f2a7c191628
C 342
R
P 0x7f2a7c191628
$ |dev0T30|
P 0x7f2a7c19b1e8
C 51
= 0x7f2a7c19c208
R
P 0x7f2a7c191628
C 342
R
P 0x7f2a7c191628
P 0x7f2a7c19c208
C 257
R
P 0x7f2a7c191628
C 342
R
P 0x7f2a7c191628
P 0x7f2a7c19c208
C 254
= 0x7f2a7c19b1e8
R
P 0x7f2a7c191628
C 342
R
P 0x7f2a7c191628
P 0x7f2a7c19b1e8
C 209
R
P 0x7f2a7c191628
C 342
R
P 0x7f2a7c191628
P 0x7f2a7c19c208
C 260
R
P 0x7f2a7c191628
C 342
R
P 0x7f2a7c191628
P 0x7f2a7c19c208
C 259
R
P 0x7f2a7c191628
C 342
R
P 0x7f2a7c191628
P 0x7f2a7c19c208
C 258
R
P 0x7f2a7c191628
C 342
R
P 0x7f2a7c191628
P 0x7f2a7c19c208
C 9
R
P 0x7f2a7c191628
C 342
R
P 0x7f2a7c191628
P 0x7f2a7c19bc68
C 333
R
P 0x7f2a7c191628
C 342
R
P 0x7f2a7c191628
S "slotflowPriorityStart"
C 30
R
P 0x7f2a7c191628
C 342
R
P 0x7f2a7c191628
$ |slotflowPriorityStart|
C 202
R
P 0x7f2a7c191628
C 342
R
P 0x7f2a7c191628
$ |slotflowPriorityStart|
P 0x7f2a7c19b1e8
C 51
= 0x7f2a7c19c2a8
R
P 0x7f2a7c191628
C 342
R
P 0x7f2a7c191628
P 0x7f2a7c19c2a8
C 257
R
P 0x7f2a7c191628
C 342
R
P 0x7f2a7c191628
P 0x7f2a7c19c2a8
C 254
= 0x7f2a7c19b1e8
R
P 0x7f2a7c191628
C 342
R
P 0x7f2a7c191628
P 0x7f2a7c19b1e8
C 209
R
P 0x7f2a7c191628
C 342
R
P 0x7f2a7c191628
P 0x7f2a7c19c2a8
C 260
R
P 0x7f2a7c191628
C 342
R
P 0x7f2a7c191628
P 0x7f2a7c19c2a8
C 259
R
P 0x7f2a7c191628
C 342
R
P 0x7f2a7c191628
P 0x7f2a7c19c2a8
C 258
R
P 0x7f2a7c191628
C 342
R
P 0x7f2a7c191628
P 0x7f2a7c19c2a8
C 9
R
P 0x7f2a7c191628
C 342
R
P 0x7f2a7c191628
P 0x7f2a7c19bc68
C 333
R
P 0x7f2a7c191628
C 342
R
P 0x7f2a7c191628
S "slotflowPriorityDuration"
C 30
R
P 0x7f2a7c191628
C 342
R
P 0x7f2a7c191628
$ |slotflowPriorityDuration|
C 202
R
P 0x7f2a7c191628
C 342
R
P 0x7f2a7c191628
$ |slotflowPriorityDuration|
P 0x7f2a7c19b1e8
C 51
= 0x7f2a7c19c268
R
P 0x7f2a7c191628
C 342
R
P 0x7f2a7c191628
P 0x7f2a7c19c268
C 257
R
P 0x7f2a7c191628
C 342
R
P 0x7f2a7c191628
P 0x7f2a7c19c268
C 254
= 0x7f2a7c19b1e8
R
P 0x7f2a7c191628
C 342
R
P 0x7f2a7c191628
P 0x7f2a7c19b1e8
C 209
R
P 0x7f2a7c191628
C 342
R
P 0x7f2a7c191628
P 0x7f2a7c19c268
C 260
R
P 0x7f2a7c191628
C 342
R
P 0x7f2a7c191628
P 0x7f2a7c19c268
C 259
R
P 0x7f2a7c191628
C 342
R
P 0x7f2a7c191628
P 0x7f2a7c19c268
C 258
R
P 0x7f2a7c191628
C 342
R
P 0x7f2a7c191628
P 0x7f2a7c19c268
C 9
R
P 0x7f2a7c191628
C 342
R
P 0x7f2a7c191628
U 2
P 0x7f2a7c19c2a8
P 0x7f2a7c19c268
p 2
C 65
= 0x7f2a7c487908
R
P 0x7f2a7c191628
C 342
R
P 0x7f2a7c191628
P 0x7f2a7c487908
C 257
R
P 0x7f2a7c191628
C 342
R
P 0x7f2a7c191628
P 0x7f2a7c487908
C 254
= 0x7f2a7c19b1e8
R
P 0x7f2a7c191628
C 342
R
P 0x7f2a7c191628
P 0x7f2a7c19b1e8
C 209
R
P 0x7f2a7c191628
C 342
R
P 0x7f2a7c191628
P 0x7f2a7c487908
C 260
R
P 0x7f2a7c191628
C 342
R
P 0x7f2a7c191628
P 0x7f2a7c487908
C 259
R
P 0x7f2a7c191628
C 342
R
P 0x7f2a7c191628
P 0x7f2a7c487908
C 258
R
P 0x7f2a7c191628
C 342
R
P 0x7f2a7c191628
P 0x7f2a7c487908
C 9
R
P 0x7f2a7c191628
C 342
R
P 0x7f2a7c191628
I 4
P 0x7f2a7c19b208
C 150
= 0x7f2a7c19c028
R
P 0x7f2a7c191628
C 342
R
P 0x7f2a7c191628
P 0x7f2a7c19c028
C 258
R
P 0x7f2a7c191628
C 342
R
P 0x7f2a7c191628
P 0x7f2a7c19c028
C 9
R
P 0x7f2a7c191628
C 342
R
P 0x7f2a7c191628
I 1
P 0x7f2a7c19b208
C 150
= 0x7f2a7c19bc88
R
P 0x7f2a7c191628
C 342
R
P 0x7f2a7c191628
P 0x7f2a7c19bc88
C 258
R
P 0x7f2a7c191628
C 342
R
P 0x7f2a7c191628
P 0x7f2a7c19bc88
C 9
R
P 0x7f2a7c191628
C 342
R
P 0x7f2a7c191628
P 0x7f2a7c19c028
P 0x7f2a7c19bc88
C 75
= 0x7f2a7c487390
R
P 0x7f2a7c191628
C 342
R
P 0x7f2a7c191628
P 0x7f2a7c487390
C 258
R
P 0x7f2a7c191628
C 342
R
P 0x7f2a7c191628
P 0x7f2a7c487390
C 9
R
P 0x7f2a7c191628
C 342
R
P 0x7f2a7c191628
I 1
P 0x7f2a7c19b208
C 150
= 0x7f2a7c19bc88
R
P 0x7f2a7c191628
C 342
R
P 0x7f2a7c191628
P 0x7f2a7c19bc88
C 258
R
P 0x7f2a7c191628
C 342
R
P 0x7f2a7c191628
P 0x7f2a7c19bc88
C 9
R
P 0x7f2a7c191628
C 342
R
P 0x7f2a7c191628
U 2
P 0x7f2a7c19c028
P 0x7f2a7c19bc88
p 2
C 67
= 0x7f2a7c4873c8
R
P 0x7f2a7c191628
C 342
R
P 0x7f2a7c191628
P 0x7f2a7c4873c8
C 257
R
P 0x7f2a7c191628
C 342
R
P 0x7f2a7c191628
P 0x7f2a7c4873c8
C 254
= 0x7f2a7c19b208
R
P 0x7f2a7c191628
C 342
R
P 0x7f2a7c191628
P 0x7f2a7c19b208
C 209
R
P 0x7f2a7c191628
C 342
R
P 0x7f2a7c191628
P 0x7f2a7c4873c8
C 260
R
P 0x7f2a7c191628
C 342
R
P 0x7f2a7c191628
P 0x7f2a7c4873c8
C 259
R
P 0x7f2a7c191628
C 342
R
P 0x7f2a7c191628
P 0x7f2a7c4873c8
C 258
R
P 0x7f2a7c191628
C 342
R
P 0x7f2a7c191628
P 0x7f2a7c4873c8
C 9
R
P 0x7f2a7c191628
C 342
R
P 0x7f2a7c191628
U 2
P 0x7f2a7c19bbe8
P 0x7f2a7c4873c8
p 2
C 66
= 0x7f2a7c488158
R
P 0x7f2a7c191628
C 342
R
P 0x7f2a7c191628
P 0x7f2a7c488158
C 257
R
P 0x7f2a7c191628
C 342
R
P 0x7f2a7c191628
P 0x7f2a7c488158
C 254
= 0x7f2a7c19b208
R
P 0x7f2a7c191628
C 342
R
P 0x7f2a7c191628
P 0x7f2a7c19b208
C 209
R
P 0x7f2a7c191628
C 342
R
P 0x7f2a7c191628
P 0x7f2a7c488158
C 260
R
P 0x7f2a7c191628
C 342
R
P 0x7f2a7c191628
P 0x7f2a7c488158
C 259
R
P 0x7f2a7c191628
C 342
R
P 0x7f2a7c191628
P 0x7f2a7c488158
C 258
R
P 0x7f2a7c191628
C 342
R
P 0x7f2a7c191628
P 0x7f2a7c488158
C 9
R
P 0x7f2a7c191628
C 342
R
P 0x7f2a7c191628
U 2
P 0x7f2a7c19bb88
P 0x7f2a7c488158
p 2
C 65
= 0x7f2a7c488190
R
P 0x7f2a7c191628
C 342
R
P 0x7f2a7c191628
P 0x7f2a7c488190
C 257
R
P 0x7f2a7c191628
C 342
R
P 0x7f2a7c191628
P 0x7f2a7c488190
C 254
= 0x7f2a7c19b1e8
R
P 0x7f2a7c191628
C 342
R
P 0x7f2a7c191628
P 0x7f2a7c19b1e8
C 209
R
P 0x7f2a7c191628
C 342
R
P 0x7f2a7c191628
P 0x7f2a7c488190
C 260
R
P 0x7f2a7c191628
C 342
R
P 0x7f2a7c191628
P 0x7f2a7c488190
C 259
R
P 0x7f2a7c191628
C 342
R
P 0x7f2a7c191628
P 0x7f2a7c488190
C 258
R
P 0x7f2a7c191628
C 342
R
P 0x7f2a7c191628
P 0x7f2a7c488190
C 9
R
P 0x7f2a7c191628
C 342
R
P 0x7f2a7c191628
P 0x7f2a7c487390
P 0x7f2a7c488190
P 0x7f2a7c19bb88
C 59
= 0x7f2a7c19fb08
R
P 0x7f2a7c191628
C 342
R
P 0x7f2a7c191628
P 0x7f2a7c19fb08
C 257
R
P 0x7f2a7c191628
C 342
R
P 0x7f2a7c191628
P 0x7f2a7c19fb08
C 254
= 0x7f2a7c19b1e8
R
P 0x7f2a7c191628
C 342
R
P 0x7f2a7c191628
P 0x7f2a7c19b1e8
C 209
R
P 0x7f2a7c191628
C 342
R
P 0x7f2a7c191628
P 0x7f2a7c19fb08
C 260
R
P 0x7f2a7c191628
C 342
R
P 0x7f2a7c191628
P 0x7f2a7c19fb08
C 259
R
P 0x7f2a7c191628
C 342
R
P 0x7f2a7c191628
P 0x7f2a7c19fb08
C 258
R
P 0x7f2a7c191628
C 342
R
P 0x7f2a7c191628
P 0x7f2a7c19fb08
C 9
R
P 0x7f2a7c191628
C 342
R
P 0x7f2a7c191628
U 2
P 0x7f2a7c487908
P 0x7f2a7c19fb08
p 2
C 65
= 0x7f2a7c4881c8
R
P 0x7f2a7c191628
C 342
R
P 0x7f2a7c191628
P 0x7f2a7c4881c8
C 257
R
P 0x7f2a7c191628
C 342
R
P 0x7f2a7c191628
P 0x7f2a7c4881c8
C 254
= 0x7f2a7c19b1e8
R
P 0x7f2a7c191628
C 342
R
P 0x7f2a7c191628
P 0x7f2a7c19b1e8
C 209
R
P 0x7f2a7c191628
C 342
R
P 0x7f2a7c191628
P 0x7f2a7c4881c8
C 260
R
P 0x7f2a7c191628
C 342
R
P 0x7f2a7c191628
P 0x7f2a7c4881c8
C 259
R
P 0x7f2a7c191628
C 342
R
P 0x7f2a7c191628
P 0x7f2a7c4881c8
C 258
R
P 0x7f2a7c191628
C 342
R
P 0x7f2a7c191628
P 0x7f2a7c4881c8
C 9
R
P 0x7f2a7c191628
C 342
R
P 0x7f2a7c191628
P 0x7f2a7c19c208
P 0x7f2a7c4881c8
C 74
= 0x7f2a7c489e20
R
P 0x7f2a7c191628
C 342
R
P 0x7f2a7c191628
P 0x7f2a7c489e20
C 258
R
P 0x7f2a7c191628
C 342
R
P 0x7f2a7c191628
P 0x7f2a7c489e20
C 9
R
P 0x7f2a7c191628
C 342
R
P 0x7f2a7c191628
U 2
P 0x7f2a7c489de8
P 0x7f2a7c489e20
p 2
C 63
= 0x7f2a7c489e58
R
P 0x7f2a7c191628
C 342
R
P 0x7f2a7c191628
P 0x7f2a7c489e58
C 258
R
P 0x7f2a7c191628
C 342
R
P 0x7f2a7c191628
P 0x7f2a7c489e58
C 9
R
P 0x7f2a7c191628
C 342
R
P 0x7f2a7c191628
P 0x7f2a7c489d78
P 0x7f2a7c489e58
C 61
= 0x7f2a7c489e90
R
P 0x7f2a7c191628
C 342
R
P 0x7f2a7c191628
P 0x7f2a7c489e90
C 258
R
P 0x7f2a7c191628
C 342
R
P 0x7f2a7c191628
P 0x7f2a7c489e90
C 9
R
P 0x7f2a7c191628
C 342
R
P 0x7f2a7c191628
P 0x7f2a7c1e1fc8
P 0x7f2a7c489e90
C 427
R
P 0x7f2a7c191628
C 342
R
P 0x7f2a7c191628
I 1
P 0x7f2a7c19b208
C 150
= 0x7f2a7c19bc88
R
P 0x7f2a7c191628
C 342
R
P 0x7f2a7c191628
P 0x7f2a7c19bc88
C 258
R
P 0x7f2a7c191628
C 342
R
P 0x7f2a7c191628
P 0x7f2a7c19bc88
C 9
R
P 0x7f2a7c191628
C 342
R
P 0x7f2a7c191628
I 1
P 0x7f2a7c19b208
C 150
= 0x7f2a7c19bc88
R
P 0x7f2a7c191628
C 342
R
P 0x7f2a7c191628
P 0x7f2a7c19bc88
C 258
R
P 0x7f2a7c191628
C 342
R
P 0x7f2a7c191628
P 0x7f2a7c19bc88
C 9
R
P 0x7f2a7c191628
C 342
R
P 0x7f2a7c191628
P 0x7f2a7c19bc88
P 0x7f2a7c19bc88
C 75
= 0x7f2a7c1a1778
R
P 0x7f2a7c191628
C 342
R
P 0x7f2a7c191628
P 0x7f2a7c1a1778
C 258
R
P 0x7f2a7c191628
C 342
R
P 0x7f2a7c191628
P 0x7f2a7c1a1778
C 9
R
P 0x7f2a7c191628
C 342
R
P 0x7f2a7c191628
I 1
P 0x7f2a7c19b208
C 150
= 0x7f2a7c19bc88
R
P 0x7f2a7c191628
C 342
R
P 0x7f2a7c191628
P 0x7f2a7c19bc88
C 258
R
P 0x7f2a7c191628
C 342
R
P 0x7f2a7c191628
P 0x7f2a7c19bc88
C 9
R
P 0x7f2a7c191628
C 342
R
P 0x7f2a7c191628
U 2
P 0x7f2a7c19bc88
P 0x7f2a7c19bc88
p 2
C 67
= 0x7f2a7c1a17b0
R
P 0x7f2a7c191628
C 342
R
P 0x7f2a7c191628
P 0x7f2a7c1a17b0
C 257
R
P 0x7f2a7c191628
C 342
R
P 0x7f2a7c191628
P 0x7f2a7c1a17b0
C 254
= 0x7f2a7c19b208
R
P 0x7f2a7c191628
C 342
R
P 0x7f2a7c191628
P 0x7f2a7c19b208
C 209
R
P 0x7f2a7c191628
C 342
R
P 0x7f2a7c191628
P 0x7f2a7c1a17b0
C 260
R
P 0x7f2a7c191628
C 342
R
P 0x7f2a7c191628
P 0x7f2a7c1a17b0
C 259
R
P 0x7f2a7c191628
C 342
R
P 0x7f2a7c191628
P 0x7f2a7c1a17b0
C 258
R
P 0x7f2a7c191628
C 342
R
P 0x7f2a7c191628
P 0x7f2a7c1a17b0
C 9
R
P 0x7f2a7c191628
C 342
R
P 0x7f2a7c191628
U 2
P 0x7f2a7c19bba8
P 0x7f2a7c1a17b0
p 2
C 66
= 0x7f2a7c1a17e8
R
P 0x7f2a7c191628
C 342
R
P 0x7f2a7c191628
P 0x7f2a7c1a17e8
C 257
R
P 0x7f2a7c191628
C 342
R
P 0x7f2a7c191628
P 0x7f2a7c1a17e8
C 254
= 0x7f2a7c19b1e8
R
P 0x7f2a7c191628
C 342
R
P 0x7f2a7c191628
P 0x7f2a7c19b1e8
C 209
R
P 0x7f2a7c191628
C 342
R
P 0x7f2a7c191628
P 0x7f2a7c1a17e8
C 260
R
P 0x7f2a7c191628
C 342
R
P 0x7f2a7c191628
P 0x7f2a7c1a17e8
C 259
R
P 0x7f2a7c191628
C 342
R
P 0x7f2a7c191628
P 0x7f2a7c1a17e8
C 258
R
P 0x7f2a7c191628
C 342
R
P 0x7f2a7c191628
P 0x7f2a7c1a17e8
C 9
R
P 0x7f2a7c191628
C 342
R
P 0x7f2a7c191628
U 2
P 0x7f2a7c19bc28
P 0x7f2a7c1a17e8
p 2
C 65
= 0x7f2a7c1a1820
R
P 0x7f2a7c191628
C 342
R
P 0x7f2a7c191628
P 0x7f2a7c1a1820
C 257
R
P 0x7f2a7c191628
C 342
R
P 0x7f2a7c191628
P 0x7f2a7c1a1820
C 254
= 0x7f2a7c19b1e8
R
P 0x7f2a7c191628
C 342
R
P 0x7f2a7c191628
P 0x7f2a7c19b1e8
C 209
R
P 0x7f2a7c191628
C 342
R
P 0x7f2a7c191628
P 0x7f2a7c1a1820
C 260
R
P 0x7f2a7c191628
C 342
R
P 0x7f2a7c191628
P 0x7f2a7c1a1820
C 259
R
P 0x7f2a7c191628
C 342
R
P 0x7f2a7c191628
P 0x7f2a7c1a1820
C 258
R
P 0x7f2a7c191628
C 342
R
P 0x7f2a7c191628
P 0x7f2a7c1a1820
C 9
R
P 0x7f2a7c191628
C 342
R
P 0x7f2a7c191628
P 0x7f2a7c1a1778
P 0x7f2a7c1a1820
P 0x7f2a7c19bc28
C 59
= 0x7f2a7c19f848
R
P 0x7f2a7c191628
C 342
R
P 0x7f2a7c191628
P 0x7f2a7c19f848
C 257
R
P 0x7f2a7c191628
C 342
R
P 0x7f2a7c191628
P 0x7f2a7c19f848
C 254
= 0x7f2a7c19b1e8
R
P 0x7f2a7c191628
C 342
R
P 0x7f2a7c191628
P 0x7f2a7c19b1e8
C 209
R
P 0x7f2a7c191628
C 342
R
P 0x7f2a7c191628
P 0x7f2a7c19f848
C 260
R
P 0x7f2a7c191628
C 342
R
P 0x7f2a7c191628
P 0x7f2a7c19f848
C 259
R
P 0x7f2a7c191628
C 342
R
P 0x7f2a7c191628
P 0x7f2a7c19f848
C 258
R
P 0x7f2a7c191628
C 342
R
P 0x7f2a7c191628
P 0x7f2a7c19f848
C 9
R
P 0x7f2a7c191628
C 342
R
P 0x7f2a7c191628
U 2
P 0x7f2a7c19f848
P 0x7f2a7c19bb48
p 2
C 65
= 0x7f2a7c1a1858
R
P 0x7f2a7c191628
C 342
R
P 0x7f2a7c191628
P 0x7f2a7c1a1858
C 257
R
P 0x7f2a7c191628
C 342
R
P 0x7f2a7c191628
P 0x7f2a7c1a1858
C 254
= 0x7f2a7c19b1e8
R
P 0x7f2a7c191628
C 342
R
P 0x7f2a7c191628
P 0x7f2a7c19b1e8
C 209
R
P 0x7f2a7c191628
C 342
R
P 0x7f2a7c191628
P 0x7f2a7c1a1858
C 260
R
P 0x7f2a7c191628
C 342
R
P 0x7f2a7c191628
P 0x7f2a7c1a1858
C 259
R
P 0x7f2a7c191628
C 342
R
P 0x7f2a7c191628
P 0x7f2a7c1a1858
C 258
R
P 0x7f2a7c191628
C 342
R
P 0x7f2a7c191628
P 0x7f2a7c1a1858
C 9
R
P 0x7f2a7c191628
C 342
R
P 0x7f2a7c191628
P 0x7f2a7c19bc68
C 333
R
P 0x7f2a7c191628
C 342
R
P 0x7f2a7c191628
S "slotflowPriorityStart"
C 30
R
P 0x7f2a7c191628
C 342
R
P 0x7f2a7c191628
$ |slotflowPriorityStart|
C 202
R
P 0x7f2a7c191628
C 342
R
P 0x7f2a7c191628
$ |slotflowPriorityStart|
P 0x7f2a7c19b1e8
C 51
= 0x7f2a7c19c2a8
R
P 0x7f2a7c191628
C 342
R
P 0x7f2a7c191628
P 0x7f2a7c19c2a8
C 257
R
P 0x7f2a7c191628
C 342
R
P 0x7f2a7c191628
P 0x7f2a7c19c2a8
C 254
= 0x7f2a7c19b1e8
R
P 0x7f2a7c191628
C 342
R
P 0x7f2a7c191628
P 0x7f2a7c19b1e8
C 209
R
P 0x7f2a7c191628
C 342
R
P 0x7f2a7c191628
P 0x7f2a7c19c2a8
C 260
R
P 0x7f2a7c191628
C 342
R
P 0x7f2a7c191628
P 0x7f2a7c19c2a8
C 259
R
P 0x7f2a7c191628
C 342
R
P 0x7f2a7c191628
P 0x7f2a7c19c2a8
C 258
R
P 0x7f2a7c191628
C 342
R
P 0x7f2a7c191628
P 0x7f2a7c19c2a8
C 9
R
P 0x7f2a7c191628
C 342
R
P 0x7f2a7c191628
I 0
P 0x7f2a7c19b208
C 150
= 0x7f2a7c19bd08
R
P 0x7f2a7c191628
C 342
R
P 0x7f2a7c191628
P 0x7f2a7c19bd08
C 258
R
P 0x7f2a7c191628
C 342
R
P 0x7f2a7c191628
P 0x7f2a7c19bd08
C 9
R
P 0x7f2a7c191628
C 342
R
P 0x7f2a7c191628
I 1
P 0x7f2a7c19b208
C 150
= 0x7f2a7c19bc88
R
P 0x7f2a7c191628
C 342
R
P 0x7f2a7c191628
P 0x7f2a7c19bc88
C 258
R
P 0x7f2a7c191628
C 342
R
P 0x7f2a7c191628
P 0x7f2a7c19bc88
C 9
R
P 0x7f2a7c191628
C 342
R
P 0x7f2a7c191628
P 0x7f2a7c19bd08
P 0x7f2a7c19bc88
C 75
= 0x7f2a7c486fa0
R
P 0x7f2a7c191628
C 342
R
P 0x7f2a7c191628
P 0x7f2a7c486fa0
C 258
R
P 0x7f2a7c191628
C 342
R
P 0x7f2a7c191628
P 0x7f2a7c486fa0
C 9
R
P 0x7f2a7c191628
C 342
R
P 0x7f2a7c191628
I 1
P 0x7f2a7c19b208
C 150
= 0x7f2a7c19bc88
R
P 0x7f2a7c191628
C 342
R
P 0x7f2a7c191628
P 0x7f2a7c19bc88
C 258
R
P 0x7f2a7c191628
C 342
R
P 0x7f2a7c191628
P 0x7f2a7c19bc88
C 9
R
P 0x7f2a7c191628
C 342
R
P 0x7f2a7c191628
U 2
P 0x7f2a7c19bd08
P 0x7f2a7c19bc88
p 2
C 67
= 0x7f2a7c486fd8
R
P 0x7f2a7c191628
C 342
R
P 0x7f2a7c191628
P 0x7f2a7c486fd8
C 257
R
P 0x7f2a7c191628
C 342
R
P 0x7f2a7c191628
P 0x7f2a7c486fd8
C 254
= 0x7f2a7c19b208
R
P 0x7f2a7c191628
C 342
R
P 0x7f2a7c191628
P 0x7f2a7c19b208
C 209
R
P 0x7f2a7c191628
C 342
R
P 0x7f2a7c191628
P 0x7f2a7c486fd8
C 260
R
P 0x7f2a7c191628
C 342
R
P 0x7f2a7c191628
P 0x7f2a7c486fd8
C 259
R
P 0x7f2a7c191628
C 342
R
P 0x7f2a7c191628
P 0x7f2a7c486fd8
C 258
R
P 0x7f2a7c191628
C 342
R
P 0x7f2a7c191628
P 0x7f2a7c486fd8
C 9
R
P 0x7f2a7c191628
C 342
R
P 0x7f2a7c191628
U 2
P 0x7f2a7c19bbe8
P 0x7f2a7c486fd8
p 2
C 66
= 0x7f2a7c487940
R
P 0x7f2a7c191628
C 342
R
P 0x7f2a7c191628
P 0x7f2a7c487940
C 257
R
P 0x7f2a7c191628
C 342
R
P 0x7f2a7c191628
P 0x7f2a7c487940
C 254
= 0x7f2a7c19b208
R
P 0x7f2a7c191628
C 342
R
P 0x7f2a7c191628
P 0x7f2a7c19b208
C 209
R
P 0x7f2a7c191628
C 342
R
P 0x7f2a7c191628
P 0x7f2a7c487940
C 260
R
P 0x7f2a7c191628
C 342
R
P 0x7f2a7c191628
P 0x7f2a7c487940
C 259
R
P 0x7f2a7c191628
C 342
R
P 0x7f2a7c191628
P 0x7f2a7c487940
C 258
R
P 0x7f2a7c191628
C 342
R
P 0x7f2a7c191628
P 0x7f2a7c487940
C 9
R
P 0x7f2a7c191628
C 342
R
P 0x7f2a7c191628
U 2
P 0x7f2a7c19bb88
P 0x7f2a7c487940
p 2
C 65
= 0x7f2a7c487978
R
P 0x7f2a7c191628
C 342
R
P 0x7f2a7c191628
P 0x7f2a7c487978
C 257
R
P 0x7f2a7c191628
C 342
R
P 0x7f2a7c191628
P 0x7f2a7c487978
C 254
= 0x7f2a7c19b1e8
R
P 0x7f2a7c191628
C 342
R
P 0x7f2a7c191628
P 0x7f2a7c19b1e8
C 209
R
P 0x7f2a7c191628
C 342
R
P 0x7f2a7c191628
P 0x7f2a7c487978
C 260
R
P 0x7f2a7c191628
C 342
R
P 0x7f2a7c191628
P 0x7f2a7c487978
C 259
R
P 0x7f2a7c191628
C 342
R
P 0x7f2a7c191628
P 0x7f2a7c487978
C 258
R
P 0x7f2a7c191628
C 342
R
P 0x7f2a7c191628
P 0x7f2a7c487978
C 9
R
P 0x7f2a7c191628
C 342
R
P 0x7f2a7c191628
P 0x7f2a7c486fa0
P 0x7f2a7c487978
P 0x7f2a7c19bb88
C 59
= 0x7f2a7c19fa08
R
P 0x7f2a7c191628
C 342
R
P 0x7f2a7c191628
P 0x7f2a7c19fa08
C 257
R
P 0x7f2a7c191628
C 342
R
P 0x7f2a7c191628
P 0x7f2a7c19fa08
C 254
= 0x7f2a7c19b1e8
R
P 0x7f2a7c191628
C 342
R
P 0x7f2a7c191628
P 0x7f2a7c19b1e8
C 209
R
P 0x7f2a7c191628
C 342
R
P 0x7f2a7c191628
P 0x7f2a7c19fa08
C 260
R
P 0x7f2a7c191628
C 342
R
P 0x7f2a7c191628
P 0x7f2a7c19fa08
C 259
R
P 0x7f2a7c191628
C 342
R
P 0x7f2a7c191628
P 0x7f2a7c19fa08
C 258
R
P 0x7f2a7c191628
C 342
R
P 0x7f2a7c191628
P 0x7f2a7c19fa08
C 9
R
P 0x7f2a7c191628
C 342
R
P 0x7f2a7c191628
U 2
P 0x7f2a7c19c2a8
P 0x7f2a7c19fa08
p 2
C 65
= 0x7f2a7c487a58
R
P 0x7f2a7c191628
C 342
R
P 0x7f2a7c191628
P 0x7f2a7c487a58
C 257
R
P 0x7f2a7c191628
C 342
R
P 0x7f2a7c191628
P 0x7f2a7c487a58
C 254
= 0x7f2a7c19b1e8
R
P 0x7f2a7c191628
C 342
R
P 0x7f2a7c191628
P 0x7f2a7c19b1e8
C 209
R
P 0x7f2a7c191628
C 342
R
P 0x7f2a7c191628
P 0x7f2a7c487a58
C 260
R
P 0x7f2a7c191628
C 342
R
P 0x7f2a7c191628
P 0x7f2a7c487a58
C 259
R
P 0x7f2a7c191628
C 342
R
P 0x7f2a7c191628
P 0x7f2a7c487a58
C 258
R
P 0x7f2a7c191628
C 342
R
P 0x7f2a7c191628
P 0x7f2a7c487a58
C 9
R
P 0x7f2a7c191628
C 342
R
P 0x7f2a7c191628
P 0x7f2a7c1a1858
P 0x7f2a7c487a58
C 73
= 0x7f2a7c489ec8
R
P 0x7f2a7c191628
C 342
R
P 0x7f2a7c191628
P 0x7f2a7c489ec8
C 258
R
P 0x7f2a7c191628
C 342
R
P 0x7f2a7c191628
P 0x7f2a7c489ec8
C 9
R
P 0x7f2a7c191628
C 342
R
P 0x7f2a7c191628
I 1
P 0x7f2a7c19b208
C 150
= 0x7f2a7c19bc88
R
P 0x7f2a7c191628
C 342
R
P 0x7f2a7c191628
P 0x7f2a7c19bc88
C 258
R
P 0x7f2a7c191628
C 342
R
P 0x7f2a7c191628
P 0x7f2a7c19bc88
C 9
R
P 0x7f2a7c191628
C 342
R
P 0x7f2a7c191628
I 1
P 0x7f2a7c19b208
C 150
= 0x7f2a7c19bc88
R
P 0x7f2a7c191628
C 342
R
P 0x7f2a7c191628
P 0x7f2a7c19bc88
C 258
R
P 0x7f2a7c191628
C 342
R
P 0x7f2a7c191628
P 0x7f2a7c19bc88
C 9
R
P 0x7f2a7c191628
C 342
R
P 0x7f2a7c191628
P 0x7f2a7c19bc88
P 0x7f2a7c19bc88
C 75
= 0x7f2a7c1a1778
R
P 0x7f2a7c191628
C 342
R
P 0x7f2a7c191628
P 0x7f2a7c1a1778
C 258
R
P 0x7f2a7c191628
C 342
R
P 0x7f2a7c191628
P 0x7f2a7c1a1778
C 9
R
P 0x7f2a7c191628
C 342
R
P 0x7f2a7c191628
I 1
P 0x7f2a7c19b208
C 150
= 0x7f2a7c19bc88
R
P 0x7f2a7c191628
C 342
R
P 0x7f2a7c191628
P 0x7f2a7c19bc88
C 258
R
P 0x7f2a7c191628
C 342
R
P 0x7f2a7c191628
P 0x7f2a7c19bc88
C 9
R
P 0x7f2a7c191628
C 342
R
P 0x7f2a7c191628
U 2
P 0x7f2a7c19bc88
P 0x7f2a7c19bc88
p 2
C 67
= 0x7f2a7c1a17b0
R
P 0x7f2a7c191628
C 342
R
P 0x7f2a7c191628
P 0x7f2a7c1a17b0
C 257
R
P 0x7f2a7c191628
C 342
R
P 0x7f2a7c191628
P 0x7f2a7c1a17b0
C 254
= 0x7f2a7c19b208
R
P 0x7f2a7c191628
C 342
R
P 0x7f2a7c191628
P 0x7f2a7c19b208
C 209
R
P 0x7f2a7c191628
C 342
R
P 0x7f2a7c191628
P 0x7f2a7c1a17b0
C 260
R
P 0x7f2a7c191628
C 342
R
P 0x7f2a7c191628
P 0x7f2a7c1a17b0
C 259
R
P 0x7f2a7c191628
C 342
R
P 0x7f2a7c191628
P 0x7f2a7c1a17b0
C 258
R
P 0x7f2a7c191628
C 342
R
P 0x7f2a7c191628
P 0x7f2a7c1a17b0
C 9
R
P 0x7f2a7c191628
C 342
R
P 0x7f2a7c191628
U 2
P 0x7f2a7c19bba8
P 0x7f2a7c1a17b0
p 2
C 66
= 0x7f2a7c1a17e8
R
P 0x7f2a7c191628
C 342
R
P 0x7f2a7c191628
P 0x7f2a7c1a17e8
C 257
R
P 0x7f2a7c191628
C 342
R
P 0x7f2a7c191628
P 0x7f2a7c1a17e8
C 254
= 0x7f2a7c19b1e8
R
P 0x7f2a7c191628
C 342
R
P 0x7f2a7c191628
P 0x7f2a7c19b1e8
C 209
R
P 0x7f2a7c191628
C 342
R
P 0x7f2a7c191628
P 0x7f2a7c1a17e8
C 260
R
P 0x7f2a7c191628
C 342
R
P 0x7f2a7c191628
P 0x7f2a7c1a17e8
C 259
R
P 0x7f2a7c191628
C 342
R
P 0x7f2a7c191628
P 0x7f2a7c1a17e8
C 258
R
P 0x7f2a7c191628
C 342
R
P 0x7f2a7c191628
P 0x7f2a7c1a17e8
C 9
R
P 0x7f2a7c191628
C 342
R
P 0x7f2a7c191628
U 2
P 0x7f2a7c19bc28
P 0x7f2a7c1a17e8
p 2
C 65
= 0x7f2a7c1a1820
R
P 0x7f2a7c191628
C 342
R
P 0x7f2a7c191628
P 0x7f2a7c1a1820
C 257
R
P 0x7f2a7c191628
C 342
R
P 0x7f2a7c191628
P 0x7f2a7c1a1820
C 254
= 0x7f2a7c19b1e8
R
P 0x7f2a7c191628
C 342
R
P 0x7f2a7c191628
P 0x7f2a7c19b1e8
C 209
R
P 0x7f2a7c191628
C 342
R
P 0x7f2a7c191628
P 0x7f2a7c1a1820
C 260
R
P 0x7f2a7c191628
C 342
R
P 0x7f2a7c191628
P 0x7f2a7c1a1820
C 259
R
P 0x7f2a7c191628
C 342
R
P 0x7f2a7c191628
P 0x7f2a7c1a1820
C 258
R
P 0x7f2a7c191628
C 342
R
P 0x7f2a7c191628
P 0x7f2a7c1a1820
C 9
R
P 0x7f2a7c191628
C 342
R
P 0x7f2a7c191628
P 0x7f2a7c1a1778
P 0x7f2a7c1a1820
P 0x7f2a7c19bc28
C 59
= 0x7f2a7c19f848
R
P 0x7f2a7c191628
C 342
R
P 0x7f2a7c191628
P 0x7f2a7c19f848
C 257
R
P 0x7f2a7c191628
C 342
R
P 0x7f2a7c191628
P 0x7f2a7c19f848
C 254
= 0x7f2a7c19b1e8
R
P 0x7f2a7c191628
C 342
R
P 0x7f2a7c191628
P 0x7f2a7c19b1e8
C 209
R
P 0x7f2a7c191628
C 342
R
P 0x7f2a7c191628
P 0x7f2a7c19f848
C 260
R
P 0x7f2a7c191628
C 342
R
P 0x7f2a7c191628
P 0x7f2a7c19f848
C 259
R
P 0x7f2a7c191628
C 342
R
P 0x7f2a7c191628
P 0x7f2a7c19f848
C 258
R
P 0x7f2a7c191628
C 342
R
P 0x7f2a7c191628
P 0x7f2a7c19f848
C 9
R
P 0x7f2a7c191628
C 342
R
P 0x7f2a7c191628
U 2
P 0x7f2a7c19f848
P 0x7f2a7c19bb48
p 2
C 65
= 0x7f2a7c1a1858
R
P 0x7f2a7c191628
C 342
R
P 0x7f2a7c191628
P 0x7f2a7c1a1858
C 257
R
P 0x7f2a7c191628
C 342
R
P 0x7f2a7c191628
P 0x7f2a7c1a1858
C 254
= 0x7f2a7c19b1e8
R
P 0x7f2a7c191628
C 342
R
P 0x7f2a7c191628
P 0x7f2a7c19b1e8
C 209
R
P 0x7f2a7c191628
C 342
R
P 0x7f2a7c191628
P 0x7f2a7c1a1858
C 260
R
P 0x7f2a7c191628
C 342
R
P 0x7f2a7c191628
P 0x7f2a7c1a1858
C 259
R
P 0x7f2a7c191628
C 342
R
P 0x7f2a7c191628
P 0x7f2a7c1a1858
C 258
R
P 0x7f2a7c191628
C 342
R
P 0x7f2a7c191628
P 0x7f2a7c1a1858
C 9
R
P 0x7f2a7c191628
C 342
R
P 0x7f2a7c191628
I 0
P 0x7f2a7c19b208
C 150
= 0x7f2a7c19bd08
R
P 0x7f2a7c191628
C 342
R
P 0x7f2a7c191628
P 0x7f2a7c19bd08
C 258
R
P 0x7f2a7c191628
C 342
R
P 0x7f2a7c191628
P 0x7f2a7c19bd08
C 9
R
P 0x7f2a7c191628
C 342
R
P 0x7f2a7c191628
I 1
P 0x7f2a7c19b208
C 150
= 0x7f2a7c19bc88
R
P 0x7f2a7c191628
C 342
R
P 0x7f2a7c191628
P 0x7f2a7c19bc88
C 258
R
P 0x7f2a7c191628
C 342
R
P 0x7f2a7c191628
P 0x7f2a7c19bc88
C 9
R
P 0x7f2a7c191628
C 342
R
P 0x7f2a7c191628
P 0x7f2a7c19bd08
P 0x7f2a7c19bc88
C 75
= 0x7f2a7c486fa0
R
P 0x7f2a7c191628
C 342
R
P 0x7f2a7c191628
P 0x7f2a7c486fa0
C 258
R
P 0x7f2a7c191628
C 342
R
P 0x7f2a7c191628
P 0x7f2a7c486fa0
C 9
R
P 0x7f2a7c191628
C 342
R
P 0x7f2a7c191628
I 1
P 0x7f2a7c19b208
C 150
= 0x7f2a7c19bc88
R
P 0x7f2a7c191628
C 342
R
P 0x7f2a7c191628
P 0x7f2a7c19bc88
C 258
R
P 0x7f2a7c191628
C 342
R
P 0x7f2a7c191628
P 0x7f2a7c19bc88
C 9
R
P 0x7f2a7c191628
C 342
R
P 0x7f2a7c191628
U 2
P 0x7f2a7c19bd08
P 0x7f2a7c19bc88
p 2
C 67
= 0x7f2a7c486fd8
R
P 0x7f2a7c191628
C 342
R
P 0x7f2a7c191628
P 0x7f2a7c486fd8
C 257
R
P 0x7f2a7c191628
C 342
R
P 0x7f2a7c191628
P 0x7f2a7c486fd8
C 254
= 0x7f2a7c19b208
R
P 0x7f2a7c191628
C 342
R
P 0x7f2a7c191628
P 0x7f2a7c19b208
C 209
R
P 0x7f2a7c191628
C 342
R
P 0x7f2a7c191628
P 0x7f2a7c486fd8
C 260
R
P 0x7f2a7c191628
C 342
R
P 0x7f2a7c191628
P 0x7f2a7c486fd8
C 259
R
P 0x7f2a7c191628
C 342
R
P 0x7f2a7c191628
P 0x7f2a7c486fd8
C 258
R
P 0x7f2a7c191628
C 342
R
P 0x7f2a7c191628
P 0x7f2a7c486fd8
C 9
R
P 0x7f2a7c191628
C 342
R
P 0x7f2a7c191628
U 2
P 0x7f2a7c19bbe8
P 0x7f2a7c486fd8
p 2
C 66
= 0x7f2a7c487940
R
P 0x7f2a7c191628
C 342
R
P 0x7f2a7c191628
P 0x7f2a7c487940
C 257
R
P 0x7f2a7c191628
C 342
R
P 0x7f2a7c191628
P 0x7f2a7c487940
C 254
= 0x7f2a7c19b208
R
P 0x7f2a7c191628
C 342
R
P 0x7f2a7c191628
P 0x7f2a7c19b208
C 209
R
P 0x7f2a7c191628
C 342
R
P 0x7f2a7c191628
P 0x7f2a7c487940
C 260
R
P 0x7f2a7c191628
C 342
R
P 0x7f2a7c191628
P 0x7f2a7c487940
C 259
R
P 0x7f2a7c191628
C 342
R
P 0x7f2a7c191628
P 0x7f2a7c487940
C 258
R
P 0x7f2a7c191628
C 342
R
P 0x7f2a7c191628
P 0x7f2a7c487940
C 9
R
P 0x7f2a7c191628
C 342
R
P 0x7f2a7c191628
U 2
P 0x7f2a7c19bb88
P 0x7f2a7c487940
p 2
C 65
= 0x7f2a7c487978
R
P 0x7f2a7c191628
C 342
R
P 0x7f2a7c191628
P 0x7f2a7c487978
C 257
R
P 0x7f2a7c191628
C 342
R
P 0x7f2a7c191628
P 0x7f2a7c487978
C 254
= 0x7f2a7c19b1e8
R
P 0x7f2a7c191628
C 342
R
P 0x7f2a7c191628
P 0x7f2a7c19b1e8
C 209
R
P 0x7f2a7c191628
C 342
R
P 0x7f2a7c191628
P 0x7f2a7c487978
C 260
R
P 0x7f2a7c191628
C 342
R
P 0x7f2a7c191628
P 0x7f2a7c487978
C 259
R
P 0x7f2a7c191628
C 342
R
P 0x7f2a7c191628
P 0x7f2a7c487978
C 258
R
P 0x7f2a7c191628
C 342
R
P 0x7f2a7c191628
P 0x7f2a7c487978
C 9
R
P 0x7f2a7c191628
C 342
R
P 0x7f2a7c191628
P 0x7f2a7c486fa0
P 0x7f2a7c487978
P 0x7f2a7c19bb88
C 59
= 0x7f2a7c19fa08
R
P 0x7f2a7c191628
C 342
R
P 0x7f2a7c191628
P 0x7f2a7c19fa08
C 257
R
P 0x7f2a7c191628
C 342
R
P 0x7f2a7c191628
P 0x7f2a7c19fa08
C 254
= 0x7f2a7c19b1e8
R
P 0x7f2a7c191628
C 342
R
P 0x7f2a7c191628
P 0x7f2a7c19b1e8
C 209
R
P 0x7f2a7c191628
C 342
R
P 0x7f2a7c191628
P 0x7f2a7c19fa08
C 260
R
P 0x7f2a7c191628
C 342
R
P 0x7f2a7c191628
P 0x7f2a7c19fa08
C 259
R
P 0x7f2a7c191628
C 342
R
P 0x7f2a7c191628
P 0x7f2a7c19fa08
C 258
R
P 0x7f2a7c191628
C 342
R
P 0x7f2a7c191628
P 0x7f2a7c19fa08
C 9
R
P 0x7f2a7c191628
C 342
R
P 0x7f2a7c191628
P 0x7f2a7c1a1858
P 0x7f2a7c19fa08
C 76
= 0x7f2a7c489f00
R
P 0x7f2a7c191628
C 342
R
P 0x7f2a7c191628
P 0x7f2a7c489f00
C 258
R
P 0x7f2a7c191628
C 342
R
P 0x7f2a7c191628
P 0x7f2a7c489f00
C 9
R
P 0x7f2a7c191628
C 342
R
P 0x7f2a7c191628
U 2
P 0x7f2a7c489ec8
P 0x7f2a7c489f00
p 2
C 63
= 0x7f2a7c489f38
R
P 0x7f2a7c191628
C 342
R
P 0x7f2a7c191628
P 0x7f2a7c489f38
C 258
R
P 0x7f2a7c191628
C 342
R
P 0x7f2a7c191628
P 0x7f2a7c489f38
C 9
R
P 0x7f2a7c191628
C 342
R
P 0x7f2a7c191628
I 1
P 0x7f2a7c19b208
C 150
= 0x7f2a7c19bc88
R
P 0x7f2a7c191628
C 342
R
P 0x7f2a7c191628
P 0x7f2a7c19bc88
C 258
R
P 0x7f2a7c191628
C 342
R
P 0x7f2a7c191628
P 0x7f2a7c19bc88
C 9
R
P 0x7f2a7c191628
C 342
R
P 0x7f2a7c191628
P 0x7f2a7c19bc88
C 263
R
P 0x7f2a7c191628
C 342
R
P 0x7f2a7c191628
S "dev0T31"
C 30
R
P 0x7f2a7c191628
C 342
R
P 0x7f2a7c191628
$ |dev0T31|
C 202
R
P 0x7f2a7c191628
C 342
R
P 0x7f2a7c191628
$ |dev0T31|
P 0x7f2a7c19b1e8
C 51
= 0x7f2a7c19bca8
R
P 0x7f2a7c191628
C 342
R
P 0x7f2a7c191628
P 0x7f2a7c19bca8
C 257
R
P 0x7f2a7c191628
C 342
R
P 0x7f2a7c191628
P 0x7f2a7c19bca8
C 254
= 0x7f2a7c19b1e8
R
P 0x7f2a7c191628
C 342
R
P 0x7f2a7c191628
P 0x7f2a7c19b1e8
C 209
R
P 0x7f2a7c191628
C 342
R
P 0x7f2a7c191628
P 0x7f2a7c19bca8
C 260
R
P 0x7f2a7c191628
C 342
R
P 0x7f2a7c191628
P 0x7f2a7c19bca8
C 259
R
P 0x7f2a7c191628
C 342
R
P 0x7f2a7c191628
P 0x7f2a7c19bca8
C 258
R
P 0x7f2a7c191628
C 342
R
P 0x7f2a7c191628
P 0x7f2a7c19bca8
C 9
R
P 0x7f2a7c191628
C 342
R
P 0x7f2a7c191628
P 0x7f2a7c19bc68
C 333
R
P 0x7f2a7c191628
C 342
R
P 0x7f2a7c191628
S "slotflowPriorityStart"
C 30
R
P 0x7f2a7c191628
C 342
R
P 0x7f2a7c191628
$ |slotflowPriorityStart|
C 202
R
P 0x7f2a7c191628
C 342
R
P 0x7f2a7c191628
$ |slotflowPriorityStart|
P 0x7f2a7c19b1e8
C 51
= 0x7f2a7c19c2a8
R
P 0x7f2a7c191628
C 342
R
P 0x7f2a7c191628
P 0x7f2a7c19c2a8
C 257
R
P 0x7f2a7c191628
C 342
R
P 0x7f2a7c191628
P 0x7f2a7c19c2a8
C 254
= 0x7f2a7c19b1e8
R
P 0x7f2a7c191628
C 342
R
P 0x7f2a7c191628
P 0x7f2a7c19b1e8
C 209
R
P 0x7f2a7c191628
C 342
R
P 0x7f2a7c191628
P 0x7f2a7c19c2a8
C 260
R
P 0x7f2a7c191628
C 342
R
P 0x7f2a7c191628
P 0x7f2a7c19c2a8
C 259
R
P 0x7f2a7c191628
C 342
R
P 0x7f2a7c191628
P 0x7f2a7c19c2a8
C 258
R
P 0x7f2a7c191628
C 342
R
P 0x7f2a7c191628
P 0x7f2a7c19c2a8
C 9
R
P 0x7f2a7c191628
C 342
R
P 0x7f2a7c191628
I 0
P 0x7f2a7c19b208
C 150
= 0x7f2a7c19bd08
R
P 0x7f2a7c191628
C 342
R
P 0x7f2a7c191628
P 0x7f2a7c19bd08
C 258
R
P 0x7f2a7c191628
C 342
R
P 0x7f2a7c191628
P 0x7f2a7c19bd08
C 9
R
P 0x7f2a7c191628
C 342
R
P 0x7f2a7c191628
I 1
P 0x7f2a7c19b208
C 150
= 0x7f2a7c19bc88
R
P 0x7f2a7c191628
C 342
R
P 0x7f2a7c191628
P 0x7f2a7c19bc88
C 258
R
P 0x7f2a7c191628
C 342
R
P 0x7f2a7c191628
P 0x7f2a7c19bc88
C 9
R
P 0x7f2a7c191628
C 342
R
P 0x7f2a7c191628
P 0x7f2a7c19bd08
P 0x7f2a7c19bc88
C 75
= 0x7f2a7c486fa0
R
P 0x7f2a7c191628
C 342
R
P 0x7f2a7c191628
P 0x7f2a7c486fa0
C 258
R
P 0x7f2a7c191628
C 342
R
P 0x7f2a7c191628
P 0x7f2a7c486fa0
C 9
R
P 0x7f2a7c191628
C 342
R
P 0x7f2a7c191628
I 1
P 0x7f2a7c19b208
C 150
= 0x7f2a7c19bc88
R
P 0x7f2a7c191628
C 342
R
P 0x7f2a7c191628
P 0x7f2a7c19bc88
C 258
R
P 0x7f2a7c191628
C 342
R
P 0x7f2a7c191628
P 0x7f2a7c19bc88
C 9
R
P 0x7f2a7c191628
C 342
R
P 0x7f2a7c191628
U 2
P 0x7f2a7c19bd08
P 0x7f2a7c19bc88
p 2
C 67
= 0x7f2a7c486fd8
R
P 0x7f2a7c191628
C 342
R
P 0x7f2a7c191628
P 0x7f2a7c486fd8
C 257
R
P 0x7f2a7c191628
C 342
R
P 0x7f2a7c191628
P 0x7f2a7c486fd8
C 254
= 0x7f2a7c19b208
R
P 0x7f2a7c191628
C 342
R
P 0x7f2a7c191628
P 0x7f2a7c19b208
C 209
R
P 0x7f2a7c191628
C 342
R
P 0x7f2a7c191628
P 0x7f2a7c486fd8
C 260
R
P 0x7f2a7c191628
C 342
R
P 0x7f2a7c191628
P 0x7f2a7c486fd8
C 259
R
P 0x7f2a7c191628
C 342
R
P 0x7f2a7c191628
P 0x7f2a7c486fd8
C 258
R
P 0x7f2a7c191628
C 342
R
P 0x7f2a7c191628
P 0x7f2a7c486fd8
C 9
R
P 0x7f2a7c191628
C 342
R
P 0x7f2a7c191628
U 2
P 0x7f2a7c19bbe8
P 0x7f2a7c486fd8
p 2
C 66
= 0x7f2a7c487940
R
P 0x7f2a7c191628
C 342
R
P 0x7f2a7c191628
P 0x7f2a7c487940
C 257
R
P 0x7f2a7c191628
C 342
R
P 0x7f2a7c191628
P 0x7f2a7c487940
C 254
= 0x7f2a7c19b208
R
P 0x7f2a7c191628
C 342
R
P 0x7f2a7c191628
P 0x7f2a7c19b208
C 209
R
P 0x7f2a7c191628
C 342
R
P 0x7f2a7c191628
P 0x7f2a7c487940
C 260
R
P 0x7f2a7c191628
C 342
R
P 0x7f2a7c191628
P 0x7f2a7c487940
C 259
R
P 0x7f2a7c191628
C 342
R
P 0x7f2a7c191628
P 0x7f2a7c487940
C 258
R
P 0x7f2a7c191628
C 342
R
P 0x7f2a7c191628
P 0x7f2a7c487940
C 9
R
P 0x7f2a7c191628
C 342
R
P 0x7f2a7c191628
U 2
P 0x7f2a7c19bb88
P 0x7f2a7c487940
p 2
C 65
= 0x7f2a7c487978
R
P 0x7f2a7c191628
C 342
R
P 0x7f2a7c191628
P 0x7f2a7c487978
C 257
R
P 0x7f2a7c191628
C 342
R
P 0x7f2a7c191628
P 0x7f2a7c487978
C 254
= 0x7f2a7c19b1e8
R
P 0x7f2a7c191628
C 342
R
P 0x7f2a7c191628
P 0x7f2a7c19b1e8
C 209
R
P 0x7f2a7c191628
C 342
R
P 0x7f2a7c191628
P 0x7f2a7c487978
C 260
R
P 0x7f2a7c191628
C 342
R
P 0x7f2a7c191628
P 0x7f2a7c487978
C 259
R
P 0x7f2a7c191628
C 342
R
P 0x7f2a7c191628
P 0x7f2a7c487978
C 258
R
P 0x7f2a7c191628
C 342
R
P 0x7f2a7c191628
P 0x7f2a7c487978
C 9
R
P 0x7f2a7c191628
C 342
R
P 0x7f2a7c191628
P 0x7f2a7c486fa0
P 0x7f2a7c487978
P 0x7f2a7c19bb88
C 59
= 0x7f2a7c19fa08
R
P 0x7f2a7c191628
C 342
R
P 0x7f2a7c191628
P 0x7f2a7c19fa08
C 257
R
P 0x7f2a7c191628
C 342
R
P 0x7f2a7c191628
P 0x7f2a7c19fa08
C 254
= 0x7f2a7c19b1e8
R
P 0x7f2a7c191628
C 342
R
P 0x7f2a7c191628
P 0x7f2a7c19b1e8
C 209
R
P 0x7f2a7c191628
C 342
R
P 0x7f2a7c191628
P 0x7f2a7c19fa08
C 260
R
P 0x7f2a7c191628
C 342
R
P 0x7f2a7c191628
P 0x7f2a7c19fa08
C 259
R
P 0x7f2a7c191628
C 342
R
P 0x7f2a7c191628
P 0x7f2a7c19fa08
C 258
R
P 0x7f2a7c191628
C 342
R
P 0x7f2a7c191628
P 0x7f2a7c19fa08
C 9
R
P 0x7f2a7c191628
C 342
R
P 0x7f2a7c191628
U 2
P 0x7f2a7c19c2a8
P 0x7f2a7c19fa08
p 2
C 65
= 0x7f2a7c487a58
R
P 0x7f2a7c191628
C 342
R
P 0x7f2a7c191628
P 0x7f2a7c487a58
C 257
R
P 0x7f2a7c191628
C 342
R
P 0x7f2a7c191628
P 0x7f2a7c487a58
C 254
= 0x7f2a7c19b1e8
R
P 0x7f2a7c191628
C 342
R
P 0x7f2a7c191628
P 0x7f2a7c19b1e8
C 209
R
P 0x7f2a7c191628
C 342
R
P 0x7f2a7c191628
P 0x7f2a7c487a58
C 260
R
P 0x7f2a7c191628
C 342
R
P 0x7f2a7c191628
P 0x7f2a7c487a58
C 259
R
P 0x7f2a7c191628
C 342
R
P 0x7f2a7c191628
P 0x7f2a7c487a58
C 258
R
P 0x7f2a7c191628
C 342
R
P 0x7f2a7c191628
P 0x7f2a7c487a58
C 9
R
P 0x7f2a7c191628
C 342
R
P 0x7f2a7c191628
U 2
P 0x7f2a7c487a58
P 0x7f2a7c19bb68
p 2
C 65
= 0x7f2a7c4896b0
R
P 0x7f2a7c191628
C 342
R
P 0x7f2a7c191628
P 0x7f2a7c4896b0
C 257
R
P 0x7f2a7c191628
C 342
R
P 0x7f2a7c191628
P 0x7f2a7c4896b0
C 254
= 0x7f2a7c19b1e8
R
P 0x7f2a7c191628
C 342
R
P 0x7f2a7c191628
P 0x7f2a7c19b1e8
C 209
R
P 0x7f2a7c191628
C 342
R
P 0x7f2a7c191628
P 0x7f2a7c4896b0
C 260
R
P 0x7f2a7c191628
C 342
R
P 0x7f2a7c191628
P 0x7f2a7c4896b0
C 259
R
P 0x7f2a7c191628
C 342
R
P 0x7f2a7c191628
P 0x7f2a7c4896b0
C 258
R
P 0x7f2a7c191628
C 342
R
P 0x7f2a7c191628
P 0x7f2a7c4896b0
C 9
R
P 0x7f2a7c191628
C 342
R
P 0x7f2a7c191628
P 0x7f2a7c19bca8
P 0x7f2a7c4896b0
C 76
= 0x7f2a7c489f70
R
P 0x7f2a7c191628
C 342
R
P 0x7f2a7c191628
P 0x7f2a7c489f70
C 258
R
P 0x7f2a7c191628
C 342
R
P 0x7f2a7c191628
P 0x7f2a7c489f70
C 9
R
P 0x7f2a7c191628
C 342
R
P 0x7f2a7c191628
I 1
P 0x7f2a7c19b208
C 150
= 0x7f2a7c19bc88
R
P 0x7f2a7c191628
C 342
R
P 0x7f2a7c191628
P 0x7f2a7c19bc88
C 258
R
P 0x7f2a7c191628
C 342
R
P 0x7f2a7c191628
P 0x7f2a7c19bc88
C 9
R
P 0x7f2a7c191628
C 342
R
P 0x7f2a7c191628
P 0x7f2a7c19bc88
C 263
R
P 0x7f2a7c191628
C 342
R
P 0x7f2a7c191628
S "dev0T31"
C 30
R
P 0x7f2a7c191628
C 342
R
P 0x7f2a7c191628
$ |dev0T31|
C 202
R
P 0x7f2a7c191628
C 342
R
P 0x7f2a7c191628
$ |dev0T31|
P 0x7f2a7c19b1e8
C 51
= 0x7f2a7c19bca8
R
P 0x7f2a7c191628
C 342
R
P 0x7f2a7c191628
P 0x7f2a7c19bca8
C 257
R
P 0x7f2a7c191628
C 342
R
P 0x7f2a7c191628
P 0x7f2a7c19bca8
C 254
= 0x7f2a7c19b1e8
R
P 0x7f2a7c191628
C 342
R
P 0x7f2a7c191628
P 0x7f2a7c19b1e8
C 209
R
P 0x7f2a7c191628
C 342
R
P 0x7f2a7c191628
P 0x7f2a7c19bca8
C 260
R
P 0x7f2a7c191628
C 342
R
P 0x7f2a7c191628
P 0x7f2a7c19bca8
C 259
R
P 0x7f2a7c191628
C 342
R
P 0x7f2a7c191628
P 0x7f2a7c19bca8
C 258
R
P 0x7f2a7c191628
C 342
R
P 0x7f2a7c191628
P 0x7f2a7c19bca8
C 9
R
P 0x7f2a7c191628
C 342
R
P 0x7f2a7c191628
P 0x7f2a7c19bc68
C 333
R
P 0x7f2a7c191628
C 342
R
P 0x7f2a7c191628
S "slotflowPriorityStart"
C 30
R
P 0x7f2a7c191628
C 342
R
P 0x7f2a7c191628
$ |slotflowPriorityStart|
C 202
R
P 0x7f2a7c191628
C 342
R
P 0x7f2a7c191628
$ |slotflowPriorityStart|
P 0x7f2a7c19b1e8
C 51
= 0x7f2a7c19c2a8
R
P 0x7f2a7c191628
C 342
R
P 0x7f2a7c191628
P 0x7f2a7c19c2a8
C 257
R
P 0x7f2a7c191628
C 342
R
P 0x7f2a7c191628
P 0x7f2a7c19c2a8
C 254
= 0x7f2a7c19b1e8
R
P 0x7f2a7c191628
C 342
R
P 0x7f2a7c191628
P 0x7f2a7c19b1e8
C 209
R
P 0x7f2a7c191628
C 342
R
P 0x7f2a7c191628
P 0x7f2a7c19c2a8
C 260
R
P 0x7f2a7c191628
C 342
R
P 0x7f2a7c191628
P 0x7f2a7c19c2a8
C 259
R
P 0x7f2a7c191628
C 342
R
P 0x7f2a7c191628
P 0x7f2a7c19c2a8
C 258
R
P 0x7f2a7c191628
C 342
R
P 0x7f2a7c191628
P 0x7f2a7c19c2a8
C 9
R
P 0x7f2a7c191628
C 342
R
P 0x7f2a7c191628
P 0x7f2a7c19bc68
C 333
R
P 0x7f2a7c191628
C 342
R
P 0x7f2a7c191628
S "slotflowPriorityDuration"
C 30
R
P 0x7f2a7c191628
C 342
R
P 0x7f2a7c191628
$ |slotflowPriorityDuration|
C 202
R
P 0x7f2a7c191628
C 342
R
P 0x7f2a7c191628
$ |slotflowPriorityDuration|
P 0x7f2a7c19b1e8
C 51
= 0x7f2a7c19c268
R
P 0x7f2a7c191628
C 342
R
P 0x7f2a7c191628
P 0x7f2a7c19c268
C 257
R
P 0x7f2a7c191628
C 342
R
P 0x7f2a7c191628
P 0x7f2a7c19c268
C 254
= 0x7f2a7c19b1e8
R
P 0x7f2a7c191628
C 342
R
P 0x7f2a7c191628
P 0x7f2a7c19b1e8
C 209
R
P 0x7f2a7c191628
C 342
R
P 0x7f2a7c191628
P 0x7f2a7c19c268
C 260
R
P 0x7f2a7c191628
C 342
R
P 0x7f2a7c191628
P 0x7f2a7c19c268
C 259
R
P 0x7f2a7c191628
C 342
R
P 0x7f2a7c191628
P 0x7f2a7c19c268
C 258
R
P 0x7f2a7c191628
C 342
R
P 0x7f2a7c191628
P 0x7f2a7c19c268
C 9
R
P 0x7f2a7c191628
C 342
R
P 0x7f2a7c191628
U 2
P 0x7f2a7c19c2a8
P 0x7f2a7c19c268
p 2
C 65
= 0x7f2a7c487908
R
P 0x7f2a7c191628
C 342
R
P 0x7f2a7c191628
P 0x7f2a7c487908
C 257
R
P 0x7f2a7c191628
C 342
R
P 0x7f2a7c191628
P 0x7f2a7c487908
C 254
= 0x7f2a7c19b1e8
R
P 0x7f2a7c191628
C 342
R
P 0x7f2a7c191628
P 0x7f2a7c19b1e8
C 209
R
P 0x7f2a7c191628
C 342
R
P 0x7f2a7c191628
P 0x7f2a7c487908
C 260
R
P 0x7f2a7c191628
C 342
R
P 0x7f2a7c191628
P 0x7f2a7c487908
C 259
R
P 0x7f2a7c191628
C 342
R
P 0x7f2a7c191628
P 0x7f2a7c487908
C 258
R
P 0x7f2a7c191628
C 342
R
P 0x7f2a7c191628
P 0x7f2a7c487908
C 9
R
P 0x7f2a7c191628
C 342
R
P 0x7f2a7c191628
I 0
P 0x7f2a7c19b208
C 150
= 0x7f2a7c19bd08
R
P 0x7f2a7c191628
C 342
R
P 0x7f2a7c191628
P 0x7f2a7c19bd08
C 258
R
P 0x7f2a7c191628
C 342
R
P 0x7f2a7c191628
P 0x7f2a7c19bd08
C 9
R
P 0x7f2a7c191628
C 342
R
P 0x7f2a7c191628
I 1
P 0x7f2a7c19b208
C 150
= 0x7f2a7c19bc88
R
P 0x7f2a7c191628
C 342
R
P 0x7f2a7c191628
P 0x7f2a7c19bc88
C 258
R
P 0x7f2a7c191628
C 342
R
P 0x7f2a7c191628
P 0x7f2a7c19bc88
C 9
R
P 0x7f2a7c191628
C 342
R
P 0x7f2a7c191628
P 0x7f2a7c19bd08
P 0x7f2a7c19bc88
C 75
= 0x7f2a7c486fa0
R
P 0x7f2a7c191628
C 342
R
P 0x7f2a7c191628
P 0x7f2a7c486fa0
C 258
R
P 0x7f2a7c191628
C 342
R
P 0x7f2a7c191628
P 0x7f2a7c486fa0
C 9
R
P 0x7f2a7c191628
C 342
R
P 0x7f2a7c191628
I 1
P 0x7f2a7c19b208
C 150
= 0x7f2a7c19bc88
R
P 0x7f2a7c191628
C 342
R
P 0x7f2a7c191628
P 0x7f2a7c19bc88
C 258
R
P 0x7f2a7c191628
C 342
R
P 0x7f2a7c191628
P 0x7f2a7c19bc88
C 9
R
P 0x7f2a7c191628
C 342
R
P 0x7f2a7c191628
U 2
P 0x7f2a7c19bd08
P 0x7f2a7c19bc88
p 2
C 67
= 0x7f2a7c486fd8
R
P 0x7f2a7c191628
C 342
R
P 0x7f2a7c191628
P 0x7f2a7c486fd8
C 257
R
P 0x7f2a7c191628
C 342
R
P 0x7f2a7c191628
P 0x7f2a7c486fd8
C 254
= 0x7f2a7c19b208
R
P 0x7f2a7c191628
C 342
R
P 0x7f2a7c191628
P 0x7f2a7c19b208
C 209
R
P 0x7f2a7c191628
C 342
R
P 0x7f2a7c191628
P 0x7f2a7c486fd8
C 260
R
P 0x7f2a7c191628
C 342
R
P 0x7f2a7c191628
P 0x7f2a7c486fd8
C 259
R
P 0x7f2a7c191628
C 342
R
P 0x7f2a7c191628
P 0x7f2a7c486fd8
C 258
R
P 0x7f2a7c191628
C 342
R
P 0x7f2a7c191628
P 0x7f2a7c486fd8
C 9
R
P 0x7f2a7c191628
C 342
R
P 0x7f2a7c191628
U 2
P 0x7f2a7c19bbe8
P 0x7f2a7c486fd8
p 2
C 66
= 0x7f2a7c487940
R
P 0x7f2a7c191628
C 342
R
P 0x7f2a7c191628
P 0x7f2a7c487940
C 257
R
P 0x7f2a7c191628
C 342
R
P 0x7f2a7c191628
P 0x7f2a7c487940
C 254
= 0x7f2a7c19b208
R
P 0x7f2a7c191628
C 342
R
P 0x7f2a7c191628
P 0x7f2a7c19b208
C 209
R
P 0x7f2a7c191628
C 342
R
P 0x7f2a7c191628
P 0x7f2a7c487940
C 260
R
P 0x7f2a7c191628
C 342
R
P 0x7f2a7c191628
P 0x7f2a7c487940
C 259
R
P 0x7f2a7c191628
C 342
R
P 0x7f2a7c191628
P 0x7f2a7c487940
C 258
R
P 0x7f2a7c191628
C 342
R
P 0x7f2a7c191628
P 0x7f2a7c487940
C 9
R
P 0x7f2a7c191628
C 342
R
P 0x7f2a7c191628
U 2
P 0x7f2a7c19bb88
P 0x7f2a7c487940
p 2
C 65
= 0x7f2a7c487978
R
P 0x7f2a7c191628
C 342
R
P 0x7f2a7c191628
P 0x7f2a7c487978
C 257
R
P 0x7f2a7c191628
C 342
R
P 0x7f2a7c191628
P 0x7f2a7c487978
C 254
= 0x7f2a7c19b1e8
R
P 0x7f2a7c191628
C 342
R
P 0x7f2a7c191628
P 0x7f2a7c19b1e8
C 209
R
P 0x7f2a7c191628
C 342
R
P 0x7f2a7c191628
P 0x7f2a7c487978
C 260
R
P 0x7f2a7c191628
C 342
R
P 0x7f2a7c191628
P 0x7f2a7c487978
C 259
R
P 0x7f2a7c191628
C 342
R
P 0x7f2a7c191628
P 0x7f2a7c487978
C 258
R
P 0x7f2a7c191628
C 342
R
P 0x7f2a7c191628
P 0x7f2a7c487978
C 9
R
P 0x7f2a7c191628
C 342
R
P 0x7f2a7c191628
P 0x7f2a7c486fa0
P 0x7f2a7c487978
P 0x7f2a7c19bb88
C 59
= 0x7f2a7c19fa08
R
P 0x7f2a7c191628
C 342
R
P 0x7f2a7c191628
P 0x7f2a7c19fa08
C 257
R
P 0x7f2a7c191628
C 342
R
P 0x7f2a7c191628
P 0x7f2a7c19fa08
C 254
= 0x7f2a7c19b1e8
R
P 0x7f2a7c191628
C 342
R
P 0x7f2a7c191628
P 0x7f2a7c19b1e8
C 209
R
P 0x7f2a7c191628
C 342
R
P 0x7f2a7c191628
P 0x7f2a7c19fa08
C 260
R
P 0x7f2a7c191628
C 342
R
P 0x7f2a7c191628
P 0x7f2a7c19fa08
C 259
R
P 0x7f2a7c191628
C 342
R
P 0x7f2a7c191628
P 0x7f2a7c19fa08
C 258
R
P 0x7f2a7c191628
C 342
R
P 0x7f2a7c191628
P 0x7f2a7c19fa08
C 9
R
P 0x7f2a7c191628
C 342
R
P 0x7f2a7c191628
U 2
P 0x7f2a7c487908
P 0x7f2a7c19fa08
p 2
C 65
= 0x7f2a7c4879b0
R
P 0x7f2a7c191628
C 342
R
P 0x7f2a7c191628
P 0x7f2a7c4879b0
C 257
R
P 0x7f2a7c191628
C 342
R
P 0x7f2a7c191628
P 0x7f2a7c4879b0
C 254
= 0x7f2a7c19b1e8
R
P 0x7f2a7c191628
C 342
R
P 0x7f2a7c191628
P 0x7f2a7c19b1e8
C 209
R
P 0x7f2a7c191628
C 342
R
P 0x7f2a7c191628
P 0x7f2a7c4879b0
C 260
R
P 0x7f2a7c191628
C 342
R
P 0x7f2a7c191628
P 0x7f2a7c4879b0
C 259
R
P 0x7f2a7c191628
C 342
R
P 0x7f2a7c191628
P 0x7f2a7c4879b0
C 258
R
P 0x7f2a7c191628
C 342
R
P 0x7f2a7c191628
P 0x7f2a7c4879b0
C 9
R
P 0x7f2a7c191628
C 342
R
P 0x7f2a7c191628
P 0x7f2a7c19bca8
P 0x7f2a7c4879b0
C 74
= 0x7f2a7c489fa8
R
P 0x7f2a7c191628
C 342
R
P 0x7f2a7c191628
P 0x7f2a7c489fa8
C 258
R
P 0x7f2a7c191628
C 342
R
P 0x7f2a7c191628
P 0x7f2a7c489fa8
C 9
R
P 0x7f2a7c191628
C 342
R
P 0x7f2a7c191628
U 2
P 0x7f2a7c489f70
P 0x7f2a7c489fa8
p 2
C 63
= 0x7f2a7c489fe0
R
P 0x7f2a7c191628
C 342
R
P 0x7f2a7c191628
P 0x7f2a7c489fe0
C 258
R
P 0x7f2a7c191628
C 342
R
P 0x7f2a7c191628
P 0x7f2a7c489fe0
C 9
R
P 0x7f2a7c191628
C 342
R
P 0x7f2a7c191628
P 0x7f2a7c489f38
P 0x7f2a7c489fe0
C 61
= 0x7f2a7c48a018
R
P 0x7f2a7c191628
C 342
R
P 0x7f2a7c191628
P 0x7f2a7c48a018
C 258
R
P 0x7f2a7c191628
C 342
R
P 0x7f2a7c191628
P 0x7f2a7c48a018
C 9
R
P 0x7f2a7c191628
C 342
R
P 0x7f2a7c191628
P 0x7f2a7c1e1fc8
P 0x7f2a7c48a018
C 427
R
P 0x7f2a7c191628
C 342
R
P 0x7f2a7c191628
I 1
P 0x7f2a7c19b208
C 150
= 0x7f2a7c19bc88
R
P 0x7f2a7c191628
C 342
R
P 0x7f2a7c191628
P 0x7f2a7c19bc88
C 258
R
P 0x7f2a7c191628
C 342
R
P 0x7f2a7c191628
P 0x7f2a7c19bc88
C 9
R
P 0x7f2a7c191628
C 342
R
P 0x7f2a7c191628
I 1
P 0x7f2a7c19b208
C 150
= 0x7f2a7c19bc88
R
P 0x7f2a7c191628
C 342
R
P 0x7f2a7c191628
P 0x7f2a7c19bc88
C 258
R
P 0x7f2a7c191628
C 342
R
P 0x7f2a7c191628
P 0x7f2a7c19bc88
C 9
R
P 0x7f2a7c191628
C 342
R
P 0x7f2a7c191628
P 0x7f2a7c19bc88
P 0x7f2a7c19bc88
C 75
= 0x7f2a7c1a1778
R
P 0x7f2a7c191628
C 342
R
P 0x7f2a7c191628
P 0x7f2a7c1a1778
C 258
R
P 0x7f2a7c191628
C 342
R
P 0x7f2a7c191628
P 0x7f2a7c1a1778
C 9
R
P 0x7f2a7c191628
C 342
R
P 0x7f2a7c191628
I 1
P 0x7f2a7c19b208
C 150
= 0x7f2a7c19bc88
R
P 0x7f2a7c191628
C 342
R
P 0x7f2a7c191628
P 0x7f2a7c19bc88
C 258
R
P 0x7f2a7c191628
C 342
R
P 0x7f2a7c191628
P 0x7f2a7c19bc88
C 9
R
P 0x7f2a7c191628
C 342
R
P 0x7f2a7c191628
U 2
P 0x7f2a7c19bc88
P 0x7f2a7c19bc88
p 2
C 67
= 0x7f2a7c1a17b0
R
P 0x7f2a7c191628
C 342
R
P 0x7f2a7c191628
P 0x7f2a7c1a17b0
C 257
R
P 0x7f2a7c191628
C 342
R
P 0x7f2a7c191628
P 0x7f2a7c1a17b0
C 254
= 0x7f2a7c19b208
R
P 0x7f2a7c191628
C 342
R
P 0x7f2a7c191628
P 0x7f2a7c19b208
C 209
R
P 0x7f2a7c191628
C 342
R
P 0x7f2a7c191628
P 0x7f2a7c1a17b0
C 260
R
P 0x7f2a7c191628
C 342
R
P 0x7f2a7c191628
P 0x7f2a7c1a17b0
C 259
R
P 0x7f2a7c191628
C 342
R
P 0x7f2a7c191628
P 0x7f2a7c1a17b0
C 258
R
P 0x7f2a7c191628
C 342
R
P 0x7f2a7c191628
P 0x7f2a7c1a17b0
C 9
R
P 0x7f2a7c191628
C 342
R
P 0x7f2a7c191628
U 2
P 0x7f2a7c19bba8
P 0x7f2a7c1a17b0
p 2
C 66
= 0x7f2a7c1a17e8
R
P 0x7f2a7c191628
C 342
R
P 0x7f2a7c191628
P 0x7f2a7c1a17e8
C 257
R
P 0x7f2a7c191628
C 342
R
P 0x7f2a7c191628
P 0x7f2a7c1a17e8
C 254
= 0x7f2a7c19b1e8
R
P 0x7f2a7c191628
C 342
R
P 0x7f2a7c191628
P 0x7f2a7c19b1e8
C 209
R
P 0x7f2a7c191628
C 342
R
P 0x7f2a7c191628
P 0x7f2a7c1a17e8
C 260
R
P 0x7f2a7c191628
C 342
R
P 0x7f2a7c191628
P 0x7f2a7c1a17e8
C 259
R
P 0x7f2a7c191628
C 342
R
P 0x7f2a7c191628
P 0x7f2a7c1a17e8
C 258
R
P 0x7f2a7c191628
C 342
R
P 0x7f2a7c191628
P 0x7f2a7c1a17e8
C 9
R
P 0x7f2a7c191628
C 342
R
P 0x7f2a7c191628
U 2
P 0x7f2a7c19bc28
P 0x7f2a7c1a17e8
p 2
C 65
= 0x7f2a7c1a1820
R
P 0x7f2a7c191628
C 342
R
P 0x7f2a7c191628
P 0x7f2a7c1a1820
C 257
R
P 0x7f2a7c191628
C 342
R
P 0x7f2a7c191628
P 0x7f2a7c1a1820
C 254
= 0x7f2a7c19b1e8
R
P 0x7f2a7c191628
C 342
R
P 0x7f2a7c191628
P 0x7f2a7c19b1e8
C 209
R
P 0x7f2a7c191628
C 342
R
P 0x7f2a7c191628
P 0x7f2a7c1a1820
C 260
R
P 0x7f2a7c191628
C 342
R
P 0x7f2a7c191628
P 0x7f2a7c1a1820
C 259
R
P 0x7f2a7c191628
C 342
R
P 0x7f2a7c191628
P 0x7f2a7c1a1820
C 258
R
P 0x7f2a7c191628
C 342
R
P 0x7f2a7c191628
P 0x7f2a7c1a1820
C 9
R
P 0x7f2a7c191628
C 342
R
P 0x7f2a7c191628
P 0x7f2a7c1a1778
P 0x7f2a7c1a1820
P 0x7f2a7c19bc28
C 59
= 0x7f2a7c19f848
R
P 0x7f2a7c191628
C 342
R
P 0x7f2a7c191628
P 0x7f2a7c19f848
C 257
R
P 0x7f2a7c191628
C 342
R
P 0x7f2a7c191628
P 0x7f2a7c19f848
C 254
= 0x7f2a7c19b1e8
R
P 0x7f2a7c191628
C 342
R
P 0x7f2a7c191628
P 0x7f2a7c19b1e8
C 209
R
P 0x7f2a7c191628
C 342
R
P 0x7f2a7c191628
P 0x7f2a7c19f848
C 260
R
P 0x7f2a7c191628
C 342
R
P 0x7f2a7c191628
P 0x7f2a7c19f848
C 259
R
P 0x7f2a7c191628
C 342
R
P 0x7f2a7c191628
P 0x7f2a7c19f848
C 258
R
P 0x7f2a7c191628
C 342
R
P 0x7f2a7c191628
P 0x7f2a7c19f848
C 9
R
P 0x7f2a7c191628
C 342
R
P 0x7f2a7c191628
U 2
P 0x7f2a7c19f848
P 0x7f2a7c19bb48
p 2
C 65
= 0x7f2a7c1a1858
R
P 0x7f2a7c191628
C 342
R
P 0x7f2a7c191628
P 0x7f2a7c1a1858
C 257
R
P 0x7f2a7c191628
C 342
R
P 0x7f2a7c191628
P 0x7f2a7c1a1858
C 254
= 0x7f2a7c19b1e8
R
P 0x7f2a7c191628
C 342
R
P 0x7f2a7c191628
P 0x7f2a7c19b1e8
C 209
R
P 0x7f2a7c191628
C 342
R
P 0x7f2a7c191628
P 0x7f2a7c1a1858
C 260
R
P 0x7f2a7c191628
C 342
R
P 0x7f2a7c191628
P 0x7f2a7c1a1858
C 259
R
P 0x7f2a7c191628
C 342
R
P 0x7f2a7c191628
P 0x7f2a7c1a1858
C 258
R
P 0x7f2a7c191628
C 342
R
P 0x7f2a7c191628
P 0x7f2a7c1a1858
C 9
R
P 0x7f2a7c191628
C 342
R
P 0x7f2a7c191628
P 0x7f2a7c19bc68
C 333
R
P 0x7f2a7c191628
C 342
R
P 0x7f2a7c191628
S "slotflowPriorityStart"
C 30
R
P 0x7f2a7c191628
C 342
R
P 0x7f2a7c191628
$ |slotflowPriorityStart|
C 202
R
P 0x7f2a7c191628
C 342
R
P 0x7f2a7c191628
$ |slotflowPriorityStart|
P 0x7f2a7c19b1e8
C 51
= 0x7f2a7c19c2a8
R
P 0x7f2a7c191628
C 342
R
P 0x7f2a7c191628
P 0x7f2a7c19c2a8
C 257
R
P 0x7f2a7c191628
C 342
R
P 0x7f2a7c191628
P 0x7f2a7c19c2a8
C 254
= 0x7f2a7c19b1e8
R
P 0x7f2a7c191628
C 342
R
P 0x7f2a7c191628
P 0x7f2a7c19b1e8
C 209
R
P 0x7f2a7c191628
C 342
R
P 0x7f2a7c191628
P 0x7f2a7c19c2a8
C 260
R
P 0x7f2a7c191628
C 342
R
P 0x7f2a7c191628
P 0x7f2a7c19c2a8
C 259
R
P 0x7f2a7c191628
C 342
R
P 0x7f2a7c191628
P 0x7f2a7c19c2a8
C 258
R
P 0x7f2a7c191628
C 342
R
P 0x7f2a7c191628
P 0x7f2a7c19c2a8
C 9
R
P 0x7f2a7c191628
C 342
R
P 0x7f2a7c191628
I 1
P 0x7f2a7c19b208
C 150
= 0x7f2a7c19bc88
R
P 0x7f2a7c191628
C 342
R
P 0x7f2a7c191628
P 0x7f2a7c19bc88
C 258
R
P 0x7f2a7c191628
C 342
R
P 0x7f2a7c191628
P 0x7f2a7c19bc88
C 9
R
P 0x7f2a7c191628
C 342
R
P 0x7f2a7c191628
I 1
P 0x7f2a7c19b208
C 150
= 0x7f2a7c19bc88
R
P 0x7f2a7c191628
C 342
R
P 0x7f2a7c191628
P 0x7f2a7c19bc88
C 258
R
P 0x7f2a7c191628
C 342
R
P 0x7f2a7c191628
P 0x7f2a7c19bc88
C 9
R
P 0x7f2a7c191628
C 342
R
P 0x7f2a7c191628
P 0x7f2a7c19bc88
P 0x7f2a7c19bc88
C 75
= 0x7f2a7c1a1778
R
P 0x7f2a7c191628
C 342
R
P 0x7f2a7c191628
P 0x7f2a7c1a1778
C 258
R
P 0x7f2a7c191628
C 342
R
P 0x7f2a7c191628
P 0x7f2a7c1a1778
C 9
R
P 0x7f2a7c191628
C 342
R
P 0x7f2a7c191628
I 1
P 0x7f2a7c19b208
C 150
= 0x7f2a7c19bc88
R
P 0x7f2a7c191628
C 342
R
P 0x7f2a7c191628
P 0x7f2a7c19bc88
C 258
R
P 0x7f2a7c191628
C 342
R
P 0x7f2a7c191628
P 0x7f2a7c19bc88
C 9
R
P 0x7f2a7c191628
C 342
R
P 0x7f2a7c191628
U 2
P 0x7f2a7c19bc88
P 0x7f2a7c19bc88
p 2
C 67
= 0x7f2a7c1a17b0
R
P 0x7f2a7c191628
C 342
R
P 0x7f2a7c191628
P 0x7f2a7c1a17b0
C 257
R
P 0x7f2a7c191628
C 342
R
P 0x7f2a7c191628
P 0x7f2a7c1a17b0
C 254
= 0x7f2a7c19b208
R
P 0x7f2a7c191628
C 342
R
P 0x7f2a7c191628
P 0x7f2a7c19b208
C 209
R
P 0x7f2a7c191628
C 342
R
P 0x7f2a7c191628
P 0x7f2a7c1a17b0
C 260
R
P 0x7f2a7c191628
C 342
R
P 0x7f2a7c191628
P 0x7f2a7c1a17b0
C 259
R
P 0x7f2a7c191628
C 342
R
P 0x7f2a7c191628
P 0x7f2a7c1a17b0
C 258
R
P 0x7f2a7c191628
C 342
R
P 0x7f2a7c191628
P 0x7f2a7c1a17b0
C 9
R
P 0x7f2a7c191628
C 342
R
P 0x7f2a7c191628
U 2
P 0x7f2a7c19bbe8
P 0x7f2a7c1a17b0
p 2
C 66
= 0x7f2a7c487b70
R
P 0x7f2a7c191628
C 342
R
P 0x7f2a7c191628
P 0x7f2a7c487b70
C 257
R
P 0x7f2a7c191628
C 342
R
P 0x7f2a7c191628
P 0x7f2a7c487b70
C 254
= 0x7f2a7c19b208
R
P 0x7f2a7c191628
C 342
R
P 0x7f2a7c191628
P 0x7f2a7c19b208
C 209
R
P 0x7f2a7c191628
C 342
R
P 0x7f2a7c191628
P 0x7f2a7c487b70
C 260
R
P 0x7f2a7c191628
C 342
R
P 0x7f2a7c191628
P 0x7f2a7c487b70
C 259
R
P 0x7f2a7c191628
C 342
R
P 0x7f2a7c191628
P 0x7f2a7c487b70
C 258
R
P 0x7f2a7c191628
C 342
R
P 0x7f2a7c191628
P 0x7f2a7c487b70
C 9
R
P 0x7f2a7c191628
C 342
R
P 0x7f2a7c191628
U 2
P 0x7f2a7c19bb88
P 0x7f2a7c487b70
p 2
C 65
= 0x7f2a7c487ba8
R
P 0x7f2a7c191628
C 342
R
P 0x7f2a7c191628
P 0x7f2a7c487ba8
C 257
R
P 0x7f2a7c191628
C 342
R
P 0x7f2a7c191628
P 0x7f2a7c487ba8
C 254
= 0x7f2a7c19b1e8
R
P 0x7f2a7c191628
C 342
R
P 0x7f2a7c191628
P 0x7f2a7c19b1e8
C 209
R
P 0x7f2a7c191628
C 342
R
P 0x7f2a7c191628
P 0x7f2a7c487ba8
C 260
R
P 0x7f2a7c191628
C 342
R
P 0x7f2a7c191628
P 0x7f2a7c487ba8
C 259
R
P 0x7f2a7c191628
C 342
R
P 0x7f2a7c191628
P 0x7f2a7c487ba8
C 258
R
P 0x7f2a7c191628
C 342
R
P 0x7f2a7c191628
P 0x7f2a7c487ba8
C 9
R
P 0x7f2a7c191628
C 342
R
P 0x7f2a7c191628
P 0x7f2a7c1a1778
P 0x7f2a7c487ba8
P 0x7f2a7c19bb88
C 59
= 0x7f2a7c19fa48
R
P 0x7f2a7c191628
C 342
R
P 0x7f2a7c191628
P 0x7f2a7c19fa48
C 257
R
P 0x7f2a7c191628
C 342
R
P 0x7f2a7c191628
P 0x7f2a7c19fa48
C 254
= 0x7f2a7c19b1e8
R
P 0x7f2a7c191628
C 342
R
P 0x7f2a7c191628
P 0x7f2a7c19b1e8
C 209
R
P 0x7f2a7c191628
C 342
R
P 0x7f2a7c191628
P 0x7f2a7c19fa48
C 260
R
P 0x7f2a7c191628
C 342
R
P 0x7f2a7c191628
P 0x7f2a7c19fa48
C 259
R
P 0x7f2a7c191628
C 342
R
P 0x7f2a7c191628
P 0x7f2a7c19fa48
C 258
R
P 0x7f2a7c191628
C 342
R
P 0x7f2a7c191628
P 0x7f2a7c19fa48
C 9
R
P 0x7f2a7c191628
C 342
R
P 0x7f2a7c191628
U 2
P 0x7f2a7c19c2a8
P 0x7f2a7c19fa48
p 2
C 65
= 0x7f2a7c487c88
R
P 0x7f2a7c191628
C 342
R
P 0x7f2a7c191628
P 0x7f2a7c487c88
C 257
R
P 0x7f2a7c191628
C 342
R
P 0x7f2a7c191628
P 0x7f2a7c487c88
C 254
= 0x7f2a7c19b1e8
R
P 0x7f2a7c191628
C 342
R
P 0x7f2a7c191628
P 0x7f2a7c19b1e8
C 209
R
P 0x7f2a7c191628
C 342
R
P 0x7f2a7c191628
P 0x7f2a7c487c88
C 260
R
P 0x7f2a7c191628
C 342
R
P 0x7f2a7c191628
P 0x7f2a7c487c88
C 259
R
P 0x7f2a7c191628
C 342
R
P 0x7f2a7c191628
P 0x7f2a7c487c88
C 258
R
P 0x7f2a7c191628
C 342
R
P 0x7f2a7c191628
P 0x7f2a7c487c88
C 9
R
P 0x7f2a7c191628
C 342
R
P 0x7f2a7c191628
P 0x7f2a7c1a1858
P 0x7f2a7c487c88
C 73
= 0x7f2a7c48a050
R
P 0x7f2a7c191628
C 342
R
P 0x7f2a7c191628
P 0x7f2a7c48a050
C 258
R
P 0x7f2a7c191628
C 342
R
P 0x7f2a7c191628
P 0x7f2a7c48a050
C 9
R
P 0x7f2a7c191628
C 342
R
P 0x7f2a7c191628
I 1
P 0x7f2a7c19b208
C 150
= 0x7f2a7c19bc88
R
P 0x7f2a7c191628
C 342
R
P 0x7f2a7c191628
P 0x7f2a7c19bc88
C 258
R
P 0x7f2a7c191628
C 342
R
P 0x7f2a7c191628
P 0x7f2a7c19bc88
C 9
R
P 0x7f2a7c191628
C 342
R
P 0x7f2a7c191628
I 1
P 0x7f2a7c19b208
C 150
= 0x7f2a7c19bc88
R
P 0x7f2a7c191628
C 342
R
P 0x7f2a7c191628
P 0x7f2a7c19bc88
C 258
R
P 0x7f2a7c191628
C 342
R
P 0x7f2a7c191628
P 0x7f2a7c19bc88
C 9
R
P 0x7f2a7c191628
C 342
R
P 0x7f2a7c191628
P 0x7f2a7c19bc88
P 0x7f2a7c19bc88
C 75
= 0x7f2a7c1a1778
R
P 0x7f2a7c191628
C 342
R
P 0x7f2a7c191628
P 0x7f2a7c1a1778
C 258
R
P 0x7f2a7c191628
C 342
R
P 0x7f2a7c191628
P 0x7f2a7c1a1778
C 9
R
P 0x7f2a7c191628
C 342
R
P 0x7f2a7c191628
I 1
P 0x7f2a7c19b208
C 150
= 0x7f2a7c19bc88
R
P 0x7f2a7c191628
C 342
R
P 0x7f2a7c191628
P 0x7f2a7c19bc88
C 258
R
P 0x7f2a7c191628
C 342
R
P 0x7f2a7c191628
P 0x7f2a7c19bc88
C 9
R
P 0x7f2a7c191628
C 342
R
P 0x7f2a7c191628
U 2
P 0x7f2a7c19bc88
P 0x7f2a7c19bc88
p 2
C 67
= 0x7f2a7c1a17b0
R
P 0x7f2a7c191628
C 342
R
P 0x7f2a7c191628
P 0x7f2a7c1a17b0
C 257
R
P 0x7f2a7c191628
C 342
R
P 0x7f2a7c191628
P 0x7f2a7c1a17b0
C 254
= 0x7f2a7c19b208
R
P 0x7f2a7c191628
C 342
R
P 0x7f2a7c191628
P 0x7f2a7c19b208
C 209
R
P 0x7f2a7c191628
C 342
R
P 0x7f2a7c191628
P 0x7f2a7c1a17b0
C 260
R
P 0x7f2a7c191628
C 342
R
P 0x7f2a7c191628
P 0x7f2a7c1a17b0
C 259
R
P 0x7f2a7c191628
C 342
R
P 0x7f2a7c191628
P 0x7f2a7c1a17b0
C 258
R
P 0x7f2a7c191628
C 342
R
P 0x7f2a7c191628
P 0x7f2a7c1a17b0
C 9
R
P 0x7f2a7c191628
C 342
R
P 0x7f2a7c191628
U 2
P 0x7f2a7c19bba8
P 0x7f2a7c1a17b0
p 2
C 66
= 0x7f2a7c1a17e8
R
P 0x7f2a7c191628
C 342
R
P 0x7f2a7c191628
P 0x7f2a7c1a17e8
C 257
R
P 0x7f2a7c191628
C 342
R
P 0x7f2a7c191628
P 0x7f2a7c1a17e8
C 254
= 0x7f2a7c19b1e8
R
P 0x7f2a7c191628
C 342
R
P 0x7f2a7c191628
P 0x7f2a7c19b1e8
C 209
R
P 0x7f2a7c191628
C 342
R
P 0x7f2a7c191628
P 0x7f2a7c1a17e8
C 260
R
P 0x7f2a7c191628
C 342
R
P 0x7f2a7c191628
P 0x7f2a7c1a17e8
C 259
R
P 0x7f2a7c191628
C 342
R
P 0x7f2a7c191628
P 0x7f2a7c1a17e8
C 258
R
P 0x7f2a7c191628
C 342
R
P 0x7f2a7c191628
P 0x7f2a7c1a17e8
C 9
R
P 0x7f2a7c191628
C 342
R
P 0x7f2a7c191628
U 2
P 0x7f2a7c19bc28
P 0x7f2a7c1a17e8
p 2
C 65
= 0x7f2a7c1a1820
R
P 0x7f2a7c191628
C 342
R
P 0x7f2a7c191628
P 0x7f2a7c1a1820
C 257
R
P 0x7f2a7c191628
C 342
R
P 0x7f2a7c191628
P 0x7f2a7c1a1820
C 254
= 0x7f2a7c19b1e8
R
P 0x7f2a7c191628
C 342
R
P 0x7f2a7c191628
P 0x7f2a7c19b1e8
C 209
R
P 0x7f2a7c191628
C 342
R
P 0x7f2a7c191628
P 0x7f2a7c1a1820
C 260
R
P 0x7f2a7c191628
C 342
R
P 0x7f2a7c191628
P 0x7f2a7c1a1820
C 259
R
P 0x7f2a7c191628
C 342
R
P 0x7f2a7c191628
P 0x7f2a7c1a1820
C 258
R
P 0x7f2a7c191628
C 342
R
P 0x7f2a7c191628
P 0x7f2a7c1a1820
C 9
R
P 0x7f2a7c191628
C 342
R
P 0x7f2a7c191628
P 0x7f2a7c1a1778
P 0x7f2a7c1a1820
P 0x7f2a7c19bc28
C 59
= 0x7f2a7c19f848
R
P 0x7f2a7c191628
C 342
R
P 0x7f2a7c191628
P 0x7f2a7c19f848
C 257
R
P 0x7f2a7c191628
C 342
R
P 0x7f2a7c191628
P 0x7f2a7c19f848
C 254
= 0x7f2a7c19b1e8
R
P 0x7f2a7c191628
C 342
R
P 0x7f2a7c191628
P 0x7f2a7c19b1e8
C 209
R
P 0x7f2a7c191628
C 342
R
P 0x7f2a7c191628
P 0x7f2a7c19f848
C 260
R
P 0x7f2a7c191628
C 342
R
P 0x7f2a7c191628
P 0x7f2a7c19f848
C 259
R
P 0x7f2a7c191628
C 342
R
P 0x7f2a7c191628
P 0x7f2a7c19f848
C 258
R
P 0x7f2a7c191628
C 342
R
P 0x7f2a7c191628
P 0x7f2a7c19f848
C 9
R
P 0x7f2a7c191628
C 342
R
P 0x7f2a7c191628
U 2
P 0x7f2a7c19f848
P 0x7f2a7c19bb48
p 2
C 65
= 0x7f2a7c1a1858
R
P 0x7f2a7c191628
C 342
R
P 0x7f2a7c191628
P 0x7f2a7c1a1858
C 257
R
P 0x7f2a7c191628
C 342
R
P 0x7f2a7c191628
P 0x7f2a7c1a1858
C 254
= 0x7f2a7c19b1e8
R
P 0x7f2a7c191628
C 342
R
P 0x7f2a7c191628
P 0x7f2a7c19b1e8
C 209
R
P 0x7f2a7c191628
C 342
R
P 0x7f2a7c191628
P 0x7f2a7c1a1858
C 260
R
P 0x7f2a7c191628
C 342
R
P 0x7f2a7c191628
P 0x7f2a7c1a1858
C 259
R
P 0x7f2a7c191628
C 342
R
P 0x7f2a7c191628
P 0x7f2a7c1a1858
C 258
R
P 0x7f2a7c191628
C 342
R
P 0x7f2a7c191628
P 0x7f2a7c1a1858
C 9
R
P 0x7f2a7c191628
C 342
R
P 0x7f2a7c191628
I 1
P 0x7f2a7c19b208
C 150
= 0x7f2a7c19bc88
R
P 0x7f2a7c191628
C 342
R
P 0x7f2a7c191628
P 0x7f2a7c19bc88
C 258
R
P 0x7f2a7c191628
C 342
R
P 0x7f2a7c191628
P 0x7f2a7c19bc88
C 9
R
P 0x7f2a7c191628
C 342
R
P 0x7f2a7c191628
I 1
P 0x7f2a7c19b208
C 150
= 0x7f2a7c19bc88
R
P 0x7f2a7c191628
C 342
R
P 0x7f2a7c191628
P 0x7f2a7c19bc88
C 258
R
P 0x7f2a7c191628
C 342
R
P 0x7f2a7c191628
P 0x7f2a7c19bc88
C 9
R
P 0x7f2a7c191628
C 342
R
P 0x7f2a7c191628
P 0x7f2a7c19bc88
P 0x7f2a7c19bc88
C 75
= 0x7f2a7c1a1778
R
P 0x7f2a7c191628
C 342
R
P 0x7f2a7c191628
P 0x7f2a7c1a1778
C 258
R
P 0x7f2a7c191628
C 342
R
P 0x7f2a7c191628
P 0x7f2a7c1a1778
C 9
R
P 0x7f2a7c191628
C 342
R
P 0x7f2a7c191628
I 1
P 0x7f2a7c19b208
C 150
= 0x7f2a7c19bc88
R
P 0x7f2a7c191628
C 342
R
P 0x7f2a7c191628
P 0x7f2a7c19bc88
C 258
R
P 0x7f2a7c191628
C 342
R
P 0x7f2a7c191628
P 0x7f2a7c19bc88
C 9
R
P 0x7f2a7c191628
C 342
R
P 0x7f2a7c191628
U 2
P 0x7f2a7c19bc88
P 0x7f2a7c19bc88
p 2
C 67
= 0x7f2a7c1a17b0
R
P 0x7f2a7c191628
C 342
R
P 0x7f2a7c191628
P 0x7f2a7c1a17b0
C 257
R
P 0x7f2a7c191628
C 342
R
P 0x7f2a7c191628
P 0x7f2a7c1a17b0
C 254
= 0x7f2a7c19b208
R
P 0x7f2a7c191628
C 342
R
P 0x7f2a7c191628
P 0x7f2a7c19b208
C 209
R
P 0x7f2a7c191628
C 342
R
P 0x7f2a7c191628
P 0x7f2a7c1a17b0
C 260
R
P 0x7f2a7c191628
C 342
R
P 0x7f2a7c191628
P 0x7f2a7c1a17b0
C 259
R
P 0x7f2a7c191628
C 342
R
P 0x7f2a7c191628
P 0x7f2a7c1a17b0
C 258
R
P 0x7f2a7c191628
C 342
R
P 0x7f2a7c191628
P 0x7f2a7c1a17b0
C 9
R
P 0x7f2a7c191628
C 342
R
P 0x7f2a7c191628
U 2
P 0x7f2a7c19bbe8
P 0x7f2a7c1a17b0
p 2
C 66
= 0x7f2a7c487b70
R
P 0x7f2a7c191628
C 342
R
P 0x7f2a7c191628
P 0x7f2a7c487b70
C 257
R
P 0x7f2a7c191628
C 342
R
P 0x7f2a7c191628
P 0x7f2a7c487b70
C 254
= 0x7f2a7c19b208
R
P 0x7f2a7c191628
C 342
R
P 0x7f2a7c191628
P 0x7f2a7c19b208
C 209
R
P 0x7f2a7c191628
C 342
R
P 0x7f2a7c191628
P 0x7f2a7c487b70
C 260
R
P 0x7f2a7c191628
C 342
R
P 0x7f2a7c191628
P 0x7f2a7c487b70
C 259
R
P 0x7f2a7c191628
C 342
R
P 0x7f2a7c191628
P 0x7f2a7c487b70
C 258
R
P 0x7f2a7c191628
C 342
R
P 0x7f2a7c191628
P 0x7f2a7c487b70
C 9
R
P 0x7f2a7c191628
C 342
R
P 0x7f2a7c191628
U 2
P 0x7f2a7c19bb88
P 0x7f2a7c487b70
p 2
C 65
= 0x7f2a7c487ba8
R
P 0x7f2a7c191628
C 342
R
P 0x7f2a7c191628
P 0x7f2a7c487ba8
C 257
R
P 0x7f2a7c191628
C 342
R
P 0x7f2a7c191628
P 0x7f2a7c487ba8
C 254
= 0x7f2a7c19b1e8
R
P 0x7f2a7c191628
C 342
R
P 0x7f2a7c191628
P 0x7f2a7c19b1e8
C 209
R
P 0x7f2a7c191628
C 342
R
P 0x7f2a7c191628
P 0x7f2a7c487ba8
C 260
R
P 0x7f2a7c191628
C 342
R
P 0x7f2a7c191628
P 0x7f2a7c487ba8
C 259
R
P 0x7f2a7c191628
C 342
R
P 0x7f2a7c191628
P 0x7f2a7c487ba8
C 258
R
P 0x7f2a7c191628
C 342
R
P 0x7f2a7c191628
P 0x7f2a7c487ba8
C 9
R
P 0x7f2a7c191628
C 342
R
P 0x7f2a7c191628
P 0x7f2a7c1a1778
P 0x7f2a7c487ba8
P 0x7f2a7c19bb88
C 59
= 0x7f2a7c19fa48
R
P 0x7f2a7c191628
C 342
R
P 0x7f2a7c191628
P 0x7f2a7c19fa48
C 257
R
P 0x7f2a7c191628
C 342
R
P 0x7f2a7c191628
P 0x7f2a7c19fa48
C 254
= 0x7f2a7c19b1e8
R
P 0x7f2a7c191628
C 342
R
P 0x7f2a7c191628
P 0x7f2a7c19b1e8
C 209
R
P 0x7f2a7c191628
C 342
R
P 0x7f2a7c191628
P 0x7f2a7c19fa48
C 260
R
P 0x7f2a7c191628
C 342
R
P 0x7f2a7c191628
P 0x7f2a7c19fa48
C 259
R
P 0x7f2a7c191628
C 342
R
P 0x7f2a7c191628
P 0x7f2a7c19fa48
C 258
R
P 0x7f2a7c191628
C 342
R
P 0x7f2a7c191628
P 0x7f2a7c19fa48
C 9
R
P 0x7f2a7c191628
C 342
R
P 0x7f2a7c191628
P 0x7f2a7c1a1858
P 0x7f2a7c19fa48
C 76
= 0x7f2a7c48a088
R
P 0x7f2a7c191628
C 342
R
P 0x7f2a7c191628
P 0x7f2a7c48a088
C 258
R
P 0x7f2a7c191628
C 342
R
P 0x7f2a7c191628
P 0x7f2a7c48a088
C 9
R
P 0x7f2a7c191628
C 342
R
P 0x7f2a7c191628
U 2
P 0x7f2a7c48a050
P 0x7f2a7c48a088
p 2
C 63
= 0x7f2a7c48a0c0
R
P 0x7f2a7c191628
C 342
R
P 0x7f2a7c191628
P 0x7f2a7c48a0c0
C 258
R
P 0x7f2a7c191628
C 342
R
P 0x7f2a7c191628
P 0x7f2a7c48a0c0
C 9
R
P 0x7f2a7c191628
C 342
R
P 0x7f2a7c191628
I 1
P 0x7f2a7c19b208
C 150
= 0x7f2a7c19bc88
R
P 0x7f2a7c191628
C 342
R
P 0x7f2a7c191628
P 0x7f2a7c19bc88
C 258
R
P 0x7f2a7c191628
C 342
R
P 0x7f2a7c191628
P 0x7f2a7c19bc88
C 9
R
P 0x7f2a7c191628
C 342
R
P 0x7f2a7c191628
P 0x7f2a7c19bc88
C 263
R
P 0x7f2a7c191628
C 342
R
P 0x7f2a7c191628
S "dev0T31"
C 30
R
P 0x7f2a7c191628
C 342
R
P 0x7f2a7c191628
$ |dev0T31|
C 202
R
P 0x7f2a7c191628
C 342
R
P 0x7f2a7c191628
$ |dev0T31|
P 0x7f2a7c19b1e8
C 51
= 0x7f2a7c19bca8
R
P 0x7f2a7c191628
C 342
R
P 0x7f2a7c191628
P 0x7f2a7c19bca8
C 257
R
P 0x7f2a7c191628
C 342
R
P 0x7f2a7c191628
P 0x7f2a7c19bca8
C 254
= 0x7f2a7c19b1e8
R
P 0x7f2a7c191628
C 342
R
P 0x7f2a7c191628
P 0x7f2a7c19b1e8
C 209
R
P 0x7f2a7c191628
C 342
R
P 0x7f2a7c191628
P 0x7f2a7c19bca8
C 260
R
P 0x7f2a7c191628
C 342
R
P 0x7f2a7c191628
P 0x7f2a7c19bca8
C 259
R
P 0x7f2a7c191628
C 342
R
P 0x7f2a7c191628
P 0x7f2a7c19bca8
C 258
R
P 0x7f2a7c191628
C 342
R
P 0x7f2a7c191628
P 0x7f2a7c19bca8
C 9
R
P 0x7f2a7c191628
C 342
R
P 0x7f2a7c191628
P 0x7f2a7c19bc68
C 333
R
P 0x7f2a7c191628
C 342
R
P 0x7f2a7c191628
S "slotflowPriorityStart"
C 30
R
P 0x7f2a7c191628
C 342
R
P 0x7f2a7c191628
$ |slotflowPriorityStart|
C 202
R
P 0x7f2a7c191628
C 342
R
P 0x7f2a7c191628
$ |slotflowPriorityStart|
P 0x7f2a7c19b1e8
C 51
= 0x7f2a7c19c2a8
R
P 0x7f2a7c191628
C 342
R
P 0x7f2a7c191628
P 0x7f2a7c19c2a8
C 257
R
P 0x7f2a7c191628
C 342
R
P 0x7f2a7c191628
P 0x7f2a7c19c2a8
C 254
= 0x7f2a7c19b1e8
R
P 0x7f2a7c191628
C 342
R
P 0x7f2a7c191628
P 0x7f2a7c19b1e8
C 209
R
P 0x7f2a7c191628
C 342
R
P 0x7f2a7c191628
P 0x7f2a7c19c2a8
C 260
R
P 0x7f2a7c191628
C 342
R
P 0x7f2a7c191628
P 0x7f2a7c19c2a8
C 259
R
P 0x7f2a7c191628
C 342
R
P 0x7f2a7c191628
P 0x7f2a7c19c2a8
C 258
R
P 0x7f2a7c191628
C 342
R
P 0x7f2a7c191628
P 0x7f2a7c19c2a8
C 9
R
P 0x7f2a7c191628
C 342
R
P 0x7f2a7c191628
I 1
P 0x7f2a7c19b208
C 150
= 0x7f2a7c19bc88
R
P 0x7f2a7c191628
C 342
R
P 0x7f2a7c191628
P 0x7f2a7c19bc88
C 258
R
P 0x7f2a7c191628
C 342
R
P 0x7f2a7c191628
P 0x7f2a7c19bc88
C 9
R
P 0x7f2a7c191628
C 342
R
P 0x7f2a7c191628
I 1
P 0x7f2a7c19b208
C 150
= 0x7f2a7c19bc88
R
P 0x7f2a7c191628
C 342
R
P 0x7f2a7c191628
P 0x7f2a7c19bc88
C 258
R
P 0x7f2a7c191628
C 342
R
P 0x7f2a7c191628
P 0x7f2a7c19bc88
C 9
R
P 0x7f2a7c191628
C 342
R
P 0x7f2a7c191628
P 0x7f2a7c19bc88
P 0x7f2a7c19bc88
C 75
= 0x7f2a7c1a1778
R
P 0x7f2a7c191628
C 342
R
P 0x7f2a7c191628
P 0x7f2a7c1a1778
C 258
R
P 0x7f2a7c191628
C 342
R
P 0x7f2a7c191628
P 0x7f2a7c1a1778
C 9
R
P 0x7f2a7c191628
C 342
R
P 0x7f2a7c191628
I 1
P 0x7f2a7c19b208
C 150
= 0x7f2a7c19bc88
R
P 0x7f2a7c191628
C 342
R
P 0x7f2a7c191628
P 0x7f2a7c19bc88
C 258
R
P 0x7f2a7c191628
C 342
R
P 0x7f2a7c191628
P 0x7f2a7c19bc88
C 9
R
P 0x7f2a7c191628
C 342
R
P 0x7f2a7c191628
U 2
P 0x7f2a7c19bc88
P 0x7f2a7c19bc88
p 2
C 67
= 0x7f2a7c1a17b0
R
P 0x7f2a7c191628
C 342
R
P 0x7f2a7c191628
P 0x7f2a7c1a17b0
C 257
R
P 0x7f2a7c191628
C 342
R
P 0x7f2a7c191628
P 0x7f2a7c1a17b0
C 254
= 0x7f2a7c19b208
R
P 0x7f2a7c191628
C 342
R
P 0x7f2a7c191628
P 0x7f2a7c19b208
C 209
R
P 0x7f2a7c191628
C 342
R
P 0x7f2a7c191628
P 0x7f2a7c1a17b0
C 260
R
P 0x7f2a7c191628
C 342
R
P 0x7f2a7c191628
P 0x7f2a7c1a17b0
C 259
R
P 0x7f2a7c191628
C 342
R
P 0x7f2a7c191628
P 0x7f2a7c1a17b0
C 258
R
P 0x7f2a7c191628
C 342
R
P 0x7f2a7c191628
P 0x7f2a7c1a17b0
C 9
R
P 0x7f2a7c191628
C 342
R
P 0x7f2a7c191628
U 2
P 0x7f2a7c19bbe8
P 0x7f2a7c1a17b0
p 2
C 66
= 0x7f2a7c487b70
R
P 0x7f2a7c191628
C 342
R
P 0x7f2a7c191628
P 0x7f2a7c487b70
C 257
R
P 0x7f2a7c191628
C 342
R
P 0x7f2a7c191628
P 0x7f2a7c487b70
C 254
= 0x7f2a7c19b208
R
P 0x7f2a7c191628
C 342
R
P 0x7f2a7c191628
P 0x7f2a7c19b208
C 209
R
P 0x7f2a7c191628
C 342
R
P 0x7f2a7c191628
P 0x7f2a7c487b70
C 260
R
P 0x7f2a7c191628
C 342
R
P 0x7f2a7c191628
P 0x7f2a7c487b70
C 259
R
P 0x7f2a7c191628
C 342
R
P 0x7f2a7c191628
P 0x7f2a7c487b70
C 258
R
P 0x7f2a7c191628
C 342
R
P 0x7f2a7c191628
P 0x7f2a7c487b70
C 9
R
P 0x7f2a7c191628
C 342
R
P 0x7f2a7c191628
U 2
P 0x7f2a7c19bb88
P 0x7f2a7c487b70
p 2
C 65
= 0x7f2a7c487ba8
R
P 0x7f2a7c191628
C 342
R
P 0x7f2a7c191628
P 0x7f2a7c487ba8
C 257
R
P 0x7f2a7c191628
C 342
R
P 0x7f2a7c191628
P 0x7f2a7c487ba8
C 254
= 0x7f2a7c19b1e8
R
P 0x7f2a7c191628
C 342
R
P 0x7f2a7c191628
P 0x7f2a7c19b1e8
C 209
R
P 0x7f2a7c191628
C 342
R
P 0x7f2a7c191628
P 0x7f2a7c487ba8
C 260
R
P 0x7f2a7c191628
C 342
R
P 0x7f2a7c191628
P 0x7f2a7c487ba8
C 259
R
P 0x7f2a7c191628
C 342
R
P 0x7f2a7c191628
P 0x7f2a7c487ba8
C 258
R
P 0x7f2a7c191628
C 342
R
P 0x7f2a7c191628
P 0x7f2a7c487ba8
C 9
R
P 0x7f2a7c191628
C 342
R
P 0x7f2a7c191628
P 0x7f2a7c1a1778
P 0x7f2a7c487ba8
P 0x7f2a7c19bb88
C 59
= 0x7f2a7c19fa48
R
P 0x7f2a7c191628
C 342
R
P 0x7f2a7c191628
P 0x7f2a7c19fa48
C 257
R
P 0x7f2a7c191628
C 342
R
P 0x7f2a7c191628
P 0x7f2a7c19fa48
C 254
= 0x7f2a7c19b1e8
R
P 0x7f2a7c191628
C 342
R
P 0x7f2a7c191628
P 0x7f2a7c19b1e8
C 209
R
P 0x7f2a7c191628
C 342
R
P 0x7f2a7c191628
P 0x7f2a7c19fa48
C 260
R
P 0x7f2a7c191628
C 342
R
P 0x7f2a7c191628
P 0x7f2a7c19fa48
C 259
R
P 0x7f2a7c191628
C 342
R
P 0x7f2a7c191628
P 0x7f2a7c19fa48
C 258
R
P 0x7f2a7c191628
C 342
R
P 0x7f2a7c191628
P 0x7f2a7c19fa48
C 9
R
P 0x7f2a7c191628
C 342
R
P 0x7f2a7c191628
U 2
P 0x7f2a7c19c2a8
P 0x7f2a7c19fa48
p 2
C 65
= 0x7f2a7c487c88
R
P 0x7f2a7c191628
C 342
R
P 0x7f2a7c191628
P 0x7f2a7c487c88
C 257
R
P 0x7f2a7c191628
C 342
R
P 0x7f2a7c191628
P 0x7f2a7c487c88
C 254
= 0x7f2a7c19b1e8
R
P 0x7f2a7c191628
C 342
R
P 0x7f2a7c191628
P 0x7f2a7c19b1e8
C 209
R
P 0x7f2a7c191628
C 342
R
P 0x7f2a7c191628
P 0x7f2a7c487c88
C 260
R
P 0x7f2a7c191628
C 342
R
P 0x7f2a7c191628
P 0x7f2a7c487c88
C 259
R
P 0x7f2a7c191628
C 342
R
P 0x7f2a7c191628
P 0x7f2a7c487c88
C 258
R
P 0x7f2a7c191628
C 342
R
P 0x7f2a7c191628
P 0x7f2a7c487c88
C 9
R
P 0x7f2a7c191628
C 342
R
P 0x7f2a7c191628
U 2
P 0x7f2a7c487c88
P 0x7f2a7c19bb68
p 2
C 65
= 0x7f2a7c489870
R
P 0x7f2a7c191628
C 342
R
P 0x7f2a7c191628
P 0x7f2a7c489870
C 257
R
P 0x7f2a7c191628
C 342
R
P 0x7f2a7c191628
P 0x7f2a7c489870
C 254
= 0x7f2a7c19b1e8
R
P 0x7f2a7c191628
C 342
R
P 0x7f2a7c191628
P 0x7f2a7c19b1e8
C 209
R
P 0x7f2a7c191628
C 342
R
P 0x7f2a7c191628
P 0x7f2a7c489870
C 260
R
P 0x7f2a7c191628
C 342
R
P 0x7f2a7c191628
P 0x7f2a7c489870
C 259
R
P 0x7f2a7c191628
C 342
R
P 0x7f2a7c191628
P 0x7f2a7c489870
C 258
R
P 0x7f2a7c191628
C 342
R
P 0x7f2a7c191628
P 0x7f2a7c489870
C 9
R
P 0x7f2a7c191628
C 342
R
P 0x7f2a7c191628
P 0x7f2a7c19bca8
P 0x7f2a7c489870
C 76
= 0x7f2a7c48a0f8
R
P 0x7f2a7c191628
C 342
R
P 0x7f2a7c191628
P 0x7f2a7c48a0f8
C 258
R
P 0x7f2a7c191628
C 342
R
P 0x7f2a7c191628
P 0x7f2a7c48a0f8
C 9
R
P 0x7f2a7c191628
C 342
R
P 0x7f2a7c191628
I 1
P 0x7f2a7c19b208
C 150
= 0x7f2a7c19bc88
R
P 0x7f2a7c191628
C 342
R
P 0x7f2a7c191628
P 0x7f2a7c19bc88
C 258
R
P 0x7f2a7c191628
C 342
R
P 0x7f2a7c191628
P 0x7f2a7c19bc88
C 9
R
P 0x7f2a7c191628
C 342
R
P 0x7f2a7c191628
P 0x7f2a7c19bc88
C 263
R
P 0x7f2a7c191628
C 342
R
P 0x7f2a7c191628
S "dev0T31"
C 30
R
P 0x7f2a7c191628
C 342
R
P 0x7f2a7c191628
$ |dev0T31|
C 202
R
P 0x7f2a7c191628
C 342
R
P 0x7f2a7c191628
$ |dev0T31|
P 0x7f2a7c19b1e8
C 51
= 0x7f2a7c19bca8
R
P 0x7f2a7c191628
C 342
R
P 0x7f2a7c191628
P 0x7f2a7c19bca8
C 257
R
P 0x7f2a7c191628
C 342
R
P 0x7f2a7c191628
P 0x7f2a7c19bca8
C 254
= 0x7f2a7c19b1e8
R
P 0x7f2a7c191628
C 342
R
P 0x7f2a7c191628
P 0x7f2a7c19b1e8
C 209
R
P 0x7f2a7c191628
C 342
R
P 0x7f2a7c191628
P 0x7f2a7c19bca8
C 260
R
P 0x7f2a7c191628
C 342
R
P 0x7f2a7c191628
P 0x7f2a7c19bca8
C 259
R
P 0x7f2a7c191628
C 342
R
P 0x7f2a7c191628
P 0x7f2a7c19bca8
C 258
R
P 0x7f2a7c191628
C 342
R
P 0x7f2a7c191628
P 0x7f2a7c19bca8
C 9
R
P 0x7f2a7c191628
C 342
R
P 0x7f2a7c191628
P 0x7f2a7c19bc68
C 333
R
P 0x7f2a7c191628
C 342
R
P 0x7f2a7c191628
S "slotflowPriorityStart"
C 30
R
P 0x7f2a7c191628
C 342
R
P 0x7f2a7c191628
$ |slotflowPriorityStart|
C 202
R
P 0x7f2a7c191628
C 342
R
P 0x7f2a7c191628
$ |slotflowPriorityStart|
P 0x7f2a7c19b1e8
C 51
= 0x7f2a7c19c2a8
R
P 0x7f2a7c191628
C 342
R
P 0x7f2a7c191628
P 0x7f2a7c19c2a8
C 257
R
P 0x7f2a7c191628
C 342
R
P 0x7f2a7c191628
P 0x7f2a7c19c2a8
C 254
= 0x7f2a7c19b1e8
R
P 0x7f2a7c191628
C 342
R
P 0x7f2a7c191628
P 0x7f2a7c19b1e8
C 209
R
P 0x7f2a7c191628
C 342
R
P 0x7f2a7c191628
P 0x7f2a7c19c2a8
C 260
R
P 0x7f2a7c191628
C 342
R
P 0x7f2a7c191628
P 0x7f2a7c19c2a8
C 259
R
P 0x7f2a7c191628
C 342
R
P 0x7f2a7c191628
P 0x7f2a7c19c2a8
C 258
R
P 0x7f2a7c191628
C 342
R
P 0x7f2a7c191628
P 0x7f2a7c19c2a8
C 9
R
P 0x7f2a7c191628
C 342
R
P 0x7f2a7c191628
P 0x7f2a7c19bc68
C 333
R
P 0x7f2a7c191628
C 342
R
P 0x7f2a7c191628
S "slotflowPriorityDuration"
C 30
R
P 0x7f2a7c191628
C 342
R
P 0x7f2a7c191628
$ |slotflowPriorityDuration|
C 202
R
P 0x7f2a7c191628
C 342
R
P 0x7f2a7c191628
$ |slotflowPriorityDuration|
P 0x7f2a7c19b1e8
C 51
= 0x7f2a7c19c268
R
P 0x7f2a7c191628
C 342
R
P 0x7f2a7c191628
P 0x7f2a7c19c268
C 257
R
P 0x7f2a7c191628
C 342
R
P 0x7f2a7c191628
P 0x7f2a7c19c268
C 254
= 0x7f2a7c19b1e8
R
P 0x7f2a7c191628
C 342
R
P 0x7f2a7c191628
P 0x7f2a7c19b1e8
C 209
R
P 0x7f2a7c191628
C 342
R
P 0x7f2a7c191628
P 0x7f2a7c19c268
C 260
R
P 0x7f2a7c191628
C 342
R
P 0x7f2a7c191628
P 0x7f2a7c19c268
C 259
R
P 0x7f2a7c191628
C 342
R
P 0x7f2a7c191628
P 0x7f2a7c19c268
C 258
R
P 0x7f2a7c191628
C 342
R
P 0x7f2a7c191628
P 0x7f2a7c19c268
C 9
R
P 0x7f2a7c191628
C 342
R
P 0x7f2a7c191628
U 2
P 0x7f2a7c19c2a8
P 0x7f2a7c19c268
p 2
C 65
= 0x7f2a7c487908
R
P 0x7f2a7c191628
C 342
R
P 0x7f2a7c191628
P 0x7f2a7c487908
C 257
R
P 0x7f2a7c191628
C 342
R
P 0x7f2a7c191628
P 0x7f2a7c487908
C 254
= 0x7f2a7c19b1e8
R
P 0x7f2a7c191628
C 342
R
P 0x7f2a7c191628
P 0x7f2a7c19b1e8
C 209
R
P 0x7f2a7c191628
C 342
R
P 0x7f2a7c191628
P 0x7f2a7c487908
C 260
R
P 0x7f2a7c191628
C 342
R
P 0x7f2a7c191628
P 0x7f2a7c487908
C 259
R
P 0x7f2a7c191628
C 342
R
P 0x7f2a7c191628
P 0x7f2a7c487908
C 258
R
P 0x7f2a7c191628
C 342
R
P 0x7f2a7c191628
P 0x7f2a7c487908
C 9
R
P 0x7f2a7c191628
C 342
R
P 0x7f2a7c191628
I 1
P 0x7f2a7c19b208
C 150
= 0x7f2a7c19bc88
R
P 0x7f2a7c191628
C 342
R
P 0x7f2a7c191628
P 0x7f2a7c19bc88
C 258
R
P 0x7f2a7c191628
C 342
R
P 0x7f2a7c191628
P 0x7f2a7c19bc88
C 9
R
P 0x7f2a7c191628
C 342
R
P 0x7f2a7c191628
I 1
P 0x7f2a7c19b208
C 150
= 0x7f2a7c19bc88
R
P 0x7f2a7c191628
C 342
R
P 0x7f2a7c191628
P 0x7f2a7c19bc88
C 258
R
P 0x7f2a7c191628
C 342
R
P 0x7f2a7c191628
P 0x7f2a7c19bc88
C 9
R
P 0x7f2a7c191628
C 342
R
P 0x7f2a7c191628
P 0x7f2a7c19bc88
P 0x7f2a7c19bc88
C 75
= 0x7f2a7c1a1778
R
P 0x7f2a7c191628
C 342
R
P 0x7f2a7c191628
P 0x7f2a7c1a1778
C 258
R
P 0x7f2a7c191628
C 342
R
P 0x7f2a7c191628
P 0x7f2a7c1a1778
C 9
R
P 0x7f2a7c191628
C 342
R
P 0x7f2a7c191628
I 1
P 0x7f2a7c19b208
C 150
= 0x7f2a7c19bc88
R
P 0x7f2a7c191628
C 342
R
P 0x7f2a7c191628
P 0x7f2a7c19bc88
C 258
R
P 0x7f2a7c191628
C 342
R
P 0x7f2a7c191628
P 0x7f2a7c19bc88
C 9
R
P 0x7f2a7c191628
C 342
R
P 0x7f2a7c191628
U 2
P 0x7f2a7c19bc88
P 0x7f2a7c19bc88
p 2
C 67
= 0x7f2a7c1a17b0
R
P 0x7f2a7c191628
C 342
R
P 0x7f2a7c191628
P 0x7f2a7c1a17b0
C 257
R
P 0x7f2a7c191628
C 342
R
P 0x7f2a7c191628
P 0x7f2a7c1a17b0
C 254
= 0x7f2a7c19b208
R
P 0x7f2a7c191628
C 342
R
P 0x7f2a7c191628
P 0x7f2a7c19b208
C 209
R
P 0x7f2a7c191628
C 342
R
P 0x7f2a7c191628
P 0x7f2a7c1a17b0
C 260
R
P 0x7f2a7c191628
C 342
R
P 0x7f2a7c191628
P 0x7f2a7c1a17b0
C 259
R
P 0x7f2a7c191628
C 342
R
P 0x7f2a7c191628
P 0x7f2a7c1a17b0
C 258
R
P 0x7f2a7c191628
C 342
R
P 0x7f2a7c191628
P 0x7f2a7c1a17b0
C 9
R
P 0x7f2a7c191628
C 342
R
P 0x7f2a7c191628
U 2
P 0x7f2a7c19bbe8
P 0x7f2a7c1a17b0
p 2
C 66
= 0x7f2a7c487b70
R
P 0x7f2a7c191628
C 342
R
P 0x7f2a7c191628
P 0x7f2a7c487b70
C 257
R
P 0x7f2a7c191628
C 342
R
P 0x7f2a7c191628
P 0x7f2a7c487b70
C 254
= 0x7f2a7c19b208
R
P 0x7f2a7c191628
C 342
R
P 0x7f2a7c191628
P 0x7f2a7c19b208
C 209
R
P 0x7f2a7c191628
C 342
R
P 0x7f2a7c191628
P 0x7f2a7c487b70
C 260
R
P 0x7f2a7c191628
C 342
R
P 0x7f2a7c191628
P 0x7f2a7c487b70
C 259
R
P 0x7f2a7c191628
C 342
R
P 0x7f2a7c191628
P 0x7f2a7c487b70
C 258
R
P 0x7f2a7c191628
C 342
R
P 0x7f2a7c191628
P 0x7f2a7c487b70
C 9
R
P 0x7f2a7c191628
C 342
R
P 0x7f2a7c191628
U 2
P 0x7f2a7c19bb88
P 0x7f2a7c487b70
p 2
C 65
= 0x7f2a7c487ba8
R
P 0x7f2a7c191628
C 342
R
P 0x7f2a7c191628
P 0x7f2a7c487ba8
C 257
R
P 0x7f2a7c191628
C 342
R
P 0x7f2a7c191628
P 0x7f2a7c487ba8
C 254
= 0x7f2a7c19b1e8
R
P 0x7f2a7c191628
C 342
R
P 0x7f2a7c191628
P 0x7f2a7c19b1e8
C 209
R
P 0x7f2a7c191628
C 342
R
P 0x7f2a7c191628
P 0x7f2a7c487ba8
C 260
R
P 0x7f2a7c191628
C 342
R
P 0x7f2a7c191628
P 0x7f2a7c487ba8
C 259
R
P 0x7f2a7c191628
C 342
R
P 0x7f2a7c191628
P 0x7f2a7c487ba8
C 258
R
P 0x7f2a7c191628
C 342
R
P 0x7f2a7c191628
P 0x7f2a7c487ba8
C 9
R
P 0x7f2a7c191628
C 342
R
P 0x7f2a7c191628
P 0x7f2a7c1a1778
P 0x7f2a7c487ba8
P 0x7f2a7c19bb88
C 59
= 0x7f2a7c19fa48
R
P 0x7f2a7c191628
C 342
R
P 0x7f2a7c191628
P 0x7f2a7c19fa48
C 257
R
P 0x7f2a7c191628
C 342
R
P 0x7f2a7c191628
P 0x7f2a7c19fa48
C 254
= 0x7f2a7c19b1e8
R
P 0x7f2a7c191628
C 342
R
P 0x7f2a7c191628
P 0x7f2a7c19b1e8
C 209
R
P 0x7f2a7c191628
C 342
R
P 0x7f2a7c191628
P 0x7f2a7c19fa48
C 260
R
P 0x7f2a7c191628
C 342
R
P 0x7f2a7c191628
P 0x7f2a7c19fa48
C 259
R
P 0x7f2a7c191628
C 342
R
P 0x7f2a7c191628
P 0x7f2a7c19fa48
C 258
R
P 0x7f2a7c191628
C 342
R
P 0x7f2a7c191628
P 0x7f2a7c19fa48
C 9
R
P 0x7f2a7c191628
C 342
R
P 0x7f2a7c191628
U 2
P 0x7f2a7c487908
P 0x7f2a7c19fa48
p 2
C 65
= 0x7f2a7c487be0
R
P 0x7f2a7c191628
C 342
R
P 0x7f2a7c191628
P 0x7f2a7c487be0
C 257
R
P 0x7f2a7c191628
C 342
R
P 0x7f2a7c191628
P 0x7f2a7c487be0
C 254
= 0x7f2a7c19b1e8
R
P 0x7f2a7c191628
C 342
R
P 0x7f2a7c191628
P 0x7f2a7c19b1e8
C 209
R
P 0x7f2a7c191628
C 342
R
P 0x7f2a7c191628
P 0x7f2a7c487be0
C 260
R
P 0x7f2a7c191628
C 342
R
P 0x7f2a7c191628
P 0x7f2a7c487be0
C 259
R
P 0x7f2a7c191628
C 342
R
P 0x7f2a7c191628
P 0x7f2a7c487be0
C 258
R
P 0x7f2a7c191628
C 342
R
P 0x7f2a7c191628
P 0x7f2a7c487be0
C 9
R
P 0x7f2a7c191628
C 342
R
P 0x7f2a7c191628
P 0x7f2a7c19bca8
P 0x7f2a7c487be0
C 74
= 0x7f2a7c48a130
R
P 0x7f2a7c191628
C 342
R
P 0x7f2a7c191628
P 0x7f2a7c48a130
C 258
R
P 0x7f2a7c191628
C 342
R
P 0x7f2a7c191628
P 0x7f2a7c48a130
C 9
R
P 0x7f2a7c191628
C 342
R
P 0x7f2a7c191628
U 2
P 0x7f2a7c48a0f8
P 0x7f2a7c48a130
p 2
C 63
= 0x7f2a7c48a168
R
P 0x7f2a7c191628
C 342
R
P 0x7f2a7c191628
P 0x7f2a7c48a168
C 258
R
P 0x7f2a7c191628
C 342
R
P 0x7f2a7c191628
P 0x7f2a7c48a168
C 9
R
P 0x7f2a7c191628
C 342
R
P 0x7f2a7c191628
P 0x7f2a7c48a0c0
P 0x7f2a7c48a168
C 61
= 0x7f2a7c48a1a0
R
P 0x7f2a7c191628
C 342
R
P 0x7f2a7c191628
P 0x7f2a7c48a1a0
C 258
R
P 0x7f2a7c191628
C 342
R
P 0x7f2a7c191628
P 0x7f2a7c48a1a0
C 9
R
P 0x7f2a7c191628
C 342
R
P 0x7f2a7c191628
P 0x7f2a7c1e1fc8
P 0x7f2a7c48a1a0
C 427
R
P 0x7f2a7c191628
C 342
R
P 0x7f2a7c191628
I 1
P 0x7f2a7c19b208
C 150
= 0x7f2a7c19bc88
R
P 0x7f2a7c191628
C 342
R
P 0x7f2a7c191628
P 0x7f2a7c19bc88
C 258
R
P 0x7f2a7c191628
C 342
R
P 0x7f2a7c191628
P 0x7f2a7c19bc88
C 9
R
P 0x7f2a7c191628
C 342
R
P 0x7f2a7c191628
I 1
P 0x7f2a7c19b208
C 150
= 0x7f2a7c19bc88
R
P 0x7f2a7c191628
C 342
R
P 0x7f2a7c191628
P 0x7f2a7c19bc88
C 258
R
P 0x7f2a7c191628
C 342
R
P 0x7f2a7c191628
P 0x7f2a7c19bc88
C 9
R
P 0x7f2a7c191628
C 342
R
P 0x7f2a7c191628
P 0x7f2a7c19bc88
P 0x7f2a7c19bc88
C 75
= 0x7f2a7c1a1778
R
P 0x7f2a7c191628
C 342
R
P 0x7f2a7c191628
P 0x7f2a7c1a1778
C 258
R
P 0x7f2a7c191628
C 342
R
P 0x7f2a7c191628
P 0x7f2a7c1a1778
C 9
R
P 0x7f2a7c191628
C 342
R
P 0x7f2a7c191628
I 1
P 0x7f2a7c19b208
C 150
= 0x7f2a7c19bc88
R
P 0x7f2a7c191628
C 342
R
P 0x7f2a7c191628
P 0x7f2a7c19bc88
C 258
R
P 0x7f2a7c191628
C 342
R
P 0x7f2a7c191628
P 0x7f2a7c19bc88
C 9
R
P 0x7f2a7c191628
C 342
R
P 0x7f2a7c191628
U 2
P 0x7f2a7c19bc88
P 0x7f2a7c19bc88
p 2
C 67
= 0x7f2a7c1a17b0
R
P 0x7f2a7c191628
C 342
R
P 0x7f2a7c191628
P 0x7f2a7c1a17b0
C 257
R
P 0x7f2a7c191628
C 342
R
P 0x7f2a7c191628
P 0x7f2a7c1a17b0
C 254
= 0x7f2a7c19b208
R
P 0x7f2a7c191628
C 342
R
P 0x7f2a7c191628
P 0x7f2a7c19b208
C 209
R
P 0x7f2a7c191628
C 342
R
P 0x7f2a7c191628
P 0x7f2a7c1a17b0
C 260
R
P 0x7f2a7c191628
C 342
R
P 0x7f2a7c191628
P 0x7f2a7c1a17b0
C 259
R
P 0x7f2a7c191628
C 342
R
P 0x7f2a7c191628
P 0x7f2a7c1a17b0
C 258
R
P 0x7f2a7c191628
C 342
R
P 0x7f2a7c191628
P 0x7f2a7c1a17b0
C 9
R
P 0x7f2a7c191628
C 342
R
P 0x7f2a7c191628
U 2
P 0x7f2a7c19bba8
P 0x7f2a7c1a17b0
p 2
C 66
= 0x7f2a7c1a17e8
R
P 0x7f2a7c191628
C 342
R
P 0x7f2a7c191628
P 0x7f2a7c1a17e8
C 257
R
P 0x7f2a7c191628
C 342
R
P 0x7f2a7c191628
P 0x7f2a7c1a17e8
C 254
= 0x7f2a7c19b1e8
R
P 0x7f2a7c191628
C 342
R
P 0x7f2a7c191628
P 0x7f2a7c19b1e8
C 209
R
P 0x7f2a7c191628
C 342
R
P 0x7f2a7c191628
P 0x7f2a7c1a17e8
C 260
R
P 0x7f2a7c191628
C 342
R
P 0x7f2a7c191628
P 0x7f2a7c1a17e8
C 259
R
P 0x7f2a7c191628
C 342
R
P 0x7f2a7c191628
P 0x7f2a7c1a17e8
C 258
R
P 0x7f2a7c191628
C 342
R
P 0x7f2a7c191628
P 0x7f2a7c1a17e8
C 9
R
P 0x7f2a7c191628
C 342
R
P 0x7f2a7c191628
U 2
P 0x7f2a7c19bc28
P 0x7f2a7c1a17e8
p 2
C 65
= 0x7f2a7c1a1820
R
P 0x7f2a7c191628
C 342
R
P 0x7f2a7c191628
P 0x7f2a7c1a1820
C 257
R
P 0x7f2a7c191628
C 342
R
P 0x7f2a7c191628
P 0x7f2a7c1a1820
C 254
= 0x7f2a7c19b1e8
R
P 0x7f2a7c191628
C 342
R
P 0x7f2a7c191628
P 0x7f2a7c19b1e8
C 209
R
P 0x7f2a7c191628
C 342
R
P 0x7f2a7c191628
P 0x7f2a7c1a1820
C 260
R
P 0x7f2a7c191628
C 342
R
P 0x7f2a7c191628
P 0x7f2a7c1a1820
C 259
R
P 0x7f2a7c191628
C 342
R
P 0x7f2a7c191628
P 0x7f2a7c1a1820
C 258
R
P 0x7f2a7c191628
C 342
R
P 0x7f2a7c191628
P 0x7f2a7c1a1820
C 9
R
P 0x7f2a7c191628
C 342
R
P 0x7f2a7c191628
P 0x7f2a7c1a1778
P 0x7f2a7c1a1820
P 0x7f2a7c19bc28
C 59
= 0x7f2a7c19f848
R
P 0x7f2a7c191628
C 342
R
P 0x7f2a7c191628
P 0x7f2a7c19f848
C 257
R
P 0x7f2a7c191628
C 342
R
P 0x7f2a7c191628
P 0x7f2a7c19f848
C 254
= 0x7f2a7c19b1e8
R
P 0x7f2a7c191628
C 342
R
P 0x7f2a7c191628
P 0x7f2a7c19b1e8
C 209
R
P 0x7f2a7c191628
C 342
R
P 0x7f2a7c191628
P 0x7f2a7c19f848
C 260
R
P 0x7f2a7c191628
C 342
R
P 0x7f2a7c191628
P 0x7f2a7c19f848
C 259
R
P 0x7f2a7c191628
C 342
R
P 0x7f2a7c191628
P 0x7f2a7c19f848
C 258
R
P 0x7f2a7c191628
C 342
R
P 0x7f2a7c191628
P 0x7f2a7c19f848
C 9
R
P 0x7f2a7c191628
C 342
R
P 0x7f2a7c191628
U 2
P 0x7f2a7c19f848
P 0x7f2a7c19bb48
p 2
C 65
= 0x7f2a7c1a1858
R
P 0x7f2a7c191628
C 342
R
P 0x7f2a7c191628
P 0x7f2a7c1a1858
C 257
R
P 0x7f2a7c191628
C 342
R
P 0x7f2a7c191628
P 0x7f2a7c1a1858
C 254
= 0x7f2a7c19b1e8
R
P 0x7f2a7c191628
C 342
R
P 0x7f2a7c191628
P 0x7f2a7c19b1e8
C 209
R
P 0x7f2a7c191628
C 342
R
P 0x7f2a7c191628
P 0x7f2a7c1a1858
C 260
R
P 0x7f2a7c191628
C 342
R
P 0x7f2a7c191628
P 0x7f2a7c1a1858
C 259
R
P 0x7f2a7c191628
C 342
R
P 0x7f2a7c191628
P 0x7f2a7c1a1858
C 258
R
P 0x7f2a7c191628
C 342
R
P 0x7f2a7c191628
P 0x7f2a7c1a1858
C 9
R
P 0x7f2a7c191628
C 342
R
P 0x7f2a7c191628
P 0x7f2a7c19bc68
C 333
R
P 0x7f2a7c191628
C 342
R
P 0x7f2a7c191628
S "slotflowPriorityStart"
C 30
R
P 0x7f2a7c191628
C 342
R
P 0x7f2a7c191628
$ |slotflowPriorityStart|
C 202
R
P 0x7f2a7c191628
C 342
R
P 0x7f2a7c191628
$ |slotflowPriorityStart|
P 0x7f2a7c19b1e8
C 51
= 0x7f2a7c19c2a8
R
P 0x7f2a7c191628
C 342
R
P 0x7f2a7c191628
P 0x7f2a7c19c2a8
C 257
R
P 0x7f2a7c191628
C 342
R
P 0x7f2a7c191628
P 0x7f2a7c19c2a8
C 254
= 0x7f2a7c19b1e8
R
P 0x7f2a7c191628
C 342
R
P 0x7f2a7c191628
P 0x7f2a7c19b1e8
C 209
R
P 0x7f2a7c191628
C 342
R
P 0x7f2a7c191628
P 0x7f2a7c19c2a8
C 260
R
P 0x7f2a7c191628
C 342
R
P 0x7f2a7c191628
P 0x7f2a7c19c2a8
C 259
R
P 0x7f2a7c191628
C 342
R
P 0x7f2a7c191628
P 0x7f2a7c19c2a8
C 258
R
P 0x7f2a7c191628
C 342
R
P 0x7f2a7c191628
P 0x7f2a7c19c2a8
C 9
R
P 0x7f2a7c191628
C 342
R
P 0x7f2a7c191628
I 2
P 0x7f2a7c19b208
C 150
= 0x7f2a7c19bcc8
R
P 0x7f2a7c191628
C 342
R
P 0x7f2a7c191628
P 0x7f2a7c19bcc8
C 258
R
P 0x7f2a7c191628
C 342
R
P 0x7f2a7c191628
P 0x7f2a7c19bcc8
C 9
R
P 0x7f2a7c191628
C 342
R
P 0x7f2a7c191628
I 1
P 0x7f2a7c19b208
C 150
= 0x7f2a7c19bc88
R
P 0x7f2a7c191628
C 342
R
P 0x7f2a7c191628
P 0x7f2a7c19bc88
C 258
R
P 0x7f2a7c191628
C 342
R
P 0x7f2a7c191628
P 0x7f2a7c19bc88
C 9
R
P 0x7f2a7c191628
C 342
R
P 0x7f2a7c191628
P 0x7f2a7c19bcc8
P 0x7f2a7c19bc88
C 75
= 0x7f2a7c1a1890
R
P 0x7f2a7c191628
C 342
R
P 0x7f2a7c191628
P 0x7f2a7c1a1890
C 258
R
P 0x7f2a7c191628
C 342
R
P 0x7f2a7c191628
P 0x7f2a7c1a1890
C 9
R
P 0x7f2a7c191628
C 342
R
P 0x7f2a7c191628
I 1
P 0x7f2a7c19b208
C 150
= 0x7f2a7c19bc88
R
P 0x7f2a7c191628
C 342
R
P 0x7f2a7c191628
P 0x7f2a7c19bc88
C 258
R
P 0x7f2a7c191628
C 342
R
P 0x7f2a7c191628
P 0x7f2a7c19bc88
C 9
R
P 0x7f2a7c191628
C 342
R
P 0x7f2a7c191628
U 2
P 0x7f2a7c19bcc8
P 0x7f2a7c19bc88
p 2
C 67
= 0x7f2a7c1a18c8
R
P 0x7f2a7c191628
C 342
R
P 0x7f2a7c191628
P 0x7f2a7c1a18c8
C 257
R
P 0x7f2a7c191628
C 342
R
P 0x7f2a7c191628
P 0x7f2a7c1a18c8
C 254
= 0x7f2a7c19b208
R
P 0x7f2a7c191628
C 342
R
P 0x7f2a7c191628
P 0x7f2a7c19b208
C 209
R
P 0x7f2a7c191628
C 342
R
P 0x7f2a7c191628
P 0x7f2a7c1a18c8
C 260
R
P 0x7f2a7c191628
C 342
R
P 0x7f2a7c191628
P 0x7f2a7c1a18c8
C 259
R
P 0x7f2a7c191628
C 342
R
P 0x7f2a7c191628
P 0x7f2a7c1a18c8
C 258
R
P 0x7f2a7c191628
C 342
R
P 0x7f2a7c191628
P 0x7f2a7c1a18c8
C 9
R
P 0x7f2a7c191628
C 342
R
P 0x7f2a7c191628
U 2
P 0x7f2a7c19bbe8
P 0x7f2a7c1a18c8
p 2
C 66
= 0x7f2a7c487d68
R
P 0x7f2a7c191628
C 342
R
P 0x7f2a7c191628
P 0x7f2a7c487d68
C 257
R
P 0x7f2a7c191628
C 342
R
P 0x7f2a7c191628
P 0x7f2a7c487d68
C 254
= 0x7f2a7c19b208
R
P 0x7f2a7c191628
C 342
R
P 0x7f2a7c191628
P 0x7f2a7c19b208
C 209
R
P 0x7f2a7c191628
C 342
R
P 0x7f2a7c191628
P 0x7f2a7c487d68
C 260
R
P 0x7f2a7c191628
C 342
R
P 0x7f2a7c191628
P 0x7f2a7c487d68
C 259
R
P 0x7f2a7c191628
C 342
R
P 0x7f2a7c191628
P 0x7f2a7c487d68
C 258
R
P 0x7f2a7c191628
C 342
R
P 0x7f2a7c191628
P 0x7f2a7c487d68
C 9
R
P 0x7f2a7c191628
C 342
R
P 0x7f2a7c191628
U 2
P 0x7f2a7c19bb88
P 0x7f2a7c487d68
p 2
C 65
= 0x7f2a7c487da0
R
P 0x7f2a7c191628
C 342
R
P 0x7f2a7c191628
P 0x7f2a7c487da0
C 257
R
P 0x7f2a7c191628
C 342
R
P 0x7f2a7c191628
P 0x7f2a7c487da0
C 254
= 0x7f2a7c19b1e8
R
P 0x7f2a7c191628
C 342
R
P 0x7f2a7c191628
P 0x7f2a7c19b1e8
C 209
R
P 0x7f2a7c191628
C 342
R
P 0x7f2a7c191628
P 0x7f2a7c487da0
C 260
R
P 0x7f2a7c191628
C 342
R
P 0x7f2a7c191628
P 0x7f2a7c487da0
C 259
R
P 0x7f2a7c191628
C 342
R
P 0x7f2a7c191628
P 0x7f2a7c487da0
C 258
R
P 0x7f2a7c191628
C 342
R
P 0x7f2a7c191628
P 0x7f2a7c487da0
C 9
R
P 0x7f2a7c191628
C 342
R
P 0x7f2a7c191628
P 0x7f2a7c1a1890
P 0x7f2a7c487da0
P 0x7f2a7c19bb88
C 59
= 0x7f2a7c19fa88
R
P 0x7f2a7c191628
C 342
R
P 0x7f2a7c191628
P 0x7f2a7c19fa88
C 257
R
P 0x7f2a7c191628
C 342
R
P 0x7f2a7c191628
P 0x7f2a7c19fa88
C 254
= 0x7f2a7c19b1e8
R
P 0x7f2a7c191628
C 342
R
P 0x7f2a7c191628
P 0x7f2a7c19b1e8
C 209
R
P 0x7f2a7c191628
C 342
R
P 0x7f2a7c191628
P 0x7f2a7c19fa88
C 260
R
P 0x7f2a7c191628
C 342
R
P 0x7f2a7c191628
P 0x7f2a7c19fa88
C 259
R
P 0x7f2a7c191628
C 342
R
P 0x7f2a7c191628
P 0x7f2a7c19fa88
C 258
R
P 0x7f2a7c191628
C 342
R
P 0x7f2a7c191628
P 0x7f2a7c19fa88
C 9
R
P 0x7f2a7c191628
C 342
R
P 0x7f2a7c191628
U 2
P 0x7f2a7c19c2a8
P 0x7f2a7c19fa88
p 2
C 65
= 0x7f2a7c487e80
R
P 0x7f2a7c191628
C 342
R
P 0x7f2a7c191628
P 0x7f2a7c487e80
C 257
R
P 0x7f2a7c191628
C 342
R
P 0x7f2a7c191628
P 0x7f2a7c487e80
C 254
= 0x7f2a7c19b1e8
R
P 0x7f2a7c191628
C 342
R
P 0x7f2a7c191628
P 0x7f2a7c19b1e8
C 209
R
P 0x7f2a7c191628
C 342
R
P 0x7f2a7c191628
P 0x7f2a7c487e80
C 260
R
P 0x7f2a7c191628
C 342
R
P 0x7f2a7c191628
P 0x7f2a7c487e80
C 259
R
P 0x7f2a7c191628
C 342
R
P 0x7f2a7c191628
P 0x7f2a7c487e80
C 258
R
P 0x7f2a7c191628
C 342
R
P 0x7f2a7c191628
P 0x7f2a7c487e80
C 9
R
P 0x7f2a7c191628
C 342
R
P 0x7f2a7c191628
P 0x7f2a7c1a1858
P 0x7f2a7c487e80
C 73
= 0x7f2a7c48a1d8
R
P 0x7f2a7c191628
C 342
R
P 0x7f2a7c191628
P 0x7f2a7c48a1d8
C 258
R
P 0x7f2a7c191628
C 342
R
P 0x7f2a7c191628
P 0x7f2a7c48a1d8
C 9
R
P 0x7f2a7c191628
C 342
R
P 0x7f2a7c191628
I 1
P 0x7f2a7c19b208
C 150
= 0x7f2a7c19bc88
R
P 0x7f2a7c191628
C 342
R
P 0x7f2a7c191628
P 0x7f2a7c19bc88
C 258
R
P 0x7f2a7c191628
C 342
R
P 0x7f2a7c191628
P 0x7f2a7c19bc88
C 9
R
P 0x7f2a7c191628
C 342
R
P 0x7f2a7c191628
I 1
P 0x7f2a7c19b208
C 150
= 0x7f2a7c19bc88
R
P 0x7f2a7c191628
C 342
R
P 0x7f2a7c191628
P 0x7f2a7c19bc88
C 258
R
P 0x7f2a7c191628
C 342
R
P 0x7f2a7c191628
P 0x7f2a7c19bc88
C 9
R
P 0x7f2a7c191628
C 342
R
P 0x7f2a7c191628
P 0x7f2a7c19bc88
P 0x7f2a7c19bc88
C 75
= 0x7f2a7c1a1778
R
P 0x7f2a7c191628
C 342
R
P 0x7f2a7c191628
P 0x7f2a7c1a1778
C 258
R
P 0x7f2a7c191628
C 342
R
P 0x7f2a7c191628
P 0x7f2a7c1a1778
C 9
R
P 0x7f2a7c191628
C 342
R
P 0x7f2a7c191628
I 1
P 0x7f2a7c19b208
C 150
= 0x7f2a7c19bc88
R
P 0x7f2a7c191628
C 342
R
P 0x7f2a7c191628
P 0x7f2a7c19bc88
C 258
R
P 0x7f2a7c191628
C 342
R
P 0x7f2a7c191628
P 0x7f2a7c19bc88
C 9
R
P 0x7f2a7c191628
C 342
R
P 0x7f2a7c191628
U 2
P 0x7f2a7c19bc88
P 0x7f2a7c19bc88
p 2
C 67
= 0x7f2a7c1a17b0
R
P 0x7f2a7c191628
C 342
R
P 0x7f2a7c191628
P 0x7f2a7c1a17b0
C 257
R
P 0x7f2a7c191628
C 342
R
P 0x7f2a7c191628
P 0x7f2a7c1a17b0
C 254
= 0x7f2a7c19b208
R
P 0x7f2a7c191628
C 342
R
P 0x7f2a7c191628
P 0x7f2a7c19b208
C 209
R
P 0x7f2a7c191628
C 342
R
P 0x7f2a7c191628
P 0x7f2a7c1a17b0
C 260
R
P 0x7f2a7c191628
C 342
R
P 0x7f2a7c191628
P 0x7f2a7c1a17b0
C 259
R
P 0x7f2a7c191628
C 342
R
P 0x7f2a7c191628
P 0x7f2a7c1a17b0
C 258
R
P 0x7f2a7c191628
C 342
R
P 0x7f2a7c191628
P 0x7f2a7c1a17b0
C 9
R
P 0x7f2a7c191628
C 342
R
P 0x7f2a7c191628
U 2
P 0x7f2a7c19bba8
P 0x7f2a7c1a17b0
p 2
C 66
= 0x7f2a7c1a17e8
R
P 0x7f2a7c191628
C 342
R
P 0x7f2a7c191628
P 0x7f2a7c1a17e8
C 257
R
P 0x7f2a7c191628
C 342
R
P 0x7f2a7c191628
P 0x7f2a7c1a17e8
C 254
= 0x7f2a7c19b1e8
R
P 0x7f2a7c191628
C 342
R
P 0x7f2a7c191628
P 0x7f2a7c19b1e8
C 209
R
P 0x7f2a7c191628
C 342
R
P 0x7f2a7c191628
P 0x7f2a7c1a17e8
C 260
R
P 0x7f2a7c191628
C 342
R
P 0x7f2a7c191628
P 0x7f2a7c1a17e8
C 259
R
P 0x7f2a7c191628
C 342
R
P 0x7f2a7c191628
P 0x7f2a7c1a17e8
C 258
R
P 0x7f2a7c191628
C 342
R
P 0x7f2a7c191628
P 0x7f2a7c1a17e8
C 9
R
P 0x7f2a7c191628
C 342
R
P 0x7f2a7c191628
U 2
P 0x7f2a7c19bc28
P 0x7f2a7c1a17e8
p 2
C 65
= 0x7f2a7c1a1820
R
P 0x7f2a7c191628
C 342
R
P 0x7f2a7c191628
P 0x7f2a7c1a1820
C 257
R
P 0x7f2a7c191628
C 342
R
P 0x7f2a7c191628
P 0x7f2a7c1a1820
C 254
= 0x7f2a7c19b1e8
R
P 0x7f2a7c191628
C 342
R
P 0x7f2a7c191628
P 0x7f2a7c19b1e8
C 209
R
P 0x7f2a7c191628
C 342
R
P 0x7f2a7c191628
P 0x7f2a7c1a1820
C 260
R
P 0x7f2a7c191628
C 342
R
P 0x7f2a7c191628
P 0x7f2a7c1a1820
C 259
R
P 0x7f2a7c191628
C 342
R
P 0x7f2a7c191628
P 0x7f2a7c1a1820
C 258
R
P 0x7f2a7c191628
C 342
R
P 0x7f2a7c191628
P 0x7f2a7c1a1820
C 9
R
P 0x7f2a7c191628
C 342
R
P 0x7f2a7c191628
P 0x7f2a7c1a1778
P 0x7f2a7c1a1820
P 0x7f2a7c19bc28
C 59
= 0x7f2a7c19f848
R
P 0x7f2a7c191628
C 342
R
P 0x7f2a7c191628
P 0x7f2a7c19f848
C 257
R
P 0x7f2a7c191628
C 342
R
P 0x7f2a7c191628
P 0x7f2a7c19f848
C 254
= 0x7f2a7c19b1e8
R
P 0x7f2a7c191628
C 342
R
P 0x7f2a7c191628
P 0x7f2a7c19b1e8
C 209
R
P 0x7f2a7c191628
C 342
R
P 0x7f2a7c191628
P 0x7f2a7c19f848
C 260
R
P 0x7f2a7c191628
C 342
R
P 0x7f2a7c191628
P 0x7f2a7c19f848
C 259
R
P 0x7f2a7c191628
C 342
R
P 0x7f2a7c191628
P 0x7f2a7c19f848
C 258
R
P 0x7f2a7c191628
C 342
R
P 0x7f2a7c191628
P 0x7f2a7c19f848
C 9
R
P 0x7f2a7c191628
C 342
R
P 0x7f2a7c191628
U 2
P 0x7f2a7c19f848
P 0x7f2a7c19bb48
p 2
C 65
= 0x7f2a7c1a1858
R
P 0x7f2a7c191628
C 342
R
P 0x7f2a7c191628
P 0x7f2a7c1a1858
C 257
R
P 0x7f2a7c191628
C 342
R
P 0x7f2a7c191628
P 0x7f2a7c1a1858
C 254
= 0x7f2a7c19b1e8
R
P 0x7f2a7c191628
C 342
R
P 0x7f2a7c191628
P 0x7f2a7c19b1e8
C 209
R
P 0x7f2a7c191628
C 342
R
P 0x7f2a7c191628
P 0x7f2a7c1a1858
C 260
R
P 0x7f2a7c191628
C 342
R
P 0x7f2a7c191628
P 0x7f2a7c1a1858
C 259
R
P 0x7f2a7c191628
C 342
R
P 0x7f2a7c191628
P 0x7f2a7c1a1858
C 258
R
P 0x7f2a7c191628
C 342
R
P 0x7f2a7c191628
P 0x7f2a7c1a1858
C 9
R
P 0x7f2a7c191628
C 342
R
P 0x7f2a7c191628
I 2
P 0x7f2a7c19b208
C 150
= 0x7f2a7c19bcc8
R
P 0x7f2a7c191628
C 342
R
P 0x7f2a7c191628
P 0x7f2a7c19bcc8
C 258
R
P 0x7f2a7c191628
C 342
R
P 0x7f2a7c191628
P 0x7f2a7c19bcc8
C 9
R
P 0x7f2a7c191628
C 342
R
P 0x7f2a7c191628
I 1
P 0x7f2a7c19b208
C 150
= 0x7f2a7c19bc88
R
P 0x7f2a7c191628
C 342
R
P 0x7f2a7c191628
P 0x7f2a7c19bc88
C 258
R
P 0x7f2a7c191628
C 342
R
P 0x7f2a7c191628
P 0x7f2a7c19bc88
C 9
R
P 0x7f2a7c191628
C 342
R
P 0x7f2a7c191628
P 0x7f2a7c19bcc8
P 0x7f2a7c19bc88
C 75
= 0x7f2a7c1a1890
R
P 0x7f2a7c191628
C 342
R
P 0x7f2a7c191628
P 0x7f2a7c1a1890
C 258
R
P 0x7f2a7c191628
C 342
R
P 0x7f2a7c191628
P 0x7f2a7c1a1890
C 9
R
P 0x7f2a7c191628
C 342
R
P 0x7f2a7c191628
I 1
P 0x7f2a7c19b208
C 150
= 0x7f2a7c19bc88
R
P 0x7f2a7c191628
C 342
R
P 0x7f2a7c191628
P 0x7f2a7c19bc88
C 258
R
P 0x7f2a7c191628
C 342
R
P 0x7f2a7c191628
P 0x7f2a7c19bc88
C 9
R
P 0x7f2a7c191628
C 342
R
P 0x7f2a7c191628
U 2
P 0x7f2a7c19bcc8
P 0x7f2a7c19bc88
p 2
C 67
= 0x7f2a7c1a18c8
R
P 0x7f2a7c191628
C 342
R
P 0x7f2a7c191628
P 0x7f2a7c1a18c8
C 257
R
P 0x7f2a7c191628
C 342
R
P 0x7f2a7c191628
P 0x7f2a7c1a18c8
C 254
= 0x7f2a7c19b208
R
P 0x7f2a7c191628
C 342
R
P 0x7f2a7c191628
P 0x7f2a7c19b208
C 209
R
P 0x7f2a7c191628
C 342
R
P 0x7f2a7c191628
P 0x7f2a7c1a18c8
C 260
R
P 0x7f2a7c191628
C 342
R
P 0x7f2a7c191628
P 0x7f2a7c1a18c8
C 259
R
P 0x7f2a7c191628
C 342
R
P 0x7f2a7c191628
P 0x7f2a7c1a18c8
C 258
R
P 0x7f2a7c191628
C 342
R
P 0x7f2a7c191628
P 0x7f2a7c1a18c8
C 9
R
P 0x7f2a7c191628
C 342
R
P 0x7f2a7c191628
U 2
P 0x7f2a7c19bbe8
P 0x7f2a7c1a18c8
p 2
C 66
= 0x7f2a7c487d68
R
P 0x7f2a7c191628
C 342
R
P 0x7f2a7c191628
P 0x7f2a7c487d68
C 257
R
P 0x7f2a7c191628
C 342
R
P 0x7f2a7c191628
P 0x7f2a7c487d68
C 254
= 0x7f2a7c19b208
R
P 0x7f2a7c191628
C 342
R
P 0x7f2a7c191628
P 0x7f2a7c19b208
C 209
R
P 0x7f2a7c191628
C 342
R
P 0x7f2a7c191628
P 0x7f2a7c487d68
C 260
R
P 0x7f2a7c191628
C 342
R
P 0x7f2a7c191628
P 0x7f2a7c487d68
C 259
R
P 0x7f2a7c191628
C 342
R
P 0x7f2a7c191628
P 0x7f2a7c487d68
C 258
R
P 0x7f2a7c191628
C 342
R
P 0x7f2a7c191628
P 0x7f2a7c487d68
C 9
R
P 0x7f2a7c191628
C 342
R
P 0x7f2a7c191628
U 2
P 0x7f2a7c19bb88
P 0x7f2a7c487d68
p 2
C 65
= 0x7f2a7c487da0
R
P 0x7f2a7c191628
C 342
R
P 0x7f2a7c191628
P 0x7f2a7c487da0
C 257
R
P 0x7f2a7c191628
C 342
R
P 0x7f2a7c191628
P 0x7f2a7c487da0
C 254
= 0x7f2a7c19b1e8
R
P 0x7f2a7c191628
C 342
R
P 0x7f2a7c191628
P 0x7f2a7c19b1e8
C 209
R
P 0x7f2a7c191628
C 342
R
P 0x7f2a7c191628
P 0x7f2a7c487da0
C 260
R
P 0x7f2a7c191628
C 342
R
P 0x7f2a7c191628
P 0x7f2a7c487da0
C 259
R
P 0x7f2a7c191628
C 342
R
P 0x7f2a7c191628
P 0x7f2a7c487da0
C 258
R
P 0x7f2a7c191628
C 342
R
P 0x7f2a7c191628
P 0x7f2a7c487da0
C 9
R
P 0x7f2a7c191628
C 342
R
P 0x7f2a7c191628
P 0x7f2a7c1a1890
P 0x7f2a7c487da0
P 0x7f2a7c19bb88
C 59
= 0x7f2a7c19fa88
R
P 0x7f2a7c191628
C 342
R
P 0x7f2a7c191628
P 0x7f2a7c19fa88
C 257
R
P 0x7f2a7c191628
C 342
R
P 0x7f2a7c191628
P 0x7f2a7c19fa88
C 254
= 0x7f2a7c19b1e8
R
P 0x7f2a7c191628
C 342
R
P 0x7f2a7c191628
P 0x7f2a7c19b1e8
C 209
R
P 0x7f2a7c191628
C 342
R
P 0x7f2a7c191628
P 0x7f2a7c19fa88
C 260
R
P 0x7f2a7c191628
C 342
R
P 0x7f2a7c191628
P 0x7f2a7c19fa88
C 259
R
P 0x7f2a7c191628
C 342
R
P 0x7f2a7c191628
P 0x7f2a7c19fa88
C 258
R
P 0x7f2a7c191628
C 342
R
P 0x7f2a7c191628
P 0x7f2a7c19fa88
C 9
R
P 0x7f2a7c191628
C 342
R
P 0x7f2a7c191628
P 0x7f2a7c1a1858
P 0x7f2a7c19fa88
C 76
= 0x7f2a7c48a210
R
P 0x7f2a7c191628
C 342
R
P 0x7f2a7c191628
P 0x7f2a7c48a210
C 258
R
P 0x7f2a7c191628
C 342
R
P 0x7f2a7c191628
P 0x7f2a7c48a210
C 9
R
P 0x7f2a7c191628
C 342
R
P 0x7f2a7c191628
U 2
P 0x7f2a7c48a1d8
P 0x7f2a7c48a210
p 2
C 63
= 0x7f2a7c48a248
R
P 0x7f2a7c191628
C 342
R
P 0x7f2a7c191628
P 0x7f2a7c48a248
C 258
R
P 0x7f2a7c191628
C 342
R
P 0x7f2a7c191628
P 0x7f2a7c48a248
C 9
R
P 0x7f2a7c191628
C 342
R
P 0x7f2a7c191628
I 1
P 0x7f2a7c19b208
C 150
= 0x7f2a7c19bc88
R
P 0x7f2a7c191628
C 342
R
P 0x7f2a7c191628
P 0x7f2a7c19bc88
C 258
R
P 0x7f2a7c191628
C 342
R
P 0x7f2a7c191628
P 0x7f2a7c19bc88
C 9
R
P 0x7f2a7c191628
C 342
R
P 0x7f2a7c191628
P 0x7f2a7c19bc88
C 263
R
P 0x7f2a7c191628
C 342
R
P 0x7f2a7c191628
S "dev0T31"
C 30
R
P 0x7f2a7c191628
C 342
R
P 0x7f2a7c191628
$ |dev0T31|
C 202
R
P 0x7f2a7c191628
C 342
R
P 0x7f2a7c191628
$ |dev0T31|
P 0x7f2a7c19b1e8
C 51
= 0x7f2a7c19bca8
R
P 0x7f2a7c191628
C 342
R
P 0x7f2a7c191628
P 0x7f2a7c19bca8
C 257
R
P 0x7f2a7c191628
C 342
R
P 0x7f2a7c191628
P 0x7f2a7c19bca8
C 254
= 0x7f2a7c19b1e8
R
P 0x7f2a7c191628
C 342
R
P 0x7f2a7c191628
P 0x7f2a7c19b1e8
C 209
R
P 0x7f2a7c191628
C 342
R
P 0x7f2a7c191628
P 0x7f2a7c19bca8
C 260
R
P 0x7f2a7c191628
C 342
R
P 0x7f2a7c191628
P 0x7f2a7c19bca8
C 259
R
P 0x7f2a7c191628
C 342
R
P 0x7f2a7c191628
P 0x7f2a7c19bca8
C 258
R
P 0x7f2a7c191628
C 342
R
P 0x7f2a7c191628
P 0x7f2a7c19bca8
C 9
R
P 0x7f2a7c191628
C 342
R
P 0x7f2a7c191628
P 0x7f2a7c19bc68
C 333
R
P 0x7f2a7c191628
C 342
R
P 0x7f2a7c191628
S "slotflowPriorityStart"
C 30
R
P 0x7f2a7c191628
C 342
R
P 0x7f2a7c191628
$ |slotflowPriorityStart|
C 202
R
P 0x7f2a7c191628
C 342
R
P 0x7f2a7c191628
$ |slotflowPriorityStart|
P 0x7f2a7c19b1e8
C 51
= 0x7f2a7c19c2a8
R
P 0x7f2a7c191628
C 342
R
P 0x7f2a7c191628
P 0x7f2a7c19c2a8
C 257
R
P 0x7f2a7c191628
C 342
R
P 0x7f2a7c191628
P 0x7f2a7c19c2a8
C 254
= 0x7f2a7c19b1e8
R
P 0x7f2a7c191628
C 342
R
P 0x7f2a7c191628
P 0x7f2a7c19b1e8
C 209
R
P 0x7f2a7c191628
C 342
R
P 0x7f2a7c191628
P 0x7f2a7c19c2a8
C 260
R
P 0x7f2a7c191628
C 342
R
P 0x7f2a7c191628
P 0x7f2a7c19c2a8
C 259
R
P 0x7f2a7c191628
C 342
R
P 0x7f2a7c191628
P 0x7f2a7c19c2a8
C 258
R
P 0x7f2a7c191628
C 342
R
P 0x7f2a7c191628
P 0x7f2a7c19c2a8
C 9
R
P 0x7f2a7c191628
C 342
R
P 0x7f2a7c191628
I 2
P 0x7f2a7c19b208
C 150
= 0x7f2a7c19bcc8
R
P 0x7f2a7c191628
C 342
R
P 0x7f2a7c191628
P 0x7f2a7c19bcc8
C 258
R
P 0x7f2a7c191628
C 342
R
P 0x7f2a7c191628
P 0x7f2a7c19bcc8
C 9
R
P 0x7f2a7c191628
C 342
R
P 0x7f2a7c191628
I 1
P 0x7f2a7c19b208
C 150
= 0x7f2a7c19bc88
R
P 0x7f2a7c191628
C 342
R
P 0x7f2a7c191628
P 0x7f2a7c19bc88
C 258
R
P 0x7f2a7c191628
C 342
R
P 0x7f2a7c191628
P 0x7f2a7c19bc88
C 9
R
P 0x7f2a7c191628
C 342
R
P 0x7f2a7c191628
P 0x7f2a7c19bcc8
P 0x7f2a7c19bc88
C 75
= 0x7f2a7c1a1890
R
P 0x7f2a7c191628
C 342
R
P 0x7f2a7c191628
P 0x7f2a7c1a1890
C 258
R
P 0x7f2a7c191628
C 342
R
P 0x7f2a7c191628
P 0x7f2a7c1a1890
C 9
R
P 0x7f2a7c191628
C 342
R
P 0x7f2a7c191628
I 1
P 0x7f2a7c19b208
C 150
= 0x7f2a7c19bc88
R
P 0x7f2a7c191628
C 342
R
P 0x7f2a7c191628
P 0x7f2a7c19bc88
C 258
R
P 0x7f2a7c191628
C 342
R
P 0x7f2a7c191628
P 0x7f2a7c19bc88
C 9
R
P 0x7f2a7c191628
C 342
R
P 0x7f2a7c191628
U 2
P 0x7f2a7c19bcc8
P 0x7f2a7c19bc88
p 2
C 67
= 0x7f2a7c1a18c8
R
P 0x7f2a7c191628
C 342
R
P 0x7f2a7c191628
P 0x7f2a7c1a18c8
C 257
R
P 0x7f2a7c191628
C 342
R
P 0x7f2a7c191628
P 0x7f2a7c1a18c8
C 254
= 0x7f2a7c19b208
R
P 0x7f2a7c191628
C 342
R
P 0x7f2a7c191628
P 0x7f2a7c19b208
C 209
R
P 0x7f2a7c191628
C 342
R
P 0x7f2a7c191628
P 0x7f2a7c1a18c8
C 260
R
P 0x7f2a7c191628
C 342
R
P 0x7f2a7c191628
P 0x7f2a7c1a18c8
C 259
R
P 0x7f2a7c191628
C 342
R
P 0x7f2a7c191628
P 0x7f2a7c1a18c8
C 258
R
P 0x7f2a7c191628
C 342
R
P 0x7f2a7c191628
P 0x7f2a7c1a18c8
C 9
R
P 0x7f2a7c191628
C 342
R
P 0x7f2a7c191628
U 2
P 0x7f2a7c19bbe8
P 0x7f2a7c1a18c8
p 2
C 66
= 0x7f2a7c487d68
R
P 0x7f2a7c191628
C 342
R
P 0x7f2a7c191628
P 0x7f2a7c487d68
C 257
R
P 0x7f2a7c191628
C 342
R
P 0x7f2a7c191628
P 0x7f2a7c487d68
C 254
= 0x7f2a7c19b208
R
P 0x7f2a7c191628
C 342
R
P 0x7f2a7c191628
P 0x7f2a7c19b208
C 209
R
P 0x7f2a7c191628
C 342
R
P 0x7f2a7c191628
P 0x7f2a7c487d68
C 260
R
P 0x7f2a7c191628
C 342
R
P 0x7f2a7c191628
P 0x7f2a7c487d68
C 259
R
P 0x7f2a7c191628
C 342
R
P 0x7f2a7c191628
P 0x7f2a7c487d68
C 258
R
P 0x7f2a7c191628
C 342
R
P 0x7f2a7c191628
P 0x7f2a7c487d68
C 9
R
P 0x7f2a7c191628
C 342
R
P 0x7f2a7c191628
U 2
P 0x7f2a7c19bb88
P 0x7f2a7c487d68
p 2
C 65
= 0x7f2a7c487da0
R
P 0x7f2a7c191628
C 342
R
P 0x7f2a7c191628
P 0x7f2a7c487da0
C 257
R
P 0x7f2a7c191628
C 342
R
P 0x7f2a7c191628
P 0x7f2a7c487da0
C 254
= 0x7f2a7c19b1e8
R
P 0x7f2a7c191628
C 342
R
P 0x7f2a7c191628
P 0x7f2a7c19b1e8
C 209
R
P 0x7f2a7c191628
C 342
R
P 0x7f2a7c191628
P 0x7f2a7c487da0
C 260
R
P 0x7f2a7c191628
C 342
R
P 0x7f2a7c191628
P 0x7f2a7c487da0
C 259
R
P 0x7f2a7c191628
C 342
R
P 0x7f2a7c191628
P 0x7f2a7c487da0
C 258
R
P 0x7f2a7c191628
C 342
R
P 0x7f2a7c191628
P 0x7f2a7c487da0
C 9
R
P 0x7f2a7c191628
C 342
R
P 0x7f2a7c191628
P 0x7f2a7c1a1890
P 0x7f2a7c487da0
P 0x7f2a7c19bb88
C 59
= 0x7f2a7c19fa88
R
P 0x7f2a7c191628
C 342
R
P 0x7f2a7c191628
P 0x7f2a7c19fa88
C 257
R
P 0x7f2a7c191628
C 342
R
P 0x7f2a7c191628
P 0x7f2a7c19fa88
C 254
= 0x7f2a7c19b1e8
R
P 0x7f2a7c191628
C 342
R
P 0x7f2a7c191628
P 0x7f2a7c19b1e8
C 209
R
P 0x7f2a7c191628
C 342
R
P 0x7f2a7c191628
P 0x7f2a7c19fa88
C 260
R
P 0x7f2a7c191628
C 342
R
P 0x7f2a7c191628
P 0x7f2a7c19fa88
C 259
R
P 0x7f2a7c191628
C 342
R
P 0x7f2a7c191628
P 0x7f2a7c19fa88
C 258
R
P 0x7f2a7c191628
C 342
R
P 0x7f2a7c191628
P 0x7f2a7c19fa88
C 9
R
P 0x7f2a7c191628
C 342
R
P 0x7f2a7c191628
U 2
P 0x7f2a7c19c2a8
P 0x7f2a7c19fa88
p 2
C 65
= 0x7f2a7c487e80
R
P 0x7f2a7c191628
C 342
R
P 0x7f2a7c191628
P 0x7f2a7c487e80
C 257
R
P 0x7f2a7c191628
C 342
R
P 0x7f2a7c191628
P 0x7f2a7c487e80
C 254
= 0x7f2a7c19b1e8
R
P 0x7f2a7c191628
C 342
R
P 0x7f2a7c191628
P 0x7f2a7c19b1e8
C 209
R
P 0x7f2a7c191628
C 342
R
P 0x7f2a7c191628
P 0x7f2a7c487e80
C 260
R
P 0x7f2a7c191628
C 342
R
P 0x7f2a7c191628
P 0x7f2a7c487e80
C 259
R
P 0x7f2a7c191628
C 342
R
P 0x7f2a7c191628
P 0x7f2a7c487e80
C 258
R
P 0x7f2a7c191628
C 342
R
P 0x7f2a7c191628
P 0x7f2a7c487e80
C 9
R
P 0x7f2a7c191628
C 342
R
P 0x7f2a7c191628
U 2
P 0x7f2a7c487e80
P 0x7f2a7c19bb68
p 2
C 65
= 0x7f2a7c489a30
R
P 0x7f2a7c191628
C 342
R
P 0x7f2a7c191628
P 0x7f2a7c489a30
C 257
R
P 0x7f2a7c191628
C 342
R
P 0x7f2a7c191628
P 0x7f2a7c489a30
C 254
= 0x7f2a7c19b1e8
R
P 0x7f2a7c191628
C 342
R
P 0x7f2a7c191628
P 0x7f2a7c19b1e8
C 209
R
P 0x7f2a7c191628
C 342
R
P 0x7f2a7c191628
P 0x7f2a7c489a30
C 260
R
P 0x7f2a7c191628
C 342
R
P 0x7f2a7c191628
P 0x7f2a7c489a30
C 259
R
P 0x7f2a7c191628
C 342
R
P 0x7f2a7c191628
P 0x7f2a7c489a30
C 258
R
P 0x7f2a7c191628
C 342
R
P 0x7f2a7c191628
P 0x7f2a7c489a30
C 9
R
P 0x7f2a7c191628
C 342
R
P 0x7f2a7c191628
P 0x7f2a7c19bca8
P 0x7f2a7c489a30
C 76
= 0x7f2a7c48a280
R
P 0x7f2a7c191628
C 342
R
P 0x7f2a7c191628
P 0x7f2a7c48a280
C 258
R
P 0x7f2a7c191628
C 342
R
P 0x7f2a7c191628
P 0x7f2a7c48a280
C 9
R
P 0x7f2a7c191628
C 342
R
P 0x7f2a7c191628
I 1
P 0x7f2a7c19b208
C 150
= 0x7f2a7c19bc88
R
P 0x7f2a7c191628
C 342
R
P 0x7f2a7c191628
P 0x7f2a7c19bc88
C 258
R
P 0x7f2a7c191628
C 342
R
P 0x7f2a7c191628
P 0x7f2a7c19bc88
C 9
R
P 0x7f2a7c191628
C 342
R
P 0x7f2a7c191628
P 0x7f2a7c19bc88
C 263
R
P 0x7f2a7c191628
C 342
R
P 0x7f2a7c191628
S "dev0T31"
C 30
R
P 0x7f2a7c191628
C 342
R
P 0x7f2a7c191628
$ |dev0T31|
C 202
R
P 0x7f2a7c191628
C 342
R
P 0x7f2a7c191628
$ |dev0T31|
P 0x7f2a7c19b1e8
C 51
= 0x7f2a7c19bca8
R
P 0x7f2a7c191628
C 342
R
P 0x7f2a7c191628
P 0x7f2a7c19bca8
C 257
R
P 0x7f2a7c191628
C 342
R
P 0x7f2a7c191628
P 0x7f2a7c19bca8
C 254
= 0x7f2a7c19b1e8
R
P 0x7f2a7c191628
C 342
R
P 0x7f2a7c191628
P 0x7f2a7c19b1e8
C 209
R
P 0x7f2a7c191628
C 342
R
P 0x7f2a7c191628
P 0x7f2a7c19bca8
C 260
R
P 0x7f2a7c191628
C 342
R
P 0x7f2a7c191628
P 0x7f2a7c19bca8
C 259
R
P 0x7f2a7c191628
C 342
R
P 0x7f2a7c191628
P 0x7f2a7c19bca8
C 258
R
P 0x7f2a7c191628
C 342
R
P 0x7f2a7c191628
P 0x7f2a7c19bca8
C 9
R
P 0x7f2a7c191628
C 342
R
P 0x7f2a7c191628
P 0x7f2a7c19bc68
C 333
R
P 0x7f2a7c191628
C 342
R
P 0x7f2a7c191628
S "slotflowPriorityStart"
C 30
R
P 0x7f2a7c191628
C 342
R
P 0x7f2a7c191628
$ |slotflowPriorityStart|
C 202
R
P 0x7f2a7c191628
C 342
R
P 0x7f2a7c191628
$ |slotflowPriorityStart|
P 0x7f2a7c19b1e8
C 51
= 0x7f2a7c19c2a8
R
P 0x7f2a7c191628
C 342
R
P 0x7f2a7c191628
P 0x7f2a7c19c2a8
C 257
R
P 0x7f2a7c191628
C 342
R
P 0x7f2a7c191628
P 0x7f2a7c19c2a8
C 254
= 0x7f2a7c19b1e8
R
P 0x7f2a7c191628
C 342
R
P 0x7f2a7c191628
P 0x7f2a7c19b1e8
C 209
R
P 0x7f2a7c191628
C 342
R
P 0x7f2a7c191628
P 0x7f2a7c19c2a8
C 260
R
P 0x7f2a7c191628
C 342
R
P 0x7f2a7c191628
P 0x7f2a7c19c2a8
C 259
R
P 0x7f2a7c191628
C 342
R
P 0x7f2a7c191628
P 0x7f2a7c19c2a8
C 258
R
P 0x7f2a7c191628
C 342
R
P 0x7f2a7c191628
P 0x7f2a7c19c2a8
C 9
R
P 0x7f2a7c191628
C 342
R
P 0x7f2a7c191628
P 0x7f2a7c19bc68
C 333
R
P 0x7f2a7c191628
C 342
R
P 0x7f2a7c191628
S "slotflowPriorityDuration"
C 30
R
P 0x7f2a7c191628
C 342
R
P 0x7f2a7c191628
$ |slotflowPriorityDuration|
C 202
R
P 0x7f2a7c191628
C 342
R
P 0x7f2a7c191628
$ |slotflowPriorityDuration|
P 0x7f2a7c19b1e8
C 51
= 0x7f2a7c19c268
R
P 0x7f2a7c191628
C 342
R
P 0x7f2a7c191628
P 0x7f2a7c19c268
C 257
R
P 0x7f2a7c191628
C 342
R
P 0x7f2a7c191628
P 0x7f2a7c19c268
C 254
= 0x7f2a7c19b1e8
R
P 0x7f2a7c191628
C 342
R
P 0x7f2a7c191628
P 0x7f2a7c19b1e8
C 209
R
P 0x7f2a7c191628
C 342
R
P 0x7f2a7c191628
P 0x7f2a7c19c268
C 260
R
P 0x7f2a7c191628
C 342
R
P 0x7f2a7c191628
P 0x7f2a7c19c268
C 259
R
P 0x7f2a7c191628
C 342
R
P 0x7f2a7c191628
P 0x7f2a7c19c268
C 258
R
P 0x7f2a7c191628
C 342
R
P 0x7f2a7c191628
P 0x7f2a7c19c268
C 9
R
P 0x7f2a7c191628
C 342
R
P 0x7f2a7c191628
U 2
P 0x7f2a7c19c2a8
P 0x7f2a7c19c268
p 2
C 65
= 0x7f2a7c487908
R
P 0x7f2a7c191628
C 342
R
P 0x7f2a7c191628
P 0x7f2a7c487908
C 257
R
P 0x7f2a7c191628
C 342
R
P 0x7f2a7c191628
P 0x7f2a7c487908
C 254
= 0x7f2a7c19b1e8
R
P 0x7f2a7c191628
C 342
R
P 0x7f2a7c191628
P 0x7f2a7c19b1e8
C 209
R
P 0x7f2a7c191628
C 342
R
P 0x7f2a7c191628
P 0x7f2a7c487908
C 260
R
P 0x7f2a7c191628
C 342
R
P 0x7f2a7c191628
P 0x7f2a7c487908
C 259
R
P 0x7f2a7c191628
C 342
R
P 0x7f2a7c191628
P 0x7f2a7c487908
C 258
R
P 0x7f2a7c191628
C 342
R
P 0x7f2a7c191628
P 0x7f2a7c487908
C 9
R
P 0x7f2a7c191628
C 342
R
P 0x7f2a7c191628
I 2
P 0x7f2a7c19b208
C 150
= 0x7f2a7c19bcc8
R
P 0x7f2a7c191628
C 342
R
P 0x7f2a7c191628
P 0x7f2a7c19bcc8
C 258
R
P 0x7f2a7c191628
C 342
R
P 0x7f2a7c191628
P 0x7f2a7c19bcc8
C 9
R
P 0x7f2a7c191628
C 342
R
P 0x7f2a7c191628
I 1
P 0x7f2a7c19b208
C 150
= 0x7f2a7c19bc88
R
P 0x7f2a7c191628
C 342
R
P 0x7f2a7c191628
P 0x7f2a7c19bc88
C 258
R
P 0x7f2a7c191628
C 342
R
P 0x7f2a7c191628
P 0x7f2a7c19bc88
C 9
R
P 0x7f2a7c191628
C 342
R
P 0x7f2a7c191628
P 0x7f2a7c19bcc8
P 0x7f2a7c19bc88
C 75
= 0x7f2a7c1a1890
R
P 0x7f2a7c191628
C 342
R
P 0x7f2a7c191628
P 0x7f2a7c1a1890
C 258
R
P 0x7f2a7c191628
C 342
R
P 0x7f2a7c191628
P 0x7f2a7c1a1890
C 9
R
P 0x7f2a7c191628
C 342
R
P 0x7f2a7c191628
I 1
P 0x7f2a7c19b208
C 150
= 0x7f2a7c19bc88
R
P 0x7f2a7c191628
C 342
R
P 0x7f2a7c191628
P 0x7f2a7c19bc88
C 258
R
P 0x7f2a7c191628
C 342
R
P 0x7f2a7c191628
P 0x7f2a7c19bc88
C 9
R
P 0x7f2a7c191628
C 342
R
P 0x7f2a7c191628
U 2
P 0x7f2a7c19bcc8
P 0x7f2a7c19bc88
p 2
C 67
= 0x7f2a7c1a18c8
R
P 0x7f2a7c191628
C 342
R
P 0x7f2a7c191628
P 0x7f2a7c1a18c8
C 257
R
P 0x7f2a7c191628
C 342
R
P 0x7f2a7c191628
P 0x7f2a7c1a18c8
C 254
= 0x7f2a7c19b208
R
P 0x7f2a7c191628
C 342
R
P 0x7f2a7c191628
P 0x7f2a7c19b208
C 209
R
P 0x7f2a7c191628
C 342
R
P 0x7f2a7c191628
P 0x7f2a7c1a18c8
C 260
R
P 0x7f2a7c191628
C 342
R
P 0x7f2a7c191628
P 0x7f2a7c1a18c8
C 259
R
P 0x7f2a7c191628
C 342
R
P 0x7f2a7c191628
P 0x7f2a7c1a18c8
C 258
R
P 0x7f2a7c191628
C 342
R
P 0x7f2a7c191628
P 0x7f2a7c1a18c8
C 9
R
P 0x7f2a7c191628
C 342
R
P 0x7f2a7c191628
U 2
P 0x7f2a7c19bbe8
P 0x7f2a7c1a18c8
p 2
C 66
= 0x7f2a7c487d68
R
P 0x7f2a7c191628
C 342
R
P 0x7f2a7c191628
P 0x7f2a7c487d68
C 257
R
P 0x7f2a7c191628
C 342
R
P 0x7f2a7c191628
P 0x7f2a7c487d68
C 254
= 0x7f2a7c19b208
R
P 0x7f2a7c191628
C 342
R
P 0x7f2a7c191628
P 0x7f2a7c19b208
C 209
R
P 0x7f2a7c191628
C 342
R
P 0x7f2a7c191628
P 0x7f2a7c487d68
C 260
R
P 0x7f2a7c191628
C 342
R
P 0x7f2a7c191628
P 0x7f2a7c487d68
C 259
R
P 0x7f2a7c191628
C 342
R
P 0x7f2a7c191628
P 0x7f2a7c487d68
C 258
R
P 0x7f2a7c191628
C 342
R
P 0x7f2a7c191628
P 0x7f2a7c487d68
C 9
R
P 0x7f2a7c191628
C 342
R
P 0x7f2a7c191628
U 2
P 0x7f2a7c19bb88
P 0x7f2a7c487d68
p 2
C 65
= 0x7f2a7c487da0
R
P 0x7f2a7c191628
C 342
R
P 0x7f2a7c191628
P 0x7f2a7c487da0
C 257
R
P 0x7f2a7c191628
C 342
R
P 0x7f2a7c191628
P 0x7f2a7c487da0
C 254
= 0x7f2a7c19b1e8
R
P 0x7f2a7c191628
C 342
R
P 0x7f2a7c191628
P 0x7f2a7c19b1e8
C 209
R
P 0x7f2a7c191628
C 342
R
P 0x7f2a7c191628
P 0x7f2a7c487da0
C 260
R
P 0x7f2a7c191628
C 342
R
P 0x7f2a7c191628
P 0x7f2a7c487da0
C 259
R
P 0x7f2a7c191628
C 342
R
P 0x7f2a7c191628
P 0x7f2a7c487da0
C 258
R
P 0x7f2a7c191628
C 342
R
P 0x7f2a7c191628
P 0x7f2a7c487da0
C 9
R
P 0x7f2a7c191628
C 342
R
P 0x7f2a7c191628
P 0x7f2a7c1a1890
P 0x7f2a7c487da0
P 0x7f2a7c19bb88
C 59
= 0x7f2a7c19fa88
R
P 0x7f2a7c191628
C 342
R
P 0x7f2a7c191628
P 0x7f2a7c19fa88
C 257
R
P 0x7f2a7c191628
C 342
R
P 0x7f2a7c191628
P 0x7f2a7c19fa88
C 254
= 0x7f2a7c19b1e8
R
P 0x7f2a7c191628
C 342
R
P 0x7f2a7c191628
P 0x7f2a7c19b1e8
C 209
R
P 0x7f2a7c191628
C 342
R
P 0x7f2a7c191628
P 0x7f2a7c19fa88
C 260
R
P 0x7f2a7c191628
C 342
R
P 0x7f2a7c191628
P 0x7f2a7c19fa88
C 259
R
P 0x7f2a7c191628
C 342
R
P 0x7f2a7c191628
P 0x7f2a7c19fa88
C 258
R
P 0x7f2a7c191628
C 342
R
P 0x7f2a7c191628
P 0x7f2a7c19fa88
C 9
R
P 0x7f2a7c191628
C 342
R
P 0x7f2a7c191628
U 2
P 0x7f2a7c487908
P 0x7f2a7c19fa88
p 2
C 65
= 0x7f2a7c487dd8
R
P 0x7f2a7c191628
C 342
R
P 0x7f2a7c191628
P 0x7f2a7c487dd8
C 257
R
P 0x7f2a7c191628
C 342
R
P 0x7f2a7c191628
P 0x7f2a7c487dd8
C 254
= 0x7f2a7c19b1e8
R
P 0x7f2a7c191628
C 342
R
P 0x7f2a7c191628
P 0x7f2a7c19b1e8
C 209
R
P 0x7f2a7c191628
C 342
R
P 0x7f2a7c191628
P 0x7f2a7c487dd8
C 260
R
P 0x7f2a7c191628
C 342
R
P 0x7f2a7c191628
P 0x7f2a7c487dd8
C 259
R
P 0x7f2a7c191628
C 342
R
P 0x7f2a7c191628
P 0x7f2a7c487dd8
C 258
R
P 0x7f2a7c191628
C 342
R
P 0x7f2a7c191628
P 0x7f2a7c487dd8
C 9
R
P 0x7f2a7c191628
C 342
R
P 0x7f2a7c191628
P 0x7f2a7c19bca8
P 0x7f2a7c487dd8
C 74
= 0x7f2a7c48a2b8
R
P 0x7f2a7c191628
C 342
R
P 0x7f2a7c191628
P 0x7f2a7c48a2b8
C 258
R
P 0x7f2a7c191628
C 342
R
P 0x7f2a7c191628
P 0x7f2a7c48a2b8
C 9
R
P 0x7f2a7c191628
C 342
R
P 0x7f2a7c191628
U 2
P 0x7f2a7c48a280
P 0x7f2a7c48a2b8
p 2
C 63
= 0x7f2a7c48a2f0
R
P 0x7f2a7c191628
C 342
R
P 0x7f2a7c191628
P 0x7f2a7c48a2f0
C 258
R
P 0x7f2a7c191628
C 342
R
P 0x7f2a7c191628
P 0x7f2a7c48a2f0
C 9
R
P 0x7f2a7c191628
C 342
R
P 0x7f2a7c191628
P 0x7f2a7c48a248
P 0x7f2a7c48a2f0
C 61
= 0x7f2a7c48a328
R
P 0x7f2a7c191628
C 342
R
P 0x7f2a7c191628
P 0x7f2a7c48a328
C 258
R
P 0x7f2a7c191628
C 342
R
P 0x7f2a7c191628
P 0x7f2a7c48a328
C 9
R
P 0x7f2a7c191628
C 342
R
P 0x7f2a7c191628
P 0x7f2a7c1e1fc8
P 0x7f2a7c48a328
C 427
R
P 0x7f2a7c191628
C 342
R
P 0x7f2a7c191628
I 1
P 0x7f2a7c19b208
C 150
= 0x7f2a7c19bc88
R
P 0x7f2a7c191628
C 342
R
P 0x7f2a7c191628
P 0x7f2a7c19bc88
C 258
R
P 0x7f2a7c191628
C 342
R
P 0x7f2a7c191628
P 0x7f2a7c19bc88
C 9
R
P 0x7f2a7c191628
C 342
R
P 0x7f2a7c191628
I 1
P 0x7f2a7c19b208
C 150
= 0x7f2a7c19bc88
R
P 0x7f2a7c191628
C 342
R
P 0x7f2a7c191628
P 0x7f2a7c19bc88
C 258
R
P 0x7f2a7c191628
C 342
R
P 0x7f2a7c191628
P 0x7f2a7c19bc88
C 9
R
P 0x7f2a7c191628
C 342
R
P 0x7f2a7c191628
P 0x7f2a7c19bc88
P 0x7f2a7c19bc88
C 75
= 0x7f2a7c1a1778
R
P 0x7f2a7c191628
C 342
R
P 0x7f2a7c191628
P 0x7f2a7c1a1778
C 258
R
P 0x7f2a7c191628
C 342
R
P 0x7f2a7c191628
P 0x7f2a7c1a1778
C 9
R
P 0x7f2a7c191628
C 342
R
P 0x7f2a7c191628
I 1
P 0x7f2a7c19b208
C 150
= 0x7f2a7c19bc88
R
P 0x7f2a7c191628
C 342
R
P 0x7f2a7c191628
P 0x7f2a7c19bc88
C 258
R
P 0x7f2a7c191628
C 342
R
P 0x7f2a7c191628
P 0x7f2a7c19bc88
C 9
R
P 0x7f2a7c191628
C 342
R
P 0x7f2a7c191628
U 2
P 0x7f2a7c19bc88
P 0x7f2a7c19bc88
p 2
C 67
= 0x7f2a7c1a17b0
R
P 0x7f2a7c191628
C 342
R
P 0x7f2a7c191628
P 0x7f2a7c1a17b0
C 257
R
P 0x7f2a7c191628
C 342
R
P 0x7f2a7c191628
P 0x7f2a7c1a17b0
C 254
= 0x7f2a7c19b208
R
P 0x7f2a7c191628
C 342
R
P 0x7f2a7c191628
P 0x7f2a7c19b208
C 209
R
P 0x7f2a7c191628
C 342
R
P 0x7f2a7c191628
P 0x7f2a7c1a17b0
C 260
R
P 0x7f2a7c191628
C 342
R
P 0x7f2a7c191628
P 0x7f2a7c1a17b0
C 259
R
P 0x7f2a7c191628
C 342
R
P 0x7f2a7c191628
P 0x7f2a7c1a17b0
C 258
R
P 0x7f2a7c191628
C 342
R
P 0x7f2a7c191628
P 0x7f2a7c1a17b0
C 9
R
P 0x7f2a7c191628
C 342
R
P 0x7f2a7c191628
U 2
P 0x7f2a7c19bba8
P 0x7f2a7c1a17b0
p 2
C 66
= 0x7f2a7c1a17e8
R
P 0x7f2a7c191628
C 342
R
P 0x7f2a7c191628
P 0x7f2a7c1a17e8
C 257
R
P 0x7f2a7c191628
C 342
R
P 0x7f2a7c191628
P 0x7f2a7c1a17e8
C 254
= 0x7f2a7c19b1e8
R
P 0x7f2a7c191628
C 342
R
P 0x7f2a7c191628
P 0x7f2a7c19b1e8
C 209
R
P 0x7f2a7c191628
C 342
R
P 0x7f2a7c191628
P 0x7f2a7c1a17e8
C 260
R
P 0x7f2a7c191628
C 342
R
P 0x7f2a7c191628
P 0x7f2a7c1a17e8
C 259
R
P 0x7f2a7c191628
C 342
R
P 0x7f2a7c191628
P 0x7f2a7c1a17e8
C 258
R
P 0x7f2a7c191628
C 342
R
P 0x7f2a7c191628
P 0x7f2a7c1a17e8
C 9
R
P 0x7f2a7c191628
C 342
R
P 0x7f2a7c191628
U 2
P 0x7f2a7c19bc28
P 0x7f2a7c1a17e8
p 2
C 65
= 0x7f2a7c1a1820
R
P 0x7f2a7c191628
C 342
R
P 0x7f2a7c191628
P 0x7f2a7c1a1820
C 257
R
P 0x7f2a7c191628
C 342
R
P 0x7f2a7c191628
P 0x7f2a7c1a1820
C 254
= 0x7f2a7c19b1e8
R
P 0x7f2a7c191628
C 342
R
P 0x7f2a7c191628
P 0x7f2a7c19b1e8
C 209
R
P 0x7f2a7c191628
C 342
R
P 0x7f2a7c191628
P 0x7f2a7c1a1820
C 260
R
P 0x7f2a7c191628
C 342
R
P 0x7f2a7c191628
P 0x7f2a7c1a1820
C 259
R
P 0x7f2a7c191628
C 342
R
P 0x7f2a7c191628
P 0x7f2a7c1a1820
C 258
R
P 0x7f2a7c191628
C 342
R
P 0x7f2a7c191628
P 0x7f2a7c1a1820
C 9
R
P 0x7f2a7c191628
C 342
R
P 0x7f2a7c191628
P 0x7f2a7c1a1778
P 0x7f2a7c1a1820
P 0x7f2a7c19bc28
C 59
= 0x7f2a7c19f848
R
P 0x7f2a7c191628
C 342
R
P 0x7f2a7c191628
P 0x7f2a7c19f848
C 257
R
P 0x7f2a7c191628
C 342
R
P 0x7f2a7c191628
P 0x7f2a7c19f848
C 254
= 0x7f2a7c19b1e8
R
P 0x7f2a7c191628
C 342
R
P 0x7f2a7c191628
P 0x7f2a7c19b1e8
C 209
R
P 0x7f2a7c191628
C 342
R
P 0x7f2a7c191628
P 0x7f2a7c19f848
C 260
R
P 0x7f2a7c191628
C 342
R
P 0x7f2a7c191628
P 0x7f2a7c19f848
C 259
R
P 0x7f2a7c191628
C 342
R
P 0x7f2a7c191628
P 0x7f2a7c19f848
C 258
R
P 0x7f2a7c191628
C 342
R
P 0x7f2a7c191628
P 0x7f2a7c19f848
C 9
R
P 0x7f2a7c191628
C 342
R
P 0x7f2a7c191628
U 2
P 0x7f2a7c19f848
P 0x7f2a7c19bb48
p 2
C 65
= 0x7f2a7c1a1858
R
P 0x7f2a7c191628
C 342
R
P 0x7f2a7c191628
P 0x7f2a7c1a1858
C 257
R
P 0x7f2a7c191628
C 342
R
P 0x7f2a7c191628
P 0x7f2a7c1a1858
C 254
= 0x7f2a7c19b1e8
R
P 0x7f2a7c191628
C 342
R
P 0x7f2a7c191628
P 0x7f2a7c19b1e8
C 209
R
P 0x7f2a7c191628
C 342
R
P 0x7f2a7c191628
P 0x7f2a7c1a1858
C 260
R
P 0x7f2a7c191628
C 342
R
P 0x7f2a7c191628
P 0x7f2a7c1a1858
C 259
R
P 0x7f2a7c191628
C 342
R
P 0x7f2a7c191628
P 0x7f2a7c1a1858
C 258
R
P 0x7f2a7c191628
C 342
R
P 0x7f2a7c191628
P 0x7f2a7c1a1858
C 9
R
P 0x7f2a7c191628
C 342
R
P 0x7f2a7c191628
P 0x7f2a7c19bc68
C 333
R
P 0x7f2a7c191628
C 342
R
P 0x7f2a7c191628
S "slotflowPriorityStart"
C 30
R
P 0x7f2a7c191628
C 342
R
P 0x7f2a7c191628
$ |slotflowPriorityStart|
C 202
R
P 0x7f2a7c191628
C 342
R
P 0x7f2a7c191628
$ |slotflowPriorityStart|
P 0x7f2a7c19b1e8
C 51
= 0x7f2a7c19c2a8
R
P 0x7f2a7c191628
C 342
R
P 0x7f2a7c191628
P 0x7f2a7c19c2a8
C 257
R
P 0x7f2a7c191628
C 342
R
P 0x7f2a7c191628
P 0x7f2a7c19c2a8
C 254
= 0x7f2a7c19b1e8
R
P 0x7f2a7c191628
C 342
R
P 0x7f2a7c191628
P 0x7f2a7c19b1e8
C 209
R
P 0x7f2a7c191628
C 342
R
P 0x7f2a7c191628
P 0x7f2a7c19c2a8
C 260
R
P 0x7f2a7c191628
C 342
R
P 0x7f2a7c191628
P 0x7f2a7c19c2a8
C 259
R
P 0x7f2a7c191628
C 342
R
P 0x7f2a7c191628
P 0x7f2a7c19c2a8
C 258
R
P 0x7f2a7c191628
C 342
R
P 0x7f2a7c191628
P 0x7f2a7c19c2a8
C 9
R
P 0x7f2a7c191628
C 342
R
P 0x7f2a7c191628
I 3
P 0x7f2a7c19b208
C 150
= 0x7f2a7c19bfc8
R
P 0x7f2a7c191628
C 342
R
P 0x7f2a7c191628
P 0x7f2a7c19bfc8
C 258
R
P 0x7f2a7c191628
C 342
R
P 0x7f2a7c191628
P 0x7f2a7c19bfc8
C 9
R
P 0x7f2a7c191628
C 342
R
P 0x7f2a7c191628
I 1
P 0x7f2a7c19b208
C 150
= 0x7f2a7c19bc88
R
P 0x7f2a7c191628
C 342
R
P 0x7f2a7c191628
P 0x7f2a7c19bc88
C 258
R
P 0x7f2a7c191628
C 342
R
P 0x7f2a7c191628
P 0x7f2a7c19bc88
C 9
R
P 0x7f2a7c191628
C 342
R
P 0x7f2a7c191628
P 0x7f2a7c19bfc8
P 0x7f2a7c19bc88
C 75
= 0x7f2a7c487208
R
P 0x7f2a7c191628
C 342
R
P 0x7f2a7c191628
P 0x7f2a7c487208
C 258
R
P 0x7f2a7c191628
C 342
R
P 0x7f2a7c191628
P 0x7f2a7c487208
C 9
R
P 0x7f2a7c191628
C 342
R
P 0x7f2a7c191628
I 1
P 0x7f2a7c19b208
C 150
= 0x7f2a7c19bc88
R
P 0x7f2a7c191628
C 342
R
P 0x7f2a7c191628
P 0x7f2a7c19bc88
C 258
R
P 0x7f2a7c191628
C 342
R
P 0x7f2a7c191628
P 0x7f2a7c19bc88
C 9
R
P 0x7f2a7c191628
C 342
R
P 0x7f2a7c191628
U 2
P 0x7f2a7c19bfc8
P 0x7f2a7c19bc88
p 2
C 67
= 0x7f2a7c487240
R
P 0x7f2a7c191628
C 342
R
P 0x7f2a7c191628
P 0x7f2a7c487240
C 257
R
P 0x7f2a7c191628
C 342
R
P 0x7f2a7c191628
P 0x7f2a7c487240
C 254
= 0x7f2a7c19b208
R
P 0x7f2a7c191628
C 342
R
P 0x7f2a7c191628
P 0x7f2a7c19b208
C 209
R
P 0x7f2a7c191628
C 342
R
P 0x7f2a7c191628
P 0x7f2a7c487240
C 260
R
P 0x7f2a7c191628
C 342
R
P 0x7f2a7c191628
P 0x7f2a7c487240
C 259
R
P 0x7f2a7c191628
C 342
R
P 0x7f2a7c191628
P 0x7f2a7c487240
C 258
R
P 0x7f2a7c191628
C 342
R
P 0x7f2a7c191628
P 0x7f2a7c487240
C 9
R
P 0x7f2a7c191628
C 342
R
P 0x7f2a7c191628
U 2
P 0x7f2a7c19bbe8
P 0x7f2a7c487240
p 2
C 66
= 0x7f2a7c487f60
R
P 0x7f2a7c191628
C 342
R
P 0x7f2a7c191628
P 0x7f2a7c487f60
C 257
R
P 0x7f2a7c191628
C 342
R
P 0x7f2a7c191628
P 0x7f2a7c487f60
C 254
= 0x7f2a7c19b208
R
P 0x7f2a7c191628
C 342
R
P 0x7f2a7c191628
P 0x7f2a7c19b208
C 209
R
P 0x7f2a7c191628
C 342
R
P 0x7f2a7c191628
P 0x7f2a7c487f60
C 260
R
P 0x7f2a7c191628
C 342
R
P 0x7f2a7c191628
P 0x7f2a7c487f60
C 259
R
P 0x7f2a7c191628
C 342
R
P 0x7f2a7c191628
P 0x7f2a7c487f60
C 258
R
P 0x7f2a7c191628
C 342
R
P 0x7f2a7c191628
P 0x7f2a7c487f60
C 9
R
P 0x7f2a7c191628
C 342
R
P 0x7f2a7c191628
U 2
P 0x7f2a7c19bb88
P 0x7f2a7c487f60
p 2
C 65
= 0x7f2a7c487f98
R
P 0x7f2a7c191628
C 342
R
P 0x7f2a7c191628
P 0x7f2a7c487f98
C 257
R
P 0x7f2a7c191628
C 342
R
P 0x7f2a7c191628
P 0x7f2a7c487f98
C 254
= 0x7f2a7c19b1e8
R
P 0x7f2a7c191628
C 342
R
P 0x7f2a7c191628
P 0x7f2a7c19b1e8
C 209
R
P 0x7f2a7c191628
C 342
R
P 0x7f2a7c191628
P 0x7f2a7c487f98
C 260
R
P 0x7f2a7c191628
C 342
R
P 0x7f2a7c191628
P 0x7f2a7c487f98
C 259
R
P 0x7f2a7c191628
C 342
R
P 0x7f2a7c191628
P 0x7f2a7c487f98
C 258
R
P 0x7f2a7c191628
C 342
R
P 0x7f2a7c191628
P 0x7f2a7c487f98
C 9
R
P 0x7f2a7c191628
C 342
R
P 0x7f2a7c191628
P 0x7f2a7c487208
P 0x7f2a7c487f98
P 0x7f2a7c19bb88
C 59
= 0x7f2a7c19fac8
R
P 0x7f2a7c191628
C 342
R
P 0x7f2a7c191628
P 0x7f2a7c19fac8
C 257
R
P 0x7f2a7c191628
C 342
R
P 0x7f2a7c191628
P 0x7f2a7c19fac8
C 254
= 0x7f2a7c19b1e8
R
P 0x7f2a7c191628
C 342
R
P 0x7f2a7c191628
P 0x7f2a7c19b1e8
C 209
R
P 0x7f2a7c191628
C 342
R
P 0x7f2a7c191628
P 0x7f2a7c19fac8
C 260
R
P 0x7f2a7c191628
C 342
R
P 0x7f2a7c191628
P 0x7f2a7c19fac8
C 259
R
P 0x7f2a7c191628
C 342
R
P 0x7f2a7c191628
P 0x7f2a7c19fac8
C 258
R
P 0x7f2a7c191628
C 342
R
P 0x7f2a7c191628
P 0x7f2a7c19fac8
C 9
R
P 0x7f2a7c191628
C 342
R
P 0x7f2a7c191628
U 2
P 0x7f2a7c19c2a8
P 0x7f2a7c19fac8
p 2
C 65
= 0x7f2a7c488078
R
P 0x7f2a7c191628
C 342
R
P 0x7f2a7c191628
P 0x7f2a7c488078
C 257
R
P 0x7f2a7c191628
C 342
R
P 0x7f2a7c191628
P 0x7f2a7c488078
C 254
= 0x7f2a7c19b1e8
R
P 0x7f2a7c191628
C 342
R
P 0x7f2a7c191628
P 0x7f2a7c19b1e8
C 209
R
P 0x7f2a7c191628
C 342
R
P 0x7f2a7c191628
P 0x7f2a7c488078
C 260
R
P 0x7f2a7c191628
C 342
R
P 0x7f2a7c191628
P 0x7f2a7c488078
C 259
R
P 0x7f2a7c191628
C 342
R
P 0x7f2a7c191628
P 0x7f2a7c488078
C 258
R
P 0x7f2a7c191628
C 342
R
P 0x7f2a7c191628
P 0x7f2a7c488078
C 9
R
P 0x7f2a7c191628
C 342
R
P 0x7f2a7c191628
P 0x7f2a7c1a1858
P 0x7f2a7c488078
C 73
= 0x7f2a7c48a360
R
P 0x7f2a7c191628
C 342
R
P 0x7f2a7c191628
P 0x7f2a7c48a360
C 258
R
P 0x7f2a7c191628
C 342
R
P 0x7f2a7c191628
P 0x7f2a7c48a360
C 9
R
P 0x7f2a7c191628
C 342
R
P 0x7f2a7c191628
I 1
P 0x7f2a7c19b208
C 150
= 0x7f2a7c19bc88
R
P 0x7f2a7c191628
C 342
R
P 0x7f2a7c191628
P 0x7f2a7c19bc88
C 258
R
P 0x7f2a7c191628
C 342
R
P 0x7f2a7c191628
P 0x7f2a7c19bc88
C 9
R
P 0x7f2a7c191628
C 342
R
P 0x7f2a7c191628
I 1
P 0x7f2a7c19b208
C 150
= 0x7f2a7c19bc88
R
P 0x7f2a7c191628
C 342
R
P 0x7f2a7c191628
P 0x7f2a7c19bc88
C 258
R
P 0x7f2a7c191628
C 342
R
P 0x7f2a7c191628
P 0x7f2a7c19bc88
C 9
R
P 0x7f2a7c191628
C 342
R
P 0x7f2a7c191628
P 0x7f2a7c19bc88
P 0x7f2a7c19bc88
C 75
= 0x7f2a7c1a1778
R
P 0x7f2a7c191628
C 342
R
P 0x7f2a7c191628
P 0x7f2a7c1a1778
C 258
R
P 0x7f2a7c191628
C 342
R
P 0x7f2a7c191628
P 0x7f2a7c1a1778
C 9
R
P 0x7f2a7c191628
C 342
R
P 0x7f2a7c191628
I 1
P 0x7f2a7c19b208
C 150
= 0x7f2a7c19bc88
R
P 0x7f2a7c191628
C 342
R
P 0x7f2a7c191628
P 0x7f2a7c19bc88
C 258
R
P 0x7f2a7c191628
C 342
R
P 0x7f2a7c191628
P 0x7f2a7c19bc88
C 9
R
P 0x7f2a7c191628
C 342
R
P 0x7f2a7c191628
U 2
P 0x7f2a7c19bc88
P 0x7f2a7c19bc88
p 2
C 67
= 0x7f2a7c1a17b0
R
P 0x7f2a7c191628
C 342
R
P 0x7f2a7c191628
P 0x7f2a7c1a17b0
C 257
R
P 0x7f2a7c191628
C 342
R
P 0x7f2a7c191628
P 0x7f2a7c1a17b0
C 254
= 0x7f2a7c19b208
R
P 0x7f2a7c191628
C 342
R
P 0x7f2a7c191628
P 0x7f2a7c19b208
C 209
R
P 0x7f2a7c191628
C 342
R
P 0x7f2a7c191628
P 0x7f2a7c1a17b0
C 260
R
P 0x7f2a7c191628
C 342
R
P 0x7f2a7c191628
P 0x7f2a7c1a17b0
C 259
R
P 0x7f2a7c191628
C 342
R
P 0x7f2a7c191628
P 0x7f2a7c1a17b0
C 258
R
P 0x7f2a7c191628
C 342
R
P 0x7f2a7c191628
P 0x7f2a7c1a17b0
C 9
R
P 0x7f2a7c191628
C 342
R
P 0x7f2a7c191628
U 2
P 0x7f2a7c19bba8
P 0x7f2a7c1a17b0
p 2
C 66
= 0x7f2a7c1a17e8
R
P 0x7f2a7c191628
C 342
R
P 0x7f2a7c191628
P 0x7f2a7c1a17e8
C 257
R
P 0x7f2a7c191628
C 342
R
P 0x7f2a7c191628
P 0x7f2a7c1a17e8
C 254
= 0x7f2a7c19b1e8
R
P 0x7f2a7c191628
C 342
R
P 0x7f2a7c191628
P 0x7f2a7c19b1e8
C 209
R
P 0x7f2a7c191628
C 342
R
P 0x7f2a7c191628
P 0x7f2a7c1a17e8
C 260
R
P 0x7f2a7c191628
C 342
R
P 0x7f2a7c191628
P 0x7f2a7c1a17e8
C 259
R
P 0x7f2a7c191628
C 342
R
P 0x7f2a7c191628
P 0x7f2a7c1a17e8
C 258
R
P 0x7f2a7c191628
C 342
R
P 0x7f2a7c191628
P 0x7f2a7c1a17e8
C 9
R
P 0x7f2a7c191628
C 342
R
P 0x7f2a7c191628
U 2
P 0x7f2a7c19bc28
P 0x7f2a7c1a17e8
p 2
C 65
= 0x7f2a7c1a1820
R
P 0x7f2a7c191628
C 342
R
P 0x7f2a7c191628
P 0x7f2a7c1a1820
C 257
R
P 0x7f2a7c191628
C 342
R
P 0x7f2a7c191628
P 0x7f2a7c1a1820
C 254
= 0x7f2a7c19b1e8
R
P 0x7f2a7c191628
C 342
R
P 0x7f2a7c191628
P 0x7f2a7c19b1e8
C 209
R
P 0x7f2a7c191628
C 342
R
P 0x7f2a7c191628
P 0x7f2a7c1a1820
C 260
R
P 0x7f2a7c191628
C 342
R
P 0x7f2a7c191628
P 0x7f2a7c1a1820
C 259
R
P 0x7f2a7c191628
C 342
R
P 0x7f2a7c191628
P 0x7f2a7c1a1820
C 258
R
P 0x7f2a7c191628
C 342
R
P 0x7f2a7c191628
P 0x7f2a7c1a1820
C 9
R
P 0x7f2a7c191628
C 342
R
P 0x7f2a7c191628
P 0x7f2a7c1a1778
P 0x7f2a7c1a1820
P 0x7f2a7c19bc28
C 59
= 0x7f2a7c19f848
R
P 0x7f2a7c191628
C 342
R
P 0x7f2a7c191628
P 0x7f2a7c19f848
C 257
R
P 0x7f2a7c191628
C 342
R
P 0x7f2a7c191628
P 0x7f2a7c19f848
C 254
= 0x7f2a7c19b1e8
R
P 0x7f2a7c191628
C 342
R
P 0x7f2a7c191628
P 0x7f2a7c19b1e8
C 209
R
P 0x7f2a7c191628
C 342
R
P 0x7f2a7c191628
P 0x7f2a7c19f848
C 260
R
P 0x7f2a7c191628
C 342
R
P 0x7f2a7c191628
P 0x7f2a7c19f848
C 259
R
P 0x7f2a7c191628
C 342
R
P 0x7f2a7c191628
P 0x7f2a7c19f848
C 258
R
P 0x7f2a7c191628
C 342
R
P 0x7f2a7c191628
P 0x7f2a7c19f848
C 9
R
P 0x7f2a7c191628
C 342
R
P 0x7f2a7c191628
U 2
P 0x7f2a7c19f848
P 0x7f2a7c19bb48
p 2
C 65
= 0x7f2a7c1a1858
R
P 0x7f2a7c191628
C 342
R
P 0x7f2a7c191628
P 0x7f2a7c1a1858
C 257
R
P 0x7f2a7c191628
C 342
R
P 0x7f2a7c191628
P 0x7f2a7c1a1858
C 254
= 0x7f2a7c19b1e8
R
P 0x7f2a7c191628
C 342
R
P 0x7f2a7c191628
P 0x7f2a7c19b1e8
C 209
R
P 0x7f2a7c191628
C 342
R
P 0x7f2a7c191628
P 0x7f2a7c1a1858
C 260
R
P 0x7f2a7c191628
C 342
R
P 0x7f2a7c191628
P 0x7f2a7c1a1858
C 259
R
P 0x7f2a7c191628
C 342
R
P 0x7f2a7c191628
P 0x7f2a7c1a1858
C 258
R
P 0x7f2a7c191628
C 342
R
P 0x7f2a7c191628
P 0x7f2a7c1a1858
C 9
R
P 0x7f2a7c191628
C 342
R
P 0x7f2a7c191628
I 3
P 0x7f2a7c19b208
C 150
= 0x7f2a7c19bfc8
R
P 0x7f2a7c191628
C 342
R
P 0x7f2a7c191628
P 0x7f2a7c19bfc8
C 258
R
P 0x7f2a7c191628
C 342
R
P 0x7f2a7c191628
P 0x7f2a7c19bfc8
C 9
R
P 0x7f2a7c191628
C 342
R
P 0x7f2a7c191628
I 1
P 0x7f2a7c19b208
C 150
= 0x7f2a7c19bc88
R
P 0x7f2a7c191628
C 342
R
P 0x7f2a7c191628
P 0x7f2a7c19bc88
C 258
R
P 0x7f2a7c191628
C 342
R
P 0x7f2a7c191628
P 0x7f2a7c19bc88
C 9
R
P 0x7f2a7c191628
C 342
R
P 0x7f2a7c191628
P 0x7f2a7c19bfc8
P 0x7f2a7c19bc88
C 75
= 0x7f2a7c487208
R
P 0x7f2a7c191628
C 342
R
P 0x7f2a7c191628
P 0x7f2a7c487208
C 258
R
P 0x7f2a7c191628
C 342
R
P 0x7f2a7c191628
P 0x7f2a7c487208
C 9
R
P 0x7f2a7c191628
C 342
R
P 0x7f2a7c191628
I 1
P 0x7f2a7c19b208
C 150
= 0x7f2a7c19bc88
R
P 0x7f2a7c191628
C 342
R
P 0x7f2a7c191628
P 0x7f2a7c19bc88
C 258
R
P 0x7f2a7c191628
C 342
R
P 0x7f2a7c191628
P 0x7f2a7c19bc88
C 9
R
P 0x7f2a7c191628
C 342
R
P 0x7f2a7c191628
U 2
P 0x7f2a7c19bfc8
P 0x7f2a7c19bc88
p 2
C 67
= 0x7f2a7c487240
R
P 0x7f2a7c191628
C 342
R
P 0x7f2a7c191628
P 0x7f2a7c487240
C 257
R
P 0x7f2a7c191628
C 342
R
P 0x7f2a7c191628
P 0x7f2a7c487240
C 254
= 0x7f2a7c19b208
R
P 0x7f2a7c191628
C 342
R
P 0x7f2a7c191628
P 0x7f2a7c19b208
C 209
R
P 0x7f2a7c191628
C 342
R
P 0x7f2a7c191628
P 0x7f2a7c487240
C 260
R
P 0x7f2a7c191628
C 342
R
P 0x7f2a7c191628
P 0x7f2a7c487240
C 259
R
P 0x7f2a7c191628
C 342
R
P 0x7f2a7c191628
P 0x7f2a7c487240
C 258
R
P 0x7f2a7c191628
C 342
R
P 0x7f2a7c191628
P 0x7f2a7c487240
C 9
R
P 0x7f2a7c191628
C 342
R
P 0x7f2a7c191628
U 2
P 0x7f2a7c19bbe8
P 0x7f2a7c487240
p 2
C 66
= 0x7f2a7c487f60
R
P 0x7f2a7c191628
C 342
R
P 0x7f2a7c191628
P 0x7f2a7c487f60
C 257
R
P 0x7f2a7c191628
C 342
R
P 0x7f2a7c191628
P 0x7f2a7c487f60
C 254
= 0x7f2a7c19b208
R
P 0x7f2a7c191628
C 342
R
P 0x7f2a7c191628
P 0x7f2a7c19b208
C 209
R
P 0x7f2a7c191628
C 342
R
P 0x7f2a7c191628
P 0x7f2a7c487f60
C 260
R
P 0x7f2a7c191628
C 342
R
P 0x7f2a7c191628
P 0x7f2a7c487f60
C 259
R
P 0x7f2a7c191628
C 342
R
P 0x7f2a7c191628
P 0x7f2a7c487f60
C 258
R
P 0x7f2a7c191628
C 342
R
P 0x7f2a7c191628
P 0x7f2a7c487f60
C 9
R
P 0x7f2a7c191628
C 342
R
P 0x7f2a7c191628
U 2
P 0x7f2a7c19bb88
P 0x7f2a7c487f60
p 2
C 65
= 0x7f2a7c487f98
R
P 0x7f2a7c191628
C 342
R
P 0x7f2a7c191628
P 0x7f2a7c487f98
C 257
R
P 0x7f2a7c191628
C 342
R
P 0x7f2a7c191628
P 0x7f2a7c487f98
C 254
= 0x7f2a7c19b1e8
R
P 0x7f2a7c191628
C 342
R
P 0x7f2a7c191628
P 0x7f2a7c19b1e8
C 209
R
P 0x7f2a7c191628
C 342
R
P 0x7f2a7c191628
P 0x7f2a7c487f98
C 260
R
P 0x7f2a7c191628
C 342
R
P 0x7f2a7c191628
P 0x7f2a7c487f98
C 259
R
P 0x7f2a7c191628
C 342
R
P 0x7f2a7c191628
P 0x7f2a7c487f98
C 258
R
P 0x7f2a7c191628
C 342
R
P 0x7f2a7c191628
P 0x7f2a7c487f98
C 9
R
P 0x7f2a7c191628
C 342
R
P 0x7f2a7c191628
P 0x7f2a7c487208
P 0x7f2a7c487f98
P 0x7f2a7c19bb88
C 59
= 0x7f2a7c19fac8
R
P 0x7f2a7c191628
C 342
R
P 0x7f2a7c191628
P 0x7f2a7c19fac8
C 257
R
P 0x7f2a7c191628
C 342
R
P 0x7f2a7c191628
P 0x7f2a7c19fac8
C 254
= 0x7f2a7c19b1e8
R
P 0x7f2a7c191628
C 342
R
P 0x7f2a7c191628
P 0x7f2a7c19b1e8
C 209
R
P 0x7f2a7c191628
C 342
R
P 0x7f2a7c191628
P 0x7f2a7c19fac8
C 260
R
P 0x7f2a7c191628
C 342
R
P 0x7f2a7c191628
P 0x7f2a7c19fac8
C 259
R
P 0x7f2a7c191628
C 342
R
P 0x7f2a7c191628
P 0x7f2a7c19fac8
C 258
R
P 0x7f2a7c191628
C 342
R
P 0x7f2a7c191628
P 0x7f2a7c19fac8
C 9
R
P 0x7f2a7c191628
C 342
R
P 0x7f2a7c191628
P 0x7f2a7c1a1858
P 0x7f2a7c19fac8
C 76
= 0x7f2a7c48a398
R
P 0x7f2a7c191628
C 342
R
P 0x7f2a7c191628
P 0x7f2a7c48a398
C 258
R
P 0x7f2a7c191628
C 342
R
P 0x7f2a7c191628
P 0x7f2a7c48a398
C 9
R
P 0x7f2a7c191628
C 342
R
P 0x7f2a7c191628
U 2
P 0x7f2a7c48a360
P 0x7f2a7c48a398
p 2
C 63
= 0x7f2a7c48a3d0
R
P 0x7f2a7c191628
C 342
R
P 0x7f2a7c191628
P 0x7f2a7c48a3d0
C 258
R
P 0x7f2a7c191628
C 342
R
P 0x7f2a7c191628
P 0x7f2a7c48a3d0
C 9
R
P 0x7f2a7c191628
C 342
R
P 0x7f2a7c191628
I 1
P 0x7f2a7c19b208
C 150
= 0x7f2a7c19bc88
R
P 0x7f2a7c191628
C 342
R
P 0x7f2a7c191628
P 0x7f2a7c19bc88
C 258
R
P 0x7f2a7c191628
C 342
R
P 0x7f2a7c191628
P 0x7f2a7c19bc88
C 9
R
P 0x7f2a7c191628
C 342
R
P 0x7f2a7c191628
P 0x7f2a7c19bc88
C 263
R
P 0x7f2a7c191628
C 342
R
P 0x7f2a7c191628
S "dev0T31"
C 30
R
P 0x7f2a7c191628
C 342
R
P 0x7f2a7c191628
$ |dev0T31|
C 202
R
P 0x7f2a7c191628
C 342
R
P 0x7f2a7c191628
$ |dev0T31|
P 0x7f2a7c19b1e8
C 51
= 0x7f2a7c19bca8
R
P 0x7f2a7c191628
C 342
R
P 0x7f2a7c191628
P 0x7f2a7c19bca8
C 257
R
P 0x7f2a7c191628
C 342
R
P 0x7f2a7c191628
P 0x7f2a7c19bca8
C 254
= 0x7f2a7c19b1e8
R
P 0x7f2a7c191628
C 342
R
P 0x7f2a7c191628
P 0x7f2a7c19b1e8
C 209
R
P 0x7f2a7c191628
C 342
R
P 0x7f2a7c191628
P 0x7f2a7c19bca8
C 260
R
P 0x7f2a7c191628
C 342
R
P 0x7f2a7c191628
P 0x7f2a7c19bca8
C 259
R
P 0x7f2a7c191628
C 342
R
P 0x7f2a7c191628
P 0x7f2a7c19bca8
C 258
R
P 0x7f2a7c191628
C 342
R
P 0x7f2a7c191628
P 0x7f2a7c19bca8
C 9
R
P 0x7f2a7c191628
C 342
R
P 0x7f2a7c191628
P 0x7f2a7c19bc68
C 333
R
P 0x7f2a7c191628
C 342
R
P 0x7f2a7c191628
S "slotflowPriorityStart"
C 30
R
P 0x7f2a7c191628
C 342
R
P 0x7f2a7c191628
$ |slotflowPriorityStart|
C 202
R
P 0x7f2a7c191628
C 342
R
P 0x7f2a7c191628
$ |slotflowPriorityStart|
P 0x7f2a7c19b1e8
C 51
= 0x7f2a7c19c2a8
R
P 0x7f2a7c191628
C 342
R
P 0x7f2a7c191628
P 0x7f2a7c19c2a8
C 257
R
P 0x7f2a7c191628
C 342
R
P 0x7f2a7c191628
P 0x7f2a7c19c2a8
C 254
= 0x7f2a7c19b1e8
R
P 0x7f2a7c191628
C 342
R
P 0x7f2a7c191628
P 0x7f2a7c19b1e8
C 209
R
P 0x7f2a7c191628
C 342
R
P 0x7f2a7c191628
P 0x7f2a7c19c2a8
C 260
R
P 0x7f2a7c191628
C 342
R
P 0x7f2a7c191628
P 0x7f2a7c19c2a8
C 259
R
P 0x7f2a7c191628
C 342
R
P 0x7f2a7c191628
P 0x7f2a7c19c2a8
C 258
R
P 0x7f2a7c191628
C 342
R
P 0x7f2a7c191628
P 0x7f2a7c19c2a8
C 9
R
P 0x7f2a7c191628
C 342
R
P 0x7f2a7c191628
I 3
P 0x7f2a7c19b208
C 150
= 0x7f2a7c19bfc8
R
P 0x7f2a7c191628
C 342
R
P 0x7f2a7c191628
P 0x7f2a7c19bfc8
C 258
R
P 0x7f2a7c191628
C 342
R
P 0x7f2a7c191628
P 0x7f2a7c19bfc8
C 9
R
P 0x7f2a7c191628
C 342
R
P 0x7f2a7c191628
I 1
P 0x7f2a7c19b208
C 150
= 0x7f2a7c19bc88
R
P 0x7f2a7c191628
C 342
R
P 0x7f2a7c191628
P 0x7f2a7c19bc88
C 258
R
P 0x7f2a7c191628
C 342
R
P 0x7f2a7c191628
P 0x7f2a7c19bc88
C 9
R
P 0x7f2a7c191628
C 342
R
P 0x7f2a7c191628
P 0x7f2a7c19bfc8
P 0x7f2a7c19bc88
C 75
= 0x7f2a7c487208
R
P 0x7f2a7c191628
C 342
R
P 0x7f2a7c191628
P 0x7f2a7c487208
C 258
R
P 0x7f2a7c191628
C 342
R
P 0x7f2a7c191628
P 0x7f2a7c487208
C 9
R
P 0x7f2a7c191628
C 342
R
P 0x7f2a7c191628
I 1
P 0x7f2a7c19b208
C 150
= 0x7f2a7c19bc88
R
P 0x7f2a7c191628
C 342
R
P 0x7f2a7c191628
P 0x7f2a7c19bc88
C 258
R
P 0x7f2a7c191628
C 342
R
P 0x7f2a7c191628
P 0x7f2a7c19bc88
C 9
R
P 0x7f2a7c191628
C 342
R
P 0x7f2a7c191628
U 2
P 0x7f2a7c19bfc8
P 0x7f2a7c19bc88
p 2
C 67
= 0x7f2a7c487240
R
P 0x7f2a7c191628
C 342
R
P 0x7f2a7c191628
P 0x7f2a7c487240
C 257
R
P 0x7f2a7c191628
C 342
R
P 0x7f2a7c191628
P 0x7f2a7c487240
C 254
= 0x7f2a7c19b208
R
P 0x7f2a7c191628
C 342
R
P 0x7f2a7c191628
P 0x7f2a7c19b208
C 209
R
P 0x7f2a7c191628
C 342
R
P 0x7f2a7c191628
P 0x7f2a7c487240
C 260
R
P 0x7f2a7c191628
C 342
R
P 0x7f2a7c191628
P 0x7f2a7c487240
C 259
R
P 0x7f2a7c191628
C 342
R
P 0x7f2a7c191628
P 0x7f2a7c487240
C 258
R
P 0x7f2a7c191628
C 342
R
P 0x7f2a7c191628
P 0x7f2a7c487240
C 9
R
P 0x7f2a7c191628
C 342
R
P 0x7f2a7c191628
U 2
P 0x7f2a7c19bbe8
P 0x7f2a7c487240
p 2
C 66
= 0x7f2a7c487f60
R
P 0x7f2a7c191628
C 342
R
P 0x7f2a7c191628
P 0x7f2a7c487f60
C 257
R
P 0x7f2a7c191628
C 342
R
P 0x7f2a7c191628
P 0x7f2a7c487f60
C 254
= 0x7f2a7c19b208
R
P 0x7f2a7c191628
C 342
R
P 0x7f2a7c191628
P 0x7f2a7c19b208
C 209
R
P 0x7f2a7c191628
C 342
R
P 0x7f2a7c191628
P 0x7f2a7c487f60
C 260
R
P 0x7f2a7c191628
C 342
R
P 0x7f2a7c191628
P 0x7f2a7c487f60
C 259
R
P 0x7f2a7c191628
C 342
R
P 0x7f2a7c191628
P 0x7f2a7c487f60
C 258
R
P 0x7f2a7c191628
C 342
R
P 0x7f2a7c191628
P 0x7f2a7c487f60
C 9
R
P 0x7f2a7c191628
C 342
R
P 0x7f2a7c191628
U 2
P 0x7f2a7c19bb88
P 0x7f2a7c487f60
p 2
C 65
= 0x7f2a7c487f98
R
P 0x7f2a7c191628
C 342
R
P 0x7f2a7c191628
P 0x7f2a7c487f98
C 257
R
P 0x7f2a7c191628
C 342
R
P 0x7f2a7c191628
P 0x7f2a7c487f98
C 254
= 0x7f2a7c19b1e8
R
P 0x7f2a7c191628
C 342
R
P 0x7f2a7c191628
P 0x7f2a7c19b1e8
C 209
R
P 0x7f2a7c191628
C 342
R
P 0x7f2a7c191628
P 0x7f2a7c487f98
C 260
R
P 0x7f2a7c191628
C 342
R
P 0x7f2a7c191628
P 0x7f2a7c487f98
C 259
R
P 0x7f2a7c191628
C 342
R
P 0x7f2a7c191628
P 0x7f2a7c487f98
C 258
R
P 0x7f2a7c191628
C 342
R
P 0x7f2a7c191628
P 0x7f2a7c487f98
C 9
R
P 0x7f2a7c191628
C 342
R
P 0x7f2a7c191628
P 0x7f2a7c487208
P 0x7f2a7c487f98
P 0x7f2a7c19bb88
C 59
= 0x7f2a7c19fac8
R
P 0x7f2a7c191628
C 342
R
P 0x7f2a7c191628
P 0x7f2a7c19fac8
C 257
R
P 0x7f2a7c191628
C 342
R
P 0x7f2a7c191628
P 0x7f2a7c19fac8
C 254
= 0x7f2a7c19b1e8
R
P 0x7f2a7c191628
C 342
R
P 0x7f2a7c191628
P 0x7f2a7c19b1e8
C 209
R
P 0x7f2a7c191628
C 342
R
P 0x7f2a7c191628
P 0x7f2a7c19fac8
C 260
R
P 0x7f2a7c191628
C 342
R
P 0x7f2a7c191628
P 0x7f2a7c19fac8
C 259
R
P 0x7f2a7c191628
C 342
R
P 0x7f2a7c191628
P 0x7f2a7c19fac8
C 258
R
P 0x7f2a7c191628
C 342
R
P 0x7f2a7c191628
P 0x7f2a7c19fac8
C 9
R
P 0x7f2a7c191628
C 342
R
P 0x7f2a7c191628
U 2
P 0x7f2a7c19c2a8
P 0x7f2a7c19fac8
p 2
C 65
= 0x7f2a7c488078
R
P 0x7f2a7c191628
C 342
R
P 0x7f2a7c191628
P 0x7f2a7c488078
C 257
R
P 0x7f2a7c191628
C 342
R
P 0x7f2a7c191628
P 0x7f2a7c488078
C 254
= 0x7f2a7c19b1e8
R
P 0x7f2a7c191628
C 342
R
P 0x7f2a7c191628
P 0x7f2a7c19b1e8
C 209
R
P 0x7f2a7c191628
C 342
R
P 0x7f2a7c191628
P 0x7f2a7c488078
C 260
R
P 0x7f2a7c191628
C 342
R
P 0x7f2a7c191628
P 0x7f2a7c488078
C 259
R
P 0x7f2a7c191628
C 342
R
P 0x7f2a7c191628
P 0x7f2a7c488078
C 258
R
P 0x7f2a7c191628
C 342
R
P 0x7f2a7c191628
P 0x7f2a7c488078
C 9
R
P 0x7f2a7c191628
C 342
R
P 0x7f2a7c191628
U 2
P 0x7f2a7c488078
P 0x7f2a7c19bb68
p 2
C 65
= 0x7f2a7c489bf0
R
P 0x7f2a7c191628
C 342
R
P 0x7f2a7c191628
P 0x7f2a7c489bf0
C 257
R
P 0x7f2a7c191628
C 342
R
P 0x7f2a7c191628
P 0x7f2a7c489bf0
C 254
= 0x7f2a7c19b1e8
R
P 0x7f2a7c191628
C 342
R
P 0x7f2a7c191628
P 0x7f2a7c19b1e8
C 209
R
P 0x7f2a7c191628
C 342
R
P 0x7f2a7c191628
P 0x7f2a7c489bf0
C 260
R
P 0x7f2a7c191628
C 342
R
P 0x7f2a7c191628
P 0x7f2a7c489bf0
C 259
R
P 0x7f2a7c191628
C 342
R
P 0x7f2a7c191628
P 0x7f2a7c489bf0
C 258
R
P 0x7f2a7c191628
C 342
R
P 0x7f2a7c191628
P 0x7f2a7c489bf0
C 9
R
P 0x7f2a7c191628
C 342
R
P 0x7f2a7c191628
P 0x7f2a7c19bca8
P 0x7f2a7c489bf0
C 76
= 0x7f2a7c48a408
R
P 0x7f2a7c191628
C 342
R
P 0x7f2a7c191628
P 0x7f2a7c48a408
C 258
R
P 0x7f2a7c191628
C 342
R
P 0x7f2a7c191628
P 0x7f2a7c48a408
C 9
R
P 0x7f2a7c191628
C 342
R
P 0x7f2a7c191628
I 1
P 0x7f2a7c19b208
C 150
= 0x7f2a7c19bc88
R
P 0x7f2a7c191628
C 342
R
P 0x7f2a7c191628
P 0x7f2a7c19bc88
C 258
R
P 0x7f2a7c191628
C 342
R
P 0x7f2a7c191628
P 0x7f2a7c19bc88
C 9
R
P 0x7f2a7c191628
C 342
R
P 0x7f2a7c191628
P 0x7f2a7c19bc88
C 263
R
P 0x7f2a7c191628
C 342
R
P 0x7f2a7c191628
S "dev0T31"
C 30
R
P 0x7f2a7c191628
C 342
R
P 0x7f2a7c191628
$ |dev0T31|
C 202
R
P 0x7f2a7c191628
C 342
R
P 0x7f2a7c191628
$ |dev0T31|
P 0x7f2a7c19b1e8
C 51
= 0x7f2a7c19bca8
R
P 0x7f2a7c191628
C 342
R
P 0x7f2a7c191628
P 0x7f2a7c19bca8
C 257
R
P 0x7f2a7c191628
C 342
R
P 0x7f2a7c191628
P 0x7f2a7c19bca8
C 254
= 0x7f2a7c19b1e8
R
P 0x7f2a7c191628
C 342
R
P 0x7f2a7c191628
P 0x7f2a7c19b1e8
C 209
R
P 0x7f2a7c191628
C 342
R
P 0x7f2a7c191628
P 0x7f2a7c19bca8
C 260
R
P 0x7f2a7c191628
C 342
R
P 0x7f2a7c191628
P 0x7f2a7c19bca8
C 259
R
P 0x7f2a7c191628
C 342
R
P 0x7f2a7c191628
P 0x7f2a7c19bca8
C 258
R
P 0x7f2a7c191628
C 342
R
P 0x7f2a7c191628
P 0x7f2a7c19bca8
C 9
R
P 0x7f2a7c191628
C 342
R
P 0x7f2a7c191628
P 0x7f2a7c19bc68
C 333
R
P 0x7f2a7c191628
C 342
R
P 0x7f2a7c191628
S "slotflowPriorityStart"
C 30
R
P 0x7f2a7c191628
C 342
R
P 0x7f2a7c191628
$ |slotflowPriorityStart|
C 202
R
P 0x7f2a7c191628
C 342
R
P 0x7f2a7c191628
$ |slotflowPriorityStart|
P 0x7f2a7c19b1e8
C 51
= 0x7f2a7c19c2a8
R
P 0x7f2a7c191628
C 342
R
P 0x7f2a7c191628
P 0x7f2a7c19c2a8
C 257
R
P 0x7f2a7c191628
C 342
R
P 0x7f2a7c191628
P 0x7f2a7c19c2a8
C 254
= 0x7f2a7c19b1e8
R
P 0x7f2a7c191628
C 342
R
P 0x7f2a7c191628
P 0x7f2a7c19b1e8
C 209
R
P 0x7f2a7c191628
C 342
R
P 0x7f2a7c191628
P 0x7f2a7c19c2a8
C 260
R
P 0x7f2a7c191628
C 342
R
P 0x7f2a7c191628
P 0x7f2a7c19c2a8
C 259
R
P 0x7f2a7c191628
C 342
R
P 0x7f2a7c191628
P 0x7f2a7c19c2a8
C 258
R
P 0x7f2a7c191628
C 342
R
P 0x7f2a7c191628
P 0x7f2a7c19c2a8
C 9
R
P 0x7f2a7c191628
C 342
R
P 0x7f2a7c191628
P 0x7f2a7c19bc68
C 333
R
P 0x7f2a7c191628
C 342
R
P 0x7f2a7c191628
S "slotflowPriorityDuration"
C 30
R
P 0x7f2a7c191628
C 342
R
P 0x7f2a7c191628
$ |slotflowPriorityDuration|
C 202
R
P 0x7f2a7c191628
C 342
R
P 0x7f2a7c191628
$ |slotflowPriorityDuration|
P 0x7f2a7c19b1e8
C 51
= 0x7f2a7c19c268
R
P 0x7f2a7c191628
C 342
R
P 0x7f2a7c191628
P 0x7f2a7c19c268
C 257
R
P 0x7f2a7c191628
C 342
R
P 0x7f2a7c191628
P 0x7f2a7c19c268
C 254
= 0x7f2a7c19b1e8
R
P 0x7f2a7c191628
C 342
R
P 0x7f2a7c191628
P 0x7f2a7c19b1e8
C 209
R
P 0x7f2a7c191628
C 342
R
P 0x7f2a7c191628
P 0x7f2a7c19c268
C 260
R
P 0x7f2a7c191628
C 342
R
P 0x7f2a7c191628
P 0x7f2a7c19c268
C 259
R
P 0x7f2a7c191628
C 342
R
P 0x7f2a7c191628
P 0x7f2a7c19c268
C 258
R
P 0x7f2a7c191628
C 342
R
P 0x7f2a7c191628
P 0x7f2a7c19c268
C 9
R
P 0x7f2a7c191628
C 342
R
P 0x7f2a7c191628
U 2
P 0x7f2a7c19c2a8
P 0x7f2a7c19c268
p 2
C 65
= 0x7f2a7c487908
R
P 0x7f2a7c191628
C 342
R
P 0x7f2a7c191628
P 0x7f2a7c487908
C 257
R
P 0x7f2a7c191628
C 342
R
P 0x7f2a7c191628
P 0x7f2a7c487908
C 254
= 0x7f2a7c19b1e8
R
P 0x7f2a7c191628
C 342
R
P 0x7f2a7c191628
P 0x7f2a7c19b1e8
C 209
R
P 0x7f2a7c191628
C 342
R
P 0x7f2a7c191628
P 0x7f2a7c487908
C 260
R
P 0x7f2a7c191628
C 342
R
P 0x7f2a7c191628
P 0x7f2a7c487908
C 259
R
P 0x7f2a7c191628
C 342
R
P 0x7f2a7c191628
P 0x7f2a7c487908
C 258
R
P 0x7f2a7c191628
C 342
R
P 0x7f2a7c191628
P 0x7f2a7c487908
C 9
R
P 0x7f2a7c191628
C 342
R
P 0x7f2a7c191628
I 3
P 0x7f2a7c19b208
C 150
= 0x7f2a7c19bfc8
R
P 0x7f2a7c191628
C 342
R
P 0x7f2a7c191628
P 0x7f2a7c19bfc8
C 258
R
P 0x7f2a7c191628
C 342
R
P 0x7f2a7c191628
P 0x7f2a7c19bfc8
C 9
R
P 0x7f2a7c191628
C 342
R
P 0x7f2a7c191628
I 1
P 0x7f2a7c19b208
C 150
= 0x7f2a7c19bc88
R
P 0x7f2a7c191628
C 342
R
P 0x7f2a7c191628
P 0x7f2a7c19bc88
C 258
R
P 0x7f2a7c191628
C 342
R
P 0x7f2a7c191628
P 0x7f2a7c19bc88
C 9
R
P 0x7f2a7c191628
C 342
R
P 0x7f2a7c191628
P 0x7f2a7c19bfc8
P 0x7f2a7c19bc88
C 75
= 0x7f2a7c487208
R
P 0x7f2a7c191628
C 342
R
P 0x7f2a7c191628
P 0x7f2a7c487208
C 258
R
P 0x7f2a7c191628
C 342
R
P 0x7f2a7c191628
P 0x7f2a7c487208
C 9
R
P 0x7f2a7c191628
C 342
R
P 0x7f2a7c191628
I 1
P 0x7f2a7c19b208
C 150
= 0x7f2a7c19bc88
R
P 0x7f2a7c191628
C 342
R
P 0x7f2a7c191628
P 0x7f2a7c19bc88
C 258
R
P 0x7f2a7c191628
C 342
R
P 0x7f2a7c191628
P 0x7f2a7c19bc88
C 9
R
P 0x7f2a7c191628
C 342
R
P 0x7f2a7c191628
U 2
P 0x7f2a7c19bfc8
P 0x7f2a7c19bc88
p 2
C 67
= 0x7f2a7c487240
R
P 0x7f2a7c191628
C 342
R
P 0x7f2a7c191628
P 0x7f2a7c487240
C 257
R
P 0x7f2a7c191628
C 342
R
P 0x7f2a7c191628
P 0x7f2a7c487240
C 254
= 0x7f2a7c19b208
R
P 0x7f2a7c191628
C 342
R
P 0x7f2a7c191628
P 0x7f2a7c19b208
C 209
R
P 0x7f2a7c191628
C 342
R
P 0x7f2a7c191628
P 0x7f2a7c487240
C 260
R
P 0x7f2a7c191628
C 342
R
P 0x7f2a7c191628
P 0x7f2a7c487240
C 259
R
P 0x7f2a7c191628
C 342
R
P 0x7f2a7c191628
P 0x7f2a7c487240
C 258
R
P 0x7f2a7c191628
C 342
R
P 0x7f2a7c191628
P 0x7f2a7c487240
C 9
R
P 0x7f2a7c191628
C 342
R
P 0x7f2a7c191628
U 2
P 0x7f2a7c19bbe8
P 0x7f2a7c487240
p 2
C 66
= 0x7f2a7c487f60
R
P 0x7f2a7c191628
C 342
R
P 0x7f2a7c191628
P 0x7f2a7c487f60
C 257
R
P 0x7f2a7c191628
C 342
R
P 0x7f2a7c191628
P 0x7f2a7c487f60
C 254
= 0x7f2a7c19b208
R
P 0x7f2a7c191628
C 342
R
P 0x7f2a7c191628
P 0x7f2a7c19b208
C 209
R
P 0x7f2a7c191628
C 342
R
P 0x7f2a7c191628
P 0x7f2a7c487f60
C 260
R
P 0x7f2a7c191628
C 342
R
P 0x7f2a7c191628
P 0x7f2a7c487f60
C 259
R
P 0x7f2a7c191628
C 342
R
P 0x7f2a7c191628
P 0x7f2a7c487f60
C 258
R
P 0x7f2a7c191628
C 342
R
P 0x7f2a7c191628
P 0x7f2a7c487f60
C 9
R
P 0x7f2a7c191628
C 342
R
P 0x7f2a7c191628
U 2
P 0x7f2a7c19bb88
P 0x7f2a7c487f60
p 2
C 65
= 0x7f2a7c487f98
R
P 0x7f2a7c191628
C 342
R
P 0x7f2a7c191628
P 0x7f2a7c487f98
C 257
R
P 0x7f2a7c191628
C 342
R
P 0x7f2a7c191628
P 0x7f2a7c487f98
C 254
= 0x7f2a7c19b1e8
R
P 0x7f2a7c191628
C 342
R
P 0x7f2a7c191628
P 0x7f2a7c19b1e8
C 209
R
P 0x7f2a7c191628
C 342
R
P 0x7f2a7c191628
P 0x7f2a7c487f98
C 260
R
P 0x7f2a7c191628
C 342
R
P 0x7f2a7c191628
P 0x7f2a7c487f98
C 259
R
P 0x7f2a7c191628
C 342
R
P 0x7f2a7c191628
P 0x7f2a7c487f98
C 258
R
P 0x7f2a7c191628
C 342
R
P 0x7f2a7c191628
P 0x7f2a7c487f98
C 9
R
P 0x7f2a7c191628
C 342
R
P 0x7f2a7c191628
P 0x7f2a7c487208
P 0x7f2a7c487f98
P 0x7f2a7c19bb88
C 59
= 0x7f2a7c19fac8
R
P 0x7f2a7c191628
C 342
R
P 0x7f2a7c191628
P 0x7f2a7c19fac8
C 257
R
P 0x7f2a7c191628
C 342
R
P 0x7f2a7c191628
P 0x7f2a7c19fac8
C 254
= 0x7f2a7c19b1e8
R
P 0x7f2a7c191628
C 342
R
P 0x7f2a7c191628
P 0x7f2a7c19b1e8
C 209
R
P 0x7f2a7c191628
C 342
R
P 0x7f2a7c191628
P 0x7f2a7c19fac8
C 260
R
P 0x7f2a7c191628
C 342
R
P 0x7f2a7c191628
P 0x7f2a7c19fac8
C 259
R
P 0x7f2a7c191628
C 342
R
P 0x7f2a7c191628
P 0x7f2a7c19fac8
C 258
R
P 0x7f2a7c191628
C 342
R
P 0x7f2a7c191628
P 0x7f2a7c19fac8
C 9
R
P 0x7f2a7c191628
C 342
R
P 0x7f2a7c191628
U 2
P 0x7f2a7c487908
P 0x7f2a7c19fac8
p 2
C 65
= 0x7f2a7c487fd0
R
P 0x7f2a7c191628
C 342
R
P 0x7f2a7c191628
P 0x7f2a7c487fd0
C 257
R
P 0x7f2a7c191628
C 342
R
P 0x7f2a7c191628
P 0x7f2a7c487fd0
C 254
= 0x7f2a7c19b1e8
R
P 0x7f2a7c191628
C 342
R
P 0x7f2a7c191628
P 0x7f2a7c19b1e8
C 209
R
P 0x7f2a7c191628
C 342
R
P 0x7f2a7c191628
P 0x7f2a7c487fd0
C 260
R
P 0x7f2a7c191628
C 342
R
P 0x7f2a7c191628
P 0x7f2a7c487fd0
C 259
R
P 0x7f2a7c191628
C 342
R
P 0x7f2a7c191628
P 0x7f2a7c487fd0
C 258
R
P 0x7f2a7c191628
C 342
R
P 0x7f2a7c191628
P 0x7f2a7c487fd0
C 9
R
P 0x7f2a7c191628
C 342
R
P 0x7f2a7c191628
P 0x7f2a7c19bca8
P 0x7f2a7c487fd0
C 74
= 0x7f2a7c48a440
R
P 0x7f2a7c191628
C 342
R
P 0x7f2a7c191628
P 0x7f2a7c48a440
C 258
R
P 0x7f2a7c191628
C 342
R
P 0x7f2a7c191628
P 0x7f2a7c48a440
C 9
R
P 0x7f2a7c191628
C 342
R
P 0x7f2a7c191628
U 2
P 0x7f2a7c48a408
P 0x7f2a7c48a440
p 2
C 63
= 0x7f2a7c48a478
R
P 0x7f2a7c191628
C 342
R
P 0x7f2a7c191628
P 0x7f2a7c48a478
C 258
R
P 0x7f2a7c191628
C 342
R
P 0x7f2a7c191628
P 0x7f2a7c48a478
C 9
R
P 0x7f2a7c191628
C 342
R
P 0x7f2a7c191628
P 0x7f2a7c48a3d0
P 0x7f2a7c48a478
C 61
= 0x7f2a7c48a4b0
R
P 0x7f2a7c191628
C 342
R
P 0x7f2a7c191628
P 0x7f2a7c48a4b0
C 258
R
P 0x7f2a7c191628
C 342
R
P 0x7f2a7c191628
P 0x7f2a7c48a4b0
C 9
R
P 0x7f2a7c191628
C 342
R
P 0x7f2a7c191628
P 0x7f2a7c1e1fc8
P 0x7f2a7c48a4b0
C 427
R
P 0x7f2a7c191628
C 342
R
P 0x7f2a7c191628
I 1
P 0x7f2a7c19b208
C 150
= 0x7f2a7c19bc88
R
P 0x7f2a7c191628
C 342
R
P 0x7f2a7c191628
P 0x7f2a7c19bc88
C 258
R
P 0x7f2a7c191628
C 342
R
P 0x7f2a7c191628
P 0x7f2a7c19bc88
C 9
R
P 0x7f2a7c191628
C 342
R
P 0x7f2a7c191628
I 1
P 0x7f2a7c19b208
C 150
= 0x7f2a7c19bc88
R
P 0x7f2a7c191628
C 342
R
P 0x7f2a7c191628
P 0x7f2a7c19bc88
C 258
R
P 0x7f2a7c191628
C 342
R
P 0x7f2a7c191628
P 0x7f2a7c19bc88
C 9
R
P 0x7f2a7c191628
C 342
R
P 0x7f2a7c191628
P 0x7f2a7c19bc88
P 0x7f2a7c19bc88
C 75
= 0x7f2a7c1a1778
R
P 0x7f2a7c191628
C 342
R
P 0x7f2a7c191628
P 0x7f2a7c1a1778
C 258
R
P 0x7f2a7c191628
C 342
R
P 0x7f2a7c191628
P 0x7f2a7c1a1778
C 9
R
P 0x7f2a7c191628
C 342
R
P 0x7f2a7c191628
I 1
P 0x7f2a7c19b208
C 150
= 0x7f2a7c19bc88
R
P 0x7f2a7c191628
C 342
R
P 0x7f2a7c191628
P 0x7f2a7c19bc88
C 258
R
P 0x7f2a7c191628
C 342
R
P 0x7f2a7c191628
P 0x7f2a7c19bc88
C 9
R
P 0x7f2a7c191628
C 342
R
P 0x7f2a7c191628
U 2
P 0x7f2a7c19bc88
P 0x7f2a7c19bc88
p 2
C 67
= 0x7f2a7c1a17b0
R
P 0x7f2a7c191628
C 342
R
P 0x7f2a7c191628
P 0x7f2a7c1a17b0
C 257
R
P 0x7f2a7c191628
C 342
R
P 0x7f2a7c191628
P 0x7f2a7c1a17b0
C 254
= 0x7f2a7c19b208
R
P 0x7f2a7c191628
C 342
R
P 0x7f2a7c191628
P 0x7f2a7c19b208
C 209
R
P 0x7f2a7c191628
C 342
R
P 0x7f2a7c191628
P 0x7f2a7c1a17b0
C 260
R
P 0x7f2a7c191628
C 342
R
P 0x7f2a7c191628
P 0x7f2a7c1a17b0
C 259
R
P 0x7f2a7c191628
C 342
R
P 0x7f2a7c191628
P 0x7f2a7c1a17b0
C 258
R
P 0x7f2a7c191628
C 342
R
P 0x7f2a7c191628
P 0x7f2a7c1a17b0
C 9
R
P 0x7f2a7c191628
C 342
R
P 0x7f2a7c191628
U 2
P 0x7f2a7c19bba8
P 0x7f2a7c1a17b0
p 2
C 66
= 0x7f2a7c1a17e8
R
P 0x7f2a7c191628
C 342
R
P 0x7f2a7c191628
P 0x7f2a7c1a17e8
C 257
R
P 0x7f2a7c191628
C 342
R
P 0x7f2a7c191628
P 0x7f2a7c1a17e8
C 254
= 0x7f2a7c19b1e8
R
P 0x7f2a7c191628
C 342
R
P 0x7f2a7c191628
P 0x7f2a7c19b1e8
C 209
R
P 0x7f2a7c191628
C 342
R
P 0x7f2a7c191628
P 0x7f2a7c1a17e8
C 260
R
P 0x7f2a7c191628
C 342
R
P 0x7f2a7c191628
P 0x7f2a7c1a17e8
C 259
R
P 0x7f2a7c191628
C 342
R
P 0x7f2a7c191628
P 0x7f2a7c1a17e8
C 258
R
P 0x7f2a7c191628
C 342
R
P 0x7f2a7c191628
P 0x7f2a7c1a17e8
C 9
R
P 0x7f2a7c191628
C 342
R
P 0x7f2a7c191628
U 2
P 0x7f2a7c19bc28
P 0x7f2a7c1a17e8
p 2
C 65
= 0x7f2a7c1a1820
R
P 0x7f2a7c191628
C 342
R
P 0x7f2a7c191628
P 0x7f2a7c1a1820
C 257
R
P 0x7f2a7c191628
C 342
R
P 0x7f2a7c191628
P 0x7f2a7c1a1820
C 254
= 0x7f2a7c19b1e8
R
P 0x7f2a7c191628
C 342
R
P 0x7f2a7c191628
P 0x7f2a7c19b1e8
C 209
R
P 0x7f2a7c191628
C 342
R
P 0x7f2a7c191628
P 0x7f2a7c1a1820
C 260
R
P 0x7f2a7c191628
C 342
R
P 0x7f2a7c191628
P 0x7f2a7c1a1820
C 259
R
P 0x7f2a7c191628
C 342
R
P 0x7f2a7c191628
P 0x7f2a7c1a1820
C 258
R
P 0x7f2a7c191628
C 342
R
P 0x7f2a7c191628
P 0x7f2a7c1a1820
C 9
R
P 0x7f2a7c191628
C 342
R
P 0x7f2a7c191628
P 0x7f2a7c1a1778
P 0x7f2a7c1a1820
P 0x7f2a7c19bc28
C 59
= 0x7f2a7c19f848
R
P 0x7f2a7c191628
C 342
R
P 0x7f2a7c191628
P 0x7f2a7c19f848
C 257
R
P 0x7f2a7c191628
C 342
R
P 0x7f2a7c191628
P 0x7f2a7c19f848
C 254
= 0x7f2a7c19b1e8
R
P 0x7f2a7c191628
C 342
R
P 0x7f2a7c191628
P 0x7f2a7c19b1e8
C 209
R
P 0x7f2a7c191628
C 342
R
P 0x7f2a7c191628
P 0x7f2a7c19f848
C 260
R
P 0x7f2a7c191628
C 342
R
P 0x7f2a7c191628
P 0x7f2a7c19f848
C 259
R
P 0x7f2a7c191628
C 342
R
P 0x7f2a7c191628
P 0x7f2a7c19f848
C 258
R
P 0x7f2a7c191628
C 342
R
P 0x7f2a7c191628
P 0x7f2a7c19f848
C 9
R
P 0x7f2a7c191628
C 342
R
P 0x7f2a7c191628
U 2
P 0x7f2a7c19f848
P 0x7f2a7c19bb48
p 2
C 65
= 0x7f2a7c1a1858
R
P 0x7f2a7c191628
C 342
R
P 0x7f2a7c191628
P 0x7f2a7c1a1858
C 257
R
P 0x7f2a7c191628
C 342
R
P 0x7f2a7c191628
P 0x7f2a7c1a1858
C 254
= 0x7f2a7c19b1e8
R
P 0x7f2a7c191628
C 342
R
P 0x7f2a7c191628
P 0x7f2a7c19b1e8
C 209
R
P 0x7f2a7c191628
C 342
R
P 0x7f2a7c191628
P 0x7f2a7c1a1858
C 260
R
P 0x7f2a7c191628
C 342
R
P 0x7f2a7c191628
P 0x7f2a7c1a1858
C 259
R
P 0x7f2a7c191628
C 342
R
P 0x7f2a7c191628
P 0x7f2a7c1a1858
C 258
R
P 0x7f2a7c191628
C 342
R
P 0x7f2a7c191628
P 0x7f2a7c1a1858
C 9
R
P 0x7f2a7c191628
C 342
R
P 0x7f2a7c191628
P 0x7f2a7c19bc68
C 333
R
P 0x7f2a7c191628
C 342
R
P 0x7f2a7c191628
S "slotflowPriorityStart"
C 30
R
P 0x7f2a7c191628
C 342
R
P 0x7f2a7c191628
$ |slotflowPriorityStart|
C 202
R
P 0x7f2a7c191628
C 342
R
P 0x7f2a7c191628
$ |slotflowPriorityStart|
P 0x7f2a7c19b1e8
C 51
= 0x7f2a7c19c2a8
R
P 0x7f2a7c191628
C 342
R
P 0x7f2a7c191628
P 0x7f2a7c19c2a8
C 257
R
P 0x7f2a7c191628
C 342
R
P 0x7f2a7c191628
P 0x7f2a7c19c2a8
C 254
= 0x7f2a7c19b1e8
R
P 0x7f2a7c191628
C 342
R
P 0x7f2a7c191628
P 0x7f2a7c19b1e8
C 209
R
P 0x7f2a7c191628
C 342
R
P 0x7f2a7c191628
P 0x7f2a7c19c2a8
C 260
R
P 0x7f2a7c191628
C 342
R
P 0x7f2a7c191628
P 0x7f2a7c19c2a8
C 259
R
P 0x7f2a7c191628
C 342
R
P 0x7f2a7c191628
P 0x7f2a7c19c2a8
C 258
R
P 0x7f2a7c191628
C 342
R
P 0x7f2a7c191628
P 0x7f2a7c19c2a8
C 9
R
P 0x7f2a7c191628
C 342
R
P 0x7f2a7c191628
I 4
P 0x7f2a7c19b208
C 150
= 0x7f2a7c19c028
R
P 0x7f2a7c191628
C 342
R
P 0x7f2a7c191628
P 0x7f2a7c19c028
C 258
R
P 0x7f2a7c191628
C 342
R
P 0x7f2a7c191628
P 0x7f2a7c19c028
C 9
R
P 0x7f2a7c191628
C 342
R
P 0x7f2a7c191628
I 1
P 0x7f2a7c19b208
C 150
= 0x7f2a7c19bc88
R
P 0x7f2a7c191628
C 342
R
P 0x7f2a7c191628
P 0x7f2a7c19bc88
C 258
R
P 0x7f2a7c191628
C 342
R
P 0x7f2a7c191628
P 0x7f2a7c19bc88
C 9
R
P 0x7f2a7c191628
C 342
R
P 0x7f2a7c191628
P 0x7f2a7c19c028
P 0x7f2a7c19bc88
C 75
= 0x7f2a7c487390
R
P 0x7f2a7c191628
C 342
R
P 0x7f2a7c191628
P 0x7f2a7c487390
C 258
R
P 0x7f2a7c191628
C 342
R
P 0x7f2a7c191628
P 0x7f2a7c487390
C 9
R
P 0x7f2a7c191628
C 342
R
P 0x7f2a7c191628
I 1
P 0x7f2a7c19b208
C 150
= 0x7f2a7c19bc88
R
P 0x7f2a7c191628
C 342
R
P 0x7f2a7c191628
P 0x7f2a7c19bc88
C 258
R
P 0x7f2a7c191628
C 342
R
P 0x7f2a7c191628
P 0x7f2a7c19bc88
C 9
R
P 0x7f2a7c191628
C 342
R
P 0x7f2a7c191628
U 2
P 0x7f2a7c19c028
P 0x7f2a7c19bc88
p 2
C 67
= 0x7f2a7c4873c8
R
P 0x7f2a7c191628
C 342
R
P 0x7f2a7c191628
P 0x7f2a7c4873c8
C 257
R
P 0x7f2a7c191628
C 342
R
P 0x7f2a7c191628
P 0x7f2a7c4873c8
C 254
= 0x7f2a7c19b208
R
P 0x7f2a7c191628
C 342
R
P 0x7f2a7c191628
P 0x7f2a7c19b208
C 209
R
P 0x7f2a7c191628
C 342
R
P 0x7f2a7c191628
P 0x7f2a7c4873c8
C 260
R
P 0x7f2a7c191628
C 342
R
P 0x7f2a7c191628
P 0x7f2a7c4873c8
C 259
R
P 0x7f2a7c191628
C 342
R
P 0x7f2a7c191628
P 0x7f2a7c4873c8
C 258
R
P 0x7f2a7c191628
C 342
R
P 0x7f2a7c191628
P 0x7f2a7c4873c8
C 9
R
P 0x7f2a7c191628
C 342
R
P 0x7f2a7c191628
U 2
P 0x7f2a7c19bbe8
P 0x7f2a7c4873c8
p 2
C 66
= 0x7f2a7c488158
R
P 0x7f2a7c191628
C 342
R
P 0x7f2a7c191628
P 0x7f2a7c488158
C 257
R
P 0x7f2a7c191628
C 342
R
P 0x7f2a7c191628
P 0x7f2a7c488158
C 254
= 0x7f2a7c19b208
R
P 0x7f2a7c191628
C 342
R
P 0x7f2a7c191628
P 0x7f2a7c19b208
C 209
R
P 0x7f2a7c191628
C 342
R
P 0x7f2a7c191628
P 0x7f2a7c488158
C 260
R
P 0x7f2a7c191628
C 342
R
P 0x7f2a7c191628
P 0x7f2a7c488158
C 259
R
P 0x7f2a7c191628
C 342
R
P 0x7f2a7c191628
P 0x7f2a7c488158
C 258
R
P 0x7f2a7c191628
C 342
R
P 0x7f2a7c191628
P 0x7f2a7c488158
C 9
R
P 0x7f2a7c191628
C 342
R
P 0x7f2a7c191628
U 2
P 0x7f2a7c19bb88
P 0x7f2a7c488158
p 2
C 65
= 0x7f2a7c488190
R
P 0x7f2a7c191628
C 342
R
P 0x7f2a7c191628
P 0x7f2a7c488190
C 257
R
P 0x7f2a7c191628
C 342
R
P 0x7f2a7c191628
P 0x7f2a7c488190
C 254
= 0x7f2a7c19b1e8
R
P 0x7f2a7c191628
C 342
R
P 0x7f2a7c191628
P 0x7f2a7c19b1e8
C 209
R
P 0x7f2a7c191628
C 342
R
P 0x7f2a7c191628
P 0x7f2a7c488190
C 260
R
P 0x7f2a7c191628
C 342
R
P 0x7f2a7c191628
P 0x7f2a7c488190
C 259
R
P 0x7f2a7c191628
C 342
R
P 0x7f2a7c191628
P 0x7f2a7c488190
C 258
R
P 0x7f2a7c191628
C 342
R
P 0x7f2a7c191628
P 0x7f2a7c488190
C 9
R
P 0x7f2a7c191628
C 342
R
P 0x7f2a7c191628
P 0x7f2a7c487390
P 0x7f2a7c488190
P 0x7f2a7c19bb88
C 59
= 0x7f2a7c19fb08
R
P 0x7f2a7c191628
C 342
R
P 0x7f2a7c191628
P 0x7f2a7c19fb08
C 257
R
P 0x7f2a7c191628
C 342
R
P 0x7f2a7c191628
P 0x7f2a7c19fb08
C 254
= 0x7f2a7c19b1e8
R
P 0x7f2a7c191628
C 342
R
P 0x7f2a7c191628
P 0x7f2a7c19b1e8
C 209
R
P 0x7f2a7c191628
C 342
R
P 0x7f2a7c191628
P 0x7f2a7c19fb08
C 260
R
P 0x7f2a7c191628
C 342
R
P 0x7f2a7c191628
P 0x7f2a7c19fb08
C 259
R
P 0x7f2a7c191628
C 342
R
P 0x7f2a7c191628
P 0x7f2a7c19fb08
C 258
R
P 0x7f2a7c191628
C 342
R
P 0x7f2a7c191628
P 0x7f2a7c19fb08
C 9
R
P 0x7f2a7c191628
C 342
R
P 0x7f2a7c191628
U 2
P 0x7f2a7c19c2a8
P 0x7f2a7c19fb08
p 2
C 65
= 0x7f2a7c488270
R
P 0x7f2a7c191628
C 342
R
P 0x7f2a7c191628
P 0x7f2a7c488270
C 257
R
P 0x7f2a7c191628
C 342
R
P 0x7f2a7c191628
P 0x7f2a7c488270
C 254
= 0x7f2a7c19b1e8
R
P 0x7f2a7c191628
C 342
R
P 0x7f2a7c191628
P 0x7f2a7c19b1e8
C 209
R
P 0x7f2a7c191628
C 342
R
P 0x7f2a7c191628
P 0x7f2a7c488270
C 260
R
P 0x7f2a7c191628
C 342
R
P 0x7f2a7c191628
P 0x7f2a7c488270
C 259
R
P 0x7f2a7c191628
C 342
R
P 0x7f2a7c191628
P 0x7f2a7c488270
C 258
R
P 0x7f2a7c191628
C 342
R
P 0x7f2a7c191628
P 0x7f2a7c488270
C 9
R
P 0x7f2a7c191628
C 342
R
P 0x7f2a7c191628
P 0x7f2a7c1a1858
P 0x7f2a7c488270
C 73
= 0x7f2a7c48a4e8
R
P 0x7f2a7c191628
C 342
R
P 0x7f2a7c191628
P 0x7f2a7c48a4e8
C 258
R
P 0x7f2a7c191628
C 342
R
P 0x7f2a7c191628
P 0x7f2a7c48a4e8
C 9
R
P 0x7f2a7c191628
C 342
R
P 0x7f2a7c191628
I 1
P 0x7f2a7c19b208
C 150
= 0x7f2a7c19bc88
R
P 0x7f2a7c191628
C 342
R
P 0x7f2a7c191628
P 0x7f2a7c19bc88
C 258
R
P 0x7f2a7c191628
C 342
R
P 0x7f2a7c191628
P 0x7f2a7c19bc88
C 9
R
P 0x7f2a7c191628
C 342
R
P 0x7f2a7c191628
I 1
P 0x7f2a7c19b208
C 150
= 0x7f2a7c19bc88
R
P 0x7f2a7c191628
C 342
R
P 0x7f2a7c191628
P 0x7f2a7c19bc88
C 258
R
P 0x7f2a7c191628
C 342
R
P 0x7f2a7c191628
P 0x7f2a7c19bc88
C 9
R
P 0x7f2a7c191628
C 342
R
P 0x7f2a7c191628
P 0x7f2a7c19bc88
P 0x7f2a7c19bc88
C 75
= 0x7f2a7c1a1778
R
P 0x7f2a7c191628
C 342
R
P 0x7f2a7c191628
P 0x7f2a7c1a1778
C 258
R
P 0x7f2a7c191628
C 342
R
P 0x7f2a7c191628
P 0x7f2a7c1a1778
C 9
R
P 0x7f2a7c191628
C 342
R
P 0x7f2a7c191628
I 1
P 0x7f2a7c19b208
C 150
= 0x7f2a7c19bc88
R
P 0x7f2a7c191628
C 342
R
P 0x7f2a7c191628
P 0x7f2a7c19bc88
C 258
R
P 0x7f2a7c191628
C 342
R
P 0x7f2a7c191628
P 0x7f2a7c19bc88
C 9
R
P 0x7f2a7c191628
C 342
R
P 0x7f2a7c191628
U 2
P 0x7f2a7c19bc88
P 0x7f2a7c19bc88
p 2
C 67
= 0x7f2a7c1a17b0
R
P 0x7f2a7c191628
C 342
R
P 0x7f2a7c191628
P 0x7f2a7c1a17b0
C 257
R
P 0x7f2a7c191628
C 342
R
P 0x7f2a7c191628
P 0x7f2a7c1a17b0
C 254
= 0x7f2a7c19b208
R
P 0x7f2a7c191628
C 342
R
P 0x7f2a7c191628
P 0x7f2a7c19b208
C 209
R
P 0x7f2a7c191628
C 342
R
P 0x7f2a7c191628
P 0x7f2a7c1a17b0
C 260
R
P 0x7f2a7c191628
C 342
R
P 0x7f2a7c191628
P 0x7f2a7c1a17b0
C 259
R
P 0x7f2a7c191628
C 342
R
P 0x7f2a7c191628
P 0x7f2a7c1a17b0
C 258
R
P 0x7f2a7c191628
C 342
R
P 0x7f2a7c191628
P 0x7f2a7c1a17b0
C 9
R
P 0x7f2a7c191628
C 342
R
P 0x7f2a7c191628
U 2
P 0x7f2a7c19bba8
P 0x7f2a7c1a17b0
p 2
C 66
= 0x7f2a7c1a17e8
R
P 0x7f2a7c191628
C 342
R
P 0x7f2a7c191628
P 0x7f2a7c1a17e8
C 257
R
P 0x7f2a7c191628
C 342
R
P 0x7f2a7c191628
P 0x7f2a7c1a17e8
C 254
= 0x7f2a7c19b1e8
R
P 0x7f2a7c191628
C 342
R
P 0x7f2a7c191628
P 0x7f2a7c19b1e8
C 209
R
P 0x7f2a7c191628
C 342
R
P 0x7f2a7c191628
P 0x7f2a7c1a17e8
C 260
R
P 0x7f2a7c191628
C 342
R
P 0x7f2a7c191628
P 0x7f2a7c1a17e8
C 259
R
P 0x7f2a7c191628
C 342
R
P 0x7f2a7c191628
P 0x7f2a7c1a17e8
C 258
R
P 0x7f2a7c191628
C 342
R
P 0x7f2a7c191628
P 0x7f2a7c1a17e8
C 9
R
P 0x7f2a7c191628
C 342
R
P 0x7f2a7c191628
U 2
P 0x7f2a7c19bc28
P 0x7f2a7c1a17e8
p 2
C 65
= 0x7f2a7c1a1820
R
P 0x7f2a7c191628
C 342
R
P 0x7f2a7c191628
P 0x7f2a7c1a1820
C 257
R
P 0x7f2a7c191628
C 342
R
P 0x7f2a7c191628
P 0x7f2a7c1a1820
C 254
= 0x7f2a7c19b1e8
R
P 0x7f2a7c191628
C 342
R
P 0x7f2a7c191628
P 0x7f2a7c19b1e8
C 209
R
P 0x7f2a7c191628
C 342
R
P 0x7f2a7c191628
P 0x7f2a7c1a1820
C 260
R
P 0x7f2a7c191628
C 342
R
P 0x7f2a7c191628
P 0x7f2a7c1a1820
C 259
R
P 0x7f2a7c191628
C 342
R
P 0x7f2a7c191628
P 0x7f2a7c1a1820
C 258
R
P 0x7f2a7c191628
C 342
R
P 0x7f2a7c191628
P 0x7f2a7c1a1820
C 9
R
P 0x7f2a7c191628
C 342
R
P 0x7f2a7c191628
P 0x7f2a7c1a1778
P 0x7f2a7c1a1820
P 0x7f2a7c19bc28
C 59
= 0x7f2a7c19f848
R
P 0x7f2a7c191628
C 342
R
P 0x7f2a7c191628
P 0x7f2a7c19f848
C 257
R
P 0x7f2a7c191628
C 342
R
P 0x7f2a7c191628
P 0x7f2a7c19f848
C 254
= 0x7f2a7c19b1e8
R
P 0x7f2a7c191628
C 342
R
P 0x7f2a7c191628
P 0x7f2a7c19b1e8
C 209
R
P 0x7f2a7c191628
C 342
R
P 0x7f2a7c191628
P 0x7f2a7c19f848
C 260
R
P 0x7f2a7c191628
C 342
R
P 0x7f2a7c191628
P 0x7f2a7c19f848
C 259
R
P 0x7f2a7c191628
C 342
R
P 0x7f2a7c191628
P 0x7f2a7c19f848
C 258
R
P 0x7f2a7c191628
C 342
R
P 0x7f2a7c191628
P 0x7f2a7c19f848
C 9
R
P 0x7f2a7c191628
C 342
R
P 0x7f2a7c191628
U 2
P 0x7f2a7c19f848
P 0x7f2a7c19bb48
p 2
C 65
= 0x7f2a7c1a1858
R
P 0x7f2a7c191628
C 342
R
P 0x7f2a7c191628
P 0x7f2a7c1a1858
C 257
R
P 0x7f2a7c191628
C 342
R
P 0x7f2a7c191628
P 0x7f2a7c1a1858
C 254
= 0x7f2a7c19b1e8
R
P 0x7f2a7c191628
C 342
R
P 0x7f2a7c191628
P 0x7f2a7c19b1e8
C 209
R
P 0x7f2a7c191628
C 342
R
P 0x7f2a7c191628
P 0x7f2a7c1a1858
C 260
R
P 0x7f2a7c191628
C 342
R
P 0x7f2a7c191628
P 0x7f2a7c1a1858
C 259
R
P 0x7f2a7c191628
C 342
R
P 0x7f2a7c191628
P 0x7f2a7c1a1858
C 258
R
P 0x7f2a7c191628
C 342
R
P 0x7f2a7c191628
P 0x7f2a7c1a1858
C 9
R
P 0x7f2a7c191628
C 342
R
P 0x7f2a7c191628
I 4
P 0x7f2a7c19b208
C 150
= 0x7f2a7c19c028
R
P 0x7f2a7c191628
C 342
R
P 0x7f2a7c191628
P 0x7f2a7c19c028
C 258
R
P 0x7f2a7c191628
C 342
R
P 0x7f2a7c191628
P 0x7f2a7c19c028
C 9
R
P 0x7f2a7c191628
C 342
R
P 0x7f2a7c191628
I 1
P 0x7f2a7c19b208
C 150
= 0x7f2a7c19bc88
R
P 0x7f2a7c191628
C 342
R
P 0x7f2a7c191628
P 0x7f2a7c19bc88
C 258
R
P 0x7f2a7c191628
C 342
R
P 0x7f2a7c191628
P 0x7f2a7c19bc88
C 9
R
P 0x7f2a7c191628
C 342
R
P 0x7f2a7c191628
P 0x7f2a7c19c028
P 0x7f2a7c19bc88
C 75
= 0x7f2a7c487390
R
P 0x7f2a7c191628
C 342
R
P 0x7f2a7c191628
P 0x7f2a7c487390
C 258
R
P 0x7f2a7c191628
C 342
R
P 0x7f2a7c191628
P 0x7f2a7c487390
C 9
R
P 0x7f2a7c191628
C 342
R
P 0x7f2a7c191628
I 1
P 0x7f2a7c19b208
C 150
= 0x7f2a7c19bc88
R
P 0x7f2a7c191628
C 342
R
P 0x7f2a7c191628
P 0x7f2a7c19bc88
C 258
R
P 0x7f2a7c191628
C 342
R
P 0x7f2a7c191628
P 0x7f2a7c19bc88
C 9
R
P 0x7f2a7c191628
C 342
R
P 0x7f2a7c191628
U 2
P 0x7f2a7c19c028
P 0x7f2a7c19bc88
p 2
C 67
= 0x7f2a7c4873c8
R
P 0x7f2a7c191628
C 342
R
P 0x7f2a7c191628
P 0x7f2a7c4873c8
C 257
R
P 0x7f2a7c191628
C 342
R
P 0x7f2a7c191628
P 0x7f2a7c4873c8
C 254
= 0x7f2a7c19b208
R
P 0x7f2a7c191628
C 342
R
P 0x7f2a7c191628
P 0x7f2a7c19b208
C 209
R
P 0x7f2a7c191628
C 342
R
P 0x7f2a7c191628
P 0x7f2a7c4873c8
C 260
R
P 0x7f2a7c191628
C 342
R
P 0x7f2a7c191628
P 0x7f2a7c4873c8
C 259
R
P 0x7f2a7c191628
C 342
R
P 0x7f2a7c191628
P 0x7f2a7c4873c8
C 258
R
P 0x7f2a7c191628
C 342
R
P 0x7f2a7c191628
P 0x7f2a7c4873c8
C 9
R
P 0x7f2a7c191628
C 342
R
P 0x7f2a7c191628
U 2
P 0x7f2a7c19bbe8
P 0x7f2a7c4873c8
p 2
C 66
= 0x7f2a7c488158
R
P 0x7f2a7c191628
C 342
R
P 0x7f2a7c191628
P 0x7f2a7c488158
C 257
R
P 0x7f2a7c191628
C 342
R
P 0x7f2a7c191628
P 0x7f2a7c488158
C 254
= 0x7f2a7c19b208
R
P 0x7f2a7c191628
C 342
R
P 0x7f2a7c191628
P 0x7f2a7c19b208
C 209
R
P 0x7f2a7c191628
C 342
R
P 0x7f2a7c191628
P 0x7f2a7c488158
C 260
R
P 0x7f2a7c191628
C 342
R
P 0x7f2a7c191628
P 0x7f2a7c488158
C 259
R
P 0x7f2a7c191628
C 342
R
P 0x7f2a7c191628
P 0x7f2a7c488158
C 258
R
P 0x7f2a7c191628
C 342
R
P 0x7f2a7c191628
P 0x7f2a7c488158
C 9
R
P 0x7f2a7c191628
C 342
R
P 0x7f2a7c191628
U 2
P 0x7f2a7c19bb88
P 0x7f2a7c488158
p 2
C 65
= 0x7f2a7c488190
R
P 0x7f2a7c191628
C 342
R
P 0x7f2a7c191628
P 0x7f2a7c488190
C 257
R
P 0x7f2a7c191628
C 342
R
P 0x7f2a7c191628
P 0x7f2a7c488190
C 254
= 0x7f2a7c19b1e8
R
P 0x7f2a7c191628
C 342
R
P 0x7f2a7c191628
P 0x7f2a7c19b1e8
C 209
R
P 0x7f2a7c191628
C 342
R
P 0x7f2a7c191628
P 0x7f2a7c488190
C 260
R
P 0x7f2a7c191628
C 342
R
P 0x7f2a7c191628
P 0x7f2a7c488190
C 259
R
P 0x7f2a7c191628
C 342
R
P 0x7f2a7c191628
P 0x7f2a7c488190
C 258
R
P 0x7f2a7c191628
C 342
R
P 0x7f2a7c191628
P 0x7f2a7c488190
C 9
R
P 0x7f2a7c191628
C 342
R
P 0x7f2a7c191628
P 0x7f2a7c487390
P 0x7f2a7c488190
P 0x7f2a7c19bb88
C 59
= 0x7f2a7c19fb08
R
P 0x7f2a7c191628
C 342
R
P 0x7f2a7c191628
P 0x7f2a7c19fb08
C 257
R
P 0x7f2a7c191628
C 342
R
P 0x7f2a7c191628
P 0x7f2a7c19fb08
C 254
= 0x7f2a7c19b1e8
R
P 0x7f2a7c191628
C 342
R
P 0x7f2a7c191628
P 0x7f2a7c19b1e8
C 209
R
P 0x7f2a7c191628
C 342
R
P 0x7f2a7c191628
P 0x7f2a7c19fb08
C 260
R
P 0x7f2a7c191628
C 342
R
P 0x7f2a7c191628
P 0x7f2a7c19fb08
C 259
R
P 0x7f2a7c191628
C 342
R
P 0x7f2a7c191628
P 0x7f2a7c19fb08
C 258
R
P 0x7f2a7c191628
C 342
R
P 0x7f2a7c191628
P 0x7f2a7c19fb08
C 9
R
P 0x7f2a7c191628
C 342
R
P 0x7f2a7c191628
P 0x7f2a7c1a1858
P 0x7f2a7c19fb08
C 76
= 0x7f2a7c48a520
R
P 0x7f2a7c191628
C 342
R
P 0x7f2a7c191628
P 0x7f2a7c48a520
C 258
R
P 0x7f2a7c191628
C 342
R
P 0x7f2a7c191628
P 0x7f2a7c48a520
C 9
R
P 0x7f2a7c191628
C 342
R
P 0x7f2a7c191628
U 2
P 0x7f2a7c48a4e8
P 0x7f2a7c48a520
p 2
C 63
= 0x7f2a7c48a558
R
P 0x7f2a7c191628
C 342
R
P 0x7f2a7c191628
P 0x7f2a7c48a558
C 258
R
P 0x7f2a7c191628
C 342
R
P 0x7f2a7c191628
P 0x7f2a7c48a558
C 9
R
P 0x7f2a7c191628
C 342
R
P 0x7f2a7c191628
I 1
P 0x7f2a7c19b208
C 150
= 0x7f2a7c19bc88
R
P 0x7f2a7c191628
C 342
R
P 0x7f2a7c191628
P 0x7f2a7c19bc88
C 258
R
P 0x7f2a7c191628
C 342
R
P 0x7f2a7c191628
P 0x7f2a7c19bc88
C 9
R
P 0x7f2a7c191628
C 342
R
P 0x7f2a7c191628
P 0x7f2a7c19bc88
C 263
R
P 0x7f2a7c191628
C 342
R
P 0x7f2a7c191628
S "dev0T31"
C 30
R
P 0x7f2a7c191628
C 342
R
P 0x7f2a7c191628
$ |dev0T31|
C 202
R
P 0x7f2a7c191628
C 342
R
P 0x7f2a7c191628
$ |dev0T31|
P 0x7f2a7c19b1e8
C 51
= 0x7f2a7c19bca8
R
P 0x7f2a7c191628
C 342
R
P 0x7f2a7c191628
P 0x7f2a7c19bca8
C 257
R
P 0x7f2a7c191628
C 342
R
P 0x7f2a7c191628
P 0x7f2a7c19bca8
C 254
= 0x7f2a7c19b1e8
R
P 0x7f2a7c191628
C 342
R
P 0x7f2a7c191628
P 0x7f2a7c19b1e8
C 209
R
P 0x7f2a7c191628
C 342
R
P 0x7f2a7c191628
P 0x7f2a7c19bca8
C 260
R
P 0x7f2a7c191628
C 342
R
P 0x7f2a7c191628
P 0x7f2a7c19bca8
C 259
R
P 0x7f2a7c191628
C 342
R
P 0x7f2a7c191628
P 0x7f2a7c19bca8
C 258
R
P 0x7f2a7c191628
C 342
R
P 0x7f2a7c191628
P 0x7f2a7c19bca8
C 9
R
P 0x7f2a7c191628
C 342
R
P 0x7f2a7c191628
P 0x7f2a7c19bc68
C 333
R
P 0x7f2a7c191628
C 342
R
P 0x7f2a7c191628
S "slotflowPriorityStart"
C 30
R
P 0x7f2a7c191628
C 342
R
P 0x7f2a7c191628
$ |slotflowPriorityStart|
C 202
R
P 0x7f2a7c191628
C 342
R
P 0x7f2a7c191628
$ |slotflowPriorityStart|
P 0x7f2a7c19b1e8
C 51
= 0x7f2a7c19c2a8
R
P 0x7f2a7c191628
C 342
R
P 0x7f2a7c191628
P 0x7f2a7c19c2a8
C 257
R
P 0x7f2a7c191628
C 342
R
P 0x7f2a7c191628
P 0x7f2a7c19c2a8
C 254
= 0x7f2a7c19b1e8
R
P 0x7f2a7c191628
C 342
R
P 0x7f2a7c191628
P 0x7f2a7c19b1e8
C 209
R
P 0x7f2a7c191628
C 342
R
P 0x7f2a7c191628
P 0x7f2a7c19c2a8
C 260
R
P 0x7f2a7c191628
C 342
R
P 0x7f2a7c191628
P 0x7f2a7c19c2a8
C 259
R
P 0x7f2a7c191628
C 342
R
P 0x7f2a7c191628
P 0x7f2a7c19c2a8
C 258
R
P 0x7f2a7c191628
C 342
R
P 0x7f2a7c191628
P 0x7f2a7c19c2a8
C 9
R
P 0x7f2a7c191628
C 342
R
P 0x7f2a7c191628
I 4
P 0x7f2a7c19b208
C 150
= 0x7f2a7c19c028
R
P 0x7f2a7c191628
C 342
R
P 0x7f2a7c191628
P 0x7f2a7c19c028
C 258
R
P 0x7f2a7c191628
C 342
R
P 0x7f2a7c191628
P 0x7f2a7c19c028
C 9
R
P 0x7f2a7c191628
C 342
R
P 0x7f2a7c191628
I 1
P 0x7f2a7c19b208
C 150
= 0x7f2a7c19bc88
R
P 0x7f2a7c191628
C 342
R
P 0x7f2a7c191628
P 0x7f2a7c19bc88
C 258
R
P 0x7f2a7c191628
C 342
R
P 0x7f2a7c191628
P 0x7f2a7c19bc88
C 9
R
P 0x7f2a7c191628
C 342
R
P 0x7f2a7c191628
P 0x7f2a7c19c028
P 0x7f2a7c19bc88
C 75
= 0x7f2a7c487390
R
P 0x7f2a7c191628
C 342
R
P 0x7f2a7c191628
P 0x7f2a7c487390
C 258
R
P 0x7f2a7c191628
C 342
R
P 0x7f2a7c191628
P 0x7f2a7c487390
C 9
R
P 0x7f2a7c191628
C 342
R
P 0x7f2a7c191628
I 1
P 0x7f2a7c19b208
C 150
= 0x7f2a7c19bc88
R
P 0x7f2a7c191628
C 342
R
P 0x7f2a7c191628
P 0x7f2a7c19bc88
C 258
R
P 0x7f2a7c191628
C 342
R
P 0x7f2a7c191628
P 0x7f2a7c19bc88
C 9
R
P 0x7f2a7c191628
C 342
R
P 0x7f2a7c191628
U 2
P 0x7f2a7c19c028
P 0x7f2a7c19bc88
p 2
C 67
= 0x7f2a7c4873c8
R
P 0x7f2a7c191628
C 342
R
P 0x7f2a7c191628
P 0x7f2a7c4873c8
C 257
R
P 0x7f2a7c191628
C 342
R
P 0x7f2a7c191628
P 0x7f2a7c4873c8
C 254
= 0x7f2a7c19b208
R
P 0x7f2a7c191628
C 342
R
P 0x7f2a7c191628
P 0x7f2a7c19b208
C 209
R
P 0x7f2a7c191628
C 342
R
P 0x7f2a7c191628
P 0x7f2a7c4873c8
C 260
R
P 0x7f2a7c191628
C 342
R
P 0x7f2a7c191628
P 0x7f2a7c4873c8
C 259
R
P 0x7f2a7c191628
C 342
R
P 0x7f2a7c191628
P 0x7f2a7c4873c8
C 258
R
P 0x7f2a7c191628
C 342
R
P 0x7f2a7c191628
P 0x7f2a7c4873c8
C 9
R
P 0x7f2a7c191628
C 342
R
P 0x7f2a7c191628
U 2
P 0x7f2a7c19bbe8
P 0x7f2a7c4873c8
p 2
C 66
= 0x7f2a7c488158
R
P 0x7f2a7c191628
C 342
R
P 0x7f2a7c191628
P 0x7f2a7c488158
C 257
R
P 0x7f2a7c191628
C 342
R
P 0x7f2a7c191628
P 0x7f2a7c488158
C 254
= 0x7f2a7c19b208
R
P 0x7f2a7c191628
C 342
R
P 0x7f2a7c191628
P 0x7f2a7c19b208
C 209
R
P 0x7f2a7c191628
C 342
R
P 0x7f2a7c191628
P 0x7f2a7c488158
C 260
R
P 0x7f2a7c191628
C 342
R
P 0x7f2a7c191628
P 0x7f2a7c488158
C 259
R
P 0x7f2a7c191628
C 342
R
P 0x7f2a7c191628
P 0x7f2a7c488158
C 258
R
P 0x7f2a7c191628
C 342
R
P 0x7f2a7c191628
P 0x7f2a7c488158
C 9
R
P 0x7f2a7c191628
C 342
R
P 0x7f2a7c191628
U 2
P 0x7f2a7c19bb88
P 0x7f2a7c488158
p 2
C 65
= 0x7f2a7c488190
R
P 0x7f2a7c191628
C 342
R
P 0x7f2a7c191628
P 0x7f2a7c488190
C 257
R
P 0x7f2a7c191628
C 342
R
P 0x7f2a7c191628
P 0x7f2a7c488190
C 254
= 0x7f2a7c19b1e8
R
P 0x7f2a7c191628
C 342
R
P 0x7f2a7c191628
P 0x7f2a7c19b1e8
C 209
R
P 0x7f2a7c191628
C 342
R
P 0x7f2a7c191628
P 0x7f2a7c488190
C 260
R
P 0x7f2a7c191628
C 342
R
P 0x7f2a7c191628
P 0x7f2a7c488190
C 259
R
P 0x7f2a7c191628
C 342
R
P 0x7f2a7c191628
P 0x7f2a7c488190
C 258
R
P 0x7f2a7c191628
C 342
R
P 0x7f2a7c191628
P 0x7f2a7c488190
C 9
R
P 0x7f2a7c191628
C 342
R
P 0x7f2a7c191628
P 0x7f2a7c487390
P 0x7f2a7c488190
P 0x7f2a7c19bb88
C 59
= 0x7f2a7c19fb08
R
P 0x7f2a7c191628
C 342
R
P 0x7f2a7c191628
P 0x7f2a7c19fb08
C 257
R
P 0x7f2a7c191628
C 342
R
P 0x7f2a7c191628
P 0x7f2a7c19fb08
C 254
= 0x7f2a7c19b1e8
R
P 0x7f2a7c191628
C 342
R
P 0x7f2a7c191628
P 0x7f2a7c19b1e8
C 209
R
P 0x7f2a7c191628
C 342
R
P 0x7f2a7c191628
P 0x7f2a7c19fb08
C 260
R
P 0x7f2a7c191628
C 342
R
P 0x7f2a7c191628
P 0x7f2a7c19fb08
C 259
R
P 0x7f2a7c191628
C 342
R
P 0x7f2a7c191628
P 0x7f2a7c19fb08
C 258
R
P 0x7f2a7c191628
C 342
R
P 0x7f2a7c191628
P 0x7f2a7c19fb08
C 9
R
P 0x7f2a7c191628
C 342
R
P 0x7f2a7c191628
U 2
P 0x7f2a7c19c2a8
P 0x7f2a7c19fb08
p 2
C 65
= 0x7f2a7c488270
R
P 0x7f2a7c191628
C 342
R
P 0x7f2a7c191628
P 0x7f2a7c488270
C 257
R
P 0x7f2a7c191628
C 342
R
P 0x7f2a7c191628
P 0x7f2a7c488270
C 254
= 0x7f2a7c19b1e8
R
P 0x7f2a7c191628
C 342
R
P 0x7f2a7c191628
P 0x7f2a7c19b1e8
C 209
R
P 0x7f2a7c191628
C 342
R
P 0x7f2a7c191628
P 0x7f2a7c488270
C 260
R
P 0x7f2a7c191628
C 342
R
P 0x7f2a7c191628
P 0x7f2a7c488270
C 259
R
P 0x7f2a7c191628
C 342
R
P 0x7f2a7c191628
P 0x7f2a7c488270
C 258
R
P 0x7f2a7c191628
C 342
R
P 0x7f2a7c191628
P 0x7f2a7c488270
C 9
R
P 0x7f2a7c191628
C 342
R
P 0x7f2a7c191628
U 2
P 0x7f2a7c488270
P 0x7f2a7c19bb68
p 2
C 65
= 0x7f2a7c489db0
R
P 0x7f2a7c191628
C 342
R
P 0x7f2a7c191628
P 0x7f2a7c489db0
C 257
R
P 0x7f2a7c191628
C 342
R
P 0x7f2a7c191628
P 0x7f2a7c489db0
C 254
= 0x7f2a7c19b1e8
R
P 0x7f2a7c191628
C 342
R
P 0x7f2a7c191628
P 0x7f2a7c19b1e8
C 209
R
P 0x7f2a7c191628
C 342
R
P 0x7f2a7c191628
P 0x7f2a7c489db0
C 260
R
P 0x7f2a7c191628
C 342
R
P 0x7f2a7c191628
P 0x7f2a7c489db0
C 259
R
P 0x7f2a7c191628
C 342
R
P 0x7f2a7c191628
P 0x7f2a7c489db0
C 258
R
P 0x7f2a7c191628
C 342
R
P 0x7f2a7c191628
P 0x7f2a7c489db0
C 9
R
P 0x7f2a7c191628
C 342
R
P 0x7f2a7c191628
P 0x7f2a7c19bca8
P 0x7f2a7c489db0
C 76
= 0x7f2a7c48a590
R
P 0x7f2a7c191628
C 342
R
P 0x7f2a7c191628
P 0x7f2a7c48a590
C 258
R
P 0x7f2a7c191628
C 342
R
P 0x7f2a7c191628
P 0x7f2a7c48a590
C 9
R
P 0x7f2a7c191628
C 342
R
P 0x7f2a7c191628
I 1
P 0x7f2a7c19b208
C 150
= 0x7f2a7c19bc88
R
P 0x7f2a7c191628
C 342
R
P 0x7f2a7c191628
P 0x7f2a7c19bc88
C 258
R
P 0x7f2a7c191628
C 342
R
P 0x7f2a7c191628
P 0x7f2a7c19bc88
C 9
R
P 0x7f2a7c191628
C 342
R
P 0x7f2a7c191628
P 0x7f2a7c19bc88
C 263
R
P 0x7f2a7c191628
C 342
R
P 0x7f2a7c191628
S "dev0T31"
C 30
R
P 0x7f2a7c191628
C 342
R
P 0x7f2a7c191628
$ |dev0T31|
C 202
R
P 0x7f2a7c191628
C 342
R
P 0x7f2a7c191628
$ |dev0T31|
P 0x7f2a7c19b1e8
C 51
= 0x7f2a7c19bca8
R
P 0x7f2a7c191628
C 342
R
P 0x7f2a7c191628
P 0x7f2a7c19bca8
C 257
R
P 0x7f2a7c191628
C 342
R
P 0x7f2a7c191628
P 0x7f2a7c19bca8
C 254
= 0x7f2a7c19b1e8
R
P 0x7f2a7c191628
C 342
R
P 0x7f2a7c191628
P 0x7f2a7c19b1e8
C 209
R
P 0x7f2a7c191628
C 342
R
P 0x7f2a7c191628
P 0x7f2a7c19bca8
C 260
R
P 0x7f2a7c191628
C 342
R
P 0x7f2a7c191628
P 0x7f2a7c19bca8
C 259
R
P 0x7f2a7c191628
C 342
R
P 0x7f2a7c191628
P 0x7f2a7c19bca8
C 258
R
P 0x7f2a7c191628
C 342
R
P 0x7f2a7c191628
P 0x7f2a7c19bca8
C 9
R
P 0x7f2a7c191628
C 342
R
P 0x7f2a7c191628
P 0x7f2a7c19bc68
C 333
R
P 0x7f2a7c191628
C 342
R
P 0x7f2a7c191628
S "slotflowPriorityStart"
C 30
R
P 0x7f2a7c191628
C 342
R
P 0x7f2a7c191628
$ |slotflowPriorityStart|
C 202
R
P 0x7f2a7c191628
C 342
R
P 0x7f2a7c191628
$ |slotflowPriorityStart|
P 0x7f2a7c19b1e8
C 51
= 0x7f2a7c19c2a8
R
P 0x7f2a7c191628
C 342
R
P 0x7f2a7c191628
P 0x7f2a7c19c2a8
C 257
R
P 0x7f2a7c191628
C 342
R
P 0x7f2a7c191628
P 0x7f2a7c19c2a8
C 254
= 0x7f2a7c19b1e8
R
P 0x7f2a7c191628
C 342
R
P 0x7f2a7c191628
P 0x7f2a7c19b1e8
C 209
R
P 0x7f2a7c191628
C 342
R
P 0x7f2a7c191628
P 0x7f2a7c19c2a8
C 260
R
P 0x7f2a7c191628
C 342
R
P 0x7f2a7c191628
P 0x7f2a7c19c2a8
C 259
R
P 0x7f2a7c191628
C 342
R
P 0x7f2a7c191628
P 0x7f2a7c19c2a8
C 258
R
P 0x7f2a7c191628
C 342
R
P 0x7f2a7c191628
P 0x7f2a7c19c2a8
C 9
R
P 0x7f2a7c191628
C 342
R
P 0x7f2a7c191628
P 0x7f2a7c19bc68
C 333
R
P 0x7f2a7c191628
C 342
R
P 0x7f2a7c191628
S "slotflowPriorityDuration"
C 30
R
P 0x7f2a7c191628
C 342
R
P 0x7f2a7c191628
$ |slotflowPriorityDuration|
C 202
R
P 0x7f2a7c191628
C 342
R
P 0x7f2a7c191628
$ |slotflowPriorityDuration|
P 0x7f2a7c19b1e8
C 51
= 0x7f2a7c19c268
R
P 0x7f2a7c191628
C 342
R
P 0x7f2a7c191628
P 0x7f2a7c19c268
C 257
R
P 0x7f2a7c191628
C 342
R
P 0x7f2a7c191628
P 0x7f2a7c19c268
C 254
= 0x7f2a7c19b1e8
R
P 0x7f2a7c191628
C 342
R
P 0x7f2a7c191628
P 0x7f2a7c19b1e8
C 209
R
P 0x7f2a7c191628
C 342
R
P 0x7f2a7c191628
P 0x7f2a7c19c268
C 260
R
P 0x7f2a7c191628
C 342
R
P 0x7f2a7c191628
P 0x7f2a7c19c268
C 259
R
P 0x7f2a7c191628
C 342
R
P 0x7f2a7c191628
P 0x7f2a7c19c268
C 258
R
P 0x7f2a7c191628
C 342
R
P 0x7f2a7c191628
P 0x7f2a7c19c268
C 9
R
P 0x7f2a7c191628
C 342
R
P 0x7f2a7c191628
U 2
P 0x7f2a7c19c2a8
P 0x7f2a7c19c268
p 2
C 65
= 0x7f2a7c487908
R
P 0x7f2a7c191628
C 342
R
P 0x7f2a7c191628
P 0x7f2a7c487908
C 257
R
P 0x7f2a7c191628
C 342
R
P 0x7f2a7c191628
P 0x7f2a7c487908
C 254
= 0x7f2a7c19b1e8
R
P 0x7f2a7c191628
C 342
R
P 0x7f2a7c191628
P 0x7f2a7c19b1e8
C 209
R
P 0x7f2a7c191628
C 342
R
P 0x7f2a7c191628
P 0x7f2a7c487908
C 260
R
P 0x7f2a7c191628
C 342
R
P 0x7f2a7c191628
P 0x7f2a7c487908
C 259
R
P 0x7f2a7c191628
C 342
R
P 0x7f2a7c191628
P 0x7f2a7c487908
C 258
R
P 0x7f2a7c191628
C 342
R
P 0x7f2a7c191628
P 0x7f2a7c487908
C 9
R
P 0x7f2a7c191628
C 342
R
P 0x7f2a7c191628
I 4
P 0x7f2a7c19b208
C 150
= 0x7f2a7c19c028
R
P 0x7f2a7c191628
C 342
R
P 0x7f2a7c191628
P 0x7f2a7c19c028
C 258
R
P 0x7f2a7c191628
C 342
R
P 0x7f2a7c191628
P 0x7f2a7c19c028
C 9
R
P 0x7f2a7c191628
C 342
R
P 0x7f2a7c191628
I 1
P 0x7f2a7c19b208
C 150
= 0x7f2a7c19bc88
R
P 0x7f2a7c191628
C 342
R
P 0x7f2a7c191628
P 0x7f2a7c19bc88
C 258
R
P 0x7f2a7c191628
C 342
R
P 0x7f2a7c191628
P 0x7f2a7c19bc88
C 9
R
P 0x7f2a7c191628
C 342
R
P 0x7f2a7c191628
P 0x7f2a7c19c028
P 0x7f2a7c19bc88
C 75
= 0x7f2a7c487390
R
P 0x7f2a7c191628
C 342
R
P 0x7f2a7c191628
P 0x7f2a7c487390
C 258
R
P 0x7f2a7c191628
C 342
R
P 0x7f2a7c191628
P 0x7f2a7c487390
C 9
R
P 0x7f2a7c191628
C 342
R
P 0x7f2a7c191628
I 1
P 0x7f2a7c19b208
C 150
= 0x7f2a7c19bc88
R
P 0x7f2a7c191628
C 342
R
P 0x7f2a7c191628
P 0x7f2a7c19bc88
C 258
R
P 0x7f2a7c191628
C 342
R
P 0x7f2a7c191628
P 0x7f2a7c19bc88
C 9
R
P 0x7f2a7c191628
C 342
R
P 0x7f2a7c191628
U 2
P 0x7f2a7c19c028
P 0x7f2a7c19bc88
p 2
C 67
= 0x7f2a7c4873c8
R
P 0x7f2a7c191628
C 342
R
P 0x7f2a7c191628
P 0x7f2a7c4873c8
C 257
R
P 0x7f2a7c191628
C 342
R
P 0x7f2a7c191628
P 0x7f2a7c4873c8
C 254
= 0x7f2a7c19b208
R
P 0x7f2a7c191628
C 342
R
P 0x7f2a7c191628
P 0x7f2a7c19b208
C 209
R
P 0x7f2a7c191628
C 342
R
P 0x7f2a7c191628
P 0x7f2a7c4873c8
C 260
R
P 0x7f2a7c191628
C 342
R
P 0x7f2a7c191628
P 0x7f2a7c4873c8
C 259
R
P 0x7f2a7c191628
C 342
R
P 0x7f2a7c191628
P 0x7f2a7c4873c8
C 258
R
P 0x7f2a7c191628
C 342
R
P 0x7f2a7c191628
P 0x7f2a7c4873c8
C 9
R
P 0x7f2a7c191628
C 342
R
P 0x7f2a7c191628
U 2
P 0x7f2a7c19bbe8
P 0x7f2a7c4873c8
p 2
C 66
= 0x7f2a7c488158
R
P 0x7f2a7c191628
C 342
R
P 0x7f2a7c191628
P 0x7f2a7c488158
C 257
R
P 0x7f2a7c191628
C 342
R
P 0x7f2a7c191628
P 0x7f2a7c488158
C 254
= 0x7f2a7c19b208
R
P 0x7f2a7c191628
C 342
R
P 0x7f2a7c191628
P 0x7f2a7c19b208
C 209
R
P 0x7f2a7c191628
C 342
R
P 0x7f2a7c191628
P 0x7f2a7c488158
C 260
R
P 0x7f2a7c191628
C 342
R
P 0x7f2a7c191628
P 0x7f2a7c488158
C 259
R
P 0x7f2a7c191628
C 342
R
P 0x7f2a7c191628
P 0x7f2a7c488158
C 258
R
P 0x7f2a7c191628
C 342
R
P 0x7f2a7c191628
P 0x7f2a7c488158
C 9
R
P 0x7f2a7c191628
C 342
R
P 0x7f2a7c191628
U 2
P 0x7f2a7c19bb88
P 0x7f2a7c488158
p 2
C 65
= 0x7f2a7c488190
R
P 0x7f2a7c191628
C 342
R
P 0x7f2a7c191628
P 0x7f2a7c488190
C 257
R
P 0x7f2a7c191628
C 342
R
P 0x7f2a7c191628
P 0x7f2a7c488190
C 254
= 0x7f2a7c19b1e8
R
P 0x7f2a7c191628
C 342
R
P 0x7f2a7c191628
P 0x7f2a7c19b1e8
C 209
R
P 0x7f2a7c191628
C 342
R
P 0x7f2a7c191628
P 0x7f2a7c488190
C 260
R
P 0x7f2a7c191628
C 342
R
P 0x7f2a7c191628
P 0x7f2a7c488190
C 259
R
P 0x7f2a7c191628
C 342
R
P 0x7f2a7c191628
P 0x7f2a7c488190
C 258
R
P 0x7f2a7c191628
C 342
R
P 0x7f2a7c191628
P 0x7f2a7c488190
C 9
R
P 0x7f2a7c191628
C 342
R
P 0x7f2a7c191628
P 0x7f2a7c487390
P 0x7f2a7c488190
P 0x7f2a7c19bb88
C 59
= 0x7f2a7c19fb08
R
P 0x7f2a7c191628
C 342
R
P 0x7f2a7c191628
P 0x7f2a7c19fb08
C 257
R
P 0x7f2a7c191628
C 342
R
P 0x7f2a7c191628
P 0x7f2a7c19fb08
C 254
= 0x7f2a7c19b1e8
R
P 0x7f2a7c191628
C 342
R
P 0x7f2a7c191628
P 0x7f2a7c19b1e8
C 209
R
P 0x7f2a7c191628
C 342
R
P 0x7f2a7c191628
P 0x7f2a7c19fb08
C 260
R
P 0x7f2a7c191628
C 342
R
P 0x7f2a7c191628
P 0x7f2a7c19fb08
C 259
R
P 0x7f2a7c191628
C 342
R
P 0x7f2a7c191628
P 0x7f2a7c19fb08
C 258
R
P 0x7f2a7c191628
C 342
R
P 0x7f2a7c191628
P 0x7f2a7c19fb08
C 9
R
P 0x7f2a7c191628
C 342
R
P 0x7f2a7c191628
U 2
P 0x7f2a7c487908
P 0x7f2a7c19fb08
p 2
C 65
= 0x7f2a7c4881c8
R
P 0x7f2a7c191628
C 342
R
P 0x7f2a7c191628
P 0x7f2a7c4881c8
C 257
R
P 0x7f2a7c191628
C 342
R
P 0x7f2a7c191628
P 0x7f2a7c4881c8
C 254
= 0x7f2a7c19b1e8
R
P 0x7f2a7c191628
C 342
R
P 0x7f2a7c191628
P 0x7f2a7c19b1e8
C 209
R
P 0x7f2a7c191628
C 342
R
P 0x7f2a7c191628
P 0x7f2a7c4881c8
C 260
R
P 0x7f2a7c191628
C 342
R
P 0x7f2a7c191628
P 0x7f2a7c4881c8
C 259
R
P 0x7f2a7c191628
C 342
R
P 0x7f2a7c191628
P 0x7f2a7c4881c8
C 258
R
P 0x7f2a7c191628
C 342
R
P 0x7f2a7c191628
P 0x7f2a7c4881c8
C 9
R
P 0x7f2a7c191628
C 342
R
P 0x7f2a7c191628
P 0x7f2a7c19bca8
P 0x7f2a7c4881c8
C 74
= 0x7f2a7c48a5c8
R
P 0x7f2a7c191628
C 342
R
P 0x7f2a7c191628
P 0x7f2a7c48a5c8
C 258
R
P 0x7f2a7c191628
C 342
R
P 0x7f2a7c191628
P 0x7f2a7c48a5c8
C 9
R
P 0x7f2a7c191628
C 342
R
P 0x7f2a7c191628
U 2
P 0x7f2a7c48a590
P 0x7f2a7c48a5c8
p 2
C 63
= 0x7f2a7c48a600
R
P 0x7f2a7c191628
C 342
R
P 0x7f2a7c191628
P 0x7f2a7c48a600
C 258
R
P 0x7f2a7c191628
C 342
R
P 0x7f2a7c191628
P 0x7f2a7c48a600
C 9
R
P 0x7f2a7c191628
C 342
R
P 0x7f2a7c191628
P 0x7f2a7c48a558
P 0x7f2a7c48a600
C 61
= 0x7f2a7c48a638
R
P 0x7f2a7c191628
C 342
R
P 0x7f2a7c191628
P 0x7f2a7c48a638
C 258
R
P 0x7f2a7c191628
C 342
R
P 0x7f2a7c191628
P 0x7f2a7c48a638
C 9
R
P 0x7f2a7c191628
C 342
R
P 0x7f2a7c191628
P 0x7f2a7c1e1fc8
P 0x7f2a7c48a638
C 427
R
P 0x7f2a7c191628
C 342
R
P 0x7f2a7c191628
I 2
P 0x7f2a7c19b208
C 150
= 0x7f2a7c19bcc8
R
P 0x7f2a7c191628
C 342
R
P 0x7f2a7c191628
P 0x7f2a7c19bcc8
C 258
R
P 0x7f2a7c191628
C 342
R
P 0x7f2a7c191628
P 0x7f2a7c19bcc8
C 9
R
P 0x7f2a7c191628
C 342
R
P 0x7f2a7c191628
I 1
P 0x7f2a7c19b208
C 150
= 0x7f2a7c19bc88
R
P 0x7f2a7c191628
C 342
R
P 0x7f2a7c191628
P 0x7f2a7c19bc88
C 258
R
P 0x7f2a7c191628
C 342
R
P 0x7f2a7c191628
P 0x7f2a7c19bc88
C 9
R
P 0x7f2a7c191628
C 342
R
P 0x7f2a7c191628
P 0x7f2a7c19bcc8
P 0x7f2a7c19bc88
C 75
= 0x7f2a7c1a1890
R
P 0x7f2a7c191628
C 342
R
P 0x7f2a7c191628
P 0x7f2a7c1a1890
C 258
R
P 0x7f2a7c191628
C 342
R
P 0x7f2a7c191628
P 0x7f2a7c1a1890
C 9
R
P 0x7f2a7c191628
C 342
R
P 0x7f2a7c191628
I 1
P 0x7f2a7c19b208
C 150
= 0x7f2a7c19bc88
R
P 0x7f2a7c191628
C 342
R
P 0x7f2a7c191628
P 0x7f2a7c19bc88
C 258
R
P 0x7f2a7c191628
C 342
R
P 0x7f2a7c191628
P 0x7f2a7c19bc88
C 9
R
P 0x7f2a7c191628
C 342
R
P 0x7f2a7c191628
U 2
P 0x7f2a7c19bcc8
P 0x7f2a7c19bc88
p 2
C 67
= 0x7f2a7c1a18c8
R
P 0x7f2a7c191628
C 342
R
P 0x7f2a7c191628
P 0x7f2a7c1a18c8
C 257
R
P 0x7f2a7c191628
C 342
R
P 0x7f2a7c191628
P 0x7f2a7c1a18c8
C 254
= 0x7f2a7c19b208
R
P 0x7f2a7c191628
C 342
R
P 0x7f2a7c191628
P 0x7f2a7c19b208
C 209
R
P 0x7f2a7c191628
C 342
R
P 0x7f2a7c191628
P 0x7f2a7c1a18c8
C 260
R
P 0x7f2a7c191628
C 342
R
P 0x7f2a7c191628
P 0x7f2a7c1a18c8
C 259
R
P 0x7f2a7c191628
C 342
R
P 0x7f2a7c191628
P 0x7f2a7c1a18c8
C 258
R
P 0x7f2a7c191628
C 342
R
P 0x7f2a7c191628
P 0x7f2a7c1a18c8
C 9
R
P 0x7f2a7c191628
C 342
R
P 0x7f2a7c191628
U 2
P 0x7f2a7c19bba8
P 0x7f2a7c1a18c8
p 2
C 66
= 0x7f2a7c1a1900
R
P 0x7f2a7c191628
C 342
R
P 0x7f2a7c191628
P 0x7f2a7c1a1900
C 257
R
P 0x7f2a7c191628
C 342
R
P 0x7f2a7c191628
P 0x7f2a7c1a1900
C 254
= 0x7f2a7c19b1e8
R
P 0x7f2a7c191628
C 342
R
P 0x7f2a7c191628
P 0x7f2a7c19b1e8
C 209
R
P 0x7f2a7c191628
C 342
R
P 0x7f2a7c191628
P 0x7f2a7c1a1900
C 260
R
P 0x7f2a7c191628
C 342
R
P 0x7f2a7c191628
P 0x7f2a7c1a1900
C 259
R
P 0x7f2a7c191628
C 342
R
P 0x7f2a7c191628
P 0x7f2a7c1a1900
C 258
R
P 0x7f2a7c191628
C 342
R
P 0x7f2a7c191628
P 0x7f2a7c1a1900
C 9
R
P 0x7f2a7c191628
C 342
R
P 0x7f2a7c191628
U 2
P 0x7f2a7c19bc28
P 0x7f2a7c1a1900
p 2
C 65
= 0x7f2a7c1a1938
R
P 0x7f2a7c191628
C 342
R
P 0x7f2a7c191628
P 0x7f2a7c1a1938
C 257
R
P 0x7f2a7c191628
C 342
R
P 0x7f2a7c191628
P 0x7f2a7c1a1938
C 254
= 0x7f2a7c19b1e8
R
P 0x7f2a7c191628
C 342
R
P 0x7f2a7c191628
P 0x7f2a7c19b1e8
C 209
R
P 0x7f2a7c191628
C 342
R
P 0x7f2a7c191628
P 0x7f2a7c1a1938
C 260
R
P 0x7f2a7c191628
C 342
R
P 0x7f2a7c191628
P 0x7f2a7c1a1938
C 259
R
P 0x7f2a7c191628
C 342
R
P 0x7f2a7c191628
P 0x7f2a7c1a1938
C 258
R
P 0x7f2a7c191628
C 342
R
P 0x7f2a7c191628
P 0x7f2a7c1a1938
C 9
R
P 0x7f2a7c191628
C 342
R
P 0x7f2a7c191628
P 0x7f2a7c1a1890
P 0x7f2a7c1a1938
P 0x7f2a7c19bc28
C 59
= 0x7f2a7c19f888
R
P 0x7f2a7c191628
C 342
R
P 0x7f2a7c191628
P 0x7f2a7c19f888
C 257
R
P 0x7f2a7c191628
C 342
R
P 0x7f2a7c191628
P 0x7f2a7c19f888
C 254
= 0x7f2a7c19b1e8
R
P 0x7f2a7c191628
C 342
R
P 0x7f2a7c191628
P 0x7f2a7c19b1e8
C 209
R
P 0x7f2a7c191628
C 342
R
P 0x7f2a7c191628
P 0x7f2a7c19f888
C 260
R
P 0x7f2a7c191628
C 342
R
P 0x7f2a7c191628
P 0x7f2a7c19f888
C 259
R
P 0x7f2a7c191628
C 342
R
P 0x7f2a7c191628
P 0x7f2a7c19f888
C 258
R
P 0x7f2a7c191628
C 342
R
P 0x7f2a7c191628
P 0x7f2a7c19f888
C 9
R
P 0x7f2a7c191628
C 342
R
P 0x7f2a7c191628
U 2
P 0x7f2a7c19f888
P 0x7f2a7c19bb48
p 2
C 65
= 0x7f2a7c1a1970
R
P 0x7f2a7c191628
C 342
R
P 0x7f2a7c191628
P 0x7f2a7c1a1970
C 257
R
P 0x7f2a7c191628
C 342
R
P 0x7f2a7c191628
P 0x7f2a7c1a1970
C 254
= 0x7f2a7c19b1e8
R
P 0x7f2a7c191628
C 342
R
P 0x7f2a7c191628
P 0x7f2a7c19b1e8
C 209
R
P 0x7f2a7c191628
C 342
R
P 0x7f2a7c191628
P 0x7f2a7c1a1970
C 260
R
P 0x7f2a7c191628
C 342
R
P 0x7f2a7c191628
P 0x7f2a7c1a1970
C 259
R
P 0x7f2a7c191628
C 342
R
P 0x7f2a7c191628
P 0x7f2a7c1a1970
C 258
R
P 0x7f2a7c191628
C 342
R
P 0x7f2a7c191628
P 0x7f2a7c1a1970
C 9
R
P 0x7f2a7c191628
C 342
R
P 0x7f2a7c191628
P 0x7f2a7c19bc68
C 333
R
P 0x7f2a7c191628
C 342
R
P 0x7f2a7c191628
S "slotflowPriorityStart"
C 30
R
P 0x7f2a7c191628
C 342
R
P 0x7f2a7c191628
$ |slotflowPriorityStart|
C 202
R
P 0x7f2a7c191628
C 342
R
P 0x7f2a7c191628
$ |slotflowPriorityStart|
P 0x7f2a7c19b1e8
C 51
= 0x7f2a7c19c2a8
R
P 0x7f2a7c191628
C 342
R
P 0x7f2a7c191628
P 0x7f2a7c19c2a8
C 257
R
P 0x7f2a7c191628
C 342
R
P 0x7f2a7c191628
P 0x7f2a7c19c2a8
C 254
= 0x7f2a7c19b1e8
R
P 0x7f2a7c191628
C 342
R
P 0x7f2a7c191628
P 0x7f2a7c19b1e8
C 209
R
P 0x7f2a7c191628
C 342
R
P 0x7f2a7c191628
P 0x7f2a7c19c2a8
C 260
R
P 0x7f2a7c191628
C 342
R
P 0x7f2a7c191628
P 0x7f2a7c19c2a8
C 259
R
P 0x7f2a7c191628
C 342
R
P 0x7f2a7c191628
P 0x7f2a7c19c2a8
C 258
R
P 0x7f2a7c191628
C 342
R
P 0x7f2a7c191628
P 0x7f2a7c19c2a8
C 9
R
P 0x7f2a7c191628
C 342
R
P 0x7f2a7c191628
I 0
P 0x7f2a7c19b208
C 150
= 0x7f2a7c19bd08
R
P 0x7f2a7c191628
C 342
R
P 0x7f2a7c191628
P 0x7f2a7c19bd08
C 258
R
P 0x7f2a7c191628
C 342
R
P 0x7f2a7c191628
P 0x7f2a7c19bd08
C 9
R
P 0x7f2a7c191628
C 342
R
P 0x7f2a7c191628
I 1
P 0x7f2a7c19b208
C 150
= 0x7f2a7c19bc88
R
P 0x7f2a7c191628
C 342
R
P 0x7f2a7c191628
P 0x7f2a7c19bc88
C 258
R
P 0x7f2a7c191628
C 342
R
P 0x7f2a7c191628
P 0x7f2a7c19bc88
C 9
R
P 0x7f2a7c191628
C 342
R
P 0x7f2a7c191628
P 0x7f2a7c19bd08
P 0x7f2a7c19bc88
C 75
= 0x7f2a7c486fa0
R
P 0x7f2a7c191628
C 342
R
P 0x7f2a7c191628
P 0x7f2a7c486fa0
C 258
R
P 0x7f2a7c191628
C 342
R
P 0x7f2a7c191628
P 0x7f2a7c486fa0
C 9
R
P 0x7f2a7c191628
C 342
R
P 0x7f2a7c191628
I 1
P 0x7f2a7c19b208
C 150
= 0x7f2a7c19bc88
R
P 0x7f2a7c191628
C 342
R
P 0x7f2a7c191628
P 0x7f2a7c19bc88
C 258
R
P 0x7f2a7c191628
C 342
R
P 0x7f2a7c191628
P 0x7f2a7c19bc88
C 9
R
P 0x7f2a7c191628
C 342
R
P 0x7f2a7c191628
U 2
P 0x7f2a7c19bd08
P 0x7f2a7c19bc88
p 2
C 67
= 0x7f2a7c486fd8
R
P 0x7f2a7c191628
C 342
R
P 0x7f2a7c191628
P 0x7f2a7c486fd8
C 257
R
P 0x7f2a7c191628
C 342
R
P 0x7f2a7c191628
P 0x7f2a7c486fd8
C 254
= 0x7f2a7c19b208
R
P 0x7f2a7c191628
C 342
R
P 0x7f2a7c191628
P 0x7f2a7c19b208
C 209
R
P 0x7f2a7c191628
C 342
R
P 0x7f2a7c191628
P 0x7f2a7c486fd8
C 260
R
P 0x7f2a7c191628
C 342
R
P 0x7f2a7c191628
P 0x7f2a7c486fd8
C 259
R
P 0x7f2a7c191628
C 342
R
P 0x7f2a7c191628
P 0x7f2a7c486fd8
C 258
R
P 0x7f2a7c191628
C 342
R
P 0x7f2a7c191628
P 0x7f2a7c486fd8
C 9
R
P 0x7f2a7c191628
C 342
R
P 0x7f2a7c191628
U 2
P 0x7f2a7c19bbe8
P 0x7f2a7c486fd8
p 2
C 66
= 0x7f2a7c487940
R
P 0x7f2a7c191628
C 342
R
P 0x7f2a7c191628
P 0x7f2a7c487940
C 257
R
P 0x7f2a7c191628
C 342
R
P 0x7f2a7c191628
P 0x7f2a7c487940
C 254
= 0x7f2a7c19b208
R
P 0x7f2a7c191628
C 342
R
P 0x7f2a7c191628
P 0x7f2a7c19b208
C 209
R
P 0x7f2a7c191628
C 342
R
P 0x7f2a7c191628
P 0x7f2a7c487940
C 260
R
P 0x7f2a7c191628
C 342
R
P 0x7f2a7c191628
P 0x7f2a7c487940
C 259
R
P 0x7f2a7c191628
C 342
R
P 0x7f2a7c191628
P 0x7f2a7c487940
C 258
R
P 0x7f2a7c191628
C 342
R
P 0x7f2a7c191628
P 0x7f2a7c487940
C 9
R
P 0x7f2a7c191628
C 342
R
P 0x7f2a7c191628
U 2
P 0x7f2a7c19bb88
P 0x7f2a7c487940
p 2
C 65
= 0x7f2a7c487978
R
P 0x7f2a7c191628
C 342
R
P 0x7f2a7c191628
P 0x7f2a7c487978
C 257
R
P 0x7f2a7c191628
C 342
R
P 0x7f2a7c191628
P 0x7f2a7c487978
C 254
= 0x7f2a7c19b1e8
R
P 0x7f2a7c191628
C 342
R
P 0x7f2a7c191628
P 0x7f2a7c19b1e8
C 209
R
P 0x7f2a7c191628
C 342
R
P 0x7f2a7c191628
P 0x7f2a7c487978
C 260
R
P 0x7f2a7c191628
C 342
R
P 0x7f2a7c191628
P 0x7f2a7c487978
C 259
R
P 0x7f2a7c191628
C 342
R
P 0x7f2a7c191628
P 0x7f2a7c487978
C 258
R
P 0x7f2a7c191628
C 342
R
P 0x7f2a7c191628
P 0x7f2a7c487978
C 9
R
P 0x7f2a7c191628
C 342
R
P 0x7f2a7c191628
P 0x7f2a7c486fa0
P 0x7f2a7c487978
P 0x7f2a7c19bb88
C 59
= 0x7f2a7c19fa08
R
P 0x7f2a7c191628
C 342
R
P 0x7f2a7c191628
P 0x7f2a7c19fa08
C 257
R
P 0x7f2a7c191628
C 342
R
P 0x7f2a7c191628
P 0x7f2a7c19fa08
C 254
= 0x7f2a7c19b1e8
R
P 0x7f2a7c191628
C 342
R
P 0x7f2a7c191628
P 0x7f2a7c19b1e8
C 209
R
P 0x7f2a7c191628
C 342
R
P 0x7f2a7c191628
P 0x7f2a7c19fa08
C 260
R
P 0x7f2a7c191628
C 342
R
P 0x7f2a7c191628
P 0x7f2a7c19fa08
C 259
R
P 0x7f2a7c191628
C 342
R
P 0x7f2a7c191628
P 0x7f2a7c19fa08
C 258
R
P 0x7f2a7c191628
C 342
R
P 0x7f2a7c191628
P 0x7f2a7c19fa08
C 9
R
P 0x7f2a7c191628
C 342
R
P 0x7f2a7c191628
U 2
P 0x7f2a7c19c2a8
P 0x7f2a7c19fa08
p 2
C 65
= 0x7f2a7c487a58
R
P 0x7f2a7c191628
C 342
R
P 0x7f2a7c191628
P 0x7f2a7c487a58
C 257
R
P 0x7f2a7c191628
C 342
R
P 0x7f2a7c191628
P 0x7f2a7c487a58
C 254
= 0x7f2a7c19b1e8
R
P 0x7f2a7c191628
C 342
R
P 0x7f2a7c191628
P 0x7f2a7c19b1e8
C 209
R
P 0x7f2a7c191628
C 342
R
P 0x7f2a7c191628
P 0x7f2a7c487a58
C 260
R
P 0x7f2a7c191628
C 342
R
P 0x7f2a7c191628
P 0x7f2a7c487a58
C 259
R
P 0x7f2a7c191628
C 342
R
P 0x7f2a7c191628
P 0x7f2a7c487a58
C 258
R
P 0x7f2a7c191628
C 342
R
P 0x7f2a7c191628
P 0x7f2a7c487a58
C 9
R
P 0x7f2a7c191628
C 342
R
P 0x7f2a7c191628
P 0x7f2a7c1a1970
P 0x7f2a7c487a58
C 73
= 0x7f2a7c48a670
R
P 0x7f2a7c191628
C 342
R
P 0x7f2a7c191628
P 0x7f2a7c48a670
C 258
R
P 0x7f2a7c191628
C 342
R
P 0x7f2a7c191628
P 0x7f2a7c48a670
C 9
R
P 0x7f2a7c191628
C 342
R
P 0x7f2a7c191628
I 2
P 0x7f2a7c19b208
C 150
= 0x7f2a7c19bcc8
R
P 0x7f2a7c191628
C 342
R
P 0x7f2a7c191628
P 0x7f2a7c19bcc8
C 258
R
P 0x7f2a7c191628
C 342
R
P 0x7f2a7c191628
P 0x7f2a7c19bcc8
C 9
R
P 0x7f2a7c191628
C 342
R
P 0x7f2a7c191628
I 1
P 0x7f2a7c19b208
C 150
= 0x7f2a7c19bc88
R
P 0x7f2a7c191628
C 342
R
P 0x7f2a7c191628
P 0x7f2a7c19bc88
C 258
R
P 0x7f2a7c191628
C 342
R
P 0x7f2a7c191628
P 0x7f2a7c19bc88
C 9
R
P 0x7f2a7c191628
C 342
R
P 0x7f2a7c191628
P 0x7f2a7c19bcc8
P 0x7f2a7c19bc88
C 75
= 0x7f2a7c1a1890
R
P 0x7f2a7c191628
C 342
R
P 0x7f2a7c191628
P 0x7f2a7c1a1890
C 258
R
P 0x7f2a7c191628
C 342
R
P 0x7f2a7c191628
P 0x7f2a7c1a1890
C 9
R
P 0x7f2a7c191628
C 342
R
P 0x7f2a7c191628
I 1
P 0x7f2a7c19b208
C 150
= 0x7f2a7c19bc88
R
P 0x7f2a7c191628
C 342
R
P 0x7f2a7c191628
P 0x7f2a7c19bc88
C 258
R
P 0x7f2a7c191628
C 342
R
P 0x7f2a7c191628
P 0x7f2a7c19bc88
C 9
R
P 0x7f2a7c191628
C 342
R
P 0x7f2a7c191628
U 2
P 0x7f2a7c19bcc8
P 0x7f2a7c19bc88
p 2
C 67
= 0x7f2a7c1a18c8
R
P 0x7f2a7c191628
C 342
R
P 0x7f2a7c191628
P 0x7f2a7c1a18c8
C 257
R
P 0x7f2a7c191628
C 342
R
P 0x7f2a7c191628
P 0x7f2a7c1a18c8
C 254
= 0x7f2a7c19b208
R
P 0x7f2a7c191628
C 342
R
P 0x7f2a7c191628
P 0x7f2a7c19b208
C 209
R
P 0x7f2a7c191628
C 342
R
P 0x7f2a7c191628
P 0x7f2a7c1a18c8
C 260
R
P 0x7f2a7c191628
C 342
R
P 0x7f2a7c191628
P 0x7f2a7c1a18c8
C 259
R
P 0x7f2a7c191628
C 342
R
P 0x7f2a7c191628
P 0x7f2a7c1a18c8
C 258
R
P 0x7f2a7c191628
C 342
R
P 0x7f2a7c191628
P 0x7f2a7c1a18c8
C 9
R
P 0x7f2a7c191628
C 342
R
P 0x7f2a7c191628
U 2
P 0x7f2a7c19bba8
P 0x7f2a7c1a18c8
p 2
C 66
= 0x7f2a7c1a1900
R
P 0x7f2a7c191628
C 342
R
P 0x7f2a7c191628
P 0x7f2a7c1a1900
C 257
R
P 0x7f2a7c191628
C 342
R
P 0x7f2a7c191628
P 0x7f2a7c1a1900
C 254
= 0x7f2a7c19b1e8
R
P 0x7f2a7c191628
C 342
R
P 0x7f2a7c191628
P 0x7f2a7c19b1e8
C 209
R
P 0x7f2a7c191628
C 342
R
P 0x7f2a7c191628
P 0x7f2a7c1a1900
C 260
R
P 0x7f2a7c191628
C 342
R
P 0x7f2a7c191628
P 0x7f2a7c1a1900
C 259
R
P 0x7f2a7c191628
C 342
R
P 0x7f2a7c191628
P 0x7f2a7c1a1900
C 258
R
P 0x7f2a7c191628
C 342
R
P 0x7f2a7c191628
P 0x7f2a7c1a1900
C 9
R
P 0x7f2a7c191628
C 342
R
P 0x7f2a7c191628
U 2
P 0x7f2a7c19bc28
P 0x7f2a7c1a1900
p 2
C 65
= 0x7f2a7c1a1938
R
P 0x7f2a7c191628
C 342
R
P 0x7f2a7c191628
P 0x7f2a7c1a1938
C 257
R
P 0x7f2a7c191628
C 342
R
P 0x7f2a7c191628
P 0x7f2a7c1a1938
C 254
= 0x7f2a7c19b1e8
R
P 0x7f2a7c191628
C 342
R
P 0x7f2a7c191628
P 0x7f2a7c19b1e8
C 209
R
P 0x7f2a7c191628
C 342
R
P 0x7f2a7c191628
P 0x7f2a7c1a1938
C 260
R
P 0x7f2a7c191628
C 342
R
P 0x7f2a7c191628
P 0x7f2a7c1a1938
C 259
R
P 0x7f2a7c191628
C 342
R
P 0x7f2a7c191628
P 0x7f2a7c1a1938
C 258
R
P 0x7f2a7c191628
C 342
R
P 0x7f2a7c191628
P 0x7f2a7c1a1938
C 9
R
P 0x7f2a7c191628
C 342
R
P 0x7f2a7c191628
P 0x7f2a7c1a1890
P 0x7f2a7c1a1938
P 0x7f2a7c19bc28
C 59
= 0x7f2a7c19f888
R
P 0x7f2a7c191628
C 342
R
P 0x7f2a7c191628
P 0x7f2a7c19f888
C 257
R
P 0x7f2a7c191628
C 342
R
P 0x7f2a7c191628
P 0x7f2a7c19f888
C 254
= 0x7f2a7c19b1e8
R
P 0x7f2a7c191628
C 342
R
P 0x7f2a7c191628
P 0x7f2a7c19b1e8
C 209
R
P 0x7f2a7c191628
C 342
R
P 0x7f2a7c191628
P 0x7f2a7c19f888
C 260
R
P 0x7f2a7c191628
C 342
R
P 0x7f2a7c191628
P 0x7f2a7c19f888
C 259
R
P 0x7f2a7c191628
C 342
R
P 0x7f2a7c191628
P 0x7f2a7c19f888
C 258
R
P 0x7f2a7c191628
C 342
R
P 0x7f2a7c191628
P 0x7f2a7c19f888
C 9
R
P 0x7f2a7c191628
C 342
R
P 0x7f2a7c191628
U 2
P 0x7f2a7c19f888
P 0x7f2a7c19bb48
p 2
C 65
= 0x7f2a7c1a1970
R
P 0x7f2a7c191628
C 342
R
P 0x7f2a7c191628
P 0x7f2a7c1a1970
C 257
R
P 0x7f2a7c191628
C 342
R
P 0x7f2a7c191628
P 0x7f2a7c1a1970
C 254
= 0x7f2a7c19b1e8
R
P 0x7f2a7c191628
C 342
R
P 0x7f2a7c191628
P 0x7f2a7c19b1e8
C 209
R
P 0x7f2a7c191628
C 342
R
P 0x7f2a7c191628
P 0x7f2a7c1a1970
C 260
R
P 0x7f2a7c191628
C 342
R
P 0x7f2a7c191628
P 0x7f2a7c1a1970
C 259
R
P 0x7f2a7c191628
C 342
R
P 0x7f2a7c191628
P 0x7f2a7c1a1970
C 258
R
P 0x7f2a7c191628
C 342
R
P 0x7f2a7c191628
P 0x7f2a7c1a1970
C 9
R
P 0x7f2a7c191628
C 342
R
P 0x7f2a7c191628
I 0
P 0x7f2a7c19b208
C 150
= 0x7f2a7c19bd08
R
P 0x7f2a7c191628
C 342
R
P 0x7f2a7c191628
P 0x7f2a7c19bd08
C 258
R
P 0x7f2a7c191628
C 342
R
P 0x7f2a7c191628
P 0x7f2a7c19bd08
C 9
R
P 0x7f2a7c191628
C 342
R
P 0x7f2a7c191628
I 1
P 0x7f2a7c19b208
C 150
= 0x7f2a7c19bc88
R
P 0x7f2a7c191628
C 342
R
P 0x7f2a7c191628
P 0x7f2a7c19bc88
C 258
R
P 0x7f2a7c191628
C 342
R
P 0x7f2a7c191628
P 0x7f2a7c19bc88
C 9
R
P 0x7f2a7c191628
C 342
R
P 0x7f2a7c191628
P 0x7f2a7c19bd08
P 0x7f2a7c19bc88
C 75
= 0x7f2a7c486fa0
R
P 0x7f2a7c191628
C 342
R
P 0x7f2a7c191628
P 0x7f2a7c486fa0
C 258
R
P 0x7f2a7c191628
C 342
R
P 0x7f2a7c191628
P 0x7f2a7c486fa0
C 9
R
P 0x7f2a7c191628
C 342
R
P 0x7f2a7c191628
I 1
P 0x7f2a7c19b208
C 150
= 0x7f2a7c19bc88
R
P 0x7f2a7c191628
C 342
R
P 0x7f2a7c191628
P 0x7f2a7c19bc88
C 258
R
P 0x7f2a7c191628
C 342
R
P 0x7f2a7c191628
P 0x7f2a7c19bc88
C 9
R
P 0x7f2a7c191628
C 342
R
P 0x7f2a7c191628
U 2
P 0x7f2a7c19bd08
P 0x7f2a7c19bc88
p 2
C 67
= 0x7f2a7c486fd8
R
P 0x7f2a7c191628
C 342
R
P 0x7f2a7c191628
P 0x7f2a7c486fd8
C 257
R
P 0x7f2a7c191628
C 342
R
P 0x7f2a7c191628
P 0x7f2a7c486fd8
C 254
= 0x7f2a7c19b208
R
P 0x7f2a7c191628
C 342
R
P 0x7f2a7c191628
P 0x7f2a7c19b208
C 209
R
P 0x7f2a7c191628
C 342
R
P 0x7f2a7c191628
P 0x7f2a7c486fd8
C 260
R
P 0x7f2a7c191628
C 342
R
P 0x7f2a7c191628
P 0x7f2a7c486fd8
C 259
R
P 0x7f2a7c191628
C 342
R
P 0x7f2a7c191628
P 0x7f2a7c486fd8
C 258
R
P 0x7f2a7c191628
C 342
R
P 0x7f2a7c191628
P 0x7f2a7c486fd8
C 9
R
P 0x7f2a7c191628
C 342
R
P 0x7f2a7c191628
U 2
P 0x7f2a7c19bbe8
P 0x7f2a7c486fd8
p 2
C 66
= 0x7f2a7c487940
R
P 0x7f2a7c191628
C 342
R
P 0x7f2a7c191628
P 0x7f2a7c487940
C 257
R
P 0x7f2a7c191628
C 342
R
P 0x7f2a7c191628
P 0x7f2a7c487940
C 254
= 0x7f2a7c19b208
R
P 0x7f2a7c191628
C 342
R
P 0x7f2a7c191628
P 0x7f2a7c19b208
C 209
R
P 0x7f2a7c191628
C 342
R
P 0x7f2a7c191628
P 0x7f2a7c487940
C 260
R
P 0x7f2a7c191628
C 342
R
P 0x7f2a7c191628
P 0x7f2a7c487940
C 259
R
P 0x7f2a7c191628
C 342
R
P 0x7f2a7c191628
P 0x7f2a7c487940
C 258
R
P 0x7f2a7c191628
C 342
R
P 0x7f2a7c191628
P 0x7f2a7c487940
C 9
R
P 0x7f2a7c191628
C 342
R
P 0x7f2a7c191628
U 2
P 0x7f2a7c19bb88
P 0x7f2a7c487940
p 2
C 65
= 0x7f2a7c487978
R
P 0x7f2a7c191628
C 342
R
P 0x7f2a7c191628
P 0x7f2a7c487978
C 257
R
P 0x7f2a7c191628
C 342
R
P 0x7f2a7c191628
P 0x7f2a7c487978
C 254
= 0x7f2a7c19b1e8
R
P 0x7f2a7c191628
C 342
R
P 0x7f2a7c191628
P 0x7f2a7c19b1e8
C 209
R
P 0x7f2a7c191628
C 342
R
P 0x7f2a7c191628
P 0x7f2a7c487978
C 260
R
P 0x7f2a7c191628
C 342
R
P 0x7f2a7c191628
P 0x7f2a7c487978
C 259
R
P 0x7f2a7c191628
C 342
R
P 0x7f2a7c191628
P 0x7f2a7c487978
C 258
R
P 0x7f2a7c191628
C 342
R
P 0x7f2a7c191628
P 0x7f2a7c487978
C 9
R
P 0x7f2a7c191628
C 342
R
P 0x7f2a7c191628
P 0x7f2a7c486fa0
P 0x7f2a7c487978
P 0x7f2a7c19bb88
C 59
= 0x7f2a7c19fa08
R
P 0x7f2a7c191628
C 342
R
P 0x7f2a7c191628
P 0x7f2a7c19fa08
C 257
R
P 0x7f2a7c191628
C 342
R
P 0x7f2a7c191628
P 0x7f2a7c19fa08
C 254
= 0x7f2a7c19b1e8
R
P 0x7f2a7c191628
C 342
R
P 0x7f2a7c191628
P 0x7f2a7c19b1e8
C 209
R
P 0x7f2a7c191628
C 342
R
P 0x7f2a7c191628
P 0x7f2a7c19fa08
C 260
R
P 0x7f2a7c191628
C 342
R
P 0x7f2a7c191628
P 0x7f2a7c19fa08
C 259
R
P 0x7f2a7c191628
C 342
R
P 0x7f2a7c191628
P 0x7f2a7c19fa08
C 258
R
P 0x7f2a7c191628
C 342
R
P 0x7f2a7c191628
P 0x7f2a7c19fa08
C 9
R
P 0x7f2a7c191628
C 342
R
P 0x7f2a7c191628
P 0x7f2a7c1a1970
P 0x7f2a7c19fa08
C 76
= 0x7f2a7c48a6a8
R
P 0x7f2a7c191628
C 342
R
P 0x7f2a7c191628
P 0x7f2a7c48a6a8
C 258
R
P 0x7f2a7c191628
C 342
R
P 0x7f2a7c191628
P 0x7f2a7c48a6a8
C 9
R
P 0x7f2a7c191628
C 342
R
P 0x7f2a7c191628
U 2
P 0x7f2a7c48a670
P 0x7f2a7c48a6a8
p 2
C 63
= 0x7f2a7c48a6e0
R
P 0x7f2a7c191628
C 342
R
P 0x7f2a7c191628
P 0x7f2a7c48a6e0
C 258
R
P 0x7f2a7c191628
C 342
R
P 0x7f2a7c191628
P 0x7f2a7c48a6e0
C 9
R
P 0x7f2a7c191628
C 342
R
P 0x7f2a7c191628
I 2
P 0x7f2a7c19b208
C 150
= 0x7f2a7c19bcc8
R
P 0x7f2a7c191628
C 342
R
P 0x7f2a7c191628
P 0x7f2a7c19bcc8
C 258
R
P 0x7f2a7c191628
C 342
R
P 0x7f2a7c191628
P 0x7f2a7c19bcc8
C 9
R
P 0x7f2a7c191628
C 342
R
P 0x7f2a7c191628
P 0x7f2a7c19bcc8
C 263
R
P 0x7f2a7c191628
C 342
R
P 0x7f2a7c191628
S "dev0T32"
C 30
R
P 0x7f2a7c191628
C 342
R
P 0x7f2a7c191628
$ |dev0T32|
C 202
R
P 0x7f2a7c191628
C 342
R
P 0x7f2a7c191628
$ |dev0T32|
P 0x7f2a7c19b1e8
C 51
= 0x7f2a7c19bce8
R
P 0x7f2a7c191628
C 342
R
P 0x7f2a7c191628
P 0x7f2a7c19bce8
C 257
R
P 0x7f2a7c191628
C 342
R
P 0x7f2a7c191628
P 0x7f2a7c19bce8
C 254
= 0x7f2a7c19b1e8
R
P 0x7f2a7c191628
C 342
R
P 0x7f2a7c191628
P 0x7f2a7c19b1e8
C 209
R
P 0x7f2a7c191628
C 342
R
P 0x7f2a7c191628
P 0x7f2a7c19bce8
C 260
R
P 0x7f2a7c191628
C 342
R
P 0x7f2a7c191628
P 0x7f2a7c19bce8
C 259
R
P 0x7f2a7c191628
C 342
R
P 0x7f2a7c191628
P 0x7f2a7c19bce8
C 258
R
P 0x7f2a7c191628
C 342
R
P 0x7f2a7c191628
P 0x7f2a7c19bce8
C 9
R
P 0x7f2a7c191628
C 342
R
P 0x7f2a7c191628
P 0x7f2a7c19bc68
C 333
R
P 0x7f2a7c191628
C 342
R
P 0x7f2a7c191628
S "slotflowPriorityStart"
C 30
R
P 0x7f2a7c191628
C 342
R
P 0x7f2a7c191628
$ |slotflowPriorityStart|
C 202
R
P 0x7f2a7c191628
C 342
R
P 0x7f2a7c191628
$ |slotflowPriorityStart|
P 0x7f2a7c19b1e8
C 51
= 0x7f2a7c19c2a8
R
P 0x7f2a7c191628
C 342
R
P 0x7f2a7c191628
P 0x7f2a7c19c2a8
C 257
R
P 0x7f2a7c191628
C 342
R
P 0x7f2a7c191628
P 0x7f2a7c19c2a8
C 254
= 0x7f2a7c19b1e8
R
P 0x7f2a7c191628
C 342
R
P 0x7f2a7c191628
P 0x7f2a7c19b1e8
C 209
R
P 0x7f2a7c191628
C 342
R
P 0x7f2a7c191628
P 0x7f2a7c19c2a8
C 260
R
P 0x7f2a7c191628
C 342
R
P 0x7f2a7c191628
P 0x7f2a7c19c2a8
C 259
R
P 0x7f2a7c191628
C 342
R
P 0x7f2a7c191628
P 0x7f2a7c19c2a8
C 258
R
P 0x7f2a7c191628
C 342
R
P 0x7f2a7c191628
P 0x7f2a7c19c2a8
C 9
R
P 0x7f2a7c191628
C 342
R
P 0x7f2a7c191628
I 0
P 0x7f2a7c19b208
C 150
= 0x7f2a7c19bd08
R
P 0x7f2a7c191628
C 342
R
P 0x7f2a7c191628
P 0x7f2a7c19bd08
C 258
R
P 0x7f2a7c191628
C 342
R
P 0x7f2a7c191628
P 0x7f2a7c19bd08
C 9
R
P 0x7f2a7c191628
C 342
R
P 0x7f2a7c191628
I 1
P 0x7f2a7c19b208
C 150
= 0x7f2a7c19bc88
R
P 0x7f2a7c191628
C 342
R
P 0x7f2a7c191628
P 0x7f2a7c19bc88
C 258
R
P 0x7f2a7c191628
C 342
R
P 0x7f2a7c191628
P 0x7f2a7c19bc88
C 9
R
P 0x7f2a7c191628
C 342
R
P 0x7f2a7c191628
P 0x7f2a7c19bd08
P 0x7f2a7c19bc88
C 75
= 0x7f2a7c486fa0
R
P 0x7f2a7c191628
C 342
R
P 0x7f2a7c191628
P 0x7f2a7c486fa0
C 258
R
P 0x7f2a7c191628
C 342
R
P 0x7f2a7c191628
P 0x7f2a7c486fa0
C 9
R
P 0x7f2a7c191628
C 342
R
P 0x7f2a7c191628
I 1
P 0x7f2a7c19b208
C 150
= 0x7f2a7c19bc88
R
P 0x7f2a7c191628
C 342
R
P 0x7f2a7c191628
P 0x7f2a7c19bc88
C 258
R
P 0x7f2a7c191628
C 342
R
P 0x7f2a7c191628
P 0x7f2a7c19bc88
C 9
R
P 0x7f2a7c191628
C 342
R
P 0x7f2a7c191628
U 2
P 0x7f2a7c19bd08
P 0x7f2a7c19bc88
p 2
C 67
= 0x7f2a7c486fd8
R
P 0x7f2a7c191628
C 342
R
P 0x7f2a7c191628
P 0x7f2a7c486fd8
C 257
R
P 0x7f2a7c191628
C 342
R
P 0x7f2a7c191628
P 0x7f2a7c486fd8
C 254
= 0x7f2a7c19b208
R
P 0x7f2a7c191628
C 342
R
P 0x7f2a7c191628
P 0x7f2a7c19b208
C 209
R
P 0x7f2a7c191628
C 342
R
P 0x7f2a7c191628
P 0x7f2a7c486fd8
C 260
R
P 0x7f2a7c191628
C 342
R
P 0x7f2a7c191628
P 0x7f2a7c486fd8
C 259
R
P 0x7f2a7c191628
C 342
R
P 0x7f2a7c191628
P 0x7f2a7c486fd8
C 258
R
P 0x7f2a7c191628
C 342
R
P 0x7f2a7c191628
P 0x7f2a7c486fd8
C 9
R
P 0x7f2a7c191628
C 342
R
P 0x7f2a7c191628
U 2
P 0x7f2a7c19bbe8
P 0x7f2a7c486fd8
p 2
C 66
= 0x7f2a7c487940
R
P 0x7f2a7c191628
C 342
R
P 0x7f2a7c191628
P 0x7f2a7c487940
C 257
R
P 0x7f2a7c191628
C 342
R
P 0x7f2a7c191628
P 0x7f2a7c487940
C 254
= 0x7f2a7c19b208
R
P 0x7f2a7c191628
C 342
R
P 0x7f2a7c191628
P 0x7f2a7c19b208
C 209
R
P 0x7f2a7c191628
C 342
R
P 0x7f2a7c191628
P 0x7f2a7c487940
C 260
R
P 0x7f2a7c191628
C 342
R
P 0x7f2a7c191628
P 0x7f2a7c487940
C 259
R
P 0x7f2a7c191628
C 342
R
P 0x7f2a7c191628
P 0x7f2a7c487940
C 258
R
P 0x7f2a7c191628
C 342
R
P 0x7f2a7c191628
P 0x7f2a7c487940
C 9
R
P 0x7f2a7c191628
C 342
R
P 0x7f2a7c191628
U 2
P 0x7f2a7c19bb88
P 0x7f2a7c487940
p 2
C 65
= 0x7f2a7c487978
R
P 0x7f2a7c191628
C 342
R
P 0x7f2a7c191628
P 0x7f2a7c487978
C 257
R
P 0x7f2a7c191628
C 342
R
P 0x7f2a7c191628
P 0x7f2a7c487978
C 254
= 0x7f2a7c19b1e8
R
P 0x7f2a7c191628
C 342
R
P 0x7f2a7c191628
P 0x7f2a7c19b1e8
C 209
R
P 0x7f2a7c191628
C 342
R
P 0x7f2a7c191628
P 0x7f2a7c487978
C 260
R
P 0x7f2a7c191628
C 342
R
P 0x7f2a7c191628
P 0x7f2a7c487978
C 259
R
P 0x7f2a7c191628
C 342
R
P 0x7f2a7c191628
P 0x7f2a7c487978
C 258
R
P 0x7f2a7c191628
C 342
R
P 0x7f2a7c191628
P 0x7f2a7c487978
C 9
R
P 0x7f2a7c191628
C 342
R
P 0x7f2a7c191628
P 0x7f2a7c486fa0
P 0x7f2a7c487978
P 0x7f2a7c19bb88
C 59
= 0x7f2a7c19fa08
R
P 0x7f2a7c191628
C 342
R
P 0x7f2a7c191628
P 0x7f2a7c19fa08
C 257
R
P 0x7f2a7c191628
C 342
R
P 0x7f2a7c191628
P 0x7f2a7c19fa08
C 254
= 0x7f2a7c19b1e8
R
P 0x7f2a7c191628
C 342
R
P 0x7f2a7c191628
P 0x7f2a7c19b1e8
C 209
R
P 0x7f2a7c191628
C 342
R
P 0x7f2a7c191628
P 0x7f2a7c19fa08
C 260
R
P 0x7f2a7c191628
C 342
R
P 0x7f2a7c191628
P 0x7f2a7c19fa08
C 259
R
P 0x7f2a7c191628
C 342
R
P 0x7f2a7c191628
P 0x7f2a7c19fa08
C 258
R
P 0x7f2a7c191628
C 342
R
P 0x7f2a7c191628
P 0x7f2a7c19fa08
C 9
R
P 0x7f2a7c191628
C 342
R
P 0x7f2a7c191628
U 2
P 0x7f2a7c19c2a8
P 0x7f2a7c19fa08
p 2
C 65
= 0x7f2a7c487a58
R
P 0x7f2a7c191628
C 342
R
P 0x7f2a7c191628
P 0x7f2a7c487a58
C 257
R
P 0x7f2a7c191628
C 342
R
P 0x7f2a7c191628
P 0x7f2a7c487a58
C 254
= 0x7f2a7c19b1e8
R
P 0x7f2a7c191628
C 342
R
P 0x7f2a7c191628
P 0x7f2a7c19b1e8
C 209
R
P 0x7f2a7c191628
C 342
R
P 0x7f2a7c191628
P 0x7f2a7c487a58
C 260
R
P 0x7f2a7c191628
C 342
R
P 0x7f2a7c191628
P 0x7f2a7c487a58
C 259
R
P 0x7f2a7c191628
C 342
R
P 0x7f2a7c191628
P 0x7f2a7c487a58
C 258
R
P 0x7f2a7c191628
C 342
R
P 0x7f2a7c191628
P 0x7f2a7c487a58
C 9
R
P 0x7f2a7c191628
C 342
R
P 0x7f2a7c191628
U 2
P 0x7f2a7c487a58
P 0x7f2a7c19bb68
p 2
C 65
= 0x7f2a7c4896b0
R
P 0x7f2a7c191628
C 342
R
P 0x7f2a7c191628
P 0x7f2a7c4896b0
C 257
R
P 0x7f2a7c191628
C 342
R
P 0x7f2a7c191628
P 0x7f2a7c4896b0
C 254
= 0x7f2a7c19b1e8
R
P 0x7f2a7c191628
C 342
R
P 0x7f2a7c191628
P 0x7f2a7c19b1e8
C 209
R
P 0x7f2a7c191628
C 342
R
P 0x7f2a7c191628
P 0x7f2a7c4896b0
C 260
R
P 0x7f2a7c191628
C 342
R
P 0x7f2a7c191628
P 0x7f2a7c4896b0
C 259
R
P 0x7f2a7c191628
C 342
R
P 0x7f2a7c191628
P 0x7f2a7c4896b0
C 258
R
P 0x7f2a7c191628
C 342
R
P 0x7f2a7c191628
P 0x7f2a7c4896b0
C 9
R
P 0x7f2a7c191628
C 342
R
P 0x7f2a7c191628
P 0x7f2a7c19bce8
P 0x7f2a7c4896b0
C 76
= 0x7f2a7c48a718
R
P 0x7f2a7c191628
C 342
R
P 0x7f2a7c191628
P 0x7f2a7c48a718
C 258
R
P 0x7f2a7c191628
C 342
R
P 0x7f2a7c191628
P 0x7f2a7c48a718
C 9
R
P 0x7f2a7c191628
C 342
R
P 0x7f2a7c191628
I 2
P 0x7f2a7c19b208
C 150
= 0x7f2a7c19bcc8
R
P 0x7f2a7c191628
C 342
R
P 0x7f2a7c191628
P 0x7f2a7c19bcc8
C 258
R
P 0x7f2a7c191628
C 342
R
P 0x7f2a7c191628
P 0x7f2a7c19bcc8
C 9
R
P 0x7f2a7c191628
C 342
R
P 0x7f2a7c191628
P 0x7f2a7c19bcc8
C 263
R
P 0x7f2a7c191628
C 342
R
P 0x7f2a7c191628
S "dev0T32"
C 30
R
P 0x7f2a7c191628
C 342
R
P 0x7f2a7c191628
$ |dev0T32|
C 202
R
P 0x7f2a7c191628
C 342
R
P 0x7f2a7c191628
$ |dev0T32|
P 0x7f2a7c19b1e8
C 51
= 0x7f2a7c19bce8
R
P 0x7f2a7c191628
C 342
R
P 0x7f2a7c191628
P 0x7f2a7c19bce8
C 257
R
P 0x7f2a7c191628
C 342
R
P 0x7f2a7c191628
P 0x7f2a7c19bce8
C 254
= 0x7f2a7c19b1e8
R
P 0x7f2a7c191628
C 342
R
P 0x7f2a7c191628
P 0x7f2a7c19b1e8
C 209
R
P 0x7f2a7c191628
C 342
R
P 0x7f2a7c191628
P 0x7f2a7c19bce8
C 260
R
P 0x7f2a7c191628
C 342
R
P 0x7f2a7c191628
P 0x7f2a7c19bce8
C 259
R
P 0x7f2a7c191628
C 342
R
P 0x7f2a7c191628
P 0x7f2a7c19bce8
C 258
R
P 0x7f2a7c191628
C 342
R
P 0x7f2a7c191628
P 0x7f2a7c19bce8
C 9
R
P 0x7f2a7c191628
C 342
R
P 0x7f2a7c191628
P 0x7f2a7c19bc68
C 333
R
P 0x7f2a7c191628
C 342
R
P 0x7f2a7c191628
S "slotflowPriorityStart"
C 30
R
P 0x7f2a7c191628
C 342
R
P 0x7f2a7c191628
$ |slotflowPriorityStart|
C 202
R
P 0x7f2a7c191628
C 342
R
P 0x7f2a7c191628
$ |slotflowPriorityStart|
P 0x7f2a7c19b1e8
C 51
= 0x7f2a7c19c2a8
R
P 0x7f2a7c191628
C 342
R
P 0x7f2a7c191628
P 0x7f2a7c19c2a8
C 257
R
P 0x7f2a7c191628
C 342
R
P 0x7f2a7c191628
P 0x7f2a7c19c2a8
C 254
= 0x7f2a7c19b1e8
R
P 0x7f2a7c191628
C 342
R
P 0x7f2a7c191628
P 0x7f2a7c19b1e8
C 209
R
P 0x7f2a7c191628
C 342
R
P 0x7f2a7c191628
P 0x7f2a7c19c2a8
C 260
R
P 0x7f2a7c191628
C 342
R
P 0x7f2a7c191628
P 0x7f2a7c19c2a8
C 259
R
P 0x7f2a7c191628
C 342
R
P 0x7f2a7c191628
P 0x7f2a7c19c2a8
C 258
R
P 0x7f2a7c191628
C 342
R
P 0x7f2a7c191628
P 0x7f2a7c19c2a8
C 9
R
P 0x7f2a7c191628
C 342
R
P 0x7f2a7c191628
P 0x7f2a7c19bc68
C 333
R
P 0x7f2a7c191628
C 342
R
P 0x7f2a7c191628
S "slotflowPriorityDuration"
C 30
R
P 0x7f2a7c191628
C 342
R
P 0x7f2a7c191628
$ |slotflowPriorityDuration|
C 202
R
P 0x7f2a7c191628
C 342
R
P 0x7f2a7c191628
$ |slotflowPriorityDuration|
P 0x7f2a7c19b1e8
C 51
= 0x7f2a7c19c268
R
P 0x7f2a7c191628
C 342
R
P 0x7f2a7c191628
P 0x7f2a7c19c268
C 257
R
P 0x7f2a7c191628
C 342
R
P 0x7f2a7c191628
P 0x7f2a7c19c268
C 254
= 0x7f2a7c19b1e8
R
P 0x7f2a7c191628
C 342
R
P 0x7f2a7c191628
P 0x7f2a7c19b1e8
C 209
R
P 0x7f2a7c191628
C 342
R
P 0x7f2a7c191628
P 0x7f2a7c19c268
C 260
R
P 0x7f2a7c191628
C 342
R
P 0x7f2a7c191628
P 0x7f2a7c19c268
C 259
R
P 0x7f2a7c191628
C 342
R
P 0x7f2a7c191628
P 0x7f2a7c19c268
C 258
R
P 0x7f2a7c191628
C 342
R
P 0x7f2a7c191628
P 0x7f2a7c19c268
C 9
R
P 0x7f2a7c191628
C 342
R
P 0x7f2a7c191628
U 2
P 0x7f2a7c19c2a8
P 0x7f2a7c19c268
p 2
C 65
= 0x7f2a7c487908
R
P 0x7f2a7c191628
C 342
R
P 0x7f2a7c191628
P 0x7f2a7c487908
C 257
R
P 0x7f2a7c191628
C 342
R
P 0x7f2a7c191628
P 0x7f2a7c487908
C 254
= 0x7f2a7c19b1e8
R
P 0x7f2a7c191628
C 342
R
P 0x7f2a7c191628
P 0x7f2a7c19b1e8
C 209
R
P 0x7f2a7c191628
C 342
R
P 0x7f2a7c191628
P 0x7f2a7c487908
C 260
R
P 0x7f2a7c191628
C 342
R
P 0x7f2a7c191628
P 0x7f2a7c487908
C 259
R
P 0x7f2a7c191628
C 342
R
P 0x7f2a7c191628
P 0x7f2a7c487908
C 258
R
P 0x7f2a7c191628
C 342
R
P 0x7f2a7c191628
P 0x7f2a7c487908
C 9
R
P 0x7f2a7c191628
C 342
R
P 0x7f2a7c191628
I 0
P 0x7f2a7c19b208
C 150
= 0x7f2a7c19bd08
R
P 0x7f2a7c191628
C 342
R
P 0x7f2a7c191628
P 0x7f2a7c19bd08
C 258
R
P 0x7f2a7c191628
C 342
R
P 0x7f2a7c191628
P 0x7f2a7c19bd08
C 9
R
P 0x7f2a7c191628
C 342
R
P 0x7f2a7c191628
I 1
P 0x7f2a7c19b208
C 150
= 0x7f2a7c19bc88
R
P 0x7f2a7c191628
C 342
R
P 0x7f2a7c191628
P 0x7f2a7c19bc88
C 258
R
P 0x7f2a7c191628
C 342
R
P 0x7f2a7c191628
P 0x7f2a7c19bc88
C 9
R
P 0x7f2a7c191628
C 342
R
P 0x7f2a7c191628
P 0x7f2a7c19bd08
P 0x7f2a7c19bc88
C 75
= 0x7f2a7c486fa0
R
P 0x7f2a7c191628
C 342
R
P 0x7f2a7c191628
P 0x7f2a7c486fa0
C 258
R
P 0x7f2a7c191628
C 342
R
P 0x7f2a7c191628
P 0x7f2a7c486fa0
C 9
R
P 0x7f2a7c191628
C 342
R
P 0x7f2a7c191628
I 1
P 0x7f2a7c19b208
C 150
= 0x7f2a7c19bc88
R
P 0x7f2a7c191628
C 342
R
P 0x7f2a7c191628
P 0x7f2a7c19bc88
C 258
R
P 0x7f2a7c191628
C 342
R
P 0x7f2a7c191628
P 0x7f2a7c19bc88
C 9
R
P 0x7f2a7c191628
C 342
R
P 0x7f2a7c191628
U 2
P 0x7f2a7c19bd08
P 0x7f2a7c19bc88
p 2
C 67
= 0x7f2a7c486fd8
R
P 0x7f2a7c191628
C 342
R
P 0x7f2a7c191628
P 0x7f2a7c486fd8
C 257
R
P 0x7f2a7c191628
C 342
R
P 0x7f2a7c191628
P 0x7f2a7c486fd8
C 254
= 0x7f2a7c19b208
R
P 0x7f2a7c191628
C 342
R
P 0x7f2a7c191628
P 0x7f2a7c19b208
C 209
R
P 0x7f2a7c191628
C 342
R
P 0x7f2a7c191628
P 0x7f2a7c486fd8
C 260
R
P 0x7f2a7c191628
C 342
R
P 0x7f2a7c191628
P 0x7f2a7c486fd8
C 259
R
P 0x7f2a7c191628
C 342
R
P 0x7f2a7c191628
P 0x7f2a7c486fd8
C 258
R
P 0x7f2a7c191628
C 342
R
P 0x7f2a7c191628
P 0x7f2a7c486fd8
C 9
R
P 0x7f2a7c191628
C 342
R
P 0x7f2a7c191628
U 2
P 0x7f2a7c19bbe8
P 0x7f2a7c486fd8
p 2
C 66
= 0x7f2a7c487940
R
P 0x7f2a7c191628
C 342
R
P 0x7f2a7c191628
P 0x7f2a7c487940
C 257
R
P 0x7f2a7c191628
C 342
R
P 0x7f2a7c191628
P 0x7f2a7c487940
C 254
= 0x7f2a7c19b208
R
P 0x7f2a7c191628
C 342
R
P 0x7f2a7c191628
P 0x7f2a7c19b208
C 209
R
P 0x7f2a7c191628
C 342
R
P 0x7f2a7c191628
P 0x7f2a7c487940
C 260
R
P 0x7f2a7c191628
C 342
R
P 0x7f2a7c191628
P 0x7f2a7c487940
C 259
R
P 0x7f2a7c191628
C 342
R
P 0x7f2a7c191628
P 0x7f2a7c487940
C 258
R
P 0x7f2a7c191628
C 342
R
P 0x7f2a7c191628
P 0x7f2a7c487940
C 9
R
P 0x7f2a7c191628
C 342
R
P 0x7f2a7c191628
U 2
P 0x7f2a7c19bb88
P 0x7f2a7c487940
p 2
C 65
= 0x7f2a7c487978
R
P 0x7f2a7c191628
C 342
R
P 0x7f2a7c191628
P 0x7f2a7c487978
C 257
R
P 0x7f2a7c191628
C 342
R
P 0x7f2a7c191628
P 0x7f2a7c487978
C 254
= 0x7f2a7c19b1e8
R
P 0x7f2a7c191628
C 342
R
P 0x7f2a7c191628
P 0x7f2a7c19b1e8
C 209
R
P 0x7f2a7c191628
C 342
R
P 0x7f2a7c191628
P 0x7f2a7c487978
C 260
R
P 0x7f2a7c191628
C 342
R
P 0x7f2a7c191628
P 0x7f2a7c487978
C 259
R
P 0x7f2a7c191628
C 342
R
P 0x7f2a7c191628
P 0x7f2a7c487978
C 258
R
P 0x7f2a7c191628
C 342
R
P 0x7f2a7c191628
P 0x7f2a7c487978
C 9
R
P 0x7f2a7c191628
C 342
R
P 0x7f2a7c191628
P 0x7f2a7c486fa0
P 0x7f2a7c487978
P 0x7f2a7c19bb88
C 59
= 0x7f2a7c19fa08
R
P 0x7f2a7c191628
C 342
R
P 0x7f2a7c191628
P 0x7f2a7c19fa08
C 257
R
P 0x7f2a7c191628
C 342
R
P 0x7f2a7c191628
P 0x7f2a7c19fa08
C 254
= 0x7f2a7c19b1e8
R
P 0x7f2a7c191628
C 342
R
P 0x7f2a7c191628
P 0x7f2a7c19b1e8
C 209
R
P 0x7f2a7c191628
C 342
R
P 0x7f2a7c191628
P 0x7f2a7c19fa08
C 260
R
P 0x7f2a7c191628
C 342
R
P 0x7f2a7c191628
P 0x7f2a7c19fa08
C 259
R
P 0x7f2a7c191628
C 342
R
P 0x7f2a7c191628
P 0x7f2a7c19fa08
C 258
R
P 0x7f2a7c191628
C 342
R
P 0x7f2a7c191628
P 0x7f2a7c19fa08
C 9
R
P 0x7f2a7c191628
C 342
R
P 0x7f2a7c191628
U 2
P 0x7f2a7c487908
P 0x7f2a7c19fa08
p 2
C 65
= 0x7f2a7c4879b0
R
P 0x7f2a7c191628
C 342
R
P 0x7f2a7c191628
P 0x7f2a7c4879b0
C 257
R
P 0x7f2a7c191628
C 342
R
P 0x7f2a7c191628
P 0x7f2a7c4879b0
C 254
= 0x7f2a7c19b1e8
R
P 0x7f2a7c191628
C 342
R
P 0x7f2a7c191628
P 0x7f2a7c19b1e8
C 209
R
P 0x7f2a7c191628
C 342
R
P 0x7f2a7c191628
P 0x7f2a7c4879b0
C 260
R
P 0x7f2a7c191628
C 342
R
P 0x7f2a7c191628
P 0x7f2a7c4879b0
C 259
R
P 0x7f2a7c191628
C 342
R
P 0x7f2a7c191628
P 0x7f2a7c4879b0
C 258
R
P 0x7f2a7c191628
C 342
R
P 0x7f2a7c191628
P 0x7f2a7c4879b0
C 9
R
P 0x7f2a7c191628
C 342
R
P 0x7f2a7c191628
P 0x7f2a7c19bce8
P 0x7f2a7c4879b0
C 74
= 0x7f2a7c48a750
R
P 0x7f2a7c191628
C 342
R
P 0x7f2a7c191628
P 0x7f2a7c48a750
C 258
R
P 0x7f2a7c191628
C 342
R
P 0x7f2a7c191628
P 0x7f2a7c48a750
C 9
R
P 0x7f2a7c191628
C 342
R
P 0x7f2a7c191628
U 2
P 0x7f2a7c48a718
P 0x7f2a7c48a750
p 2
C 63
= 0x7f2a7c48a788
R
P 0x7f2a7c191628
C 342
R
P 0x7f2a7c191628
P 0x7f2a7c48a788
C 258
R
P 0x7f2a7c191628
C 342
R
P 0x7f2a7c191628
P 0x7f2a7c48a788
C 9
R
P 0x7f2a7c191628
C 342
R
P 0x7f2a7c191628
P 0x7f2a7c48a6e0
P 0x7f2a7c48a788
C 61
= 0x7f2a7c48a7c0
R
P 0x7f2a7c191628
C 342
R
P 0x7f2a7c191628
P 0x7f2a7c48a7c0
C 258
R
P 0x7f2a7c191628
C 342
R
P 0x7f2a7c191628
P 0x7f2a7c48a7c0
C 9
R
P 0x7f2a7c191628
C 342
R
P 0x7f2a7c191628
P 0x7f2a7c1e1fc8
P 0x7f2a7c48a7c0
C 427
R
P 0x7f2a7c191628
C 342
R
P 0x7f2a7c191628
I 2
P 0x7f2a7c19b208
C 150
= 0x7f2a7c19bcc8
R
P 0x7f2a7c191628
C 342
R
P 0x7f2a7c191628
P 0x7f2a7c19bcc8
C 258
R
P 0x7f2a7c191628
C 342
R
P 0x7f2a7c191628
P 0x7f2a7c19bcc8
C 9
R
P 0x7f2a7c191628
C 342
R
P 0x7f2a7c191628
I 1
P 0x7f2a7c19b208
C 150
= 0x7f2a7c19bc88
R
P 0x7f2a7c191628
C 342
R
P 0x7f2a7c191628
P 0x7f2a7c19bc88
C 258
R
P 0x7f2a7c191628
C 342
R
P 0x7f2a7c191628
P 0x7f2a7c19bc88
C 9
R
P 0x7f2a7c191628
C 342
R
P 0x7f2a7c191628
P 0x7f2a7c19bcc8
P 0x7f2a7c19bc88
C 75
= 0x7f2a7c1a1890
R
P 0x7f2a7c191628
C 342
R
P 0x7f2a7c191628
P 0x7f2a7c1a1890
C 258
R
P 0x7f2a7c191628
C 342
R
P 0x7f2a7c191628
P 0x7f2a7c1a1890
C 9
R
P 0x7f2a7c191628
C 342
R
P 0x7f2a7c191628
I 1
P 0x7f2a7c19b208
C 150
= 0x7f2a7c19bc88
R
P 0x7f2a7c191628
C 342
R
P 0x7f2a7c191628
P 0x7f2a7c19bc88
C 258
R
P 0x7f2a7c191628
C 342
R
P 0x7f2a7c191628
P 0x7f2a7c19bc88
C 9
R
P 0x7f2a7c191628
C 342
R
P 0x7f2a7c191628
U 2
P 0x7f2a7c19bcc8
P 0x7f2a7c19bc88
p 2
C 67
= 0x7f2a7c1a18c8
R
P 0x7f2a7c191628
C 342
R
P 0x7f2a7c191628
P 0x7f2a7c1a18c8
C 257
R
P 0x7f2a7c191628
C 342
R
P 0x7f2a7c191628
P 0x7f2a7c1a18c8
C 254
= 0x7f2a7c19b208
R
P 0x7f2a7c191628
C 342
R
P 0x7f2a7c191628
P 0x7f2a7c19b208
C 209
R
P 0x7f2a7c191628
C 342
R
P 0x7f2a7c191628
P 0x7f2a7c1a18c8
C 260
R
P 0x7f2a7c191628
C 342
R
P 0x7f2a7c191628
P 0x7f2a7c1a18c8
C 259
R
P 0x7f2a7c191628
C 342
R
P 0x7f2a7c191628
P 0x7f2a7c1a18c8
C 258
R
P 0x7f2a7c191628
C 342
R
P 0x7f2a7c191628
P 0x7f2a7c1a18c8
C 9
R
P 0x7f2a7c191628
C 342
R
P 0x7f2a7c191628
U 2
P 0x7f2a7c19bba8
P 0x7f2a7c1a18c8
p 2
C 66
= 0x7f2a7c1a1900
R
P 0x7f2a7c191628
C 342
R
P 0x7f2a7c191628
P 0x7f2a7c1a1900
C 257
R
P 0x7f2a7c191628
C 342
R
P 0x7f2a7c191628
P 0x7f2a7c1a1900
C 254
= 0x7f2a7c19b1e8
R
P 0x7f2a7c191628
C 342
R
P 0x7f2a7c191628
P 0x7f2a7c19b1e8
C 209
R
P 0x7f2a7c191628
C 342
R
P 0x7f2a7c191628
P 0x7f2a7c1a1900
C 260
R
P 0x7f2a7c191628
C 342
R
P 0x7f2a7c191628
P 0x7f2a7c1a1900
C 259
R
P 0x7f2a7c191628
C 342
R
P 0x7f2a7c191628
P 0x7f2a7c1a1900
C 258
R
P 0x7f2a7c191628
C 342
R
P 0x7f2a7c191628
P 0x7f2a7c1a1900
C 9
R
P 0x7f2a7c191628
C 342
R
P 0x7f2a7c191628
U 2
P 0x7f2a7c19bc28
P 0x7f2a7c1a1900
p 2
C 65
= 0x7f2a7c1a1938
R
P 0x7f2a7c191628
C 342
R
P 0x7f2a7c191628
P 0x7f2a7c1a1938
C 257
R
P 0x7f2a7c191628
C 342
R
P 0x7f2a7c191628
P 0x7f2a7c1a1938
C 254
= 0x7f2a7c19b1e8
R
P 0x7f2a7c191628
C 342
R
P 0x7f2a7c191628
P 0x7f2a7c19b1e8
C 209
R
P 0x7f2a7c191628
C 342
R
P 0x7f2a7c191628
P 0x7f2a7c1a1938
C 260
R
P 0x7f2a7c191628
C 342
R
P 0x7f2a7c191628
P 0x7f2a7c1a1938
C 259
R
P 0x7f2a7c191628
C 342
R
P 0x7f2a7c191628
P 0x7f2a7c1a1938
C 258
R
P 0x7f2a7c191628
C 342
R
P 0x7f2a7c191628
P 0x7f2a7c1a1938
C 9
R
P 0x7f2a7c191628
C 342
R
P 0x7f2a7c191628
P 0x7f2a7c1a1890
P 0x7f2a7c1a1938
P 0x7f2a7c19bc28
C 59
= 0x7f2a7c19f888
R
P 0x7f2a7c191628
C 342
R
P 0x7f2a7c191628
P 0x7f2a7c19f888
C 257
R
P 0x7f2a7c191628
C 342
R
P 0x7f2a7c191628
P 0x7f2a7c19f888
C 254
= 0x7f2a7c19b1e8
R
P 0x7f2a7c191628
C 342
R
P 0x7f2a7c191628
P 0x7f2a7c19b1e8
C 209
R
P 0x7f2a7c191628
C 342
R
P 0x7f2a7c191628
P 0x7f2a7c19f888
C 260
R
P 0x7f2a7c191628
C 342
R
P 0x7f2a7c191628
P 0x7f2a7c19f888
C 259
R
P 0x7f2a7c191628
C 342
R
P 0x7f2a7c191628
P 0x7f2a7c19f888
C 258
R
P 0x7f2a7c191628
C 342
R
P 0x7f2a7c191628
P 0x7f2a7c19f888
C 9
R
P 0x7f2a7c191628
C 342
R
P 0x7f2a7c191628
U 2
P 0x7f2a7c19f888
P 0x7f2a7c19bb48
p 2
C 65
= 0x7f2a7c1a1970
R
P 0x7f2a7c191628
C 342
R
P 0x7f2a7c191628
P 0x7f2a7c1a1970
C 257
R
P 0x7f2a7c191628
C 342
R
P 0x7f2a7c191628
P 0x7f2a7c1a1970
C 254
= 0x7f2a7c19b1e8
R
P 0x7f2a7c191628
C 342
R
P 0x7f2a7c191628
P 0x7f2a7c19b1e8
C 209
R
P 0x7f2a7c191628
C 342
R
P 0x7f2a7c191628
P 0x7f2a7c1a1970
C 260
R
P 0x7f2a7c191628
C 342
R
P 0x7f2a7c191628
P 0x7f2a7c1a1970
C 259
R
P 0x7f2a7c191628
C 342
R
P 0x7f2a7c191628
P 0x7f2a7c1a1970
C 258
R
P 0x7f2a7c191628
C 342
R
P 0x7f2a7c191628
P 0x7f2a7c1a1970
C 9
R
P 0x7f2a7c191628
C 342
R
P 0x7f2a7c191628
P 0x7f2a7c19bc68
C 333
R
P 0x7f2a7c191628
C 342
R
P 0x7f2a7c191628
S "slotflowPriorityStart"
C 30
R
P 0x7f2a7c191628
C 342
R
P 0x7f2a7c191628
$ |slotflowPriorityStart|
C 202
R
P 0x7f2a7c191628
C 342
R
P 0x7f2a7c191628
$ |slotflowPriorityStart|
P 0x7f2a7c19b1e8
C 51
= 0x7f2a7c19c2a8
R
P 0x7f2a7c191628
C 342
R
P 0x7f2a7c191628
P 0x7f2a7c19c2a8
C 257
R
P 0x7f2a7c191628
C 342
R
P 0x7f2a7c191628
P 0x7f2a7c19c2a8
C 254
= 0x7f2a7c19b1e8
R
P 0x7f2a7c191628
C 342
R
P 0x7f2a7c191628
P 0x7f2a7c19b1e8
C 209
R
P 0x7f2a7c191628
C 342
R
P 0x7f2a7c191628
P 0x7f2a7c19c2a8
C 260
R
P 0x7f2a7c191628
C 342
R
P 0x7f2a7c191628
P 0x7f2a7c19c2a8
C 259
R
P 0x7f2a7c191628
C 342
R
P 0x7f2a7c191628
P 0x7f2a7c19c2a8
C 258
R
P 0x7f2a7c191628
C 342
R
P 0x7f2a7c191628
P 0x7f2a7c19c2a8
C 9
R
P 0x7f2a7c191628
C 342
R
P 0x7f2a7c191628
I 1
P 0x7f2a7c19b208
C 150
= 0x7f2a7c19bc88
R
P 0x7f2a7c191628
C 342
R
P 0x7f2a7c191628
P 0x7f2a7c19bc88
C 258
R
P 0x7f2a7c191628
C 342
R
P 0x7f2a7c191628
P 0x7f2a7c19bc88
C 9
R
P 0x7f2a7c191628
C 342
R
P 0x7f2a7c191628
I 1
P 0x7f2a7c19b208
C 150
= 0x7f2a7c19bc88
R
P 0x7f2a7c191628
C 342
R
P 0x7f2a7c191628
P 0x7f2a7c19bc88
C 258
R
P 0x7f2a7c191628
C 342
R
P 0x7f2a7c191628
P 0x7f2a7c19bc88
C 9
R
P 0x7f2a7c191628
C 342
R
P 0x7f2a7c191628
P 0x7f2a7c19bc88
P 0x7f2a7c19bc88
C 75
= 0x7f2a7c1a1778
R
P 0x7f2a7c191628
C 342
R
P 0x7f2a7c191628
P 0x7f2a7c1a1778
C 258
R
P 0x7f2a7c191628
C 342
R
P 0x7f2a7c191628
P 0x7f2a7c1a1778
C 9
R
P 0x7f2a7c191628
C 342
R
P 0x7f2a7c191628
I 1
P 0x7f2a7c19b208
C 150
= 0x7f2a7c19bc88
R
P 0x7f2a7c191628
C 342
R
P 0x7f2a7c191628
P 0x7f2a7c19bc88
C 258
R
P 0x7f2a7c191628
C 342
R
P 0x7f2a7c191628
P 0x7f2a7c19bc88
C 9
R
P 0x7f2a7c191628
C 342
R
P 0x7f2a7c191628
U 2
P 0x7f2a7c19bc88
P 0x7f2a7c19bc88
p 2
C 67
= 0x7f2a7c1a17b0
R
P 0x7f2a7c191628
C 342
R
P 0x7f2a7c191628
P 0x7f2a7c1a17b0
C 257
R
P 0x7f2a7c191628
C 342
R
P 0x7f2a7c191628
P 0x7f2a7c1a17b0
C 254
= 0x7f2a7c19b208
R
P 0x7f2a7c191628
C 342
R
P 0x7f2a7c191628
P 0x7f2a7c19b208
C 209
R
P 0x7f2a7c191628
C 342
R
P 0x7f2a7c191628
P 0x7f2a7c1a17b0
C 260
R
P 0x7f2a7c191628
C 342
R
P 0x7f2a7c191628
P 0x7f2a7c1a17b0
C 259
R
P 0x7f2a7c191628
C 342
R
P 0x7f2a7c191628
P 0x7f2a7c1a17b0
C 258
R
P 0x7f2a7c191628
C 342
R
P 0x7f2a7c191628
P 0x7f2a7c1a17b0
C 9
R
P 0x7f2a7c191628
C 342
R
P 0x7f2a7c191628
U 2
P 0x7f2a7c19bbe8
P 0x7f2a7c1a17b0
p 2
C 66
= 0x7f2a7c487b70
R
P 0x7f2a7c191628
C 342
R
P 0x7f2a7c191628
P 0x7f2a7c487b70
C 257
R
P 0x7f2a7c191628
C 342
R
P 0x7f2a7c191628
P 0x7f2a7c487b70
C 254
= 0x7f2a7c19b208
R
P 0x7f2a7c191628
C 342
R
P 0x7f2a7c191628
P 0x7f2a7c19b208
C 209
R
P 0x7f2a7c191628
C 342
R
P 0x7f2a7c191628
P 0x7f2a7c487b70
C 260
R
P 0x7f2a7c191628
C 342
R
P 0x7f2a7c191628
P 0x7f2a7c487b70
C 259
R
P 0x7f2a7c191628
C 342
R
P 0x7f2a7c191628
P 0x7f2a7c487b70
C 258
R
P 0x7f2a7c191628
C 342
R
P 0x7f2a7c191628
P 0x7f2a7c487b70
C 9
R
P 0x7f2a7c191628
C 342
R
P 0x7f2a7c191628
U 2
P 0x7f2a7c19bb88
P 0x7f2a7c487b70
p 2
C 65
= 0x7f2a7c487ba8
R
P 0x7f2a7c191628
C 342
R
P 0x7f2a7c191628
P 0x7f2a7c487ba8
C 257
R
P 0x7f2a7c191628
C 342
R
P 0x7f2a7c191628
P 0x7f2a7c487ba8
C 254
= 0x7f2a7c19b1e8
R
P 0x7f2a7c191628
C 342
R
P 0x7f2a7c191628
P 0x7f2a7c19b1e8
C 209
R
P 0x7f2a7c191628
C 342
R
P 0x7f2a7c191628
P 0x7f2a7c487ba8
C 260
R
P 0x7f2a7c191628
C 342
R
P 0x7f2a7c191628
P 0x7f2a7c487ba8
C 259
R
P 0x7f2a7c191628
C 342
R
P 0x7f2a7c191628
P 0x7f2a7c487ba8
C 258
R
P 0x7f2a7c191628
C 342
R
P 0x7f2a7c191628
P 0x7f2a7c487ba8
C 9
R
P 0x7f2a7c191628
C 342
R
P 0x7f2a7c191628
P 0x7f2a7c1a1778
P 0x7f2a7c487ba8
P 0x7f2a7c19bb88
C 59
= 0x7f2a7c19fa48
R
P 0x7f2a7c191628
C 342
R
P 0x7f2a7c191628
P 0x7f2a7c19fa48
C 257
R
P 0x7f2a7c191628
C 342
R
P 0x7f2a7c191628
P 0x7f2a7c19fa48
C 254
= 0x7f2a7c19b1e8
R
P 0x7f2a7c191628
C 342
R
P 0x7f2a7c191628
P 0x7f2a7c19b1e8
C 209
R
P 0x7f2a7c191628
C 342
R
P 0x7f2a7c191628
P 0x7f2a7c19fa48
C 260
R
P 0x7f2a7c191628
C 342
R
P 0x7f2a7c191628
P 0x7f2a7c19fa48
C 259
R
P 0x7f2a7c191628
C 342
R
P 0x7f2a7c191628
P 0x7f2a7c19fa48
C 258
R
P 0x7f2a7c191628
C 342
R
P 0x7f2a7c191628
P 0x7f2a7c19fa48
C 9
R
P 0x7f2a7c191628
C 342
R
P 0x7f2a7c191628
U 2
P 0x7f2a7c19c2a8
P 0x7f2a7c19fa48
p 2
C 65
= 0x7f2a7c487c88
R
P 0x7f2a7c191628
C 342
R
P 0x7f2a7c191628
P 0x7f2a7c487c88
C 257
R
P 0x7f2a7c191628
C 342
R
P 0x7f2a7c191628
P 0x7f2a7c487c88
C 254
= 0x7f2a7c19b1e8
R
P 0x7f2a7c191628
C 342
R
P 0x7f2a7c191628
P 0x7f2a7c19b1e8
C 209
R
P 0x7f2a7c191628
C 342
R
P 0x7f2a7c191628
P 0x7f2a7c487c88
C 260
R
P 0x7f2a7c191628
C 342
R
P 0x7f2a7c191628
P 0x7f2a7c487c88
C 259
R
P 0x7f2a7c191628
C 342
R
P 0x7f2a7c191628
P 0x7f2a7c487c88
C 258
R
P 0x7f2a7c191628
C 342
R
P 0x7f2a7c191628
P 0x7f2a7c487c88
C 9
R
P 0x7f2a7c191628
C 342
R
P 0x7f2a7c191628
P 0x7f2a7c1a1970
P 0x7f2a7c487c88
C 73
= 0x7f2a7c48a7f8
R
P 0x7f2a7c191628
C 342
R
P 0x7f2a7c191628
P 0x7f2a7c48a7f8
C 258
R
P 0x7f2a7c191628
C 342
R
P 0x7f2a7c191628
P 0x7f2a7c48a7f8
C 9
R
P 0x7f2a7c191628
C 342
R
P 0x7f2a7c191628
I 2
P 0x7f2a7c19b208
C 150
= 0x7f2a7c19bcc8
R
P 0x7f2a7c191628
C 342
R
P 0x7f2a7c191628
P 0x7f2a7c19bcc8
C 258
R
P 0x7f2a7c191628
C 342
R
P 0x7f2a7c191628
P 0x7f2a7c19bcc8
C 9
R
P 0x7f2a7c191628
C 342
R
P 0x7f2a7c191628
I 1
P 0x7f2a7c19b208
C 150
= 0x7f2a7c19bc88
R
P 0x7f2a7c191628
C 342
R
P 0x7f2a7c191628
P 0x7f2a7c19bc88
C 258
R
P 0x7f2a7c191628
C 342
R
P 0x7f2a7c191628
P 0x7f2a7c19bc88
C 9
R
P 0x7f2a7c191628
C 342
R
P 0x7f2a7c191628
P 0x7f2a7c19bcc8
P 0x7f2a7c19bc88
C 75
= 0x7f2a7c1a1890
R
P 0x7f2a7c191628
C 342
R
P 0x7f2a7c191628
P 0x7f2a7c1a1890
C 258
R
P 0x7f2a7c191628
C 342
R
P 0x7f2a7c191628
P 0x7f2a7c1a1890
C 9
R
P 0x7f2a7c191628
C 342
R
P 0x7f2a7c191628
I 1
P 0x7f2a7c19b208
C 150
= 0x7f2a7c19bc88
R
P 0x7f2a7c191628
C 342
R
P 0x7f2a7c191628
P 0x7f2a7c19bc88
C 258
R
P 0x7f2a7c191628
C 342
R
P 0x7f2a7c191628
P 0x7f2a7c19bc88
C 9
R
P 0x7f2a7c191628
C 342
R
P 0x7f2a7c191628
U 2
P 0x7f2a7c19bcc8
P 0x7f2a7c19bc88
p 2
C 67
= 0x7f2a7c1a18c8
R
P 0x7f2a7c191628
C 342
R
P 0x7f2a7c191628
P 0x7f2a7c1a18c8
C 257
R
P 0x7f2a7c191628
C 342
R
P 0x7f2a7c191628
P 0x7f2a7c1a18c8
C 254
= 0x7f2a7c19b208
R
P 0x7f2a7c191628
C 342
R
P 0x7f2a7c191628
P 0x7f2a7c19b208
C 209
R
P 0x7f2a7c191628
C 342
R
P 0x7f2a7c191628
P 0x7f2a7c1a18c8
C 260
R
P 0x7f2a7c191628
C 342
R
P 0x7f2a7c191628
P 0x7f2a7c1a18c8
C 259
R
P 0x7f2a7c191628
C 342
R
P 0x7f2a7c191628
P 0x7f2a7c1a18c8
C 258
R
P 0x7f2a7c191628
C 342
R
P 0x7f2a7c191628
P 0x7f2a7c1a18c8
C 9
R
P 0x7f2a7c191628
C 342
R
P 0x7f2a7c191628
U 2
P 0x7f2a7c19bba8
P 0x7f2a7c1a18c8
p 2
C 66
= 0x7f2a7c1a1900
R
P 0x7f2a7c191628
C 342
R
P 0x7f2a7c191628
P 0x7f2a7c1a1900
C 257
R
P 0x7f2a7c191628
C 342
R
P 0x7f2a7c191628
P 0x7f2a7c1a1900
C 254
= 0x7f2a7c19b1e8
R
P 0x7f2a7c191628
C 342
R
P 0x7f2a7c191628
P 0x7f2a7c19b1e8
C 209
R
P 0x7f2a7c191628
C 342
R
P 0x7f2a7c191628
P 0x7f2a7c1a1900
C 260
R
P 0x7f2a7c191628
C 342
R
P 0x7f2a7c191628
P 0x7f2a7c1a1900
C 259
R
P 0x7f2a7c191628
C 342
R
P 0x7f2a7c191628
P 0x7f2a7c1a1900
C 258
R
P 0x7f2a7c191628
C 342
R
P 0x7f2a7c191628
P 0x7f2a7c1a1900
C 9
R
P 0x7f2a7c191628
C 342
R
P 0x7f2a7c191628
U 2
P 0x7f2a7c19bc28
P 0x7f2a7c1a1900
p 2
C 65
= 0x7f2a7c1a1938
R
P 0x7f2a7c191628
C 342
R
P 0x7f2a7c191628
P 0x7f2a7c1a1938
C 257
R
P 0x7f2a7c191628
C 342
R
P 0x7f2a7c191628
P 0x7f2a7c1a1938
C 254
= 0x7f2a7c19b1e8
R
P 0x7f2a7c191628
C 342
R
P 0x7f2a7c191628
P 0x7f2a7c19b1e8
C 209
R
P 0x7f2a7c191628
C 342
R
P 0x7f2a7c191628
P 0x7f2a7c1a1938
C 260
R
P 0x7f2a7c191628
C 342
R
P 0x7f2a7c191628
P 0x7f2a7c1a1938
C 259
R
P 0x7f2a7c191628
C 342
R
P 0x7f2a7c191628
P 0x7f2a7c1a1938
C 258
R
P 0x7f2a7c191628
C 342
R
P 0x7f2a7c191628
P 0x7f2a7c1a1938
C 9
R
P 0x7f2a7c191628
C 342
R
P 0x7f2a7c191628
P 0x7f2a7c1a1890
P 0x7f2a7c1a1938
P 0x7f2a7c19bc28
C 59
= 0x7f2a7c19f888
R
P 0x7f2a7c191628
C 342
R
P 0x7f2a7c191628
P 0x7f2a7c19f888
C 257
R
P 0x7f2a7c191628
C 342
R
P 0x7f2a7c191628
P 0x7f2a7c19f888
C 254
= 0x7f2a7c19b1e8
R
P 0x7f2a7c191628
C 342
R
P 0x7f2a7c191628
P 0x7f2a7c19b1e8
C 209
R
P 0x7f2a7c191628
C 342
R
P 0x7f2a7c191628
P 0x7f2a7c19f888
C 260
R
P 0x7f2a7c191628
C 342
R
P 0x7f2a7c191628
P 0x7f2a7c19f888
C 259
R
P 0x7f2a7c191628
C 342
R
P 0x7f2a7c191628
P 0x7f2a7c19f888
C 258
R
P 0x7f2a7c191628
C 342
R
P 0x7f2a7c191628
P 0x7f2a7c19f888
C 9
R
P 0x7f2a7c191628
C 342
R
P 0x7f2a7c191628
U 2
P 0x7f2a7c19f888
P 0x7f2a7c19bb48
p 2
C 65
= 0x7f2a7c1a1970
R
P 0x7f2a7c191628
C 342
R
P 0x7f2a7c191628
P 0x7f2a7c1a1970
C 257
R
P 0x7f2a7c191628
C 342
R
P 0x7f2a7c191628
P 0x7f2a7c1a1970
C 254
= 0x7f2a7c19b1e8
R
P 0x7f2a7c191628
C 342
R
P 0x7f2a7c191628
P 0x7f2a7c19b1e8
C 209
R
P 0x7f2a7c191628
C 342
R
P 0x7f2a7c191628
P 0x7f2a7c1a1970
C 260
R
P 0x7f2a7c191628
C 342
R
P 0x7f2a7c191628
P 0x7f2a7c1a1970
C 259
R
P 0x7f2a7c191628
C 342
R
P 0x7f2a7c191628
P 0x7f2a7c1a1970
C 258
R
P 0x7f2a7c191628
C 342
R
P 0x7f2a7c191628
P 0x7f2a7c1a1970
C 9
R
P 0x7f2a7c191628
C 342
R
P 0x7f2a7c191628
I 1
P 0x7f2a7c19b208
C 150
= 0x7f2a7c19bc88
R
P 0x7f2a7c191628
C 342
R
P 0x7f2a7c191628
P 0x7f2a7c19bc88
C 258
R
P 0x7f2a7c191628
C 342
R
P 0x7f2a7c191628
P 0x7f2a7c19bc88
C 9
R
P 0x7f2a7c191628
C 342
R
P 0x7f2a7c191628
I 1
P 0x7f2a7c19b208
C 150
= 0x7f2a7c19bc88
R
P 0x7f2a7c191628
C 342
R
P 0x7f2a7c191628
P 0x7f2a7c19bc88
C 258
R
P 0x7f2a7c191628
C 342
R
P 0x7f2a7c191628
P 0x7f2a7c19bc88
C 9
R
P 0x7f2a7c191628
C 342
R
P 0x7f2a7c191628
P 0x7f2a7c19bc88
P 0x7f2a7c19bc88
C 75
= 0x7f2a7c1a1778
R
P 0x7f2a7c191628
C 342
R
P 0x7f2a7c191628
P 0x7f2a7c1a1778
C 258
R
P 0x7f2a7c191628
C 342
R
P 0x7f2a7c191628
P 0x7f2a7c1a1778
C 9
R
P 0x7f2a7c191628
C 342
R
P 0x7f2a7c191628
I 1
P 0x7f2a7c19b208
C 150
= 0x7f2a7c19bc88
R
P 0x7f2a7c191628
C 342
R
P 0x7f2a7c191628
P 0x7f2a7c19bc88
C 258
R
P 0x7f2a7c191628
C 342
R
P 0x7f2a7c191628
P 0x7f2a7c19bc88
C 9
R
P 0x7f2a7c191628
C 342
R
P 0x7f2a7c191628
U 2
P 0x7f2a7c19bc88
P 0x7f2a7c19bc88
p 2
C 67
= 0x7f2a7c1a17b0
R
P 0x7f2a7c191628
C 342
R
P 0x7f2a7c191628
P 0x7f2a7c1a17b0
C 257
R
P 0x7f2a7c191628
C 342
R
P 0x7f2a7c191628
P 0x7f2a7c1a17b0
C 254
= 0x7f2a7c19b208
R
P 0x7f2a7c191628
C 342
R
P 0x7f2a7c191628
P 0x7f2a7c19b208
C 209
R
P 0x7f2a7c191628
C 342
R
P 0x7f2a7c191628
P 0x7f2a7c1a17b0
C 260
R
P 0x7f2a7c191628
C 342
R
P 0x7f2a7c191628
P 0x7f2a7c1a17b0
C 259
R
P 0x7f2a7c191628
C 342
R
P 0x7f2a7c191628
P 0x7f2a7c1a17b0
C 258
R
P 0x7f2a7c191628
C 342
R
P 0x7f2a7c191628
P 0x7f2a7c1a17b0
C 9
R
P 0x7f2a7c191628
C 342
R
P 0x7f2a7c191628
U 2
P 0x7f2a7c19bbe8
P 0x7f2a7c1a17b0
p 2
C 66
= 0x7f2a7c487b70
R
P 0x7f2a7c191628
C 342
R
P 0x7f2a7c191628
P 0x7f2a7c487b70
C 257
R
P 0x7f2a7c191628
C 342
R
P 0x7f2a7c191628
P 0x7f2a7c487b70
C 254
= 0x7f2a7c19b208
R
P 0x7f2a7c191628
C 342
R
P 0x7f2a7c191628
P 0x7f2a7c19b208
C 209
R
P 0x7f2a7c191628
C 342
R
P 0x7f2a7c191628
P 0x7f2a7c487b70
C 260
R
P 0x7f2a7c191628
C 342
R
P 0x7f2a7c191628
P 0x7f2a7c487b70
C 259
R
P 0x7f2a7c191628
C 342
R
P 0x7f2a7c191628
P 0x7f2a7c487b70
C 258
R
P 0x7f2a7c191628
C 342
R
P 0x7f2a7c191628
P 0x7f2a7c487b70
C 9
R
P 0x7f2a7c191628
C 342
R
P 0x7f2a7c191628
U 2
P 0x7f2a7c19bb88
P 0x7f2a7c487b70
p 2
C 65
= 0x7f2a7c487ba8
R
P 0x7f2a7c191628
C 342
R
P 0x7f2a7c191628
P 0x7f2a7c487ba8
C 257
R
P 0x7f2a7c191628
C 342
R
P 0x7f2a7c191628
P 0x7f2a7c487ba8
C 254
= 0x7f2a7c19b1e8
R
P 0x7f2a7c191628
C 342
R
P 0x7f2a7c191628
P 0x7f2a7c19b1e8
C 209
R
P 0x7f2a7c191628
C 342
R
P 0x7f2a7c191628
P 0x7f2a7c487ba8
C 260
R
P 0x7f2a7c191628
C 342
R
P 0x7f2a7c191628
P 0x7f2a7c487ba8
C 259
R
P 0x7f2a7c191628
C 342
R
P 0x7f2a7c191628
P 0x7f2a7c487ba8
C 258
R
P 0x7f2a7c191628
C 342
R
P 0x7f2a7c191628
P 0x7f2a7c487ba8
C 9
R
P 0x7f2a7c191628
C 342
R
P 0x7f2a7c191628
P 0x7f2a7c1a1778
P 0x7f2a7c487ba8
P 0x7f2a7c19bb88
C 59
= 0x7f2a7c19fa48
R
P 0x7f2a7c191628
C 342
R
P 0x7f2a7c191628
P 0x7f2a7c19fa48
C 257
R
P 0x7f2a7c191628
C 342
R
P 0x7f2a7c191628
P 0x7f2a7c19fa48
C 254
= 0x7f2a7c19b1e8
R
P 0x7f2a7c191628
C 342
R
P 0x7f2a7c191628
P 0x7f2a7c19b1e8
C 209
R
P 0x7f2a7c191628
C 342
R
P 0x7f2a7c191628
P 0x7f2a7c19fa48
C 260
R
P 0x7f2a7c191628
C 342
R
P 0x7f2a7c191628
P 0x7f2a7c19fa48
C 259
R
P 0x7f2a7c191628
C 342
R
P 0x7f2a7c191628
P 0x7f2a7c19fa48
C 258
R
P 0x7f2a7c191628
C 342
R
P 0x7f2a7c191628
P 0x7f2a7c19fa48
C 9
R
P 0x7f2a7c191628
C 342
R
P 0x7f2a7c191628
P 0x7f2a7c1a1970
P 0x7f2a7c19fa48
C 76
= 0x7f2a7c48a888
R
P 0x7f2a7c191628
C 342
R
P 0x7f2a7c191628
P 0x7f2a7c48a888
C 258
R
P 0x7f2a7c191628
C 342
R
P 0x7f2a7c191628
P 0x7f2a7c48a888
C 9
R
P 0x7f2a7c191628
C 342
R
P 0x7f2a7c191628
U 2
P 0x7f2a7c48a7f8
P 0x7f2a7c48a888
p 2
C 63
= 0x7f2a7c48a8c0
R
P 0x7f2a7c191628
C 342
R
P 0x7f2a7c191628
P 0x7f2a7c48a8c0
C 258
R
P 0x7f2a7c191628
C 342
R
P 0x7f2a7c191628
P 0x7f2a7c48a8c0
C 9
R
P 0x7f2a7c191628
C 342
R
P 0x7f2a7c191628
I 2
P 0x7f2a7c19b208
C 150
= 0x7f2a7c19bcc8
R
P 0x7f2a7c191628
C 342
R
P 0x7f2a7c191628
P 0x7f2a7c19bcc8
C 258
R
P 0x7f2a7c191628
C 342
R
P 0x7f2a7c191628
P 0x7f2a7c19bcc8
C 9
R
P 0x7f2a7c191628
C 342
R
P 0x7f2a7c191628
P 0x7f2a7c19bcc8
C 263
R
P 0x7f2a7c191628
C 342
R
P 0x7f2a7c191628
S "dev0T32"
C 30
R
P 0x7f2a7c191628
C 342
R
P 0x7f2a7c191628
$ |dev0T32|
C 202
R
P 0x7f2a7c191628
C 342
R
P 0x7f2a7c191628
$ |dev0T32|
P 0x7f2a7c19b1e8
C 51
= 0x7f2a7c19bce8
R
P 0x7f2a7c191628
C 342
R
P 0x7f2a7c191628
P 0x7f2a7c19bce8
C 257
R
P 0x7f2a7c191628
C 342
R
P 0x7f2a7c191628
P 0x7f2a7c19bce8
C 254
= 0x7f2a7c19b1e8
R
P 0x7f2a7c191628
C 342
R
P 0x7f2a7c191628
P 0x7f2a7c19b1e8
C 209
R
P 0x7f2a7c191628
C 342
R
P 0x7f2a7c191628
P 0x7f2a7c19bce8
C 260
R
P 0x7f2a7c191628
C 342
R
P 0x7f2a7c191628
P 0x7f2a7c19bce8
C 259
R
P 0x7f2a7c191628
C 342
R
P 0x7f2a7c191628
P 0x7f2a7c19bce8
C 258
R
P 0x7f2a7c191628
C 342
R
P 0x7f2a7c191628
P 0x7f2a7c19bce8
C 9
R
P 0x7f2a7c191628
C 342
R
P 0x7f2a7c191628
P 0x7f2a7c19bc68
C 333
R
P 0x7f2a7c191628
C 342
R
P 0x7f2a7c191628
S "slotflowPriorityStart"
C 30
R
P 0x7f2a7c191628
C 342
R
P 0x7f2a7c191628
$ |slotflowPriorityStart|
C 202
R
P 0x7f2a7c191628
C 342
R
P 0x7f2a7c191628
$ |slotflowPriorityStart|
P 0x7f2a7c19b1e8
C 51
= 0x7f2a7c19c2a8
R
P 0x7f2a7c191628
C 342
R
P 0x7f2a7c191628
P 0x7f2a7c19c2a8
C 257
R
P 0x7f2a7c191628
C 342
R
P 0x7f2a7c191628
P 0x7f2a7c19c2a8
C 254
= 0x7f2a7c19b1e8
R
P 0x7f2a7c191628
C 342
R
P 0x7f2a7c191628
P 0x7f2a7c19b1e8
C 209
R
P 0x7f2a7c191628
C 342
R
P 0x7f2a7c191628
P 0x7f2a7c19c2a8
C 260
R
P 0x7f2a7c191628
C 342
R
P 0x7f2a7c191628
P 0x7f2a7c19c2a8
C 259
R
P 0x7f2a7c191628
C 342
R
P 0x7f2a7c191628
P 0x7f2a7c19c2a8
C 258
R
P 0x7f2a7c191628
C 342
R
P 0x7f2a7c191628
P 0x7f2a7c19c2a8
C 9
R
P 0x7f2a7c191628
C 342
R
P 0x7f2a7c191628
I 1
P 0x7f2a7c19b208
C 150
= 0x7f2a7c19bc88
R
P 0x7f2a7c191628
C 342
R
P 0x7f2a7c191628
P 0x7f2a7c19bc88
C 258
R
P 0x7f2a7c191628
C 342
R
P 0x7f2a7c191628
P 0x7f2a7c19bc88
C 9
R
P 0x7f2a7c191628
C 342
R
P 0x7f2a7c191628
I 1
P 0x7f2a7c19b208
C 150
= 0x7f2a7c19bc88
R
P 0x7f2a7c191628
C 342
R
P 0x7f2a7c191628
P 0x7f2a7c19bc88
C 258
R
P 0x7f2a7c191628
C 342
R
P 0x7f2a7c191628
P 0x7f2a7c19bc88
C 9
R
P 0x7f2a7c191628
C 342
R
P 0x7f2a7c191628
P 0x7f2a7c19bc88
P 0x7f2a7c19bc88
C 75
= 0x7f2a7c1a1778
R
P 0x7f2a7c191628
C 342
R
P 0x7f2a7c191628
P 0x7f2a7c1a1778
C 258
R
P 0x7f2a7c191628
C 342
R
P 0x7f2a7c191628
P 0x7f2a7c1a1778
C 9
R
P 0x7f2a7c191628
C 342
R
P 0x7f2a7c191628
I 1
P 0x7f2a7c19b208
C 150
= 0x7f2a7c19bc88
R
P 0x7f2a7c191628
C 342
R
P 0x7f2a7c191628
P 0x7f2a7c19bc88
C 258
R
P 0x7f2a7c191628
C 342
R
P 0x7f2a7c191628
P 0x7f2a7c19bc88
C 9
R
P 0x7f2a7c191628
C 342
R
P 0x7f2a7c191628
U 2
P 0x7f2a7c19bc88
P 0x7f2a7c19bc88
p 2
C 67
= 0x7f2a7c1a17b0
R
P 0x7f2a7c191628
C 342
R
P 0x7f2a7c191628
P 0x7f2a7c1a17b0
C 257
R
P 0x7f2a7c191628
C 342
R
P 0x7f2a7c191628
P 0x7f2a7c1a17b0
C 254
= 0x7f2a7c19b208
R
P 0x7f2a7c191628
C 342
R
P 0x7f2a7c191628
P 0x7f2a7c19b208
C 209
R
P 0x7f2a7c191628
C 342
R
P 0x7f2a7c191628
P 0x7f2a7c1a17b0
C 260
R
P 0x7f2a7c191628
C 342
R
P 0x7f2a7c191628
P 0x7f2a7c1a17b0
C 259
R
P 0x7f2a7c191628
C 342
R
P 0x7f2a7c191628
P 0x7f2a7c1a17b0
C 258
R
P 0x7f2a7c191628
C 342
R
P 0x7f2a7c191628
P 0x7f2a7c1a17b0
C 9
R
P 0x7f2a7c191628
C 342
R
P 0x7f2a7c191628
U 2
P 0x7f2a7c19bbe8
P 0x7f2a7c1a17b0
p 2
C 66
= 0x7f2a7c487b70
R
P 0x7f2a7c191628
C 342
R
P 0x7f2a7c191628
P 0x7f2a7c487b70
C 257
R
P 0x7f2a7c191628
C 342
R
P 0x7f2a7c191628
P 0x7f2a7c487b70
C 254
= 0x7f2a7c19b208
R
P 0x7f2a7c191628
C 342
R
P 0x7f2a7c191628
P 0x7f2a7c19b208
C 209
R
P 0x7f2a7c191628
C 342
R
P 0x7f2a7c191628
P 0x7f2a7c487b70
C 260
R
P 0x7f2a7c191628
C 342
R
P 0x7f2a7c191628
P 0x7f2a7c487b70
C 259
R
P 0x7f2a7c191628
C 342
R
P 0x7f2a7c191628
P 0x7f2a7c487b70
C 258
R
P 0x7f2a7c191628
C 342
R
P 0x7f2a7c191628
P 0x7f2a7c487b70
C 9
R
P 0x7f2a7c191628
C 342
R
P 0x7f2a7c191628
U 2
P 0x7f2a7c19bb88
P 0x7f2a7c487b70
p 2
C 65
= 0x7f2a7c487ba8
R
P 0x7f2a7c191628
C 342
R
P 0x7f2a7c191628
P 0x7f2a7c487ba8
C 257
R
P 0x7f2a7c191628
C 342
R
P 0x7f2a7c191628
P 0x7f2a7c487ba8
C 254
= 0x7f2a7c19b1e8
R
P 0x7f2a7c191628
C 342
R
P 0x7f2a7c191628
P 0x7f2a7c19b1e8
C 209
R
P 0x7f2a7c191628
C 342
R
P 0x7f2a7c191628
P 0x7f2a7c487ba8
C 260
R
P 0x7f2a7c191628
C 342
R
P 0x7f2a7c191628
P 0x7f2a7c487ba8
C 259
R
P 0x7f2a7c191628
C 342
R
P 0x7f2a7c191628
P 0x7f2a7c487ba8
C 258
R
P 0x7f2a7c191628
C 342
R
P 0x7f2a7c191628
P 0x7f2a7c487ba8
C 9
R
P 0x7f2a7c191628
C 342
R
P 0x7f2a7c191628
P 0x7f2a7c1a1778
P 0x7f2a7c487ba8
P 0x7f2a7c19bb88
C 59
= 0x7f2a7c19fa48
R
P 0x7f2a7c191628
C 342
R
P 0x7f2a7c191628
P 0x7f2a7c19fa48
C 257
R
P 0x7f2a7c191628
C 342
R
P 0x7f2a7c191628
P 0x7f2a7c19fa48
C 254
= 0x7f2a7c19b1e8
R
P 0x7f2a7c191628
C 342
R
P 0x7f2a7c191628
P 0x7f2a7c19b1e8
C 209
R
P 0x7f2a7c191628
C 342
R
P 0x7f2a7c191628
P 0x7f2a7c19fa48
C 260
R
P 0x7f2a7c191628
C 342
R
P 0x7f2a7c191628
P 0x7f2a7c19fa48
C 259
R
P 0x7f2a7c191628
C 342
R
P 0x7f2a7c191628
P 0x7f2a7c19fa48
C 258
R
P 0x7f2a7c191628
C 342
R
P 0x7f2a7c191628
P 0x7f2a7c19fa48
C 9
R
P 0x7f2a7c191628
C 342
R
P 0x7f2a7c191628
U 2
P 0x7f2a7c19c2a8
P 0x7f2a7c19fa48
p 2
C 65
= 0x7f2a7c487c88
R
P 0x7f2a7c191628
C 342
R
P 0x7f2a7c191628
P 0x7f2a7c487c88
C 257
R
P 0x7f2a7c191628
C 342
R
P 0x7f2a7c191628
P 0x7f2a7c487c88
C 254
= 0x7f2a7c19b1e8
R
P 0x7f2a7c191628
C 342
R
P 0x7f2a7c191628
P 0x7f2a7c19b1e8
C 209
R
P 0x7f2a7c191628
C 342
R
P 0x7f2a7c191628
P 0x7f2a7c487c88
C 260
R
P 0x7f2a7c191628
C 342
R
P 0x7f2a7c191628
P 0x7f2a7c487c88
C 259
R
P 0x7f2a7c191628
C 342
R
P 0x7f2a7c191628
P 0x7f2a7c487c88
C 258
R
P 0x7f2a7c191628
C 342
R
P 0x7f2a7c191628
P 0x7f2a7c487c88
C 9
R
P 0x7f2a7c191628
C 342
R
P 0x7f2a7c191628
U 2
P 0x7f2a7c487c88
P 0x7f2a7c19bb68
p 2
C 65
= 0x7f2a7c489870
R
P 0x7f2a7c191628
C 342
R
P 0x7f2a7c191628
P 0x7f2a7c489870
C 257
R
P 0x7f2a7c191628
C 342
R
P 0x7f2a7c191628
P 0x7f2a7c489870
C 254
= 0x7f2a7c19b1e8
R
P 0x7f2a7c191628
C 342
R
P 0x7f2a7c191628
P 0x7f2a7c19b1e8
C 209
R
P 0x7f2a7c191628
C 342
R
P 0x7f2a7c191628
P 0x7f2a7c489870
C 260
R
P 0x7f2a7c191628
C 342
R
P 0x7f2a7c191628
P 0x7f2a7c489870
C 259
R
P 0x7f2a7c191628
C 342
R
P 0x7f2a7c191628
P 0x7f2a7c489870
C 258
R
P 0x7f2a7c191628
C 342
R
P 0x7f2a7c191628
P 0x7f2a7c489870
C 9
R
P 0x7f2a7c191628
C 342
R
P 0x7f2a7c191628
P 0x7f2a7c19bce8
P 0x7f2a7c489870
C 76
= 0x7f2a7c48a8f8
R
P 0x7f2a7c191628
C 342
R
P 0x7f2a7c191628
P 0x7f2a7c48a8f8
C 258
R
P 0x7f2a7c191628
C 342
R
P 0x7f2a7c191628
P 0x7f2a7c48a8f8
C 9
R
P 0x7f2a7c191628
C 342
R
P 0x7f2a7c191628
I 2
P 0x7f2a7c19b208
C 150
= 0x7f2a7c19bcc8
R
P 0x7f2a7c191628
C 342
R
P 0x7f2a7c191628
P 0x7f2a7c19bcc8
C 258
R
P 0x7f2a7c191628
C 342
R
P 0x7f2a7c191628
P 0x7f2a7c19bcc8
C 9
R
P 0x7f2a7c191628
C 342
R
P 0x7f2a7c191628
P 0x7f2a7c19bcc8
C 263
R
P 0x7f2a7c191628
C 342
R
P 0x7f2a7c191628
S "dev0T32"
C 30
R
P 0x7f2a7c191628
C 342
R
P 0x7f2a7c191628
$ |dev0T32|
C 202
R
P 0x7f2a7c191628
C 342
R
P 0x7f2a7c191628
$ |dev0T32|
P 0x7f2a7c19b1e8
C 51
= 0x7f2a7c19bce8
R
P 0x7f2a7c191628
C 342
R
P 0x7f2a7c191628
P 0x7f2a7c19bce8
C 257
R
P 0x7f2a7c191628
C 342
R
P 0x7f2a7c191628
P 0x7f2a7c19bce8
C 254
= 0x7f2a7c19b1e8
R
P 0x7f2a7c191628
C 342
R
P 0x7f2a7c191628
P 0x7f2a7c19b1e8
C 209
R
P 0x7f2a7c191628
C 342
R
P 0x7f2a7c191628
P 0x7f2a7c19bce8
C 260
R
P 0x7f2a7c191628
C 342
R
P 0x7f2a7c191628
P 0x7f2a7c19bce8
C 259
R
P 0x7f2a7c191628
C 342
R
P 0x7f2a7c191628
P 0x7f2a7c19bce8
C 258
R
P 0x7f2a7c191628
C 342
R
P 0x7f2a7c191628
P 0x7f2a7c19bce8
C 9
R
P 0x7f2a7c191628
C 342
R
P 0x7f2a7c191628
P 0x7f2a7c19bc68
C 333
R
P 0x7f2a7c191628
C 342
R
P 0x7f2a7c191628
S "slotflowPriorityStart"
C 30
R
P 0x7f2a7c191628
C 342
R
P 0x7f2a7c191628
$ |slotflowPriorityStart|
C 202
R
P 0x7f2a7c191628
C 342
R
P 0x7f2a7c191628
$ |slotflowPriorityStart|
P 0x7f2a7c19b1e8
C 51
= 0x7f2a7c19c2a8
R
P 0x7f2a7c191628
C 342
R
P 0x7f2a7c191628
P 0x7f2a7c19c2a8
C 257
R
P 0x7f2a7c191628
C 342
R
P 0x7f2a7c191628
P 0x7f2a7c19c2a8
C 254
= 0x7f2a7c19b1e8
R
P 0x7f2a7c191628
C 342
R
P 0x7f2a7c191628
P 0x7f2a7c19b1e8
C 209
R
P 0x7f2a7c191628
C 342
R
P 0x7f2a7c191628
P 0x7f2a7c19c2a8
C 260
R
P 0x7f2a7c191628
C 342
R
P 0x7f2a7c191628
P 0x7f2a7c19c2a8
C 259
R
P 0x7f2a7c191628
C 342
R
P 0x7f2a7c191628
P 0x7f2a7c19c2a8
C 258
R
P 0x7f2a7c191628
C 342
R
P 0x7f2a7c191628
P 0x7f2a7c19c2a8
C 9
R
P 0x7f2a7c191628
C 342
R
P 0x7f2a7c191628
P 0x7f2a7c19bc68
C 333
R
P 0x7f2a7c191628
C 342
R
P 0x7f2a7c191628
S "slotflowPriorityDuration"
C 30
R
P 0x7f2a7c191628
C 342
R
P 0x7f2a7c191628
$ |slotflowPriorityDuration|
C 202
R
P 0x7f2a7c191628
C 342
R
P 0x7f2a7c191628
$ |slotflowPriorityDuration|
P 0x7f2a7c19b1e8
C 51
= 0x7f2a7c19c268
R
P 0x7f2a7c191628
C 342
R
P 0x7f2a7c191628
P 0x7f2a7c19c268
C 257
R
P 0x7f2a7c191628
C 342
R
P 0x7f2a7c191628
P 0x7f2a7c19c268
C 254
= 0x7f2a7c19b1e8
R
P 0x7f2a7c191628
C 342
R
P 0x7f2a7c191628
P 0x7f2a7c19b1e8
C 209
R
P 0x7f2a7c191628
C 342
R
P 0x7f2a7c191628
P 0x7f2a7c19c268
C 260
R
P 0x7f2a7c191628
C 342
R
P 0x7f2a7c191628
P 0x7f2a7c19c268
C 259
R
P 0x7f2a7c191628
C 342
R
P 0x7f2a7c191628
P 0x7f2a7c19c268
C 258
R
P 0x7f2a7c191628
C 342
R
P 0x7f2a7c191628
P 0x7f2a7c19c268
C 9
R
P 0x7f2a7c191628
C 342
R
P 0x7f2a7c191628
U 2
P 0x7f2a7c19c2a8
P 0x7f2a7c19c268
p 2
C 65
= 0x7f2a7c487908
R
P 0x7f2a7c191628
C 342
R
P 0x7f2a7c191628
P 0x7f2a7c487908
C 257
R
P 0x7f2a7c191628
C 342
R
P 0x7f2a7c191628
P 0x7f2a7c487908
C 254
= 0x7f2a7c19b1e8
R
P 0x7f2a7c191628
C 342
R
P 0x7f2a7c191628
P 0x7f2a7c19b1e8
C 209
R
P 0x7f2a7c191628
C 342
R
P 0x7f2a7c191628
P 0x7f2a7c487908
C 260
R
P 0x7f2a7c191628
C 342
R
P 0x7f2a7c191628
P 0x7f2a7c487908
C 259
R
P 0x7f2a7c191628
C 342
R
P 0x7f2a7c191628
P 0x7f2a7c487908
C 258
R
P 0x7f2a7c191628
C 342
R
P 0x7f2a7c191628
P 0x7f2a7c487908
C 9
R
P 0x7f2a7c191628
C 342
R
P 0x7f2a7c191628
I 1
P 0x7f2a7c19b208
C 150
= 0x7f2a7c19bc88
R
P 0x7f2a7c191628
C 342
R
P 0x7f2a7c191628
P 0x7f2a7c19bc88
C 258
R
P 0x7f2a7c191628
C 342
R
P 0x7f2a7c191628
P 0x7f2a7c19bc88
C 9
R
P 0x7f2a7c191628
C 342
R
P 0x7f2a7c191628
I 1
P 0x7f2a7c19b208
C 150
= 0x7f2a7c19bc88
R
P 0x7f2a7c191628
C 342
R
P 0x7f2a7c191628
P 0x7f2a7c19bc88
C 258
R
P 0x7f2a7c191628
C 342
R
P 0x7f2a7c191628
P 0x7f2a7c19bc88
C 9
R
P 0x7f2a7c191628
C 342
R
P 0x7f2a7c191628
P 0x7f2a7c19bc88
P 0x7f2a7c19bc88
C 75
= 0x7f2a7c1a1778
R
P 0x7f2a7c191628
C 342
R
P 0x7f2a7c191628
P 0x7f2a7c1a1778
C 258
R
P 0x7f2a7c191628
C 342
R
P 0x7f2a7c191628
P 0x7f2a7c1a1778
C 9
R
P 0x7f2a7c191628
C 342
R
P 0x7f2a7c191628
I 1
P 0x7f2a7c19b208
C 150
= 0x7f2a7c19bc88
R
P 0x7f2a7c191628
C 342
R
P 0x7f2a7c191628
P 0x7f2a7c19bc88
C 258
R
P 0x7f2a7c191628
C 342
R
P 0x7f2a7c191628
P 0x7f2a7c19bc88
C 9
R
P 0x7f2a7c191628
C 342
R
P 0x7f2a7c191628
U 2
P 0x7f2a7c19bc88
P 0x7f2a7c19bc88
p 2
C 67
= 0x7f2a7c1a17b0
R
P 0x7f2a7c191628
C 342
R
P 0x7f2a7c191628
P 0x7f2a7c1a17b0
C 257
R
P 0x7f2a7c191628
C 342
R
P 0x7f2a7c191628
P 0x7f2a7c1a17b0
C 254
= 0x7f2a7c19b208
R
P 0x7f2a7c191628
C 342
R
P 0x7f2a7c191628
P 0x7f2a7c19b208
C 209
R
P 0x7f2a7c191628
C 342
R
P 0x7f2a7c191628
P 0x7f2a7c1a17b0
C 260
R
P 0x7f2a7c191628
C 342
R
P 0x7f2a7c191628
P 0x7f2a7c1a17b0
C 259
R
P 0x7f2a7c191628
C 342
R
P 0x7f2a7c191628
P 0x7f2a7c1a17b0
C 258
R
P 0x7f2a7c191628
C 342
R
P 0x7f2a7c191628
P 0x7f2a7c1a17b0
C 9
R
P 0x7f2a7c191628
C 342
R
P 0x7f2a7c191628
U 2
P 0x7f2a7c19bbe8
P 0x7f2a7c1a17b0
p 2
C 66
= 0x7f2a7c487b70
R
P 0x7f2a7c191628
C 342
R
P 0x7f2a7c191628
P 0x7f2a7c487b70
C 257
R
P 0x7f2a7c191628
C 342
R
P 0x7f2a7c191628
P 0x7f2a7c487b70
C 254
= 0x7f2a7c19b208
R
P 0x7f2a7c191628
C 342
R
P 0x7f2a7c191628
P 0x7f2a7c19b208
C 209
R
P 0x7f2a7c191628
C 342
R
P 0x7f2a7c191628
P 0x7f2a7c487b70
C 260
R
P 0x7f2a7c191628
C 342
R
P 0x7f2a7c191628
P 0x7f2a7c487b70
C 259
R
P 0x7f2a7c191628
C 342
R
P 0x7f2a7c191628
P 0x7f2a7c487b70
C 258
R
P 0x7f2a7c191628
C 342
R
P 0x7f2a7c191628
P 0x7f2a7c487b70
C 9
R
P 0x7f2a7c191628
C 342
R
P 0x7f2a7c191628
U 2
P 0x7f2a7c19bb88
P 0x7f2a7c487b70
p 2
C 65
= 0x7f2a7c487ba8
R
P 0x7f2a7c191628
C 342
R
P 0x7f2a7c191628
P 0x7f2a7c487ba8
C 257
R
P 0x7f2a7c191628
C 342
R
P 0x7f2a7c191628
P 0x7f2a7c487ba8
C 254
= 0x7f2a7c19b1e8
R
P 0x7f2a7c191628
C 342
R
P 0x7f2a7c191628
P 0x7f2a7c19b1e8
C 209
R
P 0x7f2a7c191628
C 342
R
P 0x7f2a7c191628
P 0x7f2a7c487ba8
C 260
R
P 0x7f2a7c191628
C 342
R
P 0x7f2a7c191628
P 0x7f2a7c487ba8
C 259
R
P 0x7f2a7c191628
C 342
R
P 0x7f2a7c191628
P 0x7f2a7c487ba8
C 258
R
P 0x7f2a7c191628
C 342
R
P 0x7f2a7c191628
P 0x7f2a7c487ba8
C 9
R
P 0x7f2a7c191628
C 342
R
P 0x7f2a7c191628
P 0x7f2a7c1a1778
P 0x7f2a7c487ba8
P 0x7f2a7c19bb88
C 59
= 0x7f2a7c19fa48
R
P 0x7f2a7c191628
C 342
R
P 0x7f2a7c191628
P 0x7f2a7c19fa48
C 257
R
P 0x7f2a7c191628
C 342
R
P 0x7f2a7c191628
P 0x7f2a7c19fa48
C 254
= 0x7f2a7c19b1e8
R
P 0x7f2a7c191628
C 342
R
P 0x7f2a7c191628
P 0x7f2a7c19b1e8
C 209
R
P 0x7f2a7c191628
C 342
R
P 0x7f2a7c191628
P 0x7f2a7c19fa48
C 260
R
P 0x7f2a7c191628
C 342
R
P 0x7f2a7c191628
P 0x7f2a7c19fa48
C 259
R
P 0x7f2a7c191628
C 342
R
P 0x7f2a7c191628
P 0x7f2a7c19fa48
C 258
R
P 0x7f2a7c191628
C 342
R
P 0x7f2a7c191628
P 0x7f2a7c19fa48
C 9
R
P 0x7f2a7c191628
C 342
R
P 0x7f2a7c191628
U 2
P 0x7f2a7c487908
P 0x7f2a7c19fa48
p 2
C 65
= 0x7f2a7c487be0
R
P 0x7f2a7c191628
C 342
R
P 0x7f2a7c191628
P 0x7f2a7c487be0
C 257
R
P 0x7f2a7c191628
C 342
R
P 0x7f2a7c191628
P 0x7f2a7c487be0
C 254
= 0x7f2a7c19b1e8
R
P 0x7f2a7c191628
C 342
R
P 0x7f2a7c191628
P 0x7f2a7c19b1e8
C 209
R
P 0x7f2a7c191628
C 342
R
P 0x7f2a7c191628
P 0x7f2a7c487be0
C 260
R
P 0x7f2a7c191628
C 342
R
P 0x7f2a7c191628
P 0x7f2a7c487be0
C 259
R
P 0x7f2a7c191628
C 342
R
P 0x7f2a7c191628
P 0x7f2a7c487be0
C 258
R
P 0x7f2a7c191628
C 342
R
P 0x7f2a7c191628
P 0x7f2a7c487be0
C 9
R
P 0x7f2a7c191628
C 342
R
P 0x7f2a7c191628
P 0x7f2a7c19bce8
P 0x7f2a7c487be0
C 74
= 0x7f2a7c48a930
R
P 0x7f2a7c191628
C 342
R
P 0x7f2a7c191628
P 0x7f2a7c48a930
C 258
R
P 0x7f2a7c191628
C 342
R
P 0x7f2a7c191628
P 0x7f2a7c48a930
C 9
R
P 0x7f2a7c191628
C 342
R
P 0x7f2a7c191628
U 2
P 0x7f2a7c48a8f8
P 0x7f2a7c48a930
p 2
C 63
= 0x7f2a7c48a968
R
P 0x7f2a7c191628
C 342
R
P 0x7f2a7c191628
P 0x7f2a7c48a968
C 258
R
P 0x7f2a7c191628
C 342
R
P 0x7f2a7c191628
P 0x7f2a7c48a968
C 9
R
P 0x7f2a7c191628
C 342
R
P 0x7f2a7c191628
P 0x7f2a7c48a8c0
P 0x7f2a7c48a968
C 61
= 0x7f2a7c48a9a0
R
P 0x7f2a7c191628
C 342
R
P 0x7f2a7c191628
P 0x7f2a7c48a9a0
C 258
R
P 0x7f2a7c191628
C 342
R
P 0x7f2a7c191628
P 0x7f2a7c48a9a0
C 9
R
P 0x7f2a7c191628
C 342
R
P 0x7f2a7c191628
P 0x7f2a7c1e1fc8
P 0x7f2a7c48a9a0
C 427
R
P 0x7f2a7c191628
C 342
R
P 0x7f2a7c191628
I 2
P 0x7f2a7c19b208
C 150
= 0x7f2a7c19bcc8
R
P 0x7f2a7c191628
C 342
R
P 0x7f2a7c191628
P 0x7f2a7c19bcc8
C 258
R
P 0x7f2a7c191628
C 342
R
P 0x7f2a7c191628
P 0x7f2a7c19bcc8
C 9
R
P 0x7f2a7c191628
C 342
R
P 0x7f2a7c191628
I 1
P 0x7f2a7c19b208
C 150
= 0x7f2a7c19bc88
R
P 0x7f2a7c191628
C 342
R
P 0x7f2a7c191628
P 0x7f2a7c19bc88
C 258
R
P 0x7f2a7c191628
C 342
R
P 0x7f2a7c191628
P 0x7f2a7c19bc88
C 9
R
P 0x7f2a7c191628
C 342
R
P 0x7f2a7c191628
P 0x7f2a7c19bcc8
P 0x7f2a7c19bc88
C 75
= 0x7f2a7c1a1890
R
P 0x7f2a7c191628
C 342
R
P 0x7f2a7c191628
P 0x7f2a7c1a1890
C 258
R
P 0x7f2a7c191628
C 342
R
P 0x7f2a7c191628
P 0x7f2a7c1a1890
C 9
R
P 0x7f2a7c191628
C 342
R
P 0x7f2a7c191628
I 1
P 0x7f2a7c19b208
C 150
= 0x7f2a7c19bc88
R
P 0x7f2a7c191628
C 342
R
P 0x7f2a7c191628
P 0x7f2a7c19bc88
C 258
R
P 0x7f2a7c191628
C 342
R
P 0x7f2a7c191628
P 0x7f2a7c19bc88
C 9
R
P 0x7f2a7c191628
C 342
R
P 0x7f2a7c191628
U 2
P 0x7f2a7c19bcc8
P 0x7f2a7c19bc88
p 2
C 67
= 0x7f2a7c1a18c8
R
P 0x7f2a7c191628
C 342
R
P 0x7f2a7c191628
P 0x7f2a7c1a18c8
C 257
R
P 0x7f2a7c191628
C 342
R
P 0x7f2a7c191628
P 0x7f2a7c1a18c8
C 254
= 0x7f2a7c19b208
R
P 0x7f2a7c191628
C 342
R
P 0x7f2a7c191628
P 0x7f2a7c19b208
C 209
R
P 0x7f2a7c191628
C 342
R
P 0x7f2a7c191628
P 0x7f2a7c1a18c8
C 260
R
P 0x7f2a7c191628
C 342
R
P 0x7f2a7c191628
P 0x7f2a7c1a18c8
C 259
R
P 0x7f2a7c191628
C 342
R
P 0x7f2a7c191628
P 0x7f2a7c1a18c8
C 258
R
P 0x7f2a7c191628
C 342
R
P 0x7f2a7c191628
P 0x7f2a7c1a18c8
C 9
R
P 0x7f2a7c191628
C 342
R
P 0x7f2a7c191628
U 2
P 0x7f2a7c19bba8
P 0x7f2a7c1a18c8
p 2
C 66
= 0x7f2a7c1a1900
R
P 0x7f2a7c191628
C 342
R
P 0x7f2a7c191628
P 0x7f2a7c1a1900
C 257
R
P 0x7f2a7c191628
C 342
R
P 0x7f2a7c191628
P 0x7f2a7c1a1900
C 254
= 0x7f2a7c19b1e8
R
P 0x7f2a7c191628
C 342
R
P 0x7f2a7c191628
P 0x7f2a7c19b1e8
C 209
R
P 0x7f2a7c191628
C 342
R
P 0x7f2a7c191628
P 0x7f2a7c1a1900
C 260
R
P 0x7f2a7c191628
C 342
R
P 0x7f2a7c191628
P 0x7f2a7c1a1900
C 259
R
P 0x7f2a7c191628
C 342
R
P 0x7f2a7c191628
P 0x7f2a7c1a1900
C 258
R
P 0x7f2a7c191628
C 342
R
P 0x7f2a7c191628
P 0x7f2a7c1a1900
C 9
R
P 0x7f2a7c191628
C 342
R
P 0x7f2a7c191628
U 2
P 0x7f2a7c19bc28
P 0x7f2a7c1a1900
p 2
C 65
= 0x7f2a7c1a1938
R
P 0x7f2a7c191628
C 342
R
P 0x7f2a7c191628
P 0x7f2a7c1a1938
C 257
R
P 0x7f2a7c191628
C 342
R
P 0x7f2a7c191628
P 0x7f2a7c1a1938
C 254
= 0x7f2a7c19b1e8
R
P 0x7f2a7c191628
C 342
R
P 0x7f2a7c191628
P 0x7f2a7c19b1e8
C 209
R
P 0x7f2a7c191628
C 342
R
P 0x7f2a7c191628
P 0x7f2a7c1a1938
C 260
R
P 0x7f2a7c191628
C 342
R
P 0x7f2a7c191628
P 0x7f2a7c1a1938
C 259
R
P 0x7f2a7c191628
C 342
R
P 0x7f2a7c191628
P 0x7f2a7c1a1938
C 258
R
P 0x7f2a7c191628
C 342
R
P 0x7f2a7c191628
P 0x7f2a7c1a1938
C 9
R
P 0x7f2a7c191628
C 342
R
P 0x7f2a7c191628
P 0x7f2a7c1a1890
P 0x7f2a7c1a1938
P 0x7f2a7c19bc28
C 59
= 0x7f2a7c19f888
R
P 0x7f2a7c191628
C 342
R
P 0x7f2a7c191628
P 0x7f2a7c19f888
C 257
R
P 0x7f2a7c191628
C 342
R
P 0x7f2a7c191628
P 0x7f2a7c19f888
C 254
= 0x7f2a7c19b1e8
R
P 0x7f2a7c191628
C 342
R
P 0x7f2a7c191628
P 0x7f2a7c19b1e8
C 209
R
P 0x7f2a7c191628
C 342
R
P 0x7f2a7c191628
P 0x7f2a7c19f888
C 260
R
P 0x7f2a7c191628
C 342
R
P 0x7f2a7c191628
P 0x7f2a7c19f888
C 259
R
P 0x7f2a7c191628
C 342
R
P 0x7f2a7c191628
P 0x7f2a7c19f888
C 258
R
P 0x7f2a7c191628
C 342
R
P 0x7f2a7c191628
P 0x7f2a7c19f888
C 9
R
P 0x7f2a7c191628
C 342
R
P 0x7f2a7c191628
U 2
P 0x7f2a7c19f888
P 0x7f2a7c19bb48
p 2
C 65
= 0x7f2a7c1a1970
R
P 0x7f2a7c191628
C 342
R
P 0x7f2a7c191628
P 0x7f2a7c1a1970
C 257
R
P 0x7f2a7c191628
C 342
R
P 0x7f2a7c191628
P 0x7f2a7c1a1970
C 254
= 0x7f2a7c19b1e8
R
P 0x7f2a7c191628
C 342
R
P 0x7f2a7c191628
P 0x7f2a7c19b1e8
C 209
R
P 0x7f2a7c191628
C 342
R
P 0x7f2a7c191628
P 0x7f2a7c1a1970
C 260
R
P 0x7f2a7c191628
C 342
R
P 0x7f2a7c191628
P 0x7f2a7c1a1970
C 259
R
P 0x7f2a7c191628
C 342
R
P 0x7f2a7c191628
P 0x7f2a7c1a1970
C 258
R
P 0x7f2a7c191628
C 342
R
P 0x7f2a7c191628
P 0x7f2a7c1a1970
C 9
R
P 0x7f2a7c191628
C 342
R
P 0x7f2a7c191628
P 0x7f2a7c19bc68
C 333
R
P 0x7f2a7c191628
C 342
R
P 0x7f2a7c191628
S "slotflowPriorityStart"
C 30
R
P 0x7f2a7c191628
C 342
R
P 0x7f2a7c191628
$ |slotflowPriorityStart|
C 202
R
P 0x7f2a7c191628
C 342
R
P 0x7f2a7c191628
$ |slotflowPriorityStart|
P 0x7f2a7c19b1e8
C 51
= 0x7f2a7c19c2a8
R
P 0x7f2a7c191628
C 342
R
P 0x7f2a7c191628
P 0x7f2a7c19c2a8
C 257
R
P 0x7f2a7c191628
C 342
R
P 0x7f2a7c191628
P 0x7f2a7c19c2a8
C 254
= 0x7f2a7c19b1e8
R
P 0x7f2a7c191628
C 342
R
P 0x7f2a7c191628
P 0x7f2a7c19b1e8
C 209
R
P 0x7f2a7c191628
C 342
R
P 0x7f2a7c191628
P 0x7f2a7c19c2a8
C 260
R
P 0x7f2a7c191628
C 342
R
P 0x7f2a7c191628
P 0x7f2a7c19c2a8
C 259
R
P 0x7f2a7c191628
C 342
R
P 0x7f2a7c191628
P 0x7f2a7c19c2a8
C 258
R
P 0x7f2a7c191628
C 342
R
P 0x7f2a7c191628
P 0x7f2a7c19c2a8
C 9
R
P 0x7f2a7c191628
C 342
R
P 0x7f2a7c191628
I 2
P 0x7f2a7c19b208
C 150
= 0x7f2a7c19bcc8
R
P 0x7f2a7c191628
C 342
R
P 0x7f2a7c191628
P 0x7f2a7c19bcc8
C 258
R
P 0x7f2a7c191628
C 342
R
P 0x7f2a7c191628
P 0x7f2a7c19bcc8
C 9
R
P 0x7f2a7c191628
C 342
R
P 0x7f2a7c191628
I 1
P 0x7f2a7c19b208
C 150
= 0x7f2a7c19bc88
R
P 0x7f2a7c191628
C 342
R
P 0x7f2a7c191628
P 0x7f2a7c19bc88
C 258
R
P 0x7f2a7c191628
C 342
R
P 0x7f2a7c191628
P 0x7f2a7c19bc88
C 9
R
P 0x7f2a7c191628
C 342
R
P 0x7f2a7c191628
P 0x7f2a7c19bcc8
P 0x7f2a7c19bc88
C 75
= 0x7f2a7c1a1890
R
P 0x7f2a7c191628
C 342
R
P 0x7f2a7c191628
P 0x7f2a7c1a1890
C 258
R
P 0x7f2a7c191628
C 342
R
P 0x7f2a7c191628
P 0x7f2a7c1a1890
C 9
R
P 0x7f2a7c191628
C 342
R
P 0x7f2a7c191628
I 1
P 0x7f2a7c19b208
C 150
= 0x7f2a7c19bc88
R
P 0x7f2a7c191628
C 342
R
P 0x7f2a7c191628
P 0x7f2a7c19bc88
C 258
R
P 0x7f2a7c191628
C 342
R
P 0x7f2a7c191628
P 0x7f2a7c19bc88
C 9
R
P 0x7f2a7c191628
C 342
R
P 0x7f2a7c191628
U 2
P 0x7f2a7c19bcc8
P 0x7f2a7c19bc88
p 2
C 67
= 0x7f2a7c1a18c8
R
P 0x7f2a7c191628
C 342
R
P 0x7f2a7c191628
P 0x7f2a7c1a18c8
C 257
R
P 0x7f2a7c191628
C 342
R
P 0x7f2a7c191628
P 0x7f2a7c1a18c8
C 254
= 0x7f2a7c19b208
R
P 0x7f2a7c191628
C 342
R
P 0x7f2a7c191628
P 0x7f2a7c19b208
C 209
R
P 0x7f2a7c191628
C 342
R
P 0x7f2a7c191628
P 0x7f2a7c1a18c8
C 260
R
P 0x7f2a7c191628
C 342
R
P 0x7f2a7c191628
P 0x7f2a7c1a18c8
C 259
R
P 0x7f2a7c191628
C 342
R
P 0x7f2a7c191628
P 0x7f2a7c1a18c8
C 258
R
P 0x7f2a7c191628
C 342
R
P 0x7f2a7c191628
P 0x7f2a7c1a18c8
C 9
R
P 0x7f2a7c191628
C 342
R
P 0x7f2a7c191628
U 2
P 0x7f2a7c19bbe8
P 0x7f2a7c1a18c8
p 2
C 66
= 0x7f2a7c487d68
R
P 0x7f2a7c191628
C 342
R
P 0x7f2a7c191628
P 0x7f2a7c487d68
C 257
R
P 0x7f2a7c191628
C 342
R
P 0x7f2a7c191628
P 0x7f2a7c487d68
C 254
= 0x7f2a7c19b208
R
P 0x7f2a7c191628
C 342
R
P 0x7f2a7c191628
P 0x7f2a7c19b208
C 209
R
P 0x7f2a7c191628
C 342
R
P 0x7f2a7c191628
P 0x7f2a7c487d68
C 260
R
P 0x7f2a7c191628
C 342
R
P 0x7f2a7c191628
P 0x7f2a7c487d68
C 259
R
P 0x7f2a7c191628
C 342
R
P 0x7f2a7c191628
P 0x7f2a7c487d68
C 258
R
P 0x7f2a7c191628
C 342
R
P 0x7f2a7c191628
P 0x7f2a7c487d68
C 9
R
P 0x7f2a7c191628
C 342
R
P 0x7f2a7c191628
U 2
P 0x7f2a7c19bb88
P 0x7f2a7c487d68
p 2
C 65
= 0x7f2a7c487da0
R
P 0x7f2a7c191628
C 342
R
P 0x7f2a7c191628
P 0x7f2a7c487da0
C 257
R
P 0x7f2a7c191628
C 342
R
P 0x7f2a7c191628
P 0x7f2a7c487da0
C 254
= 0x7f2a7c19b1e8
R
P 0x7f2a7c191628
C 342
R
P 0x7f2a7c191628
P 0x7f2a7c19b1e8
C 209
R
P 0x7f2a7c191628
C 342
R
P 0x7f2a7c191628
P 0x7f2a7c487da0
C 260
R
P 0x7f2a7c191628
C 342
R
P 0x7f2a7c191628
P 0x7f2a7c487da0
C 259
R
P 0x7f2a7c191628
C 342
R
P 0x7f2a7c191628
P 0x7f2a7c487da0
C 258
R
P 0x7f2a7c191628
C 342
R
P 0x7f2a7c191628
P 0x7f2a7c487da0
C 9
R
P 0x7f2a7c191628
C 342
R
P 0x7f2a7c191628
P 0x7f2a7c1a1890
P 0x7f2a7c487da0
P 0x7f2a7c19bb88
C 59
= 0x7f2a7c19fa88
R
P 0x7f2a7c191628
C 342
R
P 0x7f2a7c191628
P 0x7f2a7c19fa88
C 257
R
P 0x7f2a7c191628
C 342
R
P 0x7f2a7c191628
P 0x7f2a7c19fa88
C 254
= 0x7f2a7c19b1e8
R
P 0x7f2a7c191628
C 342
R
P 0x7f2a7c191628
P 0x7f2a7c19b1e8
C 209
R
P 0x7f2a7c191628
C 342
R
P 0x7f2a7c191628
P 0x7f2a7c19fa88
C 260
R
P 0x7f2a7c191628
C 342
R
P 0x7f2a7c191628
P 0x7f2a7c19fa88
C 259
R
P 0x7f2a7c191628
C 342
R
P 0x7f2a7c191628
P 0x7f2a7c19fa88
C 258
R
P 0x7f2a7c191628
C 342
R
P 0x7f2a7c191628
P 0x7f2a7c19fa88
C 9
R
P 0x7f2a7c191628
C 342
R
P 0x7f2a7c191628
U 2
P 0x7f2a7c19c2a8
P 0x7f2a7c19fa88
p 2
C 65
= 0x7f2a7c487e80
R
P 0x7f2a7c191628
C 342
R
P 0x7f2a7c191628
P 0x7f2a7c487e80
C 257
R
P 0x7f2a7c191628
C 342
R
P 0x7f2a7c191628
P 0x7f2a7c487e80
C 254
= 0x7f2a7c19b1e8
R
P 0x7f2a7c191628
C 342
R
P 0x7f2a7c191628
P 0x7f2a7c19b1e8
C 209
R
P 0x7f2a7c191628
C 342
R
P 0x7f2a7c191628
P 0x7f2a7c487e80
C 260
R
P 0x7f2a7c191628
C 342
R
P 0x7f2a7c191628
P 0x7f2a7c487e80
C 259
R
P 0x7f2a7c191628
C 342
R
P 0x7f2a7c191628
P 0x7f2a7c487e80
C 258
R
P 0x7f2a7c191628
C 342
R
P 0x7f2a7c191628
P 0x7f2a7c487e80
C 9
R
P 0x7f2a7c191628
C 342
R
P 0x7f2a7c191628
P 0x7f2a7c1a1970
P 0x7f2a7c487e80
C 73
= 0x7f2a7c48a9d8
R
P 0x7f2a7c191628
C 342
R
P 0x7f2a7c191628
P 0x7f2a7c48a9d8
C 258
R
P 0x7f2a7c191628
C 342
R
P 0x7f2a7c191628
P 0x7f2a7c48a9d8
C 9
R
P 0x7f2a7c191628
C 342
R
P 0x7f2a7c191628
I 2
P 0x7f2a7c19b208
C 150
= 0x7f2a7c19bcc8
R
P 0x7f2a7c191628
C 342
R
P 0x7f2a7c191628
P 0x7f2a7c19bcc8
C 258
R
P 0x7f2a7c191628
C 342
R
P 0x7f2a7c191628
P 0x7f2a7c19bcc8
C 9
R
P 0x7f2a7c191628
C 342
R
P 0x7f2a7c191628
I 1
P 0x7f2a7c19b208
C 150
= 0x7f2a7c19bc88
R
P 0x7f2a7c191628
C 342
R
P 0x7f2a7c191628
P 0x7f2a7c19bc88
C 258
R
P 0x7f2a7c191628
C 342
R
P 0x7f2a7c191628
P 0x7f2a7c19bc88
C 9
R
P 0x7f2a7c191628
C 342
R
P 0x7f2a7c191628
P 0x7f2a7c19bcc8
P 0x7f2a7c19bc88
C 75
= 0x7f2a7c1a1890
R
P 0x7f2a7c191628
C 342
R
P 0x7f2a7c191628
P 0x7f2a7c1a1890
C 258
R
P 0x7f2a7c191628
C 342
R
P 0x7f2a7c191628
P 0x7f2a7c1a1890
C 9
R
P 0x7f2a7c191628
C 342
R
P 0x7f2a7c191628
I 1
P 0x7f2a7c19b208
C 150
= 0x7f2a7c19bc88
R
P 0x7f2a7c191628
C 342
R
P 0x7f2a7c191628
P 0x7f2a7c19bc88
C 258
R
P 0x7f2a7c191628
C 342
R
P 0x7f2a7c191628
P 0x7f2a7c19bc88
C 9
R
P 0x7f2a7c191628
C 342
R
P 0x7f2a7c191628
U 2
P 0x7f2a7c19bcc8
P 0x7f2a7c19bc88
p 2
C 67
= 0x7f2a7c1a18c8
R
P 0x7f2a7c191628
C 342
R
P 0x7f2a7c191628
P 0x7f2a7c1a18c8
C 257
R
P 0x7f2a7c191628
C 342
R
P 0x7f2a7c191628
P 0x7f2a7c1a18c8
C 254
= 0x7f2a7c19b208
R
P 0x7f2a7c191628
C 342
R
P 0x7f2a7c191628
P 0x7f2a7c19b208
C 209
R
P 0x7f2a7c191628
C 342
R
P 0x7f2a7c191628
P 0x7f2a7c1a18c8
C 260
R
P 0x7f2a7c191628
C 342
R
P 0x7f2a7c191628
P 0x7f2a7c1a18c8
C 259
R
P 0x7f2a7c191628
C 342
R
P 0x7f2a7c191628
P 0x7f2a7c1a18c8
C 258
R
P 0x7f2a7c191628
C 342
R
P 0x7f2a7c191628
P 0x7f2a7c1a18c8
C 9
R
P 0x7f2a7c191628
C 342
R
P 0x7f2a7c191628
U 2
P 0x7f2a7c19bba8
P 0x7f2a7c1a18c8
p 2
C 66
= 0x7f2a7c1a1900
R
P 0x7f2a7c191628
C 342
R
P 0x7f2a7c191628
P 0x7f2a7c1a1900
C 257
R
P 0x7f2a7c191628
C 342
R
P 0x7f2a7c191628
P 0x7f2a7c1a1900
C 254
= 0x7f2a7c19b1e8
R
P 0x7f2a7c191628
C 342
R
P 0x7f2a7c191628
P 0x7f2a7c19b1e8
C 209
R
P 0x7f2a7c191628
C 342
R
P 0x7f2a7c191628
P 0x7f2a7c1a1900
C 260
R
P 0x7f2a7c191628
C 342
R
P 0x7f2a7c191628
P 0x7f2a7c1a1900
C 259
R
P 0x7f2a7c191628
C 342
R
P 0x7f2a7c191628
P 0x7f2a7c1a1900
C 258
R
P 0x7f2a7c191628
C 342
R
P 0x7f2a7c191628
P 0x7f2a7c1a1900
C 9
R
P 0x7f2a7c191628
C 342
R
P 0x7f2a7c191628
U 2
P 0x7f2a7c19bc28
P 0x7f2a7c1a1900
p 2
C 65
= 0x7f2a7c1a1938
R
P 0x7f2a7c191628
C 342
R
P 0x7f2a7c191628
P 0x7f2a7c1a1938
C 257
R
P 0x7f2a7c191628
C 342
R
P 0x7f2a7c191628
P 0x7f2a7c1a1938
C 254
= 0x7f2a7c19b1e8
R
P 0x7f2a7c191628
C 342
R
P 0x7f2a7c191628
P 0x7f2a7c19b1e8
C 209
R
P 0x7f2a7c191628
C 342
R
P 0x7f2a7c191628
P 0x7f2a7c1a1938
C 260
R
P 0x7f2a7c191628
C 342
R
P 0x7f2a7c191628
P 0x7f2a7c1a1938
C 259
R
P 0x7f2a7c191628
C 342
R
P 0x7f2a7c191628
P 0x7f2a7c1a1938
C 258
R
P 0x7f2a7c191628
C 342
R
P 0x7f2a7c191628
P 0x7f2a7c1a1938
C 9
R
P 0x7f2a7c191628
C 342
R
P 0x7f2a7c191628
P 0x7f2a7c1a1890
P 0x7f2a7c1a1938
P 0x7f2a7c19bc28
C 59
= 0x7f2a7c19f888
R
P 0x7f2a7c191628
C 342
R
P 0x7f2a7c191628
P 0x7f2a7c19f888
C 257
R
P 0x7f2a7c191628
C 342
R
P 0x7f2a7c191628
P 0x7f2a7c19f888
C 254
= 0x7f2a7c19b1e8
R
P 0x7f2a7c191628
C 342
R
P 0x7f2a7c191628
P 0x7f2a7c19b1e8
C 209
R
P 0x7f2a7c191628
C 342
R
P 0x7f2a7c191628
P 0x7f2a7c19f888
C 260
R
P 0x7f2a7c191628
C 342
R
P 0x7f2a7c191628
P 0x7f2a7c19f888
C 259
R
P 0x7f2a7c191628
C 342
R
P 0x7f2a7c191628
P 0x7f2a7c19f888
C 258
R
P 0x7f2a7c191628
C 342
R
P 0x7f2a7c191628
P 0x7f2a7c19f888
C 9
R
P 0x7f2a7c191628
C 342
R
P 0x7f2a7c191628
U 2
P 0x7f2a7c19f888
P 0x7f2a7c19bb48
p 2
C 65
= 0x7f2a7c1a1970
R
P 0x7f2a7c191628
C 342
R
P 0x7f2a7c191628
P 0x7f2a7c1a1970
C 257
R
P 0x7f2a7c191628
C 342
R
P 0x7f2a7c191628
P 0x7f2a7c1a1970
C 254
= 0x7f2a7c19b1e8
R
P 0x7f2a7c191628
C 342
R
P 0x7f2a7c191628
P 0x7f2a7c19b1e8
C 209
R
P 0x7f2a7c191628
C 342
R
P 0x7f2a7c191628
P 0x7f2a7c1a1970
C 260
R
P 0x7f2a7c191628
C 342
R
P 0x7f2a7c191628
P 0x7f2a7c1a1970
C 259
R
P 0x7f2a7c191628
C 342
R
P 0x7f2a7c191628
P 0x7f2a7c1a1970
C 258
R
P 0x7f2a7c191628
C 342
R
P 0x7f2a7c191628
P 0x7f2a7c1a1970
C 9
R
P 0x7f2a7c191628
C 342
R
P 0x7f2a7c191628
I 2
P 0x7f2a7c19b208
C 150
= 0x7f2a7c19bcc8
R
P 0x7f2a7c191628
C 342
R
P 0x7f2a7c191628
P 0x7f2a7c19bcc8
C 258
R
P 0x7f2a7c191628
C 342
R
P 0x7f2a7c191628
P 0x7f2a7c19bcc8
C 9
R
P 0x7f2a7c191628
C 342
R
P 0x7f2a7c191628
I 1
P 0x7f2a7c19b208
C 150
= 0x7f2a7c19bc88
R
P 0x7f2a7c191628
C 342
R
P 0x7f2a7c191628
P 0x7f2a7c19bc88
C 258
R
P 0x7f2a7c191628
C 342
R
P 0x7f2a7c191628
P 0x7f2a7c19bc88
C 9
R
P 0x7f2a7c191628
C 342
R
P 0x7f2a7c191628
P 0x7f2a7c19bcc8
P 0x7f2a7c19bc88
C 75
= 0x7f2a7c1a1890
R
P 0x7f2a7c191628
C 342
R
P 0x7f2a7c191628
P 0x7f2a7c1a1890
C 258
R
P 0x7f2a7c191628
C 342
R
P 0x7f2a7c191628
P 0x7f2a7c1a1890
C 9
R
P 0x7f2a7c191628
C 342
R
P 0x7f2a7c191628
I 1
P 0x7f2a7c19b208
C 150
= 0x7f2a7c19bc88
R
P 0x7f2a7c191628
C 342
R
P 0x7f2a7c191628
P 0x7f2a7c19bc88
C 258
R
P 0x7f2a7c191628
C 342
R
P 0x7f2a7c191628
P 0x7f2a7c19bc88
C 9
R
P 0x7f2a7c191628
C 342
R
P 0x7f2a7c191628
U 2
P 0x7f2a7c19bcc8
P 0x7f2a7c19bc88
p 2
C 67
= 0x7f2a7c1a18c8
R
P 0x7f2a7c191628
C 342
R
P 0x7f2a7c191628
P 0x7f2a7c1a18c8
C 257
R
P 0x7f2a7c191628
C 342
R
P 0x7f2a7c191628
P 0x7f2a7c1a18c8
C 254
= 0x7f2a7c19b208
R
P 0x7f2a7c191628
C 342
R
P 0x7f2a7c191628
P 0x7f2a7c19b208
C 209
R
P 0x7f2a7c191628
C 342
R
P 0x7f2a7c191628
P 0x7f2a7c1a18c8
C 260
R
P 0x7f2a7c191628
C 342
R
P 0x7f2a7c191628
P 0x7f2a7c1a18c8
C 259
R
P 0x7f2a7c191628
C 342
R
P 0x7f2a7c191628
P 0x7f2a7c1a18c8
C 258
R
P 0x7f2a7c191628
C 342
R
P 0x7f2a7c191628
P 0x7f2a7c1a18c8
C 9
R
P 0x7f2a7c191628
C 342
R
P 0x7f2a7c191628
U 2
P 0x7f2a7c19bbe8
P 0x7f2a7c1a18c8
p 2
C 66
= 0x7f2a7c487d68
R
P 0x7f2a7c191628
C 342
R
P 0x7f2a7c191628
P 0x7f2a7c487d68
C 257
R
P 0x7f2a7c191628
C 342
R
P 0x7f2a7c191628
P 0x7f2a7c487d68
C 254
= 0x7f2a7c19b208
R
P 0x7f2a7c191628
C 342
R
P 0x7f2a7c191628
P 0x7f2a7c19b208
C 209
R
P 0x7f2a7c191628
C 342
R
P 0x7f2a7c191628
P 0x7f2a7c487d68
C 260
R
P 0x7f2a7c191628
C 342
R
P 0x7f2a7c191628
P 0x7f2a7c487d68
C 259
R
P 0x7f2a7c191628
C 342
R
P 0x7f2a7c191628
P 0x7f2a7c487d68
C 258
R
P 0x7f2a7c191628
C 342
R
P 0x7f2a7c191628
P 0x7f2a7c487d68
C 9
R
P 0x7f2a7c191628
C 342
R
P 0x7f2a7c191628
U 2
P 0x7f2a7c19bb88
P 0x7f2a7c487d68
p 2
C 65
= 0x7f2a7c487da0
R
P 0x7f2a7c191628
C 342
R
P 0x7f2a7c191628
P 0x7f2a7c487da0
C 257
R
P 0x7f2a7c191628
C 342
R
P 0x7f2a7c191628
P 0x7f2a7c487da0
C 254
= 0x7f2a7c19b1e8
R
P 0x7f2a7c191628
C 342
R
P 0x7f2a7c191628
P 0x7f2a7c19b1e8
C 209
R
P 0x7f2a7c191628
C 342
R
P 0x7f2a7c191628
P 0x7f2a7c487da0
C 260
R
P 0x7f2a7c191628
C 342
R
P 0x7f2a7c191628
P 0x7f2a7c487da0
C 259
R
P 0x7f2a7c191628
C 342
R
P 0x7f2a7c191628
P 0x7f2a7c487da0
C 258
R
P 0x7f2a7c191628
C 342
R
P 0x7f2a7c191628
P 0x7f2a7c487da0
C 9
R
P 0x7f2a7c191628
C 342
R
P 0x7f2a7c191628
P 0x7f2a7c1a1890
P 0x7f2a7c487da0
P 0x7f2a7c19bb88
C 59
= 0x7f2a7c19fa88
R
P 0x7f2a7c191628
C 342
R
P 0x7f2a7c191628
P 0x7f2a7c19fa88
C 257
R
P 0x7f2a7c191628
C 342
R
P 0x7f2a7c191628
P 0x7f2a7c19fa88
C 254
= 0x7f2a7c19b1e8
R
P 0x7f2a7c191628
C 342
R
P 0x7f2a7c191628
P 0x7f2a7c19b1e8
C 209
R
P 0x7f2a7c191628
C 342
R
P 0x7f2a7c191628
P 0x7f2a7c19fa88
C 260
R
P 0x7f2a7c191628
C 342
R
P 0x7f2a7c191628
P 0x7f2a7c19fa88
C 259
R
P 0x7f2a7c191628
C 342
R
P 0x7f2a7c191628
P 0x7f2a7c19fa88
C 258
R
P 0x7f2a7c191628
C 342
R
P 0x7f2a7c191628
P 0x7f2a7c19fa88
C 9
R
P 0x7f2a7c191628
C 342
R
P 0x7f2a7c191628
P 0x7f2a7c1a1970
P 0x7f2a7c19fa88
C 76
= 0x7f2a7c48aa10
R
P 0x7f2a7c191628
C 342
R
P 0x7f2a7c191628
P 0x7f2a7c48aa10
C 258
R
P 0x7f2a7c191628
C 342
R
P 0x7f2a7c191628
P 0x7f2a7c48aa10
C 9
R
P 0x7f2a7c191628
C 342
R
P 0x7f2a7c191628
U 2
P 0x7f2a7c48a9d8
P 0x7f2a7c48aa10
p 2
C 63
= 0x7f2a7c48aa48
R
P 0x7f2a7c191628
C 342
R
P 0x7f2a7c191628
P 0x7f2a7c48aa48
C 258
R
P 0x7f2a7c191628
C 342
R
P 0x7f2a7c191628
P 0x7f2a7c48aa48
C 9
R
P 0x7f2a7c191628
C 342
R
P 0x7f2a7c191628
I 2
P 0x7f2a7c19b208
C 150
= 0x7f2a7c19bcc8
R
P 0x7f2a7c191628
C 342
R
P 0x7f2a7c191628
P 0x7f2a7c19bcc8
C 258
R
P 0x7f2a7c191628
C 342
R
P 0x7f2a7c191628
P 0x7f2a7c19bcc8
C 9
R
P 0x7f2a7c191628
C 342
R
P 0x7f2a7c191628
P 0x7f2a7c19bcc8
C 263
R
P 0x7f2a7c191628
C 342
R
P 0x7f2a7c191628
S "dev0T32"
C 30
R
P 0x7f2a7c191628
C 342
R
P 0x7f2a7c191628
$ |dev0T32|
C 202
R
P 0x7f2a7c191628
C 342
R
P 0x7f2a7c191628
$ |dev0T32|
P 0x7f2a7c19b1e8
C 51
= 0x7f2a7c19bce8
R
P 0x7f2a7c191628
C 342
R
P 0x7f2a7c191628
P 0x7f2a7c19bce8
C 257
R
P 0x7f2a7c191628
C 342
R
P 0x7f2a7c191628
P 0x7f2a7c19bce8
C 254
= 0x7f2a7c19b1e8
R
P 0x7f2a7c191628
C 342
R
P 0x7f2a7c191628
P 0x7f2a7c19b1e8
C 209
R
P 0x7f2a7c191628
C 342
R
P 0x7f2a7c191628
P 0x7f2a7c19bce8
C 260
R
P 0x7f2a7c191628
C 342
R
P 0x7f2a7c191628
P 0x7f2a7c19bce8
C 259
R
P 0x7f2a7c191628
C 342
R
P 0x7f2a7c191628
P 0x7f2a7c19bce8
C 258
R
P 0x7f2a7c191628
C 342
R
P 0x7f2a7c191628
P 0x7f2a7c19bce8
C 9
R
P 0x7f2a7c191628
C 342
R
P 0x7f2a7c191628
P 0x7f2a7c19bc68
C 333
R
P 0x7f2a7c191628
C 342
R
P 0x7f2a7c191628
S "slotflowPriorityStart"
C 30
R
P 0x7f2a7c191628
C 342
R
P 0x7f2a7c191628
$ |slotflowPriorityStart|
C 202
R
P 0x7f2a7c191628
C 342
R
P 0x7f2a7c191628
$ |slotflowPriorityStart|
P 0x7f2a7c19b1e8
C 51
= 0x7f2a7c19c2a8
R
P 0x7f2a7c191628
C 342
R
P 0x7f2a7c191628
P 0x7f2a7c19c2a8
C 257
R
P 0x7f2a7c191628
C 342
R
P 0x7f2a7c191628
P 0x7f2a7c19c2a8
C 254
= 0x7f2a7c19b1e8
R
P 0x7f2a7c191628
C 342
R
P 0x7f2a7c191628
P 0x7f2a7c19b1e8
C 209
R
P 0x7f2a7c191628
C 342
R
P 0x7f2a7c191628
P 0x7f2a7c19c2a8
C 260
R
P 0x7f2a7c191628
C 342
R
P 0x7f2a7c191628
P 0x7f2a7c19c2a8
C 259
R
P 0x7f2a7c191628
C 342
R
P 0x7f2a7c191628
P 0x7f2a7c19c2a8
C 258
R
P 0x7f2a7c191628
C 342
R
P 0x7f2a7c191628
P 0x7f2a7c19c2a8
C 9
R
P 0x7f2a7c191628
C 342
R
P 0x7f2a7c191628
I 2
P 0x7f2a7c19b208
C 150
= 0x7f2a7c19bcc8
R
P 0x7f2a7c191628
C 342
R
P 0x7f2a7c191628
P 0x7f2a7c19bcc8
C 258
R
P 0x7f2a7c191628
C 342
R
P 0x7f2a7c191628
P 0x7f2a7c19bcc8
C 9
R
P 0x7f2a7c191628
C 342
R
P 0x7f2a7c191628
I 1
P 0x7f2a7c19b208
C 150
= 0x7f2a7c19bc88
R
P 0x7f2a7c191628
C 342
R
P 0x7f2a7c191628
P 0x7f2a7c19bc88
C 258
R
P 0x7f2a7c191628
C 342
R
P 0x7f2a7c191628
P 0x7f2a7c19bc88
C 9
R
P 0x7f2a7c191628
C 342
R
P 0x7f2a7c191628
P 0x7f2a7c19bcc8
P 0x7f2a7c19bc88
C 75
= 0x7f2a7c1a1890
R
P 0x7f2a7c191628
C 342
R
P 0x7f2a7c191628
P 0x7f2a7c1a1890
C 258
R
P 0x7f2a7c191628
C 342
R
P 0x7f2a7c191628
P 0x7f2a7c1a1890
C 9
R
P 0x7f2a7c191628
C 342
R
P 0x7f2a7c191628
I 1
P 0x7f2a7c19b208
C 150
= 0x7f2a7c19bc88
R
P 0x7f2a7c191628
C 342
R
P 0x7f2a7c191628
P 0x7f2a7c19bc88
C 258
R
P 0x7f2a7c191628
C 342
R
P 0x7f2a7c191628
P 0x7f2a7c19bc88
C 9
R
P 0x7f2a7c191628
C 342
R
P 0x7f2a7c191628
U 2
P 0x7f2a7c19bcc8
P 0x7f2a7c19bc88
p 2
C 67
= 0x7f2a7c1a18c8
R
P 0x7f2a7c191628
C 342
R
P 0x7f2a7c191628
P 0x7f2a7c1a18c8
C 257
R
P 0x7f2a7c191628
C 342
R
P 0x7f2a7c191628
P 0x7f2a7c1a18c8
C 254
= 0x7f2a7c19b208
R
P 0x7f2a7c191628
C 342
R
P 0x7f2a7c191628
P 0x7f2a7c19b208
C 209
R
P 0x7f2a7c191628
C 342
R
P 0x7f2a7c191628
P 0x7f2a7c1a18c8
C 260
R
P 0x7f2a7c191628
C 342
R
P 0x7f2a7c191628
P 0x7f2a7c1a18c8
C 259
R
P 0x7f2a7c191628
C 342
R
P 0x7f2a7c191628
P 0x7f2a7c1a18c8
C 258
R
P 0x7f2a7c191628
C 342
R
P 0x7f2a7c191628
P 0x7f2a7c1a18c8
C 9
R
P 0x7f2a7c191628
C 342
R
P 0x7f2a7c191628
U 2
P 0x7f2a7c19bbe8
P 0x7f2a7c1a18c8
p 2
C 66
= 0x7f2a7c487d68
R
P 0x7f2a7c191628
C 342
R
P 0x7f2a7c191628
P 0x7f2a7c487d68
C 257
R
P 0x7f2a7c191628
C 342
R
P 0x7f2a7c191628
P 0x7f2a7c487d68
C 254
= 0x7f2a7c19b208
R
P 0x7f2a7c191628
C 342
R
P 0x7f2a7c191628
P 0x7f2a7c19b208
C 209
R
P 0x7f2a7c191628
C 342
R
P 0x7f2a7c191628
P 0x7f2a7c487d68
C 260
R
P 0x7f2a7c191628
C 342
R
P 0x7f2a7c191628
P 0x7f2a7c487d68
C 259
R
P 0x7f2a7c191628
C 342
R
P 0x7f2a7c191628
P 0x7f2a7c487d68
C 258
R
P 0x7f2a7c191628
C 342
R
P 0x7f2a7c191628
P 0x7f2a7c487d68
C 9
R
P 0x7f2a7c191628
C 342
R
P 0x7f2a7c191628
U 2
P 0x7f2a7c19bb88
P 0x7f2a7c487d68
p 2
C 65
= 0x7f2a7c487da0
R
P 0x7f2a7c191628
C 342
R
P 0x7f2a7c191628
P 0x7f2a7c487da0
C 257
R
P 0x7f2a7c191628
C 342
R
P 0x7f2a7c191628
P 0x7f2a7c487da0
C 254
= 0x7f2a7c19b1e8
R
P 0x7f2a7c191628
C 342
R
P 0x7f2a7c191628
P 0x7f2a7c19b1e8
C 209
R
P 0x7f2a7c191628
C 342
R
P 0x7f2a7c191628
P 0x7f2a7c487da0
C 260
R
P 0x7f2a7c191628
C 342
R
P 0x7f2a7c191628
P 0x7f2a7c487da0
C 259
R
P 0x7f2a7c191628
C 342
R
P 0x7f2a7c191628
P 0x7f2a7c487da0
C 258
R
P 0x7f2a7c191628
C 342
R
P 0x7f2a7c191628
P 0x7f2a7c487da0
C 9
R
P 0x7f2a7c191628
C 342
R
P 0x7f2a7c191628
P 0x7f2a7c1a1890
P 0x7f2a7c487da0
P 0x7f2a7c19bb88
C 59
= 0x7f2a7c19fa88
R
P 0x7f2a7c191628
C 342
R
P 0x7f2a7c191628
P 0x7f2a7c19fa88
C 257
R
P 0x7f2a7c191628
C 342
R
P 0x7f2a7c191628
P 0x7f2a7c19fa88
C 254
= 0x7f2a7c19b1e8
R
P 0x7f2a7c191628
C 342
R
P 0x7f2a7c191628
P 0x7f2a7c19b1e8
C 209
R
P 0x7f2a7c191628
C 342
R
P 0x7f2a7c191628
P 0x7f2a7c19fa88
C 260
R
P 0x7f2a7c191628
C 342
R
P 0x7f2a7c191628
P 0x7f2a7c19fa88
C 259
R
P 0x7f2a7c191628
C 342
R
P 0x7f2a7c191628
P 0x7f2a7c19fa88
C 258
R
P 0x7f2a7c191628
C 342
R
P 0x7f2a7c191628
P 0x7f2a7c19fa88
C 9
R
P 0x7f2a7c191628
C 342
R
P 0x7f2a7c191628
U 2
P 0x7f2a7c19c2a8
P 0x7f2a7c19fa88
p 2
C 65
= 0x7f2a7c487e80
R
P 0x7f2a7c191628
C 342
R
P 0x7f2a7c191628
P 0x7f2a7c487e80
C 257
R
P 0x7f2a7c191628
C 342
R
P 0x7f2a7c191628
P 0x7f2a7c487e80
C 254
= 0x7f2a7c19b1e8
R
P 0x7f2a7c191628
C 342
R
P 0x7f2a7c191628
P 0x7f2a7c19b1e8
C 209
R
P 0x7f2a7c191628
C 342
R
P 0x7f2a7c191628
P 0x7f2a7c487e80
C 260
R
P 0x7f2a7c191628
C 342
R
P 0x7f2a7c191628
P 0x7f2a7c487e80
C 259
R
P 0x7f2a7c191628
C 342
R
P 0x7f2a7c191628
P 0x7f2a7c487e80
C 258
R
P 0x7f2a7c191628
C 342
R
P 0x7f2a7c191628
P 0x7f2a7c487e80
C 9
R
P 0x7f2a7c191628
C 342
R
P 0x7f2a7c191628
U 2
P 0x7f2a7c487e80
P 0x7f2a7c19bb68
p 2
C 65
= 0x7f2a7c489a30
R
P 0x7f2a7c191628
C 342
R
P 0x7f2a7c191628
P 0x7f2a7c489a30
C 257
R
P 0x7f2a7c191628
C 342
R
P 0x7f2a7c191628
P 0x7f2a7c489a30
C 254
= 0x7f2a7c19b1e8
R
P 0x7f2a7c191628
C 342
R
P 0x7f2a7c191628
P 0x7f2a7c19b1e8
C 209
R
P 0x7f2a7c191628
C 342
R
P 0x7f2a7c191628
P 0x7f2a7c489a30
C 260
R
P 0x7f2a7c191628
C 342
R
P 0x7f2a7c191628
P 0x7f2a7c489a30
C 259
R
P 0x7f2a7c191628
C 342
R
P 0x7f2a7c191628
P 0x7f2a7c489a30
C 258
R
P 0x7f2a7c191628
C 342
R
P 0x7f2a7c191628
P 0x7f2a7c489a30
C 9
R
P 0x7f2a7c191628
C 342
R
P 0x7f2a7c191628
P 0x7f2a7c19bce8
P 0x7f2a7c489a30
C 76
= 0x7f2a7c48aa80
R
P 0x7f2a7c191628
C 342
R
P 0x7f2a7c191628
P 0x7f2a7c48aa80
C 258
R
P 0x7f2a7c191628
C 342
R
P 0x7f2a7c191628
P 0x7f2a7c48aa80
C 9
R
P 0x7f2a7c191628
C 342
R
P 0x7f2a7c191628
I 2
P 0x7f2a7c19b208
C 150
= 0x7f2a7c19bcc8
R
P 0x7f2a7c191628
C 342
R
P 0x7f2a7c191628
P 0x7f2a7c19bcc8
C 258
R
P 0x7f2a7c191628
C 342
R
P 0x7f2a7c191628
P 0x7f2a7c19bcc8
C 9
R
P 0x7f2a7c191628
C 342
R
P 0x7f2a7c191628
P 0x7f2a7c19bcc8
C 263
R
P 0x7f2a7c191628
C 342
R
P 0x7f2a7c191628
S "dev0T32"
C 30
R
P 0x7f2a7c191628
C 342
R
P 0x7f2a7c191628
$ |dev0T32|
C 202
R
P 0x7f2a7c191628
C 342
R
P 0x7f2a7c191628
$ |dev0T32|
P 0x7f2a7c19b1e8
C 51
= 0x7f2a7c19bce8
R
P 0x7f2a7c191628
C 342
R
P 0x7f2a7c191628
P 0x7f2a7c19bce8
C 257
R
P 0x7f2a7c191628
C 342
R
P 0x7f2a7c191628
P 0x7f2a7c19bce8
C 254
= 0x7f2a7c19b1e8
R
P 0x7f2a7c191628
C 342
R
P 0x7f2a7c191628
P 0x7f2a7c19b1e8
C 209
R
P 0x7f2a7c191628
C 342
R
P 0x7f2a7c191628
P 0x7f2a7c19bce8
C 260
R
P 0x7f2a7c191628
C 342
R
P 0x7f2a7c191628
P 0x7f2a7c19bce8
C 259
R
P 0x7f2a7c191628
C 342
R
P 0x7f2a7c191628
P 0x7f2a7c19bce8
C 258
R
P 0x7f2a7c191628
C 342
R
P 0x7f2a7c191628
P 0x7f2a7c19bce8
C 9
R
P 0x7f2a7c191628
C 342
R
P 0x7f2a7c191628
P 0x7f2a7c19bc68
C 333
R
P 0x7f2a7c191628
C 342
R
P 0x7f2a7c191628
S "slotflowPriorityStart"
C 30
R
P 0x7f2a7c191628
C 342
R
P 0x7f2a7c191628
$ |slotflowPriorityStart|
C 202
R
P 0x7f2a7c191628
C 342
R
P 0x7f2a7c191628
$ |slotflowPriorityStart|
P 0x7f2a7c19b1e8
C 51
= 0x7f2a7c19c2a8
R
P 0x7f2a7c191628
C 342
R
P 0x7f2a7c191628
P 0x7f2a7c19c2a8
C 257
R
P 0x7f2a7c191628
C 342
R
P 0x7f2a7c191628
P 0x7f2a7c19c2a8
C 254
= 0x7f2a7c19b1e8
R
P 0x7f2a7c191628
C 342
R
P 0x7f2a7c191628
P 0x7f2a7c19b1e8
C 209
R
P 0x7f2a7c191628
C 342
R
P 0x7f2a7c191628
P 0x7f2a7c19c2a8
C 260
R
P 0x7f2a7c191628
C 342
R
P 0x7f2a7c191628
P 0x7f2a7c19c2a8
C 259
R
P 0x7f2a7c191628
C 342
R
P 0x7f2a7c191628
P 0x7f2a7c19c2a8
C 258
R
P 0x7f2a7c191628
C 342
R
P 0x7f2a7c191628
P 0x7f2a7c19c2a8
C 9
R
P 0x7f2a7c191628
C 342
R
P 0x7f2a7c191628
P 0x7f2a7c19bc68
C 333
R
P 0x7f2a7c191628
C 342
R
P 0x7f2a7c191628
S "slotflowPriorityDuration"
C 30
R
P 0x7f2a7c191628
C 342
R
P 0x7f2a7c191628
$ |slotflowPriorityDuration|
C 202
R
P 0x7f2a7c191628
C 342
R
P 0x7f2a7c191628
$ |slotflowPriorityDuration|
P 0x7f2a7c19b1e8
C 51
= 0x7f2a7c19c268
R
P 0x7f2a7c191628
C 342
R
P 0x7f2a7c191628
P 0x7f2a7c19c268
C 257
R
P 0x7f2a7c191628
C 342
R
P 0x7f2a7c191628
P 0x7f2a7c19c268
C 254
= 0x7f2a7c19b1e8
R
P 0x7f2a7c191628
C 342
R
P 0x7f2a7c191628
P 0x7f2a7c19b1e8
C 209
R
P 0x7f2a7c191628
C 342
R
P 0x7f2a7c191628
P 0x7f2a7c19c268
C 260
R
P 0x7f2a7c191628
C 342
R
P 0x7f2a7c191628
P 0x7f2a7c19c268
C 259
R
P 0x7f2a7c191628
C 342
R
P 0x7f2a7c191628
P 0x7f2a7c19c268
C 258
R
P 0x7f2a7c191628
C 342
R
P 0x7f2a7c191628
P 0x7f2a7c19c268
C 9
R
P 0x7f2a7c191628
C 342
R
P 0x7f2a7c191628
U 2
P 0x7f2a7c19c2a8
P 0x7f2a7c19c268
p 2
C 65
= 0x7f2a7c487908
R
P 0x7f2a7c191628
C 342
R
P 0x7f2a7c191628
P 0x7f2a7c487908
C 257
R
P 0x7f2a7c191628
C 342
R
P 0x7f2a7c191628
P 0x7f2a7c487908
C 254
= 0x7f2a7c19b1e8
R
P 0x7f2a7c191628
C 342
R
P 0x7f2a7c191628
P 0x7f2a7c19b1e8
C 209
R
P 0x7f2a7c191628
C 342
R
P 0x7f2a7c191628
P 0x7f2a7c487908
C 260
R
P 0x7f2a7c191628
C 342
R
P 0x7f2a7c191628
P 0x7f2a7c487908
C 259
R
P 0x7f2a7c191628
C 342
R
P 0x7f2a7c191628
P 0x7f2a7c487908
C 258
R
P 0x7f2a7c191628
C 342
R
P 0x7f2a7c191628
P 0x7f2a7c487908
C 9
R
P 0x7f2a7c191628
C 342
R
P 0x7f2a7c191628
I 2
P 0x7f2a7c19b208
C 150
= 0x7f2a7c19bcc8
R
P 0x7f2a7c191628
C 342
R
P 0x7f2a7c191628
P 0x7f2a7c19bcc8
C 258
R
P 0x7f2a7c191628
C 342
R
P 0x7f2a7c191628
P 0x7f2a7c19bcc8
C 9
R
P 0x7f2a7c191628
C 342
R
P 0x7f2a7c191628
I 1
P 0x7f2a7c19b208
C 150
= 0x7f2a7c19bc88
R
P 0x7f2a7c191628
C 342
R
P 0x7f2a7c191628
P 0x7f2a7c19bc88
C 258
R
P 0x7f2a7c191628
C 342
R
P 0x7f2a7c191628
P 0x7f2a7c19bc88
C 9
R
P 0x7f2a7c191628
C 342
R
P 0x7f2a7c191628
P 0x7f2a7c19bcc8
P 0x7f2a7c19bc88
C 75
= 0x7f2a7c1a1890
R
P 0x7f2a7c191628
C 342
R
P 0x7f2a7c191628
P 0x7f2a7c1a1890
C 258
R
P 0x7f2a7c191628
C 342
R
P 0x7f2a7c191628
P 0x7f2a7c1a1890
C 9
R
P 0x7f2a7c191628
C 342
R
P 0x7f2a7c191628
I 1
P 0x7f2a7c19b208
C 150
= 0x7f2a7c19bc88
R
P 0x7f2a7c191628
C 342
R
P 0x7f2a7c191628
P 0x7f2a7c19bc88
C 258
R
P 0x7f2a7c191628
C 342
R
P 0x7f2a7c191628
P 0x7f2a7c19bc88
C 9
R
P 0x7f2a7c191628
C 342
R
P 0x7f2a7c191628
U 2
P 0x7f2a7c19bcc8
P 0x7f2a7c19bc88
p 2
C 67
= 0x7f2a7c1a18c8
R
P 0x7f2a7c191628
C 342
R
P 0x7f2a7c191628
P 0x7f2a7c1a18c8
C 257
R
P 0x7f2a7c191628
C 342
R
P 0x7f2a7c191628
P 0x7f2a7c1a18c8
C 254
= 0x7f2a7c19b208
R
P 0x7f2a7c191628
C 342
R
P 0x7f2a7c191628
P 0x7f2a7c19b208
C 209
R
P 0x7f2a7c191628
C 342
R
P 0x7f2a7c191628
P 0x7f2a7c1a18c8
C 260
R
P 0x7f2a7c191628
C 342
R
P 0x7f2a7c191628
P 0x7f2a7c1a18c8
C 259
R
P 0x7f2a7c191628
C 342
R
P 0x7f2a7c191628
P 0x7f2a7c1a18c8
C 258
R
P 0x7f2a7c191628
C 342
R
P 0x7f2a7c191628
P 0x7f2a7c1a18c8
C 9
R
P 0x7f2a7c191628
C 342
R
P 0x7f2a7c191628
U 2
P 0x7f2a7c19bbe8
P 0x7f2a7c1a18c8
p 2
C 66
= 0x7f2a7c487d68
R
P 0x7f2a7c191628
C 342
R
P 0x7f2a7c191628
P 0x7f2a7c487d68
C 257
R
P 0x7f2a7c191628
C 342
R
P 0x7f2a7c191628
P 0x7f2a7c487d68
C 254
= 0x7f2a7c19b208
R
P 0x7f2a7c191628
C 342
R
P 0x7f2a7c191628
P 0x7f2a7c19b208
C 209
R
P 0x7f2a7c191628
C 342
R
P 0x7f2a7c191628
P 0x7f2a7c487d68
C 260
R
P 0x7f2a7c191628
C 342
R
P 0x7f2a7c191628
P 0x7f2a7c487d68
C 259
R
P 0x7f2a7c191628
C 342
R
P 0x7f2a7c191628
P 0x7f2a7c487d68
C 258
R
P 0x7f2a7c191628
C 342
R
P 0x7f2a7c191628
P 0x7f2a7c487d68
C 9
R
P 0x7f2a7c191628
C 342
R
P 0x7f2a7c191628
U 2
P 0x7f2a7c19bb88
P 0x7f2a7c487d68
p 2
C 65
= 0x7f2a7c487da0
R
P 0x7f2a7c191628
C 342
R
P 0x7f2a7c191628
P 0x7f2a7c487da0
C 257
R
P 0x7f2a7c191628
C 342
R
P 0x7f2a7c191628
P 0x7f2a7c487da0
C 254
= 0x7f2a7c19b1e8
R
P 0x7f2a7c191628
C 342
R
P 0x7f2a7c191628
P 0x7f2a7c19b1e8
C 209
R
P 0x7f2a7c191628
C 342
R
P 0x7f2a7c191628
P 0x7f2a7c487da0
C 260
R
P 0x7f2a7c191628
C 342
R
P 0x7f2a7c191628
P 0x7f2a7c487da0
C 259
R
P 0x7f2a7c191628
C 342
R
P 0x7f2a7c191628
P 0x7f2a7c487da0
C 258
R
P 0x7f2a7c191628
C 342
R
P 0x7f2a7c191628
P 0x7f2a7c487da0
C 9
R
P 0x7f2a7c191628
C 342
R
P 0x7f2a7c191628
P 0x7f2a7c1a1890
P 0x7f2a7c487da0
P 0x7f2a7c19bb88
C 59
= 0x7f2a7c19fa88
R
P 0x7f2a7c191628
C 342
R
P 0x7f2a7c191628
P 0x7f2a7c19fa88
C 257
R
P 0x7f2a7c191628
C 342
R
P 0x7f2a7c191628
P 0x7f2a7c19fa88
C 254
= 0x7f2a7c19b1e8
R
P 0x7f2a7c191628
C 342
R
P 0x7f2a7c191628
P 0x7f2a7c19b1e8
C 209
R
P 0x7f2a7c191628
C 342
R
P 0x7f2a7c191628
P 0x7f2a7c19fa88
C 260
R
P 0x7f2a7c191628
C 342
R
P 0x7f2a7c191628
P 0x7f2a7c19fa88
C 259
R
P 0x7f2a7c191628
C 342
R
P 0x7f2a7c191628
P 0x7f2a7c19fa88
C 258
R
P 0x7f2a7c191628
C 342
R
P 0x7f2a7c191628
P 0x7f2a7c19fa88
C 9
R
P 0x7f2a7c191628
C 342
R
P 0x7f2a7c191628
U 2
P 0x7f2a7c487908
P 0x7f2a7c19fa88
p 2
C 65
= 0x7f2a7c487dd8
R
P 0x7f2a7c191628
C 342
R
P 0x7f2a7c191628
P 0x7f2a7c487dd8
C 257
R
P 0x7f2a7c191628
C 342
R
P 0x7f2a7c191628
P 0x7f2a7c487dd8
C 254
= 0x7f2a7c19b1e8
R
P 0x7f2a7c191628
C 342
R
P 0x7f2a7c191628
P 0x7f2a7c19b1e8
C 209
R
P 0x7f2a7c191628
C 342
R
P 0x7f2a7c191628
P 0x7f2a7c487dd8
C 260
R
P 0x7f2a7c191628
C 342
R
P 0x7f2a7c191628
P 0x7f2a7c487dd8
C 259
R
P 0x7f2a7c191628
C 342
R
P 0x7f2a7c191628
P 0x7f2a7c487dd8
C 258
R
P 0x7f2a7c191628
C 342
R
P 0x7f2a7c191628
P 0x7f2a7c487dd8
C 9
R
P 0x7f2a7c191628
C 342
R
P 0x7f2a7c191628
P 0x7f2a7c19bce8
P 0x7f2a7c487dd8
C 74
= 0x7f2a7c48aab8
R
P 0x7f2a7c191628
C 342
R
P 0x7f2a7c191628
P 0x7f2a7c48aab8
C 258
R
P 0x7f2a7c191628
C 342
R
P 0x7f2a7c191628
P 0x7f2a7c48aab8
C 9
R
P 0x7f2a7c191628
C 342
R
P 0x7f2a7c191628
U 2
P 0x7f2a7c48aa80
P 0x7f2a7c48aab8
p 2
C 63
= 0x7f2a7c48aaf0
R
P 0x7f2a7c191628
C 342
R
P 0x7f2a7c191628
P 0x7f2a7c48aaf0
C 258
R
P 0x7f2a7c191628
C 342
R
P 0x7f2a7c191628
P 0x7f2a7c48aaf0
C 9
R
P 0x7f2a7c191628
C 342
R
P 0x7f2a7c191628
P 0x7f2a7c48aa48
P 0x7f2a7c48aaf0
C 61
= 0x7f2a7c48ab28
R
P 0x7f2a7c191628
C 342
R
P 0x7f2a7c191628
P 0x7f2a7c48ab28
C 258
R
P 0x7f2a7c191628
C 342
R
P 0x7f2a7c191628
P 0x7f2a7c48ab28
C 9
R
P 0x7f2a7c191628
C 342
R
P 0x7f2a7c191628
P 0x7f2a7c1e1fc8
P 0x7f2a7c48ab28
C 427
R
P 0x7f2a7c191628
C 342
R
P 0x7f2a7c191628
I 2
P 0x7f2a7c19b208
C 150
= 0x7f2a7c19bcc8
R
P 0x7f2a7c191628
C 342
R
P 0x7f2a7c191628
P 0x7f2a7c19bcc8
C 258
R
P 0x7f2a7c191628
C 342
R
P 0x7f2a7c191628
P 0x7f2a7c19bcc8
C 9
R
P 0x7f2a7c191628
C 342
R
P 0x7f2a7c191628
I 1
P 0x7f2a7c19b208
C 150
= 0x7f2a7c19bc88
R
P 0x7f2a7c191628
C 342
R
P 0x7f2a7c191628
P 0x7f2a7c19bc88
C 258
R
P 0x7f2a7c191628
C 342
R
P 0x7f2a7c191628
P 0x7f2a7c19bc88
C 9
R
P 0x7f2a7c191628
C 342
R
P 0x7f2a7c191628
P 0x7f2a7c19bcc8
P 0x7f2a7c19bc88
C 75
= 0x7f2a7c1a1890
R
P 0x7f2a7c191628
C 342
R
P 0x7f2a7c191628
P 0x7f2a7c1a1890
C 258
R
P 0x7f2a7c191628
C 342
R
P 0x7f2a7c191628
P 0x7f2a7c1a1890
C 9
R
P 0x7f2a7c191628
C 342
R
P 0x7f2a7c191628
I 1
P 0x7f2a7c19b208
C 150
= 0x7f2a7c19bc88
R
P 0x7f2a7c191628
C 342
R
P 0x7f2a7c191628
P 0x7f2a7c19bc88
C 258
R
P 0x7f2a7c191628
C 342
R
P 0x7f2a7c191628
P 0x7f2a7c19bc88
C 9
R
P 0x7f2a7c191628
C 342
R
P 0x7f2a7c191628
U 2
P 0x7f2a7c19bcc8
P 0x7f2a7c19bc88
p 2
C 67
= 0x7f2a7c1a18c8
R
P 0x7f2a7c191628
C 342
R
P 0x7f2a7c191628
P 0x7f2a7c1a18c8
C 257
R
P 0x7f2a7c191628
C 342
R
P 0x7f2a7c191628
P 0x7f2a7c1a18c8
C 254
= 0x7f2a7c19b208
R
P 0x7f2a7c191628
C 342
R
P 0x7f2a7c191628
P 0x7f2a7c19b208
C 209
R
P 0x7f2a7c191628
C 342
R
P 0x7f2a7c191628
P 0x7f2a7c1a18c8
C 260
R
P 0x7f2a7c191628
C 342
R
P 0x7f2a7c191628
P 0x7f2a7c1a18c8
C 259
R
P 0x7f2a7c191628
C 342
R
P 0x7f2a7c191628
P 0x7f2a7c1a18c8
C 258
R
P 0x7f2a7c191628
C 342
R
P 0x7f2a7c191628
P 0x7f2a7c1a18c8
C 9
R
P 0x7f2a7c191628
C 342
R
P 0x7f2a7c191628
U 2
P 0x7f2a7c19bba8
P 0x7f2a7c1a18c8
p 2
C 66
= 0x7f2a7c1a1900
R
P 0x7f2a7c191628
C 342
R
P 0x7f2a7c191628
P 0x7f2a7c1a1900
C 257
R
P 0x7f2a7c191628
C 342
R
P 0x7f2a7c191628
P 0x7f2a7c1a1900
C 254
= 0x7f2a7c19b1e8
R
P 0x7f2a7c191628
C 342
R
P 0x7f2a7c191628
P 0x7f2a7c19b1e8
C 209
R
P 0x7f2a7c191628
C 342
R
P 0x7f2a7c191628
P 0x7f2a7c1a1900
C 260
R
P 0x7f2a7c191628
C 342
R
P 0x7f2a7c191628
P 0x7f2a7c1a1900
C 259
R
P 0x7f2a7c191628
C 342
R
P 0x7f2a7c191628
P 0x7f2a7c1a1900
C 258
R
P 0x7f2a7c191628
C 342
R
P 0x7f2a7c191628
P 0x7f2a7c1a1900
C 9
R
P 0x7f2a7c191628
C 342
R
P 0x7f2a7c191628
U 2
P 0x7f2a7c19bc28
P 0x7f2a7c1a1900
p 2
C 65
= 0x7f2a7c1a1938
R
P 0x7f2a7c191628
C 342
R
P 0x7f2a7c191628
P 0x7f2a7c1a1938
C 257
R
P 0x7f2a7c191628
C 342
R
P 0x7f2a7c191628
P 0x7f2a7c1a1938
C 254
= 0x7f2a7c19b1e8
R
P 0x7f2a7c191628
C 342
R
P 0x7f2a7c191628
P 0x7f2a7c19b1e8
C 209
R
P 0x7f2a7c191628
C 342
R
P 0x7f2a7c191628
P 0x7f2a7c1a1938
C 260
R
P 0x7f2a7c191628
C 342
R
P 0x7f2a7c191628
P 0x7f2a7c1a1938
C 259
R
P 0x7f2a7c191628
C 342
R
P 0x7f2a7c191628
P 0x7f2a7c1a1938
C 258
R
P 0x7f2a7c191628
C 342
R
P 0x7f2a7c191628
P 0x7f2a7c1a1938
C 9
R
P 0x7f2a7c191628
C 342
R
P 0x7f2a7c191628
P 0x7f2a7c1a1890
P 0x7f2a7c1a1938
P 0x7f2a7c19bc28
C 59
= 0x7f2a7c19f888
R
P 0x7f2a7c191628
C 342
R
P 0x7f2a7c191628
P 0x7f2a7c19f888
C 257
R
P 0x7f2a7c191628
C 342
R
P 0x7f2a7c191628
P 0x7f2a7c19f888
C 254
= 0x7f2a7c19b1e8
R
P 0x7f2a7c191628
C 342
R
P 0x7f2a7c191628
P 0x7f2a7c19b1e8
C 209
R
P 0x7f2a7c191628
C 342
R
P 0x7f2a7c191628
P 0x7f2a7c19f888
C 260
R
P 0x7f2a7c191628
C 342
R
P 0x7f2a7c191628
P 0x7f2a7c19f888
C 259
R
P 0x7f2a7c191628
C 342
R
P 0x7f2a7c191628
P 0x7f2a7c19f888
C 258
R
P 0x7f2a7c191628
C 342
R
P 0x7f2a7c191628
P 0x7f2a7c19f888
C 9
R
P 0x7f2a7c191628
C 342
R
P 0x7f2a7c191628
U 2
P 0x7f2a7c19f888
P 0x7f2a7c19bb48
p 2
C 65
= 0x7f2a7c1a1970
R
P 0x7f2a7c191628
C 342
R
P 0x7f2a7c191628
P 0x7f2a7c1a1970
C 257
R
P 0x7f2a7c191628
C 342
R
P 0x7f2a7c191628
P 0x7f2a7c1a1970
C 254
= 0x7f2a7c19b1e8
R
P 0x7f2a7c191628
C 342
R
P 0x7f2a7c191628
P 0x7f2a7c19b1e8
C 209
R
P 0x7f2a7c191628
C 342
R
P 0x7f2a7c191628
P 0x7f2a7c1a1970
C 260
R
P 0x7f2a7c191628
C 342
R
P 0x7f2a7c191628
P 0x7f2a7c1a1970
C 259
R
P 0x7f2a7c191628
C 342
R
P 0x7f2a7c191628
P 0x7f2a7c1a1970
C 258
R
P 0x7f2a7c191628
C 342
R
P 0x7f2a7c191628
P 0x7f2a7c1a1970
C 9
R
P 0x7f2a7c191628
C 342
R
P 0x7f2a7c191628
P 0x7f2a7c19bc68
C 333
R
P 0x7f2a7c191628
C 342
R
P 0x7f2a7c191628
S "slotflowPriorityStart"
C 30
R
P 0x7f2a7c191628
C 342
R
P 0x7f2a7c191628
$ |slotflowPriorityStart|
C 202
R
P 0x7f2a7c191628
C 342
R
P 0x7f2a7c191628
$ |slotflowPriorityStart|
P 0x7f2a7c19b1e8
C 51
= 0x7f2a7c19c2a8
R
P 0x7f2a7c191628
C 342
R
P 0x7f2a7c191628
P 0x7f2a7c19c2a8
C 257
R
P 0x7f2a7c191628
C 342
R
P 0x7f2a7c191628
P 0x7f2a7c19c2a8
C 254
= 0x7f2a7c19b1e8
R
P 0x7f2a7c191628
C 342
R
P 0x7f2a7c191628
P 0x7f2a7c19b1e8
C 209
R
P 0x7f2a7c191628
C 342
R
P 0x7f2a7c191628
P 0x7f2a7c19c2a8
C 260
R
P 0x7f2a7c191628
C 342
R
P 0x7f2a7c191628
P 0x7f2a7c19c2a8
C 259
R
P 0x7f2a7c191628
C 342
R
P 0x7f2a7c191628
P 0x7f2a7c19c2a8
C 258
R
P 0x7f2a7c191628
C 342
R
P 0x7f2a7c191628
P 0x7f2a7c19c2a8
C 9
R
P 0x7f2a7c191628
C 342
R
P 0x7f2a7c191628
I 3
P 0x7f2a7c19b208
C 150
= 0x7f2a7c19bfc8
R
P 0x7f2a7c191628
C 342
R
P 0x7f2a7c191628
P 0x7f2a7c19bfc8
C 258
R
P 0x7f2a7c191628
C 342
R
P 0x7f2a7c191628
P 0x7f2a7c19bfc8
C 9
R
P 0x7f2a7c191628
C 342
R
P 0x7f2a7c191628
I 1
P 0x7f2a7c19b208
C 150
= 0x7f2a7c19bc88
R
P 0x7f2a7c191628
C 342
R
P 0x7f2a7c191628
P 0x7f2a7c19bc88
C 258
R
P 0x7f2a7c191628
C 342
R
P 0x7f2a7c191628
P 0x7f2a7c19bc88
C 9
R
P 0x7f2a7c191628
C 342
R
P 0x7f2a7c191628
P 0x7f2a7c19bfc8
P 0x7f2a7c19bc88
C 75
= 0x7f2a7c487208
R
P 0x7f2a7c191628
C 342
R
P 0x7f2a7c191628
P 0x7f2a7c487208
C 258
R
P 0x7f2a7c191628
C 342
R
P 0x7f2a7c191628
P 0x7f2a7c487208
C 9
R
P 0x7f2a7c191628
C 342
R
P 0x7f2a7c191628
I 1
P 0x7f2a7c19b208
C 150
= 0x7f2a7c19bc88
R
P 0x7f2a7c191628
C 342
R
P 0x7f2a7c191628
P 0x7f2a7c19bc88
C 258
R
P 0x7f2a7c191628
C 342
R
P 0x7f2a7c191628
P 0x7f2a7c19bc88
C 9
R
P 0x7f2a7c191628
C 342
R
P 0x7f2a7c191628
U 2
P 0x7f2a7c19bfc8
P 0x7f2a7c19bc88
p 2
C 67
= 0x7f2a7c487240
R
P 0x7f2a7c191628
C 342
R
P 0x7f2a7c191628
P 0x7f2a7c487240
C 257
R
P 0x7f2a7c191628
C 342
R
P 0x7f2a7c191628
P 0x7f2a7c487240
C 254
= 0x7f2a7c19b208
R
P 0x7f2a7c191628
C 342
R
P 0x7f2a7c191628
P 0x7f2a7c19b208
C 209
R
P 0x7f2a7c191628
C 342
R
P 0x7f2a7c191628
P 0x7f2a7c487240
C 260
R
P 0x7f2a7c191628
C 342
R
P 0x7f2a7c191628
P 0x7f2a7c487240
C 259
R
P 0x7f2a7c191628
C 342
R
P 0x7f2a7c191628
P 0x7f2a7c487240
C 258
R
P 0x7f2a7c191628
C 342
R
P 0x7f2a7c191628
P 0x7f2a7c487240
C 9
R
P 0x7f2a7c191628
C 342
R
P 0x7f2a7c191628
U 2
P 0x7f2a7c19bbe8
P 0x7f2a7c487240
p 2
C 66
= 0x7f2a7c487f60
R
P 0x7f2a7c191628
C 342
R
P 0x7f2a7c191628
P 0x7f2a7c487f60
C 257
R
P 0x7f2a7c191628
C 342
R
P 0x7f2a7c191628
P 0x7f2a7c487f60
C 254
= 0x7f2a7c19b208
R
P 0x7f2a7c191628
C 342
R
P 0x7f2a7c191628
P 0x7f2a7c19b208
C 209
R
P 0x7f2a7c191628
C 342
R
P 0x7f2a7c191628
P 0x7f2a7c487f60
C 260
R
P 0x7f2a7c191628
C 342
R
P 0x7f2a7c191628
P 0x7f2a7c487f60
C 259
R
P 0x7f2a7c191628
C 342
R
P 0x7f2a7c191628
P 0x7f2a7c487f60
C 258
R
P 0x7f2a7c191628
C 342
R
P 0x7f2a7c191628
P 0x7f2a7c487f60
C 9
R
P 0x7f2a7c191628
C 342
R
P 0x7f2a7c191628
U 2
P 0x7f2a7c19bb88
P 0x7f2a7c487f60
p 2
C 65
= 0x7f2a7c487f98
R
P 0x7f2a7c191628
C 342
R
P 0x7f2a7c191628
P 0x7f2a7c487f98
C 257
R
P 0x7f2a7c191628
C 342
R
P 0x7f2a7c191628
P 0x7f2a7c487f98
C 254
= 0x7f2a7c19b1e8
R
P 0x7f2a7c191628
C 342
R
P 0x7f2a7c191628
P 0x7f2a7c19b1e8
C 209
R
P 0x7f2a7c191628
C 342
R
P 0x7f2a7c191628
P 0x7f2a7c487f98
C 260
R
P 0x7f2a7c191628
C 342
R
P 0x7f2a7c191628
P 0x7f2a7c487f98
C 259
R
P 0x7f2a7c191628
C 342
R
P 0x7f2a7c191628
P 0x7f2a7c487f98
C 258
R
P 0x7f2a7c191628
C 342
R
P 0x7f2a7c191628
P 0x7f2a7c487f98
C 9
R
P 0x7f2a7c191628
C 342
R
P 0x7f2a7c191628
P 0x7f2a7c487208
P 0x7f2a7c487f98
P 0x7f2a7c19bb88
C 59
= 0x7f2a7c19fac8
R
P 0x7f2a7c191628
C 342
R
P 0x7f2a7c191628
P 0x7f2a7c19fac8
C 257
R
P 0x7f2a7c191628
C 342
R
P 0x7f2a7c191628
P 0x7f2a7c19fac8
C 254
= 0x7f2a7c19b1e8
R
P 0x7f2a7c191628
C 342
R
P 0x7f2a7c191628
P 0x7f2a7c19b1e8
C 209
R
P 0x7f2a7c191628
C 342
R
P 0x7f2a7c191628
P 0x7f2a7c19fac8
C 260
R
P 0x7f2a7c191628
C 342
R
P 0x7f2a7c191628
P 0x7f2a7c19fac8
C 259
R
P 0x7f2a7c191628
C 342
R
P 0x7f2a7c191628
P 0x7f2a7c19fac8
C 258
R
P 0x7f2a7c191628
C 342
R
P 0x7f2a7c191628
P 0x7f2a7c19fac8
C 9
R
P 0x7f2a7c191628
C 342
R
P 0x7f2a7c191628
U 2
P 0x7f2a7c19c2a8
P 0x7f2a7c19fac8
p 2
C 65
= 0x7f2a7c488078
R
P 0x7f2a7c191628
C 342
R
P 0x7f2a7c191628
P 0x7f2a7c488078
C 257
R
P 0x7f2a7c191628
C 342
R
P 0x7f2a7c191628
P 0x7f2a7c488078
C 254
= 0x7f2a7c19b1e8
R
P 0x7f2a7c191628
C 342
R
P 0x7f2a7c191628
P 0x7f2a7c19b1e8
C 209
R
P 0x7f2a7c191628
C 342
R
P 0x7f2a7c191628
P 0x7f2a7c488078
C 260
R
P 0x7f2a7c191628
C 342
R
P 0x7f2a7c191628
P 0x7f2a7c488078
C 259
R
P 0x7f2a7c191628
C 342
R
P 0x7f2a7c191628
P 0x7f2a7c488078
C 258
R
P 0x7f2a7c191628
C 342
R
P 0x7f2a7c191628
P 0x7f2a7c488078
C 9
R
P 0x7f2a7c191628
C 342
R
P 0x7f2a7c191628
P 0x7f2a7c1a1970
P 0x7f2a7c488078
C 73
= 0x7f2a7c48ab60
R
P 0x7f2a7c191628
C 342
R
P 0x7f2a7c191628
P 0x7f2a7c48ab60
C 258
R
P 0x7f2a7c191628
C 342
R
P 0x7f2a7c191628
P 0x7f2a7c48ab60
C 9
R
P 0x7f2a7c191628
C 342
R
P 0x7f2a7c191628
I 2
P 0x7f2a7c19b208
C 150
= 0x7f2a7c19bcc8
R
P 0x7f2a7c191628
C 342
R
P 0x7f2a7c191628
P 0x7f2a7c19bcc8
C 258
R
P 0x7f2a7c191628
C 342
R
P 0x7f2a7c191628
P 0x7f2a7c19bcc8
C 9
R
P 0x7f2a7c191628
C 342
R
P 0x7f2a7c191628
I 1
P 0x7f2a7c19b208
C 150
= 0x7f2a7c19bc88
R
P 0x7f2a7c191628
C 342
R
P 0x7f2a7c191628
P 0x7f2a7c19bc88
C 258
R
P 0x7f2a7c191628
C 342
R
P 0x7f2a7c191628
P 0x7f2a7c19bc88
C 9
R
P 0x7f2a7c191628
C 342
R
P 0x7f2a7c191628
P 0x7f2a7c19bcc8
P 0x7f2a7c19bc88
C 75
= 0x7f2a7c1a1890
R
P 0x7f2a7c191628
C 342
R
P 0x7f2a7c191628
P 0x7f2a7c1a1890
C 258
R
P 0x7f2a7c191628
C 342
R
P 0x7f2a7c191628
P 0x7f2a7c1a1890
C 9
R
P 0x7f2a7c191628
C 342
R
P 0x7f2a7c191628
I 1
P 0x7f2a7c19b208
C 150
= 0x7f2a7c19bc88
R
P 0x7f2a7c191628
C 342
R
P 0x7f2a7c191628
P 0x7f2a7c19bc88
C 258
R
P 0x7f2a7c191628
C 342
R
P 0x7f2a7c191628
P 0x7f2a7c19bc88
C 9
R
P 0x7f2a7c191628
C 342
R
P 0x7f2a7c191628
U 2
P 0x7f2a7c19bcc8
P 0x7f2a7c19bc88
p 2
C 67
= 0x7f2a7c1a18c8
R
P 0x7f2a7c191628
C 342
R
P 0x7f2a7c191628
P 0x7f2a7c1a18c8
C 257
R
P 0x7f2a7c191628
C 342
R
P 0x7f2a7c191628
P 0x7f2a7c1a18c8
C 254
= 0x7f2a7c19b208
R
P 0x7f2a7c191628
C 342
R
P 0x7f2a7c191628
P 0x7f2a7c19b208
C 209
R
P 0x7f2a7c191628
C 342
R
P 0x7f2a7c191628
P 0x7f2a7c1a18c8
C 260
R
P 0x7f2a7c191628
C 342
R
P 0x7f2a7c191628
P 0x7f2a7c1a18c8
C 259
R
P 0x7f2a7c191628
C 342
R
P 0x7f2a7c191628
P 0x7f2a7c1a18c8
C 258
R
P 0x7f2a7c191628
C 342
R
P 0x7f2a7c191628
P 0x7f2a7c1a18c8
C 9
R
P 0x7f2a7c191628
C 342
R
P 0x7f2a7c191628
U 2
P 0x7f2a7c19bba8
P 0x7f2a7c1a18c8
p 2
C 66
= 0x7f2a7c1a1900
R
P 0x7f2a7c191628
C 342
R
P 0x7f2a7c191628
P 0x7f2a7c1a1900
C 257
R
P 0x7f2a7c191628
C 342
R
P 0x7f2a7c191628
P 0x7f2a7c1a1900
C 254
= 0x7f2a7c19b1e8
R
P 0x7f2a7c191628
C 342
R
P 0x7f2a7c191628
P 0x7f2a7c19b1e8
C 209
R
P 0x7f2a7c191628
C 342
R
P 0x7f2a7c191628
P 0x7f2a7c1a1900
C 260
R
P 0x7f2a7c191628
C 342
R
P 0x7f2a7c191628
P 0x7f2a7c1a1900
C 259
R
P 0x7f2a7c191628
C 342
R
P 0x7f2a7c191628
P 0x7f2a7c1a1900
C 258
R
P 0x7f2a7c191628
C 342
R
P 0x7f2a7c191628
P 0x7f2a7c1a1900
C 9
R
P 0x7f2a7c191628
C 342
R
P 0x7f2a7c191628
U 2
P 0x7f2a7c19bc28
P 0x7f2a7c1a1900
p 2
C 65
= 0x7f2a7c1a1938
R
P 0x7f2a7c191628
C 342
R
P 0x7f2a7c191628
P 0x7f2a7c1a1938
C 257
R
P 0x7f2a7c191628
C 342
R
P 0x7f2a7c191628
P 0x7f2a7c1a1938
C 254
= 0x7f2a7c19b1e8
R
P 0x7f2a7c191628
C 342
R
P 0x7f2a7c191628
P 0x7f2a7c19b1e8
C 209
R
P 0x7f2a7c191628
C 342
R
P 0x7f2a7c191628
P 0x7f2a7c1a1938
C 260
R
P 0x7f2a7c191628
C 342
R
P 0x7f2a7c191628
P 0x7f2a7c1a1938
C 259
R
P 0x7f2a7c191628
C 342
R
P 0x7f2a7c191628
P 0x7f2a7c1a1938
C 258
R
P 0x7f2a7c191628
C 342
R
P 0x7f2a7c191628
P 0x7f2a7c1a1938
C 9
R
P 0x7f2a7c191628
C 342
R
P 0x7f2a7c191628
P 0x7f2a7c1a1890
P 0x7f2a7c1a1938
P 0x7f2a7c19bc28
C 59
= 0x7f2a7c19f888
R
P 0x7f2a7c191628
C 342
R
P 0x7f2a7c191628
P 0x7f2a7c19f888
C 257
R
P 0x7f2a7c191628
C 342
R
P 0x7f2a7c191628
P 0x7f2a7c19f888
C 254
= 0x7f2a7c19b1e8
R
P 0x7f2a7c191628
C 342
R
P 0x7f2a7c191628
P 0x7f2a7c19b1e8
C 209
R
P 0x7f2a7c191628
C 342
R
P 0x7f2a7c191628
P 0x7f2a7c19f888
C 260
R
P 0x7f2a7c191628
C 342
R
P 0x7f2a7c191628
P 0x7f2a7c19f888
C 259
R
P 0x7f2a7c191628
C 342
R
P 0x7f2a7c191628
P 0x7f2a7c19f888
C 258
R
P 0x7f2a7c191628
C 342
R
P 0x7f2a7c191628
P 0x7f2a7c19f888
C 9
R
P 0x7f2a7c191628
C 342
R
P 0x7f2a7c191628
U 2
P 0x7f2a7c19f888
P 0x7f2a7c19bb48
p 2
C 65
= 0x7f2a7c1a1970
R
P 0x7f2a7c191628
C 342
R
P 0x7f2a7c191628
P 0x7f2a7c1a1970
C 257
R
P 0x7f2a7c191628
C 342
R
P 0x7f2a7c191628
P 0x7f2a7c1a1970
C 254
= 0x7f2a7c19b1e8
R
P 0x7f2a7c191628
C 342
R
P 0x7f2a7c191628
P 0x7f2a7c19b1e8
C 209
R
P 0x7f2a7c191628
C 342
R
P 0x7f2a7c191628
P 0x7f2a7c1a1970
C 260
R
P 0x7f2a7c191628
C 342
R
P 0x7f2a7c191628
P 0x7f2a7c1a1970
C 259
R
P 0x7f2a7c191628
C 342
R
P 0x7f2a7c191628
P 0x7f2a7c1a1970
C 258
R
P 0x7f2a7c191628
C 342
R
P 0x7f2a7c191628
P 0x7f2a7c1a1970
C 9
R
P 0x7f2a7c191628
C 342
R
P 0x7f2a7c191628
I 3
P 0x7f2a7c19b208
C 150
= 0x7f2a7c19bfc8
R
P 0x7f2a7c191628
C 342
R
P 0x7f2a7c191628
P 0x7f2a7c19bfc8
C 258
R
P 0x7f2a7c191628
C 342
R
P 0x7f2a7c191628
P 0x7f2a7c19bfc8
C 9
R
P 0x7f2a7c191628
C 342
R
P 0x7f2a7c191628
I 1
P 0x7f2a7c19b208
C 150
= 0x7f2a7c19bc88
R
P 0x7f2a7c191628
C 342
R
P 0x7f2a7c191628
P 0x7f2a7c19bc88
C 258
R
P 0x7f2a7c191628
C 342
R
P 0x7f2a7c191628
P 0x7f2a7c19bc88
C 9
R
P 0x7f2a7c191628
C 342
R
P 0x7f2a7c191628
P 0x7f2a7c19bfc8
P 0x7f2a7c19bc88
C 75
= 0x7f2a7c487208
R
P 0x7f2a7c191628
C 342
R
P 0x7f2a7c191628
P 0x7f2a7c487208
C 258
R
P 0x7f2a7c191628
C 342
R
P 0x7f2a7c191628
P 0x7f2a7c487208
C 9
R
P 0x7f2a7c191628
C 342
R
P 0x7f2a7c191628
I 1
P 0x7f2a7c19b208
C 150
= 0x7f2a7c19bc88
R
P 0x7f2a7c191628
C 342
R
P 0x7f2a7c191628
P 0x7f2a7c19bc88
C 258
R
P 0x7f2a7c191628
C 342
R
P 0x7f2a7c191628
P 0x7f2a7c19bc88
C 9
R
P 0x7f2a7c191628
C 342
R
P 0x7f2a7c191628
U 2
P 0x7f2a7c19bfc8
P 0x7f2a7c19bc88
p 2
C 67
= 0x7f2a7c487240
R
P 0x7f2a7c191628
C 342
R
P 0x7f2a7c191628
P 0x7f2a7c487240
C 257
R
P 0x7f2a7c191628
C 342
R
P 0x7f2a7c191628
P 0x7f2a7c487240
C 254
= 0x7f2a7c19b208
R
P 0x7f2a7c191628
C 342
R
P 0x7f2a7c191628
P 0x7f2a7c19b208
C 209
R
P 0x7f2a7c191628
C 342
R
P 0x7f2a7c191628
P 0x7f2a7c487240
C 260
R
P 0x7f2a7c191628
C 342
R
P 0x7f2a7c191628
P 0x7f2a7c487240
C 259
R
P 0x7f2a7c191628
C 342
R
P 0x7f2a7c191628
P 0x7f2a7c487240
C 258
R
P 0x7f2a7c191628
C 342
R
P 0x7f2a7c191628
P 0x7f2a7c487240
C 9
R
P 0x7f2a7c191628
C 342
R
P 0x7f2a7c191628
U 2
P 0x7f2a7c19bbe8
P 0x7f2a7c487240
p 2
C 66
= 0x7f2a7c487f60
R
P 0x7f2a7c191628
C 342
R
P 0x7f2a7c191628
P 0x7f2a7c487f60
C 257
R
P 0x7f2a7c191628
C 342
R
P 0x7f2a7c191628
P 0x7f2a7c487f60
C 254
= 0x7f2a7c19b208
R
P 0x7f2a7c191628
C 342
R
P 0x7f2a7c191628
P 0x7f2a7c19b208
C 209
R
P 0x7f2a7c191628
C 342
R
P 0x7f2a7c191628
P 0x7f2a7c487f60
C 260
R
P 0x7f2a7c191628
C 342
R
P 0x7f2a7c191628
P 0x7f2a7c487f60
C 259
R
P 0x7f2a7c191628
C 342
R
P 0x7f2a7c191628
P 0x7f2a7c487f60
C 258
R
P 0x7f2a7c191628
C 342
R
P 0x7f2a7c191628
P 0x7f2a7c487f60
C 9
R
P 0x7f2a7c191628
C 342
R
P 0x7f2a7c191628
U 2
P 0x7f2a7c19bb88
P 0x7f2a7c487f60
p 2
C 65
= 0x7f2a7c487f98
R
P 0x7f2a7c191628
C 342
R
P 0x7f2a7c191628
P 0x7f2a7c487f98
C 257
R
P 0x7f2a7c191628
C 342
R
P 0x7f2a7c191628
P 0x7f2a7c487f98
C 254
= 0x7f2a7c19b1e8
R
P 0x7f2a7c191628
C 342
R
P 0x7f2a7c191628
P 0x7f2a7c19b1e8
C 209
R
P 0x7f2a7c191628
C 342
R
P 0x7f2a7c191628
P 0x7f2a7c487f98
C 260
R
P 0x7f2a7c191628
C 342
R
P 0x7f2a7c191628
P 0x7f2a7c487f98
C 259
R
P 0x7f2a7c191628
C 342
R
P 0x7f2a7c191628
P 0x7f2a7c487f98
C 258
R
P 0x7f2a7c191628
C 342
R
P 0x7f2a7c191628
P 0x7f2a7c487f98
C 9
R
P 0x7f2a7c191628
C 342
R
P 0x7f2a7c191628
P 0x7f2a7c487208
P 0x7f2a7c487f98
P 0x7f2a7c19bb88
C 59
= 0x7f2a7c19fac8
R
P 0x7f2a7c191628
C 342
R
P 0x7f2a7c191628
P 0x7f2a7c19fac8
C 257
R
P 0x7f2a7c191628
C 342
R
P 0x7f2a7c191628
P 0x7f2a7c19fac8
C 254
= 0x7f2a7c19b1e8
R
P 0x7f2a7c191628
C 342
R
P 0x7f2a7c191628
P 0x7f2a7c19b1e8
C 209
R
P 0x7f2a7c191628
C 342
R
P 0x7f2a7c191628
P 0x7f2a7c19fac8
C 260
R
P 0x7f2a7c191628
C 342
R
P 0x7f2a7c191628
P 0x7f2a7c19fac8
C 259
R
P 0x7f2a7c191628
C 342
R
P 0x7f2a7c191628
P 0x7f2a7c19fac8
C 258
R
P 0x7f2a7c191628
C 342
R
P 0x7f2a7c191628
P 0x7f2a7c19fac8
C 9
R
P 0x7f2a7c191628
C 342
R
P 0x7f2a7c191628
P 0x7f2a7c1a1970
P 0x7f2a7c19fac8
C 76
= 0x7f2a7c48ab98
R
P 0x7f2a7c191628
C 342
R
P 0x7f2a7c191628
P 0x7f2a7c48ab98
C 258
R
P 0x7f2a7c191628
C 342
R
P 0x7f2a7c191628
P 0x7f2a7c48ab98
C 9
R
P 0x7f2a7c191628
C 342
R
P 0x7f2a7c191628
U 2
P 0x7f2a7c48ab60
P 0x7f2a7c48ab98
p 2
C 63
= 0x7f2a7c48abd0
R
P 0x7f2a7c191628
C 342
R
P 0x7f2a7c191628
P 0x7f2a7c48abd0
C 258
R
P 0x7f2a7c191628
C 342
R
P 0x7f2a7c191628
P 0x7f2a7c48abd0
C 9
R
P 0x7f2a7c191628
C 342
R
P 0x7f2a7c191628
I 2
P 0x7f2a7c19b208
C 150
= 0x7f2a7c19bcc8
R
P 0x7f2a7c191628
C 342
R
P 0x7f2a7c191628
P 0x7f2a7c19bcc8
C 258
R
P 0x7f2a7c191628
C 342
R
P 0x7f2a7c191628
P 0x7f2a7c19bcc8
C 9
R
P 0x7f2a7c191628
C 342
R
P 0x7f2a7c191628
P 0x7f2a7c19bcc8
C 263
R
P 0x7f2a7c191628
C 342
R
P 0x7f2a7c191628
S "dev0T32"
C 30
R
P 0x7f2a7c191628
C 342
R
P 0x7f2a7c191628
$ |dev0T32|
C 202
R
P 0x7f2a7c191628
C 342
R
P 0x7f2a7c191628
$ |dev0T32|
P 0x7f2a7c19b1e8
C 51
= 0x7f2a7c19bce8
R
P 0x7f2a7c191628
C 342
R
P 0x7f2a7c191628
P 0x7f2a7c19bce8
C 257
R
P 0x7f2a7c191628
C 342
R
P 0x7f2a7c191628
P 0x7f2a7c19bce8
C 254
= 0x7f2a7c19b1e8
R
P 0x7f2a7c191628
C 342
R
P 0x7f2a7c191628
P 0x7f2a7c19b1e8
C 209
R
P 0x7f2a7c191628
C 342
R
P 0x7f2a7c191628
P 0x7f2a7c19bce8
C 260
R
P 0x7f2a7c191628
C 342
R
P 0x7f2a7c191628
P 0x7f2a7c19bce8
C 259
R
P 0x7f2a7c191628
C 342
R
P 0x7f2a7c191628
P 0x7f2a7c19bce8
C 258
R
P 0x7f2a7c191628
C 342
R
P 0x7f2a7c191628
P 0x7f2a7c19bce8
C 9
R
P 0x7f2a7c191628
C 342
R
P 0x7f2a7c191628
P 0x7f2a7c19bc68
C 333
R
P 0x7f2a7c191628
C 342
R
P 0x7f2a7c191628
S "slotflowPriorityStart"
C 30
R
P 0x7f2a7c191628
C 342
R
P 0x7f2a7c191628
$ |slotflowPriorityStart|
C 202
R
P 0x7f2a7c191628
C 342
R
P 0x7f2a7c191628
$ |slotflowPriorityStart|
P 0x7f2a7c19b1e8
C 51
= 0x7f2a7c19c2a8
R
P 0x7f2a7c191628
C 342
R
P 0x7f2a7c191628
P 0x7f2a7c19c2a8
C 257
R
P 0x7f2a7c191628
C 342
R
P 0x7f2a7c191628
P 0x7f2a7c19c2a8
C 254
= 0x7f2a7c19b1e8
R
P 0x7f2a7c191628
C 342
R
P 0x7f2a7c191628
P 0x7f2a7c19b1e8
C 209
R
P 0x7f2a7c191628
C 342
R
P 0x7f2a7c191628
P 0x7f2a7c19c2a8
C 260
R
P 0x7f2a7c191628
C 342
R
P 0x7f2a7c191628
P 0x7f2a7c19c2a8
C 259
R
P 0x7f2a7c191628
C 342
R
P 0x7f2a7c191628
P 0x7f2a7c19c2a8
C 258
R
P 0x7f2a7c191628
C 342
R
P 0x7f2a7c191628
P 0x7f2a7c19c2a8
C 9
R
P 0x7f2a7c191628
C 342
R
P 0x7f2a7c191628
I 3
P 0x7f2a7c19b208
C 150
= 0x7f2a7c19bfc8
R
P 0x7f2a7c191628
C 342
R
P 0x7f2a7c191628
P 0x7f2a7c19bfc8
C 258
R
P 0x7f2a7c191628
C 342
R
P 0x7f2a7c191628
P 0x7f2a7c19bfc8
C 9
R
P 0x7f2a7c191628
C 342
R
P 0x7f2a7c191628
I 1
P 0x7f2a7c19b208
C 150
= 0x7f2a7c19bc88
R
P 0x7f2a7c191628
C 342
R
P 0x7f2a7c191628
P 0x7f2a7c19bc88
C 258
R
P 0x7f2a7c191628
C 342
R
P 0x7f2a7c191628
P 0x7f2a7c19bc88
C 9
R
P 0x7f2a7c191628
C 342
R
P 0x7f2a7c191628
P 0x7f2a7c19bfc8
P 0x7f2a7c19bc88
C 75
= 0x7f2a7c487208
R
P 0x7f2a7c191628
C 342
R
P 0x7f2a7c191628
P 0x7f2a7c487208
C 258
R
P 0x7f2a7c191628
C 342
R
P 0x7f2a7c191628
P 0x7f2a7c487208
C 9
R
P 0x7f2a7c191628
C 342
R
P 0x7f2a7c191628
I 1
P 0x7f2a7c19b208
C 150
= 0x7f2a7c19bc88
R
P 0x7f2a7c191628
C 342
R
P 0x7f2a7c191628
P 0x7f2a7c19bc88
C 258
R
P 0x7f2a7c191628
C 342
R
P 0x7f2a7c191628
P 0x7f2a7c19bc88
C 9
R
P 0x7f2a7c191628
C 342
R
P 0x7f2a7c191628
U 2
P 0x7f2a7c19bfc8
P 0x7f2a7c19bc88
p 2
C 67
= 0x7f2a7c487240
R
P 0x7f2a7c191628
C 342
R
P 0x7f2a7c191628
P 0x7f2a7c487240
C 257
R
P 0x7f2a7c191628
C 342
R
P 0x7f2a7c191628
P 0x7f2a7c487240
C 254
= 0x7f2a7c19b208
R
P 0x7f2a7c191628
C 342
R
P 0x7f2a7c191628
P 0x7f2a7c19b208
C 209
R
P 0x7f2a7c191628
C 342
R
P 0x7f2a7c191628
P 0x7f2a7c487240
C 260
R
P 0x7f2a7c191628
C 342
R
P 0x7f2a7c191628
P 0x7f2a7c487240
C 259
R
P 0x7f2a7c191628
C 342
R
P 0x7f2a7c191628
P 0x7f2a7c487240
C 258
R
P 0x7f2a7c191628
C 342
R
P 0x7f2a7c191628
P 0x7f2a7c487240
C 9
R
P 0x7f2a7c191628
C 342
R
P 0x7f2a7c191628
U 2
P 0x7f2a7c19bbe8
P 0x7f2a7c487240
p 2
C 66
= 0x7f2a7c487f60
R
P 0x7f2a7c191628
C 342
R
P 0x7f2a7c191628
P 0x7f2a7c487f60
C 257
R
P 0x7f2a7c191628
C 342
R
P 0x7f2a7c191628
P 0x7f2a7c487f60
C 254
= 0x7f2a7c19b208
R
P 0x7f2a7c191628
C 342
R
P 0x7f2a7c191628
P 0x7f2a7c19b208
C 209
R
P 0x7f2a7c191628
C 342
R
P 0x7f2a7c191628
P 0x7f2a7c487f60
C 260
R
P 0x7f2a7c191628
C 342
R
P 0x7f2a7c191628
P 0x7f2a7c487f60
C 259
R
P 0x7f2a7c191628
C 342
R
P 0x7f2a7c191628
P 0x7f2a7c487f60
C 258
R
P 0x7f2a7c191628
C 342
R
P 0x7f2a7c191628
P 0x7f2a7c487f60
C 9
R
P 0x7f2a7c191628
C 342
R
P 0x7f2a7c191628
U 2
P 0x7f2a7c19bb88
P 0x7f2a7c487f60
p 2
C 65
= 0x7f2a7c487f98
R
P 0x7f2a7c191628
C 342
R
P 0x7f2a7c191628
P 0x7f2a7c487f98
C 257
R
P 0x7f2a7c191628
C 342
R
P 0x7f2a7c191628
P 0x7f2a7c487f98
C 254
= 0x7f2a7c19b1e8
R
P 0x7f2a7c191628
C 342
R
P 0x7f2a7c191628
P 0x7f2a7c19b1e8
C 209
R
P 0x7f2a7c191628
C 342
R
P 0x7f2a7c191628
P 0x7f2a7c487f98
C 260
R
P 0x7f2a7c191628
C 342
R
P 0x7f2a7c191628
P 0x7f2a7c487f98
C 259
R
P 0x7f2a7c191628
C 342
R
P 0x7f2a7c191628
P 0x7f2a7c487f98
C 258
R
P 0x7f2a7c191628
C 342
R
P 0x7f2a7c191628
P 0x7f2a7c487f98
C 9
R
P 0x7f2a7c191628
C 342
R
P 0x7f2a7c191628
P 0x7f2a7c487208
P 0x7f2a7c487f98
P 0x7f2a7c19bb88
C 59
= 0x7f2a7c19fac8
R
P 0x7f2a7c191628
C 342
R
P 0x7f2a7c191628
P 0x7f2a7c19fac8
C 257
R
P 0x7f2a7c191628
C 342
R
P 0x7f2a7c191628
P 0x7f2a7c19fac8
C 254
= 0x7f2a7c19b1e8
R
P 0x7f2a7c191628
C 342
R
P 0x7f2a7c191628
P 0x7f2a7c19b1e8
C 209
R
P 0x7f2a7c191628
C 342
R
P 0x7f2a7c191628
P 0x7f2a7c19fac8
C 260
R
P 0x7f2a7c191628
C 342
R
P 0x7f2a7c191628
P 0x7f2a7c19fac8
C 259
R
P 0x7f2a7c191628
C 342
R
P 0x7f2a7c191628
P 0x7f2a7c19fac8
C 258
R
P 0x7f2a7c191628
C 342
R
P 0x7f2a7c191628
P 0x7f2a7c19fac8
C 9
R
P 0x7f2a7c191628
C 342
R
P 0x7f2a7c191628
U 2
P 0x7f2a7c19c2a8
P 0x7f2a7c19fac8
p 2
C 65
= 0x7f2a7c488078
R
P 0x7f2a7c191628
C 342
R
P 0x7f2a7c191628
P 0x7f2a7c488078
C 257
R
P 0x7f2a7c191628
C 342
R
P 0x7f2a7c191628
P 0x7f2a7c488078
C 254
= 0x7f2a7c19b1e8
R
P 0x7f2a7c191628
C 342
R
P 0x7f2a7c191628
P 0x7f2a7c19b1e8
C 209
R
P 0x7f2a7c191628
C 342
R
P 0x7f2a7c191628
P 0x7f2a7c488078
C 260
R
P 0x7f2a7c191628
C 342
R
P 0x7f2a7c191628
P 0x7f2a7c488078
C 259
R
P 0x7f2a7c191628
C 342
R
P 0x7f2a7c191628
P 0x7f2a7c488078
C 258
R
P 0x7f2a7c191628
C 342
R
P 0x7f2a7c191628
P 0x7f2a7c488078
C 9
R
P 0x7f2a7c191628
C 342
R
P 0x7f2a7c191628
U 2
P 0x7f2a7c488078
P 0x7f2a7c19bb68
p 2
C 65
= 0x7f2a7c489bf0
R
P 0x7f2a7c191628
C 342
R
P 0x7f2a7c191628
P 0x7f2a7c489bf0
C 257
R
P 0x7f2a7c191628
C 342
R
P 0x7f2a7c191628
P 0x7f2a7c489bf0
C 254
= 0x7f2a7c19b1e8
R
P 0x7f2a7c191628
C 342
R
P 0x7f2a7c191628
P 0x7f2a7c19b1e8
C 209
R
P 0x7f2a7c191628
C 342
R
P 0x7f2a7c191628
P 0x7f2a7c489bf0
C 260
R
P 0x7f2a7c191628
C 342
R
P 0x7f2a7c191628
P 0x7f2a7c489bf0
C 259
R
P 0x7f2a7c191628
C 342
R
P 0x7f2a7c191628
P 0x7f2a7c489bf0
C 258
R
P 0x7f2a7c191628
C 342
R
P 0x7f2a7c191628
P 0x7f2a7c489bf0
C 9
R
P 0x7f2a7c191628
C 342
R
P 0x7f2a7c191628
P 0x7f2a7c19bce8
P 0x7f2a7c489bf0
C 76
= 0x7f2a7c48ac08
R
P 0x7f2a7c191628
C 342
R
P 0x7f2a7c191628
P 0x7f2a7c48ac08
C 258
R
P 0x7f2a7c191628
C 342
R
P 0x7f2a7c191628
P 0x7f2a7c48ac08
C 9
R
P 0x7f2a7c191628
C 342
R
P 0x7f2a7c191628
I 2
P 0x7f2a7c19b208
C 150
= 0x7f2a7c19bcc8
R
P 0x7f2a7c191628
C 342
R
P 0x7f2a7c191628
P 0x7f2a7c19bcc8
C 258
R
P 0x7f2a7c191628
C 342
R
P 0x7f2a7c191628
P 0x7f2a7c19bcc8
C 9
R
P 0x7f2a7c191628
C 342
R
P 0x7f2a7c191628
P 0x7f2a7c19bcc8
C 263
R
P 0x7f2a7c191628
C 342
R
P 0x7f2a7c191628
S "dev0T32"
C 30
R
P 0x7f2a7c191628
C 342
R
P 0x7f2a7c191628
$ |dev0T32|
C 202
R
P 0x7f2a7c191628
C 342
R
P 0x7f2a7c191628
$ |dev0T32|
P 0x7f2a7c19b1e8
C 51
= 0x7f2a7c19bce8
R
P 0x7f2a7c191628
C 342
R
P 0x7f2a7c191628
P 0x7f2a7c19bce8
C 257
R
P 0x7f2a7c191628
C 342
R
P 0x7f2a7c191628
P 0x7f2a7c19bce8
C 254
= 0x7f2a7c19b1e8
R
P 0x7f2a7c191628
C 342
R
P 0x7f2a7c191628
P 0x7f2a7c19b1e8
C 209
R
P 0x7f2a7c191628
C 342
R
P 0x7f2a7c191628
P 0x7f2a7c19bce8
C 260
R
P 0x7f2a7c191628
C 342
R
P 0x7f2a7c191628
P 0x7f2a7c19bce8
C 259
R
P 0x7f2a7c191628
C 342
R
P 0x7f2a7c191628
P 0x7f2a7c19bce8
C 258
R
P 0x7f2a7c191628
C 342
R
P 0x7f2a7c191628
P 0x7f2a7c19bce8
C 9
R
P 0x7f2a7c191628
C 342
R
P 0x7f2a7c191628
P 0x7f2a7c19bc68
C 333
R
P 0x7f2a7c191628
C 342
R
P 0x7f2a7c191628
S "slotflowPriorityStart"
C 30
R
P 0x7f2a7c191628
C 342
R
P 0x7f2a7c191628
$ |slotflowPriorityStart|
C 202
R
P 0x7f2a7c191628
C 342
R
P 0x7f2a7c191628
$ |slotflowPriorityStart|
P 0x7f2a7c19b1e8
C 51
= 0x7f2a7c19c2a8
R
P 0x7f2a7c191628
C 342
R
P 0x7f2a7c191628
P 0x7f2a7c19c2a8
C 257
R
P 0x7f2a7c191628
C 342
R
P 0x7f2a7c191628
P 0x7f2a7c19c2a8
C 254
= 0x7f2a7c19b1e8
R
P 0x7f2a7c191628
C 342
R
P 0x7f2a7c191628
P 0x7f2a7c19b1e8
C 209
R
P 0x7f2a7c191628
C 342
R
P 0x7f2a7c191628
P 0x7f2a7c19c2a8
C 260
R
P 0x7f2a7c191628
C 342
R
P 0x7f2a7c191628
P 0x7f2a7c19c2a8
C 259
R
P 0x7f2a7c191628
C 342
R
P 0x7f2a7c191628
P 0x7f2a7c19c2a8
C 258
R
P 0x7f2a7c191628
C 342
R
P 0x7f2a7c191628
P 0x7f2a7c19c2a8
C 9
R
P 0x7f2a7c191628
C 342
R
P 0x7f2a7c191628
P 0x7f2a7c19bc68
C 333
R
P 0x7f2a7c191628
C 342
R
P 0x7f2a7c191628
S "slotflowPriorityDuration"
C 30
R
P 0x7f2a7c191628
C 342
R
P 0x7f2a7c191628
$ |slotflowPriorityDuration|
C 202
R
P 0x7f2a7c191628
C 342
R
P 0x7f2a7c191628
$ |slotflowPriorityDuration|
P 0x7f2a7c19b1e8
C 51
= 0x7f2a7c19c268
R
P 0x7f2a7c191628
C 342
R
P 0x7f2a7c191628
P 0x7f2a7c19c268
C 257
R
P 0x7f2a7c191628
C 342
R
P 0x7f2a7c191628
P 0x7f2a7c19c268
C 254
= 0x7f2a7c19b1e8
R
P 0x7f2a7c191628
C 342
R
P 0x7f2a7c191628
P 0x7f2a7c19b1e8
C 209
R
P 0x7f2a7c191628
C 342
R
P 0x7f2a7c191628
P 0x7f2a7c19c268
C 260
R
P 0x7f2a7c191628
C 342
R
P 0x7f2a7c191628
P 0x7f2a7c19c268
C 259
R
P 0x7f2a7c191628
C 342
R
P 0x7f2a7c191628
P 0x7f2a7c19c268
C 258
R
P 0x7f2a7c191628
C 342
R
P 0x7f2a7c191628
P 0x7f2a7c19c268
C 9
R
P 0x7f2a7c191628
C 342
R
P 0x7f2a7c191628
U 2
P 0x7f2a7c19c2a8
P 0x7f2a7c19c268
p 2
C 65
= 0x7f2a7c487908
R
P 0x7f2a7c191628
C 342
R
P 0x7f2a7c191628
P 0x7f2a7c487908
C 257
R
P 0x7f2a7c191628
C 342
R
P 0x7f2a7c191628
P 0x7f2a7c487908
C 254
= 0x7f2a7c19b1e8
R
P 0x7f2a7c191628
C 342
R
P 0x7f2a7c191628
P 0x7f2a7c19b1e8
C 209
R
P 0x7f2a7c191628
C 342
R
P 0x7f2a7c191628
P 0x7f2a7c487908
C 260
R
P 0x7f2a7c191628
C 342
R
P 0x7f2a7c191628
P 0x7f2a7c487908
C 259
R
P 0x7f2a7c191628
C 342
R
P 0x7f2a7c191628
P 0x7f2a7c487908
C 258
R
P 0x7f2a7c191628
C 342
R
P 0x7f2a7c191628
P 0x7f2a7c487908
C 9
R
P 0x7f2a7c191628
C 342
R
P 0x7f2a7c191628
I 3
P 0x7f2a7c19b208
C 150
= 0x7f2a7c19bfc8
R
P 0x7f2a7c191628
C 342
R
P 0x7f2a7c191628
P 0x7f2a7c19bfc8
C 258
R
P 0x7f2a7c191628
C 342
R
P 0x7f2a7c191628
P 0x7f2a7c19bfc8
C 9
R
P 0x7f2a7c191628
C 342
R
P 0x7f2a7c191628
I 1
P 0x7f2a7c19b208
C 150
= 0x7f2a7c19bc88
R
P 0x7f2a7c191628
C 342
R
P 0x7f2a7c191628
P 0x7f2a7c19bc88
C 258
R
P 0x7f2a7c191628
C 342
R
P 0x7f2a7c191628
P 0x7f2a7c19bc88
C 9
R
P 0x7f2a7c191628
C 342
R
P 0x7f2a7c191628
P 0x7f2a7c19bfc8
P 0x7f2a7c19bc88
C 75
= 0x7f2a7c487208
R
P 0x7f2a7c191628
C 342
R
P 0x7f2a7c191628
P 0x7f2a7c487208
C 258
R
P 0x7f2a7c191628
C 342
R
P 0x7f2a7c191628
P 0x7f2a7c487208
C 9
R
P 0x7f2a7c191628
C 342
R
P 0x7f2a7c191628
I 1
P 0x7f2a7c19b208
C 150
= 0x7f2a7c19bc88
R
P 0x7f2a7c191628
C 342
R
P 0x7f2a7c191628
P 0x7f2a7c19bc88
C 258
R
P 0x7f2a7c191628
C 342
R
P 0x7f2a7c191628
P 0x7f2a7c19bc88
C 9
R
P 0x7f2a7c191628
C 342
R
P 0x7f2a7c191628
U 2
P 0x7f2a7c19bfc8
P 0x7f2a7c19bc88
p 2
C 67
= 0x7f2a7c487240
R
P 0x7f2a7c191628
C 342
R
P 0x7f2a7c191628
P 0x7f2a7c487240
C 257
R
P 0x7f2a7c191628
C 342
R
P 0x7f2a7c191628
P 0x7f2a7c487240
C 254
= 0x7f2a7c19b208
R
P 0x7f2a7c191628
C 342
R
P 0x7f2a7c191628
P 0x7f2a7c19b208
C 209
R
P 0x7f2a7c191628
C 342
R
P 0x7f2a7c191628
P 0x7f2a7c487240
C 260
R
P 0x7f2a7c191628
C 342
R
P 0x7f2a7c191628
P 0x7f2a7c487240
C 259
R
P 0x7f2a7c191628
C 342
R
P 0x7f2a7c191628
P 0x7f2a7c487240
C 258
R
P 0x7f2a7c191628
C 342
R
P 0x7f2a7c191628
P 0x7f2a7c487240
C 9
R
P 0x7f2a7c191628
C 342
R
P 0x7f2a7c191628
U 2
P 0x7f2a7c19bbe8
P 0x7f2a7c487240
p 2
C 66
= 0x7f2a7c487f60
R
P 0x7f2a7c191628
C 342
R
P 0x7f2a7c191628
P 0x7f2a7c487f60
C 257
R
P 0x7f2a7c191628
C 342
R
P 0x7f2a7c191628
P 0x7f2a7c487f60
C 254
= 0x7f2a7c19b208
R
P 0x7f2a7c191628
C 342
R
P 0x7f2a7c191628
P 0x7f2a7c19b208
C 209
R
P 0x7f2a7c191628
C 342
R
P 0x7f2a7c191628
P 0x7f2a7c487f60
C 260
R
P 0x7f2a7c191628
C 342
R
P 0x7f2a7c191628
P 0x7f2a7c487f60
C 259
R
P 0x7f2a7c191628
C 342
R
P 0x7f2a7c191628
P 0x7f2a7c487f60
C 258
R
P 0x7f2a7c191628
C 342
R
P 0x7f2a7c191628
P 0x7f2a7c487f60
C 9
R
P 0x7f2a7c191628
C 342
R
P 0x7f2a7c191628
U 2
P 0x7f2a7c19bb88
P 0x7f2a7c487f60
p 2
C 65
= 0x7f2a7c487f98
R
P 0x7f2a7c191628
C 342
R
P 0x7f2a7c191628
P 0x7f2a7c487f98
C 257
R
P 0x7f2a7c191628
C 342
R
P 0x7f2a7c191628
P 0x7f2a7c487f98
C 254
= 0x7f2a7c19b1e8
R
P 0x7f2a7c191628
C 342
R
P 0x7f2a7c191628
P 0x7f2a7c19b1e8
C 209
R
P 0x7f2a7c191628
C 342
R
P 0x7f2a7c191628
P 0x7f2a7c487f98
C 260
R
P 0x7f2a7c191628
C 342
R
P 0x7f2a7c191628
P 0x7f2a7c487f98
C 259
R
P 0x7f2a7c191628
C 342
R
P 0x7f2a7c191628
P 0x7f2a7c487f98
C 258
R
P 0x7f2a7c191628
C 342
R
P 0x7f2a7c191628
P 0x7f2a7c487f98
C 9
R
P 0x7f2a7c191628
C 342
R
P 0x7f2a7c191628
P 0x7f2a7c487208
P 0x7f2a7c487f98
P 0x7f2a7c19bb88
C 59
= 0x7f2a7c19fac8
R
P 0x7f2a7c191628
C 342
R
P 0x7f2a7c191628
P 0x7f2a7c19fac8
C 257
R
P 0x7f2a7c191628
C 342
R
P 0x7f2a7c191628
P 0x7f2a7c19fac8
C 254
= 0x7f2a7c19b1e8
R
P 0x7f2a7c191628
C 342
R
P 0x7f2a7c191628
P 0x7f2a7c19b1e8
C 209
R
P 0x7f2a7c191628
C 342
R
P 0x7f2a7c191628
P 0x7f2a7c19fac8
C 260
R
P 0x7f2a7c191628
C 342
R
P 0x7f2a7c191628
P 0x7f2a7c19fac8
C 259
R
P 0x7f2a7c191628
C 342
R
P 0x7f2a7c191628
P 0x7f2a7c19fac8
C 258
R
P 0x7f2a7c191628
C 342
R
P 0x7f2a7c191628
P 0x7f2a7c19fac8
C 9
R
P 0x7f2a7c191628
C 342
R
P 0x7f2a7c191628
U 2
P 0x7f2a7c487908
P 0x7f2a7c19fac8
p 2
C 65
= 0x7f2a7c487fd0
R
P 0x7f2a7c191628
C 342
R
P 0x7f2a7c191628
P 0x7f2a7c487fd0
C 257
R
P 0x7f2a7c191628
C 342
R
P 0x7f2a7c191628
P 0x7f2a7c487fd0
C 254
= 0x7f2a7c19b1e8
R
P 0x7f2a7c191628
C 342
R
P 0x7f2a7c191628
P 0x7f2a7c19b1e8
C 209
R
P 0x7f2a7c191628
C 342
R
P 0x7f2a7c191628
P 0x7f2a7c487fd0
C 260
R
P 0x7f2a7c191628
C 342
R
P 0x7f2a7c191628
P 0x7f2a7c487fd0
C 259
R
P 0x7f2a7c191628
C 342
R
P 0x7f2a7c191628
P 0x7f2a7c487fd0
C 258
R
P 0x7f2a7c191628
C 342
R
P 0x7f2a7c191628
P 0x7f2a7c487fd0
C 9
R
P 0x7f2a7c191628
C 342
R
P 0x7f2a7c191628
P 0x7f2a7c19bce8
P 0x7f2a7c487fd0
C 74
= 0x7f2a7c48ac40
R
P 0x7f2a7c191628
C 342
R
P 0x7f2a7c191628
P 0x7f2a7c48ac40
C 258
R
P 0x7f2a7c191628
C 342
R
P 0x7f2a7c191628
P 0x7f2a7c48ac40
C 9
R
P 0x7f2a7c191628
C 342
R
P 0x7f2a7c191628
U 2
P 0x7f2a7c48ac08
P 0x7f2a7c48ac40
p 2
C 63
= 0x7f2a7c48ac78
R
P 0x7f2a7c191628
C 342
R
P 0x7f2a7c191628
P 0x7f2a7c48ac78
C 258
R
P 0x7f2a7c191628
C 342
R
P 0x7f2a7c191628
P 0x7f2a7c48ac78
C 9
R
P 0x7f2a7c191628
C 342
R
P 0x7f2a7c191628
P 0x7f2a7c48abd0
P 0x7f2a7c48ac78
C 61
= 0x7f2a7c48acb0
R
P 0x7f2a7c191628
C 342
R
P 0x7f2a7c191628
P 0x7f2a7c48acb0
C 258
R
P 0x7f2a7c191628
C 342
R
P 0x7f2a7c191628
P 0x7f2a7c48acb0
C 9
R
P 0x7f2a7c191628
C 342
R
P 0x7f2a7c191628
P 0x7f2a7c1e1fc8
P 0x7f2a7c48acb0
C 427
R
P 0x7f2a7c191628
C 342
R
P 0x7f2a7c191628
I 2
P 0x7f2a7c19b208
C 150
= 0x7f2a7c19bcc8
R
P 0x7f2a7c191628
C 342
R
P 0x7f2a7c191628
P 0x7f2a7c19bcc8
C 258
R
P 0x7f2a7c191628
C 342
R
P 0x7f2a7c191628
P 0x7f2a7c19bcc8
C 9
R
P 0x7f2a7c191628
C 342
R
P 0x7f2a7c191628
I 1
P 0x7f2a7c19b208
C 150
= 0x7f2a7c19bc88
R
P 0x7f2a7c191628
C 342
R
P 0x7f2a7c191628
P 0x7f2a7c19bc88
C 258
R
P 0x7f2a7c191628
C 342
R
P 0x7f2a7c191628
P 0x7f2a7c19bc88
C 9
R
P 0x7f2a7c191628
C 342
R
P 0x7f2a7c191628
P 0x7f2a7c19bcc8
P 0x7f2a7c19bc88
C 75
= 0x7f2a7c1a1890
R
P 0x7f2a7c191628
C 342
R
P 0x7f2a7c191628
P 0x7f2a7c1a1890
C 258
R
P 0x7f2a7c191628
C 342
R
P 0x7f2a7c191628
P 0x7f2a7c1a1890
C 9
R
P 0x7f2a7c191628
C 342
R
P 0x7f2a7c191628
I 1
P 0x7f2a7c19b208
C 150
= 0x7f2a7c19bc88
R
P 0x7f2a7c191628
C 342
R
P 0x7f2a7c191628
P 0x7f2a7c19bc88
C 258
R
P 0x7f2a7c191628
C 342
R
P 0x7f2a7c191628
P 0x7f2a7c19bc88
C 9
R
P 0x7f2a7c191628
C 342
R
P 0x7f2a7c191628
U 2
P 0x7f2a7c19bcc8
P 0x7f2a7c19bc88
p 2
C 67
= 0x7f2a7c1a18c8
R
P 0x7f2a7c191628
C 342
R
P 0x7f2a7c191628
P 0x7f2a7c1a18c8
C 257
R
P 0x7f2a7c191628
C 342
R
P 0x7f2a7c191628
P 0x7f2a7c1a18c8
C 254
= 0x7f2a7c19b208
R
P 0x7f2a7c191628
C 342
R
P 0x7f2a7c191628
P 0x7f2a7c19b208
C 209
R
P 0x7f2a7c191628
C 342
R
P 0x7f2a7c191628
P 0x7f2a7c1a18c8
C 260
R
P 0x7f2a7c191628
C 342
R
P 0x7f2a7c191628
P 0x7f2a7c1a18c8
C 259
R
P 0x7f2a7c191628
C 342
R
P 0x7f2a7c191628
P 0x7f2a7c1a18c8
C 258
R
P 0x7f2a7c191628
C 342
R
P 0x7f2a7c191628
P 0x7f2a7c1a18c8
C 9
R
P 0x7f2a7c191628
C 342
R
P 0x7f2a7c191628
U 2
P 0x7f2a7c19bba8
P 0x7f2a7c1a18c8
p 2
C 66
= 0x7f2a7c1a1900
R
P 0x7f2a7c191628
C 342
R
P 0x7f2a7c191628
P 0x7f2a7c1a1900
C 257
R
P 0x7f2a7c191628
C 342
R
P 0x7f2a7c191628
P 0x7f2a7c1a1900
C 254
= 0x7f2a7c19b1e8
R
P 0x7f2a7c191628
C 342
R
P 0x7f2a7c191628
P 0x7f2a7c19b1e8
C 209
R
P 0x7f2a7c191628
C 342
R
P 0x7f2a7c191628
P 0x7f2a7c1a1900
C 260
R
P 0x7f2a7c191628
C 342
R
P 0x7f2a7c191628
P 0x7f2a7c1a1900
C 259
R
P 0x7f2a7c191628
C 342
R
P 0x7f2a7c191628
P 0x7f2a7c1a1900
C 258
R
P 0x7f2a7c191628
C 342
R
P 0x7f2a7c191628
P 0x7f2a7c1a1900
C 9
R
P 0x7f2a7c191628
C 342
R
P 0x7f2a7c191628
U 2
P 0x7f2a7c19bc28
P 0x7f2a7c1a1900
p 2
C 65
= 0x7f2a7c1a1938
R
P 0x7f2a7c191628
C 342
R
P 0x7f2a7c191628
P 0x7f2a7c1a1938
C 257
R
P 0x7f2a7c191628
C 342
R
P 0x7f2a7c191628
P 0x7f2a7c1a1938
C 254
= 0x7f2a7c19b1e8
R
P 0x7f2a7c191628
C 342
R
P 0x7f2a7c191628
P 0x7f2a7c19b1e8
C 209
R
P 0x7f2a7c191628
C 342
R
P 0x7f2a7c191628
P 0x7f2a7c1a1938
C 260
R
P 0x7f2a7c191628
C 342
R
P 0x7f2a7c191628
P 0x7f2a7c1a1938
C 259
R
P 0x7f2a7c191628
C 342
R
P 0x7f2a7c191628
P 0x7f2a7c1a1938
C 258
R
P 0x7f2a7c191628
C 342
R
P 0x7f2a7c191628
P 0x7f2a7c1a1938
C 9
R
P 0x7f2a7c191628
C 342
R
P 0x7f2a7c191628
P 0x7f2a7c1a1890
P 0x7f2a7c1a1938
P 0x7f2a7c19bc28
C 59
= 0x7f2a7c19f888
R
P 0x7f2a7c191628
C 342
R
P 0x7f2a7c191628
P 0x7f2a7c19f888
C 257
R
P 0x7f2a7c191628
C 342
R
P 0x7f2a7c191628
P 0x7f2a7c19f888
C 254
= 0x7f2a7c19b1e8
R
P 0x7f2a7c191628
C 342
R
P 0x7f2a7c191628
P 0x7f2a7c19b1e8
C 209
R
P 0x7f2a7c191628
C 342
R
P 0x7f2a7c191628
P 0x7f2a7c19f888
C 260
R
P 0x7f2a7c191628
C 342
R
P 0x7f2a7c191628
P 0x7f2a7c19f888
C 259
R
P 0x7f2a7c191628
C 342
R
P 0x7f2a7c191628
P 0x7f2a7c19f888
C 258
R
P 0x7f2a7c191628
C 342
R
P 0x7f2a7c191628
P 0x7f2a7c19f888
C 9
R
P 0x7f2a7c191628
C 342
R
P 0x7f2a7c191628
U 2
P 0x7f2a7c19f888
P 0x7f2a7c19bb48
p 2
C 65
= 0x7f2a7c1a1970
R
P 0x7f2a7c191628
C 342
R
P 0x7f2a7c191628
P 0x7f2a7c1a1970
C 257
R
P 0x7f2a7c191628
C 342
R
P 0x7f2a7c191628
P 0x7f2a7c1a1970
C 254
= 0x7f2a7c19b1e8
R
P 0x7f2a7c191628
C 342
R
P 0x7f2a7c191628
P 0x7f2a7c19b1e8
C 209
R
P 0x7f2a7c191628
C 342
R
P 0x7f2a7c191628
P 0x7f2a7c1a1970
C 260
R
P 0x7f2a7c191628
C 342
R
P 0x7f2a7c191628
P 0x7f2a7c1a1970
C 259
R
P 0x7f2a7c191628
C 342
R
P 0x7f2a7c191628
P 0x7f2a7c1a1970
C 258
R
P 0x7f2a7c191628
C 342
R
P 0x7f2a7c191628
P 0x7f2a7c1a1970
C 9
R
P 0x7f2a7c191628
C 342
R
P 0x7f2a7c191628
P 0x7f2a7c19bc68
C 333
R
P 0x7f2a7c191628
C 342
R
P 0x7f2a7c191628
S "slotflowPriorityStart"
C 30
R
P 0x7f2a7c191628
C 342
R
P 0x7f2a7c191628
$ |slotflowPriorityStart|
C 202
R
P 0x7f2a7c191628
C 342
R
P 0x7f2a7c191628
$ |slotflowPriorityStart|
P 0x7f2a7c19b1e8
C 51
= 0x7f2a7c19c2a8
R
P 0x7f2a7c191628
C 342
R
P 0x7f2a7c191628
P 0x7f2a7c19c2a8
C 257
R
P 0x7f2a7c191628
C 342
R
P 0x7f2a7c191628
P 0x7f2a7c19c2a8
C 254
= 0x7f2a7c19b1e8
R
P 0x7f2a7c191628
C 342
R
P 0x7f2a7c191628
P 0x7f2a7c19b1e8
C 209
R
P 0x7f2a7c191628
C 342
R
P 0x7f2a7c191628
P 0x7f2a7c19c2a8
C 260
R
P 0x7f2a7c191628
C 342
R
P 0x7f2a7c191628
P 0x7f2a7c19c2a8
C 259
R
P 0x7f2a7c191628
C 342
R
P 0x7f2a7c191628
P 0x7f2a7c19c2a8
C 258
R
P 0x7f2a7c191628
C 342
R
P 0x7f2a7c191628
P 0x7f2a7c19c2a8
C 9
R
P 0x7f2a7c191628
C 342
R
P 0x7f2a7c191628
I 4
P 0x7f2a7c19b208
C 150
= 0x7f2a7c19c028
R
P 0x7f2a7c191628
C 342
R
P 0x7f2a7c191628
P 0x7f2a7c19c028
C 258
R
P 0x7f2a7c191628
C 342
R
P 0x7f2a7c191628
P 0x7f2a7c19c028
C 9
R
P 0x7f2a7c191628
C 342
R
P 0x7f2a7c191628
I 1
P 0x7f2a7c19b208
C 150
= 0x7f2a7c19bc88
R
P 0x7f2a7c191628
C 342
R
P 0x7f2a7c191628
P 0x7f2a7c19bc88
C 258
R
P 0x7f2a7c191628
C 342
R
P 0x7f2a7c191628
P 0x7f2a7c19bc88
C 9
R
P 0x7f2a7c191628
C 342
R
P 0x7f2a7c191628
P 0x7f2a7c19c028
P 0x7f2a7c19bc88
C 75
= 0x7f2a7c487390
R
P 0x7f2a7c191628
C 342
R
P 0x7f2a7c191628
P 0x7f2a7c487390
C 258
R
P 0x7f2a7c191628
C 342
R
P 0x7f2a7c191628
P 0x7f2a7c487390
C 9
R
P 0x7f2a7c191628
C 342
R
P 0x7f2a7c191628
I 1
P 0x7f2a7c19b208
C 150
= 0x7f2a7c19bc88
R
P 0x7f2a7c191628
C 342
R
P 0x7f2a7c191628
P 0x7f2a7c19bc88
C 258
R
P 0x7f2a7c191628
C 342
R
P 0x7f2a7c191628
P 0x7f2a7c19bc88
C 9
R
P 0x7f2a7c191628
C 342
R
P 0x7f2a7c191628
U 2
P 0x7f2a7c19c028
P 0x7f2a7c19bc88
p 2
C 67
= 0x7f2a7c4873c8
R
P 0x7f2a7c191628
C 342
R
P 0x7f2a7c191628
P 0x7f2a7c4873c8
C 257
R
P 0x7f2a7c191628
C 342
R
P 0x7f2a7c191628
P 0x7f2a7c4873c8
C 254
= 0x7f2a7c19b208
R
P 0x7f2a7c191628
C 342
R
P 0x7f2a7c191628
P 0x7f2a7c19b208
C 209
R
P 0x7f2a7c191628
C 342
R
P 0x7f2a7c191628
P 0x7f2a7c4873c8
C 260
R
P 0x7f2a7c191628
C 342
R
P 0x7f2a7c191628
P 0x7f2a7c4873c8
C 259
R
P 0x7f2a7c191628
C 342
R
P 0x7f2a7c191628
P 0x7f2a7c4873c8
C 258
R
P 0x7f2a7c191628
C 342
R
P 0x7f2a7c191628
P 0x7f2a7c4873c8
C 9
R
P 0x7f2a7c191628
C 342
R
P 0x7f2a7c191628
U 2
P 0x7f2a7c19bbe8
P 0x7f2a7c4873c8
p 2
C 66
= 0x7f2a7c488158
R
P 0x7f2a7c191628
C 342
R
P 0x7f2a7c191628
P 0x7f2a7c488158
C 257
R
P 0x7f2a7c191628
C 342
R
P 0x7f2a7c191628
P 0x7f2a7c488158
C 254
= 0x7f2a7c19b208
R
P 0x7f2a7c191628
C 342
R
P 0x7f2a7c191628
P 0x7f2a7c19b208
C 209
R
P 0x7f2a7c191628
C 342
R
P 0x7f2a7c191628
P 0x7f2a7c488158
C 260
R
P 0x7f2a7c191628
C 342
R
P 0x7f2a7c191628
P 0x7f2a7c488158
C 259
R
P 0x7f2a7c191628
C 342
R
P 0x7f2a7c191628
P 0x7f2a7c488158
C 258
R
P 0x7f2a7c191628
C 342
R
P 0x7f2a7c191628
P 0x7f2a7c488158
C 9
R
P 0x7f2a7c191628
C 342
R
P 0x7f2a7c191628
U 2
P 0x7f2a7c19bb88
P 0x7f2a7c488158
p 2
C 65
= 0x7f2a7c488190
R
P 0x7f2a7c191628
C 342
R
P 0x7f2a7c191628
P 0x7f2a7c488190
C 257
R
P 0x7f2a7c191628
C 342
R
P 0x7f2a7c191628
P 0x7f2a7c488190
C 254
= 0x7f2a7c19b1e8
R
P 0x7f2a7c191628
C 342
R
P 0x7f2a7c191628
P 0x7f2a7c19b1e8
C 209
R
P 0x7f2a7c191628
C 342
R
P 0x7f2a7c191628
P 0x7f2a7c488190
C 260
R
P 0x7f2a7c191628
C 342
R
P 0x7f2a7c191628
P 0x7f2a7c488190
C 259
R
P 0x7f2a7c191628
C 342
R
P 0x7f2a7c191628
P 0x7f2a7c488190
C 258
R
P 0x7f2a7c191628
C 342
R
P 0x7f2a7c191628
P 0x7f2a7c488190
C 9
R
P 0x7f2a7c191628
C 342
R
P 0x7f2a7c191628
P 0x7f2a7c487390
P 0x7f2a7c488190
P 0x7f2a7c19bb88
C 59
= 0x7f2a7c19fb08
R
P 0x7f2a7c191628
C 342
R
P 0x7f2a7c191628
P 0x7f2a7c19fb08
C 257
R
P 0x7f2a7c191628
C 342
R
P 0x7f2a7c191628
P 0x7f2a7c19fb08
C 254
= 0x7f2a7c19b1e8
R
P 0x7f2a7c191628
C 342
R
P 0x7f2a7c191628
P 0x7f2a7c19b1e8
C 209
R
P 0x7f2a7c191628
C 342
R
P 0x7f2a7c191628
P 0x7f2a7c19fb08
C 260
R
P 0x7f2a7c191628
C 342
R
P 0x7f2a7c191628
P 0x7f2a7c19fb08
C 259
R
P 0x7f2a7c191628
C 342
R
P 0x7f2a7c191628
P 0x7f2a7c19fb08
C 258
R
P 0x7f2a7c191628
C 342
R
P 0x7f2a7c191628
P 0x7f2a7c19fb08
C 9
R
P 0x7f2a7c191628
C 342
R
P 0x7f2a7c191628
U 2
P 0x7f2a7c19c2a8
P 0x7f2a7c19fb08
p 2
C 65
= 0x7f2a7c488270
R
P 0x7f2a7c191628
C 342
R
P 0x7f2a7c191628
P 0x7f2a7c488270
C 257
R
P 0x7f2a7c191628
C 342
R
P 0x7f2a7c191628
P 0x7f2a7c488270
C 254
= 0x7f2a7c19b1e8
R
P 0x7f2a7c191628
C 342
R
P 0x7f2a7c191628
P 0x7f2a7c19b1e8
C 209
R
P 0x7f2a7c191628
C 342
R
P 0x7f2a7c191628
P 0x7f2a7c488270
C 260
R
P 0x7f2a7c191628
C 342
R
P 0x7f2a7c191628
P 0x7f2a7c488270
C 259
R
P 0x7f2a7c191628
C 342
R
P 0x7f2a7c191628
P 0x7f2a7c488270
C 258
R
P 0x7f2a7c191628
C 342
R
P 0x7f2a7c191628
P 0x7f2a7c488270
C 9
R
P 0x7f2a7c191628
C 342
R
P 0x7f2a7c191628
P 0x7f2a7c1a1970
P 0x7f2a7c488270
C 73
= 0x7f2a7c48ace8
R
P 0x7f2a7c191628
C 342
R
P 0x7f2a7c191628
P 0x7f2a7c48ace8
C 258
R
P 0x7f2a7c191628
C 342
R
P 0x7f2a7c191628
P 0x7f2a7c48ace8
C 9
R
P 0x7f2a7c191628
C 342
R
P 0x7f2a7c191628
I 2
P 0x7f2a7c19b208
C 150
= 0x7f2a7c19bcc8
R
P 0x7f2a7c191628
C 342
R
P 0x7f2a7c191628
P 0x7f2a7c19bcc8
C 258
R
P 0x7f2a7c191628
C 342
R
P 0x7f2a7c191628
P 0x7f2a7c19bcc8
C 9
R
P 0x7f2a7c191628
C 342
R
P 0x7f2a7c191628
I 1
P 0x7f2a7c19b208
C 150
= 0x7f2a7c19bc88
R
P 0x7f2a7c191628
C 342
R
P 0x7f2a7c191628
P 0x7f2a7c19bc88
C 258
R
P 0x7f2a7c191628
C 342
R
P 0x7f2a7c191628
P 0x7f2a7c19bc88
C 9
R
P 0x7f2a7c191628
C 342
R
P 0x7f2a7c191628
P 0x7f2a7c19bcc8
P 0x7f2a7c19bc88
C 75
= 0x7f2a7c1a1890
R
P 0x7f2a7c191628
C 342
R
P 0x7f2a7c191628
P 0x7f2a7c1a1890
C 258
R
P 0x7f2a7c191628
C 342
R
P 0x7f2a7c191628
P 0x7f2a7c1a1890
C 9
R
P 0x7f2a7c191628
C 342
R
P 0x7f2a7c191628
I 1
P 0x7f2a7c19b208
C 150
= 0x7f2a7c19bc88
R
P 0x7f2a7c191628
C 342
R
P 0x7f2a7c191628
P 0x7f2a7c19bc88
C 258
R
P 0x7f2a7c191628
C 342
R
P 0x7f2a7c191628
P 0x7f2a7c19bc88
C 9
R
P 0x7f2a7c191628
C 342
R
P 0x7f2a7c191628
U 2
P 0x7f2a7c19bcc8
P 0x7f2a7c19bc88
p 2
C 67
= 0x7f2a7c1a18c8
R
P 0x7f2a7c191628
C 342
R
P 0x7f2a7c191628
P 0x7f2a7c1a18c8
C 257
R
P 0x7f2a7c191628
C 342
R
P 0x7f2a7c191628
P 0x7f2a7c1a18c8
C 254
= 0x7f2a7c19b208
R
P 0x7f2a7c191628
C 342
R
P 0x7f2a7c191628
P 0x7f2a7c19b208
C 209
R
P 0x7f2a7c191628
C 342
R
P 0x7f2a7c191628
P 0x7f2a7c1a18c8
C 260
R
P 0x7f2a7c191628
C 342
R
P 0x7f2a7c191628
P 0x7f2a7c1a18c8
C 259
R
P 0x7f2a7c191628
C 342
R
P 0x7f2a7c191628
P 0x7f2a7c1a18c8
C 258
R
P 0x7f2a7c191628
C 342
R
P 0x7f2a7c191628
P 0x7f2a7c1a18c8
C 9
R
P 0x7f2a7c191628
C 342
R
P 0x7f2a7c191628
U 2
P 0x7f2a7c19bba8
P 0x7f2a7c1a18c8
p 2
C 66
= 0x7f2a7c1a1900
R
P 0x7f2a7c191628
C 342
R
P 0x7f2a7c191628
P 0x7f2a7c1a1900
C 257
R
P 0x7f2a7c191628
C 342
R
P 0x7f2a7c191628
P 0x7f2a7c1a1900
C 254
= 0x7f2a7c19b1e8
R
P 0x7f2a7c191628
C 342
R
P 0x7f2a7c191628
P 0x7f2a7c19b1e8
C 209
R
P 0x7f2a7c191628
C 342
R
P 0x7f2a7c191628
P 0x7f2a7c1a1900
C 260
R
P 0x7f2a7c191628
C 342
R
P 0x7f2a7c191628
P 0x7f2a7c1a1900
C 259
R
P 0x7f2a7c191628
C 342
R
P 0x7f2a7c191628
P 0x7f2a7c1a1900
C 258
R
P 0x7f2a7c191628
C 342
R
P 0x7f2a7c191628
P 0x7f2a7c1a1900
C 9
R
P 0x7f2a7c191628
C 342
R
P 0x7f2a7c191628
U 2
P 0x7f2a7c19bc28
P 0x7f2a7c1a1900
p 2
C 65
= 0x7f2a7c1a1938
R
P 0x7f2a7c191628
C 342
R
P 0x7f2a7c191628
P 0x7f2a7c1a1938
C 257
R
P 0x7f2a7c191628
C 342
R
P 0x7f2a7c191628
P 0x7f2a7c1a1938
C 254
= 0x7f2a7c19b1e8
R
P 0x7f2a7c191628
C 342
R
P 0x7f2a7c191628
P 0x7f2a7c19b1e8
C 209
R
P 0x7f2a7c191628
C 342
R
P 0x7f2a7c191628
P 0x7f2a7c1a1938
C 260
R
P 0x7f2a7c191628
C 342
R
P 0x7f2a7c191628
P 0x7f2a7c1a1938
C 259
R
P 0x7f2a7c191628
C 342
R
P 0x7f2a7c191628
P 0x7f2a7c1a1938
C 258
R
P 0x7f2a7c191628
C 342
R
P 0x7f2a7c191628
P 0x7f2a7c1a1938
C 9
R
P 0x7f2a7c191628
C 342
R
P 0x7f2a7c191628
P 0x7f2a7c1a1890
P 0x7f2a7c1a1938
P 0x7f2a7c19bc28
C 59
= 0x7f2a7c19f888
R
P 0x7f2a7c191628
C 342
R
P 0x7f2a7c191628
P 0x7f2a7c19f888
C 257
R
P 0x7f2a7c191628
C 342
R
P 0x7f2a7c191628
P 0x7f2a7c19f888
C 254
= 0x7f2a7c19b1e8
R
P 0x7f2a7c191628
C 342
R
P 0x7f2a7c191628
P 0x7f2a7c19b1e8
C 209
R
P 0x7f2a7c191628
C 342
R
P 0x7f2a7c191628
P 0x7f2a7c19f888
C 260
R
P 0x7f2a7c191628
C 342
R
P 0x7f2a7c191628
P 0x7f2a7c19f888
C 259
R
P 0x7f2a7c191628
C 342
R
P 0x7f2a7c191628
P 0x7f2a7c19f888
C 258
R
P 0x7f2a7c191628
C 342
R
P 0x7f2a7c191628
P 0x7f2a7c19f888
C 9
R
P 0x7f2a7c191628
C 342
R
P 0x7f2a7c191628
U 2
P 0x7f2a7c19f888
P 0x7f2a7c19bb48
p 2
C 65
= 0x7f2a7c1a1970
R
P 0x7f2a7c191628
C 342
R
P 0x7f2a7c191628
P 0x7f2a7c1a1970
C 257
R
P 0x7f2a7c191628
C 342
R
P 0x7f2a7c191628
P 0x7f2a7c1a1970
C 254
= 0x7f2a7c19b1e8
R
P 0x7f2a7c191628
C 342
R
P 0x7f2a7c191628
P 0x7f2a7c19b1e8
C 209
R
P 0x7f2a7c191628
C 342
R
P 0x7f2a7c191628
P 0x7f2a7c1a1970
C 260
R
P 0x7f2a7c191628
C 342
R
P 0x7f2a7c191628
P 0x7f2a7c1a1970
C 259
R
P 0x7f2a7c191628
C 342
R
P 0x7f2a7c191628
P 0x7f2a7c1a1970
C 258
R
P 0x7f2a7c191628
C 342
R
P 0x7f2a7c191628
P 0x7f2a7c1a1970
C 9
R
P 0x7f2a7c191628
C 342
R
P 0x7f2a7c191628
I 4
P 0x7f2a7c19b208
C 150
= 0x7f2a7c19c028
R
P 0x7f2a7c191628
C 342
R
P 0x7f2a7c191628
P 0x7f2a7c19c028
C 258
R
P 0x7f2a7c191628
C 342
R
P 0x7f2a7c191628
P 0x7f2a7c19c028
C 9
R
P 0x7f2a7c191628
C 342
R
P 0x7f2a7c191628
I 1
P 0x7f2a7c19b208
C 150
= 0x7f2a7c19bc88
R
P 0x7f2a7c191628
C 342
R
P 0x7f2a7c191628
P 0x7f2a7c19bc88
C 258
R
P 0x7f2a7c191628
C 342
R
P 0x7f2a7c191628
P 0x7f2a7c19bc88
C 9
R
P 0x7f2a7c191628
C 342
R
P 0x7f2a7c191628
P 0x7f2a7c19c028
P 0x7f2a7c19bc88
C 75
= 0x7f2a7c487390
R
P 0x7f2a7c191628
C 342
R
P 0x7f2a7c191628
P 0x7f2a7c487390
C 258
R
P 0x7f2a7c191628
C 342
R
P 0x7f2a7c191628
P 0x7f2a7c487390
C 9
R
P 0x7f2a7c191628
C 342
R
P 0x7f2a7c191628
I 1
P 0x7f2a7c19b208
C 150
= 0x7f2a7c19bc88
R
P 0x7f2a7c191628
C 342
R
P 0x7f2a7c191628
P 0x7f2a7c19bc88
C 258
R
P 0x7f2a7c191628
C 342
R
P 0x7f2a7c191628
P 0x7f2a7c19bc88
C 9
R
P 0x7f2a7c191628
C 342
R
P 0x7f2a7c191628
U 2
P 0x7f2a7c19c028
P 0x7f2a7c19bc88
p 2
C 67
= 0x7f2a7c4873c8
R
P 0x7f2a7c191628
C 342
R
P 0x7f2a7c191628
P 0x7f2a7c4873c8
C 257
R
P 0x7f2a7c191628
C 342
R
P 0x7f2a7c191628
P 0x7f2a7c4873c8
C 254
= 0x7f2a7c19b208
R
P 0x7f2a7c191628
C 342
R
P 0x7f2a7c191628
P 0x7f2a7c19b208
C 209
R
P 0x7f2a7c191628
C 342
R
P 0x7f2a7c191628
P 0x7f2a7c4873c8
C 260
R
P 0x7f2a7c191628
C 342
R
P 0x7f2a7c191628
P 0x7f2a7c4873c8
C 259
R
P 0x7f2a7c191628
C 342
R
P 0x7f2a7c191628
P 0x7f2a7c4873c8
C 258
R
P 0x7f2a7c191628
C 342
R
P 0x7f2a7c191628
P 0x7f2a7c4873c8
C 9
R
P 0x7f2a7c191628
C 342
R
P 0x7f2a7c191628
U 2
P 0x7f2a7c19bbe8
P 0x7f2a7c4873c8
p 2
C 66
= 0x7f2a7c488158
R
P 0x7f2a7c191628
C 342
R
P 0x7f2a7c191628
P 0x7f2a7c488158
C 257
R
P 0x7f2a7c191628
C 342
R
P 0x7f2a7c191628
P 0x7f2a7c488158
C 254
= 0x7f2a7c19b208
R
P 0x7f2a7c191628
C 342
R
P 0x7f2a7c191628
P 0x7f2a7c19b208
C 209
R
P 0x7f2a7c191628
C 342
R
P 0x7f2a7c191628
P 0x7f2a7c488158
C 260
R
P 0x7f2a7c191628
C 342
R
P 0x7f2a7c191628
P 0x7f2a7c488158
C 259
R
P 0x7f2a7c191628
C 342
R
P 0x7f2a7c191628
P 0x7f2a7c488158
C 258
R
P 0x7f2a7c191628
C 342
R
P 0x7f2a7c191628
P 0x7f2a7c488158
C 9
R
P 0x7f2a7c191628
C 342
R
P 0x7f2a7c191628
U 2
P 0x7f2a7c19bb88
P 0x7f2a7c488158
p 2
C 65
= 0x7f2a7c488190
R
P 0x7f2a7c191628
C 342
R
P 0x7f2a7c191628
P 0x7f2a7c488190
C 257
R
P 0x7f2a7c191628
C 342
R
P 0x7f2a7c191628
P 0x7f2a7c488190
C 254
= 0x7f2a7c19b1e8
R
P 0x7f2a7c191628
C 342
R
P 0x7f2a7c191628
P 0x7f2a7c19b1e8
C 209
R
P 0x7f2a7c191628
C 342
R
P 0x7f2a7c191628
P 0x7f2a7c488190
C 260
R
P 0x7f2a7c191628
C 342
R
P 0x7f2a7c191628
P 0x7f2a7c488190
C 259
R
P 0x7f2a7c191628
C 342
R
P 0x7f2a7c191628
P 0x7f2a7c488190
C 258
R
P 0x7f2a7c191628
C 342
R
P 0x7f2a7c191628
P 0x7f2a7c488190
C 9
R
P 0x7f2a7c191628
C 342
R
P 0x7f2a7c191628
P 0x7f2a7c487390
P 0x7f2a7c488190
P 0x7f2a7c19bb88
C 59
= 0x7f2a7c19fb08
R
P 0x7f2a7c191628
C 342
R
P 0x7f2a7c191628
P 0x7f2a7c19fb08
C 257
R
P 0x7f2a7c191628
C 342
R
P 0x7f2a7c191628
P 0x7f2a7c19fb08
C 254
= 0x7f2a7c19b1e8
R
P 0x7f2a7c191628
C 342
R
P 0x7f2a7c191628
P 0x7f2a7c19b1e8
C 209
R
P 0x7f2a7c191628
C 342
R
P 0x7f2a7c191628
P 0x7f2a7c19fb08
C 260
R
P 0x7f2a7c191628
C 342
R
P 0x7f2a7c191628
P 0x7f2a7c19fb08
C 259
R
P 0x7f2a7c191628
C 342
R
P 0x7f2a7c191628
P 0x7f2a7c19fb08
C 258
R
P 0x7f2a7c191628
C 342
R
P 0x7f2a7c191628
P 0x7f2a7c19fb08
C 9
R
P 0x7f2a7c191628
C 342
R
P 0x7f2a7c191628
P 0x7f2a7c1a1970
P 0x7f2a7c19fb08
C 76
= 0x7f2a7c48ad20
R
P 0x7f2a7c191628
C 342
R
P 0x7f2a7c191628
P 0x7f2a7c48ad20
C 258
R
P 0x7f2a7c191628
C 342
R
P 0x7f2a7c191628
P 0x7f2a7c48ad20
C 9
R
P 0x7f2a7c191628
C 342
R
P 0x7f2a7c191628
U 2
P 0x7f2a7c48ace8
P 0x7f2a7c48ad20
p 2
C 63
= 0x7f2a7c48ad58
R
P 0x7f2a7c191628
C 342
R
P 0x7f2a7c191628
P 0x7f2a7c48ad58
C 258
R
P 0x7f2a7c191628
C 342
R
P 0x7f2a7c191628
P 0x7f2a7c48ad58
C 9
R
P 0x7f2a7c191628
C 342
R
P 0x7f2a7c191628
I 2
P 0x7f2a7c19b208
C 150
= 0x7f2a7c19bcc8
R
P 0x7f2a7c191628
C 342
R
P 0x7f2a7c191628
P 0x7f2a7c19bcc8
C 258
R
P 0x7f2a7c191628
C 342
R
P 0x7f2a7c191628
P 0x7f2a7c19bcc8
C 9
R
P 0x7f2a7c191628
C 342
R
P 0x7f2a7c191628
P 0x7f2a7c19bcc8
C 263
R
P 0x7f2a7c191628
C 342
R
P 0x7f2a7c191628
S "dev0T32"
C 30
R
P 0x7f2a7c191628
C 342
R
P 0x7f2a7c191628
$ |dev0T32|
C 202
R
P 0x7f2a7c191628
C 342
R
P 0x7f2a7c191628
$ |dev0T32|
P 0x7f2a7c19b1e8
C 51
= 0x7f2a7c19bce8
R
P 0x7f2a7c191628
C 342
R
P 0x7f2a7c191628
P 0x7f2a7c19bce8
C 257
R
P 0x7f2a7c191628
C 342
R
P 0x7f2a7c191628
P 0x7f2a7c19bce8
C 254
= 0x7f2a7c19b1e8
R
P 0x7f2a7c191628
C 342
R
P 0x7f2a7c191628
P 0x7f2a7c19b1e8
C 209
R
P 0x7f2a7c191628
C 342
R
P 0x7f2a7c191628
P 0x7f2a7c19bce8
C 260
R
P 0x7f2a7c191628
C 342
R
P 0x7f2a7c191628
P 0x7f2a7c19bce8
C 259
R
P 0x7f2a7c191628
C 342
R
P 0x7f2a7c191628
P 0x7f2a7c19bce8
C 258
R
P 0x7f2a7c191628
C 342
R
P 0x7f2a7c191628
P 0x7f2a7c19bce8
C 9
R
P 0x7f2a7c191628
C 342
R
P 0x7f2a7c191628
P 0x7f2a7c19bc68
C 333
R
P 0x7f2a7c191628
C 342
R
P 0x7f2a7c191628
S "slotflowPriorityStart"
C 30
R
P 0x7f2a7c191628
C 342
R
P 0x7f2a7c191628
$ |slotflowPriorityStart|
C 202
R
P 0x7f2a7c191628
C 342
R
P 0x7f2a7c191628
$ |slotflowPriorityStart|
P 0x7f2a7c19b1e8
C 51
= 0x7f2a7c19c2a8
R
P 0x7f2a7c191628
C 342
R
P 0x7f2a7c191628
P 0x7f2a7c19c2a8
C 257
R
P 0x7f2a7c191628
C 342
R
P 0x7f2a7c191628
P 0x7f2a7c19c2a8
C 254
= 0x7f2a7c19b1e8
R
P 0x7f2a7c191628
C 342
R
P 0x7f2a7c191628
P 0x7f2a7c19b1e8
C 209
R
P 0x7f2a7c191628
C 342
R
P 0x7f2a7c191628
P 0x7f2a7c19c2a8
C 260
R
P 0x7f2a7c191628
C 342
R
P 0x7f2a7c191628
P 0x7f2a7c19c2a8
C 259
R
P 0x7f2a7c191628
C 342
R
P 0x7f2a7c191628
P 0x7f2a7c19c2a8
C 258
R
P 0x7f2a7c191628
C 342
R
P 0x7f2a7c191628
P 0x7f2a7c19c2a8
C 9
R
P 0x7f2a7c191628
C 342
R
P 0x7f2a7c191628
I 4
P 0x7f2a7c19b208
C 150
= 0x7f2a7c19c028
R
P 0x7f2a7c191628
C 342
R
P 0x7f2a7c191628
P 0x7f2a7c19c028
C 258
R
P 0x7f2a7c191628
C 342
R
P 0x7f2a7c191628
P 0x7f2a7c19c028
C 9
R
P 0x7f2a7c191628
C 342
R
P 0x7f2a7c191628
I 1
P 0x7f2a7c19b208
C 150
= 0x7f2a7c19bc88
R
P 0x7f2a7c191628
C 342
R
P 0x7f2a7c191628
P 0x7f2a7c19bc88
C 258
R
P 0x7f2a7c191628
C 342
R
P 0x7f2a7c191628
P 0x7f2a7c19bc88
C 9
R
P 0x7f2a7c191628
C 342
R
P 0x7f2a7c191628
P 0x7f2a7c19c028
P 0x7f2a7c19bc88
C 75
= 0x7f2a7c487390
R
P 0x7f2a7c191628
C 342
R
P 0x7f2a7c191628
P 0x7f2a7c487390
C 258
R
P 0x7f2a7c191628
C 342
R
P 0x7f2a7c191628
P 0x7f2a7c487390
C 9
R
P 0x7f2a7c191628
C 342
R
P 0x7f2a7c191628
I 1
P 0x7f2a7c19b208
C 150
= 0x7f2a7c19bc88
R
P 0x7f2a7c191628
C 342
R
P 0x7f2a7c191628
P 0x7f2a7c19bc88
C 258
R
P 0x7f2a7c191628
C 342
R
P 0x7f2a7c191628
P 0x7f2a7c19bc88
C 9
R
P 0x7f2a7c191628
C 342
R
P 0x7f2a7c191628
U 2
P 0x7f2a7c19c028
P 0x7f2a7c19bc88
p 2
C 67
= 0x7f2a7c4873c8
R
P 0x7f2a7c191628
C 342
R
P 0x7f2a7c191628
P 0x7f2a7c4873c8
C 257
R
P 0x7f2a7c191628
C 342
R
P 0x7f2a7c191628
P 0x7f2a7c4873c8
C 254
= 0x7f2a7c19b208
R
P 0x7f2a7c191628
C 342
R
P 0x7f2a7c191628
P 0x7f2a7c19b208
C 209
R
P 0x7f2a7c191628
C 342
R
P 0x7f2a7c191628
P 0x7f2a7c4873c8
C 260
R
P 0x7f2a7c191628
C 342
R
P 0x7f2a7c191628
P 0x7f2a7c4873c8
C 259
R
P 0x7f2a7c191628
C 342
R
P 0x7f2a7c191628
P 0x7f2a7c4873c8
C 258
R
P 0x7f2a7c191628
C 342
R
P 0x7f2a7c191628
P 0x7f2a7c4873c8
C 9
R
P 0x7f2a7c191628
C 342
R
P 0x7f2a7c191628
U 2
P 0x7f2a7c19bbe8
P 0x7f2a7c4873c8
p 2
C 66
= 0x7f2a7c488158
R
P 0x7f2a7c191628
C 342
R
P 0x7f2a7c191628
P 0x7f2a7c488158
C 257
R
P 0x7f2a7c191628
C 342
R
P 0x7f2a7c191628
P 0x7f2a7c488158
C 254
= 0x7f2a7c19b208
R
P 0x7f2a7c191628
C 342
R
P 0x7f2a7c191628
P 0x7f2a7c19b208
C 209
R
P 0x7f2a7c191628
C 342
R
P 0x7f2a7c191628
P 0x7f2a7c488158
C 260
R
P 0x7f2a7c191628
C 342
R
P 0x7f2a7c191628
P 0x7f2a7c488158
C 259
R
P 0x7f2a7c191628
C 342
R
P 0x7f2a7c191628
P 0x7f2a7c488158
C 258
R
P 0x7f2a7c191628
C 342
R
P 0x7f2a7c191628
P 0x7f2a7c488158
C 9
R
P 0x7f2a7c191628
C 342
R
P 0x7f2a7c191628
U 2
P 0x7f2a7c19bb88
P 0x7f2a7c488158
p 2
C 65
= 0x7f2a7c488190
R
P 0x7f2a7c191628
C 342
R
P 0x7f2a7c191628
P 0x7f2a7c488190
C 257
R
P 0x7f2a7c191628
C 342
R
P 0x7f2a7c191628
P 0x7f2a7c488190
C 254
= 0x7f2a7c19b1e8
R
P 0x7f2a7c191628
C 342
R
P 0x7f2a7c191628
P 0x7f2a7c19b1e8
C 209
R
P 0x7f2a7c191628
C 342
R
P 0x7f2a7c191628
P 0x7f2a7c488190
C 260
R
P 0x7f2a7c191628
C 342
R
P 0x7f2a7c191628
P 0x7f2a7c488190
C 259
R
P 0x7f2a7c191628
C 342
R
P 0x7f2a7c191628
P 0x7f2a7c488190
C 258
R
P 0x7f2a7c191628
C 342
R
P 0x7f2a7c191628
P 0x7f2a7c488190
C 9
R
P 0x7f2a7c191628
C 342
R
P 0x7f2a7c191628
P 0x7f2a7c487390
P 0x7f2a7c488190
P 0x7f2a7c19bb88
C 59
= 0x7f2a7c19fb08
R
P 0x7f2a7c191628
C 342
R
P 0x7f2a7c191628
P 0x7f2a7c19fb08
C 257
R
P 0x7f2a7c191628
C 342
R
P 0x7f2a7c191628
P 0x7f2a7c19fb08
C 254
= 0x7f2a7c19b1e8
R
P 0x7f2a7c191628
C 342
R
P 0x7f2a7c191628
P 0x7f2a7c19b1e8
C 209
R
P 0x7f2a7c191628
C 342
R
P 0x7f2a7c191628
P 0x7f2a7c19fb08
C 260
R
P 0x7f2a7c191628
C 342
R
P 0x7f2a7c191628
P 0x7f2a7c19fb08
C 259
R
P 0x7f2a7c191628
C 342
R
P 0x7f2a7c191628
P 0x7f2a7c19fb08
C 258
R
P 0x7f2a7c191628
C 342
R
P 0x7f2a7c191628
P 0x7f2a7c19fb08
C 9
R
P 0x7f2a7c191628
C 342
R
P 0x7f2a7c191628
U 2
P 0x7f2a7c19c2a8
P 0x7f2a7c19fb08
p 2
C 65
= 0x7f2a7c488270
R
P 0x7f2a7c191628
C 342
R
P 0x7f2a7c191628
P 0x7f2a7c488270
C 257
R
P 0x7f2a7c191628
C 342
R
P 0x7f2a7c191628
P 0x7f2a7c488270
C 254
= 0x7f2a7c19b1e8
R
P 0x7f2a7c191628
C 342
R
P 0x7f2a7c191628
P 0x7f2a7c19b1e8
C 209
R
P 0x7f2a7c191628
C 342
R
P 0x7f2a7c191628
P 0x7f2a7c488270
C 260
R
P 0x7f2a7c191628
C 342
R
P 0x7f2a7c191628
P 0x7f2a7c488270
C 259
R
P 0x7f2a7c191628
C 342
R
P 0x7f2a7c191628
P 0x7f2a7c488270
C 258
R
P 0x7f2a7c191628
C 342
R
P 0x7f2a7c191628
P 0x7f2a7c488270
C 9
R
P 0x7f2a7c191628
C 342
R
P 0x7f2a7c191628
U 2
P 0x7f2a7c488270
P 0x7f2a7c19bb68
p 2
C 65
= 0x7f2a7c489db0
R
P 0x7f2a7c191628
C 342
R
P 0x7f2a7c191628
P 0x7f2a7c489db0
C 257
R
P 0x7f2a7c191628
C 342
R
P 0x7f2a7c191628
P 0x7f2a7c489db0
C 254
= 0x7f2a7c19b1e8
R
P 0x7f2a7c191628
C 342
R
P 0x7f2a7c191628
P 0x7f2a7c19b1e8
C 209
R
P 0x7f2a7c191628
C 342
R
P 0x7f2a7c191628
P 0x7f2a7c489db0
C 260
R
P 0x7f2a7c191628
C 342
R
P 0x7f2a7c191628
P 0x7f2a7c489db0
C 259
R
P 0x7f2a7c191628
C 342
R
P 0x7f2a7c191628
P 0x7f2a7c489db0
C 258
R
P 0x7f2a7c191628
C 342
R
P 0x7f2a7c191628
P 0x7f2a7c489db0
C 9
R
P 0x7f2a7c191628
C 342
R
P 0x7f2a7c191628
P 0x7f2a7c19bce8
P 0x7f2a7c489db0
C 76
= 0x7f2a7c48ad90
R
P 0x7f2a7c191628
C 342
R
P 0x7f2a7c191628
P 0x7f2a7c48ad90
C 258
R
P 0x7f2a7c191628
C 342
R
P 0x7f2a7c191628
P 0x7f2a7c48ad90
C 9
R
P 0x7f2a7c191628
C 342
R
P 0x7f2a7c191628
I 2
P 0x7f2a7c19b208
C 150
= 0x7f2a7c19bcc8
R
P 0x7f2a7c191628
C 342
R
P 0x7f2a7c191628
P 0x7f2a7c19bcc8
C 258
R
P 0x7f2a7c191628
C 342
R
P 0x7f2a7c191628
P 0x7f2a7c19bcc8
C 9
R
P 0x7f2a7c191628
C 342
R
P 0x7f2a7c191628
P 0x7f2a7c19bcc8
C 263
R
P 0x7f2a7c191628
C 342
R
P 0x7f2a7c191628
S "dev0T32"
C 30
R
P 0x7f2a7c191628
C 342
R
P 0x7f2a7c191628
$ |dev0T32|
C 202
R
P 0x7f2a7c191628
C 342
R
P 0x7f2a7c191628
$ |dev0T32|
P 0x7f2a7c19b1e8
C 51
= 0x7f2a7c19bce8
R
P 0x7f2a7c191628
C 342
R
P 0x7f2a7c191628
P 0x7f2a7c19bce8
C 257
R
P 0x7f2a7c191628
C 342
R
P 0x7f2a7c191628
P 0x7f2a7c19bce8
C 254
= 0x7f2a7c19b1e8
R
P 0x7f2a7c191628
C 342
R
P 0x7f2a7c191628
P 0x7f2a7c19b1e8
C 209
R
P 0x7f2a7c191628
C 342
R
P 0x7f2a7c191628
P 0x7f2a7c19bce8
C 260
R
P 0x7f2a7c191628
C 342
R
P 0x7f2a7c191628
P 0x7f2a7c19bce8
C 259
R
P 0x7f2a7c191628
C 342
R
P 0x7f2a7c191628
P 0x7f2a7c19bce8
C 258
R
P 0x7f2a7c191628
C 342
R
P 0x7f2a7c191628
P 0x7f2a7c19bce8
C 9
R
P 0x7f2a7c191628
C 342
R
P 0x7f2a7c191628
P 0x7f2a7c19bc68
C 333
R
P 0x7f2a7c191628
C 342
R
P 0x7f2a7c191628
S "slotflowPriorityStart"
C 30
R
P 0x7f2a7c191628
C 342
R
P 0x7f2a7c191628
$ |slotflowPriorityStart|
C 202
R
P 0x7f2a7c191628
C 342
R
P 0x7f2a7c191628
$ |slotflowPriorityStart|
P 0x7f2a7c19b1e8
C 51
= 0x7f2a7c19c2a8
R
P 0x7f2a7c191628
C 342
R
P 0x7f2a7c191628
P 0x7f2a7c19c2a8
C 257
R
P 0x7f2a7c191628
C 342
R
P 0x7f2a7c191628
P 0x7f2a7c19c2a8
C 254
= 0x7f2a7c19b1e8
R
P 0x7f2a7c191628
C 342
R
P 0x7f2a7c191628
P 0x7f2a7c19b1e8
C 209
R
P 0x7f2a7c191628
C 342
R
P 0x7f2a7c191628
P 0x7f2a7c19c2a8
C 260
R
P 0x7f2a7c191628
C 342
R
P 0x7f2a7c191628
P 0x7f2a7c19c2a8
C 259
R
P 0x7f2a7c191628
C 342
R
P 0x7f2a7c191628
P 0x7f2a7c19c2a8
C 258
R
P 0x7f2a7c191628
C 342
R
P 0x7f2a7c191628
P 0x7f2a7c19c2a8
C 9
R
P 0x7f2a7c191628
C 342
R
P 0x7f2a7c191628
P 0x7f2a7c19bc68
C 333
R
P 0x7f2a7c191628
C 342
R
P 0x7f2a7c191628
S "slotflowPriorityDuration"
C 30
R
P 0x7f2a7c191628
C 342
R
P 0x7f2a7c191628
$ |slotflowPriorityDuration|
C 202
R
P 0x7f2a7c191628
C 342
R
P 0x7f2a7c191628
$ |slotflowPriorityDuration|
P 0x7f2a7c19b1e8
C 51
= 0x7f2a7c19c268
R
P 0x7f2a7c191628
C 342
R
P 0x7f2a7c191628
P 0x7f2a7c19c268
C 257
R
P 0x7f2a7c191628
C 342
R
P 0x7f2a7c191628
P 0x7f2a7c19c268
C 254
= 0x7f2a7c19b1e8
R
P 0x7f2a7c191628
C 342
R
P 0x7f2a7c191628
P 0x7f2a7c19b1e8
C 209
R
P 0x7f2a7c191628
C 342
R
P 0x7f2a7c191628
P 0x7f2a7c19c268
C 260
R
P 0x7f2a7c191628
C 342
R
P 0x7f2a7c191628
P 0x7f2a7c19c268
C 259
R
P 0x7f2a7c191628
C 342
R
P 0x7f2a7c191628
P 0x7f2a7c19c268
C 258
R
P 0x7f2a7c191628
C 342
R
P 0x7f2a7c191628
P 0x7f2a7c19c268
C 9
R
P 0x7f2a7c191628
C 342
R
P 0x7f2a7c191628
U 2
P 0x7f2a7c19c2a8
P 0x7f2a7c19c268
p 2
C 65
= 0x7f2a7c487908
R
P 0x7f2a7c191628
C 342
R
P 0x7f2a7c191628
P 0x7f2a7c487908
C 257
R
P 0x7f2a7c191628
C 342
R
P 0x7f2a7c191628
P 0x7f2a7c487908
C 254
= 0x7f2a7c19b1e8
R
P 0x7f2a7c191628
C 342
R
P 0x7f2a7c191628
P 0x7f2a7c19b1e8
C 209
R
P 0x7f2a7c191628
C 342
R
P 0x7f2a7c191628
P 0x7f2a7c487908
C 260
R
P 0x7f2a7c191628
C 342
R
P 0x7f2a7c191628
P 0x7f2a7c487908
C 259
R
P 0x7f2a7c191628
C 342
R
P 0x7f2a7c191628
P 0x7f2a7c487908
C 258
R
P 0x7f2a7c191628
C 342
R
P 0x7f2a7c191628
P 0x7f2a7c487908
C 9
R
P 0x7f2a7c191628
C 342
R
P 0x7f2a7c191628
I 4
P 0x7f2a7c19b208
C 150
= 0x7f2a7c19c028
R
P 0x7f2a7c191628
C 342
R
P 0x7f2a7c191628
P 0x7f2a7c19c028
C 258
R
P 0x7f2a7c191628
C 342
R
P 0x7f2a7c191628
P 0x7f2a7c19c028
C 9
R
P 0x7f2a7c191628
C 342
R
P 0x7f2a7c191628
I 1
P 0x7f2a7c19b208
C 150
= 0x7f2a7c19bc88
R
P 0x7f2a7c191628
C 342
R
P 0x7f2a7c191628
P 0x7f2a7c19bc88
C 258
R
P 0x7f2a7c191628
C 342
R
P 0x7f2a7c191628
P 0x7f2a7c19bc88
C 9
R
P 0x7f2a7c191628
C 342
R
P 0x7f2a7c191628
P 0x7f2a7c19c028
P 0x7f2a7c19bc88
C 75
= 0x7f2a7c487390
R
P 0x7f2a7c191628
C 342
R
P 0x7f2a7c191628
P 0x7f2a7c487390
C 258
R
P 0x7f2a7c191628
C 342
R
P 0x7f2a7c191628
P 0x7f2a7c487390
C 9
R
P 0x7f2a7c191628
C 342
R
P 0x7f2a7c191628
I 1
P 0x7f2a7c19b208
C 150
= 0x7f2a7c19bc88
R
P 0x7f2a7c191628
C 342
R
P 0x7f2a7c191628
P 0x7f2a7c19bc88
C 258
R
P 0x7f2a7c191628
C 342
R
P 0x7f2a7c191628
P 0x7f2a7c19bc88
C 9
R
P 0x7f2a7c191628
C 342
R
P 0x7f2a7c191628
U 2
P 0x7f2a7c19c028
P 0x7f2a7c19bc88
p 2
C 67
= 0x7f2a7c4873c8
R
P 0x7f2a7c191628
C 342
R
P 0x7f2a7c191628
P 0x7f2a7c4873c8
C 257
R
P 0x7f2a7c191628
C 342
R
P 0x7f2a7c191628
P 0x7f2a7c4873c8
C 254
= 0x7f2a7c19b208
R
P 0x7f2a7c191628
C 342
R
P 0x7f2a7c191628
P 0x7f2a7c19b208
C 209
R
P 0x7f2a7c191628
C 342
R
P 0x7f2a7c191628
P 0x7f2a7c4873c8
C 260
R
P 0x7f2a7c191628
C 342
R
P 0x7f2a7c191628
P 0x7f2a7c4873c8
C 259
R
P 0x7f2a7c191628
C 342
R
P 0x7f2a7c191628
P 0x7f2a7c4873c8
C 258
R
P 0x7f2a7c191628
C 342
R
P 0x7f2a7c191628
P 0x7f2a7c4873c8
C 9
R
P 0x7f2a7c191628
C 342
R
P 0x7f2a7c191628
U 2
P 0x7f2a7c19bbe8
P 0x7f2a7c4873c8
p 2
C 66
= 0x7f2a7c488158
R
P 0x7f2a7c191628
C 342
R
P 0x7f2a7c191628
P 0x7f2a7c488158
C 257
R
P 0x7f2a7c191628
C 342
R
P 0x7f2a7c191628
P 0x7f2a7c488158
C 254
= 0x7f2a7c19b208
R
P 0x7f2a7c191628
C 342
R
P 0x7f2a7c191628
P 0x7f2a7c19b208
C 209
R
P 0x7f2a7c191628
C 342
R
P 0x7f2a7c191628
P 0x7f2a7c488158
C 260
R
P 0x7f2a7c191628
C 342
R
P 0x7f2a7c191628
P 0x7f2a7c488158
C 259
R
P 0x7f2a7c191628
C 342
R
P 0x7f2a7c191628
P 0x7f2a7c488158
C 258
R
P 0x7f2a7c191628
C 342
R
P 0x7f2a7c191628
P 0x7f2a7c488158
C 9
R
P 0x7f2a7c191628
C 342
R
P 0x7f2a7c191628
U 2
P 0x7f2a7c19bb88
P 0x7f2a7c488158
p 2
C 65
= 0x7f2a7c488190
R
P 0x7f2a7c191628
C 342
R
P 0x7f2a7c191628
P 0x7f2a7c488190
C 257
R
P 0x7f2a7c191628
C 342
R
P 0x7f2a7c191628
P 0x7f2a7c488190
C 254
= 0x7f2a7c19b1e8
R
P 0x7f2a7c191628
C 342
R
P 0x7f2a7c191628
P 0x7f2a7c19b1e8
C 209
R
P 0x7f2a7c191628
C 342
R
P 0x7f2a7c191628
P 0x7f2a7c488190
C 260
R
P 0x7f2a7c191628
C 342
R
P 0x7f2a7c191628
P 0x7f2a7c488190
C 259
R
P 0x7f2a7c191628
C 342
R
P 0x7f2a7c191628
P 0x7f2a7c488190
C 258
R
P 0x7f2a7c191628
C 342
R
P 0x7f2a7c191628
P 0x7f2a7c488190
C 9
R
P 0x7f2a7c191628
C 342
R
P 0x7f2a7c191628
P 0x7f2a7c487390
P 0x7f2a7c488190
P 0x7f2a7c19bb88
C 59
= 0x7f2a7c19fb08
R
P 0x7f2a7c191628
C 342
R
P 0x7f2a7c191628
P 0x7f2a7c19fb08
C 257
R
P 0x7f2a7c191628
C 342
R
P 0x7f2a7c191628
P 0x7f2a7c19fb08
C 254
= 0x7f2a7c19b1e8
R
P 0x7f2a7c191628
C 342
R
P 0x7f2a7c191628
P 0x7f2a7c19b1e8
C 209
R
P 0x7f2a7c191628
C 342
R
P 0x7f2a7c191628
P 0x7f2a7c19fb08
C 260
R
P 0x7f2a7c191628
C 342
R
P 0x7f2a7c191628
P 0x7f2a7c19fb08
C 259
R
P 0x7f2a7c191628
C 342
R
P 0x7f2a7c191628
P 0x7f2a7c19fb08
C 258
R
P 0x7f2a7c191628
C 342
R
P 0x7f2a7c191628
P 0x7f2a7c19fb08
C 9
R
P 0x7f2a7c191628
C 342
R
P 0x7f2a7c191628
U 2
P 0x7f2a7c487908
P 0x7f2a7c19fb08
p 2
C 65
= 0x7f2a7c4881c8
R
P 0x7f2a7c191628
C 342
R
P 0x7f2a7c191628
P 0x7f2a7c4881c8
C 257
R
P 0x7f2a7c191628
C 342
R
P 0x7f2a7c191628
P 0x7f2a7c4881c8
C 254
= 0x7f2a7c19b1e8
R
P 0x7f2a7c191628
C 342
R
P 0x7f2a7c191628
P 0x7f2a7c19b1e8
C 209
R
P 0x7f2a7c191628
C 342
R
P 0x7f2a7c191628
P 0x7f2a7c4881c8
C 260
R
P 0x7f2a7c191628
C 342
R
P 0x7f2a7c191628
P 0x7f2a7c4881c8
C 259
R
P 0x7f2a7c191628
C 342
R
P 0x7f2a7c191628
P 0x7f2a7c4881c8
C 258
R
P 0x7f2a7c191628
C 342
R
P 0x7f2a7c191628
P 0x7f2a7c4881c8
C 9
R
P 0x7f2a7c191628
C 342
R
P 0x7f2a7c191628
P 0x7f2a7c19bce8
P 0x7f2a7c4881c8
C 74
= 0x7f2a7c48adc8
R
P 0x7f2a7c191628
C 342
R
P 0x7f2a7c191628
P 0x7f2a7c48adc8
C 258
R
P 0x7f2a7c191628
C 342
R
P 0x7f2a7c191628
P 0x7f2a7c48adc8
C 9
R
P 0x7f2a7c191628
C 342
R
P 0x7f2a7c191628
U 2
P 0x7f2a7c48ad90
P 0x7f2a7c48adc8
p 2
C 63
= 0x7f2a7c48ae00
R
P 0x7f2a7c191628
C 342
R
P 0x7f2a7c191628
P 0x7f2a7c48ae00
C 258
R
P 0x7f2a7c191628
C 342
R
P 0x7f2a7c191628
P 0x7f2a7c48ae00
C 9
R
P 0x7f2a7c191628
C 342
R
P 0x7f2a7c191628
P 0x7f2a7c48ad58
P 0x7f2a7c48ae00
C 61
= 0x7f2a7c48ae38
R
P 0x7f2a7c191628
C 342
R
P 0x7f2a7c191628
P 0x7f2a7c48ae38
C 258
R
P 0x7f2a7c191628
C 342
R
P 0x7f2a7c191628
P 0x7f2a7c48ae38
C 9
R
P 0x7f2a7c191628
C 342
R
P 0x7f2a7c191628
P 0x7f2a7c1e1fc8
P 0x7f2a7c48ae38
C 427
R
P 0x7f2a7c191628
C 342
R
P 0x7f2a7c191628
I 3
P 0x7f2a7c19b208
C 150
= 0x7f2a7c19bfc8
R
P 0x7f2a7c191628
C 342
R
P 0x7f2a7c191628
P 0x7f2a7c19bfc8
C 258
R
P 0x7f2a7c191628
C 342
R
P 0x7f2a7c191628
P 0x7f2a7c19bfc8
C 9
R
P 0x7f2a7c191628
C 342
R
P 0x7f2a7c191628
I 1
P 0x7f2a7c19b208
C 150
= 0x7f2a7c19bc88
R
P 0x7f2a7c191628
C 342
R
P 0x7f2a7c191628
P 0x7f2a7c19bc88
C 258
R
P 0x7f2a7c191628
C 342
R
P 0x7f2a7c191628
P 0x7f2a7c19bc88
C 9
R
P 0x7f2a7c191628
C 342
R
P 0x7f2a7c191628
P 0x7f2a7c19bfc8
P 0x7f2a7c19bc88
C 75
= 0x7f2a7c487208
R
P 0x7f2a7c191628
C 342
R
P 0x7f2a7c191628
P 0x7f2a7c487208
C 258
R
P 0x7f2a7c191628
C 342
R
P 0x7f2a7c191628
P 0x7f2a7c487208
C 9
R
P 0x7f2a7c191628
C 342
R
P 0x7f2a7c191628
I 1
P 0x7f2a7c19b208
C 150
= 0x7f2a7c19bc88
R
P 0x7f2a7c191628
C 342
R
P 0x7f2a7c191628
P 0x7f2a7c19bc88
C 258
R
P 0x7f2a7c191628
C 342
R
P 0x7f2a7c191628
P 0x7f2a7c19bc88
C 9
R
P 0x7f2a7c191628
C 342
R
P 0x7f2a7c191628
U 2
P 0x7f2a7c19bfc8
P 0x7f2a7c19bc88
p 2
C 67
= 0x7f2a7c487240
R
P 0x7f2a7c191628
C 342
R
P 0x7f2a7c191628
P 0x7f2a7c487240
C 257
R
P 0x7f2a7c191628
C 342
R
P 0x7f2a7c191628
P 0x7f2a7c487240
C 254
= 0x7f2a7c19b208
R
P 0x7f2a7c191628
C 342
R
P 0x7f2a7c191628
P 0x7f2a7c19b208
C 209
R
P 0x7f2a7c191628
C 342
R
P 0x7f2a7c191628
P 0x7f2a7c487240
C 260
R
P 0x7f2a7c191628
C 342
R
P 0x7f2a7c191628
P 0x7f2a7c487240
C 259
R
P 0x7f2a7c191628
C 342
R
P 0x7f2a7c191628
P 0x7f2a7c487240
C 258
R
P 0x7f2a7c191628
C 342
R
P 0x7f2a7c191628
P 0x7f2a7c487240
C 9
R
P 0x7f2a7c191628
C 342
R
P 0x7f2a7c191628
U 2
P 0x7f2a7c19bba8
P 0x7f2a7c487240
p 2
C 66
= 0x7f2a7c487278
R
P 0x7f2a7c191628
C 342
R
P 0x7f2a7c191628
P 0x7f2a7c487278
C 257
R
P 0x7f2a7c191628
C 342
R
P 0x7f2a7c191628
P 0x7f2a7c487278
C 254
= 0x7f2a7c19b1e8
R
P 0x7f2a7c191628
C 342
R
P 0x7f2a7c191628
P 0x7f2a7c19b1e8
C 209
R
P 0x7f2a7c191628
C 342
R
P 0x7f2a7c191628
P 0x7f2a7c487278
C 260
R
P 0x7f2a7c191628
C 342
R
P 0x7f2a7c191628
P 0x7f2a7c487278
C 259
R
P 0x7f2a7c191628
C 342
R
P 0x7f2a7c191628
P 0x7f2a7c487278
C 258
R
P 0x7f2a7c191628
C 342
R
P 0x7f2a7c191628
P 0x7f2a7c487278
C 9
R
P 0x7f2a7c191628
C 342
R
P 0x7f2a7c191628
U 2
P 0x7f2a7c19bc28
P 0x7f2a7c487278
p 2
C 65
= 0x7f2a7c4872b0
R
P 0x7f2a7c191628
C 342
R
P 0x7f2a7c191628
P 0x7f2a7c4872b0
C 257
R
P 0x7f2a7c191628
C 342
R
P 0x7f2a7c191628
P 0x7f2a7c4872b0
C 254
= 0x7f2a7c19b1e8
R
P 0x7f2a7c191628
C 342
R
P 0x7f2a7c191628
P 0x7f2a7c19b1e8
C 209
R
P 0x7f2a7c191628
C 342
R
P 0x7f2a7c191628
P 0x7f2a7c4872b0
C 260
R
P 0x7f2a7c191628
C 342
R
P 0x7f2a7c191628
P 0x7f2a7c4872b0
C 259
R
P 0x7f2a7c191628
C 342
R
P 0x7f2a7c191628
P 0x7f2a7c4872b0
C 258
R
P 0x7f2a7c191628
C 342
R
P 0x7f2a7c191628
P 0x7f2a7c4872b0
C 9
R
P 0x7f2a7c191628
C 342
R
P 0x7f2a7c191628
P 0x7f2a7c487208
P 0x7f2a7c4872b0
P 0x7f2a7c19bc28
C 59
= 0x7f2a7c19f988
R
P 0x7f2a7c191628
C 342
R
P 0x7f2a7c191628
P 0x7f2a7c19f988
C 257
R
P 0x7f2a7c191628
C 342
R
P 0x7f2a7c191628
P 0x7f2a7c19f988
C 254
= 0x7f2a7c19b1e8
R
P 0x7f2a7c191628
C 342
R
P 0x7f2a7c191628
P 0x7f2a7c19b1e8
C 209
R
P 0x7f2a7c191628
C 342
R
P 0x7f2a7c191628
P 0x7f2a7c19f988
C 260
R
P 0x7f2a7c191628
C 342
R
P 0x7f2a7c191628
P 0x7f2a7c19f988
C 259
R
P 0x7f2a7c191628
C 342
R
P 0x7f2a7c191628
P 0x7f2a7c19f988
C 258
R
P 0x7f2a7c191628
C 342
R
P 0x7f2a7c191628
P 0x7f2a7c19f988
C 9
R
P 0x7f2a7c191628
C 342
R
P 0x7f2a7c191628
U 2
P 0x7f2a7c19f988
P 0x7f2a7c19bb48
p 2
C 65
= 0x7f2a7c4872e8
R
P 0x7f2a7c191628
C 342
R
P 0x7f2a7c191628
P 0x7f2a7c4872e8
C 257
R
P 0x7f2a7c191628
C 342
R
P 0x7f2a7c191628
P 0x7f2a7c4872e8
C 254
= 0x7f2a7c19b1e8
R
P 0x7f2a7c191628
C 342
R
P 0x7f2a7c191628
P 0x7f2a7c19b1e8
C 209
R
P 0x7f2a7c191628
C 342
R
P 0x7f2a7c191628
P 0x7f2a7c4872e8
C 260
R
P 0x7f2a7c191628
C 342
R
P 0x7f2a7c191628
P 0x7f2a7c4872e8
C 259
R
P 0x7f2a7c191628
C 342
R
P 0x7f2a7c191628
P 0x7f2a7c4872e8
C 258
R
P 0x7f2a7c191628
C 342
R
P 0x7f2a7c191628
P 0x7f2a7c4872e8
C 9
R
P 0x7f2a7c191628
C 342
R
P 0x7f2a7c191628
P 0x7f2a7c19bc68
C 333
R
P 0x7f2a7c191628
C 342
R
P 0x7f2a7c191628
S "slotflowPriorityStart"
C 30
R
P 0x7f2a7c191628
C 342
R
P 0x7f2a7c191628
$ |slotflowPriorityStart|
C 202
R
P 0x7f2a7c191628
C 342
R
P 0x7f2a7c191628
$ |slotflowPriorityStart|
P 0x7f2a7c19b1e8
C 51
= 0x7f2a7c19c2a8
R
P 0x7f2a7c191628
C 342
R
P 0x7f2a7c191628
P 0x7f2a7c19c2a8
C 257
R
P 0x7f2a7c191628
C 342
R
P 0x7f2a7c191628
P 0x7f2a7c19c2a8
C 254
= 0x7f2a7c19b1e8
R
P 0x7f2a7c191628
C 342
R
P 0x7f2a7c191628
P 0x7f2a7c19b1e8
C 209
R
P 0x7f2a7c191628
C 342
R
P 0x7f2a7c191628
P 0x7f2a7c19c2a8
C 260
R
P 0x7f2a7c191628
C 342
R
P 0x7f2a7c191628
P 0x7f2a7c19c2a8
C 259
R
P 0x7f2a7c191628
C 342
R
P 0x7f2a7c191628
P 0x7f2a7c19c2a8
C 258
R
P 0x7f2a7c191628
C 342
R
P 0x7f2a7c191628
P 0x7f2a7c19c2a8
C 9
R
P 0x7f2a7c191628
C 342
R
P 0x7f2a7c191628
I 0
P 0x7f2a7c19b208
C 150
= 0x7f2a7c19bd08
R
P 0x7f2a7c191628
C 342
R
P 0x7f2a7c191628
P 0x7f2a7c19bd08
C 258
R
P 0x7f2a7c191628
C 342
R
P 0x7f2a7c191628
P 0x7f2a7c19bd08
C 9
R
P 0x7f2a7c191628
C 342
R
P 0x7f2a7c191628
I 1
P 0x7f2a7c19b208
C 150
= 0x7f2a7c19bc88
R
P 0x7f2a7c191628
C 342
R
P 0x7f2a7c191628
P 0x7f2a7c19bc88
C 258
R
P 0x7f2a7c191628
C 342
R
P 0x7f2a7c191628
P 0x7f2a7c19bc88
C 9
R
P 0x7f2a7c191628
C 342
R
P 0x7f2a7c191628
P 0x7f2a7c19bd08
P 0x7f2a7c19bc88
C 75
= 0x7f2a7c486fa0
R
P 0x7f2a7c191628
C 342
R
P 0x7f2a7c191628
P 0x7f2a7c486fa0
C 258
R
P 0x7f2a7c191628
C 342
R
P 0x7f2a7c191628
P 0x7f2a7c486fa0
C 9
R
P 0x7f2a7c191628
C 342
R
P 0x7f2a7c191628
I 1
P 0x7f2a7c19b208
C 150
= 0x7f2a7c19bc88
R
P 0x7f2a7c191628
C 342
R
P 0x7f2a7c191628
P 0x7f2a7c19bc88
C 258
R
P 0x7f2a7c191628
C 342
R
P 0x7f2a7c191628
P 0x7f2a7c19bc88
C 9
R
P 0x7f2a7c191628
C 342
R
P 0x7f2a7c191628
U 2
P 0x7f2a7c19bd08
P 0x7f2a7c19bc88
p 2
C 67
= 0x7f2a7c486fd8
R
P 0x7f2a7c191628
C 342
R
P 0x7f2a7c191628
P 0x7f2a7c486fd8
C 257
R
P 0x7f2a7c191628
C 342
R
P 0x7f2a7c191628
P 0x7f2a7c486fd8
C 254
= 0x7f2a7c19b208
R
P 0x7f2a7c191628
C 342
R
P 0x7f2a7c191628
P 0x7f2a7c19b208
C 209
R
P 0x7f2a7c191628
C 342
R
P 0x7f2a7c191628
P 0x7f2a7c486fd8
C 260
R
P 0x7f2a7c191628
C 342
R
P 0x7f2a7c191628
P 0x7f2a7c486fd8
C 259
R
P 0x7f2a7c191628
C 342
R
P 0x7f2a7c191628
P 0x7f2a7c486fd8
C 258
R
P 0x7f2a7c191628
C 342
R
P 0x7f2a7c191628
P 0x7f2a7c486fd8
C 9
R
P 0x7f2a7c191628
C 342
R
P 0x7f2a7c191628
U 2
P 0x7f2a7c19bbe8
P 0x7f2a7c486fd8
p 2
C 66
= 0x7f2a7c487940
R
P 0x7f2a7c191628
C 342
R
P 0x7f2a7c191628
P 0x7f2a7c487940
C 257
R
P 0x7f2a7c191628
C 342
R
P 0x7f2a7c191628
P 0x7f2a7c487940
C 254
= 0x7f2a7c19b208
R
P 0x7f2a7c191628
C 342
R
P 0x7f2a7c191628
P 0x7f2a7c19b208
C 209
R
P 0x7f2a7c191628
C 342
R
P 0x7f2a7c191628
P 0x7f2a7c487940
C 260
R
P 0x7f2a7c191628
C 342
R
P 0x7f2a7c191628
P 0x7f2a7c487940
C 259
R
P 0x7f2a7c191628
C 342
R
P 0x7f2a7c191628
P 0x7f2a7c487940
C 258
R
P 0x7f2a7c191628
C 342
R
P 0x7f2a7c191628
P 0x7f2a7c487940
C 9
R
P 0x7f2a7c191628
C 342
R
P 0x7f2a7c191628
U 2
P 0x7f2a7c19bb88
P 0x7f2a7c487940
p 2
C 65
= 0x7f2a7c487978
R
P 0x7f2a7c191628
C 342
R
P 0x7f2a7c191628
P 0x7f2a7c487978
C 257
R
P 0x7f2a7c191628
C 342
R
P 0x7f2a7c191628
P 0x7f2a7c487978
C 254
= 0x7f2a7c19b1e8
R
P 0x7f2a7c191628
C 342
R
P 0x7f2a7c191628
P 0x7f2a7c19b1e8
C 209
R
P 0x7f2a7c191628
C 342
R
P 0x7f2a7c191628
P 0x7f2a7c487978
C 260
R
P 0x7f2a7c191628
C 342
R
P 0x7f2a7c191628
P 0x7f2a7c487978
C 259
R
P 0x7f2a7c191628
C 342
R
P 0x7f2a7c191628
P 0x7f2a7c487978
C 258
R
P 0x7f2a7c191628
C 342
R
P 0x7f2a7c191628
P 0x7f2a7c487978
C 9
R
P 0x7f2a7c191628
C 342
R
P 0x7f2a7c191628
P 0x7f2a7c486fa0
P 0x7f2a7c487978
P 0x7f2a7c19bb88
C 59
= 0x7f2a7c19fa08
R
P 0x7f2a7c191628
C 342
R
P 0x7f2a7c191628
P 0x7f2a7c19fa08
C 257
R
P 0x7f2a7c191628
C 342
R
P 0x7f2a7c191628
P 0x7f2a7c19fa08
C 254
= 0x7f2a7c19b1e8
R
P 0x7f2a7c191628
C 342
R
P 0x7f2a7c191628
P 0x7f2a7c19b1e8
C 209
R
P 0x7f2a7c191628
C 342
R
P 0x7f2a7c191628
P 0x7f2a7c19fa08
C 260
R
P 0x7f2a7c191628
C 342
R
P 0x7f2a7c191628
P 0x7f2a7c19fa08
C 259
R
P 0x7f2a7c191628
C 342
R
P 0x7f2a7c191628
P 0x7f2a7c19fa08
C 258
R
P 0x7f2a7c191628
C 342
R
P 0x7f2a7c191628
P 0x7f2a7c19fa08
C 9
R
P 0x7f2a7c191628
C 342
R
P 0x7f2a7c191628
U 2
P 0x7f2a7c19c2a8
P 0x7f2a7c19fa08
p 2
C 65
= 0x7f2a7c487a58
R
P 0x7f2a7c191628
C 342
R
P 0x7f2a7c191628
P 0x7f2a7c487a58
C 257
R
P 0x7f2a7c191628
C 342
R
P 0x7f2a7c191628
P 0x7f2a7c487a58
C 254
= 0x7f2a7c19b1e8
R
P 0x7f2a7c191628
C 342
R
P 0x7f2a7c191628
P 0x7f2a7c19b1e8
C 209
R
P 0x7f2a7c191628
C 342
R
P 0x7f2a7c191628
P 0x7f2a7c487a58
C 260
R
P 0x7f2a7c191628
C 342
R
P 0x7f2a7c191628
P 0x7f2a7c487a58
C 259
R
P 0x7f2a7c191628
C 342
R
P 0x7f2a7c191628
P 0x7f2a7c487a58
C 258
R
P 0x7f2a7c191628
C 342
R
P 0x7f2a7c191628
P 0x7f2a7c487a58
C 9
R
P 0x7f2a7c191628
C 342
R
P 0x7f2a7c191628
P 0x7f2a7c4872e8
P 0x7f2a7c487a58
C 73
= 0x7f2a7c48ae70
R
P 0x7f2a7c191628
C 342
R
P 0x7f2a7c191628
P 0x7f2a7c48ae70
C 258
R
P 0x7f2a7c191628
C 342
R
P 0x7f2a7c191628
P 0x7f2a7c48ae70
C 9
R
P 0x7f2a7c191628
C 342
R
P 0x7f2a7c191628
I 3
P 0x7f2a7c19b208
C 150
= 0x7f2a7c19bfc8
R
P 0x7f2a7c191628
C 342
R
P 0x7f2a7c191628
P 0x7f2a7c19bfc8
C 258
R
P 0x7f2a7c191628
C 342
R
P 0x7f2a7c191628
P 0x7f2a7c19bfc8
C 9
R
P 0x7f2a7c191628
C 342
R
P 0x7f2a7c191628
I 1
P 0x7f2a7c19b208
C 150
= 0x7f2a7c19bc88
R
P 0x7f2a7c191628
C 342
R
P 0x7f2a7c191628
P 0x7f2a7c19bc88
C 258
R
P 0x7f2a7c191628
C 342
R
P 0x7f2a7c191628
P 0x7f2a7c19bc88
C 9
R
P 0x7f2a7c191628
C 342
R
P 0x7f2a7c191628
P 0x7f2a7c19bfc8
P 0x7f2a7c19bc88
C 75
= 0x7f2a7c487208
R
P 0x7f2a7c191628
C 342
R
P 0x7f2a7c191628
P 0x7f2a7c487208
C 258
R
P 0x7f2a7c191628
C 342
R
P 0x7f2a7c191628
P 0x7f2a7c487208
C 9
R
P 0x7f2a7c191628
C 342
R
P 0x7f2a7c191628
I 1
P 0x7f2a7c19b208
C 150
= 0x7f2a7c19bc88
R
P 0x7f2a7c191628
C 342
R
P 0x7f2a7c191628
P 0x7f2a7c19bc88
C 258
R
P 0x7f2a7c191628
C 342
R
P 0x7f2a7c191628
P 0x7f2a7c19bc88
C 9
R
P 0x7f2a7c191628
C 342
R
P 0x7f2a7c191628
U 2
P 0x7f2a7c19bfc8
P 0x7f2a7c19bc88
p 2
C 67
= 0x7f2a7c487240
R
P 0x7f2a7c191628
C 342
R
P 0x7f2a7c191628
P 0x7f2a7c487240
C 257
R
P 0x7f2a7c191628
C 342
R
P 0x7f2a7c191628
P 0x7f2a7c487240
C 254
= 0x7f2a7c19b208
R
P 0x7f2a7c191628
C 342
R
P 0x7f2a7c191628
P 0x7f2a7c19b208
C 209
R
P 0x7f2a7c191628
C 342
R
P 0x7f2a7c191628
P 0x7f2a7c487240
C 260
R
P 0x7f2a7c191628
C 342
R
P 0x7f2a7c191628
P 0x7f2a7c487240
C 259
R
P 0x7f2a7c191628
C 342
R
P 0x7f2a7c191628
P 0x7f2a7c487240
C 258
R
P 0x7f2a7c191628
C 342
R
P 0x7f2a7c191628
P 0x7f2a7c487240
C 9
R
P 0x7f2a7c191628
C 342
R
P 0x7f2a7c191628
U 2
P 0x7f2a7c19bba8
P 0x7f2a7c487240
p 2
C 66
= 0x7f2a7c487278
R
P 0x7f2a7c191628
C 342
R
P 0x7f2a7c191628
P 0x7f2a7c487278
C 257
R
P 0x7f2a7c191628
C 342
R
P 0x7f2a7c191628
P 0x7f2a7c487278
C 254
= 0x7f2a7c19b1e8
R
P 0x7f2a7c191628
C 342
R
P 0x7f2a7c191628
P 0x7f2a7c19b1e8
C 209
R
P 0x7f2a7c191628
C 342
R
P 0x7f2a7c191628
P 0x7f2a7c487278
C 260
R
P 0x7f2a7c191628
C 342
R
P 0x7f2a7c191628
P 0x7f2a7c487278
C 259
R
P 0x7f2a7c191628
C 342
R
P 0x7f2a7c191628
P 0x7f2a7c487278
C 258
R
P 0x7f2a7c191628
C 342
R
P 0x7f2a7c191628
P 0x7f2a7c487278
C 9
R
P 0x7f2a7c191628
C 342
R
P 0x7f2a7c191628
U 2
P 0x7f2a7c19bc28
P 0x7f2a7c487278
p 2
C 65
= 0x7f2a7c4872b0
R
P 0x7f2a7c191628
C 342
R
P 0x7f2a7c191628
P 0x7f2a7c4872b0
C 257
R
P 0x7f2a7c191628
C 342
R
P 0x7f2a7c191628
P 0x7f2a7c4872b0
C 254
= 0x7f2a7c19b1e8
R
P 0x7f2a7c191628
C 342
R
P 0x7f2a7c191628
P 0x7f2a7c19b1e8
C 209
R
P 0x7f2a7c191628
C 342
R
P 0x7f2a7c191628
P 0x7f2a7c4872b0
C 260
R
P 0x7f2a7c191628
C 342
R
P 0x7f2a7c191628
P 0x7f2a7c4872b0
C 259
R
P 0x7f2a7c191628
C 342
R
P 0x7f2a7c191628
P 0x7f2a7c4872b0
C 258
R
P 0x7f2a7c191628
C 342
R
P 0x7f2a7c191628
P 0x7f2a7c4872b0
C 9
R
P 0x7f2a7c191628
C 342
R
P 0x7f2a7c191628
P 0x7f2a7c487208
P 0x7f2a7c4872b0
P 0x7f2a7c19bc28
C 59
= 0x7f2a7c19f988
R
P 0x7f2a7c191628
C 342
R
P 0x7f2a7c191628
P 0x7f2a7c19f988
C 257
R
P 0x7f2a7c191628
C 342
R
P 0x7f2a7c191628
P 0x7f2a7c19f988
C 254
= 0x7f2a7c19b1e8
R
P 0x7f2a7c191628
C 342
R
P 0x7f2a7c191628
P 0x7f2a7c19b1e8
C 209
R
P 0x7f2a7c191628
C 342
R
P 0x7f2a7c191628
P 0x7f2a7c19f988
C 260
R
P 0x7f2a7c191628
C 342
R
P 0x7f2a7c191628
P 0x7f2a7c19f988
C 259
R
P 0x7f2a7c191628
C 342
R
P 0x7f2a7c191628
P 0x7f2a7c19f988
C 258
R
P 0x7f2a7c191628
C 342
R
P 0x7f2a7c191628
P 0x7f2a7c19f988
C 9
R
P 0x7f2a7c191628
C 342
R
P 0x7f2a7c191628
U 2
P 0x7f2a7c19f988
P 0x7f2a7c19bb48
p 2
C 65
= 0x7f2a7c4872e8
R
P 0x7f2a7c191628
C 342
R
P 0x7f2a7c191628
P 0x7f2a7c4872e8
C 257
R
P 0x7f2a7c191628
C 342
R
P 0x7f2a7c191628
P 0x7f2a7c4872e8
C 254
= 0x7f2a7c19b1e8
R
P 0x7f2a7c191628
C 342
R
P 0x7f2a7c191628
P 0x7f2a7c19b1e8
C 209
R
P 0x7f2a7c191628
C 342
R
P 0x7f2a7c191628
P 0x7f2a7c4872e8
C 260
R
P 0x7f2a7c191628
C 342
R
P 0x7f2a7c191628
P 0x7f2a7c4872e8
C 259
R
P 0x7f2a7c191628
C 342
R
P 0x7f2a7c191628
P 0x7f2a7c4872e8
C 258
R
P 0x7f2a7c191628
C 342
R
P 0x7f2a7c191628
P 0x7f2a7c4872e8
C 9
R
P 0x7f2a7c191628
C 342
R
P 0x7f2a7c191628
I 0
P 0x7f2a7c19b208
C 150
= 0x7f2a7c19bd08
R
P 0x7f2a7c191628
C 342
R
P 0x7f2a7c191628
P 0x7f2a7c19bd08
C 258
R
P 0x7f2a7c191628
C 342
R
P 0x7f2a7c191628
P 0x7f2a7c19bd08
C 9
R
P 0x7f2a7c191628
C 342
R
P 0x7f2a7c191628
I 1
P 0x7f2a7c19b208
C 150
= 0x7f2a7c19bc88
R
P 0x7f2a7c191628
C 342
R
P 0x7f2a7c191628
P 0x7f2a7c19bc88
C 258
R
P 0x7f2a7c191628
C 342
R
P 0x7f2a7c191628
P 0x7f2a7c19bc88
C 9
R
P 0x7f2a7c191628
C 342
R
P 0x7f2a7c191628
P 0x7f2a7c19bd08
P 0x7f2a7c19bc88
C 75
= 0x7f2a7c486fa0
R
P 0x7f2a7c191628
C 342
R
P 0x7f2a7c191628
P 0x7f2a7c486fa0
C 258
R
P 0x7f2a7c191628
C 342
R
P 0x7f2a7c191628
P 0x7f2a7c486fa0
C 9
R
P 0x7f2a7c191628
C 342
R
P 0x7f2a7c191628
I 1
P 0x7f2a7c19b208
C 150
= 0x7f2a7c19bc88
R
P 0x7f2a7c191628
C 342
R
P 0x7f2a7c191628
P 0x7f2a7c19bc88
C 258
R
P 0x7f2a7c191628
C 342
R
P 0x7f2a7c191628
P 0x7f2a7c19bc88
C 9
R
P 0x7f2a7c191628
C 342
R
P 0x7f2a7c191628
U 2
P 0x7f2a7c19bd08
P 0x7f2a7c19bc88
p 2
C 67
= 0x7f2a7c486fd8
R
P 0x7f2a7c191628
C 342
R
P 0x7f2a7c191628
P 0x7f2a7c486fd8
C 257
R
P 0x7f2a7c191628
C 342
R
P 0x7f2a7c191628
P 0x7f2a7c486fd8
C 254
= 0x7f2a7c19b208
R
P 0x7f2a7c191628
C 342
R
P 0x7f2a7c191628
P 0x7f2a7c19b208
C 209
R
P 0x7f2a7c191628
C 342
R
P 0x7f2a7c191628
P 0x7f2a7c486fd8
C 260
R
P 0x7f2a7c191628
C 342
R
P 0x7f2a7c191628
P 0x7f2a7c486fd8
C 259
R
P 0x7f2a7c191628
C 342
R
P 0x7f2a7c191628
P 0x7f2a7c486fd8
C 258
R
P 0x7f2a7c191628
C 342
R
P 0x7f2a7c191628
P 0x7f2a7c486fd8
C 9
R
P 0x7f2a7c191628
C 342
R
P 0x7f2a7c191628
U 2
P 0x7f2a7c19bbe8
P 0x7f2a7c486fd8
p 2
C 66
= 0x7f2a7c487940
R
P 0x7f2a7c191628
C 342
R
P 0x7f2a7c191628
P 0x7f2a7c487940
C 257
R
P 0x7f2a7c191628
C 342
R
P 0x7f2a7c191628
P 0x7f2a7c487940
C 254
= 0x7f2a7c19b208
R
P 0x7f2a7c191628
C 342
R
P 0x7f2a7c191628
P 0x7f2a7c19b208
C 209
R
P 0x7f2a7c191628
C 342
R
P 0x7f2a7c191628
P 0x7f2a7c487940
C 260
R
P 0x7f2a7c191628
C 342
R
P 0x7f2a7c191628
P 0x7f2a7c487940
C 259
R
P 0x7f2a7c191628
C 342
R
P 0x7f2a7c191628
P 0x7f2a7c487940
C 258
R
P 0x7f2a7c191628
C 342
R
P 0x7f2a7c191628
P 0x7f2a7c487940
C 9
R
P 0x7f2a7c191628
C 342
R
P 0x7f2a7c191628
U 2
P 0x7f2a7c19bb88
P 0x7f2a7c487940
p 2
C 65
= 0x7f2a7c487978
R
P 0x7f2a7c191628
C 342
R
P 0x7f2a7c191628
P 0x7f2a7c487978
C 257
R
P 0x7f2a7c191628
C 342
R
P 0x7f2a7c191628
P 0x7f2a7c487978
C 254
= 0x7f2a7c19b1e8
R
P 0x7f2a7c191628
C 342
R
P 0x7f2a7c191628
P 0x7f2a7c19b1e8
C 209
R
P 0x7f2a7c191628
C 342
R
P 0x7f2a7c191628
P 0x7f2a7c487978
C 260
R
P 0x7f2a7c191628
C 342
R
P 0x7f2a7c191628
P 0x7f2a7c487978
C 259
R
P 0x7f2a7c191628
C 342
R
P 0x7f2a7c191628
P 0x7f2a7c487978
C 258
R
P 0x7f2a7c191628
C 342
R
P 0x7f2a7c191628
P 0x7f2a7c487978
C 9
R
P 0x7f2a7c191628
C 342
R
P 0x7f2a7c191628
P 0x7f2a7c486fa0
P 0x7f2a7c487978
P 0x7f2a7c19bb88
C 59
= 0x7f2a7c19fa08
R
P 0x7f2a7c191628
C 342
R
P 0x7f2a7c191628
P 0x7f2a7c19fa08
C 257
R
P 0x7f2a7c191628
C 342
R
P 0x7f2a7c191628
P 0x7f2a7c19fa08
C 254
= 0x7f2a7c19b1e8
R
P 0x7f2a7c191628
C 342
R
P 0x7f2a7c191628
P 0x7f2a7c19b1e8
C 209
R
P 0x7f2a7c191628
C 342
R
P 0x7f2a7c191628
P 0x7f2a7c19fa08
C 260
R
P 0x7f2a7c191628
C 342
R
P 0x7f2a7c191628
P 0x7f2a7c19fa08
C 259
R
P 0x7f2a7c191628
C 342
R
P 0x7f2a7c191628
P 0x7f2a7c19fa08
C 258
R
P 0x7f2a7c191628
C 342
R
P 0x7f2a7c191628
P 0x7f2a7c19fa08
C 9
R
P 0x7f2a7c191628
C 342
R
P 0x7f2a7c191628
P 0x7f2a7c4872e8
P 0x7f2a7c19fa08
C 76
= 0x7f2a7c48aea8
R
P 0x7f2a7c191628
C 342
R
P 0x7f2a7c191628
P 0x7f2a7c48aea8
C 258
R
P 0x7f2a7c191628
C 342
R
P 0x7f2a7c191628
P 0x7f2a7c48aea8
C 9
R
P 0x7f2a7c191628
C 342
R
P 0x7f2a7c191628
U 2
P 0x7f2a7c48ae70
P 0x7f2a7c48aea8
p 2
C 63
= 0x7f2a7c48aee0
R
P 0x7f2a7c191628
C 342
R
P 0x7f2a7c191628
P 0x7f2a7c48aee0
C 258
R
P 0x7f2a7c191628
C 342
R
P 0x7f2a7c191628
P 0x7f2a7c48aee0
C 9
R
P 0x7f2a7c191628
C 342
R
P 0x7f2a7c191628
I 3
P 0x7f2a7c19b208
C 150
= 0x7f2a7c19bfc8
R
P 0x7f2a7c191628
C 342
R
P 0x7f2a7c191628
P 0x7f2a7c19bfc8
C 258
R
P 0x7f2a7c191628
C 342
R
P 0x7f2a7c191628
P 0x7f2a7c19bfc8
C 9
R
P 0x7f2a7c191628
C 342
R
P 0x7f2a7c191628
P 0x7f2a7c19bfc8
C 263
R
P 0x7f2a7c191628
C 342
R
P 0x7f2a7c191628
S "dev0T33"
C 30
R
P 0x7f2a7c191628
C 342
R
P 0x7f2a7c191628
$ |dev0T33|
C 202
R
P 0x7f2a7c191628
C 342
R
P 0x7f2a7c191628
$ |dev0T33|
P 0x7f2a7c19b1e8
C 51
= 0x7f2a7c19c228
R
P 0x7f2a7c191628
C 342
R
P 0x7f2a7c191628
P 0x7f2a7c19c228
C 257
R
P 0x7f2a7c191628
C 342
R
P 0x7f2a7c191628
P 0x7f2a7c19c228
C 254
= 0x7f2a7c19b1e8
R
P 0x7f2a7c191628
C 342
R
P 0x7f2a7c191628
P 0x7f2a7c19b1e8
C 209
R
P 0x7f2a7c191628
C 342
R
P 0x7f2a7c191628
P 0x7f2a7c19c228
C 260
R
P 0x7f2a7c191628
C 342
R
P 0x7f2a7c191628
P 0x7f2a7c19c228
C 259
R
P 0x7f2a7c191628
C 342
R
P 0x7f2a7c191628
P 0x7f2a7c19c228
C 258
R
P 0x7f2a7c191628
C 342
R
P 0x7f2a7c191628
P 0x7f2a7c19c228
C 9
R
P 0x7f2a7c191628
C 342
R
P 0x7f2a7c191628
P 0x7f2a7c19bc68
C 333
R
P 0x7f2a7c191628
C 342
R
P 0x7f2a7c191628
S "slotflowPriorityStart"
C 30
R
P 0x7f2a7c191628
C 342
R
P 0x7f2a7c191628
$ |slotflowPriorityStart|
C 202
R
P 0x7f2a7c191628
C 342
R
P 0x7f2a7c191628
$ |slotflowPriorityStart|
P 0x7f2a7c19b1e8
C 51
= 0x7f2a7c19c2a8
R
P 0x7f2a7c191628
C 342
R
P 0x7f2a7c191628
P 0x7f2a7c19c2a8
C 257
R
P 0x7f2a7c191628
C 342
R
P 0x7f2a7c191628
P 0x7f2a7c19c2a8
C 254
= 0x7f2a7c19b1e8
R
P 0x7f2a7c191628
C 342
R
P 0x7f2a7c191628
P 0x7f2a7c19b1e8
C 209
R
P 0x7f2a7c191628
C 342
R
P 0x7f2a7c191628
P 0x7f2a7c19c2a8
C 260
R
P 0x7f2a7c191628
C 342
R
P 0x7f2a7c191628
P 0x7f2a7c19c2a8
C 259
R
P 0x7f2a7c191628
C 342
R
P 0x7f2a7c191628
P 0x7f2a7c19c2a8
C 258
R
P 0x7f2a7c191628
C 342
R
P 0x7f2a7c191628
P 0x7f2a7c19c2a8
C 9
R
P 0x7f2a7c191628
C 342
R
P 0x7f2a7c191628
I 0
P 0x7f2a7c19b208
C 150
= 0x7f2a7c19bd08
R
P 0x7f2a7c191628
C 342
R
P 0x7f2a7c191628
P 0x7f2a7c19bd08
C 258
R
P 0x7f2a7c191628
C 342
R
P 0x7f2a7c191628
P 0x7f2a7c19bd08
C 9
R
P 0x7f2a7c191628
C 342
R
P 0x7f2a7c191628
I 1
P 0x7f2a7c19b208
C 150
= 0x7f2a7c19bc88
R
P 0x7f2a7c191628
C 342
R
P 0x7f2a7c191628
P 0x7f2a7c19bc88
C 258
R
P 0x7f2a7c191628
C 342
R
P 0x7f2a7c191628
P 0x7f2a7c19bc88
C 9
R
P 0x7f2a7c191628
C 342
R
P 0x7f2a7c191628
P 0x7f2a7c19bd08
P 0x7f2a7c19bc88
C 75
= 0x7f2a7c486fa0
R
P 0x7f2a7c191628
C 342
R
P 0x7f2a7c191628
P 0x7f2a7c486fa0
C 258
R
P 0x7f2a7c191628
C 342
R
P 0x7f2a7c191628
P 0x7f2a7c486fa0
C 9
R
P 0x7f2a7c191628
C 342
R
P 0x7f2a7c191628
I 1
P 0x7f2a7c19b208
C 150
= 0x7f2a7c19bc88
R
P 0x7f2a7c191628
C 342
R
P 0x7f2a7c191628
P 0x7f2a7c19bc88
C 258
R
P 0x7f2a7c191628
C 342
R
P 0x7f2a7c191628
P 0x7f2a7c19bc88
C 9
R
P 0x7f2a7c191628
C 342
R
P 0x7f2a7c191628
U 2
P 0x7f2a7c19bd08
P 0x7f2a7c19bc88
p 2
C 67
= 0x7f2a7c486fd8
R
P 0x7f2a7c191628
C 342
R
P 0x7f2a7c191628
P 0x7f2a7c486fd8
C 257
R
P 0x7f2a7c191628
C 342
R
P 0x7f2a7c191628
P 0x7f2a7c486fd8
C 254
= 0x7f2a7c19b208
R
P 0x7f2a7c191628
C 342
R
P 0x7f2a7c191628
P 0x7f2a7c19b208
C 209
R
P 0x7f2a7c191628
C 342
R
P 0x7f2a7c191628
P 0x7f2a7c486fd8
C 260
R
P 0x7f2a7c191628
C 342
R
P 0x7f2a7c191628
P 0x7f2a7c486fd8
C 259
R
P 0x7f2a7c191628
C 342
R
P 0x7f2a7c191628
P 0x7f2a7c486fd8
C 258
R
P 0x7f2a7c191628
C 342
R
P 0x7f2a7c191628
P 0x7f2a7c486fd8
C 9
R
P 0x7f2a7c191628
C 342
R
P 0x7f2a7c191628
U 2
P 0x7f2a7c19bbe8
P 0x7f2a7c486fd8
p 2
C 66
= 0x7f2a7c487940
R
P 0x7f2a7c191628
C 342
R
P 0x7f2a7c191628
P 0x7f2a7c487940
C 257
R
P 0x7f2a7c191628
C 342
R
P 0x7f2a7c191628
P 0x7f2a7c487940
C 254
= 0x7f2a7c19b208
R
P 0x7f2a7c191628
C 342
R
P 0x7f2a7c191628
P 0x7f2a7c19b208
C 209
R
P 0x7f2a7c191628
C 342
R
P 0x7f2a7c191628
P 0x7f2a7c487940
C 260
R
P 0x7f2a7c191628
C 342
R
P 0x7f2a7c191628
P 0x7f2a7c487940
C 259
R
P 0x7f2a7c191628
C 342
R
P 0x7f2a7c191628
P 0x7f2a7c487940
C 258
R
P 0x7f2a7c191628
C 342
R
P 0x7f2a7c191628
P 0x7f2a7c487940
C 9
R
P 0x7f2a7c191628
C 342
R
P 0x7f2a7c191628
U 2
P 0x7f2a7c19bb88
P 0x7f2a7c487940
p 2
C 65
= 0x7f2a7c487978
R
P 0x7f2a7c191628
C 342
R
P 0x7f2a7c191628
P 0x7f2a7c487978
C 257
R
P 0x7f2a7c191628
C 342
R
P 0x7f2a7c191628
P 0x7f2a7c487978
C 254
= 0x7f2a7c19b1e8
R
P 0x7f2a7c191628
C 342
R
P 0x7f2a7c191628
P 0x7f2a7c19b1e8
C 209
R
P 0x7f2a7c191628
C 342
R
P 0x7f2a7c191628
P 0x7f2a7c487978
C 260
R
P 0x7f2a7c191628
C 342
R
P 0x7f2a7c191628
P 0x7f2a7c487978
C 259
R
P 0x7f2a7c191628
C 342
R
P 0x7f2a7c191628
P 0x7f2a7c487978
C 258
R
P 0x7f2a7c191628
C 342
R
P 0x7f2a7c191628
P 0x7f2a7c487978
C 9
R
P 0x7f2a7c191628
C 342
R
P 0x7f2a7c191628
P 0x7f2a7c486fa0
P 0x7f2a7c487978
P 0x7f2a7c19bb88
C 59
= 0x7f2a7c19fa08
R
P 0x7f2a7c191628
C 342
R
P 0x7f2a7c191628
P 0x7f2a7c19fa08
C 257
R
P 0x7f2a7c191628
C 342
R
P 0x7f2a7c191628
P 0x7f2a7c19fa08
C 254
= 0x7f2a7c19b1e8
R
P 0x7f2a7c191628
C 342
R
P 0x7f2a7c191628
P 0x7f2a7c19b1e8
C 209
R
P 0x7f2a7c191628
C 342
R
P 0x7f2a7c191628
P 0x7f2a7c19fa08
C 260
R
P 0x7f2a7c191628
C 342
R
P 0x7f2a7c191628
P 0x7f2a7c19fa08
C 259
R
P 0x7f2a7c191628
C 342
R
P 0x7f2a7c191628
P 0x7f2a7c19fa08
C 258
R
P 0x7f2a7c191628
C 342
R
P 0x7f2a7c191628
P 0x7f2a7c19fa08
C 9
R
P 0x7f2a7c191628
C 342
R
P 0x7f2a7c191628
U 2
P 0x7f2a7c19c2a8
P 0x7f2a7c19fa08
p 2
C 65
= 0x7f2a7c487a58
R
P 0x7f2a7c191628
C 342
R
P 0x7f2a7c191628
P 0x7f2a7c487a58
C 257
R
P 0x7f2a7c191628
C 342
R
P 0x7f2a7c191628
P 0x7f2a7c487a58
C 254
= 0x7f2a7c19b1e8
R
P 0x7f2a7c191628
C 342
R
P 0x7f2a7c191628
P 0x7f2a7c19b1e8
C 209
R
P 0x7f2a7c191628
C 342
R
P 0x7f2a7c191628
P 0x7f2a7c487a58
C 260
R
P 0x7f2a7c191628
C 342
R
P 0x7f2a7c191628
P 0x7f2a7c487a58
C 259
R
P 0x7f2a7c191628
C 342
R
P 0x7f2a7c191628
P 0x7f2a7c487a58
C 258
R
P 0x7f2a7c191628
C 342
R
P 0x7f2a7c191628
P 0x7f2a7c487a58
C 9
R
P 0x7f2a7c191628
C 342
R
P 0x7f2a7c191628
U 2
P 0x7f2a7c487a58
P 0x7f2a7c19bb68
p 2
C 65
= 0x7f2a7c4896b0
R
P 0x7f2a7c191628
C 342
R
P 0x7f2a7c191628
P 0x7f2a7c4896b0
C 257
R
P 0x7f2a7c191628
C 342
R
P 0x7f2a7c191628
P 0x7f2a7c4896b0
C 254
= 0x7f2a7c19b1e8
R
P 0x7f2a7c191628
C 342
R
P 0x7f2a7c191628
P 0x7f2a7c19b1e8
C 209
R
P 0x7f2a7c191628
C 342
R
P 0x7f2a7c191628
P 0x7f2a7c4896b0
C 260
R
P 0x7f2a7c191628
C 342
R
P 0x7f2a7c191628
P 0x7f2a7c4896b0
C 259
R
P 0x7f2a7c191628
C 342
R
P 0x7f2a7c191628
P 0x7f2a7c4896b0
C 258
R
P 0x7f2a7c191628
C 342
R
P 0x7f2a7c191628
P 0x7f2a7c4896b0
C 9
R
P 0x7f2a7c191628
C 342
R
P 0x7f2a7c191628
P 0x7f2a7c19c228
P 0x7f2a7c4896b0
C 76
= 0x7f2a7c48af18
R
P 0x7f2a7c191628
C 342
R
P 0x7f2a7c191628
P 0x7f2a7c48af18
C 258
R
P 0x7f2a7c191628
C 342
R
P 0x7f2a7c191628
P 0x7f2a7c48af18
C 9
R
P 0x7f2a7c191628
C 342
R
P 0x7f2a7c191628
I 3
P 0x7f2a7c19b208
C 150
= 0x7f2a7c19bfc8
R
P 0x7f2a7c191628
C 342
R
P 0x7f2a7c191628
P 0x7f2a7c19bfc8
C 258
R
P 0x7f2a7c191628
C 342
R
P 0x7f2a7c191628
P 0x7f2a7c19bfc8
C 9
R
P 0x7f2a7c191628
C 342
R
P 0x7f2a7c191628
P 0x7f2a7c19bfc8
C 263
R
P 0x7f2a7c191628
C 342
R
P 0x7f2a7c191628
S "dev0T33"
C 30
R
P 0x7f2a7c191628
C 342
R
P 0x7f2a7c191628
$ |dev0T33|
C 202
R
P 0x7f2a7c191628
C 342
R
P 0x7f2a7c191628
$ |dev0T33|
P 0x7f2a7c19b1e8
C 51
= 0x7f2a7c19c228
R
P 0x7f2a7c191628
C 342
R
P 0x7f2a7c191628
P 0x7f2a7c19c228
C 257
R
P 0x7f2a7c191628
C 342
R
P 0x7f2a7c191628
P 0x7f2a7c19c228
C 254
= 0x7f2a7c19b1e8
R
P 0x7f2a7c191628
C 342
R
P 0x7f2a7c191628
P 0x7f2a7c19b1e8
C 209
R
P 0x7f2a7c191628
C 342
R
P 0x7f2a7c191628
P 0x7f2a7c19c228
C 260
R
P 0x7f2a7c191628
C 342
R
P 0x7f2a7c191628
P 0x7f2a7c19c228
C 259
R
P 0x7f2a7c191628
C 342
R
P 0x7f2a7c191628
P 0x7f2a7c19c228
C 258
R
P 0x7f2a7c191628
C 342
R
P 0x7f2a7c191628
P 0x7f2a7c19c228
C 9
R
P 0x7f2a7c191628
C 342
R
P 0x7f2a7c191628
P 0x7f2a7c19bc68
C 333
R
P 0x7f2a7c191628
C 342
R
P 0x7f2a7c191628
S "slotflowPriorityStart"
C 30
R
P 0x7f2a7c191628
C 342
R
P 0x7f2a7c191628
$ |slotflowPriorityStart|
C 202
R
P 0x7f2a7c191628
C 342
R
P 0x7f2a7c191628
$ |slotflowPriorityStart|
P 0x7f2a7c19b1e8
C 51
= 0x7f2a7c19c2a8
R
P 0x7f2a7c191628
C 342
R
P 0x7f2a7c191628
P 0x7f2a7c19c2a8
C 257
R
P 0x7f2a7c191628
C 342
R
P 0x7f2a7c191628
P 0x7f2a7c19c2a8
C 254
= 0x7f2a7c19b1e8
R
P 0x7f2a7c191628
C 342
R
P 0x7f2a7c191628
P 0x7f2a7c19b1e8
C 209
R
P 0x7f2a7c191628
C 342
R
P 0x7f2a7c191628
P 0x7f2a7c19c2a8
C 260
R
P 0x7f2a7c191628
C 342
R
P 0x7f2a7c191628
P 0x7f2a7c19c2a8
C 259
R
P 0x7f2a7c191628
C 342
R
P 0x7f2a7c191628
P 0x7f2a7c19c2a8
C 258
R
P 0x7f2a7c191628
C 342
R
P 0x7f2a7c191628
P 0x7f2a7c19c2a8
C 9
R
P 0x7f2a7c191628
C 342
R
P 0x7f2a7c191628
P 0x7f2a7c19bc68
C 333
R
P 0x7f2a7c191628
C 342
R
P 0x7f2a7c191628
S "slotflowPriorityDuration"
C 30
R
P 0x7f2a7c191628
C 342
R
P 0x7f2a7c191628
$ |slotflowPriorityDuration|
C 202
R
P 0x7f2a7c191628
C 342
R
P 0x7f2a7c191628
$ |slotflowPriorityDuration|
P 0x7f2a7c19b1e8
C 51
= 0x7f2a7c19c268
R
P 0x7f2a7c191628
C 342
R
P 0x7f2a7c191628
P 0x7f2a7c19c268
C 257
R
P 0x7f2a7c191628
C 342
R
P 0x7f2a7c191628
P 0x7f2a7c19c268
C 254
= 0x7f2a7c19b1e8
R
P 0x7f2a7c191628
C 342
R
P 0x7f2a7c191628
P 0x7f2a7c19b1e8
C 209
R
P 0x7f2a7c191628
C 342
R
P 0x7f2a7c191628
P 0x7f2a7c19c268
C 260
R
P 0x7f2a7c191628
C 342
R
P 0x7f2a7c191628
P 0x7f2a7c19c268
C 259
R
P 0x7f2a7c191628
C 342
R
P 0x7f2a7c191628
P 0x7f2a7c19c268
C 258
R
P 0x7f2a7c191628
C 342
R
P 0x7f2a7c191628
P 0x7f2a7c19c268
C 9
R
P 0x7f2a7c191628
C 342
R
P 0x7f2a7c191628
U 2
P 0x7f2a7c19c2a8
P 0x7f2a7c19c268
p 2
C 65
= 0x7f2a7c487908
R
P 0x7f2a7c191628
C 342
R
P 0x7f2a7c191628
P 0x7f2a7c487908
C 257
R
P 0x7f2a7c191628
C 342
R
P 0x7f2a7c191628
P 0x7f2a7c487908
C 254
= 0x7f2a7c19b1e8
R
P 0x7f2a7c191628
C 342
R
P 0x7f2a7c191628
P 0x7f2a7c19b1e8
C 209
R
P 0x7f2a7c191628
C 342
R
P 0x7f2a7c191628
P 0x7f2a7c487908
C 260
R
P 0x7f2a7c191628
C 342
R
P 0x7f2a7c191628
P 0x7f2a7c487908
C 259
R
P 0x7f2a7c191628
C 342
R
P 0x7f2a7c191628
P 0x7f2a7c487908
C 258
R
P 0x7f2a7c191628
C 342
R
P 0x7f2a7c191628
P 0x7f2a7c487908
C 9
R
P 0x7f2a7c191628
C 342
R
P 0x7f2a7c191628
I 0
P 0x7f2a7c19b208
C 150
= 0x7f2a7c19bd08
R
P 0x7f2a7c191628
C 342
R
P 0x7f2a7c191628
P 0x7f2a7c19bd08
C 258
R
P 0x7f2a7c191628
C 342
R
P 0x7f2a7c191628
P 0x7f2a7c19bd08
C 9
R
P 0x7f2a7c191628
C 342
R
P 0x7f2a7c191628
I 1
P 0x7f2a7c19b208
C 150
= 0x7f2a7c19bc88
R
P 0x7f2a7c191628
C 342
R
P 0x7f2a7c191628
P 0x7f2a7c19bc88
C 258
R
P 0x7f2a7c191628
C 342
R
P 0x7f2a7c191628
P 0x7f2a7c19bc88
C 9
R
P 0x7f2a7c191628
C 342
R
P 0x7f2a7c191628
P 0x7f2a7c19bd08
P 0x7f2a7c19bc88
C 75
= 0x7f2a7c486fa0
R
P 0x7f2a7c191628
C 342
R
P 0x7f2a7c191628
P 0x7f2a7c486fa0
C 258
R
P 0x7f2a7c191628
C 342
R
P 0x7f2a7c191628
P 0x7f2a7c486fa0
C 9
R
P 0x7f2a7c191628
C 342
R
P 0x7f2a7c191628
I 1
P 0x7f2a7c19b208
C 150
= 0x7f2a7c19bc88
R
P 0x7f2a7c191628
C 342
R
P 0x7f2a7c191628
P 0x7f2a7c19bc88
C 258
R
P 0x7f2a7c191628
C 342
R
P 0x7f2a7c191628
P 0x7f2a7c19bc88
C 9
R
P 0x7f2a7c191628
C 342
R
P 0x7f2a7c191628
U 2
P 0x7f2a7c19bd08
P 0x7f2a7c19bc88
p 2
C 67
= 0x7f2a7c486fd8
R
P 0x7f2a7c191628
C 342
R
P 0x7f2a7c191628
P 0x7f2a7c486fd8
C 257
R
P 0x7f2a7c191628
C 342
R
P 0x7f2a7c191628
P 0x7f2a7c486fd8
C 254
= 0x7f2a7c19b208
R
P 0x7f2a7c191628
C 342
R
P 0x7f2a7c191628
P 0x7f2a7c19b208
C 209
R
P 0x7f2a7c191628
C 342
R
P 0x7f2a7c191628
P 0x7f2a7c486fd8
C 260
R
P 0x7f2a7c191628
C 342
R
P 0x7f2a7c191628
P 0x7f2a7c486fd8
C 259
R
P 0x7f2a7c191628
C 342
R
P 0x7f2a7c191628
P 0x7f2a7c486fd8
C 258
R
P 0x7f2a7c191628
C 342
R
P 0x7f2a7c191628
P 0x7f2a7c486fd8
C 9
R
P 0x7f2a7c191628
C 342
R
P 0x7f2a7c191628
U 2
P 0x7f2a7c19bbe8
P 0x7f2a7c486fd8
p 2
C 66
= 0x7f2a7c487940
R
P 0x7f2a7c191628
C 342
R
P 0x7f2a7c191628
P 0x7f2a7c487940
C 257
R
P 0x7f2a7c191628
C 342
R
P 0x7f2a7c191628
P 0x7f2a7c487940
C 254
= 0x7f2a7c19b208
R
P 0x7f2a7c191628
C 342
R
P 0x7f2a7c191628
P 0x7f2a7c19b208
C 209
R
P 0x7f2a7c191628
C 342
R
P 0x7f2a7c191628
P 0x7f2a7c487940
C 260
R
P 0x7f2a7c191628
C 342
R
P 0x7f2a7c191628
P 0x7f2a7c487940
C 259
R
P 0x7f2a7c191628
C 342
R
P 0x7f2a7c191628
P 0x7f2a7c487940
C 258
R
P 0x7f2a7c191628
C 342
R
P 0x7f2a7c191628
P 0x7f2a7c487940
C 9
R
P 0x7f2a7c191628
C 342
R
P 0x7f2a7c191628
U 2
P 0x7f2a7c19bb88
P 0x7f2a7c487940
p 2
C 65
= 0x7f2a7c487978
R
P 0x7f2a7c191628
C 342
R
P 0x7f2a7c191628
P 0x7f2a7c487978
C 257
R
P 0x7f2a7c191628
C 342
R
P 0x7f2a7c191628
P 0x7f2a7c487978
C 254
= 0x7f2a7c19b1e8
R
P 0x7f2a7c191628
C 342
R
P 0x7f2a7c191628
P 0x7f2a7c19b1e8
C 209
R
P 0x7f2a7c191628
C 342
R
P 0x7f2a7c191628
P 0x7f2a7c487978
C 260
R
P 0x7f2a7c191628
C 342
R
P 0x7f2a7c191628
P 0x7f2a7c487978
C 259
R
P 0x7f2a7c191628
C 342
R
P 0x7f2a7c191628
P 0x7f2a7c487978
C 258
R
P 0x7f2a7c191628
C 342
R
P 0x7f2a7c191628
P 0x7f2a7c487978
C 9
R
P 0x7f2a7c191628
C 342
R
P 0x7f2a7c191628
P 0x7f2a7c486fa0
P 0x7f2a7c487978
P 0x7f2a7c19bb88
C 59
= 0x7f2a7c19fa08
R
P 0x7f2a7c191628
C 342
R
P 0x7f2a7c191628
P 0x7f2a7c19fa08
C 257
R
P 0x7f2a7c191628
C 342
R
P 0x7f2a7c191628
P 0x7f2a7c19fa08
C 254
= 0x7f2a7c19b1e8
R
P 0x7f2a7c191628
C 342
R
P 0x7f2a7c191628
P 0x7f2a7c19b1e8
C 209
R
P 0x7f2a7c191628
C 342
R
P 0x7f2a7c191628
P 0x7f2a7c19fa08
C 260
R
P 0x7f2a7c191628
C 342
R
P 0x7f2a7c191628
P 0x7f2a7c19fa08
C 259
R
P 0x7f2a7c191628
C 342
R
P 0x7f2a7c191628
P 0x7f2a7c19fa08
C 258
R
P 0x7f2a7c191628
C 342
R
P 0x7f2a7c191628
P 0x7f2a7c19fa08
C 9
R
P 0x7f2a7c191628
C 342
R
P 0x7f2a7c191628
U 2
P 0x7f2a7c487908
P 0x7f2a7c19fa08
p 2
C 65
= 0x7f2a7c4879b0
R
P 0x7f2a7c191628
C 342
R
P 0x7f2a7c191628
P 0x7f2a7c4879b0
C 257
R
P 0x7f2a7c191628
C 342
R
P 0x7f2a7c191628
P 0x7f2a7c4879b0
C 254
= 0x7f2a7c19b1e8
R
P 0x7f2a7c191628
C 342
R
P 0x7f2a7c191628
P 0x7f2a7c19b1e8
C 209
R
P 0x7f2a7c191628
C 342
R
P 0x7f2a7c191628
P 0x7f2a7c4879b0
C 260
R
P 0x7f2a7c191628
C 342
R
P 0x7f2a7c191628
P 0x7f2a7c4879b0
C 259
R
P 0x7f2a7c191628
C 342
R
P 0x7f2a7c191628
P 0x7f2a7c4879b0
C 258
R
P 0x7f2a7c191628
C 342
R
P 0x7f2a7c191628
P 0x7f2a7c4879b0
C 9
R
P 0x7f2a7c191628
C 342
R
P 0x7f2a7c191628
P 0x7f2a7c19c228
P 0x7f2a7c4879b0
C 74
= 0x7f2a7c48af50
R
P 0x7f2a7c191628
C 342
R
P 0x7f2a7c191628
P 0x7f2a7c48af50
C 258
R
P 0x7f2a7c191628
C 342
R
P 0x7f2a7c191628
P 0x7f2a7c48af50
C 9
R
P 0x7f2a7c191628
C 342
R
P 0x7f2a7c191628
U 2
P 0x7f2a7c48af18
P 0x7f2a7c48af50
p 2
C 63
= 0x7f2a7c48af88
R
P 0x7f2a7c191628
C 342
R
P 0x7f2a7c191628
P 0x7f2a7c48af88
C 258
R
P 0x7f2a7c191628
C 342
R
P 0x7f2a7c191628
P 0x7f2a7c48af88
C 9
R
P 0x7f2a7c191628
C 342
R
P 0x7f2a7c191628
P 0x7f2a7c48aee0
P 0x7f2a7c48af88
C 61
= 0x7f2a7c48afc0
R
P 0x7f2a7c191628
C 342
R
P 0x7f2a7c191628
P 0x7f2a7c48afc0
C 258
R
P 0x7f2a7c191628
C 342
R
P 0x7f2a7c191628
P 0x7f2a7c48afc0
C 9
R
P 0x7f2a7c191628
C 342
R
P 0x7f2a7c191628
P 0x7f2a7c1e1fc8
P 0x7f2a7c48afc0
C 427
R
P 0x7f2a7c191628
C 342
R
P 0x7f2a7c191628
I 3
P 0x7f2a7c19b208
C 150
= 0x7f2a7c19bfc8
R
P 0x7f2a7c191628
C 342
R
P 0x7f2a7c191628
P 0x7f2a7c19bfc8
C 258
R
P 0x7f2a7c191628
C 342
R
P 0x7f2a7c191628
P 0x7f2a7c19bfc8
C 9
R
P 0x7f2a7c191628
C 342
R
P 0x7f2a7c191628
I 1
P 0x7f2a7c19b208
C 150
= 0x7f2a7c19bc88
R
P 0x7f2a7c191628
C 342
R
P 0x7f2a7c191628
P 0x7f2a7c19bc88
C 258
R
P 0x7f2a7c191628
C 342
R
P 0x7f2a7c191628
P 0x7f2a7c19bc88
C 9
R
P 0x7f2a7c191628
C 342
R
P 0x7f2a7c191628
P 0x7f2a7c19bfc8
P 0x7f2a7c19bc88
C 75
= 0x7f2a7c487208
R
P 0x7f2a7c191628
C 342
R
P 0x7f2a7c191628
P 0x7f2a7c487208
C 258
R
P 0x7f2a7c191628
C 342
R
P 0x7f2a7c191628
P 0x7f2a7c487208
C 9
R
P 0x7f2a7c191628
C 342
R
P 0x7f2a7c191628
I 1
P 0x7f2a7c19b208
C 150
= 0x7f2a7c19bc88
R
P 0x7f2a7c191628
C 342
R
P 0x7f2a7c191628
P 0x7f2a7c19bc88
C 258
R
P 0x7f2a7c191628
C 342
R
P 0x7f2a7c191628
P 0x7f2a7c19bc88
C 9
R
P 0x7f2a7c191628
C 342
R
P 0x7f2a7c191628
U 2
P 0x7f2a7c19bfc8
P 0x7f2a7c19bc88
p 2
C 67
= 0x7f2a7c487240
R
P 0x7f2a7c191628
C 342
R
P 0x7f2a7c191628
P 0x7f2a7c487240
C 257
R
P 0x7f2a7c191628
C 342
R
P 0x7f2a7c191628
P 0x7f2a7c487240
C 254
= 0x7f2a7c19b208
R
P 0x7f2a7c191628
C 342
R
P 0x7f2a7c191628
P 0x7f2a7c19b208
C 209
R
P 0x7f2a7c191628
C 342
R
P 0x7f2a7c191628
P 0x7f2a7c487240
C 260
R
P 0x7f2a7c191628
C 342
R
P 0x7f2a7c191628
P 0x7f2a7c487240
C 259
R
P 0x7f2a7c191628
C 342
R
P 0x7f2a7c191628
P 0x7f2a7c487240
C 258
R
P 0x7f2a7c191628
C 342
R
P 0x7f2a7c191628
P 0x7f2a7c487240
C 9
R
P 0x7f2a7c191628
C 342
R
P 0x7f2a7c191628
U 2
P 0x7f2a7c19bba8
P 0x7f2a7c487240
p 2
C 66
= 0x7f2a7c487278
R
P 0x7f2a7c191628
C 342
R
P 0x7f2a7c191628
P 0x7f2a7c487278
C 257
R
P 0x7f2a7c191628
C 342
R
P 0x7f2a7c191628
P 0x7f2a7c487278
C 254
= 0x7f2a7c19b1e8
R
P 0x7f2a7c191628
C 342
R
P 0x7f2a7c191628
P 0x7f2a7c19b1e8
C 209
R
P 0x7f2a7c191628
C 342
R
P 0x7f2a7c191628
P 0x7f2a7c487278
C 260
R
P 0x7f2a7c191628
C 342
R
P 0x7f2a7c191628
P 0x7f2a7c487278
C 259
R
P 0x7f2a7c191628
C 342
R
P 0x7f2a7c191628
P 0x7f2a7c487278
C 258
R
P 0x7f2a7c191628
C 342
R
P 0x7f2a7c191628
P 0x7f2a7c487278
C 9
R
P 0x7f2a7c191628
C 342
R
P 0x7f2a7c191628
U 2
P 0x7f2a7c19bc28
P 0x7f2a7c487278
p 2
C 65
= 0x7f2a7c4872b0
R
P 0x7f2a7c191628
C 342
R
P 0x7f2a7c191628
P 0x7f2a7c4872b0
C 257
R
P 0x7f2a7c191628
C 342
R
P 0x7f2a7c191628
P 0x7f2a7c4872b0
C 254
= 0x7f2a7c19b1e8
R
P 0x7f2a7c191628
C 342
R
P 0x7f2a7c191628
P 0x7f2a7c19b1e8
C 209
R
P 0x7f2a7c191628
C 342
R
P 0x7f2a7c191628
P 0x7f2a7c4872b0
C 260
R
P 0x7f2a7c191628
C 342
R
P 0x7f2a7c191628
P 0x7f2a7c4872b0
C 259
R
P 0x7f2a7c191628
C 342
R
P 0x7f2a7c191628
P 0x7f2a7c4872b0
C 258
R
P 0x7f2a7c191628
C 342
R
P 0x7f2a7c191628
P 0x7f2a7c4872b0
C 9
R
P 0x7f2a7c191628
C 342
R
P 0x7f2a7c191628
P 0x7f2a7c487208
P 0x7f2a7c4872b0
P 0x7f2a7c19bc28
C 59
= 0x7f2a7c19f988
R
P 0x7f2a7c191628
C 342
R
P 0x7f2a7c191628
P 0x7f2a7c19f988
C 257
R
P 0x7f2a7c191628
C 342
R
P 0x7f2a7c191628
P 0x7f2a7c19f988
C 254
= 0x7f2a7c19b1e8
R
P 0x7f2a7c191628
C 342
R
P 0x7f2a7c191628
P 0x7f2a7c19b1e8
C 209
R
P 0x7f2a7c191628
C 342
R
P 0x7f2a7c191628
P 0x7f2a7c19f988
C 260
R
P 0x7f2a7c191628
C 342
R
P 0x7f2a7c191628
P 0x7f2a7c19f988
C 259
R
P 0x7f2a7c191628
C 342
R
P 0x7f2a7c191628
P 0x7f2a7c19f988
C 258
R
P 0x7f2a7c191628
C 342
R
P 0x7f2a7c191628
P 0x7f2a7c19f988
C 9
R
P 0x7f2a7c191628
C 342
R
P 0x7f2a7c191628
U 2
P 0x7f2a7c19f988
P 0x7f2a7c19bb48
p 2
C 65
= 0x7f2a7c4872e8
R
P 0x7f2a7c191628
C 342
R
P 0x7f2a7c191628
P 0x7f2a7c4872e8
C 257
R
P 0x7f2a7c191628
C 342
R
P 0x7f2a7c191628
P 0x7f2a7c4872e8
C 254
= 0x7f2a7c19b1e8
R
P 0x7f2a7c191628
C 342
R
P 0x7f2a7c191628
P 0x7f2a7c19b1e8
C 209
R
P 0x7f2a7c191628
C 342
R
P 0x7f2a7c191628
P 0x7f2a7c4872e8
C 260
R
P 0x7f2a7c191628
C 342
R
P 0x7f2a7c191628
P 0x7f2a7c4872e8
C 259
R
P 0x7f2a7c191628
C 342
R
P 0x7f2a7c191628
P 0x7f2a7c4872e8
C 258
R
P 0x7f2a7c191628
C 342
R
P 0x7f2a7c191628
P 0x7f2a7c4872e8
C 9
R
P 0x7f2a7c191628
C 342
R
P 0x7f2a7c191628
P 0x7f2a7c19bc68
C 333
R
P 0x7f2a7c191628
C 342
R
P 0x7f2a7c191628
S "slotflowPriorityStart"
C 30
R
P 0x7f2a7c191628
C 342
R
P 0x7f2a7c191628
$ |slotflowPriorityStart|
C 202
R
P 0x7f2a7c191628
C 342
R
P 0x7f2a7c191628
$ |slotflowPriorityStart|
P 0x7f2a7c19b1e8
C 51
= 0x7f2a7c19c2a8
R
P 0x7f2a7c191628
C 342
R
P 0x7f2a7c191628
P 0x7f2a7c19c2a8
C 257
R
P 0x7f2a7c191628
C 342
R
P 0x7f2a7c191628
P 0x7f2a7c19c2a8
C 254
= 0x7f2a7c19b1e8
R
P 0x7f2a7c191628
C 342
R
P 0x7f2a7c191628
P 0x7f2a7c19b1e8
C 209
R
P 0x7f2a7c191628
C 342
R
P 0x7f2a7c191628
P 0x7f2a7c19c2a8
C 260
R
P 0x7f2a7c191628
C 342
R
P 0x7f2a7c191628
P 0x7f2a7c19c2a8
C 259
R
P 0x7f2a7c191628
C 342
R
P 0x7f2a7c191628
P 0x7f2a7c19c2a8
C 258
R
P 0x7f2a7c191628
C 342
R
P 0x7f2a7c191628
P 0x7f2a7c19c2a8
C 9
R
P 0x7f2a7c191628
C 342
R
P 0x7f2a7c191628
I 1
P 0x7f2a7c19b208
C 150
= 0x7f2a7c19bc88
R
P 0x7f2a7c191628
C 342
R
P 0x7f2a7c191628
P 0x7f2a7c19bc88
C 258
R
P 0x7f2a7c191628
C 342
R
P 0x7f2a7c191628
P 0x7f2a7c19bc88
C 9
R
P 0x7f2a7c191628
C 342
R
P 0x7f2a7c191628
I 1
P 0x7f2a7c19b208
C 150
= 0x7f2a7c19bc88
R
P 0x7f2a7c191628
C 342
R
P 0x7f2a7c191628
P 0x7f2a7c19bc88
C 258
R
P 0x7f2a7c191628
C 342
R
P 0x7f2a7c191628
P 0x7f2a7c19bc88
C 9
R
P 0x7f2a7c191628
C 342
R
P 0x7f2a7c191628
P 0x7f2a7c19bc88
P 0x7f2a7c19bc88
C 75
= 0x7f2a7c1a1778
R
P 0x7f2a7c191628
C 342
R
P 0x7f2a7c191628
P 0x7f2a7c1a1778
C 258
R
P 0x7f2a7c191628
C 342
R
P 0x7f2a7c191628
P 0x7f2a7c1a1778
C 9
R
P 0x7f2a7c191628
C 342
R
P 0x7f2a7c191628
I 1
P 0x7f2a7c19b208
C 150
= 0x7f2a7c19bc88
R
P 0x7f2a7c191628
C 342
R
P 0x7f2a7c191628
P 0x7f2a7c19bc88
C 258
R
P 0x7f2a7c191628
C 342
R
P 0x7f2a7c191628
P 0x7f2a7c19bc88
C 9
R
P 0x7f2a7c191628
C 342
R
P 0x7f2a7c191628
U 2
P 0x7f2a7c19bc88
P 0x7f2a7c19bc88
p 2
C 67
= 0x7f2a7c1a17b0
R
P 0x7f2a7c191628
C 342
R
P 0x7f2a7c191628
P 0x7f2a7c1a17b0
C 257
R
P 0x7f2a7c191628
C 342
R
P 0x7f2a7c191628
P 0x7f2a7c1a17b0
C 254
= 0x7f2a7c19b208
R
P 0x7f2a7c191628
C 342
R
P 0x7f2a7c191628
P 0x7f2a7c19b208
C 209
R
P 0x7f2a7c191628
C 342
R
P 0x7f2a7c191628
P 0x7f2a7c1a17b0
C 260
R
P 0x7f2a7c191628
C 342
R
P 0x7f2a7c191628
P 0x7f2a7c1a17b0
C 259
R
P 0x7f2a7c191628
C 342
R
P 0x7f2a7c191628
P 0x7f2a7c1a17b0
C 258
R
P 0x7f2a7c191628
C 342
R
P 0x7f2a7c191628
P 0x7f2a7c1a17b0
C 9
R
P 0x7f2a7c191628
C 342
R
P 0x7f2a7c191628
U 2
P 0x7f2a7c19bbe8
P 0x7f2a7c1a17b0
p 2
C 66
= 0x7f2a7c487b70
R
P 0x7f2a7c191628
C 342
R
P 0x7f2a7c191628
P 0x7f2a7c487b70
C 257
R
P 0x7f2a7c191628
C 342
R
P 0x7f2a7c191628
P 0x7f2a7c487b70
C 254
= 0x7f2a7c19b208
R
P 0x7f2a7c191628
C 342
R
P 0x7f2a7c191628
P 0x7f2a7c19b208
C 209
R
P 0x7f2a7c191628
C 342
R
P 0x7f2a7c191628
P 0x7f2a7c487b70
C 260
R
P 0x7f2a7c191628
C 342
R
P 0x7f2a7c191628
P 0x7f2a7c487b70
C 259
R
P 0x7f2a7c191628
C 342
R
P 0x7f2a7c191628
P 0x7f2a7c487b70
C 258
R
P 0x7f2a7c191628
C 342
R
P 0x7f2a7c191628
P 0x7f2a7c487b70
C 9
R
P 0x7f2a7c191628
C 342
R
P 0x7f2a7c191628
U 2
P 0x7f2a7c19bb88
P 0x7f2a7c487b70
p 2
C 65
= 0x7f2a7c487ba8
R
P 0x7f2a7c191628
C 342
R
P 0x7f2a7c191628
P 0x7f2a7c487ba8
C 257
R
P 0x7f2a7c191628
C 342
R
P 0x7f2a7c191628
P 0x7f2a7c487ba8
C 254
= 0x7f2a7c19b1e8
R
P 0x7f2a7c191628
C 342
R
P 0x7f2a7c191628
P 0x7f2a7c19b1e8
C 209
R
P 0x7f2a7c191628
C 342
R
P 0x7f2a7c191628
P 0x7f2a7c487ba8
C 260
R
P 0x7f2a7c191628
C 342
R
P 0x7f2a7c191628
P 0x7f2a7c487ba8
C 259
R
P 0x7f2a7c191628
C 342
R
P 0x7f2a7c191628
P 0x7f2a7c487ba8
C 258
R
P 0x7f2a7c191628
C 342
R
P 0x7f2a7c191628
P 0x7f2a7c487ba8
C 9
R
P 0x7f2a7c191628
C 342
R
P 0x7f2a7c191628
P 0x7f2a7c1a1778
P 0x7f2a7c487ba8
P 0x7f2a7c19bb88
C 59
= 0x7f2a7c19fa48
R
P 0x7f2a7c191628
C 342
R
P 0x7f2a7c191628
P 0x7f2a7c19fa48
C 257
R
P 0x7f2a7c191628
C 342
R
P 0x7f2a7c191628
P 0x7f2a7c19fa48
C 254
= 0x7f2a7c19b1e8
R
P 0x7f2a7c191628
C 342
R
P 0x7f2a7c191628
P 0x7f2a7c19b1e8
C 209
R
P 0x7f2a7c191628
C 342
R
P 0x7f2a7c191628
P 0x7f2a7c19fa48
C 260
R
P 0x7f2a7c191628
C 342
R
P 0x7f2a7c191628
P 0x7f2a7c19fa48
C 259
R
P 0x7f2a7c191628
C 342
R
P 0x7f2a7c191628
P 0x7f2a7c19fa48
C 258
R
P 0x7f2a7c191628
C 342
R
P 0x7f2a7c191628
P 0x7f2a7c19fa48
C 9
R
P 0x7f2a7c191628
C 342
R
P 0x7f2a7c191628
U 2
P 0x7f2a7c19c2a8
P 0x7f2a7c19fa48
p 2
C 65
= 0x7f2a7c487c88
R
P 0x7f2a7c191628
C 342
R
P 0x7f2a7c191628
P 0x7f2a7c487c88
C 257
R
P 0x7f2a7c191628
C 342
R
P 0x7f2a7c191628
P 0x7f2a7c487c88
C 254
= 0x7f2a7c19b1e8
R
P 0x7f2a7c191628
C 342
R
P 0x7f2a7c191628
P 0x7f2a7c19b1e8
C 209
R
P 0x7f2a7c191628
C 342
R
P 0x7f2a7c191628
P 0x7f2a7c487c88
C 260
R
P 0x7f2a7c191628
C 342
R
P 0x7f2a7c191628
P 0x7f2a7c487c88
C 259
R
P 0x7f2a7c191628
C 342
R
P 0x7f2a7c191628
P 0x7f2a7c487c88
C 258
R
P 0x7f2a7c191628
C 342
R
P 0x7f2a7c191628
P 0x7f2a7c487c88
C 9
R
P 0x7f2a7c191628
C 342
R
P 0x7f2a7c191628
P 0x7f2a7c4872e8
P 0x7f2a7c487c88
C 73
= 0x7f2a7c48aff8
R
P 0x7f2a7c191628
C 342
R
P 0x7f2a7c191628
P 0x7f2a7c48aff8
C 258
R
P 0x7f2a7c191628
C 342
R
P 0x7f2a7c191628
P 0x7f2a7c48aff8
C 9
R
P 0x7f2a7c191628
C 342
R
P 0x7f2a7c191628
I 3
P 0x7f2a7c19b208
C 150
= 0x7f2a7c19bfc8
R
P 0x7f2a7c191628
C 342
R
P 0x7f2a7c191628
P 0x7f2a7c19bfc8
C 258
R
P 0x7f2a7c191628
C 342
R
P 0x7f2a7c191628
P 0x7f2a7c19bfc8
C 9
R
P 0x7f2a7c191628
C 342
R
P 0x7f2a7c191628
I 1
P 0x7f2a7c19b208
C 150
= 0x7f2a7c19bc88
R
P 0x7f2a7c191628
C 342
R
P 0x7f2a7c191628
P 0x7f2a7c19bc88
C 258
R
P 0x7f2a7c191628
C 342
R
P 0x7f2a7c191628
P 0x7f2a7c19bc88
C 9
R
P 0x7f2a7c191628
C 342
R
P 0x7f2a7c191628
P 0x7f2a7c19bfc8
P 0x7f2a7c19bc88
C 75
= 0x7f2a7c487208
R
P 0x7f2a7c191628
C 342
R
P 0x7f2a7c191628
P 0x7f2a7c487208
C 258
R
P 0x7f2a7c191628
C 342
R
P 0x7f2a7c191628
P 0x7f2a7c487208
C 9
R
P 0x7f2a7c191628
C 342
R
P 0x7f2a7c191628
I 1
P 0x7f2a7c19b208
C 150
= 0x7f2a7c19bc88
R
P 0x7f2a7c191628
C 342
R
P 0x7f2a7c191628
P 0x7f2a7c19bc88
C 258
R
P 0x7f2a7c191628
C 342
R
P 0x7f2a7c191628
P 0x7f2a7c19bc88
C 9
R
P 0x7f2a7c191628
C 342
R
P 0x7f2a7c191628
U 2
P 0x7f2a7c19bfc8
P 0x7f2a7c19bc88
p 2
C 67
= 0x7f2a7c487240
R
P 0x7f2a7c191628
C 342
R
P 0x7f2a7c191628
P 0x7f2a7c487240
C 257
R
P 0x7f2a7c191628
C 342
R
P 0x7f2a7c191628
P 0x7f2a7c487240
C 254
= 0x7f2a7c19b208
R
P 0x7f2a7c191628
C 342
R
P 0x7f2a7c191628
P 0x7f2a7c19b208
C 209
R
P 0x7f2a7c191628
C 342
R
P 0x7f2a7c191628
P 0x7f2a7c487240
C 260
R
P 0x7f2a7c191628
C 342
R
P 0x7f2a7c191628
P 0x7f2a7c487240
C 259
R
P 0x7f2a7c191628
C 342
R
P 0x7f2a7c191628
P 0x7f2a7c487240
C 258
R
P 0x7f2a7c191628
C 342
R
P 0x7f2a7c191628
P 0x7f2a7c487240
C 9
R
P 0x7f2a7c191628
C 342
R
P 0x7f2a7c191628
U 2
P 0x7f2a7c19bba8
P 0x7f2a7c487240
p 2
C 66
= 0x7f2a7c487278
R
P 0x7f2a7c191628
C 342
R
P 0x7f2a7c191628
P 0x7f2a7c487278
C 257
R
P 0x7f2a7c191628
C 342
R
P 0x7f2a7c191628
P 0x7f2a7c487278
C 254
= 0x7f2a7c19b1e8
R
P 0x7f2a7c191628
C 342
R
P 0x7f2a7c191628
P 0x7f2a7c19b1e8
C 209
R
P 0x7f2a7c191628
C 342
R
P 0x7f2a7c191628
P 0x7f2a7c487278
C 260
R
P 0x7f2a7c191628
C 342
R
P 0x7f2a7c191628
P 0x7f2a7c487278
C 259
R
P 0x7f2a7c191628
C 342
R
P 0x7f2a7c191628
P 0x7f2a7c487278
C 258
R
P 0x7f2a7c191628
C 342
R
P 0x7f2a7c191628
P 0x7f2a7c487278
C 9
R
P 0x7f2a7c191628
C 342
R
P 0x7f2a7c191628
U 2
P 0x7f2a7c19bc28
P 0x7f2a7c487278
p 2
C 65
= 0x7f2a7c4872b0
R
P 0x7f2a7c191628
C 342
R
P 0x7f2a7c191628
P 0x7f2a7c4872b0
C 257
R
P 0x7f2a7c191628
C 342
R
P 0x7f2a7c191628
P 0x7f2a7c4872b0
C 254
= 0x7f2a7c19b1e8
R
P 0x7f2a7c191628
C 342
R
P 0x7f2a7c191628
P 0x7f2a7c19b1e8
C 209
R
P 0x7f2a7c191628
C 342
R
P 0x7f2a7c191628
P 0x7f2a7c4872b0
C 260
R
P 0x7f2a7c191628
C 342
R
P 0x7f2a7c191628
P 0x7f2a7c4872b0
C 259
R
P 0x7f2a7c191628
C 342
R
P 0x7f2a7c191628
P 0x7f2a7c4872b0
C 258
R
P 0x7f2a7c191628
C 342
R
P 0x7f2a7c191628
P 0x7f2a7c4872b0
C 9
R
P 0x7f2a7c191628
C 342
R
P 0x7f2a7c191628
P 0x7f2a7c487208
P 0x7f2a7c4872b0
P 0x7f2a7c19bc28
C 59
= 0x7f2a7c19f988
R
P 0x7f2a7c191628
C 342
R
P 0x7f2a7c191628
P 0x7f2a7c19f988
C 257
R
P 0x7f2a7c191628
C 342
R
P 0x7f2a7c191628
P 0x7f2a7c19f988
C 254
= 0x7f2a7c19b1e8
R
P 0x7f2a7c191628
C 342
R
P 0x7f2a7c191628
P 0x7f2a7c19b1e8
C 209
R
P 0x7f2a7c191628
C 342
R
P 0x7f2a7c191628
P 0x7f2a7c19f988
C 260
R
P 0x7f2a7c191628
C 342
R
P 0x7f2a7c191628
P 0x7f2a7c19f988
C 259
R
P 0x7f2a7c191628
C 342
R
P 0x7f2a7c191628
P 0x7f2a7c19f988
C 258
R
P 0x7f2a7c191628
C 342
R
P 0x7f2a7c191628
P 0x7f2a7c19f988
C 9
R
P 0x7f2a7c191628
C 342
R
P 0x7f2a7c191628
U 2
P 0x7f2a7c19f988
P 0x7f2a7c19bb48
p 2
C 65
= 0x7f2a7c4872e8
R
P 0x7f2a7c191628
C 342
R
P 0x7f2a7c191628
P 0x7f2a7c4872e8
C 257
R
P 0x7f2a7c191628
C 342
R
P 0x7f2a7c191628
P 0x7f2a7c4872e8
C 254
= 0x7f2a7c19b1e8
R
P 0x7f2a7c191628
C 342
R
P 0x7f2a7c191628
P 0x7f2a7c19b1e8
C 209
R
P 0x7f2a7c191628
C 342
R
P 0x7f2a7c191628
P 0x7f2a7c4872e8
C 260
R
P 0x7f2a7c191628
C 342
R
P 0x7f2a7c191628
P 0x7f2a7c4872e8
C 259
R
P 0x7f2a7c191628
C 342
R
P 0x7f2a7c191628
P 0x7f2a7c4872e8
C 258
R
P 0x7f2a7c191628
C 342
R
P 0x7f2a7c191628
P 0x7f2a7c4872e8
C 9
R
P 0x7f2a7c191628
C 342
R
P 0x7f2a7c191628
I 1
P 0x7f2a7c19b208
C 150
= 0x7f2a7c19bc88
R
P 0x7f2a7c191628
C 342
R
P 0x7f2a7c191628
P 0x7f2a7c19bc88
C 258
R
P 0x7f2a7c191628
C 342
R
P 0x7f2a7c191628
P 0x7f2a7c19bc88
C 9
R
P 0x7f2a7c191628
C 342
R
P 0x7f2a7c191628
I 1
P 0x7f2a7c19b208
C 150
= 0x7f2a7c19bc88
R
P 0x7f2a7c191628
C 342
R
P 0x7f2a7c191628
P 0x7f2a7c19bc88
C 258
R
P 0x7f2a7c191628
C 342
R
P 0x7f2a7c191628
P 0x7f2a7c19bc88
C 9
R
P 0x7f2a7c191628
C 342
R
P 0x7f2a7c191628
P 0x7f2a7c19bc88
P 0x7f2a7c19bc88
C 75
= 0x7f2a7c1a1778
R
P 0x7f2a7c191628
C 342
R
P 0x7f2a7c191628
P 0x7f2a7c1a1778
C 258
R
P 0x7f2a7c191628
C 342
R
P 0x7f2a7c191628
P 0x7f2a7c1a1778
C 9
R
P 0x7f2a7c191628
C 342
R
P 0x7f2a7c191628
I 1
P 0x7f2a7c19b208
C 150
= 0x7f2a7c19bc88
R
P 0x7f2a7c191628
C 342
R
P 0x7f2a7c191628
P 0x7f2a7c19bc88
C 258
R
P 0x7f2a7c191628
C 342
R
P 0x7f2a7c191628
P 0x7f2a7c19bc88
C 9
R
P 0x7f2a7c191628
C 342
R
P 0x7f2a7c191628
U 2
P 0x7f2a7c19bc88
P 0x7f2a7c19bc88
p 2
C 67
= 0x7f2a7c1a17b0
R
P 0x7f2a7c191628
C 342
R
P 0x7f2a7c191628
P 0x7f2a7c1a17b0
C 257
R
P 0x7f2a7c191628
C 342
R
P 0x7f2a7c191628
P 0x7f2a7c1a17b0
C 254
= 0x7f2a7c19b208
R
P 0x7f2a7c191628
C 342
R
P 0x7f2a7c191628
P 0x7f2a7c19b208
C 209
R
P 0x7f2a7c191628
C 342
R
P 0x7f2a7c191628
P 0x7f2a7c1a17b0
C 260
R
P 0x7f2a7c191628
C 342
R
P 0x7f2a7c191628
P 0x7f2a7c1a17b0
C 259
R
P 0x7f2a7c191628
C 342
R
P 0x7f2a7c191628
P 0x7f2a7c1a17b0
C 258
R
P 0x7f2a7c191628
C 342
R
P 0x7f2a7c191628
P 0x7f2a7c1a17b0
C 9
R
P 0x7f2a7c191628
C 342
R
P 0x7f2a7c191628
U 2
P 0x7f2a7c19bbe8
P 0x7f2a7c1a17b0
p 2
C 66
= 0x7f2a7c487b70
R
P 0x7f2a7c191628
C 342
R
P 0x7f2a7c191628
P 0x7f2a7c487b70
C 257
R
P 0x7f2a7c191628
C 342
R
P 0x7f2a7c191628
P 0x7f2a7c487b70
C 254
= 0x7f2a7c19b208
R
P 0x7f2a7c191628
C 342
R
P 0x7f2a7c191628
P 0x7f2a7c19b208
C 209
R
P 0x7f2a7c191628
C 342
R
P 0x7f2a7c191628
P 0x7f2a7c487b70
C 260
R
P 0x7f2a7c191628
C 342
R
P 0x7f2a7c191628
P 0x7f2a7c487b70
C 259
R
P 0x7f2a7c191628
C 342
R
P 0x7f2a7c191628
P 0x7f2a7c487b70
C 258
R
P 0x7f2a7c191628
C 342
R
P 0x7f2a7c191628
P 0x7f2a7c487b70
C 9
R
P 0x7f2a7c191628
C 342
R
P 0x7f2a7c191628
U 2
P 0x7f2a7c19bb88
P 0x7f2a7c487b70
p 2
C 65
= 0x7f2a7c487ba8
R
P 0x7f2a7c191628
C 342
R
P 0x7f2a7c191628
P 0x7f2a7c487ba8
C 257
R
P 0x7f2a7c191628
C 342
R
P 0x7f2a7c191628
P 0x7f2a7c487ba8
C 254
= 0x7f2a7c19b1e8
R
P 0x7f2a7c191628
C 342
R
P 0x7f2a7c191628
P 0x7f2a7c19b1e8
C 209
R
P 0x7f2a7c191628
C 342
R
P 0x7f2a7c191628
P 0x7f2a7c487ba8
C 260
R
P 0x7f2a7c191628
C 342
R
P 0x7f2a7c191628
P 0x7f2a7c487ba8
C 259
R
P 0x7f2a7c191628
C 342
R
P 0x7f2a7c191628
P 0x7f2a7c487ba8
C 258
R
P 0x7f2a7c191628
C 342
R
P 0x7f2a7c191628
P 0x7f2a7c487ba8
C 9
R
P 0x7f2a7c191628
C 342
R
P 0x7f2a7c191628
P 0x7f2a7c1a1778
P 0x7f2a7c487ba8
P 0x7f2a7c19bb88
C 59
= 0x7f2a7c19fa48
R
P 0x7f2a7c191628
C 342
R
P 0x7f2a7c191628
P 0x7f2a7c19fa48
C 257
R
P 0x7f2a7c191628
C 342
R
P 0x7f2a7c191628
P 0x7f2a7c19fa48
C 254
= 0x7f2a7c19b1e8
R
P 0x7f2a7c191628
C 342
R
P 0x7f2a7c191628
P 0x7f2a7c19b1e8
C 209
R
P 0x7f2a7c191628
C 342
R
P 0x7f2a7c191628
P 0x7f2a7c19fa48
C 260
R
P 0x7f2a7c191628
C 342
R
P 0x7f2a7c191628
P 0x7f2a7c19fa48
C 259
R
P 0x7f2a7c191628
C 342
R
P 0x7f2a7c191628
P 0x7f2a7c19fa48
C 258
R
P 0x7f2a7c191628
C 342
R
P 0x7f2a7c191628
P 0x7f2a7c19fa48
C 9
R
P 0x7f2a7c191628
C 342
R
P 0x7f2a7c191628
P 0x7f2a7c4872e8
P 0x7f2a7c19fa48
C 76
= 0x7f2a7c48b030
R
P 0x7f2a7c191628
C 342
R
P 0x7f2a7c191628
P 0x7f2a7c48b030
C 258
R
P 0x7f2a7c191628
C 342
R
P 0x7f2a7c191628
P 0x7f2a7c48b030
C 9
R
P 0x7f2a7c191628
C 342
R
P 0x7f2a7c191628
U 2
P 0x7f2a7c48aff8
P 0x7f2a7c48b030
p 2
C 63
= 0x7f2a7c48b068
R
P 0x7f2a7c191628
C 342
R
P 0x7f2a7c191628
P 0x7f2a7c48b068
C 258
R
P 0x7f2a7c191628
C 342
R
P 0x7f2a7c191628
P 0x7f2a7c48b068
C 9
R
P 0x7f2a7c191628
C 342
R
P 0x7f2a7c191628
I 3
P 0x7f2a7c19b208
C 150
= 0x7f2a7c19bfc8
R
P 0x7f2a7c191628
C 342
R
P 0x7f2a7c191628
P 0x7f2a7c19bfc8
C 258
R
P 0x7f2a7c191628
C 342
R
P 0x7f2a7c191628
P 0x7f2a7c19bfc8
C 9
R
P 0x7f2a7c191628
C 342
R
P 0x7f2a7c191628
P 0x7f2a7c19bfc8
C 263
R
P 0x7f2a7c191628
C 342
R
P 0x7f2a7c191628
S "dev0T33"
C 30
R
P 0x7f2a7c191628
C 342
R
P 0x7f2a7c191628
$ |dev0T33|
C 202
R
P 0x7f2a7c191628
C 342
R
P 0x7f2a7c191628
$ |dev0T33|
P 0x7f2a7c19b1e8
C 51
= 0x7f2a7c19c228
R
P 0x7f2a7c191628
C 342
R
P 0x7f2a7c191628
P 0x7f2a7c19c228
C 257
R
P 0x7f2a7c191628
C 342
R
P 0x7f2a7c191628
P 0x7f2a7c19c228
C 254
= 0x7f2a7c19b1e8
R
P 0x7f2a7c191628
C 342
R
P 0x7f2a7c191628
P 0x7f2a7c19b1e8
C 209
R
P 0x7f2a7c191628
C 342
R
P 0x7f2a7c191628
P 0x7f2a7c19c228
C 260
R
P 0x7f2a7c191628
C 342
R
P 0x7f2a7c191628
P 0x7f2a7c19c228
C 259
R
P 0x7f2a7c191628
C 342
R
P 0x7f2a7c191628
P 0x7f2a7c19c228
C 258
R
P 0x7f2a7c191628
C 342
R
P 0x7f2a7c191628
P 0x7f2a7c19c228
C 9
R
P 0x7f2a7c191628
C 342
R
P 0x7f2a7c191628
P 0x7f2a7c19bc68
C 333
R
P 0x7f2a7c191628
C 342
R
P 0x7f2a7c191628
S "slotflowPriorityStart"
C 30
R
P 0x7f2a7c191628
C 342
R
P 0x7f2a7c191628
$ |slotflowPriorityStart|
C 202
R
P 0x7f2a7c191628
C 342
R
P 0x7f2a7c191628
$ |slotflowPriorityStart|
P 0x7f2a7c19b1e8
C 51
= 0x7f2a7c19c2a8
R
P 0x7f2a7c191628
C 342
R
P 0x7f2a7c191628
P 0x7f2a7c19c2a8
C 257
R
P 0x7f2a7c191628
C 342
R
P 0x7f2a7c191628
P 0x7f2a7c19c2a8
C 254
= 0x7f2a7c19b1e8
R
P 0x7f2a7c191628
C 342
R
P 0x7f2a7c191628
P 0x7f2a7c19b1e8
C 209
R
P 0x7f2a7c191628
C 342
R
P 0x7f2a7c191628
P 0x7f2a7c19c2a8
C 260
R
P 0x7f2a7c191628
C 342
R
P 0x7f2a7c191628
P 0x7f2a7c19c2a8
C 259
R
P 0x7f2a7c191628
C 342
R
P 0x7f2a7c191628
P 0x7f2a7c19c2a8
C 258
R
P 0x7f2a7c191628
C 342
R
P 0x7f2a7c191628
P 0x7f2a7c19c2a8
C 9
R
P 0x7f2a7c191628
C 342
R
P 0x7f2a7c191628
I 1
P 0x7f2a7c19b208
C 150
= 0x7f2a7c19bc88
R
P 0x7f2a7c191628
C 342
R
P 0x7f2a7c191628
P 0x7f2a7c19bc88
C 258
R
P 0x7f2a7c191628
C 342
R
P 0x7f2a7c191628
P 0x7f2a7c19bc88
C 9
R
P 0x7f2a7c191628
C 342
R
P 0x7f2a7c191628
I 1
P 0x7f2a7c19b208
C 150
= 0x7f2a7c19bc88
R
P 0x7f2a7c191628
C 342
R
P 0x7f2a7c191628
P 0x7f2a7c19bc88
C 258
R
P 0x7f2a7c191628
C 342
R
P 0x7f2a7c191628
P 0x7f2a7c19bc88
C 9
R
P 0x7f2a7c191628
C 342
R
P 0x7f2a7c191628
P 0x7f2a7c19bc88
P 0x7f2a7c19bc88
C 75
= 0x7f2a7c1a1778
R
P 0x7f2a7c191628
C 342
R
P 0x7f2a7c191628
P 0x7f2a7c1a1778
C 258
R
P 0x7f2a7c191628
C 342
R
P 0x7f2a7c191628
P 0x7f2a7c1a1778
C 9
R
P 0x7f2a7c191628
C 342
R
P 0x7f2a7c191628
I 1
P 0x7f2a7c19b208
C 150
= 0x7f2a7c19bc88
R
P 0x7f2a7c191628
C 342
R
P 0x7f2a7c191628
P 0x7f2a7c19bc88
C 258
R
P 0x7f2a7c191628
C 342
R
P 0x7f2a7c191628
P 0x7f2a7c19bc88
C 9
R
P 0x7f2a7c191628
C 342
R
P 0x7f2a7c191628
U 2
P 0x7f2a7c19bc88
P 0x7f2a7c19bc88
p 2
C 67
= 0x7f2a7c1a17b0
R
P 0x7f2a7c191628
C 342
R
P 0x7f2a7c191628
P 0x7f2a7c1a17b0
C 257
R
P 0x7f2a7c191628
C 342
R
P 0x7f2a7c191628
P 0x7f2a7c1a17b0
C 254
= 0x7f2a7c19b208
R
P 0x7f2a7c191628
C 342
R
P 0x7f2a7c191628
P 0x7f2a7c19b208
C 209
R
P 0x7f2a7c191628
C 342
R
P 0x7f2a7c191628
P 0x7f2a7c1a17b0
C 260
R
P 0x7f2a7c191628
C 342
R
P 0x7f2a7c191628
P 0x7f2a7c1a17b0
C 259
R
P 0x7f2a7c191628
C 342
R
P 0x7f2a7c191628
P 0x7f2a7c1a17b0
C 258
R
P 0x7f2a7c191628
C 342
R
P 0x7f2a7c191628
P 0x7f2a7c1a17b0
C 9
R
P 0x7f2a7c191628
C 342
R
P 0x7f2a7c191628
U 2
P 0x7f2a7c19bbe8
P 0x7f2a7c1a17b0
p 2
C 66
= 0x7f2a7c487b70
R
P 0x7f2a7c191628
C 342
R
P 0x7f2a7c191628
P 0x7f2a7c487b70
C 257
R
P 0x7f2a7c191628
C 342
R
P 0x7f2a7c191628
P 0x7f2a7c487b70
C 254
= 0x7f2a7c19b208
R
P 0x7f2a7c191628
C 342
R
P 0x7f2a7c191628
P 0x7f2a7c19b208
C 209
R
P 0x7f2a7c191628
C 342
R
P 0x7f2a7c191628
P 0x7f2a7c487b70
C 260
R
P 0x7f2a7c191628
C 342
R
P 0x7f2a7c191628
P 0x7f2a7c487b70
C 259
R
P 0x7f2a7c191628
C 342
R
P 0x7f2a7c191628
P 0x7f2a7c487b70
C 258
R
P 0x7f2a7c191628
C 342
R
P 0x7f2a7c191628
P 0x7f2a7c487b70
C 9
R
P 0x7f2a7c191628
C 342
R
P 0x7f2a7c191628
U 2
P 0x7f2a7c19bb88
P 0x7f2a7c487b70
p 2
C 65
= 0x7f2a7c487ba8
R
P 0x7f2a7c191628
C 342
R
P 0x7f2a7c191628
P 0x7f2a7c487ba8
C 257
R
P 0x7f2a7c191628
C 342
R
P 0x7f2a7c191628
P 0x7f2a7c487ba8
C 254
= 0x7f2a7c19b1e8
R
P 0x7f2a7c191628
C 342
R
P 0x7f2a7c191628
P 0x7f2a7c19b1e8
C 209
R
P 0x7f2a7c191628
C 342
R
P 0x7f2a7c191628
P 0x7f2a7c487ba8
C 260
R
P 0x7f2a7c191628
C 342
R
P 0x7f2a7c191628
P 0x7f2a7c487ba8
C 259
R
P 0x7f2a7c191628
C 342
R
P 0x7f2a7c191628
P 0x7f2a7c487ba8
C 258
R
P 0x7f2a7c191628
C 342
R
P 0x7f2a7c191628
P 0x7f2a7c487ba8
C 9
R
P 0x7f2a7c191628
C 342
R
P 0x7f2a7c191628
P 0x7f2a7c1a1778
P 0x7f2a7c487ba8
P 0x7f2a7c19bb88
C 59
= 0x7f2a7c19fa48
R
P 0x7f2a7c191628
C 342
R
P 0x7f2a7c191628
P 0x7f2a7c19fa48
C 257
R
P 0x7f2a7c191628
C 342
R
P 0x7f2a7c191628
P 0x7f2a7c19fa48
C 254
= 0x7f2a7c19b1e8
R
P 0x7f2a7c191628
C 342
R
P 0x7f2a7c191628
P 0x7f2a7c19b1e8
C 209
R
P 0x7f2a7c191628
C 342
R
P 0x7f2a7c191628
P 0x7f2a7c19fa48
C 260
R
P 0x7f2a7c191628
C 342
R
P 0x7f2a7c191628
P 0x7f2a7c19fa48
C 259
R
P 0x7f2a7c191628
C 342
R
P 0x7f2a7c191628
P 0x7f2a7c19fa48
C 258
R
P 0x7f2a7c191628
C 342
R
P 0x7f2a7c191628
P 0x7f2a7c19fa48
C 9
R
P 0x7f2a7c191628
C 342
R
P 0x7f2a7c191628
U 2
P 0x7f2a7c19c2a8
P 0x7f2a7c19fa48
p 2
C 65
= 0x7f2a7c487c88
R
P 0x7f2a7c191628
C 342
R
P 0x7f2a7c191628
P 0x7f2a7c487c88
C 257
R
P 0x7f2a7c191628
C 342
R
P 0x7f2a7c191628
P 0x7f2a7c487c88
C 254
= 0x7f2a7c19b1e8
R
P 0x7f2a7c191628
C 342
R
P 0x7f2a7c191628
P 0x7f2a7c19b1e8
C 209
R
P 0x7f2a7c191628
C 342
R
P 0x7f2a7c191628
P 0x7f2a7c487c88
C 260
R
P 0x7f2a7c191628
C 342
R
P 0x7f2a7c191628
P 0x7f2a7c487c88
C 259
R
P 0x7f2a7c191628
C 342
R
P 0x7f2a7c191628
P 0x7f2a7c487c88
C 258
R
P 0x7f2a7c191628
C 342
R
P 0x7f2a7c191628
P 0x7f2a7c487c88
C 9
R
P 0x7f2a7c191628
C 342
R
P 0x7f2a7c191628
U 2
P 0x7f2a7c487c88
P 0x7f2a7c19bb68
p 2
C 65
= 0x7f2a7c489870
R
P 0x7f2a7c191628
C 342
R
P 0x7f2a7c191628
P 0x7f2a7c489870
C 257
R
P 0x7f2a7c191628
C 342
R
P 0x7f2a7c191628
P 0x7f2a7c489870
C 254
= 0x7f2a7c19b1e8
R
P 0x7f2a7c191628
C 342
R
P 0x7f2a7c191628
P 0x7f2a7c19b1e8
C 209
R
P 0x7f2a7c191628
C 342
R
P 0x7f2a7c191628
P 0x7f2a7c489870
C 260
R
P 0x7f2a7c191628
C 342
R
P 0x7f2a7c191628
P 0x7f2a7c489870
C 259
R
P 0x7f2a7c191628
C 342
R
P 0x7f2a7c191628
P 0x7f2a7c489870
C 258
R
P 0x7f2a7c191628
C 342
R
P 0x7f2a7c191628
P 0x7f2a7c489870
C 9
R
P 0x7f2a7c191628
C 342
R
P 0x7f2a7c191628
P 0x7f2a7c19c228
P 0x7f2a7c489870
C 76
= 0x7f2a7c48b0a0
R
P 0x7f2a7c191628
C 342
R
P 0x7f2a7c191628
P 0x7f2a7c48b0a0
C 258
R
P 0x7f2a7c191628
C 342
R
P 0x7f2a7c191628
P 0x7f2a7c48b0a0
C 9
R
P 0x7f2a7c191628
C 342
R
P 0x7f2a7c191628
I 3
P 0x7f2a7c19b208
C 150
= 0x7f2a7c19bfc8
R
P 0x7f2a7c191628
C 342
R
P 0x7f2a7c191628
P 0x7f2a7c19bfc8
C 258
R
P 0x7f2a7c191628
C 342
R
P 0x7f2a7c191628
P 0x7f2a7c19bfc8
C 9
R
P 0x7f2a7c191628
C 342
R
P 0x7f2a7c191628
P 0x7f2a7c19bfc8
C 263
R
P 0x7f2a7c191628
C 342
R
P 0x7f2a7c191628
S "dev0T33"
C 30
R
P 0x7f2a7c191628
C 342
R
P 0x7f2a7c191628
$ |dev0T33|
C 202
R
P 0x7f2a7c191628
C 342
R
P 0x7f2a7c191628
$ |dev0T33|
P 0x7f2a7c19b1e8
C 51
= 0x7f2a7c19c228
R
P 0x7f2a7c191628
C 342
R
P 0x7f2a7c191628
P 0x7f2a7c19c228
C 257
R
P 0x7f2a7c191628
C 342
R
P 0x7f2a7c191628
P 0x7f2a7c19c228
C 254
= 0x7f2a7c19b1e8
R
P 0x7f2a7c191628
C 342
R
P 0x7f2a7c191628
P 0x7f2a7c19b1e8
C 209
R
P 0x7f2a7c191628
C 342
R
P 0x7f2a7c191628
P 0x7f2a7c19c228
C 260
R
P 0x7f2a7c191628
C 342
R
P 0x7f2a7c191628
P 0x7f2a7c19c228
C 259
R
P 0x7f2a7c191628
C 342
R
P 0x7f2a7c191628
P 0x7f2a7c19c228
C 258
R
P 0x7f2a7c191628
C 342
R
P 0x7f2a7c191628
P 0x7f2a7c19c228
C 9
R
P 0x7f2a7c191628
C 342
R
P 0x7f2a7c191628
P 0x7f2a7c19bc68
C 333
R
P 0x7f2a7c191628
C 342
R
P 0x7f2a7c191628
S "slotflowPriorityStart"
C 30
R
P 0x7f2a7c191628
C 342
R
P 0x7f2a7c191628
$ |slotflowPriorityStart|
C 202
R
P 0x7f2a7c191628
C 342
R
P 0x7f2a7c191628
$ |slotflowPriorityStart|
P 0x7f2a7c19b1e8
C 51
= 0x7f2a7c19c2a8
R
P 0x7f2a7c191628
C 342
R
P 0x7f2a7c191628
P 0x7f2a7c19c2a8
C 257
R
P 0x7f2a7c191628
C 342
R
P 0x7f2a7c191628
P 0x7f2a7c19c2a8
C 254
= 0x7f2a7c19b1e8
R
P 0x7f2a7c191628
C 342
R
P 0x7f2a7c191628
P 0x7f2a7c19b1e8
C 209
R
P 0x7f2a7c191628
C 342
R
P 0x7f2a7c191628
P 0x7f2a7c19c2a8
C 260
R
P 0x7f2a7c191628
C 342
R
P 0x7f2a7c191628
P 0x7f2a7c19c2a8
C 259
R
P 0x7f2a7c191628
C 342
R
P 0x7f2a7c191628
P 0x7f2a7c19c2a8
C 258
R
P 0x7f2a7c191628
C 342
R
P 0x7f2a7c191628
P 0x7f2a7c19c2a8
C 9
R
P 0x7f2a7c191628
C 342
R
P 0x7f2a7c191628
P 0x7f2a7c19bc68
C 333
R
P 0x7f2a7c191628
C 342
R
P 0x7f2a7c191628
S "slotflowPriorityDuration"
C 30
R
P 0x7f2a7c191628
C 342
R
P 0x7f2a7c191628
$ |slotflowPriorityDuration|
C 202
R
P 0x7f2a7c191628
C 342
R
P 0x7f2a7c191628
$ |slotflowPriorityDuration|
P 0x7f2a7c19b1e8
C 51
= 0x7f2a7c19c268
R
P 0x7f2a7c191628
C 342
R
P 0x7f2a7c191628
P 0x7f2a7c19c268
C 257
R
P 0x7f2a7c191628
C 342
R
P 0x7f2a7c191628
P 0x7f2a7c19c268
C 254
= 0x7f2a7c19b1e8
R
P 0x7f2a7c191628
C 342
R
P 0x7f2a7c191628
P 0x7f2a7c19b1e8
C 209
R
P 0x7f2a7c191628
C 342
R
P 0x7f2a7c191628
P 0x7f2a7c19c268
C 260
R
P 0x7f2a7c191628
C 342
R
P 0x7f2a7c191628
P 0x7f2a7c19c268
C 259
R
P 0x7f2a7c191628
C 342
R
P 0x7f2a7c191628
P 0x7f2a7c19c268
C 258
R
P 0x7f2a7c191628
C 342
R
P 0x7f2a7c191628
P 0x7f2a7c19c268
C 9
R
P 0x7f2a7c191628
C 342
R
P 0x7f2a7c191628
U 2
P 0x7f2a7c19c2a8
P 0x7f2a7c19c268
p 2
C 65
= 0x7f2a7c487908
R
P 0x7f2a7c191628
C 342
R
P 0x7f2a7c191628
P 0x7f2a7c487908
C 257
R
P 0x7f2a7c191628
C 342
R
P 0x7f2a7c191628
P 0x7f2a7c487908
C 254
= 0x7f2a7c19b1e8
R
P 0x7f2a7c191628
C 342
R
P 0x7f2a7c191628
P 0x7f2a7c19b1e8
C 209
R
P 0x7f2a7c191628
C 342
R
P 0x7f2a7c191628
P 0x7f2a7c487908
C 260
R
P 0x7f2a7c191628
C 342
R
P 0x7f2a7c191628
P 0x7f2a7c487908
C 259
R
P 0x7f2a7c191628
C 342
R
P 0x7f2a7c191628
P 0x7f2a7c487908
C 258
R
P 0x7f2a7c191628
C 342
R
P 0x7f2a7c191628
P 0x7f2a7c487908
C 9
R
P 0x7f2a7c191628
C 342
R
P 0x7f2a7c191628
I 1
P 0x7f2a7c19b208
C 150
= 0x7f2a7c19bc88
R
P 0x7f2a7c191628
C 342
R
P 0x7f2a7c191628
P 0x7f2a7c19bc88
C 258
R
P 0x7f2a7c191628
C 342
R
P 0x7f2a7c191628
P 0x7f2a7c19bc88
C 9
R
P 0x7f2a7c191628
C 342
R
P 0x7f2a7c191628
I 1
P 0x7f2a7c19b208
C 150
= 0x7f2a7c19bc88
R
P 0x7f2a7c191628
C 342
R
P 0x7f2a7c191628
P 0x7f2a7c19bc88
C 258
R
P 0x7f2a7c191628
C 342
R
P 0x7f2a7c191628
P 0x7f2a7c19bc88
C 9
R
P 0x7f2a7c191628
C 342
R
P 0x7f2a7c191628
P 0x7f2a7c19bc88
P 0x7f2a7c19bc88
C 75
= 0x7f2a7c1a1778
R
P 0x7f2a7c191628
C 342
R
P 0x7f2a7c191628
P 0x7f2a7c1a1778
C 258
R
P 0x7f2a7c191628
C 342
R
P 0x7f2a7c191628
P 0x7f2a7c1a1778
C 9
R
P 0x7f2a7c191628
C 342
R
P 0x7f2a7c191628
I 1
P 0x7f2a7c19b208
C 150
= 0x7f2a7c19bc88
R
P 0x7f2a7c191628
C 342
R
P 0x7f2a7c191628
P 0x7f2a7c19bc88
C 258
R
P 0x7f2a7c191628
C 342
R
P 0x7f2a7c191628
P 0x7f2a7c19bc88
C 9
R
P 0x7f2a7c191628
C 342
R
P 0x7f2a7c191628
U 2
P 0x7f2a7c19bc88
P 0x7f2a7c19bc88
p 2
C 67
= 0x7f2a7c1a17b0
R
P 0x7f2a7c191628
C 342
R
P 0x7f2a7c191628
P 0x7f2a7c1a17b0
C 257
R
P 0x7f2a7c191628
C 342
R
P 0x7f2a7c191628
P 0x7f2a7c1a17b0
C 254
= 0x7f2a7c19b208
R
P 0x7f2a7c191628
C 342
R
P 0x7f2a7c191628
P 0x7f2a7c19b208
C 209
R
P 0x7f2a7c191628
C 342
R
P 0x7f2a7c191628
P 0x7f2a7c1a17b0
C 260
R
P 0x7f2a7c191628
C 342
R
P 0x7f2a7c191628
P 0x7f2a7c1a17b0
C 259
R
P 0x7f2a7c191628
C 342
R
P 0x7f2a7c191628
P 0x7f2a7c1a17b0
C 258
R
P 0x7f2a7c191628
C 342
R
P 0x7f2a7c191628
P 0x7f2a7c1a17b0
C 9
R
P 0x7f2a7c191628
C 342
R
P 0x7f2a7c191628
U 2
P 0x7f2a7c19bbe8
P 0x7f2a7c1a17b0
p 2
C 66
= 0x7f2a7c487b70
R
P 0x7f2a7c191628
C 342
R
P 0x7f2a7c191628
P 0x7f2a7c487b70
C 257
R
P 0x7f2a7c191628
C 342
R
P 0x7f2a7c191628
P 0x7f2a7c487b70
C 254
= 0x7f2a7c19b208
R
P 0x7f2a7c191628
C 342
R
P 0x7f2a7c191628
P 0x7f2a7c19b208
C 209
R
P 0x7f2a7c191628
C 342
R
P 0x7f2a7c191628
P 0x7f2a7c487b70
C 260
R
P 0x7f2a7c191628
C 342
R
P 0x7f2a7c191628
P 0x7f2a7c487b70
C 259
R
P 0x7f2a7c191628
C 342
R
P 0x7f2a7c191628
P 0x7f2a7c487b70
C 258
R
P 0x7f2a7c191628
C 342
R
P 0x7f2a7c191628
P 0x7f2a7c487b70
C 9
R
P 0x7f2a7c191628
C 342
R
P 0x7f2a7c191628
U 2
P 0x7f2a7c19bb88
P 0x7f2a7c487b70
p 2
C 65
= 0x7f2a7c487ba8
R
P 0x7f2a7c191628
C 342
R
P 0x7f2a7c191628
P 0x7f2a7c487ba8
C 257
R
P 0x7f2a7c191628
C 342
R
P 0x7f2a7c191628
P 0x7f2a7c487ba8
C 254
= 0x7f2a7c19b1e8
R
P 0x7f2a7c191628
C 342
R
P 0x7f2a7c191628
P 0x7f2a7c19b1e8
C 209
R
P 0x7f2a7c191628
C 342
R
P 0x7f2a7c191628
P 0x7f2a7c487ba8
C 260
R
P 0x7f2a7c191628
C 342
R
P 0x7f2a7c191628
P 0x7f2a7c487ba8
C 259
R
P 0x7f2a7c191628
C 342
R
P 0x7f2a7c191628
P 0x7f2a7c487ba8
C 258
R
P 0x7f2a7c191628
C 342
R
P 0x7f2a7c191628
P 0x7f2a7c487ba8
C 9
R
P 0x7f2a7c191628
C 342
R
P 0x7f2a7c191628
P 0x7f2a7c1a1778
P 0x7f2a7c487ba8
P 0x7f2a7c19bb88
C 59
= 0x7f2a7c19fa48
R
P 0x7f2a7c191628
C 342
R
P 0x7f2a7c191628
P 0x7f2a7c19fa48
C 257
R
P 0x7f2a7c191628
C 342
R
P 0x7f2a7c191628
P 0x7f2a7c19fa48
C 254
= 0x7f2a7c19b1e8
R
P 0x7f2a7c191628
C 342
R
P 0x7f2a7c191628
P 0x7f2a7c19b1e8
C 209
R
P 0x7f2a7c191628
C 342
R
P 0x7f2a7c191628
P 0x7f2a7c19fa48
C 260
R
P 0x7f2a7c191628
C 342
R
P 0x7f2a7c191628
P 0x7f2a7c19fa48
C 259
R
P 0x7f2a7c191628
C 342
R
P 0x7f2a7c191628
P 0x7f2a7c19fa48
C 258
R
P 0x7f2a7c191628
C 342
R
P 0x7f2a7c191628
P 0x7f2a7c19fa48
C 9
R
P 0x7f2a7c191628
C 342
R
P 0x7f2a7c191628
U 2
P 0x7f2a7c487908
P 0x7f2a7c19fa48
p 2
C 65
= 0x7f2a7c487be0
R
P 0x7f2a7c191628
C 342
R
P 0x7f2a7c191628
P 0x7f2a7c487be0
C 257
R
P 0x7f2a7c191628
C 342
R
P 0x7f2a7c191628
P 0x7f2a7c487be0
C 254
= 0x7f2a7c19b1e8
R
P 0x7f2a7c191628
C 342
R
P 0x7f2a7c191628
P 0x7f2a7c19b1e8
C 209
R
P 0x7f2a7c191628
C 342
R
P 0x7f2a7c191628
P 0x7f2a7c487be0
C 260
R
P 0x7f2a7c191628
C 342
R
P 0x7f2a7c191628
P 0x7f2a7c487be0
C 259
R
P 0x7f2a7c191628
C 342
R
P 0x7f2a7c191628
P 0x7f2a7c487be0
C 258
R
P 0x7f2a7c191628
C 342
R
P 0x7f2a7c191628
P 0x7f2a7c487be0
C 9
R
P 0x7f2a7c191628
C 342
R
P 0x7f2a7c191628
P 0x7f2a7c19c228
P 0x7f2a7c487be0
C 74
= 0x7f2a7c48b0d8
R
P 0x7f2a7c191628
C 342
R
P 0x7f2a7c191628
P 0x7f2a7c48b0d8
C 258
R
P 0x7f2a7c191628
C 342
R
P 0x7f2a7c191628
P 0x7f2a7c48b0d8
C 9
R
P 0x7f2a7c191628
C 342
R
P 0x7f2a7c191628
U 2
P 0x7f2a7c48b0a0
P 0x7f2a7c48b0d8
p 2
C 63
= 0x7f2a7c48b110
R
P 0x7f2a7c191628
C 342
R
P 0x7f2a7c191628
P 0x7f2a7c48b110
C 258
R
P 0x7f2a7c191628
C 342
R
P 0x7f2a7c191628
P 0x7f2a7c48b110
C 9
R
P 0x7f2a7c191628
C 342
R
P 0x7f2a7c191628
P 0x7f2a7c48b068
P 0x7f2a7c48b110
C 61
= 0x7f2a7c48b148
R
P 0x7f2a7c191628
C 342
R
P 0x7f2a7c191628
P 0x7f2a7c48b148
C 258
R
P 0x7f2a7c191628
C 342
R
P 0x7f2a7c191628
P 0x7f2a7c48b148
C 9
R
P 0x7f2a7c191628
C 342
R
P 0x7f2a7c191628
P 0x7f2a7c1e1fc8
P 0x7f2a7c48b148
C 427
R
P 0x7f2a7c191628
C 342
R
P 0x7f2a7c191628
I 3
P 0x7f2a7c19b208
C 150
= 0x7f2a7c19bfc8
R
P 0x7f2a7c191628
C 342
R
P 0x7f2a7c191628
P 0x7f2a7c19bfc8
C 258
R
P 0x7f2a7c191628
C 342
R
P 0x7f2a7c191628
P 0x7f2a7c19bfc8
C 9
R
P 0x7f2a7c191628
C 342
R
P 0x7f2a7c191628
I 1
P 0x7f2a7c19b208
C 150
= 0x7f2a7c19bc88
R
P 0x7f2a7c191628
C 342
R
P 0x7f2a7c191628
P 0x7f2a7c19bc88
C 258
R
P 0x7f2a7c191628
C 342
R
P 0x7f2a7c191628
P 0x7f2a7c19bc88
C 9
R
P 0x7f2a7c191628
C 342
R
P 0x7f2a7c191628
P 0x7f2a7c19bfc8
P 0x7f2a7c19bc88
C 75
= 0x7f2a7c487208
R
P 0x7f2a7c191628
C 342
R
P 0x7f2a7c191628
P 0x7f2a7c487208
C 258
R
P 0x7f2a7c191628
C 342
R
P 0x7f2a7c191628
P 0x7f2a7c487208
C 9
R
P 0x7f2a7c191628
C 342
R
P 0x7f2a7c191628
I 1
P 0x7f2a7c19b208
C 150
= 0x7f2a7c19bc88
R
P 0x7f2a7c191628
C 342
R
P 0x7f2a7c191628
P 0x7f2a7c19bc88
C 258
R
P 0x7f2a7c191628
C 342
R
P 0x7f2a7c191628
P 0x7f2a7c19bc88
C 9
R
P 0x7f2a7c191628
C 342
R
P 0x7f2a7c191628
U 2
P 0x7f2a7c19bfc8
P 0x7f2a7c19bc88
p 2
C 67
= 0x7f2a7c487240
R
P 0x7f2a7c191628
C 342
R
P 0x7f2a7c191628
P 0x7f2a7c487240
C 257
R
P 0x7f2a7c191628
C 342
R
P 0x7f2a7c191628
P 0x7f2a7c487240
C 254
= 0x7f2a7c19b208
R
P 0x7f2a7c191628
C 342
R
P 0x7f2a7c191628
P 0x7f2a7c19b208
C 209
R
P 0x7f2a7c191628
C 342
R
P 0x7f2a7c191628
P 0x7f2a7c487240
C 260
R
P 0x7f2a7c191628
C 342
R
P 0x7f2a7c191628
P 0x7f2a7c487240
C 259
R
P 0x7f2a7c191628
C 342
R
P 0x7f2a7c191628
P 0x7f2a7c487240
C 258
R
P 0x7f2a7c191628
C 342
R
P 0x7f2a7c191628
P 0x7f2a7c487240
C 9
R
P 0x7f2a7c191628
C 342
R
P 0x7f2a7c191628
U 2
P 0x7f2a7c19bba8
P 0x7f2a7c487240
p 2
C 66
= 0x7f2a7c487278
R
P 0x7f2a7c191628
C 342
R
P 0x7f2a7c191628
P 0x7f2a7c487278
C 257
R
P 0x7f2a7c191628
C 342
R
P 0x7f2a7c191628
P 0x7f2a7c487278
C 254
= 0x7f2a7c19b1e8
R
P 0x7f2a7c191628
C 342
R
P 0x7f2a7c191628
P 0x7f2a7c19b1e8
C 209
R
P 0x7f2a7c191628
C 342
R
P 0x7f2a7c191628
P 0x7f2a7c487278
C 260
R
P 0x7f2a7c191628
C 342
R
P 0x7f2a7c191628
P 0x7f2a7c487278
C 259
R
P 0x7f2a7c191628
C 342
R
P 0x7f2a7c191628
P 0x7f2a7c487278
C 258
R
P 0x7f2a7c191628
C 342
R
P 0x7f2a7c191628
P 0x7f2a7c487278
C 9
R
P 0x7f2a7c191628
C 342
R
P 0x7f2a7c191628
U 2
P 0x7f2a7c19bc28
P 0x7f2a7c487278
p 2
C 65
= 0x7f2a7c4872b0
R
P 0x7f2a7c191628
C 342
R
P 0x7f2a7c191628
P 0x7f2a7c4872b0
C 257
R
P 0x7f2a7c191628
C 342
R
P 0x7f2a7c191628
P 0x7f2a7c4872b0
C 254
= 0x7f2a7c19b1e8
R
P 0x7f2a7c191628
C 342
R
P 0x7f2a7c191628
P 0x7f2a7c19b1e8
C 209
R
P 0x7f2a7c191628
C 342
R
P 0x7f2a7c191628
P 0x7f2a7c4872b0
C 260
R
P 0x7f2a7c191628
C 342
R
P 0x7f2a7c191628
P 0x7f2a7c4872b0
C 259
R
P 0x7f2a7c191628
C 342
R
P 0x7f2a7c191628
P 0x7f2a7c4872b0
C 258
R
P 0x7f2a7c191628
C 342
R
P 0x7f2a7c191628
P 0x7f2a7c4872b0
C 9
R
P 0x7f2a7c191628
C 342
R
P 0x7f2a7c191628
P 0x7f2a7c487208
P 0x7f2a7c4872b0
P 0x7f2a7c19bc28
C 59
= 0x7f2a7c19f988
R
P 0x7f2a7c191628
C 342
R
P 0x7f2a7c191628
P 0x7f2a7c19f988
C 257
R
P 0x7f2a7c191628
C 342
R
P 0x7f2a7c191628
P 0x7f2a7c19f988
C 254
= 0x7f2a7c19b1e8
R
P 0x7f2a7c191628
C 342
R
P 0x7f2a7c191628
P 0x7f2a7c19b1e8
C 209
R
P 0x7f2a7c191628
C 342
R
P 0x7f2a7c191628
P 0x7f2a7c19f988
C 260
R
P 0x7f2a7c191628
C 342
R
P 0x7f2a7c191628
P 0x7f2a7c19f988
C 259
R
P 0x7f2a7c191628
C 342
R
P 0x7f2a7c191628
P 0x7f2a7c19f988
C 258
R
P 0x7f2a7c191628
C 342
R
P 0x7f2a7c191628
P 0x7f2a7c19f988
C 9
R
P 0x7f2a7c191628
C 342
R
P 0x7f2a7c191628
U 2
P 0x7f2a7c19f988
P 0x7f2a7c19bb48
p 2
C 65
= 0x7f2a7c4872e8
R
P 0x7f2a7c191628
C 342
R
P 0x7f2a7c191628
P 0x7f2a7c4872e8
C 257
R
P 0x7f2a7c191628
C 342
R
P 0x7f2a7c191628
P 0x7f2a7c4872e8
C 254
= 0x7f2a7c19b1e8
R
P 0x7f2a7c191628
C 342
R
P 0x7f2a7c191628
P 0x7f2a7c19b1e8
C 209
R
P 0x7f2a7c191628
C 342
R
P 0x7f2a7c191628
P 0x7f2a7c4872e8
C 260
R
P 0x7f2a7c191628
C 342
R
P 0x7f2a7c191628
P 0x7f2a7c4872e8
C 259
R
P 0x7f2a7c191628
C 342
R
P 0x7f2a7c191628
P 0x7f2a7c4872e8
C 258
R
P 0x7f2a7c191628
C 342
R
P 0x7f2a7c191628
P 0x7f2a7c4872e8
C 9
R
P 0x7f2a7c191628
C 342
R
P 0x7f2a7c191628
P 0x7f2a7c19bc68
C 333
R
P 0x7f2a7c191628
C 342
R
P 0x7f2a7c191628
S "slotflowPriorityStart"
C 30
R
P 0x7f2a7c191628
C 342
R
P 0x7f2a7c191628
$ |slotflowPriorityStart|
C 202
R
P 0x7f2a7c191628
C 342
R
P 0x7f2a7c191628
$ |slotflowPriorityStart|
P 0x7f2a7c19b1e8
C 51
= 0x7f2a7c19c2a8
R
P 0x7f2a7c191628
C 342
R
P 0x7f2a7c191628
P 0x7f2a7c19c2a8
C 257
R
P 0x7f2a7c191628
C 342
R
P 0x7f2a7c191628
P 0x7f2a7c19c2a8
C 254
= 0x7f2a7c19b1e8
R
P 0x7f2a7c191628
C 342
R
P 0x7f2a7c191628
P 0x7f2a7c19b1e8
C 209
R
P 0x7f2a7c191628
C 342
R
P 0x7f2a7c191628
P 0x7f2a7c19c2a8
C 260
R
P 0x7f2a7c191628
C 342
R
P 0x7f2a7c191628
P 0x7f2a7c19c2a8
C 259
R
P 0x7f2a7c191628
C 342
R
P 0x7f2a7c191628
P 0x7f2a7c19c2a8
C 258
R
P 0x7f2a7c191628
C 342
R
P 0x7f2a7c191628
P 0x7f2a7c19c2a8
C 9
R
P 0x7f2a7c191628
C 342
R
P 0x7f2a7c191628
I 2
P 0x7f2a7c19b208
C 150
= 0x7f2a7c19bcc8
R
P 0x7f2a7c191628
C 342
R
P 0x7f2a7c191628
P 0x7f2a7c19bcc8
C 258
R
P 0x7f2a7c191628
C 342
R
P 0x7f2a7c191628
P 0x7f2a7c19bcc8
C 9
R
P 0x7f2a7c191628
C 342
R
P 0x7f2a7c191628
I 1
P 0x7f2a7c19b208
C 150
= 0x7f2a7c19bc88
R
P 0x7f2a7c191628
C 342
R
P 0x7f2a7c191628
P 0x7f2a7c19bc88
C 258
R
P 0x7f2a7c191628
C 342
R
P 0x7f2a7c191628
P 0x7f2a7c19bc88
C 9
R
P 0x7f2a7c191628
C 342
R
P 0x7f2a7c191628
P 0x7f2a7c19bcc8
P 0x7f2a7c19bc88
C 75
= 0x7f2a7c1a1890
R
P 0x7f2a7c191628
C 342
R
P 0x7f2a7c191628
P 0x7f2a7c1a1890
C 258
R
P 0x7f2a7c191628
C 342
R
P 0x7f2a7c191628
P 0x7f2a7c1a1890
C 9
R
P 0x7f2a7c191628
C 342
R
P 0x7f2a7c191628
I 1
P 0x7f2a7c19b208
C 150
= 0x7f2a7c19bc88
R
P 0x7f2a7c191628
C 342
R
P 0x7f2a7c191628
P 0x7f2a7c19bc88
C 258
R
P 0x7f2a7c191628
C 342
R
P 0x7f2a7c191628
P 0x7f2a7c19bc88
C 9
R
P 0x7f2a7c191628
C 342
R
P 0x7f2a7c191628
U 2
P 0x7f2a7c19bcc8
P 0x7f2a7c19bc88
p 2
C 67
= 0x7f2a7c1a18c8
R
P 0x7f2a7c191628
C 342
R
P 0x7f2a7c191628
P 0x7f2a7c1a18c8
C 257
R
P 0x7f2a7c191628
C 342
R
P 0x7f2a7c191628
P 0x7f2a7c1a18c8
C 254
= 0x7f2a7c19b208
R
P 0x7f2a7c191628
C 342
R
P 0x7f2a7c191628
P 0x7f2a7c19b208
C 209
R
P 0x7f2a7c191628
C 342
R
P 0x7f2a7c191628
P 0x7f2a7c1a18c8
C 260
R
P 0x7f2a7c191628
C 342
R
P 0x7f2a7c191628
P 0x7f2a7c1a18c8
C 259
R
P 0x7f2a7c191628
C 342
R
P 0x7f2a7c191628
P 0x7f2a7c1a18c8
C 258
R
P 0x7f2a7c191628
C 342
R
P 0x7f2a7c191628
P 0x7f2a7c1a18c8
C 9
R
P 0x7f2a7c191628
C 342
R
P 0x7f2a7c191628
U 2
P 0x7f2a7c19bbe8
P 0x7f2a7c1a18c8
p 2
C 66
= 0x7f2a7c487d68
R
P 0x7f2a7c191628
C 342
R
P 0x7f2a7c191628
P 0x7f2a7c487d68
C 257
R
P 0x7f2a7c191628
C 342
R
P 0x7f2a7c191628
P 0x7f2a7c487d68
C 254
= 0x7f2a7c19b208
R
P 0x7f2a7c191628
C 342
R
P 0x7f2a7c191628
P 0x7f2a7c19b208
C 209
R
P 0x7f2a7c191628
C 342
R
P 0x7f2a7c191628
P 0x7f2a7c487d68
C 260
R
P 0x7f2a7c191628
C 342
R
P 0x7f2a7c191628
P 0x7f2a7c487d68
C 259
R
P 0x7f2a7c191628
C 342
R
P 0x7f2a7c191628
P 0x7f2a7c487d68
C 258
R
P 0x7f2a7c191628
C 342
R
P 0x7f2a7c191628
P 0x7f2a7c487d68
C 9
R
P 0x7f2a7c191628
C 342
R
P 0x7f2a7c191628
U 2
P 0x7f2a7c19bb88
P 0x7f2a7c487d68
p 2
C 65
= 0x7f2a7c487da0
R
P 0x7f2a7c191628
C 342
R
P 0x7f2a7c191628
P 0x7f2a7c487da0
C 257
R
P 0x7f2a7c191628
C 342
R
P 0x7f2a7c191628
P 0x7f2a7c487da0
C 254
= 0x7f2a7c19b1e8
R
P 0x7f2a7c191628
C 342
R
P 0x7f2a7c191628
P 0x7f2a7c19b1e8
C 209
R
P 0x7f2a7c191628
C 342
R
P 0x7f2a7c191628
P 0x7f2a7c487da0
C 260
R
P 0x7f2a7c191628
C 342
R
P 0x7f2a7c191628
P 0x7f2a7c487da0
C 259
R
P 0x7f2a7c191628
C 342
R
P 0x7f2a7c191628
P 0x7f2a7c487da0
C 258
R
P 0x7f2a7c191628
C 342
R
P 0x7f2a7c191628
P 0x7f2a7c487da0
C 9
R
P 0x7f2a7c191628
C 342
R
P 0x7f2a7c191628
P 0x7f2a7c1a1890
P 0x7f2a7c487da0
P 0x7f2a7c19bb88
C 59
= 0x7f2a7c19fa88
R
P 0x7f2a7c191628
C 342
R
P 0x7f2a7c191628
P 0x7f2a7c19fa88
C 257
R
P 0x7f2a7c191628
C 342
R
P 0x7f2a7c191628
P 0x7f2a7c19fa88
C 254
= 0x7f2a7c19b1e8
R
P 0x7f2a7c191628
C 342
R
P 0x7f2a7c191628
P 0x7f2a7c19b1e8
C 209
R
P 0x7f2a7c191628
C 342
R
P 0x7f2a7c191628
P 0x7f2a7c19fa88
C 260
R
P 0x7f2a7c191628
C 342
R
P 0x7f2a7c191628
P 0x7f2a7c19fa88
C 259
R
P 0x7f2a7c191628
C 342
R
P 0x7f2a7c191628
P 0x7f2a7c19fa88
C 258
R
P 0x7f2a7c191628
C 342
R
P 0x7f2a7c191628
P 0x7f2a7c19fa88
C 9
R
P 0x7f2a7c191628
C 342
R
P 0x7f2a7c191628
U 2
P 0x7f2a7c19c2a8
P 0x7f2a7c19fa88
p 2
C 65
= 0x7f2a7c487e80
R
P 0x7f2a7c191628
C 342
R
P 0x7f2a7c191628
P 0x7f2a7c487e80
C 257
R
P 0x7f2a7c191628
C 342
R
P 0x7f2a7c191628
P 0x7f2a7c487e80
C 254
= 0x7f2a7c19b1e8
R
P 0x7f2a7c191628
C 342
R
P 0x7f2a7c191628
P 0x7f2a7c19b1e8
C 209
R
P 0x7f2a7c191628
C 342
R
P 0x7f2a7c191628
P 0x7f2a7c487e80
C 260
R
P 0x7f2a7c191628
C 342
R
P 0x7f2a7c191628
P 0x7f2a7c487e80
C 259
R
P 0x7f2a7c191628
C 342
R
P 0x7f2a7c191628
P 0x7f2a7c487e80
C 258
R
P 0x7f2a7c191628
C 342
R
P 0x7f2a7c191628
P 0x7f2a7c487e80
C 9
R
P 0x7f2a7c191628
C 342
R
P 0x7f2a7c191628
P 0x7f2a7c4872e8
P 0x7f2a7c487e80
C 73
= 0x7f2a7c48b180
R
P 0x7f2a7c191628
C 342
R
P 0x7f2a7c191628
P 0x7f2a7c48b180
C 258
R
P 0x7f2a7c191628
C 342
R
P 0x7f2a7c191628
P 0x7f2a7c48b180
C 9
R
P 0x7f2a7c191628
C 342
R
P 0x7f2a7c191628
I 3
P 0x7f2a7c19b208
C 150
= 0x7f2a7c19bfc8
R
P 0x7f2a7c191628
C 342
R
P 0x7f2a7c191628
P 0x7f2a7c19bfc8
C 258
R
P 0x7f2a7c191628
C 342
R
P 0x7f2a7c191628
P 0x7f2a7c19bfc8
C 9
R
P 0x7f2a7c191628
C 342
R
P 0x7f2a7c191628
I 1
P 0x7f2a7c19b208
C 150
= 0x7f2a7c19bc88
R
P 0x7f2a7c191628
C 342
R
P 0x7f2a7c191628
P 0x7f2a7c19bc88
C 258
R
P 0x7f2a7c191628
C 342
R
P 0x7f2a7c191628
P 0x7f2a7c19bc88
C 9
R
P 0x7f2a7c191628
C 342
R
P 0x7f2a7c191628
P 0x7f2a7c19bfc8
P 0x7f2a7c19bc88
C 75
= 0x7f2a7c487208
R
P 0x7f2a7c191628
C 342
R
P 0x7f2a7c191628
P 0x7f2a7c487208
C 258
R
P 0x7f2a7c191628
C 342
R
P 0x7f2a7c191628
P 0x7f2a7c487208
C 9
R
P 0x7f2a7c191628
C 342
R
P 0x7f2a7c191628
I 1
P 0x7f2a7c19b208
C 150
= 0x7f2a7c19bc88
R
P 0x7f2a7c191628
C 342
R
P 0x7f2a7c191628
P 0x7f2a7c19bc88
C 258
R
P 0x7f2a7c191628
C 342
R
P 0x7f2a7c191628
P 0x7f2a7c19bc88
C 9
R
P 0x7f2a7c191628
C 342
R
P 0x7f2a7c191628
U 2
P 0x7f2a7c19bfc8
P 0x7f2a7c19bc88
p 2
C 67
= 0x7f2a7c487240
R
P 0x7f2a7c191628
C 342
R
P 0x7f2a7c191628
P 0x7f2a7c487240
C 257
R
P 0x7f2a7c191628
C 342
R
P 0x7f2a7c191628
P 0x7f2a7c487240
C 254
= 0x7f2a7c19b208
R
P 0x7f2a7c191628
C 342
R
P 0x7f2a7c191628
P 0x7f2a7c19b208
C 209
R
P 0x7f2a7c191628
C 342
R
P 0x7f2a7c191628
P 0x7f2a7c487240
C 260
R
P 0x7f2a7c191628
C 342
R
P 0x7f2a7c191628
P 0x7f2a7c487240
C 259
R
P 0x7f2a7c191628
C 342
R
P 0x7f2a7c191628
P 0x7f2a7c487240
C 258
R
P 0x7f2a7c191628
C 342
R
P 0x7f2a7c191628
P 0x7f2a7c487240
C 9
R
P 0x7f2a7c191628
C 342
R
P 0x7f2a7c191628
U 2
P 0x7f2a7c19bba8
P 0x7f2a7c487240
p 2
C 66
= 0x7f2a7c487278
R
P 0x7f2a7c191628
C 342
R
P 0x7f2a7c191628
P 0x7f2a7c487278
C 257
R
P 0x7f2a7c191628
C 342
R
P 0x7f2a7c191628
P 0x7f2a7c487278
C 254
= 0x7f2a7c19b1e8
R
P 0x7f2a7c191628
C 342
R
P 0x7f2a7c191628
P 0x7f2a7c19b1e8
C 209
R
P 0x7f2a7c191628
C 342
R
P 0x7f2a7c191628
P 0x7f2a7c487278
C 260
R
P 0x7f2a7c191628
C 342
R
P 0x7f2a7c191628
P 0x7f2a7c487278
C 259
R
P 0x7f2a7c191628
C 342
R
P 0x7f2a7c191628
P 0x7f2a7c487278
C 258
R
P 0x7f2a7c191628
C 342
R
P 0x7f2a7c191628
P 0x7f2a7c487278
C 9
R
P 0x7f2a7c191628
C 342
R
P 0x7f2a7c191628
U 2
P 0x7f2a7c19bc28
P 0x7f2a7c487278
p 2
C 65
= 0x7f2a7c4872b0
R
P 0x7f2a7c191628
C 342
R
P 0x7f2a7c191628
P 0x7f2a7c4872b0
C 257
R
P 0x7f2a7c191628
C 342
R
P 0x7f2a7c191628
P 0x7f2a7c4872b0
C 254
= 0x7f2a7c19b1e8
R
P 0x7f2a7c191628
C 342
R
P 0x7f2a7c191628
P 0x7f2a7c19b1e8
C 209
R
P 0x7f2a7c191628
C 342
R
P 0x7f2a7c191628
P 0x7f2a7c4872b0
C 260
R
P 0x7f2a7c191628
C 342
R
P 0x7f2a7c191628
P 0x7f2a7c4872b0
C 259
R
P 0x7f2a7c191628
C 342
R
P 0x7f2a7c191628
P 0x7f2a7c4872b0
C 258
R
P 0x7f2a7c191628
C 342
R
P 0x7f2a7c191628
P 0x7f2a7c4872b0
C 9
R
P 0x7f2a7c191628
C 342
R
P 0x7f2a7c191628
P 0x7f2a7c487208
P 0x7f2a7c4872b0
P 0x7f2a7c19bc28
C 59
= 0x7f2a7c19f988
R
P 0x7f2a7c191628
C 342
R
P 0x7f2a7c191628
P 0x7f2a7c19f988
C 257
R
P 0x7f2a7c191628
C 342
R
P 0x7f2a7c191628
P 0x7f2a7c19f988
C 254
= 0x7f2a7c19b1e8
R
P 0x7f2a7c191628
C 342
R
P 0x7f2a7c191628
P 0x7f2a7c19b1e8
C 209
R
P 0x7f2a7c191628
C 342
R
P 0x7f2a7c191628
P 0x7f2a7c19f988
C 260
R
P 0x7f2a7c191628
C 342
R
P 0x7f2a7c191628
P 0x7f2a7c19f988
C 259
R
P 0x7f2a7c191628
C 342
R
P 0x7f2a7c191628
P 0x7f2a7c19f988
C 258
R
P 0x7f2a7c191628
C 342
R
P 0x7f2a7c191628
P 0x7f2a7c19f988
C 9
R
P 0x7f2a7c191628
C 342
R
P 0x7f2a7c191628
U 2
P 0x7f2a7c19f988
P 0x7f2a7c19bb48
p 2
C 65
= 0x7f2a7c4872e8
R
P 0x7f2a7c191628
C 342
R
P 0x7f2a7c191628
P 0x7f2a7c4872e8
C 257
R
P 0x7f2a7c191628
C 342
R
P 0x7f2a7c191628
P 0x7f2a7c4872e8
C 254
= 0x7f2a7c19b1e8
R
P 0x7f2a7c191628
C 342
R
P 0x7f2a7c191628
P 0x7f2a7c19b1e8
C 209
R
P 0x7f2a7c191628
C 342
R
P 0x7f2a7c191628
P 0x7f2a7c4872e8
C 260
R
P 0x7f2a7c191628
C 342
R
P 0x7f2a7c191628
P 0x7f2a7c4872e8
C 259
R
P 0x7f2a7c191628
C 342
R
P 0x7f2a7c191628
P 0x7f2a7c4872e8
C 258
R
P 0x7f2a7c191628
C 342
R
P 0x7f2a7c191628
P 0x7f2a7c4872e8
C 9
R
P 0x7f2a7c191628
C 342
R
P 0x7f2a7c191628
I 2
P 0x7f2a7c19b208
C 150
= 0x7f2a7c19bcc8
R
P 0x7f2a7c191628
C 342
R
P 0x7f2a7c191628
P 0x7f2a7c19bcc8
C 258
R
P 0x7f2a7c191628
C 342
R
P 0x7f2a7c191628
P 0x7f2a7c19bcc8
C 9
R
P 0x7f2a7c191628
C 342
R
P 0x7f2a7c191628
I 1
P 0x7f2a7c19b208
C 150
= 0x7f2a7c19bc88
R
P 0x7f2a7c191628
C 342
R
P 0x7f2a7c191628
P 0x7f2a7c19bc88
C 258
R
P 0x7f2a7c191628
C 342
R
P 0x7f2a7c191628
P 0x7f2a7c19bc88
C 9
R
P 0x7f2a7c191628
C 342
R
P 0x7f2a7c191628
P 0x7f2a7c19bcc8
P 0x7f2a7c19bc88
C 75
= 0x7f2a7c1a1890
R
P 0x7f2a7c191628
C 342
R
P 0x7f2a7c191628
P 0x7f2a7c1a1890
C 258
R
P 0x7f2a7c191628
C 342
R
P 0x7f2a7c191628
P 0x7f2a7c1a1890
C 9
R
P 0x7f2a7c191628
C 342
R
P 0x7f2a7c191628
I 1
P 0x7f2a7c19b208
C 150
= 0x7f2a7c19bc88
R
P 0x7f2a7c191628
C 342
R
P 0x7f2a7c191628
P 0x7f2a7c19bc88
C 258
R
P 0x7f2a7c191628
C 342
R
P 0x7f2a7c191628
P 0x7f2a7c19bc88
C 9
R
P 0x7f2a7c191628
C 342
R
P 0x7f2a7c191628
U 2
P 0x7f2a7c19bcc8
P 0x7f2a7c19bc88
p 2
C 67
= 0x7f2a7c1a18c8
R
P 0x7f2a7c191628
C 342
R
P 0x7f2a7c191628
P 0x7f2a7c1a18c8
C 257
R
P 0x7f2a7c191628
C 342
R
P 0x7f2a7c191628
P 0x7f2a7c1a18c8
C 254
= 0x7f2a7c19b208
R
P 0x7f2a7c191628
C 342
R
P 0x7f2a7c191628
P 0x7f2a7c19b208
C 209
R
P 0x7f2a7c191628
C 342
R
P 0x7f2a7c191628
P 0x7f2a7c1a18c8
C 260
R
P 0x7f2a7c191628
C 342
R
P 0x7f2a7c191628
P 0x7f2a7c1a18c8
C 259
R
P 0x7f2a7c191628
C 342
R
P 0x7f2a7c191628
P 0x7f2a7c1a18c8
C 258
R
P 0x7f2a7c191628
C 342
R
P 0x7f2a7c191628
P 0x7f2a7c1a18c8
C 9
R
P 0x7f2a7c191628
C 342
R
P 0x7f2a7c191628
U 2
P 0x7f2a7c19bbe8
P 0x7f2a7c1a18c8
p 2
C 66
= 0x7f2a7c487d68
R
P 0x7f2a7c191628
C 342
R
P 0x7f2a7c191628
P 0x7f2a7c487d68
C 257
R
P 0x7f2a7c191628
C 342
R
P 0x7f2a7c191628
P 0x7f2a7c487d68
C 254
= 0x7f2a7c19b208
R
P 0x7f2a7c191628
C 342
R
P 0x7f2a7c191628
P 0x7f2a7c19b208
C 209
R
P 0x7f2a7c191628
C 342
R
P 0x7f2a7c191628
P 0x7f2a7c487d68
C 260
R
P 0x7f2a7c191628
C 342
R
P 0x7f2a7c191628
P 0x7f2a7c487d68
C 259
R
P 0x7f2a7c191628
C 342
R
P 0x7f2a7c191628
P 0x7f2a7c487d68
C 258
R
P 0x7f2a7c191628
C 342
R
P 0x7f2a7c191628
P 0x7f2a7c487d68
C 9
R
P 0x7f2a7c191628
C 342
R
P 0x7f2a7c191628
U 2
P 0x7f2a7c19bb88
P 0x7f2a7c487d68
p 2
C 65
= 0x7f2a7c487da0
R
P 0x7f2a7c191628
C 342
R
P 0x7f2a7c191628
P 0x7f2a7c487da0
C 257
R
P 0x7f2a7c191628
C 342
R
P 0x7f2a7c191628
P 0x7f2a7c487da0
C 254
= 0x7f2a7c19b1e8
R
P 0x7f2a7c191628
C 342
R
P 0x7f2a7c191628
P 0x7f2a7c19b1e8
C 209
R
P 0x7f2a7c191628
C 342
R
P 0x7f2a7c191628
P 0x7f2a7c487da0
C 260
R
P 0x7f2a7c191628
C 342
R
P 0x7f2a7c191628
P 0x7f2a7c487da0
C 259
R
P 0x7f2a7c191628
C 342
R
P 0x7f2a7c191628
P 0x7f2a7c487da0
C 258
R
P 0x7f2a7c191628
C 342
R
P 0x7f2a7c191628
P 0x7f2a7c487da0
C 9
R
P 0x7f2a7c191628
C 342
R
P 0x7f2a7c191628
P 0x7f2a7c1a1890
P 0x7f2a7c487da0
P 0x7f2a7c19bb88
C 59
= 0x7f2a7c19fa88
R
P 0x7f2a7c191628
C 342
R
P 0x7f2a7c191628
P 0x7f2a7c19fa88
C 257
R
P 0x7f2a7c191628
C 342
R
P 0x7f2a7c191628
P 0x7f2a7c19fa88
C 254
= 0x7f2a7c19b1e8
R
P 0x7f2a7c191628
C 342
R
P 0x7f2a7c191628
P 0x7f2a7c19b1e8
C 209
R
P 0x7f2a7c191628
C 342
R
P 0x7f2a7c191628
P 0x7f2a7c19fa88
C 260
R
P 0x7f2a7c191628
C 342
R
P 0x7f2a7c191628
P 0x7f2a7c19fa88
C 259
R
P 0x7f2a7c191628
C 342
R
P 0x7f2a7c191628
P 0x7f2a7c19fa88
C 258
R
P 0x7f2a7c191628
C 342
R
P 0x7f2a7c191628
P 0x7f2a7c19fa88
C 9
R
P 0x7f2a7c191628
C 342
R
P 0x7f2a7c191628
P 0x7f2a7c4872e8
P 0x7f2a7c19fa88
C 76
= 0x7f2a7c48b1b8
R
P 0x7f2a7c191628
C 342
R
P 0x7f2a7c191628
P 0x7f2a7c48b1b8
C 258
R
P 0x7f2a7c191628
C 342
R
P 0x7f2a7c191628
P 0x7f2a7c48b1b8
C 9
R
P 0x7f2a7c191628
C 342
R
P 0x7f2a7c191628
U 2
P 0x7f2a7c48b180
P 0x7f2a7c48b1b8
p 2
C 63
= 0x7f2a7c48b1f0
R
P 0x7f2a7c191628
C 342
R
P 0x7f2a7c191628
P 0x7f2a7c48b1f0
C 258
R
P 0x7f2a7c191628
C 342
R
P 0x7f2a7c191628
P 0x7f2a7c48b1f0
C 9
R
P 0x7f2a7c191628
C 342
R
P 0x7f2a7c191628
I 3
P 0x7f2a7c19b208
C 150
= 0x7f2a7c19bfc8
R
P 0x7f2a7c191628
C 342
R
P 0x7f2a7c191628
P 0x7f2a7c19bfc8
C 258
R
P 0x7f2a7c191628
C 342
R
P 0x7f2a7c191628
P 0x7f2a7c19bfc8
C 9
R
P 0x7f2a7c191628
C 342
R
P 0x7f2a7c191628
P 0x7f2a7c19bfc8
C 263
R
P 0x7f2a7c191628
C 342
R
P 0x7f2a7c191628
S "dev0T33"
C 30
R
P 0x7f2a7c191628
C 342
R
P 0x7f2a7c191628
$ |dev0T33|
C 202
R
P 0x7f2a7c191628
C 342
R
P 0x7f2a7c191628
$ |dev0T33|
P 0x7f2a7c19b1e8
C 51
= 0x7f2a7c19c228
R
P 0x7f2a7c191628
C 342
R
P 0x7f2a7c191628
P 0x7f2a7c19c228
C 257
R
P 0x7f2a7c191628
C 342
R
P 0x7f2a7c191628
P 0x7f2a7c19c228
C 254
= 0x7f2a7c19b1e8
R
P 0x7f2a7c191628
C 342
R
P 0x7f2a7c191628
P 0x7f2a7c19b1e8
C 209
R
P 0x7f2a7c191628
C 342
R
P 0x7f2a7c191628
P 0x7f2a7c19c228
C 260
R
P 0x7f2a7c191628
C 342
R
P 0x7f2a7c191628
P 0x7f2a7c19c228
C 259
R
P 0x7f2a7c191628
C 342
R
P 0x7f2a7c191628
P 0x7f2a7c19c228
C 258
R
P 0x7f2a7c191628
C 342
R
P 0x7f2a7c191628
P 0x7f2a7c19c228
C 9
R
P 0x7f2a7c191628
C 342
R
P 0x7f2a7c191628
P 0x7f2a7c19bc68
C 333
R
P 0x7f2a7c191628
C 342
R
P 0x7f2a7c191628
S "slotflowPriorityStart"
C 30
R
P 0x7f2a7c191628
C 342
R
P 0x7f2a7c191628
$ |slotflowPriorityStart|
C 202
R
P 0x7f2a7c191628
C 342
R
P 0x7f2a7c191628
$ |slotflowPriorityStart|
P 0x7f2a7c19b1e8
C 51
= 0x7f2a7c19c2a8
R
P 0x7f2a7c191628
C 342
R
P 0x7f2a7c191628
P 0x7f2a7c19c2a8
C 257
R
P 0x7f2a7c191628
C 342
R
P 0x7f2a7c191628
P 0x7f2a7c19c2a8
C 254
= 0x7f2a7c19b1e8
R
P 0x7f2a7c191628
C 342
R
P 0x7f2a7c191628
P 0x7f2a7c19b1e8
C 209
R
P 0x7f2a7c191628
C 342
R
P 0x7f2a7c191628
P 0x7f2a7c19c2a8
C 260
R
P 0x7f2a7c191628
C 342
R
P 0x7f2a7c191628
P 0x7f2a7c19c2a8
C 259
R
P 0x7f2a7c191628
C 342
R
P 0x7f2a7c191628
P 0x7f2a7c19c2a8
C 258
R
P 0x7f2a7c191628
C 342
R
P 0x7f2a7c191628
P 0x7f2a7c19c2a8
C 9
R
P 0x7f2a7c191628
C 342
R
P 0x7f2a7c191628
I 2
P 0x7f2a7c19b208
C 150
= 0x7f2a7c19bcc8
R
P 0x7f2a7c191628
C 342
R
P 0x7f2a7c191628
P 0x7f2a7c19bcc8
C 258
R
P 0x7f2a7c191628
C 342
R
P 0x7f2a7c191628
P 0x7f2a7c19bcc8
C 9
R
P 0x7f2a7c191628
C 342
R
P 0x7f2a7c191628
I 1
P 0x7f2a7c19b208
C 150
= 0x7f2a7c19bc88
R
P 0x7f2a7c191628
C 342
R
P 0x7f2a7c191628
P 0x7f2a7c19bc88
C 258
R
P 0x7f2a7c191628
C 342
R
P 0x7f2a7c191628
P 0x7f2a7c19bc88
C 9
R
P 0x7f2a7c191628
C 342
R
P 0x7f2a7c191628
P 0x7f2a7c19bcc8
P 0x7f2a7c19bc88
C 75
= 0x7f2a7c1a1890
R
P 0x7f2a7c191628
C 342
R
P 0x7f2a7c191628
P 0x7f2a7c1a1890
C 258
R
P 0x7f2a7c191628
C 342
R
P 0x7f2a7c191628
P 0x7f2a7c1a1890
C 9
R
P 0x7f2a7c191628
C 342
R
P 0x7f2a7c191628
I 1
P 0x7f2a7c19b208
C 150
= 0x7f2a7c19bc88
R
P 0x7f2a7c191628
C 342
R
P 0x7f2a7c191628
P 0x7f2a7c19bc88
C 258
R
P 0x7f2a7c191628
C 342
R
P 0x7f2a7c191628
P 0x7f2a7c19bc88
C 9
R
P 0x7f2a7c191628
C 342
R
P 0x7f2a7c191628
U 2
P 0x7f2a7c19bcc8
P 0x7f2a7c19bc88
p 2
C 67
= 0x7f2a7c1a18c8
R
P 0x7f2a7c191628
C 342
R
P 0x7f2a7c191628
P 0x7f2a7c1a18c8
C 257
R
P 0x7f2a7c191628
C 342
R
P 0x7f2a7c191628
P 0x7f2a7c1a18c8
C 254
= 0x7f2a7c19b208
R
P 0x7f2a7c191628
C 342
R
P 0x7f2a7c191628
P 0x7f2a7c19b208
C 209
R
P 0x7f2a7c191628
C 342
R
P 0x7f2a7c191628
P 0x7f2a7c1a18c8
C 260
R
P 0x7f2a7c191628
C 342
R
P 0x7f2a7c191628
P 0x7f2a7c1a18c8
C 259
R
P 0x7f2a7c191628
C 342
R
P 0x7f2a7c191628
P 0x7f2a7c1a18c8
C 258
R
P 0x7f2a7c191628
C 342
R
P 0x7f2a7c191628
P 0x7f2a7c1a18c8
C 9
R
P 0x7f2a7c191628
C 342
R
P 0x7f2a7c191628
U 2
P 0x7f2a7c19bbe8
P 0x7f2a7c1a18c8
p 2
C 66
= 0x7f2a7c487d68
R
P 0x7f2a7c191628
C 342
R
P 0x7f2a7c191628
P 0x7f2a7c487d68
C 257
R
P 0x7f2a7c191628
C 342
R
P 0x7f2a7c191628
P 0x7f2a7c487d68
C 254
= 0x7f2a7c19b208
R
P 0x7f2a7c191628
C 342
R
P 0x7f2a7c191628
P 0x7f2a7c19b208
C 209
R
P 0x7f2a7c191628
C 342
R
P 0x7f2a7c191628
P 0x7f2a7c487d68
C 260
R
P 0x7f2a7c191628
C 342
R
P 0x7f2a7c191628
P 0x7f2a7c487d68
C 259
R
P 0x7f2a7c191628
C 342
R
P 0x7f2a7c191628
P 0x7f2a7c487d68
C 258
R
P 0x7f2a7c191628
C 342
R
P 0x7f2a7c191628
P 0x7f2a7c487d68
C 9
R
P 0x7f2a7c191628
C 342
R
P 0x7f2a7c191628
U 2
P 0x7f2a7c19bb88
P 0x7f2a7c487d68
p 2
C 65
= 0x7f2a7c487da0
R
P 0x7f2a7c191628
C 342
R
P 0x7f2a7c191628
P 0x7f2a7c487da0
C 257
R
P 0x7f2a7c191628
C 342
R
P 0x7f2a7c191628
P 0x7f2a7c487da0
C 254
= 0x7f2a7c19b1e8
R
P 0x7f2a7c191628
C 342
R
P 0x7f2a7c191628
P 0x7f2a7c19b1e8
C 209
R
P 0x7f2a7c191628
C 342
R
P 0x7f2a7c191628
P 0x7f2a7c487da0
C 260
R
P 0x7f2a7c191628
C 342
R
P 0x7f2a7c191628
P 0x7f2a7c487da0
C 259
R
P 0x7f2a7c191628
C 342
R
P 0x7f2a7c191628
P 0x7f2a7c487da0
C 258
R
P 0x7f2a7c191628
C 342
R
P 0x7f2a7c191628
P 0x7f2a7c487da0
C 9
R
P 0x7f2a7c191628
C 342
R
P 0x7f2a7c191628
P 0x7f2a7c1a1890
P 0x7f2a7c487da0
P 0x7f2a7c19bb88
C 59
= 0x7f2a7c19fa88
R
P 0x7f2a7c191628
C 342
R
P 0x7f2a7c191628
P 0x7f2a7c19fa88
C 257
R
P 0x7f2a7c191628
C 342
R
P 0x7f2a7c191628
P 0x7f2a7c19fa88
C 254
= 0x7f2a7c19b1e8
R
P 0x7f2a7c191628
C 342
R
P 0x7f2a7c191628
P 0x7f2a7c19b1e8
C 209
R
P 0x7f2a7c191628
C 342
R
P 0x7f2a7c191628
P 0x7f2a7c19fa88
C 260
R
P 0x7f2a7c191628
C 342
R
P 0x7f2a7c191628
P 0x7f2a7c19fa88
C 259
R
P 0x7f2a7c191628
C 342
R
P 0x7f2a7c191628
P 0x7f2a7c19fa88
C 258
R
P 0x7f2a7c191628
C 342
R
P 0x7f2a7c191628
P 0x7f2a7c19fa88
C 9
R
P 0x7f2a7c191628
C 342
R
P 0x7f2a7c191628
U 2
P 0x7f2a7c19c2a8
P 0x7f2a7c19fa88
p 2
C 65
= 0x7f2a7c487e80
R
P 0x7f2a7c191628
C 342
R
P 0x7f2a7c191628
P 0x7f2a7c487e80
C 257
R
P 0x7f2a7c191628
C 342
R
P 0x7f2a7c191628
P 0x7f2a7c487e80
C 254
= 0x7f2a7c19b1e8
R
P 0x7f2a7c191628
C 342
R
P 0x7f2a7c191628
P 0x7f2a7c19b1e8
C 209
R
P 0x7f2a7c191628
C 342
R
P 0x7f2a7c191628
P 0x7f2a7c487e80
C 260
R
P 0x7f2a7c191628
C 342
R
P 0x7f2a7c191628
P 0x7f2a7c487e80
C 259
R
P 0x7f2a7c191628
C 342
R
P 0x7f2a7c191628
P 0x7f2a7c487e80
C 258
R
P 0x7f2a7c191628
C 342
R
P 0x7f2a7c191628
P 0x7f2a7c487e80
C 9
R
P 0x7f2a7c191628
C 342
R
P 0x7f2a7c191628
U 2
P 0x7f2a7c487e80
P 0x7f2a7c19bb68
p 2
C 65
= 0x7f2a7c489a30
R
P 0x7f2a7c191628
C 342
R
P 0x7f2a7c191628
P 0x7f2a7c489a30
C 257
R
P 0x7f2a7c191628
C 342
R
P 0x7f2a7c191628
P 0x7f2a7c489a30
C 254
= 0x7f2a7c19b1e8
R
P 0x7f2a7c191628
C 342
R
P 0x7f2a7c191628
P 0x7f2a7c19b1e8
C 209
R
P 0x7f2a7c191628
C 342
R
P 0x7f2a7c191628
P 0x7f2a7c489a30
C 260
R
P 0x7f2a7c191628
C 342
R
P 0x7f2a7c191628
P 0x7f2a7c489a30
C 259
R
P 0x7f2a7c191628
C 342
R
P 0x7f2a7c191628
P 0x7f2a7c489a30
C 258
R
P 0x7f2a7c191628
C 342
R
P 0x7f2a7c191628
P 0x7f2a7c489a30
C 9
R
P 0x7f2a7c191628
C 342
R
P 0x7f2a7c191628
P 0x7f2a7c19c228
P 0x7f2a7c489a30
C 76
= 0x7f2a7c48b228
R
P 0x7f2a7c191628
C 342
R
P 0x7f2a7c191628
P 0x7f2a7c48b228
C 258
R
P 0x7f2a7c191628
C 342
R
P 0x7f2a7c191628
P 0x7f2a7c48b228
C 9
R
P 0x7f2a7c191628
C 342
R
P 0x7f2a7c191628
I 3
P 0x7f2a7c19b208
C 150
= 0x7f2a7c19bfc8
R
P 0x7f2a7c191628
C 342
R
P 0x7f2a7c191628
P 0x7f2a7c19bfc8
C 258
R
P 0x7f2a7c191628
C 342
R
P 0x7f2a7c191628
P 0x7f2a7c19bfc8
C 9
R
P 0x7f2a7c191628
C 342
R
P 0x7f2a7c191628
P 0x7f2a7c19bfc8
C 263
R
P 0x7f2a7c191628
C 342
R
P 0x7f2a7c191628
S "dev0T33"
C 30
R
P 0x7f2a7c191628
C 342
R
P 0x7f2a7c191628
$ |dev0T33|
C 202
R
P 0x7f2a7c191628
C 342
R
P 0x7f2a7c191628
$ |dev0T33|
P 0x7f2a7c19b1e8
C 51
= 0x7f2a7c19c228
R
P 0x7f2a7c191628
C 342
R
P 0x7f2a7c191628
P 0x7f2a7c19c228
C 257
R
P 0x7f2a7c191628
C 342
R
P 0x7f2a7c191628
P 0x7f2a7c19c228
C 254
= 0x7f2a7c19b1e8
R
P 0x7f2a7c191628
C 342
R
P 0x7f2a7c191628
P 0x7f2a7c19b1e8
C 209
R
P 0x7f2a7c191628
C 342
R
P 0x7f2a7c191628
P 0x7f2a7c19c228
C 260
R
P 0x7f2a7c191628
C 342
R
P 0x7f2a7c191628
P 0x7f2a7c19c228
C 259
R
P 0x7f2a7c191628
C 342
R
P 0x7f2a7c191628
P 0x7f2a7c19c228
C 258
R
P 0x7f2a7c191628
C 342
R
P 0x7f2a7c191628
P 0x7f2a7c19c228
C 9
R
P 0x7f2a7c191628
C 342
R
P 0x7f2a7c191628
P 0x7f2a7c19bc68
C 333
R
P 0x7f2a7c191628
C 342
R
P 0x7f2a7c191628
S "slotflowPriorityStart"
C 30
R
P 0x7f2a7c191628
C 342
R
P 0x7f2a7c191628
$ |slotflowPriorityStart|
C 202
R
P 0x7f2a7c191628
C 342
R
P 0x7f2a7c191628
$ |slotflowPriorityStart|
P 0x7f2a7c19b1e8
C 51
= 0x7f2a7c19c2a8
R
P 0x7f2a7c191628
C 342
R
P 0x7f2a7c191628
P 0x7f2a7c19c2a8
C 257
R
P 0x7f2a7c191628
C 342
R
P 0x7f2a7c191628
P 0x7f2a7c19c2a8
C 254
= 0x7f2a7c19b1e8
R
P 0x7f2a7c191628
C 342
R
P 0x7f2a7c191628
P 0x7f2a7c19b1e8
C 209
R
P 0x7f2a7c191628
C 342
R
P 0x7f2a7c191628
P 0x7f2a7c19c2a8
C 260
R
P 0x7f2a7c191628
C 342
R
P 0x7f2a7c191628
P 0x7f2a7c19c2a8
C 259
R
P 0x7f2a7c191628
C 342
R
P 0x7f2a7c191628
P 0x7f2a7c19c2a8
C 258
R
P 0x7f2a7c191628
C 342
R
P 0x7f2a7c191628
P 0x7f2a7c19c2a8
C 9
R
P 0x7f2a7c191628
C 342
R
P 0x7f2a7c191628
P 0x7f2a7c19bc68
C 333
R
P 0x7f2a7c191628
C 342
R
P 0x7f2a7c191628
S "slotflowPriorityDuration"
C 30
R
P 0x7f2a7c191628
C 342
R
P 0x7f2a7c191628
$ |slotflowPriorityDuration|
C 202
R
P 0x7f2a7c191628
C 342
R
P 0x7f2a7c191628
$ |slotflowPriorityDuration|
P 0x7f2a7c19b1e8
C 51
= 0x7f2a7c19c268
R
P 0x7f2a7c191628
C 342
R
P 0x7f2a7c191628
P 0x7f2a7c19c268
C 257
R
P 0x7f2a7c191628
C 342
R
P 0x7f2a7c191628
P 0x7f2a7c19c268
C 254
= 0x7f2a7c19b1e8
R
P 0x7f2a7c191628
C 342
R
P 0x7f2a7c191628
P 0x7f2a7c19b1e8
C 209
R
P 0x7f2a7c191628
C 342
R
P 0x7f2a7c191628
P 0x7f2a7c19c268
C 260
R
P 0x7f2a7c191628
C 342
R
P 0x7f2a7c191628
P 0x7f2a7c19c268
C 259
R
P 0x7f2a7c191628
C 342
R
P 0x7f2a7c191628
P 0x7f2a7c19c268
C 258
R
P 0x7f2a7c191628
C 342
R
P 0x7f2a7c191628
P 0x7f2a7c19c268
C 9
R
P 0x7f2a7c191628
C 342
R
P 0x7f2a7c191628
U 2
P 0x7f2a7c19c2a8
P 0x7f2a7c19c268
p 2
C 65
= 0x7f2a7c487908
R
P 0x7f2a7c191628
C 342
R
P 0x7f2a7c191628
P 0x7f2a7c487908
C 257
R
P 0x7f2a7c191628
C 342
R
P 0x7f2a7c191628
P 0x7f2a7c487908
C 254
= 0x7f2a7c19b1e8
R
P 0x7f2a7c191628
C 342
R
P 0x7f2a7c191628
P 0x7f2a7c19b1e8
C 209
R
P 0x7f2a7c191628
C 342
R
P 0x7f2a7c191628
P 0x7f2a7c487908
C 260
R
P 0x7f2a7c191628
C 342
R
P 0x7f2a7c191628
P 0x7f2a7c487908
C 259
R
P 0x7f2a7c191628
C 342
R
P 0x7f2a7c191628
P 0x7f2a7c487908
C 258
R
P 0x7f2a7c191628
C 342
R
P 0x7f2a7c191628
P 0x7f2a7c487908
C 9
R
P 0x7f2a7c191628
C 342
R
P 0x7f2a7c191628
I 2
P 0x7f2a7c19b208
C 150
= 0x7f2a7c19bcc8
R
P 0x7f2a7c191628
C 342
R
P 0x7f2a7c191628
P 0x7f2a7c19bcc8
C 258
R
P 0x7f2a7c191628
C 342
R
P 0x7f2a7c191628
P 0x7f2a7c19bcc8
C 9
R
P 0x7f2a7c191628
C 342
R
P 0x7f2a7c191628
I 1
P 0x7f2a7c19b208
C 150
= 0x7f2a7c19bc88
R
P 0x7f2a7c191628
C 342
R
P 0x7f2a7c191628
P 0x7f2a7c19bc88
C 258
R
P 0x7f2a7c191628
C 342
R
P 0x7f2a7c191628
P 0x7f2a7c19bc88
C 9
R
P 0x7f2a7c191628
C 342
R
P 0x7f2a7c191628
P 0x7f2a7c19bcc8
P 0x7f2a7c19bc88
C 75
= 0x7f2a7c1a1890
R
P 0x7f2a7c191628
C 342
R
P 0x7f2a7c191628
P 0x7f2a7c1a1890
C 258
R
P 0x7f2a7c191628
C 342
R
P 0x7f2a7c191628
P 0x7f2a7c1a1890
C 9
R
P 0x7f2a7c191628
C 342
R
P 0x7f2a7c191628
I 1
P 0x7f2a7c19b208
C 150
= 0x7f2a7c19bc88
R
P 0x7f2a7c191628
C 342
R
P 0x7f2a7c191628
P 0x7f2a7c19bc88
C 258
R
P 0x7f2a7c191628
C 342
R
P 0x7f2a7c191628
P 0x7f2a7c19bc88
C 9
R
P 0x7f2a7c191628
C 342
R
P 0x7f2a7c191628
U 2
P 0x7f2a7c19bcc8
P 0x7f2a7c19bc88
p 2
C 67
= 0x7f2a7c1a18c8
R
P 0x7f2a7c191628
C 342
R
P 0x7f2a7c191628
P 0x7f2a7c1a18c8
C 257
R
P 0x7f2a7c191628
C 342
R
P 0x7f2a7c191628
P 0x7f2a7c1a18c8
C 254
= 0x7f2a7c19b208
R
P 0x7f2a7c191628
C 342
R
P 0x7f2a7c191628
P 0x7f2a7c19b208
C 209
R
P 0x7f2a7c191628
C 342
R
P 0x7f2a7c191628
P 0x7f2a7c1a18c8
C 260
R
P 0x7f2a7c191628
C 342
R
P 0x7f2a7c191628
P 0x7f2a7c1a18c8
C 259
R
P 0x7f2a7c191628
C 342
R
P 0x7f2a7c191628
P 0x7f2a7c1a18c8
C 258
R
P 0x7f2a7c191628
C 342
R
P 0x7f2a7c191628
P 0x7f2a7c1a18c8
C 9
R
P 0x7f2a7c191628
C 342
R
P 0x7f2a7c191628
U 2
P 0x7f2a7c19bbe8
P 0x7f2a7c1a18c8
p 2
C 66
= 0x7f2a7c487d68
R
P 0x7f2a7c191628
C 342
R
P 0x7f2a7c191628
P 0x7f2a7c487d68
C 257
R
P 0x7f2a7c191628
C 342
R
P 0x7f2a7c191628
P 0x7f2a7c487d68
C 254
= 0x7f2a7c19b208
R
P 0x7f2a7c191628
C 342
R
P 0x7f2a7c191628
P 0x7f2a7c19b208
C 209
R
P 0x7f2a7c191628
C 342
R
P 0x7f2a7c191628
P 0x7f2a7c487d68
C 260
R
P 0x7f2a7c191628
C 342
R
P 0x7f2a7c191628
P 0x7f2a7c487d68
C 259
R
P 0x7f2a7c191628
C 342
R
P 0x7f2a7c191628
P 0x7f2a7c487d68
C 258
R
P 0x7f2a7c191628
C 342
R
P 0x7f2a7c191628
P 0x7f2a7c487d68
C 9
R
P 0x7f2a7c191628
C 342
R
P 0x7f2a7c191628
U 2
P 0x7f2a7c19bb88
P 0x7f2a7c487d68
p 2
C 65
= 0x7f2a7c487da0
R
P 0x7f2a7c191628
C 342
R
P 0x7f2a7c191628
P 0x7f2a7c487da0
C 257
R
P 0x7f2a7c191628
C 342
R
P 0x7f2a7c191628
P 0x7f2a7c487da0
C 254
= 0x7f2a7c19b1e8
R
P 0x7f2a7c191628
C 342
R
P 0x7f2a7c191628
P 0x7f2a7c19b1e8
C 209
R
P 0x7f2a7c191628
C 342
R
P 0x7f2a7c191628
P 0x7f2a7c487da0
C 260
R
P 0x7f2a7c191628
C 342
R
P 0x7f2a7c191628
P 0x7f2a7c487da0
C 259
R
P 0x7f2a7c191628
C 342
R
P 0x7f2a7c191628
P 0x7f2a7c487da0
C 258
R
P 0x7f2a7c191628
C 342
R
P 0x7f2a7c191628
P 0x7f2a7c487da0
C 9
R
P 0x7f2a7c191628
C 342
R
P 0x7f2a7c191628
P 0x7f2a7c1a1890
P 0x7f2a7c487da0
P 0x7f2a7c19bb88
C 59
= 0x7f2a7c19fa88
R
P 0x7f2a7c191628
C 342
R
P 0x7f2a7c191628
P 0x7f2a7c19fa88
C 257
R
P 0x7f2a7c191628
C 342
R
P 0x7f2a7c191628
P 0x7f2a7c19fa88
C 254
= 0x7f2a7c19b1e8
R
P 0x7f2a7c191628
C 342
R
P 0x7f2a7c191628
P 0x7f2a7c19b1e8
C 209
R
P 0x7f2a7c191628
C 342
R
P 0x7f2a7c191628
P 0x7f2a7c19fa88
C 260
R
P 0x7f2a7c191628
C 342
R
P 0x7f2a7c191628
P 0x7f2a7c19fa88
C 259
R
P 0x7f2a7c191628
C 342
R
P 0x7f2a7c191628
P 0x7f2a7c19fa88
C 258
R
P 0x7f2a7c191628
C 342
R
P 0x7f2a7c191628
P 0x7f2a7c19fa88
C 9
R
P 0x7f2a7c191628
C 342
R
P 0x7f2a7c191628
U 2
P 0x7f2a7c487908
P 0x7f2a7c19fa88
p 2
C 65
= 0x7f2a7c487dd8
R
P 0x7f2a7c191628
C 342
R
P 0x7f2a7c191628
P 0x7f2a7c487dd8
C 257
R
P 0x7f2a7c191628
C 342
R
P 0x7f2a7c191628
P 0x7f2a7c487dd8
C 254
= 0x7f2a7c19b1e8
R
P 0x7f2a7c191628
C 342
R
P 0x7f2a7c191628
P 0x7f2a7c19b1e8
C 209
R
P 0x7f2a7c191628
C 342
R
P 0x7f2a7c191628
P 0x7f2a7c487dd8
C 260
R
P 0x7f2a7c191628
C 342
R
P 0x7f2a7c191628
P 0x7f2a7c487dd8
C 259
R
P 0x7f2a7c191628
C 342
R
P 0x7f2a7c191628
P 0x7f2a7c487dd8
C 258
R
P 0x7f2a7c191628
C 342
R
P 0x7f2a7c191628
P 0x7f2a7c487dd8
C 9
R
P 0x7f2a7c191628
C 342
R
P 0x7f2a7c191628
P 0x7f2a7c19c228
P 0x7f2a7c487dd8
C 74
= 0x7f2a7c48b260
R
P 0x7f2a7c191628
C 342
R
P 0x7f2a7c191628
P 0x7f2a7c48b260
C 258
R
P 0x7f2a7c191628
C 342
R
P 0x7f2a7c191628
P 0x7f2a7c48b260
C 9
R
P 0x7f2a7c191628
C 342
R
P 0x7f2a7c191628
U 2
P 0x7f2a7c48b228
P 0x7f2a7c48b260
p 2
C 63
= 0x7f2a7c48b298
R
P 0x7f2a7c191628
C 342
R
P 0x7f2a7c191628
P 0x7f2a7c48b298
C 258
R
P 0x7f2a7c191628
C 342
R
P 0x7f2a7c191628
P 0x7f2a7c48b298
C 9
R
P 0x7f2a7c191628
C 342
R
P 0x7f2a7c191628
P 0x7f2a7c48b1f0
P 0x7f2a7c48b298
C 61
= 0x7f2a7c48b2d0
R
P 0x7f2a7c191628
C 342
R
P 0x7f2a7c191628
P 0x7f2a7c48b2d0
C 258
R
P 0x7f2a7c191628
C 342
R
P 0x7f2a7c191628
P 0x7f2a7c48b2d0
C 9
R
P 0x7f2a7c191628
C 342
R
P 0x7f2a7c191628
P 0x7f2a7c1e1fc8
P 0x7f2a7c48b2d0
C 427
R
P 0x7f2a7c191628
C 342
R
P 0x7f2a7c191628
I 3
P 0x7f2a7c19b208
C 150
= 0x7f2a7c19bfc8
R
P 0x7f2a7c191628
C 342
R
P 0x7f2a7c191628
P 0x7f2a7c19bfc8
C 258
R
P 0x7f2a7c191628
C 342
R
P 0x7f2a7c191628
P 0x7f2a7c19bfc8
C 9
R
P 0x7f2a7c191628
C 342
R
P 0x7f2a7c191628
I 1
P 0x7f2a7c19b208
C 150
= 0x7f2a7c19bc88
R
P 0x7f2a7c191628
C 342
R
P 0x7f2a7c191628
P 0x7f2a7c19bc88
C 258
R
P 0x7f2a7c191628
C 342
R
P 0x7f2a7c191628
P 0x7f2a7c19bc88
C 9
R
P 0x7f2a7c191628
C 342
R
P 0x7f2a7c191628
P 0x7f2a7c19bfc8
P 0x7f2a7c19bc88
C 75
= 0x7f2a7c487208
R
P 0x7f2a7c191628
C 342
R
P 0x7f2a7c191628
P 0x7f2a7c487208
C 258
R
P 0x7f2a7c191628
C 342
R
P 0x7f2a7c191628
P 0x7f2a7c487208
C 9
R
P 0x7f2a7c191628
C 342
R
P 0x7f2a7c191628
I 1
P 0x7f2a7c19b208
C 150
= 0x7f2a7c19bc88
R
P 0x7f2a7c191628
C 342
R
P 0x7f2a7c191628
P 0x7f2a7c19bc88
C 258
R
P 0x7f2a7c191628
C 342
R
P 0x7f2a7c191628
P 0x7f2a7c19bc88
C 9
R
P 0x7f2a7c191628
C 342
R
P 0x7f2a7c191628
U 2
P 0x7f2a7c19bfc8
P 0x7f2a7c19bc88
p 2
C 67
= 0x7f2a7c487240
R
P 0x7f2a7c191628
C 342
R
P 0x7f2a7c191628
P 0x7f2a7c487240
C 257
R
P 0x7f2a7c191628
C 342
R
P 0x7f2a7c191628
P 0x7f2a7c487240
C 254
= 0x7f2a7c19b208
R
P 0x7f2a7c191628
C 342
R
P 0x7f2a7c191628
P 0x7f2a7c19b208
C 209
R
P 0x7f2a7c191628
C 342
R
P 0x7f2a7c191628
P 0x7f2a7c487240
C 260
R
P 0x7f2a7c191628
C 342
R
P 0x7f2a7c191628
P 0x7f2a7c487240
C 259
R
P 0x7f2a7c191628
C 342
R
P 0x7f2a7c191628
P 0x7f2a7c487240
C 258
R
P 0x7f2a7c191628
C 342
R
P 0x7f2a7c191628
P 0x7f2a7c487240
C 9
R
P 0x7f2a7c191628
C 342
R
P 0x7f2a7c191628
U 2
P 0x7f2a7c19bba8
P 0x7f2a7c487240
p 2
C 66
= 0x7f2a7c487278
R
P 0x7f2a7c191628
C 342
R
P 0x7f2a7c191628
P 0x7f2a7c487278
C 257
R
P 0x7f2a7c191628
C 342
R
P 0x7f2a7c191628
P 0x7f2a7c487278
C 254
= 0x7f2a7c19b1e8
R
P 0x7f2a7c191628
C 342
R
P 0x7f2a7c191628
P 0x7f2a7c19b1e8
C 209
R
P 0x7f2a7c191628
C 342
R
P 0x7f2a7c191628
P 0x7f2a7c487278
C 260
R
P 0x7f2a7c191628
C 342
R
P 0x7f2a7c191628
P 0x7f2a7c487278
C 259
R
P 0x7f2a7c191628
C 342
R
P 0x7f2a7c191628
P 0x7f2a7c487278
C 258
R
P 0x7f2a7c191628
C 342
R
P 0x7f2a7c191628
P 0x7f2a7c487278
C 9
R
P 0x7f2a7c191628
C 342
R
P 0x7f2a7c191628
U 2
P 0x7f2a7c19bc28
P 0x7f2a7c487278
p 2
C 65
= 0x7f2a7c4872b0
R
P 0x7f2a7c191628
C 342
R
P 0x7f2a7c191628
P 0x7f2a7c4872b0
C 257
R
P 0x7f2a7c191628
C 342
R
P 0x7f2a7c191628
P 0x7f2a7c4872b0
C 254
= 0x7f2a7c19b1e8
R
P 0x7f2a7c191628
C 342
R
P 0x7f2a7c191628
P 0x7f2a7c19b1e8
C 209
R
P 0x7f2a7c191628
C 342
R
P 0x7f2a7c191628
P 0x7f2a7c4872b0
C 260
R
P 0x7f2a7c191628
C 342
R
P 0x7f2a7c191628
P 0x7f2a7c4872b0
C 259
R
P 0x7f2a7c191628
C 342
R
P 0x7f2a7c191628
P 0x7f2a7c4872b0
C 258
R
P 0x7f2a7c191628
C 342
R
P 0x7f2a7c191628
P 0x7f2a7c4872b0
C 9
R
P 0x7f2a7c191628
C 342
R
P 0x7f2a7c191628
P 0x7f2a7c487208
P 0x7f2a7c4872b0
P 0x7f2a7c19bc28
C 59
= 0x7f2a7c19f988
R
P 0x7f2a7c191628
C 342
R
P 0x7f2a7c191628
P 0x7f2a7c19f988
C 257
R
P 0x7f2a7c191628
C 342
R
P 0x7f2a7c191628
P 0x7f2a7c19f988
C 254
= 0x7f2a7c19b1e8
R
P 0x7f2a7c191628
C 342
R
P 0x7f2a7c191628
P 0x7f2a7c19b1e8
C 209
R
P 0x7f2a7c191628
C 342
R
P 0x7f2a7c191628
P 0x7f2a7c19f988
C 260
R
P 0x7f2a7c191628
C 342
R
P 0x7f2a7c191628
P 0x7f2a7c19f988
C 259
R
P 0x7f2a7c191628
C 342
R
P 0x7f2a7c191628
P 0x7f2a7c19f988
C 258
R
P 0x7f2a7c191628
C 342
R
P 0x7f2a7c191628
P 0x7f2a7c19f988
C 9
R
P 0x7f2a7c191628
C 342
R
P 0x7f2a7c191628
U 2
P 0x7f2a7c19f988
P 0x7f2a7c19bb48
p 2
C 65
= 0x7f2a7c4872e8
R
P 0x7f2a7c191628
C 342
R
P 0x7f2a7c191628
P 0x7f2a7c4872e8
C 257
R
P 0x7f2a7c191628
C 342
R
P 0x7f2a7c191628
P 0x7f2a7c4872e8
C 254
= 0x7f2a7c19b1e8
R
P 0x7f2a7c191628
C 342
R
P 0x7f2a7c191628
P 0x7f2a7c19b1e8
C 209
R
P 0x7f2a7c191628
C 342
R
P 0x7f2a7c191628
P 0x7f2a7c4872e8
C 260
R
P 0x7f2a7c191628
C 342
R
P 0x7f2a7c191628
P 0x7f2a7c4872e8
C 259
R
P 0x7f2a7c191628
C 342
R
P 0x7f2a7c191628
P 0x7f2a7c4872e8
C 258
R
P 0x7f2a7c191628
C 342
R
P 0x7f2a7c191628
P 0x7f2a7c4872e8
C 9
R
P 0x7f2a7c191628
C 342
R
P 0x7f2a7c191628
P 0x7f2a7c19bc68
C 333
R
P 0x7f2a7c191628
C 342
R
P 0x7f2a7c191628
S "slotflowPriorityStart"
C 30
R
P 0x7f2a7c191628
C 342
R
P 0x7f2a7c191628
$ |slotflowPriorityStart|
C 202
R
P 0x7f2a7c191628
C 342
R
P 0x7f2a7c191628
$ |slotflowPriorityStart|
P 0x7f2a7c19b1e8
C 51
= 0x7f2a7c19c2a8
R
P 0x7f2a7c191628
C 342
R
P 0x7f2a7c191628
P 0x7f2a7c19c2a8
C 257
R
P 0x7f2a7c191628
C 342
R
P 0x7f2a7c191628
P 0x7f2a7c19c2a8
C 254
= 0x7f2a7c19b1e8
R
P 0x7f2a7c191628
C 342
R
P 0x7f2a7c191628
P 0x7f2a7c19b1e8
C 209
R
P 0x7f2a7c191628
C 342
R
P 0x7f2a7c191628
P 0x7f2a7c19c2a8
C 260
R
P 0x7f2a7c191628
C 342
R
P 0x7f2a7c191628
P 0x7f2a7c19c2a8
C 259
R
P 0x7f2a7c191628
C 342
R
P 0x7f2a7c191628
P 0x7f2a7c19c2a8
C 258
R
P 0x7f2a7c191628
C 342
R
P 0x7f2a7c191628
P 0x7f2a7c19c2a8
C 9
R
P 0x7f2a7c191628
C 342
R
P 0x7f2a7c191628
I 3
P 0x7f2a7c19b208
C 150
= 0x7f2a7c19bfc8
R
P 0x7f2a7c191628
C 342
R
P 0x7f2a7c191628
P 0x7f2a7c19bfc8
C 258
R
P 0x7f2a7c191628
C 342
R
P 0x7f2a7c191628
P 0x7f2a7c19bfc8
C 9
R
P 0x7f2a7c191628
C 342
R
P 0x7f2a7c191628
I 1
P 0x7f2a7c19b208
C 150
= 0x7f2a7c19bc88
R
P 0x7f2a7c191628
C 342
R
P 0x7f2a7c191628
P 0x7f2a7c19bc88
C 258
R
P 0x7f2a7c191628
C 342
R
P 0x7f2a7c191628
P 0x7f2a7c19bc88
C 9
R
P 0x7f2a7c191628
C 342
R
P 0x7f2a7c191628
P 0x7f2a7c19bfc8
P 0x7f2a7c19bc88
C 75
= 0x7f2a7c487208
R
P 0x7f2a7c191628
C 342
R
P 0x7f2a7c191628
P 0x7f2a7c487208
C 258
R
P 0x7f2a7c191628
C 342
R
P 0x7f2a7c191628
P 0x7f2a7c487208
C 9
R
P 0x7f2a7c191628
C 342
R
P 0x7f2a7c191628
I 1
P 0x7f2a7c19b208
C 150
= 0x7f2a7c19bc88
R
P 0x7f2a7c191628
C 342
R
P 0x7f2a7c191628
P 0x7f2a7c19bc88
C 258
R
P 0x7f2a7c191628
C 342
R
P 0x7f2a7c191628
P 0x7f2a7c19bc88
C 9
R
P 0x7f2a7c191628
C 342
R
P 0x7f2a7c191628
U 2
P 0x7f2a7c19bfc8
P 0x7f2a7c19bc88
p 2
C 67
= 0x7f2a7c487240
R
P 0x7f2a7c191628
C 342
R
P 0x7f2a7c191628
P 0x7f2a7c487240
C 257
R
P 0x7f2a7c191628
C 342
R
P 0x7f2a7c191628
P 0x7f2a7c487240
C 254
= 0x7f2a7c19b208
R
P 0x7f2a7c191628
C 342
R
P 0x7f2a7c191628
P 0x7f2a7c19b208
C 209
R
P 0x7f2a7c191628
C 342
R
P 0x7f2a7c191628
P 0x7f2a7c487240
C 260
R
P 0x7f2a7c191628
C 342
R
P 0x7f2a7c191628
P 0x7f2a7c487240
C 259
R
P 0x7f2a7c191628
C 342
R
P 0x7f2a7c191628
P 0x7f2a7c487240
C 258
R
P 0x7f2a7c191628
C 342
R
P 0x7f2a7c191628
P 0x7f2a7c487240
C 9
R
P 0x7f2a7c191628
C 342
R
P 0x7f2a7c191628
U 2
P 0x7f2a7c19bbe8
P 0x7f2a7c487240
p 2
C 66
= 0x7f2a7c487f60
R
P 0x7f2a7c191628
C 342
R
P 0x7f2a7c191628
P 0x7f2a7c487f60
C 257
R
P 0x7f2a7c191628
C 342
R
P 0x7f2a7c191628
P 0x7f2a7c487f60
C 254
= 0x7f2a7c19b208
R
P 0x7f2a7c191628
C 342
R
P 0x7f2a7c191628
P 0x7f2a7c19b208
C 209
R
P 0x7f2a7c191628
C 342
R
P 0x7f2a7c191628
P 0x7f2a7c487f60
C 260
R
P 0x7f2a7c191628
C 342
R
P 0x7f2a7c191628
P 0x7f2a7c487f60
C 259
R
P 0x7f2a7c191628
C 342
R
P 0x7f2a7c191628
P 0x7f2a7c487f60
C 258
R
P 0x7f2a7c191628
C 342
R
P 0x7f2a7c191628
P 0x7f2a7c487f60
C 9
R
P 0x7f2a7c191628
C 342
R
P 0x7f2a7c191628
U 2
P 0x7f2a7c19bb88
P 0x7f2a7c487f60
p 2
C 65
= 0x7f2a7c487f98
R
P 0x7f2a7c191628
C 342
R
P 0x7f2a7c191628
P 0x7f2a7c487f98
C 257
R
P 0x7f2a7c191628
C 342
R
P 0x7f2a7c191628
P 0x7f2a7c487f98
C 254
= 0x7f2a7c19b1e8
R
P 0x7f2a7c191628
C 342
R
P 0x7f2a7c191628
P 0x7f2a7c19b1e8
C 209
R
P 0x7f2a7c191628
C 342
R
P 0x7f2a7c191628
P 0x7f2a7c487f98
C 260
R
P 0x7f2a7c191628
C 342
R
P 0x7f2a7c191628
P 0x7f2a7c487f98
C 259
R
P 0x7f2a7c191628
C 342
R
P 0x7f2a7c191628
P 0x7f2a7c487f98
C 258
R
P 0x7f2a7c191628
C 342
R
P 0x7f2a7c191628
P 0x7f2a7c487f98
C 9
R
P 0x7f2a7c191628
C 342
R
P 0x7f2a7c191628
P 0x7f2a7c487208
P 0x7f2a7c487f98
P 0x7f2a7c19bb88
C 59
= 0x7f2a7c19fac8
R
P 0x7f2a7c191628
C 342
R
P 0x7f2a7c191628
P 0x7f2a7c19fac8
C 257
R
P 0x7f2a7c191628
C 342
R
P 0x7f2a7c191628
P 0x7f2a7c19fac8
C 254
= 0x7f2a7c19b1e8
R
P 0x7f2a7c191628
C 342
R
P 0x7f2a7c191628
P 0x7f2a7c19b1e8
C 209
R
P 0x7f2a7c191628
C 342
R
P 0x7f2a7c191628
P 0x7f2a7c19fac8
C 260
R
P 0x7f2a7c191628
C 342
R
P 0x7f2a7c191628
P 0x7f2a7c19fac8
C 259
R
P 0x7f2a7c191628
C 342
R
P 0x7f2a7c191628
P 0x7f2a7c19fac8
C 258
R
P 0x7f2a7c191628
C 342
R
P 0x7f2a7c191628
P 0x7f2a7c19fac8
C 9
R
P 0x7f2a7c191628
C 342
R
P 0x7f2a7c191628
U 2
P 0x7f2a7c19c2a8
P 0x7f2a7c19fac8
p 2
C 65
= 0x7f2a7c488078
R
P 0x7f2a7c191628
C 342
R
P 0x7f2a7c191628
P 0x7f2a7c488078
C 257
R
P 0x7f2a7c191628
C 342
R
P 0x7f2a7c191628
P 0x7f2a7c488078
C 254
= 0x7f2a7c19b1e8
R
P 0x7f2a7c191628
C 342
R
P 0x7f2a7c191628
P 0x7f2a7c19b1e8
C 209
R
P 0x7f2a7c191628
C 342
R
P 0x7f2a7c191628
P 0x7f2a7c488078
C 260
R
P 0x7f2a7c191628
C 342
R
P 0x7f2a7c191628
P 0x7f2a7c488078
C 259
R
P 0x7f2a7c191628
C 342
R
P 0x7f2a7c191628
P 0x7f2a7c488078
C 258
R
P 0x7f2a7c191628
C 342
R
P 0x7f2a7c191628
P 0x7f2a7c488078
C 9
R
P 0x7f2a7c191628
C 342
R
P 0x7f2a7c191628
P 0x7f2a7c4872e8
P 0x7f2a7c488078
C 73
= 0x7f2a7c48b308
R
P 0x7f2a7c191628
C 342
R
P 0x7f2a7c191628
P 0x7f2a7c48b308
C 258
R
P 0x7f2a7c191628
C 342
R
P 0x7f2a7c191628
P 0x7f2a7c48b308
C 9
R
P 0x7f2a7c191628
C 342
R
P 0x7f2a7c191628
I 3
P 0x7f2a7c19b208
C 150
= 0x7f2a7c19bfc8
R
P 0x7f2a7c191628
C 342
R
P 0x7f2a7c191628
P 0x7f2a7c19bfc8
C 258
R
P 0x7f2a7c191628
C 342
R
P 0x7f2a7c191628
P 0x7f2a7c19bfc8
C 9
R
P 0x7f2a7c191628
C 342
R
P 0x7f2a7c191628
I 1
P 0x7f2a7c19b208
C 150
= 0x7f2a7c19bc88
R
P 0x7f2a7c191628
C 342
R
P 0x7f2a7c191628
P 0x7f2a7c19bc88
C 258
R
P 0x7f2a7c191628
C 342
R
P 0x7f2a7c191628
P 0x7f2a7c19bc88
C 9
R
P 0x7f2a7c191628
C 342
R
P 0x7f2a7c191628
P 0x7f2a7c19bfc8
P 0x7f2a7c19bc88
C 75
= 0x7f2a7c487208
R
P 0x7f2a7c191628
C 342
R
P 0x7f2a7c191628
P 0x7f2a7c487208
C 258
R
P 0x7f2a7c191628
C 342
R
P 0x7f2a7c191628
P 0x7f2a7c487208
C 9
R
P 0x7f2a7c191628
C 342
R
P 0x7f2a7c191628
I 1
P 0x7f2a7c19b208
C 150
= 0x7f2a7c19bc88
R
P 0x7f2a7c191628
C 342
R
P 0x7f2a7c191628
P 0x7f2a7c19bc88
C 258
R
P 0x7f2a7c191628
C 342
R
P 0x7f2a7c191628
P 0x7f2a7c19bc88
C 9
R
P 0x7f2a7c191628
C 342
R
P 0x7f2a7c191628
U 2
P 0x7f2a7c19bfc8
P 0x7f2a7c19bc88
p 2
C 67
= 0x7f2a7c487240
R
P 0x7f2a7c191628
C 342
R
P 0x7f2a7c191628
P 0x7f2a7c487240
C 257
R
P 0x7f2a7c191628
C 342
R
P 0x7f2a7c191628
P 0x7f2a7c487240
C 254
= 0x7f2a7c19b208
R
P 0x7f2a7c191628
C 342
R
P 0x7f2a7c191628
P 0x7f2a7c19b208
C 209
R
P 0x7f2a7c191628
C 342
R
P 0x7f2a7c191628
P 0x7f2a7c487240
C 260
R
P 0x7f2a7c191628
C 342
R
P 0x7f2a7c191628
P 0x7f2a7c487240
C 259
R
P 0x7f2a7c191628
C 342
R
P 0x7f2a7c191628
P 0x7f2a7c487240
C 258
R
P 0x7f2a7c191628
C 342
R
P 0x7f2a7c191628
P 0x7f2a7c487240
C 9
R
P 0x7f2a7c191628
C 342
R
P 0x7f2a7c191628
U 2
P 0x7f2a7c19bba8
P 0x7f2a7c487240
p 2
C 66
= 0x7f2a7c487278
R
P 0x7f2a7c191628
C 342
R
P 0x7f2a7c191628
P 0x7f2a7c487278
C 257
R
P 0x7f2a7c191628
C 342
R
P 0x7f2a7c191628
P 0x7f2a7c487278
C 254
= 0x7f2a7c19b1e8
R
P 0x7f2a7c191628
C 342
R
P 0x7f2a7c191628
P 0x7f2a7c19b1e8
C 209
R
P 0x7f2a7c191628
C 342
R
P 0x7f2a7c191628
P 0x7f2a7c487278
C 260
R
P 0x7f2a7c191628
C 342
R
P 0x7f2a7c191628
P 0x7f2a7c487278
C 259
R
P 0x7f2a7c191628
C 342
R
P 0x7f2a7c191628
P 0x7f2a7c487278
C 258
R
P 0x7f2a7c191628
C 342
R
P 0x7f2a7c191628
P 0x7f2a7c487278
C 9
R
P 0x7f2a7c191628
C 342
R
P 0x7f2a7c191628
U 2
P 0x7f2a7c19bc28
P 0x7f2a7c487278
p 2
C 65
= 0x7f2a7c4872b0
R
P 0x7f2a7c191628
C 342
R
P 0x7f2a7c191628
P 0x7f2a7c4872b0
C 257
R
P 0x7f2a7c191628
C 342
R
P 0x7f2a7c191628
P 0x7f2a7c4872b0
C 254
= 0x7f2a7c19b1e8
R
P 0x7f2a7c191628
C 342
R
P 0x7f2a7c191628
P 0x7f2a7c19b1e8
C 209
R
P 0x7f2a7c191628
C 342
R
P 0x7f2a7c191628
P 0x7f2a7c4872b0
C 260
R
P 0x7f2a7c191628
C 342
R
P 0x7f2a7c191628
P 0x7f2a7c4872b0
C 259
R
P 0x7f2a7c191628
C 342
R
P 0x7f2a7c191628
P 0x7f2a7c4872b0
C 258
R
P 0x7f2a7c191628
C 342
R
P 0x7f2a7c191628
P 0x7f2a7c4872b0
C 9
R
P 0x7f2a7c191628
C 342
R
P 0x7f2a7c191628
P 0x7f2a7c487208
P 0x7f2a7c4872b0
P 0x7f2a7c19bc28
C 59
= 0x7f2a7c19f988
R
P 0x7f2a7c191628
C 342
R
P 0x7f2a7c191628
P 0x7f2a7c19f988
C 257
R
P 0x7f2a7c191628
C 342
R
P 0x7f2a7c191628
P 0x7f2a7c19f988
C 254
= 0x7f2a7c19b1e8
R
P 0x7f2a7c191628
C 342
R
P 0x7f2a7c191628
P 0x7f2a7c19b1e8
C 209
R
P 0x7f2a7c191628
C 342
R
P 0x7f2a7c191628
P 0x7f2a7c19f988
C 260
R
P 0x7f2a7c191628
C 342
R
P 0x7f2a7c191628
P 0x7f2a7c19f988
C 259
R
P 0x7f2a7c191628
C 342
R
P 0x7f2a7c191628
P 0x7f2a7c19f988
C 258
R
P 0x7f2a7c191628
C 342
R
P 0x7f2a7c191628
P 0x7f2a7c19f988
C 9
R
P 0x7f2a7c191628
C 342
R
P 0x7f2a7c191628
U 2
P 0x7f2a7c19f988
P 0x7f2a7c19bb48
p 2
C 65
= 0x7f2a7c4872e8
R
P 0x7f2a7c191628
C 342
R
P 0x7f2a7c191628
P 0x7f2a7c4872e8
C 257
R
P 0x7f2a7c191628
C 342
R
P 0x7f2a7c191628
P 0x7f2a7c4872e8
C 254
= 0x7f2a7c19b1e8
R
P 0x7f2a7c191628
C 342
R
P 0x7f2a7c191628
P 0x7f2a7c19b1e8
C 209
R
P 0x7f2a7c191628
C 342
R
P 0x7f2a7c191628
P 0x7f2a7c4872e8
C 260
R
P 0x7f2a7c191628
C 342
R
P 0x7f2a7c191628
P 0x7f2a7c4872e8
C 259
R
P 0x7f2a7c191628
C 342
R
P 0x7f2a7c191628
P 0x7f2a7c4872e8
C 258
R
P 0x7f2a7c191628
C 342
R
P 0x7f2a7c191628
P 0x7f2a7c4872e8
C 9
R
P 0x7f2a7c191628
C 342
R
P 0x7f2a7c191628
I 3
P 0x7f2a7c19b208
C 150
= 0x7f2a7c19bfc8
R
P 0x7f2a7c191628
C 342
R
P 0x7f2a7c191628
P 0x7f2a7c19bfc8
C 258
R
P 0x7f2a7c191628
C 342
R
P 0x7f2a7c191628
P 0x7f2a7c19bfc8
C 9
R
P 0x7f2a7c191628
C 342
R
P 0x7f2a7c191628
I 1
P 0x7f2a7c19b208
C 150
= 0x7f2a7c19bc88
R
P 0x7f2a7c191628
C 342
R
P 0x7f2a7c191628
P 0x7f2a7c19bc88
C 258
R
P 0x7f2a7c191628
C 342
R
P 0x7f2a7c191628
P 0x7f2a7c19bc88
C 9
R
P 0x7f2a7c191628
C 342
R
P 0x7f2a7c191628
P 0x7f2a7c19bfc8
P 0x7f2a7c19bc88
C 75
= 0x7f2a7c487208
R
P 0x7f2a7c191628
C 342
R
P 0x7f2a7c191628
P 0x7f2a7c487208
C 258
R
P 0x7f2a7c191628
C 342
R
P 0x7f2a7c191628
P 0x7f2a7c487208
C 9
R
P 0x7f2a7c191628
C 342
R
P 0x7f2a7c191628
I 1
P 0x7f2a7c19b208
C 150
= 0x7f2a7c19bc88
R
P 0x7f2a7c191628
C 342
R
P 0x7f2a7c191628
P 0x7f2a7c19bc88
C 258
R
P 0x7f2a7c191628
C 342
R
P 0x7f2a7c191628
P 0x7f2a7c19bc88
C 9
R
P 0x7f2a7c191628
C 342
R
P 0x7f2a7c191628
U 2
P 0x7f2a7c19bfc8
P 0x7f2a7c19bc88
p 2
C 67
= 0x7f2a7c487240
R
P 0x7f2a7c191628
C 342
R
P 0x7f2a7c191628
P 0x7f2a7c487240
C 257
R
P 0x7f2a7c191628
C 342
R
P 0x7f2a7c191628
P 0x7f2a7c487240
C 254
= 0x7f2a7c19b208
R
P 0x7f2a7c191628
C 342
R
P 0x7f2a7c191628
P 0x7f2a7c19b208
C 209
R
P 0x7f2a7c191628
C 342
R
P 0x7f2a7c191628
P 0x7f2a7c487240
C 260
R
P 0x7f2a7c191628
C 342
R
P 0x7f2a7c191628
P 0x7f2a7c487240
C 259
R
P 0x7f2a7c191628
C 342
R
P 0x7f2a7c191628
P 0x7f2a7c487240
C 258
R
P 0x7f2a7c191628
C 342
R
P 0x7f2a7c191628
P 0x7f2a7c487240
C 9
R
P 0x7f2a7c191628
C 342
R
P 0x7f2a7c191628
U 2
P 0x7f2a7c19bbe8
P 0x7f2a7c487240
p 2
C 66
= 0x7f2a7c487f60
R
P 0x7f2a7c191628
C 342
R
P 0x7f2a7c191628
P 0x7f2a7c487f60
C 257
R
P 0x7f2a7c191628
C 342
R
P 0x7f2a7c191628
P 0x7f2a7c487f60
C 254
= 0x7f2a7c19b208
R
P 0x7f2a7c191628
C 342
R
P 0x7f2a7c191628
P 0x7f2a7c19b208
C 209
R
P 0x7f2a7c191628
C 342
R
P 0x7f2a7c191628
P 0x7f2a7c487f60
C 260
R
P 0x7f2a7c191628
C 342
R
P 0x7f2a7c191628
P 0x7f2a7c487f60
C 259
R
P 0x7f2a7c191628
C 342
R
P 0x7f2a7c191628
P 0x7f2a7c487f60
C 258
R
P 0x7f2a7c191628
C 342
R
P 0x7f2a7c191628
P 0x7f2a7c487f60
C 9
R
P 0x7f2a7c191628
C 342
R
P 0x7f2a7c191628
U 2
P 0x7f2a7c19bb88
P 0x7f2a7c487f60
p 2
C 65
= 0x7f2a7c487f98
R
P 0x7f2a7c191628
C 342
R
P 0x7f2a7c191628
P 0x7f2a7c487f98
C 257
R
P 0x7f2a7c191628
C 342
R
P 0x7f2a7c191628
P 0x7f2a7c487f98
C 254
= 0x7f2a7c19b1e8
R
P 0x7f2a7c191628
C 342
R
P 0x7f2a7c191628
P 0x7f2a7c19b1e8
C 209
R
P 0x7f2a7c191628
C 342
R
P 0x7f2a7c191628
P 0x7f2a7c487f98
C 260
R
P 0x7f2a7c191628
C 342
R
P 0x7f2a7c191628
P 0x7f2a7c487f98
C 259
R
P 0x7f2a7c191628
C 342
R
P 0x7f2a7c191628
P 0x7f2a7c487f98
C 258
R
P 0x7f2a7c191628
C 342
R
P 0x7f2a7c191628
P 0x7f2a7c487f98
C 9
R
P 0x7f2a7c191628
C 342
R
P 0x7f2a7c191628
P 0x7f2a7c487208
P 0x7f2a7c487f98
P 0x7f2a7c19bb88
C 59
= 0x7f2a7c19fac8
R
P 0x7f2a7c191628
C 342
R
P 0x7f2a7c191628
P 0x7f2a7c19fac8
C 257
R
P 0x7f2a7c191628
C 342
R
P 0x7f2a7c191628
P 0x7f2a7c19fac8
C 254
= 0x7f2a7c19b1e8
R
P 0x7f2a7c191628
C 342
R
P 0x7f2a7c191628
P 0x7f2a7c19b1e8
C 209
R
P 0x7f2a7c191628
C 342
R
P 0x7f2a7c191628
P 0x7f2a7c19fac8
C 260
R
P 0x7f2a7c191628
C 342
R
P 0x7f2a7c191628
P 0x7f2a7c19fac8
C 259
R
P 0x7f2a7c191628
C 342
R
P 0x7f2a7c191628
P 0x7f2a7c19fac8
C 258
R
P 0x7f2a7c191628
C 342
R
P 0x7f2a7c191628
P 0x7f2a7c19fac8
C 9
R
P 0x7f2a7c191628
C 342
R
P 0x7f2a7c191628
P 0x7f2a7c4872e8
P 0x7f2a7c19fac8
C 76
= 0x7f2a7c48b340
R
P 0x7f2a7c191628
C 342
R
P 0x7f2a7c191628
P 0x7f2a7c48b340
C 258
R
P 0x7f2a7c191628
C 342
R
P 0x7f2a7c191628
P 0x7f2a7c48b340
C 9
R
P 0x7f2a7c191628
C 342
R
P 0x7f2a7c191628
U 2
P 0x7f2a7c48b308
P 0x7f2a7c48b340
p 2
C 63
= 0x7f2a7c48b378
R
P 0x7f2a7c191628
C 342
R
P 0x7f2a7c191628
P 0x7f2a7c48b378
C 258
R
P 0x7f2a7c191628
C 342
R
P 0x7f2a7c191628
P 0x7f2a7c48b378
C 9
R
P 0x7f2a7c191628
C 342
R
P 0x7f2a7c191628
I 3
P 0x7f2a7c19b208
C 150
= 0x7f2a7c19bfc8
R
P 0x7f2a7c191628
C 342
R
P 0x7f2a7c191628
P 0x7f2a7c19bfc8
C 258
R
P 0x7f2a7c191628
C 342
R
P 0x7f2a7c191628
P 0x7f2a7c19bfc8
C 9
R
P 0x7f2a7c191628
C 342
R
P 0x7f2a7c191628
P 0x7f2a7c19bfc8
C 263
R
P 0x7f2a7c191628
C 342
R
P 0x7f2a7c191628
S "dev0T33"
C 30
R
P 0x7f2a7c191628
C 342
R
P 0x7f2a7c191628
$ |dev0T33|
C 202
R
P 0x7f2a7c191628
C 342
R
P 0x7f2a7c191628
$ |dev0T33|
P 0x7f2a7c19b1e8
C 51
= 0x7f2a7c19c228
R
P 0x7f2a7c191628
C 342
R
P 0x7f2a7c191628
P 0x7f2a7c19c228
C 257
R
P 0x7f2a7c191628
C 342
R
P 0x7f2a7c191628
P 0x7f2a7c19c228
C 254
= 0x7f2a7c19b1e8
R
P 0x7f2a7c191628
C 342
R
P 0x7f2a7c191628
P 0x7f2a7c19b1e8
C 209
R
P 0x7f2a7c191628
C 342
R
P 0x7f2a7c191628
P 0x7f2a7c19c228
C 260
R
P 0x7f2a7c191628
C 342
R
P 0x7f2a7c191628
P 0x7f2a7c19c228
C 259
R
P 0x7f2a7c191628
C 342
R
P 0x7f2a7c191628
P 0x7f2a7c19c228
C 258
R
P 0x7f2a7c191628
C 342
R
P 0x7f2a7c191628
P 0x7f2a7c19c228
C 9
R
P 0x7f2a7c191628
C 342
R
P 0x7f2a7c191628
P 0x7f2a7c19bc68
C 333
R
P 0x7f2a7c191628
C 342
R
P 0x7f2a7c191628
S "slotflowPriorityStart"
C 30
R
P 0x7f2a7c191628
C 342
R
P 0x7f2a7c191628
$ |slotflowPriorityStart|
C 202
R
P 0x7f2a7c191628
C 342
R
P 0x7f2a7c191628
$ |slotflowPriorityStart|
P 0x7f2a7c19b1e8
C 51
= 0x7f2a7c19c2a8
R
P 0x7f2a7c191628
C 342
R
P 0x7f2a7c191628
P 0x7f2a7c19c2a8
C 257
R
P 0x7f2a7c191628
C 342
R
P 0x7f2a7c191628
P 0x7f2a7c19c2a8
C 254
= 0x7f2a7c19b1e8
R
P 0x7f2a7c191628
C 342
R
P 0x7f2a7c191628
P 0x7f2a7c19b1e8
C 209
R
P 0x7f2a7c191628
C 342
R
P 0x7f2a7c191628
P 0x7f2a7c19c2a8
C 260
R
P 0x7f2a7c191628
C 342
R
P 0x7f2a7c191628
P 0x7f2a7c19c2a8
C 259
R
P 0x7f2a7c191628
C 342
R
P 0x7f2a7c191628
P 0x7f2a7c19c2a8
C 258
R
P 0x7f2a7c191628
C 342
R
P 0x7f2a7c191628
P 0x7f2a7c19c2a8
C 9
R
P 0x7f2a7c191628
C 342
R
P 0x7f2a7c191628
I 3
P 0x7f2a7c19b208
C 150
= 0x7f2a7c19bfc8
R
P 0x7f2a7c191628
C 342
R
P 0x7f2a7c191628
P 0x7f2a7c19bfc8
C 258
R
P 0x7f2a7c191628
C 342
R
P 0x7f2a7c191628
P 0x7f2a7c19bfc8
C 9
R
P 0x7f2a7c191628
C 342
R
P 0x7f2a7c191628
I 1
P 0x7f2a7c19b208
C 150
= 0x7f2a7c19bc88
R
P 0x7f2a7c191628
C 342
R
P 0x7f2a7c191628
P 0x7f2a7c19bc88
C 258
R
P 0x7f2a7c191628
C 342
R
P 0x7f2a7c191628
P 0x7f2a7c19bc88
C 9
R
P 0x7f2a7c191628
C 342
R
P 0x7f2a7c191628
P 0x7f2a7c19bfc8
P 0x7f2a7c19bc88
C 75
= 0x7f2a7c487208
R
P 0x7f2a7c191628
C 342
R
P 0x7f2a7c191628
P 0x7f2a7c487208
C 258
R
P 0x7f2a7c191628
C 342
R
P 0x7f2a7c191628
P 0x7f2a7c487208
C 9
R
P 0x7f2a7c191628
C 342
R
P 0x7f2a7c191628
I 1
P 0x7f2a7c19b208
C 150
= 0x7f2a7c19bc88
R
P 0x7f2a7c191628
C 342
R
P 0x7f2a7c191628
P 0x7f2a7c19bc88
C 258
R
P 0x7f2a7c191628
C 342
R
P 0x7f2a7c191628
P 0x7f2a7c19bc88
C 9
R
P 0x7f2a7c191628
C 342
R
P 0x7f2a7c191628
U 2
P 0x7f2a7c19bfc8
P 0x7f2a7c19bc88
p 2
C 67
= 0x7f2a7c487240
R
P 0x7f2a7c191628
C 342
R
P 0x7f2a7c191628
P 0x7f2a7c487240
C 257
R
P 0x7f2a7c191628
C 342
R
P 0x7f2a7c191628
P 0x7f2a7c487240
C 254
= 0x7f2a7c19b208
R
P 0x7f2a7c191628
C 342
R
P 0x7f2a7c191628
P 0x7f2a7c19b208
C 209
R
P 0x7f2a7c191628
C 342
R
P 0x7f2a7c191628
P 0x7f2a7c487240
C 260
R
P 0x7f2a7c191628
C 342
R
P 0x7f2a7c191628
P 0x7f2a7c487240
C 259
R
P 0x7f2a7c191628
C 342
R
P 0x7f2a7c191628
P 0x7f2a7c487240
C 258
R
P 0x7f2a7c191628
C 342
R
P 0x7f2a7c191628
P 0x7f2a7c487240
C 9
R
P 0x7f2a7c191628
C 342
R
P 0x7f2a7c191628
U 2
P 0x7f2a7c19bbe8
P 0x7f2a7c487240
p 2
C 66
= 0x7f2a7c487f60
R
P 0x7f2a7c191628
C 342
R
P 0x7f2a7c191628
P 0x7f2a7c487f60
C 257
R
P 0x7f2a7c191628
C 342
R
P 0x7f2a7c191628
P 0x7f2a7c487f60
C 254
= 0x7f2a7c19b208
R
P 0x7f2a7c191628
C 342
R
P 0x7f2a7c191628
P 0x7f2a7c19b208
C 209
R
P 0x7f2a7c191628
C 342
R
P 0x7f2a7c191628
P 0x7f2a7c487f60
C 260
R
P 0x7f2a7c191628
C 342
R
P 0x7f2a7c191628
P 0x7f2a7c487f60
C 259
R
P 0x7f2a7c191628
C 342
R
P 0x7f2a7c191628
P 0x7f2a7c487f60
C 258
R
P 0x7f2a7c191628
C 342
R
P 0x7f2a7c191628
P 0x7f2a7c487f60
C 9
R
P 0x7f2a7c191628
C 342
R
P 0x7f2a7c191628
U 2
P 0x7f2a7c19bb88
P 0x7f2a7c487f60
p 2
C 65
= 0x7f2a7c487f98
R
P 0x7f2a7c191628
C 342
R
P 0x7f2a7c191628
P 0x7f2a7c487f98
C 257
R
P 0x7f2a7c191628
C 342
R
P 0x7f2a7c191628
P 0x7f2a7c487f98
C 254
= 0x7f2a7c19b1e8
R
P 0x7f2a7c191628
C 342
R
P 0x7f2a7c191628
P 0x7f2a7c19b1e8
C 209
R
P 0x7f2a7c191628
C 342
R
P 0x7f2a7c191628
P 0x7f2a7c487f98
C 260
R
P 0x7f2a7c191628
C 342
R
P 0x7f2a7c191628
P 0x7f2a7c487f98
C 259
R
P 0x7f2a7c191628
C 342
R
P 0x7f2a7c191628
P 0x7f2a7c487f98
C 258
R
P 0x7f2a7c191628
C 342
R
P 0x7f2a7c191628
P 0x7f2a7c487f98
C 9
R
P 0x7f2a7c191628
C 342
R
P 0x7f2a7c191628
P 0x7f2a7c487208
P 0x7f2a7c487f98
P 0x7f2a7c19bb88
C 59
= 0x7f2a7c19fac8
R
P 0x7f2a7c191628
C 342
R
P 0x7f2a7c191628
P 0x7f2a7c19fac8
C 257
R
P 0x7f2a7c191628
C 342
R
P 0x7f2a7c191628
P 0x7f2a7c19fac8
C 254
= 0x7f2a7c19b1e8
R
P 0x7f2a7c191628
C 342
R
P 0x7f2a7c191628
P 0x7f2a7c19b1e8
C 209
R
P 0x7f2a7c191628
C 342
R
P 0x7f2a7c191628
P 0x7f2a7c19fac8
C 260
R
P 0x7f2a7c191628
C 342
R
P 0x7f2a7c191628
P 0x7f2a7c19fac8
C 259
R
P 0x7f2a7c191628
C 342
R
P 0x7f2a7c191628
P 0x7f2a7c19fac8
C 258
R
P 0x7f2a7c191628
C 342
R
P 0x7f2a7c191628
P 0x7f2a7c19fac8
C 9
R
P 0x7f2a7c191628
C 342
R
P 0x7f2a7c191628
U 2
P 0x7f2a7c19c2a8
P 0x7f2a7c19fac8
p 2
C 65
= 0x7f2a7c488078
R
P 0x7f2a7c191628
C 342
R
P 0x7f2a7c191628
P 0x7f2a7c488078
C 257
R
P 0x7f2a7c191628
C 342
R
P 0x7f2a7c191628
P 0x7f2a7c488078
C 254
= 0x7f2a7c19b1e8
R
P 0x7f2a7c191628
C 342
R
P 0x7f2a7c191628
P 0x7f2a7c19b1e8
C 209
R
P 0x7f2a7c191628
C 342
R
P 0x7f2a7c191628
P 0x7f2a7c488078
C 260
R
P 0x7f2a7c191628
C 342
R
P 0x7f2a7c191628
P 0x7f2a7c488078
C 259
R
P 0x7f2a7c191628
C 342
R
P 0x7f2a7c191628
P 0x7f2a7c488078
C 258
R
P 0x7f2a7c191628
C 342
R
P 0x7f2a7c191628
P 0x7f2a7c488078
C 9
R
P 0x7f2a7c191628
C 342
R
P 0x7f2a7c191628
U 2
P 0x7f2a7c488078
P 0x7f2a7c19bb68
p 2
C 65
= 0x7f2a7c489bf0
R
P 0x7f2a7c191628
C 342
R
P 0x7f2a7c191628
P 0x7f2a7c489bf0
C 257
R
P 0x7f2a7c191628
C 342
R
P 0x7f2a7c191628
P 0x7f2a7c489bf0
C 254
= 0x7f2a7c19b1e8
R
P 0x7f2a7c191628
C 342
R
P 0x7f2a7c191628
P 0x7f2a7c19b1e8
C 209
R
P 0x7f2a7c191628
C 342
R
P 0x7f2a7c191628
P 0x7f2a7c489bf0
C 260
R
P 0x7f2a7c191628
C 342
R
P 0x7f2a7c191628
P 0x7f2a7c489bf0
C 259
R
P 0x7f2a7c191628
C 342
R
P 0x7f2a7c191628
P 0x7f2a7c489bf0
C 258
R
P 0x7f2a7c191628
C 342
R
P 0x7f2a7c191628
P 0x7f2a7c489bf0
C 9
R
P 0x7f2a7c191628
C 342
R
P 0x7f2a7c191628
P 0x7f2a7c19c228
P 0x7f2a7c489bf0
C 76
= 0x7f2a7c48b3b0
R
P 0x7f2a7c191628
C 342
R
P 0x7f2a7c191628
P 0x7f2a7c48b3b0
C 258
R
P 0x7f2a7c191628
C 342
R
P 0x7f2a7c191628
P 0x7f2a7c48b3b0
C 9
R
P 0x7f2a7c191628
C 342
R
P 0x7f2a7c191628
I 3
P 0x7f2a7c19b208
C 150
= 0x7f2a7c19bfc8
R
P 0x7f2a7c191628
C 342
R
P 0x7f2a7c191628
P 0x7f2a7c19bfc8
C 258
R
P 0x7f2a7c191628
C 342
R
P 0x7f2a7c191628
P 0x7f2a7c19bfc8
C 9
R
P 0x7f2a7c191628
C 342
R
P 0x7f2a7c191628
P 0x7f2a7c19bfc8
C 263
R
P 0x7f2a7c191628
C 342
R
P 0x7f2a7c191628
S "dev0T33"
C 30
R
P 0x7f2a7c191628
C 342
R
P 0x7f2a7c191628
$ |dev0T33|
C 202
R
P 0x7f2a7c191628
C 342
R
P 0x7f2a7c191628
$ |dev0T33|
P 0x7f2a7c19b1e8
C 51
= 0x7f2a7c19c228
R
P 0x7f2a7c191628
C 342
R
P 0x7f2a7c191628
P 0x7f2a7c19c228
C 257
R
P 0x7f2a7c191628
C 342
R
P 0x7f2a7c191628
P 0x7f2a7c19c228
C 254
= 0x7f2a7c19b1e8
R
P 0x7f2a7c191628
C 342
R
P 0x7f2a7c191628
P 0x7f2a7c19b1e8
C 209
R
P 0x7f2a7c191628
C 342
R
P 0x7f2a7c191628
P 0x7f2a7c19c228
C 260
R
P 0x7f2a7c191628
C 342
R
P 0x7f2a7c191628
P 0x7f2a7c19c228
C 259
R
P 0x7f2a7c191628
C 342
R
P 0x7f2a7c191628
P 0x7f2a7c19c228
C 258
R
P 0x7f2a7c191628
C 342
R
P 0x7f2a7c191628
P 0x7f2a7c19c228
C 9
R
P 0x7f2a7c191628
C 342
R
P 0x7f2a7c191628
P 0x7f2a7c19bc68
C 333
R
P 0x7f2a7c191628
C 342
R
P 0x7f2a7c191628
S "slotflowPriorityStart"
C 30
R
P 0x7f2a7c191628
C 342
R
P 0x7f2a7c191628
$ |slotflowPriorityStart|
C 202
R
P 0x7f2a7c191628
C 342
R
P 0x7f2a7c191628
$ |slotflowPriorityStart|
P 0x7f2a7c19b1e8
C 51
= 0x7f2a7c19c2a8
R
P 0x7f2a7c191628
C 342
R
P 0x7f2a7c191628
P 0x7f2a7c19c2a8
C 257
R
P 0x7f2a7c191628
C 342
R
P 0x7f2a7c191628
P 0x7f2a7c19c2a8
C 254
= 0x7f2a7c19b1e8
R
P 0x7f2a7c191628
C 342
R
P 0x7f2a7c191628
P 0x7f2a7c19b1e8
C 209
R
P 0x7f2a7c191628
C 342
R
P 0x7f2a7c191628
P 0x7f2a7c19c2a8
C 260
R
P 0x7f2a7c191628
C 342
R
P 0x7f2a7c191628
P 0x7f2a7c19c2a8
C 259
R
P 0x7f2a7c191628
C 342
R
P 0x7f2a7c191628
P 0x7f2a7c19c2a8
C 258
R
P 0x7f2a7c191628
C 342
R
P 0x7f2a7c191628
P 0x7f2a7c19c2a8
C 9
R
P 0x7f2a7c191628
C 342
R
P 0x7f2a7c191628
P 0x7f2a7c19bc68
C 333
R
P 0x7f2a7c191628
C 342
R
P 0x7f2a7c191628
S "slotflowPriorityDuration"
C 30
R
P 0x7f2a7c191628
C 342
R
P 0x7f2a7c191628
$ |slotflowPriorityDuration|
C 202
R
P 0x7f2a7c191628
C 342
R
P 0x7f2a7c191628
$ |slotflowPriorityDuration|
P 0x7f2a7c19b1e8
C 51
= 0x7f2a7c19c268
R
P 0x7f2a7c191628
C 342
R
P 0x7f2a7c191628
P 0x7f2a7c19c268
C 257
R
P 0x7f2a7c191628
C 342
R
P 0x7f2a7c191628
P 0x7f2a7c19c268
C 254
= 0x7f2a7c19b1e8
R
P 0x7f2a7c191628
C 342
R
P 0x7f2a7c191628
P 0x7f2a7c19b1e8
C 209
R
P 0x7f2a7c191628
C 342
R
P 0x7f2a7c191628
P 0x7f2a7c19c268
C 260
R
P 0x7f2a7c191628
C 342
R
P 0x7f2a7c191628
P 0x7f2a7c19c268
C 259
R
P 0x7f2a7c191628
C 342
R
P 0x7f2a7c191628
P 0x7f2a7c19c268
C 258
R
P 0x7f2a7c191628
C 342
R
P 0x7f2a7c191628
P 0x7f2a7c19c268
C 9
R
P 0x7f2a7c191628
C 342
R
P 0x7f2a7c191628
U 2
P 0x7f2a7c19c2a8
P 0x7f2a7c19c268
p 2
C 65
= 0x7f2a7c487908
R
P 0x7f2a7c191628
C 342
R
P 0x7f2a7c191628
P 0x7f2a7c487908
C 257
R
P 0x7f2a7c191628
C 342
R
P 0x7f2a7c191628
P 0x7f2a7c487908
C 254
= 0x7f2a7c19b1e8
R
P 0x7f2a7c191628
C 342
R
P 0x7f2a7c191628
P 0x7f2a7c19b1e8
C 209
R
P 0x7f2a7c191628
C 342
R
P 0x7f2a7c191628
P 0x7f2a7c487908
C 260
R
P 0x7f2a7c191628
C 342
R
P 0x7f2a7c191628
P 0x7f2a7c487908
C 259
R
P 0x7f2a7c191628
C 342
R
P 0x7f2a7c191628
P 0x7f2a7c487908
C 258
R
P 0x7f2a7c191628
C 342
R
P 0x7f2a7c191628
P 0x7f2a7c487908
C 9
R
P 0x7f2a7c191628
C 342
R
P 0x7f2a7c191628
I 3
P 0x7f2a7c19b208
C 150
= 0x7f2a7c19bfc8
R
P 0x7f2a7c191628
C 342
R
P 0x7f2a7c191628
P 0x7f2a7c19bfc8
C 258
R
P 0x7f2a7c191628
C 342
R
P 0x7f2a7c191628
P 0x7f2a7c19bfc8
C 9
R
P 0x7f2a7c191628
C 342
R
P 0x7f2a7c191628
I 1
P 0x7f2a7c19b208
C 150
= 0x7f2a7c19bc88
R
P 0x7f2a7c191628
C 342
R
P 0x7f2a7c191628
P 0x7f2a7c19bc88
C 258
R
P 0x7f2a7c191628
C 342
R
P 0x7f2a7c191628
P 0x7f2a7c19bc88
C 9
R
P 0x7f2a7c191628
C 342
R
P 0x7f2a7c191628
P 0x7f2a7c19bfc8
P 0x7f2a7c19bc88
C 75
= 0x7f2a7c487208
R
P 0x7f2a7c191628
C 342
R
P 0x7f2a7c191628
P 0x7f2a7c487208
C 258
R
P 0x7f2a7c191628
C 342
R
P 0x7f2a7c191628
P 0x7f2a7c487208
C 9
R
P 0x7f2a7c191628
C 342
R
P 0x7f2a7c191628
I 1
P 0x7f2a7c19b208
C 150
= 0x7f2a7c19bc88
R
P 0x7f2a7c191628
C 342
R
P 0x7f2a7c191628
P 0x7f2a7c19bc88
C 258
R
P 0x7f2a7c191628
C 342
R
P 0x7f2a7c191628
P 0x7f2a7c19bc88
C 9
R
P 0x7f2a7c191628
C 342
R
P 0x7f2a7c191628
U 2
P 0x7f2a7c19bfc8
P 0x7f2a7c19bc88
p 2
C 67
= 0x7f2a7c487240
R
P 0x7f2a7c191628
C 342
R
P 0x7f2a7c191628
P 0x7f2a7c487240
C 257
R
P 0x7f2a7c191628
C 342
R
P 0x7f2a7c191628
P 0x7f2a7c487240
C 254
= 0x7f2a7c19b208
R
P 0x7f2a7c191628
C 342
R
P 0x7f2a7c191628
P 0x7f2a7c19b208
C 209
R
P 0x7f2a7c191628
C 342
R
P 0x7f2a7c191628
P 0x7f2a7c487240
C 260
R
P 0x7f2a7c191628
C 342
R
P 0x7f2a7c191628
P 0x7f2a7c487240
C 259
R
P 0x7f2a7c191628
C 342
R
P 0x7f2a7c191628
P 0x7f2a7c487240
C 258
R
P 0x7f2a7c191628
C 342
R
P 0x7f2a7c191628
P 0x7f2a7c487240
C 9
R
P 0x7f2a7c191628
C 342
R
P 0x7f2a7c191628
U 2
P 0x7f2a7c19bbe8
P 0x7f2a7c487240
p 2
C 66
= 0x7f2a7c487f60
R
P 0x7f2a7c191628
C 342
R
P 0x7f2a7c191628
P 0x7f2a7c487f60
C 257
R
P 0x7f2a7c191628
C 342
R
P 0x7f2a7c191628
P 0x7f2a7c487f60
C 254
= 0x7f2a7c19b208
R
P 0x7f2a7c191628
C 342
R
P 0x7f2a7c191628
P 0x7f2a7c19b208
C 209
R
P 0x7f2a7c191628
C 342
R
P 0x7f2a7c191628
P 0x7f2a7c487f60
C 260
R
P 0x7f2a7c191628
C 342
R
P 0x7f2a7c191628
P 0x7f2a7c487f60
C 259
R
P 0x7f2a7c191628
C 342
R
P 0x7f2a7c191628
P 0x7f2a7c487f60
C 258
R
P 0x7f2a7c191628
C 342
R
P 0x7f2a7c191628
P 0x7f2a7c487f60
C 9
R
P 0x7f2a7c191628
C 342
R
P 0x7f2a7c191628
U 2
P 0x7f2a7c19bb88
P 0x7f2a7c487f60
p 2
C 65
= 0x7f2a7c487f98
R
P 0x7f2a7c191628
C 342
R
P 0x7f2a7c191628
P 0x7f2a7c487f98
C 257
R
P 0x7f2a7c191628
C 342
R
P 0x7f2a7c191628
P 0x7f2a7c487f98
C 254
= 0x7f2a7c19b1e8
R
P 0x7f2a7c191628
C 342
R
P 0x7f2a7c191628
P 0x7f2a7c19b1e8
C 209
R
P 0x7f2a7c191628
C 342
R
P 0x7f2a7c191628
P 0x7f2a7c487f98
C 260
R
P 0x7f2a7c191628
C 342
R
P 0x7f2a7c191628
P 0x7f2a7c487f98
C 259
R
P 0x7f2a7c191628
C 342
R
P 0x7f2a7c191628
P 0x7f2a7c487f98
C 258
R
P 0x7f2a7c191628
C 342
R
P 0x7f2a7c191628
P 0x7f2a7c487f98
C 9
R
P 0x7f2a7c191628
C 342
R
P 0x7f2a7c191628
P 0x7f2a7c487208
P 0x7f2a7c487f98
P 0x7f2a7c19bb88
C 59
= 0x7f2a7c19fac8
R
P 0x7f2a7c191628
C 342
R
P 0x7f2a7c191628
P 0x7f2a7c19fac8
C 257
R
P 0x7f2a7c191628
C 342
R
P 0x7f2a7c191628
P 0x7f2a7c19fac8
C 254
= 0x7f2a7c19b1e8
R
P 0x7f2a7c191628
C 342
R
P 0x7f2a7c191628
P 0x7f2a7c19b1e8
C 209
R
P 0x7f2a7c191628
C 342
R
P 0x7f2a7c191628
P 0x7f2a7c19fac8
C 260
R
P 0x7f2a7c191628
C 342
R
P 0x7f2a7c191628
P 0x7f2a7c19fac8
C 259
R
P 0x7f2a7c191628
C 342
R
P 0x7f2a7c191628
P 0x7f2a7c19fac8
C 258
R
P 0x7f2a7c191628
C 342
R
P 0x7f2a7c191628
P 0x7f2a7c19fac8
C 9
R
P 0x7f2a7c191628
C 342
R
P 0x7f2a7c191628
U 2
P 0x7f2a7c487908
P 0x7f2a7c19fac8
p 2
C 65
= 0x7f2a7c487fd0
R
P 0x7f2a7c191628
C 342
R
P 0x7f2a7c191628
P 0x7f2a7c487fd0
C 257
R
P 0x7f2a7c191628
C 342
R
P 0x7f2a7c191628
P 0x7f2a7c487fd0
C 254
= 0x7f2a7c19b1e8
R
P 0x7f2a7c191628
C 342
R
P 0x7f2a7c191628
P 0x7f2a7c19b1e8
C 209
R
P 0x7f2a7c191628
C 342
R
P 0x7f2a7c191628
P 0x7f2a7c487fd0
C 260
R
P 0x7f2a7c191628
C 342
R
P 0x7f2a7c191628
P 0x7f2a7c487fd0
C 259
R
P 0x7f2a7c191628
C 342
R
P 0x7f2a7c191628
P 0x7f2a7c487fd0
C 258
R
P 0x7f2a7c191628
C 342
R
P 0x7f2a7c191628
P 0x7f2a7c487fd0
C 9
R
P 0x7f2a7c191628
C 342
R
P 0x7f2a7c191628
P 0x7f2a7c19c228
P 0x7f2a7c487fd0
C 74
= 0x7f2a7c48b3e8
R
P 0x7f2a7c191628
C 342
R
P 0x7f2a7c191628
P 0x7f2a7c48b3e8
C 258
R
P 0x7f2a7c191628
C 342
R
P 0x7f2a7c191628
P 0x7f2a7c48b3e8
C 9
R
P 0x7f2a7c191628
C 342
R
P 0x7f2a7c191628
U 2
P 0x7f2a7c48b3b0
P 0x7f2a7c48b3e8
p 2
C 63
= 0x7f2a7c48b420
R
P 0x7f2a7c191628
C 342
R
P 0x7f2a7c191628
P 0x7f2a7c48b420
C 258
R
P 0x7f2a7c191628
C 342
R
P 0x7f2a7c191628
P 0x7f2a7c48b420
C 9
R
P 0x7f2a7c191628
C 342
R
P 0x7f2a7c191628
P 0x7f2a7c48b378
P 0x7f2a7c48b420
C 61
= 0x7f2a7c48b458
R
P 0x7f2a7c191628
C 342
R
P 0x7f2a7c191628
P 0x7f2a7c48b458
C 258
R
P 0x7f2a7c191628
C 342
R
P 0x7f2a7c191628
P 0x7f2a7c48b458
C 9
R
P 0x7f2a7c191628
C 342
R
P 0x7f2a7c191628
P 0x7f2a7c1e1fc8
P 0x7f2a7c48b458
C 427
R
P 0x7f2a7c191628
C 342
R
P 0x7f2a7c191628
I 3
P 0x7f2a7c19b208
C 150
= 0x7f2a7c19bfc8
R
P 0x7f2a7c191628
C 342
R
P 0x7f2a7c191628
P 0x7f2a7c19bfc8
C 258
R
P 0x7f2a7c191628
C 342
R
P 0x7f2a7c191628
P 0x7f2a7c19bfc8
C 9
R
P 0x7f2a7c191628
C 342
R
P 0x7f2a7c191628
I 1
P 0x7f2a7c19b208
C 150
= 0x7f2a7c19bc88
R
P 0x7f2a7c191628
C 342
R
P 0x7f2a7c191628
P 0x7f2a7c19bc88
C 258
R
P 0x7f2a7c191628
C 342
R
P 0x7f2a7c191628
P 0x7f2a7c19bc88
C 9
R
P 0x7f2a7c191628
C 342
R
P 0x7f2a7c191628
P 0x7f2a7c19bfc8
P 0x7f2a7c19bc88
C 75
= 0x7f2a7c487208
R
P 0x7f2a7c191628
C 342
R
P 0x7f2a7c191628
P 0x7f2a7c487208
C 258
R
P 0x7f2a7c191628
C 342
R
P 0x7f2a7c191628
P 0x7f2a7c487208
C 9
R
P 0x7f2a7c191628
C 342
R
P 0x7f2a7c191628
I 1
P 0x7f2a7c19b208
C 150
= 0x7f2a7c19bc88
R
P 0x7f2a7c191628
C 342
R
P 0x7f2a7c191628
P 0x7f2a7c19bc88
C 258
R
P 0x7f2a7c191628
C 342
R
P 0x7f2a7c191628
P 0x7f2a7c19bc88
C 9
R
P 0x7f2a7c191628
C 342
R
P 0x7f2a7c191628
U 2
P 0x7f2a7c19bfc8
P 0x7f2a7c19bc88
p 2
C 67
= 0x7f2a7c487240
R
P 0x7f2a7c191628
C 342
R
P 0x7f2a7c191628
P 0x7f2a7c487240
C 257
R
P 0x7f2a7c191628
C 342
R
P 0x7f2a7c191628
P 0x7f2a7c487240
C 254
= 0x7f2a7c19b208
R
P 0x7f2a7c191628
C 342
R
P 0x7f2a7c191628
P 0x7f2a7c19b208
C 209
R
P 0x7f2a7c191628
C 342
R
P 0x7f2a7c191628
P 0x7f2a7c487240
C 260
R
P 0x7f2a7c191628
C 342
R
P 0x7f2a7c191628
P 0x7f2a7c487240
C 259
R
P 0x7f2a7c191628
C 342
R
P 0x7f2a7c191628
P 0x7f2a7c487240
C 258
R
P 0x7f2a7c191628
C 342
R
P 0x7f2a7c191628
P 0x7f2a7c487240
C 9
R
P 0x7f2a7c191628
C 342
R
P 0x7f2a7c191628
U 2
P 0x7f2a7c19bba8
P 0x7f2a7c487240
p 2
C 66
= 0x7f2a7c487278
R
P 0x7f2a7c191628
C 342
R
P 0x7f2a7c191628
P 0x7f2a7c487278
C 257
R
P 0x7f2a7c191628
C 342
R
P 0x7f2a7c191628
P 0x7f2a7c487278
C 254
= 0x7f2a7c19b1e8
R
P 0x7f2a7c191628
C 342
R
P 0x7f2a7c191628
P 0x7f2a7c19b1e8
C 209
R
P 0x7f2a7c191628
C 342
R
P 0x7f2a7c191628
P 0x7f2a7c487278
C 260
R
P 0x7f2a7c191628
C 342
R
P 0x7f2a7c191628
P 0x7f2a7c487278
C 259
R
P 0x7f2a7c191628
C 342
R
P 0x7f2a7c191628
P 0x7f2a7c487278
C 258
R
P 0x7f2a7c191628
C 342
R
P 0x7f2a7c191628
P 0x7f2a7c487278
C 9
R
P 0x7f2a7c191628
C 342
R
P 0x7f2a7c191628
U 2
P 0x7f2a7c19bc28
P 0x7f2a7c487278
p 2
C 65
= 0x7f2a7c4872b0
R
P 0x7f2a7c191628
C 342
R
P 0x7f2a7c191628
P 0x7f2a7c4872b0
C 257
R
P 0x7f2a7c191628
C 342
R
P 0x7f2a7c191628
P 0x7f2a7c4872b0
C 254
= 0x7f2a7c19b1e8
R
P 0x7f2a7c191628
C 342
R
P 0x7f2a7c191628
P 0x7f2a7c19b1e8
C 209
R
P 0x7f2a7c191628
C 342
R
P 0x7f2a7c191628
P 0x7f2a7c4872b0
C 260
R
P 0x7f2a7c191628
C 342
R
P 0x7f2a7c191628
P 0x7f2a7c4872b0
C 259
R
P 0x7f2a7c191628
C 342
R
P 0x7f2a7c191628
P 0x7f2a7c4872b0
C 258
R
P 0x7f2a7c191628
C 342
R
P 0x7f2a7c191628
P 0x7f2a7c4872b0
C 9
R
P 0x7f2a7c191628
C 342
R
P 0x7f2a7c191628
P 0x7f2a7c487208
P 0x7f2a7c4872b0
P 0x7f2a7c19bc28
C 59
= 0x7f2a7c19f988
R
P 0x7f2a7c191628
C 342
R
P 0x7f2a7c191628
P 0x7f2a7c19f988
C 257
R
P 0x7f2a7c191628
C 342
R
P 0x7f2a7c191628
P 0x7f2a7c19f988
C 254
= 0x7f2a7c19b1e8
R
P 0x7f2a7c191628
C 342
R
P 0x7f2a7c191628
P 0x7f2a7c19b1e8
C 209
R
P 0x7f2a7c191628
C 342
R
P 0x7f2a7c191628
P 0x7f2a7c19f988
C 260
R
P 0x7f2a7c191628
C 342
R
P 0x7f2a7c191628
P 0x7f2a7c19f988
C 259
R
P 0x7f2a7c191628
C 342
R
P 0x7f2a7c191628
P 0x7f2a7c19f988
C 258
R
P 0x7f2a7c191628
C 342
R
P 0x7f2a7c191628
P 0x7f2a7c19f988
C 9
R
P 0x7f2a7c191628
C 342
R
P 0x7f2a7c191628
U 2
P 0x7f2a7c19f988
P 0x7f2a7c19bb48
p 2
C 65
= 0x7f2a7c4872e8
R
P 0x7f2a7c191628
C 342
R
P 0x7f2a7c191628
P 0x7f2a7c4872e8
C 257
R
P 0x7f2a7c191628
C 342
R
P 0x7f2a7c191628
P 0x7f2a7c4872e8
C 254
= 0x7f2a7c19b1e8
R
P 0x7f2a7c191628
C 342
R
P 0x7f2a7c191628
P 0x7f2a7c19b1e8
C 209
R
P 0x7f2a7c191628
C 342
R
P 0x7f2a7c191628
P 0x7f2a7c4872e8
C 260
R
P 0x7f2a7c191628
C 342
R
P 0x7f2a7c191628
P 0x7f2a7c4872e8
C 259
R
P 0x7f2a7c191628
C 342
R
P 0x7f2a7c191628
P 0x7f2a7c4872e8
C 258
R
P 0x7f2a7c191628
C 342
R
P 0x7f2a7c191628
P 0x7f2a7c4872e8
C 9
R
P 0x7f2a7c191628
C 342
R
P 0x7f2a7c191628
P 0x7f2a7c19bc68
C 333
R
P 0x7f2a7c191628
C 342
R
P 0x7f2a7c191628
S "slotflowPriorityStart"
C 30
R
P 0x7f2a7c191628
C 342
R
P 0x7f2a7c191628
$ |slotflowPriorityStart|
C 202
R
P 0x7f2a7c191628
C 342
R
P 0x7f2a7c191628
$ |slotflowPriorityStart|
P 0x7f2a7c19b1e8
C 51
= 0x7f2a7c19c2a8
R
P 0x7f2a7c191628
C 342
R
P 0x7f2a7c191628
P 0x7f2a7c19c2a8
C 257
R
P 0x7f2a7c191628
C 342
R
P 0x7f2a7c191628
P 0x7f2a7c19c2a8
C 254
= 0x7f2a7c19b1e8
R
P 0x7f2a7c191628
C 342
R
P 0x7f2a7c191628
P 0x7f2a7c19b1e8
C 209
R
P 0x7f2a7c191628
C 342
R
P 0x7f2a7c191628
P 0x7f2a7c19c2a8
C 260
R
P 0x7f2a7c191628
C 342
R
P 0x7f2a7c191628
P 0x7f2a7c19c2a8
C 259
R
P 0x7f2a7c191628
C 342
R
P 0x7f2a7c191628
P 0x7f2a7c19c2a8
C 258
R
P 0x7f2a7c191628
C 342
R
P 0x7f2a7c191628
P 0x7f2a7c19c2a8
C 9
R
P 0x7f2a7c191628
C 342
R
P 0x7f2a7c191628
I 4
P 0x7f2a7c19b208
C 150
= 0x7f2a7c19c028
R
P 0x7f2a7c191628
C 342
R
P 0x7f2a7c191628
P 0x7f2a7c19c028
C 258
R
P 0x7f2a7c191628
C 342
R
P 0x7f2a7c191628
P 0x7f2a7c19c028
C 9
R
P 0x7f2a7c191628
C 342
R
P 0x7f2a7c191628
I 1
P 0x7f2a7c19b208
C 150
= 0x7f2a7c19bc88
R
P 0x7f2a7c191628
C 342
R
P 0x7f2a7c191628
P 0x7f2a7c19bc88
C 258
R
P 0x7f2a7c191628
C 342
R
P 0x7f2a7c191628
P 0x7f2a7c19bc88
C 9
R
P 0x7f2a7c191628
C 342
R
P 0x7f2a7c191628
P 0x7f2a7c19c028
P 0x7f2a7c19bc88
C 75
= 0x7f2a7c487390
R
P 0x7f2a7c191628
C 342
R
P 0x7f2a7c191628
P 0x7f2a7c487390
C 258
R
P 0x7f2a7c191628
C 342
R
P 0x7f2a7c191628
P 0x7f2a7c487390
C 9
R
P 0x7f2a7c191628
C 342
R
P 0x7f2a7c191628
I 1
P 0x7f2a7c19b208
C 150
= 0x7f2a7c19bc88
R
P 0x7f2a7c191628
C 342
R
P 0x7f2a7c191628
P 0x7f2a7c19bc88
C 258
R
P 0x7f2a7c191628
C 342
R
P 0x7f2a7c191628
P 0x7f2a7c19bc88
C 9
R
P 0x7f2a7c191628
C 342
R
P 0x7f2a7c191628
U 2
P 0x7f2a7c19c028
P 0x7f2a7c19bc88
p 2
C 67
= 0x7f2a7c4873c8
R
P 0x7f2a7c191628
C 342
R
P 0x7f2a7c191628
P 0x7f2a7c4873c8
C 257
R
P 0x7f2a7c191628
C 342
R
P 0x7f2a7c191628
P 0x7f2a7c4873c8
C 254
= 0x7f2a7c19b208
R
P 0x7f2a7c191628
C 342
R
P 0x7f2a7c191628
P 0x7f2a7c19b208
C 209
R
P 0x7f2a7c191628
C 342
R
P 0x7f2a7c191628
P 0x7f2a7c4873c8
C 260
R
P 0x7f2a7c191628
C 342
R
P 0x7f2a7c191628
P 0x7f2a7c4873c8
C 259
R
P 0x7f2a7c191628
C 342
R
P 0x7f2a7c191628
P 0x7f2a7c4873c8
C 258
R
P 0x7f2a7c191628
C 342
R
P 0x7f2a7c191628
P 0x7f2a7c4873c8
C 9
R
P 0x7f2a7c191628
C 342
R
P 0x7f2a7c191628
U 2
P 0x7f2a7c19bbe8
P 0x7f2a7c4873c8
p 2
C 66
= 0x7f2a7c488158
R
P 0x7f2a7c191628
C 342
R
P 0x7f2a7c191628
P 0x7f2a7c488158
C 257
R
P 0x7f2a7c191628
C 342
R
P 0x7f2a7c191628
P 0x7f2a7c488158
C 254
= 0x7f2a7c19b208
R
P 0x7f2a7c191628
C 342
R
P 0x7f2a7c191628
P 0x7f2a7c19b208
C 209
R
P 0x7f2a7c191628
C 342
R
P 0x7f2a7c191628
P 0x7f2a7c488158
C 260
R
P 0x7f2a7c191628
C 342
R
P 0x7f2a7c191628
P 0x7f2a7c488158
C 259
R
P 0x7f2a7c191628
C 342
R
P 0x7f2a7c191628
P 0x7f2a7c488158
C 258
R
P 0x7f2a7c191628
C 342
R
P 0x7f2a7c191628
P 0x7f2a7c488158
C 9
R
P 0x7f2a7c191628
C 342
R
P 0x7f2a7c191628
U 2
P 0x7f2a7c19bb88
P 0x7f2a7c488158
p 2
C 65
= 0x7f2a7c488190
R
P 0x7f2a7c191628
C 342
R
P 0x7f2a7c191628
P 0x7f2a7c488190
C 257
R
P 0x7f2a7c191628
C 342
R
P 0x7f2a7c191628
P 0x7f2a7c488190
C 254
= 0x7f2a7c19b1e8
R
P 0x7f2a7c191628
C 342
R
P 0x7f2a7c191628
P 0x7f2a7c19b1e8
C 209
R
P 0x7f2a7c191628
C 342
R
P 0x7f2a7c191628
P 0x7f2a7c488190
C 260
R
P 0x7f2a7c191628
C 342
R
P 0x7f2a7c191628
P 0x7f2a7c488190
C 259
R
P 0x7f2a7c191628
C 342
R
P 0x7f2a7c191628
P 0x7f2a7c488190
C 258
R
P 0x7f2a7c191628
C 342
R
P 0x7f2a7c191628
P 0x7f2a7c488190
C 9
R
P 0x7f2a7c191628
C 342
R
P 0x7f2a7c191628
P 0x7f2a7c487390
P 0x7f2a7c488190
P 0x7f2a7c19bb88
C 59
= 0x7f2a7c19fb08
R
P 0x7f2a7c191628
C 342
R
P 0x7f2a7c191628
P 0x7f2a7c19fb08
C 257
R
P 0x7f2a7c191628
C 342
R
P 0x7f2a7c191628
P 0x7f2a7c19fb08
C 254
= 0x7f2a7c19b1e8
R
P 0x7f2a7c191628
C 342
R
P 0x7f2a7c191628
P 0x7f2a7c19b1e8
C 209
R
P 0x7f2a7c191628
C 342
R
P 0x7f2a7c191628
P 0x7f2a7c19fb08
C 260
R
P 0x7f2a7c191628
C 342
R
P 0x7f2a7c191628
P 0x7f2a7c19fb08
C 259
R
P 0x7f2a7c191628
C 342
R
P 0x7f2a7c191628
P 0x7f2a7c19fb08
C 258
R
P 0x7f2a7c191628
C 342
R
P 0x7f2a7c191628
P 0x7f2a7c19fb08
C 9
R
P 0x7f2a7c191628
C 342
R
P 0x7f2a7c191628
U 2
P 0x7f2a7c19c2a8
P 0x7f2a7c19fb08
p 2
C 65
= 0x7f2a7c488270
R
P 0x7f2a7c191628
C 342
R
P 0x7f2a7c191628
P 0x7f2a7c488270
C 257
R
P 0x7f2a7c191628
C 342
R
P 0x7f2a7c191628
P 0x7f2a7c488270
C 254
= 0x7f2a7c19b1e8
R
P 0x7f2a7c191628
C 342
R
P 0x7f2a7c191628
P 0x7f2a7c19b1e8
C 209
R
P 0x7f2a7c191628
C 342
R
P 0x7f2a7c191628
P 0x7f2a7c488270
C 260
R
P 0x7f2a7c191628
C 342
R
P 0x7f2a7c191628
P 0x7f2a7c488270
C 259
R
P 0x7f2a7c191628
C 342
R
P 0x7f2a7c191628
P 0x7f2a7c488270
C 258
R
P 0x7f2a7c191628
C 342
R
P 0x7f2a7c191628
P 0x7f2a7c488270
C 9
R
P 0x7f2a7c191628
C 342
R
P 0x7f2a7c191628
P 0x7f2a7c4872e8
P 0x7f2a7c488270
C 73
= 0x7f2a7c48b490
R
P 0x7f2a7c191628
C 342
R
P 0x7f2a7c191628
P 0x7f2a7c48b490
C 258
R
P 0x7f2a7c191628
C 342
R
P 0x7f2a7c191628
P 0x7f2a7c48b490
C 9
R
P 0x7f2a7c191628
C 342
R
P 0x7f2a7c191628
I 3
P 0x7f2a7c19b208
C 150
= 0x7f2a7c19bfc8
R
P 0x7f2a7c191628
C 342
R
P 0x7f2a7c191628
P 0x7f2a7c19bfc8
C 258
R
P 0x7f2a7c191628
C 342
R
P 0x7f2a7c191628
P 0x7f2a7c19bfc8
C 9
R
P 0x7f2a7c191628
C 342
R
P 0x7f2a7c191628
I 1
P 0x7f2a7c19b208
C 150
= 0x7f2a7c19bc88
R
P 0x7f2a7c191628
C 342
R
P 0x7f2a7c191628
P 0x7f2a7c19bc88
C 258
R
P 0x7f2a7c191628
C 342
R
P 0x7f2a7c191628
P 0x7f2a7c19bc88
C 9
R
P 0x7f2a7c191628
C 342
R
P 0x7f2a7c191628
P 0x7f2a7c19bfc8
P 0x7f2a7c19bc88
C 75
= 0x7f2a7c487208
R
P 0x7f2a7c191628
C 342
R
P 0x7f2a7c191628
P 0x7f2a7c487208
C 258
R
P 0x7f2a7c191628
C 342
R
P 0x7f2a7c191628
P 0x7f2a7c487208
C 9
R
P 0x7f2a7c191628
C 342
R
P 0x7f2a7c191628
I 1
P 0x7f2a7c19b208
C 150
= 0x7f2a7c19bc88
R
P 0x7f2a7c191628
C 342
R
P 0x7f2a7c191628
P 0x7f2a7c19bc88
C 258
R
P 0x7f2a7c191628
C 342
R
P 0x7f2a7c191628
P 0x7f2a7c19bc88
C 9
R
P 0x7f2a7c191628
C 342
R
P 0x7f2a7c191628
U 2
P 0x7f2a7c19bfc8
P 0x7f2a7c19bc88
p 2
C 67
= 0x7f2a7c487240
R
P 0x7f2a7c191628
C 342
R
P 0x7f2a7c191628
P 0x7f2a7c487240
C 257
R
P 0x7f2a7c191628
C 342
R
P 0x7f2a7c191628
P 0x7f2a7c487240
C 254
= 0x7f2a7c19b208
R
P 0x7f2a7c191628
C 342
R
P 0x7f2a7c191628
P 0x7f2a7c19b208
C 209
R
P 0x7f2a7c191628
C 342
R
P 0x7f2a7c191628
P 0x7f2a7c487240
C 260
R
P 0x7f2a7c191628
C 342
R
P 0x7f2a7c191628
P 0x7f2a7c487240
C 259
R
P 0x7f2a7c191628
C 342
R
P 0x7f2a7c191628
P 0x7f2a7c487240
C 258
R
P 0x7f2a7c191628
C 342
R
P 0x7f2a7c191628
P 0x7f2a7c487240
C 9
R
P 0x7f2a7c191628
C 342
R
P 0x7f2a7c191628
U 2
P 0x7f2a7c19bba8
P 0x7f2a7c487240
p 2
C 66
= 0x7f2a7c487278
R
P 0x7f2a7c191628
C 342
R
P 0x7f2a7c191628
P 0x7f2a7c487278
C 257
R
P 0x7f2a7c191628
C 342
R
P 0x7f2a7c191628
P 0x7f2a7c487278
C 254
= 0x7f2a7c19b1e8
R
P 0x7f2a7c191628
C 342
R
P 0x7f2a7c191628
P 0x7f2a7c19b1e8
C 209
R
P 0x7f2a7c191628
C 342
R
P 0x7f2a7c191628
P 0x7f2a7c487278
C 260
R
P 0x7f2a7c191628
C 342
R
P 0x7f2a7c191628
P 0x7f2a7c487278
C 259
R
P 0x7f2a7c191628
C 342
R
P 0x7f2a7c191628
P 0x7f2a7c487278
C 258
R
P 0x7f2a7c191628
C 342
R
P 0x7f2a7c191628
P 0x7f2a7c487278
C 9
R
P 0x7f2a7c191628
C 342
R
P 0x7f2a7c191628
U 2
P 0x7f2a7c19bc28
P 0x7f2a7c487278
p 2
C 65
= 0x7f2a7c4872b0
R
P 0x7f2a7c191628
C 342
R
P 0x7f2a7c191628
P 0x7f2a7c4872b0
C 257
R
P 0x7f2a7c191628
C 342
R
P 0x7f2a7c191628
P 0x7f2a7c4872b0
C 254
= 0x7f2a7c19b1e8
R
P 0x7f2a7c191628
C 342
R
P 0x7f2a7c191628
P 0x7f2a7c19b1e8
C 209
R
P 0x7f2a7c191628
C 342
R
P 0x7f2a7c191628
P 0x7f2a7c4872b0
C 260
R
P 0x7f2a7c191628
C 342
R
P 0x7f2a7c191628
P 0x7f2a7c4872b0
C 259
R
P 0x7f2a7c191628
C 342
R
P 0x7f2a7c191628
P 0x7f2a7c4872b0
C 258
R
P 0x7f2a7c191628
C 342
R
P 0x7f2a7c191628
P 0x7f2a7c4872b0
C 9
R
P 0x7f2a7c191628
C 342
R
P 0x7f2a7c191628
P 0x7f2a7c487208
P 0x7f2a7c4872b0
P 0x7f2a7c19bc28
C 59
= 0x7f2a7c19f988
R
P 0x7f2a7c191628
C 342
R
P 0x7f2a7c191628
P 0x7f2a7c19f988
C 257
R
P 0x7f2a7c191628
C 342
R
P 0x7f2a7c191628
P 0x7f2a7c19f988
C 254
= 0x7f2a7c19b1e8
R
P 0x7f2a7c191628
C 342
R
P 0x7f2a7c191628
P 0x7f2a7c19b1e8
C 209
R
P 0x7f2a7c191628
C 342
R
P 0x7f2a7c191628
P 0x7f2a7c19f988
C 260
R
P 0x7f2a7c191628
C 342
R
P 0x7f2a7c191628
P 0x7f2a7c19f988
C 259
R
P 0x7f2a7c191628
C 342
R
P 0x7f2a7c191628
P 0x7f2a7c19f988
C 258
R
P 0x7f2a7c191628
C 342
R
P 0x7f2a7c191628
P 0x7f2a7c19f988
C 9
R
P 0x7f2a7c191628
C 342
R
P 0x7f2a7c191628
U 2
P 0x7f2a7c19f988
P 0x7f2a7c19bb48
p 2
C 65
= 0x7f2a7c4872e8
R
P 0x7f2a7c191628
C 342
R
P 0x7f2a7c191628
P 0x7f2a7c4872e8
C 257
R
P 0x7f2a7c191628
C 342
R
P 0x7f2a7c191628
P 0x7f2a7c4872e8
C 254
= 0x7f2a7c19b1e8
R
P 0x7f2a7c191628
C 342
R
P 0x7f2a7c191628
P 0x7f2a7c19b1e8
C 209
R
P 0x7f2a7c191628
C 342
R
P 0x7f2a7c191628
P 0x7f2a7c4872e8
C 260
R
P 0x7f2a7c191628
C 342
R
P 0x7f2a7c191628
P 0x7f2a7c4872e8
C 259
R
P 0x7f2a7c191628
C 342
R
P 0x7f2a7c191628
P 0x7f2a7c4872e8
C 258
R
P 0x7f2a7c191628
C 342
R
P 0x7f2a7c191628
P 0x7f2a7c4872e8
C 9
R
P 0x7f2a7c191628
C 342
R
P 0x7f2a7c191628
I 4
P 0x7f2a7c19b208
C 150
= 0x7f2a7c19c028
R
P 0x7f2a7c191628
C 342
R
P 0x7f2a7c191628
P 0x7f2a7c19c028
C 258
R
P 0x7f2a7c191628
C 342
R
P 0x7f2a7c191628
P 0x7f2a7c19c028
C 9
R
P 0x7f2a7c191628
C 342
R
P 0x7f2a7c191628
I 1
P 0x7f2a7c19b208
C 150
= 0x7f2a7c19bc88
R
P 0x7f2a7c191628
C 342
R
P 0x7f2a7c191628
P 0x7f2a7c19bc88
C 258
R
P 0x7f2a7c191628
C 342
R
P 0x7f2a7c191628
P 0x7f2a7c19bc88
C 9
R
P 0x7f2a7c191628
C 342
R
P 0x7f2a7c191628
P 0x7f2a7c19c028
P 0x7f2a7c19bc88
C 75
= 0x7f2a7c487390
R
P 0x7f2a7c191628
C 342
R
P 0x7f2a7c191628
P 0x7f2a7c487390
C 258
R
P 0x7f2a7c191628
C 342
R
P 0x7f2a7c191628
P 0x7f2a7c487390
C 9
R
P 0x7f2a7c191628
C 342
R
P 0x7f2a7c191628
I 1
P 0x7f2a7c19b208
C 150
= 0x7f2a7c19bc88
R
P 0x7f2a7c191628
C 342
R
P 0x7f2a7c191628
P 0x7f2a7c19bc88
C 258
R
P 0x7f2a7c191628
C 342
R
P 0x7f2a7c191628
P 0x7f2a7c19bc88
C 9
R
P 0x7f2a7c191628
C 342
R
P 0x7f2a7c191628
U 2
P 0x7f2a7c19c028
P 0x7f2a7c19bc88
p 2
C 67
= 0x7f2a7c4873c8
R
P 0x7f2a7c191628
C 342
R
P 0x7f2a7c191628
P 0x7f2a7c4873c8
C 257
R
P 0x7f2a7c191628
C 342
R
P 0x7f2a7c191628
P 0x7f2a7c4873c8
C 254
= 0x7f2a7c19b208
R
P 0x7f2a7c191628
C 342
R
P 0x7f2a7c191628
P 0x7f2a7c19b208
C 209
R
P 0x7f2a7c191628
C 342
R
P 0x7f2a7c191628
P 0x7f2a7c4873c8
C 260
R
P 0x7f2a7c191628
C 342
R
P 0x7f2a7c191628
P 0x7f2a7c4873c8
C 259
R
P 0x7f2a7c191628
C 342
R
P 0x7f2a7c191628
P 0x7f2a7c4873c8
C 258
R
P 0x7f2a7c191628
C 342
R
P 0x7f2a7c191628
P 0x7f2a7c4873c8
C 9
R
P 0x7f2a7c191628
C 342
R
P 0x7f2a7c191628
U 2
P 0x7f2a7c19bbe8
P 0x7f2a7c4873c8
p 2
C 66
= 0x7f2a7c488158
R
P 0x7f2a7c191628
C 342
R
P 0x7f2a7c191628
P 0x7f2a7c488158
C 257
R
P 0x7f2a7c191628
C 342
R
P 0x7f2a7c191628
P 0x7f2a7c488158
C 254
= 0x7f2a7c19b208
R
P 0x7f2a7c191628
C 342
R
P 0x7f2a7c191628
P 0x7f2a7c19b208
C 209
R
P 0x7f2a7c191628
C 342
R
P 0x7f2a7c191628
P 0x7f2a7c488158
C 260
R
P 0x7f2a7c191628
C 342
R
P 0x7f2a7c191628
P 0x7f2a7c488158
C 259
R
P 0x7f2a7c191628
C 342
R
P 0x7f2a7c191628
P 0x7f2a7c488158
C 258
R
P 0x7f2a7c191628
C 342
R
P 0x7f2a7c191628
P 0x7f2a7c488158
C 9
R
P 0x7f2a7c191628
C 342
R
P 0x7f2a7c191628
U 2
P 0x7f2a7c19bb88
P 0x7f2a7c488158
p 2
C 65
= 0x7f2a7c488190
R
P 0x7f2a7c191628
C 342
R
P 0x7f2a7c191628
P 0x7f2a7c488190
C 257
R
P 0x7f2a7c191628
C 342
R
P 0x7f2a7c191628
P 0x7f2a7c488190
C 254
= 0x7f2a7c19b1e8
R
P 0x7f2a7c191628
C 342
R
P 0x7f2a7c191628
P 0x7f2a7c19b1e8
C 209
R
P 0x7f2a7c191628
C 342
R
P 0x7f2a7c191628
P 0x7f2a7c488190
C 260
R
P 0x7f2a7c191628
C 342
R
P 0x7f2a7c191628
P 0x7f2a7c488190
C 259
R
P 0x7f2a7c191628
C 342
R
P 0x7f2a7c191628
P 0x7f2a7c488190
C 258
R
P 0x7f2a7c191628
C 342
R
P 0x7f2a7c191628
P 0x7f2a7c488190
C 9
R
P 0x7f2a7c191628
C 342
R
P 0x7f2a7c191628
P 0x7f2a7c487390
P 0x7f2a7c488190
P 0x7f2a7c19bb88
C 59
= 0x7f2a7c19fb08
R
P 0x7f2a7c191628
C 342
R
P 0x7f2a7c191628
P 0x7f2a7c19fb08
C 257
R
P 0x7f2a7c191628
C 342
R
P 0x7f2a7c191628
P 0x7f2a7c19fb08
C 254
= 0x7f2a7c19b1e8
R
P 0x7f2a7c191628
C 342
R
P 0x7f2a7c191628
P 0x7f2a7c19b1e8
C 209
R
P 0x7f2a7c191628
C 342
R
P 0x7f2a7c191628
P 0x7f2a7c19fb08
C 260
R
P 0x7f2a7c191628
C 342
R
P 0x7f2a7c191628
P 0x7f2a7c19fb08
C 259
R
P 0x7f2a7c191628
C 342
R
P 0x7f2a7c191628
P 0x7f2a7c19fb08
C 258
R
P 0x7f2a7c191628
C 342
R
P 0x7f2a7c191628
P 0x7f2a7c19fb08
C 9
R
P 0x7f2a7c191628
C 342
R
P 0x7f2a7c191628
P 0x7f2a7c4872e8
P 0x7f2a7c19fb08
C 76
= 0x7f2a7c48b4c8
R
P 0x7f2a7c191628
C 342
R
P 0x7f2a7c191628
P 0x7f2a7c48b4c8
C 258
R
P 0x7f2a7c191628
C 342
R
P 0x7f2a7c191628
P 0x7f2a7c48b4c8
C 9
R
P 0x7f2a7c191628
C 342
R
P 0x7f2a7c191628
U 2
P 0x7f2a7c48b490
P 0x7f2a7c48b4c8
p 2
C 63
= 0x7f2a7c48b500
R
P 0x7f2a7c191628
C 342
R
P 0x7f2a7c191628
P 0x7f2a7c48b500
C 258
R
P 0x7f2a7c191628
C 342
R
P 0x7f2a7c191628
P 0x7f2a7c48b500
C 9
R
P 0x7f2a7c191628
C 342
R
P 0x7f2a7c191628
I 3
P 0x7f2a7c19b208
C 150
= 0x7f2a7c19bfc8
R
P 0x7f2a7c191628
C 342
R
P 0x7f2a7c191628
P 0x7f2a7c19bfc8
C 258
R
P 0x7f2a7c191628
C 342
R
P 0x7f2a7c191628
P 0x7f2a7c19bfc8
C 9
R
P 0x7f2a7c191628
C 342
R
P 0x7f2a7c191628
P 0x7f2a7c19bfc8
C 263
R
P 0x7f2a7c191628
C 342
R
P 0x7f2a7c191628
S "dev0T33"
C 30
R
P 0x7f2a7c191628
C 342
R
P 0x7f2a7c191628
$ |dev0T33|
C 202
R
P 0x7f2a7c191628
C 342
R
P 0x7f2a7c191628
$ |dev0T33|
P 0x7f2a7c19b1e8
C 51
= 0x7f2a7c19c228
R
P 0x7f2a7c191628
C 342
R
P 0x7f2a7c191628
P 0x7f2a7c19c228
C 257
R
P 0x7f2a7c191628
C 342
R
P 0x7f2a7c191628
P 0x7f2a7c19c228
C 254
= 0x7f2a7c19b1e8
R
P 0x7f2a7c191628
C 342
R
P 0x7f2a7c191628
P 0x7f2a7c19b1e8
C 209
R
P 0x7f2a7c191628
C 342
R
P 0x7f2a7c191628
P 0x7f2a7c19c228
C 260
R
P 0x7f2a7c191628
C 342
R
P 0x7f2a7c191628
P 0x7f2a7c19c228
C 259
R
P 0x7f2a7c191628
C 342
R
P 0x7f2a7c191628
P 0x7f2a7c19c228
C 258
R
P 0x7f2a7c191628
C 342
R
P 0x7f2a7c191628
P 0x7f2a7c19c228
C 9
R
P 0x7f2a7c191628
C 342
R
P 0x7f2a7c191628
P 0x7f2a7c19bc68
C 333
R
P 0x7f2a7c191628
C 342
R
P 0x7f2a7c191628
S "slotflowPriorityStart"
C 30
R
P 0x7f2a7c191628
C 342
R
P 0x7f2a7c191628
$ |slotflowPriorityStart|
C 202
R
P 0x7f2a7c191628
C 342
R
P 0x7f2a7c191628
$ |slotflowPriorityStart|
P 0x7f2a7c19b1e8
C 51
= 0x7f2a7c19c2a8
R
P 0x7f2a7c191628
C 342
R
P 0x7f2a7c191628
P 0x7f2a7c19c2a8
C 257
R
P 0x7f2a7c191628
C 342
R
P 0x7f2a7c191628
P 0x7f2a7c19c2a8
C 254
= 0x7f2a7c19b1e8
R
P 0x7f2a7c191628
C 342
R
P 0x7f2a7c191628
P 0x7f2a7c19b1e8
C 209
R
P 0x7f2a7c191628
C 342
R
P 0x7f2a7c191628
P 0x7f2a7c19c2a8
C 260
R
P 0x7f2a7c191628
C 342
R
P 0x7f2a7c191628
P 0x7f2a7c19c2a8
C 259
R
P 0x7f2a7c191628
C 342
R
P 0x7f2a7c191628
P 0x7f2a7c19c2a8
C 258
R
P 0x7f2a7c191628
C 342
R
P 0x7f2a7c191628
P 0x7f2a7c19c2a8
C 9
R
P 0x7f2a7c191628
C 342
R
P 0x7f2a7c191628
I 4
P 0x7f2a7c19b208
C 150
= 0x7f2a7c19c028
R
P 0x7f2a7c191628
C 342
R
P 0x7f2a7c191628
P 0x7f2a7c19c028
C 258
R
P 0x7f2a7c191628
C 342
R
P 0x7f2a7c191628
P 0x7f2a7c19c028
C 9
R
P 0x7f2a7c191628
C 342
R
P 0x7f2a7c191628
I 1
P 0x7f2a7c19b208
C 150
= 0x7f2a7c19bc88
R
P 0x7f2a7c191628
C 342
R
P 0x7f2a7c191628
P 0x7f2a7c19bc88
C 258
R
P 0x7f2a7c191628
C 342
R
P 0x7f2a7c191628
P 0x7f2a7c19bc88
C 9
R
P 0x7f2a7c191628
C 342
R
P 0x7f2a7c191628
P 0x7f2a7c19c028
P 0x7f2a7c19bc88
C 75
= 0x7f2a7c487390
R
P 0x7f2a7c191628
C 342
R
P 0x7f2a7c191628
P 0x7f2a7c487390
C 258
R
P 0x7f2a7c191628
C 342
R
P 0x7f2a7c191628
P 0x7f2a7c487390
C 9
R
P 0x7f2a7c191628
C 342
R
P 0x7f2a7c191628
I 1
P 0x7f2a7c19b208
C 150
= 0x7f2a7c19bc88
R
P 0x7f2a7c191628
C 342
R
P 0x7f2a7c191628
P 0x7f2a7c19bc88
C 258
R
P 0x7f2a7c191628
C 342
R
P 0x7f2a7c191628
P 0x7f2a7c19bc88
C 9
R
P 0x7f2a7c191628
C 342
R
P 0x7f2a7c191628
U 2
P 0x7f2a7c19c028
P 0x7f2a7c19bc88
p 2
C 67
= 0x7f2a7c4873c8
R
P 0x7f2a7c191628
C 342
R
P 0x7f2a7c191628
P 0x7f2a7c4873c8
C 257
R
P 0x7f2a7c191628
C 342
R
P 0x7f2a7c191628
P 0x7f2a7c4873c8
C 254
= 0x7f2a7c19b208
R
P 0x7f2a7c191628
C 342
R
P 0x7f2a7c191628
P 0x7f2a7c19b208
C 209
R
P 0x7f2a7c191628
C 342
R
P 0x7f2a7c191628
P 0x7f2a7c4873c8
C 260
R
P 0x7f2a7c191628
C 342
R
P 0x7f2a7c191628
P 0x7f2a7c4873c8
C 259
R
P 0x7f2a7c191628
C 342
R
P 0x7f2a7c191628
P 0x7f2a7c4873c8
C 258
R
P 0x7f2a7c191628
C 342
R
P 0x7f2a7c191628
P 0x7f2a7c4873c8
C 9
R
P 0x7f2a7c191628
C 342
R
P 0x7f2a7c191628
U 2
P 0x7f2a7c19bbe8
P 0x7f2a7c4873c8
p 2
C 66
= 0x7f2a7c488158
R
P 0x7f2a7c191628
C 342
R
P 0x7f2a7c191628
P 0x7f2a7c488158
C 257
R
P 0x7f2a7c191628
C 342
R
P 0x7f2a7c191628
P 0x7f2a7c488158
C 254
= 0x7f2a7c19b208
R
P 0x7f2a7c191628
C 342
R
P 0x7f2a7c191628
P 0x7f2a7c19b208
C 209
R
P 0x7f2a7c191628
C 342
R
P 0x7f2a7c191628
P 0x7f2a7c488158
C 260
R
P 0x7f2a7c191628
C 342
R
P 0x7f2a7c191628
P 0x7f2a7c488158
C 259
R
P 0x7f2a7c191628
C 342
R
P 0x7f2a7c191628
P 0x7f2a7c488158
C 258
R
P 0x7f2a7c191628
C 342
R
P 0x7f2a7c191628
P 0x7f2a7c488158
C 9
R
P 0x7f2a7c191628
C 342
R
P 0x7f2a7c191628
U 2
P 0x7f2a7c19bb88
P 0x7f2a7c488158
p 2
C 65
= 0x7f2a7c488190
R
P 0x7f2a7c191628
C 342
R
P 0x7f2a7c191628
P 0x7f2a7c488190
C 257
R
P 0x7f2a7c191628
C 342
R
P 0x7f2a7c191628
P 0x7f2a7c488190
C 254
= 0x7f2a7c19b1e8
R
P 0x7f2a7c191628
C 342
R
P 0x7f2a7c191628
P 0x7f2a7c19b1e8
C 209
R
P 0x7f2a7c191628
C 342
R
P 0x7f2a7c191628
P 0x7f2a7c488190
C 260
R
P 0x7f2a7c191628
C 342
R
P 0x7f2a7c191628
P 0x7f2a7c488190
C 259
R
P 0x7f2a7c191628
C 342
R
P 0x7f2a7c191628
P 0x7f2a7c488190
C 258
R
P 0x7f2a7c191628
C 342
R
P 0x7f2a7c191628
P 0x7f2a7c488190
C 9
R
P 0x7f2a7c191628
C 342
R
P 0x7f2a7c191628
P 0x7f2a7c487390
P 0x7f2a7c488190
P 0x7f2a7c19bb88
C 59
= 0x7f2a7c19fb08
R
P 0x7f2a7c191628
C 342
R
P 0x7f2a7c191628
P 0x7f2a7c19fb08
C 257
R
P 0x7f2a7c191628
C 342
R
P 0x7f2a7c191628
P 0x7f2a7c19fb08
C 254
= 0x7f2a7c19b1e8
R
P 0x7f2a7c191628
C 342
R
P 0x7f2a7c191628
P 0x7f2a7c19b1e8
C 209
R
P 0x7f2a7c191628
C 342
R
P 0x7f2a7c191628
P 0x7f2a7c19fb08
C 260
R
P 0x7f2a7c191628
C 342
R
P 0x7f2a7c191628
P 0x7f2a7c19fb08
C 259
R
P 0x7f2a7c191628
C 342
R
P 0x7f2a7c191628
P 0x7f2a7c19fb08
C 258
R
P 0x7f2a7c191628
C 342
R
P 0x7f2a7c191628
P 0x7f2a7c19fb08
C 9
R
P 0x7f2a7c191628
C 342
R
P 0x7f2a7c191628
U 2
P 0x7f2a7c19c2a8
P 0x7f2a7c19fb08
p 2
C 65
= 0x7f2a7c488270
R
P 0x7f2a7c191628
C 342
R
P 0x7f2a7c191628
P 0x7f2a7c488270
C 257
R
P 0x7f2a7c191628
C 342
R
P 0x7f2a7c191628
P 0x7f2a7c488270
C 254
= 0x7f2a7c19b1e8
R
P 0x7f2a7c191628
C 342
R
P 0x7f2a7c191628
P 0x7f2a7c19b1e8
C 209
R
P 0x7f2a7c191628
C 342
R
P 0x7f2a7c191628
P 0x7f2a7c488270
C 260
R
P 0x7f2a7c191628
C 342
R
P 0x7f2a7c191628
P 0x7f2a7c488270
C 259
R
P 0x7f2a7c191628
C 342
R
P 0x7f2a7c191628
P 0x7f2a7c488270
C 258
R
P 0x7f2a7c191628
C 342
R
P 0x7f2a7c191628
P 0x7f2a7c488270
C 9
R
P 0x7f2a7c191628
C 342
R
P 0x7f2a7c191628
U 2
P 0x7f2a7c488270
P 0x7f2a7c19bb68
p 2
C 65
= 0x7f2a7c489db0
R
P 0x7f2a7c191628
C 342
R
P 0x7f2a7c191628
P 0x7f2a7c489db0
C 257
R
P 0x7f2a7c191628
C 342
R
P 0x7f2a7c191628
P 0x7f2a7c489db0
C 254
= 0x7f2a7c19b1e8
R
P 0x7f2a7c191628
C 342
R
P 0x7f2a7c191628
P 0x7f2a7c19b1e8
C 209
R
P 0x7f2a7c191628
C 342
R
P 0x7f2a7c191628
P 0x7f2a7c489db0
C 260
R
P 0x7f2a7c191628
C 342
R
P 0x7f2a7c191628
P 0x7f2a7c489db0
C 259
R
P 0x7f2a7c191628
C 342
R
P 0x7f2a7c191628
P 0x7f2a7c489db0
C 258
R
P 0x7f2a7c191628
C 342
R
P 0x7f2a7c191628
P 0x7f2a7c489db0
C 9
R
P 0x7f2a7c191628
C 342
R
P 0x7f2a7c191628
P 0x7f2a7c19c228
P 0x7f2a7c489db0
C 76
= 0x7f2a7c48b538
R
P 0x7f2a7c191628
C 342
R
P 0x7f2a7c191628
P 0x7f2a7c48b538
C 258
R
P 0x7f2a7c191628
C 342
R
P 0x7f2a7c191628
P 0x7f2a7c48b538
C 9
R
P 0x7f2a7c191628
C 342
R
P 0x7f2a7c191628
I 3
P 0x7f2a7c19b208
C 150
= 0x7f2a7c19bfc8
R
P 0x7f2a7c191628
C 342
R
P 0x7f2a7c191628
P 0x7f2a7c19bfc8
C 258
R
P 0x7f2a7c191628
C 342
R
P 0x7f2a7c191628
P 0x7f2a7c19bfc8
C 9
R
P 0x7f2a7c191628
C 342
R
P 0x7f2a7c191628
P 0x7f2a7c19bfc8
C 263
R
P 0x7f2a7c191628
C 342
R
P 0x7f2a7c191628
S "dev0T33"
C 30
R
P 0x7f2a7c191628
C 342
R
P 0x7f2a7c191628
$ |dev0T33|
C 202
R
P 0x7f2a7c191628
C 342
R
P 0x7f2a7c191628
$ |dev0T33|
P 0x7f2a7c19b1e8
C 51
= 0x7f2a7c19c228
R
P 0x7f2a7c191628
C 342
R
P 0x7f2a7c191628
P 0x7f2a7c19c228
C 257
R
P 0x7f2a7c191628
C 342
R
P 0x7f2a7c191628
P 0x7f2a7c19c228
C 254
= 0x7f2a7c19b1e8
R
P 0x7f2a7c191628
C 342
R
P 0x7f2a7c191628
P 0x7f2a7c19b1e8
C 209
R
P 0x7f2a7c191628
C 342
R
P 0x7f2a7c191628
P 0x7f2a7c19c228
C 260
R
P 0x7f2a7c191628
C 342
R
P 0x7f2a7c191628
P 0x7f2a7c19c228
C 259
R
P 0x7f2a7c191628
C 342
R
P 0x7f2a7c191628
P 0x7f2a7c19c228
C 258
R
P 0x7f2a7c191628
C 342
R
P 0x7f2a7c191628
P 0x7f2a7c19c228
C 9
R
P 0x7f2a7c191628
C 342
R
P 0x7f2a7c191628
P 0x7f2a7c19bc68
C 333
R
P 0x7f2a7c191628
C 342
R
P 0x7f2a7c191628
S "slotflowPriorityStart"
C 30
R
P 0x7f2a7c191628
C 342
R
P 0x7f2a7c191628
$ |slotflowPriorityStart|
C 202
R
P 0x7f2a7c191628
C 342
R
P 0x7f2a7c191628
$ |slotflowPriorityStart|
P 0x7f2a7c19b1e8
C 51
= 0x7f2a7c19c2a8
R
P 0x7f2a7c191628
C 342
R
P 0x7f2a7c191628
P 0x7f2a7c19c2a8
C 257
R
P 0x7f2a7c191628
C 342
R
P 0x7f2a7c191628
P 0x7f2a7c19c2a8
C 254
= 0x7f2a7c19b1e8
R
P 0x7f2a7c191628
C 342
R
P 0x7f2a7c191628
P 0x7f2a7c19b1e8
C 209
R
P 0x7f2a7c191628
C 342
R
P 0x7f2a7c191628
P 0x7f2a7c19c2a8
C 260
R
P 0x7f2a7c191628
C 342
R
P 0x7f2a7c191628
P 0x7f2a7c19c2a8
C 259
R
P 0x7f2a7c191628
C 342
R
P 0x7f2a7c191628
P 0x7f2a7c19c2a8
C 258
R
P 0x7f2a7c191628
C 342
R
P 0x7f2a7c191628
P 0x7f2a7c19c2a8
C 9
R
P 0x7f2a7c191628
C 342
R
P 0x7f2a7c191628
P 0x7f2a7c19bc68
C 333
R
P 0x7f2a7c191628
C 342
R
P 0x7f2a7c191628
S "slotflowPriorityDuration"
C 30
R
P 0x7f2a7c191628
C 342
R
P 0x7f2a7c191628
$ |slotflowPriorityDuration|
C 202
R
P 0x7f2a7c191628
C 342
R
P 0x7f2a7c191628
$ |slotflowPriorityDuration|
P 0x7f2a7c19b1e8
C 51
= 0x7f2a7c19c268
R
P 0x7f2a7c191628
C 342
R
P 0x7f2a7c191628
P 0x7f2a7c19c268
C 257
R
P 0x7f2a7c191628
C 342
R
P 0x7f2a7c191628
P 0x7f2a7c19c268
C 254
= 0x7f2a7c19b1e8
R
P 0x7f2a7c191628
C 342
R
P 0x7f2a7c191628
P 0x7f2a7c19b1e8
C 209
R
P 0x7f2a7c191628
C 342
R
P 0x7f2a7c191628
P 0x7f2a7c19c268
C 260
R
P 0x7f2a7c191628
C 342
R
P 0x7f2a7c191628
P 0x7f2a7c19c268
C 259
R
P 0x7f2a7c191628
C 342
R
P 0x7f2a7c191628
P 0x7f2a7c19c268
C 258
R
P 0x7f2a7c191628
C 342
R
P 0x7f2a7c191628
P 0x7f2a7c19c268
C 9
R
P 0x7f2a7c191628
C 342
R
P 0x7f2a7c191628
U 2
P 0x7f2a7c19c2a8
P 0x7f2a7c19c268
p 2
C 65
= 0x7f2a7c487908
R
P 0x7f2a7c191628
C 342
R
P 0x7f2a7c191628
P 0x7f2a7c487908
C 257
R
P 0x7f2a7c191628
C 342
R
P 0x7f2a7c191628
P 0x7f2a7c487908
C 254
= 0x7f2a7c19b1e8
R
P 0x7f2a7c191628
C 342
R
P 0x7f2a7c191628
P 0x7f2a7c19b1e8
C 209
R
P 0x7f2a7c191628
C 342
R
P 0x7f2a7c191628
P 0x7f2a7c487908
C 260
R
P 0x7f2a7c191628
C 342
R
P 0x7f2a7c191628
P 0x7f2a7c487908
C 259
R
P 0x7f2a7c191628
C 342
R
P 0x7f2a7c191628
P 0x7f2a7c487908
C 258
R
P 0x7f2a7c191628
C 342
R
P 0x7f2a7c191628
P 0x7f2a7c487908
C 9
R
P 0x7f2a7c191628
C 342
R
P 0x7f2a7c191628
I 4
P 0x7f2a7c19b208
C 150
= 0x7f2a7c19c028
R
P 0x7f2a7c191628
C 342
R
P 0x7f2a7c191628
P 0x7f2a7c19c028
C 258
R
P 0x7f2a7c191628
C 342
R
P 0x7f2a7c191628
P 0x7f2a7c19c028
C 9
R
P 0x7f2a7c191628
C 342
R
P 0x7f2a7c191628
I 1
P 0x7f2a7c19b208
C 150
= 0x7f2a7c19bc88
R
P 0x7f2a7c191628
C 342
R
P 0x7f2a7c191628
P 0x7f2a7c19bc88
C 258
R
P 0x7f2a7c191628
C 342
R
P 0x7f2a7c191628
P 0x7f2a7c19bc88
C 9
R
P 0x7f2a7c191628
C 342
R
P 0x7f2a7c191628
P 0x7f2a7c19c028
P 0x7f2a7c19bc88
C 75
= 0x7f2a7c487390
R
P 0x7f2a7c191628
C 342
R
P 0x7f2a7c191628
P 0x7f2a7c487390
C 258
R
P 0x7f2a7c191628
C 342
R
P 0x7f2a7c191628
P 0x7f2a7c487390
C 9
R
P 0x7f2a7c191628
C 342
R
P 0x7f2a7c191628
I 1
P 0x7f2a7c19b208
C 150
= 0x7f2a7c19bc88
R
P 0x7f2a7c191628
C 342
R
P 0x7f2a7c191628
P 0x7f2a7c19bc88
C 258
R
P 0x7f2a7c191628
C 342
R
P 0x7f2a7c191628
P 0x7f2a7c19bc88
C 9
R
P 0x7f2a7c191628
C 342
R
P 0x7f2a7c191628
U 2
P 0x7f2a7c19c028
P 0x7f2a7c19bc88
p 2
C 67
= 0x7f2a7c4873c8
R
P 0x7f2a7c191628
C 342
R
P 0x7f2a7c191628
P 0x7f2a7c4873c8
C 257
R
P 0x7f2a7c191628
C 342
R
P 0x7f2a7c191628
P 0x7f2a7c4873c8
C 254
= 0x7f2a7c19b208
R
P 0x7f2a7c191628
C 342
R
P 0x7f2a7c191628
P 0x7f2a7c19b208
C 209
R
P 0x7f2a7c191628
C 342
R
P 0x7f2a7c191628
P 0x7f2a7c4873c8
C 260
R
P 0x7f2a7c191628
C 342
R
P 0x7f2a7c191628
P 0x7f2a7c4873c8
C 259
R
P 0x7f2a7c191628
C 342
R
P 0x7f2a7c191628
P 0x7f2a7c4873c8
C 258
R
P 0x7f2a7c191628
C 342
R
P 0x7f2a7c191628
P 0x7f2a7c4873c8
C 9
R
P 0x7f2a7c191628
C 342
R
P 0x7f2a7c191628
U 2
P 0x7f2a7c19bbe8
P 0x7f2a7c4873c8
p 2
C 66
= 0x7f2a7c488158
R
P 0x7f2a7c191628
C 342
R
P 0x7f2a7c191628
P 0x7f2a7c488158
C 257
R
P 0x7f2a7c191628
C 342
R
P 0x7f2a7c191628
P 0x7f2a7c488158
C 254
= 0x7f2a7c19b208
R
P 0x7f2a7c191628
C 342
R
P 0x7f2a7c191628
P 0x7f2a7c19b208
C 209
R
P 0x7f2a7c191628
C 342
R
P 0x7f2a7c191628
P 0x7f2a7c488158
C 260
R
P 0x7f2a7c191628
C 342
R
P 0x7f2a7c191628
P 0x7f2a7c488158
C 259
R
P 0x7f2a7c191628
C 342
R
P 0x7f2a7c191628
P 0x7f2a7c488158
C 258
R
P 0x7f2a7c191628
C 342
R
P 0x7f2a7c191628
P 0x7f2a7c488158
C 9
R
P 0x7f2a7c191628
C 342
R
P 0x7f2a7c191628
U 2
P 0x7f2a7c19bb88
P 0x7f2a7c488158
p 2
C 65
= 0x7f2a7c488190
R
P 0x7f2a7c191628
C 342
R
P 0x7f2a7c191628
P 0x7f2a7c488190
C 257
R
P 0x7f2a7c191628
C 342
R
P 0x7f2a7c191628
P 0x7f2a7c488190
C 254
= 0x7f2a7c19b1e8
R
P 0x7f2a7c191628
C 342
R
P 0x7f2a7c191628
P 0x7f2a7c19b1e8
C 209
R
P 0x7f2a7c191628
C 342
R
P 0x7f2a7c191628
P 0x7f2a7c488190
C 260
R
P 0x7f2a7c191628
C 342
R
P 0x7f2a7c191628
P 0x7f2a7c488190
C 259
R
P 0x7f2a7c191628
C 342
R
P 0x7f2a7c191628
P 0x7f2a7c488190
C 258
R
P 0x7f2a7c191628
C 342
R
P 0x7f2a7c191628
P 0x7f2a7c488190
C 9
R
P 0x7f2a7c191628
C 342
R
P 0x7f2a7c191628
P 0x7f2a7c487390
P 0x7f2a7c488190
P 0x7f2a7c19bb88
C 59
= 0x7f2a7c19fb08
R
P 0x7f2a7c191628
C 342
R
P 0x7f2a7c191628
P 0x7f2a7c19fb08
C 257
R
P 0x7f2a7c191628
C 342
R
P 0x7f2a7c191628
P 0x7f2a7c19fb08
C 254
= 0x7f2a7c19b1e8
R
P 0x7f2a7c191628
C 342
R
P 0x7f2a7c191628
P 0x7f2a7c19b1e8
C 209
R
P 0x7f2a7c191628
C 342
R
P 0x7f2a7c191628
P 0x7f2a7c19fb08
C 260
R
P 0x7f2a7c191628
C 342
R
P 0x7f2a7c191628
P 0x7f2a7c19fb08
C 259
R
P 0x7f2a7c191628
C 342
R
P 0x7f2a7c191628
P 0x7f2a7c19fb08
C 258
R
P 0x7f2a7c191628
C 342
R
P 0x7f2a7c191628
P 0x7f2a7c19fb08
C 9
R
P 0x7f2a7c191628
C 342
R
P 0x7f2a7c191628
U 2
P 0x7f2a7c487908
P 0x7f2a7c19fb08
p 2
C 65
= 0x7f2a7c4881c8
R
P 0x7f2a7c191628
C 342
R
P 0x7f2a7c191628
P 0x7f2a7c4881c8
C 257
R
P 0x7f2a7c191628
C 342
R
P 0x7f2a7c191628
P 0x7f2a7c4881c8
C 254
= 0x7f2a7c19b1e8
R
P 0x7f2a7c191628
C 342
R
P 0x7f2a7c191628
P 0x7f2a7c19b1e8
C 209
R
P 0x7f2a7c191628
C 342
R
P 0x7f2a7c191628
P 0x7f2a7c4881c8
C 260
R
P 0x7f2a7c191628
C 342
R
P 0x7f2a7c191628
P 0x7f2a7c4881c8
C 259
R
P 0x7f2a7c191628
C 342
R
P 0x7f2a7c191628
P 0x7f2a7c4881c8
C 258
R
P 0x7f2a7c191628
C 342
R
P 0x7f2a7c191628
P 0x7f2a7c4881c8
C 9
R
P 0x7f2a7c191628
C 342
R
P 0x7f2a7c191628
P 0x7f2a7c19c228
P 0x7f2a7c4881c8
C 74
= 0x7f2a7c48b570
R
P 0x7f2a7c191628
C 342
R
P 0x7f2a7c191628
P 0x7f2a7c48b570
C 258
R
P 0x7f2a7c191628
C 342
R
P 0x7f2a7c191628
P 0x7f2a7c48b570
C 9
R
P 0x7f2a7c191628
C 342
R
P 0x7f2a7c191628
U 2
P 0x7f2a7c48b538
P 0x7f2a7c48b570
p 2
C 63
= 0x7f2a7c48b5a8
R
P 0x7f2a7c191628
C 342
R
P 0x7f2a7c191628
P 0x7f2a7c48b5a8
C 258
R
P 0x7f2a7c191628
C 342
R
P 0x7f2a7c191628
P 0x7f2a7c48b5a8
C 9
R
P 0x7f2a7c191628
C 342
R
P 0x7f2a7c191628
P 0x7f2a7c48b500
P 0x7f2a7c48b5a8
C 61
= 0x7f2a7c48b5e0
R
P 0x7f2a7c191628
C 342
R
P 0x7f2a7c191628
P 0x7f2a7c48b5e0
C 258
R
P 0x7f2a7c191628
C 342
R
P 0x7f2a7c191628
P 0x7f2a7c48b5e0
C 9
R
P 0x7f2a7c191628
C 342
R
P 0x7f2a7c191628
P 0x7f2a7c1e1fc8
P 0x7f2a7c48b5e0
C 427
R
P 0x7f2a7c191628
C 342
R
P 0x7f2a7c191628
I 4
P 0x7f2a7c19b208
C 150
= 0x7f2a7c19c028
R
P 0x7f2a7c191628
C 342
R
P 0x7f2a7c191628
P 0x7f2a7c19c028
C 258
R
P 0x7f2a7c191628
C 342
R
P 0x7f2a7c191628
P 0x7f2a7c19c028
C 9
R
P 0x7f2a7c191628
C 342
R
P 0x7f2a7c191628
I 1
P 0x7f2a7c19b208
C 150
= 0x7f2a7c19bc88
R
P 0x7f2a7c191628
C 342
R
P 0x7f2a7c191628
P 0x7f2a7c19bc88
C 258
R
P 0x7f2a7c191628
C 342
R
P 0x7f2a7c191628
P 0x7f2a7c19bc88
C 9
R
P 0x7f2a7c191628
C 342
R
P 0x7f2a7c191628
P 0x7f2a7c19c028
P 0x7f2a7c19bc88
C 75
= 0x7f2a7c487390
R
P 0x7f2a7c191628
C 342
R
P 0x7f2a7c191628
P 0x7f2a7c487390
C 258
R
P 0x7f2a7c191628
C 342
R
P 0x7f2a7c191628
P 0x7f2a7c487390
C 9
R
P 0x7f2a7c191628
C 342
R
P 0x7f2a7c191628
I 1
P 0x7f2a7c19b208
C 150
= 0x7f2a7c19bc88
R
P 0x7f2a7c191628
C 342
R
P 0x7f2a7c191628
P 0x7f2a7c19bc88
C 258
R
P 0x7f2a7c191628
C 342
R
P 0x7f2a7c191628
P 0x7f2a7c19bc88
C 9
R
P 0x7f2a7c191628
C 342
R
P 0x7f2a7c191628
U 2
P 0x7f2a7c19c028
P 0x7f2a7c19bc88
p 2
C 67
= 0x7f2a7c4873c8
R
P 0x7f2a7c191628
C 342
R
P 0x7f2a7c191628
P 0x7f2a7c4873c8
C 257
R
P 0x7f2a7c191628
C 342
R
P 0x7f2a7c191628
P 0x7f2a7c4873c8
C 254
= 0x7f2a7c19b208
R
P 0x7f2a7c191628
C 342
R
P 0x7f2a7c191628
P 0x7f2a7c19b208
C 209
R
P 0x7f2a7c191628
C 342
R
P 0x7f2a7c191628
P 0x7f2a7c4873c8
C 260
R
P 0x7f2a7c191628
C 342
R
P 0x7f2a7c191628
P 0x7f2a7c4873c8
C 259
R
P 0x7f2a7c191628
C 342
R
P 0x7f2a7c191628
P 0x7f2a7c4873c8
C 258
R
P 0x7f2a7c191628
C 342
R
P 0x7f2a7c191628
P 0x7f2a7c4873c8
C 9
R
P 0x7f2a7c191628
C 342
R
P 0x7f2a7c191628
U 2
P 0x7f2a7c19bba8
P 0x7f2a7c4873c8
p 2
C 66
= 0x7f2a7c487400
R
P 0x7f2a7c191628
C 342
R
P 0x7f2a7c191628
P 0x7f2a7c487400
C 257
R
P 0x7f2a7c191628
C 342
R
P 0x7f2a7c191628
P 0x7f2a7c487400
C 254
= 0x7f2a7c19b1e8
R
P 0x7f2a7c191628
C 342
R
P 0x7f2a7c191628
P 0x7f2a7c19b1e8
C 209
R
P 0x7f2a7c191628
C 342
R
P 0x7f2a7c191628
P 0x7f2a7c487400
C 260
R
P 0x7f2a7c191628
C 342
R
P 0x7f2a7c191628
P 0x7f2a7c487400
C 259
R
P 0x7f2a7c191628
C 342
R
P 0x7f2a7c191628
P 0x7f2a7c487400
C 258
R
P 0x7f2a7c191628
C 342
R
P 0x7f2a7c191628
P 0x7f2a7c487400
C 9
R
P 0x7f2a7c191628
C 342
R
P 0x7f2a7c191628
U 2
P 0x7f2a7c19bc28
P 0x7f2a7c487400
p 2
C 65
= 0x7f2a7c487438
R
P 0x7f2a7c191628
C 342
R
P 0x7f2a7c191628
P 0x7f2a7c487438
C 257
R
P 0x7f2a7c191628
C 342
R
P 0x7f2a7c191628
P 0x7f2a7c487438
C 254
= 0x7f2a7c19b1e8
R
P 0x7f2a7c191628
C 342
R
P 0x7f2a7c191628
P 0x7f2a7c19b1e8
C 209
R
P 0x7f2a7c191628
C 342
R
P 0x7f2a7c191628
P 0x7f2a7c487438
C 260
R
P 0x7f2a7c191628
C 342
R
P 0x7f2a7c191628
P 0x7f2a7c487438
C 259
R
P 0x7f2a7c191628
C 342
R
P 0x7f2a7c191628
P 0x7f2a7c487438
C 258
R
P 0x7f2a7c191628
C 342
R
P 0x7f2a7c191628
P 0x7f2a7c487438
C 9
R
P 0x7f2a7c191628
C 342
R
P 0x7f2a7c191628
P 0x7f2a7c487390
P 0x7f2a7c487438
P 0x7f2a7c19bc28
C 59
= 0x7f2a7c19f9c8
R
P 0x7f2a7c191628
C 342
R
P 0x7f2a7c191628
P 0x7f2a7c19f9c8
C 257
R
P 0x7f2a7c191628
C 342
R
P 0x7f2a7c191628
P 0x7f2a7c19f9c8
C 254
= 0x7f2a7c19b1e8
R
P 0x7f2a7c191628
C 342
R
P 0x7f2a7c191628
P 0x7f2a7c19b1e8
C 209
R
P 0x7f2a7c191628
C 342
R
P 0x7f2a7c191628
P 0x7f2a7c19f9c8
C 260
R
P 0x7f2a7c191628
C 342
R
P 0x7f2a7c191628
P 0x7f2a7c19f9c8
C 259
R
P 0x7f2a7c191628
C 342
R
P 0x7f2a7c191628
P 0x7f2a7c19f9c8
C 258
R
P 0x7f2a7c191628
C 342
R
P 0x7f2a7c191628
P 0x7f2a7c19f9c8
C 9
R
P 0x7f2a7c191628
C 342
R
P 0x7f2a7c191628
U 2
P 0x7f2a7c19f9c8
P 0x7f2a7c19bb48
p 2
C 65
= 0x7f2a7c487470
R
P 0x7f2a7c191628
C 342
R
P 0x7f2a7c191628
P 0x7f2a7c487470
C 257
R
P 0x7f2a7c191628
C 342
R
P 0x7f2a7c191628
P 0x7f2a7c487470
C 254
= 0x7f2a7c19b1e8
R
P 0x7f2a7c191628
C 342
R
P 0x7f2a7c191628
P 0x7f2a7c19b1e8
C 209
R
P 0x7f2a7c191628
C 342
R
P 0x7f2a7c191628
P 0x7f2a7c487470
C 260
R
P 0x7f2a7c191628
C 342
R
P 0x7f2a7c191628
P 0x7f2a7c487470
C 259
R
P 0x7f2a7c191628
C 342
R
P 0x7f2a7c191628
P 0x7f2a7c487470
C 258
R
P 0x7f2a7c191628
C 342
R
P 0x7f2a7c191628
P 0x7f2a7c487470
C 9
R
P 0x7f2a7c191628
C 342
R
P 0x7f2a7c191628
P 0x7f2a7c19bc68
C 333
R
P 0x7f2a7c191628
C 342
R
P 0x7f2a7c191628
S "slotflowPriorityStart"
C 30
R
P 0x7f2a7c191628
C 342
R
P 0x7f2a7c191628
$ |slotflowPriorityStart|
C 202
R
P 0x7f2a7c191628
C 342
R
P 0x7f2a7c191628
$ |slotflowPriorityStart|
P 0x7f2a7c19b1e8
C 51
= 0x7f2a7c19c2a8
R
P 0x7f2a7c191628
C 342
R
P 0x7f2a7c191628
P 0x7f2a7c19c2a8
C 257
R
P 0x7f2a7c191628
C 342
R
P 0x7f2a7c191628
P 0x7f2a7c19c2a8
C 254
= 0x7f2a7c19b1e8
R
P 0x7f2a7c191628
C 342
R
P 0x7f2a7c191628
P 0x7f2a7c19b1e8
C 209
R
P 0x7f2a7c191628
C 342
R
P 0x7f2a7c191628
P 0x7f2a7c19c2a8
C 260
R
P 0x7f2a7c191628
C 342
R
P 0x7f2a7c191628
P 0x7f2a7c19c2a8
C 259
R
P 0x7f2a7c191628
C 342
R
P 0x7f2a7c191628
P 0x7f2a7c19c2a8
C 258
R
P 0x7f2a7c191628
C 342
R
P 0x7f2a7c191628
P 0x7f2a7c19c2a8
C 9
R
P 0x7f2a7c191628
C 342
R
P 0x7f2a7c191628
I 0
P 0x7f2a7c19b208
C 150
= 0x7f2a7c19bd08
R
P 0x7f2a7c191628
C 342
R
P 0x7f2a7c191628
P 0x7f2a7c19bd08
C 258
R
P 0x7f2a7c191628
C 342
R
P 0x7f2a7c191628
P 0x7f2a7c19bd08
C 9
R
P 0x7f2a7c191628
C 342
R
P 0x7f2a7c191628
I 1
P 0x7f2a7c19b208
C 150
= 0x7f2a7c19bc88
R
P 0x7f2a7c191628
C 342
R
P 0x7f2a7c191628
P 0x7f2a7c19bc88
C 258
R
P 0x7f2a7c191628
C 342
R
P 0x7f2a7c191628
P 0x7f2a7c19bc88
C 9
R
P 0x7f2a7c191628
C 342
R
P 0x7f2a7c191628
P 0x7f2a7c19bd08
P 0x7f2a7c19bc88
C 75
= 0x7f2a7c486fa0
R
P 0x7f2a7c191628
C 342
R
P 0x7f2a7c191628
P 0x7f2a7c486fa0
C 258
R
P 0x7f2a7c191628
C 342
R
P 0x7f2a7c191628
P 0x7f2a7c486fa0
C 9
R
P 0x7f2a7c191628
C 342
R
P 0x7f2a7c191628
I 1
P 0x7f2a7c19b208
C 150
= 0x7f2a7c19bc88
R
P 0x7f2a7c191628
C 342
R
P 0x7f2a7c191628
P 0x7f2a7c19bc88
C 258
R
P 0x7f2a7c191628
C 342
R
P 0x7f2a7c191628
P 0x7f2a7c19bc88
C 9
R
P 0x7f2a7c191628
C 342
R
P 0x7f2a7c191628
U 2
P 0x7f2a7c19bd08
P 0x7f2a7c19bc88
p 2
C 67
= 0x7f2a7c486fd8
R
P 0x7f2a7c191628
C 342
R
P 0x7f2a7c191628
P 0x7f2a7c486fd8
C 257
R
P 0x7f2a7c191628
C 342
R
P 0x7f2a7c191628
P 0x7f2a7c486fd8
C 254
= 0x7f2a7c19b208
R
P 0x7f2a7c191628
C 342
R
P 0x7f2a7c191628
P 0x7f2a7c19b208
C 209
R
P 0x7f2a7c191628
C 342
R
P 0x7f2a7c191628
P 0x7f2a7c486fd8
C 260
R
P 0x7f2a7c191628
C 342
R
P 0x7f2a7c191628
P 0x7f2a7c486fd8
C 259
R
P 0x7f2a7c191628
C 342
R
P 0x7f2a7c191628
P 0x7f2a7c486fd8
C 258
R
P 0x7f2a7c191628
C 342
R
P 0x7f2a7c191628
P 0x7f2a7c486fd8
C 9
R
P 0x7f2a7c191628
C 342
R
P 0x7f2a7c191628
U 2
P 0x7f2a7c19bbe8
P 0x7f2a7c486fd8
p 2
C 66
= 0x7f2a7c487940
R
P 0x7f2a7c191628
C 342
R
P 0x7f2a7c191628
P 0x7f2a7c487940
C 257
R
P 0x7f2a7c191628
C 342
R
P 0x7f2a7c191628
P 0x7f2a7c487940
C 254
= 0x7f2a7c19b208
R
P 0x7f2a7c191628
C 342
R
P 0x7f2a7c191628
P 0x7f2a7c19b208
C 209
R
P 0x7f2a7c191628
C 342
R
P 0x7f2a7c191628
P 0x7f2a7c487940
C 260
R
P 0x7f2a7c191628
C 342
R
P 0x7f2a7c191628
P 0x7f2a7c487940
C 259
R
P 0x7f2a7c191628
C 342
R
P 0x7f2a7c191628
P 0x7f2a7c487940
C 258
R
P 0x7f2a7c191628
C 342
R
P 0x7f2a7c191628
P 0x7f2a7c487940
C 9
R
P 0x7f2a7c191628
C 342
R
P 0x7f2a7c191628
U 2
P 0x7f2a7c19bb88
P 0x7f2a7c487940
p 2
C 65
= 0x7f2a7c487978
R
P 0x7f2a7c191628
C 342
R
P 0x7f2a7c191628
P 0x7f2a7c487978
C 257
R
P 0x7f2a7c191628
C 342
R
P 0x7f2a7c191628
P 0x7f2a7c487978
C 254
= 0x7f2a7c19b1e8
R
P 0x7f2a7c191628
C 342
R
P 0x7f2a7c191628
P 0x7f2a7c19b1e8
C 209
R
P 0x7f2a7c191628
C 342
R
P 0x7f2a7c191628
P 0x7f2a7c487978
C 260
R
P 0x7f2a7c191628
C 342
R
P 0x7f2a7c191628
P 0x7f2a7c487978
C 259
R
P 0x7f2a7c191628
C 342
R
P 0x7f2a7c191628
P 0x7f2a7c487978
C 258
R
P 0x7f2a7c191628
C 342
R
P 0x7f2a7c191628
P 0x7f2a7c487978
C 9
R
P 0x7f2a7c191628
C 342
R
P 0x7f2a7c191628
P 0x7f2a7c486fa0
P 0x7f2a7c487978
P 0x7f2a7c19bb88
C 59
= 0x7f2a7c19fa08
R
P 0x7f2a7c191628
C 342
R
P 0x7f2a7c191628
P 0x7f2a7c19fa08
C 257
R
P 0x7f2a7c191628
C 342
R
P 0x7f2a7c191628
P 0x7f2a7c19fa08
C 254
= 0x7f2a7c19b1e8
R
P 0x7f2a7c191628
C 342
R
P 0x7f2a7c191628
P 0x7f2a7c19b1e8
C 209
R
P 0x7f2a7c191628
C 342
R
P 0x7f2a7c191628
P 0x7f2a7c19fa08
C 260
R
P 0x7f2a7c191628
C 342
R
P 0x7f2a7c191628
P 0x7f2a7c19fa08
C 259
R
P 0x7f2a7c191628
C 342
R
P 0x7f2a7c191628
P 0x7f2a7c19fa08
C 258
R
P 0x7f2a7c191628
C 342
R
P 0x7f2a7c191628
P 0x7f2a7c19fa08
C 9
R
P 0x7f2a7c191628
C 342
R
P 0x7f2a7c191628
U 2
P 0x7f2a7c19c2a8
P 0x7f2a7c19fa08
p 2
C 65
= 0x7f2a7c487a58
R
P 0x7f2a7c191628
C 342
R
P 0x7f2a7c191628
P 0x7f2a7c487a58
C 257
R
P 0x7f2a7c191628
C 342
R
P 0x7f2a7c191628
P 0x7f2a7c487a58
C 254
= 0x7f2a7c19b1e8
R
P 0x7f2a7c191628
C 342
R
P 0x7f2a7c191628
P 0x7f2a7c19b1e8
C 209
R
P 0x7f2a7c191628
C 342
R
P 0x7f2a7c191628
P 0x7f2a7c487a58
C 260
R
P 0x7f2a7c191628
C 342
R
P 0x7f2a7c191628
P 0x7f2a7c487a58
C 259
R
P 0x7f2a7c191628
C 342
R
P 0x7f2a7c191628
P 0x7f2a7c487a58
C 258
R
P 0x7f2a7c191628
C 342
R
P 0x7f2a7c191628
P 0x7f2a7c487a58
C 9
R
P 0x7f2a7c191628
C 342
R
P 0x7f2a7c191628
P 0x7f2a7c487470
P 0x7f2a7c487a58
C 73
= 0x7f2a7c48b618
R
P 0x7f2a7c191628
C 342
R
P 0x7f2a7c191628
P 0x7f2a7c48b618
C 258
R
P 0x7f2a7c191628
C 342
R
P 0x7f2a7c191628
P 0x7f2a7c48b618
C 9
R
P 0x7f2a7c191628
C 342
R
P 0x7f2a7c191628
I 4
P 0x7f2a7c19b208
C 150
= 0x7f2a7c19c028
R
P 0x7f2a7c191628
C 342
R
P 0x7f2a7c191628
P 0x7f2a7c19c028
C 258
R
P 0x7f2a7c191628
C 342
R
P 0x7f2a7c191628
P 0x7f2a7c19c028
C 9
R
P 0x7f2a7c191628
C 342
R
P 0x7f2a7c191628
I 1
P 0x7f2a7c19b208
C 150
= 0x7f2a7c19bc88
R
P 0x7f2a7c191628
C 342
R
P 0x7f2a7c191628
P 0x7f2a7c19bc88
C 258
R
P 0x7f2a7c191628
C 342
R
P 0x7f2a7c191628
P 0x7f2a7c19bc88
C 9
R
P 0x7f2a7c191628
C 342
R
P 0x7f2a7c191628
P 0x7f2a7c19c028
P 0x7f2a7c19bc88
C 75
= 0x7f2a7c487390
R
P 0x7f2a7c191628
C 342
R
P 0x7f2a7c191628
P 0x7f2a7c487390
C 258
R
P 0x7f2a7c191628
C 342
R
P 0x7f2a7c191628
P 0x7f2a7c487390
C 9
R
P 0x7f2a7c191628
C 342
R
P 0x7f2a7c191628
I 1
P 0x7f2a7c19b208
C 150
= 0x7f2a7c19bc88
R
P 0x7f2a7c191628
C 342
R
P 0x7f2a7c191628
P 0x7f2a7c19bc88
C 258
R
P 0x7f2a7c191628
C 342
R
P 0x7f2a7c191628
P 0x7f2a7c19bc88
C 9
R
P 0x7f2a7c191628
C 342
R
P 0x7f2a7c191628
U 2
P 0x7f2a7c19c028
P 0x7f2a7c19bc88
p 2
C 67
= 0x7f2a7c4873c8
R
P 0x7f2a7c191628
C 342
R
P 0x7f2a7c191628
P 0x7f2a7c4873c8
C 257
R
P 0x7f2a7c191628
C 342
R
P 0x7f2a7c191628
P 0x7f2a7c4873c8
C 254
= 0x7f2a7c19b208
R
P 0x7f2a7c191628
C 342
R
P 0x7f2a7c191628
P 0x7f2a7c19b208
C 209
R
P 0x7f2a7c191628
C 342
R
P 0x7f2a7c191628
P 0x7f2a7c4873c8
C 260
R
P 0x7f2a7c191628
C 342
R
P 0x7f2a7c191628
P 0x7f2a7c4873c8
C 259
R
P 0x7f2a7c191628
C 342
R
P 0x7f2a7c191628
P 0x7f2a7c4873c8
C 258
R
P 0x7f2a7c191628
C 342
R
P 0x7f2a7c191628
P 0x7f2a7c4873c8
C 9
R
P 0x7f2a7c191628
C 342
R
P 0x7f2a7c191628
U 2
P 0x7f2a7c19bba8
P 0x7f2a7c4873c8
p 2
C 66
= 0x7f2a7c487400
R
P 0x7f2a7c191628
C 342
R
P 0x7f2a7c191628
P 0x7f2a7c487400
C 257
R
P 0x7f2a7c191628
C 342
R
P 0x7f2a7c191628
P 0x7f2a7c487400
C 254
= 0x7f2a7c19b1e8
R
P 0x7f2a7c191628
C 342
R
P 0x7f2a7c191628
P 0x7f2a7c19b1e8
C 209
R
P 0x7f2a7c191628
C 342
R
P 0x7f2a7c191628
P 0x7f2a7c487400
C 260
R
P 0x7f2a7c191628
C 342
R
P 0x7f2a7c191628
P 0x7f2a7c487400
C 259
R
P 0x7f2a7c191628
C 342
R
P 0x7f2a7c191628
P 0x7f2a7c487400
C 258
R
P 0x7f2a7c191628
C 342
R
P 0x7f2a7c191628
P 0x7f2a7c487400
C 9
R
P 0x7f2a7c191628
C 342
R
P 0x7f2a7c191628
U 2
P 0x7f2a7c19bc28
P 0x7f2a7c487400
p 2
C 65
= 0x7f2a7c487438
R
P 0x7f2a7c191628
C 342
R
P 0x7f2a7c191628
P 0x7f2a7c487438
C 257
R
P 0x7f2a7c191628
C 342
R
P 0x7f2a7c191628
P 0x7f2a7c487438
C 254
= 0x7f2a7c19b1e8
R
P 0x7f2a7c191628
C 342
R
P 0x7f2a7c191628
P 0x7f2a7c19b1e8
C 209
R
P 0x7f2a7c191628
C 342
R
P 0x7f2a7c191628
P 0x7f2a7c487438
C 260
R
P 0x7f2a7c191628
C 342
R
P 0x7f2a7c191628
P 0x7f2a7c487438
C 259
R
P 0x7f2a7c191628
C 342
R
P 0x7f2a7c191628
P 0x7f2a7c487438
C 258
R
P 0x7f2a7c191628
C 342
R
P 0x7f2a7c191628
P 0x7f2a7c487438
C 9
R
P 0x7f2a7c191628
C 342
R
P 0x7f2a7c191628
P 0x7f2a7c487390
P 0x7f2a7c487438
P 0x7f2a7c19bc28
C 59
= 0x7f2a7c19f9c8
R
P 0x7f2a7c191628
C 342
R
P 0x7f2a7c191628
P 0x7f2a7c19f9c8
C 257
R
P 0x7f2a7c191628
C 342
R
P 0x7f2a7c191628
P 0x7f2a7c19f9c8
C 254
= 0x7f2a7c19b1e8
R
P 0x7f2a7c191628
C 342
R
P 0x7f2a7c191628
P 0x7f2a7c19b1e8
C 209
R
P 0x7f2a7c191628
C 342
R
P 0x7f2a7c191628
P 0x7f2a7c19f9c8
C 260
R
P 0x7f2a7c191628
C 342
R
P 0x7f2a7c191628
P 0x7f2a7c19f9c8
C 259
R
P 0x7f2a7c191628
C 342
R
P 0x7f2a7c191628
P 0x7f2a7c19f9c8
C 258
R
P 0x7f2a7c191628
C 342
R
P 0x7f2a7c191628
P 0x7f2a7c19f9c8
C 9
R
P 0x7f2a7c191628
C 342
R
P 0x7f2a7c191628
U 2
P 0x7f2a7c19f9c8
P 0x7f2a7c19bb48
p 2
C 65
= 0x7f2a7c487470
R
P 0x7f2a7c191628
C 342
R
P 0x7f2a7c191628
P 0x7f2a7c487470
C 257
R
P 0x7f2a7c191628
C 342
R
P 0x7f2a7c191628
P 0x7f2a7c487470
C 254
= 0x7f2a7c19b1e8
R
P 0x7f2a7c191628
C 342
R
P 0x7f2a7c191628
P 0x7f2a7c19b1e8
C 209
R
P 0x7f2a7c191628
C 342
R
P 0x7f2a7c191628
P 0x7f2a7c487470
C 260
R
P 0x7f2a7c191628
C 342
R
P 0x7f2a7c191628
P 0x7f2a7c487470
C 259
R
P 0x7f2a7c191628
C 342
R
P 0x7f2a7c191628
P 0x7f2a7c487470
C 258
R
P 0x7f2a7c191628
C 342
R
P 0x7f2a7c191628
P 0x7f2a7c487470
C 9
R
P 0x7f2a7c191628
C 342
R
P 0x7f2a7c191628
I 0
P 0x7f2a7c19b208
C 150
= 0x7f2a7c19bd08
R
P 0x7f2a7c191628
C 342
R
P 0x7f2a7c191628
P 0x7f2a7c19bd08
C 258
R
P 0x7f2a7c191628
C 342
R
P 0x7f2a7c191628
P 0x7f2a7c19bd08
C 9
R
P 0x7f2a7c191628
C 342
R
P 0x7f2a7c191628
I 1
P 0x7f2a7c19b208
C 150
= 0x7f2a7c19bc88
R
P 0x7f2a7c191628
C 342
R
P 0x7f2a7c191628
P 0x7f2a7c19bc88
C 258
R
P 0x7f2a7c191628
C 342
R
P 0x7f2a7c191628
P 0x7f2a7c19bc88
C 9
R
P 0x7f2a7c191628
C 342
R
P 0x7f2a7c191628
P 0x7f2a7c19bd08
P 0x7f2a7c19bc88
C 75
= 0x7f2a7c486fa0
R
P 0x7f2a7c191628
C 342
R
P 0x7f2a7c191628
P 0x7f2a7c486fa0
C 258
R
P 0x7f2a7c191628
C 342
R
P 0x7f2a7c191628
P 0x7f2a7c486fa0
C 9
R
P 0x7f2a7c191628
C 342
R
P 0x7f2a7c191628
I 1
P 0x7f2a7c19b208
C 150
= 0x7f2a7c19bc88
R
P 0x7f2a7c191628
C 342
R
P 0x7f2a7c191628
P 0x7f2a7c19bc88
C 258
R
P 0x7f2a7c191628
C 342
R
P 0x7f2a7c191628
P 0x7f2a7c19bc88
C 9
R
P 0x7f2a7c191628
C 342
R
P 0x7f2a7c191628
U 2
P 0x7f2a7c19bd08
P 0x7f2a7c19bc88
p 2
C 67
= 0x7f2a7c486fd8
R
P 0x7f2a7c191628
C 342
R
P 0x7f2a7c191628
P 0x7f2a7c486fd8
C 257
R
P 0x7f2a7c191628
C 342
R
P 0x7f2a7c191628
P 0x7f2a7c486fd8
C 254
= 0x7f2a7c19b208
R
P 0x7f2a7c191628
C 342
R
P 0x7f2a7c191628
P 0x7f2a7c19b208
C 209
R
P 0x7f2a7c191628
C 342
R
P 0x7f2a7c191628
P 0x7f2a7c486fd8
C 260
R
P 0x7f2a7c191628
C 342
R
P 0x7f2a7c191628
P 0x7f2a7c486fd8
C 259
R
P 0x7f2a7c191628
C 342
R
P 0x7f2a7c191628
P 0x7f2a7c486fd8
C 258
R
P 0x7f2a7c191628
C 342
R
P 0x7f2a7c191628
P 0x7f2a7c486fd8
C 9
R
P 0x7f2a7c191628
C 342
R
P 0x7f2a7c191628
U 2
P 0x7f2a7c19bbe8
P 0x7f2a7c486fd8
p 2
C 66
= 0x7f2a7c487940
R
P 0x7f2a7c191628
C 342
R
P 0x7f2a7c191628
P 0x7f2a7c487940
C 257
R
P 0x7f2a7c191628
C 342
R
P 0x7f2a7c191628
P 0x7f2a7c487940
C 254
= 0x7f2a7c19b208
R
P 0x7f2a7c191628
C 342
R
P 0x7f2a7c191628
P 0x7f2a7c19b208
C 209
R
P 0x7f2a7c191628
C 342
R
P 0x7f2a7c191628
P 0x7f2a7c487940
C 260
R
P 0x7f2a7c191628
C 342
R
P 0x7f2a7c191628
P 0x7f2a7c487940
C 259
R
P 0x7f2a7c191628
C 342
R
P 0x7f2a7c191628
P 0x7f2a7c487940
C 258
R
P 0x7f2a7c191628
C 342
R
P 0x7f2a7c191628
P 0x7f2a7c487940
C 9
R
P 0x7f2a7c191628
C 342
R
P 0x7f2a7c191628
U 2
P 0x7f2a7c19bb88
P 0x7f2a7c487940
p 2
C 65
= 0x7f2a7c487978
R
P 0x7f2a7c191628
C 342
R
P 0x7f2a7c191628
P 0x7f2a7c487978
C 257
R
P 0x7f2a7c191628
C 342
R
P 0x7f2a7c191628
P 0x7f2a7c487978
C 254
= 0x7f2a7c19b1e8
R
P 0x7f2a7c191628
C 342
R
P 0x7f2a7c191628
P 0x7f2a7c19b1e8
C 209
R
P 0x7f2a7c191628
C 342
R
P 0x7f2a7c191628
P 0x7f2a7c487978
C 260
R
P 0x7f2a7c191628
C 342
R
P 0x7f2a7c191628
P 0x7f2a7c487978
C 259
R
P 0x7f2a7c191628
C 342
R
P 0x7f2a7c191628
P 0x7f2a7c487978
C 258
R
P 0x7f2a7c191628
C 342
R
P 0x7f2a7c191628
P 0x7f2a7c487978
C 9
R
P 0x7f2a7c191628
C 342
R
P 0x7f2a7c191628
P 0x7f2a7c486fa0
P 0x7f2a7c487978
P 0x7f2a7c19bb88
C 59
= 0x7f2a7c19fa08
R
P 0x7f2a7c191628
C 342
R
P 0x7f2a7c191628
P 0x7f2a7c19fa08
C 257
R
P 0x7f2a7c191628
C 342
R
P 0x7f2a7c191628
P 0x7f2a7c19fa08
C 254
= 0x7f2a7c19b1e8
R
P 0x7f2a7c191628
C 342
R
P 0x7f2a7c191628
P 0x7f2a7c19b1e8
C 209
R
P 0x7f2a7c191628
C 342
R
P 0x7f2a7c191628
P 0x7f2a7c19fa08
C 260
R
P 0x7f2a7c191628
C 342
R
P 0x7f2a7c191628
P 0x7f2a7c19fa08
C 259
R
P 0x7f2a7c191628
C 342
R
P 0x7f2a7c191628
P 0x7f2a7c19fa08
C 258
R
P 0x7f2a7c191628
C 342
R
P 0x7f2a7c191628
P 0x7f2a7c19fa08
C 9
R
P 0x7f2a7c191628
C 342
R
P 0x7f2a7c191628
P 0x7f2a7c487470
P 0x7f2a7c19fa08
C 76
= 0x7f2a7c48b650
R
P 0x7f2a7c191628
C 342
R
P 0x7f2a7c191628
P 0x7f2a7c48b650
C 258
R
P 0x7f2a7c191628
C 342
R
P 0x7f2a7c191628
P 0x7f2a7c48b650
C 9
R
P 0x7f2a7c191628
C 342
R
P 0x7f2a7c191628
U 2
P 0x7f2a7c48b618
P 0x7f2a7c48b650
p 2
C 63
= 0x7f2a7c48b688
R
P 0x7f2a7c191628
C 342
R
P 0x7f2a7c191628
P 0x7f2a7c48b688
C 258
R
P 0x7f2a7c191628
C 342
R
P 0x7f2a7c191628
P 0x7f2a7c48b688
C 9
R
P 0x7f2a7c191628
C 342
R
P 0x7f2a7c191628
I 4
P 0x7f2a7c19b208
C 150
= 0x7f2a7c19c028
R
P 0x7f2a7c191628
C 342
R
P 0x7f2a7c191628
P 0x7f2a7c19c028
C 258
R
P 0x7f2a7c191628
C 342
R
P 0x7f2a7c191628
P 0x7f2a7c19c028
C 9
R
P 0x7f2a7c191628
C 342
R
P 0x7f2a7c191628
P 0x7f2a7c19c028
C 263
R
P 0x7f2a7c191628
C 342
R
P 0x7f2a7c191628
S "dev0T34"
C 30
R
P 0x7f2a7c191628
C 342
R
P 0x7f2a7c191628
$ |dev0T34|
C 202
R
P 0x7f2a7c191628
C 342
R
P 0x7f2a7c191628
$ |dev0T34|
P 0x7f2a7c19b1e8
C 51
= 0x7f2a7c19c248
R
P 0x7f2a7c191628
C 342
R
P 0x7f2a7c191628
P 0x7f2a7c19c248
C 257
R
P 0x7f2a7c191628
C 342
R
P 0x7f2a7c191628
P 0x7f2a7c19c248
C 254
= 0x7f2a7c19b1e8
R
P 0x7f2a7c191628
C 342
R
P 0x7f2a7c191628
P 0x7f2a7c19b1e8
C 209
R
P 0x7f2a7c191628
C 342
R
P 0x7f2a7c191628
P 0x7f2a7c19c248
C 260
R
P 0x7f2a7c191628
C 342
R
P 0x7f2a7c191628
P 0x7f2a7c19c248
C 259
R
P 0x7f2a7c191628
C 342
R
P 0x7f2a7c191628
P 0x7f2a7c19c248
C 258
R
P 0x7f2a7c191628
C 342
R
P 0x7f2a7c191628
P 0x7f2a7c19c248
C 9
R
P 0x7f2a7c191628
C 342
R
P 0x7f2a7c191628
P 0x7f2a7c19bc68
C 333
R
P 0x7f2a7c191628
C 342
R
P 0x7f2a7c191628
S "slotflowPriorityStart"
C 30
R
P 0x7f2a7c191628
C 342
R
P 0x7f2a7c191628
$ |slotflowPriorityStart|
C 202
R
P 0x7f2a7c191628
C 342
R
P 0x7f2a7c191628
$ |slotflowPriorityStart|
P 0x7f2a7c19b1e8
C 51
= 0x7f2a7c19c2a8
R
P 0x7f2a7c191628
C 342
R
P 0x7f2a7c191628
P 0x7f2a7c19c2a8
C 257
R
P 0x7f2a7c191628
C 342
R
P 0x7f2a7c191628
P 0x7f2a7c19c2a8
C 254
= 0x7f2a7c19b1e8
R
P 0x7f2a7c191628
C 342
R
P 0x7f2a7c191628
P 0x7f2a7c19b1e8
C 209
R
P 0x7f2a7c191628
C 342
R
P 0x7f2a7c191628
P 0x7f2a7c19c2a8
C 260
R
P 0x7f2a7c191628
C 342
R
P 0x7f2a7c191628
P 0x7f2a7c19c2a8
C 259
R
P 0x7f2a7c191628
C 342
R
P 0x7f2a7c191628
P 0x7f2a7c19c2a8
C 258
R
P 0x7f2a7c191628
C 342
R
P 0x7f2a7c191628
P 0x7f2a7c19c2a8
C 9
R
P 0x7f2a7c191628
C 342
R
P 0x7f2a7c191628
I 0
P 0x7f2a7c19b208
C 150
= 0x7f2a7c19bd08
R
P 0x7f2a7c191628
C 342
R
P 0x7f2a7c191628
P 0x7f2a7c19bd08
C 258
R
P 0x7f2a7c191628
C 342
R
P 0x7f2a7c191628
P 0x7f2a7c19bd08
C 9
R
P 0x7f2a7c191628
C 342
R
P 0x7f2a7c191628
I 1
P 0x7f2a7c19b208
C 150
= 0x7f2a7c19bc88
R
P 0x7f2a7c191628
C 342
R
P 0x7f2a7c191628
P 0x7f2a7c19bc88
C 258
R
P 0x7f2a7c191628
C 342
R
P 0x7f2a7c191628
P 0x7f2a7c19bc88
C 9
R
P 0x7f2a7c191628
C 342
R
P 0x7f2a7c191628
P 0x7f2a7c19bd08
P 0x7f2a7c19bc88
C 75
= 0x7f2a7c486fa0
R
P 0x7f2a7c191628
C 342
R
P 0x7f2a7c191628
P 0x7f2a7c486fa0
C 258
R
P 0x7f2a7c191628
C 342
R
P 0x7f2a7c191628
P 0x7f2a7c486fa0
C 9
R
P 0x7f2a7c191628
C 342
R
P 0x7f2a7c191628
I 1
P 0x7f2a7c19b208
C 150
= 0x7f2a7c19bc88
R
P 0x7f2a7c191628
C 342
R
P 0x7f2a7c191628
P 0x7f2a7c19bc88
C 258
R
P 0x7f2a7c191628
C 342
R
P 0x7f2a7c191628
P 0x7f2a7c19bc88
C 9
R
P 0x7f2a7c191628
C 342
R
P 0x7f2a7c191628
U 2
P 0x7f2a7c19bd08
P 0x7f2a7c19bc88
p 2
C 67
= 0x7f2a7c486fd8
R
P 0x7f2a7c191628
C 342
R
P 0x7f2a7c191628
P 0x7f2a7c486fd8
C 257
R
P 0x7f2a7c191628
C 342
R
P 0x7f2a7c191628
P 0x7f2a7c486fd8
C 254
= 0x7f2a7c19b208
R
P 0x7f2a7c191628
C 342
R
P 0x7f2a7c191628
P 0x7f2a7c19b208
C 209
R
P 0x7f2a7c191628
C 342
R
P 0x7f2a7c191628
P 0x7f2a7c486fd8
C 260
R
P 0x7f2a7c191628
C 342
R
P 0x7f2a7c191628
P 0x7f2a7c486fd8
C 259
R
P 0x7f2a7c191628
C 342
R
P 0x7f2a7c191628
P 0x7f2a7c486fd8
C 258
R
P 0x7f2a7c191628
C 342
R
P 0x7f2a7c191628
P 0x7f2a7c486fd8
C 9
R
P 0x7f2a7c191628
C 342
R
P 0x7f2a7c191628
U 2
P 0x7f2a7c19bbe8
P 0x7f2a7c486fd8
p 2
C 66
= 0x7f2a7c487940
R
P 0x7f2a7c191628
C 342
R
P 0x7f2a7c191628
P 0x7f2a7c487940
C 257
R
P 0x7f2a7c191628
C 342
R
P 0x7f2a7c191628
P 0x7f2a7c487940
C 254
= 0x7f2a7c19b208
R
P 0x7f2a7c191628
C 342
R
P 0x7f2a7c191628
P 0x7f2a7c19b208
C 209
R
P 0x7f2a7c191628
C 342
R
P 0x7f2a7c191628
P 0x7f2a7c487940
C 260
R
P 0x7f2a7c191628
C 342
R
P 0x7f2a7c191628
P 0x7f2a7c487940
C 259
R
P 0x7f2a7c191628
C 342
R
P 0x7f2a7c191628
P 0x7f2a7c487940
C 258
R
P 0x7f2a7c191628
C 342
R
P 0x7f2a7c191628
P 0x7f2a7c487940
C 9
R
P 0x7f2a7c191628
C 342
R
P 0x7f2a7c191628
U 2
P 0x7f2a7c19bb88
P 0x7f2a7c487940
p 2
C 65
= 0x7f2a7c487978
R
P 0x7f2a7c191628
C 342
R
P 0x7f2a7c191628
P 0x7f2a7c487978
C 257
R
P 0x7f2a7c191628
C 342
R
P 0x7f2a7c191628
P 0x7f2a7c487978
C 254
= 0x7f2a7c19b1e8
R
P 0x7f2a7c191628
C 342
R
P 0x7f2a7c191628
P 0x7f2a7c19b1e8
C 209
R
P 0x7f2a7c191628
C 342
R
P 0x7f2a7c191628
P 0x7f2a7c487978
C 260
R
P 0x7f2a7c191628
C 342
R
P 0x7f2a7c191628
P 0x7f2a7c487978
C 259
R
P 0x7f2a7c191628
C 342
R
P 0x7f2a7c191628
P 0x7f2a7c487978
C 258
R
P 0x7f2a7c191628
C 342
R
P 0x7f2a7c191628
P 0x7f2a7c487978
C 9
R
P 0x7f2a7c191628
C 342
R
P 0x7f2a7c191628
P 0x7f2a7c486fa0
P 0x7f2a7c487978
P 0x7f2a7c19bb88
C 59
= 0x7f2a7c19fa08
R
P 0x7f2a7c191628
C 342
R
P 0x7f2a7c191628
P 0x7f2a7c19fa08
C 257
R
P 0x7f2a7c191628
C 342
R
P 0x7f2a7c191628
P 0x7f2a7c19fa08
C 254
= 0x7f2a7c19b1e8
R
P 0x7f2a7c191628
C 342
R
P 0x7f2a7c191628
P 0x7f2a7c19b1e8
C 209
R
P 0x7f2a7c191628
C 342
R
P 0x7f2a7c191628
P 0x7f2a7c19fa08
C 260
R
P 0x7f2a7c191628
C 342
R
P 0x7f2a7c191628
P 0x7f2a7c19fa08
C 259
R
P 0x7f2a7c191628
C 342
R
P 0x7f2a7c191628
P 0x7f2a7c19fa08
C 258
R
P 0x7f2a7c191628
C 342
R
P 0x7f2a7c191628
P 0x7f2a7c19fa08
C 9
R
P 0x7f2a7c191628
C 342
R
P 0x7f2a7c191628
U 2
P 0x7f2a7c19c2a8
P 0x7f2a7c19fa08
p 2
C 65
= 0x7f2a7c487a58
R
P 0x7f2a7c191628
C 342
R
P 0x7f2a7c191628
P 0x7f2a7c487a58
C 257
R
P 0x7f2a7c191628
C 342
R
P 0x7f2a7c191628
P 0x7f2a7c487a58
C 254
= 0x7f2a7c19b1e8
R
P 0x7f2a7c191628
C 342
R
P 0x7f2a7c191628
P 0x7f2a7c19b1e8
C 209
R
P 0x7f2a7c191628
C 342
R
P 0x7f2a7c191628
P 0x7f2a7c487a58
C 260
R
P 0x7f2a7c191628
C 342
R
P 0x7f2a7c191628
P 0x7f2a7c487a58
C 259
R
P 0x7f2a7c191628
C 342
R
P 0x7f2a7c191628
P 0x7f2a7c487a58
C 258
R
P 0x7f2a7c191628
C 342
R
P 0x7f2a7c191628
P 0x7f2a7c487a58
C 9
R
P 0x7f2a7c191628
C 342
R
P 0x7f2a7c191628
U 2
P 0x7f2a7c487a58
P 0x7f2a7c19bb68
p 2
C 65
= 0x7f2a7c4896b0
R
P 0x7f2a7c191628
C 342
R
P 0x7f2a7c191628
P 0x7f2a7c4896b0
C 257
R
P 0x7f2a7c191628
C 342
R
P 0x7f2a7c191628
P 0x7f2a7c4896b0
C 254
= 0x7f2a7c19b1e8
R
P 0x7f2a7c191628
C 342
R
P 0x7f2a7c191628
P 0x7f2a7c19b1e8
C 209
R
P 0x7f2a7c191628
C 342
R
P 0x7f2a7c191628
P 0x7f2a7c4896b0
C 260
R
P 0x7f2a7c191628
C 342
R
P 0x7f2a7c191628
P 0x7f2a7c4896b0
C 259
R
P 0x7f2a7c191628
C 342
R
P 0x7f2a7c191628
P 0x7f2a7c4896b0
C 258
R
P 0x7f2a7c191628
C 342
R
P 0x7f2a7c191628
P 0x7f2a7c4896b0
C 9
R
P 0x7f2a7c191628
C 342
R
P 0x7f2a7c191628
P 0x7f2a7c19c248
P 0x7f2a7c4896b0
C 76
= 0x7f2a7c48b6c0
R
P 0x7f2a7c191628
C 342
R
P 0x7f2a7c191628
P 0x7f2a7c48b6c0
C 258
R
P 0x7f2a7c191628
C 342
R
P 0x7f2a7c191628
P 0x7f2a7c48b6c0
C 9
R
P 0x7f2a7c191628
C 342
R
P 0x7f2a7c191628
I 4
P 0x7f2a7c19b208
C 150
= 0x7f2a7c19c028
R
P 0x7f2a7c191628
C 342
R
P 0x7f2a7c191628
P 0x7f2a7c19c028
C 258
R
P 0x7f2a7c191628
C 342
R
P 0x7f2a7c191628
P 0x7f2a7c19c028
C 9
R
P 0x7f2a7c191628
C 342
R
P 0x7f2a7c191628
P 0x7f2a7c19c028
C 263
R
P 0x7f2a7c191628
C 342
R
P 0x7f2a7c191628
S "dev0T34"
C 30
R
P 0x7f2a7c191628
C 342
R
P 0x7f2a7c191628
$ |dev0T34|
C 202
R
P 0x7f2a7c191628
C 342
R
P 0x7f2a7c191628
$ |dev0T34|
P 0x7f2a7c19b1e8
C 51
= 0x7f2a7c19c248
R
P 0x7f2a7c191628
C 342
R
P 0x7f2a7c191628
P 0x7f2a7c19c248
C 257
R
P 0x7f2a7c191628
C 342
R
P 0x7f2a7c191628
P 0x7f2a7c19c248
C 254
= 0x7f2a7c19b1e8
R
P 0x7f2a7c191628
C 342
R
P 0x7f2a7c191628
P 0x7f2a7c19b1e8
C 209
R
P 0x7f2a7c191628
C 342
R
P 0x7f2a7c191628
P 0x7f2a7c19c248
C 260
R
P 0x7f2a7c191628
C 342
R
P 0x7f2a7c191628
P 0x7f2a7c19c248
C 259
R
P 0x7f2a7c191628
C 342
R
P 0x7f2a7c191628
P 0x7f2a7c19c248
C 258
R
P 0x7f2a7c191628
C 342
R
P 0x7f2a7c191628
P 0x7f2a7c19c248
C 9
R
P 0x7f2a7c191628
C 342
R
P 0x7f2a7c191628
P 0x7f2a7c19bc68
C 333
R
P 0x7f2a7c191628
C 342
R
P 0x7f2a7c191628
S "slotflowPriorityStart"
C 30
R
P 0x7f2a7c191628
C 342
R
P 0x7f2a7c191628
$ |slotflowPriorityStart|
C 202
R
P 0x7f2a7c191628
C 342
R
P 0x7f2a7c191628
$ |slotflowPriorityStart|
P 0x7f2a7c19b1e8
C 51
= 0x7f2a7c19c2a8
R
P 0x7f2a7c191628
C 342
R
P 0x7f2a7c191628
P 0x7f2a7c19c2a8
C 257
R
P 0x7f2a7c191628
C 342
R
P 0x7f2a7c191628
P 0x7f2a7c19c2a8
C 254
= 0x7f2a7c19b1e8
R
P 0x7f2a7c191628
C 342
R
P 0x7f2a7c191628
P 0x7f2a7c19b1e8
C 209
R
P 0x7f2a7c191628
C 342
R
P 0x7f2a7c191628
P 0x7f2a7c19c2a8
C 260
R
P 0x7f2a7c191628
C 342
R
P 0x7f2a7c191628
P 0x7f2a7c19c2a8
C 259
R
P 0x7f2a7c191628
C 342
R
P 0x7f2a7c191628
P 0x7f2a7c19c2a8
C 258
R
P 0x7f2a7c191628
C 342
R
P 0x7f2a7c191628
P 0x7f2a7c19c2a8
C 9
R
P 0x7f2a7c191628
C 342
R
P 0x7f2a7c191628
P 0x7f2a7c19bc68
C 333
R
P 0x7f2a7c191628
C 342
R
P 0x7f2a7c191628
S "slotflowPriorityDuration"
C 30
R
P 0x7f2a7c191628
C 342
R
P 0x7f2a7c191628
$ |slotflowPriorityDuration|
C 202
R
P 0x7f2a7c191628
C 342
R
P 0x7f2a7c191628
$ |slotflowPriorityDuration|
P 0x7f2a7c19b1e8
C 51
= 0x7f2a7c19c268
R
P 0x7f2a7c191628
C 342
R
P 0x7f2a7c191628
P 0x7f2a7c19c268
C 257
R
P 0x7f2a7c191628
C 342
R
P 0x7f2a7c191628
P 0x7f2a7c19c268
C 254
= 0x7f2a7c19b1e8
R
P 0x7f2a7c191628
C 342
R
P 0x7f2a7c191628
P 0x7f2a7c19b1e8
C 209
R
P 0x7f2a7c191628
C 342
R
P 0x7f2a7c191628
P 0x7f2a7c19c268
C 260
R
P 0x7f2a7c191628
C 342
R
P 0x7f2a7c191628
P 0x7f2a7c19c268
C 259
R
P 0x7f2a7c191628
C 342
R
P 0x7f2a7c191628
P 0x7f2a7c19c268
C 258
R
P 0x7f2a7c191628
C 342
R
P 0x7f2a7c191628
P 0x7f2a7c19c268
C 9
R
P 0x7f2a7c191628
C 342
R
P 0x7f2a7c191628
U 2
P 0x7f2a7c19c2a8
P 0x7f2a7c19c268
p 2
C 65
= 0x7f2a7c487908
R
P 0x7f2a7c191628
C 342
R
P 0x7f2a7c191628
P 0x7f2a7c487908
C 257
R
P 0x7f2a7c191628
C 342
R
P 0x7f2a7c191628
P 0x7f2a7c487908
C 254
= 0x7f2a7c19b1e8
R
P 0x7f2a7c191628
C 342
R
P 0x7f2a7c191628
P 0x7f2a7c19b1e8
C 209
R
P 0x7f2a7c191628
C 342
R
P 0x7f2a7c191628
P 0x7f2a7c487908
C 260
R
P 0x7f2a7c191628
C 342
R
P 0x7f2a7c191628
P 0x7f2a7c487908
C 259
R
P 0x7f2a7c191628
C 342
R
P 0x7f2a7c191628
P 0x7f2a7c487908
C 258
R
P 0x7f2a7c191628
C 342
R
P 0x7f2a7c191628
P 0x7f2a7c487908
C 9
R
P 0x7f2a7c191628
C 342
R
P 0x7f2a7c191628
I 0
P 0x7f2a7c19b208
C 150
= 0x7f2a7c19bd08
R
P 0x7f2a7c191628
C 342
R
P 0x7f2a7c191628
P 0x7f2a7c19bd08
C 258
R
P 0x7f2a7c191628
C 342
R
P 0x7f2a7c191628
P 0x7f2a7c19bd08
C 9
R
P 0x7f2a7c191628
C 342
R
P 0x7f2a7c191628
I 1
P 0x7f2a7c19b208
C 150
= 0x7f2a7c19bc88
R
P 0x7f2a7c191628
C 342
R
P 0x7f2a7c191628
P 0x7f2a7c19bc88
C 258
R
P 0x7f2a7c191628
C 342
R
P 0x7f2a7c191628
P 0x7f2a7c19bc88
C 9
R
P 0x7f2a7c191628
C 342
R
P 0x7f2a7c191628
P 0x7f2a7c19bd08
P 0x7f2a7c19bc88
C 75
= 0x7f2a7c486fa0
R
P 0x7f2a7c191628
C 342
R
P 0x7f2a7c191628
P 0x7f2a7c486fa0
C 258
R
P 0x7f2a7c191628
C 342
R
P 0x7f2a7c191628
P 0x7f2a7c486fa0
C 9
R
P 0x7f2a7c191628
C 342
R
P 0x7f2a7c191628
I 1
P 0x7f2a7c19b208
C 150
= 0x7f2a7c19bc88
R
P 0x7f2a7c191628
C 342
R
P 0x7f2a7c191628
P 0x7f2a7c19bc88
C 258
R
P 0x7f2a7c191628
C 342
R
P 0x7f2a7c191628
P 0x7f2a7c19bc88
C 9
R
P 0x7f2a7c191628
C 342
R
P 0x7f2a7c191628
U 2
P 0x7f2a7c19bd08
P 0x7f2a7c19bc88
p 2
C 67
= 0x7f2a7c486fd8
R
P 0x7f2a7c191628
C 342
R
P 0x7f2a7c191628
P 0x7f2a7c486fd8
C 257
R
P 0x7f2a7c191628
C 342
R
P 0x7f2a7c191628
P 0x7f2a7c486fd8
C 254
= 0x7f2a7c19b208
R
P 0x7f2a7c191628
C 342
R
P 0x7f2a7c191628
P 0x7f2a7c19b208
C 209
R
P 0x7f2a7c191628
C 342
R
P 0x7f2a7c191628
P 0x7f2a7c486fd8
C 260
R
P 0x7f2a7c191628
C 342
R
P 0x7f2a7c191628
P 0x7f2a7c486fd8
C 259
R
P 0x7f2a7c191628
C 342
R
P 0x7f2a7c191628
P 0x7f2a7c486fd8
C 258
R
P 0x7f2a7c191628
C 342
R
P 0x7f2a7c191628
P 0x7f2a7c486fd8
C 9
R
P 0x7f2a7c191628
C 342
R
P 0x7f2a7c191628
U 2
P 0x7f2a7c19bbe8
P 0x7f2a7c486fd8
p 2
C 66
= 0x7f2a7c487940
R
P 0x7f2a7c191628
C 342
R
P 0x7f2a7c191628
P 0x7f2a7c487940
C 257
R
P 0x7f2a7c191628
C 342
R
P 0x7f2a7c191628
P 0x7f2a7c487940
C 254
= 0x7f2a7c19b208
R
P 0x7f2a7c191628
C 342
R
P 0x7f2a7c191628
P 0x7f2a7c19b208
C 209
R
P 0x7f2a7c191628
C 342
R
P 0x7f2a7c191628
P 0x7f2a7c487940
C 260
R
P 0x7f2a7c191628
C 342
R
P 0x7f2a7c191628
P 0x7f2a7c487940
C 259
R
P 0x7f2a7c191628
C 342
R
P 0x7f2a7c191628
P 0x7f2a7c487940
C 258
R
P 0x7f2a7c191628
C 342
R
P 0x7f2a7c191628
P 0x7f2a7c487940
C 9
R
P 0x7f2a7c191628
C 342
R
P 0x7f2a7c191628
U 2
P 0x7f2a7c19bb88
P 0x7f2a7c487940
p 2
C 65
= 0x7f2a7c487978
R
P 0x7f2a7c191628
C 342
R
P 0x7f2a7c191628
P 0x7f2a7c487978
C 257
R
P 0x7f2a7c191628
C 342
R
P 0x7f2a7c191628
P 0x7f2a7c487978
C 254
= 0x7f2a7c19b1e8
R
P 0x7f2a7c191628
C 342
R
P 0x7f2a7c191628
P 0x7f2a7c19b1e8
C 209
R
P 0x7f2a7c191628
C 342
R
P 0x7f2a7c191628
P 0x7f2a7c487978
C 260
R
P 0x7f2a7c191628
C 342
R
P 0x7f2a7c191628
P 0x7f2a7c487978
C 259
R
P 0x7f2a7c191628
C 342
R
P 0x7f2a7c191628
P 0x7f2a7c487978
C 258
R
P 0x7f2a7c191628
C 342
R
P 0x7f2a7c191628
P 0x7f2a7c487978
C 9
R
P 0x7f2a7c191628
C 342
R
P 0x7f2a7c191628
P 0x7f2a7c486fa0
P 0x7f2a7c487978
P 0x7f2a7c19bb88
C 59
= 0x7f2a7c19fa08
R
P 0x7f2a7c191628
C 342
R
P 0x7f2a7c191628
P 0x7f2a7c19fa08
C 257
R
P 0x7f2a7c191628
C 342
R
P 0x7f2a7c191628
P 0x7f2a7c19fa08
C 254
= 0x7f2a7c19b1e8
R
P 0x7f2a7c191628
C 342
R
P 0x7f2a7c191628
P 0x7f2a7c19b1e8
C 209
R
P 0x7f2a7c191628
C 342
R
P 0x7f2a7c191628
P 0x7f2a7c19fa08
C 260
R
P 0x7f2a7c191628
C 342
R
P 0x7f2a7c191628
P 0x7f2a7c19fa08
C 259
R
P 0x7f2a7c191628
C 342
R
P 0x7f2a7c191628
P 0x7f2a7c19fa08
C 258
R
P 0x7f2a7c191628
C 342
R
P 0x7f2a7c191628
P 0x7f2a7c19fa08
C 9
R
P 0x7f2a7c191628
C 342
R
P 0x7f2a7c191628
U 2
P 0x7f2a7c487908
P 0x7f2a7c19fa08
p 2
C 65
= 0x7f2a7c4879b0
R
P 0x7f2a7c191628
C 342
R
P 0x7f2a7c191628
P 0x7f2a7c4879b0
C 257
R
P 0x7f2a7c191628
C 342
R
P 0x7f2a7c191628
P 0x7f2a7c4879b0
C 254
= 0x7f2a7c19b1e8
R
P 0x7f2a7c191628
C 342
R
P 0x7f2a7c191628
P 0x7f2a7c19b1e8
C 209
R
P 0x7f2a7c191628
C 342
R
P 0x7f2a7c191628
P 0x7f2a7c4879b0
C 260
R
P 0x7f2a7c191628
C 342
R
P 0x7f2a7c191628
P 0x7f2a7c4879b0
C 259
R
P 0x7f2a7c191628
C 342
R
P 0x7f2a7c191628
P 0x7f2a7c4879b0
C 258
R
P 0x7f2a7c191628
C 342
R
P 0x7f2a7c191628
P 0x7f2a7c4879b0
C 9
R
P 0x7f2a7c191628
C 342
R
P 0x7f2a7c191628
P 0x7f2a7c19c248
P 0x7f2a7c4879b0
C 74
= 0x7f2a7c48b6f8
R
P 0x7f2a7c191628
C 342
R
P 0x7f2a7c191628
P 0x7f2a7c48b6f8
C 258
R
P 0x7f2a7c191628
C 342
R
P 0x7f2a7c191628
P 0x7f2a7c48b6f8
C 9
R
P 0x7f2a7c191628
C 342
R
P 0x7f2a7c191628
U 2
P 0x7f2a7c48b6c0
P 0x7f2a7c48b6f8
p 2
C 63
= 0x7f2a7c48b730
R
P 0x7f2a7c191628
C 342
R
P 0x7f2a7c191628
P 0x7f2a7c48b730
C 258
R
P 0x7f2a7c191628
C 342
R
P 0x7f2a7c191628
P 0x7f2a7c48b730
C 9
R
P 0x7f2a7c191628
C 342
R
P 0x7f2a7c191628
P 0x7f2a7c48b688
P 0x7f2a7c48b730
C 61
= 0x7f2a7c48b768
R
P 0x7f2a7c191628
C 342
R
P 0x7f2a7c191628
P 0x7f2a7c48b768
C 258
R
P 0x7f2a7c191628
C 342
R
P 0x7f2a7c191628
P 0x7f2a7c48b768
C 9
R
P 0x7f2a7c191628
C 342
R
P 0x7f2a7c191628
P 0x7f2a7c1e1fc8
P 0x7f2a7c48b768
C 427
R
P 0x7f2a7c191628
C 342
R
P 0x7f2a7c191628
I 4
P 0x7f2a7c19b208
C 150
= 0x7f2a7c19c028
R
P 0x7f2a7c191628
C 342
R
P 0x7f2a7c191628
P 0x7f2a7c19c028
C 258
R
P 0x7f2a7c191628
C 342
R
P 0x7f2a7c191628
P 0x7f2a7c19c028
C 9
R
P 0x7f2a7c191628
C 342
R
P 0x7f2a7c191628
I 1
P 0x7f2a7c19b208
C 150
= 0x7f2a7c19bc88
R
P 0x7f2a7c191628
C 342
R
P 0x7f2a7c191628
P 0x7f2a7c19bc88
C 258
R
P 0x7f2a7c191628
C 342
R
P 0x7f2a7c191628
P 0x7f2a7c19bc88
C 9
R
P 0x7f2a7c191628
C 342
R
P 0x7f2a7c191628
P 0x7f2a7c19c028
P 0x7f2a7c19bc88
C 75
= 0x7f2a7c487390
R
P 0x7f2a7c191628
C 342
R
P 0x7f2a7c191628
P 0x7f2a7c487390
C 258
R
P 0x7f2a7c191628
C 342
R
P 0x7f2a7c191628
P 0x7f2a7c487390
C 9
R
P 0x7f2a7c191628
C 342
R
P 0x7f2a7c191628
I 1
P 0x7f2a7c19b208
C 150
= 0x7f2a7c19bc88
R
P 0x7f2a7c191628
C 342
R
P 0x7f2a7c191628
P 0x7f2a7c19bc88
C 258
R
P 0x7f2a7c191628
C 342
R
P 0x7f2a7c191628
P 0x7f2a7c19bc88
C 9
R
P 0x7f2a7c191628
C 342
R
P 0x7f2a7c191628
U 2
P 0x7f2a7c19c028
P 0x7f2a7c19bc88
p 2
C 67
= 0x7f2a7c4873c8
R
P 0x7f2a7c191628
C 342
R
P 0x7f2a7c191628
P 0x7f2a7c4873c8
C 257
R
P 0x7f2a7c191628
C 342
R
P 0x7f2a7c191628
P 0x7f2a7c4873c8
C 254
= 0x7f2a7c19b208
R
P 0x7f2a7c191628
C 342
R
P 0x7f2a7c191628
P 0x7f2a7c19b208
C 209
R
P 0x7f2a7c191628
C 342
R
P 0x7f2a7c191628
P 0x7f2a7c4873c8
C 260
R
P 0x7f2a7c191628
C 342
R
P 0x7f2a7c191628
P 0x7f2a7c4873c8
C 259
R
P 0x7f2a7c191628
C 342
R
P 0x7f2a7c191628
P 0x7f2a7c4873c8
C 258
R
P 0x7f2a7c191628
C 342
R
P 0x7f2a7c191628
P 0x7f2a7c4873c8
C 9
R
P 0x7f2a7c191628
C 342
R
P 0x7f2a7c191628
U 2
P 0x7f2a7c19bba8
P 0x7f2a7c4873c8
p 2
C 66
= 0x7f2a7c487400
R
P 0x7f2a7c191628
C 342
R
P 0x7f2a7c191628
P 0x7f2a7c487400
C 257
R
P 0x7f2a7c191628
C 342
R
P 0x7f2a7c191628
P 0x7f2a7c487400
C 254
= 0x7f2a7c19b1e8
R
P 0x7f2a7c191628
C 342
R
P 0x7f2a7c191628
P 0x7f2a7c19b1e8
C 209
R
P 0x7f2a7c191628
C 342
R
P 0x7f2a7c191628
P 0x7f2a7c487400
C 260
R
P 0x7f2a7c191628
C 342
R
P 0x7f2a7c191628
P 0x7f2a7c487400
C 259
R
P 0x7f2a7c191628
C 342
R
P 0x7f2a7c191628
P 0x7f2a7c487400
C 258
R
P 0x7f2a7c191628
C 342
R
P 0x7f2a7c191628
P 0x7f2a7c487400
C 9
R
P 0x7f2a7c191628
C 342
R
P 0x7f2a7c191628
U 2
P 0x7f2a7c19bc28
P 0x7f2a7c487400
p 2
C 65
= 0x7f2a7c487438
R
P 0x7f2a7c191628
C 342
R
P 0x7f2a7c191628
P 0x7f2a7c487438
C 257
R
P 0x7f2a7c191628
C 342
R
P 0x7f2a7c191628
P 0x7f2a7c487438
C 254
= 0x7f2a7c19b1e8
R
P 0x7f2a7c191628
C 342
R
P 0x7f2a7c191628
P 0x7f2a7c19b1e8
C 209
R
P 0x7f2a7c191628
C 342
R
P 0x7f2a7c191628
P 0x7f2a7c487438
C 260
R
P 0x7f2a7c191628
C 342
R
P 0x7f2a7c191628
P 0x7f2a7c487438
C 259
R
P 0x7f2a7c191628
C 342
R
P 0x7f2a7c191628
P 0x7f2a7c487438
C 258
R
P 0x7f2a7c191628
C 342
R
P 0x7f2a7c191628
P 0x7f2a7c487438
C 9
R
P 0x7f2a7c191628
C 342
R
P 0x7f2a7c191628
P 0x7f2a7c487390
P 0x7f2a7c487438
P 0x7f2a7c19bc28
C 59
= 0x7f2a7c19f9c8
R
P 0x7f2a7c191628
C 342
R
P 0x7f2a7c191628
P 0x7f2a7c19f9c8
C 257
R
P 0x7f2a7c191628
C 342
R
P 0x7f2a7c191628
P 0x7f2a7c19f9c8
C 254
= 0x7f2a7c19b1e8
R
P 0x7f2a7c191628
C 342
R
P 0x7f2a7c191628
P 0x7f2a7c19b1e8
C 209
R
P 0x7f2a7c191628
C 342
R
P 0x7f2a7c191628
P 0x7f2a7c19f9c8
C 260
R
P 0x7f2a7c191628
C 342
R
P 0x7f2a7c191628
P 0x7f2a7c19f9c8
C 259
R
P 0x7f2a7c191628
C 342
R
P 0x7f2a7c191628
P 0x7f2a7c19f9c8
C 258
R
P 0x7f2a7c191628
C 342
R
P 0x7f2a7c191628
P 0x7f2a7c19f9c8
C 9
R
P 0x7f2a7c191628
C 342
R
P 0x7f2a7c191628
U 2
P 0x7f2a7c19f9c8
P 0x7f2a7c19bb48
p 2
C 65
= 0x7f2a7c487470
R
P 0x7f2a7c191628
C 342
R
P 0x7f2a7c191628
P 0x7f2a7c487470
C 257
R
P 0x7f2a7c191628
C 342
R
P 0x7f2a7c191628
P 0x7f2a7c487470
C 254
= 0x7f2a7c19b1e8
R
P 0x7f2a7c191628
C 342
R
P 0x7f2a7c191628
P 0x7f2a7c19b1e8
C 209
R
P 0x7f2a7c191628
C 342
R
P 0x7f2a7c191628
P 0x7f2a7c487470
C 260
R
P 0x7f2a7c191628
C 342
R
P 0x7f2a7c191628
P 0x7f2a7c487470
C 259
R
P 0x7f2a7c191628
C 342
R
P 0x7f2a7c191628
P 0x7f2a7c487470
C 258
R
P 0x7f2a7c191628
C 342
R
P 0x7f2a7c191628
P 0x7f2a7c487470
C 9
R
P 0x7f2a7c191628
C 342
R
P 0x7f2a7c191628
P 0x7f2a7c19bc68
C 333
R
P 0x7f2a7c191628
C 342
R
P 0x7f2a7c191628
S "slotflowPriorityStart"
C 30
R
P 0x7f2a7c191628
C 342
R
P 0x7f2a7c191628
$ |slotflowPriorityStart|
C 202
R
P 0x7f2a7c191628
C 342
R
P 0x7f2a7c191628
$ |slotflowPriorityStart|
P 0x7f2a7c19b1e8
C 51
= 0x7f2a7c19c2a8
R
P 0x7f2a7c191628
C 342
R
P 0x7f2a7c191628
P 0x7f2a7c19c2a8
C 257
R
P 0x7f2a7c191628
C 342
R
P 0x7f2a7c191628
P 0x7f2a7c19c2a8
C 254
= 0x7f2a7c19b1e8
R
P 0x7f2a7c191628
C 342
R
P 0x7f2a7c191628
P 0x7f2a7c19b1e8
C 209
R
P 0x7f2a7c191628
C 342
R
P 0x7f2a7c191628
P 0x7f2a7c19c2a8
C 260
R
P 0x7f2a7c191628
C 342
R
P 0x7f2a7c191628
P 0x7f2a7c19c2a8
C 259
R
P 0x7f2a7c191628
C 342
R
P 0x7f2a7c191628
P 0x7f2a7c19c2a8
C 258
R
P 0x7f2a7c191628
C 342
R
P 0x7f2a7c191628
P 0x7f2a7c19c2a8
C 9
R
P 0x7f2a7c191628
C 342
R
P 0x7f2a7c191628
I 1
P 0x7f2a7c19b208
C 150
= 0x7f2a7c19bc88
R
P 0x7f2a7c191628
C 342
R
P 0x7f2a7c191628
P 0x7f2a7c19bc88
C 258
R
P 0x7f2a7c191628
C 342
R
P 0x7f2a7c191628
P 0x7f2a7c19bc88
C 9
R
P 0x7f2a7c191628
C 342
R
P 0x7f2a7c191628
I 1
P 0x7f2a7c19b208
C 150
= 0x7f2a7c19bc88
R
P 0x7f2a7c191628
C 342
R
P 0x7f2a7c191628
P 0x7f2a7c19bc88
C 258
R
P 0x7f2a7c191628
C 342
R
P 0x7f2a7c191628
P 0x7f2a7c19bc88
C 9
R
P 0x7f2a7c191628
C 342
R
P 0x7f2a7c191628
P 0x7f2a7c19bc88
P 0x7f2a7c19bc88
C 75
= 0x7f2a7c1a1778
R
P 0x7f2a7c191628
C 342
R
P 0x7f2a7c191628
P 0x7f2a7c1a1778
C 258
R
P 0x7f2a7c191628
C 342
R
P 0x7f2a7c191628
P 0x7f2a7c1a1778
C 9
R
P 0x7f2a7c191628
C 342
R
P 0x7f2a7c191628
I 1
P 0x7f2a7c19b208
C 150
= 0x7f2a7c19bc88
R
P 0x7f2a7c191628
C 342
R
P 0x7f2a7c191628
P 0x7f2a7c19bc88
C 258
R
P 0x7f2a7c191628
C 342
R
P 0x7f2a7c191628
P 0x7f2a7c19bc88
C 9
R
P 0x7f2a7c191628
C 342
R
P 0x7f2a7c191628
U 2
P 0x7f2a7c19bc88
P 0x7f2a7c19bc88
p 2
C 67
= 0x7f2a7c1a17b0
R
P 0x7f2a7c191628
C 342
R
P 0x7f2a7c191628
P 0x7f2a7c1a17b0
C 257
R
P 0x7f2a7c191628
C 342
R
P 0x7f2a7c191628
P 0x7f2a7c1a17b0
C 254
= 0x7f2a7c19b208
R
P 0x7f2a7c191628
C 342
R
P 0x7f2a7c191628
P 0x7f2a7c19b208
C 209
R
P 0x7f2a7c191628
C 342
R
P 0x7f2a7c191628
P 0x7f2a7c1a17b0
C 260
R
P 0x7f2a7c191628
C 342
R
P 0x7f2a7c191628
P 0x7f2a7c1a17b0
C 259
R
P 0x7f2a7c191628
C 342
R
P 0x7f2a7c191628
P 0x7f2a7c1a17b0
C 258
R
P 0x7f2a7c191628
C 342
R
P 0x7f2a7c191628
P 0x7f2a7c1a17b0
C 9
R
P 0x7f2a7c191628
C 342
R
P 0x7f2a7c191628
U 2
P 0x7f2a7c19bbe8
P 0x7f2a7c1a17b0
p 2
C 66
= 0x7f2a7c487b70
R
P 0x7f2a7c191628
C 342
R
P 0x7f2a7c191628
P 0x7f2a7c487b70
C 257
R
P 0x7f2a7c191628
C 342
R
P 0x7f2a7c191628
P 0x7f2a7c487b70
C 254
= 0x7f2a7c19b208
R
P 0x7f2a7c191628
C 342
R
P 0x7f2a7c191628
P 0x7f2a7c19b208
C 209
R
P 0x7f2a7c191628
C 342
R
P 0x7f2a7c191628
P 0x7f2a7c487b70
C 260
R
P 0x7f2a7c191628
C 342
R
P 0x7f2a7c191628
P 0x7f2a7c487b70
C 259
R
P 0x7f2a7c191628
C 342
R
P 0x7f2a7c191628
P 0x7f2a7c487b70
C 258
R
P 0x7f2a7c191628
C 342
R
P 0x7f2a7c191628
P 0x7f2a7c487b70
C 9
R
P 0x7f2a7c191628
C 342
R
P 0x7f2a7c191628
U 2
P 0x7f2a7c19bb88
P 0x7f2a7c487b70
p 2
C 65
= 0x7f2a7c487ba8
R
P 0x7f2a7c191628
C 342
R
P 0x7f2a7c191628
P 0x7f2a7c487ba8
C 257
R
P 0x7f2a7c191628
C 342
R
P 0x7f2a7c191628
P 0x7f2a7c487ba8
C 254
= 0x7f2a7c19b1e8
R
P 0x7f2a7c191628
C 342
R
P 0x7f2a7c191628
P 0x7f2a7c19b1e8
C 209
R
P 0x7f2a7c191628
C 342
R
P 0x7f2a7c191628
P 0x7f2a7c487ba8
C 260
R
P 0x7f2a7c191628
C 342
R
P 0x7f2a7c191628
P 0x7f2a7c487ba8
C 259
R
P 0x7f2a7c191628
C 342
R
P 0x7f2a7c191628
P 0x7f2a7c487ba8
C 258
R
P 0x7f2a7c191628
C 342
R
P 0x7f2a7c191628
P 0x7f2a7c487ba8
C 9
R
P 0x7f2a7c191628
C 342
R
P 0x7f2a7c191628
P 0x7f2a7c1a1778
P 0x7f2a7c487ba8
P 0x7f2a7c19bb88
C 59
= 0x7f2a7c19fa48
R
P 0x7f2a7c191628
C 342
R
P 0x7f2a7c191628
P 0x7f2a7c19fa48
C 257
R
P 0x7f2a7c191628
C 342
R
P 0x7f2a7c191628
P 0x7f2a7c19fa48
C 254
= 0x7f2a7c19b1e8
R
P 0x7f2a7c191628
C 342
R
P 0x7f2a7c191628
P 0x7f2a7c19b1e8
C 209
R
P 0x7f2a7c191628
C 342
R
P 0x7f2a7c191628
P 0x7f2a7c19fa48
C 260
R
P 0x7f2a7c191628
C 342
R
P 0x7f2a7c191628
P 0x7f2a7c19fa48
C 259
R
P 0x7f2a7c191628
C 342
R
P 0x7f2a7c191628
P 0x7f2a7c19fa48
C 258
R
P 0x7f2a7c191628
C 342
R
P 0x7f2a7c191628
P 0x7f2a7c19fa48
C 9
R
P 0x7f2a7c191628
C 342
R
P 0x7f2a7c191628
U 2
P 0x7f2a7c19c2a8
P 0x7f2a7c19fa48
p 2
C 65
= 0x7f2a7c487c88
R
P 0x7f2a7c191628
C 342
R
P 0x7f2a7c191628
P 0x7f2a7c487c88
C 257
R
P 0x7f2a7c191628
C 342
R
P 0x7f2a7c191628
P 0x7f2a7c487c88
C 254
= 0x7f2a7c19b1e8
R
P 0x7f2a7c191628
C 342
R
P 0x7f2a7c191628
P 0x7f2a7c19b1e8
C 209
R
P 0x7f2a7c191628
C 342
R
P 0x7f2a7c191628
P 0x7f2a7c487c88
C 260
R
P 0x7f2a7c191628
C 342
R
P 0x7f2a7c191628
P 0x7f2a7c487c88
C 259
R
P 0x7f2a7c191628
C 342
R
P 0x7f2a7c191628
P 0x7f2a7c487c88
C 258
R
P 0x7f2a7c191628
C 342
R
P 0x7f2a7c191628
P 0x7f2a7c487c88
C 9
R
P 0x7f2a7c191628
C 342
R
P 0x7f2a7c191628
P 0x7f2a7c487470
P 0x7f2a7c487c88
C 73
= 0x7f2a7c48b7a0
R
P 0x7f2a7c191628
C 342
R
P 0x7f2a7c191628
P 0x7f2a7c48b7a0
C 258
R
P 0x7f2a7c191628
C 342
R
P 0x7f2a7c191628
P 0x7f2a7c48b7a0
C 9
R
P 0x7f2a7c191628
C 342
R
P 0x7f2a7c191628
I 4
P 0x7f2a7c19b208
C 150
= 0x7f2a7c19c028
R
P 0x7f2a7c191628
C 342
R
P 0x7f2a7c191628
P 0x7f2a7c19c028
C 258
R
P 0x7f2a7c191628
C 342
R
P 0x7f2a7c191628
P 0x7f2a7c19c028
C 9
R
P 0x7f2a7c191628
C 342
R
P 0x7f2a7c191628
I 1
P 0x7f2a7c19b208
C 150
= 0x7f2a7c19bc88
R
P 0x7f2a7c191628
C 342
R
P 0x7f2a7c191628
P 0x7f2a7c19bc88
C 258
R
P 0x7f2a7c191628
C 342
R
P 0x7f2a7c191628
P 0x7f2a7c19bc88
C 9
R
P 0x7f2a7c191628
C 342
R
P 0x7f2a7c191628
P 0x7f2a7c19c028
P 0x7f2a7c19bc88
C 75
= 0x7f2a7c487390
R
P 0x7f2a7c191628
C 342
R
P 0x7f2a7c191628
P 0x7f2a7c487390
C 258
R
P 0x7f2a7c191628
C 342
R
P 0x7f2a7c191628
P 0x7f2a7c487390
C 9
R
P 0x7f2a7c191628
C 342
R
P 0x7f2a7c191628
I 1
P 0x7f2a7c19b208
C 150
= 0x7f2a7c19bc88
R
P 0x7f2a7c191628
C 342
R
P 0x7f2a7c191628
P 0x7f2a7c19bc88
C 258
R
P 0x7f2a7c191628
C 342
R
P 0x7f2a7c191628
P 0x7f2a7c19bc88
C 9
R
P 0x7f2a7c191628
C 342
R
P 0x7f2a7c191628
U 2
P 0x7f2a7c19c028
P 0x7f2a7c19bc88
p 2
C 67
= 0x7f2a7c4873c8
R
P 0x7f2a7c191628
C 342
R
P 0x7f2a7c191628
P 0x7f2a7c4873c8
C 257
R
P 0x7f2a7c191628
C 342
R
P 0x7f2a7c191628
P 0x7f2a7c4873c8
C 254
= 0x7f2a7c19b208
R
P 0x7f2a7c191628
C 342
R
P 0x7f2a7c191628
P 0x7f2a7c19b208
C 209
R
P 0x7f2a7c191628
C 342
R
P 0x7f2a7c191628
P 0x7f2a7c4873c8
C 260
R
P 0x7f2a7c191628
C 342
R
P 0x7f2a7c191628
P 0x7f2a7c4873c8
C 259
R
P 0x7f2a7c191628
C 342
R
P 0x7f2a7c191628
P 0x7f2a7c4873c8
C 258
R
P 0x7f2a7c191628
C 342
R
P 0x7f2a7c191628
P 0x7f2a7c4873c8
C 9
R
P 0x7f2a7c191628
C 342
R
P 0x7f2a7c191628
U 2
P 0x7f2a7c19bba8
P 0x7f2a7c4873c8
p 2
C 66
= 0x7f2a7c487400
R
P 0x7f2a7c191628
C 342
R
P 0x7f2a7c191628
P 0x7f2a7c487400
C 257
R
P 0x7f2a7c191628
C 342
R
P 0x7f2a7c191628
P 0x7f2a7c487400
C 254
= 0x7f2a7c19b1e8
R
P 0x7f2a7c191628
C 342
R
P 0x7f2a7c191628
P 0x7f2a7c19b1e8
C 209
R
P 0x7f2a7c191628
C 342
R
P 0x7f2a7c191628
P 0x7f2a7c487400
C 260
R
P 0x7f2a7c191628
C 342
R
P 0x7f2a7c191628
P 0x7f2a7c487400
C 259
R
P 0x7f2a7c191628
C 342
R
P 0x7f2a7c191628
P 0x7f2a7c487400
C 258
R
P 0x7f2a7c191628
C 342
R
P 0x7f2a7c191628
P 0x7f2a7c487400
C 9
R
P 0x7f2a7c191628
C 342
R
P 0x7f2a7c191628
U 2
P 0x7f2a7c19bc28
P 0x7f2a7c487400
p 2
C 65
= 0x7f2a7c487438
R
P 0x7f2a7c191628
C 342
R
P 0x7f2a7c191628
P 0x7f2a7c487438
C 257
R
P 0x7f2a7c191628
C 342
R
P 0x7f2a7c191628
P 0x7f2a7c487438
C 254
= 0x7f2a7c19b1e8
R
P 0x7f2a7c191628
C 342
R
P 0x7f2a7c191628
P 0x7f2a7c19b1e8
C 209
R
P 0x7f2a7c191628
C 342
R
P 0x7f2a7c191628
P 0x7f2a7c487438
C 260
R
P 0x7f2a7c191628
C 342
R
P 0x7f2a7c191628
P 0x7f2a7c487438
C 259
R
P 0x7f2a7c191628
C 342
R
P 0x7f2a7c191628
P 0x7f2a7c487438
C 258
R
P 0x7f2a7c191628
C 342
R
P 0x7f2a7c191628
P 0x7f2a7c487438
C 9
R
P 0x7f2a7c191628
C 342
R
P 0x7f2a7c191628
P 0x7f2a7c487390
P 0x7f2a7c487438
P 0x7f2a7c19bc28
C 59
= 0x7f2a7c19f9c8
R
P 0x7f2a7c191628
C 342
R
P 0x7f2a7c191628
P 0x7f2a7c19f9c8
C 257
R
P 0x7f2a7c191628
C 342
R
P 0x7f2a7c191628
P 0x7f2a7c19f9c8
C 254
= 0x7f2a7c19b1e8
R
P 0x7f2a7c191628
C 342
R
P 0x7f2a7c191628
P 0x7f2a7c19b1e8
C 209
R
P 0x7f2a7c191628
C 342
R
P 0x7f2a7c191628
P 0x7f2a7c19f9c8
C 260
R
P 0x7f2a7c191628
C 342
R
P 0x7f2a7c191628
P 0x7f2a7c19f9c8
C 259
R
P 0x7f2a7c191628
C 342
R
P 0x7f2a7c191628
P 0x7f2a7c19f9c8
C 258
R
P 0x7f2a7c191628
C 342
R
P 0x7f2a7c191628
P 0x7f2a7c19f9c8
C 9
R
P 0x7f2a7c191628
C 342
R
P 0x7f2a7c191628
U 2
P 0x7f2a7c19f9c8
P 0x7f2a7c19bb48
p 2
C 65
= 0x7f2a7c487470
R
P 0x7f2a7c191628
C 342
R
P 0x7f2a7c191628
P 0x7f2a7c487470
C 257
R
P 0x7f2a7c191628
C 342
R
P 0x7f2a7c191628
P 0x7f2a7c487470
C 254
= 0x7f2a7c19b1e8
R
P 0x7f2a7c191628
C 342
R
P 0x7f2a7c191628
P 0x7f2a7c19b1e8
C 209
R
P 0x7f2a7c191628
C 342
R
P 0x7f2a7c191628
P 0x7f2a7c487470
C 260
R
P 0x7f2a7c191628
C 342
R
P 0x7f2a7c191628
P 0x7f2a7c487470
C 259
R
P 0x7f2a7c191628
C 342
R
P 0x7f2a7c191628
P 0x7f2a7c487470
C 258
R
P 0x7f2a7c191628
C 342
R
P 0x7f2a7c191628
P 0x7f2a7c487470
C 9
R
P 0x7f2a7c191628
C 342
R
P 0x7f2a7c191628
I 1
P 0x7f2a7c19b208
C 150
= 0x7f2a7c19bc88
R
P 0x7f2a7c191628
C 342
R
P 0x7f2a7c191628
P 0x7f2a7c19bc88
C 258
R
P 0x7f2a7c191628
C 342
R
P 0x7f2a7c191628
P 0x7f2a7c19bc88
C 9
R
P 0x7f2a7c191628
C 342
R
P 0x7f2a7c191628
I 1
P 0x7f2a7c19b208
C 150
= 0x7f2a7c19bc88
R
P 0x7f2a7c191628
C 342
R
P 0x7f2a7c191628
P 0x7f2a7c19bc88
C 258
R
P 0x7f2a7c191628
C 342
R
P 0x7f2a7c191628
P 0x7f2a7c19bc88
C 9
R
P 0x7f2a7c191628
C 342
R
P 0x7f2a7c191628
P 0x7f2a7c19bc88
P 0x7f2a7c19bc88
C 75
= 0x7f2a7c1a1778
R
P 0x7f2a7c191628
C 342
R
P 0x7f2a7c191628
P 0x7f2a7c1a1778
C 258
R
P 0x7f2a7c191628
C 342
R
P 0x7f2a7c191628
P 0x7f2a7c1a1778
C 9
R
P 0x7f2a7c191628
C 342
R
P 0x7f2a7c191628
I 1
P 0x7f2a7c19b208
C 150
= 0x7f2a7c19bc88
R
P 0x7f2a7c191628
C 342
R
P 0x7f2a7c191628
P 0x7f2a7c19bc88
C 258
R
P 0x7f2a7c191628
C 342
R
P 0x7f2a7c191628
P 0x7f2a7c19bc88
C 9
R
P 0x7f2a7c191628
C 342
R
P 0x7f2a7c191628
U 2
P 0x7f2a7c19bc88
P 0x7f2a7c19bc88
p 2
C 67
= 0x7f2a7c1a17b0
R
P 0x7f2a7c191628
C 342
R
P 0x7f2a7c191628
P 0x7f2a7c1a17b0
C 257
R
P 0x7f2a7c191628
C 342
R
P 0x7f2a7c191628
P 0x7f2a7c1a17b0
C 254
= 0x7f2a7c19b208
R
P 0x7f2a7c191628
C 342
R
P 0x7f2a7c191628
P 0x7f2a7c19b208
C 209
R
P 0x7f2a7c191628
C 342
R
P 0x7f2a7c191628
P 0x7f2a7c1a17b0
C 260
R
P 0x7f2a7c191628
C 342
R
P 0x7f2a7c191628
P 0x7f2a7c1a17b0
C 259
R
P 0x7f2a7c191628
C 342
R
P 0x7f2a7c191628
P 0x7f2a7c1a17b0
C 258
R
P 0x7f2a7c191628
C 342
R
P 0x7f2a7c191628
P 0x7f2a7c1a17b0
C 9
R
P 0x7f2a7c191628
C 342
R
P 0x7f2a7c191628
U 2
P 0x7f2a7c19bbe8
P 0x7f2a7c1a17b0
p 2
C 66
= 0x7f2a7c487b70
R
P 0x7f2a7c191628
C 342
R
P 0x7f2a7c191628
P 0x7f2a7c487b70
C 257
R
P 0x7f2a7c191628
C 342
R
P 0x7f2a7c191628
P 0x7f2a7c487b70
C 254
= 0x7f2a7c19b208
R
P 0x7f2a7c191628
C 342
R
P 0x7f2a7c191628
P 0x7f2a7c19b208
C 209
R
P 0x7f2a7c191628
C 342
R
P 0x7f2a7c191628
P 0x7f2a7c487b70
C 260
R
P 0x7f2a7c191628
C 342
R
P 0x7f2a7c191628
P 0x7f2a7c487b70
C 259
R
P 0x7f2a7c191628
C 342
R
P 0x7f2a7c191628
P 0x7f2a7c487b70
C 258
R
P 0x7f2a7c191628
C 342
R
P 0x7f2a7c191628
P 0x7f2a7c487b70
C 9
R
P 0x7f2a7c191628
C 342
R
P 0x7f2a7c191628
U 2
P 0x7f2a7c19bb88
P 0x7f2a7c487b70
p 2
C 65
= 0x7f2a7c487ba8
R
P 0x7f2a7c191628
C 342
R
P 0x7f2a7c191628
P 0x7f2a7c487ba8
C 257
R
P 0x7f2a7c191628
C 342
R
P 0x7f2a7c191628
P 0x7f2a7c487ba8
C 254
= 0x7f2a7c19b1e8
R
P 0x7f2a7c191628
C 342
R
P 0x7f2a7c191628
P 0x7f2a7c19b1e8
C 209
R
P 0x7f2a7c191628
C 342
R
P 0x7f2a7c191628
P 0x7f2a7c487ba8
C 260
R
P 0x7f2a7c191628
C 342
R
P 0x7f2a7c191628
P 0x7f2a7c487ba8
C 259
R
P 0x7f2a7c191628
C 342
R
P 0x7f2a7c191628
P 0x7f2a7c487ba8
C 258
R
P 0x7f2a7c191628
C 342
R
P 0x7f2a7c191628
P 0x7f2a7c487ba8
C 9
R
P 0x7f2a7c191628
C 342
R
P 0x7f2a7c191628
P 0x7f2a7c1a1778
P 0x7f2a7c487ba8
P 0x7f2a7c19bb88
C 59
= 0x7f2a7c19fa48
R
P 0x7f2a7c191628
C 342
R
P 0x7f2a7c191628
P 0x7f2a7c19fa48
C 257
R
P 0x7f2a7c191628
C 342
R
P 0x7f2a7c191628
P 0x7f2a7c19fa48
C 254
= 0x7f2a7c19b1e8
R
P 0x7f2a7c191628
C 342
R
P 0x7f2a7c191628
P 0x7f2a7c19b1e8
C 209
R
P 0x7f2a7c191628
C 342
R
P 0x7f2a7c191628
P 0x7f2a7c19fa48
C 260
R
P 0x7f2a7c191628
C 342
R
P 0x7f2a7c191628
P 0x7f2a7c19fa48
C 259
R
P 0x7f2a7c191628
C 342
R
P 0x7f2a7c191628
P 0x7f2a7c19fa48
C 258
R
P 0x7f2a7c191628
C 342
R
P 0x7f2a7c191628
P 0x7f2a7c19fa48
C 9
R
P 0x7f2a7c191628
C 342
R
P 0x7f2a7c191628
P 0x7f2a7c487470
P 0x7f2a7c19fa48
C 76
= 0x7f2a7c48b7d8
R
P 0x7f2a7c191628
C 342
R
P 0x7f2a7c191628
P 0x7f2a7c48b7d8
C 258
R
P 0x7f2a7c191628
C 342
R
P 0x7f2a7c191628
P 0x7f2a7c48b7d8
C 9
R
P 0x7f2a7c191628
C 342
R
P 0x7f2a7c191628
U 2
P 0x7f2a7c48b7a0
P 0x7f2a7c48b7d8
p 2
C 63
= 0x7f2a7c48b810
R
P 0x7f2a7c191628
C 342
R
P 0x7f2a7c191628
P 0x7f2a7c48b810
C 258
R
P 0x7f2a7c191628
C 342
R
P 0x7f2a7c191628
P 0x7f2a7c48b810
C 9
R
P 0x7f2a7c191628
C 342
R
P 0x7f2a7c191628
I 4
P 0x7f2a7c19b208
C 150
= 0x7f2a7c19c028
R
P 0x7f2a7c191628
C 342
R
P 0x7f2a7c191628
P 0x7f2a7c19c028
C 258
R
P 0x7f2a7c191628
C 342
R
P 0x7f2a7c191628
P 0x7f2a7c19c028
C 9
R
P 0x7f2a7c191628
C 342
R
P 0x7f2a7c191628
P 0x7f2a7c19c028
C 263
R
P 0x7f2a7c191628
C 342
R
P 0x7f2a7c191628
S "dev0T34"
C 30
R
P 0x7f2a7c191628
C 342
R
P 0x7f2a7c191628
$ |dev0T34|
C 202
R
P 0x7f2a7c191628
C 342
R
P 0x7f2a7c191628
$ |dev0T34|
P 0x7f2a7c19b1e8
C 51
= 0x7f2a7c19c248
R
P 0x7f2a7c191628
C 342
R
P 0x7f2a7c191628
P 0x7f2a7c19c248
C 257
R
P 0x7f2a7c191628
C 342
R
P 0x7f2a7c191628
P 0x7f2a7c19c248
C 254
= 0x7f2a7c19b1e8
R
P 0x7f2a7c191628
C 342
R
P 0x7f2a7c191628
P 0x7f2a7c19b1e8
C 209
R
P 0x7f2a7c191628
C 342
R
P 0x7f2a7c191628
P 0x7f2a7c19c248
C 260
R
P 0x7f2a7c191628
C 342
R
P 0x7f2a7c191628
P 0x7f2a7c19c248
C 259
R
P 0x7f2a7c191628
C 342
R
P 0x7f2a7c191628
P 0x7f2a7c19c248
C 258
R
P 0x7f2a7c191628
C 342
R
P 0x7f2a7c191628
P 0x7f2a7c19c248
C 9
R
P 0x7f2a7c191628
C 342
R
P 0x7f2a7c191628
P 0x7f2a7c19bc68
C 333
R
P 0x7f2a7c191628
C 342
R
P 0x7f2a7c191628
S "slotflowPriorityStart"
C 30
R
P 0x7f2a7c191628
C 342
R
P 0x7f2a7c191628
$ |slotflowPriorityStart|
C 202
R
P 0x7f2a7c191628
C 342
R
P 0x7f2a7c191628
$ |slotflowPriorityStart|
P 0x7f2a7c19b1e8
C 51
= 0x7f2a7c19c2a8
R
P 0x7f2a7c191628
C 342
R
P 0x7f2a7c191628
P 0x7f2a7c19c2a8
C 257
R
P 0x7f2a7c191628
C 342
R
P 0x7f2a7c191628
P 0x7f2a7c19c2a8
C 254
= 0x7f2a7c19b1e8
R
P 0x7f2a7c191628
C 342
R
P 0x7f2a7c191628
P 0x7f2a7c19b1e8
C 209
R
P 0x7f2a7c191628
C 342
R
P 0x7f2a7c191628
P 0x7f2a7c19c2a8
C 260
R
P 0x7f2a7c191628
C 342
R
P 0x7f2a7c191628
P 0x7f2a7c19c2a8
C 259
R
P 0x7f2a7c191628
C 342
R
P 0x7f2a7c191628
P 0x7f2a7c19c2a8
C 258
R
P 0x7f2a7c191628
C 342
R
P 0x7f2a7c191628
P 0x7f2a7c19c2a8
C 9
R
P 0x7f2a7c191628
C 342
R
P 0x7f2a7c191628
I 1
P 0x7f2a7c19b208
C 150
= 0x7f2a7c19bc88
R
P 0x7f2a7c191628
C 342
R
P 0x7f2a7c191628
P 0x7f2a7c19bc88
C 258
R
P 0x7f2a7c191628
C 342
R
P 0x7f2a7c191628
P 0x7f2a7c19bc88
C 9
R
P 0x7f2a7c191628
C 342
R
P 0x7f2a7c191628
I 1
P 0x7f2a7c19b208
C 150
= 0x7f2a7c19bc88
R
P 0x7f2a7c191628
C 342
R
P 0x7f2a7c191628
P 0x7f2a7c19bc88
C 258
R
P 0x7f2a7c191628
C 342
R
P 0x7f2a7c191628
P 0x7f2a7c19bc88
C 9
R
P 0x7f2a7c191628
C 342
R
P 0x7f2a7c191628
P 0x7f2a7c19bc88
P 0x7f2a7c19bc88
C 75
= 0x7f2a7c1a1778
R
P 0x7f2a7c191628
C 342
R
P 0x7f2a7c191628
P 0x7f2a7c1a1778
C 258
R
P 0x7f2a7c191628
C 342
R
P 0x7f2a7c191628
P 0x7f2a7c1a1778
C 9
R
P 0x7f2a7c191628
C 342
R
P 0x7f2a7c191628
I 1
P 0x7f2a7c19b208
C 150
= 0x7f2a7c19bc88
R
P 0x7f2a7c191628
C 342
R
P 0x7f2a7c191628
P 0x7f2a7c19bc88
C 258
R
P 0x7f2a7c191628
C 342
R
P 0x7f2a7c191628
P 0x7f2a7c19bc88
C 9
R
P 0x7f2a7c191628
C 342
R
P 0x7f2a7c191628
U 2
P 0x7f2a7c19bc88
P 0x7f2a7c19bc88
p 2
C 67
= 0x7f2a7c1a17b0
R
P 0x7f2a7c191628
C 342
R
P 0x7f2a7c191628
P 0x7f2a7c1a17b0
C 257
R
P 0x7f2a7c191628
C 342
R
P 0x7f2a7c191628
P 0x7f2a7c1a17b0
C 254
= 0x7f2a7c19b208
R
P 0x7f2a7c191628
C 342
R
P 0x7f2a7c191628
P 0x7f2a7c19b208
C 209
R
P 0x7f2a7c191628
C 342
R
P 0x7f2a7c191628
P 0x7f2a7c1a17b0
C 260
R
P 0x7f2a7c191628
C 342
R
P 0x7f2a7c191628
P 0x7f2a7c1a17b0
C 259
R
P 0x7f2a7c191628
C 342
R
P 0x7f2a7c191628
P 0x7f2a7c1a17b0
C 258
R
P 0x7f2a7c191628
C 342
R
P 0x7f2a7c191628
P 0x7f2a7c1a17b0
C 9
R
P 0x7f2a7c191628
C 342
R
P 0x7f2a7c191628
U 2
P 0x7f2a7c19bbe8
P 0x7f2a7c1a17b0
p 2
C 66
= 0x7f2a7c487b70
R
P 0x7f2a7c191628
C 342
R
P 0x7f2a7c191628
P 0x7f2a7c487b70
C 257
R
P 0x7f2a7c191628
C 342
R
P 0x7f2a7c191628
P 0x7f2a7c487b70
C 254
= 0x7f2a7c19b208
R
P 0x7f2a7c191628
C 342
R
P 0x7f2a7c191628
P 0x7f2a7c19b208
C 209
R
P 0x7f2a7c191628
C 342
R
P 0x7f2a7c191628
P 0x7f2a7c487b70
C 260
R
P 0x7f2a7c191628
C 342
R
P 0x7f2a7c191628
P 0x7f2a7c487b70
C 259
R
P 0x7f2a7c191628
C 342
R
P 0x7f2a7c191628
P 0x7f2a7c487b70
C 258
R
P 0x7f2a7c191628
C 342
R
P 0x7f2a7c191628
P 0x7f2a7c487b70
C 9
R
P 0x7f2a7c191628
C 342
R
P 0x7f2a7c191628
U 2
P 0x7f2a7c19bb88
P 0x7f2a7c487b70
p 2
C 65
= 0x7f2a7c487ba8
R
P 0x7f2a7c191628
C 342
R
P 0x7f2a7c191628
P 0x7f2a7c487ba8
C 257
R
P 0x7f2a7c191628
C 342
R
P 0x7f2a7c191628
P 0x7f2a7c487ba8
C 254
= 0x7f2a7c19b1e8
R
P 0x7f2a7c191628
C 342
R
P 0x7f2a7c191628
P 0x7f2a7c19b1e8
C 209
R
P 0x7f2a7c191628
C 342
R
P 0x7f2a7c191628
P 0x7f2a7c487ba8
C 260
R
P 0x7f2a7c191628
C 342
R
P 0x7f2a7c191628
P 0x7f2a7c487ba8
C 259
R
P 0x7f2a7c191628
C 342
R
P 0x7f2a7c191628
P 0x7f2a7c487ba8
C 258
R
P 0x7f2a7c191628
C 342
R
P 0x7f2a7c191628
P 0x7f2a7c487ba8
C 9
R
P 0x7f2a7c191628
C 342
R
P 0x7f2a7c191628
P 0x7f2a7c1a1778
P 0x7f2a7c487ba8
P 0x7f2a7c19bb88
C 59
= 0x7f2a7c19fa48
R
P 0x7f2a7c191628
C 342
R
P 0x7f2a7c191628
P 0x7f2a7c19fa48
C 257
R
P 0x7f2a7c191628
C 342
R
P 0x7f2a7c191628
P 0x7f2a7c19fa48
C 254
= 0x7f2a7c19b1e8
R
P 0x7f2a7c191628
C 342
R
P 0x7f2a7c191628
P 0x7f2a7c19b1e8
C 209
R
P 0x7f2a7c191628
C 342
R
P 0x7f2a7c191628
P 0x7f2a7c19fa48
C 260
R
P 0x7f2a7c191628
C 342
R
P 0x7f2a7c191628
P 0x7f2a7c19fa48
C 259
R
P 0x7f2a7c191628
C 342
R
P 0x7f2a7c191628
P 0x7f2a7c19fa48
C 258
R
P 0x7f2a7c191628
C 342
R
P 0x7f2a7c191628
P 0x7f2a7c19fa48
C 9
R
P 0x7f2a7c191628
C 342
R
P 0x7f2a7c191628
U 2
P 0x7f2a7c19c2a8
P 0x7f2a7c19fa48
p 2
C 65
= 0x7f2a7c487c88
R
P 0x7f2a7c191628
C 342
R
P 0x7f2a7c191628
P 0x7f2a7c487c88
C 257
R
P 0x7f2a7c191628
C 342
R
P 0x7f2a7c191628
P 0x7f2a7c487c88
C 254
= 0x7f2a7c19b1e8
R
P 0x7f2a7c191628
C 342
R
P 0x7f2a7c191628
P 0x7f2a7c19b1e8
C 209
R
P 0x7f2a7c191628
C 342
R
P 0x7f2a7c191628
P 0x7f2a7c487c88
C 260
R
P 0x7f2a7c191628
C 342
R
P 0x7f2a7c191628
P 0x7f2a7c487c88
C 259
R
P 0x7f2a7c191628
C 342
R
P 0x7f2a7c191628
P 0x7f2a7c487c88
C 258
R
P 0x7f2a7c191628
C 342
R
P 0x7f2a7c191628
P 0x7f2a7c487c88
C 9
R
P 0x7f2a7c191628
C 342
R
P 0x7f2a7c191628
U 2
P 0x7f2a7c487c88
P 0x7f2a7c19bb68
p 2
C 65
= 0x7f2a7c489870
R
P 0x7f2a7c191628
C 342
R
P 0x7f2a7c191628
P 0x7f2a7c489870
C 257
R
P 0x7f2a7c191628
C 342
R
P 0x7f2a7c191628
P 0x7f2a7c489870
C 254
= 0x7f2a7c19b1e8
R
P 0x7f2a7c191628
C 342
R
P 0x7f2a7c191628
P 0x7f2a7c19b1e8
C 209
R
P 0x7f2a7c191628
C 342
R
P 0x7f2a7c191628
P 0x7f2a7c489870
C 260
R
P 0x7f2a7c191628
C 342
R
P 0x7f2a7c191628
P 0x7f2a7c489870
C 259
R
P 0x7f2a7c191628
C 342
R
P 0x7f2a7c191628
P 0x7f2a7c489870
C 258
R
P 0x7f2a7c191628
C 342
R
P 0x7f2a7c191628
P 0x7f2a7c489870
C 9
R
P 0x7f2a7c191628
C 342
R
P 0x7f2a7c191628
P 0x7f2a7c19c248
P 0x7f2a7c489870
C 76
= 0x7f2a7c48b848
R
P 0x7f2a7c191628
C 342
R
P 0x7f2a7c191628
P 0x7f2a7c48b848
C 258
R
P 0x7f2a7c191628
C 342
R
P 0x7f2a7c191628
P 0x7f2a7c48b848
C 9
R
P 0x7f2a7c191628
C 342
R
P 0x7f2a7c191628
I 4
P 0x7f2a7c19b208
C 150
= 0x7f2a7c19c028
R
P 0x7f2a7c191628
C 342
R
P 0x7f2a7c191628
P 0x7f2a7c19c028
C 258
R
P 0x7f2a7c191628
C 342
R
P 0x7f2a7c191628
P 0x7f2a7c19c028
C 9
R
P 0x7f2a7c191628
C 342
R
P 0x7f2a7c191628
P 0x7f2a7c19c028
C 263
R
P 0x7f2a7c191628
C 342
R
P 0x7f2a7c191628
S "dev0T34"
C 30
R
P 0x7f2a7c191628
C 342
R
P 0x7f2a7c191628
$ |dev0T34|
C 202
R
P 0x7f2a7c191628
C 342
R
P 0x7f2a7c191628
$ |dev0T34|
P 0x7f2a7c19b1e8
C 51
= 0x7f2a7c19c248
R
P 0x7f2a7c191628
C 342
R
P 0x7f2a7c191628
P 0x7f2a7c19c248
C 257
R
P 0x7f2a7c191628
C 342
R
P 0x7f2a7c191628
P 0x7f2a7c19c248
C 254
= 0x7f2a7c19b1e8
R
P 0x7f2a7c191628
C 342
R
P 0x7f2a7c191628
P 0x7f2a7c19b1e8
C 209
R
P 0x7f2a7c191628
C 342
R
P 0x7f2a7c191628
P 0x7f2a7c19c248
C 260
R
P 0x7f2a7c191628
C 342
R
P 0x7f2a7c191628
P 0x7f2a7c19c248
C 259
R
P 0x7f2a7c191628
C 342
R
P 0x7f2a7c191628
P 0x7f2a7c19c248
C 258
R
P 0x7f2a7c191628
C 342
R
P 0x7f2a7c191628
P 0x7f2a7c19c248
C 9
R
P 0x7f2a7c191628
C 342
R
P 0x7f2a7c191628
P 0x7f2a7c19bc68
C 333
R
P 0x7f2a7c191628
C 342
R
P 0x7f2a7c191628
S "slotflowPriorityStart"
C 30
R
P 0x7f2a7c191628
C 342
R
P 0x7f2a7c191628
$ |slotflowPriorityStart|
C 202
R
P 0x7f2a7c191628
C 342
R
P 0x7f2a7c191628
$ |slotflowPriorityStart|
P 0x7f2a7c19b1e8
C 51
= 0x7f2a7c19c2a8
R
P 0x7f2a7c191628
C 342
R
P 0x7f2a7c191628
P 0x7f2a7c19c2a8
C 257
R
P 0x7f2a7c191628
C 342
R
P 0x7f2a7c191628
P 0x7f2a7c19c2a8
C 254
= 0x7f2a7c19b1e8
R
P 0x7f2a7c191628
C 342
R
P 0x7f2a7c191628
P 0x7f2a7c19b1e8
C 209
R
P 0x7f2a7c191628
C 342
R
P 0x7f2a7c191628
P 0x7f2a7c19c2a8
C 260
R
P 0x7f2a7c191628
C 342
R
P 0x7f2a7c191628
P 0x7f2a7c19c2a8
C 259
R
P 0x7f2a7c191628
C 342
R
P 0x7f2a7c191628
P 0x7f2a7c19c2a8
C 258
R
P 0x7f2a7c191628
C 342
R
P 0x7f2a7c191628
P 0x7f2a7c19c2a8
C 9
R
P 0x7f2a7c191628
C 342
R
P 0x7f2a7c191628
P 0x7f2a7c19bc68
C 333
R
P 0x7f2a7c191628
C 342
R
P 0x7f2a7c191628
S "slotflowPriorityDuration"
C 30
R
P 0x7f2a7c191628
C 342
R
P 0x7f2a7c191628
$ |slotflowPriorityDuration|
C 202
R
P 0x7f2a7c191628
C 342
R
P 0x7f2a7c191628
$ |slotflowPriorityDuration|
P 0x7f2a7c19b1e8
C 51
= 0x7f2a7c19c268
R
P 0x7f2a7c191628
C 342
R
P 0x7f2a7c191628
P 0x7f2a7c19c268
C 257
R
P 0x7f2a7c191628
C 342
R
P 0x7f2a7c191628
P 0x7f2a7c19c268
C 254
= 0x7f2a7c19b1e8
R
P 0x7f2a7c191628
C 342
R
P 0x7f2a7c191628
P 0x7f2a7c19b1e8
C 209
R
P 0x7f2a7c191628
C 342
R
P 0x7f2a7c191628
P 0x7f2a7c19c268
C 260
R
P 0x7f2a7c191628
C 342
R
P 0x7f2a7c191628
P 0x7f2a7c19c268
C 259
R
P 0x7f2a7c191628
C 342
R
P 0x7f2a7c191628
P 0x7f2a7c19c268
C 258
R
P 0x7f2a7c191628
C 342
R
P 0x7f2a7c191628
P 0x7f2a7c19c268
C 9
R
P 0x7f2a7c191628
C 342
R
P 0x7f2a7c191628
U 2
P 0x7f2a7c19c2a8
P 0x7f2a7c19c268
p 2
C 65
= 0x7f2a7c487908
R
P 0x7f2a7c191628
C 342
R
P 0x7f2a7c191628
P 0x7f2a7c487908
C 257
R
P 0x7f2a7c191628
C 342
R
P 0x7f2a7c191628
P 0x7f2a7c487908
C 254
= 0x7f2a7c19b1e8
R
P 0x7f2a7c191628
C 342
R
P 0x7f2a7c191628
P 0x7f2a7c19b1e8
C 209
R
P 0x7f2a7c191628
C 342
R
P 0x7f2a7c191628
P 0x7f2a7c487908
C 260
R
P 0x7f2a7c191628
C 342
R
P 0x7f2a7c191628
P 0x7f2a7c487908
C 259
R
P 0x7f2a7c191628
C 342
R
P 0x7f2a7c191628
P 0x7f2a7c487908
C 258
R
P 0x7f2a7c191628
C 342
R
P 0x7f2a7c191628
P 0x7f2a7c487908
C 9
R
P 0x7f2a7c191628
C 342
R
P 0x7f2a7c191628
I 1
P 0x7f2a7c19b208
C 150
= 0x7f2a7c19bc88
R
P 0x7f2a7c191628
C 342
R
P 0x7f2a7c191628
P 0x7f2a7c19bc88
C 258
R
P 0x7f2a7c191628
C 342
R
P 0x7f2a7c191628
P 0x7f2a7c19bc88
C 9
R
P 0x7f2a7c191628
C 342
R
P 0x7f2a7c191628
I 1
P 0x7f2a7c19b208
C 150
= 0x7f2a7c19bc88
R
P 0x7f2a7c191628
C 342
R
P 0x7f2a7c191628
P 0x7f2a7c19bc88
C 258
R
P 0x7f2a7c191628
C 342
R
P 0x7f2a7c191628
P 0x7f2a7c19bc88
C 9
R
P 0x7f2a7c191628
C 342
R
P 0x7f2a7c191628
P 0x7f2a7c19bc88
P 0x7f2a7c19bc88
C 75
= 0x7f2a7c1a1778
R
P 0x7f2a7c191628
C 342
R
P 0x7f2a7c191628
P 0x7f2a7c1a1778
C 258
R
P 0x7f2a7c191628
C 342
R
P 0x7f2a7c191628
P 0x7f2a7c1a1778
C 9
R
P 0x7f2a7c191628
C 342
R
P 0x7f2a7c191628
I 1
P 0x7f2a7c19b208
C 150
= 0x7f2a7c19bc88
R
P 0x7f2a7c191628
C 342
R
P 0x7f2a7c191628
P 0x7f2a7c19bc88
C 258
R
P 0x7f2a7c191628
C 342
R
P 0x7f2a7c191628
P 0x7f2a7c19bc88
C 9
R
P 0x7f2a7c191628
C 342
R
P 0x7f2a7c191628
U 2
P 0x7f2a7c19bc88
P 0x7f2a7c19bc88
p 2
C 67
= 0x7f2a7c1a17b0
R
P 0x7f2a7c191628
C 342
R
P 0x7f2a7c191628
P 0x7f2a7c1a17b0
C 257
R
P 0x7f2a7c191628
C 342
R
P 0x7f2a7c191628
P 0x7f2a7c1a17b0
C 254
= 0x7f2a7c19b208
R
P 0x7f2a7c191628
C 342
R
P 0x7f2a7c191628
P 0x7f2a7c19b208
C 209
R
P 0x7f2a7c191628
C 342
R
P 0x7f2a7c191628
P 0x7f2a7c1a17b0
C 260
R
P 0x7f2a7c191628
C 342
R
P 0x7f2a7c191628
P 0x7f2a7c1a17b0
C 259
R
P 0x7f2a7c191628
C 342
R
P 0x7f2a7c191628
P 0x7f2a7c1a17b0
C 258
R
P 0x7f2a7c191628
C 342
R
P 0x7f2a7c191628
P 0x7f2a7c1a17b0
C 9
R
P 0x7f2a7c191628
C 342
R
P 0x7f2a7c191628
U 2
P 0x7f2a7c19bbe8
P 0x7f2a7c1a17b0
p 2
C 66
= 0x7f2a7c487b70
R
P 0x7f2a7c191628
C 342
R
P 0x7f2a7c191628
P 0x7f2a7c487b70
C 257
R
P 0x7f2a7c191628
C 342
R
P 0x7f2a7c191628
P 0x7f2a7c487b70
C 254
= 0x7f2a7c19b208
R
P 0x7f2a7c191628
C 342
R
P 0x7f2a7c191628
P 0x7f2a7c19b208
C 209
R
P 0x7f2a7c191628
C 342
R
P 0x7f2a7c191628
P 0x7f2a7c487b70
C 260
R
P 0x7f2a7c191628
C 342
R
P 0x7f2a7c191628
P 0x7f2a7c487b70
C 259
R
P 0x7f2a7c191628
C 342
R
P 0x7f2a7c191628
P 0x7f2a7c487b70
C 258
R
P 0x7f2a7c191628
C 342
R
P 0x7f2a7c191628
P 0x7f2a7c487b70
C 9
R
P 0x7f2a7c191628
C 342
R
P 0x7f2a7c191628
U 2
P 0x7f2a7c19bb88
P 0x7f2a7c487b70
p 2
C 65
= 0x7f2a7c487ba8
R
P 0x7f2a7c191628
C 342
R
P 0x7f2a7c191628
P 0x7f2a7c487ba8
C 257
R
P 0x7f2a7c191628
C 342
R
P 0x7f2a7c191628
P 0x7f2a7c487ba8
C 254
= 0x7f2a7c19b1e8
R
P 0x7f2a7c191628
C 342
R
P 0x7f2a7c191628
P 0x7f2a7c19b1e8
C 209
R
P 0x7f2a7c191628
C 342
R
P 0x7f2a7c191628
P 0x7f2a7c487ba8
C 260
R
P 0x7f2a7c191628
C 342
R
P 0x7f2a7c191628
P 0x7f2a7c487ba8
C 259
R
P 0x7f2a7c191628
C 342
R
P 0x7f2a7c191628
P 0x7f2a7c487ba8
C 258
R
P 0x7f2a7c191628
C 342
R
P 0x7f2a7c191628
P 0x7f2a7c487ba8
C 9
R
P 0x7f2a7c191628
C 342
R
P 0x7f2a7c191628
P 0x7f2a7c1a1778
P 0x7f2a7c487ba8
P 0x7f2a7c19bb88
C 59
= 0x7f2a7c19fa48
R
P 0x7f2a7c191628
C 342
R
P 0x7f2a7c191628
P 0x7f2a7c19fa48
C 257
R
P 0x7f2a7c191628
C 342
R
P 0x7f2a7c191628
P 0x7f2a7c19fa48
C 254
= 0x7f2a7c19b1e8
R
P 0x7f2a7c191628
C 342
R
P 0x7f2a7c191628
P 0x7f2a7c19b1e8
C 209
R
P 0x7f2a7c191628
C 342
R
P 0x7f2a7c191628
P 0x7f2a7c19fa48
C 260
R
P 0x7f2a7c191628
C 342
R
P 0x7f2a7c191628
P 0x7f2a7c19fa48
C 259
R
P 0x7f2a7c191628
C 342
R
P 0x7f2a7c191628
P 0x7f2a7c19fa48
C 258
R
P 0x7f2a7c191628
C 342
R
P 0x7f2a7c191628
P 0x7f2a7c19fa48
C 9
R
P 0x7f2a7c191628
C 342
R
P 0x7f2a7c191628
U 2
P 0x7f2a7c487908
P 0x7f2a7c19fa48
p 2
C 65
= 0x7f2a7c487be0
R
P 0x7f2a7c191628
C 342
R
P 0x7f2a7c191628
P 0x7f2a7c487be0
C 257
R
P 0x7f2a7c191628
C 342
R
P 0x7f2a7c191628
P 0x7f2a7c487be0
C 254
= 0x7f2a7c19b1e8
R
P 0x7f2a7c191628
C 342
R
P 0x7f2a7c191628
P 0x7f2a7c19b1e8
C 209
R
P 0x7f2a7c191628
C 342
R
P 0x7f2a7c191628
P 0x7f2a7c487be0
C 260
R
P 0x7f2a7c191628
C 342
R
P 0x7f2a7c191628
P 0x7f2a7c487be0
C 259
R
P 0x7f2a7c191628
C 342
R
P 0x7f2a7c191628
P 0x7f2a7c487be0
C 258
R
P 0x7f2a7c191628
C 342
R
P 0x7f2a7c191628
P 0x7f2a7c487be0
C 9
R
P 0x7f2a7c191628
C 342
R
P 0x7f2a7c191628
P 0x7f2a7c19c248
P 0x7f2a7c487be0
C 74
= 0x7f2a7c48b880
R
P 0x7f2a7c191628
C 342
R
P 0x7f2a7c191628
P 0x7f2a7c48b880
C 258
R
P 0x7f2a7c191628
C 342
R
P 0x7f2a7c191628
P 0x7f2a7c48b880
C 9
R
P 0x7f2a7c191628
C 342
R
P 0x7f2a7c191628
U 2
P 0x7f2a7c48b848
P 0x7f2a7c48b880
p 2
C 63
= 0x7f2a7c48b8b8
R
P 0x7f2a7c191628
C 342
R
P 0x7f2a7c191628
P 0x7f2a7c48b8b8
C 258
R
P 0x7f2a7c191628
C 342
R
P 0x7f2a7c191628
P 0x7f2a7c48b8b8
C 9
R
P 0x7f2a7c191628
C 342
R
P 0x7f2a7c191628
P 0x7f2a7c48b810
P 0x7f2a7c48b8b8
C 61
= 0x7f2a7c48b8f0
R
P 0x7f2a7c191628
C 342
R
P 0x7f2a7c191628
P 0x7f2a7c48b8f0
C 258
R
P 0x7f2a7c191628
C 342
R
P 0x7f2a7c191628
P 0x7f2a7c48b8f0
C 9
R
P 0x7f2a7c191628
C 342
R
P 0x7f2a7c191628
P 0x7f2a7c1e1fc8
P 0x7f2a7c48b8f0
C 427
R
P 0x7f2a7c191628
C 342
R
P 0x7f2a7c191628
I 4
P 0x7f2a7c19b208
C 150
= 0x7f2a7c19c028
R
P 0x7f2a7c191628
C 342
R
P 0x7f2a7c191628
P 0x7f2a7c19c028
C 258
R
P 0x7f2a7c191628
C 342
R
P 0x7f2a7c191628
P 0x7f2a7c19c028
C 9
R
P 0x7f2a7c191628
C 342
R
P 0x7f2a7c191628
I 1
P 0x7f2a7c19b208
C 150
= 0x7f2a7c19bc88
R
P 0x7f2a7c191628
C 342
R
P 0x7f2a7c191628
P 0x7f2a7c19bc88
C 258
R
P 0x7f2a7c191628
C 342
R
P 0x7f2a7c191628
P 0x7f2a7c19bc88
C 9
R
P 0x7f2a7c191628
C 342
R
P 0x7f2a7c191628
P 0x7f2a7c19c028
P 0x7f2a7c19bc88
C 75
= 0x7f2a7c487390
R
P 0x7f2a7c191628
C 342
R
P 0x7f2a7c191628
P 0x7f2a7c487390
C 258
R
P 0x7f2a7c191628
C 342
R
P 0x7f2a7c191628
P 0x7f2a7c487390
C 9
R
P 0x7f2a7c191628
C 342
R
P 0x7f2a7c191628
I 1
P 0x7f2a7c19b208
C 150
= 0x7f2a7c19bc88
R
P 0x7f2a7c191628
C 342
R
P 0x7f2a7c191628
P 0x7f2a7c19bc88
C 258
R
P 0x7f2a7c191628
C 342
R
P 0x7f2a7c191628
P 0x7f2a7c19bc88
C 9
R
P 0x7f2a7c191628
C 342
R
P 0x7f2a7c191628
U 2
P 0x7f2a7c19c028
P 0x7f2a7c19bc88
p 2
C 67
= 0x7f2a7c4873c8
R
P 0x7f2a7c191628
C 342
R
P 0x7f2a7c191628
P 0x7f2a7c4873c8
C 257
R
P 0x7f2a7c191628
C 342
R
P 0x7f2a7c191628
P 0x7f2a7c4873c8
C 254
= 0x7f2a7c19b208
R
P 0x7f2a7c191628
C 342
R
P 0x7f2a7c191628
P 0x7f2a7c19b208
C 209
R
P 0x7f2a7c191628
C 342
R
P 0x7f2a7c191628
P 0x7f2a7c4873c8
C 260
R
P 0x7f2a7c191628
C 342
R
P 0x7f2a7c191628
P 0x7f2a7c4873c8
C 259
R
P 0x7f2a7c191628
C 342
R
P 0x7f2a7c191628
P 0x7f2a7c4873c8
C 258
R
P 0x7f2a7c191628
C 342
R
P 0x7f2a7c191628
P 0x7f2a7c4873c8
C 9
R
P 0x7f2a7c191628
C 342
R
P 0x7f2a7c191628
U 2
P 0x7f2a7c19bba8
P 0x7f2a7c4873c8
p 2
C 66
= 0x7f2a7c487400
R
P 0x7f2a7c191628
C 342
R
P 0x7f2a7c191628
P 0x7f2a7c487400
C 257
R
P 0x7f2a7c191628
C 342
R
P 0x7f2a7c191628
P 0x7f2a7c487400
C 254
= 0x7f2a7c19b1e8
R
P 0x7f2a7c191628
C 342
R
P 0x7f2a7c191628
P 0x7f2a7c19b1e8
C 209
R
P 0x7f2a7c191628
C 342
R
P 0x7f2a7c191628
P 0x7f2a7c487400
C 260
R
P 0x7f2a7c191628
C 342
R
P 0x7f2a7c191628
P 0x7f2a7c487400
C 259
R
P 0x7f2a7c191628
C 342
R
P 0x7f2a7c191628
P 0x7f2a7c487400
C 258
R
P 0x7f2a7c191628
C 342
R
P 0x7f2a7c191628
P 0x7f2a7c487400
C 9
R
P 0x7f2a7c191628
C 342
R
P 0x7f2a7c191628
U 2
P 0x7f2a7c19bc28
P 0x7f2a7c487400
p 2
C 65
= 0x7f2a7c487438
R
P 0x7f2a7c191628
C 342
R
P 0x7f2a7c191628
P 0x7f2a7c487438
C 257
R
P 0x7f2a7c191628
C 342
R
P 0x7f2a7c191628
P 0x7f2a7c487438
C 254
= 0x7f2a7c19b1e8
R
P 0x7f2a7c191628
C 342
R
P 0x7f2a7c191628
P 0x7f2a7c19b1e8
C 209
R
P 0x7f2a7c191628
C 342
R
P 0x7f2a7c191628
P 0x7f2a7c487438
C 260
R
P 0x7f2a7c191628
C 342
R
P 0x7f2a7c191628
P 0x7f2a7c487438
C 259
R
P 0x7f2a7c191628
C 342
R
P 0x7f2a7c191628
P 0x7f2a7c487438
C 258
R
P 0x7f2a7c191628
C 342
R
P 0x7f2a7c191628
P 0x7f2a7c487438
C 9
R
P 0x7f2a7c191628
C 342
R
P 0x7f2a7c191628
P 0x7f2a7c487390
P 0x7f2a7c487438
P 0x7f2a7c19bc28
C 59
= 0x7f2a7c19f9c8
R
P 0x7f2a7c191628
C 342
R
P 0x7f2a7c191628
P 0x7f2a7c19f9c8
C 257
R
P 0x7f2a7c191628
C 342
R
P 0x7f2a7c191628
P 0x7f2a7c19f9c8
C 254
= 0x7f2a7c19b1e8
R
P 0x7f2a7c191628
C 342
R
P 0x7f2a7c191628
P 0x7f2a7c19b1e8
C 209
R
P 0x7f2a7c191628
C 342
R
P 0x7f2a7c191628
P 0x7f2a7c19f9c8
C 260
R
P 0x7f2a7c191628
C 342
R
P 0x7f2a7c191628
P 0x7f2a7c19f9c8
C 259
R
P 0x7f2a7c191628
C 342
R
P 0x7f2a7c191628
P 0x7f2a7c19f9c8
C 258
R
P 0x7f2a7c191628
C 342
R
P 0x7f2a7c191628
P 0x7f2a7c19f9c8
C 9
R
P 0x7f2a7c191628
C 342
R
P 0x7f2a7c191628
U 2
P 0x7f2a7c19f9c8
P 0x7f2a7c19bb48
p 2
C 65
= 0x7f2a7c487470
R
P 0x7f2a7c191628
C 342
R
P 0x7f2a7c191628
P 0x7f2a7c487470
C 257
R
P 0x7f2a7c191628
C 342
R
P 0x7f2a7c191628
P 0x7f2a7c487470
C 254
= 0x7f2a7c19b1e8
R
P 0x7f2a7c191628
C 342
R
P 0x7f2a7c191628
P 0x7f2a7c19b1e8
C 209
R
P 0x7f2a7c191628
C 342
R
P 0x7f2a7c191628
P 0x7f2a7c487470
C 260
R
P 0x7f2a7c191628
C 342
R
P 0x7f2a7c191628
P 0x7f2a7c487470
C 259
R
P 0x7f2a7c191628
C 342
R
P 0x7f2a7c191628
P 0x7f2a7c487470
C 258
R
P 0x7f2a7c191628
C 342
R
P 0x7f2a7c191628
P 0x7f2a7c487470
C 9
R
P 0x7f2a7c191628
C 342
R
P 0x7f2a7c191628
P 0x7f2a7c19bc68
C 333
R
P 0x7f2a7c191628
C 342
R
P 0x7f2a7c191628
S "slotflowPriorityStart"
C 30
R
P 0x7f2a7c191628
C 342
R
P 0x7f2a7c191628
$ |slotflowPriorityStart|
C 202
R
P 0x7f2a7c191628
C 342
R
P 0x7f2a7c191628
$ |slotflowPriorityStart|
P 0x7f2a7c19b1e8
C 51
= 0x7f2a7c19c2a8
R
P 0x7f2a7c191628
C 342
R
P 0x7f2a7c191628
P 0x7f2a7c19c2a8
C 257
R
P 0x7f2a7c191628
C 342
R
P 0x7f2a7c191628
P 0x7f2a7c19c2a8
C 254
= 0x7f2a7c19b1e8
R
P 0x7f2a7c191628
C 342
R
P 0x7f2a7c191628
P 0x7f2a7c19b1e8
C 209
R
P 0x7f2a7c191628
C 342
R
P 0x7f2a7c191628
P 0x7f2a7c19c2a8
C 260
R
P 0x7f2a7c191628
C 342
R
P 0x7f2a7c191628
P 0x7f2a7c19c2a8
C 259
R
P 0x7f2a7c191628
C 342
R
P 0x7f2a7c191628
P 0x7f2a7c19c2a8
C 258
R
P 0x7f2a7c191628
C 342
R
P 0x7f2a7c191628
P 0x7f2a7c19c2a8
C 9
R
P 0x7f2a7c191628
C 342
R
P 0x7f2a7c191628
I 2
P 0x7f2a7c19b208
C 150
= 0x7f2a7c19bcc8
R
P 0x7f2a7c191628
C 342
R
P 0x7f2a7c191628
P 0x7f2a7c19bcc8
C 258
R
P 0x7f2a7c191628
C 342
R
P 0x7f2a7c191628
P 0x7f2a7c19bcc8
C 9
R
P 0x7f2a7c191628
C 342
R
P 0x7f2a7c191628
I 1
P 0x7f2a7c19b208
C 150
= 0x7f2a7c19bc88
R
P 0x7f2a7c191628
C 342
R
P 0x7f2a7c191628
P 0x7f2a7c19bc88
C 258
R
P 0x7f2a7c191628
C 342
R
P 0x7f2a7c191628
P 0x7f2a7c19bc88
C 9
R
P 0x7f2a7c191628
C 342
R
P 0x7f2a7c191628
P 0x7f2a7c19bcc8
P 0x7f2a7c19bc88
C 75
= 0x7f2a7c1a1890
R
P 0x7f2a7c191628
C 342
R
P 0x7f2a7c191628
P 0x7f2a7c1a1890
C 258
R
P 0x7f2a7c191628
C 342
R
P 0x7f2a7c191628
P 0x7f2a7c1a1890
C 9
R
P 0x7f2a7c191628
C 342
R
P 0x7f2a7c191628
I 1
P 0x7f2a7c19b208
C 150
= 0x7f2a7c19bc88
R
P 0x7f2a7c191628
C 342
R
P 0x7f2a7c191628
P 0x7f2a7c19bc88
C 258
R
P 0x7f2a7c191628
C 342
R
P 0x7f2a7c191628
P 0x7f2a7c19bc88
C 9
R
P 0x7f2a7c191628
C 342
R
P 0x7f2a7c191628
U 2
P 0x7f2a7c19bcc8
P 0x7f2a7c19bc88
p 2
C 67
= 0x7f2a7c1a18c8
R
P 0x7f2a7c191628
C 342
R
P 0x7f2a7c191628
P 0x7f2a7c1a18c8
C 257
R
P 0x7f2a7c191628
C 342
R
P 0x7f2a7c191628
P 0x7f2a7c1a18c8
C 254
= 0x7f2a7c19b208
R
P 0x7f2a7c191628
C 342
R
P 0x7f2a7c191628
P 0x7f2a7c19b208
C 209
R
P 0x7f2a7c191628
C 342
R
P 0x7f2a7c191628
P 0x7f2a7c1a18c8
C 260
R
P 0x7f2a7c191628
C 342
R
P 0x7f2a7c191628
P 0x7f2a7c1a18c8
C 259
R
P 0x7f2a7c191628
C 342
R
P 0x7f2a7c191628
P 0x7f2a7c1a18c8
C 258
R
P 0x7f2a7c191628
C 342
R
P 0x7f2a7c191628
P 0x7f2a7c1a18c8
C 9
R
P 0x7f2a7c191628
C 342
R
P 0x7f2a7c191628
U 2
P 0x7f2a7c19bbe8
P 0x7f2a7c1a18c8
p 2
C 66
= 0x7f2a7c487d68
R
P 0x7f2a7c191628
C 342
R
P 0x7f2a7c191628
P 0x7f2a7c487d68
C 257
R
P 0x7f2a7c191628
C 342
R
P 0x7f2a7c191628
P 0x7f2a7c487d68
C 254
= 0x7f2a7c19b208
R
P 0x7f2a7c191628
C 342
R
P 0x7f2a7c191628
P 0x7f2a7c19b208
C 209
R
P 0x7f2a7c191628
C 342
R
P 0x7f2a7c191628
P 0x7f2a7c487d68
C 260
R
P 0x7f2a7c191628
C 342
R
P 0x7f2a7c191628
P 0x7f2a7c487d68
C 259
R
P 0x7f2a7c191628
C 342
R
P 0x7f2a7c191628
P 0x7f2a7c487d68
C 258
R
P 0x7f2a7c191628
C 342
R
P 0x7f2a7c191628
P 0x7f2a7c487d68
C 9
R
P 0x7f2a7c191628
C 342
R
P 0x7f2a7c191628
U 2
P 0x7f2a7c19bb88
P 0x7f2a7c487d68
p 2
C 65
= 0x7f2a7c487da0
R
P 0x7f2a7c191628
C 342
R
P 0x7f2a7c191628
P 0x7f2a7c487da0
C 257
R
P 0x7f2a7c191628
C 342
R
P 0x7f2a7c191628
P 0x7f2a7c487da0
C 254
= 0x7f2a7c19b1e8
R
P 0x7f2a7c191628
C 342
R
P 0x7f2a7c191628
P 0x7f2a7c19b1e8
C 209
R
P 0x7f2a7c191628
C 342
R
P 0x7f2a7c191628
P 0x7f2a7c487da0
C 260
R
P 0x7f2a7c191628
C 342
R
P 0x7f2a7c191628
P 0x7f2a7c487da0
C 259
R
P 0x7f2a7c191628
C 342
R
P 0x7f2a7c191628
P 0x7f2a7c487da0
C 258
R
P 0x7f2a7c191628
C 342
R
P 0x7f2a7c191628
P 0x7f2a7c487da0
C 9
R
P 0x7f2a7c191628
C 342
R
P 0x7f2a7c191628
P 0x7f2a7c1a1890
P 0x7f2a7c487da0
P 0x7f2a7c19bb88
C 59
= 0x7f2a7c19fa88
R
P 0x7f2a7c191628
C 342
R
P 0x7f2a7c191628
P 0x7f2a7c19fa88
C 257
R
P 0x7f2a7c191628
C 342
R
P 0x7f2a7c191628
P 0x7f2a7c19fa88
C 254
= 0x7f2a7c19b1e8
R
P 0x7f2a7c191628
C 342
R
P 0x7f2a7c191628
P 0x7f2a7c19b1e8
C 209
R
P 0x7f2a7c191628
C 342
R
P 0x7f2a7c191628
P 0x7f2a7c19fa88
C 260
R
P 0x7f2a7c191628
C 342
R
P 0x7f2a7c191628
P 0x7f2a7c19fa88
C 259
R
P 0x7f2a7c191628
C 342
R
P 0x7f2a7c191628
P 0x7f2a7c19fa88
C 258
R
P 0x7f2a7c191628
C 342
R
P 0x7f2a7c191628
P 0x7f2a7c19fa88
C 9
R
P 0x7f2a7c191628
C 342
R
P 0x7f2a7c191628
U 2
P 0x7f2a7c19c2a8
P 0x7f2a7c19fa88
p 2
C 65
= 0x7f2a7c487e80
R
P 0x7f2a7c191628
C 342
R
P 0x7f2a7c191628
P 0x7f2a7c487e80
C 257
R
P 0x7f2a7c191628
C 342
R
P 0x7f2a7c191628
P 0x7f2a7c487e80
C 254
= 0x7f2a7c19b1e8
R
P 0x7f2a7c191628
C 342
R
P 0x7f2a7c191628
P 0x7f2a7c19b1e8
C 209
R
P 0x7f2a7c191628
C 342
R
P 0x7f2a7c191628
P 0x7f2a7c487e80
C 260
R
P 0x7f2a7c191628
C 342
R
P 0x7f2a7c191628
P 0x7f2a7c487e80
C 259
R
P 0x7f2a7c191628
C 342
R
P 0x7f2a7c191628
P 0x7f2a7c487e80
C 258
R
P 0x7f2a7c191628
C 342
R
P 0x7f2a7c191628
P 0x7f2a7c487e80
C 9
R
P 0x7f2a7c191628
C 342
R
P 0x7f2a7c191628
P 0x7f2a7c487470
P 0x7f2a7c487e80
C 73
= 0x7f2a7c48b928
R
P 0x7f2a7c191628
C 342
R
P 0x7f2a7c191628
P 0x7f2a7c48b928
C 258
R
P 0x7f2a7c191628
C 342
R
P 0x7f2a7c191628
P 0x7f2a7c48b928
C 9
R
P 0x7f2a7c191628
C 342
R
P 0x7f2a7c191628
I 4
P 0x7f2a7c19b208
C 150
= 0x7f2a7c19c028
R
P 0x7f2a7c191628
C 342
R
P 0x7f2a7c191628
P 0x7f2a7c19c028
C 258
R
P 0x7f2a7c191628
C 342
R
P 0x7f2a7c191628
P 0x7f2a7c19c028
C 9
R
P 0x7f2a7c191628
C 342
R
P 0x7f2a7c191628
I 1
P 0x7f2a7c19b208
C 150
= 0x7f2a7c19bc88
R
P 0x7f2a7c191628
C 342
R
P 0x7f2a7c191628
P 0x7f2a7c19bc88
C 258
R
P 0x7f2a7c191628
C 342
R
P 0x7f2a7c191628
P 0x7f2a7c19bc88
C 9
R
P 0x7f2a7c191628
C 342
R
P 0x7f2a7c191628
P 0x7f2a7c19c028
P 0x7f2a7c19bc88
C 75
= 0x7f2a7c487390
R
P 0x7f2a7c191628
C 342
R
P 0x7f2a7c191628
P 0x7f2a7c487390
C 258
R
P 0x7f2a7c191628
C 342
R
P 0x7f2a7c191628
P 0x7f2a7c487390
C 9
R
P 0x7f2a7c191628
C 342
R
P 0x7f2a7c191628
I 1
P 0x7f2a7c19b208
C 150
= 0x7f2a7c19bc88
R
P 0x7f2a7c191628
C 342
R
P 0x7f2a7c191628
P 0x7f2a7c19bc88
C 258
R
P 0x7f2a7c191628
C 342
R
P 0x7f2a7c191628
P 0x7f2a7c19bc88
C 9
R
P 0x7f2a7c191628
C 342
R
P 0x7f2a7c191628
U 2
P 0x7f2a7c19c028
P 0x7f2a7c19bc88
p 2
C 67
= 0x7f2a7c4873c8
R
P 0x7f2a7c191628
C 342
R
P 0x7f2a7c191628
P 0x7f2a7c4873c8
C 257
R
P 0x7f2a7c191628
C 342
R
P 0x7f2a7c191628
P 0x7f2a7c4873c8
C 254
= 0x7f2a7c19b208
R
P 0x7f2a7c191628
C 342
R
P 0x7f2a7c191628
P 0x7f2a7c19b208
C 209
R
P 0x7f2a7c191628
C 342
R
P 0x7f2a7c191628
P 0x7f2a7c4873c8
C 260
R
P 0x7f2a7c191628
C 342
R
P 0x7f2a7c191628
P 0x7f2a7c4873c8
C 259
R
P 0x7f2a7c191628
C 342
R
P 0x7f2a7c191628
P 0x7f2a7c4873c8
C 258
R
P 0x7f2a7c191628
C 342
R
P 0x7f2a7c191628
P 0x7f2a7c4873c8
C 9
R
P 0x7f2a7c191628
C 342
R
P 0x7f2a7c191628
U 2
P 0x7f2a7c19bba8
P 0x7f2a7c4873c8
p 2
C 66
= 0x7f2a7c487400
R
P 0x7f2a7c191628
C 342
R
P 0x7f2a7c191628
P 0x7f2a7c487400
C 257
R
P 0x7f2a7c191628
C 342
R
P 0x7f2a7c191628
P 0x7f2a7c487400
C 254
= 0x7f2a7c19b1e8
R
P 0x7f2a7c191628
C 342
R
P 0x7f2a7c191628
P 0x7f2a7c19b1e8
C 209
R
P 0x7f2a7c191628
C 342
R
P 0x7f2a7c191628
P 0x7f2a7c487400
C 260
R
P 0x7f2a7c191628
C 342
R
P 0x7f2a7c191628
P 0x7f2a7c487400
C 259
R
P 0x7f2a7c191628
C 342
R
P 0x7f2a7c191628
P 0x7f2a7c487400
C 258
R
P 0x7f2a7c191628
C 342
R
P 0x7f2a7c191628
P 0x7f2a7c487400
C 9
R
P 0x7f2a7c191628
C 342
R
P 0x7f2a7c191628
U 2
P 0x7f2a7c19bc28
P 0x7f2a7c487400
p 2
C 65
= 0x7f2a7c487438
R
P 0x7f2a7c191628
C 342
R
P 0x7f2a7c191628
P 0x7f2a7c487438
C 257
R
P 0x7f2a7c191628
C 342
R
P 0x7f2a7c191628
P 0x7f2a7c487438
C 254
= 0x7f2a7c19b1e8
R
P 0x7f2a7c191628
C 342
R
P 0x7f2a7c191628
P 0x7f2a7c19b1e8
C 209
R
P 0x7f2a7c191628
C 342
R
P 0x7f2a7c191628
P 0x7f2a7c487438
C 260
R
P 0x7f2a7c191628
C 342
R
P 0x7f2a7c191628
P 0x7f2a7c487438
C 259
R
P 0x7f2a7c191628
C 342
R
P 0x7f2a7c191628
P 0x7f2a7c487438
C 258
R
P 0x7f2a7c191628
C 342
R
P 0x7f2a7c191628
P 0x7f2a7c487438
C 9
R
P 0x7f2a7c191628
C 342
R
P 0x7f2a7c191628
P 0x7f2a7c487390
P 0x7f2a7c487438
P 0x7f2a7c19bc28
C 59
= 0x7f2a7c19f9c8
R
P 0x7f2a7c191628
C 342
R
P 0x7f2a7c191628
P 0x7f2a7c19f9c8
C 257
R
P 0x7f2a7c191628
C 342
R
P 0x7f2a7c191628
P 0x7f2a7c19f9c8
C 254
= 0x7f2a7c19b1e8
R
P 0x7f2a7c191628
C 342
R
P 0x7f2a7c191628
P 0x7f2a7c19b1e8
C 209
R
P 0x7f2a7c191628
C 342
R
P 0x7f2a7c191628
P 0x7f2a7c19f9c8
C 260
R
P 0x7f2a7c191628
C 342
R
P 0x7f2a7c191628
P 0x7f2a7c19f9c8
C 259
R
P 0x7f2a7c191628
C 342
R
P 0x7f2a7c191628
P 0x7f2a7c19f9c8
C 258
R
P 0x7f2a7c191628
C 342
R
P 0x7f2a7c191628
P 0x7f2a7c19f9c8
C 9
R
P 0x7f2a7c191628
C 342
R
P 0x7f2a7c191628
U 2
P 0x7f2a7c19f9c8
P 0x7f2a7c19bb48
p 2
C 65
= 0x7f2a7c487470
R
P 0x7f2a7c191628
C 342
R
P 0x7f2a7c191628
P 0x7f2a7c487470
C 257
R
P 0x7f2a7c191628
C 342
R
P 0x7f2a7c191628
P 0x7f2a7c487470
C 254
= 0x7f2a7c19b1e8
R
P 0x7f2a7c191628
C 342
R
P 0x7f2a7c191628
P 0x7f2a7c19b1e8
C 209
R
P 0x7f2a7c191628
C 342
R
P 0x7f2a7c191628
P 0x7f2a7c487470
C 260
R
P 0x7f2a7c191628
C 342
R
P 0x7f2a7c191628
P 0x7f2a7c487470
C 259
R
P 0x7f2a7c191628
C 342
R
P 0x7f2a7c191628
P 0x7f2a7c487470
C 258
R
P 0x7f2a7c191628
C 342
R
P 0x7f2a7c191628
P 0x7f2a7c487470
C 9
R
P 0x7f2a7c191628
C 342
R
P 0x7f2a7c191628
I 2
P 0x7f2a7c19b208
C 150
= 0x7f2a7c19bcc8
R
P 0x7f2a7c191628
C 342
R
P 0x7f2a7c191628
P 0x7f2a7c19bcc8
C 258
R
P 0x7f2a7c191628
C 342
R
P 0x7f2a7c191628
P 0x7f2a7c19bcc8
C 9
R
P 0x7f2a7c191628
C 342
R
P 0x7f2a7c191628
I 1
P 0x7f2a7c19b208
C 150
= 0x7f2a7c19bc88
R
P 0x7f2a7c191628
C 342
R
P 0x7f2a7c191628
P 0x7f2a7c19bc88
C 258
R
P 0x7f2a7c191628
C 342
R
P 0x7f2a7c191628
P 0x7f2a7c19bc88
C 9
R
P 0x7f2a7c191628
C 342
R
P 0x7f2a7c191628
P 0x7f2a7c19bcc8
P 0x7f2a7c19bc88
C 75
= 0x7f2a7c1a1890
R
P 0x7f2a7c191628
C 342
R
P 0x7f2a7c191628
P 0x7f2a7c1a1890
C 258
R
P 0x7f2a7c191628
C 342
R
P 0x7f2a7c191628
P 0x7f2a7c1a1890
C 9
R
P 0x7f2a7c191628
C 342
R
P 0x7f2a7c191628
I 1
P 0x7f2a7c19b208
C 150
= 0x7f2a7c19bc88
R
P 0x7f2a7c191628
C 342
R
P 0x7f2a7c191628
P 0x7f2a7c19bc88
C 258
R
P 0x7f2a7c191628
C 342
R
P 0x7f2a7c191628
P 0x7f2a7c19bc88
C 9
R
P 0x7f2a7c191628
C 342
R
P 0x7f2a7c191628
U 2
P 0x7f2a7c19bcc8
P 0x7f2a7c19bc88
p 2
C 67
= 0x7f2a7c1a18c8
R
P 0x7f2a7c191628
C 342
R
P 0x7f2a7c191628
P 0x7f2a7c1a18c8
C 257
R
P 0x7f2a7c191628
C 342
R
P 0x7f2a7c191628
P 0x7f2a7c1a18c8
C 254
= 0x7f2a7c19b208
R
P 0x7f2a7c191628
C 342
R
P 0x7f2a7c191628
P 0x7f2a7c19b208
C 209
R
P 0x7f2a7c191628
C 342
R
P 0x7f2a7c191628
P 0x7f2a7c1a18c8
C 260
R
P 0x7f2a7c191628
C 342
R
P 0x7f2a7c191628
P 0x7f2a7c1a18c8
C 259
R
P 0x7f2a7c191628
C 342
R
P 0x7f2a7c191628
P 0x7f2a7c1a18c8
C 258
R
P 0x7f2a7c191628
C 342
R
P 0x7f2a7c191628
P 0x7f2a7c1a18c8
C 9
R
P 0x7f2a7c191628
C 342
R
P 0x7f2a7c191628
U 2
P 0x7f2a7c19bbe8
P 0x7f2a7c1a18c8
p 2
C 66
= 0x7f2a7c487d68
R
P 0x7f2a7c191628
C 342
R
P 0x7f2a7c191628
P 0x7f2a7c487d68
C 257
R
P 0x7f2a7c191628
C 342
R
P 0x7f2a7c191628
P 0x7f2a7c487d68
C 254
= 0x7f2a7c19b208
R
P 0x7f2a7c191628
C 342
R
P 0x7f2a7c191628
P 0x7f2a7c19b208
C 209
R
P 0x7f2a7c191628
C 342
R
P 0x7f2a7c191628
P 0x7f2a7c487d68
C 260
R
P 0x7f2a7c191628
C 342
R
P 0x7f2a7c191628
P 0x7f2a7c487d68
C 259
R
P 0x7f2a7c191628
C 342
R
P 0x7f2a7c191628
P 0x7f2a7c487d68
C 258
R
P 0x7f2a7c191628
C 342
R
P 0x7f2a7c191628
P 0x7f2a7c487d68
C 9
R
P 0x7f2a7c191628
C 342
R
P 0x7f2a7c191628
U 2
P 0x7f2a7c19bb88
P 0x7f2a7c487d68
p 2
C 65
= 0x7f2a7c487da0
R
P 0x7f2a7c191628
C 342
R
P 0x7f2a7c191628
P 0x7f2a7c487da0
C 257
R
P 0x7f2a7c191628
C 342
R
P 0x7f2a7c191628
P 0x7f2a7c487da0
C 254
= 0x7f2a7c19b1e8
R
P 0x7f2a7c191628
C 342
R
P 0x7f2a7c191628
P 0x7f2a7c19b1e8
C 209
R
P 0x7f2a7c191628
C 342
R
P 0x7f2a7c191628
P 0x7f2a7c487da0
C 260
R
P 0x7f2a7c191628
C 342
R
P 0x7f2a7c191628
P 0x7f2a7c487da0
C 259
R
P 0x7f2a7c191628
C 342
R
P 0x7f2a7c191628
P 0x7f2a7c487da0
C 258
R
P 0x7f2a7c191628
C 342
R
P 0x7f2a7c191628
P 0x7f2a7c487da0
C 9
R
P 0x7f2a7c191628
C 342
R
P 0x7f2a7c191628
P 0x7f2a7c1a1890
P 0x7f2a7c487da0
P 0x7f2a7c19bb88
C 59
= 0x7f2a7c19fa88
R
P 0x7f2a7c191628
C 342
R
P 0x7f2a7c191628
P 0x7f2a7c19fa88
C 257
R
P 0x7f2a7c191628
C 342
R
P 0x7f2a7c191628
P 0x7f2a7c19fa88
C 254
= 0x7f2a7c19b1e8
R
P 0x7f2a7c191628
C 342
R
P 0x7f2a7c191628
P 0x7f2a7c19b1e8
C 209
R
P 0x7f2a7c191628
C 342
R
P 0x7f2a7c191628
P 0x7f2a7c19fa88
C 260
R
P 0x7f2a7c191628
C 342
R
P 0x7f2a7c191628
P 0x7f2a7c19fa88
C 259
R
P 0x7f2a7c191628
C 342
R
P 0x7f2a7c191628
P 0x7f2a7c19fa88
C 258
R
P 0x7f2a7c191628
C 342
R
P 0x7f2a7c191628
P 0x7f2a7c19fa88
C 9
R
P 0x7f2a7c191628
C 342
R
P 0x7f2a7c191628
P 0x7f2a7c487470
P 0x7f2a7c19fa88
C 76
= 0x7f2a7c48b960
R
P 0x7f2a7c191628
C 342
R
P 0x7f2a7c191628
P 0x7f2a7c48b960
C 258
R
P 0x7f2a7c191628
C 342
R
P 0x7f2a7c191628
P 0x7f2a7c48b960
C 9
R
P 0x7f2a7c191628
C 342
R
P 0x7f2a7c191628
U 2
P 0x7f2a7c48b928
P 0x7f2a7c48b960
p 2
C 63
= 0x7f2a7c48b998
R
P 0x7f2a7c191628
C 342
R
P 0x7f2a7c191628
P 0x7f2a7c48b998
C 258
R
P 0x7f2a7c191628
C 342
R
P 0x7f2a7c191628
P 0x7f2a7c48b998
C 9
R
P 0x7f2a7c191628
C 342
R
P 0x7f2a7c191628
I 4
P 0x7f2a7c19b208
C 150
= 0x7f2a7c19c028
R
P 0x7f2a7c191628
C 342
R
P 0x7f2a7c191628
P 0x7f2a7c19c028
C 258
R
P 0x7f2a7c191628
C 342
R
P 0x7f2a7c191628
P 0x7f2a7c19c028
C 9
R
P 0x7f2a7c191628
C 342
R
P 0x7f2a7c191628
P 0x7f2a7c19c028
C 263
R
P 0x7f2a7c191628
C 342
R
P 0x7f2a7c191628
S "dev0T34"
C 30
R
P 0x7f2a7c191628
C 342
R
P 0x7f2a7c191628
$ |dev0T34|
C 202
R
P 0x7f2a7c191628
C 342
R
P 0x7f2a7c191628
$ |dev0T34|
P 0x7f2a7c19b1e8
C 51
= 0x7f2a7c19c248
R
P 0x7f2a7c191628
C 342
R
P 0x7f2a7c191628
P 0x7f2a7c19c248
C 257
R
P 0x7f2a7c191628
C 342
R
P 0x7f2a7c191628
P 0x7f2a7c19c248
C 254
= 0x7f2a7c19b1e8
R
P 0x7f2a7c191628
C 342
R
P 0x7f2a7c191628
P 0x7f2a7c19b1e8
C 209
R
P 0x7f2a7c191628
C 342
R
P 0x7f2a7c191628
P 0x7f2a7c19c248
C 260
R
P 0x7f2a7c191628
C 342
R
P 0x7f2a7c191628
P 0x7f2a7c19c248
C 259
R
P 0x7f2a7c191628
C 342
R
P 0x7f2a7c191628
P 0x7f2a7c19c248
C 258
R
P 0x7f2a7c191628
C 342
R
P 0x7f2a7c191628
P 0x7f2a7c19c248
C 9
R
P 0x7f2a7c191628
C 342
R
P 0x7f2a7c191628
P 0x7f2a7c19bc68
C 333
R
P 0x7f2a7c191628
C 342
R
P 0x7f2a7c191628
S "slotflowPriorityStart"
C 30
R
P 0x7f2a7c191628
C 342
R
P 0x7f2a7c191628
$ |slotflowPriorityStart|
C 202
R
P 0x7f2a7c191628
C 342
R
P 0x7f2a7c191628
$ |slotflowPriorityStart|
P 0x7f2a7c19b1e8
C 51
= 0x7f2a7c19c2a8
R
P 0x7f2a7c191628
C 342
R
P 0x7f2a7c191628
P 0x7f2a7c19c2a8
C 257
R
P 0x7f2a7c191628
C 342
R
P 0x7f2a7c191628
P 0x7f2a7c19c2a8
C 254
= 0x7f2a7c19b1e8
R
P 0x7f2a7c191628
C 342
R
P 0x7f2a7c191628
P 0x7f2a7c19b1e8
C 209
R
P 0x7f2a7c191628
C 342
R
P 0x7f2a7c191628
P 0x7f2a7c19c2a8
C 260
R
P 0x7f2a7c191628
C 342
R
P 0x7f2a7c191628
P 0x7f2a7c19c2a8
C 259
R
P 0x7f2a7c191628
C 342
R
P 0x7f2a7c191628
P 0x7f2a7c19c2a8
C 258
R
P 0x7f2a7c191628
C 342
R
P 0x7f2a7c191628
P 0x7f2a7c19c2a8
C 9
R
P 0x7f2a7c191628
C 342
R
P 0x7f2a7c191628
I 2
P 0x7f2a7c19b208
C 150
= 0x7f2a7c19bcc8
R
P 0x7f2a7c191628
C 342
R
P 0x7f2a7c191628
P 0x7f2a7c19bcc8
C 258
R
P 0x7f2a7c191628
C 342
R
P 0x7f2a7c191628
P 0x7f2a7c19bcc8
C 9
R
P 0x7f2a7c191628
C 342
R
P 0x7f2a7c191628
I 1
P 0x7f2a7c19b208
C 150
= 0x7f2a7c19bc88
R
P 0x7f2a7c191628
C 342
R
P 0x7f2a7c191628
P 0x7f2a7c19bc88
C 258
R
P 0x7f2a7c191628
C 342
R
P 0x7f2a7c191628
P 0x7f2a7c19bc88
C 9
R
P 0x7f2a7c191628
C 342
R
P 0x7f2a7c191628
P 0x7f2a7c19bcc8
P 0x7f2a7c19bc88
C 75
= 0x7f2a7c1a1890
R
P 0x7f2a7c191628
C 342
R
P 0x7f2a7c191628
P 0x7f2a7c1a1890
C 258
R
P 0x7f2a7c191628
C 342
R
P 0x7f2a7c191628
P 0x7f2a7c1a1890
C 9
R
P 0x7f2a7c191628
C 342
R
P 0x7f2a7c191628
I 1
P 0x7f2a7c19b208
C 150
= 0x7f2a7c19bc88
R
P 0x7f2a7c191628
C 342
R
P 0x7f2a7c191628
P 0x7f2a7c19bc88
C 258
R
P 0x7f2a7c191628
C 342
R
P 0x7f2a7c191628
P 0x7f2a7c19bc88
C 9
R
P 0x7f2a7c191628
C 342
R
P 0x7f2a7c191628
U 2
P 0x7f2a7c19bcc8
P 0x7f2a7c19bc88
p 2
C 67
= 0x7f2a7c1a18c8
R
P 0x7f2a7c191628
C 342
R
P 0x7f2a7c191628
P 0x7f2a7c1a18c8
C 257
R
P 0x7f2a7c191628
C 342
R
P 0x7f2a7c191628
P 0x7f2a7c1a18c8
C 254
= 0x7f2a7c19b208
R
P 0x7f2a7c191628
C 342
R
P 0x7f2a7c191628
P 0x7f2a7c19b208
C 209
R
P 0x7f2a7c191628
C 342
R
P 0x7f2a7c191628
P 0x7f2a7c1a18c8
C 260
R
P 0x7f2a7c191628
C 342
R
P 0x7f2a7c191628
P 0x7f2a7c1a18c8
C 259
R
P 0x7f2a7c191628
C 342
R
P 0x7f2a7c191628
P 0x7f2a7c1a18c8
C 258
R
P 0x7f2a7c191628
C 342
R
P 0x7f2a7c191628
P 0x7f2a7c1a18c8
C 9
R
P 0x7f2a7c191628
C 342
R
P 0x7f2a7c191628
U 2
P 0x7f2a7c19bbe8
P 0x7f2a7c1a18c8
p 2
C 66
= 0x7f2a7c487d68
R
P 0x7f2a7c191628
C 342
R
P 0x7f2a7c191628
P 0x7f2a7c487d68
C 257
R
P 0x7f2a7c191628
C 342
R
P 0x7f2a7c191628
P 0x7f2a7c487d68
C 254
= 0x7f2a7c19b208
R
P 0x7f2a7c191628
C 342
R
P 0x7f2a7c191628
P 0x7f2a7c19b208
C 209
R
P 0x7f2a7c191628
C 342
R
P 0x7f2a7c191628
P 0x7f2a7c487d68
C 260
R
P 0x7f2a7c191628
C 342
R
P 0x7f2a7c191628
P 0x7f2a7c487d68
C 259
R
P 0x7f2a7c191628
C 342
R
P 0x7f2a7c191628
P 0x7f2a7c487d68
C 258
R
P 0x7f2a7c191628
C 342
R
P 0x7f2a7c191628
P 0x7f2a7c487d68
C 9
R
P 0x7f2a7c191628
C 342
R
P 0x7f2a7c191628
U 2
P 0x7f2a7c19bb88
P 0x7f2a7c487d68
p 2
C 65
= 0x7f2a7c487da0
R
P 0x7f2a7c191628
C 342
R
P 0x7f2a7c191628
P 0x7f2a7c487da0
C 257
R
P 0x7f2a7c191628
C 342
R
P 0x7f2a7c191628
P 0x7f2a7c487da0
C 254
= 0x7f2a7c19b1e8
R
P 0x7f2a7c191628
C 342
R
P 0x7f2a7c191628
P 0x7f2a7c19b1e8
C 209
R
P 0x7f2a7c191628
C 342
R
P 0x7f2a7c191628
P 0x7f2a7c487da0
C 260
R
P 0x7f2a7c191628
C 342
R
P 0x7f2a7c191628
P 0x7f2a7c487da0
C 259
R
P 0x7f2a7c191628
C 342
R
P 0x7f2a7c191628
P 0x7f2a7c487da0
C 258
R
P 0x7f2a7c191628
C 342
R
P 0x7f2a7c191628
P 0x7f2a7c487da0
C 9
R
P 0x7f2a7c191628
C 342
R
P 0x7f2a7c191628
P 0x7f2a7c1a1890
P 0x7f2a7c487da0
P 0x7f2a7c19bb88
C 59
= 0x7f2a7c19fa88
R
P 0x7f2a7c191628
C 342
R
P 0x7f2a7c191628
P 0x7f2a7c19fa88
C 257
R
P 0x7f2a7c191628
C 342
R
P 0x7f2a7c191628
P 0x7f2a7c19fa88
C 254
= 0x7f2a7c19b1e8
R
P 0x7f2a7c191628
C 342
R
P 0x7f2a7c191628
P 0x7f2a7c19b1e8
C 209
R
P 0x7f2a7c191628
C 342
R
P 0x7f2a7c191628
P 0x7f2a7c19fa88
C 260
R
P 0x7f2a7c191628
C 342
R
P 0x7f2a7c191628
P 0x7f2a7c19fa88
C 259
R
P 0x7f2a7c191628
C 342
R
P 0x7f2a7c191628
P 0x7f2a7c19fa88
C 258
R
P 0x7f2a7c191628
C 342
R
P 0x7f2a7c191628
P 0x7f2a7c19fa88
C 9
R
P 0x7f2a7c191628
C 342
R
P 0x7f2a7c191628
U 2
P 0x7f2a7c19c2a8
P 0x7f2a7c19fa88
p 2
C 65
= 0x7f2a7c487e80
R
P 0x7f2a7c191628
C 342
R
P 0x7f2a7c191628
P 0x7f2a7c487e80
C 257
R
P 0x7f2a7c191628
C 342
R
P 0x7f2a7c191628
P 0x7f2a7c487e80
C 254
= 0x7f2a7c19b1e8
R
P 0x7f2a7c191628
C 342
R
P 0x7f2a7c191628
P 0x7f2a7c19b1e8
C 209
R
P 0x7f2a7c191628
C 342
R
P 0x7f2a7c191628
P 0x7f2a7c487e80
C 260
R
P 0x7f2a7c191628
C 342
R
P 0x7f2a7c191628
P 0x7f2a7c487e80
C 259
R
P 0x7f2a7c191628
C 342
R
P 0x7f2a7c191628
P 0x7f2a7c487e80
C 258
R
P 0x7f2a7c191628
C 342
R
P 0x7f2a7c191628
P 0x7f2a7c487e80
C 9
R
P 0x7f2a7c191628
C 342
R
P 0x7f2a7c191628
U 2
P 0x7f2a7c487e80
P 0x7f2a7c19bb68
p 2
C 65
= 0x7f2a7c489a30
R
P 0x7f2a7c191628
C 342
R
P 0x7f2a7c191628
P 0x7f2a7c489a30
C 257
R
P 0x7f2a7c191628
C 342
R
P 0x7f2a7c191628
P 0x7f2a7c489a30
C 254
= 0x7f2a7c19b1e8
R
P 0x7f2a7c191628
C 342
R
P 0x7f2a7c191628
P 0x7f2a7c19b1e8
C 209
R
P 0x7f2a7c191628
C 342
R
P 0x7f2a7c191628
P 0x7f2a7c489a30
C 260
R
P 0x7f2a7c191628
C 342
R
P 0x7f2a7c191628
P 0x7f2a7c489a30
C 259
R
P 0x7f2a7c191628
C 342
R
P 0x7f2a7c191628
P 0x7f2a7c489a30
C 258
R
P 0x7f2a7c191628
C 342
R
P 0x7f2a7c191628
P 0x7f2a7c489a30
C 9
R
P 0x7f2a7c191628
C 342
R
P 0x7f2a7c191628
P 0x7f2a7c19c248
P 0x7f2a7c489a30
C 76
= 0x7f2a7c48b9d0
R
P 0x7f2a7c191628
C 342
R
P 0x7f2a7c191628
P 0x7f2a7c48b9d0
C 258
R
P 0x7f2a7c191628
C 342
R
P 0x7f2a7c191628
P 0x7f2a7c48b9d0
C 9
R
P 0x7f2a7c191628
C 342
R
P 0x7f2a7c191628
I 4
P 0x7f2a7c19b208
C 150
= 0x7f2a7c19c028
R
P 0x7f2a7c191628
C 342
R
P 0x7f2a7c191628
P 0x7f2a7c19c028
C 258
R
P 0x7f2a7c191628
C 342
R
P 0x7f2a7c191628
P 0x7f2a7c19c028
C 9
R
P 0x7f2a7c191628
C 342
R
P 0x7f2a7c191628
P 0x7f2a7c19c028
C 263
R
P 0x7f2a7c191628
C 342
R
P 0x7f2a7c191628
S "dev0T34"
C 30
R
P 0x7f2a7c191628
C 342
R
P 0x7f2a7c191628
$ |dev0T34|
C 202
R
P 0x7f2a7c191628
C 342
R
P 0x7f2a7c191628
$ |dev0T34|
P 0x7f2a7c19b1e8
C 51
= 0x7f2a7c19c248
R
P 0x7f2a7c191628
C 342
R
P 0x7f2a7c191628
P 0x7f2a7c19c248
C 257
R
P 0x7f2a7c191628
C 342
R
P 0x7f2a7c191628
P 0x7f2a7c19c248
C 254
= 0x7f2a7c19b1e8
R
P 0x7f2a7c191628
C 342
R
P 0x7f2a7c191628
P 0x7f2a7c19b1e8
C 209
R
P 0x7f2a7c191628
C 342
R
P 0x7f2a7c191628
P 0x7f2a7c19c248
C 260
R
P 0x7f2a7c191628
C 342
R
P 0x7f2a7c191628
P 0x7f2a7c19c248
C 259
R
P 0x7f2a7c191628
C 342
R
P 0x7f2a7c191628
P 0x7f2a7c19c248
C 258
R
P 0x7f2a7c191628
C 342
R
P 0x7f2a7c191628
P 0x7f2a7c19c248
C 9
R
P 0x7f2a7c191628
C 342
R
P 0x7f2a7c191628
P 0x7f2a7c19bc68
C 333
R
P 0x7f2a7c191628
C 342
R
P 0x7f2a7c191628
S "slotflowPriorityStart"
C 30
R
P 0x7f2a7c191628
C 342
R
P 0x7f2a7c191628
$ |slotflowPriorityStart|
C 202
R
P 0x7f2a7c191628
C 342
R
P 0x7f2a7c191628
$ |slotflowPriorityStart|
P 0x7f2a7c19b1e8
C 51
= 0x7f2a7c19c2a8
R
P 0x7f2a7c191628
C 342
R
P 0x7f2a7c191628
P 0x7f2a7c19c2a8
C 257
R
P 0x7f2a7c191628
C 342
R
P 0x7f2a7c191628
P 0x7f2a7c19c2a8
C 254
= 0x7f2a7c19b1e8
R
P 0x7f2a7c191628
C 342
R
P 0x7f2a7c191628
P 0x7f2a7c19b1e8
C 209
R
P 0x7f2a7c191628
C 342
R
P 0x7f2a7c191628
P 0x7f2a7c19c2a8
C 260
R
P 0x7f2a7c191628
C 342
R
P 0x7f2a7c191628
P 0x7f2a7c19c2a8
C 259
R
P 0x7f2a7c191628
C 342
R
P 0x7f2a7c191628
P 0x7f2a7c19c2a8
C 258
R
P 0x7f2a7c191628
C 342
R
P 0x7f2a7c191628
P 0x7f2a7c19c2a8
C 9
R
P 0x7f2a7c191628
C 342
R
P 0x7f2a7c191628
P 0x7f2a7c19bc68
C 333
R
P 0x7f2a7c191628
C 342
R
P 0x7f2a7c191628
S "slotflowPriorityDuration"
C 30
R
P 0x7f2a7c191628
C 342
R
P 0x7f2a7c191628
$ |slotflowPriorityDuration|
C 202
R
P 0x7f2a7c191628
C 342
R
P 0x7f2a7c191628
$ |slotflowPriorityDuration|
P 0x7f2a7c19b1e8
C 51
= 0x7f2a7c19c268
R
P 0x7f2a7c191628
C 342
R
P 0x7f2a7c191628
P 0x7f2a7c19c268
C 257
R
P 0x7f2a7c191628
C 342
R
P 0x7f2a7c191628
P 0x7f2a7c19c268
C 254
= 0x7f2a7c19b1e8
R
P 0x7f2a7c191628
C 342
R
P 0x7f2a7c191628
P 0x7f2a7c19b1e8
C 209
R
P 0x7f2a7c191628
C 342
R
P 0x7f2a7c191628
P 0x7f2a7c19c268
C 260
R
P 0x7f2a7c191628
C 342
R
P 0x7f2a7c191628
P 0x7f2a7c19c268
C 259
R
P 0x7f2a7c191628
C 342
R
P 0x7f2a7c191628
P 0x7f2a7c19c268
C 258
R
P 0x7f2a7c191628
C 342
R
P 0x7f2a7c191628
P 0x7f2a7c19c268
C 9
R
P 0x7f2a7c191628
C 342
R
P 0x7f2a7c191628
U 2
P 0x7f2a7c19c2a8
P 0x7f2a7c19c268
p 2
C 65
= 0x7f2a7c487908
R
P 0x7f2a7c191628
C 342
R
P 0x7f2a7c191628
P 0x7f2a7c487908
C 257
R
P 0x7f2a7c191628
C 342
R
P 0x7f2a7c191628
P 0x7f2a7c487908
C 254
= 0x7f2a7c19b1e8
R
P 0x7f2a7c191628
C 342
R
P 0x7f2a7c191628
P 0x7f2a7c19b1e8
C 209
R
P 0x7f2a7c191628
C 342
R
P 0x7f2a7c191628
P 0x7f2a7c487908
C 260
R
P 0x7f2a7c191628
C 342
R
P 0x7f2a7c191628
P 0x7f2a7c487908
C 259
R
P 0x7f2a7c191628
C 342
R
P 0x7f2a7c191628
P 0x7f2a7c487908
C 258
R
P 0x7f2a7c191628
C 342
R
P 0x7f2a7c191628
P 0x7f2a7c487908
C 9
R
P 0x7f2a7c191628
C 342
R
P 0x7f2a7c191628
I 2
P 0x7f2a7c19b208
C 150
= 0x7f2a7c19bcc8
R
P 0x7f2a7c191628
C 342
R
P 0x7f2a7c191628
P 0x7f2a7c19bcc8
C 258
R
P 0x7f2a7c191628
C 342
R
P 0x7f2a7c191628
P 0x7f2a7c19bcc8
C 9
R
P 0x7f2a7c191628
C 342
R
P 0x7f2a7c191628
I 1
P 0x7f2a7c19b208
C 150
= 0x7f2a7c19bc88
R
P 0x7f2a7c191628
C 342
R
P 0x7f2a7c191628
P 0x7f2a7c19bc88
C 258
R
P 0x7f2a7c191628
C 342
R
P 0x7f2a7c191628
P 0x7f2a7c19bc88
C 9
R
P 0x7f2a7c191628
C 342
R
P 0x7f2a7c191628
P 0x7f2a7c19bcc8
P 0x7f2a7c19bc88
C 75
= 0x7f2a7c1a1890
R
P 0x7f2a7c191628
C 342
R
P 0x7f2a7c191628
P 0x7f2a7c1a1890
C 258
R
P 0x7f2a7c191628
C 342
R
P 0x7f2a7c191628
P 0x7f2a7c1a1890
C 9
R
P 0x7f2a7c191628
C 342
R
P 0x7f2a7c191628
I 1
P 0x7f2a7c19b208
C 150
= 0x7f2a7c19bc88
R
P 0x7f2a7c191628
C 342
R
P 0x7f2a7c191628
P 0x7f2a7c19bc88
C 258
R
P 0x7f2a7c191628
C 342
R
P 0x7f2a7c191628
P 0x7f2a7c19bc88
C 9
R
P 0x7f2a7c191628
C 342
R
P 0x7f2a7c191628
U 2
P 0x7f2a7c19bcc8
P 0x7f2a7c19bc88
p 2
C 67
= 0x7f2a7c1a18c8
R
P 0x7f2a7c191628
C 342
R
P 0x7f2a7c191628
P 0x7f2a7c1a18c8
C 257
R
P 0x7f2a7c191628
C 342
R
P 0x7f2a7c191628
P 0x7f2a7c1a18c8
C 254
= 0x7f2a7c19b208
R
P 0x7f2a7c191628
C 342
R
P 0x7f2a7c191628
P 0x7f2a7c19b208
C 209
R
P 0x7f2a7c191628
C 342
R
P 0x7f2a7c191628
P 0x7f2a7c1a18c8
C 260
R
P 0x7f2a7c191628
C 342
R
P 0x7f2a7c191628
P 0x7f2a7c1a18c8
C 259
R
P 0x7f2a7c191628
C 342
R
P 0x7f2a7c191628
P 0x7f2a7c1a18c8
C 258
R
P 0x7f2a7c191628
C 342
R
P 0x7f2a7c191628
P 0x7f2a7c1a18c8
C 9
R
P 0x7f2a7c191628
C 342
R
P 0x7f2a7c191628
U 2
P 0x7f2a7c19bbe8
P 0x7f2a7c1a18c8
p 2
C 66
= 0x7f2a7c487d68
R
P 0x7f2a7c191628
C 342
R
P 0x7f2a7c191628
P 0x7f2a7c487d68
C 257
R
P 0x7f2a7c191628
C 342
R
P 0x7f2a7c191628
P 0x7f2a7c487d68
C 254
= 0x7f2a7c19b208
R
P 0x7f2a7c191628
C 342
R
P 0x7f2a7c191628
P 0x7f2a7c19b208
C 209
R
P 0x7f2a7c191628
C 342
R
P 0x7f2a7c191628
P 0x7f2a7c487d68
C 260
R
P 0x7f2a7c191628
C 342
R
P 0x7f2a7c191628
P 0x7f2a7c487d68
C 259
R
P 0x7f2a7c191628
C 342
R
P 0x7f2a7c191628
P 0x7f2a7c487d68
C 258
R
P 0x7f2a7c191628
C 342
R
P 0x7f2a7c191628
P 0x7f2a7c487d68
C 9
R
P 0x7f2a7c191628
C 342
R
P 0x7f2a7c191628
U 2
P 0x7f2a7c19bb88
P 0x7f2a7c487d68
p 2
C 65
= 0x7f2a7c487da0
R
P 0x7f2a7c191628
C 342
R
P 0x7f2a7c191628
P 0x7f2a7c487da0
C 257
R
P 0x7f2a7c191628
C 342
R
P 0x7f2a7c191628
P 0x7f2a7c487da0
C 254
= 0x7f2a7c19b1e8
R
P 0x7f2a7c191628
C 342
R
P 0x7f2a7c191628
P 0x7f2a7c19b1e8
C 209
R
P 0x7f2a7c191628
C 342
R
P 0x7f2a7c191628
P 0x7f2a7c487da0
C 260
R
P 0x7f2a7c191628
C 342
R
P 0x7f2a7c191628
P 0x7f2a7c487da0
C 259
R
P 0x7f2a7c191628
C 342
R
P 0x7f2a7c191628
P 0x7f2a7c487da0
C 258
R
P 0x7f2a7c191628
C 342
R
P 0x7f2a7c191628
P 0x7f2a7c487da0
C 9
R
P 0x7f2a7c191628
C 342
R
P 0x7f2a7c191628
P 0x7f2a7c1a1890
P 0x7f2a7c487da0
P 0x7f2a7c19bb88
C 59
= 0x7f2a7c19fa88
R
P 0x7f2a7c191628
C 342
R
P 0x7f2a7c191628
P 0x7f2a7c19fa88
C 257
R
P 0x7f2a7c191628
C 342
R
P 0x7f2a7c191628
P 0x7f2a7c19fa88
C 254
= 0x7f2a7c19b1e8
R
P 0x7f2a7c191628
C 342
R
P 0x7f2a7c191628
P 0x7f2a7c19b1e8
C 209
R
P 0x7f2a7c191628
C 342
R
P 0x7f2a7c191628
P 0x7f2a7c19fa88
C 260
R
P 0x7f2a7c191628
C 342
R
P 0x7f2a7c191628
P 0x7f2a7c19fa88
C 259
R
P 0x7f2a7c191628
C 342
R
P 0x7f2a7c191628
P 0x7f2a7c19fa88
C 258
R
P 0x7f2a7c191628
C 342
R
P 0x7f2a7c191628
P 0x7f2a7c19fa88
C 9
R
P 0x7f2a7c191628
C 342
R
P 0x7f2a7c191628
U 2
P 0x7f2a7c487908
P 0x7f2a7c19fa88
p 2
C 65
= 0x7f2a7c487dd8
R
P 0x7f2a7c191628
C 342
R
P 0x7f2a7c191628
P 0x7f2a7c487dd8
C 257
R
P 0x7f2a7c191628
C 342
R
P 0x7f2a7c191628
P 0x7f2a7c487dd8
C 254
= 0x7f2a7c19b1e8
R
P 0x7f2a7c191628
C 342
R
P 0x7f2a7c191628
P 0x7f2a7c19b1e8
C 209
R
P 0x7f2a7c191628
C 342
R
P 0x7f2a7c191628
P 0x7f2a7c487dd8
C 260
R
P 0x7f2a7c191628
C 342
R
P 0x7f2a7c191628
P 0x7f2a7c487dd8
C 259
R
P 0x7f2a7c191628
C 342
R
P 0x7f2a7c191628
P 0x7f2a7c487dd8
C 258
R
P 0x7f2a7c191628
C 342
R
P 0x7f2a7c191628
P 0x7f2a7c487dd8
C 9
R
P 0x7f2a7c191628
C 342
R
P 0x7f2a7c191628
P 0x7f2a7c19c248
P 0x7f2a7c487dd8
C 74
= 0x7f2a7c48ba08
R
P 0x7f2a7c191628
C 342
R
P 0x7f2a7c191628
P 0x7f2a7c48ba08
C 258
R
P 0x7f2a7c191628
C 342
R
P 0x7f2a7c191628
P 0x7f2a7c48ba08
C 9
R
P 0x7f2a7c191628
C 342
R
P 0x7f2a7c191628
U 2
P 0x7f2a7c48b9d0
P 0x7f2a7c48ba08
p 2
C 63
= 0x7f2a7c48ba40
R
P 0x7f2a7c191628
C 342
R
P 0x7f2a7c191628
P 0x7f2a7c48ba40
C 258
R
P 0x7f2a7c191628
C 342
R
P 0x7f2a7c191628
P 0x7f2a7c48ba40
C 9
R
P 0x7f2a7c191628
C 342
R
P 0x7f2a7c191628
P 0x7f2a7c48b998
P 0x7f2a7c48ba40
C 61
= 0x7f2a7c48ba78
R
P 0x7f2a7c191628
C 342
R
P 0x7f2a7c191628
P 0x7f2a7c48ba78
C 258
R
P 0x7f2a7c191628
C 342
R
P 0x7f2a7c191628
P 0x7f2a7c48ba78
C 9
R
P 0x7f2a7c191628
C 342
R
P 0x7f2a7c191628
P 0x7f2a7c1e1fc8
P 0x7f2a7c48ba78
C 427
R
P 0x7f2a7c191628
C 342
R
P 0x7f2a7c191628
I 4
P 0x7f2a7c19b208
C 150
= 0x7f2a7c19c028
R
P 0x7f2a7c191628
C 342
R
P 0x7f2a7c191628
P 0x7f2a7c19c028
C 258
R
P 0x7f2a7c191628
C 342
R
P 0x7f2a7c191628
P 0x7f2a7c19c028
C 9
R
P 0x7f2a7c191628
C 342
R
P 0x7f2a7c191628
I 1
P 0x7f2a7c19b208
C 150
= 0x7f2a7c19bc88
R
P 0x7f2a7c191628
C 342
R
P 0x7f2a7c191628
P 0x7f2a7c19bc88
C 258
R
P 0x7f2a7c191628
C 342
R
P 0x7f2a7c191628
P 0x7f2a7c19bc88
C 9
R
P 0x7f2a7c191628
C 342
R
P 0x7f2a7c191628
P 0x7f2a7c19c028
P 0x7f2a7c19bc88
C 75
= 0x7f2a7c487390
R
P 0x7f2a7c191628
C 342
R
P 0x7f2a7c191628
P 0x7f2a7c487390
C 258
R
P 0x7f2a7c191628
C 342
R
P 0x7f2a7c191628
P 0x7f2a7c487390
C 9
R
P 0x7f2a7c191628
C 342
R
P 0x7f2a7c191628
I 1
P 0x7f2a7c19b208
C 150
= 0x7f2a7c19bc88
R
P 0x7f2a7c191628
C 342
R
P 0x7f2a7c191628
P 0x7f2a7c19bc88
C 258
R
P 0x7f2a7c191628
C 342
R
P 0x7f2a7c191628
P 0x7f2a7c19bc88
C 9
R
P 0x7f2a7c191628
C 342
R
P 0x7f2a7c191628
U 2
P 0x7f2a7c19c028
P 0x7f2a7c19bc88
p 2
C 67
= 0x7f2a7c4873c8
R
P 0x7f2a7c191628
C 342
R
P 0x7f2a7c191628
P 0x7f2a7c4873c8
C 257
R
P 0x7f2a7c191628
C 342
R
P 0x7f2a7c191628
P 0x7f2a7c4873c8
C 254
= 0x7f2a7c19b208
R
P 0x7f2a7c191628
C 342
R
P 0x7f2a7c191628
P 0x7f2a7c19b208
C 209
R
P 0x7f2a7c191628
C 342
R
P 0x7f2a7c191628
P 0x7f2a7c4873c8
C 260
R
P 0x7f2a7c191628
C 342
R
P 0x7f2a7c191628
P 0x7f2a7c4873c8
C 259
R
P 0x7f2a7c191628
C 342
R
P 0x7f2a7c191628
P 0x7f2a7c4873c8
C 258
R
P 0x7f2a7c191628
C 342
R
P 0x7f2a7c191628
P 0x7f2a7c4873c8
C 9
R
P 0x7f2a7c191628
C 342
R
P 0x7f2a7c191628
U 2
P 0x7f2a7c19bba8
P 0x7f2a7c4873c8
p 2
C 66
= 0x7f2a7c487400
R
P 0x7f2a7c191628
C 342
R
P 0x7f2a7c191628
P 0x7f2a7c487400
C 257
R
P 0x7f2a7c191628
C 342
R
P 0x7f2a7c191628
P 0x7f2a7c487400
C 254
= 0x7f2a7c19b1e8
R
P 0x7f2a7c191628
C 342
R
P 0x7f2a7c191628
P 0x7f2a7c19b1e8
C 209
R
P 0x7f2a7c191628
C 342
R
P 0x7f2a7c191628
P 0x7f2a7c487400
C 260
R
P 0x7f2a7c191628
C 342
R
P 0x7f2a7c191628
P 0x7f2a7c487400
C 259
R
P 0x7f2a7c191628
C 342
R
P 0x7f2a7c191628
P 0x7f2a7c487400
C 258
R
P 0x7f2a7c191628
C 342
R
P 0x7f2a7c191628
P 0x7f2a7c487400
C 9
R
P 0x7f2a7c191628
C 342
R
P 0x7f2a7c191628
U 2
P 0x7f2a7c19bc28
P 0x7f2a7c487400
p 2
C 65
= 0x7f2a7c487438
R
P 0x7f2a7c191628
C 342
R
P 0x7f2a7c191628
P 0x7f2a7c487438
C 257
R
P 0x7f2a7c191628
C 342
R
P 0x7f2a7c191628
P 0x7f2a7c487438
C 254
= 0x7f2a7c19b1e8
R
P 0x7f2a7c191628
C 342
R
P 0x7f2a7c191628
P 0x7f2a7c19b1e8
C 209
R
P 0x7f2a7c191628
C 342
R
P 0x7f2a7c191628
P 0x7f2a7c487438
C 260
R
P 0x7f2a7c191628
C 342
R
P 0x7f2a7c191628
P 0x7f2a7c487438
C 259
R
P 0x7f2a7c191628
C 342
R
P 0x7f2a7c191628
P 0x7f2a7c487438
C 258
R
P 0x7f2a7c191628
C 342
R
P 0x7f2a7c191628
P 0x7f2a7c487438
C 9
R
P 0x7f2a7c191628
C 342
R
P 0x7f2a7c191628
P 0x7f2a7c487390
P 0x7f2a7c487438
P 0x7f2a7c19bc28
C 59
= 0x7f2a7c19f9c8
R
P 0x7f2a7c191628
C 342
R
P 0x7f2a7c191628
P 0x7f2a7c19f9c8
C 257
R
P 0x7f2a7c191628
C 342
R
P 0x7f2a7c191628
P 0x7f2a7c19f9c8
C 254
= 0x7f2a7c19b1e8
R
P 0x7f2a7c191628
C 342
R
P 0x7f2a7c191628
P 0x7f2a7c19b1e8
C 209
R
P 0x7f2a7c191628
C 342
R
P 0x7f2a7c191628
P 0x7f2a7c19f9c8
C 260
R
P 0x7f2a7c191628
C 342
R
P 0x7f2a7c191628
P 0x7f2a7c19f9c8
C 259
R
P 0x7f2a7c191628
C 342
R
P 0x7f2a7c191628
P 0x7f2a7c19f9c8
C 258
R
P 0x7f2a7c191628
C 342
R
P 0x7f2a7c191628
P 0x7f2a7c19f9c8
C 9
R
P 0x7f2a7c191628
C 342
R
P 0x7f2a7c191628
U 2
P 0x7f2a7c19f9c8
P 0x7f2a7c19bb48
p 2
C 65
= 0x7f2a7c487470
R
P 0x7f2a7c191628
C 342
R
P 0x7f2a7c191628
P 0x7f2a7c487470
C 257
R
P 0x7f2a7c191628
C 342
R
P 0x7f2a7c191628
P 0x7f2a7c487470
C 254
= 0x7f2a7c19b1e8
R
P 0x7f2a7c191628
C 342
R
P 0x7f2a7c191628
P 0x7f2a7c19b1e8
C 209
R
P 0x7f2a7c191628
C 342
R
P 0x7f2a7c191628
P 0x7f2a7c487470
C 260
R
P 0x7f2a7c191628
C 342
R
P 0x7f2a7c191628
P 0x7f2a7c487470
C 259
R
P 0x7f2a7c191628
C 342
R
P 0x7f2a7c191628
P 0x7f2a7c487470
C 258
R
P 0x7f2a7c191628
C 342
R
P 0x7f2a7c191628
P 0x7f2a7c487470
C 9
R
P 0x7f2a7c191628
C 342
R
P 0x7f2a7c191628
P 0x7f2a7c19bc68
C 333
R
P 0x7f2a7c191628
C 342
R
P 0x7f2a7c191628
S "slotflowPriorityStart"
C 30
R
P 0x7f2a7c191628
C 342
R
P 0x7f2a7c191628
$ |slotflowPriorityStart|
C 202
R
P 0x7f2a7c191628
C 342
R
P 0x7f2a7c191628
$ |slotflowPriorityStart|
P 0x7f2a7c19b1e8
C 51
= 0x7f2a7c19c2a8
R
P 0x7f2a7c191628
C 342
R
P 0x7f2a7c191628
P 0x7f2a7c19c2a8
C 257
R
P 0x7f2a7c191628
C 342
R
P 0x7f2a7c191628
P 0x7f2a7c19c2a8
C 254
= 0x7f2a7c19b1e8
R
P 0x7f2a7c191628
C 342
R
P 0x7f2a7c191628
P 0x7f2a7c19b1e8
C 209
R
P 0x7f2a7c191628
C 342
R
P 0x7f2a7c191628
P 0x7f2a7c19c2a8
C 260
R
P 0x7f2a7c191628
C 342
R
P 0x7f2a7c191628
P 0x7f2a7c19c2a8
C 259
R
P 0x7f2a7c191628
C 342
R
P 0x7f2a7c191628
P 0x7f2a7c19c2a8
C 258
R
P 0x7f2a7c191628
C 342
R
P 0x7f2a7c191628
P 0x7f2a7c19c2a8
C 9
R
P 0x7f2a7c191628
C 342
R
P 0x7f2a7c191628
I 3
P 0x7f2a7c19b208
C 150
= 0x7f2a7c19bfc8
R
P 0x7f2a7c191628
C 342
R
P 0x7f2a7c191628
P 0x7f2a7c19bfc8
C 258
R
P 0x7f2a7c191628
C 342
R
P 0x7f2a7c191628
P 0x7f2a7c19bfc8
C 9
R
P 0x7f2a7c191628
C 342
R
P 0x7f2a7c191628
I 1
P 0x7f2a7c19b208
C 150
= 0x7f2a7c19bc88
R
P 0x7f2a7c191628
C 342
R
P 0x7f2a7c191628
P 0x7f2a7c19bc88
C 258
R
P 0x7f2a7c191628
C 342
R
P 0x7f2a7c191628
P 0x7f2a7c19bc88
C 9
R
P 0x7f2a7c191628
C 342
R
P 0x7f2a7c191628
P 0x7f2a7c19bfc8
P 0x7f2a7c19bc88
C 75
= 0x7f2a7c487208
R
P 0x7f2a7c191628
C 342
R
P 0x7f2a7c191628
P 0x7f2a7c487208
C 258
R
P 0x7f2a7c191628
C 342
R
P 0x7f2a7c191628
P 0x7f2a7c487208
C 9
R
P 0x7f2a7c191628
C 342
R
P 0x7f2a7c191628
I 1
P 0x7f2a7c19b208
C 150
= 0x7f2a7c19bc88
R
P 0x7f2a7c191628
C 342
R
P 0x7f2a7c191628
P 0x7f2a7c19bc88
C 258
R
P 0x7f2a7c191628
C 342
R
P 0x7f2a7c191628
P 0x7f2a7c19bc88
C 9
R
P 0x7f2a7c191628
C 342
R
P 0x7f2a7c191628
U 2
P 0x7f2a7c19bfc8
P 0x7f2a7c19bc88
p 2
C 67
= 0x7f2a7c487240
R
P 0x7f2a7c191628
C 342
R
P 0x7f2a7c191628
P 0x7f2a7c487240
C 257
R
P 0x7f2a7c191628
C 342
R
P 0x7f2a7c191628
P 0x7f2a7c487240
C 254
= 0x7f2a7c19b208
R
P 0x7f2a7c191628
C 342
R
P 0x7f2a7c191628
P 0x7f2a7c19b208
C 209
R
P 0x7f2a7c191628
C 342
R
P 0x7f2a7c191628
P 0x7f2a7c487240
C 260
R
P 0x7f2a7c191628
C 342
R
P 0x7f2a7c191628
P 0x7f2a7c487240
C 259
R
P 0x7f2a7c191628
C 342
R
P 0x7f2a7c191628
P 0x7f2a7c487240
C 258
R
P 0x7f2a7c191628
C 342
R
P 0x7f2a7c191628
P 0x7f2a7c487240
C 9
R
P 0x7f2a7c191628
C 342
R
P 0x7f2a7c191628
U 2
P 0x7f2a7c19bbe8
P 0x7f2a7c487240
p 2
C 66
= 0x7f2a7c487f60
R
P 0x7f2a7c191628
C 342
R
P 0x7f2a7c191628
P 0x7f2a7c487f60
C 257
R
P 0x7f2a7c191628
C 342
R
P 0x7f2a7c191628
P 0x7f2a7c487f60
C 254
= 0x7f2a7c19b208
R
P 0x7f2a7c191628
C 342
R
P 0x7f2a7c191628
P 0x7f2a7c19b208
C 209
R
P 0x7f2a7c191628
C 342
R
P 0x7f2a7c191628
P 0x7f2a7c487f60
C 260
R
P 0x7f2a7c191628
C 342
R
P 0x7f2a7c191628
P 0x7f2a7c487f60
C 259
R
P 0x7f2a7c191628
C 342
R
P 0x7f2a7c191628
P 0x7f2a7c487f60
C 258
R
P 0x7f2a7c191628
C 342
R
P 0x7f2a7c191628
P 0x7f2a7c487f60
C 9
R
P 0x7f2a7c191628
C 342
R
P 0x7f2a7c191628
U 2
P 0x7f2a7c19bb88
P 0x7f2a7c487f60
p 2
C 65
= 0x7f2a7c487f98
R
P 0x7f2a7c191628
C 342
R
P 0x7f2a7c191628
P 0x7f2a7c487f98
C 257
R
P 0x7f2a7c191628
C 342
R
P 0x7f2a7c191628
P 0x7f2a7c487f98
C 254
= 0x7f2a7c19b1e8
R
P 0x7f2a7c191628
C 342
R
P 0x7f2a7c191628
P 0x7f2a7c19b1e8
C 209
R
P 0x7f2a7c191628
C 342
R
P 0x7f2a7c191628
P 0x7f2a7c487f98
C 260
R
P 0x7f2a7c191628
C 342
R
P 0x7f2a7c191628
P 0x7f2a7c487f98
C 259
R
P 0x7f2a7c191628
C 342
R
P 0x7f2a7c191628
P 0x7f2a7c487f98
C 258
R
P 0x7f2a7c191628
C 342
R
P 0x7f2a7c191628
P 0x7f2a7c487f98
C 9
R
P 0x7f2a7c191628
C 342
R
P 0x7f2a7c191628
P 0x7f2a7c487208
P 0x7f2a7c487f98
P 0x7f2a7c19bb88
C 59
= 0x7f2a7c19fac8
R
P 0x7f2a7c191628
C 342
R
P 0x7f2a7c191628
P 0x7f2a7c19fac8
C 257
R
P 0x7f2a7c191628
C 342
R
P 0x7f2a7c191628
P 0x7f2a7c19fac8
C 254
= 0x7f2a7c19b1e8
R
P 0x7f2a7c191628
C 342
R
P 0x7f2a7c191628
P 0x7f2a7c19b1e8
C 209
R
P 0x7f2a7c191628
C 342
R
P 0x7f2a7c191628
P 0x7f2a7c19fac8
C 260
R
P 0x7f2a7c191628
C 342
R
P 0x7f2a7c191628
P 0x7f2a7c19fac8
C 259
R
P 0x7f2a7c191628
C 342
R
P 0x7f2a7c191628
P 0x7f2a7c19fac8
C 258
R
P 0x7f2a7c191628
C 342
R
P 0x7f2a7c191628
P 0x7f2a7c19fac8
C 9
R
P 0x7f2a7c191628
C 342
R
P 0x7f2a7c191628
U 2
P 0x7f2a7c19c2a8
P 0x7f2a7c19fac8
p 2
C 65
= 0x7f2a7c488078
R
P 0x7f2a7c191628
C 342
R
P 0x7f2a7c191628
P 0x7f2a7c488078
C 257
R
P 0x7f2a7c191628
C 342
R
P 0x7f2a7c191628
P 0x7f2a7c488078
C 254
= 0x7f2a7c19b1e8
R
P 0x7f2a7c191628
C 342
R
P 0x7f2a7c191628
P 0x7f2a7c19b1e8
C 209
R
P 0x7f2a7c191628
C 342
R
P 0x7f2a7c191628
P 0x7f2a7c488078
C 260
R
P 0x7f2a7c191628
C 342
R
P 0x7f2a7c191628
P 0x7f2a7c488078
C 259
R
P 0x7f2a7c191628
C 342
R
P 0x7f2a7c191628
P 0x7f2a7c488078
C 258
R
P 0x7f2a7c191628
C 342
R
P 0x7f2a7c191628
P 0x7f2a7c488078
C 9
R
P 0x7f2a7c191628
C 342
R
P 0x7f2a7c191628
P 0x7f2a7c487470
P 0x7f2a7c488078
C 73
= 0x7f2a7c48bab0
R
P 0x7f2a7c191628
C 342
R
P 0x7f2a7c191628
P 0x7f2a7c48bab0
C 258
R
P 0x7f2a7c191628
C 342
R
P 0x7f2a7c191628
P 0x7f2a7c48bab0
C 9
R
P 0x7f2a7c191628
C 342
R
P 0x7f2a7c191628
I 4
P 0x7f2a7c19b208
C 150
= 0x7f2a7c19c028
R
P 0x7f2a7c191628
C 342
R
P 0x7f2a7c191628
P 0x7f2a7c19c028
C 258
R
P 0x7f2a7c191628
C 342
R
P 0x7f2a7c191628
P 0x7f2a7c19c028
C 9
R
P 0x7f2a7c191628
C 342
R
P 0x7f2a7c191628
I 1
P 0x7f2a7c19b208
C 150
= 0x7f2a7c19bc88
R
P 0x7f2a7c191628
C 342
R
P 0x7f2a7c191628
P 0x7f2a7c19bc88
C 258
R
P 0x7f2a7c191628
C 342
R
P 0x7f2a7c191628
P 0x7f2a7c19bc88
C 9
R
P 0x7f2a7c191628
C 342
R
P 0x7f2a7c191628
P 0x7f2a7c19c028
P 0x7f2a7c19bc88
C 75
= 0x7f2a7c487390
R
P 0x7f2a7c191628
C 342
R
P 0x7f2a7c191628
P 0x7f2a7c487390
C 258
R
P 0x7f2a7c191628
C 342
R
P 0x7f2a7c191628
P 0x7f2a7c487390
C 9
R
P 0x7f2a7c191628
C 342
R
P 0x7f2a7c191628
I 1
P 0x7f2a7c19b208
C 150
= 0x7f2a7c19bc88
R
P 0x7f2a7c191628
C 342
R
P 0x7f2a7c191628
P 0x7f2a7c19bc88
C 258
R
P 0x7f2a7c191628
C 342
R
P 0x7f2a7c191628
P 0x7f2a7c19bc88
C 9
R
P 0x7f2a7c191628
C 342
R
P 0x7f2a7c191628
U 2
P 0x7f2a7c19c028
P 0x7f2a7c19bc88
p 2
C 67
= 0x7f2a7c4873c8
R
P 0x7f2a7c191628
C 342
R
P 0x7f2a7c191628
P 0x7f2a7c4873c8
C 257
R
P 0x7f2a7c191628
C 342
R
P 0x7f2a7c191628
P 0x7f2a7c4873c8
C 254
= 0x7f2a7c19b208
R
P 0x7f2a7c191628
C 342
R
P 0x7f2a7c191628
P 0x7f2a7c19b208
C 209
R
P 0x7f2a7c191628
C 342
R
P 0x7f2a7c191628
P 0x7f2a7c4873c8
C 260
R
P 0x7f2a7c191628
C 342
R
P 0x7f2a7c191628
P 0x7f2a7c4873c8
C 259
R
P 0x7f2a7c191628
C 342
R
P 0x7f2a7c191628
P 0x7f2a7c4873c8
C 258
R
P 0x7f2a7c191628
C 342
R
P 0x7f2a7c191628
P 0x7f2a7c4873c8
C 9
R
P 0x7f2a7c191628
C 342
R
P 0x7f2a7c191628
U 2
P 0x7f2a7c19bba8
P 0x7f2a7c4873c8
p 2
C 66
= 0x7f2a7c487400
R
P 0x7f2a7c191628
C 342
R
P 0x7f2a7c191628
P 0x7f2a7c487400
C 257
R
P 0x7f2a7c191628
C 342
R
P 0x7f2a7c191628
P 0x7f2a7c487400
C 254
= 0x7f2a7c19b1e8
R
P 0x7f2a7c191628
C 342
R
P 0x7f2a7c191628
P 0x7f2a7c19b1e8
C 209
R
P 0x7f2a7c191628
C 342
R
P 0x7f2a7c191628
P 0x7f2a7c487400
C 260
R
P 0x7f2a7c191628
C 342
R
P 0x7f2a7c191628
P 0x7f2a7c487400
C 259
R
P 0x7f2a7c191628
C 342
R
P 0x7f2a7c191628
P 0x7f2a7c487400
C 258
R
P 0x7f2a7c191628
C 342
R
P 0x7f2a7c191628
P 0x7f2a7c487400
C 9
R
P 0x7f2a7c191628
C 342
R
P 0x7f2a7c191628
U 2
P 0x7f2a7c19bc28
P 0x7f2a7c487400
p 2
C 65
= 0x7f2a7c487438
R
P 0x7f2a7c191628
C 342
R
P 0x7f2a7c191628
P 0x7f2a7c487438
C 257
R
P 0x7f2a7c191628
C 342
R
P 0x7f2a7c191628
P 0x7f2a7c487438
C 254
= 0x7f2a7c19b1e8
R
P 0x7f2a7c191628
C 342
R
P 0x7f2a7c191628
P 0x7f2a7c19b1e8
C 209
R
P 0x7f2a7c191628
C 342
R
P 0x7f2a7c191628
P 0x7f2a7c487438
C 260
R
P 0x7f2a7c191628
C 342
R
P 0x7f2a7c191628
P 0x7f2a7c487438
C 259
R
P 0x7f2a7c191628
C 342
R
P 0x7f2a7c191628
P 0x7f2a7c487438
C 258
R
P 0x7f2a7c191628
C 342
R
P 0x7f2a7c191628
P 0x7f2a7c487438
C 9
R
P 0x7f2a7c191628
C 342
R
P 0x7f2a7c191628
P 0x7f2a7c487390
P 0x7f2a7c487438
P 0x7f2a7c19bc28
C 59
= 0x7f2a7c19f9c8
R
P 0x7f2a7c191628
C 342
R
P 0x7f2a7c191628
P 0x7f2a7c19f9c8
C 257
R
P 0x7f2a7c191628
C 342
R
P 0x7f2a7c191628
P 0x7f2a7c19f9c8
C 254
= 0x7f2a7c19b1e8
R
P 0x7f2a7c191628
C 342
R
P 0x7f2a7c191628
P 0x7f2a7c19b1e8
C 209
R
P 0x7f2a7c191628
C 342
R
P 0x7f2a7c191628
P 0x7f2a7c19f9c8
C 260
R
P 0x7f2a7c191628
C 342
R
P 0x7f2a7c191628
P 0x7f2a7c19f9c8
C 259
R
P 0x7f2a7c191628
C 342
R
P 0x7f2a7c191628
P 0x7f2a7c19f9c8
C 258
R
P 0x7f2a7c191628
C 342
R
P 0x7f2a7c191628
P 0x7f2a7c19f9c8
C 9
R
P 0x7f2a7c191628
C 342
R
P 0x7f2a7c191628
U 2
P 0x7f2a7c19f9c8
P 0x7f2a7c19bb48
p 2
C 65
= 0x7f2a7c487470
R
P 0x7f2a7c191628
C 342
R
P 0x7f2a7c191628
P 0x7f2a7c487470
C 257
R
P 0x7f2a7c191628
C 342
R
P 0x7f2a7c191628
P 0x7f2a7c487470
C 254
= 0x7f2a7c19b1e8
R
P 0x7f2a7c191628
C 342
R
P 0x7f2a7c191628
P 0x7f2a7c19b1e8
C 209
R
P 0x7f2a7c191628
C 342
R
P 0x7f2a7c191628
P 0x7f2a7c487470
C 260
R
P 0x7f2a7c191628
C 342
R
P 0x7f2a7c191628
P 0x7f2a7c487470
C 259
R
P 0x7f2a7c191628
C 342
R
P 0x7f2a7c191628
P 0x7f2a7c487470
C 258
R
P 0x7f2a7c191628
C 342
R
P 0x7f2a7c191628
P 0x7f2a7c487470
C 9
R
P 0x7f2a7c191628
C 342
R
P 0x7f2a7c191628
I 3
P 0x7f2a7c19b208
C 150
= 0x7f2a7c19bfc8
R
P 0x7f2a7c191628
C 342
R
P 0x7f2a7c191628
P 0x7f2a7c19bfc8
C 258
R
P 0x7f2a7c191628
C 342
R
P 0x7f2a7c191628
P 0x7f2a7c19bfc8
C 9
R
P 0x7f2a7c191628
C 342
R
P 0x7f2a7c191628
I 1
P 0x7f2a7c19b208
C 150
= 0x7f2a7c19bc88
R
P 0x7f2a7c191628
C 342
R
P 0x7f2a7c191628
P 0x7f2a7c19bc88
C 258
R
P 0x7f2a7c191628
C 342
R
P 0x7f2a7c191628
P 0x7f2a7c19bc88
C 9
R
P 0x7f2a7c191628
C 342
R
P 0x7f2a7c191628
P 0x7f2a7c19bfc8
P 0x7f2a7c19bc88
C 75
= 0x7f2a7c487208
R
P 0x7f2a7c191628
C 342
R
P 0x7f2a7c191628
P 0x7f2a7c487208
C 258
R
P 0x7f2a7c191628
C 342
R
P 0x7f2a7c191628
P 0x7f2a7c487208
C 9
R
P 0x7f2a7c191628
C 342
R
P 0x7f2a7c191628
I 1
P 0x7f2a7c19b208
C 150
= 0x7f2a7c19bc88
R
P 0x7f2a7c191628
C 342
R
P 0x7f2a7c191628
P 0x7f2a7c19bc88
C 258
R
P 0x7f2a7c191628
C 342
R
P 0x7f2a7c191628
P 0x7f2a7c19bc88
C 9
R
P 0x7f2a7c191628
C 342
R
P 0x7f2a7c191628
U 2
P 0x7f2a7c19bfc8
P 0x7f2a7c19bc88
p 2
C 67
= 0x7f2a7c487240
R
P 0x7f2a7c191628
C 342
R
P 0x7f2a7c191628
P 0x7f2a7c487240
C 257
R
P 0x7f2a7c191628
C 342
R
P 0x7f2a7c191628
P 0x7f2a7c487240
C 254
= 0x7f2a7c19b208
R
P 0x7f2a7c191628
C 342
R
P 0x7f2a7c191628
P 0x7f2a7c19b208
C 209
R
P 0x7f2a7c191628
C 342
R
P 0x7f2a7c191628
P 0x7f2a7c487240
C 260
R
P 0x7f2a7c191628
C 342
R
P 0x7f2a7c191628
P 0x7f2a7c487240
C 259
R
P 0x7f2a7c191628
C 342
R
P 0x7f2a7c191628
P 0x7f2a7c487240
C 258
R
P 0x7f2a7c191628
C 342
R
P 0x7f2a7c191628
P 0x7f2a7c487240
C 9
R
P 0x7f2a7c191628
C 342
R
P 0x7f2a7c191628
U 2
P 0x7f2a7c19bbe8
P 0x7f2a7c487240
p 2
C 66
= 0x7f2a7c487f60
R
P 0x7f2a7c191628
C 342
R
P 0x7f2a7c191628
P 0x7f2a7c487f60
C 257
R
P 0x7f2a7c191628
C 342
R
P 0x7f2a7c191628
P 0x7f2a7c487f60
C 254
= 0x7f2a7c19b208
R
P 0x7f2a7c191628
C 342
R
P 0x7f2a7c191628
P 0x7f2a7c19b208
C 209
R
P 0x7f2a7c191628
C 342
R
P 0x7f2a7c191628
P 0x7f2a7c487f60
C 260
R
P 0x7f2a7c191628
C 342
R
P 0x7f2a7c191628
P 0x7f2a7c487f60
C 259
R
P 0x7f2a7c191628
C 342
R
P 0x7f2a7c191628
P 0x7f2a7c487f60
C 258
R
P 0x7f2a7c191628
C 342
R
P 0x7f2a7c191628
P 0x7f2a7c487f60
C 9
R
P 0x7f2a7c191628
C 342
R
P 0x7f2a7c191628
U 2
P 0x7f2a7c19bb88
P 0x7f2a7c487f60
p 2
C 65
= 0x7f2a7c487f98
R
P 0x7f2a7c191628
C 342
R
P 0x7f2a7c191628
P 0x7f2a7c487f98
C 257
R
P 0x7f2a7c191628
C 342
R
P 0x7f2a7c191628
P 0x7f2a7c487f98
C 254
= 0x7f2a7c19b1e8
R
P 0x7f2a7c191628
C 342
R
P 0x7f2a7c191628
P 0x7f2a7c19b1e8
C 209
R
P 0x7f2a7c191628
C 342
R
P 0x7f2a7c191628
P 0x7f2a7c487f98
C 260
R
P 0x7f2a7c191628
C 342
R
P 0x7f2a7c191628
P 0x7f2a7c487f98
C 259
R
P 0x7f2a7c191628
C 342
R
P 0x7f2a7c191628
P 0x7f2a7c487f98
C 258
R
P 0x7f2a7c191628
C 342
R
P 0x7f2a7c191628
P 0x7f2a7c487f98
C 9
R
P 0x7f2a7c191628
C 342
R
P 0x7f2a7c191628
P 0x7f2a7c487208
P 0x7f2a7c487f98
P 0x7f2a7c19bb88
C 59
= 0x7f2a7c19fac8
R
P 0x7f2a7c191628
C 342
R
P 0x7f2a7c191628
P 0x7f2a7c19fac8
C 257
R
P 0x7f2a7c191628
C 342
R
P 0x7f2a7c191628
P 0x7f2a7c19fac8
C 254
= 0x7f2a7c19b1e8
R
P 0x7f2a7c191628
C 342
R
P 0x7f2a7c191628
P 0x7f2a7c19b1e8
C 209
R
P 0x7f2a7c191628
C 342
R
P 0x7f2a7c191628
P 0x7f2a7c19fac8
C 260
R
P 0x7f2a7c191628
C 342
R
P 0x7f2a7c191628
P 0x7f2a7c19fac8
C 259
R
P 0x7f2a7c191628
C 342
R
P 0x7f2a7c191628
P 0x7f2a7c19fac8
C 258
R
P 0x7f2a7c191628
C 342
R
P 0x7f2a7c191628
P 0x7f2a7c19fac8
C 9
R
P 0x7f2a7c191628
C 342
R
P 0x7f2a7c191628
P 0x7f2a7c487470
P 0x7f2a7c19fac8
C 76
= 0x7f2a7c48bae8
R
P 0x7f2a7c191628
C 342
R
P 0x7f2a7c191628
P 0x7f2a7c48bae8
C 258
R
P 0x7f2a7c191628
C 342
R
P 0x7f2a7c191628
P 0x7f2a7c48bae8
C 9
R
P 0x7f2a7c191628
C 342
R
P 0x7f2a7c191628
U 2
P 0x7f2a7c48bab0
P 0x7f2a7c48bae8
p 2
C 63
= 0x7f2a7c48bb20
R
P 0x7f2a7c191628
C 342
R
P 0x7f2a7c191628
P 0x7f2a7c48bb20
C 258
R
P 0x7f2a7c191628
C 342
R
P 0x7f2a7c191628
P 0x7f2a7c48bb20
C 9
R
P 0x7f2a7c191628
C 342
R
P 0x7f2a7c191628
I 4
P 0x7f2a7c19b208
C 150
= 0x7f2a7c19c028
R
P 0x7f2a7c191628
C 342
R
P 0x7f2a7c191628
P 0x7f2a7c19c028
C 258
R
P 0x7f2a7c191628
C 342
R
P 0x7f2a7c191628
P 0x7f2a7c19c028
C 9
R
P 0x7f2a7c191628
C 342
R
P 0x7f2a7c191628
P 0x7f2a7c19c028
C 263
R
P 0x7f2a7c191628
C 342
R
P 0x7f2a7c191628
S "dev0T34"
C 30
R
P 0x7f2a7c191628
C 342
R
P 0x7f2a7c191628
$ |dev0T34|
C 202
R
P 0x7f2a7c191628
C 342
R
P 0x7f2a7c191628
$ |dev0T34|
P 0x7f2a7c19b1e8
C 51
= 0x7f2a7c19c248
R
P 0x7f2a7c191628
C 342
R
P 0x7f2a7c191628
P 0x7f2a7c19c248
C 257
R
P 0x7f2a7c191628
C 342
R
P 0x7f2a7c191628
P 0x7f2a7c19c248
C 254
= 0x7f2a7c19b1e8
R
P 0x7f2a7c191628
C 342
R
P 0x7f2a7c191628
P 0x7f2a7c19b1e8
C 209
R
P 0x7f2a7c191628
C 342
R
P 0x7f2a7c191628
P 0x7f2a7c19c248
C 260
R
P 0x7f2a7c191628
C 342
R
P 0x7f2a7c191628
P 0x7f2a7c19c248
C 259
R
P 0x7f2a7c191628
C 342
R
P 0x7f2a7c191628
P 0x7f2a7c19c248
C 258
R
P 0x7f2a7c191628
C 342
R
P 0x7f2a7c191628
P 0x7f2a7c19c248
C 9
R
P 0x7f2a7c191628
C 342
R
P 0x7f2a7c191628
P 0x7f2a7c19bc68
C 333
R
P 0x7f2a7c191628
C 342
R
P 0x7f2a7c191628
S "slotflowPriorityStart"
C 30
R
P 0x7f2a7c191628
C 342
R
P 0x7f2a7c191628
$ |slotflowPriorityStart|
C 202
R
P 0x7f2a7c191628
C 342
R
P 0x7f2a7c191628
$ |slotflowPriorityStart|
P 0x7f2a7c19b1e8
C 51
= 0x7f2a7c19c2a8
R
P 0x7f2a7c191628
C 342
R
P 0x7f2a7c191628
P 0x7f2a7c19c2a8
C 257
R
P 0x7f2a7c191628
C 342
R
P 0x7f2a7c191628
P 0x7f2a7c19c2a8
C 254
= 0x7f2a7c19b1e8
R
P 0x7f2a7c191628
C 342
R
P 0x7f2a7c191628
P 0x7f2a7c19b1e8
C 209
R
P 0x7f2a7c191628
C 342
R
P 0x7f2a7c191628
P 0x7f2a7c19c2a8
C 260
R
P 0x7f2a7c191628
C 342
R
P 0x7f2a7c191628
P 0x7f2a7c19c2a8
C 259
R
P 0x7f2a7c191628
C 342
R
P 0x7f2a7c191628
P 0x7f2a7c19c2a8
C 258
R
P 0x7f2a7c191628
C 342
R
P 0x7f2a7c191628
P 0x7f2a7c19c2a8
C 9
R
P 0x7f2a7c191628
C 342
R
P 0x7f2a7c191628
I 3
P 0x7f2a7c19b208
C 150
= 0x7f2a7c19bfc8
R
P 0x7f2a7c191628
C 342
R
P 0x7f2a7c191628
P 0x7f2a7c19bfc8
C 258
R
P 0x7f2a7c191628
C 342
R
P 0x7f2a7c191628
P 0x7f2a7c19bfc8
C 9
R
P 0x7f2a7c191628
C 342
R
P 0x7f2a7c191628
I 1
P 0x7f2a7c19b208
C 150
= 0x7f2a7c19bc88
R
P 0x7f2a7c191628
C 342
R
P 0x7f2a7c191628
P 0x7f2a7c19bc88
C 258
R
P 0x7f2a7c191628
C 342
R
P 0x7f2a7c191628
P 0x7f2a7c19bc88
C 9
R
P 0x7f2a7c191628
C 342
R
P 0x7f2a7c191628
P 0x7f2a7c19bfc8
P 0x7f2a7c19bc88
C 75
= 0x7f2a7c487208
R
P 0x7f2a7c191628
C 342
R
P 0x7f2a7c191628
P 0x7f2a7c487208
C 258
R
P 0x7f2a7c191628
C 342
R
P 0x7f2a7c191628
P 0x7f2a7c487208
C 9
R
P 0x7f2a7c191628
C 342
R
P 0x7f2a7c191628
I 1
P 0x7f2a7c19b208
C 150
= 0x7f2a7c19bc88
R
P 0x7f2a7c191628
C 342
R
P 0x7f2a7c191628
P 0x7f2a7c19bc88
C 258
R
P 0x7f2a7c191628
C 342
R
P 0x7f2a7c191628
P 0x7f2a7c19bc88
C 9
R
P 0x7f2a7c191628
C 342
R
P 0x7f2a7c191628
U 2
P 0x7f2a7c19bfc8
P 0x7f2a7c19bc88
p 2
C 67
= 0x7f2a7c487240
R
P 0x7f2a7c191628
C 342
R
P 0x7f2a7c191628
P 0x7f2a7c487240
C 257
R
P 0x7f2a7c191628
C 342
R
P 0x7f2a7c191628
P 0x7f2a7c487240
C 254
= 0x7f2a7c19b208
R
P 0x7f2a7c191628
C 342
R
P 0x7f2a7c191628
P 0x7f2a7c19b208
C 209
R
P 0x7f2a7c191628
C 342
R
P 0x7f2a7c191628
P 0x7f2a7c487240
C 260
R
P 0x7f2a7c191628
C 342
R
P 0x7f2a7c191628
P 0x7f2a7c487240
C 259
R
P 0x7f2a7c191628
C 342
R
P 0x7f2a7c191628
P 0x7f2a7c487240
C 258
R
P 0x7f2a7c191628
C 342
R
P 0x7f2a7c191628
P 0x7f2a7c487240
C 9
R
P 0x7f2a7c191628
C 342
R
P 0x7f2a7c191628
U 2
P 0x7f2a7c19bbe8
P 0x7f2a7c487240
p 2
C 66
= 0x7f2a7c487f60
R
P 0x7f2a7c191628
C 342
R
P 0x7f2a7c191628
P 0x7f2a7c487f60
C 257
R
P 0x7f2a7c191628
C 342
R
P 0x7f2a7c191628
P 0x7f2a7c487f60
C 254
= 0x7f2a7c19b208
R
P 0x7f2a7c191628
C 342
R
P 0x7f2a7c191628
P 0x7f2a7c19b208
C 209
R
P 0x7f2a7c191628
C 342
R
P 0x7f2a7c191628
P 0x7f2a7c487f60
C 260
R
P 0x7f2a7c191628
C 342
R
P 0x7f2a7c191628
P 0x7f2a7c487f60
C 259
R
P 0x7f2a7c191628
C 342
R
P 0x7f2a7c191628
P 0x7f2a7c487f60
C 258
R
P 0x7f2a7c191628
C 342
R
P 0x7f2a7c191628
P 0x7f2a7c487f60
C 9
R
P 0x7f2a7c191628
C 342
R
P 0x7f2a7c191628
U 2
P 0x7f2a7c19bb88
P 0x7f2a7c487f60
p 2
C 65
= 0x7f2a7c487f98
R
P 0x7f2a7c191628
C 342
R
P 0x7f2a7c191628
P 0x7f2a7c487f98
C 257
R
P 0x7f2a7c191628
C 342
R
P 0x7f2a7c191628
P 0x7f2a7c487f98
C 254
= 0x7f2a7c19b1e8
R
P 0x7f2a7c191628
C 342
R
P 0x7f2a7c191628
P 0x7f2a7c19b1e8
C 209
R
P 0x7f2a7c191628
C 342
R
P 0x7f2a7c191628
P 0x7f2a7c487f98
C 260
R
P 0x7f2a7c191628
C 342
R
P 0x7f2a7c191628
P 0x7f2a7c487f98
C 259
R
P 0x7f2a7c191628
C 342
R
P 0x7f2a7c191628
P 0x7f2a7c487f98
C 258
R
P 0x7f2a7c191628
C 342
R
P 0x7f2a7c191628
P 0x7f2a7c487f98
C 9
R
P 0x7f2a7c191628
C 342
R
P 0x7f2a7c191628
P 0x7f2a7c487208
P 0x7f2a7c487f98
P 0x7f2a7c19bb88
C 59
= 0x7f2a7c19fac8
R
P 0x7f2a7c191628
C 342
R
P 0x7f2a7c191628
P 0x7f2a7c19fac8
C 257
R
P 0x7f2a7c191628
C 342
R
P 0x7f2a7c191628
P 0x7f2a7c19fac8
C 254
= 0x7f2a7c19b1e8
R
P 0x7f2a7c191628
C 342
R
P 0x7f2a7c191628
P 0x7f2a7c19b1e8
C 209
R
P 0x7f2a7c191628
C 342
R
P 0x7f2a7c191628
P 0x7f2a7c19fac8
C 260
R
P 0x7f2a7c191628
C 342
R
P 0x7f2a7c191628
P 0x7f2a7c19fac8
C 259
R
P 0x7f2a7c191628
C 342
R
P 0x7f2a7c191628
P 0x7f2a7c19fac8
C 258
R
P 0x7f2a7c191628
C 342
R
P 0x7f2a7c191628
P 0x7f2a7c19fac8
C 9
R
P 0x7f2a7c191628
C 342
R
P 0x7f2a7c191628
U 2
P 0x7f2a7c19c2a8
P 0x7f2a7c19fac8
p 2
C 65
= 0x7f2a7c488078
R
P 0x7f2a7c191628
C 342
R
P 0x7f2a7c191628
P 0x7f2a7c488078
C 257
R
P 0x7f2a7c191628
C 342
R
P 0x7f2a7c191628
P 0x7f2a7c488078
C 254
= 0x7f2a7c19b1e8
R
P 0x7f2a7c191628
C 342
R
P 0x7f2a7c191628
P 0x7f2a7c19b1e8
C 209
R
P 0x7f2a7c191628
C 342
R
P 0x7f2a7c191628
P 0x7f2a7c488078
C 260
R
P 0x7f2a7c191628
C 342
R
P 0x7f2a7c191628
P 0x7f2a7c488078
C 259
R
P 0x7f2a7c191628
C 342
R
P 0x7f2a7c191628
P 0x7f2a7c488078
C 258
R
P 0x7f2a7c191628
C 342
R
P 0x7f2a7c191628
P 0x7f2a7c488078
C 9
R
P 0x7f2a7c191628
C 342
R
P 0x7f2a7c191628
U 2
P 0x7f2a7c488078
P 0x7f2a7c19bb68
p 2
C 65
= 0x7f2a7c489bf0
R
P 0x7f2a7c191628
C 342
R
P 0x7f2a7c191628
P 0x7f2a7c489bf0
C 257
R
P 0x7f2a7c191628
C 342
R
P 0x7f2a7c191628
P 0x7f2a7c489bf0
C 254
= 0x7f2a7c19b1e8
R
P 0x7f2a7c191628
C 342
R
P 0x7f2a7c191628
P 0x7f2a7c19b1e8
C 209
R
P 0x7f2a7c191628
C 342
R
P 0x7f2a7c191628
P 0x7f2a7c489bf0
C 260
R
P 0x7f2a7c191628
C 342
R
P 0x7f2a7c191628
P 0x7f2a7c489bf0
C 259
R
P 0x7f2a7c191628
C 342
R
P 0x7f2a7c191628
P 0x7f2a7c489bf0
C 258
R
P 0x7f2a7c191628
C 342
R
P 0x7f2a7c191628
P 0x7f2a7c489bf0
C 9
R
P 0x7f2a7c191628
C 342
R
P 0x7f2a7c191628
P 0x7f2a7c19c248
P 0x7f2a7c489bf0
C 76
= 0x7f2a7c48bb58
R
P 0x7f2a7c191628
C 342
R
P 0x7f2a7c191628
P 0x7f2a7c48bb58
C 258
R
P 0x7f2a7c191628
C 342
R
P 0x7f2a7c191628
P 0x7f2a7c48bb58
C 9
R
P 0x7f2a7c191628
C 342
R
P 0x7f2a7c191628
I 4
P 0x7f2a7c19b208
C 150
= 0x7f2a7c19c028
R
P 0x7f2a7c191628
C 342
R
P 0x7f2a7c191628
P 0x7f2a7c19c028
C 258
R
P 0x7f2a7c191628
C 342
R
P 0x7f2a7c191628
P 0x7f2a7c19c028
C 9
R
P 0x7f2a7c191628
C 342
R
P 0x7f2a7c191628
P 0x7f2a7c19c028
C 263
R
P 0x7f2a7c191628
C 342
R
P 0x7f2a7c191628
S "dev0T34"
C 30
R
P 0x7f2a7c191628
C 342
R
P 0x7f2a7c191628
$ |dev0T34|
C 202
R
P 0x7f2a7c191628
C 342
R
P 0x7f2a7c191628
$ |dev0T34|
P 0x7f2a7c19b1e8
C 51
= 0x7f2a7c19c248
R
P 0x7f2a7c191628
C 342
R
P 0x7f2a7c191628
P 0x7f2a7c19c248
C 257
R
P 0x7f2a7c191628
C 342
R
P 0x7f2a7c191628
P 0x7f2a7c19c248
C 254
= 0x7f2a7c19b1e8
R
P 0x7f2a7c191628
C 342
R
P 0x7f2a7c191628
P 0x7f2a7c19b1e8
C 209
R
P 0x7f2a7c191628
C 342
R
P 0x7f2a7c191628
P 0x7f2a7c19c248
C 260
R
P 0x7f2a7c191628
C 342
R
P 0x7f2a7c191628
P 0x7f2a7c19c248
C 259
R
P 0x7f2a7c191628
C 342
R
P 0x7f2a7c191628
P 0x7f2a7c19c248
C 258
R
P 0x7f2a7c191628
C 342
R
P 0x7f2a7c191628
P 0x7f2a7c19c248
C 9
R
P 0x7f2a7c191628
C 342
R
P 0x7f2a7c191628
P 0x7f2a7c19bc68
C 333
R
P 0x7f2a7c191628
C 342
R
P 0x7f2a7c191628
S "slotflowPriorityStart"
C 30
R
P 0x7f2a7c191628
C 342
R
P 0x7f2a7c191628
$ |slotflowPriorityStart|
C 202
R
P 0x7f2a7c191628
C 342
R
P 0x7f2a7c191628
$ |slotflowPriorityStart|
P 0x7f2a7c19b1e8
C 51
= 0x7f2a7c19c2a8
R
P 0x7f2a7c191628
C 342
R
P 0x7f2a7c191628
P 0x7f2a7c19c2a8
C 257
R
P 0x7f2a7c191628
C 342
R
P 0x7f2a7c191628
P 0x7f2a7c19c2a8
C 254
= 0x7f2a7c19b1e8
R
P 0x7f2a7c191628
C 342
R
P 0x7f2a7c191628
P 0x7f2a7c19b1e8
C 209
R
P 0x7f2a7c191628
C 342
R
P 0x7f2a7c191628
P 0x7f2a7c19c2a8
C 260
R
P 0x7f2a7c191628
C 342
R
P 0x7f2a7c191628
P 0x7f2a7c19c2a8
C 259
R
P 0x7f2a7c191628
C 342
R
P 0x7f2a7c191628
P 0x7f2a7c19c2a8
C 258
R
P 0x7f2a7c191628
C 342
R
P 0x7f2a7c191628
P 0x7f2a7c19c2a8
C 9
R
P 0x7f2a7c191628
C 342
R
P 0x7f2a7c191628
P 0x7f2a7c19bc68
C 333
R
P 0x7f2a7c191628
C 342
R
P 0x7f2a7c191628
S "slotflowPriorityDuration"
C 30
R
P 0x7f2a7c191628
C 342
R
P 0x7f2a7c191628
$ |slotflowPriorityDuration|
C 202
R
P 0x7f2a7c191628
C 342
R
P 0x7f2a7c191628
$ |slotflowPriorityDuration|
P 0x7f2a7c19b1e8
C 51
= 0x7f2a7c19c268
R
P 0x7f2a7c191628
C 342
R
P 0x7f2a7c191628
P 0x7f2a7c19c268
C 257
R
P 0x7f2a7c191628
C 342
R
P 0x7f2a7c191628
P 0x7f2a7c19c268
C 254
= 0x7f2a7c19b1e8
R
P 0x7f2a7c191628
C 342
R
P 0x7f2a7c191628
P 0x7f2a7c19b1e8
C 209
R
P 0x7f2a7c191628
C 342
R
P 0x7f2a7c191628
P 0x7f2a7c19c268
C 260
R
P 0x7f2a7c191628
C 342
R
P 0x7f2a7c191628
P 0x7f2a7c19c268
C 259
R
P 0x7f2a7c191628
C 342
R
P 0x7f2a7c191628
P 0x7f2a7c19c268
C 258
R
P 0x7f2a7c191628
C 342
R
P 0x7f2a7c191628
P 0x7f2a7c19c268
C 9
R
P 0x7f2a7c191628
C 342
R
P 0x7f2a7c191628
U 2
P 0x7f2a7c19c2a8
P 0x7f2a7c19c268
p 2
C 65
= 0x7f2a7c487908
R
P 0x7f2a7c191628
C 342
R
P 0x7f2a7c191628
P 0x7f2a7c487908
C 257
R
P 0x7f2a7c191628
C 342
R
P 0x7f2a7c191628
P 0x7f2a7c487908
C 254
= 0x7f2a7c19b1e8
R
P 0x7f2a7c191628
C 342
R
P 0x7f2a7c191628
P 0x7f2a7c19b1e8
C 209
R
P 0x7f2a7c191628
C 342
R
P 0x7f2a7c191628
P 0x7f2a7c487908
C 260
R
P 0x7f2a7c191628
C 342
R
P 0x7f2a7c191628
P 0x7f2a7c487908
C 259
R
P 0x7f2a7c191628
C 342
R
P 0x7f2a7c191628
P 0x7f2a7c487908
C 258
R
P 0x7f2a7c191628
C 342
R
P 0x7f2a7c191628
P 0x7f2a7c487908
C 9
R
P 0x7f2a7c191628
C 342
R
P 0x7f2a7c191628
I 3
P 0x7f2a7c19b208
C 150
= 0x7f2a7c19bfc8
R
P 0x7f2a7c191628
C 342
R
P 0x7f2a7c191628
P 0x7f2a7c19bfc8
C 258
R
P 0x7f2a7c191628
C 342
R
P 0x7f2a7c191628
P 0x7f2a7c19bfc8
C 9
R
P 0x7f2a7c191628
C 342
R
P 0x7f2a7c191628
I 1
P 0x7f2a7c19b208
C 150
= 0x7f2a7c19bc88
R
P 0x7f2a7c191628
C 342
R
P 0x7f2a7c191628
P 0x7f2a7c19bc88
C 258
R
P 0x7f2a7c191628
C 342
R
P 0x7f2a7c191628
P 0x7f2a7c19bc88
C 9
R
P 0x7f2a7c191628
C 342
R
P 0x7f2a7c191628
P 0x7f2a7c19bfc8
P 0x7f2a7c19bc88
C 75
= 0x7f2a7c487208
R
P 0x7f2a7c191628
C 342
R
P 0x7f2a7c191628
P 0x7f2a7c487208
C 258
R
P 0x7f2a7c191628
C 342
R
P 0x7f2a7c191628
P 0x7f2a7c487208
C 9
R
P 0x7f2a7c191628
C 342
R
P 0x7f2a7c191628
I 1
P 0x7f2a7c19b208
C 150
= 0x7f2a7c19bc88
R
P 0x7f2a7c191628
C 342
R
P 0x7f2a7c191628
P 0x7f2a7c19bc88
C 258
R
P 0x7f2a7c191628
C 342
R
P 0x7f2a7c191628
P 0x7f2a7c19bc88
C 9
R
P 0x7f2a7c191628
C 342
R
P 0x7f2a7c191628
U 2
P 0x7f2a7c19bfc8
P 0x7f2a7c19bc88
p 2
C 67
= 0x7f2a7c487240
R
P 0x7f2a7c191628
C 342
R
P 0x7f2a7c191628
P 0x7f2a7c487240
C 257
R
P 0x7f2a7c191628
C 342
R
P 0x7f2a7c191628
P 0x7f2a7c487240
C 254
= 0x7f2a7c19b208
R
P 0x7f2a7c191628
C 342
R
P 0x7f2a7c191628
P 0x7f2a7c19b208
C 209
R
P 0x7f2a7c191628
C 342
R
P 0x7f2a7c191628
P 0x7f2a7c487240
C 260
R
P 0x7f2a7c191628
C 342
R
P 0x7f2a7c191628
P 0x7f2a7c487240
C 259
R
P 0x7f2a7c191628
C 342
R
P 0x7f2a7c191628
P 0x7f2a7c487240
C 258
R
P 0x7f2a7c191628
C 342
R
P 0x7f2a7c191628
P 0x7f2a7c487240
C 9
R
P 0x7f2a7c191628
C 342
R
P 0x7f2a7c191628
U 2
P 0x7f2a7c19bbe8
P 0x7f2a7c487240
p 2
C 66
= 0x7f2a7c487f60
R
P 0x7f2a7c191628
C 342
R
P 0x7f2a7c191628
P 0x7f2a7c487f60
C 257
R
P 0x7f2a7c191628
C 342
R
P 0x7f2a7c191628
P 0x7f2a7c487f60
C 254
= 0x7f2a7c19b208
R
P 0x7f2a7c191628
C 342
R
P 0x7f2a7c191628
P 0x7f2a7c19b208
C 209
R
P 0x7f2a7c191628
C 342
R
P 0x7f2a7c191628
P 0x7f2a7c487f60
C 260
R
P 0x7f2a7c191628
C 342
R
P 0x7f2a7c191628
P 0x7f2a7c487f60
C 259
R
P 0x7f2a7c191628
C 342
R
P 0x7f2a7c191628
P 0x7f2a7c487f60
C 258
R
P 0x7f2a7c191628
C 342
R
P 0x7f2a7c191628
P 0x7f2a7c487f60
C 9
R
P 0x7f2a7c191628
C 342
R
P 0x7f2a7c191628
U 2
P 0x7f2a7c19bb88
P 0x7f2a7c487f60
p 2
C 65
= 0x7f2a7c487f98
R
P 0x7f2a7c191628
C 342
R
P 0x7f2a7c191628
P 0x7f2a7c487f98
C 257
R
P 0x7f2a7c191628
C 342
R
P 0x7f2a7c191628
P 0x7f2a7c487f98
C 254
= 0x7f2a7c19b1e8
R
P 0x7f2a7c191628
C 342
R
P 0x7f2a7c191628
P 0x7f2a7c19b1e8
C 209
R
P 0x7f2a7c191628
C 342
R
P 0x7f2a7c191628
P 0x7f2a7c487f98
C 260
R
P 0x7f2a7c191628
C 342
R
P 0x7f2a7c191628
P 0x7f2a7c487f98
C 259
R
P 0x7f2a7c191628
C 342
R
P 0x7f2a7c191628
P 0x7f2a7c487f98
C 258
R
P 0x7f2a7c191628
C 342
R
P 0x7f2a7c191628
P 0x7f2a7c487f98
C 9
R
P 0x7f2a7c191628
C 342
R
P 0x7f2a7c191628
P 0x7f2a7c487208
P 0x7f2a7c487f98
P 0x7f2a7c19bb88
C 59
= 0x7f2a7c19fac8
R
P 0x7f2a7c191628
C 342
R
P 0x7f2a7c191628
P 0x7f2a7c19fac8
C 257
R
P 0x7f2a7c191628
C 342
R
P 0x7f2a7c191628
P 0x7f2a7c19fac8
C 254
= 0x7f2a7c19b1e8
R
P 0x7f2a7c191628
C 342
R
P 0x7f2a7c191628
P 0x7f2a7c19b1e8
C 209
R
P 0x7f2a7c191628
C 342
R
P 0x7f2a7c191628
P 0x7f2a7c19fac8
C 260
R
P 0x7f2a7c191628
C 342
R
P 0x7f2a7c191628
P 0x7f2a7c19fac8
C 259
R
P 0x7f2a7c191628
C 342
R
P 0x7f2a7c191628
P 0x7f2a7c19fac8
C 258
R
P 0x7f2a7c191628
C 342
R
P 0x7f2a7c191628
P 0x7f2a7c19fac8
C 9
R
P 0x7f2a7c191628
C 342
R
P 0x7f2a7c191628
U 2
P 0x7f2a7c487908
P 0x7f2a7c19fac8
p 2
C 65
= 0x7f2a7c487fd0
R
P 0x7f2a7c191628
C 342
R
P 0x7f2a7c191628
P 0x7f2a7c487fd0
C 257
R
P 0x7f2a7c191628
C 342
R
P 0x7f2a7c191628
P 0x7f2a7c487fd0
C 254
= 0x7f2a7c19b1e8
R
P 0x7f2a7c191628
C 342
R
P 0x7f2a7c191628
P 0x7f2a7c19b1e8
C 209
R
P 0x7f2a7c191628
C 342
R
P 0x7f2a7c191628
P 0x7f2a7c487fd0
C 260
R
P 0x7f2a7c191628
C 342
R
P 0x7f2a7c191628
P 0x7f2a7c487fd0
C 259
R
P 0x7f2a7c191628
C 342
R
P 0x7f2a7c191628
P 0x7f2a7c487fd0
C 258
R
P 0x7f2a7c191628
C 342
R
P 0x7f2a7c191628
P 0x7f2a7c487fd0
C 9
R
P 0x7f2a7c191628
C 342
R
P 0x7f2a7c191628
P 0x7f2a7c19c248
P 0x7f2a7c487fd0
C 74
= 0x7f2a7c48bb90
R
P 0x7f2a7c191628
C 342
R
P 0x7f2a7c191628
P 0x7f2a7c48bb90
C 258
R
P 0x7f2a7c191628
C 342
R
P 0x7f2a7c191628
P 0x7f2a7c48bb90
C 9
R
P 0x7f2a7c191628
C 342
R
P 0x7f2a7c191628
U 2
P 0x7f2a7c48bb58
P 0x7f2a7c48bb90
p 2
C 63
= 0x7f2a7c48bbc8
R
P 0x7f2a7c191628
C 342
R
P 0x7f2a7c191628
P 0x7f2a7c48bbc8
C 258
R
P 0x7f2a7c191628
C 342
R
P 0x7f2a7c191628
P 0x7f2a7c48bbc8
C 9
R
P 0x7f2a7c191628
C 342
R
P 0x7f2a7c191628
P 0x7f2a7c48bb20
P 0x7f2a7c48bbc8
C 61
= 0x7f2a7c48bc00
R
P 0x7f2a7c191628
C 342
R
P 0x7f2a7c191628
P 0x7f2a7c48bc00
C 258
R
P 0x7f2a7c191628
C 342
R
P 0x7f2a7c191628
P 0x7f2a7c48bc00
C 9
R
P 0x7f2a7c191628
C 342
R
P 0x7f2a7c191628
P 0x7f2a7c1e1fc8
P 0x7f2a7c48bc00
C 427
R
P 0x7f2a7c191628
C 342
R
P 0x7f2a7c191628
I 4
P 0x7f2a7c19b208
C 150
= 0x7f2a7c19c028
R
P 0x7f2a7c191628
C 342
R
P 0x7f2a7c191628
P 0x7f2a7c19c028
C 258
R
P 0x7f2a7c191628
C 342
R
P 0x7f2a7c191628
P 0x7f2a7c19c028
C 9
R
P 0x7f2a7c191628
C 342
R
P 0x7f2a7c191628
I 1
P 0x7f2a7c19b208
C 150
= 0x7f2a7c19bc88
R
P 0x7f2a7c191628
C 342
R
P 0x7f2a7c191628
P 0x7f2a7c19bc88
C 258
R
P 0x7f2a7c191628
C 342
R
P 0x7f2a7c191628
P 0x7f2a7c19bc88
C 9
R
P 0x7f2a7c191628
C 342
R
P 0x7f2a7c191628
P 0x7f2a7c19c028
P 0x7f2a7c19bc88
C 75
= 0x7f2a7c487390
R
P 0x7f2a7c191628
C 342
R
P 0x7f2a7c191628
P 0x7f2a7c487390
C 258
R
P 0x7f2a7c191628
C 342
R
P 0x7f2a7c191628
P 0x7f2a7c487390
C 9
R
P 0x7f2a7c191628
C 342
R
P 0x7f2a7c191628
I 1
P 0x7f2a7c19b208
C 150
= 0x7f2a7c19bc88
R
P 0x7f2a7c191628
C 342
R
P 0x7f2a7c191628
P 0x7f2a7c19bc88
C 258
R
P 0x7f2a7c191628
C 342
R
P 0x7f2a7c191628
P 0x7f2a7c19bc88
C 9
R
P 0x7f2a7c191628
C 342
R
P 0x7f2a7c191628
U 2
P 0x7f2a7c19c028
P 0x7f2a7c19bc88
p 2
C 67
= 0x7f2a7c4873c8
R
P 0x7f2a7c191628
C 342
R
P 0x7f2a7c191628
P 0x7f2a7c4873c8
C 257
R
P 0x7f2a7c191628
C 342
R
P 0x7f2a7c191628
P 0x7f2a7c4873c8
C 254
= 0x7f2a7c19b208
R
P 0x7f2a7c191628
C 342
R
P 0x7f2a7c191628
P 0x7f2a7c19b208
C 209
R
P 0x7f2a7c191628
C 342
R
P 0x7f2a7c191628
P 0x7f2a7c4873c8
C 260
R
P 0x7f2a7c191628
C 342
R
P 0x7f2a7c191628
P 0x7f2a7c4873c8
C 259
R
P 0x7f2a7c191628
C 342
R
P 0x7f2a7c191628
P 0x7f2a7c4873c8
C 258
R
P 0x7f2a7c191628
C 342
R
P 0x7f2a7c191628
P 0x7f2a7c4873c8
C 9
R
P 0x7f2a7c191628
C 342
R
P 0x7f2a7c191628
U 2
P 0x7f2a7c19bba8
P 0x7f2a7c4873c8
p 2
C 66
= 0x7f2a7c487400
R
P 0x7f2a7c191628
C 342
R
P 0x7f2a7c191628
P 0x7f2a7c487400
C 257
R
P 0x7f2a7c191628
C 342
R
P 0x7f2a7c191628
P 0x7f2a7c487400
C 254
= 0x7f2a7c19b1e8
R
P 0x7f2a7c191628
C 342
R
P 0x7f2a7c191628
P 0x7f2a7c19b1e8
C 209
R
P 0x7f2a7c191628
C 342
R
P 0x7f2a7c191628
P 0x7f2a7c487400
C 260
R
P 0x7f2a7c191628
C 342
R
P 0x7f2a7c191628
P 0x7f2a7c487400
C 259
R
P 0x7f2a7c191628
C 342
R
P 0x7f2a7c191628
P 0x7f2a7c487400
C 258
R
P 0x7f2a7c191628
C 342
R
P 0x7f2a7c191628
P 0x7f2a7c487400
C 9
R
P 0x7f2a7c191628
C 342
R
P 0x7f2a7c191628
U 2
P 0x7f2a7c19bc28
P 0x7f2a7c487400
p 2
C 65
= 0x7f2a7c487438
R
P 0x7f2a7c191628
C 342
R
P 0x7f2a7c191628
P 0x7f2a7c487438
C 257
R
P 0x7f2a7c191628
C 342
R
P 0x7f2a7c191628
P 0x7f2a7c487438
C 254
= 0x7f2a7c19b1e8
R
P 0x7f2a7c191628
C 342
R
P 0x7f2a7c191628
P 0x7f2a7c19b1e8
C 209
R
P 0x7f2a7c191628
C 342
R
P 0x7f2a7c191628
P 0x7f2a7c487438
C 260
R
P 0x7f2a7c191628
C 342
R
P 0x7f2a7c191628
P 0x7f2a7c487438
C 259
R
P 0x7f2a7c191628
C 342
R
P 0x7f2a7c191628
P 0x7f2a7c487438
C 258
R
P 0x7f2a7c191628
C 342
R
P 0x7f2a7c191628
P 0x7f2a7c487438
C 9
R
P 0x7f2a7c191628
C 342
R
P 0x7f2a7c191628
P 0x7f2a7c487390
P 0x7f2a7c487438
P 0x7f2a7c19bc28
C 59
= 0x7f2a7c19f9c8
R
P 0x7f2a7c191628
C 342
R
P 0x7f2a7c191628
P 0x7f2a7c19f9c8
C 257
R
P 0x7f2a7c191628
C 342
R
P 0x7f2a7c191628
P 0x7f2a7c19f9c8
C 254
= 0x7f2a7c19b1e8
R
P 0x7f2a7c191628
C 342
R
P 0x7f2a7c191628
P 0x7f2a7c19b1e8
C 209
R
P 0x7f2a7c191628
C 342
R
P 0x7f2a7c191628
P 0x7f2a7c19f9c8
C 260
R
P 0x7f2a7c191628
C 342
R
P 0x7f2a7c191628
P 0x7f2a7c19f9c8
C 259
R
P 0x7f2a7c191628
C 342
R
P 0x7f2a7c191628
P 0x7f2a7c19f9c8
C 258
R
P 0x7f2a7c191628
C 342
R
P 0x7f2a7c191628
P 0x7f2a7c19f9c8
C 9
R
P 0x7f2a7c191628
C 342
R
P 0x7f2a7c191628
U 2
P 0x7f2a7c19f9c8
P 0x7f2a7c19bb48
p 2
C 65
= 0x7f2a7c487470
R
P 0x7f2a7c191628
C 342
R
P 0x7f2a7c191628
P 0x7f2a7c487470
C 257
R
P 0x7f2a7c191628
C 342
R
P 0x7f2a7c191628
P 0x7f2a7c487470
C 254
= 0x7f2a7c19b1e8
R
P 0x7f2a7c191628
C 342
R
P 0x7f2a7c191628
P 0x7f2a7c19b1e8
C 209
R
P 0x7f2a7c191628
C 342
R
P 0x7f2a7c191628
P 0x7f2a7c487470
C 260
R
P 0x7f2a7c191628
C 342
R
P 0x7f2a7c191628
P 0x7f2a7c487470
C 259
R
P 0x7f2a7c191628
C 342
R
P 0x7f2a7c191628
P 0x7f2a7c487470
C 258
R
P 0x7f2a7c191628
C 342
R
P 0x7f2a7c191628
P 0x7f2a7c487470
C 9
R
P 0x7f2a7c191628
C 342
R
P 0x7f2a7c191628
P 0x7f2a7c19bc68
C 333
R
P 0x7f2a7c191628
C 342
R
P 0x7f2a7c191628
S "slotflowPriorityStart"
C 30
R
P 0x7f2a7c191628
C 342
R
P 0x7f2a7c191628
$ |slotflowPriorityStart|
C 202
R
P 0x7f2a7c191628
C 342
R
P 0x7f2a7c191628
$ |slotflowPriorityStart|
P 0x7f2a7c19b1e8
C 51
= 0x7f2a7c19c2a8
R
P 0x7f2a7c191628
C 342
R
P 0x7f2a7c191628
P 0x7f2a7c19c2a8
C 257
R
P 0x7f2a7c191628
C 342
R
P 0x7f2a7c191628
P 0x7f2a7c19c2a8
C 254
= 0x7f2a7c19b1e8
R
P 0x7f2a7c191628
C 342
R
P 0x7f2a7c191628
P 0x7f2a7c19b1e8
C 209
R
P 0x7f2a7c191628
C 342
R
P 0x7f2a7c191628
P 0x7f2a7c19c2a8
C 260
R
P 0x7f2a7c191628
C 342
R
P 0x7f2a7c191628
P 0x7f2a7c19c2a8
C 259
R
P 0x7f2a7c191628
C 342
R
P 0x7f2a7c191628
P 0x7f2a7c19c2a8
C 258
R
P 0x7f2a7c191628
C 342
R
P 0x7f2a7c191628
P 0x7f2a7c19c2a8
C 9
R
P 0x7f2a7c191628
C 342
R
P 0x7f2a7c191628
I 4
P 0x7f2a7c19b208
C 150
= 0x7f2a7c19c028
R
P 0x7f2a7c191628
C 342
R
P 0x7f2a7c191628
P 0x7f2a7c19c028
C 258
R
P 0x7f2a7c191628
C 342
R
P 0x7f2a7c191628
P 0x7f2a7c19c028
C 9
R
P 0x7f2a7c191628
C 342
R
P 0x7f2a7c191628
I 1
P 0x7f2a7c19b208
C 150
= 0x7f2a7c19bc88
R
P 0x7f2a7c191628
C 342
R
P 0x7f2a7c191628
P 0x7f2a7c19bc88
C 258
R
P 0x7f2a7c191628
C 342
R
P 0x7f2a7c191628
P 0x7f2a7c19bc88
C 9
R
P 0x7f2a7c191628
C 342
R
P 0x7f2a7c191628
P 0x7f2a7c19c028
P 0x7f2a7c19bc88
C 75
= 0x7f2a7c487390
R
P 0x7f2a7c191628
C 342
R
P 0x7f2a7c191628
P 0x7f2a7c487390
C 258
R
P 0x7f2a7c191628
C 342
R
P 0x7f2a7c191628
P 0x7f2a7c487390
C 9
R
P 0x7f2a7c191628
C 342
R
P 0x7f2a7c191628
I 1
P 0x7f2a7c19b208
C 150
= 0x7f2a7c19bc88
R
P 0x7f2a7c191628
C 342
R
P 0x7f2a7c191628
P 0x7f2a7c19bc88
C 258
R
P 0x7f2a7c191628
C 342
R
P 0x7f2a7c191628
P 0x7f2a7c19bc88
C 9
R
P 0x7f2a7c191628
C 342
R
P 0x7f2a7c191628
U 2
P 0x7f2a7c19c028
P 0x7f2a7c19bc88
p 2
C 67
= 0x7f2a7c4873c8
R
P 0x7f2a7c191628
C 342
R
P 0x7f2a7c191628
P 0x7f2a7c4873c8
C 257
R
P 0x7f2a7c191628
C 342
R
P 0x7f2a7c191628
P 0x7f2a7c4873c8
C 254
= 0x7f2a7c19b208
R
P 0x7f2a7c191628
C 342
R
P 0x7f2a7c191628
P 0x7f2a7c19b208
C 209
R
P 0x7f2a7c191628
C 342
R
P 0x7f2a7c191628
P 0x7f2a7c4873c8
C 260
R
P 0x7f2a7c191628
C 342
R
P 0x7f2a7c191628
P 0x7f2a7c4873c8
C 259
R
P 0x7f2a7c191628
C 342
R
P 0x7f2a7c191628
P 0x7f2a7c4873c8
C 258
R
P 0x7f2a7c191628
C 342
R
P 0x7f2a7c191628
P 0x7f2a7c4873c8
C 9
R
P 0x7f2a7c191628
C 342
R
P 0x7f2a7c191628
U 2
P 0x7f2a7c19bbe8
P 0x7f2a7c4873c8
p 2
C 66
= 0x7f2a7c488158
R
P 0x7f2a7c191628
C 342
R
P 0x7f2a7c191628
P 0x7f2a7c488158
C 257
R
P 0x7f2a7c191628
C 342
R
P 0x7f2a7c191628
P 0x7f2a7c488158
C 254
= 0x7f2a7c19b208
R
P 0x7f2a7c191628
C 342
R
P 0x7f2a7c191628
P 0x7f2a7c19b208
C 209
R
P 0x7f2a7c191628
C 342
R
P 0x7f2a7c191628
P 0x7f2a7c488158
C 260
R
P 0x7f2a7c191628
C 342
R
P 0x7f2a7c191628
P 0x7f2a7c488158
C 259
R
P 0x7f2a7c191628
C 342
R
P 0x7f2a7c191628
P 0x7f2a7c488158
C 258
R
P 0x7f2a7c191628
C 342
R
P 0x7f2a7c191628
P 0x7f2a7c488158
C 9
R
P 0x7f2a7c191628
C 342
R
P 0x7f2a7c191628
U 2
P 0x7f2a7c19bb88
P 0x7f2a7c488158
p 2
C 65
= 0x7f2a7c488190
R
P 0x7f2a7c191628
C 342
R
P 0x7f2a7c191628
P 0x7f2a7c488190
C 257
R
P 0x7f2a7c191628
C 342
R
P 0x7f2a7c191628
P 0x7f2a7c488190
C 254
= 0x7f2a7c19b1e8
R
P 0x7f2a7c191628
C 342
R
P 0x7f2a7c191628
P 0x7f2a7c19b1e8
C 209
R
P 0x7f2a7c191628
C 342
R
P 0x7f2a7c191628
P 0x7f2a7c488190
C 260
R
P 0x7f2a7c191628
C 342
R
P 0x7f2a7c191628
P 0x7f2a7c488190
C 259
R
P 0x7f2a7c191628
C 342
R
P 0x7f2a7c191628
P 0x7f2a7c488190
C 258
R
P 0x7f2a7c191628
C 342
R
P 0x7f2a7c191628
P 0x7f2a7c488190
C 9
R
P 0x7f2a7c191628
C 342
R
P 0x7f2a7c191628
P 0x7f2a7c487390
P 0x7f2a7c488190
P 0x7f2a7c19bb88
C 59
= 0x7f2a7c19fb08
R
P 0x7f2a7c191628
C 342
R
P 0x7f2a7c191628
P 0x7f2a7c19fb08
C 257
R
P 0x7f2a7c191628
C 342
R
P 0x7f2a7c191628
P 0x7f2a7c19fb08
C 254
= 0x7f2a7c19b1e8
R
P 0x7f2a7c191628
C 342
R
P 0x7f2a7c191628
P 0x7f2a7c19b1e8
C 209
R
P 0x7f2a7c191628
C 342
R
P 0x7f2a7c191628
P 0x7f2a7c19fb08
C 260
R
P 0x7f2a7c191628
C 342
R
P 0x7f2a7c191628
P 0x7f2a7c19fb08
C 259
R
P 0x7f2a7c191628
C 342
R
P 0x7f2a7c191628
P 0x7f2a7c19fb08
C 258
R
P 0x7f2a7c191628
C 342
R
P 0x7f2a7c191628
P 0x7f2a7c19fb08
C 9
R
P 0x7f2a7c191628
C 342
R
P 0x7f2a7c191628
U 2
P 0x7f2a7c19c2a8
P 0x7f2a7c19fb08
p 2
C 65
= 0x7f2a7c488270
R
P 0x7f2a7c191628
C 342
R
P 0x7f2a7c191628
P 0x7f2a7c488270
C 257
R
P 0x7f2a7c191628
C 342
R
P 0x7f2a7c191628
P 0x7f2a7c488270
C 254
= 0x7f2a7c19b1e8
R
P 0x7f2a7c191628
C 342
R
P 0x7f2a7c191628
P 0x7f2a7c19b1e8
C 209
R
P 0x7f2a7c191628
C 342
R
P 0x7f2a7c191628
P 0x7f2a7c488270
C 260
R
P 0x7f2a7c191628
C 342
R
P 0x7f2a7c191628
P 0x7f2a7c488270
C 259
R
P 0x7f2a7c191628
C 342
R
P 0x7f2a7c191628
P 0x7f2a7c488270
C 258
R
P 0x7f2a7c191628
C 342
R
P 0x7f2a7c191628
P 0x7f2a7c488270
C 9
R
P 0x7f2a7c191628
C 342
R
P 0x7f2a7c191628
P 0x7f2a7c487470
P 0x7f2a7c488270
C 73
= 0x7f2a7c48bc38
R
P 0x7f2a7c191628
C 342
R
P 0x7f2a7c191628
P 0x7f2a7c48bc38
C 258
R
P 0x7f2a7c191628
C 342
R
P 0x7f2a7c191628
P 0x7f2a7c48bc38
C 9
R
P 0x7f2a7c191628
C 342
R
P 0x7f2a7c191628
I 4
P 0x7f2a7c19b208
C 150
= 0x7f2a7c19c028
R
P 0x7f2a7c191628
C 342
R
P 0x7f2a7c191628
P 0x7f2a7c19c028
C 258
R
P 0x7f2a7c191628
C 342
R
P 0x7f2a7c191628
P 0x7f2a7c19c028
C 9
R
P 0x7f2a7c191628
C 342
R
P 0x7f2a7c191628
I 1
P 0x7f2a7c19b208
C 150
= 0x7f2a7c19bc88
R
P 0x7f2a7c191628
C 342
R
P 0x7f2a7c191628
P 0x7f2a7c19bc88
C 258
R
P 0x7f2a7c191628
C 342
R
P 0x7f2a7c191628
P 0x7f2a7c19bc88
C 9
R
P 0x7f2a7c191628
C 342
R
P 0x7f2a7c191628
P 0x7f2a7c19c028
P 0x7f2a7c19bc88
C 75
= 0x7f2a7c487390
R
P 0x7f2a7c191628
C 342
R
P 0x7f2a7c191628
P 0x7f2a7c487390
C 258
R
P 0x7f2a7c191628
C 342
R
P 0x7f2a7c191628
P 0x7f2a7c487390
C 9
R
P 0x7f2a7c191628
C 342
R
P 0x7f2a7c191628
I 1
P 0x7f2a7c19b208
C 150
= 0x7f2a7c19bc88
R
P 0x7f2a7c191628
C 342
R
P 0x7f2a7c191628
P 0x7f2a7c19bc88
C 258
R
P 0x7f2a7c191628
C 342
R
P 0x7f2a7c191628
P 0x7f2a7c19bc88
C 9
R
P 0x7f2a7c191628
C 342
R
P 0x7f2a7c191628
U 2
P 0x7f2a7c19c028
P 0x7f2a7c19bc88
p 2
C 67
= 0x7f2a7c4873c8
R
P 0x7f2a7c191628
C 342
R
P 0x7f2a7c191628
P 0x7f2a7c4873c8
C 257
R
P 0x7f2a7c191628
C 342
R
P 0x7f2a7c191628
P 0x7f2a7c4873c8
C 254
= 0x7f2a7c19b208
R
P 0x7f2a7c191628
C 342
R
P 0x7f2a7c191628
P 0x7f2a7c19b208
C 209
R
P 0x7f2a7c191628
C 342
R
P 0x7f2a7c191628
P 0x7f2a7c4873c8
C 260
R
P 0x7f2a7c191628
C 342
R
P 0x7f2a7c191628
P 0x7f2a7c4873c8
C 259
R
P 0x7f2a7c191628
C 342
R
P 0x7f2a7c191628
P 0x7f2a7c4873c8
C 258
R
P 0x7f2a7c191628
C 342
R
P 0x7f2a7c191628
P 0x7f2a7c4873c8
C 9
R
P 0x7f2a7c191628
C 342
R
P 0x7f2a7c191628
U 2
P 0x7f2a7c19bba8
P 0x7f2a7c4873c8
p 2
C 66
= 0x7f2a7c487400
R
P 0x7f2a7c191628
C 342
R
P 0x7f2a7c191628
P 0x7f2a7c487400
C 257
R
P 0x7f2a7c191628
C 342
R
P 0x7f2a7c191628
P 0x7f2a7c487400
C 254
= 0x7f2a7c19b1e8
R
P 0x7f2a7c191628
C 342
R
P 0x7f2a7c191628
P 0x7f2a7c19b1e8
C 209
R
P 0x7f2a7c191628
C 342
R
P 0x7f2a7c191628
P 0x7f2a7c487400
C 260
R
P 0x7f2a7c191628
C 342
R
P 0x7f2a7c191628
P 0x7f2a7c487400
C 259
R
P 0x7f2a7c191628
C 342
R
P 0x7f2a7c191628
P 0x7f2a7c487400
C 258
R
P 0x7f2a7c191628
C 342
R
P 0x7f2a7c191628
P 0x7f2a7c487400
C 9
R
P 0x7f2a7c191628
C 342
R
P 0x7f2a7c191628
U 2
P 0x7f2a7c19bc28
P 0x7f2a7c487400
p 2
C 65
= 0x7f2a7c487438
R
P 0x7f2a7c191628
C 342
R
P 0x7f2a7c191628
P 0x7f2a7c487438
C 257
R
P 0x7f2a7c191628
C 342
R
P 0x7f2a7c191628
P 0x7f2a7c487438
C 254
= 0x7f2a7c19b1e8
R
P 0x7f2a7c191628
C 342
R
P 0x7f2a7c191628
P 0x7f2a7c19b1e8
C 209
R
P 0x7f2a7c191628
C 342
R
P 0x7f2a7c191628
P 0x7f2a7c487438
C 260
R
P 0x7f2a7c191628
C 342
R
P 0x7f2a7c191628
P 0x7f2a7c487438
C 259
R
P 0x7f2a7c191628
C 342
R
P 0x7f2a7c191628
P 0x7f2a7c487438
C 258
R
P 0x7f2a7c191628
C 342
R
P 0x7f2a7c191628
P 0x7f2a7c487438
C 9
R
P 0x7f2a7c191628
C 342
R
P 0x7f2a7c191628
P 0x7f2a7c487390
P 0x7f2a7c487438
P 0x7f2a7c19bc28
C 59
= 0x7f2a7c19f9c8
R
P 0x7f2a7c191628
C 342
R
P 0x7f2a7c191628
P 0x7f2a7c19f9c8
C 257
R
P 0x7f2a7c191628
C 342
R
P 0x7f2a7c191628
P 0x7f2a7c19f9c8
C 254
= 0x7f2a7c19b1e8
R
P 0x7f2a7c191628
C 342
R
P 0x7f2a7c191628
P 0x7f2a7c19b1e8
C 209
R
P 0x7f2a7c191628
C 342
R
P 0x7f2a7c191628
P 0x7f2a7c19f9c8
C 260
R
P 0x7f2a7c191628
C 342
R
P 0x7f2a7c191628
P 0x7f2a7c19f9c8
C 259
R
P 0x7f2a7c191628
C 342
R
P 0x7f2a7c191628
P 0x7f2a7c19f9c8
C 258
R
P 0x7f2a7c191628
C 342
R
P 0x7f2a7c191628
P 0x7f2a7c19f9c8
C 9
R
P 0x7f2a7c191628
C 342
R
P 0x7f2a7c191628
U 2
P 0x7f2a7c19f9c8
P 0x7f2a7c19bb48
p 2
C 65
= 0x7f2a7c487470
R
P 0x7f2a7c191628
C 342
R
P 0x7f2a7c191628
P 0x7f2a7c487470
C 257
R
P 0x7f2a7c191628
C 342
R
P 0x7f2a7c191628
P 0x7f2a7c487470
C 254
= 0x7f2a7c19b1e8
R
P 0x7f2a7c191628
C 342
R
P 0x7f2a7c191628
P 0x7f2a7c19b1e8
C 209
R
P 0x7f2a7c191628
C 342
R
P 0x7f2a7c191628
P 0x7f2a7c487470
C 260
R
P 0x7f2a7c191628
C 342
R
P 0x7f2a7c191628
P 0x7f2a7c487470
C 259
R
P 0x7f2a7c191628
C 342
R
P 0x7f2a7c191628
P 0x7f2a7c487470
C 258
R
P 0x7f2a7c191628
C 342
R
P 0x7f2a7c191628
P 0x7f2a7c487470
C 9
R
P 0x7f2a7c191628
C 342
R
P 0x7f2a7c191628
I 4
P 0x7f2a7c19b208
C 150
= 0x7f2a7c19c028
R
P 0x7f2a7c191628
C 342
R
P 0x7f2a7c191628
P 0x7f2a7c19c028
C 258
R
P 0x7f2a7c191628
C 342
R
P 0x7f2a7c191628
P 0x7f2a7c19c028
C 9
R
P 0x7f2a7c191628
C 342
R
P 0x7f2a7c191628
I 1
P 0x7f2a7c19b208
C 150
= 0x7f2a7c19bc88
R
P 0x7f2a7c191628
C 342
R
P 0x7f2a7c191628
P 0x7f2a7c19bc88
C 258
R
P 0x7f2a7c191628
C 342
R
P 0x7f2a7c191628
P 0x7f2a7c19bc88
C 9
R
P 0x7f2a7c191628
C 342
R
P 0x7f2a7c191628
P 0x7f2a7c19c028
P 0x7f2a7c19bc88
C 75
= 0x7f2a7c487390
R
P 0x7f2a7c191628
C 342
R
P 0x7f2a7c191628
P 0x7f2a7c487390
C 258
R
P 0x7f2a7c191628
C 342
R
P 0x7f2a7c191628
P 0x7f2a7c487390
C 9
R
P 0x7f2a7c191628
C 342
R
P 0x7f2a7c191628
I 1
P 0x7f2a7c19b208
C 150
= 0x7f2a7c19bc88
R
P 0x7f2a7c191628
C 342
R
P 0x7f2a7c191628
P 0x7f2a7c19bc88
C 258
R
P 0x7f2a7c191628
C 342
R
P 0x7f2a7c191628
P 0x7f2a7c19bc88
C 9
R
P 0x7f2a7c191628
C 342
R
P 0x7f2a7c191628
U 2
P 0x7f2a7c19c028
P 0x7f2a7c19bc88
p 2
C 67
= 0x7f2a7c4873c8
R
P 0x7f2a7c191628
C 342
R
P 0x7f2a7c191628
P 0x7f2a7c4873c8
C 257
R
P 0x7f2a7c191628
C 342
R
P 0x7f2a7c191628
P 0x7f2a7c4873c8
C 254
= 0x7f2a7c19b208
R
P 0x7f2a7c191628
C 342
R
P 0x7f2a7c191628
P 0x7f2a7c19b208
C 209
R
P 0x7f2a7c191628
C 342
R
P 0x7f2a7c191628
P 0x7f2a7c4873c8
C 260
R
P 0x7f2a7c191628
C 342
R
P 0x7f2a7c191628
P 0x7f2a7c4873c8
C 259
R
P 0x7f2a7c191628
C 342
R
P 0x7f2a7c191628
P 0x7f2a7c4873c8
C 258
R
P 0x7f2a7c191628
C 342
R
P 0x7f2a7c191628
P 0x7f2a7c4873c8
C 9
R
P 0x7f2a7c191628
C 342
R
P 0x7f2a7c191628
U 2
P 0x7f2a7c19bbe8
P 0x7f2a7c4873c8
p 2
C 66
= 0x7f2a7c488158
R
P 0x7f2a7c191628
C 342
R
P 0x7f2a7c191628
P 0x7f2a7c488158
C 257
R
P 0x7f2a7c191628
C 342
R
P 0x7f2a7c191628
P 0x7f2a7c488158
C 254
= 0x7f2a7c19b208
R
P 0x7f2a7c191628
C 342
R
P 0x7f2a7c191628
P 0x7f2a7c19b208
C 209
R
P 0x7f2a7c191628
C 342
R
P 0x7f2a7c191628
P 0x7f2a7c488158
C 260
R
P 0x7f2a7c191628
C 342
R
P 0x7f2a7c191628
P 0x7f2a7c488158
C 259
R
P 0x7f2a7c191628
C 342
R
P 0x7f2a7c191628
P 0x7f2a7c488158
C 258
R
P 0x7f2a7c191628
C 342
R
P 0x7f2a7c191628
P 0x7f2a7c488158
C 9
R
P 0x7f2a7c191628
C 342
R
P 0x7f2a7c191628
U 2
P 0x7f2a7c19bb88
P 0x7f2a7c488158
p 2
C 65
= 0x7f2a7c488190
R
P 0x7f2a7c191628
C 342
R
P 0x7f2a7c191628
P 0x7f2a7c488190
C 257
R
P 0x7f2a7c191628
C 342
R
P 0x7f2a7c191628
P 0x7f2a7c488190
C 254
= 0x7f2a7c19b1e8
R
P 0x7f2a7c191628
C 342
R
P 0x7f2a7c191628
P 0x7f2a7c19b1e8
C 209
R
P 0x7f2a7c191628
C 342
R
P 0x7f2a7c191628
P 0x7f2a7c488190
C 260
R
P 0x7f2a7c191628
C 342
R
P 0x7f2a7c191628
P 0x7f2a7c488190
C 259
R
P 0x7f2a7c191628
C 342
R
P 0x7f2a7c191628
P 0x7f2a7c488190
C 258
R
P 0x7f2a7c191628
C 342
R
P 0x7f2a7c191628
P 0x7f2a7c488190
C 9
R
P 0x7f2a7c191628
C 342
R
P 0x7f2a7c191628
P 0x7f2a7c487390
P 0x7f2a7c488190
P 0x7f2a7c19bb88
C 59
= 0x7f2a7c19fb08
R
P 0x7f2a7c191628
C 342
R
P 0x7f2a7c191628
P 0x7f2a7c19fb08
C 257
R
P 0x7f2a7c191628
C 342
R
P 0x7f2a7c191628
P 0x7f2a7c19fb08
C 254
= 0x7f2a7c19b1e8
R
P 0x7f2a7c191628
C 342
R
P 0x7f2a7c191628
P 0x7f2a7c19b1e8
C 209
R
P 0x7f2a7c191628
C 342
R
P 0x7f2a7c191628
P 0x7f2a7c19fb08
C 260
R
P 0x7f2a7c191628
C 342
R
P 0x7f2a7c191628
P 0x7f2a7c19fb08
C 259
R
P 0x7f2a7c191628
C 342
R
P 0x7f2a7c191628
P 0x7f2a7c19fb08
C 258
R
P 0x7f2a7c191628
C 342
R
P 0x7f2a7c191628
P 0x7f2a7c19fb08
C 9
R
P 0x7f2a7c191628
C 342
R
P 0x7f2a7c191628
P 0x7f2a7c487470
P 0x7f2a7c19fb08
C 76
= 0x7f2a7c48bc70
R
P 0x7f2a7c191628
C 342
R
P 0x7f2a7c191628
P 0x7f2a7c48bc70
C 258
R
P 0x7f2a7c191628
C 342
R
P 0x7f2a7c191628
P 0x7f2a7c48bc70
C 9
R
P 0x7f2a7c191628
C 342
R
P 0x7f2a7c191628
U 2
P 0x7f2a7c48bc38
P 0x7f2a7c48bc70
p 2
C 63
= 0x7f2a7c48bca8
R
P 0x7f2a7c191628
C 342
R
P 0x7f2a7c191628
P 0x7f2a7c48bca8
C 258
R
P 0x7f2a7c191628
C 342
R
P 0x7f2a7c191628
P 0x7f2a7c48bca8
C 9
R
P 0x7f2a7c191628
C 342
R
P 0x7f2a7c191628
I 4
P 0x7f2a7c19b208
C 150
= 0x7f2a7c19c028
R
P 0x7f2a7c191628
C 342
R
P 0x7f2a7c191628
P 0x7f2a7c19c028
C 258
R
P 0x7f2a7c191628
C 342
R
P 0x7f2a7c191628
P 0x7f2a7c19c028
C 9
R
P 0x7f2a7c191628
C 342
R
P 0x7f2a7c191628
P 0x7f2a7c19c028
C 263
R
P 0x7f2a7c191628
C 342
R
P 0x7f2a7c191628
S "dev0T34"
C 30
R
P 0x7f2a7c191628
C 342
R
P 0x7f2a7c191628
$ |dev0T34|
C 202
R
P 0x7f2a7c191628
C 342
R
P 0x7f2a7c191628
$ |dev0T34|
P 0x7f2a7c19b1e8
C 51
= 0x7f2a7c19c248
R
P 0x7f2a7c191628
C 342
R
P 0x7f2a7c191628
P 0x7f2a7c19c248
C 257
R
P 0x7f2a7c191628
C 342
R
P 0x7f2a7c191628
P 0x7f2a7c19c248
C 254
= 0x7f2a7c19b1e8
R
P 0x7f2a7c191628
C 342
R
P 0x7f2a7c191628
P 0x7f2a7c19b1e8
C 209
R
P 0x7f2a7c191628
C 342
R
P 0x7f2a7c191628
P 0x7f2a7c19c248
C 260
R
P 0x7f2a7c191628
C 342
R
P 0x7f2a7c191628
P 0x7f2a7c19c248
C 259
R
P 0x7f2a7c191628
C 342
R
P 0x7f2a7c191628
P 0x7f2a7c19c248
C 258
R
P 0x7f2a7c191628
C 342
R
P 0x7f2a7c191628
P 0x7f2a7c19c248
C 9
R
P 0x7f2a7c191628
C 342
R
P 0x7f2a7c191628
P 0x7f2a7c19bc68
C 333
R
P 0x7f2a7c191628
C 342
R
P 0x7f2a7c191628
S "slotflowPriorityStart"
C 30
R
P 0x7f2a7c191628
C 342
R
P 0x7f2a7c191628
$ |slotflowPriorityStart|
C 202
R
P 0x7f2a7c191628
C 342
R
P 0x7f2a7c191628
$ |slotflowPriorityStart|
P 0x7f2a7c19b1e8
C 51
= 0x7f2a7c19c2a8
R
P 0x7f2a7c191628
C 342
R
P 0x7f2a7c191628
P 0x7f2a7c19c2a8
C 257
R
P 0x7f2a7c191628
C 342
R
P 0x7f2a7c191628
P 0x7f2a7c19c2a8
C 254
= 0x7f2a7c19b1e8
R
P 0x7f2a7c191628
C 342
R
P 0x7f2a7c191628
P 0x7f2a7c19b1e8
C 209
R
P 0x7f2a7c191628
C 342
R
P 0x7f2a7c191628
P 0x7f2a7c19c2a8
C 260
R
P 0x7f2a7c191628
C 342
R
P 0x7f2a7c191628
P 0x7f2a7c19c2a8
C 259
R
P 0x7f2a7c191628
C 342
R
P 0x7f2a7c191628
P 0x7f2a7c19c2a8
C 258
R
P 0x7f2a7c191628
C 342
R
P 0x7f2a7c191628
P 0x7f2a7c19c2a8
C 9
R
P 0x7f2a7c191628
C 342
R
P 0x7f2a7c191628
I 4
P 0x7f2a7c19b208
C 150
= 0x7f2a7c19c028
R
P 0x7f2a7c191628
C 342
R
P 0x7f2a7c191628
P 0x7f2a7c19c028
C 258
R
P 0x7f2a7c191628
C 342
R
P 0x7f2a7c191628
P 0x7f2a7c19c028
C 9
R
P 0x7f2a7c191628
C 342
R
P 0x7f2a7c191628
I 1
P 0x7f2a7c19b208
C 150
= 0x7f2a7c19bc88
R
P 0x7f2a7c191628
C 342
R
P 0x7f2a7c191628
P 0x7f2a7c19bc88
C 258
R
P 0x7f2a7c191628
C 342
R
P 0x7f2a7c191628
P 0x7f2a7c19bc88
C 9
R
P 0x7f2a7c191628
C 342
R
P 0x7f2a7c191628
P 0x7f2a7c19c028
P 0x7f2a7c19bc88
C 75
= 0x7f2a7c487390
R
P 0x7f2a7c191628
C 342
R
P 0x7f2a7c191628
P 0x7f2a7c487390
C 258
R
P 0x7f2a7c191628
C 342
R
P 0x7f2a7c191628
P 0x7f2a7c487390
C 9
R
P 0x7f2a7c191628
C 342
R
P 0x7f2a7c191628
I 1
P 0x7f2a7c19b208
C 150
= 0x7f2a7c19bc88
R
P 0x7f2a7c191628
C 342
R
P 0x7f2a7c191628
P 0x7f2a7c19bc88
C 258
R
P 0x7f2a7c191628
C 342
R
P 0x7f2a7c191628
P 0x7f2a7c19bc88
C 9
R
P 0x7f2a7c191628
C 342
R
P 0x7f2a7c191628
U 2
P 0x7f2a7c19c028
P 0x7f2a7c19bc88
p 2
C 67
= 0x7f2a7c4873c8
R
P 0x7f2a7c191628
C 342
R
P 0x7f2a7c191628
P 0x7f2a7c4873c8
C 257
R
P 0x7f2a7c191628
C 342
R
P 0x7f2a7c191628
P 0x7f2a7c4873c8
C 254
= 0x7f2a7c19b208
R
P 0x7f2a7c191628
C 342
R
P 0x7f2a7c191628
P 0x7f2a7c19b208
C 209
R
P 0x7f2a7c191628
C 342
R
P 0x7f2a7c191628
P 0x7f2a7c4873c8
C 260
R
P 0x7f2a7c191628
C 342
R
P 0x7f2a7c191628
P 0x7f2a7c4873c8
C 259
R
P 0x7f2a7c191628
C 342
R
P 0x7f2a7c191628
P 0x7f2a7c4873c8
C 258
R
P 0x7f2a7c191628
C 342
R
P 0x7f2a7c191628
P 0x7f2a7c4873c8
C 9
R
P 0x7f2a7c191628
C 342
R
P 0x7f2a7c191628
U 2
P 0x7f2a7c19bbe8
P 0x7f2a7c4873c8
p 2
C 66
= 0x7f2a7c488158
R
P 0x7f2a7c191628
C 342
R
P 0x7f2a7c191628
P 0x7f2a7c488158
C 257
R
P 0x7f2a7c191628
C 342
R
P 0x7f2a7c191628
P 0x7f2a7c488158
C 254
= 0x7f2a7c19b208
R
P 0x7f2a7c191628
C 342
R
P 0x7f2a7c191628
P 0x7f2a7c19b208
C 209
R
P 0x7f2a7c191628
C 342
R
P 0x7f2a7c191628
P 0x7f2a7c488158
C 260
R
P 0x7f2a7c191628
C 342
R
P 0x7f2a7c191628
P 0x7f2a7c488158
C 259
R
P 0x7f2a7c191628
C 342
R
P 0x7f2a7c191628
P 0x7f2a7c488158
C 258
R
P 0x7f2a7c191628
C 342
R
P 0x7f2a7c191628
P 0x7f2a7c488158
C 9
R
P 0x7f2a7c191628
C 342
R
P 0x7f2a7c191628
U 2
P 0x7f2a7c19bb88
P 0x7f2a7c488158
p 2
C 65
= 0x7f2a7c488190
R
P 0x7f2a7c191628
C 342
R
P 0x7f2a7c191628
P 0x7f2a7c488190
C 257
R
P 0x7f2a7c191628
C 342
R
P 0x7f2a7c191628
P 0x7f2a7c488190
C 254
= 0x7f2a7c19b1e8
R
P 0x7f2a7c191628
C 342
R
P 0x7f2a7c191628
P 0x7f2a7c19b1e8
C 209
R
P 0x7f2a7c191628
C 342
R
P 0x7f2a7c191628
P 0x7f2a7c488190
C 260
R
P 0x7f2a7c191628
C 342
R
P 0x7f2a7c191628
P 0x7f2a7c488190
C 259
R
P 0x7f2a7c191628
C 342
R
P 0x7f2a7c191628
P 0x7f2a7c488190
C 258
R
P 0x7f2a7c191628
C 342
R
P 0x7f2a7c191628
P 0x7f2a7c488190
C 9
R
P 0x7f2a7c191628
C 342
R
P 0x7f2a7c191628
P 0x7f2a7c487390
P 0x7f2a7c488190
P 0x7f2a7c19bb88
C 59
= 0x7f2a7c19fb08
R
P 0x7f2a7c191628
C 342
R
P 0x7f2a7c191628
P 0x7f2a7c19fb08
C 257
R
P 0x7f2a7c191628
C 342
R
P 0x7f2a7c191628
P 0x7f2a7c19fb08
C 254
= 0x7f2a7c19b1e8
R
P 0x7f2a7c191628
C 342
R
P 0x7f2a7c191628
P 0x7f2a7c19b1e8
C 209
R
P 0x7f2a7c191628
C 342
R
P 0x7f2a7c191628
P 0x7f2a7c19fb08
C 260
R
P 0x7f2a7c191628
C 342
R
P 0x7f2a7c191628
P 0x7f2a7c19fb08
C 259
R
P 0x7f2a7c191628
C 342
R
P 0x7f2a7c191628
P 0x7f2a7c19fb08
C 258
R
P 0x7f2a7c191628
C 342
R
P 0x7f2a7c191628
P 0x7f2a7c19fb08
C 9
R
P 0x7f2a7c191628
C 342
R
P 0x7f2a7c191628
U 2
P 0x7f2a7c19c2a8
P 0x7f2a7c19fb08
p 2
C 65
= 0x7f2a7c488270
R
P 0x7f2a7c191628
C 342
R
P 0x7f2a7c191628
P 0x7f2a7c488270
C 257
R
P 0x7f2a7c191628
C 342
R
P 0x7f2a7c191628
P 0x7f2a7c488270
C 254
= 0x7f2a7c19b1e8
R
P 0x7f2a7c191628
C 342
R
P 0x7f2a7c191628
P 0x7f2a7c19b1e8
C 209
R
P 0x7f2a7c191628
C 342
R
P 0x7f2a7c191628
P 0x7f2a7c488270
C 260
R
P 0x7f2a7c191628
C 342
R
P 0x7f2a7c191628
P 0x7f2a7c488270
C 259
R
P 0x7f2a7c191628
C 342
R
P 0x7f2a7c191628
P 0x7f2a7c488270
C 258
R
P 0x7f2a7c191628
C 342
R
P 0x7f2a7c191628
P 0x7f2a7c488270
C 9
R
P 0x7f2a7c191628
C 342
R
P 0x7f2a7c191628
U 2
P 0x7f2a7c488270
P 0x7f2a7c19bb68
p 2
C 65
= 0x7f2a7c489db0
R
P 0x7f2a7c191628
C 342
R
P 0x7f2a7c191628
P 0x7f2a7c489db0
C 257
R
P 0x7f2a7c191628
C 342
R
P 0x7f2a7c191628
P 0x7f2a7c489db0
C 254
= 0x7f2a7c19b1e8
R
P 0x7f2a7c191628
C 342
R
P 0x7f2a7c191628
P 0x7f2a7c19b1e8
C 209
R
P 0x7f2a7c191628
C 342
R
P 0x7f2a7c191628
P 0x7f2a7c489db0
C 260
R
P 0x7f2a7c191628
C 342
R
P 0x7f2a7c191628
P 0x7f2a7c489db0
C 259
R
P 0x7f2a7c191628
C 342
R
P 0x7f2a7c191628
P 0x7f2a7c489db0
C 258
R
P 0x7f2a7c191628
C 342
R
P 0x7f2a7c191628
P 0x7f2a7c489db0
C 9
R
P 0x7f2a7c191628
C 342
R
P 0x7f2a7c191628
P 0x7f2a7c19c248
P 0x7f2a7c489db0
C 76
= 0x7f2a7c48bce0
R
P 0x7f2a7c191628
C 342
R
P 0x7f2a7c191628
P 0x7f2a7c48bce0
C 258
R
P 0x7f2a7c191628
C 342
R
P 0x7f2a7c191628
P 0x7f2a7c48bce0
C 9
R
P 0x7f2a7c191628
C 342
R
P 0x7f2a7c191628
I 4
P 0x7f2a7c19b208
C 150
= 0x7f2a7c19c028
R
P 0x7f2a7c191628
C 342
R
P 0x7f2a7c191628
P 0x7f2a7c19c028
C 258
R
P 0x7f2a7c191628
C 342
R
P 0x7f2a7c191628
P 0x7f2a7c19c028
C 9
R
P 0x7f2a7c191628
C 342
R
P 0x7f2a7c191628
P 0x7f2a7c19c028
C 263
R
P 0x7f2a7c191628
C 342
R
P 0x7f2a7c191628
S "dev0T34"
C 30
R
P 0x7f2a7c191628
C 342
R
P 0x7f2a7c191628
$ |dev0T34|
C 202
R
P 0x7f2a7c191628
C 342
R
P 0x7f2a7c191628
$ |dev0T34|
P 0x7f2a7c19b1e8
C 51
= 0x7f2a7c19c248
R
P 0x7f2a7c191628
C 342
R
P 0x7f2a7c191628
P 0x7f2a7c19c248
C 257
R
P 0x7f2a7c191628
C 342
R
P 0x7f2a7c191628
P 0x7f2a7c19c248
C 254
= 0x7f2a7c19b1e8
R
P 0x7f2a7c191628
C 342
R
P 0x7f2a7c191628
P 0x7f2a7c19b1e8
C 209
R
P 0x7f2a7c191628
C 342
R
P 0x7f2a7c191628
P 0x7f2a7c19c248
C 260
R
P 0x7f2a7c191628
C 342
R
P 0x7f2a7c191628
P 0x7f2a7c19c248
C 259
R
P 0x7f2a7c191628
C 342
R
P 0x7f2a7c191628
P 0x7f2a7c19c248
C 258
R
P 0x7f2a7c191628
C 342
R
P 0x7f2a7c191628
P 0x7f2a7c19c248
C 9
R
P 0x7f2a7c191628
C 342
R
P 0x7f2a7c191628
P 0x7f2a7c19bc68
C 333
R
P 0x7f2a7c191628
C 342
R
P 0x7f2a7c191628
S "slotflowPriorityStart"
C 30
R
P 0x7f2a7c191628
C 342
R
P 0x7f2a7c191628
$ |slotflowPriorityStart|
C 202
R
P 0x7f2a7c191628
C 342
R
P 0x7f2a7c191628
$ |slotflowPriorityStart|
P 0x7f2a7c19b1e8
C 51
= 0x7f2a7c19c2a8
R
P 0x7f2a7c191628
C 342
R
P 0x7f2a7c191628
P 0x7f2a7c19c2a8
C 257
R
P 0x7f2a7c191628
C 342
R
P 0x7f2a7c191628
P 0x7f2a7c19c2a8
C 254
= 0x7f2a7c19b1e8
R
P 0x7f2a7c191628
C 342
R
P 0x7f2a7c191628
P 0x7f2a7c19b1e8
C 209
R
P 0x7f2a7c191628
C 342
R
P 0x7f2a7c191628
P 0x7f2a7c19c2a8
C 260
R
P 0x7f2a7c191628
C 342
R
P 0x7f2a7c191628
P 0x7f2a7c19c2a8
C 259
R
P 0x7f2a7c191628
C 342
R
P 0x7f2a7c191628
P 0x7f2a7c19c2a8
C 258
R
P 0x7f2a7c191628
C 342
R
P 0x7f2a7c191628
P 0x7f2a7c19c2a8
C 9
R
P 0x7f2a7c191628
C 342
R
P 0x7f2a7c191628
P 0x7f2a7c19bc68
C 333
R
P 0x7f2a7c191628
C 342
R
P 0x7f2a7c191628
S "slotflowPriorityDuration"
C 30
R
P 0x7f2a7c191628
C 342
R
P 0x7f2a7c191628
$ |slotflowPriorityDuration|
C 202
R
P 0x7f2a7c191628
C 342
R
P 0x7f2a7c191628
$ |slotflowPriorityDuration|
P 0x7f2a7c19b1e8
C 51
= 0x7f2a7c19c268
R
P 0x7f2a7c191628
C 342
R
P 0x7f2a7c191628
P 0x7f2a7c19c268
C 257
R
P 0x7f2a7c191628
C 342
R
P 0x7f2a7c191628
P 0x7f2a7c19c268
C 254
= 0x7f2a7c19b1e8
R
P 0x7f2a7c191628
C 342
R
P 0x7f2a7c191628
P 0x7f2a7c19b1e8
C 209
R
P 0x7f2a7c191628
C 342
R
P 0x7f2a7c191628
P 0x7f2a7c19c268
C 260
R
P 0x7f2a7c191628
C 342
R
P 0x7f2a7c191628
P 0x7f2a7c19c268
C 259
R
P 0x7f2a7c191628
C 342
R
P 0x7f2a7c191628
P 0x7f2a7c19c268
C 258
R
P 0x7f2a7c191628
C 342
R
P 0x7f2a7c191628
P 0x7f2a7c19c268
C 9
R
P 0x7f2a7c191628
C 342
R
P 0x7f2a7c191628
U 2
P 0x7f2a7c19c2a8
P 0x7f2a7c19c268
p 2
C 65
= 0x7f2a7c487908
R
P 0x7f2a7c191628
C 342
R
P 0x7f2a7c191628
P 0x7f2a7c487908
C 257
R
P 0x7f2a7c191628
C 342
R
P 0x7f2a7c191628
P 0x7f2a7c487908
C 254
= 0x7f2a7c19b1e8
R
P 0x7f2a7c191628
C 342
R
P 0x7f2a7c191628
P 0x7f2a7c19b1e8
C 209
R
P 0x7f2a7c191628
C 342
R
P 0x7f2a7c191628
P 0x7f2a7c487908
C 260
R
P 0x7f2a7c191628
C 342
R
P 0x7f2a7c191628
P 0x7f2a7c487908
C 259
R
P 0x7f2a7c191628
C 342
R
P 0x7f2a7c191628
P 0x7f2a7c487908
C 258
R
P 0x7f2a7c191628
C 342
R
P 0x7f2a7c191628
P 0x7f2a7c487908
C 9
R
P 0x7f2a7c191628
C 342
R
P 0x7f2a7c191628
I 4
P 0x7f2a7c19b208
C 150
= 0x7f2a7c19c028
R
P 0x7f2a7c191628
C 342
R
P 0x7f2a7c191628
P 0x7f2a7c19c028
C 258
R
P 0x7f2a7c191628
C 342
R
P 0x7f2a7c191628
P 0x7f2a7c19c028
C 9
R
P 0x7f2a7c191628
C 342
R
P 0x7f2a7c191628
I 1
P 0x7f2a7c19b208
C 150
= 0x7f2a7c19bc88
R
P 0x7f2a7c191628
C 342
R
P 0x7f2a7c191628
P 0x7f2a7c19bc88
C 258
R
P 0x7f2a7c191628
C 342
R
P 0x7f2a7c191628
P 0x7f2a7c19bc88
C 9
R
P 0x7f2a7c191628
C 342
R
P 0x7f2a7c191628
P 0x7f2a7c19c028
P 0x7f2a7c19bc88
C 75
= 0x7f2a7c487390
R
P 0x7f2a7c191628
C 342
R
P 0x7f2a7c191628
P 0x7f2a7c487390
C 258
R
P 0x7f2a7c191628
C 342
R
P 0x7f2a7c191628
P 0x7f2a7c487390
C 9
R
P 0x7f2a7c191628
C 342
R
P 0x7f2a7c191628
I 1
P 0x7f2a7c19b208
C 150
= 0x7f2a7c19bc88
R
P 0x7f2a7c191628
C 342
R
P 0x7f2a7c191628
P 0x7f2a7c19bc88
C 258
R
P 0x7f2a7c191628
C 342
R
P 0x7f2a7c191628
P 0x7f2a7c19bc88
C 9
R
P 0x7f2a7c191628
C 342
R
P 0x7f2a7c191628
U 2
P 0x7f2a7c19c028
P 0x7f2a7c19bc88
p 2
C 67
= 0x7f2a7c4873c8
R
P 0x7f2a7c191628
C 342
R
P 0x7f2a7c191628
P 0x7f2a7c4873c8
C 257
R
P 0x7f2a7c191628
C 342
R
P 0x7f2a7c191628
P 0x7f2a7c4873c8
C 254
= 0x7f2a7c19b208
R
P 0x7f2a7c191628
C 342
R
P 0x7f2a7c191628
P 0x7f2a7c19b208
C 209
R
P 0x7f2a7c191628
C 342
R
P 0x7f2a7c191628
P 0x7f2a7c4873c8
C 260
R
P 0x7f2a7c191628
C 342
R
P 0x7f2a7c191628
P 0x7f2a7c4873c8
C 259
R
P 0x7f2a7c191628
C 342
R
P 0x7f2a7c191628
P 0x7f2a7c4873c8
C 258
R
P 0x7f2a7c191628
C 342
R
P 0x7f2a7c191628
P 0x7f2a7c4873c8
C 9
R
P 0x7f2a7c191628
C 342
R
P 0x7f2a7c191628
U 2
P 0x7f2a7c19bbe8
P 0x7f2a7c4873c8
p 2
C 66
= 0x7f2a7c488158
R
P 0x7f2a7c191628
C 342
R
P 0x7f2a7c191628
P 0x7f2a7c488158
C 257
R
P 0x7f2a7c191628
C 342
R
P 0x7f2a7c191628
P 0x7f2a7c488158
C 254
= 0x7f2a7c19b208
R
P 0x7f2a7c191628
C 342
R
P 0x7f2a7c191628
P 0x7f2a7c19b208
C 209
R
P 0x7f2a7c191628
C 342
R
P 0x7f2a7c191628
P 0x7f2a7c488158
C 260
R
P 0x7f2a7c191628
C 342
R
P 0x7f2a7c191628
P 0x7f2a7c488158
C 259
R
P 0x7f2a7c191628
C 342
R
P 0x7f2a7c191628
P 0x7f2a7c488158
C 258
R
P 0x7f2a7c191628
C 342
R
P 0x7f2a7c191628
P 0x7f2a7c488158
C 9
R
P 0x7f2a7c191628
C 342
R
P 0x7f2a7c191628
U 2
P 0x7f2a7c19bb88
P 0x7f2a7c488158
p 2
C 65
= 0x7f2a7c488190
R
P 0x7f2a7c191628
C 342
R
P 0x7f2a7c191628
P 0x7f2a7c488190
C 257
R
P 0x7f2a7c191628
C 342
R
P 0x7f2a7c191628
P 0x7f2a7c488190
C 254
= 0x7f2a7c19b1e8
R
P 0x7f2a7c191628
C 342
R
P 0x7f2a7c191628
P 0x7f2a7c19b1e8
C 209
R
P 0x7f2a7c191628
C 342
R
P 0x7f2a7c191628
P 0x7f2a7c488190
C 260
R
P 0x7f2a7c191628
C 342
R
P 0x7f2a7c191628
P 0x7f2a7c488190
C 259
R
P 0x7f2a7c191628
C 342
R
P 0x7f2a7c191628
P 0x7f2a7c488190
C 258
R
P 0x7f2a7c191628
C 342
R
P 0x7f2a7c191628
P 0x7f2a7c488190
C 9
R
P 0x7f2a7c191628
C 342
R
P 0x7f2a7c191628
P 0x7f2a7c487390
P 0x7f2a7c488190
P 0x7f2a7c19bb88
C 59
= 0x7f2a7c19fb08
R
P 0x7f2a7c191628
C 342
R
P 0x7f2a7c191628
P 0x7f2a7c19fb08
C 257
R
P 0x7f2a7c191628
C 342
R
P 0x7f2a7c191628
P 0x7f2a7c19fb08
C 254
= 0x7f2a7c19b1e8
R
P 0x7f2a7c191628
C 342
R
P 0x7f2a7c191628
P 0x7f2a7c19b1e8
C 209
R
P 0x7f2a7c191628
C 342
R
P 0x7f2a7c191628
P 0x7f2a7c19fb08
C 260
R
P 0x7f2a7c191628
C 342
R
P 0x7f2a7c191628
P 0x7f2a7c19fb08
C 259
R
P 0x7f2a7c191628
C 342
R
P 0x7f2a7c191628
P 0x7f2a7c19fb08
C 258
R
P 0x7f2a7c191628
C 342
R
P 0x7f2a7c191628
P 0x7f2a7c19fb08
C 9
R
P 0x7f2a7c191628
C 342
R
P 0x7f2a7c191628
U 2
P 0x7f2a7c487908
P 0x7f2a7c19fb08
p 2
C 65
= 0x7f2a7c4881c8
R
P 0x7f2a7c191628
C 342
R
P 0x7f2a7c191628
P 0x7f2a7c4881c8
C 257
R
P 0x7f2a7c191628
C 342
R
P 0x7f2a7c191628
P 0x7f2a7c4881c8
C 254
= 0x7f2a7c19b1e8
R
P 0x7f2a7c191628
C 342
R
P 0x7f2a7c191628
P 0x7f2a7c19b1e8
C 209
R
P 0x7f2a7c191628
C 342
R
P 0x7f2a7c191628
P 0x7f2a7c4881c8
C 260
R
P 0x7f2a7c191628
C 342
R
P 0x7f2a7c191628
P 0x7f2a7c4881c8
C 259
R
P 0x7f2a7c191628
C 342
R
P 0x7f2a7c191628
P 0x7f2a7c4881c8
C 258
R
P 0x7f2a7c191628
C 342
R
P 0x7f2a7c191628
P 0x7f2a7c4881c8
C 9
R
P 0x7f2a7c191628
C 342
R
P 0x7f2a7c191628
P 0x7f2a7c19c248
P 0x7f2a7c4881c8
C 74
= 0x7f2a7c48bd18
R
P 0x7f2a7c191628
C 342
R
P 0x7f2a7c191628
P 0x7f2a7c48bd18
C 258
R
P 0x7f2a7c191628
C 342
R
P 0x7f2a7c191628
P 0x7f2a7c48bd18
C 9
R
P 0x7f2a7c191628
C 342
R
P 0x7f2a7c191628
U 2
P 0x7f2a7c48bce0
P 0x7f2a7c48bd18
p 2
C 63
= 0x7f2a7c48bd50
R
P 0x7f2a7c191628
C 342
R
P 0x7f2a7c191628
P 0x7f2a7c48bd50
C 258
R
P 0x7f2a7c191628
C 342
R
P 0x7f2a7c191628
P 0x7f2a7c48bd50
C 9
R
P 0x7f2a7c191628
C 342
R
P 0x7f2a7c191628
P 0x7f2a7c48bca8
P 0x7f2a7c48bd50
C 61
= 0x7f2a7c48bd88
R
P 0x7f2a7c191628
C 342
R
P 0x7f2a7c191628
P 0x7f2a7c48bd88
C 258
R
P 0x7f2a7c191628
C 342
R
P 0x7f2a7c191628
P 0x7f2a7c48bd88
C 9
R
P 0x7f2a7c191628
C 342
R
P 0x7f2a7c191628
P 0x7f2a7c1e1fc8
P 0x7f2a7c48bd88
C 427
R
P 0x7f2a7c191628
C 342
R
P 0x7f2a7c191628
I 0
P 0x7f2a7c19b208
C 150
= 0x7f2a7c19bd08
R
P 0x7f2a7c191628
C 342
R
P 0x7f2a7c191628
P 0x7f2a7c19bd08
C 258
R
P 0x7f2a7c191628
C 342
R
P 0x7f2a7c191628
P 0x7f2a7c19bd08
C 9
R
P 0x7f2a7c191628
C 342
R
P 0x7f2a7c191628
I 1
P 0x7f2a7c19b208
C 150
= 0x7f2a7c19bc88
R
P 0x7f2a7c191628
C 342
R
P 0x7f2a7c191628
P 0x7f2a7c19bc88
C 258
R
P 0x7f2a7c191628
C 342
R
P 0x7f2a7c191628
P 0x7f2a7c19bc88
C 9
R
P 0x7f2a7c191628
C 342
R
P 0x7f2a7c191628
P 0x7f2a7c19bd08
P 0x7f2a7c19bc88
C 75
= 0x7f2a7c486fa0
R
P 0x7f2a7c191628
C 342
R
P 0x7f2a7c191628
P 0x7f2a7c486fa0
C 258
R
P 0x7f2a7c191628
C 342
R
P 0x7f2a7c191628
P 0x7f2a7c486fa0
C 9
R
P 0x7f2a7c191628
C 342
R
P 0x7f2a7c191628
I 1
P 0x7f2a7c19b208
C 150
= 0x7f2a7c19bc88
R
P 0x7f2a7c191628
C 342
R
P 0x7f2a7c191628
P 0x7f2a7c19bc88
C 258
R
P 0x7f2a7c191628
C 342
R
P 0x7f2a7c191628
P 0x7f2a7c19bc88
C 9
R
P 0x7f2a7c191628
C 342
R
P 0x7f2a7c191628
U 2
P 0x7f2a7c19bd08
P 0x7f2a7c19bc88
p 2
C 67
= 0x7f2a7c486fd8
R
P 0x7f2a7c191628
C 342
R
P 0x7f2a7c191628
P 0x7f2a7c486fd8
C 257
R
P 0x7f2a7c191628
C 342
R
P 0x7f2a7c191628
P 0x7f2a7c486fd8
C 254
= 0x7f2a7c19b208
R
P 0x7f2a7c191628
C 342
R
P 0x7f2a7c191628
P 0x7f2a7c19b208
C 209
R
P 0x7f2a7c191628
C 342
R
P 0x7f2a7c191628
P 0x7f2a7c486fd8
C 260
R
P 0x7f2a7c191628
C 342
R
P 0x7f2a7c191628
P 0x7f2a7c486fd8
C 259
R
P 0x7f2a7c191628
C 342
R
P 0x7f2a7c191628
P 0x7f2a7c486fd8
C 258
R
P 0x7f2a7c191628
C 342
R
P 0x7f2a7c191628
P 0x7f2a7c486fd8
C 9
R
P 0x7f2a7c191628
C 342
R
P 0x7f2a7c191628
U 2
P 0x7f2a7c19bba8
P 0x7f2a7c486fd8
p 2
C 66
= 0x7f2a7c487010
R
P 0x7f2a7c191628
C 342
R
P 0x7f2a7c191628
P 0x7f2a7c487010
C 257
R
P 0x7f2a7c191628
C 342
R
P 0x7f2a7c191628
P 0x7f2a7c487010
C 254
= 0x7f2a7c19b1e8
R
P 0x7f2a7c191628
C 342
R
P 0x7f2a7c191628
P 0x7f2a7c19b1e8
C 209
R
P 0x7f2a7c191628
C 342
R
P 0x7f2a7c191628
P 0x7f2a7c487010
C 260
R
P 0x7f2a7c191628
C 342
R
P 0x7f2a7c191628
P 0x7f2a7c487010
C 259
R
P 0x7f2a7c191628
C 342
R
P 0x7f2a7c191628
P 0x7f2a7c487010
C 258
R
P 0x7f2a7c191628
C 342
R
P 0x7f2a7c191628
P 0x7f2a7c487010
C 9
R
P 0x7f2a7c191628
C 342
R
P 0x7f2a7c191628
U 2
P 0x7f2a7c19bc28
P 0x7f2a7c487010
p 2
C 65
= 0x7f2a7c487048
R
P 0x7f2a7c191628
C 342
R
P 0x7f2a7c191628
P 0x7f2a7c487048
C 257
R
P 0x7f2a7c191628
C 342
R
P 0x7f2a7c191628
P 0x7f2a7c487048
C 254
= 0x7f2a7c19b1e8
R
P 0x7f2a7c191628
C 342
R
P 0x7f2a7c191628
P 0x7f2a7c19b1e8
C 209
R
P 0x7f2a7c191628
C 342
R
P 0x7f2a7c191628
P 0x7f2a7c487048
C 260
R
P 0x7f2a7c191628
C 342
R
P 0x7f2a7c191628
P 0x7f2a7c487048
C 259
R
P 0x7f2a7c191628
C 342
R
P 0x7f2a7c191628
P 0x7f2a7c487048
C 258
R
P 0x7f2a7c191628
C 342
R
P 0x7f2a7c191628
P 0x7f2a7c487048
C 9
R
P 0x7f2a7c191628
C 342
R
P 0x7f2a7c191628
P 0x7f2a7c486fa0
P 0x7f2a7c487048
P 0x7f2a7c19bc28
C 59
= 0x7f2a7c19f948
R
P 0x7f2a7c191628
C 342
R
P 0x7f2a7c191628
P 0x7f2a7c19f948
C 257
R
P 0x7f2a7c191628
C 342
R
P 0x7f2a7c191628
P 0x7f2a7c19f948
C 254
= 0x7f2a7c19b1e8
R
P 0x7f2a7c191628
C 342
R
P 0x7f2a7c191628
P 0x7f2a7c19b1e8
C 209
R
P 0x7f2a7c191628
C 342
R
P 0x7f2a7c191628
P 0x7f2a7c19f948
C 260
R
P 0x7f2a7c191628
C 342
R
P 0x7f2a7c191628
P 0x7f2a7c19f948
C 259
R
P 0x7f2a7c191628
C 342
R
P 0x7f2a7c191628
P 0x7f2a7c19f948
C 258
R
P 0x7f2a7c191628
C 342
R
P 0x7f2a7c191628
P 0x7f2a7c19f948
C 9
R
P 0x7f2a7c191628
C 342
R
P 0x7f2a7c191628
U 2
P 0x7f2a7c19f948
P 0x7f2a7c19bb48
p 2
C 65
= 0x7f2a7c487080
R
P 0x7f2a7c191628
C 342
R
P 0x7f2a7c191628
P 0x7f2a7c487080
C 257
R
P 0x7f2a7c191628
C 342
R
P 0x7f2a7c191628
P 0x7f2a7c487080
C 254
= 0x7f2a7c19b1e8
R
P 0x7f2a7c191628
C 342
R
P 0x7f2a7c191628
P 0x7f2a7c19b1e8
C 209
R
P 0x7f2a7c191628
C 342
R
P 0x7f2a7c191628
P 0x7f2a7c487080
C 260
R
P 0x7f2a7c191628
C 342
R
P 0x7f2a7c191628
P 0x7f2a7c487080
C 259
R
P 0x7f2a7c191628
C 342
R
P 0x7f2a7c191628
P 0x7f2a7c487080
C 258
R
P 0x7f2a7c191628
C 342
R
P 0x7f2a7c191628
P 0x7f2a7c487080
C 9
R
P 0x7f2a7c191628
C 342
R
P 0x7f2a7c191628
P 0x7f2a7c19bc68
C 333
R
P 0x7f2a7c191628
C 342
R
P 0x7f2a7c191628
S "slotflowPriorityStart"
C 30
R
P 0x7f2a7c191628
C 342
R
P 0x7f2a7c191628
$ |slotflowPriorityStart|
C 202
R
P 0x7f2a7c191628
C 342
R
P 0x7f2a7c191628
$ |slotflowPriorityStart|
P 0x7f2a7c19b1e8
C 51
= 0x7f2a7c19c2a8
R
P 0x7f2a7c191628
C 342
R
P 0x7f2a7c191628
P 0x7f2a7c19c2a8
C 257
R
P 0x7f2a7c191628
C 342
R
P 0x7f2a7c191628
P 0x7f2a7c19c2a8
C 254
= 0x7f2a7c19b1e8
R
P 0x7f2a7c191628
C 342
R
P 0x7f2a7c191628
P 0x7f2a7c19b1e8
C 209
R
P 0x7f2a7c191628
C 342
R
P 0x7f2a7c191628
P 0x7f2a7c19c2a8
C 260
R
P 0x7f2a7c191628
C 342
R
P 0x7f2a7c191628
P 0x7f2a7c19c2a8
C 259
R
P 0x7f2a7c191628
C 342
R
P 0x7f2a7c191628
P 0x7f2a7c19c2a8
C 258
R
P 0x7f2a7c191628
C 342
R
P 0x7f2a7c191628
P 0x7f2a7c19c2a8
C 9
R
P 0x7f2a7c191628
C 342
R
P 0x7f2a7c191628
P 0x7f2a7c19bc68
C 333
R
P 0x7f2a7c191628
C 342
R
P 0x7f2a7c191628
S "slotflowPriorityDuration"
C 30
R
P 0x7f2a7c191628
C 342
R
P 0x7f2a7c191628
$ |slotflowPriorityDuration|
C 202
R
P 0x7f2a7c191628
C 342
R
P 0x7f2a7c191628
$ |slotflowPriorityDuration|
P 0x7f2a7c19b1e8
C 51
= 0x7f2a7c19c268
R
P 0x7f2a7c191628
C 342
R
P 0x7f2a7c191628
P 0x7f2a7c19c268
C 257
R
P 0x7f2a7c191628
C 342
R
P 0x7f2a7c191628
P 0x7f2a7c19c268
C 254
= 0x7f2a7c19b1e8
R
P 0x7f2a7c191628
C 342
R
P 0x7f2a7c191628
P 0x7f2a7c19b1e8
C 209
R
P 0x7f2a7c191628
C 342
R
P 0x7f2a7c191628
P 0x7f2a7c19c268
C 260
R
P 0x7f2a7c191628
C 342
R
P 0x7f2a7c191628
P 0x7f2a7c19c268
C 259
R
P 0x7f2a7c191628
C 342
R
P 0x7f2a7c191628
P 0x7f2a7c19c268
C 258
R
P 0x7f2a7c191628
C 342
R
P 0x7f2a7c191628
P 0x7f2a7c19c268
C 9
R
P 0x7f2a7c191628
C 342
R
P 0x7f2a7c191628
U 2
P 0x7f2a7c19c2a8
P 0x7f2a7c19c268
p 2
C 65
= 0x7f2a7c487908
R
P 0x7f2a7c191628
C 342
R
P 0x7f2a7c191628
P 0x7f2a7c487908
C 257
R
P 0x7f2a7c191628
C 342
R
P 0x7f2a7c191628
P 0x7f2a7c487908
C 254
= 0x7f2a7c19b1e8
R
P 0x7f2a7c191628
C 342
R
P 0x7f2a7c191628
P 0x7f2a7c19b1e8
C 209
R
P 0x7f2a7c191628
C 342
R
P 0x7f2a7c191628
P 0x7f2a7c487908
C 260
R
P 0x7f2a7c191628
C 342
R
P 0x7f2a7c191628
P 0x7f2a7c487908
C 259
R
P 0x7f2a7c191628
C 342
R
P 0x7f2a7c191628
P 0x7f2a7c487908
C 258
R
P 0x7f2a7c191628
C 342
R
P 0x7f2a7c191628
P 0x7f2a7c487908
C 9
R
P 0x7f2a7c191628
C 342
R
P 0x7f2a7c191628
I 0
P 0x7f2a7c19b208
C 150
= 0x7f2a7c19bd08
R
P 0x7f2a7c191628
C 342
R
P 0x7f2a7c191628
P 0x7f2a7c19bd08
C 258
R
P 0x7f2a7c191628
C 342
R
P 0x7f2a7c191628
P 0x7f2a7c19bd08
C 9
R
P 0x7f2a7c191628
C 342
R
P 0x7f2a7c191628
I 1
P 0x7f2a7c19b208
C 150
= 0x7f2a7c19bc88
R
P 0x7f2a7c191628
C 342
R
P 0x7f2a7c191628
P 0x7f2a7c19bc88
C 258
R
P 0x7f2a7c191628
C 342
R
P 0x7f2a7c191628
P 0x7f2a7c19bc88
C 9
R
P 0x7f2a7c191628
C 342
R
P 0x7f2a7c191628
P 0x7f2a7c19bd08
P 0x7f2a7c19bc88
C 75
= 0x7f2a7c486fa0
R
P 0x7f2a7c191628
C 342
R
P 0x7f2a7c191628
P 0x7f2a7c486fa0
C 258
R
P 0x7f2a7c191628
C 342
R
P 0x7f2a7c191628
P 0x7f2a7c486fa0
C 9
R
P 0x7f2a7c191628
C 342
R
P 0x7f2a7c191628
I 1
P 0x7f2a7c19b208
C 150
= 0x7f2a7c19bc88
R
P 0x7f2a7c191628
C 342
R
P 0x7f2a7c191628
P 0x7f2a7c19bc88
C 258
R
P 0x7f2a7c191628
C 342
R
P 0x7f2a7c191628
P 0x7f2a7c19bc88
C 9
R
P 0x7f2a7c191628
C 342
R
P 0x7f2a7c191628
U 2
P 0x7f2a7c19bd08
P 0x7f2a7c19bc88
p 2
C 67
= 0x7f2a7c486fd8
R
P 0x7f2a7c191628
C 342
R
P 0x7f2a7c191628
P 0x7f2a7c486fd8
C 257
R
P 0x7f2a7c191628
C 342
R
P 0x7f2a7c191628
P 0x7f2a7c486fd8
C 254
= 0x7f2a7c19b208
R
P 0x7f2a7c191628
C 342
R
P 0x7f2a7c191628
P 0x7f2a7c19b208
C 209
R
P 0x7f2a7c191628
C 342
R
P 0x7f2a7c191628
P 0x7f2a7c486fd8
C 260
R
P 0x7f2a7c191628
C 342
R
P 0x7f2a7c191628
P 0x7f2a7c486fd8
C 259
R
P 0x7f2a7c191628
C 342
R
P 0x7f2a7c191628
P 0x7f2a7c486fd8
C 258
R
P 0x7f2a7c191628
C 342
R
P 0x7f2a7c191628
P 0x7f2a7c486fd8
C 9
R
P 0x7f2a7c191628
C 342
R
P 0x7f2a7c191628
U 2
P 0x7f2a7c19bbe8
P 0x7f2a7c486fd8
p 2
C 66
= 0x7f2a7c487940
R
P 0x7f2a7c191628
C 342
R
P 0x7f2a7c191628
P 0x7f2a7c487940
C 257
R
P 0x7f2a7c191628
C 342
R
P 0x7f2a7c191628
P 0x7f2a7c487940
C 254
= 0x7f2a7c19b208
R
P 0x7f2a7c191628
C 342
R
P 0x7f2a7c191628
P 0x7f2a7c19b208
C 209
R
P 0x7f2a7c191628
C 342
R
P 0x7f2a7c191628
P 0x7f2a7c487940
C 260
R
P 0x7f2a7c191628
C 342
R
P 0x7f2a7c191628
P 0x7f2a7c487940
C 259
R
P 0x7f2a7c191628
C 342
R
P 0x7f2a7c191628
P 0x7f2a7c487940
C 258
R
P 0x7f2a7c191628
C 342
R
P 0x7f2a7c191628
P 0x7f2a7c487940
C 9
R
P 0x7f2a7c191628
C 342
R
P 0x7f2a7c191628
U 2
P 0x7f2a7c19bb88
P 0x7f2a7c487940
p 2
C 65
= 0x7f2a7c487978
R
P 0x7f2a7c191628
C 342
R
P 0x7f2a7c191628
P 0x7f2a7c487978
C 257
R
P 0x7f2a7c191628
C 342
R
P 0x7f2a7c191628
P 0x7f2a7c487978
C 254
= 0x7f2a7c19b1e8
R
P 0x7f2a7c191628
C 342
R
P 0x7f2a7c191628
P 0x7f2a7c19b1e8
C 209
R
P 0x7f2a7c191628
C 342
R
P 0x7f2a7c191628
P 0x7f2a7c487978
C 260
R
P 0x7f2a7c191628
C 342
R
P 0x7f2a7c191628
P 0x7f2a7c487978
C 259
R
P 0x7f2a7c191628
C 342
R
P 0x7f2a7c191628
P 0x7f2a7c487978
C 258
R
P 0x7f2a7c191628
C 342
R
P 0x7f2a7c191628
P 0x7f2a7c487978
C 9
R
P 0x7f2a7c191628
C 342
R
P 0x7f2a7c191628
P 0x7f2a7c486fa0
P 0x7f2a7c487978
P 0x7f2a7c19bb88
C 59
= 0x7f2a7c19fa08
R
P 0x7f2a7c191628
C 342
R
P 0x7f2a7c191628
P 0x7f2a7c19fa08
C 257
R
P 0x7f2a7c191628
C 342
R
P 0x7f2a7c191628
P 0x7f2a7c19fa08
C 254
= 0x7f2a7c19b1e8
R
P 0x7f2a7c191628
C 342
R
P 0x7f2a7c191628
P 0x7f2a7c19b1e8
C 209
R
P 0x7f2a7c191628
C 342
R
P 0x7f2a7c191628
P 0x7f2a7c19fa08
C 260
R
P 0x7f2a7c191628
C 342
R
P 0x7f2a7c191628
P 0x7f2a7c19fa08
C 259
R
P 0x7f2a7c191628
C 342
R
P 0x7f2a7c191628
P 0x7f2a7c19fa08
C 258
R
P 0x7f2a7c191628
C 342
R
P 0x7f2a7c191628
P 0x7f2a7c19fa08
C 9
R
P 0x7f2a7c191628
C 342
R
P 0x7f2a7c191628
U 2
P 0x7f2a7c487908
P 0x7f2a7c19fa08
p 2
C 65
= 0x7f2a7c4879b0
R
P 0x7f2a7c191628
C 342
R
P 0x7f2a7c191628
P 0x7f2a7c4879b0
C 257
R
P 0x7f2a7c191628
C 342
R
P 0x7f2a7c191628
P 0x7f2a7c4879b0
C 254
= 0x7f2a7c19b1e8
R
P 0x7f2a7c191628
C 342
R
P 0x7f2a7c191628
P 0x7f2a7c19b1e8
C 209
R
P 0x7f2a7c191628
C 342
R
P 0x7f2a7c191628
P 0x7f2a7c4879b0
C 260
R
P 0x7f2a7c191628
C 342
R
P 0x7f2a7c191628
P 0x7f2a7c4879b0
C 259
R
P 0x7f2a7c191628
C 342
R
P 0x7f2a7c191628
P 0x7f2a7c4879b0
C 258
R
P 0x7f2a7c191628
C 342
R
P 0x7f2a7c191628
P 0x7f2a7c4879b0
C 9
R
P 0x7f2a7c191628
C 342
R
P 0x7f2a7c191628
U 2
P 0x7f2a7c4879b0
P 0x7f2a7c19bb68
p 2
C 67
= 0x7f2a7c4879e8
R
P 0x7f2a7c191628
C 342
R
P 0x7f2a7c191628
P 0x7f2a7c4879e8
C 257
R
P 0x7f2a7c191628
C 342
R
P 0x7f2a7c191628
P 0x7f2a7c4879e8
C 254
= 0x7f2a7c19b1e8
R
P 0x7f2a7c191628
C 342
R
P 0x7f2a7c191628
P 0x7f2a7c19b1e8
C 209
R
P 0x7f2a7c191628
C 342
R
P 0x7f2a7c191628
P 0x7f2a7c4879e8
C 260
R
P 0x7f2a7c191628
C 342
R
P 0x7f2a7c191628
P 0x7f2a7c4879e8
C 259
R
P 0x7f2a7c191628
C 342
R
P 0x7f2a7c191628
P 0x7f2a7c4879e8
C 258
R
P 0x7f2a7c191628
C 342
R
P 0x7f2a7c191628
P 0x7f2a7c4879e8
C 9
R
P 0x7f2a7c191628
C 342
R
P 0x7f2a7c191628
P 0x7f2a7c487080
P 0x7f2a7c4879e8
C 75
= 0x7f2a7c48bdc0
R
P 0x7f2a7c191628
C 342
R
P 0x7f2a7c191628
P 0x7f2a7c48bdc0
C 258
R
P 0x7f2a7c191628
C 342
R
P 0x7f2a7c191628
P 0x7f2a7c48bdc0
C 9
R
P 0x7f2a7c191628
C 342
R
P 0x7f2a7c191628
I 0
P 0x7f2a7c19b208
C 150
= 0x7f2a7c19bd08
R
P 0x7f2a7c191628
C 342
R
P 0x7f2a7c191628
P 0x7f2a7c19bd08
C 258
R
P 0x7f2a7c191628
C 342
R
P 0x7f2a7c191628
P 0x7f2a7c19bd08
C 9
R
P 0x7f2a7c191628
C 342
R
P 0x7f2a7c191628
I 1
P 0x7f2a7c19b208
C 150
= 0x7f2a7c19bc88
R
P 0x7f2a7c191628
C 342
R
P 0x7f2a7c191628
P 0x7f2a7c19bc88
C 258
R
P 0x7f2a7c191628
C 342
R
P 0x7f2a7c191628
P 0x7f2a7c19bc88
C 9
R
P 0x7f2a7c191628
C 342
R
P 0x7f2a7c191628
P 0x7f2a7c19bd08
P 0x7f2a7c19bc88
C 75
= 0x7f2a7c486fa0
R
P 0x7f2a7c191628
C 342
R
P 0x7f2a7c191628
P 0x7f2a7c486fa0
C 258
R
P 0x7f2a7c191628
C 342
R
P 0x7f2a7c191628
P 0x7f2a7c486fa0
C 9
R
P 0x7f2a7c191628
C 342
R
P 0x7f2a7c191628
I 1
P 0x7f2a7c19b208
C 150
= 0x7f2a7c19bc88
R
P 0x7f2a7c191628
C 342
R
P 0x7f2a7c191628
P 0x7f2a7c19bc88
C 258
R
P 0x7f2a7c191628
C 342
R
P 0x7f2a7c191628
P 0x7f2a7c19bc88
C 9
R
P 0x7f2a7c191628
C 342
R
P 0x7f2a7c191628
U 2
P 0x7f2a7c19bd08
P 0x7f2a7c19bc88
p 2
C 67
= 0x7f2a7c486fd8
R
P 0x7f2a7c191628
C 342
R
P 0x7f2a7c191628
P 0x7f2a7c486fd8
C 257
R
P 0x7f2a7c191628
C 342
R
P 0x7f2a7c191628
P 0x7f2a7c486fd8
C 254
= 0x7f2a7c19b208
R
P 0x7f2a7c191628
C 342
R
P 0x7f2a7c191628
P 0x7f2a7c19b208
C 209
R
P 0x7f2a7c191628
C 342
R
P 0x7f2a7c191628
P 0x7f2a7c486fd8
C 260
R
P 0x7f2a7c191628
C 342
R
P 0x7f2a7c191628
P 0x7f2a7c486fd8
C 259
R
P 0x7f2a7c191628
C 342
R
P 0x7f2a7c191628
P 0x7f2a7c486fd8
C 258
R
P 0x7f2a7c191628
C 342
R
P 0x7f2a7c191628
P 0x7f2a7c486fd8
C 9
R
P 0x7f2a7c191628
C 342
R
P 0x7f2a7c191628
U 2
P 0x7f2a7c19bba8
P 0x7f2a7c486fd8
p 2
C 66
= 0x7f2a7c487010
R
P 0x7f2a7c191628
C 342
R
P 0x7f2a7c191628
P 0x7f2a7c487010
C 257
R
P 0x7f2a7c191628
C 342
R
P 0x7f2a7c191628
P 0x7f2a7c487010
C 254
= 0x7f2a7c19b1e8
R
P 0x7f2a7c191628
C 342
R
P 0x7f2a7c191628
P 0x7f2a7c19b1e8
C 209
R
P 0x7f2a7c191628
C 342
R
P 0x7f2a7c191628
P 0x7f2a7c487010
C 260
R
P 0x7f2a7c191628
C 342
R
P 0x7f2a7c191628
P 0x7f2a7c487010
C 259
R
P 0x7f2a7c191628
C 342
R
P 0x7f2a7c191628
P 0x7f2a7c487010
C 258
R
P 0x7f2a7c191628
C 342
R
P 0x7f2a7c191628
P 0x7f2a7c487010
C 9
R
P 0x7f2a7c191628
C 342
R
P 0x7f2a7c191628
U 2
P 0x7f2a7c19bc28
P 0x7f2a7c487010
p 2
C 65
= 0x7f2a7c487048
R
P 0x7f2a7c191628
C 342
R
P 0x7f2a7c191628
P 0x7f2a7c487048
C 257
R
P 0x7f2a7c191628
C 342
R
P 0x7f2a7c191628
P 0x7f2a7c487048
C 254
= 0x7f2a7c19b1e8
R
P 0x7f2a7c191628
C 342
R
P 0x7f2a7c191628
P 0x7f2a7c19b1e8
C 209
R
P 0x7f2a7c191628
C 342
R
P 0x7f2a7c191628
P 0x7f2a7c487048
C 260
R
P 0x7f2a7c191628
C 342
R
P 0x7f2a7c191628
P 0x7f2a7c487048
C 259
R
P 0x7f2a7c191628
C 342
R
P 0x7f2a7c191628
P 0x7f2a7c487048
C 258
R
P 0x7f2a7c191628
C 342
R
P 0x7f2a7c191628
P 0x7f2a7c487048
C 9
R
P 0x7f2a7c191628
C 342
R
P 0x7f2a7c191628
P 0x7f2a7c486fa0
P 0x7f2a7c487048
P 0x7f2a7c19bc28
C 59
= 0x7f2a7c19f948
R
P 0x7f2a7c191628
C 342
R
P 0x7f2a7c191628
P 0x7f2a7c19f948
C 257
R
P 0x7f2a7c191628
C 342
R
P 0x7f2a7c191628
P 0x7f2a7c19f948
C 254
= 0x7f2a7c19b1e8
R
P 0x7f2a7c191628
C 342
R
P 0x7f2a7c191628
P 0x7f2a7c19b1e8
C 209
R
P 0x7f2a7c191628
C 342
R
P 0x7f2a7c191628
P 0x7f2a7c19f948
C 260
R
P 0x7f2a7c191628
C 342
R
P 0x7f2a7c191628
P 0x7f2a7c19f948
C 259
R
P 0x7f2a7c191628
C 342
R
P 0x7f2a7c191628
P 0x7f2a7c19f948
C 258
R
P 0x7f2a7c191628
C 342
R
P 0x7f2a7c191628
P 0x7f2a7c19f948
C 9
R
P 0x7f2a7c191628
C 342
R
P 0x7f2a7c191628
U 2
P 0x7f2a7c19f948
P 0x7f2a7c19bb48
p 2
C 65
= 0x7f2a7c487080
R
P 0x7f2a7c191628
C 342
R
P 0x7f2a7c191628
P 0x7f2a7c487080
C 257
R
P 0x7f2a7c191628
C 342
R
P 0x7f2a7c191628
P 0x7f2a7c487080
C 254
= 0x7f2a7c19b1e8
R
P 0x7f2a7c191628
C 342
R
P 0x7f2a7c191628
P 0x7f2a7c19b1e8
C 209
R
P 0x7f2a7c191628
C 342
R
P 0x7f2a7c191628
P 0x7f2a7c487080
C 260
R
P 0x7f2a7c191628
C 342
R
P 0x7f2a7c191628
P 0x7f2a7c487080
C 259
R
P 0x7f2a7c191628
C 342
R
P 0x7f2a7c191628
P 0x7f2a7c487080
C 258
R
P 0x7f2a7c191628
C 342
R
P 0x7f2a7c191628
P 0x7f2a7c487080
C 9
R
P 0x7f2a7c191628
C 342
R
P 0x7f2a7c191628
I 0
P 0x7f2a7c19b208
C 150
= 0x7f2a7c19bd08
R
P 0x7f2a7c191628
C 342
R
P 0x7f2a7c191628
P 0x7f2a7c19bd08
C 258
R
P 0x7f2a7c191628
C 342
R
P 0x7f2a7c191628
P 0x7f2a7c19bd08
C 9
R
P 0x7f2a7c191628
C 342
R
P 0x7f2a7c191628
I 1
P 0x7f2a7c19b208
C 150
= 0x7f2a7c19bc88
R
P 0x7f2a7c191628
C 342
R
P 0x7f2a7c191628
P 0x7f2a7c19bc88
C 258
R
P 0x7f2a7c191628
C 342
R
P 0x7f2a7c191628
P 0x7f2a7c19bc88
C 9
R
P 0x7f2a7c191628
C 342
R
P 0x7f2a7c191628
P 0x7f2a7c19bd08
P 0x7f2a7c19bc88
C 75
= 0x7f2a7c486fa0
R
P 0x7f2a7c191628
C 342
R
P 0x7f2a7c191628
P 0x7f2a7c486fa0
C 258
R
P 0x7f2a7c191628
C 342
R
P 0x7f2a7c191628
P 0x7f2a7c486fa0
C 9
R
P 0x7f2a7c191628
C 342
R
P 0x7f2a7c191628
I 1
P 0x7f2a7c19b208
C 150
= 0x7f2a7c19bc88
R
P 0x7f2a7c191628
C 342
R
P 0x7f2a7c191628
P 0x7f2a7c19bc88
C 258
R
P 0x7f2a7c191628
C 342
R
P 0x7f2a7c191628
P 0x7f2a7c19bc88
C 9
R
P 0x7f2a7c191628
C 342
R
P 0x7f2a7c191628
U 2
P 0x7f2a7c19bd08
P 0x7f2a7c19bc88
p 2
C 67
= 0x7f2a7c486fd8
R
P 0x7f2a7c191628
C 342
R
P 0x7f2a7c191628
P 0x7f2a7c486fd8
C 257
R
P 0x7f2a7c191628
C 342
R
P 0x7f2a7c191628
P 0x7f2a7c486fd8
C 254
= 0x7f2a7c19b208
R
P 0x7f2a7c191628
C 342
R
P 0x7f2a7c191628
P 0x7f2a7c19b208
C 209
R
P 0x7f2a7c191628
C 342
R
P 0x7f2a7c191628
P 0x7f2a7c486fd8
C 260
R
P 0x7f2a7c191628
C 342
R
P 0x7f2a7c191628
P 0x7f2a7c486fd8
C 259
R
P 0x7f2a7c191628
C 342
R
P 0x7f2a7c191628
P 0x7f2a7c486fd8
C 258
R
P 0x7f2a7c191628
C 342
R
P 0x7f2a7c191628
P 0x7f2a7c486fd8
C 9
R
P 0x7f2a7c191628
C 342
R
P 0x7f2a7c191628
U 2
P 0x7f2a7c19bbe8
P 0x7f2a7c486fd8
p 2
C 66
= 0x7f2a7c487940
R
P 0x7f2a7c191628
C 342
R
P 0x7f2a7c191628
P 0x7f2a7c487940
C 257
R
P 0x7f2a7c191628
C 342
R
P 0x7f2a7c191628
P 0x7f2a7c487940
C 254
= 0x7f2a7c19b208
R
P 0x7f2a7c191628
C 342
R
P 0x7f2a7c191628
P 0x7f2a7c19b208
C 209
R
P 0x7f2a7c191628
C 342
R
P 0x7f2a7c191628
P 0x7f2a7c487940
C 260
R
P 0x7f2a7c191628
C 342
R
P 0x7f2a7c191628
P 0x7f2a7c487940
C 259
R
P 0x7f2a7c191628
C 342
R
P 0x7f2a7c191628
P 0x7f2a7c487940
C 258
R
P 0x7f2a7c191628
C 342
R
P 0x7f2a7c191628
P 0x7f2a7c487940
C 9
R
P 0x7f2a7c191628
C 342
R
P 0x7f2a7c191628
U 2
P 0x7f2a7c19bb88
P 0x7f2a7c487940
p 2
C 65
= 0x7f2a7c487978
R
P 0x7f2a7c191628
C 342
R
P 0x7f2a7c191628
P 0x7f2a7c487978
C 257
R
P 0x7f2a7c191628
C 342
R
P 0x7f2a7c191628
P 0x7f2a7c487978
C 254
= 0x7f2a7c19b1e8
R
P 0x7f2a7c191628
C 342
R
P 0x7f2a7c191628
P 0x7f2a7c19b1e8
C 209
R
P 0x7f2a7c191628
C 342
R
P 0x7f2a7c191628
P 0x7f2a7c487978
C 260
R
P 0x7f2a7c191628
C 342
R
P 0x7f2a7c191628
P 0x7f2a7c487978
C 259
R
P 0x7f2a7c191628
C 342
R
P 0x7f2a7c191628
P 0x7f2a7c487978
C 258
R
P 0x7f2a7c191628
C 342
R
P 0x7f2a7c191628
P 0x7f2a7c487978
C 9
R
P 0x7f2a7c191628
C 342
R
P 0x7f2a7c191628
P 0x7f2a7c486fa0
P 0x7f2a7c487978
P 0x7f2a7c19bb88
C 59
= 0x7f2a7c19fa08
R
P 0x7f2a7c191628
C 342
R
P 0x7f2a7c191628
P 0x7f2a7c19fa08
C 257
R
P 0x7f2a7c191628
C 342
R
P 0x7f2a7c191628
P 0x7f2a7c19fa08
C 254
= 0x7f2a7c19b1e8
R
P 0x7f2a7c191628
C 342
R
P 0x7f2a7c191628
P 0x7f2a7c19b1e8
C 209
R
P 0x7f2a7c191628
C 342
R
P 0x7f2a7c191628
P 0x7f2a7c19fa08
C 260
R
P 0x7f2a7c191628
C 342
R
P 0x7f2a7c191628
P 0x7f2a7c19fa08
C 259
R
P 0x7f2a7c191628
C 342
R
P 0x7f2a7c191628
P 0x7f2a7c19fa08
C 258
R
P 0x7f2a7c191628
C 342
R
P 0x7f2a7c191628
P 0x7f2a7c19fa08
C 9
R
P 0x7f2a7c191628
C 342
R
P 0x7f2a7c191628
U 2
P 0x7f2a7c19fa08
P 0x7f2a7c19bbe8
p 2
C 65
= 0x7f2a7c48bdf8
R
P 0x7f2a7c191628
C 342
R
P 0x7f2a7c191628
P 0x7f2a7c48bdf8
C 257
R
P 0x7f2a7c191628
C 342
R
P 0x7f2a7c191628
P 0x7f2a7c48bdf8
C 254
= 0x7f2a7c19b1e8
R
P 0x7f2a7c191628
C 342
R
P 0x7f2a7c191628
P 0x7f2a7c19b1e8
C 209
R
P 0x7f2a7c191628
C 342
R
P 0x7f2a7c191628
P 0x7f2a7c48bdf8
C 260
R
P 0x7f2a7c191628
C 342
R
P 0x7f2a7c191628
P 0x7f2a7c48bdf8
C 259
R
P 0x7f2a7c191628
C 342
R
P 0x7f2a7c191628
P 0x7f2a7c48bdf8
C 258
R
P 0x7f2a7c191628
C 342
R
P 0x7f2a7c191628
P 0x7f2a7c48bdf8
C 9
R
P 0x7f2a7c191628
C 342
R
P 0x7f2a7c191628
P 0x7f2a7c487080
P 0x7f2a7c48bdf8
C 74
= 0x7f2a7c48be30
R
P 0x7f2a7c191628
C 342
R
P 0x7f2a7c191628
P 0x7f2a7c48be30
C 258
R
P 0x7f2a7c191628
C 342
R
P 0x7f2a7c191628
P 0x7f2a7c48be30
C 9
R
P 0x7f2a7c191628
C 342
R
P 0x7f2a7c191628
U 2
P 0x7f2a7c48bdc0
P 0x7f2a7c48be30
p 2
C 63
= 0x7f2a7c48be68
R
P 0x7f2a7c191628
C 342
R
P 0x7f2a7c191628
P 0x7f2a7c48be68
C 258
R
P 0x7f2a7c191628
C 342
R
P 0x7f2a7c191628
P 0x7f2a7c48be68
C 9
R
P 0x7f2a7c191628
C 342
R
P 0x7f2a7c191628
I 0
P 0x7f2a7c19b208
C 150
= 0x7f2a7c19bd08
R
P 0x7f2a7c191628
C 342
R
P 0x7f2a7c191628
P 0x7f2a7c19bd08
C 258
R
P 0x7f2a7c191628
C 342
R
P 0x7f2a7c191628
P 0x7f2a7c19bd08
C 9
R
P 0x7f2a7c191628
C 342
R
P 0x7f2a7c191628
P 0x7f2a7c19bd08
C 263
R
P 0x7f2a7c191628
C 342
R
P 0x7f2a7c191628
S "dev0T30"
C 30
R
P 0x7f2a7c191628
C 342
R
P 0x7f2a7c191628
$ |dev0T30|
C 202
R
P 0x7f2a7c191628
C 342
R
P 0x7f2a7c191628
$ |dev0T30|
P 0x7f2a7c19b1e8
C 51
= 0x7f2a7c19c208
R
P 0x7f2a7c191628
C 342
R
P 0x7f2a7c191628
P 0x7f2a7c19c208
C 257
R
P 0x7f2a7c191628
C 342
R
P 0x7f2a7c191628
P 0x7f2a7c19c208
C 254
= 0x7f2a7c19b1e8
R
P 0x7f2a7c191628
C 342
R
P 0x7f2a7c191628
P 0x7f2a7c19b1e8
C 209
R
P 0x7f2a7c191628
C 342
R
P 0x7f2a7c191628
P 0x7f2a7c19c208
C 260
R
P 0x7f2a7c191628
C 342
R
P 0x7f2a7c191628
P 0x7f2a7c19c208
C 259
R
P 0x7f2a7c191628
C 342
R
P 0x7f2a7c191628
P 0x7f2a7c19c208
C 258
R
P 0x7f2a7c191628
C 342
R
P 0x7f2a7c191628
P 0x7f2a7c19c208
C 9
R
P 0x7f2a7c191628
C 342
R
P 0x7f2a7c191628
P 0x7f2a7c19bc68
C 333
R
P 0x7f2a7c191628
C 342
R
P 0x7f2a7c191628
S "slotflowPriorityStart"
C 30
R
P 0x7f2a7c191628
C 342
R
P 0x7f2a7c191628
$ |slotflowPriorityStart|
C 202
R
P 0x7f2a7c191628
C 342
R
P 0x7f2a7c191628
$ |slotflowPriorityStart|
P 0x7f2a7c19b1e8
C 51
= 0x7f2a7c19c2a8
R
P 0x7f2a7c191628
C 342
R
P 0x7f2a7c191628
P 0x7f2a7c19c2a8
C 257
R
P 0x7f2a7c191628
C 342
R
P 0x7f2a7c191628
P 0x7f2a7c19c2a8
C 254
= 0x7f2a7c19b1e8
R
P 0x7f2a7c191628
C 342
R
P 0x7f2a7c191628
P 0x7f2a7c19b1e8
C 209
R
P 0x7f2a7c191628
C 342
R
P 0x7f2a7c191628
P 0x7f2a7c19c2a8
C 260
R
P 0x7f2a7c191628
C 342
R
P 0x7f2a7c191628
P 0x7f2a7c19c2a8
C 259
R
P 0x7f2a7c191628
C 342
R
P 0x7f2a7c191628
P 0x7f2a7c19c2a8
C 258
R
P 0x7f2a7c191628
C 342
R
P 0x7f2a7c191628
P 0x7f2a7c19c2a8
C 9
R
P 0x7f2a7c191628
C 342
R
P 0x7f2a7c191628
P 0x7f2a7c19bc68
C 333
R
P 0x7f2a7c191628
C 342
R
P 0x7f2a7c191628
S "slotflowPriorityDuration"
C 30
R
P 0x7f2a7c191628
C 342
R
P 0x7f2a7c191628
$ |slotflowPriorityDuration|
C 202
R
P 0x7f2a7c191628
C 342
R
P 0x7f2a7c191628
$ |slotflowPriorityDuration|
P 0x7f2a7c19b1e8
C 51
= 0x7f2a7c19c268
R
P 0x7f2a7c191628
C 342
R
P 0x7f2a7c191628
P 0x7f2a7c19c268
C 257
R
P 0x7f2a7c191628
C 342
R
P 0x7f2a7c191628
P 0x7f2a7c19c268
C 254
= 0x7f2a7c19b1e8
R
P 0x7f2a7c191628
C 342
R
P 0x7f2a7c191628
P 0x7f2a7c19b1e8
C 209
R
P 0x7f2a7c191628
C 342
R
P 0x7f2a7c191628
P 0x7f2a7c19c268
C 260
R
P 0x7f2a7c191628
C 342
R
P 0x7f2a7c191628
P 0x7f2a7c19c268
C 259
R
P 0x7f2a7c191628
C 342
R
P 0x7f2a7c191628
P 0x7f2a7c19c268
C 258
R
P 0x7f2a7c191628
C 342
R
P 0x7f2a7c191628
P 0x7f2a7c19c268
C 9
R
P 0x7f2a7c191628
C 342
R
P 0x7f2a7c191628
U 2
P 0x7f2a7c19c2a8
P 0x7f2a7c19c268
p 2
C 65
= 0x7f2a7c487908
R
P 0x7f2a7c191628
C 342
R
P 0x7f2a7c191628
P 0x7f2a7c487908
C 257
R
P 0x7f2a7c191628
C 342
R
P 0x7f2a7c191628
P 0x7f2a7c487908
C 254
= 0x7f2a7c19b1e8
R
P 0x7f2a7c191628
C 342
R
P 0x7f2a7c191628
P 0x7f2a7c19b1e8
C 209
R
P 0x7f2a7c191628
C 342
R
P 0x7f2a7c191628
P 0x7f2a7c487908
C 260
R
P 0x7f2a7c191628
C 342
R
P 0x7f2a7c191628
P 0x7f2a7c487908
C 259
R
P 0x7f2a7c191628
C 342
R
P 0x7f2a7c191628
P 0x7f2a7c487908
C 258
R
P 0x7f2a7c191628
C 342
R
P 0x7f2a7c191628
P 0x7f2a7c487908
C 9
R
P 0x7f2a7c191628
C 342
R
P 0x7f2a7c191628
I 1
P 0x7f2a7c19b208
C 150
= 0x7f2a7c19bc88
R
P 0x7f2a7c191628
C 342
R
P 0x7f2a7c191628
P 0x7f2a7c19bc88
C 258
R
P 0x7f2a7c191628
C 342
R
P 0x7f2a7c191628
P 0x7f2a7c19bc88
C 9
R
P 0x7f2a7c191628
C 342
R
P 0x7f2a7c191628
I 1
P 0x7f2a7c19b208
C 150
= 0x7f2a7c19bc88
R
P 0x7f2a7c191628
C 342
R
P 0x7f2a7c191628
P 0x7f2a7c19bc88
C 258
R
P 0x7f2a7c191628
C 342
R
P 0x7f2a7c191628
P 0x7f2a7c19bc88
C 9
R
P 0x7f2a7c191628
C 342
R
P 0x7f2a7c191628
P 0x7f2a7c19bc88
P 0x7f2a7c19bc88
C 75
= 0x7f2a7c1a1778
R
P 0x7f2a7c191628
C 342
R
P 0x7f2a7c191628
P 0x7f2a7c1a1778
C 258
R
P 0x7f2a7c191628
C 342
R
P 0x7f2a7c191628
P 0x7f2a7c1a1778
C 9
R
P 0x7f2a7c191628
C 342
R
P 0x7f2a7c191628
I 1
P 0x7f2a7c19b208
C 150
= 0x7f2a7c19bc88
R
P 0x7f2a7c191628
C 342
R
P 0x7f2a7c191628
P 0x7f2a7c19bc88
C 258
R
P 0x7f2a7c191628
C 342
R
P 0x7f2a7c191628
P 0x7f2a7c19bc88
C 9
R
P 0x7f2a7c191628
C 342
R
P 0x7f2a7c191628
U 2
P 0x7f2a7c19bc88
P 0x7f2a7c19bc88
p 2
C 67
= 0x7f2a7c1a17b0
R
P 0x7f2a7c191628
C 342
R
P 0x7f2a7c191628
P 0x7f2a7c1a17b0
C 257
R
P 0x7f2a7c191628
C 342
R
P 0x7f2a7c191628
P 0x7f2a7c1a17b0
C 254
= 0x7f2a7c19b208
R
P 0x7f2a7c191628
C 342
R
P 0x7f2a7c191628
P 0x7f2a7c19b208
C 209
R
P 0x7f2a7c191628
C 342
R
P 0x7f2a7c191628
P 0x7f2a7c1a17b0
C 260
R
P 0x7f2a7c191628
C 342
R
P 0x7f2a7c191628
P 0x7f2a7c1a17b0
C 259
R
P 0x7f2a7c191628
C 342
R
P 0x7f2a7c191628
P 0x7f2a7c1a17b0
C 258
R
P 0x7f2a7c191628
C 342
R
P 0x7f2a7c191628
P 0x7f2a7c1a17b0
C 9
R
P 0x7f2a7c191628
C 342
R
P 0x7f2a7c191628
U 2
P 0x7f2a7c19bbe8
P 0x7f2a7c1a17b0
p 2
C 66
= 0x7f2a7c487b70
R
P 0x7f2a7c191628
C 342
R
P 0x7f2a7c191628
P 0x7f2a7c487b70
C 257
R
P 0x7f2a7c191628
C 342
R
P 0x7f2a7c191628
P 0x7f2a7c487b70
C 254
= 0x7f2a7c19b208
R
P 0x7f2a7c191628
C 342
R
P 0x7f2a7c191628
P 0x7f2a7c19b208
C 209
R
P 0x7f2a7c191628
C 342
R
P 0x7f2a7c191628
P 0x7f2a7c487b70
C 260
R
P 0x7f2a7c191628
C 342
R
P 0x7f2a7c191628
P 0x7f2a7c487b70
C 259
R
P 0x7f2a7c191628
C 342
R
P 0x7f2a7c191628
P 0x7f2a7c487b70
C 258
R
P 0x7f2a7c191628
C 342
R
P 0x7f2a7c191628
P 0x7f2a7c487b70
C 9
R
P 0x7f2a7c191628
C 342
R
P 0x7f2a7c191628
U 2
P 0x7f2a7c19bb88
P 0x7f2a7c487b70
p 2
C 65
= 0x7f2a7c487ba8
R
P 0x7f2a7c191628
C 342
R
P 0x7f2a7c191628
P 0x7f2a7c487ba8
C 257
R
P 0x7f2a7c191628
C 342
R
P 0x7f2a7c191628
P 0x7f2a7c487ba8
C 254
= 0x7f2a7c19b1e8
R
P 0x7f2a7c191628
C 342
R
P 0x7f2a7c191628
P 0x7f2a7c19b1e8
C 209
R
P 0x7f2a7c191628
C 342
R
P 0x7f2a7c191628
P 0x7f2a7c487ba8
C 260
R
P 0x7f2a7c191628
C 342
R
P 0x7f2a7c191628
P 0x7f2a7c487ba8
C 259
R
P 0x7f2a7c191628
C 342
R
P 0x7f2a7c191628
P 0x7f2a7c487ba8
C 258
R
P 0x7f2a7c191628
C 342
R
P 0x7f2a7c191628
P 0x7f2a7c487ba8
C 9
R
P 0x7f2a7c191628
C 342
R
P 0x7f2a7c191628
P 0x7f2a7c1a1778
P 0x7f2a7c487ba8
P 0x7f2a7c19bb88
C 59
= 0x7f2a7c19fa48
R
P 0x7f2a7c191628
C 342
R
P 0x7f2a7c191628
P 0x7f2a7c19fa48
C 257
R
P 0x7f2a7c191628
C 342
R
P 0x7f2a7c191628
P 0x7f2a7c19fa48
C 254
= 0x7f2a7c19b1e8
R
P 0x7f2a7c191628
C 342
R
P 0x7f2a7c191628
P 0x7f2a7c19b1e8
C 209
R
P 0x7f2a7c191628
C 342
R
P 0x7f2a7c191628
P 0x7f2a7c19fa48
C 260
R
P 0x7f2a7c191628
C 342
R
P 0x7f2a7c191628
P 0x7f2a7c19fa48
C 259
R
P 0x7f2a7c191628
C 342
R
P 0x7f2a7c191628
P 0x7f2a7c19fa48
C 258
R
P 0x7f2a7c191628
C 342
R
P 0x7f2a7c191628
P 0x7f2a7c19fa48
C 9
R
P 0x7f2a7c191628
C 342
R
P 0x7f2a7c191628
U 2
P 0x7f2a7c487908
P 0x7f2a7c19fa48
p 2
C 65
= 0x7f2a7c487be0
R
P 0x7f2a7c191628
C 342
R
P 0x7f2a7c191628
P 0x7f2a7c487be0
C 257
R
P 0x7f2a7c191628
C 342
R
P 0x7f2a7c191628
P 0x7f2a7c487be0
C 254
= 0x7f2a7c19b1e8
R
P 0x7f2a7c191628
C 342
R
P 0x7f2a7c191628
P 0x7f2a7c19b1e8
C 209
R
P 0x7f2a7c191628
C 342
R
P 0x7f2a7c191628
P 0x7f2a7c487be0
C 260
R
P 0x7f2a7c191628
C 342
R
P 0x7f2a7c191628
P 0x7f2a7c487be0
C 259
R
P 0x7f2a7c191628
C 342
R
P 0x7f2a7c191628
P 0x7f2a7c487be0
C 258
R
P 0x7f2a7c191628
C 342
R
P 0x7f2a7c191628
P 0x7f2a7c487be0
C 9
R
P 0x7f2a7c191628
C 342
R
P 0x7f2a7c191628
P 0x7f2a7c19c208
P 0x7f2a7c487be0
C 74
= 0x7f2a7c4898e0
R
P 0x7f2a7c191628
C 342
R
P 0x7f2a7c191628
P 0x7f2a7c4898e0
C 258
R
P 0x7f2a7c191628
C 342
R
P 0x7f2a7c191628
P 0x7f2a7c4898e0
C 9
R
P 0x7f2a7c191628
C 342
R
P 0x7f2a7c191628
I 0
P 0x7f2a7c19b208
C 150
= 0x7f2a7c19bd08
R
P 0x7f2a7c191628
C 342
R
P 0x7f2a7c191628
P 0x7f2a7c19bd08
C 258
R
P 0x7f2a7c191628
C 342
R
P 0x7f2a7c191628
P 0x7f2a7c19bd08
C 9
R
P 0x7f2a7c191628
C 342
R
P 0x7f2a7c191628
P 0x7f2a7c19bd08
C 263
R
P 0x7f2a7c191628
C 342
R
P 0x7f2a7c191628
S "dev0T30"
C 30
R
P 0x7f2a7c191628
C 342
R
P 0x7f2a7c191628
$ |dev0T30|
C 202
R
P 0x7f2a7c191628
C 342
R
P 0x7f2a7c191628
$ |dev0T30|
P 0x7f2a7c19b1e8
C 51
= 0x7f2a7c19c208
R
P 0x7f2a7c191628
C 342
R
P 0x7f2a7c191628
P 0x7f2a7c19c208
C 257
R
P 0x7f2a7c191628
C 342
R
P 0x7f2a7c191628
P 0x7f2a7c19c208
C 254
= 0x7f2a7c19b1e8
R
P 0x7f2a7c191628
C 342
R
P 0x7f2a7c191628
P 0x7f2a7c19b1e8
C 209
R
P 0x7f2a7c191628
C 342
R
P 0x7f2a7c191628
P 0x7f2a7c19c208
C 260
R
P 0x7f2a7c191628
C 342
R
P 0x7f2a7c191628
P 0x7f2a7c19c208
C 259
R
P 0x7f2a7c191628
C 342
R
P 0x7f2a7c191628
P 0x7f2a7c19c208
C 258
R
P 0x7f2a7c191628
C 342
R
P 0x7f2a7c191628
P 0x7f2a7c19c208
C 9
R
P 0x7f2a7c191628
C 342
R
P 0x7f2a7c191628
P 0x7f2a7c19bc68
C 333
R
P 0x7f2a7c191628
C 342
R
P 0x7f2a7c191628
S "slotflowPriorityStart"
C 30
R
P 0x7f2a7c191628
C 342
R
P 0x7f2a7c191628
$ |slotflowPriorityStart|
C 202
R
P 0x7f2a7c191628
C 342
R
P 0x7f2a7c191628
$ |slotflowPriorityStart|
P 0x7f2a7c19b1e8
C 51
= 0x7f2a7c19c2a8
R
P 0x7f2a7c191628
C 342
R
P 0x7f2a7c191628
P 0x7f2a7c19c2a8
C 257
R
P 0x7f2a7c191628
C 342
R
P 0x7f2a7c191628
P 0x7f2a7c19c2a8
C 254
= 0x7f2a7c19b1e8
R
P 0x7f2a7c191628
C 342
R
P 0x7f2a7c191628
P 0x7f2a7c19b1e8
C 209
R
P 0x7f2a7c191628
C 342
R
P 0x7f2a7c191628
P 0x7f2a7c19c2a8
C 260
R
P 0x7f2a7c191628
C 342
R
P 0x7f2a7c191628
P 0x7f2a7c19c2a8
C 259
R
P 0x7f2a7c191628
C 342
R
P 0x7f2a7c191628
P 0x7f2a7c19c2a8
C 258
R
P 0x7f2a7c191628
C 342
R
P 0x7f2a7c191628
P 0x7f2a7c19c2a8
C 9
R
P 0x7f2a7c191628
C 342
R
P 0x7f2a7c191628
I 0
P 0x7f2a7c19b208
C 150
= 0x7f2a7c19bd08
R
P 0x7f2a7c191628
C 342
R
P 0x7f2a7c191628
P 0x7f2a7c19bd08
C 258
R
P 0x7f2a7c191628
C 342
R
P 0x7f2a7c191628
P 0x7f2a7c19bd08
C 9
R
P 0x7f2a7c191628
C 342
R
P 0x7f2a7c191628
I 1
P 0x7f2a7c19b208
C 150
= 0x7f2a7c19bc88
R
P 0x7f2a7c191628
C 342
R
P 0x7f2a7c191628
P 0x7f2a7c19bc88
C 258
R
P 0x7f2a7c191628
C 342
R
P 0x7f2a7c191628
P 0x7f2a7c19bc88
C 9
R
P 0x7f2a7c191628
C 342
R
P 0x7f2a7c191628
P 0x7f2a7c19bd08
P 0x7f2a7c19bc88
C 75
= 0x7f2a7c486fa0
R
P 0x7f2a7c191628
C 342
R
P 0x7f2a7c191628
P 0x7f2a7c486fa0
C 258
R
P 0x7f2a7c191628
C 342
R
P 0x7f2a7c191628
P 0x7f2a7c486fa0
C 9
R
P 0x7f2a7c191628
C 342
R
P 0x7f2a7c191628
I 1
P 0x7f2a7c19b208
C 150
= 0x7f2a7c19bc88
R
P 0x7f2a7c191628
C 342
R
P 0x7f2a7c191628
P 0x7f2a7c19bc88
C 258
R
P 0x7f2a7c191628
C 342
R
P 0x7f2a7c191628
P 0x7f2a7c19bc88
C 9
R
P 0x7f2a7c191628
C 342
R
P 0x7f2a7c191628
U 2
P 0x7f2a7c19bd08
P 0x7f2a7c19bc88
p 2
C 67
= 0x7f2a7c486fd8
R
P 0x7f2a7c191628
C 342
R
P 0x7f2a7c191628
P 0x7f2a7c486fd8
C 257
R
P 0x7f2a7c191628
C 342
R
P 0x7f2a7c191628
P 0x7f2a7c486fd8
C 254
= 0x7f2a7c19b208
R
P 0x7f2a7c191628
C 342
R
P 0x7f2a7c191628
P 0x7f2a7c19b208
C 209
R
P 0x7f2a7c191628
C 342
R
P 0x7f2a7c191628
P 0x7f2a7c486fd8
C 260
R
P 0x7f2a7c191628
C 342
R
P 0x7f2a7c191628
P 0x7f2a7c486fd8
C 259
R
P 0x7f2a7c191628
C 342
R
P 0x7f2a7c191628
P 0x7f2a7c486fd8
C 258
R
P 0x7f2a7c191628
C 342
R
P 0x7f2a7c191628
P 0x7f2a7c486fd8
C 9
R
P 0x7f2a7c191628
C 342
R
P 0x7f2a7c191628
U 2
P 0x7f2a7c19bbe8
P 0x7f2a7c486fd8
p 2
C 66
= 0x7f2a7c487940
R
P 0x7f2a7c191628
C 342
R
P 0x7f2a7c191628
P 0x7f2a7c487940
C 257
R
P 0x7f2a7c191628
C 342
R
P 0x7f2a7c191628
P 0x7f2a7c487940
C 254
= 0x7f2a7c19b208
R
P 0x7f2a7c191628
C 342
R
P 0x7f2a7c191628
P 0x7f2a7c19b208
C 209
R
P 0x7f2a7c191628
C 342
R
P 0x7f2a7c191628
P 0x7f2a7c487940
C 260
R
P 0x7f2a7c191628
C 342
R
P 0x7f2a7c191628
P 0x7f2a7c487940
C 259
R
P 0x7f2a7c191628
C 342
R
P 0x7f2a7c191628
P 0x7f2a7c487940
C 258
R
P 0x7f2a7c191628
C 342
R
P 0x7f2a7c191628
P 0x7f2a7c487940
C 9
R
P 0x7f2a7c191628
C 342
R
P 0x7f2a7c191628
U 2
P 0x7f2a7c19bb88
P 0x7f2a7c487940
p 2
C 65
= 0x7f2a7c487978
R
P 0x7f2a7c191628
C 342
R
P 0x7f2a7c191628
P 0x7f2a7c487978
C 257
R
P 0x7f2a7c191628
C 342
R
P 0x7f2a7c191628
P 0x7f2a7c487978
C 254
= 0x7f2a7c19b1e8
R
P 0x7f2a7c191628
C 342
R
P 0x7f2a7c191628
P 0x7f2a7c19b1e8
C 209
R
P 0x7f2a7c191628
C 342
R
P 0x7f2a7c191628
P 0x7f2a7c487978
C 260
R
P 0x7f2a7c191628
C 342
R
P 0x7f2a7c191628
P 0x7f2a7c487978
C 259
R
P 0x7f2a7c191628
C 342
R
P 0x7f2a7c191628
P 0x7f2a7c487978
C 258
R
P 0x7f2a7c191628
C 342
R
P 0x7f2a7c191628
P 0x7f2a7c487978
C 9
R
P 0x7f2a7c191628
C 342
R
P 0x7f2a7c191628
P 0x7f2a7c486fa0
P 0x7f2a7c487978
P 0x7f2a7c19bb88
C 59
= 0x7f2a7c19fa08
R
P 0x7f2a7c191628
C 342
R
P 0x7f2a7c191628
P 0x7f2a7c19fa08
C 257
R
P 0x7f2a7c191628
C 342
R
P 0x7f2a7c191628
P 0x7f2a7c19fa08
C 254
= 0x7f2a7c19b1e8
R
P 0x7f2a7c191628
C 342
R
P 0x7f2a7c191628
P 0x7f2a7c19b1e8
C 209
R
P 0x7f2a7c191628
C 342
R
P 0x7f2a7c191628
P 0x7f2a7c19fa08
C 260
R
P 0x7f2a7c191628
C 342
R
P 0x7f2a7c191628
P 0x7f2a7c19fa08
C 259
R
P 0x7f2a7c191628
C 342
R
P 0x7f2a7c191628
P 0x7f2a7c19fa08
C 258
R
P 0x7f2a7c191628
C 342
R
P 0x7f2a7c191628
P 0x7f2a7c19fa08
C 9
R
P 0x7f2a7c191628
C 342
R
P 0x7f2a7c191628
U 2
P 0x7f2a7c19c2a8
P 0x7f2a7c19fa08
p 2
C 65
= 0x7f2a7c487a58
R
P 0x7f2a7c191628
C 342
R
P 0x7f2a7c191628
P 0x7f2a7c487a58
C 257
R
P 0x7f2a7c191628
C 342
R
P 0x7f2a7c191628
P 0x7f2a7c487a58
C 254
= 0x7f2a7c19b1e8
R
P 0x7f2a7c191628
C 342
R
P 0x7f2a7c191628
P 0x7f2a7c19b1e8
C 209
R
P 0x7f2a7c191628
C 342
R
P 0x7f2a7c191628
P 0x7f2a7c487a58
C 260
R
P 0x7f2a7c191628
C 342
R
P 0x7f2a7c191628
P 0x7f2a7c487a58
C 259
R
P 0x7f2a7c191628
C 342
R
P 0x7f2a7c191628
P 0x7f2a7c487a58
C 258
R
P 0x7f2a7c191628
C 342
R
P 0x7f2a7c191628
P 0x7f2a7c487a58
C 9
R
P 0x7f2a7c191628
C 342
R
P 0x7f2a7c191628
U 2
P 0x7f2a7c487a58
P 0x7f2a7c19bb68
p 2
C 65
= 0x7f2a7c4896b0
R
P 0x7f2a7c191628
C 342
R
P 0x7f2a7c191628
P 0x7f2a7c4896b0
C 257
R
P 0x7f2a7c191628
C 342
R
P 0x7f2a7c191628
P 0x7f2a7c4896b0
C 254
= 0x7f2a7c19b1e8
R
P 0x7f2a7c191628
C 342
R
P 0x7f2a7c191628
P 0x7f2a7c19b1e8
C 209
R
P 0x7f2a7c191628
C 342
R
P 0x7f2a7c191628
P 0x7f2a7c4896b0
C 260
R
P 0x7f2a7c191628
C 342
R
P 0x7f2a7c191628
P 0x7f2a7c4896b0
C 259
R
P 0x7f2a7c191628
C 342
R
P 0x7f2a7c191628
P 0x7f2a7c4896b0
C 258
R
P 0x7f2a7c191628
C 342
R
P 0x7f2a7c191628
P 0x7f2a7c4896b0
C 9
R
P 0x7f2a7c191628
C 342
R
P 0x7f2a7c191628
P 0x7f2a7c19c208
P 0x7f2a7c4896b0
C 56
= 0x7f2a7c48bea0
R
P 0x7f2a7c191628
C 342
R
P 0x7f2a7c191628
P 0x7f2a7c48bea0
C 258
R
P 0x7f2a7c191628
C 342
R
P 0x7f2a7c191628
P 0x7f2a7c48bea0
C 9
R
P 0x7f2a7c191628
C 342
R
P 0x7f2a7c191628
U 2
P 0x7f2a7c4898e0
P 0x7f2a7c48bea0
p 2
C 63
= 0x7f2a7c48bed8
R
P 0x7f2a7c191628
C 342
R
P 0x7f2a7c191628
P 0x7f2a7c48bed8
C 258
R
P 0x7f2a7c191628
C 342
R
P 0x7f2a7c191628
P 0x7f2a7c48bed8
C 9
R
P 0x7f2a7c191628
C 342
R
P 0x7f2a7c191628
P 0x7f2a7c48be68
P 0x7f2a7c48bed8
C 61
= 0x7f2a7c48bf10
R
P 0x7f2a7c191628
C 342
R
P 0x7f2a7c191628
P 0x7f2a7c48bf10
C 258
R
P 0x7f2a7c191628
C 342
R
P 0x7f2a7c191628
P 0x7f2a7c48bf10
C 9
R
P 0x7f2a7c191628
C 342
R
P 0x7f2a7c191628
P 0x7f2a7c1e1fc8
P 0x7f2a7c48bf10
C 427
R
P 0x7f2a7c191628
C 342
R
P 0x7f2a7c191628
I 0
P 0x7f2a7c19b208
C 150
= 0x7f2a7c19bd08
R
P 0x7f2a7c191628
C 342
R
P 0x7f2a7c191628
P 0x7f2a7c19bd08
C 258
R
P 0x7f2a7c191628
C 342
R
P 0x7f2a7c191628
P 0x7f2a7c19bd08
C 9
R
P 0x7f2a7c191628
C 342
R
P 0x7f2a7c191628
I 1
P 0x7f2a7c19b208
C 150
= 0x7f2a7c19bc88
R
P 0x7f2a7c191628
C 342
R
P 0x7f2a7c191628
P 0x7f2a7c19bc88
C 258
R
P 0x7f2a7c191628
C 342
R
P 0x7f2a7c191628
P 0x7f2a7c19bc88
C 9
R
P 0x7f2a7c191628
C 342
R
P 0x7f2a7c191628
P 0x7f2a7c19bd08
P 0x7f2a7c19bc88
C 75
= 0x7f2a7c486fa0
R
P 0x7f2a7c191628
C 342
R
P 0x7f2a7c191628
P 0x7f2a7c486fa0
C 258
R
P 0x7f2a7c191628
C 342
R
P 0x7f2a7c191628
P 0x7f2a7c486fa0
C 9
R
P 0x7f2a7c191628
C 342
R
P 0x7f2a7c191628
I 1
P 0x7f2a7c19b208
C 150
= 0x7f2a7c19bc88
R
P 0x7f2a7c191628
C 342
R
P 0x7f2a7c191628
P 0x7f2a7c19bc88
C 258
R
P 0x7f2a7c191628
C 342
R
P 0x7f2a7c191628
P 0x7f2a7c19bc88
C 9
R
P 0x7f2a7c191628
C 342
R
P 0x7f2a7c191628
U 2
P 0x7f2a7c19bd08
P 0x7f2a7c19bc88
p 2
C 67
= 0x7f2a7c486fd8
R
P 0x7f2a7c191628
C 342
R
P 0x7f2a7c191628
P 0x7f2a7c486fd8
C 257
R
P 0x7f2a7c191628
C 342
R
P 0x7f2a7c191628
P 0x7f2a7c486fd8
C 254
= 0x7f2a7c19b208
R
P 0x7f2a7c191628
C 342
R
P 0x7f2a7c191628
P 0x7f2a7c19b208
C 209
R
P 0x7f2a7c191628
C 342
R
P 0x7f2a7c191628
P 0x7f2a7c486fd8
C 260
R
P 0x7f2a7c191628
C 342
R
P 0x7f2a7c191628
P 0x7f2a7c486fd8
C 259
R
P 0x7f2a7c191628
C 342
R
P 0x7f2a7c191628
P 0x7f2a7c486fd8
C 258
R
P 0x7f2a7c191628
C 342
R
P 0x7f2a7c191628
P 0x7f2a7c486fd8
C 9
R
P 0x7f2a7c191628
C 342
R
P 0x7f2a7c191628
U 2
P 0x7f2a7c19bba8
P 0x7f2a7c486fd8
p 2
C 66
= 0x7f2a7c487010
R
P 0x7f2a7c191628
C 342
R
P 0x7f2a7c191628
P 0x7f2a7c487010
C 257
R
P 0x7f2a7c191628
C 342
R
P 0x7f2a7c191628
P 0x7f2a7c487010
C 254
= 0x7f2a7c19b1e8
R
P 0x7f2a7c191628
C 342
R
P 0x7f2a7c191628
P 0x7f2a7c19b1e8
C 209
R
P 0x7f2a7c191628
C 342
R
P 0x7f2a7c191628
P 0x7f2a7c487010
C 260
R
P 0x7f2a7c191628
C 342
R
P 0x7f2a7c191628
P 0x7f2a7c487010
C 259
R
P 0x7f2a7c191628
C 342
R
P 0x7f2a7c191628
P 0x7f2a7c487010
C 258
R
P 0x7f2a7c191628
C 342
R
P 0x7f2a7c191628
P 0x7f2a7c487010
C 9
R
P 0x7f2a7c191628
C 342
R
P 0x7f2a7c191628
U 2
P 0x7f2a7c19bc28
P 0x7f2a7c487010
p 2
C 65
= 0x7f2a7c487048
R
P 0x7f2a7c191628
C 342
R
P 0x7f2a7c191628
P 0x7f2a7c487048
C 257
R
P 0x7f2a7c191628
C 342
R
P 0x7f2a7c191628
P 0x7f2a7c487048
C 254
= 0x7f2a7c19b1e8
R
P 0x7f2a7c191628
C 342
R
P 0x7f2a7c191628
P 0x7f2a7c19b1e8
C 209
R
P 0x7f2a7c191628
C 342
R
P 0x7f2a7c191628
P 0x7f2a7c487048
C 260
R
P 0x7f2a7c191628
C 342
R
P 0x7f2a7c191628
P 0x7f2a7c487048
C 259
R
P 0x7f2a7c191628
C 342
R
P 0x7f2a7c191628
P 0x7f2a7c487048
C 258
R
P 0x7f2a7c191628
C 342
R
P 0x7f2a7c191628
P 0x7f2a7c487048
C 9
R
P 0x7f2a7c191628
C 342
R
P 0x7f2a7c191628
P 0x7f2a7c486fa0
P 0x7f2a7c487048
P 0x7f2a7c19bc28
C 59
= 0x7f2a7c19f948
R
P 0x7f2a7c191628
C 342
R
P 0x7f2a7c191628
P 0x7f2a7c19f948
C 257
R
P 0x7f2a7c191628
C 342
R
P 0x7f2a7c191628
P 0x7f2a7c19f948
C 254
= 0x7f2a7c19b1e8
R
P 0x7f2a7c191628
C 342
R
P 0x7f2a7c191628
P 0x7f2a7c19b1e8
C 209
R
P 0x7f2a7c191628
C 342
R
P 0x7f2a7c191628
P 0x7f2a7c19f948
C 260
R
P 0x7f2a7c191628
C 342
R
P 0x7f2a7c191628
P 0x7f2a7c19f948
C 259
R
P 0x7f2a7c191628
C 342
R
P 0x7f2a7c191628
P 0x7f2a7c19f948
C 258
R
P 0x7f2a7c191628
C 342
R
P 0x7f2a7c191628
P 0x7f2a7c19f948
C 9
R
P 0x7f2a7c191628
C 342
R
P 0x7f2a7c191628
U 2
P 0x7f2a7c19f948
P 0x7f2a7c19bb48
p 2
C 65
= 0x7f2a7c487080
R
P 0x7f2a7c191628
C 342
R
P 0x7f2a7c191628
P 0x7f2a7c487080
C 257
R
P 0x7f2a7c191628
C 342
R
P 0x7f2a7c191628
P 0x7f2a7c487080
C 254
= 0x7f2a7c19b1e8
R
P 0x7f2a7c191628
C 342
R
P 0x7f2a7c191628
P 0x7f2a7c19b1e8
C 209
R
P 0x7f2a7c191628
C 342
R
P 0x7f2a7c191628
P 0x7f2a7c487080
C 260
R
P 0x7f2a7c191628
C 342
R
P 0x7f2a7c191628
P 0x7f2a7c487080
C 259
R
P 0x7f2a7c191628
C 342
R
P 0x7f2a7c191628
P 0x7f2a7c487080
C 258
R
P 0x7f2a7c191628
C 342
R
P 0x7f2a7c191628
P 0x7f2a7c487080
C 9
R
P 0x7f2a7c191628
C 342
R
P 0x7f2a7c191628
P 0x7f2a7c19bc68
C 333
R
P 0x7f2a7c191628
C 342
R
P 0x7f2a7c191628
S "slotflowPriorityStart"
C 30
R
P 0x7f2a7c191628
C 342
R
P 0x7f2a7c191628
$ |slotflowPriorityStart|
C 202
R
P 0x7f2a7c191628
C 342
R
P 0x7f2a7c191628
$ |slotflowPriorityStart|
P 0x7f2a7c19b1e8
C 51
= 0x7f2a7c19c2a8
R
P 0x7f2a7c191628
C 342
R
P 0x7f2a7c191628
P 0x7f2a7c19c2a8
C 257
R
P 0x7f2a7c191628
C 342
R
P 0x7f2a7c191628
P 0x7f2a7c19c2a8
C 254
= 0x7f2a7c19b1e8
R
P 0x7f2a7c191628
C 342
R
P 0x7f2a7c191628
P 0x7f2a7c19b1e8
C 209
R
P 0x7f2a7c191628
C 342
R
P 0x7f2a7c191628
P 0x7f2a7c19c2a8
C 260
R
P 0x7f2a7c191628
C 342
R
P 0x7f2a7c191628
P 0x7f2a7c19c2a8
C 259
R
P 0x7f2a7c191628
C 342
R
P 0x7f2a7c191628
P 0x7f2a7c19c2a8
C 258
R
P 0x7f2a7c191628
C 342
R
P 0x7f2a7c191628
P 0x7f2a7c19c2a8
C 9
R
P 0x7f2a7c191628
C 342
R
P 0x7f2a7c191628
P 0x7f2a7c19bc68
C 333
R
P 0x7f2a7c191628
C 342
R
P 0x7f2a7c191628
S "slotflowPriorityDuration"
C 30
R
P 0x7f2a7c191628
C 342
R
P 0x7f2a7c191628
$ |slotflowPriorityDuration|
C 202
R
P 0x7f2a7c191628
C 342
R
P 0x7f2a7c191628
$ |slotflowPriorityDuration|
P 0x7f2a7c19b1e8
C 51
= 0x7f2a7c19c268
R
P 0x7f2a7c191628
C 342
R
P 0x7f2a7c191628
P 0x7f2a7c19c268
C 257
R
P 0x7f2a7c191628
C 342
R
P 0x7f2a7c191628
P 0x7f2a7c19c268
C 254
= 0x7f2a7c19b1e8
R
P 0x7f2a7c191628
C 342
R
P 0x7f2a7c191628
P 0x7f2a7c19b1e8
C 209
R
P 0x7f2a7c191628
C 342
R
P 0x7f2a7c191628
P 0x7f2a7c19c268
C 260
R
P 0x7f2a7c191628
C 342
R
P 0x7f2a7c191628
P 0x7f2a7c19c268
C 259
R
P 0x7f2a7c191628
C 342
R
P 0x7f2a7c191628
P 0x7f2a7c19c268
C 258
R
P 0x7f2a7c191628
C 342
R
P 0x7f2a7c191628
P 0x7f2a7c19c268
C 9
R
P 0x7f2a7c191628
C 342
R
P 0x7f2a7c191628
U 2
P 0x7f2a7c19c2a8
P 0x7f2a7c19c268
p 2
C 65
= 0x7f2a7c487908
R
P 0x7f2a7c191628
C 342
R
P 0x7f2a7c191628
P 0x7f2a7c487908
C 257
R
P 0x7f2a7c191628
C 342
R
P 0x7f2a7c191628
P 0x7f2a7c487908
C 254
= 0x7f2a7c19b1e8
R
P 0x7f2a7c191628
C 342
R
P 0x7f2a7c191628
P 0x7f2a7c19b1e8
C 209
R
P 0x7f2a7c191628
C 342
R
P 0x7f2a7c191628
P 0x7f2a7c487908
C 260
R
P 0x7f2a7c191628
C 342
R
P 0x7f2a7c191628
P 0x7f2a7c487908
C 259
R
P 0x7f2a7c191628
C 342
R
P 0x7f2a7c191628
P 0x7f2a7c487908
C 258
R
P 0x7f2a7c191628
C 342
R
P 0x7f2a7c191628
P 0x7f2a7c487908
C 9
R
P 0x7f2a7c191628
C 342
R
P 0x7f2a7c191628
I 1
P 0x7f2a7c19b208
C 150
= 0x7f2a7c19bc88
R
P 0x7f2a7c191628
C 342
R
P 0x7f2a7c191628
P 0x7f2a7c19bc88
C 258
R
P 0x7f2a7c191628
C 342
R
P 0x7f2a7c191628
P 0x7f2a7c19bc88
C 9
R
P 0x7f2a7c191628
C 342
R
P 0x7f2a7c191628
I 1
P 0x7f2a7c19b208
C 150
= 0x7f2a7c19bc88
R
P 0x7f2a7c191628
C 342
R
P 0x7f2a7c191628
P 0x7f2a7c19bc88
C 258
R
P 0x7f2a7c191628
C 342
R
P 0x7f2a7c191628
P 0x7f2a7c19bc88
C 9
R
P 0x7f2a7c191628
C 342
R
P 0x7f2a7c191628
P 0x7f2a7c19bc88
P 0x7f2a7c19bc88
C 75
= 0x7f2a7c1a1778
R
P 0x7f2a7c191628
C 342
R
P 0x7f2a7c191628
P 0x7f2a7c1a1778
C 258
R
P 0x7f2a7c191628
C 342
R
P 0x7f2a7c191628
P 0x7f2a7c1a1778
C 9
R
P 0x7f2a7c191628
C 342
R
P 0x7f2a7c191628
I 1
P 0x7f2a7c19b208
C 150
= 0x7f2a7c19bc88
R
P 0x7f2a7c191628
C 342
R
P 0x7f2a7c191628
P 0x7f2a7c19bc88
C 258
R
P 0x7f2a7c191628
C 342
R
P 0x7f2a7c191628
P 0x7f2a7c19bc88
C 9
R
P 0x7f2a7c191628
C 342
R
P 0x7f2a7c191628
U 2
P 0x7f2a7c19bc88
P 0x7f2a7c19bc88
p 2
C 67
= 0x7f2a7c1a17b0
R
P 0x7f2a7c191628
C 342
R
P 0x7f2a7c191628
P 0x7f2a7c1a17b0
C 257
R
P 0x7f2a7c191628
C 342
R
P 0x7f2a7c191628
P 0x7f2a7c1a17b0
C 254
= 0x7f2a7c19b208
R
P 0x7f2a7c191628
C 342
R
P 0x7f2a7c191628
P 0x7f2a7c19b208
C 209
R
P 0x7f2a7c191628
C 342
R
P 0x7f2a7c191628
P 0x7f2a7c1a17b0
C 260
R
P 0x7f2a7c191628
C 342
R
P 0x7f2a7c191628
P 0x7f2a7c1a17b0
C 259
R
P 0x7f2a7c191628
C 342
R
P 0x7f2a7c191628
P 0x7f2a7c1a17b0
C 258
R
P 0x7f2a7c191628
C 342
R
P 0x7f2a7c191628
P 0x7f2a7c1a17b0
C 9
R
P 0x7f2a7c191628
C 342
R
P 0x7f2a7c191628
U 2
P 0x7f2a7c19bbe8
P 0x7f2a7c1a17b0
p 2
C 66
= 0x7f2a7c487b70
R
P 0x7f2a7c191628
C 342
R
P 0x7f2a7c191628
P 0x7f2a7c487b70
C 257
R
P 0x7f2a7c191628
C 342
R
P 0x7f2a7c191628
P 0x7f2a7c487b70
C 254
= 0x7f2a7c19b208
R
P 0x7f2a7c191628
C 342
R
P 0x7f2a7c191628
P 0x7f2a7c19b208
C 209
R
P 0x7f2a7c191628
C 342
R
P 0x7f2a7c191628
P 0x7f2a7c487b70
C 260
R
P 0x7f2a7c191628
C 342
R
P 0x7f2a7c191628
P 0x7f2a7c487b70
C 259
R
P 0x7f2a7c191628
C 342
R
P 0x7f2a7c191628
P 0x7f2a7c487b70
C 258
R
P 0x7f2a7c191628
C 342
R
P 0x7f2a7c191628
P 0x7f2a7c487b70
C 9
R
P 0x7f2a7c191628
C 342
R
P 0x7f2a7c191628
U 2
P 0x7f2a7c19bb88
P 0x7f2a7c487b70
p 2
C 65
= 0x7f2a7c487ba8
R
P 0x7f2a7c191628
C 342
R
P 0x7f2a7c191628
P 0x7f2a7c487ba8
C 257
R
P 0x7f2a7c191628
C 342
R
P 0x7f2a7c191628
P 0x7f2a7c487ba8
C 254
= 0x7f2a7c19b1e8
R
P 0x7f2a7c191628
C 342
R
P 0x7f2a7c191628
P 0x7f2a7c19b1e8
C 209
R
P 0x7f2a7c191628
C 342
R
P 0x7f2a7c191628
P 0x7f2a7c487ba8
C 260
R
P 0x7f2a7c191628
C 342
R
P 0x7f2a7c191628
P 0x7f2a7c487ba8
C 259
R
P 0x7f2a7c191628
C 342
R
P 0x7f2a7c191628
P 0x7f2a7c487ba8
C 258
R
P 0x7f2a7c191628
C 342
R
P 0x7f2a7c191628
P 0x7f2a7c487ba8
C 9
R
P 0x7f2a7c191628
C 342
R
P 0x7f2a7c191628
P 0x7f2a7c1a1778
P 0x7f2a7c487ba8
P 0x7f2a7c19bb88
C 59
= 0x7f2a7c19fa48
R
P 0x7f2a7c191628
C 342
R
P 0x7f2a7c191628
P 0x7f2a7c19fa48
C 257
R
P 0x7f2a7c191628
C 342
R
P 0x7f2a7c191628
P 0x7f2a7c19fa48
C 254
= 0x7f2a7c19b1e8
R
P 0x7f2a7c191628
C 342
R
P 0x7f2a7c191628
P 0x7f2a7c19b1e8
C 209
R
P 0x7f2a7c191628
C 342
R
P 0x7f2a7c191628
P 0x7f2a7c19fa48
C 260
R
P 0x7f2a7c191628
C 342
R
P 0x7f2a7c191628
P 0x7f2a7c19fa48
C 259
R
P 0x7f2a7c191628
C 342
R
P 0x7f2a7c191628
P 0x7f2a7c19fa48
C 258
R
P 0x7f2a7c191628
C 342
R
P 0x7f2a7c191628
P 0x7f2a7c19fa48
C 9
R
P 0x7f2a7c191628
C 342
R
P 0x7f2a7c191628
U 2
P 0x7f2a7c487908
P 0x7f2a7c19fa48
p 2
C 65
= 0x7f2a7c487be0
R
P 0x7f2a7c191628
C 342
R
P 0x7f2a7c191628
P 0x7f2a7c487be0
C 257
R
P 0x7f2a7c191628
C 342
R
P 0x7f2a7c191628
P 0x7f2a7c487be0
C 254
= 0x7f2a7c19b1e8
R
P 0x7f2a7c191628
C 342
R
P 0x7f2a7c191628
P 0x7f2a7c19b1e8
C 209
R
P 0x7f2a7c191628
C 342
R
P 0x7f2a7c191628
P 0x7f2a7c487be0
C 260
R
P 0x7f2a7c191628
C 342
R
P 0x7f2a7c191628
P 0x7f2a7c487be0
C 259
R
P 0x7f2a7c191628
C 342
R
P 0x7f2a7c191628
P 0x7f2a7c487be0
C 258
R
P 0x7f2a7c191628
C 342
R
P 0x7f2a7c191628
P 0x7f2a7c487be0
C 9
R
P 0x7f2a7c191628
C 342
R
P 0x7f2a7c191628
U 2
P 0x7f2a7c487be0
P 0x7f2a7c19bb68
p 2
C 67
= 0x7f2a7c487c18
R
P 0x7f2a7c191628
C 342
R
P 0x7f2a7c191628
P 0x7f2a7c487c18
C 257
R
P 0x7f2a7c191628
C 342
R
P 0x7f2a7c191628
P 0x7f2a7c487c18
C 254
= 0x7f2a7c19b1e8
R
P 0x7f2a7c191628
C 342
R
P 0x7f2a7c191628
P 0x7f2a7c19b1e8
C 209
R
P 0x7f2a7c191628
C 342
R
P 0x7f2a7c191628
P 0x7f2a7c487c18
C 260
R
P 0x7f2a7c191628
C 342
R
P 0x7f2a7c191628
P 0x7f2a7c487c18
C 259
R
P 0x7f2a7c191628
C 342
R
P 0x7f2a7c191628
P 0x7f2a7c487c18
C 258
R
P 0x7f2a7c191628
C 342
R
P 0x7f2a7c191628
P 0x7f2a7c487c18
C 9
R
P 0x7f2a7c191628
C 342
R
P 0x7f2a7c191628
P 0x7f2a7c487080
P 0x7f2a7c487c18
C 75
= 0x7f2a7c48bf48
R
P 0x7f2a7c191628
C 342
R
P 0x7f2a7c191628
P 0x7f2a7c48bf48
C 258
R
P 0x7f2a7c191628
C 342
R
P 0x7f2a7c191628
P 0x7f2a7c48bf48
C 9
R
P 0x7f2a7c191628
C 342
R
P 0x7f2a7c191628
I 0
P 0x7f2a7c19b208
C 150
= 0x7f2a7c19bd08
R
P 0x7f2a7c191628
C 342
R
P 0x7f2a7c191628
P 0x7f2a7c19bd08
C 258
R
P 0x7f2a7c191628
C 342
R
P 0x7f2a7c191628
P 0x7f2a7c19bd08
C 9
R
P 0x7f2a7c191628
C 342
R
P 0x7f2a7c191628
I 1
P 0x7f2a7c19b208
C 150
= 0x7f2a7c19bc88
R
P 0x7f2a7c191628
C 342
R
P 0x7f2a7c191628
P 0x7f2a7c19bc88
C 258
R
P 0x7f2a7c191628
C 342
R
P 0x7f2a7c191628
P 0x7f2a7c19bc88
C 9
R
P 0x7f2a7c191628
C 342
R
P 0x7f2a7c191628
P 0x7f2a7c19bd08
P 0x7f2a7c19bc88
C 75
= 0x7f2a7c486fa0
R
P 0x7f2a7c191628
C 342
R
P 0x7f2a7c191628
P 0x7f2a7c486fa0
C 258
R
P 0x7f2a7c191628
C 342
R
P 0x7f2a7c191628
P 0x7f2a7c486fa0
C 9
R
P 0x7f2a7c191628
C 342
R
P 0x7f2a7c191628
I 1
P 0x7f2a7c19b208
C 150
= 0x7f2a7c19bc88
R
P 0x7f2a7c191628
C 342
R
P 0x7f2a7c191628
P 0x7f2a7c19bc88
C 258
R
P 0x7f2a7c191628
C 342
R
P 0x7f2a7c191628
P 0x7f2a7c19bc88
C 9
R
P 0x7f2a7c191628
C 342
R
P 0x7f2a7c191628
U 2
P 0x7f2a7c19bd08
P 0x7f2a7c19bc88
p 2
C 67
= 0x7f2a7c486fd8
R
P 0x7f2a7c191628
C 342
R
P 0x7f2a7c191628
P 0x7f2a7c486fd8
C 257
R
P 0x7f2a7c191628
C 342
R
P 0x7f2a7c191628
P 0x7f2a7c486fd8
C 254
= 0x7f2a7c19b208
R
P 0x7f2a7c191628
C 342
R
P 0x7f2a7c191628
P 0x7f2a7c19b208
C 209
R
P 0x7f2a7c191628
C 342
R
P 0x7f2a7c191628
P 0x7f2a7c486fd8
C 260
R
P 0x7f2a7c191628
C 342
R
P 0x7f2a7c191628
P 0x7f2a7c486fd8
C 259
R
P 0x7f2a7c191628
C 342
R
P 0x7f2a7c191628
P 0x7f2a7c486fd8
C 258
R
P 0x7f2a7c191628
C 342
R
P 0x7f2a7c191628
P 0x7f2a7c486fd8
C 9
R
P 0x7f2a7c191628
C 342
R
P 0x7f2a7c191628
U 2
P 0x7f2a7c19bba8
P 0x7f2a7c486fd8
p 2
C 66
= 0x7f2a7c487010
R
P 0x7f2a7c191628
C 342
R
P 0x7f2a7c191628
P 0x7f2a7c487010
C 257
R
P 0x7f2a7c191628
C 342
R
P 0x7f2a7c191628
P 0x7f2a7c487010
C 254
= 0x7f2a7c19b1e8
R
P 0x7f2a7c191628
C 342
R
P 0x7f2a7c191628
P 0x7f2a7c19b1e8
C 209
R
P 0x7f2a7c191628
C 342
R
P 0x7f2a7c191628
P 0x7f2a7c487010
C 260
R
P 0x7f2a7c191628
C 342
R
P 0x7f2a7c191628
P 0x7f2a7c487010
C 259
R
P 0x7f2a7c191628
C 342
R
P 0x7f2a7c191628
P 0x7f2a7c487010
C 258
R
P 0x7f2a7c191628
C 342
R
P 0x7f2a7c191628
P 0x7f2a7c487010
C 9
R
P 0x7f2a7c191628
C 342
R
P 0x7f2a7c191628
U 2
P 0x7f2a7c19bc28
P 0x7f2a7c487010
p 2
C 65
= 0x7f2a7c487048
R
P 0x7f2a7c191628
C 342
R
P 0x7f2a7c191628
P 0x7f2a7c487048
C 257
R
P 0x7f2a7c191628
C 342
R
P 0x7f2a7c191628
P 0x7f2a7c487048
C 254
= 0x7f2a7c19b1e8
R
P 0x7f2a7c191628
C 342
R
P 0x7f2a7c191628
P 0x7f2a7c19b1e8
C 209
R
P 0x7f2a7c191628
C 342
R
P 0x7f2a7c191628
P 0x7f2a7c487048
C 260
R
P 0x7f2a7c191628
C 342
R
P 0x7f2a7c191628
P 0x7f2a7c487048
C 259
R
P 0x7f2a7c191628
C 342
R
P 0x7f2a7c191628
P 0x7f2a7c487048
C 258
R
P 0x7f2a7c191628
C 342
R
P 0x7f2a7c191628
P 0x7f2a7c487048
C 9
R
P 0x7f2a7c191628
C 342
R
P 0x7f2a7c191628
P 0x7f2a7c486fa0
P 0x7f2a7c487048
P 0x7f2a7c19bc28
C 59
= 0x7f2a7c19f948
R
P 0x7f2a7c191628
C 342
R
P 0x7f2a7c191628
P 0x7f2a7c19f948
C 257
R
P 0x7f2a7c191628
C 342
R
P 0x7f2a7c191628
P 0x7f2a7c19f948
C 254
= 0x7f2a7c19b1e8
R
P 0x7f2a7c191628
C 342
R
P 0x7f2a7c191628
P 0x7f2a7c19b1e8
C 209
R
P 0x7f2a7c191628
C 342
R
P 0x7f2a7c191628
P 0x7f2a7c19f948
C 260
R
P 0x7f2a7c191628
C 342
R
P 0x7f2a7c191628
P 0x7f2a7c19f948
C 259
R
P 0x7f2a7c191628
C 342
R
P 0x7f2a7c191628
P 0x7f2a7c19f948
C 258
R
P 0x7f2a7c191628
C 342
R
P 0x7f2a7c191628
P 0x7f2a7c19f948
C 9
R
P 0x7f2a7c191628
C 342
R
P 0x7f2a7c191628
U 2
P 0x7f2a7c19f948
P 0x7f2a7c19bb48
p 2
C 65
= 0x7f2a7c487080
R
P 0x7f2a7c191628
C 342
R
P 0x7f2a7c191628
P 0x7f2a7c487080
C 257
R
P 0x7f2a7c191628
C 342
R
P 0x7f2a7c191628
P 0x7f2a7c487080
C 254
= 0x7f2a7c19b1e8
R
P 0x7f2a7c191628
C 342
R
P 0x7f2a7c191628
P 0x7f2a7c19b1e8
C 209
R
P 0x7f2a7c191628
C 342
R
P 0x7f2a7c191628
P 0x7f2a7c487080
C 260
R
P 0x7f2a7c191628
C 342
R
P 0x7f2a7c191628
P 0x7f2a7c487080
C 259
R
P 0x7f2a7c191628
C 342
R
P 0x7f2a7c191628
P 0x7f2a7c487080
C 258
R
P 0x7f2a7c191628
C 342
R
P 0x7f2a7c191628
P 0x7f2a7c487080
C 9
R
P 0x7f2a7c191628
C 342
R
P 0x7f2a7c191628
I 1
P 0x7f2a7c19b208
C 150
= 0x7f2a7c19bc88
R
P 0x7f2a7c191628
C 342
R
P 0x7f2a7c191628
P 0x7f2a7c19bc88
C 258
R
P 0x7f2a7c191628
C 342
R
P 0x7f2a7c191628
P 0x7f2a7c19bc88
C 9
R
P 0x7f2a7c191628
C 342
R
P 0x7f2a7c191628
I 1
P 0x7f2a7c19b208
C 150
= 0x7f2a7c19bc88
R
P 0x7f2a7c191628
C 342
R
P 0x7f2a7c191628
P 0x7f2a7c19bc88
C 258
R
P 0x7f2a7c191628
C 342
R
P 0x7f2a7c191628
P 0x7f2a7c19bc88
C 9
R
P 0x7f2a7c191628
C 342
R
P 0x7f2a7c191628
P 0x7f2a7c19bc88
P 0x7f2a7c19bc88
C 75
= 0x7f2a7c1a1778
R
P 0x7f2a7c191628
C 342
R
P 0x7f2a7c191628
P 0x7f2a7c1a1778
C 258
R
P 0x7f2a7c191628
C 342
R
P 0x7f2a7c191628
P 0x7f2a7c1a1778
C 9
R
P 0x7f2a7c191628
C 342
R
P 0x7f2a7c191628
I 1
P 0x7f2a7c19b208
C 150
= 0x7f2a7c19bc88
R
P 0x7f2a7c191628
C 342
R
P 0x7f2a7c191628
P 0x7f2a7c19bc88
C 258
R
P 0x7f2a7c191628
C 342
R
P 0x7f2a7c191628
P 0x7f2a7c19bc88
C 9
R
P 0x7f2a7c191628
C 342
R
P 0x7f2a7c191628
U 2
P 0x7f2a7c19bc88
P 0x7f2a7c19bc88
p 2
C 67
= 0x7f2a7c1a17b0
R
P 0x7f2a7c191628
C 342
R
P 0x7f2a7c191628
P 0x7f2a7c1a17b0
C 257
R
P 0x7f2a7c191628
C 342
R
P 0x7f2a7c191628
P 0x7f2a7c1a17b0
C 254
= 0x7f2a7c19b208
R
P 0x7f2a7c191628
C 342
R
P 0x7f2a7c191628
P 0x7f2a7c19b208
C 209
R
P 0x7f2a7c191628
C 342
R
P 0x7f2a7c191628
P 0x7f2a7c1a17b0
C 260
R
P 0x7f2a7c191628
C 342
R
P 0x7f2a7c191628
P 0x7f2a7c1a17b0
C 259
R
P 0x7f2a7c191628
C 342
R
P 0x7f2a7c191628
P 0x7f2a7c1a17b0
C 258
R
P 0x7f2a7c191628
C 342
R
P 0x7f2a7c191628
P 0x7f2a7c1a17b0
C 9
R
P 0x7f2a7c191628
C 342
R
P 0x7f2a7c191628
U 2
P 0x7f2a7c19bbe8
P 0x7f2a7c1a17b0
p 2
C 66
= 0x7f2a7c487b70
R
P 0x7f2a7c191628
C 342
R
P 0x7f2a7c191628
P 0x7f2a7c487b70
C 257
R
P 0x7f2a7c191628
C 342
R
P 0x7f2a7c191628
P 0x7f2a7c487b70
C 254
= 0x7f2a7c19b208
R
P 0x7f2a7c191628
C 342
R
P 0x7f2a7c191628
P 0x7f2a7c19b208
C 209
R
P 0x7f2a7c191628
C 342
R
P 0x7f2a7c191628
P 0x7f2a7c487b70
C 260
R
P 0x7f2a7c191628
C 342
R
P 0x7f2a7c191628
P 0x7f2a7c487b70
C 259
R
P 0x7f2a7c191628
C 342
R
P 0x7f2a7c191628
P 0x7f2a7c487b70
C 258
R
P 0x7f2a7c191628
C 342
R
P 0x7f2a7c191628
P 0x7f2a7c487b70
C 9
R
P 0x7f2a7c191628
C 342
R
P 0x7f2a7c191628
U 2
P 0x7f2a7c19bb88
P 0x7f2a7c487b70
p 2
C 65
= 0x7f2a7c487ba8
R
P 0x7f2a7c191628
C 342
R
P 0x7f2a7c191628
P 0x7f2a7c487ba8
C 257
R
P 0x7f2a7c191628
C 342
R
P 0x7f2a7c191628
P 0x7f2a7c487ba8
C 254
= 0x7f2a7c19b1e8
R
P 0x7f2a7c191628
C 342
R
P 0x7f2a7c191628
P 0x7f2a7c19b1e8
C 209
R
P 0x7f2a7c191628
C 342
R
P 0x7f2a7c191628
P 0x7f2a7c487ba8
C 260
R
P 0x7f2a7c191628
C 342
R
P 0x7f2a7c191628
P 0x7f2a7c487ba8
C 259
R
P 0x7f2a7c191628
C 342
R
P 0x7f2a7c191628
P 0x7f2a7c487ba8
C 258
R
P 0x7f2a7c191628
C 342
R
P 0x7f2a7c191628
P 0x7f2a7c487ba8
C 9
R
P 0x7f2a7c191628
C 342
R
P 0x7f2a7c191628
P 0x7f2a7c1a1778
P 0x7f2a7c487ba8
P 0x7f2a7c19bb88
C 59
= 0x7f2a7c19fa48
R
P 0x7f2a7c191628
C 342
R
P 0x7f2a7c191628
P 0x7f2a7c19fa48
C 257
R
P 0x7f2a7c191628
C 342
R
P 0x7f2a7c191628
P 0x7f2a7c19fa48
C 254
= 0x7f2a7c19b1e8
R
P 0x7f2a7c191628
C 342
R
P 0x7f2a7c191628
P 0x7f2a7c19b1e8
C 209
R
P 0x7f2a7c191628
C 342
R
P 0x7f2a7c191628
P 0x7f2a7c19fa48
C 260
R
P 0x7f2a7c191628
C 342
R
P 0x7f2a7c191628
P 0x7f2a7c19fa48
C 259
R
P 0x7f2a7c191628
C 342
R
P 0x7f2a7c191628
P 0x7f2a7c19fa48
C 258
R
P 0x7f2a7c191628
C 342
R
P 0x7f2a7c191628
P 0x7f2a7c19fa48
C 9
R
P 0x7f2a7c191628
C 342
R
P 0x7f2a7c191628
U 2
P 0x7f2a7c19fa48
P 0x7f2a7c19bbe8
p 2
C 65
= 0x7f2a7c48bf80
R
P 0x7f2a7c191628
C 342
R
P 0x7f2a7c191628
P 0x7f2a7c48bf80
C 257
R
P 0x7f2a7c191628
C 342
R
P 0x7f2a7c191628
P 0x7f2a7c48bf80
C 254
= 0x7f2a7c19b1e8
R
P 0x7f2a7c191628
C 342
R
P 0x7f2a7c191628
P 0x7f2a7c19b1e8
C 209
R
P 0x7f2a7c191628
C 342
R
P 0x7f2a7c191628
P 0x7f2a7c48bf80
C 260
R
P 0x7f2a7c191628
C 342
R
P 0x7f2a7c191628
P 0x7f2a7c48bf80
C 259
R
P 0x7f2a7c191628
C 342
R
P 0x7f2a7c191628
P 0x7f2a7c48bf80
C 258
R
P 0x7f2a7c191628
C 342
R
P 0x7f2a7c191628
P 0x7f2a7c48bf80
C 9
R
P 0x7f2a7c191628
C 342
R
P 0x7f2a7c191628
P 0x7f2a7c487080
P 0x7f2a7c48bf80
C 74
= 0x7f2a7c48bfb8
R
P 0x7f2a7c191628
C 342
R
P 0x7f2a7c191628
P 0x7f2a7c48bfb8
C 258
R
P 0x7f2a7c191628
C 342
R
P 0x7f2a7c191628
P 0x7f2a7c48bfb8
C 9
R
P 0x7f2a7c191628
C 342
R
P 0x7f2a7c191628
U 2
P 0x7f2a7c48bf48
P 0x7f2a7c48bfb8
p 2
C 63
= 0x7f2a7c48bff0
R
P 0x7f2a7c191628
C 342
R
P 0x7f2a7c191628
P 0x7f2a7c48bff0
C 258
R
P 0x7f2a7c191628
C 342
R
P 0x7f2a7c191628
P 0x7f2a7c48bff0
C 9
R
P 0x7f2a7c191628
C 342
R
P 0x7f2a7c191628
I 0
P 0x7f2a7c19b208
C 150
= 0x7f2a7c19bd08
R
P 0x7f2a7c191628
C 342
R
P 0x7f2a7c191628
P 0x7f2a7c19bd08
C 258
R
P 0x7f2a7c191628
C 342
R
P 0x7f2a7c191628
P 0x7f2a7c19bd08
C 9
R
P 0x7f2a7c191628
C 342
R
P 0x7f2a7c191628
P 0x7f2a7c19bd08
C 263
R
P 0x7f2a7c191628
C 342
R
P 0x7f2a7c191628
S "dev0T30"
C 30
R
P 0x7f2a7c191628
C 342
R
P 0x7f2a7c191628
$ |dev0T30|
C 202
R
P 0x7f2a7c191628
C 342
R
P 0x7f2a7c191628
$ |dev0T30|
P 0x7f2a7c19b1e8
C 51
= 0x7f2a7c19c208
R
P 0x7f2a7c191628
C 342
R
P 0x7f2a7c191628
P 0x7f2a7c19c208
C 257
R
P 0x7f2a7c191628
C 342
R
P 0x7f2a7c191628
P 0x7f2a7c19c208
C 254
= 0x7f2a7c19b1e8
R
P 0x7f2a7c191628
C 342
R
P 0x7f2a7c191628
P 0x7f2a7c19b1e8
C 209
R
P 0x7f2a7c191628
C 342
R
P 0x7f2a7c191628
P 0x7f2a7c19c208
C 260
R
P 0x7f2a7c191628
C 342
R
P 0x7f2a7c191628
P 0x7f2a7c19c208
C 259
R
P 0x7f2a7c191628
C 342
R
P 0x7f2a7c191628
P 0x7f2a7c19c208
C 258
R
P 0x7f2a7c191628
C 342
R
P 0x7f2a7c191628
P 0x7f2a7c19c208
C 9
R
P 0x7f2a7c191628
C 342
R
P 0x7f2a7c191628
P 0x7f2a7c19bc68
C 333
R
P 0x7f2a7c191628
C 342
R
P 0x7f2a7c191628
S "slotflowPriorityStart"
C 30
R
P 0x7f2a7c191628
C 342
R
P 0x7f2a7c191628
$ |slotflowPriorityStart|
C 202
R
P 0x7f2a7c191628
C 342
R
P 0x7f2a7c191628
$ |slotflowPriorityStart|
P 0x7f2a7c19b1e8
C 51
= 0x7f2a7c19c2a8
R
P 0x7f2a7c191628
C 342
R
P 0x7f2a7c191628
P 0x7f2a7c19c2a8
C 257
R
P 0x7f2a7c191628
C 342
R
P 0x7f2a7c191628
P 0x7f2a7c19c2a8
C 254
= 0x7f2a7c19b1e8
R
P 0x7f2a7c191628
C 342
R
P 0x7f2a7c191628
P 0x7f2a7c19b1e8
C 209
R
P 0x7f2a7c191628
C 342
R
P 0x7f2a7c191628
P 0x7f2a7c19c2a8
C 260
R
P 0x7f2a7c191628
C 342
R
P 0x7f2a7c191628
P 0x7f2a7c19c2a8
C 259
R
P 0x7f2a7c191628
C 342
R
P 0x7f2a7c191628
P 0x7f2a7c19c2a8
C 258
R
P 0x7f2a7c191628
C 342
R
P 0x7f2a7c191628
P 0x7f2a7c19c2a8
C 9
R
P 0x7f2a7c191628
C 342
R
P 0x7f2a7c191628
P 0x7f2a7c19bc68
C 333
R
P 0x7f2a7c191628
C 342
R
P 0x7f2a7c191628
S "slotflowPriorityDuration"
C 30
R
P 0x7f2a7c191628
C 342
R
P 0x7f2a7c191628
$ |slotflowPriorityDuration|
C 202
R
P 0x7f2a7c191628
C 342
R
P 0x7f2a7c191628
$ |slotflowPriorityDuration|
P 0x7f2a7c19b1e8
C 51
= 0x7f2a7c19c268
R
P 0x7f2a7c191628
C 342
R
P 0x7f2a7c191628
P 0x7f2a7c19c268
C 257
R
P 0x7f2a7c191628
C 342
R
P 0x7f2a7c191628
P 0x7f2a7c19c268
C 254
= 0x7f2a7c19b1e8
R
P 0x7f2a7c191628
C 342
R
P 0x7f2a7c191628
P 0x7f2a7c19b1e8
C 209
R
P 0x7f2a7c191628
C 342
R
P 0x7f2a7c191628
P 0x7f2a7c19c268
C 260
R
P 0x7f2a7c191628
C 342
R
P 0x7f2a7c191628
P 0x7f2a7c19c268
C 259
R
P 0x7f2a7c191628
C 342
R
P 0x7f2a7c191628
P 0x7f2a7c19c268
C 258
R
P 0x7f2a7c191628
C 342
R
P 0x7f2a7c191628
P 0x7f2a7c19c268
C 9
R
P 0x7f2a7c191628
C 342
R
P 0x7f2a7c191628
U 2
P 0x7f2a7c19c2a8
P 0x7f2a7c19c268
p 2
C 65
= 0x7f2a7c487908
R
P 0x7f2a7c191628
C 342
R
P 0x7f2a7c191628
P 0x7f2a7c487908
C 257
R
P 0x7f2a7c191628
C 342
R
P 0x7f2a7c191628
P 0x7f2a7c487908
C 254
= 0x7f2a7c19b1e8
R
P 0x7f2a7c191628
C 342
R
P 0x7f2a7c191628
P 0x7f2a7c19b1e8
C 209
R
P 0x7f2a7c191628
C 342
R
P 0x7f2a7c191628
P 0x7f2a7c487908
C 260
R
P 0x7f2a7c191628
C 342
R
P 0x7f2a7c191628
P 0x7f2a7c487908
C 259
R
P 0x7f2a7c191628
C 342
R
P 0x7f2a7c191628
P 0x7f2a7c487908
C 258
R
P 0x7f2a7c191628
C 342
R
P 0x7f2a7c191628
P 0x7f2a7c487908
C 9
R
P 0x7f2a7c191628
C 342
R
P 0x7f2a7c191628
I 2
P 0x7f2a7c19b208
C 150
= 0x7f2a7c19bcc8
R
P 0x7f2a7c191628
C 342
R
P 0x7f2a7c191628
P 0x7f2a7c19bcc8
C 258
R
P 0x7f2a7c191628
C 342
R
P 0x7f2a7c191628
P 0x7f2a7c19bcc8
C 9
R
P 0x7f2a7c191628
C 342
R
P 0x7f2a7c191628
I 1
P 0x7f2a7c19b208
C 150
= 0x7f2a7c19bc88
R
P 0x7f2a7c191628
C 342
R
P 0x7f2a7c191628
P 0x7f2a7c19bc88
C 258
R
P 0x7f2a7c191628
C 342
R
P 0x7f2a7c191628
P 0x7f2a7c19bc88
C 9
R
P 0x7f2a7c191628
C 342
R
P 0x7f2a7c191628
P 0x7f2a7c19bcc8
P 0x7f2a7c19bc88
C 75
= 0x7f2a7c1a1890
R
P 0x7f2a7c191628
C 342
R
P 0x7f2a7c191628
P 0x7f2a7c1a1890
C 258
R
P 0x7f2a7c191628
C 342
R
P 0x7f2a7c191628
P 0x7f2a7c1a1890
C 9
R
P 0x7f2a7c191628
C 342
R
P 0x7f2a7c191628
I 1
P 0x7f2a7c19b208
C 150
= 0x7f2a7c19bc88
R
P 0x7f2a7c191628
C 342
R
P 0x7f2a7c191628
P 0x7f2a7c19bc88
C 258
R
P 0x7f2a7c191628
C 342
R
P 0x7f2a7c191628
P 0x7f2a7c19bc88
C 9
R
P 0x7f2a7c191628
C 342
R
P 0x7f2a7c191628
U 2
P 0x7f2a7c19bcc8
P 0x7f2a7c19bc88
p 2
C 67
= 0x7f2a7c1a18c8
R
P 0x7f2a7c191628
C 342
R
P 0x7f2a7c191628
P 0x7f2a7c1a18c8
C 257
R
P 0x7f2a7c191628
C 342
R
P 0x7f2a7c191628
P 0x7f2a7c1a18c8
C 254
= 0x7f2a7c19b208
R
P 0x7f2a7c191628
C 342
R
P 0x7f2a7c191628
P 0x7f2a7c19b208
C 209
R
P 0x7f2a7c191628
C 342
R
P 0x7f2a7c191628
P 0x7f2a7c1a18c8
C 260
R
P 0x7f2a7c191628
C 342
R
P 0x7f2a7c191628
P 0x7f2a7c1a18c8
C 259
R
P 0x7f2a7c191628
C 342
R
P 0x7f2a7c191628
P 0x7f2a7c1a18c8
C 258
R
P 0x7f2a7c191628
C 342
R
P 0x7f2a7c191628
P 0x7f2a7c1a18c8
C 9
R
P 0x7f2a7c191628
C 342
R
P 0x7f2a7c191628
U 2
P 0x7f2a7c19bbe8
P 0x7f2a7c1a18c8
p 2
C 66
= 0x7f2a7c487d68
R
P 0x7f2a7c191628
C 342
R
P 0x7f2a7c191628
P 0x7f2a7c487d68
C 257
R
P 0x7f2a7c191628
C 342
R
P 0x7f2a7c191628
P 0x7f2a7c487d68
C 254
= 0x7f2a7c19b208
R
P 0x7f2a7c191628
C 342
R
P 0x7f2a7c191628
P 0x7f2a7c19b208
C 209
R
P 0x7f2a7c191628
C 342
R
P 0x7f2a7c191628
P 0x7f2a7c487d68
C 260
R
P 0x7f2a7c191628
C 342
R
P 0x7f2a7c191628
P 0x7f2a7c487d68
C 259
R
P 0x7f2a7c191628
C 342
R
P 0x7f2a7c191628
P 0x7f2a7c487d68
C 258
R
P 0x7f2a7c191628
C 342
R
P 0x7f2a7c191628
P 0x7f2a7c487d68
C 9
R
P 0x7f2a7c191628
C 342
R
P 0x7f2a7c191628
U 2
P 0x7f2a7c19bb88
P 0x7f2a7c487d68
p 2
C 65
= 0x7f2a7c487da0
R
P 0x7f2a7c191628
C 342
R
P 0x7f2a7c191628
P 0x7f2a7c487da0
C 257
R
P 0x7f2a7c191628
C 342
R
P 0x7f2a7c191628
P 0x7f2a7c487da0
C 254
= 0x7f2a7c19b1e8
R
P 0x7f2a7c191628
C 342
R
P 0x7f2a7c191628
P 0x7f2a7c19b1e8
C 209
R
P 0x7f2a7c191628
C 342
R
P 0x7f2a7c191628
P 0x7f2a7c487da0
C 260
R
P 0x7f2a7c191628
C 342
R
P 0x7f2a7c191628
P 0x7f2a7c487da0
C 259
R
P 0x7f2a7c191628
C 342
R
P 0x7f2a7c191628
P 0x7f2a7c487da0
C 258
R
P 0x7f2a7c191628
C 342
R
P 0x7f2a7c191628
P 0x7f2a7c487da0
C 9
R
P 0x7f2a7c191628
C 342
R
P 0x7f2a7c191628
P 0x7f2a7c1a1890
P 0x7f2a7c487da0
P 0x7f2a7c19bb88
C 59
= 0x7f2a7c19fa88
R
P 0x7f2a7c191628
C 342
R
P 0x7f2a7c191628
P 0x7f2a7c19fa88
C 257
R
P 0x7f2a7c191628
C 342
R
P 0x7f2a7c191628
P 0x7f2a7c19fa88
C 254
= 0x7f2a7c19b1e8
R
P 0x7f2a7c191628
C 342
R
P 0x7f2a7c191628
P 0x7f2a7c19b1e8
C 209
R
P 0x7f2a7c191628
C 342
R
P 0x7f2a7c191628
P 0x7f2a7c19fa88
C 260
R
P 0x7f2a7c191628
C 342
R
P 0x7f2a7c191628
P 0x7f2a7c19fa88
C 259
R
P 0x7f2a7c191628
C 342
R
P 0x7f2a7c191628
P 0x7f2a7c19fa88
C 258
R
P 0x7f2a7c191628
C 342
R
P 0x7f2a7c191628
P 0x7f2a7c19fa88
C 9
R
P 0x7f2a7c191628
C 342
R
P 0x7f2a7c191628
U 2
P 0x7f2a7c487908
P 0x7f2a7c19fa88
p 2
C 65
= 0x7f2a7c487dd8
R
P 0x7f2a7c191628
C 342
R
P 0x7f2a7c191628
P 0x7f2a7c487dd8
C 257
R
P 0x7f2a7c191628
C 342
R
P 0x7f2a7c191628
P 0x7f2a7c487dd8
C 254
= 0x7f2a7c19b1e8
R
P 0x7f2a7c191628
C 342
R
P 0x7f2a7c191628
P 0x7f2a7c19b1e8
C 209
R
P 0x7f2a7c191628
C 342
R
P 0x7f2a7c191628
P 0x7f2a7c487dd8
C 260
R
P 0x7f2a7c191628
C 342
R
P 0x7f2a7c191628
P 0x7f2a7c487dd8
C 259
R
P 0x7f2a7c191628
C 342
R
P 0x7f2a7c191628
P 0x7f2a7c487dd8
C 258
R
P 0x7f2a7c191628
C 342
R
P 0x7f2a7c191628
P 0x7f2a7c487dd8
C 9
R
P 0x7f2a7c191628
C 342
R
P 0x7f2a7c191628
P 0x7f2a7c19c208
P 0x7f2a7c487dd8
C 74
= 0x7f2a7c489aa0
R
P 0x7f2a7c191628
C 342
R
P 0x7f2a7c191628
P 0x7f2a7c489aa0
C 258
R
P 0x7f2a7c191628
C 342
R
P 0x7f2a7c191628
P 0x7f2a7c489aa0
C 9
R
P 0x7f2a7c191628
C 342
R
P 0x7f2a7c191628
I 0
P 0x7f2a7c19b208
C 150
= 0x7f2a7c19bd08
R
P 0x7f2a7c191628
C 342
R
P 0x7f2a7c191628
P 0x7f2a7c19bd08
C 258
R
P 0x7f2a7c191628
C 342
R
P 0x7f2a7c191628
P 0x7f2a7c19bd08
C 9
R
P 0x7f2a7c191628
C 342
R
P 0x7f2a7c191628
P 0x7f2a7c19bd08
C 263
R
P 0x7f2a7c191628
C 342
R
P 0x7f2a7c191628
S "dev0T30"
C 30
R
P 0x7f2a7c191628
C 342
R
P 0x7f2a7c191628
$ |dev0T30|
C 202
R
P 0x7f2a7c191628
C 342
R
P 0x7f2a7c191628
$ |dev0T30|
P 0x7f2a7c19b1e8
C 51
= 0x7f2a7c19c208
R
P 0x7f2a7c191628
C 342
R
P 0x7f2a7c191628
P 0x7f2a7c19c208
C 257
R
P 0x7f2a7c191628
C 342
R
P 0x7f2a7c191628
P 0x7f2a7c19c208
C 254
= 0x7f2a7c19b1e8
R
P 0x7f2a7c191628
C 342
R
P 0x7f2a7c191628
P 0x7f2a7c19b1e8
C 209
R
P 0x7f2a7c191628
C 342
R
P 0x7f2a7c191628
P 0x7f2a7c19c208
C 260
R
P 0x7f2a7c191628
C 342
R
P 0x7f2a7c191628
P 0x7f2a7c19c208
C 259
R
P 0x7f2a7c191628
C 342
R
P 0x7f2a7c191628
P 0x7f2a7c19c208
C 258
R
P 0x7f2a7c191628
C 342
R
P 0x7f2a7c191628
P 0x7f2a7c19c208
C 9
R
P 0x7f2a7c191628
C 342
R
P 0x7f2a7c191628
P 0x7f2a7c19bc68
C 333
R
P 0x7f2a7c191628
C 342
R
P 0x7f2a7c191628
S "slotflowPriorityStart"
C 30
R
P 0x7f2a7c191628
C 342
R
P 0x7f2a7c191628
$ |slotflowPriorityStart|
C 202
R
P 0x7f2a7c191628
C 342
R
P 0x7f2a7c191628
$ |slotflowPriorityStart|
P 0x7f2a7c19b1e8
C 51
= 0x7f2a7c19c2a8
R
P 0x7f2a7c191628
C 342
R
P 0x7f2a7c191628
P 0x7f2a7c19c2a8
C 257
R
P 0x7f2a7c191628
C 342
R
P 0x7f2a7c191628
P 0x7f2a7c19c2a8
C 254
= 0x7f2a7c19b1e8
R
P 0x7f2a7c191628
C 342
R
P 0x7f2a7c191628
P 0x7f2a7c19b1e8
C 209
R
P 0x7f2a7c191628
C 342
R
P 0x7f2a7c191628
P 0x7f2a7c19c2a8
C 260
R
P 0x7f2a7c191628
C 342
R
P 0x7f2a7c191628
P 0x7f2a7c19c2a8
C 259
R
P 0x7f2a7c191628
C 342
R
P 0x7f2a7c191628
P 0x7f2a7c19c2a8
C 258
R
P 0x7f2a7c191628
C 342
R
P 0x7f2a7c191628
P 0x7f2a7c19c2a8
C 9
R
P 0x7f2a7c191628
C 342
R
P 0x7f2a7c191628
I 1
P 0x7f2a7c19b208
C 150
= 0x7f2a7c19bc88
R
P 0x7f2a7c191628
C 342
R
P 0x7f2a7c191628
P 0x7f2a7c19bc88
C 258
R
P 0x7f2a7c191628
C 342
R
P 0x7f2a7c191628
P 0x7f2a7c19bc88
C 9
R
P 0x7f2a7c191628
C 342
R
P 0x7f2a7c191628
I 1
P 0x7f2a7c19b208
C 150
= 0x7f2a7c19bc88
R
P 0x7f2a7c191628
C 342
R
P 0x7f2a7c191628
P 0x7f2a7c19bc88
C 258
R
P 0x7f2a7c191628
C 342
R
P 0x7f2a7c191628
P 0x7f2a7c19bc88
C 9
R
P 0x7f2a7c191628
C 342
R
P 0x7f2a7c191628
P 0x7f2a7c19bc88
P 0x7f2a7c19bc88
C 75
= 0x7f2a7c1a1778
R
P 0x7f2a7c191628
C 342
R
P 0x7f2a7c191628
P 0x7f2a7c1a1778
C 258
R
P 0x7f2a7c191628
C 342
R
P 0x7f2a7c191628
P 0x7f2a7c1a1778
C 9
R
P 0x7f2a7c191628
C 342
R
P 0x7f2a7c191628
I 1
P 0x7f2a7c19b208
C 150
= 0x7f2a7c19bc88
R
P 0x7f2a7c191628
C 342
R
P 0x7f2a7c191628
P 0x7f2a7c19bc88
C 258
R
P 0x7f2a7c191628
C 342
R
P 0x7f2a7c191628
P 0x7f2a7c19bc88
C 9
R
P 0x7f2a7c191628
C 342
R
P 0x7f2a7c191628
U 2
P 0x7f2a7c19bc88
P 0x7f2a7c19bc88
p 2
C 67
= 0x7f2a7c1a17b0
R
P 0x7f2a7c191628
C 342
R
P 0x7f2a7c191628
P 0x7f2a7c1a17b0
C 257
R
P 0x7f2a7c191628
C 342
R
P 0x7f2a7c191628
P 0x7f2a7c1a17b0
C 254
= 0x7f2a7c19b208
R
P 0x7f2a7c191628
C 342
R
P 0x7f2a7c191628
P 0x7f2a7c19b208
C 209
R
P 0x7f2a7c191628
C 342
R
P 0x7f2a7c191628
P 0x7f2a7c1a17b0
C 260
R
P 0x7f2a7c191628
C 342
R
P 0x7f2a7c191628
P 0x7f2a7c1a17b0
C 259
R
P 0x7f2a7c191628
C 342
R
P 0x7f2a7c191628
P 0x7f2a7c1a17b0
C 258
R
P 0x7f2a7c191628
C 342
R
P 0x7f2a7c191628
P 0x7f2a7c1a17b0
C 9
R
P 0x7f2a7c191628
C 342
R
P 0x7f2a7c191628
U 2
P 0x7f2a7c19bbe8
P 0x7f2a7c1a17b0
p 2
C 66
= 0x7f2a7c487b70
R
P 0x7f2a7c191628
C 342
R
P 0x7f2a7c191628
P 0x7f2a7c487b70
C 257
R
P 0x7f2a7c191628
C 342
R
P 0x7f2a7c191628
P 0x7f2a7c487b70
C 254
= 0x7f2a7c19b208
R
P 0x7f2a7c191628
C 342
R
P 0x7f2a7c191628
P 0x7f2a7c19b208
C 209
R
P 0x7f2a7c191628
C 342
R
P 0x7f2a7c191628
P 0x7f2a7c487b70
C 260
R
P 0x7f2a7c191628
C 342
R
P 0x7f2a7c191628
P 0x7f2a7c487b70
C 259
R
P 0x7f2a7c191628
C 342
R
P 0x7f2a7c191628
P 0x7f2a7c487b70
C 258
R
P 0x7f2a7c191628
C 342
R
P 0x7f2a7c191628
P 0x7f2a7c487b70
C 9
R
P 0x7f2a7c191628
C 342
R
P 0x7f2a7c191628
U 2
P 0x7f2a7c19bb88
P 0x7f2a7c487b70
p 2
C 65
= 0x7f2a7c487ba8
R
P 0x7f2a7c191628
C 342
R
P 0x7f2a7c191628
P 0x7f2a7c487ba8
C 257
R
P 0x7f2a7c191628
C 342
R
P 0x7f2a7c191628
P 0x7f2a7c487ba8
C 254
= 0x7f2a7c19b1e8
R
P 0x7f2a7c191628
C 342
R
P 0x7f2a7c191628
P 0x7f2a7c19b1e8
C 209
R
P 0x7f2a7c191628
C 342
R
P 0x7f2a7c191628
P 0x7f2a7c487ba8
C 260
R
P 0x7f2a7c191628
C 342
R
P 0x7f2a7c191628
P 0x7f2a7c487ba8
C 259
R
P 0x7f2a7c191628
C 342
R
P 0x7f2a7c191628
P 0x7f2a7c487ba8
C 258
R
P 0x7f2a7c191628
C 342
R
P 0x7f2a7c191628
P 0x7f2a7c487ba8
C 9
R
P 0x7f2a7c191628
C 342
R
P 0x7f2a7c191628
P 0x7f2a7c1a1778
P 0x7f2a7c487ba8
P 0x7f2a7c19bb88
C 59
= 0x7f2a7c19fa48
R
P 0x7f2a7c191628
C 342
R
P 0x7f2a7c191628
P 0x7f2a7c19fa48
C 257
R
P 0x7f2a7c191628
C 342
R
P 0x7f2a7c191628
P 0x7f2a7c19fa48
C 254
= 0x7f2a7c19b1e8
R
P 0x7f2a7c191628
C 342
R
P 0x7f2a7c191628
P 0x7f2a7c19b1e8
C 209
R
P 0x7f2a7c191628
C 342
R
P 0x7f2a7c191628
P 0x7f2a7c19fa48
C 260
R
P 0x7f2a7c191628
C 342
R
P 0x7f2a7c191628
P 0x7f2a7c19fa48
C 259
R
P 0x7f2a7c191628
C 342
R
P 0x7f2a7c191628
P 0x7f2a7c19fa48
C 258
R
P 0x7f2a7c191628
C 342
R
P 0x7f2a7c191628
P 0x7f2a7c19fa48
C 9
R
P 0x7f2a7c191628
C 342
R
P 0x7f2a7c191628
U 2
P 0x7f2a7c19c2a8
P 0x7f2a7c19fa48
p 2
C 65
= 0x7f2a7c487c88
R
P 0x7f2a7c191628
C 342
R
P 0x7f2a7c191628
P 0x7f2a7c487c88
C 257
R
P 0x7f2a7c191628
C 342
R
P 0x7f2a7c191628
P 0x7f2a7c487c88
C 254
= 0x7f2a7c19b1e8
R
P 0x7f2a7c191628
C 342
R
P 0x7f2a7c191628
P 0x7f2a7c19b1e8
C 209
R
P 0x7f2a7c191628
C 342
R
P 0x7f2a7c191628
P 0x7f2a7c487c88
C 260
R
P 0x7f2a7c191628
C 342
R
P 0x7f2a7c191628
P 0x7f2a7c487c88
C 259
R
P 0x7f2a7c191628
C 342
R
P 0x7f2a7c191628
P 0x7f2a7c487c88
C 258
R
P 0x7f2a7c191628
C 342
R
P 0x7f2a7c191628
P 0x7f2a7c487c88
C 9
R
P 0x7f2a7c191628
C 342
R
P 0x7f2a7c191628
U 2
P 0x7f2a7c487c88
P 0x7f2a7c19bb68
p 2
C 65
= 0x7f2a7c489870
R
P 0x7f2a7c191628
C 342
R
P 0x7f2a7c191628
P 0x7f2a7c489870
C 257
R
P 0x7f2a7c191628
C 342
R
P 0x7f2a7c191628
P 0x7f2a7c489870
C 254
= 0x7f2a7c19b1e8
R
P 0x7f2a7c191628
C 342
R
P 0x7f2a7c191628
P 0x7f2a7c19b1e8
C 209
R
P 0x7f2a7c191628
C 342
R
P 0x7f2a7c191628
P 0x7f2a7c489870
C 260
R
P 0x7f2a7c191628
C 342
R
P 0x7f2a7c191628
P 0x7f2a7c489870
C 259
R
P 0x7f2a7c191628
C 342
R
P 0x7f2a7c191628
P 0x7f2a7c489870
C 258
R
P 0x7f2a7c191628
C 342
R
P 0x7f2a7c191628
P 0x7f2a7c489870
C 9
R
P 0x7f2a7c191628
C 342
R
P 0x7f2a7c191628
P 0x7f2a7c19c208
P 0x7f2a7c489870
C 56
= 0x7f2a7c48c028
R
P 0x7f2a7c191628
C 342
R
P 0x7f2a7c191628
P 0x7f2a7c48c028
C 258
R
P 0x7f2a7c191628
C 342
R
P 0x7f2a7c191628
P 0x7f2a7c48c028
C 9
R
P 0x7f2a7c191628
C 342
R
P 0x7f2a7c191628
U 2
P 0x7f2a7c489aa0
P 0x7f2a7c48c028
p 2
C 63
= 0x7f2a7c48c060
R
P 0x7f2a7c191628
C 342
R
P 0x7f2a7c191628
P 0x7f2a7c48c060
C 258
R
P 0x7f2a7c191628
C 342
R
P 0x7f2a7c191628
P 0x7f2a7c48c060
C 9
R
P 0x7f2a7c191628
C 342
R
P 0x7f2a7c191628
P 0x7f2a7c48bff0
P 0x7f2a7c48c060
C 61
= 0x7f2a7c48c098
R
P 0x7f2a7c191628
C 342
R
P 0x7f2a7c191628
P 0x7f2a7c48c098
C 258
R
P 0x7f2a7c191628
C 342
R
P 0x7f2a7c191628
P 0x7f2a7c48c098
C 9
R
P 0x7f2a7c191628
C 342
R
P 0x7f2a7c191628
P 0x7f2a7c1e1fc8
P 0x7f2a7c48c098
C 427
R
P 0x7f2a7c191628
C 342
R
P 0x7f2a7c191628
I 0
P 0x7f2a7c19b208
C 150
= 0x7f2a7c19bd08
R
P 0x7f2a7c191628
C 342
R
P 0x7f2a7c191628
P 0x7f2a7c19bd08
C 258
R
P 0x7f2a7c191628
C 342
R
P 0x7f2a7c191628
P 0x7f2a7c19bd08
C 9
R
P 0x7f2a7c191628
C 342
R
P 0x7f2a7c191628
I 1
P 0x7f2a7c19b208
C 150
= 0x7f2a7c19bc88
R
P 0x7f2a7c191628
C 342
R
P 0x7f2a7c191628
P 0x7f2a7c19bc88
C 258
R
P 0x7f2a7c191628
C 342
R
P 0x7f2a7c191628
P 0x7f2a7c19bc88
C 9
R
P 0x7f2a7c191628
C 342
R
P 0x7f2a7c191628
P 0x7f2a7c19bd08
P 0x7f2a7c19bc88
C 75
= 0x7f2a7c486fa0
R
P 0x7f2a7c191628
C 342
R
P 0x7f2a7c191628
P 0x7f2a7c486fa0
C 258
R
P 0x7f2a7c191628
C 342
R
P 0x7f2a7c191628
P 0x7f2a7c486fa0
C 9
R
P 0x7f2a7c191628
C 342
R
P 0x7f2a7c191628
I 1
P 0x7f2a7c19b208
C 150
= 0x7f2a7c19bc88
R
P 0x7f2a7c191628
C 342
R
P 0x7f2a7c191628
P 0x7f2a7c19bc88
C 258
R
P 0x7f2a7c191628
C 342
R
P 0x7f2a7c191628
P 0x7f2a7c19bc88
C 9
R
P 0x7f2a7c191628
C 342
R
P 0x7f2a7c191628
U 2
P 0x7f2a7c19bd08
P 0x7f2a7c19bc88
p 2
C 67
= 0x7f2a7c486fd8
R
P 0x7f2a7c191628
C 342
R
P 0x7f2a7c191628
P 0x7f2a7c486fd8
C 257
R
P 0x7f2a7c191628
C 342
R
P 0x7f2a7c191628
P 0x7f2a7c486fd8
C 254
= 0x7f2a7c19b208
R
P 0x7f2a7c191628
C 342
R
P 0x7f2a7c191628
P 0x7f2a7c19b208
C 209
R
P 0x7f2a7c191628
C 342
R
P 0x7f2a7c191628
P 0x7f2a7c486fd8
C 260
R
P 0x7f2a7c191628
C 342
R
P 0x7f2a7c191628
P 0x7f2a7c486fd8
C 259
R
P 0x7f2a7c191628
C 342
R
P 0x7f2a7c191628
P 0x7f2a7c486fd8
C 258
R
P 0x7f2a7c191628
C 342
R
P 0x7f2a7c191628
P 0x7f2a7c486fd8
C 9
R
P 0x7f2a7c191628
C 342
R
P 0x7f2a7c191628
U 2
P 0x7f2a7c19bba8
P 0x7f2a7c486fd8
p 2
C 66
= 0x7f2a7c487010
R
P 0x7f2a7c191628
C 342
R
P 0x7f2a7c191628
P 0x7f2a7c487010
C 257
R
P 0x7f2a7c191628
C 342
R
P 0x7f2a7c191628
P 0x7f2a7c487010
C 254
= 0x7f2a7c19b1e8
R
P 0x7f2a7c191628
C 342
R
P 0x7f2a7c191628
P 0x7f2a7c19b1e8
C 209
R
P 0x7f2a7c191628
C 342
R
P 0x7f2a7c191628
P 0x7f2a7c487010
C 260
R
P 0x7f2a7c191628
C 342
R
P 0x7f2a7c191628
P 0x7f2a7c487010
C 259
R
P 0x7f2a7c191628
C 342
R
P 0x7f2a7c191628
P 0x7f2a7c487010
C 258
R
P 0x7f2a7c191628
C 342
R
P 0x7f2a7c191628
P 0x7f2a7c487010
C 9
R
P 0x7f2a7c191628
C 342
R
P 0x7f2a7c191628
U 2
P 0x7f2a7c19bc28
P 0x7f2a7c487010
p 2
C 65
= 0x7f2a7c487048
R
P 0x7f2a7c191628
C 342
R
P 0x7f2a7c191628
P 0x7f2a7c487048
C 257
R
P 0x7f2a7c191628
C 342
R
P 0x7f2a7c191628
P 0x7f2a7c487048
C 254
= 0x7f2a7c19b1e8
R
P 0x7f2a7c191628
C 342
R
P 0x7f2a7c191628
P 0x7f2a7c19b1e8
C 209
R
P 0x7f2a7c191628
C 342
R
P 0x7f2a7c191628
P 0x7f2a7c487048
C 260
R
P 0x7f2a7c191628
C 342
R
P 0x7f2a7c191628
P 0x7f2a7c487048
C 259
R
P 0x7f2a7c191628
C 342
R
P 0x7f2a7c191628
P 0x7f2a7c487048
C 258
R
P 0x7f2a7c191628
C 342
R
P 0x7f2a7c191628
P 0x7f2a7c487048
C 9
R
P 0x7f2a7c191628
C 342
R
P 0x7f2a7c191628
P 0x7f2a7c486fa0
P 0x7f2a7c487048
P 0x7f2a7c19bc28
C 59
= 0x7f2a7c19f948
R
P 0x7f2a7c191628
C 342
R
P 0x7f2a7c191628
P 0x7f2a7c19f948
C 257
R
P 0x7f2a7c191628
C 342
R
P 0x7f2a7c191628
P 0x7f2a7c19f948
C 254
= 0x7f2a7c19b1e8
R
P 0x7f2a7c191628
C 342
R
P 0x7f2a7c191628
P 0x7f2a7c19b1e8
C 209
R
P 0x7f2a7c191628
C 342
R
P 0x7f2a7c191628
P 0x7f2a7c19f948
C 260
R
P 0x7f2a7c191628
C 342
R
P 0x7f2a7c191628
P 0x7f2a7c19f948
C 259
R
P 0x7f2a7c191628
C 342
R
P 0x7f2a7c191628
P 0x7f2a7c19f948
C 258
R
P 0x7f2a7c191628
C 342
R
P 0x7f2a7c191628
P 0x7f2a7c19f948
C 9
R
P 0x7f2a7c191628
C 342
R
P 0x7f2a7c191628
U 2
P 0x7f2a7c19f948
P 0x7f2a7c19bb48
p 2
C 65
= 0x7f2a7c487080
R
P 0x7f2a7c191628
C 342
R
P 0x7f2a7c191628
P 0x7f2a7c487080
C 257
R
P 0x7f2a7c191628
C 342
R
P 0x7f2a7c191628
P 0x7f2a7c487080
C 254
= 0x7f2a7c19b1e8
R
P 0x7f2a7c191628
C 342
R
P 0x7f2a7c191628
P 0x7f2a7c19b1e8
C 209
R
P 0x7f2a7c191628
C 342
R
P 0x7f2a7c191628
P 0x7f2a7c487080
C 260
R
P 0x7f2a7c191628
C 342
R
P 0x7f2a7c191628
P 0x7f2a7c487080
C 259
R
P 0x7f2a7c191628
C 342
R
P 0x7f2a7c191628
P 0x7f2a7c487080
C 258
R
P 0x7f2a7c191628
C 342
R
P 0x7f2a7c191628
P 0x7f2a7c487080
C 9
R
P 0x7f2a7c191628
C 342
R
P 0x7f2a7c191628
P 0x7f2a7c19bc68
C 333
R
P 0x7f2a7c191628
C 342
R
P 0x7f2a7c191628
S "slotflowPriorityStart"
C 30
R
P 0x7f2a7c191628
C 342
R
P 0x7f2a7c191628
$ |slotflowPriorityStart|
C 202
R
P 0x7f2a7c191628
C 342
R
P 0x7f2a7c191628
$ |slotflowPriorityStart|
P 0x7f2a7c19b1e8
C 51
= 0x7f2a7c19c2a8
R
P 0x7f2a7c191628
C 342
R
P 0x7f2a7c191628
P 0x7f2a7c19c2a8
C 257
R
P 0x7f2a7c191628
C 342
R
P 0x7f2a7c191628
P 0x7f2a7c19c2a8
C 254
= 0x7f2a7c19b1e8
R
P 0x7f2a7c191628
C 342
R
P 0x7f2a7c191628
P 0x7f2a7c19b1e8
C 209
R
P 0x7f2a7c191628
C 342
R
P 0x7f2a7c191628
P 0x7f2a7c19c2a8
C 260
R
P 0x7f2a7c191628
C 342
R
P 0x7f2a7c191628
P 0x7f2a7c19c2a8
C 259
R
P 0x7f2a7c191628
C 342
R
P 0x7f2a7c191628
P 0x7f2a7c19c2a8
C 258
R
P 0x7f2a7c191628
C 342
R
P 0x7f2a7c191628
P 0x7f2a7c19c2a8
C 9
R
P 0x7f2a7c191628
C 342
R
P 0x7f2a7c191628
P 0x7f2a7c19bc68
C 333
R
P 0x7f2a7c191628
C 342
R
P 0x7f2a7c191628
S "slotflowPriorityDuration"
C 30
R
P 0x7f2a7c191628
C 342
R
P 0x7f2a7c191628
$ |slotflowPriorityDuration|
C 202
R
P 0x7f2a7c191628
C 342
R
P 0x7f2a7c191628
$ |slotflowPriorityDuration|
P 0x7f2a7c19b1e8
C 51
= 0x7f2a7c19c268
R
P 0x7f2a7c191628
C 342
R
P 0x7f2a7c191628
P 0x7f2a7c19c268
C 257
R
P 0x7f2a7c191628
C 342
R
P 0x7f2a7c191628
P 0x7f2a7c19c268
C 254
= 0x7f2a7c19b1e8
R
P 0x7f2a7c191628
C 342
R
P 0x7f2a7c191628
P 0x7f2a7c19b1e8
C 209
R
P 0x7f2a7c191628
C 342
R
P 0x7f2a7c191628
P 0x7f2a7c19c268
C 260
R
P 0x7f2a7c191628
C 342
R
P 0x7f2a7c191628
P 0x7f2a7c19c268
C 259
R
P 0x7f2a7c191628
C 342
R
P 0x7f2a7c191628
P 0x7f2a7c19c268
C 258
R
P 0x7f2a7c191628
C 342
R
P 0x7f2a7c191628
P 0x7f2a7c19c268
C 9
R
P 0x7f2a7c191628
C 342
R
P 0x7f2a7c191628
U 2
P 0x7f2a7c19c2a8
P 0x7f2a7c19c268
p 2
C 65
= 0x7f2a7c487908
R
P 0x7f2a7c191628
C 342
R
P 0x7f2a7c191628
P 0x7f2a7c487908
C 257
R
P 0x7f2a7c191628
C 342
R
P 0x7f2a7c191628
P 0x7f2a7c487908
C 254
= 0x7f2a7c19b1e8
R
P 0x7f2a7c191628
C 342
R
P 0x7f2a7c191628
P 0x7f2a7c19b1e8
C 209
R
P 0x7f2a7c191628
C 342
R
P 0x7f2a7c191628
P 0x7f2a7c487908
C 260
R
P 0x7f2a7c191628
C 342
R
P 0x7f2a7c191628
P 0x7f2a7c487908
C 259
R
P 0x7f2a7c191628
C 342
R
P 0x7f2a7c191628
P 0x7f2a7c487908
C 258
R
P 0x7f2a7c191628
C 342
R
P 0x7f2a7c191628
P 0x7f2a7c487908
C 9
R
P 0x7f2a7c191628
C 342
R
P 0x7f2a7c191628
I 2
P 0x7f2a7c19b208
C 150
= 0x7f2a7c19bcc8
R
P 0x7f2a7c191628
C 342
R
P 0x7f2a7c191628
P 0x7f2a7c19bcc8
C 258
R
P 0x7f2a7c191628
C 342
R
P 0x7f2a7c191628
P 0x7f2a7c19bcc8
C 9
R
P 0x7f2a7c191628
C 342
R
P 0x7f2a7c191628
I 1
P 0x7f2a7c19b208
C 150
= 0x7f2a7c19bc88
R
P 0x7f2a7c191628
C 342
R
P 0x7f2a7c191628
P 0x7f2a7c19bc88
C 258
R
P 0x7f2a7c191628
C 342
R
P 0x7f2a7c191628
P 0x7f2a7c19bc88
C 9
R
P 0x7f2a7c191628
C 342
R
P 0x7f2a7c191628
P 0x7f2a7c19bcc8
P 0x7f2a7c19bc88
C 75
= 0x7f2a7c1a1890
R
P 0x7f2a7c191628
C 342
R
P 0x7f2a7c191628
P 0x7f2a7c1a1890
C 258
R
P 0x7f2a7c191628
C 342
R
P 0x7f2a7c191628
P 0x7f2a7c1a1890
C 9
R
P 0x7f2a7c191628
C 342
R
P 0x7f2a7c191628
I 1
P 0x7f2a7c19b208
C 150
= 0x7f2a7c19bc88
R
P 0x7f2a7c191628
C 342
R
P 0x7f2a7c191628
P 0x7f2a7c19bc88
C 258
R
P 0x7f2a7c191628
C 342
R
P 0x7f2a7c191628
P 0x7f2a7c19bc88
C 9
R
P 0x7f2a7c191628
C 342
R
P 0x7f2a7c191628
U 2
P 0x7f2a7c19bcc8
P 0x7f2a7c19bc88
p 2
C 67
= 0x7f2a7c1a18c8
R
P 0x7f2a7c191628
C 342
R
P 0x7f2a7c191628
P 0x7f2a7c1a18c8
C 257
R
P 0x7f2a7c191628
C 342
R
P 0x7f2a7c191628
P 0x7f2a7c1a18c8
C 254
= 0x7f2a7c19b208
R
P 0x7f2a7c191628
C 342
R
P 0x7f2a7c191628
P 0x7f2a7c19b208
C 209
R
P 0x7f2a7c191628
C 342
R
P 0x7f2a7c191628
P 0x7f2a7c1a18c8
C 260
R
P 0x7f2a7c191628
C 342
R
P 0x7f2a7c191628
P 0x7f2a7c1a18c8
C 259
R
P 0x7f2a7c191628
C 342
R
P 0x7f2a7c191628
P 0x7f2a7c1a18c8
C 258
R
P 0x7f2a7c191628
C 342
R
P 0x7f2a7c191628
P 0x7f2a7c1a18c8
C 9
R
P 0x7f2a7c191628
C 342
R
P 0x7f2a7c191628
U 2
P 0x7f2a7c19bbe8
P 0x7f2a7c1a18c8
p 2
C 66
= 0x7f2a7c487d68
R
P 0x7f2a7c191628
C 342
R
P 0x7f2a7c191628
P 0x7f2a7c487d68
C 257
R
P 0x7f2a7c191628
C 342
R
P 0x7f2a7c191628
P 0x7f2a7c487d68
C 254
= 0x7f2a7c19b208
R
P 0x7f2a7c191628
C 342
R
P 0x7f2a7c191628
P 0x7f2a7c19b208
C 209
R
P 0x7f2a7c191628
C 342
R
P 0x7f2a7c191628
P 0x7f2a7c487d68
C 260
R
P 0x7f2a7c191628
C 342
R
P 0x7f2a7c191628
P 0x7f2a7c487d68
C 259
R
P 0x7f2a7c191628
C 342
R
P 0x7f2a7c191628
P 0x7f2a7c487d68
C 258
R
P 0x7f2a7c191628
C 342
R
P 0x7f2a7c191628
P 0x7f2a7c487d68
C 9
R
P 0x7f2a7c191628
C 342
R
P 0x7f2a7c191628
U 2
P 0x7f2a7c19bb88
P 0x7f2a7c487d68
p 2
C 65
= 0x7f2a7c487da0
R
P 0x7f2a7c191628
C 342
R
P 0x7f2a7c191628
P 0x7f2a7c487da0
C 257
R
P 0x7f2a7c191628
C 342
R
P 0x7f2a7c191628
P 0x7f2a7c487da0
C 254
= 0x7f2a7c19b1e8
R
P 0x7f2a7c191628
C 342
R
P 0x7f2a7c191628
P 0x7f2a7c19b1e8
C 209
R
P 0x7f2a7c191628
C 342
R
P 0x7f2a7c191628
P 0x7f2a7c487da0
C 260
R
P 0x7f2a7c191628
C 342
R
P 0x7f2a7c191628
P 0x7f2a7c487da0
C 259
R
P 0x7f2a7c191628
C 342
R
P 0x7f2a7c191628
P 0x7f2a7c487da0
C 258
R
P 0x7f2a7c191628
C 342
R
P 0x7f2a7c191628
P 0x7f2a7c487da0
C 9
R
P 0x7f2a7c191628
C 342
R
P 0x7f2a7c191628
P 0x7f2a7c1a1890
P 0x7f2a7c487da0
P 0x7f2a7c19bb88
C 59
= 0x7f2a7c19fa88
R
P 0x7f2a7c191628
C 342
R
P 0x7f2a7c191628
P 0x7f2a7c19fa88
C 257
R
P 0x7f2a7c191628
C 342
R
P 0x7f2a7c191628
P 0x7f2a7c19fa88
C 254
= 0x7f2a7c19b1e8
R
P 0x7f2a7c191628
C 342
R
P 0x7f2a7c191628
P 0x7f2a7c19b1e8
C 209
R
P 0x7f2a7c191628
C 342
R
P 0x7f2a7c191628
P 0x7f2a7c19fa88
C 260
R
P 0x7f2a7c191628
C 342
R
P 0x7f2a7c191628
P 0x7f2a7c19fa88
C 259
R
P 0x7f2a7c191628
C 342
R
P 0x7f2a7c191628
P 0x7f2a7c19fa88
C 258
R
P 0x7f2a7c191628
C 342
R
P 0x7f2a7c191628
P 0x7f2a7c19fa88
C 9
R
P 0x7f2a7c191628
C 342
R
P 0x7f2a7c191628
U 2
P 0x7f2a7c487908
P 0x7f2a7c19fa88
p 2
C 65
= 0x7f2a7c487dd8
R
P 0x7f2a7c191628
C 342
R
P 0x7f2a7c191628
P 0x7f2a7c487dd8
C 257
R
P 0x7f2a7c191628
C 342
R
P 0x7f2a7c191628
P 0x7f2a7c487dd8
C 254
= 0x7f2a7c19b1e8
R
P 0x7f2a7c191628
C 342
R
P 0x7f2a7c191628
P 0x7f2a7c19b1e8
C 209
R
P 0x7f2a7c191628
C 342
R
P 0x7f2a7c191628
P 0x7f2a7c487dd8
C 260
R
P 0x7f2a7c191628
C 342
R
P 0x7f2a7c191628
P 0x7f2a7c487dd8
C 259
R
P 0x7f2a7c191628
C 342
R
P 0x7f2a7c191628
P 0x7f2a7c487dd8
C 258
R
P 0x7f2a7c191628
C 342
R
P 0x7f2a7c191628
P 0x7f2a7c487dd8
C 9
R
P 0x7f2a7c191628
C 342
R
P 0x7f2a7c191628
U 2
P 0x7f2a7c487dd8
P 0x7f2a7c19bb68
p 2
C 67
= 0x7f2a7c487e10
R
P 0x7f2a7c191628
C 342
R
P 0x7f2a7c191628
P 0x7f2a7c487e10
C 257
R
P 0x7f2a7c191628
C 342
R
P 0x7f2a7c191628
P 0x7f2a7c487e10
C 254
= 0x7f2a7c19b1e8
R
P 0x7f2a7c191628
C 342
R
P 0x7f2a7c191628
P 0x7f2a7c19b1e8
C 209
R
P 0x7f2a7c191628
C 342
R
P 0x7f2a7c191628
P 0x7f2a7c487e10
C 260
R
P 0x7f2a7c191628
C 342
R
P 0x7f2a7c191628
P 0x7f2a7c487e10
C 259
R
P 0x7f2a7c191628
C 342
R
P 0x7f2a7c191628
P 0x7f2a7c487e10
C 258
R
P 0x7f2a7c191628
C 342
R
P 0x7f2a7c191628
P 0x7f2a7c487e10
C 9
R
P 0x7f2a7c191628
C 342
R
P 0x7f2a7c191628
P 0x7f2a7c487080
P 0x7f2a7c487e10
C 75
= 0x7f2a7c48c0d0
R
P 0x7f2a7c191628
C 342
R
P 0x7f2a7c191628
P 0x7f2a7c48c0d0
C 258
R
P 0x7f2a7c191628
C 342
R
P 0x7f2a7c191628
P 0x7f2a7c48c0d0
C 9
R
P 0x7f2a7c191628
C 342
R
P 0x7f2a7c191628
I 0
P 0x7f2a7c19b208
C 150
= 0x7f2a7c19bd08
R
P 0x7f2a7c191628
C 342
R
P 0x7f2a7c191628
P 0x7f2a7c19bd08
C 258
R
P 0x7f2a7c191628
C 342
R
P 0x7f2a7c191628
P 0x7f2a7c19bd08
C 9
R
P 0x7f2a7c191628
C 342
R
P 0x7f2a7c191628
I 1
P 0x7f2a7c19b208
C 150
= 0x7f2a7c19bc88
R
P 0x7f2a7c191628
C 342
R
P 0x7f2a7c191628
P 0x7f2a7c19bc88
C 258
R
P 0x7f2a7c191628
C 342
R
P 0x7f2a7c191628
P 0x7f2a7c19bc88
C 9
R
P 0x7f2a7c191628
C 342
R
P 0x7f2a7c191628
P 0x7f2a7c19bd08
P 0x7f2a7c19bc88
C 75
= 0x7f2a7c486fa0
R
P 0x7f2a7c191628
C 342
R
P 0x7f2a7c191628
P 0x7f2a7c486fa0
C 258
R
P 0x7f2a7c191628
C 342
R
P 0x7f2a7c191628
P 0x7f2a7c486fa0
C 9
R
P 0x7f2a7c191628
C 342
R
P 0x7f2a7c191628
I 1
P 0x7f2a7c19b208
C 150
= 0x7f2a7c19bc88
R
P 0x7f2a7c191628
C 342
R
P 0x7f2a7c191628
P 0x7f2a7c19bc88
C 258
R
P 0x7f2a7c191628
C 342
R
P 0x7f2a7c191628
P 0x7f2a7c19bc88
C 9
R
P 0x7f2a7c191628
C 342
R
P 0x7f2a7c191628
U 2
P 0x7f2a7c19bd08
P 0x7f2a7c19bc88
p 2
C 67
= 0x7f2a7c486fd8
R
P 0x7f2a7c191628
C 342
R
P 0x7f2a7c191628
P 0x7f2a7c486fd8
C 257
R
P 0x7f2a7c191628
C 342
R
P 0x7f2a7c191628
P 0x7f2a7c486fd8
C 254
= 0x7f2a7c19b208
R
P 0x7f2a7c191628
C 342
R
P 0x7f2a7c191628
P 0x7f2a7c19b208
C 209
R
P 0x7f2a7c191628
C 342
R
P 0x7f2a7c191628
P 0x7f2a7c486fd8
C 260
R
P 0x7f2a7c191628
C 342
R
P 0x7f2a7c191628
P 0x7f2a7c486fd8
C 259
R
P 0x7f2a7c191628
C 342
R
P 0x7f2a7c191628
P 0x7f2a7c486fd8
C 258
R
P 0x7f2a7c191628
C 342
R
P 0x7f2a7c191628
P 0x7f2a7c486fd8
C 9
R
P 0x7f2a7c191628
C 342
R
P 0x7f2a7c191628
U 2
P 0x7f2a7c19bba8
P 0x7f2a7c486fd8
p 2
C 66
= 0x7f2a7c487010
R
P 0x7f2a7c191628
C 342
R
P 0x7f2a7c191628
P 0x7f2a7c487010
C 257
R
P 0x7f2a7c191628
C 342
R
P 0x7f2a7c191628
P 0x7f2a7c487010
C 254
= 0x7f2a7c19b1e8
R
P 0x7f2a7c191628
C 342
R
P 0x7f2a7c191628
P 0x7f2a7c19b1e8
C 209
R
P 0x7f2a7c191628
C 342
R
P 0x7f2a7c191628
P 0x7f2a7c487010
C 260
R
P 0x7f2a7c191628
C 342
R
P 0x7f2a7c191628
P 0x7f2a7c487010
C 259
R
P 0x7f2a7c191628
C 342
R
P 0x7f2a7c191628
P 0x7f2a7c487010
C 258
R
P 0x7f2a7c191628
C 342
R
P 0x7f2a7c191628
P 0x7f2a7c487010
C 9
R
P 0x7f2a7c191628
C 342
R
P 0x7f2a7c191628
U 2
P 0x7f2a7c19bc28
P 0x7f2a7c487010
p 2
C 65
= 0x7f2a7c487048
R
P 0x7f2a7c191628
C 342
R
P 0x7f2a7c191628
P 0x7f2a7c487048
C 257
R
P 0x7f2a7c191628
C 342
R
P 0x7f2a7c191628
P 0x7f2a7c487048
C 254
= 0x7f2a7c19b1e8
R
P 0x7f2a7c191628
C 342
R
P 0x7f2a7c191628
P 0x7f2a7c19b1e8
C 209
R
P 0x7f2a7c191628
C 342
R
P 0x7f2a7c191628
P 0x7f2a7c487048
C 260
R
P 0x7f2a7c191628
C 342
R
P 0x7f2a7c191628
P 0x7f2a7c487048
C 259
R
P 0x7f2a7c191628
C 342
R
P 0x7f2a7c191628
P 0x7f2a7c487048
C 258
R
P 0x7f2a7c191628
C 342
R
P 0x7f2a7c191628
P 0x7f2a7c487048
C 9
R
P 0x7f2a7c191628
C 342
R
P 0x7f2a7c191628
P 0x7f2a7c486fa0
P 0x7f2a7c487048
P 0x7f2a7c19bc28
C 59
= 0x7f2a7c19f948
R
P 0x7f2a7c191628
C 342
R
P 0x7f2a7c191628
P 0x7f2a7c19f948
C 257
R
P 0x7f2a7c191628
C 342
R
P 0x7f2a7c191628
P 0x7f2a7c19f948
C 254
= 0x7f2a7c19b1e8
R
P 0x7f2a7c191628
C 342
R
P 0x7f2a7c191628
P 0x7f2a7c19b1e8
C 209
R
P 0x7f2a7c191628
C 342
R
P 0x7f2a7c191628
P 0x7f2a7c19f948
C 260
R
P 0x7f2a7c191628
C 342
R
P 0x7f2a7c191628
P 0x7f2a7c19f948
C 259
R
P 0x7f2a7c191628
C 342
R
P 0x7f2a7c191628
P 0x7f2a7c19f948
C 258
R
P 0x7f2a7c191628
C 342
R
P 0x7f2a7c191628
P 0x7f2a7c19f948
C 9
R
P 0x7f2a7c191628
C 342
R
P 0x7f2a7c191628
U 2
P 0x7f2a7c19f948
P 0x7f2a7c19bb48
p 2
C 65
= 0x7f2a7c487080
R
P 0x7f2a7c191628
C 342
R
P 0x7f2a7c191628
P 0x7f2a7c487080
C 257
R
P 0x7f2a7c191628
C 342
R
P 0x7f2a7c191628
P 0x7f2a7c487080
C 254
= 0x7f2a7c19b1e8
R
P 0x7f2a7c191628
C 342
R
P 0x7f2a7c191628
P 0x7f2a7c19b1e8
C 209
R
P 0x7f2a7c191628
C 342
R
P 0x7f2a7c191628
P 0x7f2a7c487080
C 260
R
P 0x7f2a7c191628
C 342
R
P 0x7f2a7c191628
P 0x7f2a7c487080
C 259
R
P 0x7f2a7c191628
C 342
R
P 0x7f2a7c191628
P 0x7f2a7c487080
C 258
R
P 0x7f2a7c191628
C 342
R
P 0x7f2a7c191628
P 0x7f2a7c487080
C 9
R
P 0x7f2a7c191628
C 342
R
P 0x7f2a7c191628
I 2
P 0x7f2a7c19b208
C 150
= 0x7f2a7c19bcc8
R
P 0x7f2a7c191628
C 342
R
P 0x7f2a7c191628
P 0x7f2a7c19bcc8
C 258
R
P 0x7f2a7c191628
C 342
R
P 0x7f2a7c191628
P 0x7f2a7c19bcc8
C 9
R
P 0x7f2a7c191628
C 342
R
P 0x7f2a7c191628
I 1
P 0x7f2a7c19b208
C 150
= 0x7f2a7c19bc88
R
P 0x7f2a7c191628
C 342
R
P 0x7f2a7c191628
P 0x7f2a7c19bc88
C 258
R
P 0x7f2a7c191628
C 342
R
P 0x7f2a7c191628
P 0x7f2a7c19bc88
C 9
R
P 0x7f2a7c191628
C 342
R
P 0x7f2a7c191628
P 0x7f2a7c19bcc8
P 0x7f2a7c19bc88
C 75
= 0x7f2a7c1a1890
R
P 0x7f2a7c191628
C 342
R
P 0x7f2a7c191628
P 0x7f2a7c1a1890
C 258
R
P 0x7f2a7c191628
C 342
R
P 0x7f2a7c191628
P 0x7f2a7c1a1890
C 9
R
P 0x7f2a7c191628
C 342
R
P 0x7f2a7c191628
I 1
P 0x7f2a7c19b208
C 150
= 0x7f2a7c19bc88
R
P 0x7f2a7c191628
C 342
R
P 0x7f2a7c191628
P 0x7f2a7c19bc88
C 258
R
P 0x7f2a7c191628
C 342
R
P 0x7f2a7c191628
P 0x7f2a7c19bc88
C 9
R
P 0x7f2a7c191628
C 342
R
P 0x7f2a7c191628
U 2
P 0x7f2a7c19bcc8
P 0x7f2a7c19bc88
p 2
C 67
= 0x7f2a7c1a18c8
R
P 0x7f2a7c191628
C 342
R
P 0x7f2a7c191628
P 0x7f2a7c1a18c8
C 257
R
P 0x7f2a7c191628
C 342
R
P 0x7f2a7c191628
P 0x7f2a7c1a18c8
C 254
= 0x7f2a7c19b208
R
P 0x7f2a7c191628
C 342
R
P 0x7f2a7c191628
P 0x7f2a7c19b208
C 209
R
P 0x7f2a7c191628
C 342
R
P 0x7f2a7c191628
P 0x7f2a7c1a18c8
C 260
R
P 0x7f2a7c191628
C 342
R
P 0x7f2a7c191628
P 0x7f2a7c1a18c8
C 259
R
P 0x7f2a7c191628
C 342
R
P 0x7f2a7c191628
P 0x7f2a7c1a18c8
C 258
R
P 0x7f2a7c191628
C 342
R
P 0x7f2a7c191628
P 0x7f2a7c1a18c8
C 9
R
P 0x7f2a7c191628
C 342
R
P 0x7f2a7c191628
U 2
P 0x7f2a7c19bbe8
P 0x7f2a7c1a18c8
p 2
C 66
= 0x7f2a7c487d68
R
P 0x7f2a7c191628
C 342
R
P 0x7f2a7c191628
P 0x7f2a7c487d68
C 257
R
P 0x7f2a7c191628
C 342
R
P 0x7f2a7c191628
P 0x7f2a7c487d68
C 254
= 0x7f2a7c19b208
R
P 0x7f2a7c191628
C 342
R
P 0x7f2a7c191628
P 0x7f2a7c19b208
C 209
R
P 0x7f2a7c191628
C 342
R
P 0x7f2a7c191628
P 0x7f2a7c487d68
C 260
R
P 0x7f2a7c191628
C 342
R
P 0x7f2a7c191628
P 0x7f2a7c487d68
C 259
R
P 0x7f2a7c191628
C 342
R
P 0x7f2a7c191628
P 0x7f2a7c487d68
C 258
R
P 0x7f2a7c191628
C 342
R
P 0x7f2a7c191628
P 0x7f2a7c487d68
C 9
R
P 0x7f2a7c191628
C 342
R
P 0x7f2a7c191628
U 2
P 0x7f2a7c19bb88
P 0x7f2a7c487d68
p 2
C 65
= 0x7f2a7c487da0
R
P 0x7f2a7c191628
C 342
R
P 0x7f2a7c191628
P 0x7f2a7c487da0
C 257
R
P 0x7f2a7c191628
C 342
R
P 0x7f2a7c191628
P 0x7f2a7c487da0
C 254
= 0x7f2a7c19b1e8
R
P 0x7f2a7c191628
C 342
R
P 0x7f2a7c191628
P 0x7f2a7c19b1e8
C 209
R
P 0x7f2a7c191628
C 342
R
P 0x7f2a7c191628
P 0x7f2a7c487da0
C 260
R
P 0x7f2a7c191628
C 342
R
P 0x7f2a7c191628
P 0x7f2a7c487da0
C 259
R
P 0x7f2a7c191628
C 342
R
P 0x7f2a7c191628
P 0x7f2a7c487da0
C 258
R
P 0x7f2a7c191628
C 342
R
P 0x7f2a7c191628
P 0x7f2a7c487da0
C 9
R
P 0x7f2a7c191628
C 342
R
P 0x7f2a7c191628
P 0x7f2a7c1a1890
P 0x7f2a7c487da0
P 0x7f2a7c19bb88
C 59
= 0x7f2a7c19fa88
R
P 0x7f2a7c191628
C 342
R
P 0x7f2a7c191628
P 0x7f2a7c19fa88
C 257
R
P 0x7f2a7c191628
C 342
R
P 0x7f2a7c191628
P 0x7f2a7c19fa88
C 254
= 0x7f2a7c19b1e8
R
P 0x7f2a7c191628
C 342
R
P 0x7f2a7c191628
P 0x7f2a7c19b1e8
C 209
R
P 0x7f2a7c191628
C 342
R
P 0x7f2a7c191628
P 0x7f2a7c19fa88
C 260
R
P 0x7f2a7c191628
C 342
R
P 0x7f2a7c191628
P 0x7f2a7c19fa88
C 259
R
P 0x7f2a7c191628
C 342
R
P 0x7f2a7c191628
P 0x7f2a7c19fa88
C 258
R
P 0x7f2a7c191628
C 342
R
P 0x7f2a7c191628
P 0x7f2a7c19fa88
C 9
R
P 0x7f2a7c191628
C 342
R
P 0x7f2a7c191628
U 2
P 0x7f2a7c19fa88
P 0x7f2a7c19bbe8
p 2
C 65
= 0x7f2a7c48c108
R
P 0x7f2a7c191628
C 342
R
P 0x7f2a7c191628
P 0x7f2a7c48c108
C 257
R
P 0x7f2a7c191628
C 342
R
P 0x7f2a7c191628
P 0x7f2a7c48c108
C 254
= 0x7f2a7c19b1e8
R
P 0x7f2a7c191628
C 342
R
P 0x7f2a7c191628
P 0x7f2a7c19b1e8
C 209
R
P 0x7f2a7c191628
C 342
R
P 0x7f2a7c191628
P 0x7f2a7c48c108
C 260
R
P 0x7f2a7c191628
C 342
R
P 0x7f2a7c191628
P 0x7f2a7c48c108
C 259
R
P 0x7f2a7c191628
C 342
R
P 0x7f2a7c191628
P 0x7f2a7c48c108
C 258
R
P 0x7f2a7c191628
C 342
R
P 0x7f2a7c191628
P 0x7f2a7c48c108
C 9
R
P 0x7f2a7c191628
C 342
R
P 0x7f2a7c191628
P 0x7f2a7c487080
P 0x7f2a7c48c108
C 74
= 0x7f2a7c48c140
R
P 0x7f2a7c191628
C 342
R
P 0x7f2a7c191628
P 0x7f2a7c48c140
C 258
R
P 0x7f2a7c191628
C 342
R
P 0x7f2a7c191628
P 0x7f2a7c48c140
C 9
R
P 0x7f2a7c191628
C 342
R
P 0x7f2a7c191628
U 2
P 0x7f2a7c48c0d0
P 0x7f2a7c48c140
p 2
C 63
= 0x7f2a7c48c178
R
P 0x7f2a7c191628
C 342
R
P 0x7f2a7c191628
P 0x7f2a7c48c178
C 258
R
P 0x7f2a7c191628
C 342
R
P 0x7f2a7c191628
P 0x7f2a7c48c178
C 9
R
P 0x7f2a7c191628
C 342
R
P 0x7f2a7c191628
I 0
P 0x7f2a7c19b208
C 150
= 0x7f2a7c19bd08
R
P 0x7f2a7c191628
C 342
R
P 0x7f2a7c191628
P 0x7f2a7c19bd08
C 258
R
P 0x7f2a7c191628
C 342
R
P 0x7f2a7c191628
P 0x7f2a7c19bd08
C 9
R
P 0x7f2a7c191628
C 342
R
P 0x7f2a7c191628
P 0x7f2a7c19bd08
C 263
R
P 0x7f2a7c191628
C 342
R
P 0x7f2a7c191628
S "dev0T30"
C 30
R
P 0x7f2a7c191628
C 342
R
P 0x7f2a7c191628
$ |dev0T30|
C 202
R
P 0x7f2a7c191628
C 342
R
P 0x7f2a7c191628
$ |dev0T30|
P 0x7f2a7c19b1e8
C 51
= 0x7f2a7c19c208
R
P 0x7f2a7c191628
C 342
R
P 0x7f2a7c191628
P 0x7f2a7c19c208
C 257
R
P 0x7f2a7c191628
C 342
R
P 0x7f2a7c191628
P 0x7f2a7c19c208
C 254
= 0x7f2a7c19b1e8
R
P 0x7f2a7c191628
C 342
R
P 0x7f2a7c191628
P 0x7f2a7c19b1e8
C 209
R
P 0x7f2a7c191628
C 342
R
P 0x7f2a7c191628
P 0x7f2a7c19c208
C 260
R
P 0x7f2a7c191628
C 342
R
P 0x7f2a7c191628
P 0x7f2a7c19c208
C 259
R
P 0x7f2a7c191628
C 342
R
P 0x7f2a7c191628
P 0x7f2a7c19c208
C 258
R
P 0x7f2a7c191628
C 342
R
P 0x7f2a7c191628
P 0x7f2a7c19c208
C 9
R
P 0x7f2a7c191628
C 342
R
P 0x7f2a7c191628
P 0x7f2a7c19bc68
C 333
R
P 0x7f2a7c191628
C 342
R
P 0x7f2a7c191628
S "slotflowPriorityStart"
C 30
R
P 0x7f2a7c191628
C 342
R
P 0x7f2a7c191628
$ |slotflowPriorityStart|
C 202
R
P 0x7f2a7c191628
C 342
R
P 0x7f2a7c191628
$ |slotflowPriorityStart|
P 0x7f2a7c19b1e8
C 51
= 0x7f2a7c19c2a8
R
P 0x7f2a7c191628
C 342
R
P 0x7f2a7c191628
P 0x7f2a7c19c2a8
C 257
R
P 0x7f2a7c191628
C 342
R
P 0x7f2a7c191628
P 0x7f2a7c19c2a8
C 254
= 0x7f2a7c19b1e8
R
P 0x7f2a7c191628
C 342
R
P 0x7f2a7c191628
P 0x7f2a7c19b1e8
C 209
R
P 0x7f2a7c191628
C 342
R
P 0x7f2a7c191628
P 0x7f2a7c19c2a8
C 260
R
P 0x7f2a7c191628
C 342
R
P 0x7f2a7c191628
P 0x7f2a7c19c2a8
C 259
R
P 0x7f2a7c191628
C 342
R
P 0x7f2a7c191628
P 0x7f2a7c19c2a8
C 258
R
P 0x7f2a7c191628
C 342
R
P 0x7f2a7c191628
P 0x7f2a7c19c2a8
C 9
R
P 0x7f2a7c191628
C 342
R
P 0x7f2a7c191628
P 0x7f2a7c19bc68
C 333
R
P 0x7f2a7c191628
C 342
R
P 0x7f2a7c191628
S "slotflowPriorityDuration"
C 30
R
P 0x7f2a7c191628
C 342
R
P 0x7f2a7c191628
$ |slotflowPriorityDuration|
C 202
R
P 0x7f2a7c191628
C 342
R
P 0x7f2a7c191628
$ |slotflowPriorityDuration|
P 0x7f2a7c19b1e8
C 51
= 0x7f2a7c19c268
R
P 0x7f2a7c191628
C 342
R
P 0x7f2a7c191628
P 0x7f2a7c19c268
C 257
R
P 0x7f2a7c191628
C 342
R
P 0x7f2a7c191628
P 0x7f2a7c19c268
C 254
= 0x7f2a7c19b1e8
R
P 0x7f2a7c191628
C 342
R
P 0x7f2a7c191628
P 0x7f2a7c19b1e8
C 209
R
P 0x7f2a7c191628
C 342
R
P 0x7f2a7c191628
P 0x7f2a7c19c268
C 260
R
P 0x7f2a7c191628
C 342
R
P 0x7f2a7c191628
P 0x7f2a7c19c268
C 259
R
P 0x7f2a7c191628
C 342
R
P 0x7f2a7c191628
P 0x7f2a7c19c268
C 258
R
P 0x7f2a7c191628
C 342
R
P 0x7f2a7c191628
P 0x7f2a7c19c268
C 9
R
P 0x7f2a7c191628
C 342
R
P 0x7f2a7c191628
U 2
P 0x7f2a7c19c2a8
P 0x7f2a7c19c268
p 2
C 65
= 0x7f2a7c487908
R
P 0x7f2a7c191628
C 342
R
P 0x7f2a7c191628
P 0x7f2a7c487908
C 257
R
P 0x7f2a7c191628
C 342
R
P 0x7f2a7c191628
P 0x7f2a7c487908
C 254
= 0x7f2a7c19b1e8
R
P 0x7f2a7c191628
C 342
R
P 0x7f2a7c191628
P 0x7f2a7c19b1e8
C 209
R
P 0x7f2a7c191628
C 342
R
P 0x7f2a7c191628
P 0x7f2a7c487908
C 260
R
P 0x7f2a7c191628
C 342
R
P 0x7f2a7c191628
P 0x7f2a7c487908
C 259
R
P 0x7f2a7c191628
C 342
R
P 0x7f2a7c191628
P 0x7f2a7c487908
C 258
R
P 0x7f2a7c191628
C 342
R
P 0x7f2a7c191628
P 0x7f2a7c487908
C 9
R
P 0x7f2a7c191628
C 342
R
P 0x7f2a7c191628
I 3
P 0x7f2a7c19b208
C 150
= 0x7f2a7c19bfc8
R
P 0x7f2a7c191628
C 342
R
P 0x7f2a7c191628
P 0x7f2a7c19bfc8
C 258
R
P 0x7f2a7c191628
C 342
R
P 0x7f2a7c191628
P 0x7f2a7c19bfc8
C 9
R
P 0x7f2a7c191628
C 342
R
P 0x7f2a7c191628
I 1
P 0x7f2a7c19b208
C 150
= 0x7f2a7c19bc88
R
P 0x7f2a7c191628
C 342
R
P 0x7f2a7c191628
P 0x7f2a7c19bc88
C 258
R
P 0x7f2a7c191628
C 342
R
P 0x7f2a7c191628
P 0x7f2a7c19bc88
C 9
R
P 0x7f2a7c191628
C 342
R
P 0x7f2a7c191628
P 0x7f2a7c19bfc8
P 0x7f2a7c19bc88
C 75
= 0x7f2a7c487208
R
P 0x7f2a7c191628
C 342
R
P 0x7f2a7c191628
P 0x7f2a7c487208
C 258
R
P 0x7f2a7c191628
C 342
R
P 0x7f2a7c191628
P 0x7f2a7c487208
C 9
R
P 0x7f2a7c191628
C 342
R
P 0x7f2a7c191628
I 1
P 0x7f2a7c19b208
C 150
= 0x7f2a7c19bc88
R
P 0x7f2a7c191628
C 342
R
P 0x7f2a7c191628
P 0x7f2a7c19bc88
C 258
R
P 0x7f2a7c191628
C 342
R
P 0x7f2a7c191628
P 0x7f2a7c19bc88
C 9
R
P 0x7f2a7c191628
C 342
R
P 0x7f2a7c191628
U 2
P 0x7f2a7c19bfc8
P 0x7f2a7c19bc88
p 2
C 67
= 0x7f2a7c487240
R
P 0x7f2a7c191628
C 342
R
P 0x7f2a7c191628
P 0x7f2a7c487240
C 257
R
P 0x7f2a7c191628
C 342
R
P 0x7f2a7c191628
P 0x7f2a7c487240
C 254
= 0x7f2a7c19b208
R
P 0x7f2a7c191628
C 342
R
P 0x7f2a7c191628
P 0x7f2a7c19b208
C 209
R
P 0x7f2a7c191628
C 342
R
P 0x7f2a7c191628
P 0x7f2a7c487240
C 260
R
P 0x7f2a7c191628
C 342
R
P 0x7f2a7c191628
P 0x7f2a7c487240
C 259
R
P 0x7f2a7c191628
C 342
R
P 0x7f2a7c191628
P 0x7f2a7c487240
C 258
R
P 0x7f2a7c191628
C 342
R
P 0x7f2a7c191628
P 0x7f2a7c487240
C 9
R
P 0x7f2a7c191628
C 342
R
P 0x7f2a7c191628
U 2
P 0x7f2a7c19bbe8
P 0x7f2a7c487240
p 2
C 66
= 0x7f2a7c487f60
R
P 0x7f2a7c191628
C 342
R
P 0x7f2a7c191628
P 0x7f2a7c487f60
C 257
R
P 0x7f2a7c191628
C 342
R
P 0x7f2a7c191628
P 0x7f2a7c487f60
C 254
= 0x7f2a7c19b208
R
P 0x7f2a7c191628
C 342
R
P 0x7f2a7c191628
P 0x7f2a7c19b208
C 209
R
P 0x7f2a7c191628
C 342
R
P 0x7f2a7c191628
P 0x7f2a7c487f60
C 260
R
P 0x7f2a7c191628
C 342
R
P 0x7f2a7c191628
P 0x7f2a7c487f60
C 259
R
P 0x7f2a7c191628
C 342
R
P 0x7f2a7c191628
P 0x7f2a7c487f60
C 258
R
P 0x7f2a7c191628
C 342
R
P 0x7f2a7c191628
P 0x7f2a7c487f60
C 9
R
P 0x7f2a7c191628
C 342
R
P 0x7f2a7c191628
U 2
P 0x7f2a7c19bb88
P 0x7f2a7c487f60
p 2
C 65
= 0x7f2a7c487f98
R
P 0x7f2a7c191628
C 342
R
P 0x7f2a7c191628
P 0x7f2a7c487f98
C 257
R
P 0x7f2a7c191628
C 342
R
P 0x7f2a7c191628
P 0x7f2a7c487f98
C 254
= 0x7f2a7c19b1e8
R
P 0x7f2a7c191628
C 342
R
P 0x7f2a7c191628
P 0x7f2a7c19b1e8
C 209
R
P 0x7f2a7c191628
C 342
R
P 0x7f2a7c191628
P 0x7f2a7c487f98
C 260
R
P 0x7f2a7c191628
C 342
R
P 0x7f2a7c191628
P 0x7f2a7c487f98
C 259
R
P 0x7f2a7c191628
C 342
R
P 0x7f2a7c191628
P 0x7f2a7c487f98
C 258
R
P 0x7f2a7c191628
C 342
R
P 0x7f2a7c191628
P 0x7f2a7c487f98
C 9
R
P 0x7f2a7c191628
C 342
R
P 0x7f2a7c191628
P 0x7f2a7c487208
P 0x7f2a7c487f98
P 0x7f2a7c19bb88
C 59
= 0x7f2a7c19fac8
R
P 0x7f2a7c191628
C 342
R
P 0x7f2a7c191628
P 0x7f2a7c19fac8
C 257
R
P 0x7f2a7c191628
C 342
R
P 0x7f2a7c191628
P 0x7f2a7c19fac8
C 254
= 0x7f2a7c19b1e8
R
P 0x7f2a7c191628
C 342
R
P 0x7f2a7c191628
P 0x7f2a7c19b1e8
C 209
R
P 0x7f2a7c191628
C 342
R
P 0x7f2a7c191628
P 0x7f2a7c19fac8
C 260
R
P 0x7f2a7c191628
C 342
R
P 0x7f2a7c191628
P 0x7f2a7c19fac8
C 259
R
P 0x7f2a7c191628
C 342
R
P 0x7f2a7c191628
P 0x7f2a7c19fac8
C 258
R
P 0x7f2a7c191628
C 342
R
P 0x7f2a7c191628
P 0x7f2a7c19fac8
C 9
R
P 0x7f2a7c191628
C 342
R
P 0x7f2a7c191628
U 2
P 0x7f2a7c487908
P 0x7f2a7c19fac8
p 2
C 65
= 0x7f2a7c487fd0
R
P 0x7f2a7c191628
C 342
R
P 0x7f2a7c191628
P 0x7f2a7c487fd0
C 257
R
P 0x7f2a7c191628
C 342
R
P 0x7f2a7c191628
P 0x7f2a7c487fd0
C 254
= 0x7f2a7c19b1e8
R
P 0x7f2a7c191628
C 342
R
P 0x7f2a7c191628
P 0x7f2a7c19b1e8
C 209
R
P 0x7f2a7c191628
C 342
R
P 0x7f2a7c191628
P 0x7f2a7c487fd0
C 260
R
P 0x7f2a7c191628
C 342
R
P 0x7f2a7c191628
P 0x7f2a7c487fd0
C 259
R
P 0x7f2a7c191628
C 342
R
P 0x7f2a7c191628
P 0x7f2a7c487fd0
C 258
R
P 0x7f2a7c191628
C 342
R
P 0x7f2a7c191628
P 0x7f2a7c487fd0
C 9
R
P 0x7f2a7c191628
C 342
R
P 0x7f2a7c191628
P 0x7f2a7c19c208
P 0x7f2a7c487fd0
C 74
= 0x7f2a7c489c60
R
P 0x7f2a7c191628
C 342
R
P 0x7f2a7c191628
P 0x7f2a7c489c60
C 258
R
P 0x7f2a7c191628
C 342
R
P 0x7f2a7c191628
P 0x7f2a7c489c60
C 9
R
P 0x7f2a7c191628
C 342
R
P 0x7f2a7c191628
I 0
P 0x7f2a7c19b208
C 150
= 0x7f2a7c19bd08
R
P 0x7f2a7c191628
C 342
R
P 0x7f2a7c191628
P 0x7f2a7c19bd08
C 258
R
P 0x7f2a7c191628
C 342
R
P 0x7f2a7c191628
P 0x7f2a7c19bd08
C 9
R
P 0x7f2a7c191628
C 342
R
P 0x7f2a7c191628
P 0x7f2a7c19bd08
C 263
R
P 0x7f2a7c191628
C 342
R
P 0x7f2a7c191628
S "dev0T30"
C 30
R
P 0x7f2a7c191628
C 342
R
P 0x7f2a7c191628
$ |dev0T30|
C 202
R
P 0x7f2a7c191628
C 342
R
P 0x7f2a7c191628
$ |dev0T30|
P 0x7f2a7c19b1e8
C 51
= 0x7f2a7c19c208
R
P 0x7f2a7c191628
C 342
R
P 0x7f2a7c191628
P 0x7f2a7c19c208
C 257
R
P 0x7f2a7c191628
C 342
R
P 0x7f2a7c191628
P 0x7f2a7c19c208
C 254
= 0x7f2a7c19b1e8
R
P 0x7f2a7c191628
C 342
R
P 0x7f2a7c191628
P 0x7f2a7c19b1e8
C 209
R
P 0x7f2a7c191628
C 342
R
P 0x7f2a7c191628
P 0x7f2a7c19c208
C 260
R
P 0x7f2a7c191628
C 342
R
P 0x7f2a7c191628
P 0x7f2a7c19c208
C 259
R
P 0x7f2a7c191628
C 342
R
P 0x7f2a7c191628
P 0x7f2a7c19c208
C 258
R
P 0x7f2a7c191628
C 342
R
P 0x7f2a7c191628
P 0x7f2a7c19c208
C 9
R
P 0x7f2a7c191628
C 342
R
P 0x7f2a7c191628
P 0x7f2a7c19bc68
C 333
R
P 0x7f2a7c191628
C 342
R
P 0x7f2a7c191628
S "slotflowPriorityStart"
C 30
R
P 0x7f2a7c191628
C 342
R
P 0x7f2a7c191628
$ |slotflowPriorityStart|
C 202
R
P 0x7f2a7c191628
C 342
R
P 0x7f2a7c191628
$ |slotflowPriorityStart|
P 0x7f2a7c19b1e8
C 51
= 0x7f2a7c19c2a8
R
P 0x7f2a7c191628
C 342
R
P 0x7f2a7c191628
P 0x7f2a7c19c2a8
C 257
R
P 0x7f2a7c191628
C 342
R
P 0x7f2a7c191628
P 0x7f2a7c19c2a8
C 254
= 0x7f2a7c19b1e8
R
P 0x7f2a7c191628
C 342
R
P 0x7f2a7c191628
P 0x7f2a7c19b1e8
C 209
R
P 0x7f2a7c191628
C 342
R
P 0x7f2a7c191628
P 0x7f2a7c19c2a8
C 260
R
P 0x7f2a7c191628
C 342
R
P 0x7f2a7c191628
P 0x7f2a7c19c2a8
C 259
R
P 0x7f2a7c191628
C 342
R
P 0x7f2a7c191628
P 0x7f2a7c19c2a8
C 258
R
P 0x7f2a7c191628
C 342
R
P 0x7f2a7c191628
P 0x7f2a7c19c2a8
C 9
R
P 0x7f2a7c191628
C 342
R
P 0x7f2a7c191628
I 2
P 0x7f2a7c19b208
C 150
= 0x7f2a7c19bcc8
R
P 0x7f2a7c191628
C 342
R
P 0x7f2a7c191628
P 0x7f2a7c19bcc8
C 258
R
P 0x7f2a7c191628
C 342
R
P 0x7f2a7c191628
P 0x7f2a7c19bcc8
C 9
R
P 0x7f2a7c191628
C 342
R
P 0x7f2a7c191628
I 1
P 0x7f2a7c19b208
C 150
= 0x7f2a7c19bc88
R
P 0x7f2a7c191628
C 342
R
P 0x7f2a7c191628
P 0x7f2a7c19bc88
C 258
R
P 0x7f2a7c191628
C 342
R
P 0x7f2a7c191628
P 0x7f2a7c19bc88
C 9
R
P 0x7f2a7c191628
C 342
R
P 0x7f2a7c191628
P 0x7f2a7c19bcc8
P 0x7f2a7c19bc88
C 75
= 0x7f2a7c1a1890
R
P 0x7f2a7c191628
C 342
R
P 0x7f2a7c191628
P 0x7f2a7c1a1890
C 258
R
P 0x7f2a7c191628
C 342
R
P 0x7f2a7c191628
P 0x7f2a7c1a1890
C 9
R
P 0x7f2a7c191628
C 342
R
P 0x7f2a7c191628
I 1
P 0x7f2a7c19b208
C 150
= 0x7f2a7c19bc88
R
P 0x7f2a7c191628
C 342
R
P 0x7f2a7c191628
P 0x7f2a7c19bc88
C 258
R
P 0x7f2a7c191628
C 342
R
P 0x7f2a7c191628
P 0x7f2a7c19bc88
C 9
R
P 0x7f2a7c191628
C 342
R
P 0x7f2a7c191628
U 2
P 0x7f2a7c19bcc8
P 0x7f2a7c19bc88
p 2
C 67
= 0x7f2a7c1a18c8
R
P 0x7f2a7c191628
C 342
R
P 0x7f2a7c191628
P 0x7f2a7c1a18c8
C 257
R
P 0x7f2a7c191628
C 342
R
P 0x7f2a7c191628
P 0x7f2a7c1a18c8
C 254
= 0x7f2a7c19b208
R
P 0x7f2a7c191628
C 342
R
P 0x7f2a7c191628
P 0x7f2a7c19b208
C 209
R
P 0x7f2a7c191628
C 342
R
P 0x7f2a7c191628
P 0x7f2a7c1a18c8
C 260
R
P 0x7f2a7c191628
C 342
R
P 0x7f2a7c191628
P 0x7f2a7c1a18c8
C 259
R
P 0x7f2a7c191628
C 342
R
P 0x7f2a7c191628
P 0x7f2a7c1a18c8
C 258
R
P 0x7f2a7c191628
C 342
R
P 0x7f2a7c191628
P 0x7f2a7c1a18c8
C 9
R
P 0x7f2a7c191628
C 342
R
P 0x7f2a7c191628
U 2
P 0x7f2a7c19bbe8
P 0x7f2a7c1a18c8
p 2
C 66
= 0x7f2a7c487d68
R
P 0x7f2a7c191628
C 342
R
P 0x7f2a7c191628
P 0x7f2a7c487d68
C 257
R
P 0x7f2a7c191628
C 342
R
P 0x7f2a7c191628
P 0x7f2a7c487d68
C 254
= 0x7f2a7c19b208
R
P 0x7f2a7c191628
C 342
R
P 0x7f2a7c191628
P 0x7f2a7c19b208
C 209
R
P 0x7f2a7c191628
C 342
R
P 0x7f2a7c191628
P 0x7f2a7c487d68
C 260
R
P 0x7f2a7c191628
C 342
R
P 0x7f2a7c191628
P 0x7f2a7c487d68
C 259
R
P 0x7f2a7c191628
C 342
R
P 0x7f2a7c191628
P 0x7f2a7c487d68
C 258
R
P 0x7f2a7c191628
C 342
R
P 0x7f2a7c191628
P 0x7f2a7c487d68
C 9
R
P 0x7f2a7c191628
C 342
R
P 0x7f2a7c191628
U 2
P 0x7f2a7c19bb88
P 0x7f2a7c487d68
p 2
C 65
= 0x7f2a7c487da0
R
P 0x7f2a7c191628
C 342
R
P 0x7f2a7c191628
P 0x7f2a7c487da0
C 257
R
P 0x7f2a7c191628
C 342
R
P 0x7f2a7c191628
P 0x7f2a7c487da0
C 254
= 0x7f2a7c19b1e8
R
P 0x7f2a7c191628
C 342
R
P 0x7f2a7c191628
P 0x7f2a7c19b1e8
C 209
R
P 0x7f2a7c191628
C 342
R
P 0x7f2a7c191628
P 0x7f2a7c487da0
C 260
R
P 0x7f2a7c191628
C 342
R
P 0x7f2a7c191628
P 0x7f2a7c487da0
C 259
R
P 0x7f2a7c191628
C 342
R
P 0x7f2a7c191628
P 0x7f2a7c487da0
C 258
R
P 0x7f2a7c191628
C 342
R
P 0x7f2a7c191628
P 0x7f2a7c487da0
C 9
R
P 0x7f2a7c191628
C 342
R
P 0x7f2a7c191628
P 0x7f2a7c1a1890
P 0x7f2a7c487da0
P 0x7f2a7c19bb88
C 59
= 0x7f2a7c19fa88
R
P 0x7f2a7c191628
C 342
R
P 0x7f2a7c191628
P 0x7f2a7c19fa88
C 257
R
P 0x7f2a7c191628
C 342
R
P 0x7f2a7c191628
P 0x7f2a7c19fa88
C 254
= 0x7f2a7c19b1e8
R
P 0x7f2a7c191628
C 342
R
P 0x7f2a7c191628
P 0x7f2a7c19b1e8
C 209
R
P 0x7f2a7c191628
C 342
R
P 0x7f2a7c191628
P 0x7f2a7c19fa88
C 260
R
P 0x7f2a7c191628
C 342
R
P 0x7f2a7c191628
P 0x7f2a7c19fa88
C 259
R
P 0x7f2a7c191628
C 342
R
P 0x7f2a7c191628
P 0x7f2a7c19fa88
C 258
R
P 0x7f2a7c191628
C 342
R
P 0x7f2a7c191628
P 0x7f2a7c19fa88
C 9
R
P 0x7f2a7c191628
C 342
R
P 0x7f2a7c191628
U 2
P 0x7f2a7c19c2a8
P 0x7f2a7c19fa88
p 2
C 65
= 0x7f2a7c487e80
R
P 0x7f2a7c191628
C 342
R
P 0x7f2a7c191628
P 0x7f2a7c487e80
C 257
R
P 0x7f2a7c191628
C 342
R
P 0x7f2a7c191628
P 0x7f2a7c487e80
C 254
= 0x7f2a7c19b1e8
R
P 0x7f2a7c191628
C 342
R
P 0x7f2a7c191628
P 0x7f2a7c19b1e8
C 209
R
P 0x7f2a7c191628
C 342
R
P 0x7f2a7c191628
P 0x7f2a7c487e80
C 260
R
P 0x7f2a7c191628
C 342
R
P 0x7f2a7c191628
P 0x7f2a7c487e80
C 259
R
P 0x7f2a7c191628
C 342
R
P 0x7f2a7c191628
P 0x7f2a7c487e80
C 258
R
P 0x7f2a7c191628
C 342
R
P 0x7f2a7c191628
P 0x7f2a7c487e80
C 9
R
P 0x7f2a7c191628
C 342
R
P 0x7f2a7c191628
U 2
P 0x7f2a7c487e80
P 0x7f2a7c19bb68
p 2
C 65
= 0x7f2a7c489a30
R
P 0x7f2a7c191628
C 342
R
P 0x7f2a7c191628
P 0x7f2a7c489a30
C 257
R
P 0x7f2a7c191628
C 342
R
P 0x7f2a7c191628
P 0x7f2a7c489a30
C 254
= 0x7f2a7c19b1e8
R
P 0x7f2a7c191628
C 342
R
P 0x7f2a7c191628
P 0x7f2a7c19b1e8
C 209
R
P 0x7f2a7c191628
C 342
R
P 0x7f2a7c191628
P 0x7f2a7c489a30
C 260
R
P 0x7f2a7c191628
C 342
R
P 0x7f2a7c191628
P 0x7f2a7c489a30
C 259
R
P 0x7f2a7c191628
C 342
R
P 0x7f2a7c191628
P 0x7f2a7c489a30
C 258
R
P 0x7f2a7c191628
C 342
R
P 0x7f2a7c191628
P 0x7f2a7c489a30
C 9
R
P 0x7f2a7c191628
C 342
R
P 0x7f2a7c191628
P 0x7f2a7c19c208
P 0x7f2a7c489a30
C 56
= 0x7f2a7c48c1b0
R
P 0x7f2a7c191628
C 342
R
P 0x7f2a7c191628
P 0x7f2a7c48c1b0
C 258
R
P 0x7f2a7c191628
C 342
R
P 0x7f2a7c191628
P 0x7f2a7c48c1b0
C 9
R
P 0x7f2a7c191628
C 342
R
P 0x7f2a7c191628
U 2
P 0x7f2a7c489c60
P 0x7f2a7c48c1b0
p 2
C 63
= 0x7f2a7c48c1e8
R
P 0x7f2a7c191628
C 342
R
P 0x7f2a7c191628
P 0x7f2a7c48c1e8
C 258
R
P 0x7f2a7c191628
C 342
R
P 0x7f2a7c191628
P 0x7f2a7c48c1e8
C 9
R
P 0x7f2a7c191628
C 342
R
P 0x7f2a7c191628
P 0x7f2a7c48c178
P 0x7f2a7c48c1e8
C 61
= 0x7f2a7c48c220
R
P 0x7f2a7c191628
C 342
R
P 0x7f2a7c191628
P 0x7f2a7c48c220
C 258
R
P 0x7f2a7c191628
C 342
R
P 0x7f2a7c191628
P 0x7f2a7c48c220
C 9
R
P 0x7f2a7c191628
C 342
R
P 0x7f2a7c191628
P 0x7f2a7c1e1fc8
P 0x7f2a7c48c220
C 427
R
P 0x7f2a7c191628
C 342
R
P 0x7f2a7c191628
I 0
P 0x7f2a7c19b208
C 150
= 0x7f2a7c19bd08
R
P 0x7f2a7c191628
C 342
R
P 0x7f2a7c191628
P 0x7f2a7c19bd08
C 258
R
P 0x7f2a7c191628
C 342
R
P 0x7f2a7c191628
P 0x7f2a7c19bd08
C 9
R
P 0x7f2a7c191628
C 342
R
P 0x7f2a7c191628
I 1
P 0x7f2a7c19b208
C 150
= 0x7f2a7c19bc88
R
P 0x7f2a7c191628
C 342
R
P 0x7f2a7c191628
P 0x7f2a7c19bc88
C 258
R
P 0x7f2a7c191628
C 342
R
P 0x7f2a7c191628
P 0x7f2a7c19bc88
C 9
R
P 0x7f2a7c191628
C 342
R
P 0x7f2a7c191628
P 0x7f2a7c19bd08
P 0x7f2a7c19bc88
C 75
= 0x7f2a7c486fa0
R
P 0x7f2a7c191628
C 342
R
P 0x7f2a7c191628
P 0x7f2a7c486fa0
C 258
R
P 0x7f2a7c191628
C 342
R
P 0x7f2a7c191628
P 0x7f2a7c486fa0
C 9
R
P 0x7f2a7c191628
C 342
R
P 0x7f2a7c191628
I 1
P 0x7f2a7c19b208
C 150
= 0x7f2a7c19bc88
R
P 0x7f2a7c191628
C 342
R
P 0x7f2a7c191628
P 0x7f2a7c19bc88
C 258
R
P 0x7f2a7c191628
C 342
R
P 0x7f2a7c191628
P 0x7f2a7c19bc88
C 9
R
P 0x7f2a7c191628
C 342
R
P 0x7f2a7c191628
U 2
P 0x7f2a7c19bd08
P 0x7f2a7c19bc88
p 2
C 67
= 0x7f2a7c486fd8
R
P 0x7f2a7c191628
C 342
R
P 0x7f2a7c191628
P 0x7f2a7c486fd8
C 257
R
P 0x7f2a7c191628
C 342
R
P 0x7f2a7c191628
P 0x7f2a7c486fd8
C 254
= 0x7f2a7c19b208
R
P 0x7f2a7c191628
C 342
R
P 0x7f2a7c191628
P 0x7f2a7c19b208
C 209
R
P 0x7f2a7c191628
C 342
R
P 0x7f2a7c191628
P 0x7f2a7c486fd8
C 260
R
P 0x7f2a7c191628
C 342
R
P 0x7f2a7c191628
P 0x7f2a7c486fd8
C 259
R
P 0x7f2a7c191628
C 342
R
P 0x7f2a7c191628
P 0x7f2a7c486fd8
C 258
R
P 0x7f2a7c191628
C 342
R
P 0x7f2a7c191628
P 0x7f2a7c486fd8
C 9
R
P 0x7f2a7c191628
C 342
R
P 0x7f2a7c191628
U 2
P 0x7f2a7c19bba8
P 0x7f2a7c486fd8
p 2
C 66
= 0x7f2a7c487010
R
P 0x7f2a7c191628
C 342
R
P 0x7f2a7c191628
P 0x7f2a7c487010
C 257
R
P 0x7f2a7c191628
C 342
R
P 0x7f2a7c191628
P 0x7f2a7c487010
C 254
= 0x7f2a7c19b1e8
R
P 0x7f2a7c191628
C 342
R
P 0x7f2a7c191628
P 0x7f2a7c19b1e8
C 209
R
P 0x7f2a7c191628
C 342
R
P 0x7f2a7c191628
P 0x7f2a7c487010
C 260
R
P 0x7f2a7c191628
C 342
R
P 0x7f2a7c191628
P 0x7f2a7c487010
C 259
R
P 0x7f2a7c191628
C 342
R
P 0x7f2a7c191628
P 0x7f2a7c487010
C 258
R
P 0x7f2a7c191628
C 342
R
P 0x7f2a7c191628
P 0x7f2a7c487010
C 9
R
P 0x7f2a7c191628
C 342
R
P 0x7f2a7c191628
U 2
P 0x7f2a7c19bc28
P 0x7f2a7c487010
p 2
C 65
= 0x7f2a7c487048
R
P 0x7f2a7c191628
C 342
R
P 0x7f2a7c191628
P 0x7f2a7c487048
C 257
R
P 0x7f2a7c191628
C 342
R
P 0x7f2a7c191628
P 0x7f2a7c487048
C 254
= 0x7f2a7c19b1e8
R
P 0x7f2a7c191628
C 342
R
P 0x7f2a7c191628
P 0x7f2a7c19b1e8
C 209
R
P 0x7f2a7c191628
C 342
R
P 0x7f2a7c191628
P 0x7f2a7c487048
C 260
R
P 0x7f2a7c191628
C 342
R
P 0x7f2a7c191628
P 0x7f2a7c487048
C 259
R
P 0x7f2a7c191628
C 342
R
P 0x7f2a7c191628
P 0x7f2a7c487048
C 258
R
P 0x7f2a7c191628
C 342
R
P 0x7f2a7c191628
P 0x7f2a7c487048
C 9
R
P 0x7f2a7c191628
C 342
R
P 0x7f2a7c191628
P 0x7f2a7c486fa0
P 0x7f2a7c487048
P 0x7f2a7c19bc28
C 59
= 0x7f2a7c19f948
R
P 0x7f2a7c191628
C 342
R
P 0x7f2a7c191628
P 0x7f2a7c19f948
C 257
R
P 0x7f2a7c191628
C 342
R
P 0x7f2a7c191628
P 0x7f2a7c19f948
C 254
= 0x7f2a7c19b1e8
R
P 0x7f2a7c191628
C 342
R
P 0x7f2a7c191628
P 0x7f2a7c19b1e8
C 209
R
P 0x7f2a7c191628
C 342
R
P 0x7f2a7c191628
P 0x7f2a7c19f948
C 260
R
P 0x7f2a7c191628
C 342
R
P 0x7f2a7c191628
P 0x7f2a7c19f948
C 259
R
P 0x7f2a7c191628
C 342
R
P 0x7f2a7c191628
P 0x7f2a7c19f948
C 258
R
P 0x7f2a7c191628
C 342
R
P 0x7f2a7c191628
P 0x7f2a7c19f948
C 9
R
P 0x7f2a7c191628
C 342
R
P 0x7f2a7c191628
U 2
P 0x7f2a7c19f948
P 0x7f2a7c19bb48
p 2
C 65
= 0x7f2a7c487080
R
P 0x7f2a7c191628
C 342
R
P 0x7f2a7c191628
P 0x7f2a7c487080
C 257
R
P 0x7f2a7c191628
C 342
R
P 0x7f2a7c191628
P 0x7f2a7c487080
C 254
= 0x7f2a7c19b1e8
R
P 0x7f2a7c191628
C 342
R
P 0x7f2a7c191628
P 0x7f2a7c19b1e8
C 209
R
P 0x7f2a7c191628
C 342
R
P 0x7f2a7c191628
P 0x7f2a7c487080
C 260
R
P 0x7f2a7c191628
C 342
R
P 0x7f2a7c191628
P 0x7f2a7c487080
C 259
R
P 0x7f2a7c191628
C 342
R
P 0x7f2a7c191628
P 0x7f2a7c487080
C 258
R
P 0x7f2a7c191628
C 342
R
P 0x7f2a7c191628
P 0x7f2a7c487080
C 9
R
P 0x7f2a7c191628
C 342
R
P 0x7f2a7c191628
P 0x7f2a7c19bc68
C 333
R
P 0x7f2a7c191628
C 342
R
P 0x7f2a7c191628
S "slotflowPriorityStart"
C 30
R
P 0x7f2a7c191628
C 342
R
P 0x7f2a7c191628
$ |slotflowPriorityStart|
C 202
R
P 0x7f2a7c191628
C 342
R
P 0x7f2a7c191628
$ |slotflowPriorityStart|
P 0x7f2a7c19b1e8
C 51
= 0x7f2a7c19c2a8
R
P 0x7f2a7c191628
C 342
R
P 0x7f2a7c191628
P 0x7f2a7c19c2a8
C 257
R
P 0x7f2a7c191628
C 342
R
P 0x7f2a7c191628
P 0x7f2a7c19c2a8
C 254
= 0x7f2a7c19b1e8
R
P 0x7f2a7c191628
C 342
R
P 0x7f2a7c191628
P 0x7f2a7c19b1e8
C 209
R
P 0x7f2a7c191628
C 342
R
P 0x7f2a7c191628
P 0x7f2a7c19c2a8
C 260
R
P 0x7f2a7c191628
C 342
R
P 0x7f2a7c191628
P 0x7f2a7c19c2a8
C 259
R
P 0x7f2a7c191628
C 342
R
P 0x7f2a7c191628
P 0x7f2a7c19c2a8
C 258
R
P 0x7f2a7c191628
C 342
R
P 0x7f2a7c191628
P 0x7f2a7c19c2a8
C 9
R
P 0x7f2a7c191628
C 342
R
P 0x7f2a7c191628
P 0x7f2a7c19bc68
C 333
R
P 0x7f2a7c191628
C 342
R
P 0x7f2a7c191628
S "slotflowPriorityDuration"
C 30
R
P 0x7f2a7c191628
C 342
R
P 0x7f2a7c191628
$ |slotflowPriorityDuration|
C 202
R
P 0x7f2a7c191628
C 342
R
P 0x7f2a7c191628
$ |slotflowPriorityDuration|
P 0x7f2a7c19b1e8
C 51
= 0x7f2a7c19c268
R
P 0x7f2a7c191628
C 342
R
P 0x7f2a7c191628
P 0x7f2a7c19c268
C 257
R
P 0x7f2a7c191628
C 342
R
P 0x7f2a7c191628
P 0x7f2a7c19c268
C 254
= 0x7f2a7c19b1e8
R
P 0x7f2a7c191628
C 342
R
P 0x7f2a7c191628
P 0x7f2a7c19b1e8
C 209
R
P 0x7f2a7c191628
C 342
R
P 0x7f2a7c191628
P 0x7f2a7c19c268
C 260
R
P 0x7f2a7c191628
C 342
R
P 0x7f2a7c191628
P 0x7f2a7c19c268
C 259
R
P 0x7f2a7c191628
C 342
R
P 0x7f2a7c191628
P 0x7f2a7c19c268
C 258
R
P 0x7f2a7c191628
C 342
R
P 0x7f2a7c191628
P 0x7f2a7c19c268
C 9
R
P 0x7f2a7c191628
C 342
R
P 0x7f2a7c191628
U 2
P 0x7f2a7c19c2a8
P 0x7f2a7c19c268
p 2
C 65
= 0x7f2a7c487908
R
P 0x7f2a7c191628
C 342
R
P 0x7f2a7c191628
P 0x7f2a7c487908
C 257
R
P 0x7f2a7c191628
C 342
R
P 0x7f2a7c191628
P 0x7f2a7c487908
C 254
= 0x7f2a7c19b1e8
R
P 0x7f2a7c191628
C 342
R
P 0x7f2a7c191628
P 0x7f2a7c19b1e8
C 209
R
P 0x7f2a7c191628
C 342
R
P 0x7f2a7c191628
P 0x7f2a7c487908
C 260
R
P 0x7f2a7c191628
C 342
R
P 0x7f2a7c191628
P 0x7f2a7c487908
C 259
R
P 0x7f2a7c191628
C 342
R
P 0x7f2a7c191628
P 0x7f2a7c487908
C 258
R
P 0x7f2a7c191628
C 342
R
P 0x7f2a7c191628
P 0x7f2a7c487908
C 9
R
P 0x7f2a7c191628
C 342
R
P 0x7f2a7c191628
I 3
P 0x7f2a7c19b208
C 150
= 0x7f2a7c19bfc8
R
P 0x7f2a7c191628
C 342
R
P 0x7f2a7c191628
P 0x7f2a7c19bfc8
C 258
R
P 0x7f2a7c191628
C 342
R
P 0x7f2a7c191628
P 0x7f2a7c19bfc8
C 9
R
P 0x7f2a7c191628
C 342
R
P 0x7f2a7c191628
I 1
P 0x7f2a7c19b208
C 150
= 0x7f2a7c19bc88
R
P 0x7f2a7c191628
C 342
R
P 0x7f2a7c191628
P 0x7f2a7c19bc88
C 258
R
P 0x7f2a7c191628
C 342
R
P 0x7f2a7c191628
P 0x7f2a7c19bc88
C 9
R
P 0x7f2a7c191628
C 342
R
P 0x7f2a7c191628
P 0x7f2a7c19bfc8
P 0x7f2a7c19bc88
C 75
= 0x7f2a7c487208
R
P 0x7f2a7c191628
C 342
R
P 0x7f2a7c191628
P 0x7f2a7c487208
C 258
R
P 0x7f2a7c191628
C 342
R
P 0x7f2a7c191628
P 0x7f2a7c487208
C 9
R
P 0x7f2a7c191628
C 342
R
P 0x7f2a7c191628
I 1
P 0x7f2a7c19b208
C 150
= 0x7f2a7c19bc88
R
P 0x7f2a7c191628
C 342
R
P 0x7f2a7c191628
P 0x7f2a7c19bc88
C 258
R
P 0x7f2a7c191628
C 342
R
P 0x7f2a7c191628
P 0x7f2a7c19bc88
C 9
R
P 0x7f2a7c191628
C 342
R
P 0x7f2a7c191628
U 2
P 0x7f2a7c19bfc8
P 0x7f2a7c19bc88
p 2
C 67
= 0x7f2a7c487240
R
P 0x7f2a7c191628
C 342
R
P 0x7f2a7c191628
P 0x7f2a7c487240
C 257
R
P 0x7f2a7c191628
C 342
R
P 0x7f2a7c191628
P 0x7f2a7c487240
C 254
= 0x7f2a7c19b208
R
P 0x7f2a7c191628
C 342
R
P 0x7f2a7c191628
P 0x7f2a7c19b208
C 209
R
P 0x7f2a7c191628
C 342
R
P 0x7f2a7c191628
P 0x7f2a7c487240
C 260
R
P 0x7f2a7c191628
C 342
R
P 0x7f2a7c191628
P 0x7f2a7c487240
C 259
R
P 0x7f2a7c191628
C 342
R
P 0x7f2a7c191628
P 0x7f2a7c487240
C 258
R
P 0x7f2a7c191628
C 342
R
P 0x7f2a7c191628
P 0x7f2a7c487240
C 9
R
P 0x7f2a7c191628
C 342
R
P 0x7f2a7c191628
U 2
P 0x7f2a7c19bbe8
P 0x7f2a7c487240
p 2
C 66
= 0x7f2a7c487f60
R
P 0x7f2a7c191628
C 342
R
P 0x7f2a7c191628
P 0x7f2a7c487f60
C 257
R
P 0x7f2a7c191628
C 342
R
P 0x7f2a7c191628
P 0x7f2a7c487f60
C 254
= 0x7f2a7c19b208
R
P 0x7f2a7c191628
C 342
R
P 0x7f2a7c191628
P 0x7f2a7c19b208
C 209
R
P 0x7f2a7c191628
C 342
R
P 0x7f2a7c191628
P 0x7f2a7c487f60
C 260
R
P 0x7f2a7c191628
C 342
R
P 0x7f2a7c191628
P 0x7f2a7c487f60
C 259
R
P 0x7f2a7c191628
C 342
R
P 0x7f2a7c191628
P 0x7f2a7c487f60
C 258
R
P 0x7f2a7c191628
C 342
R
P 0x7f2a7c191628
P 0x7f2a7c487f60
C 9
R
P 0x7f2a7c191628
C 342
R
P 0x7f2a7c191628
U 2
P 0x7f2a7c19bb88
P 0x7f2a7c487f60
p 2
C 65
= 0x7f2a7c487f98
R
P 0x7f2a7c191628
C 342
R
P 0x7f2a7c191628
P 0x7f2a7c487f98
C 257
R
P 0x7f2a7c191628
C 342
R
P 0x7f2a7c191628
P 0x7f2a7c487f98
C 254
= 0x7f2a7c19b1e8
R
P 0x7f2a7c191628
C 342
R
P 0x7f2a7c191628
P 0x7f2a7c19b1e8
C 209
R
P 0x7f2a7c191628
C 342
R
P 0x7f2a7c191628
P 0x7f2a7c487f98
C 260
R
P 0x7f2a7c191628
C 342
R
P 0x7f2a7c191628
P 0x7f2a7c487f98
C 259
R
P 0x7f2a7c191628
C 342
R
P 0x7f2a7c191628
P 0x7f2a7c487f98
C 258
R
P 0x7f2a7c191628
C 342
R
P 0x7f2a7c191628
P 0x7f2a7c487f98
C 9
R
P 0x7f2a7c191628
C 342
R
P 0x7f2a7c191628
P 0x7f2a7c487208
P 0x7f2a7c487f98
P 0x7f2a7c19bb88
C 59
= 0x7f2a7c19fac8
R
P 0x7f2a7c191628
C 342
R
P 0x7f2a7c191628
P 0x7f2a7c19fac8
C 257
R
P 0x7f2a7c191628
C 342
R
P 0x7f2a7c191628
P 0x7f2a7c19fac8
C 254
= 0x7f2a7c19b1e8
R
P 0x7f2a7c191628
C 342
R
P 0x7f2a7c191628
P 0x7f2a7c19b1e8
C 209
R
P 0x7f2a7c191628
C 342
R
P 0x7f2a7c191628
P 0x7f2a7c19fac8
C 260
R
P 0x7f2a7c191628
C 342
R
P 0x7f2a7c191628
P 0x7f2a7c19fac8
C 259
R
P 0x7f2a7c191628
C 342
R
P 0x7f2a7c191628
P 0x7f2a7c19fac8
C 258
R
P 0x7f2a7c191628
C 342
R
P 0x7f2a7c191628
P 0x7f2a7c19fac8
C 9
R
P 0x7f2a7c191628
C 342
R
P 0x7f2a7c191628
U 2
P 0x7f2a7c487908
P 0x7f2a7c19fac8
p 2
C 65
= 0x7f2a7c487fd0
R
P 0x7f2a7c191628
C 342
R
P 0x7f2a7c191628
P 0x7f2a7c487fd0
C 257
R
P 0x7f2a7c191628
C 342
R
P 0x7f2a7c191628
P 0x7f2a7c487fd0
C 254
= 0x7f2a7c19b1e8
R
P 0x7f2a7c191628
C 342
R
P 0x7f2a7c191628
P 0x7f2a7c19b1e8
C 209
R
P 0x7f2a7c191628
C 342
R
P 0x7f2a7c191628
P 0x7f2a7c487fd0
C 260
R
P 0x7f2a7c191628
C 342
R
P 0x7f2a7c191628
P 0x7f2a7c487fd0
C 259
R
P 0x7f2a7c191628
C 342
R
P 0x7f2a7c191628
P 0x7f2a7c487fd0
C 258
R
P 0x7f2a7c191628
C 342
R
P 0x7f2a7c191628
P 0x7f2a7c487fd0
C 9
R
P 0x7f2a7c191628
C 342
R
P 0x7f2a7c191628
U 2
P 0x7f2a7c487fd0
P 0x7f2a7c19bb68
p 2
C 67
= 0x7f2a7c488008
R
P 0x7f2a7c191628
C 342
R
P 0x7f2a7c191628
P 0x7f2a7c488008
C 257
R
P 0x7f2a7c191628
C 342
R
P 0x7f2a7c191628
P 0x7f2a7c488008
C 254
= 0x7f2a7c19b1e8
R
P 0x7f2a7c191628
C 342
R
P 0x7f2a7c191628
P 0x7f2a7c19b1e8
C 209
R
P 0x7f2a7c191628
C 342
R
P 0x7f2a7c191628
P 0x7f2a7c488008
C 260
R
P 0x7f2a7c191628
C 342
R
P 0x7f2a7c191628
P 0x7f2a7c488008
C 259
R
P 0x7f2a7c191628
C 342
R
P 0x7f2a7c191628
P 0x7f2a7c488008
C 258
R
P 0x7f2a7c191628
C 342
R
P 0x7f2a7c191628
P 0x7f2a7c488008
C 9
R
P 0x7f2a7c191628
C 342
R
P 0x7f2a7c191628
P 0x7f2a7c487080
P 0x7f2a7c488008
C 75
= 0x7f2a7c48c258
R
P 0x7f2a7c191628
C 342
R
P 0x7f2a7c191628
P 0x7f2a7c48c258
C 258
R
P 0x7f2a7c191628
C 342
R
P 0x7f2a7c191628
P 0x7f2a7c48c258
C 9
R
P 0x7f2a7c191628
C 342
R
P 0x7f2a7c191628
I 0
P 0x7f2a7c19b208
C 150
= 0x7f2a7c19bd08
R
P 0x7f2a7c191628
C 342
R
P 0x7f2a7c191628
P 0x7f2a7c19bd08
C 258
R
P 0x7f2a7c191628
C 342
R
P 0x7f2a7c191628
P 0x7f2a7c19bd08
C 9
R
P 0x7f2a7c191628
C 342
R
P 0x7f2a7c191628
I 1
P 0x7f2a7c19b208
C 150
= 0x7f2a7c19bc88
R
P 0x7f2a7c191628
C 342
R
P 0x7f2a7c191628
P 0x7f2a7c19bc88
C 258
R
P 0x7f2a7c191628
C 342
R
P 0x7f2a7c191628
P 0x7f2a7c19bc88
C 9
R
P 0x7f2a7c191628
C 342
R
P 0x7f2a7c191628
P 0x7f2a7c19bd08
P 0x7f2a7c19bc88
C 75
= 0x7f2a7c486fa0
R
P 0x7f2a7c191628
C 342
R
P 0x7f2a7c191628
P 0x7f2a7c486fa0
C 258
R
P 0x7f2a7c191628
C 342
R
P 0x7f2a7c191628
P 0x7f2a7c486fa0
C 9
R
P 0x7f2a7c191628
C 342
R
P 0x7f2a7c191628
I 1
P 0x7f2a7c19b208
C 150
= 0x7f2a7c19bc88
R
P 0x7f2a7c191628
C 342
R
P 0x7f2a7c191628
P 0x7f2a7c19bc88
C 258
R
P 0x7f2a7c191628
C 342
R
P 0x7f2a7c191628
P 0x7f2a7c19bc88
C 9
R
P 0x7f2a7c191628
C 342
R
P 0x7f2a7c191628
U 2
P 0x7f2a7c19bd08
P 0x7f2a7c19bc88
p 2
C 67
= 0x7f2a7c486fd8
R
P 0x7f2a7c191628
C 342
R
P 0x7f2a7c191628
P 0x7f2a7c486fd8
C 257
R
P 0x7f2a7c191628
C 342
R
P 0x7f2a7c191628
P 0x7f2a7c486fd8
C 254
= 0x7f2a7c19b208
R
P 0x7f2a7c191628
C 342
R
P 0x7f2a7c191628
P 0x7f2a7c19b208
C 209
R
P 0x7f2a7c191628
C 342
R
P 0x7f2a7c191628
P 0x7f2a7c486fd8
C 260
R
P 0x7f2a7c191628
C 342
R
P 0x7f2a7c191628
P 0x7f2a7c486fd8
C 259
R
P 0x7f2a7c191628
C 342
R
P 0x7f2a7c191628
P 0x7f2a7c486fd8
C 258
R
P 0x7f2a7c191628
C 342
R
P 0x7f2a7c191628
P 0x7f2a7c486fd8
C 9
R
P 0x7f2a7c191628
C 342
R
P 0x7f2a7c191628
U 2
P 0x7f2a7c19bba8
P 0x7f2a7c486fd8
p 2
C 66
= 0x7f2a7c487010
R
P 0x7f2a7c191628
C 342
R
P 0x7f2a7c191628
P 0x7f2a7c487010
C 257
R
P 0x7f2a7c191628
C 342
R
P 0x7f2a7c191628
P 0x7f2a7c487010
C 254
= 0x7f2a7c19b1e8
R
P 0x7f2a7c191628
C 342
R
P 0x7f2a7c191628
P 0x7f2a7c19b1e8
C 209
R
P 0x7f2a7c191628
C 342
R
P 0x7f2a7c191628
P 0x7f2a7c487010
C 260
R
P 0x7f2a7c191628
C 342
R
P 0x7f2a7c191628
P 0x7f2a7c487010
C 259
R
P 0x7f2a7c191628
C 342
R
P 0x7f2a7c191628
P 0x7f2a7c487010
C 258
R
P 0x7f2a7c191628
C 342
R
P 0x7f2a7c191628
P 0x7f2a7c487010
C 9
R
P 0x7f2a7c191628
C 342
R
P 0x7f2a7c191628
U 2
P 0x7f2a7c19bc28
P 0x7f2a7c487010
p 2
C 65
= 0x7f2a7c487048
R
P 0x7f2a7c191628
C 342
R
P 0x7f2a7c191628
P 0x7f2a7c487048
C 257
R
P 0x7f2a7c191628
C 342
R
P 0x7f2a7c191628
P 0x7f2a7c487048
C 254
= 0x7f2a7c19b1e8
R
P 0x7f2a7c191628
C 342
R
P 0x7f2a7c191628
P 0x7f2a7c19b1e8
C 209
R
P 0x7f2a7c191628
C 342
R
P 0x7f2a7c191628
P 0x7f2a7c487048
C 260
R
P 0x7f2a7c191628
C 342
R
P 0x7f2a7c191628
P 0x7f2a7c487048
C 259
R
P 0x7f2a7c191628
C 342
R
P 0x7f2a7c191628
P 0x7f2a7c487048
C 258
R
P 0x7f2a7c191628
C 342
R
P 0x7f2a7c191628
P 0x7f2a7c487048
C 9
R
P 0x7f2a7c191628
C 342
R
P 0x7f2a7c191628
P 0x7f2a7c486fa0
P 0x7f2a7c487048
P 0x7f2a7c19bc28
C 59
= 0x7f2a7c19f948
R
P 0x7f2a7c191628
C 342
R
P 0x7f2a7c191628
P 0x7f2a7c19f948
C 257
R
P 0x7f2a7c191628
C 342
R
P 0x7f2a7c191628
P 0x7f2a7c19f948
C 254
= 0x7f2a7c19b1e8
R
P 0x7f2a7c191628
C 342
R
P 0x7f2a7c191628
P 0x7f2a7c19b1e8
C 209
R
P 0x7f2a7c191628
C 342
R
P 0x7f2a7c191628
P 0x7f2a7c19f948
C 260
R
P 0x7f2a7c191628
C 342
R
P 0x7f2a7c191628
P 0x7f2a7c19f948
C 259
R
P 0x7f2a7c191628
C 342
R
P 0x7f2a7c191628
P 0x7f2a7c19f948
C 258
R
P 0x7f2a7c191628
C 342
R
P 0x7f2a7c191628
P 0x7f2a7c19f948
C 9
R
P 0x7f2a7c191628
C 342
R
P 0x7f2a7c191628
U 2
P 0x7f2a7c19f948
P 0x7f2a7c19bb48
p 2
C 65
= 0x7f2a7c487080
R
P 0x7f2a7c191628
C 342
R
P 0x7f2a7c191628
P 0x7f2a7c487080
C 257
R
P 0x7f2a7c191628
C 342
R
P 0x7f2a7c191628
P 0x7f2a7c487080
C 254
= 0x7f2a7c19b1e8
R
P 0x7f2a7c191628
C 342
R
P 0x7f2a7c191628
P 0x7f2a7c19b1e8
C 209
R
P 0x7f2a7c191628
C 342
R
P 0x7f2a7c191628
P 0x7f2a7c487080
C 260
R
P 0x7f2a7c191628
C 342
R
P 0x7f2a7c191628
P 0x7f2a7c487080
C 259
R
P 0x7f2a7c191628
C 342
R
P 0x7f2a7c191628
P 0x7f2a7c487080
C 258
R
P 0x7f2a7c191628
C 342
R
P 0x7f2a7c191628
P 0x7f2a7c487080
C 9
R
P 0x7f2a7c191628
C 342
R
P 0x7f2a7c191628
I 3
P 0x7f2a7c19b208
C 150
= 0x7f2a7c19bfc8
R
P 0x7f2a7c191628
C 342
R
P 0x7f2a7c191628
P 0x7f2a7c19bfc8
C 258
R
P 0x7f2a7c191628
C 342
R
P 0x7f2a7c191628
P 0x7f2a7c19bfc8
C 9
R
P 0x7f2a7c191628
C 342
R
P 0x7f2a7c191628
I 1
P 0x7f2a7c19b208
C 150
= 0x7f2a7c19bc88
R
P 0x7f2a7c191628
C 342
R
P 0x7f2a7c191628
P 0x7f2a7c19bc88
C 258
R
P 0x7f2a7c191628
C 342
R
P 0x7f2a7c191628
P 0x7f2a7c19bc88
C 9
R
P 0x7f2a7c191628
C 342
R
P 0x7f2a7c191628
P 0x7f2a7c19bfc8
P 0x7f2a7c19bc88
C 75
= 0x7f2a7c487208
R
P 0x7f2a7c191628
C 342
R
P 0x7f2a7c191628
P 0x7f2a7c487208
C 258
R
P 0x7f2a7c191628
C 342
R
P 0x7f2a7c191628
P 0x7f2a7c487208
C 9
R
P 0x7f2a7c191628
C 342
R
P 0x7f2a7c191628
I 1
P 0x7f2a7c19b208
C 150
= 0x7f2a7c19bc88
R
P 0x7f2a7c191628
C 342
R
P 0x7f2a7c191628
P 0x7f2a7c19bc88
C 258
R
P 0x7f2a7c191628
C 342
R
P 0x7f2a7c191628
P 0x7f2a7c19bc88
C 9
R
P 0x7f2a7c191628
C 342
R
P 0x7f2a7c191628
U 2
P 0x7f2a7c19bfc8
P 0x7f2a7c19bc88
p 2
C 67
= 0x7f2a7c487240
R
P 0x7f2a7c191628
C 342
R
P 0x7f2a7c191628
P 0x7f2a7c487240
C 257
R
P 0x7f2a7c191628
C 342
R
P 0x7f2a7c191628
P 0x7f2a7c487240
C 254
= 0x7f2a7c19b208
R
P 0x7f2a7c191628
C 342
R
P 0x7f2a7c191628
P 0x7f2a7c19b208
C 209
R
P 0x7f2a7c191628
C 342
R
P 0x7f2a7c191628
P 0x7f2a7c487240
C 260
R
P 0x7f2a7c191628
C 342
R
P 0x7f2a7c191628
P 0x7f2a7c487240
C 259
R
P 0x7f2a7c191628
C 342
R
P 0x7f2a7c191628
P 0x7f2a7c487240
C 258
R
P 0x7f2a7c191628
C 342
R
P 0x7f2a7c191628
P 0x7f2a7c487240
C 9
R
P 0x7f2a7c191628
C 342
R
P 0x7f2a7c191628
U 2
P 0x7f2a7c19bbe8
P 0x7f2a7c487240
p 2
C 66
= 0x7f2a7c487f60
R
P 0x7f2a7c191628
C 342
R
P 0x7f2a7c191628
P 0x7f2a7c487f60
C 257
R
P 0x7f2a7c191628
C 342
R
P 0x7f2a7c191628
P 0x7f2a7c487f60
C 254
= 0x7f2a7c19b208
R
P 0x7f2a7c191628
C 342
R
P 0x7f2a7c191628
P 0x7f2a7c19b208
C 209
R
P 0x7f2a7c191628
C 342
R
P 0x7f2a7c191628
P 0x7f2a7c487f60
C 260
R
P 0x7f2a7c191628
C 342
R
P 0x7f2a7c191628
P 0x7f2a7c487f60
C 259
R
P 0x7f2a7c191628
C 342
R
P 0x7f2a7c191628
P 0x7f2a7c487f60
C 258
R
P 0x7f2a7c191628
C 342
R
P 0x7f2a7c191628
P 0x7f2a7c487f60
C 9
R
P 0x7f2a7c191628
C 342
R
P 0x7f2a7c191628
U 2
P 0x7f2a7c19bb88
P 0x7f2a7c487f60
p 2
C 65
= 0x7f2a7c487f98
R
P 0x7f2a7c191628
C 342
R
P 0x7f2a7c191628
P 0x7f2a7c487f98
C 257
R
P 0x7f2a7c191628
C 342
R
P 0x7f2a7c191628
P 0x7f2a7c487f98
C 254
= 0x7f2a7c19b1e8
R
P 0x7f2a7c191628
C 342
R
P 0x7f2a7c191628
P 0x7f2a7c19b1e8
C 209
R
P 0x7f2a7c191628
C 342
R
P 0x7f2a7c191628
P 0x7f2a7c487f98
C 260
R
P 0x7f2a7c191628
C 342
R
P 0x7f2a7c191628
P 0x7f2a7c487f98
C 259
R
P 0x7f2a7c191628
C 342
R
P 0x7f2a7c191628
P 0x7f2a7c487f98
C 258
R
P 0x7f2a7c191628
C 342
R
P 0x7f2a7c191628
P 0x7f2a7c487f98
C 9
R
P 0x7f2a7c191628
C 342
R
P 0x7f2a7c191628
P 0x7f2a7c487208
P 0x7f2a7c487f98
P 0x7f2a7c19bb88
C 59
= 0x7f2a7c19fac8
R
P 0x7f2a7c191628
C 342
R
P 0x7f2a7c191628
P 0x7f2a7c19fac8
C 257
R
P 0x7f2a7c191628
C 342
R
P 0x7f2a7c191628
P 0x7f2a7c19fac8
C 254
= 0x7f2a7c19b1e8
R
P 0x7f2a7c191628
C 342
R
P 0x7f2a7c191628
P 0x7f2a7c19b1e8
C 209
R
P 0x7f2a7c191628
C 342
R
P 0x7f2a7c191628
P 0x7f2a7c19fac8
C 260
R
P 0x7f2a7c191628
C 342
R
P 0x7f2a7c191628
P 0x7f2a7c19fac8
C 259
R
P 0x7f2a7c191628
C 342
R
P 0x7f2a7c191628
P 0x7f2a7c19fac8
C 258
R
P 0x7f2a7c191628
C 342
R
P 0x7f2a7c191628
P 0x7f2a7c19fac8
C 9
R
P 0x7f2a7c191628
C 342
R
P 0x7f2a7c191628
U 2
P 0x7f2a7c19fac8
P 0x7f2a7c19bbe8
p 2
C 65
= 0x7f2a7c48c290
R
P 0x7f2a7c191628
C 342
R
P 0x7f2a7c191628
P 0x7f2a7c48c290
C 257
R
P 0x7f2a7c191628
C 342
R
P 0x7f2a7c191628
P 0x7f2a7c48c290
C 254
= 0x7f2a7c19b1e8
R
P 0x7f2a7c191628
C 342
R
P 0x7f2a7c191628
P 0x7f2a7c19b1e8
C 209
R
P 0x7f2a7c191628
C 342
R
P 0x7f2a7c191628
P 0x7f2a7c48c290
C 260
R
P 0x7f2a7c191628
C 342
R
P 0x7f2a7c191628
P 0x7f2a7c48c290
C 259
R
P 0x7f2a7c191628
C 342
R
P 0x7f2a7c191628
P 0x7f2a7c48c290
C 258
R
P 0x7f2a7c191628
C 342
R
P 0x7f2a7c191628
P 0x7f2a7c48c290
C 9
R
P 0x7f2a7c191628
C 342
R
P 0x7f2a7c191628
P 0x7f2a7c487080
P 0x7f2a7c48c290
C 74
= 0x7f2a7c48c2c8
R
P 0x7f2a7c191628
C 342
R
P 0x7f2a7c191628
P 0x7f2a7c48c2c8
C 258
R
P 0x7f2a7c191628
C 342
R
P 0x7f2a7c191628
P 0x7f2a7c48c2c8
C 9
R
P 0x7f2a7c191628
C 342
R
P 0x7f2a7c191628
U 2
P 0x7f2a7c48c258
P 0x7f2a7c48c2c8
p 2
C 63
= 0x7f2a7c48c300
R
P 0x7f2a7c191628
C 342
R
P 0x7f2a7c191628
P 0x7f2a7c48c300
C 258
R
P 0x7f2a7c191628
C 342
R
P 0x7f2a7c191628
P 0x7f2a7c48c300
C 9
R
P 0x7f2a7c191628
C 342
R
P 0x7f2a7c191628
I 0
P 0x7f2a7c19b208
C 150
= 0x7f2a7c19bd08
R
P 0x7f2a7c191628
C 342
R
P 0x7f2a7c191628
P 0x7f2a7c19bd08
C 258
R
P 0x7f2a7c191628
C 342
R
P 0x7f2a7c191628
P 0x7f2a7c19bd08
C 9
R
P 0x7f2a7c191628
C 342
R
P 0x7f2a7c191628
P 0x7f2a7c19bd08
C 263
R
P 0x7f2a7c191628
C 342
R
P 0x7f2a7c191628
S "dev0T30"
C 30
R
P 0x7f2a7c191628
C 342
R
P 0x7f2a7c191628
$ |dev0T30|
C 202
R
P 0x7f2a7c191628
C 342
R
P 0x7f2a7c191628
$ |dev0T30|
P 0x7f2a7c19b1e8
C 51
= 0x7f2a7c19c208
R
P 0x7f2a7c191628
C 342
R
P 0x7f2a7c191628
P 0x7f2a7c19c208
C 257
R
P 0x7f2a7c191628
C 342
R
P 0x7f2a7c191628
P 0x7f2a7c19c208
C 254
= 0x7f2a7c19b1e8
R
P 0x7f2a7c191628
C 342
R
P 0x7f2a7c191628
P 0x7f2a7c19b1e8
C 209
R
P 0x7f2a7c191628
C 342
R
P 0x7f2a7c191628
P 0x7f2a7c19c208
C 260
R
P 0x7f2a7c191628
C 342
R
P 0x7f2a7c191628
P 0x7f2a7c19c208
C 259
R
P 0x7f2a7c191628
C 342
R
P 0x7f2a7c191628
P 0x7f2a7c19c208
C 258
R
P 0x7f2a7c191628
C 342
R
P 0x7f2a7c191628
P 0x7f2a7c19c208
C 9
R
P 0x7f2a7c191628
C 342
R
P 0x7f2a7c191628
P 0x7f2a7c19bc68
C 333
R
P 0x7f2a7c191628
C 342
R
P 0x7f2a7c191628
S "slotflowPriorityStart"
C 30
R
P 0x7f2a7c191628
C 342
R
P 0x7f2a7c191628
$ |slotflowPriorityStart|
C 202
R
P 0x7f2a7c191628
C 342
R
P 0x7f2a7c191628
$ |slotflowPriorityStart|
P 0x7f2a7c19b1e8
C 51
= 0x7f2a7c19c2a8
R
P 0x7f2a7c191628
C 342
R
P 0x7f2a7c191628
P 0x7f2a7c19c2a8
C 257
R
P 0x7f2a7c191628
C 342
R
P 0x7f2a7c191628
P 0x7f2a7c19c2a8
C 254
= 0x7f2a7c19b1e8
R
P 0x7f2a7c191628
C 342
R
P 0x7f2a7c191628
P 0x7f2a7c19b1e8
C 209
R
P 0x7f2a7c191628
C 342
R
P 0x7f2a7c191628
P 0x7f2a7c19c2a8
C 260
R
P 0x7f2a7c191628
C 342
R
P 0x7f2a7c191628
P 0x7f2a7c19c2a8
C 259
R
P 0x7f2a7c191628
C 342
R
P 0x7f2a7c191628
P 0x7f2a7c19c2a8
C 258
R
P 0x7f2a7c191628
C 342
R
P 0x7f2a7c191628
P 0x7f2a7c19c2a8
C 9
R
P 0x7f2a7c191628
C 342
R
P 0x7f2a7c191628
P 0x7f2a7c19bc68
C 333
R
P 0x7f2a7c191628
C 342
R
P 0x7f2a7c191628
S "slotflowPriorityDuration"
C 30
R
P 0x7f2a7c191628
C 342
R
P 0x7f2a7c191628
$ |slotflowPriorityDuration|
C 202
R
P 0x7f2a7c191628
C 342
R
P 0x7f2a7c191628
$ |slotflowPriorityDuration|
P 0x7f2a7c19b1e8
C 51
= 0x7f2a7c19c268
R
P 0x7f2a7c191628
C 342
R
P 0x7f2a7c191628
P 0x7f2a7c19c268
C 257
R
P 0x7f2a7c191628
C 342
R
P 0x7f2a7c191628
P 0x7f2a7c19c268
C 254
= 0x7f2a7c19b1e8
R
P 0x7f2a7c191628
C 342
R
P 0x7f2a7c191628
P 0x7f2a7c19b1e8
C 209
R
P 0x7f2a7c191628
C 342
R
P 0x7f2a7c191628
P 0x7f2a7c19c268
C 260
R
P 0x7f2a7c191628
C 342
R
P 0x7f2a7c191628
P 0x7f2a7c19c268
C 259
R
P 0x7f2a7c191628
C 342
R
P 0x7f2a7c191628
P 0x7f2a7c19c268
C 258
R
P 0x7f2a7c191628
C 342
R
P 0x7f2a7c191628
P 0x7f2a7c19c268
C 9
R
P 0x7f2a7c191628
C 342
R
P 0x7f2a7c191628
U 2
P 0x7f2a7c19c2a8
P 0x7f2a7c19c268
p 2
C 65
= 0x7f2a7c487908
R
P 0x7f2a7c191628
C 342
R
P 0x7f2a7c191628
P 0x7f2a7c487908
C 257
R
P 0x7f2a7c191628
C 342
R
P 0x7f2a7c191628
P 0x7f2a7c487908
C 254
= 0x7f2a7c19b1e8
R
P 0x7f2a7c191628
C 342
R
P 0x7f2a7c191628
P 0x7f2a7c19b1e8
C 209
R
P 0x7f2a7c191628
C 342
R
P 0x7f2a7c191628
P 0x7f2a7c487908
C 260
R
P 0x7f2a7c191628
C 342
R
P 0x7f2a7c191628
P 0x7f2a7c487908
C 259
R
P 0x7f2a7c191628
C 342
R
P 0x7f2a7c191628
P 0x7f2a7c487908
C 258
R
P 0x7f2a7c191628
C 342
R
P 0x7f2a7c191628
P 0x7f2a7c487908
C 9
R
P 0x7f2a7c191628
C 342
R
P 0x7f2a7c191628
I 4
P 0x7f2a7c19b208
C 150
= 0x7f2a7c19c028
R
P 0x7f2a7c191628
C 342
R
P 0x7f2a7c191628
P 0x7f2a7c19c028
C 258
R
P 0x7f2a7c191628
C 342
R
P 0x7f2a7c191628
P 0x7f2a7c19c028
C 9
R
P 0x7f2a7c191628
C 342
R
P 0x7f2a7c191628
I 1
P 0x7f2a7c19b208
C 150
= 0x7f2a7c19bc88
R
P 0x7f2a7c191628
C 342
R
P 0x7f2a7c191628
P 0x7f2a7c19bc88
C 258
R
P 0x7f2a7c191628
C 342
R
P 0x7f2a7c191628
P 0x7f2a7c19bc88
C 9
R
P 0x7f2a7c191628
C 342
R
P 0x7f2a7c191628
P 0x7f2a7c19c028
P 0x7f2a7c19bc88
C 75
= 0x7f2a7c487390
R
P 0x7f2a7c191628
C 342
R
P 0x7f2a7c191628
P 0x7f2a7c487390
C 258
R
P 0x7f2a7c191628
C 342
R
P 0x7f2a7c191628
P 0x7f2a7c487390
C 9
R
P 0x7f2a7c191628
C 342
R
P 0x7f2a7c191628
I 1
P 0x7f2a7c19b208
C 150
= 0x7f2a7c19bc88
R
P 0x7f2a7c191628
C 342
R
P 0x7f2a7c191628
P 0x7f2a7c19bc88
C 258
R
P 0x7f2a7c191628
C 342
R
P 0x7f2a7c191628
P 0x7f2a7c19bc88
C 9
R
P 0x7f2a7c191628
C 342
R
P 0x7f2a7c191628
U 2
P 0x7f2a7c19c028
P 0x7f2a7c19bc88
p 2
C 67
= 0x7f2a7c4873c8
R
P 0x7f2a7c191628
C 342
R
P 0x7f2a7c191628
P 0x7f2a7c4873c8
C 257
R
P 0x7f2a7c191628
C 342
R
P 0x7f2a7c191628
P 0x7f2a7c4873c8
C 254
= 0x7f2a7c19b208
R
P 0x7f2a7c191628
C 342
R
P 0x7f2a7c191628
P 0x7f2a7c19b208
C 209
R
P 0x7f2a7c191628
C 342
R
P 0x7f2a7c191628
P 0x7f2a7c4873c8
C 260
R
P 0x7f2a7c191628
C 342
R
P 0x7f2a7c191628
P 0x7f2a7c4873c8
C 259
R
P 0x7f2a7c191628
C 342
R
P 0x7f2a7c191628
P 0x7f2a7c4873c8
C 258
R
P 0x7f2a7c191628
C 342
R
P 0x7f2a7c191628
P 0x7f2a7c4873c8
C 9
R
P 0x7f2a7c191628
C 342
R
P 0x7f2a7c191628
U 2
P 0x7f2a7c19bbe8
P 0x7f2a7c4873c8
p 2
C 66
= 0x7f2a7c488158
R
P 0x7f2a7c191628
C 342
R
P 0x7f2a7c191628
P 0x7f2a7c488158
C 257
R
P 0x7f2a7c191628
C 342
R
P 0x7f2a7c191628
P 0x7f2a7c488158
C 254
= 0x7f2a7c19b208
R
P 0x7f2a7c191628
C 342
R
P 0x7f2a7c191628
P 0x7f2a7c19b208
C 209
R
P 0x7f2a7c191628
C 342
R
P 0x7f2a7c191628
P 0x7f2a7c488158
C 260
R
P 0x7f2a7c191628
C 342
R
P 0x7f2a7c191628
P 0x7f2a7c488158
C 259
R
P 0x7f2a7c191628
C 342
R
P 0x7f2a7c191628
P 0x7f2a7c488158
C 258
R
P 0x7f2a7c191628
C 342
R
P 0x7f2a7c191628
P 0x7f2a7c488158
C 9
R
P 0x7f2a7c191628
C 342
R
P 0x7f2a7c191628
U 2
P 0x7f2a7c19bb88
P 0x7f2a7c488158
p 2
C 65
= 0x7f2a7c488190
R
P 0x7f2a7c191628
C 342
R
P 0x7f2a7c191628
P 0x7f2a7c488190
C 257
R
P 0x7f2a7c191628
C 342
R
P 0x7f2a7c191628
P 0x7f2a7c488190
C 254
= 0x7f2a7c19b1e8
R
P 0x7f2a7c191628
C 342
R
P 0x7f2a7c191628
P 0x7f2a7c19b1e8
C 209
R
P 0x7f2a7c191628
C 342
R
P 0x7f2a7c191628
P 0x7f2a7c488190
C 260
R
P 0x7f2a7c191628
C 342
R
P 0x7f2a7c191628
P 0x7f2a7c488190
C 259
R
P 0x7f2a7c191628
C 342
R
P 0x7f2a7c191628
P 0x7f2a7c488190
C 258
R
P 0x7f2a7c191628
C 342
R
P 0x7f2a7c191628
P 0x7f2a7c488190
C 9
R
P 0x7f2a7c191628
C 342
R
P 0x7f2a7c191628
P 0x7f2a7c487390
P 0x7f2a7c488190
P 0x7f2a7c19bb88
C 59
= 0x7f2a7c19fb08
R
P 0x7f2a7c191628
C 342
R
P 0x7f2a7c191628
P 0x7f2a7c19fb08
C 257
R
P 0x7f2a7c191628
C 342
R
P 0x7f2a7c191628
P 0x7f2a7c19fb08
C 254
= 0x7f2a7c19b1e8
R
P 0x7f2a7c191628
C 342
R
P 0x7f2a7c191628
P 0x7f2a7c19b1e8
C 209
R
P 0x7f2a7c191628
C 342
R
P 0x7f2a7c191628
P 0x7f2a7c19fb08
C 260
R
P 0x7f2a7c191628
C 342
R
P 0x7f2a7c191628
P 0x7f2a7c19fb08
C 259
R
P 0x7f2a7c191628
C 342
R
P 0x7f2a7c191628
P 0x7f2a7c19fb08
C 258
R
P 0x7f2a7c191628
C 342
R
P 0x7f2a7c191628
P 0x7f2a7c19fb08
C 9
R
P 0x7f2a7c191628
C 342
R
P 0x7f2a7c191628
U 2
P 0x7f2a7c487908
P 0x7f2a7c19fb08
p 2
C 65
= 0x7f2a7c4881c8
R
P 0x7f2a7c191628
C 342
R
P 0x7f2a7c191628
P 0x7f2a7c4881c8
C 257
R
P 0x7f2a7c191628
C 342
R
P 0x7f2a7c191628
P 0x7f2a7c4881c8
C 254
= 0x7f2a7c19b1e8
R
P 0x7f2a7c191628
C 342
R
P 0x7f2a7c191628
P 0x7f2a7c19b1e8
C 209
R
P 0x7f2a7c191628
C 342
R
P 0x7f2a7c191628
P 0x7f2a7c4881c8
C 260
R
P 0x7f2a7c191628
C 342
R
P 0x7f2a7c191628
P 0x7f2a7c4881c8
C 259
R
P 0x7f2a7c191628
C 342
R
P 0x7f2a7c191628
P 0x7f2a7c4881c8
C 258
R
P 0x7f2a7c191628
C 342
R
P 0x7f2a7c191628
P 0x7f2a7c4881c8
C 9
R
P 0x7f2a7c191628
C 342
R
P 0x7f2a7c191628
P 0x7f2a7c19c208
P 0x7f2a7c4881c8
C 74
= 0x7f2a7c489e20
R
P 0x7f2a7c191628
C 342
R
P 0x7f2a7c191628
P 0x7f2a7c489e20
C 258
R
P 0x7f2a7c191628
C 342
R
P 0x7f2a7c191628
P 0x7f2a7c489e20
C 9
R
P 0x7f2a7c191628
C 342
R
P 0x7f2a7c191628
I 0
P 0x7f2a7c19b208
C 150
= 0x7f2a7c19bd08
R
P 0x7f2a7c191628
C 342
R
P 0x7f2a7c191628
P 0x7f2a7c19bd08
C 258
R
P 0x7f2a7c191628
C 342
R
P 0x7f2a7c191628
P 0x7f2a7c19bd08
C 9
R
P 0x7f2a7c191628
C 342
R
P 0x7f2a7c191628
P 0x7f2a7c19bd08
C 263
R
P 0x7f2a7c191628
C 342
R
P 0x7f2a7c191628
S "dev0T30"
C 30
R
P 0x7f2a7c191628
C 342
R
P 0x7f2a7c191628
$ |dev0T30|
C 202
R
P 0x7f2a7c191628
C 342
R
P 0x7f2a7c191628
$ |dev0T30|
P 0x7f2a7c19b1e8
C 51
= 0x7f2a7c19c208
R
P 0x7f2a7c191628
C 342
R
P 0x7f2a7c191628
P 0x7f2a7c19c208
C 257
R
P 0x7f2a7c191628
C 342
R
P 0x7f2a7c191628
P 0x7f2a7c19c208
C 254
= 0x7f2a7c19b1e8
R
P 0x7f2a7c191628
C 342
R
P 0x7f2a7c191628
P 0x7f2a7c19b1e8
C 209
R
P 0x7f2a7c191628
C 342
R
P 0x7f2a7c191628
P 0x7f2a7c19c208
C 260
R
P 0x7f2a7c191628
C 342
R
P 0x7f2a7c191628
P 0x7f2a7c19c208
C 259
R
P 0x7f2a7c191628
C 342
R
P 0x7f2a7c191628
P 0x7f2a7c19c208
C 258
R
P 0x7f2a7c191628
C 342
R
P 0x7f2a7c191628
P 0x7f2a7c19c208
C 9
R
P 0x7f2a7c191628
C 342
R
P 0x7f2a7c191628
P 0x7f2a7c19bc68
C 333
R
P 0x7f2a7c191628
C 342
R
P 0x7f2a7c191628
S "slotflowPriorityStart"
C 30
R
P 0x7f2a7c191628
C 342
R
P 0x7f2a7c191628
$ |slotflowPriorityStart|
C 202
R
P 0x7f2a7c191628
C 342
R
P 0x7f2a7c191628
$ |slotflowPriorityStart|
P 0x7f2a7c19b1e8
C 51
= 0x7f2a7c19c2a8
R
P 0x7f2a7c191628
C 342
R
P 0x7f2a7c191628
P 0x7f2a7c19c2a8
C 257
R
P 0x7f2a7c191628
C 342
R
P 0x7f2a7c191628
P 0x7f2a7c19c2a8
C 254
= 0x7f2a7c19b1e8
R
P 0x7f2a7c191628
C 342
R
P 0x7f2a7c191628
P 0x7f2a7c19b1e8
C 209
R
P 0x7f2a7c191628
C 342
R
P 0x7f2a7c191628
P 0x7f2a7c19c2a8
C 260
R
P 0x7f2a7c191628
C 342
R
P 0x7f2a7c191628
P 0x7f2a7c19c2a8
C 259
R
P 0x7f2a7c191628
C 342
R
P 0x7f2a7c191628
P 0x7f2a7c19c2a8
C 258
R
P 0x7f2a7c191628
C 342
R
P 0x7f2a7c191628
P 0x7f2a7c19c2a8
C 9
R
P 0x7f2a7c191628
C 342
R
P 0x7f2a7c191628
I 3
P 0x7f2a7c19b208
C 150
= 0x7f2a7c19bfc8
R
P 0x7f2a7c191628
C 342
R
P 0x7f2a7c191628
P 0x7f2a7c19bfc8
C 258
R
P 0x7f2a7c191628
C 342
R
P 0x7f2a7c191628
P 0x7f2a7c19bfc8
C 9
R
P 0x7f2a7c191628
C 342
R
P 0x7f2a7c191628
I 1
P 0x7f2a7c19b208
C 150
= 0x7f2a7c19bc88
R
P 0x7f2a7c191628
C 342
R
P 0x7f2a7c191628
P 0x7f2a7c19bc88
C 258
R
P 0x7f2a7c191628
C 342
R
P 0x7f2a7c191628
P 0x7f2a7c19bc88
C 9
R
P 0x7f2a7c191628
C 342
R
P 0x7f2a7c191628
P 0x7f2a7c19bfc8
P 0x7f2a7c19bc88
C 75
= 0x7f2a7c487208
R
P 0x7f2a7c191628
C 342
R
P 0x7f2a7c191628
P 0x7f2a7c487208
C 258
R
P 0x7f2a7c191628
C 342
R
P 0x7f2a7c191628
P 0x7f2a7c487208
C 9
R
P 0x7f2a7c191628
C 342
R
P 0x7f2a7c191628
I 1
P 0x7f2a7c19b208
C 150
= 0x7f2a7c19bc88
R
P 0x7f2a7c191628
C 342
R
P 0x7f2a7c191628
P 0x7f2a7c19bc88
C 258
R
P 0x7f2a7c191628
C 342
R
P 0x7f2a7c191628
P 0x7f2a7c19bc88
C 9
R
P 0x7f2a7c191628
C 342
R
P 0x7f2a7c191628
U 2
P 0x7f2a7c19bfc8
P 0x7f2a7c19bc88
p 2
C 67
= 0x7f2a7c487240
R
P 0x7f2a7c191628
C 342
R
P 0x7f2a7c191628
P 0x7f2a7c487240
C 257
R
P 0x7f2a7c191628
C 342
R
P 0x7f2a7c191628
P 0x7f2a7c487240
C 254
= 0x7f2a7c19b208
R
P 0x7f2a7c191628
C 342
R
P 0x7f2a7c191628
P 0x7f2a7c19b208
C 209
R
P 0x7f2a7c191628
C 342
R
P 0x7f2a7c191628
P 0x7f2a7c487240
C 260
R
P 0x7f2a7c191628
C 342
R
P 0x7f2a7c191628
P 0x7f2a7c487240
C 259
R
P 0x7f2a7c191628
C 342
R
P 0x7f2a7c191628
P 0x7f2a7c487240
C 258
R
P 0x7f2a7c191628
C 342
R
P 0x7f2a7c191628
P 0x7f2a7c487240
C 9
R
P 0x7f2a7c191628
C 342
R
P 0x7f2a7c191628
U 2
P 0x7f2a7c19bbe8
P 0x7f2a7c487240
p 2
C 66
= 0x7f2a7c487f60
R
P 0x7f2a7c191628
C 342
R
P 0x7f2a7c191628
P 0x7f2a7c487f60
C 257
R
P 0x7f2a7c191628
C 342
R
P 0x7f2a7c191628
P 0x7f2a7c487f60
C 254
= 0x7f2a7c19b208
R
P 0x7f2a7c191628
C 342
R
P 0x7f2a7c191628
P 0x7f2a7c19b208
C 209
R
P 0x7f2a7c191628
C 342
R
P 0x7f2a7c191628
P 0x7f2a7c487f60
C 260
R
P 0x7f2a7c191628
C 342
R
P 0x7f2a7c191628
P 0x7f2a7c487f60
C 259
R
P 0x7f2a7c191628
C 342
R
P 0x7f2a7c191628
P 0x7f2a7c487f60
C 258
R
P 0x7f2a7c191628
C 342
R
P 0x7f2a7c191628
P 0x7f2a7c487f60
C 9
R
P 0x7f2a7c191628
C 342
R
P 0x7f2a7c191628
U 2
P 0x7f2a7c19bb88
P 0x7f2a7c487f60
p 2
C 65
= 0x7f2a7c487f98
R
P 0x7f2a7c191628
C 342
R
P 0x7f2a7c191628
P 0x7f2a7c487f98
C 257
R
P 0x7f2a7c191628
C 342
R
P 0x7f2a7c191628
P 0x7f2a7c487f98
C 254
= 0x7f2a7c19b1e8
R
P 0x7f2a7c191628
C 342
R
P 0x7f2a7c191628
P 0x7f2a7c19b1e8
C 209
R
P 0x7f2a7c191628
C 342
R
P 0x7f2a7c191628
P 0x7f2a7c487f98
C 260
R
P 0x7f2a7c191628
C 342
R
P 0x7f2a7c191628
P 0x7f2a7c487f98
C 259
R
P 0x7f2a7c191628
C 342
R
P 0x7f2a7c191628
P 0x7f2a7c487f98
C 258
R
P 0x7f2a7c191628
C 342
R
P 0x7f2a7c191628
P 0x7f2a7c487f98
C 9
R
P 0x7f2a7c191628
C 342
R
P 0x7f2a7c191628
P 0x7f2a7c487208
P 0x7f2a7c487f98
P 0x7f2a7c19bb88
C 59
= 0x7f2a7c19fac8
R
P 0x7f2a7c191628
C 342
R
P 0x7f2a7c191628
P 0x7f2a7c19fac8
C 257
R
P 0x7f2a7c191628
C 342
R
P 0x7f2a7c191628
P 0x7f2a7c19fac8
C 254
= 0x7f2a7c19b1e8
R
P 0x7f2a7c191628
C 342
R
P 0x7f2a7c191628
P 0x7f2a7c19b1e8
C 209
R
P 0x7f2a7c191628
C 342
R
P 0x7f2a7c191628
P 0x7f2a7c19fac8
C 260
R
P 0x7f2a7c191628
C 342
R
P 0x7f2a7c191628
P 0x7f2a7c19fac8
C 259
R
P 0x7f2a7c191628
C 342
R
P 0x7f2a7c191628
P 0x7f2a7c19fac8
C 258
R
P 0x7f2a7c191628
C 342
R
P 0x7f2a7c191628
P 0x7f2a7c19fac8
C 9
R
P 0x7f2a7c191628
C 342
R
P 0x7f2a7c191628
U 2
P 0x7f2a7c19c2a8
P 0x7f2a7c19fac8
p 2
C 65
= 0x7f2a7c488078
R
P 0x7f2a7c191628
C 342
R
P 0x7f2a7c191628
P 0x7f2a7c488078
C 257
R
P 0x7f2a7c191628
C 342
R
P 0x7f2a7c191628
P 0x7f2a7c488078
C 254
= 0x7f2a7c19b1e8
R
P 0x7f2a7c191628
C 342
R
P 0x7f2a7c191628
P 0x7f2a7c19b1e8
C 209
R
P 0x7f2a7c191628
C 342
R
P 0x7f2a7c191628
P 0x7f2a7c488078
C 260
R
P 0x7f2a7c191628
C 342
R
P 0x7f2a7c191628
P 0x7f2a7c488078
C 259
R
P 0x7f2a7c191628
C 342
R
P 0x7f2a7c191628
P 0x7f2a7c488078
C 258
R
P 0x7f2a7c191628
C 342
R
P 0x7f2a7c191628
P 0x7f2a7c488078
C 9
R
P 0x7f2a7c191628
C 342
R
P 0x7f2a7c191628
U 2
P 0x7f2a7c488078
P 0x7f2a7c19bb68
p 2
C 65
= 0x7f2a7c489bf0
R
P 0x7f2a7c191628
C 342
R
P 0x7f2a7c191628
P 0x7f2a7c489bf0
C 257
R
P 0x7f2a7c191628
C 342
R
P 0x7f2a7c191628
P 0x7f2a7c489bf0
C 254
= 0x7f2a7c19b1e8
R
P 0x7f2a7c191628
C 342
R
P 0x7f2a7c191628
P 0x7f2a7c19b1e8
C 209
R
P 0x7f2a7c191628
C 342
R
P 0x7f2a7c191628
P 0x7f2a7c489bf0
C 260
R
P 0x7f2a7c191628
C 342
R
P 0x7f2a7c191628
P 0x7f2a7c489bf0
C 259
R
P 0x7f2a7c191628
C 342
R
P 0x7f2a7c191628
P 0x7f2a7c489bf0
C 258
R
P 0x7f2a7c191628
C 342
R
P 0x7f2a7c191628
P 0x7f2a7c489bf0
C 9
R
P 0x7f2a7c191628
C 342
R
P 0x7f2a7c191628
P 0x7f2a7c19c208
P 0x7f2a7c489bf0
C 56
= 0x7f2a7c48c338
R
P 0x7f2a7c191628
C 342
R
P 0x7f2a7c191628
P 0x7f2a7c48c338
C 258
R
P 0x7f2a7c191628
C 342
R
P 0x7f2a7c191628
P 0x7f2a7c48c338
C 9
R
P 0x7f2a7c191628
C 342
R
P 0x7f2a7c191628
U 2
P 0x7f2a7c489e20
P 0x7f2a7c48c338
p 2
C 63
= 0x7f2a7c48c370
R
P 0x7f2a7c191628
C 342
R
P 0x7f2a7c191628
P 0x7f2a7c48c370
C 258
R
P 0x7f2a7c191628
C 342
R
P 0x7f2a7c191628
P 0x7f2a7c48c370
C 9
R
P 0x7f2a7c191628
C 342
R
P 0x7f2a7c191628
P 0x7f2a7c48c300
P 0x7f2a7c48c370
C 61
= 0x7f2a7c48c3a8
R
P 0x7f2a7c191628
C 342
R
P 0x7f2a7c191628
P 0x7f2a7c48c3a8
C 258
R
P 0x7f2a7c191628
C 342
R
P 0x7f2a7c191628
P 0x7f2a7c48c3a8
C 9
R
P 0x7f2a7c191628
C 342
R
P 0x7f2a7c191628
P 0x7f2a7c1e1fc8
P 0x7f2a7c48c3a8
C 427
R
P 0x7f2a7c191628
C 342
R
P 0x7f2a7c191628
I 0
P 0x7f2a7c19b208
C 150
= 0x7f2a7c19bd08
R
P 0x7f2a7c191628
C 342
R
P 0x7f2a7c191628
P 0x7f2a7c19bd08
C 258
R
P 0x7f2a7c191628
C 342
R
P 0x7f2a7c191628
P 0x7f2a7c19bd08
C 9
R
P 0x7f2a7c191628
C 342
R
P 0x7f2a7c191628
I 1
P 0x7f2a7c19b208
C 150
= 0x7f2a7c19bc88
R
P 0x7f2a7c191628
C 342
R
P 0x7f2a7c191628
P 0x7f2a7c19bc88
C 258
R
P 0x7f2a7c191628
C 342
R
P 0x7f2a7c191628
P 0x7f2a7c19bc88
C 9
R
P 0x7f2a7c191628
C 342
R
P 0x7f2a7c191628
P 0x7f2a7c19bd08
P 0x7f2a7c19bc88
C 75
= 0x7f2a7c486fa0
R
P 0x7f2a7c191628
C 342
R
P 0x7f2a7c191628
P 0x7f2a7c486fa0
C 258
R
P 0x7f2a7c191628
C 342
R
P 0x7f2a7c191628
P 0x7f2a7c486fa0
C 9
R
P 0x7f2a7c191628
C 342
R
P 0x7f2a7c191628
I 1
P 0x7f2a7c19b208
C 150
= 0x7f2a7c19bc88
R
P 0x7f2a7c191628
C 342
R
P 0x7f2a7c191628
P 0x7f2a7c19bc88
C 258
R
P 0x7f2a7c191628
C 342
R
P 0x7f2a7c191628
P 0x7f2a7c19bc88
C 9
R
P 0x7f2a7c191628
C 342
R
P 0x7f2a7c191628
U 2
P 0x7f2a7c19bd08
P 0x7f2a7c19bc88
p 2
C 67
= 0x7f2a7c486fd8
R
P 0x7f2a7c191628
C 342
R
P 0x7f2a7c191628
P 0x7f2a7c486fd8
C 257
R
P 0x7f2a7c191628
C 342
R
P 0x7f2a7c191628
P 0x7f2a7c486fd8
C 254
= 0x7f2a7c19b208
R
P 0x7f2a7c191628
C 342
R
P 0x7f2a7c191628
P 0x7f2a7c19b208
C 209
R
P 0x7f2a7c191628
C 342
R
P 0x7f2a7c191628
P 0x7f2a7c486fd8
C 260
R
P 0x7f2a7c191628
C 342
R
P 0x7f2a7c191628
P 0x7f2a7c486fd8
C 259
R
P 0x7f2a7c191628
C 342
R
P 0x7f2a7c191628
P 0x7f2a7c486fd8
C 258
R
P 0x7f2a7c191628
C 342
R
P 0x7f2a7c191628
P 0x7f2a7c486fd8
C 9
R
P 0x7f2a7c191628
C 342
R
P 0x7f2a7c191628
U 2
P 0x7f2a7c19bba8
P 0x7f2a7c486fd8
p 2
C 66
= 0x7f2a7c487010
R
P 0x7f2a7c191628
C 342
R
P 0x7f2a7c191628
P 0x7f2a7c487010
C 257
R
P 0x7f2a7c191628
C 342
R
P 0x7f2a7c191628
P 0x7f2a7c487010
C 254
= 0x7f2a7c19b1e8
R
P 0x7f2a7c191628
C 342
R
P 0x7f2a7c191628
P 0x7f2a7c19b1e8
C 209
R
P 0x7f2a7c191628
C 342
R
P 0x7f2a7c191628
P 0x7f2a7c487010
C 260
R
P 0x7f2a7c191628
C 342
R
P 0x7f2a7c191628
P 0x7f2a7c487010
C 259
R
P 0x7f2a7c191628
C 342
R
P 0x7f2a7c191628
P 0x7f2a7c487010
C 258
R
P 0x7f2a7c191628
C 342
R
P 0x7f2a7c191628
P 0x7f2a7c487010
C 9
R
P 0x7f2a7c191628
C 342
R
P 0x7f2a7c191628
U 2
P 0x7f2a7c19bc28
P 0x7f2a7c487010
p 2
C 65
= 0x7f2a7c487048
R
P 0x7f2a7c191628
C 342
R
P 0x7f2a7c191628
P 0x7f2a7c487048
C 257
R
P 0x7f2a7c191628
C 342
R
P 0x7f2a7c191628
P 0x7f2a7c487048
C 254
= 0x7f2a7c19b1e8
R
P 0x7f2a7c191628
C 342
R
P 0x7f2a7c191628
P 0x7f2a7c19b1e8
C 209
R
P 0x7f2a7c191628
C 342
R
P 0x7f2a7c191628
P 0x7f2a7c487048
C 260
R
P 0x7f2a7c191628
C 342
R
P 0x7f2a7c191628
P 0x7f2a7c487048
C 259
R
P 0x7f2a7c191628
C 342
R
P 0x7f2a7c191628
P 0x7f2a7c487048
C 258
R
P 0x7f2a7c191628
C 342
R
P 0x7f2a7c191628
P 0x7f2a7c487048
C 9
R
P 0x7f2a7c191628
C 342
R
P 0x7f2a7c191628
P 0x7f2a7c486fa0
P 0x7f2a7c487048
P 0x7f2a7c19bc28
C 59
= 0x7f2a7c19f948
R
P 0x7f2a7c191628
C 342
R
P 0x7f2a7c191628
P 0x7f2a7c19f948
C 257
R
P 0x7f2a7c191628
C 342
R
P 0x7f2a7c191628
P 0x7f2a7c19f948
C 254
= 0x7f2a7c19b1e8
R
P 0x7f2a7c191628
C 342
R
P 0x7f2a7c191628
P 0x7f2a7c19b1e8
C 209
R
P 0x7f2a7c191628
C 342
R
P 0x7f2a7c191628
P 0x7f2a7c19f948
C 260
R
P 0x7f2a7c191628
C 342
R
P 0x7f2a7c191628
P 0x7f2a7c19f948
C 259
R
P 0x7f2a7c191628
C 342
R
P 0x7f2a7c191628
P 0x7f2a7c19f948
C 258
R
P 0x7f2a7c191628
C 342
R
P 0x7f2a7c191628
P 0x7f2a7c19f948
C 9
R
P 0x7f2a7c191628
C 342
R
P 0x7f2a7c191628
U 2
P 0x7f2a7c19f948
P 0x7f2a7c19bb48
p 2
C 65
= 0x7f2a7c487080
R
P 0x7f2a7c191628
C 342
R
P 0x7f2a7c191628
P 0x7f2a7c487080
C 257
R
P 0x7f2a7c191628
C 342
R
P 0x7f2a7c191628
P 0x7f2a7c487080
C 254
= 0x7f2a7c19b1e8
R
P 0x7f2a7c191628
C 342
R
P 0x7f2a7c191628
P 0x7f2a7c19b1e8
C 209
R
P 0x7f2a7c191628
C 342
R
P 0x7f2a7c191628
P 0x7f2a7c487080
C 260
R
P 0x7f2a7c191628
C 342
R
P 0x7f2a7c191628
P 0x7f2a7c487080
C 259
R
P 0x7f2a7c191628
C 342
R
P 0x7f2a7c191628
P 0x7f2a7c487080
C 258
R
P 0x7f2a7c191628
C 342
R
P 0x7f2a7c191628
P 0x7f2a7c487080
C 9
R
P 0x7f2a7c191628
C 342
R
P 0x7f2a7c191628
P 0x7f2a7c19bc68
C 333
R
P 0x7f2a7c191628
C 342
R
P 0x7f2a7c191628
S "slotflowPriorityStart"
C 30
R
P 0x7f2a7c191628
C 342
R
P 0x7f2a7c191628
$ |slotflowPriorityStart|
C 202
R
P 0x7f2a7c191628
C 342
R
P 0x7f2a7c191628
$ |slotflowPriorityStart|
P 0x7f2a7c19b1e8
C 51
= 0x7f2a7c19c2a8
R
P 0x7f2a7c191628
C 342
R
P 0x7f2a7c191628
P 0x7f2a7c19c2a8
C 257
R
P 0x7f2a7c191628
C 342
R
P 0x7f2a7c191628
P 0x7f2a7c19c2a8
C 254
= 0x7f2a7c19b1e8
R
P 0x7f2a7c191628
C 342
R
P 0x7f2a7c191628
P 0x7f2a7c19b1e8
C 209
R
P 0x7f2a7c191628
C 342
R
P 0x7f2a7c191628
P 0x7f2a7c19c2a8
C 260
R
P 0x7f2a7c191628
C 342
R
P 0x7f2a7c191628
P 0x7f2a7c19c2a8
C 259
R
P 0x7f2a7c191628
C 342
R
P 0x7f2a7c191628
P 0x7f2a7c19c2a8
C 258
R
P 0x7f2a7c191628
C 342
R
P 0x7f2a7c191628
P 0x7f2a7c19c2a8
C 9
R
P 0x7f2a7c191628
C 342
R
P 0x7f2a7c191628
P 0x7f2a7c19bc68
C 333
R
P 0x7f2a7c191628
C 342
R
P 0x7f2a7c191628
S "slotflowPriorityDuration"
C 30
R
P 0x7f2a7c191628
C 342
R
P 0x7f2a7c191628
$ |slotflowPriorityDuration|
C 202
R
P 0x7f2a7c191628
C 342
R
P 0x7f2a7c191628
$ |slotflowPriorityDuration|
P 0x7f2a7c19b1e8
C 51
= 0x7f2a7c19c268
R
P 0x7f2a7c191628
C 342
R
P 0x7f2a7c191628
P 0x7f2a7c19c268
C 257
R
P 0x7f2a7c191628
C 342
R
P 0x7f2a7c191628
P 0x7f2a7c19c268
C 254
= 0x7f2a7c19b1e8
R
P 0x7f2a7c191628
C 342
R
P 0x7f2a7c191628
P 0x7f2a7c19b1e8
C 209
R
P 0x7f2a7c191628
C 342
R
P 0x7f2a7c191628
P 0x7f2a7c19c268
C 260
R
P 0x7f2a7c191628
C 342
R
P 0x7f2a7c191628
P 0x7f2a7c19c268
C 259
R
P 0x7f2a7c191628
C 342
R
P 0x7f2a7c191628
P 0x7f2a7c19c268
C 258
R
P 0x7f2a7c191628
C 342
R
P 0x7f2a7c191628
P 0x7f2a7c19c268
C 9
R
P 0x7f2a7c191628
C 342
R
P 0x7f2a7c191628
U 2
P 0x7f2a7c19c2a8
P 0x7f2a7c19c268
p 2
C 65
= 0x7f2a7c487908
R
P 0x7f2a7c191628
C 342
R
P 0x7f2a7c191628
P 0x7f2a7c487908
C 257
R
P 0x7f2a7c191628
C 342
R
P 0x7f2a7c191628
P 0x7f2a7c487908
C 254
= 0x7f2a7c19b1e8
R
P 0x7f2a7c191628
C 342
R
P 0x7f2a7c191628
P 0x7f2a7c19b1e8
C 209
R
P 0x7f2a7c191628
C 342
R
P 0x7f2a7c191628
P 0x7f2a7c487908
C 260
R
P 0x7f2a7c191628
C 342
R
P 0x7f2a7c191628
P 0x7f2a7c487908
C 259
R
P 0x7f2a7c191628
C 342
R
P 0x7f2a7c191628
P 0x7f2a7c487908
C 258
R
P 0x7f2a7c191628
C 342
R
P 0x7f2a7c191628
P 0x7f2a7c487908
C 9
R
P 0x7f2a7c191628
C 342
R
P 0x7f2a7c191628
I 4
P 0x7f2a7c19b208
C 150
= 0x7f2a7c19c028
R
P 0x7f2a7c191628
C 342
R
P 0x7f2a7c191628
P 0x7f2a7c19c028
C 258
R
P 0x7f2a7c191628
C 342
R
P 0x7f2a7c191628
P 0x7f2a7c19c028
C 9
R
P 0x7f2a7c191628
C 342
R
P 0x7f2a7c191628
I 1
P 0x7f2a7c19b208
C 150
= 0x7f2a7c19bc88
R
P 0x7f2a7c191628
C 342
R
P 0x7f2a7c191628
P 0x7f2a7c19bc88
C 258
R
P 0x7f2a7c191628
C 342
R
P 0x7f2a7c191628
P 0x7f2a7c19bc88
C 9
R
P 0x7f2a7c191628
C 342
R
P 0x7f2a7c191628
P 0x7f2a7c19c028
P 0x7f2a7c19bc88
C 75
= 0x7f2a7c487390
R
P 0x7f2a7c191628
C 342
R
P 0x7f2a7c191628
P 0x7f2a7c487390
C 258
R
P 0x7f2a7c191628
C 342
R
P 0x7f2a7c191628
P 0x7f2a7c487390
C 9
R
P 0x7f2a7c191628
C 342
R
P 0x7f2a7c191628
I 1
P 0x7f2a7c19b208
C 150
= 0x7f2a7c19bc88
R
P 0x7f2a7c191628
C 342
R
P 0x7f2a7c191628
P 0x7f2a7c19bc88
C 258
R
P 0x7f2a7c191628
C 342
R
P 0x7f2a7c191628
P 0x7f2a7c19bc88
C 9
R
P 0x7f2a7c191628
C 342
R
P 0x7f2a7c191628
U 2
P 0x7f2a7c19c028
P 0x7f2a7c19bc88
p 2
C 67
= 0x7f2a7c4873c8
R
P 0x7f2a7c191628
C 342
R
P 0x7f2a7c191628
P 0x7f2a7c4873c8
C 257
R
P 0x7f2a7c191628
C 342
R
P 0x7f2a7c191628
P 0x7f2a7c4873c8
C 254
= 0x7f2a7c19b208
R
P 0x7f2a7c191628
C 342
R
P 0x7f2a7c191628
P 0x7f2a7c19b208
C 209
R
P 0x7f2a7c191628
C 342
R
P 0x7f2a7c191628
P 0x7f2a7c4873c8
C 260
R
P 0x7f2a7c191628
C 342
R
P 0x7f2a7c191628
P 0x7f2a7c4873c8
C 259
R
P 0x7f2a7c191628
C 342
R
P 0x7f2a7c191628
P 0x7f2a7c4873c8
C 258
R
P 0x7f2a7c191628
C 342
R
P 0x7f2a7c191628
P 0x7f2a7c4873c8
C 9
R
P 0x7f2a7c191628
C 342
R
P 0x7f2a7c191628
U 2
P 0x7f2a7c19bbe8
P 0x7f2a7c4873c8
p 2
C 66
= 0x7f2a7c488158
R
P 0x7f2a7c191628
C 342
R
P 0x7f2a7c191628
P 0x7f2a7c488158
C 257
R
P 0x7f2a7c191628
C 342
R
P 0x7f2a7c191628
P 0x7f2a7c488158
C 254
= 0x7f2a7c19b208
R
P 0x7f2a7c191628
C 342
R
P 0x7f2a7c191628
P 0x7f2a7c19b208
C 209
R
P 0x7f2a7c191628
C 342
R
P 0x7f2a7c191628
P 0x7f2a7c488158
C 260
R
P 0x7f2a7c191628
C 342
R
P 0x7f2a7c191628
P 0x7f2a7c488158
C 259
R
P 0x7f2a7c191628
C 342
R
P 0x7f2a7c191628
P 0x7f2a7c488158
C 258
R
P 0x7f2a7c191628
C 342
R
P 0x7f2a7c191628
P 0x7f2a7c488158
C 9
R
P 0x7f2a7c191628
C 342
R
P 0x7f2a7c191628
U 2
P 0x7f2a7c19bb88
P 0x7f2a7c488158
p 2
C 65
= 0x7f2a7c488190
R
P 0x7f2a7c191628
C 342
R
P 0x7f2a7c191628
P 0x7f2a7c488190
C 257
R
P 0x7f2a7c191628
C 342
R
P 0x7f2a7c191628
P 0x7f2a7c488190
C 254
= 0x7f2a7c19b1e8
R
P 0x7f2a7c191628
C 342
R
P 0x7f2a7c191628
P 0x7f2a7c19b1e8
C 209
R
P 0x7f2a7c191628
C 342
R
P 0x7f2a7c191628
P 0x7f2a7c488190
C 260
R
P 0x7f2a7c191628
C 342
R
P 0x7f2a7c191628
P 0x7f2a7c488190
C 259
R
P 0x7f2a7c191628
C 342
R
P 0x7f2a7c191628
P 0x7f2a7c488190
C 258
R
P 0x7f2a7c191628
C 342
R
P 0x7f2a7c191628
P 0x7f2a7c488190
C 9
R
P 0x7f2a7c191628
C 342
R
P 0x7f2a7c191628
P 0x7f2a7c487390
P 0x7f2a7c488190
P 0x7f2a7c19bb88
C 59
= 0x7f2a7c19fb08
R
P 0x7f2a7c191628
C 342
R
P 0x7f2a7c191628
P 0x7f2a7c19fb08
C 257
R
P 0x7f2a7c191628
C 342
R
P 0x7f2a7c191628
P 0x7f2a7c19fb08
C 254
= 0x7f2a7c19b1e8
R
P 0x7f2a7c191628
C 342
R
P 0x7f2a7c191628
P 0x7f2a7c19b1e8
C 209
R
P 0x7f2a7c191628
C 342
R
P 0x7f2a7c191628
P 0x7f2a7c19fb08
C 260
R
P 0x7f2a7c191628
C 342
R
P 0x7f2a7c191628
P 0x7f2a7c19fb08
C 259
R
P 0x7f2a7c191628
C 342
R
P 0x7f2a7c191628
P 0x7f2a7c19fb08
C 258
R
P 0x7f2a7c191628
C 342
R
P 0x7f2a7c191628
P 0x7f2a7c19fb08
C 9
R
P 0x7f2a7c191628
C 342
R
P 0x7f2a7c191628
U 2
P 0x7f2a7c487908
P 0x7f2a7c19fb08
p 2
C 65
= 0x7f2a7c4881c8
R
P 0x7f2a7c191628
C 342
R
P 0x7f2a7c191628
P 0x7f2a7c4881c8
C 257
R
P 0x7f2a7c191628
C 342
R
P 0x7f2a7c191628
P 0x7f2a7c4881c8
C 254
= 0x7f2a7c19b1e8
R
P 0x7f2a7c191628
C 342
R
P 0x7f2a7c191628
P 0x7f2a7c19b1e8
C 209
R
P 0x7f2a7c191628
C 342
R
P 0x7f2a7c191628
P 0x7f2a7c4881c8
C 260
R
P 0x7f2a7c191628
C 342
R
P 0x7f2a7c191628
P 0x7f2a7c4881c8
C 259
R
P 0x7f2a7c191628
C 342
R
P 0x7f2a7c191628
P 0x7f2a7c4881c8
C 258
R
P 0x7f2a7c191628
C 342
R
P 0x7f2a7c191628
P 0x7f2a7c4881c8
C 9
R
P 0x7f2a7c191628
C 342
R
P 0x7f2a7c191628
U 2
P 0x7f2a7c4881c8
P 0x7f2a7c19bb68
p 2
C 67
= 0x7f2a7c488200
R
P 0x7f2a7c191628
C 342
R
P 0x7f2a7c191628
P 0x7f2a7c488200
C 257
R
P 0x7f2a7c191628
C 342
R
P 0x7f2a7c191628
P 0x7f2a7c488200
C 254
= 0x7f2a7c19b1e8
R
P 0x7f2a7c191628
C 342
R
P 0x7f2a7c191628
P 0x7f2a7c19b1e8
C 209
R
P 0x7f2a7c191628
C 342
R
P 0x7f2a7c191628
P 0x7f2a7c488200
C 260
R
P 0x7f2a7c191628
C 342
R
P 0x7f2a7c191628
P 0x7f2a7c488200
C 259
R
P 0x7f2a7c191628
C 342
R
P 0x7f2a7c191628
P 0x7f2a7c488200
C 258
R
P 0x7f2a7c191628
C 342
R
P 0x7f2a7c191628
P 0x7f2a7c488200
C 9
R
P 0x7f2a7c191628
C 342
R
P 0x7f2a7c191628
P 0x7f2a7c487080
P 0x7f2a7c488200
C 75
= 0x7f2a7c48c3e0
R
P 0x7f2a7c191628
C 342
R
P 0x7f2a7c191628
P 0x7f2a7c48c3e0
C 258
R
P 0x7f2a7c191628
C 342
R
P 0x7f2a7c191628
P 0x7f2a7c48c3e0
C 9
R
P 0x7f2a7c191628
C 342
R
P 0x7f2a7c191628
I 0
P 0x7f2a7c19b208
C 150
= 0x7f2a7c19bd08
R
P 0x7f2a7c191628
C 342
R
P 0x7f2a7c191628
P 0x7f2a7c19bd08
C 258
R
P 0x7f2a7c191628
C 342
R
P 0x7f2a7c191628
P 0x7f2a7c19bd08
C 9
R
P 0x7f2a7c191628
C 342
R
P 0x7f2a7c191628
I 1
P 0x7f2a7c19b208
C 150
= 0x7f2a7c19bc88
R
P 0x7f2a7c191628
C 342
R
P 0x7f2a7c191628
P 0x7f2a7c19bc88
C 258
R
P 0x7f2a7c191628
C 342
R
P 0x7f2a7c191628
P 0x7f2a7c19bc88
C 9
R
P 0x7f2a7c191628
C 342
R
P 0x7f2a7c191628
P 0x7f2a7c19bd08
P 0x7f2a7c19bc88
C 75
= 0x7f2a7c486fa0
R
P 0x7f2a7c191628
C 342
R
P 0x7f2a7c191628
P 0x7f2a7c486fa0
C 258
R
P 0x7f2a7c191628
C 342
R
P 0x7f2a7c191628
P 0x7f2a7c486fa0
C 9
R
P 0x7f2a7c191628
C 342
R
P 0x7f2a7c191628
I 1
P 0x7f2a7c19b208
C 150
= 0x7f2a7c19bc88
R
P 0x7f2a7c191628
C 342
R
P 0x7f2a7c191628
P 0x7f2a7c19bc88
C 258
R
P 0x7f2a7c191628
C 342
R
P 0x7f2a7c191628
P 0x7f2a7c19bc88
C 9
R
P 0x7f2a7c191628
C 342
R
P 0x7f2a7c191628
U 2
P 0x7f2a7c19bd08
P 0x7f2a7c19bc88
p 2
C 67
= 0x7f2a7c486fd8
R
P 0x7f2a7c191628
C 342
R
P 0x7f2a7c191628
P 0x7f2a7c486fd8
C 257
R
P 0x7f2a7c191628
C 342
R
P 0x7f2a7c191628
P 0x7f2a7c486fd8
C 254
= 0x7f2a7c19b208
R
P 0x7f2a7c191628
C 342
R
P 0x7f2a7c191628
P 0x7f2a7c19b208
C 209
R
P 0x7f2a7c191628
C 342
R
P 0x7f2a7c191628
P 0x7f2a7c486fd8
C 260
R
P 0x7f2a7c191628
C 342
R
P 0x7f2a7c191628
P 0x7f2a7c486fd8
C 259
R
P 0x7f2a7c191628
C 342
R
P 0x7f2a7c191628
P 0x7f2a7c486fd8
C 258
R
P 0x7f2a7c191628
C 342
R
P 0x7f2a7c191628
P 0x7f2a7c486fd8
C 9
R
P 0x7f2a7c191628
C 342
R
P 0x7f2a7c191628
U 2
P 0x7f2a7c19bba8
P 0x7f2a7c486fd8
p 2
C 66
= 0x7f2a7c487010
R
P 0x7f2a7c191628
C 342
R
P 0x7f2a7c191628
P 0x7f2a7c487010
C 257
R
P 0x7f2a7c191628
C 342
R
P 0x7f2a7c191628
P 0x7f2a7c487010
C 254
= 0x7f2a7c19b1e8
R
P 0x7f2a7c191628
C 342
R
P 0x7f2a7c191628
P 0x7f2a7c19b1e8
C 209
R
P 0x7f2a7c191628
C 342
R
P 0x7f2a7c191628
P 0x7f2a7c487010
C 260
R
P 0x7f2a7c191628
C 342
R
P 0x7f2a7c191628
P 0x7f2a7c487010
C 259
R
P 0x7f2a7c191628
C 342
R
P 0x7f2a7c191628
P 0x7f2a7c487010
C 258
R
P 0x7f2a7c191628
C 342
R
P 0x7f2a7c191628
P 0x7f2a7c487010
C 9
R
P 0x7f2a7c191628
C 342
R
P 0x7f2a7c191628
U 2
P 0x7f2a7c19bc28
P 0x7f2a7c487010
p 2
C 65
= 0x7f2a7c487048
R
P 0x7f2a7c191628
C 342
R
P 0x7f2a7c191628
P 0x7f2a7c487048
C 257
R
P 0x7f2a7c191628
C 342
R
P 0x7f2a7c191628
P 0x7f2a7c487048
C 254
= 0x7f2a7c19b1e8
R
P 0x7f2a7c191628
C 342
R
P 0x7f2a7c191628
P 0x7f2a7c19b1e8
C 209
R
P 0x7f2a7c191628
C 342
R
P 0x7f2a7c191628
P 0x7f2a7c487048
C 260
R
P 0x7f2a7c191628
C 342
R
P 0x7f2a7c191628
P 0x7f2a7c487048
C 259
R
P 0x7f2a7c191628
C 342
R
P 0x7f2a7c191628
P 0x7f2a7c487048
C 258
R
P 0x7f2a7c191628
C 342
R
P 0x7f2a7c191628
P 0x7f2a7c487048
C 9
R
P 0x7f2a7c191628
C 342
R
P 0x7f2a7c191628
P 0x7f2a7c486fa0
P 0x7f2a7c487048
P 0x7f2a7c19bc28
C 59
= 0x7f2a7c19f948
R
P 0x7f2a7c191628
C 342
R
P 0x7f2a7c191628
P 0x7f2a7c19f948
C 257
R
P 0x7f2a7c191628
C 342
R
P 0x7f2a7c191628
P 0x7f2a7c19f948
C 254
= 0x7f2a7c19b1e8
R
P 0x7f2a7c191628
C 342
R
P 0x7f2a7c191628
P 0x7f2a7c19b1e8
C 209
R
P 0x7f2a7c191628
C 342
R
P 0x7f2a7c191628
P 0x7f2a7c19f948
C 260
R
P 0x7f2a7c191628
C 342
R
P 0x7f2a7c191628
P 0x7f2a7c19f948
C 259
R
P 0x7f2a7c191628
C 342
R
P 0x7f2a7c191628
P 0x7f2a7c19f948
C 258
R
P 0x7f2a7c191628
C 342
R
P 0x7f2a7c191628
P 0x7f2a7c19f948
C 9
R
P 0x7f2a7c191628
C 342
R
P 0x7f2a7c191628
U 2
P 0x7f2a7c19f948
P 0x7f2a7c19bb48
p 2
C 65
= 0x7f2a7c487080
R
P 0x7f2a7c191628
C 342
R
P 0x7f2a7c191628
P 0x7f2a7c487080
C 257
R
P 0x7f2a7c191628
C 342
R
P 0x7f2a7c191628
P 0x7f2a7c487080
C 254
= 0x7f2a7c19b1e8
R
P 0x7f2a7c191628
C 342
R
P 0x7f2a7c191628
P 0x7f2a7c19b1e8
C 209
R
P 0x7f2a7c191628
C 342
R
P 0x7f2a7c191628
P 0x7f2a7c487080
C 260
R
P 0x7f2a7c191628
C 342
R
P 0x7f2a7c191628
P 0x7f2a7c487080
C 259
R
P 0x7f2a7c191628
C 342
R
P 0x7f2a7c191628
P 0x7f2a7c487080
C 258
R
P 0x7f2a7c191628
C 342
R
P 0x7f2a7c191628
P 0x7f2a7c487080
C 9
R
P 0x7f2a7c191628
C 342
R
P 0x7f2a7c191628
I 4
P 0x7f2a7c19b208
C 150
= 0x7f2a7c19c028
R
P 0x7f2a7c191628
C 342
R
P 0x7f2a7c191628
P 0x7f2a7c19c028
C 258
R
P 0x7f2a7c191628
C 342
R
P 0x7f2a7c191628
P 0x7f2a7c19c028
C 9
R
P 0x7f2a7c191628
C 342
R
P 0x7f2a7c191628
I 1
P 0x7f2a7c19b208
C 150
= 0x7f2a7c19bc88
R
P 0x7f2a7c191628
C 342
R
P 0x7f2a7c191628
P 0x7f2a7c19bc88
C 258
R
P 0x7f2a7c191628
C 342
R
P 0x7f2a7c191628
P 0x7f2a7c19bc88
C 9
R
P 0x7f2a7c191628
C 342
R
P 0x7f2a7c191628
P 0x7f2a7c19c028
P 0x7f2a7c19bc88
C 75
= 0x7f2a7c487390
R
P 0x7f2a7c191628
C 342
R
P 0x7f2a7c191628
P 0x7f2a7c487390
C 258
R
P 0x7f2a7c191628
C 342
R
P 0x7f2a7c191628
P 0x7f2a7c487390
C 9
R
P 0x7f2a7c191628
C 342
R
P 0x7f2a7c191628
I 1
P 0x7f2a7c19b208
C 150
= 0x7f2a7c19bc88
R
P 0x7f2a7c191628
C 342
R
P 0x7f2a7c191628
P 0x7f2a7c19bc88
C 258
R
P 0x7f2a7c191628
C 342
R
P 0x7f2a7c191628
P 0x7f2a7c19bc88
C 9
R
P 0x7f2a7c191628
C 342
R
P 0x7f2a7c191628
U 2
P 0x7f2a7c19c028
P 0x7f2a7c19bc88
p 2
C 67
= 0x7f2a7c4873c8
R
P 0x7f2a7c191628
C 342
R
P 0x7f2a7c191628
P 0x7f2a7c4873c8
C 257
R
P 0x7f2a7c191628
C 342
R
P 0x7f2a7c191628
P 0x7f2a7c4873c8
C 254
= 0x7f2a7c19b208
R
P 0x7f2a7c191628
C 342
R
P 0x7f2a7c191628
P 0x7f2a7c19b208
C 209
R
P 0x7f2a7c191628
C 342
R
P 0x7f2a7c191628
P 0x7f2a7c4873c8
C 260
R
P 0x7f2a7c191628
C 342
R
P 0x7f2a7c191628
P 0x7f2a7c4873c8
C 259
R
P 0x7f2a7c191628
C 342
R
P 0x7f2a7c191628
P 0x7f2a7c4873c8
C 258
R
P 0x7f2a7c191628
C 342
R
P 0x7f2a7c191628
P 0x7f2a7c4873c8
C 9
R
P 0x7f2a7c191628
C 342
R
P 0x7f2a7c191628
U 2
P 0x7f2a7c19bbe8
P 0x7f2a7c4873c8
p 2
C 66
= 0x7f2a7c488158
R
P 0x7f2a7c191628
C 342
R
P 0x7f2a7c191628
P 0x7f2a7c488158
C 257
R
P 0x7f2a7c191628
C 342
R
P 0x7f2a7c191628
P 0x7f2a7c488158
C 254
= 0x7f2a7c19b208
R
P 0x7f2a7c191628
C 342
R
P 0x7f2a7c191628
P 0x7f2a7c19b208
C 209
R
P 0x7f2a7c191628
C 342
R
P 0x7f2a7c191628
P 0x7f2a7c488158
C 260
R
P 0x7f2a7c191628
C 342
R
P 0x7f2a7c191628
P 0x7f2a7c488158
C 259
R
P 0x7f2a7c191628
C 342
R
P 0x7f2a7c191628
P 0x7f2a7c488158
C 258
R
P 0x7f2a7c191628
C 342
R
P 0x7f2a7c191628
P 0x7f2a7c488158
C 9
R
P 0x7f2a7c191628
C 342
R
P 0x7f2a7c191628
U 2
P 0x7f2a7c19bb88
P 0x7f2a7c488158
p 2
C 65
= 0x7f2a7c488190
R
P 0x7f2a7c191628
C 342
R
P 0x7f2a7c191628
P 0x7f2a7c488190
C 257
R
P 0x7f2a7c191628
C 342
R
P 0x7f2a7c191628
P 0x7f2a7c488190
C 254
= 0x7f2a7c19b1e8
R
P 0x7f2a7c191628
C 342
R
P 0x7f2a7c191628
P 0x7f2a7c19b1e8
C 209
R
P 0x7f2a7c191628
C 342
R
P 0x7f2a7c191628
P 0x7f2a7c488190
C 260
R
P 0x7f2a7c191628
C 342
R
P 0x7f2a7c191628
P 0x7f2a7c488190
C 259
R
P 0x7f2a7c191628
C 342
R
P 0x7f2a7c191628
P 0x7f2a7c488190
C 258
R
P 0x7f2a7c191628
C 342
R
P 0x7f2a7c191628
P 0x7f2a7c488190
C 9
R
P 0x7f2a7c191628
C 342
R
P 0x7f2a7c191628
P 0x7f2a7c487390
P 0x7f2a7c488190
P 0x7f2a7c19bb88
C 59
= 0x7f2a7c19fb08
R
P 0x7f2a7c191628
C 342
R
P 0x7f2a7c191628
P 0x7f2a7c19fb08
C 257
R
P 0x7f2a7c191628
C 342
R
P 0x7f2a7c191628
P 0x7f2a7c19fb08
C 254
= 0x7f2a7c19b1e8
R
P 0x7f2a7c191628
C 342
R
P 0x7f2a7c191628
P 0x7f2a7c19b1e8
C 209
R
P 0x7f2a7c191628
C 342
R
P 0x7f2a7c191628
P 0x7f2a7c19fb08
C 260
R
P 0x7f2a7c191628
C 342
R
P 0x7f2a7c191628
P 0x7f2a7c19fb08
C 259
R
P 0x7f2a7c191628
C 342
R
P 0x7f2a7c191628
P 0x7f2a7c19fb08
C 258
R
P 0x7f2a7c191628
C 342
R
P 0x7f2a7c191628
P 0x7f2a7c19fb08
C 9
R
P 0x7f2a7c191628
C 342
R
P 0x7f2a7c191628
U 2
P 0x7f2a7c19fb08
P 0x7f2a7c19bbe8
p 2
C 65
= 0x7f2a7c48c418
R
P 0x7f2a7c191628
C 342
R
P 0x7f2a7c191628
P 0x7f2a7c48c418
C 257
R
P 0x7f2a7c191628
C 342
R
P 0x7f2a7c191628
P 0x7f2a7c48c418
C 254
= 0x7f2a7c19b1e8
R
P 0x7f2a7c191628
C 342
R
P 0x7f2a7c191628
P 0x7f2a7c19b1e8
C 209
R
P 0x7f2a7c191628
C 342
R
P 0x7f2a7c191628
P 0x7f2a7c48c418
C 260
R
P 0x7f2a7c191628
C 342
R
P 0x7f2a7c191628
P 0x7f2a7c48c418
C 259
R
P 0x7f2a7c191628
C 342
R
P 0x7f2a7c191628
P 0x7f2a7c48c418
C 258
R
P 0x7f2a7c191628
C 342
R
P 0x7f2a7c191628
P 0x7f2a7c48c418
C 9
R
P 0x7f2a7c191628
C 342
R
P 0x7f2a7c191628
P 0x7f2a7c487080
P 0x7f2a7c48c418
C 74
= 0x7f2a7c48c450
R
P 0x7f2a7c191628
C 342
R
P 0x7f2a7c191628
P 0x7f2a7c48c450
C 258
R
P 0x7f2a7c191628
C 342
R
P 0x7f2a7c191628
P 0x7f2a7c48c450
C 9
R
P 0x7f2a7c191628
C 342
R
P 0x7f2a7c191628
U 2
P 0x7f2a7c48c3e0
P 0x7f2a7c48c450
p 2
C 63
= 0x7f2a7c48c488
R
P 0x7f2a7c191628
C 342
R
P 0x7f2a7c191628
P 0x7f2a7c48c488
C 258
R
P 0x7f2a7c191628
C 342
R
P 0x7f2a7c191628
P 0x7f2a7c48c488
C 9
R
P 0x7f2a7c191628
C 342
R
P 0x7f2a7c191628
I 0
P 0x7f2a7c19b208
C 150
= 0x7f2a7c19bd08
R
P 0x7f2a7c191628
C 342
R
P 0x7f2a7c191628
P 0x7f2a7c19bd08
C 258
R
P 0x7f2a7c191628
C 342
R
P 0x7f2a7c191628
P 0x7f2a7c19bd08
C 9
R
P 0x7f2a7c191628
C 342
R
P 0x7f2a7c191628
P 0x7f2a7c19bd08
C 263
R
P 0x7f2a7c191628
C 342
R
P 0x7f2a7c191628
S "dev0T30"
C 30
R
P 0x7f2a7c191628
C 342
R
P 0x7f2a7c191628
$ |dev0T30|
C 202
R
P 0x7f2a7c191628
C 342
R
P 0x7f2a7c191628
$ |dev0T30|
P 0x7f2a7c19b1e8
C 51
= 0x7f2a7c19c208
R
P 0x7f2a7c191628
C 342
R
P 0x7f2a7c191628
P 0x7f2a7c19c208
C 257
R
P 0x7f2a7c191628
C 342
R
P 0x7f2a7c191628
P 0x7f2a7c19c208
C 254
= 0x7f2a7c19b1e8
R
P 0x7f2a7c191628
C 342
R
P 0x7f2a7c191628
P 0x7f2a7c19b1e8
C 209
R
P 0x7f2a7c191628
C 342
R
P 0x7f2a7c191628
P 0x7f2a7c19c208
C 260
R
P 0x7f2a7c191628
C 342
R
P 0x7f2a7c191628
P 0x7f2a7c19c208
C 259
R
P 0x7f2a7c191628
C 342
R
P 0x7f2a7c191628
P 0x7f2a7c19c208
C 258
R
P 0x7f2a7c191628
C 342
R
P 0x7f2a7c191628
P 0x7f2a7c19c208
C 9
R
P 0x7f2a7c191628
C 342
R
P 0x7f2a7c191628
P 0x7f2a7c19bc68
C 333
R
P 0x7f2a7c191628
C 342
R
P 0x7f2a7c191628
S "slotflowPriorityStart"
C 30
R
P 0x7f2a7c191628
C 342
R
P 0x7f2a7c191628
$ |slotflowPriorityStart|
C 202
R
P 0x7f2a7c191628
C 342
R
P 0x7f2a7c191628
$ |slotflowPriorityStart|
P 0x7f2a7c19b1e8
C 51
= 0x7f2a7c19c2a8
R
P 0x7f2a7c191628
C 342
R
P 0x7f2a7c191628
P 0x7f2a7c19c2a8
C 257
R
P 0x7f2a7c191628
C 342
R
P 0x7f2a7c191628
P 0x7f2a7c19c2a8
C 254
= 0x7f2a7c19b1e8
R
P 0x7f2a7c191628
C 342
R
P 0x7f2a7c191628
P 0x7f2a7c19b1e8
C 209
R
P 0x7f2a7c191628
C 342
R
P 0x7f2a7c191628
P 0x7f2a7c19c2a8
C 260
R
P 0x7f2a7c191628
C 342
R
P 0x7f2a7c191628
P 0x7f2a7c19c2a8
C 259
R
P 0x7f2a7c191628
C 342
R
P 0x7f2a7c191628
P 0x7f2a7c19c2a8
C 258
R
P 0x7f2a7c191628
C 342
R
P 0x7f2a7c191628
P 0x7f2a7c19c2a8
C 9
R
P 0x7f2a7c191628
C 342
R
P 0x7f2a7c191628
P 0x7f2a7c19bc68
C 333
R
P 0x7f2a7c191628
C 342
R
P 0x7f2a7c191628
S "slotflowPriorityDuration"
C 30
R
P 0x7f2a7c191628
C 342
R
P 0x7f2a7c191628
$ |slotflowPriorityDuration|
C 202
R
P 0x7f2a7c191628
C 342
R
P 0x7f2a7c191628
$ |slotflowPriorityDuration|
P 0x7f2a7c19b1e8
C 51
= 0x7f2a7c19c268
R
P 0x7f2a7c191628
C 342
R
P 0x7f2a7c191628
P 0x7f2a7c19c268
C 257
R
P 0x7f2a7c191628
C 342
R
P 0x7f2a7c191628
P 0x7f2a7c19c268
C 254
= 0x7f2a7c19b1e8
R
P 0x7f2a7c191628
C 342
R
P 0x7f2a7c191628
P 0x7f2a7c19b1e8
C 209
R
P 0x7f2a7c191628
C 342
R
P 0x7f2a7c191628
P 0x7f2a7c19c268
C 260
R
P 0x7f2a7c191628
C 342
R
P 0x7f2a7c191628
P 0x7f2a7c19c268
C 259
R
P 0x7f2a7c191628
C 342
R
P 0x7f2a7c191628
P 0x7f2a7c19c268
C 258
R
P 0x7f2a7c191628
C 342
R
P 0x7f2a7c191628
P 0x7f2a7c19c268
C 9
R
P 0x7f2a7c191628
C 342
R
P 0x7f2a7c191628
U 2
P 0x7f2a7c19c2a8
P 0x7f2a7c19c268
p 2
C 65
= 0x7f2a7c487908
R
P 0x7f2a7c191628
C 342
R
P 0x7f2a7c191628
P 0x7f2a7c487908
C 257
R
P 0x7f2a7c191628
C 342
R
P 0x7f2a7c191628
P 0x7f2a7c487908
C 254
= 0x7f2a7c19b1e8
R
P 0x7f2a7c191628
C 342
R
P 0x7f2a7c191628
P 0x7f2a7c19b1e8
C 209
R
P 0x7f2a7c191628
C 342
R
P 0x7f2a7c191628
P 0x7f2a7c487908
C 260
R
P 0x7f2a7c191628
C 342
R
P 0x7f2a7c191628
P 0x7f2a7c487908
C 259
R
P 0x7f2a7c191628
C 342
R
P 0x7f2a7c191628
P 0x7f2a7c487908
C 258
R
P 0x7f2a7c191628
C 342
R
P 0x7f2a7c191628
P 0x7f2a7c487908
C 9
R
P 0x7f2a7c191628
C 342
R
P 0x7f2a7c191628
I 5
P 0x7f2a7c19b208
C 150
= 0x7f2a7c19c088
R
P 0x7f2a7c191628
C 342
R
P 0x7f2a7c191628
P 0x7f2a7c19c088
C 258
R
P 0x7f2a7c191628
C 342
R
P 0x7f2a7c191628
P 0x7f2a7c19c088
C 9
R
P 0x7f2a7c191628
C 342
R
P 0x7f2a7c191628
I 1
P 0x7f2a7c19b208
C 150
= 0x7f2a7c19bc88
R
P 0x7f2a7c191628
C 342
R
P 0x7f2a7c191628
P 0x7f2a7c19bc88
C 258
R
P 0x7f2a7c191628
C 342
R
P 0x7f2a7c191628
P 0x7f2a7c19bc88
C 9
R
P 0x7f2a7c191628
C 342
R
P 0x7f2a7c191628
P 0x7f2a7c19c088
P 0x7f2a7c19bc88
C 75
= 0x7f2a7c48c4c0
R
P 0x7f2a7c191628
C 342
R
P 0x7f2a7c191628
P 0x7f2a7c48c4c0
C 258
R
P 0x7f2a7c191628
C 342
R
P 0x7f2a7c191628
P 0x7f2a7c48c4c0
C 9
R
P 0x7f2a7c191628
C 342
R
P 0x7f2a7c191628
I 1
P 0x7f2a7c19b208
C 150
= 0x7f2a7c19bc88
R
P 0x7f2a7c191628
C 342
R
P 0x7f2a7c191628
P 0x7f2a7c19bc88
C 258
R
P 0x7f2a7c191628
C 342
R
P 0x7f2a7c191628
P 0x7f2a7c19bc88
C 9
R
P 0x7f2a7c191628
C 342
R
P 0x7f2a7c191628
U 2
P 0x7f2a7c19c088
P 0x7f2a7c19bc88
p 2
C 67
= 0x7f2a7c48c4f8
R
P 0x7f2a7c191628
C 342
R
P 0x7f2a7c191628
P 0x7f2a7c48c4f8
C 257
R
P 0x7f2a7c191628
C 342
R
P 0x7f2a7c191628
P 0x7f2a7c48c4f8
C 254
= 0x7f2a7c19b208
R
P 0x7f2a7c191628
C 342
R
P 0x7f2a7c191628
P 0x7f2a7c19b208
C 209
R
P 0x7f2a7c191628
C 342
R
P 0x7f2a7c191628
P 0x7f2a7c48c4f8
C 260
R
P 0x7f2a7c191628
C 342
R
P 0x7f2a7c191628
P 0x7f2a7c48c4f8
C 259
R
P 0x7f2a7c191628
C 342
R
P 0x7f2a7c191628
P 0x7f2a7c48c4f8
C 258
R
P 0x7f2a7c191628
C 342
R
P 0x7f2a7c191628
P 0x7f2a7c48c4f8
C 9
R
P 0x7f2a7c191628
C 342
R
P 0x7f2a7c191628
U 2
P 0x7f2a7c19bbe8
P 0x7f2a7c48c4f8
p 2
C 66
= 0x7f2a7c48c530
R
P 0x7f2a7c191628
C 342
R
P 0x7f2a7c191628
P 0x7f2a7c48c530
C 257
R
P 0x7f2a7c191628
C 342
R
P 0x7f2a7c191628
P 0x7f2a7c48c530
C 254
= 0x7f2a7c19b208
R
P 0x7f2a7c191628
C 342
R
P 0x7f2a7c191628
P 0x7f2a7c19b208
C 209
R
P 0x7f2a7c191628
C 342
R
P 0x7f2a7c191628
P 0x7f2a7c48c530
C 260
R
P 0x7f2a7c191628
C 342
R
P 0x7f2a7c191628
P 0x7f2a7c48c530
C 259
R
P 0x7f2a7c191628
C 342
R
P 0x7f2a7c191628
P 0x7f2a7c48c530
C 258
R
P 0x7f2a7c191628
C 342
R
P 0x7f2a7c191628
P 0x7f2a7c48c530
C 9
R
P 0x7f2a7c191628
C 342
R
P 0x7f2a7c191628
U 2
P 0x7f2a7c19bb88
P 0x7f2a7c48c530
p 2
C 65
= 0x7f2a7c48c568
R
P 0x7f2a7c191628
C 342
R
P 0x7f2a7c191628
P 0x7f2a7c48c568
C 257
R
P 0x7f2a7c191628
C 342
R
P 0x7f2a7c191628
P 0x7f2a7c48c568
C 254
= 0x7f2a7c19b1e8
R
P 0x7f2a7c191628
C 342
R
P 0x7f2a7c191628
P 0x7f2a7c19b1e8
C 209
R
P 0x7f2a7c191628
C 342
R
P 0x7f2a7c191628
P 0x7f2a7c48c568
C 260
R
P 0x7f2a7c191628
C 342
R
P 0x7f2a7c191628
P 0x7f2a7c48c568
C 259
R
P 0x7f2a7c191628
C 342
R
P 0x7f2a7c191628
P 0x7f2a7c48c568
C 258
R
P 0x7f2a7c191628
C 342
R
P 0x7f2a7c191628
P 0x7f2a7c48c568
C 9
R
P 0x7f2a7c191628
C 342
R
P 0x7f2a7c191628
P 0x7f2a7c48c4c0
P 0x7f2a7c48c568
P 0x7f2a7c19bb88
C 59
= 0x7f2a7c19fb48
R
P 0x7f2a7c191628
C 342
R
P 0x7f2a7c191628
P 0x7f2a7c19fb48
C 257
R
P 0x7f2a7c191628
C 342
R
P 0x7f2a7c191628
P 0x7f2a7c19fb48
C 254
= 0x7f2a7c19b1e8
R
P 0x7f2a7c191628
C 342
R
P 0x7f2a7c191628
P 0x7f2a7c19b1e8
C 209
R
P 0x7f2a7c191628
C 342
R
P 0x7f2a7c191628
P 0x7f2a7c19fb48
C 260
R
P 0x7f2a7c191628
C 342
R
P 0x7f2a7c191628
P 0x7f2a7c19fb48
C 259
R
P 0x7f2a7c191628
C 342
R
P 0x7f2a7c191628
P 0x7f2a7c19fb48
C 258
R
P 0x7f2a7c191628
C 342
R
P 0x7f2a7c191628
P 0x7f2a7c19fb48
C 9
R
P 0x7f2a7c191628
C 342
R
P 0x7f2a7c191628
U 2
P 0x7f2a7c487908
P 0x7f2a7c19fb48
p 2
C 65
= 0x7f2a7c48c5a0
R
P 0x7f2a7c191628
C 342
R
P 0x7f2a7c191628
P 0x7f2a7c48c5a0
C 257
R
P 0x7f2a7c191628
C 342
R
P 0x7f2a7c191628
P 0x7f2a7c48c5a0
C 254
= 0x7f2a7c19b1e8
R
P 0x7f2a7c191628
C 342
R
P 0x7f2a7c191628
P 0x7f2a7c19b1e8
C 209
R
P 0x7f2a7c191628
C 342
R
P 0x7f2a7c191628
P 0x7f2a7c48c5a0
C 260
R
P 0x7f2a7c191628
C 342
R
P 0x7f2a7c191628
P 0x7f2a7c48c5a0
C 259
R
P 0x7f2a7c191628
C 342
R
P 0x7f2a7c191628
P 0x7f2a7c48c5a0
C 258
R
P 0x7f2a7c191628
C 342
R
P 0x7f2a7c191628
P 0x7f2a7c48c5a0
C 9
R
P 0x7f2a7c191628
C 342
R
P 0x7f2a7c191628
P 0x7f2a7c19c208
P 0x7f2a7c48c5a0
C 74
= 0x7f2a7c48c5d8
R
P 0x7f2a7c191628
C 342
R
P 0x7f2a7c191628
P 0x7f2a7c48c5d8
C 258
R
P 0x7f2a7c191628
C 342
R
P 0x7f2a7c191628
P 0x7f2a7c48c5d8
C 9
R
P 0x7f2a7c191628
C 342
R
P 0x7f2a7c191628
I 0
P 0x7f2a7c19b208
C 150
= 0x7f2a7c19bd08
R
P 0x7f2a7c191628
C 342
R
P 0x7f2a7c191628
P 0x7f2a7c19bd08
C 258
R
P 0x7f2a7c191628
C 342
R
P 0x7f2a7c191628
P 0x7f2a7c19bd08
C 9
R
P 0x7f2a7c191628
C 342
R
P 0x7f2a7c191628
P 0x7f2a7c19bd08
C 263
R
P 0x7f2a7c191628
C 342
R
P 0x7f2a7c191628
S "dev0T30"
C 30
R
P 0x7f2a7c191628
C 342
R
P 0x7f2a7c191628
$ |dev0T30|
C 202
R
P 0x7f2a7c191628
C 342
R
P 0x7f2a7c191628
$ |dev0T30|
P 0x7f2a7c19b1e8
C 51
= 0x7f2a7c19c208
R
P 0x7f2a7c191628
C 342
R
P 0x7f2a7c191628
P 0x7f2a7c19c208
C 257
R
P 0x7f2a7c191628
C 342
R
P 0x7f2a7c191628
P 0x7f2a7c19c208
C 254
= 0x7f2a7c19b1e8
R
P 0x7f2a7c191628
C 342
R
P 0x7f2a7c191628
P 0x7f2a7c19b1e8
C 209
R
P 0x7f2a7c191628
C 342
R
P 0x7f2a7c191628
P 0x7f2a7c19c208
C 260
R
P 0x7f2a7c191628
C 342
R
P 0x7f2a7c191628
P 0x7f2a7c19c208
C 259
R
P 0x7f2a7c191628
C 342
R
P 0x7f2a7c191628
P 0x7f2a7c19c208
C 258
R
P 0x7f2a7c191628
C 342
R
P 0x7f2a7c191628
P 0x7f2a7c19c208
C 9
R
P 0x7f2a7c191628
C 342
R
P 0x7f2a7c191628
P 0x7f2a7c19bc68
C 333
R
P 0x7f2a7c191628
C 342
R
P 0x7f2a7c191628
S "slotflowPriorityStart"
C 30
R
P 0x7f2a7c191628
C 342
R
P 0x7f2a7c191628
$ |slotflowPriorityStart|
C 202
R
P 0x7f2a7c191628
C 342
R
P 0x7f2a7c191628
$ |slotflowPriorityStart|
P 0x7f2a7c19b1e8
C 51
= 0x7f2a7c19c2a8
R
P 0x7f2a7c191628
C 342
R
P 0x7f2a7c191628
P 0x7f2a7c19c2a8
C 257
R
P 0x7f2a7c191628
C 342
R
P 0x7f2a7c191628
P 0x7f2a7c19c2a8
C 254
= 0x7f2a7c19b1e8
R
P 0x7f2a7c191628
C 342
R
P 0x7f2a7c191628
P 0x7f2a7c19b1e8
C 209
R
P 0x7f2a7c191628
C 342
R
P 0x7f2a7c191628
P 0x7f2a7c19c2a8
C 260
R
P 0x7f2a7c191628
C 342
R
P 0x7f2a7c191628
P 0x7f2a7c19c2a8
C 259
R
P 0x7f2a7c191628
C 342
R
P 0x7f2a7c191628
P 0x7f2a7c19c2a8
C 258
R
P 0x7f2a7c191628
C 342
R
P 0x7f2a7c191628
P 0x7f2a7c19c2a8
C 9
R
P 0x7f2a7c191628
C 342
R
P 0x7f2a7c191628
I 4
P 0x7f2a7c19b208
C 150
= 0x7f2a7c19c028
R
P 0x7f2a7c191628
C 342
R
P 0x7f2a7c191628
P 0x7f2a7c19c028
C 258
R
P 0x7f2a7c191628
C 342
R
P 0x7f2a7c191628
P 0x7f2a7c19c028
C 9
R
P 0x7f2a7c191628
C 342
R
P 0x7f2a7c191628
I 1
P 0x7f2a7c19b208
C 150
= 0x7f2a7c19bc88
R
P 0x7f2a7c191628
C 342
R
P 0x7f2a7c191628
P 0x7f2a7c19bc88
C 258
R
P 0x7f2a7c191628
C 342
R
P 0x7f2a7c191628
P 0x7f2a7c19bc88
C 9
R
P 0x7f2a7c191628
C 342
R
P 0x7f2a7c191628
P 0x7f2a7c19c028
P 0x7f2a7c19bc88
C 75
= 0x7f2a7c487390
R
P 0x7f2a7c191628
C 342
R
P 0x7f2a7c191628
P 0x7f2a7c487390
C 258
R
P 0x7f2a7c191628
C 342
R
P 0x7f2a7c191628
P 0x7f2a7c487390
C 9
R
P 0x7f2a7c191628
C 342
R
P 0x7f2a7c191628
I 1
P 0x7f2a7c19b208
C 150
= 0x7f2a7c19bc88
R
P 0x7f2a7c191628
C 342
R
P 0x7f2a7c191628
P 0x7f2a7c19bc88
C 258
R
P 0x7f2a7c191628
C 342
R
P 0x7f2a7c191628
P 0x7f2a7c19bc88
C 9
R
P 0x7f2a7c191628
C 342
R
P 0x7f2a7c191628
U 2
P 0x7f2a7c19c028
P 0x7f2a7c19bc88
p 2
C 67
= 0x7f2a7c4873c8
R
P 0x7f2a7c191628
C 342
R
P 0x7f2a7c191628
P 0x7f2a7c4873c8
C 257
R
P 0x7f2a7c191628
C 342
R
P 0x7f2a7c191628
P 0x7f2a7c4873c8
C 254
= 0x7f2a7c19b208
R
P 0x7f2a7c191628
C 342
R
P 0x7f2a7c191628
P 0x7f2a7c19b208
C 209
R
P 0x7f2a7c191628
C 342
R
P 0x7f2a7c191628
P 0x7f2a7c4873c8
C 260
R
P 0x7f2a7c191628
C 342
R
P 0x7f2a7c191628
P 0x7f2a7c4873c8
C 259
R
P 0x7f2a7c191628
C 342
R
P 0x7f2a7c191628
P 0x7f2a7c4873c8
C 258
R
P 0x7f2a7c191628
C 342
R
P 0x7f2a7c191628
P 0x7f2a7c4873c8
C 9
R
P 0x7f2a7c191628
C 342
R
P 0x7f2a7c191628
U 2
P 0x7f2a7c19bbe8
P 0x7f2a7c4873c8
p 2
C 66
= 0x7f2a7c488158
R
P 0x7f2a7c191628
C 342
R
P 0x7f2a7c191628
P 0x7f2a7c488158
C 257
R
P 0x7f2a7c191628
C 342
R
P 0x7f2a7c191628
P 0x7f2a7c488158
C 254
= 0x7f2a7c19b208
R
P 0x7f2a7c191628
C 342
R
P 0x7f2a7c191628
P 0x7f2a7c19b208
C 209
R
P 0x7f2a7c191628
C 342
R
P 0x7f2a7c191628
P 0x7f2a7c488158
C 260
R
P 0x7f2a7c191628
C 342
R
P 0x7f2a7c191628
P 0x7f2a7c488158
C 259
R
P 0x7f2a7c191628
C 342
R
P 0x7f2a7c191628
P 0x7f2a7c488158
C 258
R
P 0x7f2a7c191628
C 342
R
P 0x7f2a7c191628
P 0x7f2a7c488158
C 9
R
P 0x7f2a7c191628
C 342
R
P 0x7f2a7c191628
U 2
P 0x7f2a7c19bb88
P 0x7f2a7c488158
p 2
C 65
= 0x7f2a7c488190
R
P 0x7f2a7c191628
C 342
R
P 0x7f2a7c191628
P 0x7f2a7c488190
C 257
R
P 0x7f2a7c191628
C 342
R
P 0x7f2a7c191628
P 0x7f2a7c488190
C 254
= 0x7f2a7c19b1e8
R
P 0x7f2a7c191628
C 342
R
P 0x7f2a7c191628
P 0x7f2a7c19b1e8
C 209
R
P 0x7f2a7c191628
C 342
R
P 0x7f2a7c191628
P 0x7f2a7c488190
C 260
R
P 0x7f2a7c191628
C 342
R
P 0x7f2a7c191628
P 0x7f2a7c488190
C 259
R
P 0x7f2a7c191628
C 342
R
P 0x7f2a7c191628
P 0x7f2a7c488190
C 258
R
P 0x7f2a7c191628
C 342
R
P 0x7f2a7c191628
P 0x7f2a7c488190
C 9
R
P 0x7f2a7c191628
C 342
R
P 0x7f2a7c191628
P 0x7f2a7c487390
P 0x7f2a7c488190
P 0x7f2a7c19bb88
C 59
= 0x7f2a7c19fb08
R
P 0x7f2a7c191628
C 342
R
P 0x7f2a7c191628
P 0x7f2a7c19fb08
C 257
R
P 0x7f2a7c191628
C 342
R
P 0x7f2a7c191628
P 0x7f2a7c19fb08
C 254
= 0x7f2a7c19b1e8
R
P 0x7f2a7c191628
C 342
R
P 0x7f2a7c191628
P 0x7f2a7c19b1e8
C 209
R
P 0x7f2a7c191628
C 342
R
P 0x7f2a7c191628
P 0x7f2a7c19fb08
C 260
R
P 0x7f2a7c191628
C 342
R
P 0x7f2a7c191628
P 0x7f2a7c19fb08
C 259
R
P 0x7f2a7c191628
C 342
R
P 0x7f2a7c191628
P 0x7f2a7c19fb08
C 258
R
P 0x7f2a7c191628
C 342
R
P 0x7f2a7c191628
P 0x7f2a7c19fb08
C 9
R
P 0x7f2a7c191628
C 342
R
P 0x7f2a7c191628
U 2
P 0x7f2a7c19c2a8
P 0x7f2a7c19fb08
p 2
C 65
= 0x7f2a7c488270
R
P 0x7f2a7c191628
C 342
R
P 0x7f2a7c191628
P 0x7f2a7c488270
C 257
R
P 0x7f2a7c191628
C 342
R
P 0x7f2a7c191628
P 0x7f2a7c488270
C 254
= 0x7f2a7c19b1e8
R
P 0x7f2a7c191628
C 342
R
P 0x7f2a7c191628
P 0x7f2a7c19b1e8
C 209
R
P 0x7f2a7c191628
C 342
R
P 0x7f2a7c191628
P 0x7f2a7c488270
C 260
R
P 0x7f2a7c191628
C 342
R
P 0x7f2a7c191628
P 0x7f2a7c488270
C 259
R
P 0x7f2a7c191628
C 342
R
P 0x7f2a7c191628
P 0x7f2a7c488270
C 258
R
P 0x7f2a7c191628
C 342
R
P 0x7f2a7c191628
P 0x7f2a7c488270
C 9
R
P 0x7f2a7c191628
C 342
R
P 0x7f2a7c191628
U 2
P 0x7f2a7c488270
P 0x7f2a7c19bb68
p 2
C 65
= 0x7f2a7c489db0
R
P 0x7f2a7c191628
C 342
R
P 0x7f2a7c191628
P 0x7f2a7c489db0
C 257
R
P 0x7f2a7c191628
C 342
R
P 0x7f2a7c191628
P 0x7f2a7c489db0
C 254
= 0x7f2a7c19b1e8
R
P 0x7f2a7c191628
C 342
R
P 0x7f2a7c191628
P 0x7f2a7c19b1e8
C 209
R
P 0x7f2a7c191628
C 342
R
P 0x7f2a7c191628
P 0x7f2a7c489db0
C 260
R
P 0x7f2a7c191628
C 342
R
P 0x7f2a7c191628
P 0x7f2a7c489db0
C 259
R
P 0x7f2a7c191628
C 342
R
P 0x7f2a7c191628
P 0x7f2a7c489db0
C 258
R
P 0x7f2a7c191628
C 342
R
P 0x7f2a7c191628
P 0x7f2a7c489db0
C 9
R
P 0x7f2a7c191628
C 342
R
P 0x7f2a7c191628
P 0x7f2a7c19c208
P 0x7f2a7c489db0
C 56
= 0x7f2a7c48c610
R
P 0x7f2a7c191628
C 342
R
P 0x7f2a7c191628
P 0x7f2a7c48c610
C 258
R
P 0x7f2a7c191628
C 342
R
P 0x7f2a7c191628
P 0x7f2a7c48c610
C 9
R
P 0x7f2a7c191628
C 342
R
P 0x7f2a7c191628
U 2
P 0x7f2a7c48c5d8
P 0x7f2a7c48c610
p 2
C 63
= 0x7f2a7c48c648
R
P 0x7f2a7c191628
C 342
R
P 0x7f2a7c191628
P 0x7f2a7c48c648
C 258
R
P 0x7f2a7c191628
C 342
R
P 0x7f2a7c191628
P 0x7f2a7c48c648
C 9
R
P 0x7f2a7c191628
C 342
R
P 0x7f2a7c191628
P 0x7f2a7c48c488
P 0x7f2a7c48c648
C 61
= 0x7f2a7c48c680
R
P 0x7f2a7c191628
C 342
R
P 0x7f2a7c191628
P 0x7f2a7c48c680
C 258
R
P 0x7f2a7c191628
C 342
R
P 0x7f2a7c191628
P 0x7f2a7c48c680
C 9
R
P 0x7f2a7c191628
C 342
R
P 0x7f2a7c191628
P 0x7f2a7c1e1fc8
P 0x7f2a7c48c680
C 427
R
P 0x7f2a7c191628
C 342
R
P 0x7f2a7c191628
I 1
P 0x7f2a7c19b208
C 150
= 0x7f2a7c19bc88
R
P 0x7f2a7c191628
C 342
R
P 0x7f2a7c191628
P 0x7f2a7c19bc88
C 258
R
P 0x7f2a7c191628
C 342
R
P 0x7f2a7c191628
P 0x7f2a7c19bc88
C 9
R
P 0x7f2a7c191628
C 342
R
P 0x7f2a7c191628
I 1
P 0x7f2a7c19b208
C 150
= 0x7f2a7c19bc88
R
P 0x7f2a7c191628
C 342
R
P 0x7f2a7c191628
P 0x7f2a7c19bc88
C 258
R
P 0x7f2a7c191628
C 342
R
P 0x7f2a7c191628
P 0x7f2a7c19bc88
C 9
R
P 0x7f2a7c191628
C 342
R
P 0x7f2a7c191628
P 0x7f2a7c19bc88
P 0x7f2a7c19bc88
C 75
= 0x7f2a7c1a1778
R
P 0x7f2a7c191628
C 342
R
P 0x7f2a7c191628
P 0x7f2a7c1a1778
C 258
R
P 0x7f2a7c191628
C 342
R
P 0x7f2a7c191628
P 0x7f2a7c1a1778
C 9
R
P 0x7f2a7c191628
C 342
R
P 0x7f2a7c191628
I 1
P 0x7f2a7c19b208
C 150
= 0x7f2a7c19bc88
R
P 0x7f2a7c191628
C 342
R
P 0x7f2a7c191628
P 0x7f2a7c19bc88
C 258
R
P 0x7f2a7c191628
C 342
R
P 0x7f2a7c191628
P 0x7f2a7c19bc88
C 9
R
P 0x7f2a7c191628
C 342
R
P 0x7f2a7c191628
U 2
P 0x7f2a7c19bc88
P 0x7f2a7c19bc88
p 2
C 67
= 0x7f2a7c1a17b0
R
P 0x7f2a7c191628
C 342
R
P 0x7f2a7c191628
P 0x7f2a7c1a17b0
C 257
R
P 0x7f2a7c191628
C 342
R
P 0x7f2a7c191628
P 0x7f2a7c1a17b0
C 254
= 0x7f2a7c19b208
R
P 0x7f2a7c191628
C 342
R
P 0x7f2a7c191628
P 0x7f2a7c19b208
C 209
R
P 0x7f2a7c191628
C 342
R
P 0x7f2a7c191628
P 0x7f2a7c1a17b0
C 260
R
P 0x7f2a7c191628
C 342
R
P 0x7f2a7c191628
P 0x7f2a7c1a17b0
C 259
R
P 0x7f2a7c191628
C 342
R
P 0x7f2a7c191628
P 0x7f2a7c1a17b0
C 258
R
P 0x7f2a7c191628
C 342
R
P 0x7f2a7c191628
P 0x7f2a7c1a17b0
C 9
R
P 0x7f2a7c191628
C 342
R
P 0x7f2a7c191628
U 2
P 0x7f2a7c19bba8
P 0x7f2a7c1a17b0
p 2
C 66
= 0x7f2a7c1a17e8
R
P 0x7f2a7c191628
C 342
R
P 0x7f2a7c191628
P 0x7f2a7c1a17e8
C 257
R
P 0x7f2a7c191628
C 342
R
P 0x7f2a7c191628
P 0x7f2a7c1a17e8
C 254
= 0x7f2a7c19b1e8
R
P 0x7f2a7c191628
C 342
R
P 0x7f2a7c191628
P 0x7f2a7c19b1e8
C 209
R
P 0x7f2a7c191628
C 342
R
P 0x7f2a7c191628
P 0x7f2a7c1a17e8
C 260
R
P 0x7f2a7c191628
C 342
R
P 0x7f2a7c191628
P 0x7f2a7c1a17e8
C 259
R
P 0x7f2a7c191628
C 342
R
P 0x7f2a7c191628
P 0x7f2a7c1a17e8
C 258
R
P 0x7f2a7c191628
C 342
R
P 0x7f2a7c191628
P 0x7f2a7c1a17e8
C 9
R
P 0x7f2a7c191628
C 342
R
P 0x7f2a7c191628
U 2
P 0x7f2a7c19bc28
P 0x7f2a7c1a17e8
p 2
C 65
= 0x7f2a7c1a1820
R
P 0x7f2a7c191628
C 342
R
P 0x7f2a7c191628
P 0x7f2a7c1a1820
C 257
R
P 0x7f2a7c191628
C 342
R
P 0x7f2a7c191628
P 0x7f2a7c1a1820
C 254
= 0x7f2a7c19b1e8
R
P 0x7f2a7c191628
C 342
R
P 0x7f2a7c191628
P 0x7f2a7c19b1e8
C 209
R
P 0x7f2a7c191628
C 342
R
P 0x7f2a7c191628
P 0x7f2a7c1a1820
C 260
R
P 0x7f2a7c191628
C 342
R
P 0x7f2a7c191628
P 0x7f2a7c1a1820
C 259
R
P 0x7f2a7c191628
C 342
R
P 0x7f2a7c191628
P 0x7f2a7c1a1820
C 258
R
P 0x7f2a7c191628
C 342
R
P 0x7f2a7c191628
P 0x7f2a7c1a1820
C 9
R
P 0x7f2a7c191628
C 342
R
P 0x7f2a7c191628
P 0x7f2a7c1a1778
P 0x7f2a7c1a1820
P 0x7f2a7c19bc28
C 59
= 0x7f2a7c19f848
R
P 0x7f2a7c191628
C 342
R
P 0x7f2a7c191628
P 0x7f2a7c19f848
C 257
R
P 0x7f2a7c191628
C 342
R
P 0x7f2a7c191628
P 0x7f2a7c19f848
C 254
= 0x7f2a7c19b1e8
R
P 0x7f2a7c191628
C 342
R
P 0x7f2a7c191628
P 0x7f2a7c19b1e8
C 209
R
P 0x7f2a7c191628
C 342
R
P 0x7f2a7c191628
P 0x7f2a7c19f848
C 260
R
P 0x7f2a7c191628
C 342
R
P 0x7f2a7c191628
P 0x7f2a7c19f848
C 259
R
P 0x7f2a7c191628
C 342
R
P 0x7f2a7c191628
P 0x7f2a7c19f848
C 258
R
P 0x7f2a7c191628
C 342
R
P 0x7f2a7c191628
P 0x7f2a7c19f848
C 9
R
P 0x7f2a7c191628
C 342
R
P 0x7f2a7c191628
U 2
P 0x7f2a7c19f848
P 0x7f2a7c19bb48
p 2
C 65
= 0x7f2a7c1a1858
R
P 0x7f2a7c191628
C 342
R
P 0x7f2a7c191628
P 0x7f2a7c1a1858
C 257
R
P 0x7f2a7c191628
C 342
R
P 0x7f2a7c191628
P 0x7f2a7c1a1858
C 254
= 0x7f2a7c19b1e8
R
P 0x7f2a7c191628
C 342
R
P 0x7f2a7c191628
P 0x7f2a7c19b1e8
C 209
R
P 0x7f2a7c191628
C 342
R
P 0x7f2a7c191628
P 0x7f2a7c1a1858
C 260
R
P 0x7f2a7c191628
C 342
R
P 0x7f2a7c191628
P 0x7f2a7c1a1858
C 259
R
P 0x7f2a7c191628
C 342
R
P 0x7f2a7c191628
P 0x7f2a7c1a1858
C 258
R
P 0x7f2a7c191628
C 342
R
P 0x7f2a7c191628
P 0x7f2a7c1a1858
C 9
R
P 0x7f2a7c191628
C 342
R
P 0x7f2a7c191628
P 0x7f2a7c19bc68
C 333
R
P 0x7f2a7c191628
C 342
R
P 0x7f2a7c191628
S "slotflowPriorityStart"
C 30
R
P 0x7f2a7c191628
C 342
R
P 0x7f2a7c191628
$ |slotflowPriorityStart|
C 202
R
P 0x7f2a7c191628
C 342
R
P 0x7f2a7c191628
$ |slotflowPriorityStart|
P 0x7f2a7c19b1e8
C 51
= 0x7f2a7c19c2a8
R
P 0x7f2a7c191628
C 342
R
P 0x7f2a7c191628
P 0x7f2a7c19c2a8
C 257
R
P 0x7f2a7c191628
C 342
R
P 0x7f2a7c191628
P 0x7f2a7c19c2a8
C 254
= 0x7f2a7c19b1e8
R
P 0x7f2a7c191628
C 342
R
P 0x7f2a7c191628
P 0x7f2a7c19b1e8
C 209
R
P 0x7f2a7c191628
C 342
R
P 0x7f2a7c191628
P 0x7f2a7c19c2a8
C 260
R
P 0x7f2a7c191628
C 342
R
P 0x7f2a7c191628
P 0x7f2a7c19c2a8
C 259
R
P 0x7f2a7c191628
C 342
R
P 0x7f2a7c191628
P 0x7f2a7c19c2a8
C 258
R
P 0x7f2a7c191628
C 342
R
P 0x7f2a7c191628
P 0x7f2a7c19c2a8
C 9
R
P 0x7f2a7c191628
C 342
R
P 0x7f2a7c191628
P 0x7f2a7c19bc68
C 333
R
P 0x7f2a7c191628
C 342
R
P 0x7f2a7c191628
S "slotflowPriorityDuration"
C 30
R
P 0x7f2a7c191628
C 342
R
P 0x7f2a7c191628
$ |slotflowPriorityDuration|
C 202
R
P 0x7f2a7c191628
C 342
R
P 0x7f2a7c191628
$ |slotflowPriorityDuration|
P 0x7f2a7c19b1e8
C 51
= 0x7f2a7c19c268
R
P 0x7f2a7c191628
C 342
R
P 0x7f2a7c191628
P 0x7f2a7c19c268
C 257
R
P 0x7f2a7c191628
C 342
R
P 0x7f2a7c191628
P 0x7f2a7c19c268
C 254
= 0x7f2a7c19b1e8
R
P 0x7f2a7c191628
C 342
R
P 0x7f2a7c191628
P 0x7f2a7c19b1e8
C 209
R
P 0x7f2a7c191628
C 342
R
P 0x7f2a7c191628
P 0x7f2a7c19c268
C 260
R
P 0x7f2a7c191628
C 342
R
P 0x7f2a7c191628
P 0x7f2a7c19c268
C 259
R
P 0x7f2a7c191628
C 342
R
P 0x7f2a7c191628
P 0x7f2a7c19c268
C 258
R
P 0x7f2a7c191628
C 342
R
P 0x7f2a7c191628
P 0x7f2a7c19c268
C 9
R
P 0x7f2a7c191628
C 342
R
P 0x7f2a7c191628
U 2
P 0x7f2a7c19c2a8
P 0x7f2a7c19c268
p 2
C 65
= 0x7f2a7c487908
R
P 0x7f2a7c191628
C 342
R
P 0x7f2a7c191628
P 0x7f2a7c487908
C 257
R
P 0x7f2a7c191628
C 342
R
P 0x7f2a7c191628
P 0x7f2a7c487908
C 254
= 0x7f2a7c19b1e8
R
P 0x7f2a7c191628
C 342
R
P 0x7f2a7c191628
P 0x7f2a7c19b1e8
C 209
R
P 0x7f2a7c191628
C 342
R
P 0x7f2a7c191628
P 0x7f2a7c487908
C 260
R
P 0x7f2a7c191628
C 342
R
P 0x7f2a7c191628
P 0x7f2a7c487908
C 259
R
P 0x7f2a7c191628
C 342
R
P 0x7f2a7c191628
P 0x7f2a7c487908
C 258
R
P 0x7f2a7c191628
C 342
R
P 0x7f2a7c191628
P 0x7f2a7c487908
C 9
R
P 0x7f2a7c191628
C 342
R
P 0x7f2a7c191628
I 0
P 0x7f2a7c19b208
C 150
= 0x7f2a7c19bd08
R
P 0x7f2a7c191628
C 342
R
P 0x7f2a7c191628
P 0x7f2a7c19bd08
C 258
R
P 0x7f2a7c191628
C 342
R
P 0x7f2a7c191628
P 0x7f2a7c19bd08
C 9
R
P 0x7f2a7c191628
C 342
R
P 0x7f2a7c191628
I 1
P 0x7f2a7c19b208
C 150
= 0x7f2a7c19bc88
R
P 0x7f2a7c191628
C 342
R
P 0x7f2a7c191628
P 0x7f2a7c19bc88
C 258
R
P 0x7f2a7c191628
C 342
R
P 0x7f2a7c191628
P 0x7f2a7c19bc88
C 9
R
P 0x7f2a7c191628
C 342
R
P 0x7f2a7c191628
P 0x7f2a7c19bd08
P 0x7f2a7c19bc88
C 75
= 0x7f2a7c486fa0
R
P 0x7f2a7c191628
C 342
R
P 0x7f2a7c191628
P 0x7f2a7c486fa0
C 258
R
P 0x7f2a7c191628
C 342
R
P 0x7f2a7c191628
P 0x7f2a7c486fa0
C 9
R
P 0x7f2a7c191628
C 342
R
P 0x7f2a7c191628
I 1
P 0x7f2a7c19b208
C 150
= 0x7f2a7c19bc88
R
P 0x7f2a7c191628
C 342
R
P 0x7f2a7c191628
P 0x7f2a7c19bc88
C 258
R
P 0x7f2a7c191628
C 342
R
P 0x7f2a7c191628
P 0x7f2a7c19bc88
C 9
R
P 0x7f2a7c191628
C 342
R
P 0x7f2a7c191628
U 2
P 0x7f2a7c19bd08
P 0x7f2a7c19bc88
p 2
C 67
= 0x7f2a7c486fd8
R
P 0x7f2a7c191628
C 342
R
P 0x7f2a7c191628
P 0x7f2a7c486fd8
C 257
R
P 0x7f2a7c191628
C 342
R
P 0x7f2a7c191628
P 0x7f2a7c486fd8
C 254
= 0x7f2a7c19b208
R
P 0x7f2a7c191628
C 342
R
P 0x7f2a7c191628
P 0x7f2a7c19b208
C 209
R
P 0x7f2a7c191628
C 342
R
P 0x7f2a7c191628
P 0x7f2a7c486fd8
C 260
R
P 0x7f2a7c191628
C 342
R
P 0x7f2a7c191628
P 0x7f2a7c486fd8
C 259
R
P 0x7f2a7c191628
C 342
R
P 0x7f2a7c191628
P 0x7f2a7c486fd8
C 258
R
P 0x7f2a7c191628
C 342
R
P 0x7f2a7c191628
P 0x7f2a7c486fd8
C 9
R
P 0x7f2a7c191628
C 342
R
P 0x7f2a7c191628
U 2
P 0x7f2a7c19bbe8
P 0x7f2a7c486fd8
p 2
C 66
= 0x7f2a7c487940
R
P 0x7f2a7c191628
C 342
R
P 0x7f2a7c191628
P 0x7f2a7c487940
C 257
R
P 0x7f2a7c191628
C 342
R
P 0x7f2a7c191628
P 0x7f2a7c487940
C 254
= 0x7f2a7c19b208
R
P 0x7f2a7c191628
C 342
R
P 0x7f2a7c191628
P 0x7f2a7c19b208
C 209
R
P 0x7f2a7c191628
C 342
R
P 0x7f2a7c191628
P 0x7f2a7c487940
C 260
R
P 0x7f2a7c191628
C 342
R
P 0x7f2a7c191628
P 0x7f2a7c487940
C 259
R
P 0x7f2a7c191628
C 342
R
P 0x7f2a7c191628
P 0x7f2a7c487940
C 258
R
P 0x7f2a7c191628
C 342
R
P 0x7f2a7c191628
P 0x7f2a7c487940
C 9
R
P 0x7f2a7c191628
C 342
R
P 0x7f2a7c191628
U 2
P 0x7f2a7c19bb88
P 0x7f2a7c487940
p 2
C 65
= 0x7f2a7c487978
R
P 0x7f2a7c191628
C 342
R
P 0x7f2a7c191628
P 0x7f2a7c487978
C 257
R
P 0x7f2a7c191628
C 342
R
P 0x7f2a7c191628
P 0x7f2a7c487978
C 254
= 0x7f2a7c19b1e8
R
P 0x7f2a7c191628
C 342
R
P 0x7f2a7c191628
P 0x7f2a7c19b1e8
C 209
R
P 0x7f2a7c191628
C 342
R
P 0x7f2a7c191628
P 0x7f2a7c487978
C 260
R
P 0x7f2a7c191628
C 342
R
P 0x7f2a7c191628
P 0x7f2a7c487978
C 259
R
P 0x7f2a7c191628
C 342
R
P 0x7f2a7c191628
P 0x7f2a7c487978
C 258
R
P 0x7f2a7c191628
C 342
R
P 0x7f2a7c191628
P 0x7f2a7c487978
C 9
R
P 0x7f2a7c191628
C 342
R
P 0x7f2a7c191628
P 0x7f2a7c486fa0
P 0x7f2a7c487978
P 0x7f2a7c19bb88
C 59
= 0x7f2a7c19fa08
R
P 0x7f2a7c191628
C 342
R
P 0x7f2a7c191628
P 0x7f2a7c19fa08
C 257
R
P 0x7f2a7c191628
C 342
R
P 0x7f2a7c191628
P 0x7f2a7c19fa08
C 254
= 0x7f2a7c19b1e8
R
P 0x7f2a7c191628
C 342
R
P 0x7f2a7c191628
P 0x7f2a7c19b1e8
C 209
R
P 0x7f2a7c191628
C 342
R
P 0x7f2a7c191628
P 0x7f2a7c19fa08
C 260
R
P 0x7f2a7c191628
C 342
R
P 0x7f2a7c191628
P 0x7f2a7c19fa08
C 259
R
P 0x7f2a7c191628
C 342
R
P 0x7f2a7c191628
P 0x7f2a7c19fa08
C 258
R
P 0x7f2a7c191628
C 342
R
P 0x7f2a7c191628
P 0x7f2a7c19fa08
C 9
R
P 0x7f2a7c191628
C 342
R
P 0x7f2a7c191628
U 2
P 0x7f2a7c487908
P 0x7f2a7c19fa08
p 2
C 65
= 0x7f2a7c4879b0
R
P 0x7f2a7c191628
C 342
R
P 0x7f2a7c191628
P 0x7f2a7c4879b0
C 257
R
P 0x7f2a7c191628
C 342
R
P 0x7f2a7c191628
P 0x7f2a7c4879b0
C 254
= 0x7f2a7c19b1e8
R
P 0x7f2a7c191628
C 342
R
P 0x7f2a7c191628
P 0x7f2a7c19b1e8
C 209
R
P 0x7f2a7c191628
C 342
R
P 0x7f2a7c191628
P 0x7f2a7c4879b0
C 260
R
P 0x7f2a7c191628
C 342
R
P 0x7f2a7c191628
P 0x7f2a7c4879b0
C 259
R
P 0x7f2a7c191628
C 342
R
P 0x7f2a7c191628
P 0x7f2a7c4879b0
C 258
R
P 0x7f2a7c191628
C 342
R
P 0x7f2a7c191628
P 0x7f2a7c4879b0
C 9
R
P 0x7f2a7c191628
C 342
R
P 0x7f2a7c191628
U 2
P 0x7f2a7c4879b0
P 0x7f2a7c19bb68
p 2
C 67
= 0x7f2a7c4879e8
R
P 0x7f2a7c191628
C 342
R
P 0x7f2a7c191628
P 0x7f2a7c4879e8
C 257
R
P 0x7f2a7c191628
C 342
R
P 0x7f2a7c191628
P 0x7f2a7c4879e8
C 254
= 0x7f2a7c19b1e8
R
P 0x7f2a7c191628
C 342
R
P 0x7f2a7c191628
P 0x7f2a7c19b1e8
C 209
R
P 0x7f2a7c191628
C 342
R
P 0x7f2a7c191628
P 0x7f2a7c4879e8
C 260
R
P 0x7f2a7c191628
C 342
R
P 0x7f2a7c191628
P 0x7f2a7c4879e8
C 259
R
P 0x7f2a7c191628
C 342
R
P 0x7f2a7c191628
P 0x7f2a7c4879e8
C 258
R
P 0x7f2a7c191628
C 342
R
P 0x7f2a7c191628
P 0x7f2a7c4879e8
C 9
R
P 0x7f2a7c191628
C 342
R
P 0x7f2a7c191628
P 0x7f2a7c1a1858
P 0x7f2a7c4879e8
C 75
= 0x7f2a7c48c6b8
R
P 0x7f2a7c191628
C 342
R
P 0x7f2a7c191628
P 0x7f2a7c48c6b8
C 258
R
P 0x7f2a7c191628
C 342
R
P 0x7f2a7c191628
P 0x7f2a7c48c6b8
C 9
R
P 0x7f2a7c191628
C 342
R
P 0x7f2a7c191628
I 1
P 0x7f2a7c19b208
C 150
= 0x7f2a7c19bc88
R
P 0x7f2a7c191628
C 342
R
P 0x7f2a7c191628
P 0x7f2a7c19bc88
C 258
R
P 0x7f2a7c191628
C 342
R
P 0x7f2a7c191628
P 0x7f2a7c19bc88
C 9
R
P 0x7f2a7c191628
C 342
R
P 0x7f2a7c191628
I 1
P 0x7f2a7c19b208
C 150
= 0x7f2a7c19bc88
R
P 0x7f2a7c191628
C 342
R
P 0x7f2a7c191628
P 0x7f2a7c19bc88
C 258
R
P 0x7f2a7c191628
C 342
R
P 0x7f2a7c191628
P 0x7f2a7c19bc88
C 9
R
P 0x7f2a7c191628
C 342
R
P 0x7f2a7c191628
P 0x7f2a7c19bc88
P 0x7f2a7c19bc88
C 75
= 0x7f2a7c1a1778
R
P 0x7f2a7c191628
C 342
R
P 0x7f2a7c191628
P 0x7f2a7c1a1778
C 258
R
P 0x7f2a7c191628
C 342
R
P 0x7f2a7c191628
P 0x7f2a7c1a1778
C 9
R
P 0x7f2a7c191628
C 342
R
P 0x7f2a7c191628
I 1
P 0x7f2a7c19b208
C 150
= 0x7f2a7c19bc88
R
P 0x7f2a7c191628
C 342
R
P 0x7f2a7c191628
P 0x7f2a7c19bc88
C 258
R
P 0x7f2a7c191628
C 342
R
P 0x7f2a7c191628
P 0x7f2a7c19bc88
C 9
R
P 0x7f2a7c191628
C 342
R
P 0x7f2a7c191628
U 2
P 0x7f2a7c19bc88
P 0x7f2a7c19bc88
p 2
C 67
= 0x7f2a7c1a17b0
R
P 0x7f2a7c191628
C 342
R
P 0x7f2a7c191628
P 0x7f2a7c1a17b0
C 257
R
P 0x7f2a7c191628
C 342
R
P 0x7f2a7c191628
P 0x7f2a7c1a17b0
C 254
= 0x7f2a7c19b208
R
P 0x7f2a7c191628
C 342
R
P 0x7f2a7c191628
P 0x7f2a7c19b208
C 209
R
P 0x7f2a7c191628
C 342
R
P 0x7f2a7c191628
P 0x7f2a7c1a17b0
C 260
R
P 0x7f2a7c191628
C 342
R
P 0x7f2a7c191628
P 0x7f2a7c1a17b0
C 259
R
P 0x7f2a7c191628
C 342
R
P 0x7f2a7c191628
P 0x7f2a7c1a17b0
C 258
R
P 0x7f2a7c191628
C 342
R
P 0x7f2a7c191628
P 0x7f2a7c1a17b0
C 9
R
P 0x7f2a7c191628
C 342
R
P 0x7f2a7c191628
U 2
P 0x7f2a7c19bba8
P 0x7f2a7c1a17b0
p 2
C 66
= 0x7f2a7c1a17e8
R
P 0x7f2a7c191628
C 342
R
P 0x7f2a7c191628
P 0x7f2a7c1a17e8
C 257
R
P 0x7f2a7c191628
C 342
R
P 0x7f2a7c191628
P 0x7f2a7c1a17e8
C 254
= 0x7f2a7c19b1e8
R
P 0x7f2a7c191628
C 342
R
P 0x7f2a7c191628
P 0x7f2a7c19b1e8
C 209
R
P 0x7f2a7c191628
C 342
R
P 0x7f2a7c191628
P 0x7f2a7c1a17e8
C 260
R
P 0x7f2a7c191628
C 342
R
P 0x7f2a7c191628
P 0x7f2a7c1a17e8
C 259
R
P 0x7f2a7c191628
C 342
R
P 0x7f2a7c191628
P 0x7f2a7c1a17e8
C 258
R
P 0x7f2a7c191628
C 342
R
P 0x7f2a7c191628
P 0x7f2a7c1a17e8
C 9
R
P 0x7f2a7c191628
C 342
R
P 0x7f2a7c191628
U 2
P 0x7f2a7c19bc28
P 0x7f2a7c1a17e8
p 2
C 65
= 0x7f2a7c1a1820
R
P 0x7f2a7c191628
C 342
R
P 0x7f2a7c191628
P 0x7f2a7c1a1820
C 257
R
P 0x7f2a7c191628
C 342
R
P 0x7f2a7c191628
P 0x7f2a7c1a1820
C 254
= 0x7f2a7c19b1e8
R
P 0x7f2a7c191628
C 342
R
P 0x7f2a7c191628
P 0x7f2a7c19b1e8
C 209
R
P 0x7f2a7c191628
C 342
R
P 0x7f2a7c191628
P 0x7f2a7c1a1820
C 260
R
P 0x7f2a7c191628
C 342
R
P 0x7f2a7c191628
P 0x7f2a7c1a1820
C 259
R
P 0x7f2a7c191628
C 342
R
P 0x7f2a7c191628
P 0x7f2a7c1a1820
C 258
R
P 0x7f2a7c191628
C 342
R
P 0x7f2a7c191628
P 0x7f2a7c1a1820
C 9
R
P 0x7f2a7c191628
C 342
R
P 0x7f2a7c191628
P 0x7f2a7c1a1778
P 0x7f2a7c1a1820
P 0x7f2a7c19bc28
C 59
= 0x7f2a7c19f848
R
P 0x7f2a7c191628
C 342
R
P 0x7f2a7c191628
P 0x7f2a7c19f848
C 257
R
P 0x7f2a7c191628
C 342
R
P 0x7f2a7c191628
P 0x7f2a7c19f848
C 254
= 0x7f2a7c19b1e8
R
P 0x7f2a7c191628
C 342
R
P 0x7f2a7c191628
P 0x7f2a7c19b1e8
C 209
R
P 0x7f2a7c191628
C 342
R
P 0x7f2a7c191628
P 0x7f2a7c19f848
C 260
R
P 0x7f2a7c191628
C 342
R
P 0x7f2a7c191628
P 0x7f2a7c19f848
C 259
R
P 0x7f2a7c191628
C 342
R
P 0x7f2a7c191628
P 0x7f2a7c19f848
C 258
R
P 0x7f2a7c191628
C 342
R
P 0x7f2a7c191628
P 0x7f2a7c19f848
C 9
R
P 0x7f2a7c191628
C 342
R
P 0x7f2a7c191628
U 2
P 0x7f2a7c19f848
P 0x7f2a7c19bb48
p 2
C 65
= 0x7f2a7c1a1858
R
P 0x7f2a7c191628
C 342
R
P 0x7f2a7c191628
P 0x7f2a7c1a1858
C 257
R
P 0x7f2a7c191628
C 342
R
P 0x7f2a7c191628
P 0x7f2a7c1a1858
C 254
= 0x7f2a7c19b1e8
R
P 0x7f2a7c191628
C 342
R
P 0x7f2a7c191628
P 0x7f2a7c19b1e8
C 209
R
P 0x7f2a7c191628
C 342
R
P 0x7f2a7c191628
P 0x7f2a7c1a1858
C 260
R
P 0x7f2a7c191628
C 342
R
P 0x7f2a7c191628
P 0x7f2a7c1a1858
C 259
R
P 0x7f2a7c191628
C 342
R
P 0x7f2a7c191628
P 0x7f2a7c1a1858
C 258
R
P 0x7f2a7c191628
C 342
R
P 0x7f2a7c191628
P 0x7f2a7c1a1858
C 9
R
P 0x7f2a7c191628
C 342
R
P 0x7f2a7c191628
I 0
P 0x7f2a7c19b208
C 150
= 0x7f2a7c19bd08
R
P 0x7f2a7c191628
C 342
R
P 0x7f2a7c191628
P 0x7f2a7c19bd08
C 258
R
P 0x7f2a7c191628
C 342
R
P 0x7f2a7c191628
P 0x7f2a7c19bd08
C 9
R
P 0x7f2a7c191628
C 342
R
P 0x7f2a7c191628
I 1
P 0x7f2a7c19b208
C 150
= 0x7f2a7c19bc88
R
P 0x7f2a7c191628
C 342
R
P 0x7f2a7c191628
P 0x7f2a7c19bc88
C 258
R
P 0x7f2a7c191628
C 342
R
P 0x7f2a7c191628
P 0x7f2a7c19bc88
C 9
R
P 0x7f2a7c191628
C 342
R
P 0x7f2a7c191628
P 0x7f2a7c19bd08
P 0x7f2a7c19bc88
C 75
= 0x7f2a7c486fa0
R
P 0x7f2a7c191628
C 342
R
P 0x7f2a7c191628
P 0x7f2a7c486fa0
C 258
R
P 0x7f2a7c191628
C 342
R
P 0x7f2a7c191628
P 0x7f2a7c486fa0
C 9
R
P 0x7f2a7c191628
C 342
R
P 0x7f2a7c191628
I 1
P 0x7f2a7c19b208
C 150
= 0x7f2a7c19bc88
R
P 0x7f2a7c191628
C 342
R
P 0x7f2a7c191628
P 0x7f2a7c19bc88
C 258
R
P 0x7f2a7c191628
C 342
R
P 0x7f2a7c191628
P 0x7f2a7c19bc88
C 9
R
P 0x7f2a7c191628
C 342
R
P 0x7f2a7c191628
U 2
P 0x7f2a7c19bd08
P 0x7f2a7c19bc88
p 2
C 67
= 0x7f2a7c486fd8
R
P 0x7f2a7c191628
C 342
R
P 0x7f2a7c191628
P 0x7f2a7c486fd8
C 257
R
P 0x7f2a7c191628
C 342
R
P 0x7f2a7c191628
P 0x7f2a7c486fd8
C 254
= 0x7f2a7c19b208
R
P 0x7f2a7c191628
C 342
R
P 0x7f2a7c191628
P 0x7f2a7c19b208
C 209
R
P 0x7f2a7c191628
C 342
R
P 0x7f2a7c191628
P 0x7f2a7c486fd8
C 260
R
P 0x7f2a7c191628
C 342
R
P 0x7f2a7c191628
P 0x7f2a7c486fd8
C 259
R
P 0x7f2a7c191628
C 342
R
P 0x7f2a7c191628
P 0x7f2a7c486fd8
C 258
R
P 0x7f2a7c191628
C 342
R
P 0x7f2a7c191628
P 0x7f2a7c486fd8
C 9
R
P 0x7f2a7c191628
C 342
R
P 0x7f2a7c191628
U 2
P 0x7f2a7c19bbe8
P 0x7f2a7c486fd8
p 2
C 66
= 0x7f2a7c487940
R
P 0x7f2a7c191628
C 342
R
P 0x7f2a7c191628
P 0x7f2a7c487940
C 257
R
P 0x7f2a7c191628
C 342
R
P 0x7f2a7c191628
P 0x7f2a7c487940
C 254
= 0x7f2a7c19b208
R
P 0x7f2a7c191628
C 342
R
P 0x7f2a7c191628
P 0x7f2a7c19b208
C 209
R
P 0x7f2a7c191628
C 342
R
P 0x7f2a7c191628
P 0x7f2a7c487940
C 260
R
P 0x7f2a7c191628
C 342
R
P 0x7f2a7c191628
P 0x7f2a7c487940
C 259
R
P 0x7f2a7c191628
C 342
R
P 0x7f2a7c191628
P 0x7f2a7c487940
C 258
R
P 0x7f2a7c191628
C 342
R
P 0x7f2a7c191628
P 0x7f2a7c487940
C 9
R
P 0x7f2a7c191628
C 342
R
P 0x7f2a7c191628
U 2
P 0x7f2a7c19bb88
P 0x7f2a7c487940
p 2
C 65
= 0x7f2a7c487978
R
P 0x7f2a7c191628
C 342
R
P 0x7f2a7c191628
P 0x7f2a7c487978
C 257
R
P 0x7f2a7c191628
C 342
R
P 0x7f2a7c191628
P 0x7f2a7c487978
C 254
= 0x7f2a7c19b1e8
R
P 0x7f2a7c191628
C 342
R
P 0x7f2a7c191628
P 0x7f2a7c19b1e8
C 209
R
P 0x7f2a7c191628
C 342
R
P 0x7f2a7c191628
P 0x7f2a7c487978
C 260
R
P 0x7f2a7c191628
C 342
R
P 0x7f2a7c191628
P 0x7f2a7c487978
C 259
R
P 0x7f2a7c191628
C 342
R
P 0x7f2a7c191628
P 0x7f2a7c487978
C 258
R
P 0x7f2a7c191628
C 342
R
P 0x7f2a7c191628
P 0x7f2a7c487978
C 9
R
P 0x7f2a7c191628
C 342
R
P 0x7f2a7c191628
P 0x7f2a7c486fa0
P 0x7f2a7c487978
P 0x7f2a7c19bb88
C 59
= 0x7f2a7c19fa08
R
P 0x7f2a7c191628
C 342
R
P 0x7f2a7c191628
P 0x7f2a7c19fa08
C 257
R
P 0x7f2a7c191628
C 342
R
P 0x7f2a7c191628
P 0x7f2a7c19fa08
C 254
= 0x7f2a7c19b1e8
R
P 0x7f2a7c191628
C 342
R
P 0x7f2a7c191628
P 0x7f2a7c19b1e8
C 209
R
P 0x7f2a7c191628
C 342
R
P 0x7f2a7c191628
P 0x7f2a7c19fa08
C 260
R
P 0x7f2a7c191628
C 342
R
P 0x7f2a7c191628
P 0x7f2a7c19fa08
C 259
R
P 0x7f2a7c191628
C 342
R
P 0x7f2a7c191628
P 0x7f2a7c19fa08
C 258
R
P 0x7f2a7c191628
C 342
R
P 0x7f2a7c191628
P 0x7f2a7c19fa08
C 9
R
P 0x7f2a7c191628
C 342
R
P 0x7f2a7c191628
U 2
P 0x7f2a7c19fa08
P 0x7f2a7c19bbe8
p 2
C 65
= 0x7f2a7c48bdf8
R
P 0x7f2a7c191628
C 342
R
P 0x7f2a7c191628
P 0x7f2a7c48bdf8
C 257
R
P 0x7f2a7c191628
C 342
R
P 0x7f2a7c191628
P 0x7f2a7c48bdf8
C 254
= 0x7f2a7c19b1e8
R
P 0x7f2a7c191628
C 342
R
P 0x7f2a7c191628
P 0x7f2a7c19b1e8
C 209
R
P 0x7f2a7c191628
C 342
R
P 0x7f2a7c191628
P 0x7f2a7c48bdf8
C 260
R
P 0x7f2a7c191628
C 342
R
P 0x7f2a7c191628
P 0x7f2a7c48bdf8
C 259
R
P 0x7f2a7c191628
C 342
R
P 0x7f2a7c191628
P 0x7f2a7c48bdf8
C 258
R
P 0x7f2a7c191628
C 342
R
P 0x7f2a7c191628
P 0x7f2a7c48bdf8
C 9
R
P 0x7f2a7c191628
C 342
R
P 0x7f2a7c191628
P 0x7f2a7c1a1858
P 0x7f2a7c48bdf8
C 74
= 0x7f2a7c48c6f0
R
P 0x7f2a7c191628
C 342
R
P 0x7f2a7c191628
P 0x7f2a7c48c6f0
C 258
R
P 0x7f2a7c191628
C 342
R
P 0x7f2a7c191628
P 0x7f2a7c48c6f0
C 9
R
P 0x7f2a7c191628
C 342
R
P 0x7f2a7c191628
U 2
P 0x7f2a7c48c6b8
P 0x7f2a7c48c6f0
p 2
C 63
= 0x7f2a7c48c728
R
P 0x7f2a7c191628
C 342
R
P 0x7f2a7c191628
P 0x7f2a7c48c728
C 258
R
P 0x7f2a7c191628
C 342
R
P 0x7f2a7c191628
P 0x7f2a7c48c728
C 9
R
P 0x7f2a7c191628
C 342
R
P 0x7f2a7c191628
I 1
P 0x7f2a7c19b208
C 150
= 0x7f2a7c19bc88
R
P 0x7f2a7c191628
C 342
R
P 0x7f2a7c191628
P 0x7f2a7c19bc88
C 258
R
P 0x7f2a7c191628
C 342
R
P 0x7f2a7c191628
P 0x7f2a7c19bc88
C 9
R
P 0x7f2a7c191628
C 342
R
P 0x7f2a7c191628
P 0x7f2a7c19bc88
C 263
R
P 0x7f2a7c191628
C 342
R
P 0x7f2a7c191628
S "dev0T31"
C 30
R
P 0x7f2a7c191628
C 342
R
P 0x7f2a7c191628
$ |dev0T31|
C 202
R
P 0x7f2a7c191628
C 342
R
P 0x7f2a7c191628
$ |dev0T31|
P 0x7f2a7c19b1e8
C 51
= 0x7f2a7c19bca8
R
P 0x7f2a7c191628
C 342
R
P 0x7f2a7c191628
P 0x7f2a7c19bca8
C 257
R
P 0x7f2a7c191628
C 342
R
P 0x7f2a7c191628
P 0x7f2a7c19bca8
C 254
= 0x7f2a7c19b1e8
R
P 0x7f2a7c191628
C 342
R
P 0x7f2a7c191628
P 0x7f2a7c19b1e8
C 209
R
P 0x7f2a7c191628
C 342
R
P 0x7f2a7c191628
P 0x7f2a7c19bca8
C 260
R
P 0x7f2a7c191628
C 342
R
P 0x7f2a7c191628
P 0x7f2a7c19bca8
C 259
R
P 0x7f2a7c191628
C 342
R
P 0x7f2a7c191628
P 0x7f2a7c19bca8
C 258
R
P 0x7f2a7c191628
C 342
R
P 0x7f2a7c191628
P 0x7f2a7c19bca8
C 9
R
P 0x7f2a7c191628
C 342
R
P 0x7f2a7c191628
P 0x7f2a7c19bc68
C 333
R
P 0x7f2a7c191628
C 342
R
P 0x7f2a7c191628
S "slotflowPriorityStart"
C 30
R
P 0x7f2a7c191628
C 342
R
P 0x7f2a7c191628
$ |slotflowPriorityStart|
C 202
R
P 0x7f2a7c191628
C 342
R
P 0x7f2a7c191628
$ |slotflowPriorityStart|
P 0x7f2a7c19b1e8
C 51
= 0x7f2a7c19c2a8
R
P 0x7f2a7c191628
C 342
R
P 0x7f2a7c191628
P 0x7f2a7c19c2a8
C 257
R
P 0x7f2a7c191628
C 342
R
P 0x7f2a7c191628
P 0x7f2a7c19c2a8
C 254
= 0x7f2a7c19b1e8
R
P 0x7f2a7c191628
C 342
R
P 0x7f2a7c191628
P 0x7f2a7c19b1e8
C 209
R
P 0x7f2a7c191628
C 342
R
P 0x7f2a7c191628
P 0x7f2a7c19c2a8
C 260
R
P 0x7f2a7c191628
C 342
R
P 0x7f2a7c191628
P 0x7f2a7c19c2a8
C 259
R
P 0x7f2a7c191628
C 342
R
P 0x7f2a7c191628
P 0x7f2a7c19c2a8
C 258
R
P 0x7f2a7c191628
C 342
R
P 0x7f2a7c191628
P 0x7f2a7c19c2a8
C 9
R
P 0x7f2a7c191628
C 342
R
P 0x7f2a7c191628
P 0x7f2a7c19bc68
C 333
R
P 0x7f2a7c191628
C 342
R
P 0x7f2a7c191628
S "slotflowPriorityDuration"
C 30
R
P 0x7f2a7c191628
C 342
R
P 0x7f2a7c191628
$ |slotflowPriorityDuration|
C 202
R
P 0x7f2a7c191628
C 342
R
P 0x7f2a7c191628
$ |slotflowPriorityDuration|
P 0x7f2a7c19b1e8
C 51
= 0x7f2a7c19c268
R
P 0x7f2a7c191628
C 342
R
P 0x7f2a7c191628
P 0x7f2a7c19c268
C 257
R
P 0x7f2a7c191628
C 342
R
P 0x7f2a7c191628
P 0x7f2a7c19c268
C 254
= 0x7f2a7c19b1e8
R
P 0x7f2a7c191628
C 342
R
P 0x7f2a7c191628
P 0x7f2a7c19b1e8
C 209
R
P 0x7f2a7c191628
C 342
R
P 0x7f2a7c191628
P 0x7f2a7c19c268
C 260
R
P 0x7f2a7c191628
C 342
R
P 0x7f2a7c191628
P 0x7f2a7c19c268
C 259
R
P 0x7f2a7c191628
C 342
R
P 0x7f2a7c191628
P 0x7f2a7c19c268
C 258
R
P 0x7f2a7c191628
C 342
R
P 0x7f2a7c191628
P 0x7f2a7c19c268
C 9
R
P 0x7f2a7c191628
C 342
R
P 0x7f2a7c191628
U 2
P 0x7f2a7c19c2a8
P 0x7f2a7c19c268
p 2
C 65
= 0x7f2a7c487908
R
P 0x7f2a7c191628
C 342
R
P 0x7f2a7c191628
P 0x7f2a7c487908
C 257
R
P 0x7f2a7c191628
C 342
R
P 0x7f2a7c191628
P 0x7f2a7c487908
C 254
= 0x7f2a7c19b1e8
R
P 0x7f2a7c191628
C 342
R
P 0x7f2a7c191628
P 0x7f2a7c19b1e8
C 209
R
P 0x7f2a7c191628
C 342
R
P 0x7f2a7c191628
P 0x7f2a7c487908
C 260
R
P 0x7f2a7c191628
C 342
R
P 0x7f2a7c191628
P 0x7f2a7c487908
C 259
R
P 0x7f2a7c191628
C 342
R
P 0x7f2a7c191628
P 0x7f2a7c487908
C 258
R
P 0x7f2a7c191628
C 342
R
P 0x7f2a7c191628
P 0x7f2a7c487908
C 9
R
P 0x7f2a7c191628
C 342
R
P 0x7f2a7c191628
I 1
P 0x7f2a7c19b208
C 150
= 0x7f2a7c19bc88
R
P 0x7f2a7c191628
C 342
R
P 0x7f2a7c191628
P 0x7f2a7c19bc88
C 258
R
P 0x7f2a7c191628
C 342
R
P 0x7f2a7c191628
P 0x7f2a7c19bc88
C 9
R
P 0x7f2a7c191628
C 342
R
P 0x7f2a7c191628
I 1
P 0x7f2a7c19b208
C 150
= 0x7f2a7c19bc88
R
P 0x7f2a7c191628
C 342
R
P 0x7f2a7c191628
P 0x7f2a7c19bc88
C 258
R
P 0x7f2a7c191628
C 342
R
P 0x7f2a7c191628
P 0x7f2a7c19bc88
C 9
R
P 0x7f2a7c191628
C 342
R
P 0x7f2a7c191628
P 0x7f2a7c19bc88
P 0x7f2a7c19bc88
C 75
= 0x7f2a7c1a1778
R
P 0x7f2a7c191628
C 342
R
P 0x7f2a7c191628
P 0x7f2a7c1a1778
C 258
R
P 0x7f2a7c191628
C 342
R
P 0x7f2a7c191628
P 0x7f2a7c1a1778
C 9
R
P 0x7f2a7c191628
C 342
R
P 0x7f2a7c191628
I 1
P 0x7f2a7c19b208
C 150
= 0x7f2a7c19bc88
R
P 0x7f2a7c191628
C 342
R
P 0x7f2a7c191628
P 0x7f2a7c19bc88
C 258
R
P 0x7f2a7c191628
C 342
R
P 0x7f2a7c191628
P 0x7f2a7c19bc88
C 9
R
P 0x7f2a7c191628
C 342
R
P 0x7f2a7c191628
U 2
P 0x7f2a7c19bc88
P 0x7f2a7c19bc88
p 2
C 67
= 0x7f2a7c1a17b0
R
P 0x7f2a7c191628
C 342
R
P 0x7f2a7c191628
P 0x7f2a7c1a17b0
C 257
R
P 0x7f2a7c191628
C 342
R
P 0x7f2a7c191628
P 0x7f2a7c1a17b0
C 254
= 0x7f2a7c19b208
R
P 0x7f2a7c191628
C 342
R
P 0x7f2a7c191628
P 0x7f2a7c19b208
C 209
R
P 0x7f2a7c191628
C 342
R
P 0x7f2a7c191628
P 0x7f2a7c1a17b0
C 260
R
P 0x7f2a7c191628
C 342
R
P 0x7f2a7c191628
P 0x7f2a7c1a17b0
C 259
R
P 0x7f2a7c191628
C 342
R
P 0x7f2a7c191628
P 0x7f2a7c1a17b0
C 258
R
P 0x7f2a7c191628
C 342
R
P 0x7f2a7c191628
P 0x7f2a7c1a17b0
C 9
R
P 0x7f2a7c191628
C 342
R
P 0x7f2a7c191628
U 2
P 0x7f2a7c19bbe8
P 0x7f2a7c1a17b0
p 2
C 66
= 0x7f2a7c487b70
R
P 0x7f2a7c191628
C 342
R
P 0x7f2a7c191628
P 0x7f2a7c487b70
C 257
R
P 0x7f2a7c191628
C 342
R
P 0x7f2a7c191628
P 0x7f2a7c487b70
C 254
= 0x7f2a7c19b208
R
P 0x7f2a7c191628
C 342
R
P 0x7f2a7c191628
P 0x7f2a7c19b208
C 209
R
P 0x7f2a7c191628
C 342
R
P 0x7f2a7c191628
P 0x7f2a7c487b70
C 260
R
P 0x7f2a7c191628
C 342
R
P 0x7f2a7c191628
P 0x7f2a7c487b70
C 259
R
P 0x7f2a7c191628
C 342
R
P 0x7f2a7c191628
P 0x7f2a7c487b70
C 258
R
P 0x7f2a7c191628
C 342
R
P 0x7f2a7c191628
P 0x7f2a7c487b70
C 9
R
P 0x7f2a7c191628
C 342
R
P 0x7f2a7c191628
U 2
P 0x7f2a7c19bb88
P 0x7f2a7c487b70
p 2
C 65
= 0x7f2a7c487ba8
R
P 0x7f2a7c191628
C 342
R
P 0x7f2a7c191628
P 0x7f2a7c487ba8
C 257
R
P 0x7f2a7c191628
C 342
R
P 0x7f2a7c191628
P 0x7f2a7c487ba8
C 254
= 0x7f2a7c19b1e8
R
P 0x7f2a7c191628
C 342
R
P 0x7f2a7c191628
P 0x7f2a7c19b1e8
C 209
R
P 0x7f2a7c191628
C 342
R
P 0x7f2a7c191628
P 0x7f2a7c487ba8
C 260
R
P 0x7f2a7c191628
C 342
R
P 0x7f2a7c191628
P 0x7f2a7c487ba8
C 259
R
P 0x7f2a7c191628
C 342
R
P 0x7f2a7c191628
P 0x7f2a7c487ba8
C 258
R
P 0x7f2a7c191628
C 342
R
P 0x7f2a7c191628
P 0x7f2a7c487ba8
C 9
R
P 0x7f2a7c191628
C 342
R
P 0x7f2a7c191628
P 0x7f2a7c1a1778
P 0x7f2a7c487ba8
P 0x7f2a7c19bb88
C 59
= 0x7f2a7c19fa48
R
P 0x7f2a7c191628
C 342
R
P 0x7f2a7c191628
P 0x7f2a7c19fa48
C 257
R
P 0x7f2a7c191628
C 342
R
P 0x7f2a7c191628
P 0x7f2a7c19fa48
C 254
= 0x7f2a7c19b1e8
R
P 0x7f2a7c191628
C 342
R
P 0x7f2a7c191628
P 0x7f2a7c19b1e8
C 209
R
P 0x7f2a7c191628
C 342
R
P 0x7f2a7c191628
P 0x7f2a7c19fa48
C 260
R
P 0x7f2a7c191628
C 342
R
P 0x7f2a7c191628
P 0x7f2a7c19fa48
C 259
R
P 0x7f2a7c191628
C 342
R
P 0x7f2a7c191628
P 0x7f2a7c19fa48
C 258
R
P 0x7f2a7c191628
C 342
R
P 0x7f2a7c191628
P 0x7f2a7c19fa48
C 9
R
P 0x7f2a7c191628
C 342
R
P 0x7f2a7c191628
U 2
P 0x7f2a7c487908
P 0x7f2a7c19fa48
p 2
C 65
= 0x7f2a7c487be0
R
P 0x7f2a7c191628
C 342
R
P 0x7f2a7c191628
P 0x7f2a7c487be0
C 257
R
P 0x7f2a7c191628
C 342
R
P 0x7f2a7c191628
P 0x7f2a7c487be0
C 254
= 0x7f2a7c19b1e8
R
P 0x7f2a7c191628
C 342
R
P 0x7f2a7c191628
P 0x7f2a7c19b1e8
C 209
R
P 0x7f2a7c191628
C 342
R
P 0x7f2a7c191628
P 0x7f2a7c487be0
C 260
R
P 0x7f2a7c191628
C 342
R
P 0x7f2a7c191628
P 0x7f2a7c487be0
C 259
R
P 0x7f2a7c191628
C 342
R
P 0x7f2a7c191628
P 0x7f2a7c487be0
C 258
R
P 0x7f2a7c191628
C 342
R
P 0x7f2a7c191628
P 0x7f2a7c487be0
C 9
R
P 0x7f2a7c191628
C 342
R
P 0x7f2a7c191628
P 0x7f2a7c19bca8
P 0x7f2a7c487be0
C 74
= 0x7f2a7c48a130
R
P 0x7f2a7c191628
C 342
R
P 0x7f2a7c191628
P 0x7f2a7c48a130
C 258
R
P 0x7f2a7c191628
C 342
R
P 0x7f2a7c191628
P 0x7f2a7c48a130
C 9
R
P 0x7f2a7c191628
C 342
R
P 0x7f2a7c191628
I 1
P 0x7f2a7c19b208
C 150
= 0x7f2a7c19bc88
R
P 0x7f2a7c191628
C 342
R
P 0x7f2a7c191628
P 0x7f2a7c19bc88
C 258
R
P 0x7f2a7c191628
C 342
R
P 0x7f2a7c191628
P 0x7f2a7c19bc88
C 9
R
P 0x7f2a7c191628
C 342
R
P 0x7f2a7c191628
P 0x7f2a7c19bc88
C 263
R
P 0x7f2a7c191628
C 342
R
P 0x7f2a7c191628
S "dev0T31"
C 30
R
P 0x7f2a7c191628
C 342
R
P 0x7f2a7c191628
$ |dev0T31|
C 202
R
P 0x7f2a7c191628
C 342
R
P 0x7f2a7c191628
$ |dev0T31|
P 0x7f2a7c19b1e8
C 51
= 0x7f2a7c19bca8
R
P 0x7f2a7c191628
C 342
R
P 0x7f2a7c191628
P 0x7f2a7c19bca8
C 257
R
P 0x7f2a7c191628
C 342
R
P 0x7f2a7c191628
P 0x7f2a7c19bca8
C 254
= 0x7f2a7c19b1e8
R
P 0x7f2a7c191628
C 342
R
P 0x7f2a7c191628
P 0x7f2a7c19b1e8
C 209
R
P 0x7f2a7c191628
C 342
R
P 0x7f2a7c191628
P 0x7f2a7c19bca8
C 260
R
P 0x7f2a7c191628
C 342
R
P 0x7f2a7c191628
P 0x7f2a7c19bca8
C 259
R
P 0x7f2a7c191628
C 342
R
P 0x7f2a7c191628
P 0x7f2a7c19bca8
C 258
R
P 0x7f2a7c191628
C 342
R
P 0x7f2a7c191628
P 0x7f2a7c19bca8
C 9
R
P 0x7f2a7c191628
C 342
R
P 0x7f2a7c191628
P 0x7f2a7c19bc68
C 333
R
P 0x7f2a7c191628
C 342
R
P 0x7f2a7c191628
S "slotflowPriorityStart"
C 30
R
P 0x7f2a7c191628
C 342
R
P 0x7f2a7c191628
$ |slotflowPriorityStart|
C 202
R
P 0x7f2a7c191628
C 342
R
P 0x7f2a7c191628
$ |slotflowPriorityStart|
P 0x7f2a7c19b1e8
C 51
= 0x7f2a7c19c2a8
R
P 0x7f2a7c191628
C 342
R
P 0x7f2a7c191628
P 0x7f2a7c19c2a8
C 257
R
P 0x7f2a7c191628
C 342
R
P 0x7f2a7c191628
P 0x7f2a7c19c2a8
C 254
= 0x7f2a7c19b1e8
R
P 0x7f2a7c191628
C 342
R
P 0x7f2a7c191628
P 0x7f2a7c19b1e8
C 209
R
P 0x7f2a7c191628
C 342
R
P 0x7f2a7c191628
P 0x7f2a7c19c2a8
C 260
R
P 0x7f2a7c191628
C 342
R
P 0x7f2a7c191628
P 0x7f2a7c19c2a8
C 259
R
P 0x7f2a7c191628
C 342
R
P 0x7f2a7c191628
P 0x7f2a7c19c2a8
C 258
R
P 0x7f2a7c191628
C 342
R
P 0x7f2a7c191628
P 0x7f2a7c19c2a8
C 9
R
P 0x7f2a7c191628
C 342
R
P 0x7f2a7c191628
I 0
P 0x7f2a7c19b208
C 150
= 0x7f2a7c19bd08
R
P 0x7f2a7c191628
C 342
R
P 0x7f2a7c191628
P 0x7f2a7c19bd08
C 258
R
P 0x7f2a7c191628
C 342
R
P 0x7f2a7c191628
P 0x7f2a7c19bd08
C 9
R
P 0x7f2a7c191628
C 342
R
P 0x7f2a7c191628
I 1
P 0x7f2a7c19b208
C 150
= 0x7f2a7c19bc88
R
P 0x7f2a7c191628
C 342
R
P 0x7f2a7c191628
P 0x7f2a7c19bc88
C 258
R
P 0x7f2a7c191628
C 342
R
P 0x7f2a7c191628
P 0x7f2a7c19bc88
C 9
R
P 0x7f2a7c191628
C 342
R
P 0x7f2a7c191628
P 0x7f2a7c19bd08
P 0x7f2a7c19bc88
C 75
= 0x7f2a7c486fa0
R
P 0x7f2a7c191628
C 342
R
P 0x7f2a7c191628
P 0x7f2a7c486fa0
C 258
R
P 0x7f2a7c191628
C 342
R
P 0x7f2a7c191628
P 0x7f2a7c486fa0
C 9
R
P 0x7f2a7c191628
C 342
R
P 0x7f2a7c191628
I 1
P 0x7f2a7c19b208
C 150
= 0x7f2a7c19bc88
R
P 0x7f2a7c191628
C 342
R
P 0x7f2a7c191628
P 0x7f2a7c19bc88
C 258
R
P 0x7f2a7c191628
C 342
R
P 0x7f2a7c191628
P 0x7f2a7c19bc88
C 9
R
P 0x7f2a7c191628
C 342
R
P 0x7f2a7c191628
U 2
P 0x7f2a7c19bd08
P 0x7f2a7c19bc88
p 2
C 67
= 0x7f2a7c486fd8
R
P 0x7f2a7c191628
C 342
R
P 0x7f2a7c191628
P 0x7f2a7c486fd8
C 257
R
P 0x7f2a7c191628
C 342
R
P 0x7f2a7c191628
P 0x7f2a7c486fd8
C 254
= 0x7f2a7c19b208
R
P 0x7f2a7c191628
C 342
R
P 0x7f2a7c191628
P 0x7f2a7c19b208
C 209
R
P 0x7f2a7c191628
C 342
R
P 0x7f2a7c191628
P 0x7f2a7c486fd8
C 260
R
P 0x7f2a7c191628
C 342
R
P 0x7f2a7c191628
P 0x7f2a7c486fd8
C 259
R
P 0x7f2a7c191628
C 342
R
P 0x7f2a7c191628
P 0x7f2a7c486fd8
C 258
R
P 0x7f2a7c191628
C 342
R
P 0x7f2a7c191628
P 0x7f2a7c486fd8
C 9
R
P 0x7f2a7c191628
C 342
R
P 0x7f2a7c191628
U 2
P 0x7f2a7c19bbe8
P 0x7f2a7c486fd8
p 2
C 66
= 0x7f2a7c487940
R
P 0x7f2a7c191628
C 342
R
P 0x7f2a7c191628
P 0x7f2a7c487940
C 257
R
P 0x7f2a7c191628
C 342
R
P 0x7f2a7c191628
P 0x7f2a7c487940
C 254
= 0x7f2a7c19b208
R
P 0x7f2a7c191628
C 342
R
P 0x7f2a7c191628
P 0x7f2a7c19b208
C 209
R
P 0x7f2a7c191628
C 342
R
P 0x7f2a7c191628
P 0x7f2a7c487940
C 260
R
P 0x7f2a7c191628
C 342
R
P 0x7f2a7c191628
P 0x7f2a7c487940
C 259
R
P 0x7f2a7c191628
C 342
R
P 0x7f2a7c191628
P 0x7f2a7c487940
C 258
R
P 0x7f2a7c191628
C 342
R
P 0x7f2a7c191628
P 0x7f2a7c487940
C 9
R
P 0x7f2a7c191628
C 342
R
P 0x7f2a7c191628
U 2
P 0x7f2a7c19bb88
P 0x7f2a7c487940
p 2
C 65
= 0x7f2a7c487978
R
P 0x7f2a7c191628
C 342
R
P 0x7f2a7c191628
P 0x7f2a7c487978
C 257
R
P 0x7f2a7c191628
C 342
R
P 0x7f2a7c191628
P 0x7f2a7c487978
C 254
= 0x7f2a7c19b1e8
R
P 0x7f2a7c191628
C 342
R
P 0x7f2a7c191628
P 0x7f2a7c19b1e8
C 209
R
P 0x7f2a7c191628
C 342
R
P 0x7f2a7c191628
P 0x7f2a7c487978
C 260
R
P 0x7f2a7c191628
C 342
R
P 0x7f2a7c191628
P 0x7f2a7c487978
C 259
R
P 0x7f2a7c191628
C 342
R
P 0x7f2a7c191628
P 0x7f2a7c487978
C 258
R
P 0x7f2a7c191628
C 342
R
P 0x7f2a7c191628
P 0x7f2a7c487978
C 9
R
P 0x7f2a7c191628
C 342
R
P 0x7f2a7c191628
P 0x7f2a7c486fa0
P 0x7f2a7c487978
P 0x7f2a7c19bb88
C 59
= 0x7f2a7c19fa08
R
P 0x7f2a7c191628
C 342
R
P 0x7f2a7c191628
P 0x7f2a7c19fa08
C 257
R
P 0x7f2a7c191628
C 342
R
P 0x7f2a7c191628
P 0x7f2a7c19fa08
C 254
= 0x7f2a7c19b1e8
R
P 0x7f2a7c191628
C 342
R
P 0x7f2a7c191628
P 0x7f2a7c19b1e8
C 209
R
P 0x7f2a7c191628
C 342
R
P 0x7f2a7c191628
P 0x7f2a7c19fa08
C 260
R
P 0x7f2a7c191628
C 342
R
P 0x7f2a7c191628
P 0x7f2a7c19fa08
C 259
R
P 0x7f2a7c191628
C 342
R
P 0x7f2a7c191628
P 0x7f2a7c19fa08
C 258
R
P 0x7f2a7c191628
C 342
R
P 0x7f2a7c191628
P 0x7f2a7c19fa08
C 9
R
P 0x7f2a7c191628
C 342
R
P 0x7f2a7c191628
U 2
P 0x7f2a7c19c2a8
P 0x7f2a7c19fa08
p 2
C 65
= 0x7f2a7c487a58
R
P 0x7f2a7c191628
C 342
R
P 0x7f2a7c191628
P 0x7f2a7c487a58
C 257
R
P 0x7f2a7c191628
C 342
R
P 0x7f2a7c191628
P 0x7f2a7c487a58
C 254
= 0x7f2a7c19b1e8
R
P 0x7f2a7c191628
C 342
R
P 0x7f2a7c191628
P 0x7f2a7c19b1e8
C 209
R
P 0x7f2a7c191628
C 342
R
P 0x7f2a7c191628
P 0x7f2a7c487a58
C 260
R
P 0x7f2a7c191628
C 342
R
P 0x7f2a7c191628
P 0x7f2a7c487a58
C 259
R
P 0x7f2a7c191628
C 342
R
P 0x7f2a7c191628
P 0x7f2a7c487a58
C 258
R
P 0x7f2a7c191628
C 342
R
P 0x7f2a7c191628
P 0x7f2a7c487a58
C 9
R
P 0x7f2a7c191628
C 342
R
P 0x7f2a7c191628
U 2
P 0x7f2a7c487a58
P 0x7f2a7c19bb68
p 2
C 65
= 0x7f2a7c4896b0
R
P 0x7f2a7c191628
C 342
R
P 0x7f2a7c191628
P 0x7f2a7c4896b0
C 257
R
P 0x7f2a7c191628
C 342
R
P 0x7f2a7c191628
P 0x7f2a7c4896b0
C 254
= 0x7f2a7c19b1e8
R
P 0x7f2a7c191628
C 342
R
P 0x7f2a7c191628
P 0x7f2a7c19b1e8
C 209
R
P 0x7f2a7c191628
C 342
R
P 0x7f2a7c191628
P 0x7f2a7c4896b0
C 260
R
P 0x7f2a7c191628
C 342
R
P 0x7f2a7c191628
P 0x7f2a7c4896b0
C 259
R
P 0x7f2a7c191628
C 342
R
P 0x7f2a7c191628
P 0x7f2a7c4896b0
C 258
R
P 0x7f2a7c191628
C 342
R
P 0x7f2a7c191628
P 0x7f2a7c4896b0
C 9
R
P 0x7f2a7c191628
C 342
R
P 0x7f2a7c191628
P 0x7f2a7c19bca8
P 0x7f2a7c4896b0
C 56
= 0x7f2a7c48c760
R
P 0x7f2a7c191628
C 342
R
P 0x7f2a7c191628
P 0x7f2a7c48c760
C 258
R
P 0x7f2a7c191628
C 342
R
P 0x7f2a7c191628
P 0x7f2a7c48c760
C 9
R
P 0x7f2a7c191628
C 342
R
P 0x7f2a7c191628
U 2
P 0x7f2a7c48a130
P 0x7f2a7c48c760
p 2
C 63
= 0x7f2a7c48c798
R
P 0x7f2a7c191628
C 342
R
P 0x7f2a7c191628
P 0x7f2a7c48c798
C 258
R
P 0x7f2a7c191628
C 342
R
P 0x7f2a7c191628
P 0x7f2a7c48c798
C 9
R
P 0x7f2a7c191628
C 342
R
P 0x7f2a7c191628
P 0x7f2a7c48c728
P 0x7f2a7c48c798
C 61
= 0x7f2a7c48c7d0
R
P 0x7f2a7c191628
C 342
R
P 0x7f2a7c191628
P 0x7f2a7c48c7d0
C 258
R
P 0x7f2a7c191628
C 342
R
P 0x7f2a7c191628
P 0x7f2a7c48c7d0
C 9
R
P 0x7f2a7c191628
C 342
R
P 0x7f2a7c191628
P 0x7f2a7c1e1fc8
P 0x7f2a7c48c7d0
C 427
R
P 0x7f2a7c191628
C 342
R
P 0x7f2a7c191628
I 1
P 0x7f2a7c19b208
C 150
= 0x7f2a7c19bc88
R
P 0x7f2a7c191628
C 342
R
P 0x7f2a7c191628
P 0x7f2a7c19bc88
C 258
R
P 0x7f2a7c191628
C 342
R
P 0x7f2a7c191628
P 0x7f2a7c19bc88
C 9
R
P 0x7f2a7c191628
C 342
R
P 0x7f2a7c191628
I 1
P 0x7f2a7c19b208
C 150
= 0x7f2a7c19bc88
R
P 0x7f2a7c191628
C 342
R
P 0x7f2a7c191628
P 0x7f2a7c19bc88
C 258
R
P 0x7f2a7c191628
C 342
R
P 0x7f2a7c191628
P 0x7f2a7c19bc88
C 9
R
P 0x7f2a7c191628
C 342
R
P 0x7f2a7c191628
P 0x7f2a7c19bc88
P 0x7f2a7c19bc88
C 75
= 0x7f2a7c1a1778
R
P 0x7f2a7c191628
C 342
R
P 0x7f2a7c191628
P 0x7f2a7c1a1778
C 258
R
P 0x7f2a7c191628
C 342
R
P 0x7f2a7c191628
P 0x7f2a7c1a1778
C 9
R
P 0x7f2a7c191628
C 342
R
P 0x7f2a7c191628
I 1
P 0x7f2a7c19b208
C 150
= 0x7f2a7c19bc88
R
P 0x7f2a7c191628
C 342
R
P 0x7f2a7c191628
P 0x7f2a7c19bc88
C 258
R
P 0x7f2a7c191628
C 342
R
P 0x7f2a7c191628
P 0x7f2a7c19bc88
C 9
R
P 0x7f2a7c191628
C 342
R
P 0x7f2a7c191628
U 2
P 0x7f2a7c19bc88
P 0x7f2a7c19bc88
p 2
C 67
= 0x7f2a7c1a17b0
R
P 0x7f2a7c191628
C 342
R
P 0x7f2a7c191628
P 0x7f2a7c1a17b0
C 257
R
P 0x7f2a7c191628
C 342
R
P 0x7f2a7c191628
P 0x7f2a7c1a17b0
C 254
= 0x7f2a7c19b208
R
P 0x7f2a7c191628
C 342
R
P 0x7f2a7c191628
P 0x7f2a7c19b208
C 209
R
P 0x7f2a7c191628
C 342
R
P 0x7f2a7c191628
P 0x7f2a7c1a17b0
C 260
R
P 0x7f2a7c191628
C 342
R
P 0x7f2a7c191628
P 0x7f2a7c1a17b0
C 259
R
P 0x7f2a7c191628
C 342
R
P 0x7f2a7c191628
P 0x7f2a7c1a17b0
C 258
R
P 0x7f2a7c191628
C 342
R
P 0x7f2a7c191628
P 0x7f2a7c1a17b0
C 9
R
P 0x7f2a7c191628
C 342
R
P 0x7f2a7c191628
U 2
P 0x7f2a7c19bba8
P 0x7f2a7c1a17b0
p 2
C 66
= 0x7f2a7c1a17e8
R
P 0x7f2a7c191628
C 342
R
P 0x7f2a7c191628
P 0x7f2a7c1a17e8
C 257
R
P 0x7f2a7c191628
C 342
R
P 0x7f2a7c191628
P 0x7f2a7c1a17e8
C 254
= 0x7f2a7c19b1e8
R
P 0x7f2a7c191628
C 342
R
P 0x7f2a7c191628
P 0x7f2a7c19b1e8
C 209
R
P 0x7f2a7c191628
C 342
R
P 0x7f2a7c191628
P 0x7f2a7c1a17e8
C 260
R
P 0x7f2a7c191628
C 342
R
P 0x7f2a7c191628
P 0x7f2a7c1a17e8
C 259
R
P 0x7f2a7c191628
C 342
R
P 0x7f2a7c191628
P 0x7f2a7c1a17e8
C 258
R
P 0x7f2a7c191628
C 342
R
P 0x7f2a7c191628
P 0x7f2a7c1a17e8
C 9
R
P 0x7f2a7c191628
C 342
R
P 0x7f2a7c191628
U 2
P 0x7f2a7c19bc28
P 0x7f2a7c1a17e8
p 2
C 65
= 0x7f2a7c1a1820
R
P 0x7f2a7c191628
C 342
R
P 0x7f2a7c191628
P 0x7f2a7c1a1820
C 257
R
P 0x7f2a7c191628
C 342
R
P 0x7f2a7c191628
P 0x7f2a7c1a1820
C 254
= 0x7f2a7c19b1e8
R
P 0x7f2a7c191628
C 342
R
P 0x7f2a7c191628
P 0x7f2a7c19b1e8
C 209
R
P 0x7f2a7c191628
C 342
R
P 0x7f2a7c191628
P 0x7f2a7c1a1820
C 260
R
P 0x7f2a7c191628
C 342
R
P 0x7f2a7c191628
P 0x7f2a7c1a1820
C 259
R
P 0x7f2a7c191628
C 342
R
P 0x7f2a7c191628
P 0x7f2a7c1a1820
C 258
R
P 0x7f2a7c191628
C 342
R
P 0x7f2a7c191628
P 0x7f2a7c1a1820
C 9
R
P 0x7f2a7c191628
C 342
R
P 0x7f2a7c191628
P 0x7f2a7c1a1778
P 0x7f2a7c1a1820
P 0x7f2a7c19bc28
C 59
= 0x7f2a7c19f848
R
P 0x7f2a7c191628
C 342
R
P 0x7f2a7c191628
P 0x7f2a7c19f848
C 257
R
P 0x7f2a7c191628
C 342
R
P 0x7f2a7c191628
P 0x7f2a7c19f848
C 254
= 0x7f2a7c19b1e8
R
P 0x7f2a7c191628
C 342
R
P 0x7f2a7c191628
P 0x7f2a7c19b1e8
C 209
R
P 0x7f2a7c191628
C 342
R
P 0x7f2a7c191628
P 0x7f2a7c19f848
C 260
R
P 0x7f2a7c191628
C 342
R
P 0x7f2a7c191628
P 0x7f2a7c19f848
C 259
R
P 0x7f2a7c191628
C 342
R
P 0x7f2a7c191628
P 0x7f2a7c19f848
C 258
R
P 0x7f2a7c191628
C 342
R
P 0x7f2a7c191628
P 0x7f2a7c19f848
C 9
R
P 0x7f2a7c191628
C 342
R
P 0x7f2a7c191628
U 2
P 0x7f2a7c19f848
P 0x7f2a7c19bb48
p 2
C 65
= 0x7f2a7c1a1858
R
P 0x7f2a7c191628
C 342
R
P 0x7f2a7c191628
P 0x7f2a7c1a1858
C 257
R
P 0x7f2a7c191628
C 342
R
P 0x7f2a7c191628
P 0x7f2a7c1a1858
C 254
= 0x7f2a7c19b1e8
R
P 0x7f2a7c191628
C 342
R
P 0x7f2a7c191628
P 0x7f2a7c19b1e8
C 209
R
P 0x7f2a7c191628
C 342
R
P 0x7f2a7c191628
P 0x7f2a7c1a1858
C 260
R
P 0x7f2a7c191628
C 342
R
P 0x7f2a7c191628
P 0x7f2a7c1a1858
C 259
R
P 0x7f2a7c191628
C 342
R
P 0x7f2a7c191628
P 0x7f2a7c1a1858
C 258
R
P 0x7f2a7c191628
C 342
R
P 0x7f2a7c191628
P 0x7f2a7c1a1858
C 9
R
P 0x7f2a7c191628
C 342
R
P 0x7f2a7c191628
P 0x7f2a7c19bc68
C 333
R
P 0x7f2a7c191628
C 342
R
P 0x7f2a7c191628
S "slotflowPriorityStart"
C 30
R
P 0x7f2a7c191628
C 342
R
P 0x7f2a7c191628
$ |slotflowPriorityStart|
C 202
R
P 0x7f2a7c191628
C 342
R
P 0x7f2a7c191628
$ |slotflowPriorityStart|
P 0x7f2a7c19b1e8
C 51
= 0x7f2a7c19c2a8
R
P 0x7f2a7c191628
C 342
R
P 0x7f2a7c191628
P 0x7f2a7c19c2a8
C 257
R
P 0x7f2a7c191628
C 342
R
P 0x7f2a7c191628
P 0x7f2a7c19c2a8
C 254
= 0x7f2a7c19b1e8
R
P 0x7f2a7c191628
C 342
R
P 0x7f2a7c191628
P 0x7f2a7c19b1e8
C 209
R
P 0x7f2a7c191628
C 342
R
P 0x7f2a7c191628
P 0x7f2a7c19c2a8
C 260
R
P 0x7f2a7c191628
C 342
R
P 0x7f2a7c191628
P 0x7f2a7c19c2a8
C 259
R
P 0x7f2a7c191628
C 342
R
P 0x7f2a7c191628
P 0x7f2a7c19c2a8
C 258
R
P 0x7f2a7c191628
C 342
R
P 0x7f2a7c191628
P 0x7f2a7c19c2a8
C 9
R
P 0x7f2a7c191628
C 342
R
P 0x7f2a7c191628
P 0x7f2a7c19bc68
C 333
R
P 0x7f2a7c191628
C 342
R
P 0x7f2a7c191628
S "slotflowPriorityDuration"
C 30
R
P 0x7f2a7c191628
C 342
R
P 0x7f2a7c191628
$ |slotflowPriorityDuration|
C 202
R
P 0x7f2a7c191628
C 342
R
P 0x7f2a7c191628
$ |slotflowPriorityDuration|
P 0x7f2a7c19b1e8
C 51
= 0x7f2a7c19c268
R
P 0x7f2a7c191628
C 342
R
P 0x7f2a7c191628
P 0x7f2a7c19c268
C 257
R
P 0x7f2a7c191628
C 342
R
P 0x7f2a7c191628
P 0x7f2a7c19c268
C 254
= 0x7f2a7c19b1e8
R
P 0x7f2a7c191628
C 342
R
P 0x7f2a7c191628
P 0x7f2a7c19b1e8
C 209
R
P 0x7f2a7c191628
C 342
R
P 0x7f2a7c191628
P 0x7f2a7c19c268
C 260
R
P 0x7f2a7c191628
C 342
R
P 0x7f2a7c191628
P 0x7f2a7c19c268
C 259
R
P 0x7f2a7c191628
C 342
R
P 0x7f2a7c191628
P 0x7f2a7c19c268
C 258
R
P 0x7f2a7c191628
C 342
R
P 0x7f2a7c191628
P 0x7f2a7c19c268
C 9
R
P 0x7f2a7c191628
C 342
R
P 0x7f2a7c191628
U 2
P 0x7f2a7c19c2a8
P 0x7f2a7c19c268
p 2
C 65
= 0x7f2a7c487908
R
P 0x7f2a7c191628
C 342
R
P 0x7f2a7c191628
P 0x7f2a7c487908
C 257
R
P 0x7f2a7c191628
C 342
R
P 0x7f2a7c191628
P 0x7f2a7c487908
C 254
= 0x7f2a7c19b1e8
R
P 0x7f2a7c191628
C 342
R
P 0x7f2a7c191628
P 0x7f2a7c19b1e8
C 209
R
P 0x7f2a7c191628
C 342
R
P 0x7f2a7c191628
P 0x7f2a7c487908
C 260
R
P 0x7f2a7c191628
C 342
R
P 0x7f2a7c191628
P 0x7f2a7c487908
C 259
R
P 0x7f2a7c191628
C 342
R
P 0x7f2a7c191628
P 0x7f2a7c487908
C 258
R
P 0x7f2a7c191628
C 342
R
P 0x7f2a7c191628
P 0x7f2a7c487908
C 9
R
P 0x7f2a7c191628
C 342
R
P 0x7f2a7c191628
I 1
P 0x7f2a7c19b208
C 150
= 0x7f2a7c19bc88
R
P 0x7f2a7c191628
C 342
R
P 0x7f2a7c191628
P 0x7f2a7c19bc88
C 258
R
P 0x7f2a7c191628
C 342
R
P 0x7f2a7c191628
P 0x7f2a7c19bc88
C 9
R
P 0x7f2a7c191628
C 342
R
P 0x7f2a7c191628
I 1
P 0x7f2a7c19b208
C 150
= 0x7f2a7c19bc88
R
P 0x7f2a7c191628
C 342
R
P 0x7f2a7c191628
P 0x7f2a7c19bc88
C 258
R
P 0x7f2a7c191628
C 342
R
P 0x7f2a7c191628
P 0x7f2a7c19bc88
C 9
R
P 0x7f2a7c191628
C 342
R
P 0x7f2a7c191628
P 0x7f2a7c19bc88
P 0x7f2a7c19bc88
C 75
= 0x7f2a7c1a1778
R
P 0x7f2a7c191628
C 342
R
P 0x7f2a7c191628
P 0x7f2a7c1a1778
C 258
R
P 0x7f2a7c191628
C 342
R
P 0x7f2a7c191628
P 0x7f2a7c1a1778
C 9
R
P 0x7f2a7c191628
C 342
R
P 0x7f2a7c191628
I 1
P 0x7f2a7c19b208
C 150
= 0x7f2a7c19bc88
R
P 0x7f2a7c191628
C 342
R
P 0x7f2a7c191628
P 0x7f2a7c19bc88
C 258
R
P 0x7f2a7c191628
C 342
R
P 0x7f2a7c191628
P 0x7f2a7c19bc88
C 9
R
P 0x7f2a7c191628
C 342
R
P 0x7f2a7c191628
U 2
P 0x7f2a7c19bc88
P 0x7f2a7c19bc88
p 2
C 67
= 0x7f2a7c1a17b0
R
P 0x7f2a7c191628
C 342
R
P 0x7f2a7c191628
P 0x7f2a7c1a17b0
C 257
R
P 0x7f2a7c191628
C 342
R
P 0x7f2a7c191628
P 0x7f2a7c1a17b0
C 254
= 0x7f2a7c19b208
R
P 0x7f2a7c191628
C 342
R
P 0x7f2a7c191628
P 0x7f2a7c19b208
C 209
R
P 0x7f2a7c191628
C 342
R
P 0x7f2a7c191628
P 0x7f2a7c1a17b0
C 260
R
P 0x7f2a7c191628
C 342
R
P 0x7f2a7c191628
P 0x7f2a7c1a17b0
C 259
R
P 0x7f2a7c191628
C 342
R
P 0x7f2a7c191628
P 0x7f2a7c1a17b0
C 258
R
P 0x7f2a7c191628
C 342
R
P 0x7f2a7c191628
P 0x7f2a7c1a17b0
C 9
R
P 0x7f2a7c191628
C 342
R
P 0x7f2a7c191628
U 2
P 0x7f2a7c19bbe8
P 0x7f2a7c1a17b0
p 2
C 66
= 0x7f2a7c487b70
R
P 0x7f2a7c191628
C 342
R
P 0x7f2a7c191628
P 0x7f2a7c487b70
C 257
R
P 0x7f2a7c191628
C 342
R
P 0x7f2a7c191628
P 0x7f2a7c487b70
C 254
= 0x7f2a7c19b208
R
P 0x7f2a7c191628
C 342
R
P 0x7f2a7c191628
P 0x7f2a7c19b208
C 209
R
P 0x7f2a7c191628
C 342
R
P 0x7f2a7c191628
P 0x7f2a7c487b70
C 260
R
P 0x7f2a7c191628
C 342
R
P 0x7f2a7c191628
P 0x7f2a7c487b70
C 259
R
P 0x7f2a7c191628
C 342
R
P 0x7f2a7c191628
P 0x7f2a7c487b70
C 258
R
P 0x7f2a7c191628
C 342
R
P 0x7f2a7c191628
P 0x7f2a7c487b70
C 9
R
P 0x7f2a7c191628
C 342
R
P 0x7f2a7c191628
U 2
P 0x7f2a7c19bb88
P 0x7f2a7c487b70
p 2
C 65
= 0x7f2a7c487ba8
R
P 0x7f2a7c191628
C 342
R
P 0x7f2a7c191628
P 0x7f2a7c487ba8
C 257
R
P 0x7f2a7c191628
C 342
R
P 0x7f2a7c191628
P 0x7f2a7c487ba8
C 254
= 0x7f2a7c19b1e8
R
P 0x7f2a7c191628
C 342
R
P 0x7f2a7c191628
P 0x7f2a7c19b1e8
C 209
R
P 0x7f2a7c191628
C 342
R
P 0x7f2a7c191628
P 0x7f2a7c487ba8
C 260
R
P 0x7f2a7c191628
C 342
R
P 0x7f2a7c191628
P 0x7f2a7c487ba8
C 259
R
P 0x7f2a7c191628
C 342
R
P 0x7f2a7c191628
P 0x7f2a7c487ba8
C 258
R
P 0x7f2a7c191628
C 342
R
P 0x7f2a7c191628
P 0x7f2a7c487ba8
C 9
R
P 0x7f2a7c191628
C 342
R
P 0x7f2a7c191628
P 0x7f2a7c1a1778
P 0x7f2a7c487ba8
P 0x7f2a7c19bb88
C 59
= 0x7f2a7c19fa48
R
P 0x7f2a7c191628
C 342
R
P 0x7f2a7c191628
P 0x7f2a7c19fa48
C 257
R
P 0x7f2a7c191628
C 342
R
P 0x7f2a7c191628
P 0x7f2a7c19fa48
C 254
= 0x7f2a7c19b1e8
R
P 0x7f2a7c191628
C 342
R
P 0x7f2a7c191628
P 0x7f2a7c19b1e8
C 209
R
P 0x7f2a7c191628
C 342
R
P 0x7f2a7c191628
P 0x7f2a7c19fa48
C 260
R
P 0x7f2a7c191628
C 342
R
P 0x7f2a7c191628
P 0x7f2a7c19fa48
C 259
R
P 0x7f2a7c191628
C 342
R
P 0x7f2a7c191628
P 0x7f2a7c19fa48
C 258
R
P 0x7f2a7c191628
C 342
R
P 0x7f2a7c191628
P 0x7f2a7c19fa48
C 9
R
P 0x7f2a7c191628
C 342
R
P 0x7f2a7c191628
U 2
P 0x7f2a7c487908
P 0x7f2a7c19fa48
p 2
C 65
= 0x7f2a7c487be0
R
P 0x7f2a7c191628
C 342
R
P 0x7f2a7c191628
P 0x7f2a7c487be0
C 257
R
P 0x7f2a7c191628
C 342
R
P 0x7f2a7c191628
P 0x7f2a7c487be0
C 254
= 0x7f2a7c19b1e8
R
P 0x7f2a7c191628
C 342
R
P 0x7f2a7c191628
P 0x7f2a7c19b1e8
C 209
R
P 0x7f2a7c191628
C 342
R
P 0x7f2a7c191628
P 0x7f2a7c487be0
C 260
R
P 0x7f2a7c191628
C 342
R
P 0x7f2a7c191628
P 0x7f2a7c487be0
C 259
R
P 0x7f2a7c191628
C 342
R
P 0x7f2a7c191628
P 0x7f2a7c487be0
C 258
R
P 0x7f2a7c191628
C 342
R
P 0x7f2a7c191628
P 0x7f2a7c487be0
C 9
R
P 0x7f2a7c191628
C 342
R
P 0x7f2a7c191628
U 2
P 0x7f2a7c487be0
P 0x7f2a7c19bb68
p 2
C 67
= 0x7f2a7c487c18
R
P 0x7f2a7c191628
C 342
R
P 0x7f2a7c191628
P 0x7f2a7c487c18
C 257
R
P 0x7f2a7c191628
C 342
R
P 0x7f2a7c191628
P 0x7f2a7c487c18
C 254
= 0x7f2a7c19b1e8
R
P 0x7f2a7c191628
C 342
R
P 0x7f2a7c191628
P 0x7f2a7c19b1e8
C 209
R
P 0x7f2a7c191628
C 342
R
P 0x7f2a7c191628
P 0x7f2a7c487c18
C 260
R
P 0x7f2a7c191628
C 342
R
P 0x7f2a7c191628
P 0x7f2a7c487c18
C 259
R
P 0x7f2a7c191628
C 342
R
P 0x7f2a7c191628
P 0x7f2a7c487c18
C 258
R
P 0x7f2a7c191628
C 342
R
P 0x7f2a7c191628
P 0x7f2a7c487c18
C 9
R
P 0x7f2a7c191628
C 342
R
P 0x7f2a7c191628
P 0x7f2a7c1a1858
P 0x7f2a7c487c18
C 75
= 0x7f2a7c48c808
R
P 0x7f2a7c191628
C 342
R
P 0x7f2a7c191628
P 0x7f2a7c48c808
C 258
R
P 0x7f2a7c191628
C 342
R
P 0x7f2a7c191628
P 0x7f2a7c48c808
C 9
R
P 0x7f2a7c191628
C 342
R
P 0x7f2a7c191628
I 1
P 0x7f2a7c19b208
C 150
= 0x7f2a7c19bc88
R
P 0x7f2a7c191628
C 342
R
P 0x7f2a7c191628
P 0x7f2a7c19bc88
C 258
R
P 0x7f2a7c191628
C 342
R
P 0x7f2a7c191628
P 0x7f2a7c19bc88
C 9
R
P 0x7f2a7c191628
C 342
R
P 0x7f2a7c191628
I 1
P 0x7f2a7c19b208
C 150
= 0x7f2a7c19bc88
R
P 0x7f2a7c191628
C 342
R
P 0x7f2a7c191628
P 0x7f2a7c19bc88
C 258
R
P 0x7f2a7c191628
C 342
R
P 0x7f2a7c191628
P 0x7f2a7c19bc88
C 9
R
P 0x7f2a7c191628
C 342
R
P 0x7f2a7c191628
P 0x7f2a7c19bc88
P 0x7f2a7c19bc88
C 75
= 0x7f2a7c1a1778
R
P 0x7f2a7c191628
C 342
R
P 0x7f2a7c191628
P 0x7f2a7c1a1778
C 258
R
P 0x7f2a7c191628
C 342
R
P 0x7f2a7c191628
P 0x7f2a7c1a1778
C 9
R
P 0x7f2a7c191628
C 342
R
P 0x7f2a7c191628
I 1
P 0x7f2a7c19b208
C 150
= 0x7f2a7c19bc88
R
P 0x7f2a7c191628
C 342
R
P 0x7f2a7c191628
P 0x7f2a7c19bc88
C 258
R
P 0x7f2a7c191628
C 342
R
P 0x7f2a7c191628
P 0x7f2a7c19bc88
C 9
R
P 0x7f2a7c191628
C 342
R
P 0x7f2a7c191628
U 2
P 0x7f2a7c19bc88
P 0x7f2a7c19bc88
p 2
C 67
= 0x7f2a7c1a17b0
R
P 0x7f2a7c191628
C 342
R
P 0x7f2a7c191628
P 0x7f2a7c1a17b0
C 257
R
P 0x7f2a7c191628
C 342
R
P 0x7f2a7c191628
P 0x7f2a7c1a17b0
C 254
= 0x7f2a7c19b208
R
P 0x7f2a7c191628
C 342
R
P 0x7f2a7c191628
P 0x7f2a7c19b208
C 209
R
P 0x7f2a7c191628
C 342
R
P 0x7f2a7c191628
P 0x7f2a7c1a17b0
C 260
R
P 0x7f2a7c191628
C 342
R
P 0x7f2a7c191628
P 0x7f2a7c1a17b0
C 259
R
P 0x7f2a7c191628
C 342
R
P 0x7f2a7c191628
P 0x7f2a7c1a17b0
C 258
R
P 0x7f2a7c191628
C 342
R
P 0x7f2a7c191628
P 0x7f2a7c1a17b0
C 9
R
P 0x7f2a7c191628
C 342
R
P 0x7f2a7c191628
U 2
P 0x7f2a7c19bba8
P 0x7f2a7c1a17b0
p 2
C 66
= 0x7f2a7c1a17e8
R
P 0x7f2a7c191628
C 342
R
P 0x7f2a7c191628
P 0x7f2a7c1a17e8
C 257
R
P 0x7f2a7c191628
C 342
R
P 0x7f2a7c191628
P 0x7f2a7c1a17e8
C 254
= 0x7f2a7c19b1e8
R
P 0x7f2a7c191628
C 342
R
P 0x7f2a7c191628
P 0x7f2a7c19b1e8
C 209
R
P 0x7f2a7c191628
C 342
R
P 0x7f2a7c191628
P 0x7f2a7c1a17e8
C 260
R
P 0x7f2a7c191628
C 342
R
P 0x7f2a7c191628
P 0x7f2a7c1a17e8
C 259
R
P 0x7f2a7c191628
C 342
R
P 0x7f2a7c191628
P 0x7f2a7c1a17e8
C 258
R
P 0x7f2a7c191628
C 342
R
P 0x7f2a7c191628
P 0x7f2a7c1a17e8
C 9
R
P 0x7f2a7c191628
C 342
R
P 0x7f2a7c191628
U 2
P 0x7f2a7c19bc28
P 0x7f2a7c1a17e8
p 2
C 65
= 0x7f2a7c1a1820
R
P 0x7f2a7c191628
C 342
R
P 0x7f2a7c191628
P 0x7f2a7c1a1820
C 257
R
P 0x7f2a7c191628
C 342
R
P 0x7f2a7c191628
P 0x7f2a7c1a1820
C 254
= 0x7f2a7c19b1e8
R
P 0x7f2a7c191628
C 342
R
P 0x7f2a7c191628
P 0x7f2a7c19b1e8
C 209
R
P 0x7f2a7c191628
C 342
R
P 0x7f2a7c191628
P 0x7f2a7c1a1820
C 260
R
P 0x7f2a7c191628
C 342
R
P 0x7f2a7c191628
P 0x7f2a7c1a1820
C 259
R
P 0x7f2a7c191628
C 342
R
P 0x7f2a7c191628
P 0x7f2a7c1a1820
C 258
R
P 0x7f2a7c191628
C 342
R
P 0x7f2a7c191628
P 0x7f2a7c1a1820
C 9
R
P 0x7f2a7c191628
C 342
R
P 0x7f2a7c191628
P 0x7f2a7c1a1778
P 0x7f2a7c1a1820
P 0x7f2a7c19bc28
C 59
= 0x7f2a7c19f848
R
P 0x7f2a7c191628
C 342
R
P 0x7f2a7c191628
P 0x7f2a7c19f848
C 257
R
P 0x7f2a7c191628
C 342
R
P 0x7f2a7c191628
P 0x7f2a7c19f848
C 254
= 0x7f2a7c19b1e8
R
P 0x7f2a7c191628
C 342
R
P 0x7f2a7c191628
P 0x7f2a7c19b1e8
C 209
R
P 0x7f2a7c191628
C 342
R
P 0x7f2a7c191628
P 0x7f2a7c19f848
C 260
R
P 0x7f2a7c191628
C 342
R
P 0x7f2a7c191628
P 0x7f2a7c19f848
C 259
R
P 0x7f2a7c191628
C 342
R
P 0x7f2a7c191628
P 0x7f2a7c19f848
C 258
R
P 0x7f2a7c191628
C 342
R
P 0x7f2a7c191628
P 0x7f2a7c19f848
C 9
R
P 0x7f2a7c191628
C 342
R
P 0x7f2a7c191628
U 2
P 0x7f2a7c19f848
P 0x7f2a7c19bb48
p 2
C 65
= 0x7f2a7c1a1858
R
P 0x7f2a7c191628
C 342
R
P 0x7f2a7c191628
P 0x7f2a7c1a1858
C 257
R
P 0x7f2a7c191628
C 342
R
P 0x7f2a7c191628
P 0x7f2a7c1a1858
C 254
= 0x7f2a7c19b1e8
R
P 0x7f2a7c191628
C 342
R
P 0x7f2a7c191628
P 0x7f2a7c19b1e8
C 209
R
P 0x7f2a7c191628
C 342
R
P 0x7f2a7c191628
P 0x7f2a7c1a1858
C 260
R
P 0x7f2a7c191628
C 342
R
P 0x7f2a7c191628
P 0x7f2a7c1a1858
C 259
R
P 0x7f2a7c191628
C 342
R
P 0x7f2a7c191628
P 0x7f2a7c1a1858
C 258
R
P 0x7f2a7c191628
C 342
R
P 0x7f2a7c191628
P 0x7f2a7c1a1858
C 9
R
P 0x7f2a7c191628
C 342
R
P 0x7f2a7c191628
I 1
P 0x7f2a7c19b208
C 150
= 0x7f2a7c19bc88
R
P 0x7f2a7c191628
C 342
R
P 0x7f2a7c191628
P 0x7f2a7c19bc88
C 258
R
P 0x7f2a7c191628
C 342
R
P 0x7f2a7c191628
P 0x7f2a7c19bc88
C 9
R
P 0x7f2a7c191628
C 342
R
P 0x7f2a7c191628
I 1
P 0x7f2a7c19b208
C 150
= 0x7f2a7c19bc88
R
P 0x7f2a7c191628
C 342
R
P 0x7f2a7c191628
P 0x7f2a7c19bc88
C 258
R
P 0x7f2a7c191628
C 342
R
P 0x7f2a7c191628
P 0x7f2a7c19bc88
C 9
R
P 0x7f2a7c191628
C 342
R
P 0x7f2a7c191628
P 0x7f2a7c19bc88
P 0x7f2a7c19bc88
C 75
= 0x7f2a7c1a1778
R
P 0x7f2a7c191628
C 342
R
P 0x7f2a7c191628
P 0x7f2a7c1a1778
C 258
R
P 0x7f2a7c191628
C 342
R
P 0x7f2a7c191628
P 0x7f2a7c1a1778
C 9
R
P 0x7f2a7c191628
C 342
R
P 0x7f2a7c191628
I 1
P 0x7f2a7c19b208
C 150
= 0x7f2a7c19bc88
R
P 0x7f2a7c191628
C 342
R
P 0x7f2a7c191628
P 0x7f2a7c19bc88
C 258
R
P 0x7f2a7c191628
C 342
R
P 0x7f2a7c191628
P 0x7f2a7c19bc88
C 9
R
P 0x7f2a7c191628
C 342
R
P 0x7f2a7c191628
U 2
P 0x7f2a7c19bc88
P 0x7f2a7c19bc88
p 2
C 67
= 0x7f2a7c1a17b0
R
P 0x7f2a7c191628
C 342
R
P 0x7f2a7c191628
P 0x7f2a7c1a17b0
C 257
R
P 0x7f2a7c191628
C 342
R
P 0x7f2a7c191628
P 0x7f2a7c1a17b0
C 254
= 0x7f2a7c19b208
R
P 0x7f2a7c191628
C 342
R
P 0x7f2a7c191628
P 0x7f2a7c19b208
C 209
R
P 0x7f2a7c191628
C 342
R
P 0x7f2a7c191628
P 0x7f2a7c1a17b0
C 260
R
P 0x7f2a7c191628
C 342
R
P 0x7f2a7c191628
P 0x7f2a7c1a17b0
C 259
R
P 0x7f2a7c191628
C 342
R
P 0x7f2a7c191628
P 0x7f2a7c1a17b0
C 258
R
P 0x7f2a7c191628
C 342
R
P 0x7f2a7c191628
P 0x7f2a7c1a17b0
C 9
R
P 0x7f2a7c191628
C 342
R
P 0x7f2a7c191628
U 2
P 0x7f2a7c19bbe8
P 0x7f2a7c1a17b0
p 2
C 66
= 0x7f2a7c487b70
R
P 0x7f2a7c191628
C 342
R
P 0x7f2a7c191628
P 0x7f2a7c487b70
C 257
R
P 0x7f2a7c191628
C 342
R
P 0x7f2a7c191628
P 0x7f2a7c487b70
C 254
= 0x7f2a7c19b208
R
P 0x7f2a7c191628
C 342
R
P 0x7f2a7c191628
P 0x7f2a7c19b208
C 209
R
P 0x7f2a7c191628
C 342
R
P 0x7f2a7c191628
P 0x7f2a7c487b70
C 260
R
P 0x7f2a7c191628
C 342
R
P 0x7f2a7c191628
P 0x7f2a7c487b70
C 259
R
P 0x7f2a7c191628
C 342
R
P 0x7f2a7c191628
P 0x7f2a7c487b70
C 258
R
P 0x7f2a7c191628
C 342
R
P 0x7f2a7c191628
P 0x7f2a7c487b70
C 9
R
P 0x7f2a7c191628
C 342
R
P 0x7f2a7c191628
U 2
P 0x7f2a7c19bb88
P 0x7f2a7c487b70
p 2
C 65
= 0x7f2a7c487ba8
R
P 0x7f2a7c191628
C 342
R
P 0x7f2a7c191628
P 0x7f2a7c487ba8
C 257
R
P 0x7f2a7c191628
C 342
R
P 0x7f2a7c191628
P 0x7f2a7c487ba8
C 254
= 0x7f2a7c19b1e8
R
P 0x7f2a7c191628
C 342
R
P 0x7f2a7c191628
P 0x7f2a7c19b1e8
C 209
R
P 0x7f2a7c191628
C 342
R
P 0x7f2a7c191628
P 0x7f2a7c487ba8
C 260
R
P 0x7f2a7c191628
C 342
R
P 0x7f2a7c191628
P 0x7f2a7c487ba8
C 259
R
P 0x7f2a7c191628
C 342
R
P 0x7f2a7c191628
P 0x7f2a7c487ba8
C 258
R
P 0x7f2a7c191628
C 342
R
P 0x7f2a7c191628
P 0x7f2a7c487ba8
C 9
R
P 0x7f2a7c191628
C 342
R
P 0x7f2a7c191628
P 0x7f2a7c1a1778
P 0x7f2a7c487ba8
P 0x7f2a7c19bb88
C 59
= 0x7f2a7c19fa48
R
P 0x7f2a7c191628
C 342
R
P 0x7f2a7c191628
P 0x7f2a7c19fa48
C 257
R
P 0x7f2a7c191628
C 342
R
P 0x7f2a7c191628
P 0x7f2a7c19fa48
C 254
= 0x7f2a7c19b1e8
R
P 0x7f2a7c191628
C 342
R
P 0x7f2a7c191628
P 0x7f2a7c19b1e8
C 209
R
P 0x7f2a7c191628
C 342
R
P 0x7f2a7c191628
P 0x7f2a7c19fa48
C 260
R
P 0x7f2a7c191628
C 342
R
P 0x7f2a7c191628
P 0x7f2a7c19fa48
C 259
R
P 0x7f2a7c191628
C 342
R
P 0x7f2a7c191628
P 0x7f2a7c19fa48
C 258
R
P 0x7f2a7c191628
C 342
R
P 0x7f2a7c191628
P 0x7f2a7c19fa48
C 9
R
P 0x7f2a7c191628
C 342
R
P 0x7f2a7c191628
U 2
P 0x7f2a7c19fa48
P 0x7f2a7c19bbe8
p 2
C 65
= 0x7f2a7c48bf80
R
P 0x7f2a7c191628
C 342
R
P 0x7f2a7c191628
P 0x7f2a7c48bf80
C 257
R
P 0x7f2a7c191628
C 342
R
P 0x7f2a7c191628
P 0x7f2a7c48bf80
C 254
= 0x7f2a7c19b1e8
R
P 0x7f2a7c191628
C 342
R
P 0x7f2a7c191628
P 0x7f2a7c19b1e8
C 209
R
P 0x7f2a7c191628
C 342
R
P 0x7f2a7c191628
P 0x7f2a7c48bf80
C 260
R
P 0x7f2a7c191628
C 342
R
P 0x7f2a7c191628
P 0x7f2a7c48bf80
C 259
R
P 0x7f2a7c191628
C 342
R
P 0x7f2a7c191628
P 0x7f2a7c48bf80
C 258
R
P 0x7f2a7c191628
C 342
R
P 0x7f2a7c191628
P 0x7f2a7c48bf80
C 9
R
P 0x7f2a7c191628
C 342
R
P 0x7f2a7c191628
P 0x7f2a7c1a1858
P 0x7f2a7c48bf80
C 74
= 0x7f2a7c48c898
R
P 0x7f2a7c191628
C 342
R
P 0x7f2a7c191628
P 0x7f2a7c48c898
C 258
R
P 0x7f2a7c191628
C 342
R
P 0x7f2a7c191628
P 0x7f2a7c48c898
C 9
R
P 0x7f2a7c191628
C 342
R
P 0x7f2a7c191628
U 2
P 0x7f2a7c48c808
P 0x7f2a7c48c898
p 2
C 63
= 0x7f2a7c48c8d0
R
P 0x7f2a7c191628
C 342
R
P 0x7f2a7c191628
P 0x7f2a7c48c8d0
C 258
R
P 0x7f2a7c191628
C 342
R
P 0x7f2a7c191628
P 0x7f2a7c48c8d0
C 9
R
P 0x7f2a7c191628
C 342
R
P 0x7f2a7c191628
I 1
P 0x7f2a7c19b208
C 150
= 0x7f2a7c19bc88
R
P 0x7f2a7c191628
C 342
R
P 0x7f2a7c191628
P 0x7f2a7c19bc88
C 258
R
P 0x7f2a7c191628
C 342
R
P 0x7f2a7c191628
P 0x7f2a7c19bc88
C 9
R
P 0x7f2a7c191628
C 342
R
P 0x7f2a7c191628
P 0x7f2a7c19bc88
C 263
R
P 0x7f2a7c191628
C 342
R
P 0x7f2a7c191628
S "dev0T31"
C 30
R
P 0x7f2a7c191628
C 342
R
P 0x7f2a7c191628
$ |dev0T31|
C 202
R
P 0x7f2a7c191628
C 342
R
P 0x7f2a7c191628
$ |dev0T31|
P 0x7f2a7c19b1e8
C 51
= 0x7f2a7c19bca8
R
P 0x7f2a7c191628
C 342
R
P 0x7f2a7c191628
P 0x7f2a7c19bca8
C 257
R
P 0x7f2a7c191628
C 342
R
P 0x7f2a7c191628
P 0x7f2a7c19bca8
C 254
= 0x7f2a7c19b1e8
R
P 0x7f2a7c191628
C 342
R
P 0x7f2a7c191628
P 0x7f2a7c19b1e8
C 209
R
P 0x7f2a7c191628
C 342
R
P 0x7f2a7c191628
P 0x7f2a7c19bca8
C 260
R
P 0x7f2a7c191628
C 342
R
P 0x7f2a7c191628
P 0x7f2a7c19bca8
C 259
R
P 0x7f2a7c191628
C 342
R
P 0x7f2a7c191628
P 0x7f2a7c19bca8
C 258
R
P 0x7f2a7c191628
C 342
R
P 0x7f2a7c191628
P 0x7f2a7c19bca8
C 9
R
P 0x7f2a7c191628
C 342
R
P 0x7f2a7c191628
P 0x7f2a7c19bc68
C 333
R
P 0x7f2a7c191628
C 342
R
P 0x7f2a7c191628
S "slotflowPriorityStart"
C 30
R
P 0x7f2a7c191628
C 342
R
P 0x7f2a7c191628
$ |slotflowPriorityStart|
C 202
R
P 0x7f2a7c191628
C 342
R
P 0x7f2a7c191628
$ |slotflowPriorityStart|
P 0x7f2a7c19b1e8
C 51
= 0x7f2a7c19c2a8
R
P 0x7f2a7c191628
C 342
R
P 0x7f2a7c191628
P 0x7f2a7c19c2a8
C 257
R
P 0x7f2a7c191628
C 342
R
P 0x7f2a7c191628
P 0x7f2a7c19c2a8
C 254
= 0x7f2a7c19b1e8
R
P 0x7f2a7c191628
C 342
R
P 0x7f2a7c191628
P 0x7f2a7c19b1e8
C 209
R
P 0x7f2a7c191628
C 342
R
P 0x7f2a7c191628
P 0x7f2a7c19c2a8
C 260
R
P 0x7f2a7c191628
C 342
R
P 0x7f2a7c191628
P 0x7f2a7c19c2a8
C 259
R
P 0x7f2a7c191628
C 342
R
P 0x7f2a7c191628
P 0x7f2a7c19c2a8
C 258
R
P 0x7f2a7c191628
C 342
R
P 0x7f2a7c191628
P 0x7f2a7c19c2a8
C 9
R
P 0x7f2a7c191628
C 342
R
P 0x7f2a7c191628
P 0x7f2a7c19bc68
C 333
R
P 0x7f2a7c191628
C 342
R
P 0x7f2a7c191628
S "slotflowPriorityDuration"
C 30
R
P 0x7f2a7c191628
C 342
R
P 0x7f2a7c191628
$ |slotflowPriorityDuration|
C 202
R
P 0x7f2a7c191628
C 342
R
P 0x7f2a7c191628
$ |slotflowPriorityDuration|
P 0x7f2a7c19b1e8
C 51
= 0x7f2a7c19c268
R
P 0x7f2a7c191628
C 342
R
P 0x7f2a7c191628
P 0x7f2a7c19c268
C 257
R
P 0x7f2a7c191628
C 342
R
P 0x7f2a7c191628
P 0x7f2a7c19c268
C 254
= 0x7f2a7c19b1e8
R
P 0x7f2a7c191628
C 342
R
P 0x7f2a7c191628
P 0x7f2a7c19b1e8
C 209
R
P 0x7f2a7c191628
C 342
R
P 0x7f2a7c191628
P 0x7f2a7c19c268
C 260
R
P 0x7f2a7c191628
C 342
R
P 0x7f2a7c191628
P 0x7f2a7c19c268
C 259
R
P 0x7f2a7c191628
C 342
R
P 0x7f2a7c191628
P 0x7f2a7c19c268
C 258
R
P 0x7f2a7c191628
C 342
R
P 0x7f2a7c191628
P 0x7f2a7c19c268
C 9
R
P 0x7f2a7c191628
C 342
R
P 0x7f2a7c191628
U 2
P 0x7f2a7c19c2a8
P 0x7f2a7c19c268
p 2
C 65
= 0x7f2a7c487908
R
P 0x7f2a7c191628
C 342
R
P 0x7f2a7c191628
P 0x7f2a7c487908
C 257
R
P 0x7f2a7c191628
C 342
R
P 0x7f2a7c191628
P 0x7f2a7c487908
C 254
= 0x7f2a7c19b1e8
R
P 0x7f2a7c191628
C 342
R
P 0x7f2a7c191628
P 0x7f2a7c19b1e8
C 209
R
P 0x7f2a7c191628
C 342
R
P 0x7f2a7c191628
P 0x7f2a7c487908
C 260
R
P 0x7f2a7c191628
C 342
R
P 0x7f2a7c191628
P 0x7f2a7c487908
C 259
R
P 0x7f2a7c191628
C 342
R
P 0x7f2a7c191628
P 0x7f2a7c487908
C 258
R
P 0x7f2a7c191628
C 342
R
P 0x7f2a7c191628
P 0x7f2a7c487908
C 9
R
P 0x7f2a7c191628
C 342
R
P 0x7f2a7c191628
I 2
P 0x7f2a7c19b208
C 150
= 0x7f2a7c19bcc8
R
P 0x7f2a7c191628
C 342
R
P 0x7f2a7c191628
P 0x7f2a7c19bcc8
C 258
R
P 0x7f2a7c191628
C 342
R
P 0x7f2a7c191628
P 0x7f2a7c19bcc8
C 9
R
P 0x7f2a7c191628
C 342
R
P 0x7f2a7c191628
I 1
P 0x7f2a7c19b208
C 150
= 0x7f2a7c19bc88
R
P 0x7f2a7c191628
C 342
R
P 0x7f2a7c191628
P 0x7f2a7c19bc88
C 258
R
P 0x7f2a7c191628
C 342
R
P 0x7f2a7c191628
P 0x7f2a7c19bc88
C 9
R
P 0x7f2a7c191628
C 342
R
P 0x7f2a7c191628
P 0x7f2a7c19bcc8
P 0x7f2a7c19bc88
C 75
= 0x7f2a7c1a1890
R
P 0x7f2a7c191628
C 342
R
P 0x7f2a7c191628
P 0x7f2a7c1a1890
C 258
R
P 0x7f2a7c191628
C 342
R
P 0x7f2a7c191628
P 0x7f2a7c1a1890
C 9
R
P 0x7f2a7c191628
C 342
R
P 0x7f2a7c191628
I 1
P 0x7f2a7c19b208
C 150
= 0x7f2a7c19bc88
R
P 0x7f2a7c191628
C 342
R
P 0x7f2a7c191628
P 0x7f2a7c19bc88
C 258
R
P 0x7f2a7c191628
C 342
R
P 0x7f2a7c191628
P 0x7f2a7c19bc88
C 9
R
P 0x7f2a7c191628
C 342
R
P 0x7f2a7c191628
U 2
P 0x7f2a7c19bcc8
P 0x7f2a7c19bc88
p 2
C 67
= 0x7f2a7c1a18c8
R
P 0x7f2a7c191628
C 342
R
P 0x7f2a7c191628
P 0x7f2a7c1a18c8
C 257
R
P 0x7f2a7c191628
C 342
R
P 0x7f2a7c191628
P 0x7f2a7c1a18c8
C 254
= 0x7f2a7c19b208
R
P 0x7f2a7c191628
C 342
R
P 0x7f2a7c191628
P 0x7f2a7c19b208
C 209
R
P 0x7f2a7c191628
C 342
R
P 0x7f2a7c191628
P 0x7f2a7c1a18c8
C 260
R
P 0x7f2a7c191628
C 342
R
P 0x7f2a7c191628
P 0x7f2a7c1a18c8
C 259
R
P 0x7f2a7c191628
C 342
R
P 0x7f2a7c191628
P 0x7f2a7c1a18c8
C 258
R
P 0x7f2a7c191628
C 342
R
P 0x7f2a7c191628
P 0x7f2a7c1a18c8
C 9
R
P 0x7f2a7c191628
C 342
R
P 0x7f2a7c191628
U 2
P 0x7f2a7c19bbe8
P 0x7f2a7c1a18c8
p 2
C 66
= 0x7f2a7c487d68
R
P 0x7f2a7c191628
C 342
R
P 0x7f2a7c191628
P 0x7f2a7c487d68
C 257
R
P 0x7f2a7c191628
C 342
R
P 0x7f2a7c191628
P 0x7f2a7c487d68
C 254
= 0x7f2a7c19b208
R
P 0x7f2a7c191628
C 342
R
P 0x7f2a7c191628
P 0x7f2a7c19b208
C 209
R
P 0x7f2a7c191628
C 342
R
P 0x7f2a7c191628
P 0x7f2a7c487d68
C 260
R
P 0x7f2a7c191628
C 342
R
P 0x7f2a7c191628
P 0x7f2a7c487d68
C 259
R
P 0x7f2a7c191628
C 342
R
P 0x7f2a7c191628
P 0x7f2a7c487d68
C 258
R
P 0x7f2a7c191628
C 342
R
P 0x7f2a7c191628
P 0x7f2a7c487d68
C 9
R
P 0x7f2a7c191628
C 342
R
P 0x7f2a7c191628
U 2
P 0x7f2a7c19bb88
P 0x7f2a7c487d68
p 2
C 65
= 0x7f2a7c487da0
R
P 0x7f2a7c191628
C 342
R
P 0x7f2a7c191628
P 0x7f2a7c487da0
C 257
R
P 0x7f2a7c191628
C 342
R
P 0x7f2a7c191628
P 0x7f2a7c487da0
C 254
= 0x7f2a7c19b1e8
R
P 0x7f2a7c191628
C 342
R
P 0x7f2a7c191628
P 0x7f2a7c19b1e8
C 209
R
P 0x7f2a7c191628
C 342
R
P 0x7f2a7c191628
P 0x7f2a7c487da0
C 260
R
P 0x7f2a7c191628
C 342
R
P 0x7f2a7c191628
P 0x7f2a7c487da0
C 259
R
P 0x7f2a7c191628
C 342
R
P 0x7f2a7c191628
P 0x7f2a7c487da0
C 258
R
P 0x7f2a7c191628
C 342
R
P 0x7f2a7c191628
P 0x7f2a7c487da0
C 9
R
P 0x7f2a7c191628
C 342
R
P 0x7f2a7c191628
P 0x7f2a7c1a1890
P 0x7f2a7c487da0
P 0x7f2a7c19bb88
C 59
= 0x7f2a7c19fa88
R
P 0x7f2a7c191628
C 342
R
P 0x7f2a7c191628
P 0x7f2a7c19fa88
C 257
R
P 0x7f2a7c191628
C 342
R
P 0x7f2a7c191628
P 0x7f2a7c19fa88
C 254
= 0x7f2a7c19b1e8
R
P 0x7f2a7c191628
C 342
R
P 0x7f2a7c191628
P 0x7f2a7c19b1e8
C 209
R
P 0x7f2a7c191628
C 342
R
P 0x7f2a7c191628
P 0x7f2a7c19fa88
C 260
R
P 0x7f2a7c191628
C 342
R
P 0x7f2a7c191628
P 0x7f2a7c19fa88
C 259
R
P 0x7f2a7c191628
C 342
R
P 0x7f2a7c191628
P 0x7f2a7c19fa88
C 258
R
P 0x7f2a7c191628
C 342
R
P 0x7f2a7c191628
P 0x7f2a7c19fa88
C 9
R
P 0x7f2a7c191628
C 342
R
P 0x7f2a7c191628
U 2
P 0x7f2a7c487908
P 0x7f2a7c19fa88
p 2
C 65
= 0x7f2a7c487dd8
R
P 0x7f2a7c191628
C 342
R
P 0x7f2a7c191628
P 0x7f2a7c487dd8
C 257
R
P 0x7f2a7c191628
C 342
R
P 0x7f2a7c191628
P 0x7f2a7c487dd8
C 254
= 0x7f2a7c19b1e8
R
P 0x7f2a7c191628
C 342
R
P 0x7f2a7c191628
P 0x7f2a7c19b1e8
C 209
R
P 0x7f2a7c191628
C 342
R
P 0x7f2a7c191628
P 0x7f2a7c487dd8
C 260
R
P 0x7f2a7c191628
C 342
R
P 0x7f2a7c191628
P 0x7f2a7c487dd8
C 259
R
P 0x7f2a7c191628
C 342
R
P 0x7f2a7c191628
P 0x7f2a7c487dd8
C 258
R
P 0x7f2a7c191628
C 342
R
P 0x7f2a7c191628
P 0x7f2a7c487dd8
C 9
R
P 0x7f2a7c191628
C 342
R
P 0x7f2a7c191628
P 0x7f2a7c19bca8
P 0x7f2a7c487dd8
C 74
= 0x7f2a7c48a2b8
R
P 0x7f2a7c191628
C 342
R
P 0x7f2a7c191628
P 0x7f2a7c48a2b8
C 258
R
P 0x7f2a7c191628
C 342
R
P 0x7f2a7c191628
P 0x7f2a7c48a2b8
C 9
R
P 0x7f2a7c191628
C 342
R
P 0x7f2a7c191628
I 1
P 0x7f2a7c19b208
C 150
= 0x7f2a7c19bc88
R
P 0x7f2a7c191628
C 342
R
P 0x7f2a7c191628
P 0x7f2a7c19bc88
C 258
R
P 0x7f2a7c191628
C 342
R
P 0x7f2a7c191628
P 0x7f2a7c19bc88
C 9
R
P 0x7f2a7c191628
C 342
R
P 0x7f2a7c191628
P 0x7f2a7c19bc88
C 263
R
P 0x7f2a7c191628
C 342
R
P 0x7f2a7c191628
S "dev0T31"
C 30
R
P 0x7f2a7c191628
C 342
R
P 0x7f2a7c191628
$ |dev0T31|
C 202
R
P 0x7f2a7c191628
C 342
R
P 0x7f2a7c191628
$ |dev0T31|
P 0x7f2a7c19b1e8
C 51
= 0x7f2a7c19bca8
R
P 0x7f2a7c191628
C 342
R
P 0x7f2a7c191628
P 0x7f2a7c19bca8
C 257
R
P 0x7f2a7c191628
C 342
R
P 0x7f2a7c191628
P 0x7f2a7c19bca8
C 254
= 0x7f2a7c19b1e8
R
P 0x7f2a7c191628
C 342
R
P 0x7f2a7c191628
P 0x7f2a7c19b1e8
C 209
R
P 0x7f2a7c191628
C 342
R
P 0x7f2a7c191628
P 0x7f2a7c19bca8
C 260
R
P 0x7f2a7c191628
C 342
R
P 0x7f2a7c191628
P 0x7f2a7c19bca8
C 259
R
P 0x7f2a7c191628
C 342
R
P 0x7f2a7c191628
P 0x7f2a7c19bca8
C 258
R
P 0x7f2a7c191628
C 342
R
P 0x7f2a7c191628
P 0x7f2a7c19bca8
C 9
R
P 0x7f2a7c191628
C 342
R
P 0x7f2a7c191628
P 0x7f2a7c19bc68
C 333
R
P 0x7f2a7c191628
C 342
R
P 0x7f2a7c191628
S "slotflowPriorityStart"
C 30
R
P 0x7f2a7c191628
C 342
R
P 0x7f2a7c191628
$ |slotflowPriorityStart|
C 202
R
P 0x7f2a7c191628
C 342
R
P 0x7f2a7c191628
$ |slotflowPriorityStart|
P 0x7f2a7c19b1e8
C 51
= 0x7f2a7c19c2a8
R
P 0x7f2a7c191628
C 342
R
P 0x7f2a7c191628
P 0x7f2a7c19c2a8
C 257
R
P 0x7f2a7c191628
C 342
R
P 0x7f2a7c191628
P 0x7f2a7c19c2a8
C 254
= 0x7f2a7c19b1e8
R
P 0x7f2a7c191628
C 342
R
P 0x7f2a7c191628
P 0x7f2a7c19b1e8
C 209
R
P 0x7f2a7c191628
C 342
R
P 0x7f2a7c191628
P 0x7f2a7c19c2a8
C 260
R
P 0x7f2a7c191628
C 342
R
P 0x7f2a7c191628
P 0x7f2a7c19c2a8
C 259
R
P 0x7f2a7c191628
C 342
R
P 0x7f2a7c191628
P 0x7f2a7c19c2a8
C 258
R
P 0x7f2a7c191628
C 342
R
P 0x7f2a7c191628
P 0x7f2a7c19c2a8
C 9
R
P 0x7f2a7c191628
C 342
R
P 0x7f2a7c191628
I 1
P 0x7f2a7c19b208
C 150
= 0x7f2a7c19bc88
R
P 0x7f2a7c191628
C 342
R
P 0x7f2a7c191628
P 0x7f2a7c19bc88
C 258
R
P 0x7f2a7c191628
C 342
R
P 0x7f2a7c191628
P 0x7f2a7c19bc88
C 9
R
P 0x7f2a7c191628
C 342
R
P 0x7f2a7c191628
I 1
P 0x7f2a7c19b208
C 150
= 0x7f2a7c19bc88
R
P 0x7f2a7c191628
C 342
R
P 0x7f2a7c191628
P 0x7f2a7c19bc88
C 258
R
P 0x7f2a7c191628
C 342
R
P 0x7f2a7c191628
P 0x7f2a7c19bc88
C 9
R
P 0x7f2a7c191628
C 342
R
P 0x7f2a7c191628
P 0x7f2a7c19bc88
P 0x7f2a7c19bc88
C 75
= 0x7f2a7c1a1778
R
P 0x7f2a7c191628
C 342
R
P 0x7f2a7c191628
P 0x7f2a7c1a1778
C 258
R
P 0x7f2a7c191628
C 342
R
P 0x7f2a7c191628
P 0x7f2a7c1a1778
C 9
R
P 0x7f2a7c191628
C 342
R
P 0x7f2a7c191628
I 1
P 0x7f2a7c19b208
C 150
= 0x7f2a7c19bc88
R
P 0x7f2a7c191628
C 342
R
P 0x7f2a7c191628
P 0x7f2a7c19bc88
C 258
R
P 0x7f2a7c191628
C 342
R
P 0x7f2a7c191628
P 0x7f2a7c19bc88
C 9
R
P 0x7f2a7c191628
C 342
R
P 0x7f2a7c191628
U 2
P 0x7f2a7c19bc88
P 0x7f2a7c19bc88
p 2
C 67
= 0x7f2a7c1a17b0
R
P 0x7f2a7c191628
C 342
R
P 0x7f2a7c191628
P 0x7f2a7c1a17b0
C 257
R
P 0x7f2a7c191628
C 342
R
P 0x7f2a7c191628
P 0x7f2a7c1a17b0
C 254
= 0x7f2a7c19b208
R
P 0x7f2a7c191628
C 342
R
P 0x7f2a7c191628
P 0x7f2a7c19b208
C 209
R
P 0x7f2a7c191628
C 342
R
P 0x7f2a7c191628
P 0x7f2a7c1a17b0
C 260
R
P 0x7f2a7c191628
C 342
R
P 0x7f2a7c191628
P 0x7f2a7c1a17b0
C 259
R
P 0x7f2a7c191628
C 342
R
P 0x7f2a7c191628
P 0x7f2a7c1a17b0
C 258
R
P 0x7f2a7c191628
C 342
R
P 0x7f2a7c191628
P 0x7f2a7c1a17b0
C 9
R
P 0x7f2a7c191628
C 342
R
P 0x7f2a7c191628
U 2
P 0x7f2a7c19bbe8
P 0x7f2a7c1a17b0
p 2
C 66
= 0x7f2a7c487b70
R
P 0x7f2a7c191628
C 342
R
P 0x7f2a7c191628
P 0x7f2a7c487b70
C 257
R
P 0x7f2a7c191628
C 342
R
P 0x7f2a7c191628
P 0x7f2a7c487b70
C 254
= 0x7f2a7c19b208
R
P 0x7f2a7c191628
C 342
R
P 0x7f2a7c191628
P 0x7f2a7c19b208
C 209
R
P 0x7f2a7c191628
C 342
R
P 0x7f2a7c191628
P 0x7f2a7c487b70
C 260
R
P 0x7f2a7c191628
C 342
R
P 0x7f2a7c191628
P 0x7f2a7c487b70
C 259
R
P 0x7f2a7c191628
C 342
R
P 0x7f2a7c191628
P 0x7f2a7c487b70
C 258
R
P 0x7f2a7c191628
C 342
R
P 0x7f2a7c191628
P 0x7f2a7c487b70
C 9
R
P 0x7f2a7c191628
C 342
R
P 0x7f2a7c191628
U 2
P 0x7f2a7c19bb88
P 0x7f2a7c487b70
p 2
C 65
= 0x7f2a7c487ba8
R
P 0x7f2a7c191628
C 342
R
P 0x7f2a7c191628
P 0x7f2a7c487ba8
C 257
R
P 0x7f2a7c191628
C 342
R
P 0x7f2a7c191628
P 0x7f2a7c487ba8
C 254
= 0x7f2a7c19b1e8
R
P 0x7f2a7c191628
C 342
R
P 0x7f2a7c191628
P 0x7f2a7c19b1e8
C 209
R
P 0x7f2a7c191628
C 342
R
P 0x7f2a7c191628
P 0x7f2a7c487ba8
C 260
R
P 0x7f2a7c191628
C 342
R
P 0x7f2a7c191628
P 0x7f2a7c487ba8
C 259
R
P 0x7f2a7c191628
C 342
R
P 0x7f2a7c191628
P 0x7f2a7c487ba8
C 258
R
P 0x7f2a7c191628
C 342
R
P 0x7f2a7c191628
P 0x7f2a7c487ba8
C 9
R
P 0x7f2a7c191628
C 342
R
P 0x7f2a7c191628
P 0x7f2a7c1a1778
P 0x7f2a7c487ba8
P 0x7f2a7c19bb88
C 59
= 0x7f2a7c19fa48
R
P 0x7f2a7c191628
C 342
R
P 0x7f2a7c191628
P 0x7f2a7c19fa48
C 257
R
P 0x7f2a7c191628
C 342
R
P 0x7f2a7c191628
P 0x7f2a7c19fa48
C 254
= 0x7f2a7c19b1e8
R
P 0x7f2a7c191628
C 342
R
P 0x7f2a7c191628
P 0x7f2a7c19b1e8
C 209
R
P 0x7f2a7c191628
C 342
R
P 0x7f2a7c191628
P 0x7f2a7c19fa48
C 260
R
P 0x7f2a7c191628
C 342
R
P 0x7f2a7c191628
P 0x7f2a7c19fa48
C 259
R
P 0x7f2a7c191628
C 342
R
P 0x7f2a7c191628
P 0x7f2a7c19fa48
C 258
R
P 0x7f2a7c191628
C 342
R
P 0x7f2a7c191628
P 0x7f2a7c19fa48
C 9
R
P 0x7f2a7c191628
C 342
R
P 0x7f2a7c191628
U 2
P 0x7f2a7c19c2a8
P 0x7f2a7c19fa48
p 2
C 65
= 0x7f2a7c487c88
R
P 0x7f2a7c191628
C 342
R
P 0x7f2a7c191628
P 0x7f2a7c487c88
C 257
R
P 0x7f2a7c191628
C 342
R
P 0x7f2a7c191628
P 0x7f2a7c487c88
C 254
= 0x7f2a7c19b1e8
R
P 0x7f2a7c191628
C 342
R
P 0x7f2a7c191628
P 0x7f2a7c19b1e8
C 209
R
P 0x7f2a7c191628
C 342
R
P 0x7f2a7c191628
P 0x7f2a7c487c88
C 260
R
P 0x7f2a7c191628
C 342
R
P 0x7f2a7c191628
P 0x7f2a7c487c88
C 259
R
P 0x7f2a7c191628
C 342
R
P 0x7f2a7c191628
P 0x7f2a7c487c88
C 258
R
P 0x7f2a7c191628
C 342
R
P 0x7f2a7c191628
P 0x7f2a7c487c88
C 9
R
P 0x7f2a7c191628
C 342
R
P 0x7f2a7c191628
U 2
P 0x7f2a7c487c88
P 0x7f2a7c19bb68
p 2
C 65
= 0x7f2a7c489870
R
P 0x7f2a7c191628
C 342
R
P 0x7f2a7c191628
P 0x7f2a7c489870
C 257
R
P 0x7f2a7c191628
C 342
R
P 0x7f2a7c191628
P 0x7f2a7c489870
C 254
= 0x7f2a7c19b1e8
R
P 0x7f2a7c191628
C 342
R
P 0x7f2a7c191628
P 0x7f2a7c19b1e8
C 209
R
P 0x7f2a7c191628
C 342
R
P 0x7f2a7c191628
P 0x7f2a7c489870
C 260
R
P 0x7f2a7c191628
C 342
R
P 0x7f2a7c191628
P 0x7f2a7c489870
C 259
R
P 0x7f2a7c191628
C 342
R
P 0x7f2a7c191628
P 0x7f2a7c489870
C 258
R
P 0x7f2a7c191628
C 342
R
P 0x7f2a7c191628
P 0x7f2a7c489870
C 9
R
P 0x7f2a7c191628
C 342
R
P 0x7f2a7c191628
P 0x7f2a7c19bca8
P 0x7f2a7c489870
C 56
= 0x7f2a7c48c908
R
P 0x7f2a7c191628
C 342
R
P 0x7f2a7c191628
P 0x7f2a7c48c908
C 258
R
P 0x7f2a7c191628
C 342
R
P 0x7f2a7c191628
P 0x7f2a7c48c908
C 9
R
P 0x7f2a7c191628
C 342
R
P 0x7f2a7c191628
U 2
P 0x7f2a7c48a2b8
P 0x7f2a7c48c908
p 2
C 63
= 0x7f2a7c48c940
R
P 0x7f2a7c191628
C 342
R
P 0x7f2a7c191628
P 0x7f2a7c48c940
C 258
R
P 0x7f2a7c191628
C 342
R
P 0x7f2a7c191628
P 0x7f2a7c48c940
C 9
R
P 0x7f2a7c191628
C 342
R
P 0x7f2a7c191628
P 0x7f2a7c48c8d0
P 0x7f2a7c48c940
C 61
= 0x7f2a7c48c978
R
P 0x7f2a7c191628
C 342
R
P 0x7f2a7c191628
P 0x7f2a7c48c978
C 258
R
P 0x7f2a7c191628
C 342
R
P 0x7f2a7c191628
P 0x7f2a7c48c978
C 9
R
P 0x7f2a7c191628
C 342
R
P 0x7f2a7c191628
P 0x7f2a7c1e1fc8
P 0x7f2a7c48c978
C 427
R
P 0x7f2a7c191628
C 342
R
P 0x7f2a7c191628
I 1
P 0x7f2a7c19b208
C 150
= 0x7f2a7c19bc88
R
P 0x7f2a7c191628
C 342
R
P 0x7f2a7c191628
P 0x7f2a7c19bc88
C 258
R
P 0x7f2a7c191628
C 342
R
P 0x7f2a7c191628
P 0x7f2a7c19bc88
C 9
R
P 0x7f2a7c191628
C 342
R
P 0x7f2a7c191628
I 1
P 0x7f2a7c19b208
C 150
= 0x7f2a7c19bc88
R
P 0x7f2a7c191628
C 342
R
P 0x7f2a7c191628
P 0x7f2a7c19bc88
C 258
R
P 0x7f2a7c191628
C 342
R
P 0x7f2a7c191628
P 0x7f2a7c19bc88
C 9
R
P 0x7f2a7c191628
C 342
R
P 0x7f2a7c191628
P 0x7f2a7c19bc88
P 0x7f2a7c19bc88
C 75
= 0x7f2a7c1a1778
R
P 0x7f2a7c191628
C 342
R
P 0x7f2a7c191628
P 0x7f2a7c1a1778
C 258
R
P 0x7f2a7c191628
C 342
R
P 0x7f2a7c191628
P 0x7f2a7c1a1778
C 9
R
P 0x7f2a7c191628
C 342
R
P 0x7f2a7c191628
I 1
P 0x7f2a7c19b208
C 150
= 0x7f2a7c19bc88
R
P 0x7f2a7c191628
C 342
R
P 0x7f2a7c191628
P 0x7f2a7c19bc88
C 258
R
P 0x7f2a7c191628
C 342
R
P 0x7f2a7c191628
P 0x7f2a7c19bc88
C 9
R
P 0x7f2a7c191628
C 342
R
P 0x7f2a7c191628
U 2
P 0x7f2a7c19bc88
P 0x7f2a7c19bc88
p 2
C 67
= 0x7f2a7c1a17b0
R
P 0x7f2a7c191628
C 342
R
P 0x7f2a7c191628
P 0x7f2a7c1a17b0
C 257
R
P 0x7f2a7c191628
C 342
R
P 0x7f2a7c191628
P 0x7f2a7c1a17b0
C 254
= 0x7f2a7c19b208
R
P 0x7f2a7c191628
C 342
R
P 0x7f2a7c191628
P 0x7f2a7c19b208
C 209
R
P 0x7f2a7c191628
C 342
R
P 0x7f2a7c191628
P 0x7f2a7c1a17b0
C 260
R
P 0x7f2a7c191628
C 342
R
P 0x7f2a7c191628
P 0x7f2a7c1a17b0
C 259
R
P 0x7f2a7c191628
C 342
R
P 0x7f2a7c191628
P 0x7f2a7c1a17b0
C 258
R
P 0x7f2a7c191628
C 342
R
P 0x7f2a7c191628
P 0x7f2a7c1a17b0
C 9
R
P 0x7f2a7c191628
C 342
R
P 0x7f2a7c191628
U 2
P 0x7f2a7c19bba8
P 0x7f2a7c1a17b0
p 2
C 66
= 0x7f2a7c1a17e8
R
P 0x7f2a7c191628
C 342
R
P 0x7f2a7c191628
P 0x7f2a7c1a17e8
C 257
R
P 0x7f2a7c191628
C 342
R
P 0x7f2a7c191628
P 0x7f2a7c1a17e8
C 254
= 0x7f2a7c19b1e8
R
P 0x7f2a7c191628
C 342
R
P 0x7f2a7c191628
P 0x7f2a7c19b1e8
C 209
R
P 0x7f2a7c191628
C 342
R
P 0x7f2a7c191628
P 0x7f2a7c1a17e8
C 260
R
P 0x7f2a7c191628
C 342
R
P 0x7f2a7c191628
P 0x7f2a7c1a17e8
C 259
R
P 0x7f2a7c191628
C 342
R
P 0x7f2a7c191628
P 0x7f2a7c1a17e8
C 258
R
P 0x7f2a7c191628
C 342
R
P 0x7f2a7c191628
P 0x7f2a7c1a17e8
C 9
R
P 0x7f2a7c191628
C 342
R
P 0x7f2a7c191628
U 2
P 0x7f2a7c19bc28
P 0x7f2a7c1a17e8
p 2
C 65
= 0x7f2a7c1a1820
R
P 0x7f2a7c191628
C 342
R
P 0x7f2a7c191628
P 0x7f2a7c1a1820
C 257
R
P 0x7f2a7c191628
C 342
R
P 0x7f2a7c191628
P 0x7f2a7c1a1820
C 254
= 0x7f2a7c19b1e8
R
P 0x7f2a7c191628
C 342
R
P 0x7f2a7c191628
P 0x7f2a7c19b1e8
C 209
R
P 0x7f2a7c191628
C 342
R
P 0x7f2a7c191628
P 0x7f2a7c1a1820
C 260
R
P 0x7f2a7c191628
C 342
R
P 0x7f2a7c191628
P 0x7f2a7c1a1820
C 259
R
P 0x7f2a7c191628
C 342
R
P 0x7f2a7c191628
P 0x7f2a7c1a1820
C 258
R
P 0x7f2a7c191628
C 342
R
P 0x7f2a7c191628
P 0x7f2a7c1a1820
C 9
R
P 0x7f2a7c191628
C 342
R
P 0x7f2a7c191628
P 0x7f2a7c1a1778
P 0x7f2a7c1a1820
P 0x7f2a7c19bc28
C 59
= 0x7f2a7c19f848
R
P 0x7f2a7c191628
C 342
R
P 0x7f2a7c191628
P 0x7f2a7c19f848
C 257
R
P 0x7f2a7c191628
C 342
R
P 0x7f2a7c191628
P 0x7f2a7c19f848
C 254
= 0x7f2a7c19b1e8
R
P 0x7f2a7c191628
C 342
R
P 0x7f2a7c191628
P 0x7f2a7c19b1e8
C 209
R
P 0x7f2a7c191628
C 342
R
P 0x7f2a7c191628
P 0x7f2a7c19f848
C 260
R
P 0x7f2a7c191628
C 342
R
P 0x7f2a7c191628
P 0x7f2a7c19f848
C 259
R
P 0x7f2a7c191628
C 342
R
P 0x7f2a7c191628
P 0x7f2a7c19f848
C 258
R
P 0x7f2a7c191628
C 342
R
P 0x7f2a7c191628
P 0x7f2a7c19f848
C 9
R
P 0x7f2a7c191628
C 342
R
P 0x7f2a7c191628
U 2
P 0x7f2a7c19f848
P 0x7f2a7c19bb48
p 2
C 65
= 0x7f2a7c1a1858
R
P 0x7f2a7c191628
C 342
R
P 0x7f2a7c191628
P 0x7f2a7c1a1858
C 257
R
P 0x7f2a7c191628
C 342
R
P 0x7f2a7c191628
P 0x7f2a7c1a1858
C 254
= 0x7f2a7c19b1e8
R
P 0x7f2a7c191628
C 342
R
P 0x7f2a7c191628
P 0x7f2a7c19b1e8
C 209
R
P 0x7f2a7c191628
C 342
R
P 0x7f2a7c191628
P 0x7f2a7c1a1858
C 260
R
P 0x7f2a7c191628
C 342
R
P 0x7f2a7c191628
P 0x7f2a7c1a1858
C 259
R
P 0x7f2a7c191628
C 342
R
P 0x7f2a7c191628
P 0x7f2a7c1a1858
C 258
R
P 0x7f2a7c191628
C 342
R
P 0x7f2a7c191628
P 0x7f2a7c1a1858
C 9
R
P 0x7f2a7c191628
C 342
R
P 0x7f2a7c191628
P 0x7f2a7c19bc68
C 333
R
P 0x7f2a7c191628
C 342
R
P 0x7f2a7c191628
S "slotflowPriorityStart"
C 30
R
P 0x7f2a7c191628
C 342
R
P 0x7f2a7c191628
$ |slotflowPriorityStart|
C 202
R
P 0x7f2a7c191628
C 342
R
P 0x7f2a7c191628
$ |slotflowPriorityStart|
P 0x7f2a7c19b1e8
C 51
= 0x7f2a7c19c2a8
R
P 0x7f2a7c191628
C 342
R
P 0x7f2a7c191628
P 0x7f2a7c19c2a8
C 257
R
P 0x7f2a7c191628
C 342
R
P 0x7f2a7c191628
P 0x7f2a7c19c2a8
C 254
= 0x7f2a7c19b1e8
R
P 0x7f2a7c191628
C 342
R
P 0x7f2a7c191628
P 0x7f2a7c19b1e8
C 209
R
P 0x7f2a7c191628
C 342
R
P 0x7f2a7c191628
P 0x7f2a7c19c2a8
C 260
R
P 0x7f2a7c191628
C 342
R
P 0x7f2a7c191628
P 0x7f2a7c19c2a8
C 259
R
P 0x7f2a7c191628
C 342
R
P 0x7f2a7c191628
P 0x7f2a7c19c2a8
C 258
R
P 0x7f2a7c191628
C 342
R
P 0x7f2a7c191628
P 0x7f2a7c19c2a8
C 9
R
P 0x7f2a7c191628
C 342
R
P 0x7f2a7c191628
P 0x7f2a7c19bc68
C 333
R
P 0x7f2a7c191628
C 342
R
P 0x7f2a7c191628
S "slotflowPriorityDuration"
C 30
R
P 0x7f2a7c191628
C 342
R
P 0x7f2a7c191628
$ |slotflowPriorityDuration|
C 202
R
P 0x7f2a7c191628
C 342
R
P 0x7f2a7c191628
$ |slotflowPriorityDuration|
P 0x7f2a7c19b1e8
C 51
= 0x7f2a7c19c268
R
P 0x7f2a7c191628
C 342
R
P 0x7f2a7c191628
P 0x7f2a7c19c268
C 257
R
P 0x7f2a7c191628
C 342
R
P 0x7f2a7c191628
P 0x7f2a7c19c268
C 254
= 0x7f2a7c19b1e8
R
P 0x7f2a7c191628
C 342
R
P 0x7f2a7c191628
P 0x7f2a7c19b1e8
C 209
R
P 0x7f2a7c191628
C 342
R
P 0x7f2a7c191628
P 0x7f2a7c19c268
C 260
R
P 0x7f2a7c191628
C 342
R
P 0x7f2a7c191628
P 0x7f2a7c19c268
C 259
R
P 0x7f2a7c191628
C 342
R
P 0x7f2a7c191628
P 0x7f2a7c19c268
C 258
R
P 0x7f2a7c191628
C 342
R
P 0x7f2a7c191628
P 0x7f2a7c19c268
C 9
R
P 0x7f2a7c191628
C 342
R
P 0x7f2a7c191628
U 2
P 0x7f2a7c19c2a8
P 0x7f2a7c19c268
p 2
C 65
= 0x7f2a7c487908
R
P 0x7f2a7c191628
C 342
R
P 0x7f2a7c191628
P 0x7f2a7c487908
C 257
R
P 0x7f2a7c191628
C 342
R
P 0x7f2a7c191628
P 0x7f2a7c487908
C 254
= 0x7f2a7c19b1e8
R
P 0x7f2a7c191628
C 342
R
P 0x7f2a7c191628
P 0x7f2a7c19b1e8
C 209
R
P 0x7f2a7c191628
C 342
R
P 0x7f2a7c191628
P 0x7f2a7c487908
C 260
R
P 0x7f2a7c191628
C 342
R
P 0x7f2a7c191628
P 0x7f2a7c487908
C 259
R
P 0x7f2a7c191628
C 342
R
P 0x7f2a7c191628
P 0x7f2a7c487908
C 258
R
P 0x7f2a7c191628
C 342
R
P 0x7f2a7c191628
P 0x7f2a7c487908
C 9
R
P 0x7f2a7c191628
C 342
R
P 0x7f2a7c191628
I 2
P 0x7f2a7c19b208
C 150
= 0x7f2a7c19bcc8
R
P 0x7f2a7c191628
C 342
R
P 0x7f2a7c191628
P 0x7f2a7c19bcc8
C 258
R
P 0x7f2a7c191628
C 342
R
P 0x7f2a7c191628
P 0x7f2a7c19bcc8
C 9
R
P 0x7f2a7c191628
C 342
R
P 0x7f2a7c191628
I 1
P 0x7f2a7c19b208
C 150
= 0x7f2a7c19bc88
R
P 0x7f2a7c191628
C 342
R
P 0x7f2a7c191628
P 0x7f2a7c19bc88
C 258
R
P 0x7f2a7c191628
C 342
R
P 0x7f2a7c191628
P 0x7f2a7c19bc88
C 9
R
P 0x7f2a7c191628
C 342
R
P 0x7f2a7c191628
P 0x7f2a7c19bcc8
P 0x7f2a7c19bc88
C 75
= 0x7f2a7c1a1890
R
P 0x7f2a7c191628
C 342
R
P 0x7f2a7c191628
P 0x7f2a7c1a1890
C 258
R
P 0x7f2a7c191628
C 342
R
P 0x7f2a7c191628
P 0x7f2a7c1a1890
C 9
R
P 0x7f2a7c191628
C 342
R
P 0x7f2a7c191628
I 1
P 0x7f2a7c19b208
C 150
= 0x7f2a7c19bc88
R
P 0x7f2a7c191628
C 342
R
P 0x7f2a7c191628
P 0x7f2a7c19bc88
C 258
R
P 0x7f2a7c191628
C 342
R
P 0x7f2a7c191628
P 0x7f2a7c19bc88
C 9
R
P 0x7f2a7c191628
C 342
R
P 0x7f2a7c191628
U 2
P 0x7f2a7c19bcc8
P 0x7f2a7c19bc88
p 2
C 67
= 0x7f2a7c1a18c8
R
P 0x7f2a7c191628
C 342
R
P 0x7f2a7c191628
P 0x7f2a7c1a18c8
C 257
R
P 0x7f2a7c191628
C 342
R
P 0x7f2a7c191628
P 0x7f2a7c1a18c8
C 254
= 0x7f2a7c19b208
R
P 0x7f2a7c191628
C 342
R
P 0x7f2a7c191628
P 0x7f2a7c19b208
C 209
R
P 0x7f2a7c191628
C 342
R
P 0x7f2a7c191628
P 0x7f2a7c1a18c8
C 260
R
P 0x7f2a7c191628
C 342
R
P 0x7f2a7c191628
P 0x7f2a7c1a18c8
C 259
R
P 0x7f2a7c191628
C 342
R
P 0x7f2a7c191628
P 0x7f2a7c1a18c8
C 258
R
P 0x7f2a7c191628
C 342
R
P 0x7f2a7c191628
P 0x7f2a7c1a18c8
C 9
R
P 0x7f2a7c191628
C 342
R
P 0x7f2a7c191628
U 2
P 0x7f2a7c19bbe8
P 0x7f2a7c1a18c8
p 2
C 66
= 0x7f2a7c487d68
R
P 0x7f2a7c191628
C 342
R
P 0x7f2a7c191628
P 0x7f2a7c487d68
C 257
R
P 0x7f2a7c191628
C 342
R
P 0x7f2a7c191628
P 0x7f2a7c487d68
C 254
= 0x7f2a7c19b208
R
P 0x7f2a7c191628
C 342
R
P 0x7f2a7c191628
P 0x7f2a7c19b208
C 209
R
P 0x7f2a7c191628
C 342
R
P 0x7f2a7c191628
P 0x7f2a7c487d68
C 260
R
P 0x7f2a7c191628
C 342
R
P 0x7f2a7c191628
P 0x7f2a7c487d68
C 259
R
P 0x7f2a7c191628
C 342
R
P 0x7f2a7c191628
P 0x7f2a7c487d68
C 258
R
P 0x7f2a7c191628
C 342
R
P 0x7f2a7c191628
P 0x7f2a7c487d68
C 9
R
P 0x7f2a7c191628
C 342
R
P 0x7f2a7c191628
U 2
P 0x7f2a7c19bb88
P 0x7f2a7c487d68
p 2
C 65
= 0x7f2a7c487da0
R
P 0x7f2a7c191628
C 342
R
P 0x7f2a7c191628
P 0x7f2a7c487da0
C 257
R
P 0x7f2a7c191628
C 342
R
P 0x7f2a7c191628
P 0x7f2a7c487da0
C 254
= 0x7f2a7c19b1e8
R
P 0x7f2a7c191628
C 342
R
P 0x7f2a7c191628
P 0x7f2a7c19b1e8
C 209
R
P 0x7f2a7c191628
C 342
R
P 0x7f2a7c191628
P 0x7f2a7c487da0
C 260
R
P 0x7f2a7c191628
C 342
R
P 0x7f2a7c191628
P 0x7f2a7c487da0
C 259
R
P 0x7f2a7c191628
C 342
R
P 0x7f2a7c191628
P 0x7f2a7c487da0
C 258
R
P 0x7f2a7c191628
C 342
R
P 0x7f2a7c191628
P 0x7f2a7c487da0
C 9
R
P 0x7f2a7c191628
C 342
R
P 0x7f2a7c191628
P 0x7f2a7c1a1890
P 0x7f2a7c487da0
P 0x7f2a7c19bb88
C 59
= 0x7f2a7c19fa88
R
P 0x7f2a7c191628
C 342
R
P 0x7f2a7c191628
P 0x7f2a7c19fa88
C 257
R
P 0x7f2a7c191628
C 342
R
P 0x7f2a7c191628
P 0x7f2a7c19fa88
C 254
= 0x7f2a7c19b1e8
R
P 0x7f2a7c191628
C 342
R
P 0x7f2a7c191628
P 0x7f2a7c19b1e8
C 209
R
P 0x7f2a7c191628
C 342
R
P 0x7f2a7c191628
P 0x7f2a7c19fa88
C 260
R
P 0x7f2a7c191628
C 342
R
P 0x7f2a7c191628
P 0x7f2a7c19fa88
C 259
R
P 0x7f2a7c191628
C 342
R
P 0x7f2a7c191628
P 0x7f2a7c19fa88
C 258
R
P 0x7f2a7c191628
C 342
R
P 0x7f2a7c191628
P 0x7f2a7c19fa88
C 9
R
P 0x7f2a7c191628
C 342
R
P 0x7f2a7c191628
U 2
P 0x7f2a7c487908
P 0x7f2a7c19fa88
p 2
C 65
= 0x7f2a7c487dd8
R
P 0x7f2a7c191628
C 342
R
P 0x7f2a7c191628
P 0x7f2a7c487dd8
C 257
R
P 0x7f2a7c191628
C 342
R
P 0x7f2a7c191628
P 0x7f2a7c487dd8
C 254
= 0x7f2a7c19b1e8
R
P 0x7f2a7c191628
C 342
R
P 0x7f2a7c191628
P 0x7f2a7c19b1e8
C 209
R
P 0x7f2a7c191628
C 342
R
P 0x7f2a7c191628
P 0x7f2a7c487dd8
C 260
R
P 0x7f2a7c191628
C 342
R
P 0x7f2a7c191628
P 0x7f2a7c487dd8
C 259
R
P 0x7f2a7c191628
C 342
R
P 0x7f2a7c191628
P 0x7f2a7c487dd8
C 258
R
P 0x7f2a7c191628
C 342
R
P 0x7f2a7c191628
P 0x7f2a7c487dd8
C 9
R
P 0x7f2a7c191628
C 342
R
P 0x7f2a7c191628
U 2
P 0x7f2a7c487dd8
P 0x7f2a7c19bb68
p 2
C 67
= 0x7f2a7c487e10
R
P 0x7f2a7c191628
C 342
R
P 0x7f2a7c191628
P 0x7f2a7c487e10
C 257
R
P 0x7f2a7c191628
C 342
R
P 0x7f2a7c191628
P 0x7f2a7c487e10
C 254
= 0x7f2a7c19b1e8
R
P 0x7f2a7c191628
C 342
R
P 0x7f2a7c191628
P 0x7f2a7c19b1e8
C 209
R
P 0x7f2a7c191628
C 342
R
P 0x7f2a7c191628
P 0x7f2a7c487e10
C 260
R
P 0x7f2a7c191628
C 342
R
P 0x7f2a7c191628
P 0x7f2a7c487e10
C 259
R
P 0x7f2a7c191628
C 342
R
P 0x7f2a7c191628
P 0x7f2a7c487e10
C 258
R
P 0x7f2a7c191628
C 342
R
P 0x7f2a7c191628
P 0x7f2a7c487e10
C 9
R
P 0x7f2a7c191628
C 342
R
P 0x7f2a7c191628
P 0x7f2a7c1a1858
P 0x7f2a7c487e10
C 75
= 0x7f2a7c48c9b0
R
P 0x7f2a7c191628
C 342
R
P 0x7f2a7c191628
P 0x7f2a7c48c9b0
C 258
R
P 0x7f2a7c191628
C 342
R
P 0x7f2a7c191628
P 0x7f2a7c48c9b0
C 9
R
P 0x7f2a7c191628
C 342
R
P 0x7f2a7c191628
I 1
P 0x7f2a7c19b208
C 150
= 0x7f2a7c19bc88
R
P 0x7f2a7c191628
C 342
R
P 0x7f2a7c191628
P 0x7f2a7c19bc88
C 258
R
P 0x7f2a7c191628
C 342
R
P 0x7f2a7c191628
P 0x7f2a7c19bc88
C 9
R
P 0x7f2a7c191628
C 342
R
P 0x7f2a7c191628
I 1
P 0x7f2a7c19b208
C 150
= 0x7f2a7c19bc88
R
P 0x7f2a7c191628
C 342
R
P 0x7f2a7c191628
P 0x7f2a7c19bc88
C 258
R
P 0x7f2a7c191628
C 342
R
P 0x7f2a7c191628
P 0x7f2a7c19bc88
C 9
R
P 0x7f2a7c191628
C 342
R
P 0x7f2a7c191628
P 0x7f2a7c19bc88
P 0x7f2a7c19bc88
C 75
= 0x7f2a7c1a1778
R
P 0x7f2a7c191628
C 342
R
P 0x7f2a7c191628
P 0x7f2a7c1a1778
C 258
R
P 0x7f2a7c191628
C 342
R
P 0x7f2a7c191628
P 0x7f2a7c1a1778
C 9
R
P 0x7f2a7c191628
C 342
R
P 0x7f2a7c191628
I 1
P 0x7f2a7c19b208
C 150
= 0x7f2a7c19bc88
R
P 0x7f2a7c191628
C 342
R
P 0x7f2a7c191628
P 0x7f2a7c19bc88
C 258
R
P 0x7f2a7c191628
C 342
R
P 0x7f2a7c191628
P 0x7f2a7c19bc88
C 9
R
P 0x7f2a7c191628
C 342
R
P 0x7f2a7c191628
U 2
P 0x7f2a7c19bc88
P 0x7f2a7c19bc88
p 2
C 67
= 0x7f2a7c1a17b0
R
P 0x7f2a7c191628
C 342
R
P 0x7f2a7c191628
P 0x7f2a7c1a17b0
C 257
R
P 0x7f2a7c191628
C 342
R
P 0x7f2a7c191628
P 0x7f2a7c1a17b0
C 254
= 0x7f2a7c19b208
R
P 0x7f2a7c191628
C 342
R
P 0x7f2a7c191628
P 0x7f2a7c19b208
C 209
R
P 0x7f2a7c191628
C 342
R
P 0x7f2a7c191628
P 0x7f2a7c1a17b0
C 260
R
P 0x7f2a7c191628
C 342
R
P 0x7f2a7c191628
P 0x7f2a7c1a17b0
C 259
R
P 0x7f2a7c191628
C 342
R
P 0x7f2a7c191628
P 0x7f2a7c1a17b0
C 258
R
P 0x7f2a7c191628
C 342
R
P 0x7f2a7c191628
P 0x7f2a7c1a17b0
C 9
R
P 0x7f2a7c191628
C 342
R
P 0x7f2a7c191628
U 2
P 0x7f2a7c19bba8
P 0x7f2a7c1a17b0
p 2
C 66
= 0x7f2a7c1a17e8
R
P 0x7f2a7c191628
C 342
R
P 0x7f2a7c191628
P 0x7f2a7c1a17e8
C 257
R
P 0x7f2a7c191628
C 342
R
P 0x7f2a7c191628
P 0x7f2a7c1a17e8
C 254
= 0x7f2a7c19b1e8
R
P 0x7f2a7c191628
C 342
R
P 0x7f2a7c191628
P 0x7f2a7c19b1e8
C 209
R
P 0x7f2a7c191628
C 342
R
P 0x7f2a7c191628
P 0x7f2a7c1a17e8
C 260
R
P 0x7f2a7c191628
C 342
R
P 0x7f2a7c191628
P 0x7f2a7c1a17e8
C 259
R
P 0x7f2a7c191628
C 342
R
P 0x7f2a7c191628
P 0x7f2a7c1a17e8
C 258
R
P 0x7f2a7c191628
C 342
R
P 0x7f2a7c191628
P 0x7f2a7c1a17e8
C 9
R
P 0x7f2a7c191628
C 342
R
P 0x7f2a7c191628
U 2
P 0x7f2a7c19bc28
P 0x7f2a7c1a17e8
p 2
C 65
= 0x7f2a7c1a1820
R
P 0x7f2a7c191628
C 342
R
P 0x7f2a7c191628
P 0x7f2a7c1a1820
C 257
R
P 0x7f2a7c191628
C 342
R
P 0x7f2a7c191628
P 0x7f2a7c1a1820
C 254
= 0x7f2a7c19b1e8
R
P 0x7f2a7c191628
C 342
R
P 0x7f2a7c191628
P 0x7f2a7c19b1e8
C 209
R
P 0x7f2a7c191628
C 342
R
P 0x7f2a7c191628
P 0x7f2a7c1a1820
C 260
R
P 0x7f2a7c191628
C 342
R
P 0x7f2a7c191628
P 0x7f2a7c1a1820
C 259
R
P 0x7f2a7c191628
C 342
R
P 0x7f2a7c191628
P 0x7f2a7c1a1820
C 258
R
P 0x7f2a7c191628
C 342
R
P 0x7f2a7c191628
P 0x7f2a7c1a1820
C 9
R
P 0x7f2a7c191628
C 342
R
P 0x7f2a7c191628
P 0x7f2a7c1a1778
P 0x7f2a7c1a1820
P 0x7f2a7c19bc28
C 59
= 0x7f2a7c19f848
R
P 0x7f2a7c191628
C 342
R
P 0x7f2a7c191628
P 0x7f2a7c19f848
C 257
R
P 0x7f2a7c191628
C 342
R
P 0x7f2a7c191628
P 0x7f2a7c19f848
C 254
= 0x7f2a7c19b1e8
R
P 0x7f2a7c191628
C 342
R
P 0x7f2a7c191628
P 0x7f2a7c19b1e8
C 209
R
P 0x7f2a7c191628
C 342
R
P 0x7f2a7c191628
P 0x7f2a7c19f848
C 260
R
P 0x7f2a7c191628
C 342
R
P 0x7f2a7c191628
P 0x7f2a7c19f848
C 259
R
P 0x7f2a7c191628
C 342
R
P 0x7f2a7c191628
P 0x7f2a7c19f848
C 258
R
P 0x7f2a7c191628
C 342
R
P 0x7f2a7c191628
P 0x7f2a7c19f848
C 9
R
P 0x7f2a7c191628
C 342
R
P 0x7f2a7c191628
U 2
P 0x7f2a7c19f848
P 0x7f2a7c19bb48
p 2
C 65
= 0x7f2a7c1a1858
R
P 0x7f2a7c191628
C 342
R
P 0x7f2a7c191628
P 0x7f2a7c1a1858
C 257
R
P 0x7f2a7c191628
C 342
R
P 0x7f2a7c191628
P 0x7f2a7c1a1858
C 254
= 0x7f2a7c19b1e8
R
P 0x7f2a7c191628
C 342
R
P 0x7f2a7c191628
P 0x7f2a7c19b1e8
C 209
R
P 0x7f2a7c191628
C 342
R
P 0x7f2a7c191628
P 0x7f2a7c1a1858
C 260
R
P 0x7f2a7c191628
C 342
R
P 0x7f2a7c191628
P 0x7f2a7c1a1858
C 259
R
P 0x7f2a7c191628
C 342
R
P 0x7f2a7c191628
P 0x7f2a7c1a1858
C 258
R
P 0x7f2a7c191628
C 342
R
P 0x7f2a7c191628
P 0x7f2a7c1a1858
C 9
R
P 0x7f2a7c191628
C 342
R
P 0x7f2a7c191628
I 2
P 0x7f2a7c19b208
C 150
= 0x7f2a7c19bcc8
R
P 0x7f2a7c191628
C 342
R
P 0x7f2a7c191628
P 0x7f2a7c19bcc8
C 258
R
P 0x7f2a7c191628
C 342
R
P 0x7f2a7c191628
P 0x7f2a7c19bcc8
C 9
R
P 0x7f2a7c191628
C 342
R
P 0x7f2a7c191628
I 1
P 0x7f2a7c19b208
C 150
= 0x7f2a7c19bc88
R
P 0x7f2a7c191628
C 342
R
P 0x7f2a7c191628
P 0x7f2a7c19bc88
C 258
R
P 0x7f2a7c191628
C 342
R
P 0x7f2a7c191628
P 0x7f2a7c19bc88
C 9
R
P 0x7f2a7c191628
C 342
R
P 0x7f2a7c191628
P 0x7f2a7c19bcc8
P 0x7f2a7c19bc88
C 75
= 0x7f2a7c1a1890
R
P 0x7f2a7c191628
C 342
R
P 0x7f2a7c191628
P 0x7f2a7c1a1890
C 258
R
P 0x7f2a7c191628
C 342
R
P 0x7f2a7c191628
P 0x7f2a7c1a1890
C 9
R
P 0x7f2a7c191628
C 342
R
P 0x7f2a7c191628
I 1
P 0x7f2a7c19b208
C 150
= 0x7f2a7c19bc88
R
P 0x7f2a7c191628
C 342
R
P 0x7f2a7c191628
P 0x7f2a7c19bc88
C 258
R
P 0x7f2a7c191628
C 342
R
P 0x7f2a7c191628
P 0x7f2a7c19bc88
C 9
R
P 0x7f2a7c191628
C 342
R
P 0x7f2a7c191628
U 2
P 0x7f2a7c19bcc8
P 0x7f2a7c19bc88
p 2
C 67
= 0x7f2a7c1a18c8
R
P 0x7f2a7c191628
C 342
R
P 0x7f2a7c191628
P 0x7f2a7c1a18c8
C 257
R
P 0x7f2a7c191628
C 342
R
P 0x7f2a7c191628
P 0x7f2a7c1a18c8
C 254
= 0x7f2a7c19b208
R
P 0x7f2a7c191628
C 342
R
P 0x7f2a7c191628
P 0x7f2a7c19b208
C 209
R
P 0x7f2a7c191628
C 342
R
P 0x7f2a7c191628
P 0x7f2a7c1a18c8
C 260
R
P 0x7f2a7c191628
C 342
R
P 0x7f2a7c191628
P 0x7f2a7c1a18c8
C 259
R
P 0x7f2a7c191628
C 342
R
P 0x7f2a7c191628
P 0x7f2a7c1a18c8
C 258
R
P 0x7f2a7c191628
C 342
R
P 0x7f2a7c191628
P 0x7f2a7c1a18c8
C 9
R
P 0x7f2a7c191628
C 342
R
P 0x7f2a7c191628
U 2
P 0x7f2a7c19bbe8
P 0x7f2a7c1a18c8
p 2
C 66
= 0x7f2a7c487d68
R
P 0x7f2a7c191628
C 342
R
P 0x7f2a7c191628
P 0x7f2a7c487d68
C 257
R
P 0x7f2a7c191628
C 342
R
P 0x7f2a7c191628
P 0x7f2a7c487d68
C 254
= 0x7f2a7c19b208
R
P 0x7f2a7c191628
C 342
R
P 0x7f2a7c191628
P 0x7f2a7c19b208
C 209
R
P 0x7f2a7c191628
C 342
R
P 0x7f2a7c191628
P 0x7f2a7c487d68
C 260
R
P 0x7f2a7c191628
C 342
R
P 0x7f2a7c191628
P 0x7f2a7c487d68
C 259
R
P 0x7f2a7c191628
C 342
R
P 0x7f2a7c191628
P 0x7f2a7c487d68
C 258
R
P 0x7f2a7c191628
C 342
R
P 0x7f2a7c191628
P 0x7f2a7c487d68
C 9
R
P 0x7f2a7c191628
C 342
R
P 0x7f2a7c191628
U 2
P 0x7f2a7c19bb88
P 0x7f2a7c487d68
p 2
C 65
= 0x7f2a7c487da0
R
P 0x7f2a7c191628
C 342
R
P 0x7f2a7c191628
P 0x7f2a7c487da0
C 257
R
P 0x7f2a7c191628
C 342
R
P 0x7f2a7c191628
P 0x7f2a7c487da0
C 254
= 0x7f2a7c19b1e8
R
P 0x7f2a7c191628
C 342
R
P 0x7f2a7c191628
P 0x7f2a7c19b1e8
C 209
R
P 0x7f2a7c191628
C 342
R
P 0x7f2a7c191628
P 0x7f2a7c487da0
C 260
R
P 0x7f2a7c191628
C 342
R
P 0x7f2a7c191628
P 0x7f2a7c487da0
C 259
R
P 0x7f2a7c191628
C 342
R
P 0x7f2a7c191628
P 0x7f2a7c487da0
C 258
R
P 0x7f2a7c191628
C 342
R
P 0x7f2a7c191628
P 0x7f2a7c487da0
C 9
R
P 0x7f2a7c191628
C 342
R
P 0x7f2a7c191628
P 0x7f2a7c1a1890
P 0x7f2a7c487da0
P 0x7f2a7c19bb88
C 59
= 0x7f2a7c19fa88
R
P 0x7f2a7c191628
C 342
R
P 0x7f2a7c191628
P 0x7f2a7c19fa88
C 257
R
P 0x7f2a7c191628
C 342
R
P 0x7f2a7c191628
P 0x7f2a7c19fa88
C 254
= 0x7f2a7c19b1e8
R
P 0x7f2a7c191628
C 342
R
P 0x7f2a7c191628
P 0x7f2a7c19b1e8
C 209
R
P 0x7f2a7c191628
C 342
R
P 0x7f2a7c191628
P 0x7f2a7c19fa88
C 260
R
P 0x7f2a7c191628
C 342
R
P 0x7f2a7c191628
P 0x7f2a7c19fa88
C 259
R
P 0x7f2a7c191628
C 342
R
P 0x7f2a7c191628
P 0x7f2a7c19fa88
C 258
R
P 0x7f2a7c191628
C 342
R
P 0x7f2a7c191628
P 0x7f2a7c19fa88
C 9
R
P 0x7f2a7c191628
C 342
R
P 0x7f2a7c191628
U 2
P 0x7f2a7c19fa88
P 0x7f2a7c19bbe8
p 2
C 65
= 0x7f2a7c48c108
R
P 0x7f2a7c191628
C 342
R
P 0x7f2a7c191628
P 0x7f2a7c48c108
C 257
R
P 0x7f2a7c191628
C 342
R
P 0x7f2a7c191628
P 0x7f2a7c48c108
C 254
= 0x7f2a7c19b1e8
R
P 0x7f2a7c191628
C 342
R
P 0x7f2a7c191628
P 0x7f2a7c19b1e8
C 209
R
P 0x7f2a7c191628
C 342
R
P 0x7f2a7c191628
P 0x7f2a7c48c108
C 260
R
P 0x7f2a7c191628
C 342
R
P 0x7f2a7c191628
P 0x7f2a7c48c108
C 259
R
P 0x7f2a7c191628
C 342
R
P 0x7f2a7c191628
P 0x7f2a7c48c108
C 258
R
P 0x7f2a7c191628
C 342
R
P 0x7f2a7c191628
P 0x7f2a7c48c108
C 9
R
P 0x7f2a7c191628
C 342
R
P 0x7f2a7c191628
P 0x7f2a7c1a1858
P 0x7f2a7c48c108
C 74
= 0x7f2a7c48c9e8
R
P 0x7f2a7c191628
C 342
R
P 0x7f2a7c191628
P 0x7f2a7c48c9e8
C 258
R
P 0x7f2a7c191628
C 342
R
P 0x7f2a7c191628
P 0x7f2a7c48c9e8
C 9
R
P 0x7f2a7c191628
C 342
R
P 0x7f2a7c191628
U 2
P 0x7f2a7c48c9b0
P 0x7f2a7c48c9e8
p 2
C 63
= 0x7f2a7c48ca20
R
P 0x7f2a7c191628
C 342
R
P 0x7f2a7c191628
P 0x7f2a7c48ca20
C 258
R
P 0x7f2a7c191628
C 342
R
P 0x7f2a7c191628
P 0x7f2a7c48ca20
C 9
R
P 0x7f2a7c191628
C 342
R
P 0x7f2a7c191628
I 1
P 0x7f2a7c19b208
C 150
= 0x7f2a7c19bc88
R
P 0x7f2a7c191628
C 342
R
P 0x7f2a7c191628
P 0x7f2a7c19bc88
C 258
R
P 0x7f2a7c191628
C 342
R
P 0x7f2a7c191628
P 0x7f2a7c19bc88
C 9
R
P 0x7f2a7c191628
C 342
R
P 0x7f2a7c191628
P 0x7f2a7c19bc88
C 263
R
P 0x7f2a7c191628
C 342
R
P 0x7f2a7c191628
S "dev0T31"
C 30
R
P 0x7f2a7c191628
C 342
R
P 0x7f2a7c191628
$ |dev0T31|
C 202
R
P 0x7f2a7c191628
C 342
R
P 0x7f2a7c191628
$ |dev0T31|
P 0x7f2a7c19b1e8
C 51
= 0x7f2a7c19bca8
R
P 0x7f2a7c191628
C 342
R
P 0x7f2a7c191628
P 0x7f2a7c19bca8
C 257
R
P 0x7f2a7c191628
C 342
R
P 0x7f2a7c191628
P 0x7f2a7c19bca8
C 254
= 0x7f2a7c19b1e8
R
P 0x7f2a7c191628
C 342
R
P 0x7f2a7c191628
P 0x7f2a7c19b1e8
C 209
R
P 0x7f2a7c191628
C 342
R
P 0x7f2a7c191628
P 0x7f2a7c19bca8
C 260
R
P 0x7f2a7c191628
C 342
R
P 0x7f2a7c191628
P 0x7f2a7c19bca8
C 259
R
P 0x7f2a7c191628
C 342
R
P 0x7f2a7c191628
P 0x7f2a7c19bca8
C 258
R
P 0x7f2a7c191628
C 342
R
P 0x7f2a7c191628
P 0x7f2a7c19bca8
C 9
R
P 0x7f2a7c191628
C 342
R
P 0x7f2a7c191628
P 0x7f2a7c19bc68
C 333
R
P 0x7f2a7c191628
C 342
R
P 0x7f2a7c191628
S "slotflowPriorityStart"
C 30
R
P 0x7f2a7c191628
C 342
R
P 0x7f2a7c191628
$ |slotflowPriorityStart|
C 202
R
P 0x7f2a7c191628
C 342
R
P 0x7f2a7c191628
$ |slotflowPriorityStart|
P 0x7f2a7c19b1e8
C 51
= 0x7f2a7c19c2a8
R
P 0x7f2a7c191628
C 342
R
P 0x7f2a7c191628
P 0x7f2a7c19c2a8
C 257
R
P 0x7f2a7c191628
C 342
R
P 0x7f2a7c191628
P 0x7f2a7c19c2a8
C 254
= 0x7f2a7c19b1e8
R
P 0x7f2a7c191628
C 342
R
P 0x7f2a7c191628
P 0x7f2a7c19b1e8
C 209
R
P 0x7f2a7c191628
C 342
R
P 0x7f2a7c191628
P 0x7f2a7c19c2a8
C 260
R
P 0x7f2a7c191628
C 342
R
P 0x7f2a7c191628
P 0x7f2a7c19c2a8
C 259
R
P 0x7f2a7c191628
C 342
R
P 0x7f2a7c191628
P 0x7f2a7c19c2a8
C 258
R
P 0x7f2a7c191628
C 342
R
P 0x7f2a7c191628
P 0x7f2a7c19c2a8
C 9
R
P 0x7f2a7c191628
C 342
R
P 0x7f2a7c191628
P 0x7f2a7c19bc68
C 333
R
P 0x7f2a7c191628
C 342
R
P 0x7f2a7c191628
S "slotflowPriorityDuration"
C 30
R
P 0x7f2a7c191628
C 342
R
P 0x7f2a7c191628
$ |slotflowPriorityDuration|
C 202
R
P 0x7f2a7c191628
C 342
R
P 0x7f2a7c191628
$ |slotflowPriorityDuration|
P 0x7f2a7c19b1e8
C 51
= 0x7f2a7c19c268
R
P 0x7f2a7c191628
C 342
R
P 0x7f2a7c191628
P 0x7f2a7c19c268
C 257
R
P 0x7f2a7c191628
C 342
R
P 0x7f2a7c191628
P 0x7f2a7c19c268
C 254
= 0x7f2a7c19b1e8
R
P 0x7f2a7c191628
C 342
R
P 0x7f2a7c191628
P 0x7f2a7c19b1e8
C 209
R
P 0x7f2a7c191628
C 342
R
P 0x7f2a7c191628
P 0x7f2a7c19c268
C 260
R
P 0x7f2a7c191628
C 342
R
P 0x7f2a7c191628
P 0x7f2a7c19c268
C 259
R
P 0x7f2a7c191628
C 342
R
P 0x7f2a7c191628
P 0x7f2a7c19c268
C 258
R
P 0x7f2a7c191628
C 342
R
P 0x7f2a7c191628
P 0x7f2a7c19c268
C 9
R
P 0x7f2a7c191628
C 342
R
P 0x7f2a7c191628
U 2
P 0x7f2a7c19c2a8
P 0x7f2a7c19c268
p 2
C 65
= 0x7f2a7c487908
R
P 0x7f2a7c191628
C 342
R
P 0x7f2a7c191628
P 0x7f2a7c487908
C 257
R
P 0x7f2a7c191628
C 342
R
P 0x7f2a7c191628
P 0x7f2a7c487908
C 254
= 0x7f2a7c19b1e8
R
P 0x7f2a7c191628
C 342
R
P 0x7f2a7c191628
P 0x7f2a7c19b1e8
C 209
R
P 0x7f2a7c191628
C 342
R
P 0x7f2a7c191628
P 0x7f2a7c487908
C 260
R
P 0x7f2a7c191628
C 342
R
P 0x7f2a7c191628
P 0x7f2a7c487908
C 259
R
P 0x7f2a7c191628
C 342
R
P 0x7f2a7c191628
P 0x7f2a7c487908
C 258
R
P 0x7f2a7c191628
C 342
R
P 0x7f2a7c191628
P 0x7f2a7c487908
C 9
R
P 0x7f2a7c191628
C 342
R
P 0x7f2a7c191628
I 3
P 0x7f2a7c19b208
C 150
= 0x7f2a7c19bfc8
R
P 0x7f2a7c191628
C 342
R
P 0x7f2a7c191628
P 0x7f2a7c19bfc8
C 258
R
P 0x7f2a7c191628
C 342
R
P 0x7f2a7c191628
P 0x7f2a7c19bfc8
C 9
R
P 0x7f2a7c191628
C 342
R
P 0x7f2a7c191628
I 1
P 0x7f2a7c19b208
C 150
= 0x7f2a7c19bc88
R
P 0x7f2a7c191628
C 342
R
P 0x7f2a7c191628
P 0x7f2a7c19bc88
C 258
R
P 0x7f2a7c191628
C 342
R
P 0x7f2a7c191628
P 0x7f2a7c19bc88
C 9
R
P 0x7f2a7c191628
C 342
R
P 0x7f2a7c191628
P 0x7f2a7c19bfc8
P 0x7f2a7c19bc88
C 75
= 0x7f2a7c487208
R
P 0x7f2a7c191628
C 342
R
P 0x7f2a7c191628
P 0x7f2a7c487208
C 258
R
P 0x7f2a7c191628
C 342
R
P 0x7f2a7c191628
P 0x7f2a7c487208
C 9
R
P 0x7f2a7c191628
C 342
R
P 0x7f2a7c191628
I 1
P 0x7f2a7c19b208
C 150
= 0x7f2a7c19bc88
R
P 0x7f2a7c191628
C 342
R
P 0x7f2a7c191628
P 0x7f2a7c19bc88
C 258
R
P 0x7f2a7c191628
C 342
R
P 0x7f2a7c191628
P 0x7f2a7c19bc88
C 9
R
P 0x7f2a7c191628
C 342
R
P 0x7f2a7c191628
U 2
P 0x7f2a7c19bfc8
P 0x7f2a7c19bc88
p 2
C 67
= 0x7f2a7c487240
R
P 0x7f2a7c191628
C 342
R
P 0x7f2a7c191628
P 0x7f2a7c487240
C 257
R
P 0x7f2a7c191628
C 342
R
P 0x7f2a7c191628
P 0x7f2a7c487240
C 254
= 0x7f2a7c19b208
R
P 0x7f2a7c191628
C 342
R
P 0x7f2a7c191628
P 0x7f2a7c19b208
C 209
R
P 0x7f2a7c191628
C 342
R
P 0x7f2a7c191628
P 0x7f2a7c487240
C 260
R
P 0x7f2a7c191628
C 342
R
P 0x7f2a7c191628
P 0x7f2a7c487240
C 259
R
P 0x7f2a7c191628
C 342
R
P 0x7f2a7c191628
P 0x7f2a7c487240
C 258
R
P 0x7f2a7c191628
C 342
R
P 0x7f2a7c191628
P 0x7f2a7c487240
C 9
R
P 0x7f2a7c191628
C 342
R
P 0x7f2a7c191628
U 2
P 0x7f2a7c19bbe8
P 0x7f2a7c487240
p 2
C 66
= 0x7f2a7c487f60
R
P 0x7f2a7c191628
C 342
R
P 0x7f2a7c191628
P 0x7f2a7c487f60
C 257
R
P 0x7f2a7c191628
C 342
R
P 0x7f2a7c191628
P 0x7f2a7c487f60
C 254
= 0x7f2a7c19b208
R
P 0x7f2a7c191628
C 342
R
P 0x7f2a7c191628
P 0x7f2a7c19b208
C 209
R
P 0x7f2a7c191628
C 342
R
P 0x7f2a7c191628
P 0x7f2a7c487f60
C 260
R
P 0x7f2a7c191628
C 342
R
P 0x7f2a7c191628
P 0x7f2a7c487f60
C 259
R
P 0x7f2a7c191628
C 342
R
P 0x7f2a7c191628
P 0x7f2a7c487f60
C 258
R
P 0x7f2a7c191628
C 342
R
P 0x7f2a7c191628
P 0x7f2a7c487f60
C 9
R
P 0x7f2a7c191628
C 342
R
P 0x7f2a7c191628
U 2
P 0x7f2a7c19bb88
P 0x7f2a7c487f60
p 2
C 65
= 0x7f2a7c487f98
R
P 0x7f2a7c191628
C 342
R
P 0x7f2a7c191628
P 0x7f2a7c487f98
C 257
R
P 0x7f2a7c191628
C 342
R
P 0x7f2a7c191628
P 0x7f2a7c487f98
C 254
= 0x7f2a7c19b1e8
R
P 0x7f2a7c191628
C 342
R
P 0x7f2a7c191628
P 0x7f2a7c19b1e8
C 209
R
P 0x7f2a7c191628
C 342
R
P 0x7f2a7c191628
P 0x7f2a7c487f98
C 260
R
P 0x7f2a7c191628
C 342
R
P 0x7f2a7c191628
P 0x7f2a7c487f98
C 259
R
P 0x7f2a7c191628
C 342
R
P 0x7f2a7c191628
P 0x7f2a7c487f98
C 258
R
P 0x7f2a7c191628
C 342
R
P 0x7f2a7c191628
P 0x7f2a7c487f98
C 9
R
P 0x7f2a7c191628
C 342
R
P 0x7f2a7c191628
P 0x7f2a7c487208
P 0x7f2a7c487f98
P 0x7f2a7c19bb88
C 59
= 0x7f2a7c19fac8
R
P 0x7f2a7c191628
C 342
R
P 0x7f2a7c191628
P 0x7f2a7c19fac8
C 257
R
P 0x7f2a7c191628
C 342
R
P 0x7f2a7c191628
P 0x7f2a7c19fac8
C 254
= 0x7f2a7c19b1e8
R
P 0x7f2a7c191628
C 342
R
P 0x7f2a7c191628
P 0x7f2a7c19b1e8
C 209
R
P 0x7f2a7c191628
C 342
R
P 0x7f2a7c191628
P 0x7f2a7c19fac8
C 260
R
P 0x7f2a7c191628
C 342
R
P 0x7f2a7c191628
P 0x7f2a7c19fac8
C 259
R
P 0x7f2a7c191628
C 342
R
P 0x7f2a7c191628
P 0x7f2a7c19fac8
C 258
R
P 0x7f2a7c191628
C 342
R
P 0x7f2a7c191628
P 0x7f2a7c19fac8
C 9
R
P 0x7f2a7c191628
C 342
R
P 0x7f2a7c191628
U 2
P 0x7f2a7c487908
P 0x7f2a7c19fac8
p 2
C 65
= 0x7f2a7c487fd0
R
P 0x7f2a7c191628
C 342
R
P 0x7f2a7c191628
P 0x7f2a7c487fd0
C 257
R
P 0x7f2a7c191628
C 342
R
P 0x7f2a7c191628
P 0x7f2a7c487fd0
C 254
= 0x7f2a7c19b1e8
R
P 0x7f2a7c191628
C 342
R
P 0x7f2a7c191628
P 0x7f2a7c19b1e8
C 209
R
P 0x7f2a7c191628
C 342
R
P 0x7f2a7c191628
P 0x7f2a7c487fd0
C 260
R
P 0x7f2a7c191628
C 342
R
P 0x7f2a7c191628
P 0x7f2a7c487fd0
C 259
R
P 0x7f2a7c191628
C 342
R
P 0x7f2a7c191628
P 0x7f2a7c487fd0
C 258
R
P 0x7f2a7c191628
C 342
R
P 0x7f2a7c191628
P 0x7f2a7c487fd0
C 9
R
P 0x7f2a7c191628
C 342
R
P 0x7f2a7c191628
P 0x7f2a7c19bca8
P 0x7f2a7c487fd0
C 74
= 0x7f2a7c48a440
R
P 0x7f2a7c191628
C 342
R
P 0x7f2a7c191628
P 0x7f2a7c48a440
C 258
R
P 0x7f2a7c191628
C 342
R
P 0x7f2a7c191628
P 0x7f2a7c48a440
C 9
R
P 0x7f2a7c191628
C 342
R
P 0x7f2a7c191628
I 1
P 0x7f2a7c19b208
C 150
= 0x7f2a7c19bc88
R
P 0x7f2a7c191628
C 342
R
P 0x7f2a7c191628
P 0x7f2a7c19bc88
C 258
R
P 0x7f2a7c191628
C 342
R
P 0x7f2a7c191628
P 0x7f2a7c19bc88
C 9
R
P 0x7f2a7c191628
C 342
R
P 0x7f2a7c191628
P 0x7f2a7c19bc88
C 263
R
P 0x7f2a7c191628
C 342
R
P 0x7f2a7c191628
S "dev0T31"
C 30
R
P 0x7f2a7c191628
C 342
R
P 0x7f2a7c191628
$ |dev0T31|
C 202
R
P 0x7f2a7c191628
C 342
R
P 0x7f2a7c191628
$ |dev0T31|
P 0x7f2a7c19b1e8
C 51
= 0x7f2a7c19bca8
R
P 0x7f2a7c191628
C 342
R
P 0x7f2a7c191628
P 0x7f2a7c19bca8
C 257
R
P 0x7f2a7c191628
C 342
R
P 0x7f2a7c191628
P 0x7f2a7c19bca8
C 254
= 0x7f2a7c19b1e8
R
P 0x7f2a7c191628
C 342
R
P 0x7f2a7c191628
P 0x7f2a7c19b1e8
C 209
R
P 0x7f2a7c191628
C 342
R
P 0x7f2a7c191628
P 0x7f2a7c19bca8
C 260
R
P 0x7f2a7c191628
C 342
R
P 0x7f2a7c191628
P 0x7f2a7c19bca8
C 259
R
P 0x7f2a7c191628
C 342
R
P 0x7f2a7c191628
P 0x7f2a7c19bca8
C 258
R
P 0x7f2a7c191628
C 342
R
P 0x7f2a7c191628
P 0x7f2a7c19bca8
C 9
R
P 0x7f2a7c191628
C 342
R
P 0x7f2a7c191628
P 0x7f2a7c19bc68
C 333
R
P 0x7f2a7c191628
C 342
R
P 0x7f2a7c191628
S "slotflowPriorityStart"
C 30
R
P 0x7f2a7c191628
C 342
R
P 0x7f2a7c191628
$ |slotflowPriorityStart|
C 202
R
P 0x7f2a7c191628
C 342
R
P 0x7f2a7c191628
$ |slotflowPriorityStart|
P 0x7f2a7c19b1e8
C 51
= 0x7f2a7c19c2a8
R
P 0x7f2a7c191628
C 342
R
P 0x7f2a7c191628
P 0x7f2a7c19c2a8
C 257
R
P 0x7f2a7c191628
C 342
R
P 0x7f2a7c191628
P 0x7f2a7c19c2a8
C 254
= 0x7f2a7c19b1e8
R
P 0x7f2a7c191628
C 342
R
P 0x7f2a7c191628
P 0x7f2a7c19b1e8
C 209
R
P 0x7f2a7c191628
C 342
R
P 0x7f2a7c191628
P 0x7f2a7c19c2a8
C 260
R
P 0x7f2a7c191628
C 342
R
P 0x7f2a7c191628
P 0x7f2a7c19c2a8
C 259
R
P 0x7f2a7c191628
C 342
R
P 0x7f2a7c191628
P 0x7f2a7c19c2a8
C 258
R
P 0x7f2a7c191628
C 342
R
P 0x7f2a7c191628
P 0x7f2a7c19c2a8
C 9
R
P 0x7f2a7c191628
C 342
R
P 0x7f2a7c191628
I 2
P 0x7f2a7c19b208
C 150
= 0x7f2a7c19bcc8
R
P 0x7f2a7c191628
C 342
R
P 0x7f2a7c191628
P 0x7f2a7c19bcc8
C 258
R
P 0x7f2a7c191628
C 342
R
P 0x7f2a7c191628
P 0x7f2a7c19bcc8
C 9
R
P 0x7f2a7c191628
C 342
R
P 0x7f2a7c191628
I 1
P 0x7f2a7c19b208
C 150
= 0x7f2a7c19bc88
R
P 0x7f2a7c191628
C 342
R
P 0x7f2a7c191628
P 0x7f2a7c19bc88
C 258
R
P 0x7f2a7c191628
C 342
R
P 0x7f2a7c191628
P 0x7f2a7c19bc88
C 9
R
P 0x7f2a7c191628
C 342
R
P 0x7f2a7c191628
P 0x7f2a7c19bcc8
P 0x7f2a7c19bc88
C 75
= 0x7f2a7c1a1890
R
P 0x7f2a7c191628
C 342
R
P 0x7f2a7c191628
P 0x7f2a7c1a1890
C 258
R
P 0x7f2a7c191628
C 342
R
P 0x7f2a7c191628
P 0x7f2a7c1a1890
C 9
R
P 0x7f2a7c191628
C 342
R
P 0x7f2a7c191628
I 1
P 0x7f2a7c19b208
C 150
= 0x7f2a7c19bc88
R
P 0x7f2a7c191628
C 342
R
P 0x7f2a7c191628
P 0x7f2a7c19bc88
C 258
R
P 0x7f2a7c191628
C 342
R
P 0x7f2a7c191628
P 0x7f2a7c19bc88
C 9
R
P 0x7f2a7c191628
C 342
R
P 0x7f2a7c191628
U 2
P 0x7f2a7c19bcc8
P 0x7f2a7c19bc88
p 2
C 67
= 0x7f2a7c1a18c8
R
P 0x7f2a7c191628
C 342
R
P 0x7f2a7c191628
P 0x7f2a7c1a18c8
C 257
R
P 0x7f2a7c191628
C 342
R
P 0x7f2a7c191628
P 0x7f2a7c1a18c8
C 254
= 0x7f2a7c19b208
R
P 0x7f2a7c191628
C 342
R
P 0x7f2a7c191628
P 0x7f2a7c19b208
C 209
R
P 0x7f2a7c191628
C 342
R
P 0x7f2a7c191628
P 0x7f2a7c1a18c8
C 260
R
P 0x7f2a7c191628
C 342
R
P 0x7f2a7c191628
P 0x7f2a7c1a18c8
C 259
R
P 0x7f2a7c191628
C 342
R
P 0x7f2a7c191628
P 0x7f2a7c1a18c8
C 258
R
P 0x7f2a7c191628
C 342
R
P 0x7f2a7c191628
P 0x7f2a7c1a18c8
C 9
R
P 0x7f2a7c191628
C 342
R
P 0x7f2a7c191628
U 2
P 0x7f2a7c19bbe8
P 0x7f2a7c1a18c8
p 2
C 66
= 0x7f2a7c487d68
R
P 0x7f2a7c191628
C 342
R
P 0x7f2a7c191628
P 0x7f2a7c487d68
C 257
R
P 0x7f2a7c191628
C 342
R
P 0x7f2a7c191628
P 0x7f2a7c487d68
C 254
= 0x7f2a7c19b208
R
P 0x7f2a7c191628
C 342
R
P 0x7f2a7c191628
P 0x7f2a7c19b208
C 209
R
P 0x7f2a7c191628
C 342
R
P 0x7f2a7c191628
P 0x7f2a7c487d68
C 260
R
P 0x7f2a7c191628
C 342
R
P 0x7f2a7c191628
P 0x7f2a7c487d68
C 259
R
P 0x7f2a7c191628
C 342
R
P 0x7f2a7c191628
P 0x7f2a7c487d68
C 258
R
P 0x7f2a7c191628
C 342
R
P 0x7f2a7c191628
P 0x7f2a7c487d68
C 9
R
P 0x7f2a7c191628
C 342
R
P 0x7f2a7c191628
U 2
P 0x7f2a7c19bb88
P 0x7f2a7c487d68
p 2
C 65
= 0x7f2a7c487da0
R
P 0x7f2a7c191628
C 342
R
P 0x7f2a7c191628
P 0x7f2a7c487da0
C 257
R
P 0x7f2a7c191628
C 342
R
P 0x7f2a7c191628
P 0x7f2a7c487da0
C 254
= 0x7f2a7c19b1e8
R
P 0x7f2a7c191628
C 342
R
P 0x7f2a7c191628
P 0x7f2a7c19b1e8
C 209
R
P 0x7f2a7c191628
C 342
R
P 0x7f2a7c191628
P 0x7f2a7c487da0
C 260
R
P 0x7f2a7c191628
C 342
R
P 0x7f2a7c191628
P 0x7f2a7c487da0
C 259
R
P 0x7f2a7c191628
C 342
R
P 0x7f2a7c191628
P 0x7f2a7c487da0
C 258
R
P 0x7f2a7c191628
C 342
R
P 0x7f2a7c191628
P 0x7f2a7c487da0
C 9
R
P 0x7f2a7c191628
C 342
R
P 0x7f2a7c191628
P 0x7f2a7c1a1890
P 0x7f2a7c487da0
P 0x7f2a7c19bb88
C 59
= 0x7f2a7c19fa88
R
P 0x7f2a7c191628
C 342
R
P 0x7f2a7c191628
P 0x7f2a7c19fa88
C 257
R
P 0x7f2a7c191628
C 342
R
P 0x7f2a7c191628
P 0x7f2a7c19fa88
C 254
= 0x7f2a7c19b1e8
R
P 0x7f2a7c191628
C 342
R
P 0x7f2a7c191628
P 0x7f2a7c19b1e8
C 209
R
P 0x7f2a7c191628
C 342
R
P 0x7f2a7c191628
P 0x7f2a7c19fa88
C 260
R
P 0x7f2a7c191628
C 342
R
P 0x7f2a7c191628
P 0x7f2a7c19fa88
C 259
R
P 0x7f2a7c191628
C 342
R
P 0x7f2a7c191628
P 0x7f2a7c19fa88
C 258
R
P 0x7f2a7c191628
C 342
R
P 0x7f2a7c191628
P 0x7f2a7c19fa88
C 9
R
P 0x7f2a7c191628
C 342
R
P 0x7f2a7c191628
U 2
P 0x7f2a7c19c2a8
P 0x7f2a7c19fa88
p 2
C 65
= 0x7f2a7c487e80
R
P 0x7f2a7c191628
C 342
R
P 0x7f2a7c191628
P 0x7f2a7c487e80
C 257
R
P 0x7f2a7c191628
C 342
R
P 0x7f2a7c191628
P 0x7f2a7c487e80
C 254
= 0x7f2a7c19b1e8
R
P 0x7f2a7c191628
C 342
R
P 0x7f2a7c191628
P 0x7f2a7c19b1e8
C 209
R
P 0x7f2a7c191628
C 342
R
P 0x7f2a7c191628
P 0x7f2a7c487e80
C 260
R
P 0x7f2a7c191628
C 342
R
P 0x7f2a7c191628
P 0x7f2a7c487e80
C 259
R
P 0x7f2a7c191628
C 342
R
P 0x7f2a7c191628
P 0x7f2a7c487e80
C 258
R
P 0x7f2a7c191628
C 342
R
P 0x7f2a7c191628
P 0x7f2a7c487e80
C 9
R
P 0x7f2a7c191628
C 342
R
P 0x7f2a7c191628
U 2
P 0x7f2a7c487e80
P 0x7f2a7c19bb68
p 2
C 65
= 0x7f2a7c489a30
R
P 0x7f2a7c191628
C 342
R
P 0x7f2a7c191628
P 0x7f2a7c489a30
C 257
R
P 0x7f2a7c191628
C 342
R
P 0x7f2a7c191628
P 0x7f2a7c489a30
C 254
= 0x7f2a7c19b1e8
R
P 0x7f2a7c191628
C 342
R
P 0x7f2a7c191628
P 0x7f2a7c19b1e8
C 209
R
P 0x7f2a7c191628
C 342
R
P 0x7f2a7c191628
P 0x7f2a7c489a30
C 260
R
P 0x7f2a7c191628
C 342
R
P 0x7f2a7c191628
P 0x7f2a7c489a30
C 259
R
P 0x7f2a7c191628
C 342
R
P 0x7f2a7c191628
P 0x7f2a7c489a30
C 258
R
P 0x7f2a7c191628
C 342
R
P 0x7f2a7c191628
P 0x7f2a7c489a30
C 9
R
P 0x7f2a7c191628
C 342
R
P 0x7f2a7c191628
P 0x7f2a7c19bca8
P 0x7f2a7c489a30
C 56
= 0x7f2a7c48ca58
R
P 0x7f2a7c191628
C 342
R
P 0x7f2a7c191628
P 0x7f2a7c48ca58
C 258
R
P 0x7f2a7c191628
C 342
R
P 0x7f2a7c191628
P 0x7f2a7c48ca58
C 9
R
P 0x7f2a7c191628
C 342
R
P 0x7f2a7c191628
U 2
P 0x7f2a7c48a440
P 0x7f2a7c48ca58
p 2
C 63
= 0x7f2a7c48ca90
R
P 0x7f2a7c191628
C 342
R
P 0x7f2a7c191628
P 0x7f2a7c48ca90
C 258
R
P 0x7f2a7c191628
C 342
R
P 0x7f2a7c191628
P 0x7f2a7c48ca90
C 9
R
P 0x7f2a7c191628
C 342
R
P 0x7f2a7c191628
P 0x7f2a7c48ca20
P 0x7f2a7c48ca90
C 61
= 0x7f2a7c48cac8
R
P 0x7f2a7c191628
C 342
R
P 0x7f2a7c191628
P 0x7f2a7c48cac8
C 258
R
P 0x7f2a7c191628
C 342
R
P 0x7f2a7c191628
P 0x7f2a7c48cac8
C 9
R
P 0x7f2a7c191628
C 342
R
P 0x7f2a7c191628
P 0x7f2a7c1e1fc8
P 0x7f2a7c48cac8
C 427
R
P 0x7f2a7c191628
C 342
R
P 0x7f2a7c191628
I 1
P 0x7f2a7c19b208
C 150
= 0x7f2a7c19bc88
R
P 0x7f2a7c191628
C 342
R
P 0x7f2a7c191628
P 0x7f2a7c19bc88
C 258
R
P 0x7f2a7c191628
C 342
R
P 0x7f2a7c191628
P 0x7f2a7c19bc88
C 9
R
P 0x7f2a7c191628
C 342
R
P 0x7f2a7c191628
I 1
P 0x7f2a7c19b208
C 150
= 0x7f2a7c19bc88
R
P 0x7f2a7c191628
C 342
R
P 0x7f2a7c191628
P 0x7f2a7c19bc88
C 258
R
P 0x7f2a7c191628
C 342
R
P 0x7f2a7c191628
P 0x7f2a7c19bc88
C 9
R
P 0x7f2a7c191628
C 342
R
P 0x7f2a7c191628
P 0x7f2a7c19bc88
P 0x7f2a7c19bc88
C 75
= 0x7f2a7c1a1778
R
P 0x7f2a7c191628
C 342
R
P 0x7f2a7c191628
P 0x7f2a7c1a1778
C 258
R
P 0x7f2a7c191628
C 342
R
P 0x7f2a7c191628
P 0x7f2a7c1a1778
C 9
R
P 0x7f2a7c191628
C 342
R
P 0x7f2a7c191628
I 1
P 0x7f2a7c19b208
C 150
= 0x7f2a7c19bc88
R
P 0x7f2a7c191628
C 342
R
P 0x7f2a7c191628
P 0x7f2a7c19bc88
C 258
R
P 0x7f2a7c191628
C 342
R
P 0x7f2a7c191628
P 0x7f2a7c19bc88
C 9
R
P 0x7f2a7c191628
C 342
R
P 0x7f2a7c191628
U 2
P 0x7f2a7c19bc88
P 0x7f2a7c19bc88
p 2
C 67
= 0x7f2a7c1a17b0
R
P 0x7f2a7c191628
C 342
R
P 0x7f2a7c191628
P 0x7f2a7c1a17b0
C 257
R
P 0x7f2a7c191628
C 342
R
P 0x7f2a7c191628
P 0x7f2a7c1a17b0
C 254
= 0x7f2a7c19b208
R
P 0x7f2a7c191628
C 342
R
P 0x7f2a7c191628
P 0x7f2a7c19b208
C 209
R
P 0x7f2a7c191628
C 342
R
P 0x7f2a7c191628
P 0x7f2a7c1a17b0
C 260
R
P 0x7f2a7c191628
C 342
R
P 0x7f2a7c191628
P 0x7f2a7c1a17b0
C 259
R
P 0x7f2a7c191628
C 342
R
P 0x7f2a7c191628
P 0x7f2a7c1a17b0
C 258
R
P 0x7f2a7c191628
C 342
R
P 0x7f2a7c191628
P 0x7f2a7c1a17b0
C 9
R
P 0x7f2a7c191628
C 342
R
P 0x7f2a7c191628
U 2
P 0x7f2a7c19bba8
P 0x7f2a7c1a17b0
p 2
C 66
= 0x7f2a7c1a17e8
R
P 0x7f2a7c191628
C 342
R
P 0x7f2a7c191628
P 0x7f2a7c1a17e8
C 257
R
P 0x7f2a7c191628
C 342
R
P 0x7f2a7c191628
P 0x7f2a7c1a17e8
C 254
= 0x7f2a7c19b1e8
R
P 0x7f2a7c191628
C 342
R
P 0x7f2a7c191628
P 0x7f2a7c19b1e8
C 209
R
P 0x7f2a7c191628
C 342
R
P 0x7f2a7c191628
P 0x7f2a7c1a17e8
C 260
R
P 0x7f2a7c191628
C 342
R
P 0x7f2a7c191628
P 0x7f2a7c1a17e8
C 259
R
P 0x7f2a7c191628
C 342
R
P 0x7f2a7c191628
P 0x7f2a7c1a17e8
C 258
R
P 0x7f2a7c191628
C 342
R
P 0x7f2a7c191628
P 0x7f2a7c1a17e8
C 9
R
P 0x7f2a7c191628
C 342
R
P 0x7f2a7c191628
U 2
P 0x7f2a7c19bc28
P 0x7f2a7c1a17e8
p 2
C 65
= 0x7f2a7c1a1820
R
P 0x7f2a7c191628
C 342
R
P 0x7f2a7c191628
P 0x7f2a7c1a1820
C 257
R
P 0x7f2a7c191628
C 342
R
P 0x7f2a7c191628
P 0x7f2a7c1a1820
C 254
= 0x7f2a7c19b1e8
R
P 0x7f2a7c191628
C 342
R
P 0x7f2a7c191628
P 0x7f2a7c19b1e8
C 209
R
P 0x7f2a7c191628
C 342
R
P 0x7f2a7c191628
P 0x7f2a7c1a1820
C 260
R
P 0x7f2a7c191628
C 342
R
P 0x7f2a7c191628
P 0x7f2a7c1a1820
C 259
R
P 0x7f2a7c191628
C 342
R
P 0x7f2a7c191628
P 0x7f2a7c1a1820
C 258
R
P 0x7f2a7c191628
C 342
R
P 0x7f2a7c191628
P 0x7f2a7c1a1820
C 9
R
P 0x7f2a7c191628
C 342
R
P 0x7f2a7c191628
P 0x7f2a7c1a1778
P 0x7f2a7c1a1820
P 0x7f2a7c19bc28
C 59
= 0x7f2a7c19f848
R
P 0x7f2a7c191628
C 342
R
P 0x7f2a7c191628
P 0x7f2a7c19f848
C 257
R
P 0x7f2a7c191628
C 342
R
P 0x7f2a7c191628
P 0x7f2a7c19f848
C 254
= 0x7f2a7c19b1e8
R
P 0x7f2a7c191628
C 342
R
P 0x7f2a7c191628
P 0x7f2a7c19b1e8
C 209
R
P 0x7f2a7c191628
C 342
R
P 0x7f2a7c191628
P 0x7f2a7c19f848
C 260
R
P 0x7f2a7c191628
C 342
R
P 0x7f2a7c191628
P 0x7f2a7c19f848
C 259
R
P 0x7f2a7c191628
C 342
R
P 0x7f2a7c191628
P 0x7f2a7c19f848
C 258
R
P 0x7f2a7c191628
C 342
R
P 0x7f2a7c191628
P 0x7f2a7c19f848
C 9
R
P 0x7f2a7c191628
C 342
R
P 0x7f2a7c191628
U 2
P 0x7f2a7c19f848
P 0x7f2a7c19bb48
p 2
C 65
= 0x7f2a7c1a1858
R
P 0x7f2a7c191628
C 342
R
P 0x7f2a7c191628
P 0x7f2a7c1a1858
C 257
R
P 0x7f2a7c191628
C 342
R
P 0x7f2a7c191628
P 0x7f2a7c1a1858
C 254
= 0x7f2a7c19b1e8
R
P 0x7f2a7c191628
C 342
R
P 0x7f2a7c191628
P 0x7f2a7c19b1e8
C 209
R
P 0x7f2a7c191628
C 342
R
P 0x7f2a7c191628
P 0x7f2a7c1a1858
C 260
R
P 0x7f2a7c191628
C 342
R
P 0x7f2a7c191628
P 0x7f2a7c1a1858
C 259
R
P 0x7f2a7c191628
C 342
R
P 0x7f2a7c191628
P 0x7f2a7c1a1858
C 258
R
P 0x7f2a7c191628
C 342
R
P 0x7f2a7c191628
P 0x7f2a7c1a1858
C 9
R
P 0x7f2a7c191628
C 342
R
P 0x7f2a7c191628
P 0x7f2a7c19bc68
C 333
R
P 0x7f2a7c191628
C 342
R
P 0x7f2a7c191628
S "slotflowPriorityStart"
C 30
R
P 0x7f2a7c191628
C 342
R
P 0x7f2a7c191628
$ |slotflowPriorityStart|
C 202
R
P 0x7f2a7c191628
C 342
R
P 0x7f2a7c191628
$ |slotflowPriorityStart|
P 0x7f2a7c19b1e8
C 51
= 0x7f2a7c19c2a8
R
P 0x7f2a7c191628
C 342
R
P 0x7f2a7c191628
P 0x7f2a7c19c2a8
C 257
R
P 0x7f2a7c191628
C 342
R
P 0x7f2a7c191628
P 0x7f2a7c19c2a8
C 254
= 0x7f2a7c19b1e8
R
P 0x7f2a7c191628
C 342
R
P 0x7f2a7c191628
P 0x7f2a7c19b1e8
C 209
R
P 0x7f2a7c191628
C 342
R
P 0x7f2a7c191628
P 0x7f2a7c19c2a8
C 260
R
P 0x7f2a7c191628
C 342
R
P 0x7f2a7c191628
P 0x7f2a7c19c2a8
C 259
R
P 0x7f2a7c191628
C 342
R
P 0x7f2a7c191628
P 0x7f2a7c19c2a8
C 258
R
P 0x7f2a7c191628
C 342
R
P 0x7f2a7c191628
P 0x7f2a7c19c2a8
C 9
R
P 0x7f2a7c191628
C 342
R
P 0x7f2a7c191628
P 0x7f2a7c19bc68
C 333
R
P 0x7f2a7c191628
C 342
R
P 0x7f2a7c191628
S "slotflowPriorityDuration"
C 30
R
P 0x7f2a7c191628
C 342
R
P 0x7f2a7c191628
$ |slotflowPriorityDuration|
C 202
R
P 0x7f2a7c191628
C 342
R
P 0x7f2a7c191628
$ |slotflowPriorityDuration|
P 0x7f2a7c19b1e8
C 51
= 0x7f2a7c19c268
R
P 0x7f2a7c191628
C 342
R
P 0x7f2a7c191628
P 0x7f2a7c19c268
C 257
R
P 0x7f2a7c191628
C 342
R
P 0x7f2a7c191628
P 0x7f2a7c19c268
C 254
= 0x7f2a7c19b1e8
R
P 0x7f2a7c191628
C 342
R
P 0x7f2a7c191628
P 0x7f2a7c19b1e8
C 209
R
P 0x7f2a7c191628
C 342
R
P 0x7f2a7c191628
P 0x7f2a7c19c268
C 260
R
P 0x7f2a7c191628
C 342
R
P 0x7f2a7c191628
P 0x7f2a7c19c268
C 259
R
P 0x7f2a7c191628
C 342
R
P 0x7f2a7c191628
P 0x7f2a7c19c268
C 258
R
P 0x7f2a7c191628
C 342
R
P 0x7f2a7c191628
P 0x7f2a7c19c268
C 9
R
P 0x7f2a7c191628
C 342
R
P 0x7f2a7c191628
U 2
P 0x7f2a7c19c2a8
P 0x7f2a7c19c268
p 2
C 65
= 0x7f2a7c487908
R
P 0x7f2a7c191628
C 342
R
P 0x7f2a7c191628
P 0x7f2a7c487908
C 257
R
P 0x7f2a7c191628
C 342
R
P 0x7f2a7c191628
P 0x7f2a7c487908
C 254
= 0x7f2a7c19b1e8
R
P 0x7f2a7c191628
C 342
R
P 0x7f2a7c191628
P 0x7f2a7c19b1e8
C 209
R
P 0x7f2a7c191628
C 342
R
P 0x7f2a7c191628
P 0x7f2a7c487908
C 260
R
P 0x7f2a7c191628
C 342
R
P 0x7f2a7c191628
P 0x7f2a7c487908
C 259
R
P 0x7f2a7c191628
C 342
R
P 0x7f2a7c191628
P 0x7f2a7c487908
C 258
R
P 0x7f2a7c191628
C 342
R
P 0x7f2a7c191628
P 0x7f2a7c487908
C 9
R
P 0x7f2a7c191628
C 342
R
P 0x7f2a7c191628
I 3
P 0x7f2a7c19b208
C 150
= 0x7f2a7c19bfc8
R
P 0x7f2a7c191628
C 342
R
P 0x7f2a7c191628
P 0x7f2a7c19bfc8
C 258
R
P 0x7f2a7c191628
C 342
R
P 0x7f2a7c191628
P 0x7f2a7c19bfc8
C 9
R
P 0x7f2a7c191628
C 342
R
P 0x7f2a7c191628
I 1
P 0x7f2a7c19b208
C 150
= 0x7f2a7c19bc88
R
P 0x7f2a7c191628
C 342
R
P 0x7f2a7c191628
P 0x7f2a7c19bc88
C 258
R
P 0x7f2a7c191628
C 342
R
P 0x7f2a7c191628
P 0x7f2a7c19bc88
C 9
R
P 0x7f2a7c191628
C 342
R
P 0x7f2a7c191628
P 0x7f2a7c19bfc8
P 0x7f2a7c19bc88
C 75
= 0x7f2a7c487208
R
P 0x7f2a7c191628
C 342
R
P 0x7f2a7c191628
P 0x7f2a7c487208
C 258
R
P 0x7f2a7c191628
C 342
R
P 0x7f2a7c191628
P 0x7f2a7c487208
C 9
R
P 0x7f2a7c191628
C 342
R
P 0x7f2a7c191628
I 1
P 0x7f2a7c19b208
C 150
= 0x7f2a7c19bc88
R
P 0x7f2a7c191628
C 342
R
P 0x7f2a7c191628
P 0x7f2a7c19bc88
C 258
R
P 0x7f2a7c191628
C 342
R
P 0x7f2a7c191628
P 0x7f2a7c19bc88
C 9
R
P 0x7f2a7c191628
C 342
R
P 0x7f2a7c191628
U 2
P 0x7f2a7c19bfc8
P 0x7f2a7c19bc88
p 2
C 67
= 0x7f2a7c487240
R
P 0x7f2a7c191628
C 342
R
P 0x7f2a7c191628
P 0x7f2a7c487240
C 257
R
P 0x7f2a7c191628
C 342
R
P 0x7f2a7c191628
P 0x7f2a7c487240
C 254
= 0x7f2a7c19b208
R
P 0x7f2a7c191628
C 342
R
P 0x7f2a7c191628
P 0x7f2a7c19b208
C 209
R
P 0x7f2a7c191628
C 342
R
P 0x7f2a7c191628
P 0x7f2a7c487240
C 260
R
P 0x7f2a7c191628
C 342
R
P 0x7f2a7c191628
P 0x7f2a7c487240
C 259
R
P 0x7f2a7c191628
C 342
R
P 0x7f2a7c191628
P 0x7f2a7c487240
C 258
R
P 0x7f2a7c191628
C 342
R
P 0x7f2a7c191628
P 0x7f2a7c487240
C 9
R
P 0x7f2a7c191628
C 342
R
P 0x7f2a7c191628
U 2
P 0x7f2a7c19bbe8
P 0x7f2a7c487240
p 2
C 66
= 0x7f2a7c487f60
R
P 0x7f2a7c191628
C 342
R
P 0x7f2a7c191628
P 0x7f2a7c487f60
C 257
R
P 0x7f2a7c191628
C 342
R
P 0x7f2a7c191628
P 0x7f2a7c487f60
C 254
= 0x7f2a7c19b208
R
P 0x7f2a7c191628
C 342
R
P 0x7f2a7c191628
P 0x7f2a7c19b208
C 209
R
P 0x7f2a7c191628
C 342
R
P 0x7f2a7c191628
P 0x7f2a7c487f60
C 260
R
P 0x7f2a7c191628
C 342
R
P 0x7f2a7c191628
P 0x7f2a7c487f60
C 259
R
P 0x7f2a7c191628
C 342
R
P 0x7f2a7c191628
P 0x7f2a7c487f60
C 258
R
P 0x7f2a7c191628
C 342
R
P 0x7f2a7c191628
P 0x7f2a7c487f60
C 9
R
P 0x7f2a7c191628
C 342
R
P 0x7f2a7c191628
U 2
P 0x7f2a7c19bb88
P 0x7f2a7c487f60
p 2
C 65
= 0x7f2a7c487f98
R
P 0x7f2a7c191628
C 342
R
P 0x7f2a7c191628
P 0x7f2a7c487f98
C 257
R
P 0x7f2a7c191628
C 342
R
P 0x7f2a7c191628
P 0x7f2a7c487f98
C 254
= 0x7f2a7c19b1e8
R
P 0x7f2a7c191628
C 342
R
P 0x7f2a7c191628
P 0x7f2a7c19b1e8
C 209
R
P 0x7f2a7c191628
C 342
R
P 0x7f2a7c191628
P 0x7f2a7c487f98
C 260
R
P 0x7f2a7c191628
C 342
R
P 0x7f2a7c191628
P 0x7f2a7c487f98
C 259
R
P 0x7f2a7c191628
C 342
R
P 0x7f2a7c191628
P 0x7f2a7c487f98
C 258
R
P 0x7f2a7c191628
C 342
R
P 0x7f2a7c191628
P 0x7f2a7c487f98
C 9
R
P 0x7f2a7c191628
C 342
R
P 0x7f2a7c191628
P 0x7f2a7c487208
P 0x7f2a7c487f98
P 0x7f2a7c19bb88
C 59
= 0x7f2a7c19fac8
R
P 0x7f2a7c191628
C 342
R
P 0x7f2a7c191628
P 0x7f2a7c19fac8
C 257
R
P 0x7f2a7c191628
C 342
R
P 0x7f2a7c191628
P 0x7f2a7c19fac8
C 254
= 0x7f2a7c19b1e8
R
P 0x7f2a7c191628
C 342
R
P 0x7f2a7c191628
P 0x7f2a7c19b1e8
C 209
R
P 0x7f2a7c191628
C 342
R
P 0x7f2a7c191628
P 0x7f2a7c19fac8
C 260
R
P 0x7f2a7c191628
C 342
R
P 0x7f2a7c191628
P 0x7f2a7c19fac8
C 259
R
P 0x7f2a7c191628
C 342
R
P 0x7f2a7c191628
P 0x7f2a7c19fac8
C 258
R
P 0x7f2a7c191628
C 342
R
P 0x7f2a7c191628
P 0x7f2a7c19fac8
C 9
R
P 0x7f2a7c191628
C 342
R
P 0x7f2a7c191628
U 2
P 0x7f2a7c487908
P 0x7f2a7c19fac8
p 2
C 65
= 0x7f2a7c487fd0
R
P 0x7f2a7c191628
C 342
R
P 0x7f2a7c191628
P 0x7f2a7c487fd0
C 257
R
P 0x7f2a7c191628
C 342
R
P 0x7f2a7c191628
P 0x7f2a7c487fd0
C 254
= 0x7f2a7c19b1e8
R
P 0x7f2a7c191628
C 342
R
P 0x7f2a7c191628
P 0x7f2a7c19b1e8
C 209
R
P 0x7f2a7c191628
C 342
R
P 0x7f2a7c191628
P 0x7f2a7c487fd0
C 260
R
P 0x7f2a7c191628
C 342
R
P 0x7f2a7c191628
P 0x7f2a7c487fd0
C 259
R
P 0x7f2a7c191628
C 342
R
P 0x7f2a7c191628
P 0x7f2a7c487fd0
C 258
R
P 0x7f2a7c191628
C 342
R
P 0x7f2a7c191628
P 0x7f2a7c487fd0
C 9
R
P 0x7f2a7c191628
C 342
R
P 0x7f2a7c191628
U 2
P 0x7f2a7c487fd0
P 0x7f2a7c19bb68
p 2
C 67
= 0x7f2a7c488008
R
P 0x7f2a7c191628
C 342
R
P 0x7f2a7c191628
P 0x7f2a7c488008
C 257
R
P 0x7f2a7c191628
C 342
R
P 0x7f2a7c191628
P 0x7f2a7c488008
C 254
= 0x7f2a7c19b1e8
R
P 0x7f2a7c191628
C 342
R
P 0x7f2a7c191628
P 0x7f2a7c19b1e8
C 209
R
P 0x7f2a7c191628
C 342
R
P 0x7f2a7c191628
P 0x7f2a7c488008
C 260
R
P 0x7f2a7c191628
C 342
R
P 0x7f2a7c191628
P 0x7f2a7c488008
C 259
R
P 0x7f2a7c191628
C 342
R
P 0x7f2a7c191628
P 0x7f2a7c488008
C 258
R
P 0x7f2a7c191628
C 342
R
P 0x7f2a7c191628
P 0x7f2a7c488008
C 9
R
P 0x7f2a7c191628
C 342
R
P 0x7f2a7c191628
P 0x7f2a7c1a1858
P 0x7f2a7c488008
C 75
= 0x7f2a7c48cb00
R
P 0x7f2a7c191628
C 342
R
P 0x7f2a7c191628
P 0x7f2a7c48cb00
C 258
R
P 0x7f2a7c191628
C 342
R
P 0x7f2a7c191628
P 0x7f2a7c48cb00
C 9
R
P 0x7f2a7c191628
C 342
R
P 0x7f2a7c191628
I 1
P 0x7f2a7c19b208
C 150
= 0x7f2a7c19bc88
R
P 0x7f2a7c191628
C 342
R
P 0x7f2a7c191628
P 0x7f2a7c19bc88
C 258
R
P 0x7f2a7c191628
C 342
R
P 0x7f2a7c191628
P 0x7f2a7c19bc88
C 9
R
P 0x7f2a7c191628
C 342
R
P 0x7f2a7c191628
I 1
P 0x7f2a7c19b208
C 150
= 0x7f2a7c19bc88
R
P 0x7f2a7c191628
C 342
R
P 0x7f2a7c191628
P 0x7f2a7c19bc88
C 258
R
P 0x7f2a7c191628
C 342
R
P 0x7f2a7c191628
P 0x7f2a7c19bc88
C 9
R
P 0x7f2a7c191628
C 342
R
P 0x7f2a7c191628
P 0x7f2a7c19bc88
P 0x7f2a7c19bc88
C 75
= 0x7f2a7c1a1778
R
P 0x7f2a7c191628
C 342
R
P 0x7f2a7c191628
P 0x7f2a7c1a1778
C 258
R
P 0x7f2a7c191628
C 342
R
P 0x7f2a7c191628
P 0x7f2a7c1a1778
C 9
R
P 0x7f2a7c191628
C 342
R
P 0x7f2a7c191628
I 1
P 0x7f2a7c19b208
C 150
= 0x7f2a7c19bc88
R
P 0x7f2a7c191628
C 342
R
P 0x7f2a7c191628
P 0x7f2a7c19bc88
C 258
R
P 0x7f2a7c191628
C 342
R
P 0x7f2a7c191628
P 0x7f2a7c19bc88
C 9
R
P 0x7f2a7c191628
C 342
R
P 0x7f2a7c191628
U 2
P 0x7f2a7c19bc88
P 0x7f2a7c19bc88
p 2
C 67
= 0x7f2a7c1a17b0
R
P 0x7f2a7c191628
C 342
R
P 0x7f2a7c191628
P 0x7f2a7c1a17b0
C 257
R
P 0x7f2a7c191628
C 342
R
P 0x7f2a7c191628
P 0x7f2a7c1a17b0
C 254
= 0x7f2a7c19b208
R
P 0x7f2a7c191628
C 342
R
P 0x7f2a7c191628
P 0x7f2a7c19b208
C 209
R
P 0x7f2a7c191628
C 342
R
P 0x7f2a7c191628
P 0x7f2a7c1a17b0
C 260
R
P 0x7f2a7c191628
C 342
R
P 0x7f2a7c191628
P 0x7f2a7c1a17b0
C 259
R
P 0x7f2a7c191628
C 342
R
P 0x7f2a7c191628
P 0x7f2a7c1a17b0
C 258
R
P 0x7f2a7c191628
C 342
R
P 0x7f2a7c191628
P 0x7f2a7c1a17b0
C 9
R
P 0x7f2a7c191628
C 342
R
P 0x7f2a7c191628
U 2
P 0x7f2a7c19bba8
P 0x7f2a7c1a17b0
p 2
C 66
= 0x7f2a7c1a17e8
R
P 0x7f2a7c191628
C 342
R
P 0x7f2a7c191628
P 0x7f2a7c1a17e8
C 257
R
P 0x7f2a7c191628
C 342
R
P 0x7f2a7c191628
P 0x7f2a7c1a17e8
C 254
= 0x7f2a7c19b1e8
R
P 0x7f2a7c191628
C 342
R
P 0x7f2a7c191628
P 0x7f2a7c19b1e8
C 209
R
P 0x7f2a7c191628
C 342
R
P 0x7f2a7c191628
P 0x7f2a7c1a17e8
C 260
R
P 0x7f2a7c191628
C 342
R
P 0x7f2a7c191628
P 0x7f2a7c1a17e8
C 259
R
P 0x7f2a7c191628
C 342
R
P 0x7f2a7c191628
P 0x7f2a7c1a17e8
C 258
R
P 0x7f2a7c191628
C 342
R
P 0x7f2a7c191628
P 0x7f2a7c1a17e8
C 9
R
P 0x7f2a7c191628
C 342
R
P 0x7f2a7c191628
U 2
P 0x7f2a7c19bc28
P 0x7f2a7c1a17e8
p 2
C 65
= 0x7f2a7c1a1820
R
P 0x7f2a7c191628
C 342
R
P 0x7f2a7c191628
P 0x7f2a7c1a1820
C 257
R
P 0x7f2a7c191628
C 342
R
P 0x7f2a7c191628
P 0x7f2a7c1a1820
C 254
= 0x7f2a7c19b1e8
R
P 0x7f2a7c191628
C 342
R
P 0x7f2a7c191628
P 0x7f2a7c19b1e8
C 209
R
P 0x7f2a7c191628
C 342
R
P 0x7f2a7c191628
P 0x7f2a7c1a1820
C 260
R
P 0x7f2a7c191628
C 342
R
P 0x7f2a7c191628
P 0x7f2a7c1a1820
C 259
R
P 0x7f2a7c191628
C 342
R
P 0x7f2a7c191628
P 0x7f2a7c1a1820
C 258
R
P 0x7f2a7c191628
C 342
R
P 0x7f2a7c191628
P 0x7f2a7c1a1820
C 9
R
P 0x7f2a7c191628
C 342
R
P 0x7f2a7c191628
P 0x7f2a7c1a1778
P 0x7f2a7c1a1820
P 0x7f2a7c19bc28
C 59
= 0x7f2a7c19f848
R
P 0x7f2a7c191628
C 342
R
P 0x7f2a7c191628
P 0x7f2a7c19f848
C 257
R
P 0x7f2a7c191628
C 342
R
P 0x7f2a7c191628
P 0x7f2a7c19f848
C 254
= 0x7f2a7c19b1e8
R
P 0x7f2a7c191628
C 342
R
P 0x7f2a7c191628
P 0x7f2a7c19b1e8
C 209
R
P 0x7f2a7c191628
C 342
R
P 0x7f2a7c191628
P 0x7f2a7c19f848
C 260
R
P 0x7f2a7c191628
C 342
R
P 0x7f2a7c191628
P 0x7f2a7c19f848
C 259
R
P 0x7f2a7c191628
C 342
R
P 0x7f2a7c191628
P 0x7f2a7c19f848
C 258
R
P 0x7f2a7c191628
C 342
R
P 0x7f2a7c191628
P 0x7f2a7c19f848
C 9
R
P 0x7f2a7c191628
C 342
R
P 0x7f2a7c191628
U 2
P 0x7f2a7c19f848
P 0x7f2a7c19bb48
p 2
C 65
= 0x7f2a7c1a1858
R
P 0x7f2a7c191628
C 342
R
P 0x7f2a7c191628
P 0x7f2a7c1a1858
C 257
R
P 0x7f2a7c191628
C 342
R
P 0x7f2a7c191628
P 0x7f2a7c1a1858
C 254
= 0x7f2a7c19b1e8
R
P 0x7f2a7c191628
C 342
R
P 0x7f2a7c191628
P 0x7f2a7c19b1e8
C 209
R
P 0x7f2a7c191628
C 342
R
P 0x7f2a7c191628
P 0x7f2a7c1a1858
C 260
R
P 0x7f2a7c191628
C 342
R
P 0x7f2a7c191628
P 0x7f2a7c1a1858
C 259
R
P 0x7f2a7c191628
C 342
R
P 0x7f2a7c191628
P 0x7f2a7c1a1858
C 258
R
P 0x7f2a7c191628
C 342
R
P 0x7f2a7c191628
P 0x7f2a7c1a1858
C 9
R
P 0x7f2a7c191628
C 342
R
P 0x7f2a7c191628
I 3
P 0x7f2a7c19b208
C 150
= 0x7f2a7c19bfc8
R
P 0x7f2a7c191628
C 342
R
P 0x7f2a7c191628
P 0x7f2a7c19bfc8
C 258
R
P 0x7f2a7c191628
C 342
R
P 0x7f2a7c191628
P 0x7f2a7c19bfc8
C 9
R
P 0x7f2a7c191628
C 342
R
P 0x7f2a7c191628
I 1
P 0x7f2a7c19b208
C 150
= 0x7f2a7c19bc88
R
P 0x7f2a7c191628
C 342
R
P 0x7f2a7c191628
P 0x7f2a7c19bc88
C 258
R
P 0x7f2a7c191628
C 342
R
P 0x7f2a7c191628
P 0x7f2a7c19bc88
C 9
R
P 0x7f2a7c191628
C 342
R
P 0x7f2a7c191628
P 0x7f2a7c19bfc8
P 0x7f2a7c19bc88
C 75
= 0x7f2a7c487208
R
P 0x7f2a7c191628
C 342
R
P 0x7f2a7c191628
P 0x7f2a7c487208
C 258
R
P 0x7f2a7c191628
C 342
R
P 0x7f2a7c191628
P 0x7f2a7c487208
C 9
R
P 0x7f2a7c191628
C 342
R
P 0x7f2a7c191628
I 1
P 0x7f2a7c19b208
C 150
= 0x7f2a7c19bc88
R
P 0x7f2a7c191628
C 342
R
P 0x7f2a7c191628
P 0x7f2a7c19bc88
C 258
R
P 0x7f2a7c191628
C 342
R
P 0x7f2a7c191628
P 0x7f2a7c19bc88
C 9
R
P 0x7f2a7c191628
C 342
R
P 0x7f2a7c191628
U 2
P 0x7f2a7c19bfc8
P 0x7f2a7c19bc88
p 2
C 67
= 0x7f2a7c487240
R
P 0x7f2a7c191628
C 342
R
P 0x7f2a7c191628
P 0x7f2a7c487240
C 257
R
P 0x7f2a7c191628
C 342
R
P 0x7f2a7c191628
P 0x7f2a7c487240
C 254
= 0x7f2a7c19b208
R
P 0x7f2a7c191628
C 342
R
P 0x7f2a7c191628
P 0x7f2a7c19b208
C 209
R
P 0x7f2a7c191628
C 342
R
P 0x7f2a7c191628
P 0x7f2a7c487240
C 260
R
P 0x7f2a7c191628
C 342
R
P 0x7f2a7c191628
P 0x7f2a7c487240
C 259
R
P 0x7f2a7c191628
C 342
R
P 0x7f2a7c191628
P 0x7f2a7c487240
C 258
R
P 0x7f2a7c191628
C 342
R
P 0x7f2a7c191628
P 0x7f2a7c487240
C 9
R
P 0x7f2a7c191628
C 342
R
P 0x7f2a7c191628
U 2
P 0x7f2a7c19bbe8
P 0x7f2a7c487240
p 2
C 66
= 0x7f2a7c487f60
R
P 0x7f2a7c191628
C 342
R
P 0x7f2a7c191628
P 0x7f2a7c487f60
C 257
R
P 0x7f2a7c191628
C 342
R
P 0x7f2a7c191628
P 0x7f2a7c487f60
C 254
= 0x7f2a7c19b208
R
P 0x7f2a7c191628
C 342
R
P 0x7f2a7c191628
P 0x7f2a7c19b208
C 209
R
P 0x7f2a7c191628
C 342
R
P 0x7f2a7c191628
P 0x7f2a7c487f60
C 260
R
P 0x7f2a7c191628
C 342
R
P 0x7f2a7c191628
P 0x7f2a7c487f60
C 259
R
P 0x7f2a7c191628
C 342
R
P 0x7f2a7c191628
P 0x7f2a7c487f60
C 258
R
P 0x7f2a7c191628
C 342
R
P 0x7f2a7c191628
P 0x7f2a7c487f60
C 9
R
P 0x7f2a7c191628
C 342
R
P 0x7f2a7c191628
U 2
P 0x7f2a7c19bb88
P 0x7f2a7c487f60
p 2
C 65
= 0x7f2a7c487f98
R
P 0x7f2a7c191628
C 342
R
P 0x7f2a7c191628
P 0x7f2a7c487f98
C 257
R
P 0x7f2a7c191628
C 342
R
P 0x7f2a7c191628
P 0x7f2a7c487f98
C 254
= 0x7f2a7c19b1e8
R
P 0x7f2a7c191628
C 342
R
P 0x7f2a7c191628
P 0x7f2a7c19b1e8
C 209
R
P 0x7f2a7c191628
C 342
R
P 0x7f2a7c191628
P 0x7f2a7c487f98
C 260
R
P 0x7f2a7c191628
C 342
R
P 0x7f2a7c191628
P 0x7f2a7c487f98
C 259
R
P 0x7f2a7c191628
C 342
R
P 0x7f2a7c191628
P 0x7f2a7c487f98
C 258
R
P 0x7f2a7c191628
C 342
R
P 0x7f2a7c191628
P 0x7f2a7c487f98
C 9
R
P 0x7f2a7c191628
C 342
R
P 0x7f2a7c191628
P 0x7f2a7c487208
P 0x7f2a7c487f98
P 0x7f2a7c19bb88
C 59
= 0x7f2a7c19fac8
R
P 0x7f2a7c191628
C 342
R
P 0x7f2a7c191628
P 0x7f2a7c19fac8
C 257
R
P 0x7f2a7c191628
C 342
R
P 0x7f2a7c191628
P 0x7f2a7c19fac8
C 254
= 0x7f2a7c19b1e8
R
P 0x7f2a7c191628
C 342
R
P 0x7f2a7c191628
P 0x7f2a7c19b1e8
C 209
R
P 0x7f2a7c191628
C 342
R
P 0x7f2a7c191628
P 0x7f2a7c19fac8
C 260
R
P 0x7f2a7c191628
C 342
R
P 0x7f2a7c191628
P 0x7f2a7c19fac8
C 259
R
P 0x7f2a7c191628
C 342
R
P 0x7f2a7c191628
P 0x7f2a7c19fac8
C 258
R
P 0x7f2a7c191628
C 342
R
P 0x7f2a7c191628
P 0x7f2a7c19fac8
C 9
R
P 0x7f2a7c191628
C 342
R
P 0x7f2a7c191628
U 2
P 0x7f2a7c19fac8
P 0x7f2a7c19bbe8
p 2
C 65
= 0x7f2a7c48c290
R
P 0x7f2a7c191628
C 342
R
P 0x7f2a7c191628
P 0x7f2a7c48c290
C 257
R
P 0x7f2a7c191628
C 342
R
P 0x7f2a7c191628
P 0x7f2a7c48c290
C 254
= 0x7f2a7c19b1e8
R
P 0x7f2a7c191628
C 342
R
P 0x7f2a7c191628
P 0x7f2a7c19b1e8
C 209
R
P 0x7f2a7c191628
C 342
R
P 0x7f2a7c191628
P 0x7f2a7c48c290
C 260
R
P 0x7f2a7c191628
C 342
R
P 0x7f2a7c191628
P 0x7f2a7c48c290
C 259
R
P 0x7f2a7c191628
C 342
R
P 0x7f2a7c191628
P 0x7f2a7c48c290
C 258
R
P 0x7f2a7c191628
C 342
R
P 0x7f2a7c191628
P 0x7f2a7c48c290
C 9
R
P 0x7f2a7c191628
C 342
R
P 0x7f2a7c191628
P 0x7f2a7c1a1858
P 0x7f2a7c48c290
C 74
= 0x7f2a7c48cb38
R
P 0x7f2a7c191628
C 342
R
P 0x7f2a7c191628
P 0x7f2a7c48cb38
C 258
R
P 0x7f2a7c191628
C 342
R
P 0x7f2a7c191628
P 0x7f2a7c48cb38
C 9
R
P 0x7f2a7c191628
C 342
R
P 0x7f2a7c191628
U 2
P 0x7f2a7c48cb00
P 0x7f2a7c48cb38
p 2
C 63
= 0x7f2a7c48cb70
R
P 0x7f2a7c191628
C 342
R
P 0x7f2a7c191628
P 0x7f2a7c48cb70
C 258
R
P 0x7f2a7c191628
C 342
R
P 0x7f2a7c191628
P 0x7f2a7c48cb70
C 9
R
P 0x7f2a7c191628
C 342
R
P 0x7f2a7c191628
I 1
P 0x7f2a7c19b208
C 150
= 0x7f2a7c19bc88
R
P 0x7f2a7c191628
C 342
R
P 0x7f2a7c191628
P 0x7f2a7c19bc88
C 258
R
P 0x7f2a7c191628
C 342
R
P 0x7f2a7c191628
P 0x7f2a7c19bc88
C 9
R
P 0x7f2a7c191628
C 342
R
P 0x7f2a7c191628
P 0x7f2a7c19bc88
C 263
R
P 0x7f2a7c191628
C 342
R
P 0x7f2a7c191628
S "dev0T31"
C 30
R
P 0x7f2a7c191628
C 342
R
P 0x7f2a7c191628
$ |dev0T31|
C 202
R
P 0x7f2a7c191628
C 342
R
P 0x7f2a7c191628
$ |dev0T31|
P 0x7f2a7c19b1e8
C 51
= 0x7f2a7c19bca8
R
P 0x7f2a7c191628
C 342
R
P 0x7f2a7c191628
P 0x7f2a7c19bca8
C 257
R
P 0x7f2a7c191628
C 342
R
P 0x7f2a7c191628
P 0x7f2a7c19bca8
C 254
= 0x7f2a7c19b1e8
R
P 0x7f2a7c191628
C 342
R
P 0x7f2a7c191628
P 0x7f2a7c19b1e8
C 209
R
P 0x7f2a7c191628
C 342
R
P 0x7f2a7c191628
P 0x7f2a7c19bca8
C 260
R
P 0x7f2a7c191628
C 342
R
P 0x7f2a7c191628
P 0x7f2a7c19bca8
C 259
R
P 0x7f2a7c191628
C 342
R
P 0x7f2a7c191628
P 0x7f2a7c19bca8
C 258
R
P 0x7f2a7c191628
C 342
R
P 0x7f2a7c191628
P 0x7f2a7c19bca8
C 9
R
P 0x7f2a7c191628
C 342
R
P 0x7f2a7c191628
P 0x7f2a7c19bc68
C 333
R
P 0x7f2a7c191628
C 342
R
P 0x7f2a7c191628
S "slotflowPriorityStart"
C 30
R
P 0x7f2a7c191628
C 342
R
P 0x7f2a7c191628
$ |slotflowPriorityStart|
C 202
R
P 0x7f2a7c191628
C 342
R
P 0x7f2a7c191628
$ |slotflowPriorityStart|
P 0x7f2a7c19b1e8
C 51
= 0x7f2a7c19c2a8
R
P 0x7f2a7c191628
C 342
R
P 0x7f2a7c191628
P 0x7f2a7c19c2a8
C 257
R
P 0x7f2a7c191628
C 342
R
P 0x7f2a7c191628
P 0x7f2a7c19c2a8
C 254
= 0x7f2a7c19b1e8
R
P 0x7f2a7c191628
C 342
R
P 0x7f2a7c191628
P 0x7f2a7c19b1e8
C 209
R
P 0x7f2a7c191628
C 342
R
P 0x7f2a7c191628
P 0x7f2a7c19c2a8
C 260
R
P 0x7f2a7c191628
C 342
R
P 0x7f2a7c191628
P 0x7f2a7c19c2a8
C 259
R
P 0x7f2a7c191628
C 342
R
P 0x7f2a7c191628
P 0x7f2a7c19c2a8
C 258
R
P 0x7f2a7c191628
C 342
R
P 0x7f2a7c191628
P 0x7f2a7c19c2a8
C 9
R
P 0x7f2a7c191628
C 342
R
P 0x7f2a7c191628
P 0x7f2a7c19bc68
C 333
R
P 0x7f2a7c191628
C 342
R
P 0x7f2a7c191628
S "slotflowPriorityDuration"
C 30
R
P 0x7f2a7c191628
C 342
R
P 0x7f2a7c191628
$ |slotflowPriorityDuration|
C 202
R
P 0x7f2a7c191628
C 342
R
P 0x7f2a7c191628
$ |slotflowPriorityDuration|
P 0x7f2a7c19b1e8
C 51
= 0x7f2a7c19c268
R
P 0x7f2a7c191628
C 342
R
P 0x7f2a7c191628
P 0x7f2a7c19c268
C 257
R
P 0x7f2a7c191628
C 342
R
P 0x7f2a7c191628
P 0x7f2a7c19c268
C 254
= 0x7f2a7c19b1e8
R
P 0x7f2a7c191628
C 342
R
P 0x7f2a7c191628
P 0x7f2a7c19b1e8
C 209
R
P 0x7f2a7c191628
C 342
R
P 0x7f2a7c191628
P 0x7f2a7c19c268
C 260
R
P 0x7f2a7c191628
C 342
R
P 0x7f2a7c191628
P 0x7f2a7c19c268
C 259
R
P 0x7f2a7c191628
C 342
R
P 0x7f2a7c191628
P 0x7f2a7c19c268
C 258
R
P 0x7f2a7c191628
C 342
R
P 0x7f2a7c191628
P 0x7f2a7c19c268
C 9
R
P 0x7f2a7c191628
C 342
R
P 0x7f2a7c191628
U 2
P 0x7f2a7c19c2a8
P 0x7f2a7c19c268
p 2
C 65
= 0x7f2a7c487908
R
P 0x7f2a7c191628
C 342
R
P 0x7f2a7c191628
P 0x7f2a7c487908
C 257
R
P 0x7f2a7c191628
C 342
R
P 0x7f2a7c191628
P 0x7f2a7c487908
C 254
= 0x7f2a7c19b1e8
R
P 0x7f2a7c191628
C 342
R
P 0x7f2a7c191628
P 0x7f2a7c19b1e8
C 209
R
P 0x7f2a7c191628
C 342
R
P 0x7f2a7c191628
P 0x7f2a7c487908
C 260
R
P 0x7f2a7c191628
C 342
R
P 0x7f2a7c191628
P 0x7f2a7c487908
C 259
R
P 0x7f2a7c191628
C 342
R
P 0x7f2a7c191628
P 0x7f2a7c487908
C 258
R
P 0x7f2a7c191628
C 342
R
P 0x7f2a7c191628
P 0x7f2a7c487908
C 9
R
P 0x7f2a7c191628
C 342
R
P 0x7f2a7c191628
I 4
P 0x7f2a7c19b208
C 150
= 0x7f2a7c19c028
R
P 0x7f2a7c191628
C 342
R
P 0x7f2a7c191628
P 0x7f2a7c19c028
C 258
R
P 0x7f2a7c191628
C 342
R
P 0x7f2a7c191628
P 0x7f2a7c19c028
C 9
R
P 0x7f2a7c191628
C 342
R
P 0x7f2a7c191628
I 1
P 0x7f2a7c19b208
C 150
= 0x7f2a7c19bc88
R
P 0x7f2a7c191628
C 342
R
P 0x7f2a7c191628
P 0x7f2a7c19bc88
C 258
R
P 0x7f2a7c191628
C 342
R
P 0x7f2a7c191628
P 0x7f2a7c19bc88
C 9
R
P 0x7f2a7c191628
C 342
R
P 0x7f2a7c191628
P 0x7f2a7c19c028
P 0x7f2a7c19bc88
C 75
= 0x7f2a7c487390
R
P 0x7f2a7c191628
C 342
R
P 0x7f2a7c191628
P 0x7f2a7c487390
C 258
R
P 0x7f2a7c191628
C 342
R
P 0x7f2a7c191628
P 0x7f2a7c487390
C 9
R
P 0x7f2a7c191628
C 342
R
P 0x7f2a7c191628
I 1
P 0x7f2a7c19b208
C 150
= 0x7f2a7c19bc88
R
P 0x7f2a7c191628
C 342
R
P 0x7f2a7c191628
P 0x7f2a7c19bc88
C 258
R
P 0x7f2a7c191628
C 342
R
P 0x7f2a7c191628
P 0x7f2a7c19bc88
C 9
R
P 0x7f2a7c191628
C 342
R
P 0x7f2a7c191628
U 2
P 0x7f2a7c19c028
P 0x7f2a7c19bc88
p 2
C 67
= 0x7f2a7c4873c8
R
P 0x7f2a7c191628
C 342
R
P 0x7f2a7c191628
P 0x7f2a7c4873c8
C 257
R
P 0x7f2a7c191628
C 342
R
P 0x7f2a7c191628
P 0x7f2a7c4873c8
C 254
= 0x7f2a7c19b208
R
P 0x7f2a7c191628
C 342
R
P 0x7f2a7c191628
P 0x7f2a7c19b208
C 209
R
P 0x7f2a7c191628
C 342
R
P 0x7f2a7c191628
P 0x7f2a7c4873c8
C 260
R
P 0x7f2a7c191628
C 342
R
P 0x7f2a7c191628
P 0x7f2a7c4873c8
C 259
R
P 0x7f2a7c191628
C 342
R
P 0x7f2a7c191628
P 0x7f2a7c4873c8
C 258
R
P 0x7f2a7c191628
C 342
R
P 0x7f2a7c191628
P 0x7f2a7c4873c8
C 9
R
P 0x7f2a7c191628
C 342
R
P 0x7f2a7c191628
U 2
P 0x7f2a7c19bbe8
P 0x7f2a7c4873c8
p 2
C 66
= 0x7f2a7c488158
R
P 0x7f2a7c191628
C 342
R
P 0x7f2a7c191628
P 0x7f2a7c488158
C 257
R
P 0x7f2a7c191628
C 342
R
P 0x7f2a7c191628
P 0x7f2a7c488158
C 254
= 0x7f2a7c19b208
R
P 0x7f2a7c191628
C 342
R
P 0x7f2a7c191628
P 0x7f2a7c19b208
C 209
R
P 0x7f2a7c191628
C 342
R
P 0x7f2a7c191628
P 0x7f2a7c488158
C 260
R
P 0x7f2a7c191628
C 342
R
P 0x7f2a7c191628
P 0x7f2a7c488158
C 259
R
P 0x7f2a7c191628
C 342
R
P 0x7f2a7c191628
P 0x7f2a7c488158
C 258
R
P 0x7f2a7c191628
C 342
R
P 0x7f2a7c191628
P 0x7f2a7c488158
C 9
R
P 0x7f2a7c191628
C 342
R
P 0x7f2a7c191628
U 2
P 0x7f2a7c19bb88
P 0x7f2a7c488158
p 2
C 65
= 0x7f2a7c488190
R
P 0x7f2a7c191628
C 342
R
P 0x7f2a7c191628
P 0x7f2a7c488190
C 257
R
P 0x7f2a7c191628
C 342
R
P 0x7f2a7c191628
P 0x7f2a7c488190
C 254
= 0x7f2a7c19b1e8
R
P 0x7f2a7c191628
C 342
R
P 0x7f2a7c191628
P 0x7f2a7c19b1e8
C 209
R
P 0x7f2a7c191628
C 342
R
P 0x7f2a7c191628
P 0x7f2a7c488190
C 260
R
P 0x7f2a7c191628
C 342
R
P 0x7f2a7c191628
P 0x7f2a7c488190
C 259
R
P 0x7f2a7c191628
C 342
R
P 0x7f2a7c191628
P 0x7f2a7c488190
C 258
R
P 0x7f2a7c191628
C 342
R
P 0x7f2a7c191628
P 0x7f2a7c488190
C 9
R
P 0x7f2a7c191628
C 342
R
P 0x7f2a7c191628
P 0x7f2a7c487390
P 0x7f2a7c488190
P 0x7f2a7c19bb88
C 59
= 0x7f2a7c19fb08
R
P 0x7f2a7c191628
C 342
R
P 0x7f2a7c191628
P 0x7f2a7c19fb08
C 257
R
P 0x7f2a7c191628
C 342
R
P 0x7f2a7c191628
P 0x7f2a7c19fb08
C 254
= 0x7f2a7c19b1e8
R
P 0x7f2a7c191628
C 342
R
P 0x7f2a7c191628
P 0x7f2a7c19b1e8
C 209
R
P 0x7f2a7c191628
C 342
R
P 0x7f2a7c191628
P 0x7f2a7c19fb08
C 260
R
P 0x7f2a7c191628
C 342
R
P 0x7f2a7c191628
P 0x7f2a7c19fb08
C 259
R
P 0x7f2a7c191628
C 342
R
P 0x7f2a7c191628
P 0x7f2a7c19fb08
C 258
R
P 0x7f2a7c191628
C 342
R
P 0x7f2a7c191628
P 0x7f2a7c19fb08
C 9
R
P 0x7f2a7c191628
C 342
R
P 0x7f2a7c191628
U 2
P 0x7f2a7c487908
P 0x7f2a7c19fb08
p 2
C 65
= 0x7f2a7c4881c8
R
P 0x7f2a7c191628
C 342
R
P 0x7f2a7c191628
P 0x7f2a7c4881c8
C 257
R
P 0x7f2a7c191628
C 342
R
P 0x7f2a7c191628
P 0x7f2a7c4881c8
C 254
= 0x7f2a7c19b1e8
R
P 0x7f2a7c191628
C 342
R
P 0x7f2a7c191628
P 0x7f2a7c19b1e8
C 209
R
P 0x7f2a7c191628
C 342
R
P 0x7f2a7c191628
P 0x7f2a7c4881c8
C 260
R
P 0x7f2a7c191628
C 342
R
P 0x7f2a7c191628
P 0x7f2a7c4881c8
C 259
R
P 0x7f2a7c191628
C 342
R
P 0x7f2a7c191628
P 0x7f2a7c4881c8
C 258
R
P 0x7f2a7c191628
C 342
R
P 0x7f2a7c191628
P 0x7f2a7c4881c8
C 9
R
P 0x7f2a7c191628
C 342
R
P 0x7f2a7c191628
P 0x7f2a7c19bca8
P 0x7f2a7c4881c8
C 74
= 0x7f2a7c48a5c8
R
P 0x7f2a7c191628
C 342
R
P 0x7f2a7c191628
P 0x7f2a7c48a5c8
C 258
R
P 0x7f2a7c191628
C 342
R
P 0x7f2a7c191628
P 0x7f2a7c48a5c8
C 9
R
P 0x7f2a7c191628
C 342
R
P 0x7f2a7c191628
I 1
P 0x7f2a7c19b208
C 150
= 0x7f2a7c19bc88
R
P 0x7f2a7c191628
C 342
R
P 0x7f2a7c191628
P 0x7f2a7c19bc88
C 258
R
P 0x7f2a7c191628
C 342
R
P 0x7f2a7c191628
P 0x7f2a7c19bc88
C 9
R
P 0x7f2a7c191628
C 342
R
P 0x7f2a7c191628
P 0x7f2a7c19bc88
C 263
R
P 0x7f2a7c191628
C 342
R
P 0x7f2a7c191628
S "dev0T31"
C 30
R
P 0x7f2a7c191628
C 342
R
P 0x7f2a7c191628
$ |dev0T31|
C 202
R
P 0x7f2a7c191628
C 342
R
P 0x7f2a7c191628
$ |dev0T31|
P 0x7f2a7c19b1e8
C 51
= 0x7f2a7c19bca8
R
P 0x7f2a7c191628
C 342
R
P 0x7f2a7c191628
P 0x7f2a7c19bca8
C 257
R
P 0x7f2a7c191628
C 342
R
P 0x7f2a7c191628
P 0x7f2a7c19bca8
C 254
= 0x7f2a7c19b1e8
R
P 0x7f2a7c191628
C 342
R
P 0x7f2a7c191628
P 0x7f2a7c19b1e8
C 209
R
P 0x7f2a7c191628
C 342
R
P 0x7f2a7c191628
P 0x7f2a7c19bca8
C 260
R
P 0x7f2a7c191628
C 342
R
P 0x7f2a7c191628
P 0x7f2a7c19bca8
C 259
R
P 0x7f2a7c191628
C 342
R
P 0x7f2a7c191628
P 0x7f2a7c19bca8
C 258
R
P 0x7f2a7c191628
C 342
R
P 0x7f2a7c191628
P 0x7f2a7c19bca8
C 9
R
P 0x7f2a7c191628
C 342
R
P 0x7f2a7c191628
P 0x7f2a7c19bc68
C 333
R
P 0x7f2a7c191628
C 342
R
P 0x7f2a7c191628
S "slotflowPriorityStart"
C 30
R
P 0x7f2a7c191628
C 342
R
P 0x7f2a7c191628
$ |slotflowPriorityStart|
C 202
R
P 0x7f2a7c191628
C 342
R
P 0x7f2a7c191628
$ |slotflowPriorityStart|
P 0x7f2a7c19b1e8
C 51
= 0x7f2a7c19c2a8
R
P 0x7f2a7c191628
C 342
R
P 0x7f2a7c191628
P 0x7f2a7c19c2a8
C 257
R
P 0x7f2a7c191628
C 342
R
P 0x7f2a7c191628
P 0x7f2a7c19c2a8
C 254
= 0x7f2a7c19b1e8
R
P 0x7f2a7c191628
C 342
R
P 0x7f2a7c191628
P 0x7f2a7c19b1e8
C 209
R
P 0x7f2a7c191628
C 342
R
P 0x7f2a7c191628
P 0x7f2a7c19c2a8
C 260
R
P 0x7f2a7c191628
C 342
R
P 0x7f2a7c191628
P 0x7f2a7c19c2a8
C 259
R
P 0x7f2a7c191628
C 342
R
P 0x7f2a7c191628
P 0x7f2a7c19c2a8
C 258
R
P 0x7f2a7c191628
C 342
R
P 0x7f2a7c191628
P 0x7f2a7c19c2a8
C 9
R
P 0x7f2a7c191628
C 342
R
P 0x7f2a7c191628
I 3
P 0x7f2a7c19b208
C 150
= 0x7f2a7c19bfc8
R
P 0x7f2a7c191628
C 342
R
P 0x7f2a7c191628
P 0x7f2a7c19bfc8
C 258
R
P 0x7f2a7c191628
C 342
R
P 0x7f2a7c191628
P 0x7f2a7c19bfc8
C 9
R
P 0x7f2a7c191628
C 342
R
P 0x7f2a7c191628
I 1
P 0x7f2a7c19b208
C 150
= 0x7f2a7c19bc88
R
P 0x7f2a7c191628
C 342
R
P 0x7f2a7c191628
P 0x7f2a7c19bc88
C 258
R
P 0x7f2a7c191628
C 342
R
P 0x7f2a7c191628
P 0x7f2a7c19bc88
C 9
R
P 0x7f2a7c191628
C 342
R
P 0x7f2a7c191628
P 0x7f2a7c19bfc8
P 0x7f2a7c19bc88
C 75
= 0x7f2a7c487208
R
P 0x7f2a7c191628
C 342
R
P 0x7f2a7c191628
P 0x7f2a7c487208
C 258
R
P 0x7f2a7c191628
C 342
R
P 0x7f2a7c191628
P 0x7f2a7c487208
C 9
R
P 0x7f2a7c191628
C 342
R
P 0x7f2a7c191628
I 1
P 0x7f2a7c19b208
C 150
= 0x7f2a7c19bc88
R
P 0x7f2a7c191628
C 342
R
P 0x7f2a7c191628
P 0x7f2a7c19bc88
C 258
R
P 0x7f2a7c191628
C 342
R
P 0x7f2a7c191628
P 0x7f2a7c19bc88
C 9
R
P 0x7f2a7c191628
C 342
R
P 0x7f2a7c191628
U 2
P 0x7f2a7c19bfc8
P 0x7f2a7c19bc88
p 2
C 67
= 0x7f2a7c487240
R
P 0x7f2a7c191628
C 342
R
P 0x7f2a7c191628
P 0x7f2a7c487240
C 257
R
P 0x7f2a7c191628
C 342
R
P 0x7f2a7c191628
P 0x7f2a7c487240
C 254
= 0x7f2a7c19b208
R
P 0x7f2a7c191628
C 342
R
P 0x7f2a7c191628
P 0x7f2a7c19b208
C 209
R
P 0x7f2a7c191628
C 342
R
P 0x7f2a7c191628
P 0x7f2a7c487240
C 260
R
P 0x7f2a7c191628
C 342
R
P 0x7f2a7c191628
P 0x7f2a7c487240
C 259
R
P 0x7f2a7c191628
C 342
R
P 0x7f2a7c191628
P 0x7f2a7c487240
C 258
R
P 0x7f2a7c191628
C 342
R
P 0x7f2a7c191628
P 0x7f2a7c487240
C 9
R
P 0x7f2a7c191628
C 342
R
P 0x7f2a7c191628
U 2
P 0x7f2a7c19bbe8
P 0x7f2a7c487240
p 2
C 66
= 0x7f2a7c487f60
R
P 0x7f2a7c191628
C 342
R
P 0x7f2a7c191628
P 0x7f2a7c487f60
C 257
R
P 0x7f2a7c191628
C 342
R
P 0x7f2a7c191628
P 0x7f2a7c487f60
C 254
= 0x7f2a7c19b208
R
P 0x7f2a7c191628
C 342
R
P 0x7f2a7c191628
P 0x7f2a7c19b208
C 209
R
P 0x7f2a7c191628
C 342
R
P 0x7f2a7c191628
P 0x7f2a7c487f60
C 260
R
P 0x7f2a7c191628
C 342
R
P 0x7f2a7c191628
P 0x7f2a7c487f60
C 259
R
P 0x7f2a7c191628
C 342
R
P 0x7f2a7c191628
P 0x7f2a7c487f60
C 258
R
P 0x7f2a7c191628
C 342
R
P 0x7f2a7c191628
P 0x7f2a7c487f60
C 9
R
P 0x7f2a7c191628
C 342
R
P 0x7f2a7c191628
U 2
P 0x7f2a7c19bb88
P 0x7f2a7c487f60
p 2
C 65
= 0x7f2a7c487f98
R
P 0x7f2a7c191628
C 342
R
P 0x7f2a7c191628
P 0x7f2a7c487f98
C 257
R
P 0x7f2a7c191628
C 342
R
P 0x7f2a7c191628
P 0x7f2a7c487f98
C 254
= 0x7f2a7c19b1e8
R
P 0x7f2a7c191628
C 342
R
P 0x7f2a7c191628
P 0x7f2a7c19b1e8
C 209
R
P 0x7f2a7c191628
C 342
R
P 0x7f2a7c191628
P 0x7f2a7c487f98
C 260
R
P 0x7f2a7c191628
C 342
R
P 0x7f2a7c191628
P 0x7f2a7c487f98
C 259
R
P 0x7f2a7c191628
C 342
R
P 0x7f2a7c191628
P 0x7f2a7c487f98
C 258
R
P 0x7f2a7c191628
C 342
R
P 0x7f2a7c191628
P 0x7f2a7c487f98
C 9
R
P 0x7f2a7c191628
C 342
R
P 0x7f2a7c191628
P 0x7f2a7c487208
P 0x7f2a7c487f98
P 0x7f2a7c19bb88
C 59
= 0x7f2a7c19fac8
R
P 0x7f2a7c191628
C 342
R
P 0x7f2a7c191628
P 0x7f2a7c19fac8
C 257
R
P 0x7f2a7c191628
C 342
R
P 0x7f2a7c191628
P 0x7f2a7c19fac8
C 254
= 0x7f2a7c19b1e8
R
P 0x7f2a7c191628
C 342
R
P 0x7f2a7c191628
P 0x7f2a7c19b1e8
C 209
R
P 0x7f2a7c191628
C 342
R
P 0x7f2a7c191628
P 0x7f2a7c19fac8
C 260
R
P 0x7f2a7c191628
C 342
R
P 0x7f2a7c191628
P 0x7f2a7c19fac8
C 259
R
P 0x7f2a7c191628
C 342
R
P 0x7f2a7c191628
P 0x7f2a7c19fac8
C 258
R
P 0x7f2a7c191628
C 342
R
P 0x7f2a7c191628
P 0x7f2a7c19fac8
C 9
R
P 0x7f2a7c191628
C 342
R
P 0x7f2a7c191628
U 2
P 0x7f2a7c19c2a8
P 0x7f2a7c19fac8
p 2
C 65
= 0x7f2a7c488078
R
P 0x7f2a7c191628
C 342
R
P 0x7f2a7c191628
P 0x7f2a7c488078
C 257
R
P 0x7f2a7c191628
C 342
R
P 0x7f2a7c191628
P 0x7f2a7c488078
C 254
= 0x7f2a7c19b1e8
R
P 0x7f2a7c191628
C 342
R
P 0x7f2a7c191628
P 0x7f2a7c19b1e8
C 209
R
P 0x7f2a7c191628
C 342
R
P 0x7f2a7c191628
P 0x7f2a7c488078
C 260
R
P 0x7f2a7c191628
C 342
R
P 0x7f2a7c191628
P 0x7f2a7c488078
C 259
R
P 0x7f2a7c191628
C 342
R
P 0x7f2a7c191628
P 0x7f2a7c488078
C 258
R
P 0x7f2a7c191628
C 342
R
P 0x7f2a7c191628
P 0x7f2a7c488078
C 9
R
P 0x7f2a7c191628
C 342
R
P 0x7f2a7c191628
U 2
P 0x7f2a7c488078
P 0x7f2a7c19bb68
p 2
C 65
= 0x7f2a7c489bf0
R
P 0x7f2a7c191628
C 342
R
P 0x7f2a7c191628
P 0x7f2a7c489bf0
C 257
R
P 0x7f2a7c191628
C 342
R
P 0x7f2a7c191628
P 0x7f2a7c489bf0
C 254
= 0x7f2a7c19b1e8
R
P 0x7f2a7c191628
C 342
R
P 0x7f2a7c191628
P 0x7f2a7c19b1e8
C 209
R
P 0x7f2a7c191628
C 342
R
P 0x7f2a7c191628
P 0x7f2a7c489bf0
C 260
R
P 0x7f2a7c191628
C 342
R
P 0x7f2a7c191628
P 0x7f2a7c489bf0
C 259
R
P 0x7f2a7c191628
C 342
R
P 0x7f2a7c191628
P 0x7f2a7c489bf0
C 258
R
P 0x7f2a7c191628
C 342
R
P 0x7f2a7c191628
P 0x7f2a7c489bf0
C 9
R
P 0x7f2a7c191628
C 342
R
P 0x7f2a7c191628
P 0x7f2a7c19bca8
P 0x7f2a7c489bf0
C 56
= 0x7f2a7c48cba8
R
P 0x7f2a7c191628
C 342
R
P 0x7f2a7c191628
P 0x7f2a7c48cba8
C 258
R
P 0x7f2a7c191628
C 342
R
P 0x7f2a7c191628
P 0x7f2a7c48cba8
C 9
R
P 0x7f2a7c191628
C 342
R
P 0x7f2a7c191628
U 2
P 0x7f2a7c48a5c8
P 0x7f2a7c48cba8
p 2
C 63
= 0x7f2a7c48cbe0
R
P 0x7f2a7c191628
C 342
R
P 0x7f2a7c191628
P 0x7f2a7c48cbe0
C 258
R
P 0x7f2a7c191628
C 342
R
P 0x7f2a7c191628
P 0x7f2a7c48cbe0
C 9
R
P 0x7f2a7c191628
C 342
R
P 0x7f2a7c191628
P 0x7f2a7c48cb70
P 0x7f2a7c48cbe0
C 61
= 0x7f2a7c48cc18
R
P 0x7f2a7c191628
C 342
R
P 0x7f2a7c191628
P 0x7f2a7c48cc18
C 258
R
P 0x7f2a7c191628
C 342
R
P 0x7f2a7c191628
P 0x7f2a7c48cc18
C 9
R
P 0x7f2a7c191628
C 342
R
P 0x7f2a7c191628
P 0x7f2a7c1e1fc8
P 0x7f2a7c48cc18
C 427
R
P 0x7f2a7c191628
C 342
R
P 0x7f2a7c191628
I 1
P 0x7f2a7c19b208
C 150
= 0x7f2a7c19bc88
R
P 0x7f2a7c191628
C 342
R
P 0x7f2a7c191628
P 0x7f2a7c19bc88
C 258
R
P 0x7f2a7c191628
C 342
R
P 0x7f2a7c191628
P 0x7f2a7c19bc88
C 9
R
P 0x7f2a7c191628
C 342
R
P 0x7f2a7c191628
I 1
P 0x7f2a7c19b208
C 150
= 0x7f2a7c19bc88
R
P 0x7f2a7c191628
C 342
R
P 0x7f2a7c191628
P 0x7f2a7c19bc88
C 258
R
P 0x7f2a7c191628
C 342
R
P 0x7f2a7c191628
P 0x7f2a7c19bc88
C 9
R
P 0x7f2a7c191628
C 342
R
P 0x7f2a7c191628
P 0x7f2a7c19bc88
P 0x7f2a7c19bc88
C 75
= 0x7f2a7c1a1778
R
P 0x7f2a7c191628
C 342
R
P 0x7f2a7c191628
P 0x7f2a7c1a1778
C 258
R
P 0x7f2a7c191628
C 342
R
P 0x7f2a7c191628
P 0x7f2a7c1a1778
C 9
R
P 0x7f2a7c191628
C 342
R
P 0x7f2a7c191628
I 1
P 0x7f2a7c19b208
C 150
= 0x7f2a7c19bc88
R
P 0x7f2a7c191628
C 342
R
P 0x7f2a7c191628
P 0x7f2a7c19bc88
C 258
R
P 0x7f2a7c191628
C 342
R
P 0x7f2a7c191628
P 0x7f2a7c19bc88
C 9
R
P 0x7f2a7c191628
C 342
R
P 0x7f2a7c191628
U 2
P 0x7f2a7c19bc88
P 0x7f2a7c19bc88
p 2
C 67
= 0x7f2a7c1a17b0
R
P 0x7f2a7c191628
C 342
R
P 0x7f2a7c191628
P 0x7f2a7c1a17b0
C 257
R
P 0x7f2a7c191628
C 342
R
P 0x7f2a7c191628
P 0x7f2a7c1a17b0
C 254
= 0x7f2a7c19b208
R
P 0x7f2a7c191628
C 342
R
P 0x7f2a7c191628
P 0x7f2a7c19b208
C 209
R
P 0x7f2a7c191628
C 342
R
P 0x7f2a7c191628
P 0x7f2a7c1a17b0
C 260
R
P 0x7f2a7c191628
C 342
R
P 0x7f2a7c191628
P 0x7f2a7c1a17b0
C 259
R
P 0x7f2a7c191628
C 342
R
P 0x7f2a7c191628
P 0x7f2a7c1a17b0
C 258
R
P 0x7f2a7c191628
C 342
R
P 0x7f2a7c191628
P 0x7f2a7c1a17b0
C 9
R
P 0x7f2a7c191628
C 342
R
P 0x7f2a7c191628
U 2
P 0x7f2a7c19bba8
P 0x7f2a7c1a17b0
p 2
C 66
= 0x7f2a7c1a17e8
R
P 0x7f2a7c191628
C 342
R
P 0x7f2a7c191628
P 0x7f2a7c1a17e8
C 257
R
P 0x7f2a7c191628
C 342
R
P 0x7f2a7c191628
P 0x7f2a7c1a17e8
C 254
= 0x7f2a7c19b1e8
R
P 0x7f2a7c191628
C 342
R
P 0x7f2a7c191628
P 0x7f2a7c19b1e8
C 209
R
P 0x7f2a7c191628
C 342
R
P 0x7f2a7c191628
P 0x7f2a7c1a17e8
C 260
R
P 0x7f2a7c191628
C 342
R
P 0x7f2a7c191628
P 0x7f2a7c1a17e8
C 259
R
P 0x7f2a7c191628
C 342
R
P 0x7f2a7c191628
P 0x7f2a7c1a17e8
C 258
R
P 0x7f2a7c191628
C 342
R
P 0x7f2a7c191628
P 0x7f2a7c1a17e8
C 9
R
P 0x7f2a7c191628
C 342
R
P 0x7f2a7c191628
U 2
P 0x7f2a7c19bc28
P 0x7f2a7c1a17e8
p 2
C 65
= 0x7f2a7c1a1820
R
P 0x7f2a7c191628
C 342
R
P 0x7f2a7c191628
P 0x7f2a7c1a1820
C 257
R
P 0x7f2a7c191628
C 342
R
P 0x7f2a7c191628
P 0x7f2a7c1a1820
C 254
= 0x7f2a7c19b1e8
R
P 0x7f2a7c191628
C 342
R
P 0x7f2a7c191628
P 0x7f2a7c19b1e8
C 209
R
P 0x7f2a7c191628
C 342
R
P 0x7f2a7c191628
P 0x7f2a7c1a1820
C 260
R
P 0x7f2a7c191628
C 342
R
P 0x7f2a7c191628
P 0x7f2a7c1a1820
C 259
R
P 0x7f2a7c191628
C 342
R
P 0x7f2a7c191628
P 0x7f2a7c1a1820
C 258
R
P 0x7f2a7c191628
C 342
R
P 0x7f2a7c191628
P 0x7f2a7c1a1820
C 9
R
P 0x7f2a7c191628
C 342
R
P 0x7f2a7c191628
P 0x7f2a7c1a1778
P 0x7f2a7c1a1820
P 0x7f2a7c19bc28
C 59
= 0x7f2a7c19f848
R
P 0x7f2a7c191628
C 342
R
P 0x7f2a7c191628
P 0x7f2a7c19f848
C 257
R
P 0x7f2a7c191628
C 342
R
P 0x7f2a7c191628
P 0x7f2a7c19f848
C 254
= 0x7f2a7c19b1e8
R
P 0x7f2a7c191628
C 342
R
P 0x7f2a7c191628
P 0x7f2a7c19b1e8
C 209
R
P 0x7f2a7c191628
C 342
R
P 0x7f2a7c191628
P 0x7f2a7c19f848
C 260
R
P 0x7f2a7c191628
C 342
R
P 0x7f2a7c191628
P 0x7f2a7c19f848
C 259
R
P 0x7f2a7c191628
C 342
R
P 0x7f2a7c191628
P 0x7f2a7c19f848
C 258
R
P 0x7f2a7c191628
C 342
R
P 0x7f2a7c191628
P 0x7f2a7c19f848
C 9
R
P 0x7f2a7c191628
C 342
R
P 0x7f2a7c191628
U 2
P 0x7f2a7c19f848
P 0x7f2a7c19bb48
p 2
C 65
= 0x7f2a7c1a1858
R
P 0x7f2a7c191628
C 342
R
P 0x7f2a7c191628
P 0x7f2a7c1a1858
C 257
R
P 0x7f2a7c191628
C 342
R
P 0x7f2a7c191628
P 0x7f2a7c1a1858
C 254
= 0x7f2a7c19b1e8
R
P 0x7f2a7c191628
C 342
R
P 0x7f2a7c191628
P 0x7f2a7c19b1e8
C 209
R
P 0x7f2a7c191628
C 342
R
P 0x7f2a7c191628
P 0x7f2a7c1a1858
C 260
R
P 0x7f2a7c191628
C 342
R
P 0x7f2a7c191628
P 0x7f2a7c1a1858
C 259
R
P 0x7f2a7c191628
C 342
R
P 0x7f2a7c191628
P 0x7f2a7c1a1858
C 258
R
P 0x7f2a7c191628
C 342
R
P 0x7f2a7c191628
P 0x7f2a7c1a1858
C 9
R
P 0x7f2a7c191628
C 342
R
P 0x7f2a7c191628
P 0x7f2a7c19bc68
C 333
R
P 0x7f2a7c191628
C 342
R
P 0x7f2a7c191628
S "slotflowPriorityStart"
C 30
R
P 0x7f2a7c191628
C 342
R
P 0x7f2a7c191628
$ |slotflowPriorityStart|
C 202
R
P 0x7f2a7c191628
C 342
R
P 0x7f2a7c191628
$ |slotflowPriorityStart|
P 0x7f2a7c19b1e8
C 51
= 0x7f2a7c19c2a8
R
P 0x7f2a7c191628
C 342
R
P 0x7f2a7c191628
P 0x7f2a7c19c2a8
C 257
R
P 0x7f2a7c191628
C 342
R
P 0x7f2a7c191628
P 0x7f2a7c19c2a8
C 254
= 0x7f2a7c19b1e8
R
P 0x7f2a7c191628
C 342
R
P 0x7f2a7c191628
P 0x7f2a7c19b1e8
C 209
R
P 0x7f2a7c191628
C 342
R
P 0x7f2a7c191628
P 0x7f2a7c19c2a8
C 260
R
P 0x7f2a7c191628
C 342
R
P 0x7f2a7c191628
P 0x7f2a7c19c2a8
C 259
R
P 0x7f2a7c191628
C 342
R
P 0x7f2a7c191628
P 0x7f2a7c19c2a8
C 258
R
P 0x7f2a7c191628
C 342
R
P 0x7f2a7c191628
P 0x7f2a7c19c2a8
C 9
R
P 0x7f2a7c191628
C 342
R
P 0x7f2a7c191628
P 0x7f2a7c19bc68
C 333
R
P 0x7f2a7c191628
C 342
R
P 0x7f2a7c191628
S "slotflowPriorityDuration"
C 30
R
P 0x7f2a7c191628
C 342
R
P 0x7f2a7c191628
$ |slotflowPriorityDuration|
C 202
R
P 0x7f2a7c191628
C 342
R
P 0x7f2a7c191628
$ |slotflowPriorityDuration|
P 0x7f2a7c19b1e8
C 51
= 0x7f2a7c19c268
R
P 0x7f2a7c191628
C 342
R
P 0x7f2a7c191628
P 0x7f2a7c19c268
C 257
R
P 0x7f2a7c191628
C 342
R
P 0x7f2a7c191628
P 0x7f2a7c19c268
C 254
= 0x7f2a7c19b1e8
R
P 0x7f2a7c191628
C 342
R
P 0x7f2a7c191628
P 0x7f2a7c19b1e8
C 209
R
P 0x7f2a7c191628
C 342
R
P 0x7f2a7c191628
P 0x7f2a7c19c268
C 260
R
P 0x7f2a7c191628
C 342
R
P 0x7f2a7c191628
P 0x7f2a7c19c268
C 259
R
P 0x7f2a7c191628
C 342
R
P 0x7f2a7c191628
P 0x7f2a7c19c268
C 258
R
P 0x7f2a7c191628
C 342
R
P 0x7f2a7c191628
P 0x7f2a7c19c268
C 9
R
P 0x7f2a7c191628
C 342
R
P 0x7f2a7c191628
U 2
P 0x7f2a7c19c2a8
P 0x7f2a7c19c268
p 2
C 65
= 0x7f2a7c487908
R
P 0x7f2a7c191628
C 342
R
P 0x7f2a7c191628
P 0x7f2a7c487908
C 257
R
P 0x7f2a7c191628
C 342
R
P 0x7f2a7c191628
P 0x7f2a7c487908
C 254
= 0x7f2a7c19b1e8
R
P 0x7f2a7c191628
C 342
R
P 0x7f2a7c191628
P 0x7f2a7c19b1e8
C 209
R
P 0x7f2a7c191628
C 342
R
P 0x7f2a7c191628
P 0x7f2a7c487908
C 260
R
P 0x7f2a7c191628
C 342
R
P 0x7f2a7c191628
P 0x7f2a7c487908
C 259
R
P 0x7f2a7c191628
C 342
R
P 0x7f2a7c191628
P 0x7f2a7c487908
C 258
R
P 0x7f2a7c191628
C 342
R
P 0x7f2a7c191628
P 0x7f2a7c487908
C 9
R
P 0x7f2a7c191628
C 342
R
P 0x7f2a7c191628
I 4
P 0x7f2a7c19b208
C 150
= 0x7f2a7c19c028
R
P 0x7f2a7c191628
C 342
R
P 0x7f2a7c191628
P 0x7f2a7c19c028
C 258
R
P 0x7f2a7c191628
C 342
R
P 0x7f2a7c191628
P 0x7f2a7c19c028
C 9
R
P 0x7f2a7c191628
C 342
R
P 0x7f2a7c191628
I 1
P 0x7f2a7c19b208
C 150
= 0x7f2a7c19bc88
R
P 0x7f2a7c191628
C 342
R
P 0x7f2a7c191628
P 0x7f2a7c19bc88
C 258
R
P 0x7f2a7c191628
C 342
R
P 0x7f2a7c191628
P 0x7f2a7c19bc88
C 9
R
P 0x7f2a7c191628
C 342
R
P 0x7f2a7c191628
P 0x7f2a7c19c028
P 0x7f2a7c19bc88
C 75
= 0x7f2a7c487390
R
P 0x7f2a7c191628
C 342
R
P 0x7f2a7c191628
P 0x7f2a7c487390
C 258
R
P 0x7f2a7c191628
C 342
R
P 0x7f2a7c191628
P 0x7f2a7c487390
C 9
R
P 0x7f2a7c191628
C 342
R
P 0x7f2a7c191628
I 1
P 0x7f2a7c19b208
C 150
= 0x7f2a7c19bc88
R
P 0x7f2a7c191628
C 342
R
P 0x7f2a7c191628
P 0x7f2a7c19bc88
C 258
R
P 0x7f2a7c191628
C 342
R
P 0x7f2a7c191628
P 0x7f2a7c19bc88
C 9
R
P 0x7f2a7c191628
C 342
R
P 0x7f2a7c191628
U 2
P 0x7f2a7c19c028
P 0x7f2a7c19bc88
p 2
C 67
= 0x7f2a7c4873c8
R
P 0x7f2a7c191628
C 342
R
P 0x7f2a7c191628
P 0x7f2a7c4873c8
C 257
R
P 0x7f2a7c191628
C 342
R
P 0x7f2a7c191628
P 0x7f2a7c4873c8
C 254
= 0x7f2a7c19b208
R
P 0x7f2a7c191628
C 342
R
P 0x7f2a7c191628
P 0x7f2a7c19b208
C 209
R
P 0x7f2a7c191628
C 342
R
P 0x7f2a7c191628
P 0x7f2a7c4873c8
C 260
R
P 0x7f2a7c191628
C 342
R
P 0x7f2a7c191628
P 0x7f2a7c4873c8
C 259
R
P 0x7f2a7c191628
C 342
R
P 0x7f2a7c191628
P 0x7f2a7c4873c8
C 258
R
P 0x7f2a7c191628
C 342
R
P 0x7f2a7c191628
P 0x7f2a7c4873c8
C 9
R
P 0x7f2a7c191628
C 342
R
P 0x7f2a7c191628
U 2
P 0x7f2a7c19bbe8
P 0x7f2a7c4873c8
p 2
C 66
= 0x7f2a7c488158
R
P 0x7f2a7c191628
C 342
R
P 0x7f2a7c191628
P 0x7f2a7c488158
C 257
R
P 0x7f2a7c191628
C 342
R
P 0x7f2a7c191628
P 0x7f2a7c488158
C 254
= 0x7f2a7c19b208
R
P 0x7f2a7c191628
C 342
R
P 0x7f2a7c191628
P 0x7f2a7c19b208
C 209
R
P 0x7f2a7c191628
C 342
R
P 0x7f2a7c191628
P 0x7f2a7c488158
C 260
R
P 0x7f2a7c191628
C 342
R
P 0x7f2a7c191628
P 0x7f2a7c488158
C 259
R
P 0x7f2a7c191628
C 342
R
P 0x7f2a7c191628
P 0x7f2a7c488158
C 258
R
P 0x7f2a7c191628
C 342
R
P 0x7f2a7c191628
P 0x7f2a7c488158
C 9
R
P 0x7f2a7c191628
C 342
R
P 0x7f2a7c191628
U 2
P 0x7f2a7c19bb88
P 0x7f2a7c488158
p 2
C 65
= 0x7f2a7c488190
R
P 0x7f2a7c191628
C 342
R
P 0x7f2a7c191628
P 0x7f2a7c488190
C 257
R
P 0x7f2a7c191628
C 342
R
P 0x7f2a7c191628
P 0x7f2a7c488190
C 254
= 0x7f2a7c19b1e8
R
P 0x7f2a7c191628
C 342
R
P 0x7f2a7c191628
P 0x7f2a7c19b1e8
C 209
R
P 0x7f2a7c191628
C 342
R
P 0x7f2a7c191628
P 0x7f2a7c488190
C 260
R
P 0x7f2a7c191628
C 342
R
P 0x7f2a7c191628
P 0x7f2a7c488190
C 259
R
P 0x7f2a7c191628
C 342
R
P 0x7f2a7c191628
P 0x7f2a7c488190
C 258
R
P 0x7f2a7c191628
C 342
R
P 0x7f2a7c191628
P 0x7f2a7c488190
C 9
R
P 0x7f2a7c191628
C 342
R
P 0x7f2a7c191628
P 0x7f2a7c487390
P 0x7f2a7c488190
P 0x7f2a7c19bb88
C 59
= 0x7f2a7c19fb08
R
P 0x7f2a7c191628
C 342
R
P 0x7f2a7c191628
P 0x7f2a7c19fb08
C 257
R
P 0x7f2a7c191628
C 342
R
P 0x7f2a7c191628
P 0x7f2a7c19fb08
C 254
= 0x7f2a7c19b1e8
R
P 0x7f2a7c191628
C 342
R
P 0x7f2a7c191628
P 0x7f2a7c19b1e8
C 209
R
P 0x7f2a7c191628
C 342
R
P 0x7f2a7c191628
P 0x7f2a7c19fb08
C 260
R
P 0x7f2a7c191628
C 342
R
P 0x7f2a7c191628
P 0x7f2a7c19fb08
C 259
R
P 0x7f2a7c191628
C 342
R
P 0x7f2a7c191628
P 0x7f2a7c19fb08
C 258
R
P 0x7f2a7c191628
C 342
R
P 0x7f2a7c191628
P 0x7f2a7c19fb08
C 9
R
P 0x7f2a7c191628
C 342
R
P 0x7f2a7c191628
U 2
P 0x7f2a7c487908
P 0x7f2a7c19fb08
p 2
C 65
= 0x7f2a7c4881c8
R
P 0x7f2a7c191628
C 342
R
P 0x7f2a7c191628
P 0x7f2a7c4881c8
C 257
R
P 0x7f2a7c191628
C 342
R
P 0x7f2a7c191628
P 0x7f2a7c4881c8
C 254
= 0x7f2a7c19b1e8
R
P 0x7f2a7c191628
C 342
R
P 0x7f2a7c191628
P 0x7f2a7c19b1e8
C 209
R
P 0x7f2a7c191628
C 342
R
P 0x7f2a7c191628
P 0x7f2a7c4881c8
C 260
R
P 0x7f2a7c191628
C 342
R
P 0x7f2a7c191628
P 0x7f2a7c4881c8
C 259
R
P 0x7f2a7c191628
C 342
R
P 0x7f2a7c191628
P 0x7f2a7c4881c8
C 258
R
P 0x7f2a7c191628
C 342
R
P 0x7f2a7c191628
P 0x7f2a7c4881c8
C 9
R
P 0x7f2a7c191628
C 342
R
P 0x7f2a7c191628
U 2
P 0x7f2a7c4881c8
P 0x7f2a7c19bb68
p 2
C 67
= 0x7f2a7c488200
R
P 0x7f2a7c191628
C 342
R
P 0x7f2a7c191628
P 0x7f2a7c488200
C 257
R
P 0x7f2a7c191628
C 342
R
P 0x7f2a7c191628
P 0x7f2a7c488200
C 254
= 0x7f2a7c19b1e8
R
P 0x7f2a7c191628
C 342
R
P 0x7f2a7c191628
P 0x7f2a7c19b1e8
C 209
R
P 0x7f2a7c191628
C 342
R
P 0x7f2a7c191628
P 0x7f2a7c488200
C 260
R
P 0x7f2a7c191628
C 342
R
P 0x7f2a7c191628
P 0x7f2a7c488200
C 259
R
P 0x7f2a7c191628
C 342
R
P 0x7f2a7c191628
P 0x7f2a7c488200
C 258
R
P 0x7f2a7c191628
C 342
R
P 0x7f2a7c191628
P 0x7f2a7c488200
C 9
R
P 0x7f2a7c191628
C 342
R
P 0x7f2a7c191628
P 0x7f2a7c1a1858
P 0x7f2a7c488200
C 75
= 0x7f2a7c48cc50
R
P 0x7f2a7c191628
C 342
R
P 0x7f2a7c191628
P 0x7f2a7c48cc50
C 258
R
P 0x7f2a7c191628
C 342
R
P 0x7f2a7c191628
P 0x7f2a7c48cc50
C 9
R
P 0x7f2a7c191628
C 342
R
P 0x7f2a7c191628
I 1
P 0x7f2a7c19b208
C 150
= 0x7f2a7c19bc88
R
P 0x7f2a7c191628
C 342
R
P 0x7f2a7c191628
P 0x7f2a7c19bc88
C 258
R
P 0x7f2a7c191628
C 342
R
P 0x7f2a7c191628
P 0x7f2a7c19bc88
C 9
R
P 0x7f2a7c191628
C 342
R
P 0x7f2a7c191628
I 1
P 0x7f2a7c19b208
C 150
= 0x7f2a7c19bc88
R
P 0x7f2a7c191628
C 342
R
P 0x7f2a7c191628
P 0x7f2a7c19bc88
C 258
R
P 0x7f2a7c191628
C 342
R
P 0x7f2a7c191628
P 0x7f2a7c19bc88
C 9
R
P 0x7f2a7c191628
C 342
R
P 0x7f2a7c191628
P 0x7f2a7c19bc88
P 0x7f2a7c19bc88
C 75
= 0x7f2a7c1a1778
R
P 0x7f2a7c191628
C 342
R
P 0x7f2a7c191628
P 0x7f2a7c1a1778
C 258
R
P 0x7f2a7c191628
C 342
R
P 0x7f2a7c191628
P 0x7f2a7c1a1778
C 9
R
P 0x7f2a7c191628
C 342
R
P 0x7f2a7c191628
I 1
P 0x7f2a7c19b208
C 150
= 0x7f2a7c19bc88
R
P 0x7f2a7c191628
C 342
R
P 0x7f2a7c191628
P 0x7f2a7c19bc88
C 258
R
P 0x7f2a7c191628
C 342
R
P 0x7f2a7c191628
P 0x7f2a7c19bc88
C 9
R
P 0x7f2a7c191628
C 342
R
P 0x7f2a7c191628
U 2
P 0x7f2a7c19bc88
P 0x7f2a7c19bc88
p 2
C 67
= 0x7f2a7c1a17b0
R
P 0x7f2a7c191628
C 342
R
P 0x7f2a7c191628
P 0x7f2a7c1a17b0
C 257
R
P 0x7f2a7c191628
C 342
R
P 0x7f2a7c191628
P 0x7f2a7c1a17b0
C 254
= 0x7f2a7c19b208
R
P 0x7f2a7c191628
C 342
R
P 0x7f2a7c191628
P 0x7f2a7c19b208
C 209
R
P 0x7f2a7c191628
C 342
R
P 0x7f2a7c191628
P 0x7f2a7c1a17b0
C 260
R
P 0x7f2a7c191628
C 342
R
P 0x7f2a7c191628
P 0x7f2a7c1a17b0
C 259
R
P 0x7f2a7c191628
C 342
R
P 0x7f2a7c191628
P 0x7f2a7c1a17b0
C 258
R
P 0x7f2a7c191628
C 342
R
P 0x7f2a7c191628
P 0x7f2a7c1a17b0
C 9
R
P 0x7f2a7c191628
C 342
R
P 0x7f2a7c191628
U 2
P 0x7f2a7c19bba8
P 0x7f2a7c1a17b0
p 2
C 66
= 0x7f2a7c1a17e8
R
P 0x7f2a7c191628
C 342
R
P 0x7f2a7c191628
P 0x7f2a7c1a17e8
C 257
R
P 0x7f2a7c191628
C 342
R
P 0x7f2a7c191628
P 0x7f2a7c1a17e8
C 254
= 0x7f2a7c19b1e8
R
P 0x7f2a7c191628
C 342
R
P 0x7f2a7c191628
P 0x7f2a7c19b1e8
C 209
R
P 0x7f2a7c191628
C 342
R
P 0x7f2a7c191628
P 0x7f2a7c1a17e8
C 260
R
P 0x7f2a7c191628
C 342
R
P 0x7f2a7c191628
P 0x7f2a7c1a17e8
C 259
R
P 0x7f2a7c191628
C 342
R
P 0x7f2a7c191628
P 0x7f2a7c1a17e8
C 258
R
P 0x7f2a7c191628
C 342
R
P 0x7f2a7c191628
P 0x7f2a7c1a17e8
C 9
R
P 0x7f2a7c191628
C 342
R
P 0x7f2a7c191628
U 2
P 0x7f2a7c19bc28
P 0x7f2a7c1a17e8
p 2
C 65
= 0x7f2a7c1a1820
R
P 0x7f2a7c191628
C 342
R
P 0x7f2a7c191628
P 0x7f2a7c1a1820
C 257
R
P 0x7f2a7c191628
C 342
R
P 0x7f2a7c191628
P 0x7f2a7c1a1820
C 254
= 0x7f2a7c19b1e8
R
P 0x7f2a7c191628
C 342
R
P 0x7f2a7c191628
P 0x7f2a7c19b1e8
C 209
R
P 0x7f2a7c191628
C 342
R
P 0x7f2a7c191628
P 0x7f2a7c1a1820
C 260
R
P 0x7f2a7c191628
C 342
R
P 0x7f2a7c191628
P 0x7f2a7c1a1820
C 259
R
P 0x7f2a7c191628
C 342
R
P 0x7f2a7c191628
P 0x7f2a7c1a1820
C 258
R
P 0x7f2a7c191628
C 342
R
P 0x7f2a7c191628
P 0x7f2a7c1a1820
C 9
R
P 0x7f2a7c191628
C 342
R
P 0x7f2a7c191628
P 0x7f2a7c1a1778
P 0x7f2a7c1a1820
P 0x7f2a7c19bc28
C 59
= 0x7f2a7c19f848
R
P 0x7f2a7c191628
C 342
R
P 0x7f2a7c191628
P 0x7f2a7c19f848
C 257
R
P 0x7f2a7c191628
C 342
R
P 0x7f2a7c191628
P 0x7f2a7c19f848
C 254
= 0x7f2a7c19b1e8
R
P 0x7f2a7c191628
C 342
R
P 0x7f2a7c191628
P 0x7f2a7c19b1e8
C 209
R
P 0x7f2a7c191628
C 342
R
P 0x7f2a7c191628
P 0x7f2a7c19f848
C 260
R
P 0x7f2a7c191628
C 342
R
P 0x7f2a7c191628
P 0x7f2a7c19f848
C 259
R
P 0x7f2a7c191628
C 342
R
P 0x7f2a7c191628
P 0x7f2a7c19f848
C 258
R
P 0x7f2a7c191628
C 342
R
P 0x7f2a7c191628
P 0x7f2a7c19f848
C 9
R
P 0x7f2a7c191628
C 342
R
P 0x7f2a7c191628
U 2
P 0x7f2a7c19f848
P 0x7f2a7c19bb48
p 2
C 65
= 0x7f2a7c1a1858
R
P 0x7f2a7c191628
C 342
R
P 0x7f2a7c191628
P 0x7f2a7c1a1858
C 257
R
P 0x7f2a7c191628
C 342
R
P 0x7f2a7c191628
P 0x7f2a7c1a1858
C 254
= 0x7f2a7c19b1e8
R
P 0x7f2a7c191628
C 342
R
P 0x7f2a7c191628
P 0x7f2a7c19b1e8
C 209
R
P 0x7f2a7c191628
C 342
R
P 0x7f2a7c191628
P 0x7f2a7c1a1858
C 260
R
P 0x7f2a7c191628
C 342
R
P 0x7f2a7c191628
P 0x7f2a7c1a1858
C 259
R
P 0x7f2a7c191628
C 342
R
P 0x7f2a7c191628
P 0x7f2a7c1a1858
C 258
R
P 0x7f2a7c191628
C 342
R
P 0x7f2a7c191628
P 0x7f2a7c1a1858
C 9
R
P 0x7f2a7c191628
C 342
R
P 0x7f2a7c191628
I 4
P 0x7f2a7c19b208
C 150
= 0x7f2a7c19c028
R
P 0x7f2a7c191628
C 342
R
P 0x7f2a7c191628
P 0x7f2a7c19c028
C 258
R
P 0x7f2a7c191628
C 342
R
P 0x7f2a7c191628
P 0x7f2a7c19c028
C 9
R
P 0x7f2a7c191628
C 342
R
P 0x7f2a7c191628
I 1
P 0x7f2a7c19b208
C 150
= 0x7f2a7c19bc88
R
P 0x7f2a7c191628
C 342
R
P 0x7f2a7c191628
P 0x7f2a7c19bc88
C 258
R
P 0x7f2a7c191628
C 342
R
P 0x7f2a7c191628
P 0x7f2a7c19bc88
C 9
R
P 0x7f2a7c191628
C 342
R
P 0x7f2a7c191628
P 0x7f2a7c19c028
P 0x7f2a7c19bc88
C 75
= 0x7f2a7c487390
R
P 0x7f2a7c191628
C 342
R
P 0x7f2a7c191628
P 0x7f2a7c487390
C 258
R
P 0x7f2a7c191628
C 342
R
P 0x7f2a7c191628
P 0x7f2a7c487390
C 9
R
P 0x7f2a7c191628
C 342
R
P 0x7f2a7c191628
I 1
P 0x7f2a7c19b208
C 150
= 0x7f2a7c19bc88
R
P 0x7f2a7c191628
C 342
R
P 0x7f2a7c191628
P 0x7f2a7c19bc88
C 258
R
P 0x7f2a7c191628
C 342
R
P 0x7f2a7c191628
P 0x7f2a7c19bc88
C 9
R
P 0x7f2a7c191628
C 342
R
P 0x7f2a7c191628
U 2
P 0x7f2a7c19c028
P 0x7f2a7c19bc88
p 2
C 67
= 0x7f2a7c4873c8
R
P 0x7f2a7c191628
C 342
R
P 0x7f2a7c191628
P 0x7f2a7c4873c8
C 257
R
P 0x7f2a7c191628
C 342
R
P 0x7f2a7c191628
P 0x7f2a7c4873c8
C 254
= 0x7f2a7c19b208
R
P 0x7f2a7c191628
C 342
R
P 0x7f2a7c191628
P 0x7f2a7c19b208
C 209
R
P 0x7f2a7c191628
C 342
R
P 0x7f2a7c191628
P 0x7f2a7c4873c8
C 260
R
P 0x7f2a7c191628
C 342
R
P 0x7f2a7c191628
P 0x7f2a7c4873c8
C 259
R
P 0x7f2a7c191628
C 342
R
P 0x7f2a7c191628
P 0x7f2a7c4873c8
C 258
R
P 0x7f2a7c191628
C 342
R
P 0x7f2a7c191628
P 0x7f2a7c4873c8
C 9
R
P 0x7f2a7c191628
C 342
R
P 0x7f2a7c191628
U 2
P 0x7f2a7c19bbe8
P 0x7f2a7c4873c8
p 2
C 66
= 0x7f2a7c488158
R
P 0x7f2a7c191628
C 342
R
P 0x7f2a7c191628
P 0x7f2a7c488158
C 257
R
P 0x7f2a7c191628
C 342
R
P 0x7f2a7c191628
P 0x7f2a7c488158
C 254
= 0x7f2a7c19b208
R
P 0x7f2a7c191628
C 342
R
P 0x7f2a7c191628
P 0x7f2a7c19b208
C 209
R
P 0x7f2a7c191628
C 342
R
P 0x7f2a7c191628
P 0x7f2a7c488158
C 260
R
P 0x7f2a7c191628
C 342
R
P 0x7f2a7c191628
P 0x7f2a7c488158
C 259
R
P 0x7f2a7c191628
C 342
R
P 0x7f2a7c191628
P 0x7f2a7c488158
C 258
R
P 0x7f2a7c191628
C 342
R
P 0x7f2a7c191628
P 0x7f2a7c488158
C 9
R
P 0x7f2a7c191628
C 342
R
P 0x7f2a7c191628
U 2
P 0x7f2a7c19bb88
P 0x7f2a7c488158
p 2
C 65
= 0x7f2a7c488190
R
P 0x7f2a7c191628
C 342
R
P 0x7f2a7c191628
P 0x7f2a7c488190
C 257
R
P 0x7f2a7c191628
C 342
R
P 0x7f2a7c191628
P 0x7f2a7c488190
C 254
= 0x7f2a7c19b1e8
R
P 0x7f2a7c191628
C 342
R
P 0x7f2a7c191628
P 0x7f2a7c19b1e8
C 209
R
P 0x7f2a7c191628
C 342
R
P 0x7f2a7c191628
P 0x7f2a7c488190
C 260
R
P 0x7f2a7c191628
C 342
R
P 0x7f2a7c191628
P 0x7f2a7c488190
C 259
R
P 0x7f2a7c191628
C 342
R
P 0x7f2a7c191628
P 0x7f2a7c488190
C 258
R
P 0x7f2a7c191628
C 342
R
P 0x7f2a7c191628
P 0x7f2a7c488190
C 9
R
P 0x7f2a7c191628
C 342
R
P 0x7f2a7c191628
P 0x7f2a7c487390
P 0x7f2a7c488190
P 0x7f2a7c19bb88
C 59
= 0x7f2a7c19fb08
R
P 0x7f2a7c191628
C 342
R
P 0x7f2a7c191628
P 0x7f2a7c19fb08
C 257
R
P 0x7f2a7c191628
C 342
R
P 0x7f2a7c191628
P 0x7f2a7c19fb08
C 254
= 0x7f2a7c19b1e8
R
P 0x7f2a7c191628
C 342
R
P 0x7f2a7c191628
P 0x7f2a7c19b1e8
C 209
R
P 0x7f2a7c191628
C 342
R
P 0x7f2a7c191628
P 0x7f2a7c19fb08
C 260
R
P 0x7f2a7c191628
C 342
R
P 0x7f2a7c191628
P 0x7f2a7c19fb08
C 259
R
P 0x7f2a7c191628
C 342
R
P 0x7f2a7c191628
P 0x7f2a7c19fb08
C 258
R
P 0x7f2a7c191628
C 342
R
P 0x7f2a7c191628
P 0x7f2a7c19fb08
C 9
R
P 0x7f2a7c191628
C 342
R
P 0x7f2a7c191628
U 2
P 0x7f2a7c19fb08
P 0x7f2a7c19bbe8
p 2
C 65
= 0x7f2a7c48c418
R
P 0x7f2a7c191628
C 342
R
P 0x7f2a7c191628
P 0x7f2a7c48c418
C 257
R
P 0x7f2a7c191628
C 342
R
P 0x7f2a7c191628
P 0x7f2a7c48c418
C 254
= 0x7f2a7c19b1e8
R
P 0x7f2a7c191628
C 342
R
P 0x7f2a7c191628
P 0x7f2a7c19b1e8
C 209
R
P 0x7f2a7c191628
C 342
R
P 0x7f2a7c191628
P 0x7f2a7c48c418
C 260
R
P 0x7f2a7c191628
C 342
R
P 0x7f2a7c191628
P 0x7f2a7c48c418
C 259
R
P 0x7f2a7c191628
C 342
R
P 0x7f2a7c191628
P 0x7f2a7c48c418
C 258
R
P 0x7f2a7c191628
C 342
R
P 0x7f2a7c191628
P 0x7f2a7c48c418
C 9
R
P 0x7f2a7c191628
C 342
R
P 0x7f2a7c191628
P 0x7f2a7c1a1858
P 0x7f2a7c48c418
C 74
= 0x7f2a7c48cc88
R
P 0x7f2a7c191628
C 342
R
P 0x7f2a7c191628
P 0x7f2a7c48cc88
C 258
R
P 0x7f2a7c191628
C 342
R
P 0x7f2a7c191628
P 0x7f2a7c48cc88
C 9
R
P 0x7f2a7c191628
C 342
R
P 0x7f2a7c191628
U 2
P 0x7f2a7c48cc50
P 0x7f2a7c48cc88
p 2
C 63
= 0x7f2a7c48ccc0
R
P 0x7f2a7c191628
C 342
R
P 0x7f2a7c191628
P 0x7f2a7c48ccc0
C 258
R
P 0x7f2a7c191628
C 342
R
P 0x7f2a7c191628
P 0x7f2a7c48ccc0
C 9
R
P 0x7f2a7c191628
C 342
R
P 0x7f2a7c191628
I 1
P 0x7f2a7c19b208
C 150
= 0x7f2a7c19bc88
R
P 0x7f2a7c191628
C 342
R
P 0x7f2a7c191628
P 0x7f2a7c19bc88
C 258
R
P 0x7f2a7c191628
C 342
R
P 0x7f2a7c191628
P 0x7f2a7c19bc88
C 9
R
P 0x7f2a7c191628
C 342
R
P 0x7f2a7c191628
P 0x7f2a7c19bc88
C 263
R
P 0x7f2a7c191628
C 342
R
P 0x7f2a7c191628
S "dev0T31"
C 30
R
P 0x7f2a7c191628
C 342
R
P 0x7f2a7c191628
$ |dev0T31|
C 202
R
P 0x7f2a7c191628
C 342
R
P 0x7f2a7c191628
$ |dev0T31|
P 0x7f2a7c19b1e8
C 51
= 0x7f2a7c19bca8
R
P 0x7f2a7c191628
C 342
R
P 0x7f2a7c191628
P 0x7f2a7c19bca8
C 257
R
P 0x7f2a7c191628
C 342
R
P 0x7f2a7c191628
P 0x7f2a7c19bca8
C 254
= 0x7f2a7c19b1e8
R
P 0x7f2a7c191628
C 342
R
P 0x7f2a7c191628
P 0x7f2a7c19b1e8
C 209
R
P 0x7f2a7c191628
C 342
R
P 0x7f2a7c191628
P 0x7f2a7c19bca8
C 260
R
P 0x7f2a7c191628
C 342
R
P 0x7f2a7c191628
P 0x7f2a7c19bca8
C 259
R
P 0x7f2a7c191628
C 342
R
P 0x7f2a7c191628
P 0x7f2a7c19bca8
C 258
R
P 0x7f2a7c191628
C 342
R
P 0x7f2a7c191628
P 0x7f2a7c19bca8
C 9
R
P 0x7f2a7c191628
C 342
R
P 0x7f2a7c191628
P 0x7f2a7c19bc68
C 333
R
P 0x7f2a7c191628
C 342
R
P 0x7f2a7c191628
S "slotflowPriorityStart"
C 30
R
P 0x7f2a7c191628
C 342
R
P 0x7f2a7c191628
$ |slotflowPriorityStart|
C 202
R
P 0x7f2a7c191628
C 342
R
P 0x7f2a7c191628
$ |slotflowPriorityStart|
P 0x7f2a7c19b1e8
C 51
= 0x7f2a7c19c2a8
R
P 0x7f2a7c191628
C 342
R
P 0x7f2a7c191628
P 0x7f2a7c19c2a8
C 257
R
P 0x7f2a7c191628
C 342
R
P 0x7f2a7c191628
P 0x7f2a7c19c2a8
C 254
= 0x7f2a7c19b1e8
R
P 0x7f2a7c191628
C 342
R
P 0x7f2a7c191628
P 0x7f2a7c19b1e8
C 209
R
P 0x7f2a7c191628
C 342
R
P 0x7f2a7c191628
P 0x7f2a7c19c2a8
C 260
R
P 0x7f2a7c191628
C 342
R
P 0x7f2a7c191628
P 0x7f2a7c19c2a8
C 259
R
P 0x7f2a7c191628
C 342
R
P 0x7f2a7c191628
P 0x7f2a7c19c2a8
C 258
R
P 0x7f2a7c191628
C 342
R
P 0x7f2a7c191628
P 0x7f2a7c19c2a8
C 9
R
P 0x7f2a7c191628
C 342
R
P 0x7f2a7c191628
P 0x7f2a7c19bc68
C 333
R
P 0x7f2a7c191628
C 342
R
P 0x7f2a7c191628
S "slotflowPriorityDuration"
C 30
R
P 0x7f2a7c191628
C 342
R
P 0x7f2a7c191628
$ |slotflowPriorityDuration|
C 202
R
P 0x7f2a7c191628
C 342
R
P 0x7f2a7c191628
$ |slotflowPriorityDuration|
P 0x7f2a7c19b1e8
C 51
= 0x7f2a7c19c268
R
P 0x7f2a7c191628
C 342
R
P 0x7f2a7c191628
P 0x7f2a7c19c268
C 257
R
P 0x7f2a7c191628
C 342
R
P 0x7f2a7c191628
P 0x7f2a7c19c268
C 254
= 0x7f2a7c19b1e8
R
P 0x7f2a7c191628
C 342
R
P 0x7f2a7c191628
P 0x7f2a7c19b1e8
C 209
R
P 0x7f2a7c191628
C 342
R
P 0x7f2a7c191628
P 0x7f2a7c19c268
C 260
R
P 0x7f2a7c191628
C 342
R
P 0x7f2a7c191628
P 0x7f2a7c19c268
C 259
R
P 0x7f2a7c191628
C 342
R
P 0x7f2a7c191628
P 0x7f2a7c19c268
C 258
R
P 0x7f2a7c191628
C 342
R
P 0x7f2a7c191628
P 0x7f2a7c19c268
C 9
R
P 0x7f2a7c191628
C 342
R
P 0x7f2a7c191628
U 2
P 0x7f2a7c19c2a8
P 0x7f2a7c19c268
p 2
C 65
= 0x7f2a7c487908
R
P 0x7f2a7c191628
C 342
R
P 0x7f2a7c191628
P 0x7f2a7c487908
C 257
R
P 0x7f2a7c191628
C 342
R
P 0x7f2a7c191628
P 0x7f2a7c487908
C 254
= 0x7f2a7c19b1e8
R
P 0x7f2a7c191628
C 342
R
P 0x7f2a7c191628
P 0x7f2a7c19b1e8
C 209
R
P 0x7f2a7c191628
C 342
R
P 0x7f2a7c191628
P 0x7f2a7c487908
C 260
R
P 0x7f2a7c191628
C 342
R
P 0x7f2a7c191628
P 0x7f2a7c487908
C 259
R
P 0x7f2a7c191628
C 342
R
P 0x7f2a7c191628
P 0x7f2a7c487908
C 258
R
P 0x7f2a7c191628
C 342
R
P 0x7f2a7c191628
P 0x7f2a7c487908
C 9
R
P 0x7f2a7c191628
C 342
R
P 0x7f2a7c191628
I 5
P 0x7f2a7c19b208
C 150
= 0x7f2a7c19c088
R
P 0x7f2a7c191628
C 342
R
P 0x7f2a7c191628
P 0x7f2a7c19c088
C 258
R
P 0x7f2a7c191628
C 342
R
P 0x7f2a7c191628
P 0x7f2a7c19c088
C 9
R
P 0x7f2a7c191628
C 342
R
P 0x7f2a7c191628
I 1
P 0x7f2a7c19b208
C 150
= 0x7f2a7c19bc88
R
P 0x7f2a7c191628
C 342
R
P 0x7f2a7c191628
P 0x7f2a7c19bc88
C 258
R
P 0x7f2a7c191628
C 342
R
P 0x7f2a7c191628
P 0x7f2a7c19bc88
C 9
R
P 0x7f2a7c191628
C 342
R
P 0x7f2a7c191628
P 0x7f2a7c19c088
P 0x7f2a7c19bc88
C 75
= 0x7f2a7c48c4c0
R
P 0x7f2a7c191628
C 342
R
P 0x7f2a7c191628
P 0x7f2a7c48c4c0
C 258
R
P 0x7f2a7c191628
C 342
R
P 0x7f2a7c191628
P 0x7f2a7c48c4c0
C 9
R
P 0x7f2a7c191628
C 342
R
P 0x7f2a7c191628
I 1
P 0x7f2a7c19b208
C 150
= 0x7f2a7c19bc88
R
P 0x7f2a7c191628
C 342
R
P 0x7f2a7c191628
P 0x7f2a7c19bc88
C 258
R
P 0x7f2a7c191628
C 342
R
P 0x7f2a7c191628
P 0x7f2a7c19bc88
C 9
R
P 0x7f2a7c191628
C 342
R
P 0x7f2a7c191628
U 2
P 0x7f2a7c19c088
P 0x7f2a7c19bc88
p 2
C 67
= 0x7f2a7c48c4f8
R
P 0x7f2a7c191628
C 342
R
P 0x7f2a7c191628
P 0x7f2a7c48c4f8
C 257
R
P 0x7f2a7c191628
C 342
R
P 0x7f2a7c191628
P 0x7f2a7c48c4f8
C 254
= 0x7f2a7c19b208
R
P 0x7f2a7c191628
C 342
R
P 0x7f2a7c191628
P 0x7f2a7c19b208
C 209
R
P 0x7f2a7c191628
C 342
R
P 0x7f2a7c191628
P 0x7f2a7c48c4f8
C 260
R
P 0x7f2a7c191628
C 342
R
P 0x7f2a7c191628
P 0x7f2a7c48c4f8
C 259
R
P 0x7f2a7c191628
C 342
R
P 0x7f2a7c191628
P 0x7f2a7c48c4f8
C 258
R
P 0x7f2a7c191628
C 342
R
P 0x7f2a7c191628
P 0x7f2a7c48c4f8
C 9
R
P 0x7f2a7c191628
C 342
R
P 0x7f2a7c191628
U 2
P 0x7f2a7c19bbe8
P 0x7f2a7c48c4f8
p 2
C 66
= 0x7f2a7c48c530
R
P 0x7f2a7c191628
C 342
R
P 0x7f2a7c191628
P 0x7f2a7c48c530
C 257
R
P 0x7f2a7c191628
C 342
R
P 0x7f2a7c191628
P 0x7f2a7c48c530
C 254
= 0x7f2a7c19b208
R
P 0x7f2a7c191628
C 342
R
P 0x7f2a7c191628
P 0x7f2a7c19b208
C 209
R
P 0x7f2a7c191628
C 342
R
P 0x7f2a7c191628
P 0x7f2a7c48c530
C 260
R
P 0x7f2a7c191628
C 342
R
P 0x7f2a7c191628
P 0x7f2a7c48c530
C 259
R
P 0x7f2a7c191628
C 342
R
P 0x7f2a7c191628
P 0x7f2a7c48c530
C 258
R
P 0x7f2a7c191628
C 342
R
P 0x7f2a7c191628
P 0x7f2a7c48c530
C 9
R
P 0x7f2a7c191628
C 342
R
P 0x7f2a7c191628
U 2
P 0x7f2a7c19bb88
P 0x7f2a7c48c530
p 2
C 65
= 0x7f2a7c48c568
R
P 0x7f2a7c191628
C 342
R
P 0x7f2a7c191628
P 0x7f2a7c48c568
C 257
R
P 0x7f2a7c191628
C 342
R
P 0x7f2a7c191628
P 0x7f2a7c48c568
C 254
= 0x7f2a7c19b1e8
R
P 0x7f2a7c191628
C 342
R
P 0x7f2a7c191628
P 0x7f2a7c19b1e8
C 209
R
P 0x7f2a7c191628
C 342
R
P 0x7f2a7c191628
P 0x7f2a7c48c568
C 260
R
P 0x7f2a7c191628
C 342
R
P 0x7f2a7c191628
P 0x7f2a7c48c568
C 259
R
P 0x7f2a7c191628
C 342
R
P 0x7f2a7c191628
P 0x7f2a7c48c568
C 258
R
P 0x7f2a7c191628
C 342
R
P 0x7f2a7c191628
P 0x7f2a7c48c568
C 9
R
P 0x7f2a7c191628
C 342
R
P 0x7f2a7c191628
P 0x7f2a7c48c4c0
P 0x7f2a7c48c568
P 0x7f2a7c19bb88
C 59
= 0x7f2a7c19fb48
R
P 0x7f2a7c191628
C 342
R
P 0x7f2a7c191628
P 0x7f2a7c19fb48
C 257
R
P 0x7f2a7c191628
C 342
R
P 0x7f2a7c191628
P 0x7f2a7c19fb48
C 254
= 0x7f2a7c19b1e8
R
P 0x7f2a7c191628
C 342
R
P 0x7f2a7c191628
P 0x7f2a7c19b1e8
C 209
R
P 0x7f2a7c191628
C 342
R
P 0x7f2a7c191628
P 0x7f2a7c19fb48
C 260
R
P 0x7f2a7c191628
C 342
R
P 0x7f2a7c191628
P 0x7f2a7c19fb48
C 259
R
P 0x7f2a7c191628
C 342
R
P 0x7f2a7c191628
P 0x7f2a7c19fb48
C 258
R
P 0x7f2a7c191628
C 342
R
P 0x7f2a7c191628
P 0x7f2a7c19fb48
C 9
R
P 0x7f2a7c191628
C 342
R
P 0x7f2a7c191628
U 2
P 0x7f2a7c487908
P 0x7f2a7c19fb48
p 2
C 65
= 0x7f2a7c48c5a0
R
P 0x7f2a7c191628
C 342
R
P 0x7f2a7c191628
P 0x7f2a7c48c5a0
C 257
R
P 0x7f2a7c191628
C 342
R
P 0x7f2a7c191628
P 0x7f2a7c48c5a0
C 254
= 0x7f2a7c19b1e8
R
P 0x7f2a7c191628
C 342
R
P 0x7f2a7c191628
P 0x7f2a7c19b1e8
C 209
R
P 0x7f2a7c191628
C 342
R
P 0x7f2a7c191628
P 0x7f2a7c48c5a0
C 260
R
P 0x7f2a7c191628
C 342
R
P 0x7f2a7c191628
P 0x7f2a7c48c5a0
C 259
R
P 0x7f2a7c191628
C 342
R
P 0x7f2a7c191628
P 0x7f2a7c48c5a0
C 258
R
P 0x7f2a7c191628
C 342
R
P 0x7f2a7c191628
P 0x7f2a7c48c5a0
C 9
R
P 0x7f2a7c191628
C 342
R
P 0x7f2a7c191628
P 0x7f2a7c19bca8
P 0x7f2a7c48c5a0
C 74
= 0x7f2a7c48ccf8
R
P 0x7f2a7c191628
C 342
R
P 0x7f2a7c191628
P 0x7f2a7c48ccf8
C 258
R
P 0x7f2a7c191628
C 342
R
P 0x7f2a7c191628
P 0x7f2a7c48ccf8
C 9
R
P 0x7f2a7c191628
C 342
R
P 0x7f2a7c191628
I 1
P 0x7f2a7c19b208
C 150
= 0x7f2a7c19bc88
R
P 0x7f2a7c191628
C 342
R
P 0x7f2a7c191628
P 0x7f2a7c19bc88
C 258
R
P 0x7f2a7c191628
C 342
R
P 0x7f2a7c191628
P 0x7f2a7c19bc88
C 9
R
P 0x7f2a7c191628
C 342
R
P 0x7f2a7c191628
P 0x7f2a7c19bc88
C 263
R
P 0x7f2a7c191628
C 342
R
P 0x7f2a7c191628
S "dev0T31"
C 30
R
P 0x7f2a7c191628
C 342
R
P 0x7f2a7c191628
$ |dev0T31|
C 202
R
P 0x7f2a7c191628
C 342
R
P 0x7f2a7c191628
$ |dev0T31|
P 0x7f2a7c19b1e8
C 51
= 0x7f2a7c19bca8
R
P 0x7f2a7c191628
C 342
R
P 0x7f2a7c191628
P 0x7f2a7c19bca8
C 257
R
P 0x7f2a7c191628
C 342
R
P 0x7f2a7c191628
P 0x7f2a7c19bca8
C 254
= 0x7f2a7c19b1e8
R
P 0x7f2a7c191628
C 342
R
P 0x7f2a7c191628
P 0x7f2a7c19b1e8
C 209
R
P 0x7f2a7c191628
C 342
R
P 0x7f2a7c191628
P 0x7f2a7c19bca8
C 260
R
P 0x7f2a7c191628
C 342
R
P 0x7f2a7c191628
P 0x7f2a7c19bca8
C 259
R
P 0x7f2a7c191628
C 342
R
P 0x7f2a7c191628
P 0x7f2a7c19bca8
C 258
R
P 0x7f2a7c191628
C 342
R
P 0x7f2a7c191628
P 0x7f2a7c19bca8
C 9
R
P 0x7f2a7c191628
C 342
R
P 0x7f2a7c191628
P 0x7f2a7c19bc68
C 333
R
P 0x7f2a7c191628
C 342
R
P 0x7f2a7c191628
S "slotflowPriorityStart"
C 30
R
P 0x7f2a7c191628
C 342
R
P 0x7f2a7c191628
$ |slotflowPriorityStart|
C 202
R
P 0x7f2a7c191628
C 342
R
P 0x7f2a7c191628
$ |slotflowPriorityStart|
P 0x7f2a7c19b1e8
C 51
= 0x7f2a7c19c2a8
R
P 0x7f2a7c191628
C 342
R
P 0x7f2a7c191628
P 0x7f2a7c19c2a8
C 257
R
P 0x7f2a7c191628
C 342
R
P 0x7f2a7c191628
P 0x7f2a7c19c2a8
C 254
= 0x7f2a7c19b1e8
R
P 0x7f2a7c191628
C 342
R
P 0x7f2a7c191628
P 0x7f2a7c19b1e8
C 209
R
P 0x7f2a7c191628
C 342
R
P 0x7f2a7c191628
P 0x7f2a7c19c2a8
C 260
R
P 0x7f2a7c191628
C 342
R
P 0x7f2a7c191628
P 0x7f2a7c19c2a8
C 259
R
P 0x7f2a7c191628
C 342
R
P 0x7f2a7c191628
P 0x7f2a7c19c2a8
C 258
R
P 0x7f2a7c191628
C 342
R
P 0x7f2a7c191628
P 0x7f2a7c19c2a8
C 9
R
P 0x7f2a7c191628
C 342
R
P 0x7f2a7c191628
I 4
P 0x7f2a7c19b208
C 150
= 0x7f2a7c19c028
R
P 0x7f2a7c191628
C 342
R
P 0x7f2a7c191628
P 0x7f2a7c19c028
C 258
R
P 0x7f2a7c191628
C 342
R
P 0x7f2a7c191628
P 0x7f2a7c19c028
C 9
R
P 0x7f2a7c191628
C 342
R
P 0x7f2a7c191628
I 1
P 0x7f2a7c19b208
C 150
= 0x7f2a7c19bc88
R
P 0x7f2a7c191628
C 342
R
P 0x7f2a7c191628
P 0x7f2a7c19bc88
C 258
R
P 0x7f2a7c191628
C 342
R
P 0x7f2a7c191628
P 0x7f2a7c19bc88
C 9
R
P 0x7f2a7c191628
C 342
R
P 0x7f2a7c191628
P 0x7f2a7c19c028
P 0x7f2a7c19bc88
C 75
= 0x7f2a7c487390
R
P 0x7f2a7c191628
C 342
R
P 0x7f2a7c191628
P 0x7f2a7c487390
C 258
R
P 0x7f2a7c191628
C 342
R
P 0x7f2a7c191628
P 0x7f2a7c487390
C 9
R
P 0x7f2a7c191628
C 342
R
P 0x7f2a7c191628
I 1
P 0x7f2a7c19b208
C 150
= 0x7f2a7c19bc88
R
P 0x7f2a7c191628
C 342
R
P 0x7f2a7c191628
P 0x7f2a7c19bc88
C 258
R
P 0x7f2a7c191628
C 342
R
P 0x7f2a7c191628
P 0x7f2a7c19bc88
C 9
R
P 0x7f2a7c191628
C 342
R
P 0x7f2a7c191628
U 2
P 0x7f2a7c19c028
P 0x7f2a7c19bc88
p 2
C 67
= 0x7f2a7c4873c8
R
P 0x7f2a7c191628
C 342
R
P 0x7f2a7c191628
P 0x7f2a7c4873c8
C 257
R
P 0x7f2a7c191628
C 342
R
P 0x7f2a7c191628
P 0x7f2a7c4873c8
C 254
= 0x7f2a7c19b208
R
P 0x7f2a7c191628
C 342
R
P 0x7f2a7c191628
P 0x7f2a7c19b208
C 209
R
P 0x7f2a7c191628
C 342
R
P 0x7f2a7c191628
P 0x7f2a7c4873c8
C 260
R
P 0x7f2a7c191628
C 342
R
P 0x7f2a7c191628
P 0x7f2a7c4873c8
C 259
R
P 0x7f2a7c191628
C 342
R
P 0x7f2a7c191628
P 0x7f2a7c4873c8
C 258
R
P 0x7f2a7c191628
C 342
R
P 0x7f2a7c191628
P 0x7f2a7c4873c8
C 9
R
P 0x7f2a7c191628
C 342
R
P 0x7f2a7c191628
U 2
P 0x7f2a7c19bbe8
P 0x7f2a7c4873c8
p 2
C 66
= 0x7f2a7c488158
R
P 0x7f2a7c191628
C 342
R
P 0x7f2a7c191628
P 0x7f2a7c488158
C 257
R
P 0x7f2a7c191628
C 342
R
P 0x7f2a7c191628
P 0x7f2a7c488158
C 254
= 0x7f2a7c19b208
R
P 0x7f2a7c191628
C 342
R
P 0x7f2a7c191628
P 0x7f2a7c19b208
C 209
R
P 0x7f2a7c191628
C 342
R
P 0x7f2a7c191628
P 0x7f2a7c488158
C 260
R
P 0x7f2a7c191628
C 342
R
P 0x7f2a7c191628
P 0x7f2a7c488158
C 259
R
P 0x7f2a7c191628
C 342
R
P 0x7f2a7c191628
P 0x7f2a7c488158
C 258
R
P 0x7f2a7c191628
C 342
R
P 0x7f2a7c191628
P 0x7f2a7c488158
C 9
R
P 0x7f2a7c191628
C 342
R
P 0x7f2a7c191628
U 2
P 0x7f2a7c19bb88
P 0x7f2a7c488158
p 2
C 65
= 0x7f2a7c488190
R
P 0x7f2a7c191628
C 342
R
P 0x7f2a7c191628
P 0x7f2a7c488190
C 257
R
P 0x7f2a7c191628
C 342
R
P 0x7f2a7c191628
P 0x7f2a7c488190
C 254
= 0x7f2a7c19b1e8
R
P 0x7f2a7c191628
C 342
R
P 0x7f2a7c191628
P 0x7f2a7c19b1e8
C 209
R
P 0x7f2a7c191628
C 342
R
P 0x7f2a7c191628
P 0x7f2a7c488190
C 260
R
P 0x7f2a7c191628
C 342
R
P 0x7f2a7c191628
P 0x7f2a7c488190
C 259
R
P 0x7f2a7c191628
C 342
R
P 0x7f2a7c191628
P 0x7f2a7c488190
C 258
R
P 0x7f2a7c191628
C 342
R
P 0x7f2a7c191628
P 0x7f2a7c488190
C 9
R
P 0x7f2a7c191628
C 342
R
P 0x7f2a7c191628
P 0x7f2a7c487390
P 0x7f2a7c488190
P 0x7f2a7c19bb88
C 59
= 0x7f2a7c19fb08
R
P 0x7f2a7c191628
C 342
R
P 0x7f2a7c191628
P 0x7f2a7c19fb08
C 257
R
P 0x7f2a7c191628
C 342
R
P 0x7f2a7c191628
P 0x7f2a7c19fb08
C 254
= 0x7f2a7c19b1e8
R
P 0x7f2a7c191628
C 342
R
P 0x7f2a7c191628
P 0x7f2a7c19b1e8
C 209
R
P 0x7f2a7c191628
C 342
R
P 0x7f2a7c191628
P 0x7f2a7c19fb08
C 260
R
P 0x7f2a7c191628
C 342
R
P 0x7f2a7c191628
P 0x7f2a7c19fb08
C 259
R
P 0x7f2a7c191628
C 342
R
P 0x7f2a7c191628
P 0x7f2a7c19fb08
C 258
R
P 0x7f2a7c191628
C 342
R
P 0x7f2a7c191628
P 0x7f2a7c19fb08
C 9
R
P 0x7f2a7c191628
C 342
R
P 0x7f2a7c191628
U 2
P 0x7f2a7c19c2a8
P 0x7f2a7c19fb08
p 2
C 65
= 0x7f2a7c488270
R
P 0x7f2a7c191628
C 342
R
P 0x7f2a7c191628
P 0x7f2a7c488270
C 257
R
P 0x7f2a7c191628
C 342
R
P 0x7f2a7c191628
P 0x7f2a7c488270
C 254
= 0x7f2a7c19b1e8
R
P 0x7f2a7c191628
C 342
R
P 0x7f2a7c191628
P 0x7f2a7c19b1e8
C 209
R
P 0x7f2a7c191628
C 342
R
P 0x7f2a7c191628
P 0x7f2a7c488270
C 260
R
P 0x7f2a7c191628
C 342
R
P 0x7f2a7c191628
P 0x7f2a7c488270
C 259
R
P 0x7f2a7c191628
C 342
R
P 0x7f2a7c191628
P 0x7f2a7c488270
C 258
R
P 0x7f2a7c191628
C 342
R
P 0x7f2a7c191628
P 0x7f2a7c488270
C 9
R
P 0x7f2a7c191628
C 342
R
P 0x7f2a7c191628
U 2
P 0x7f2a7c488270
P 0x7f2a7c19bb68
p 2
C 65
= 0x7f2a7c489db0
R
P 0x7f2a7c191628
C 342
R
P 0x7f2a7c191628
P 0x7f2a7c489db0
C 257
R
P 0x7f2a7c191628
C 342
R
P 0x7f2a7c191628
P 0x7f2a7c489db0
C 254
= 0x7f2a7c19b1e8
R
P 0x7f2a7c191628
C 342
R
P 0x7f2a7c191628
P 0x7f2a7c19b1e8
C 209
R
P 0x7f2a7c191628
C 342
R
P 0x7f2a7c191628
P 0x7f2a7c489db0
C 260
R
P 0x7f2a7c191628
C 342
R
P 0x7f2a7c191628
P 0x7f2a7c489db0
C 259
R
P 0x7f2a7c191628
C 342
R
P 0x7f2a7c191628
P 0x7f2a7c489db0
C 258
R
P 0x7f2a7c191628
C 342
R
P 0x7f2a7c191628
P 0x7f2a7c489db0
C 9
R
P 0x7f2a7c191628
C 342
R
P 0x7f2a7c191628
P 0x7f2a7c19bca8
P 0x7f2a7c489db0
C 56
= 0x7f2a7c48cd30
R
P 0x7f2a7c191628
C 342
R
P 0x7f2a7c191628
P 0x7f2a7c48cd30
C 258
R
P 0x7f2a7c191628
C 342
R
P 0x7f2a7c191628
P 0x7f2a7c48cd30
C 9
R
P 0x7f2a7c191628
C 342
R
P 0x7f2a7c191628
U 2
P 0x7f2a7c48ccf8
P 0x7f2a7c48cd30
p 2
C 63
= 0x7f2a7c48cd68
R
P 0x7f2a7c191628
C 342
R
P 0x7f2a7c191628
P 0x7f2a7c48cd68
C 258
R
P 0x7f2a7c191628
C 342
R
P 0x7f2a7c191628
P 0x7f2a7c48cd68
C 9
R
P 0x7f2a7c191628
C 342
R
P 0x7f2a7c191628
P 0x7f2a7c48ccc0
P 0x7f2a7c48cd68
C 61
= 0x7f2a7c48cda0
R
P 0x7f2a7c191628
C 342
R
P 0x7f2a7c191628
P 0x7f2a7c48cda0
C 258
R
P 0x7f2a7c191628
C 342
R
P 0x7f2a7c191628
P 0x7f2a7c48cda0
C 9
R
P 0x7f2a7c191628
C 342
R
P 0x7f2a7c191628
P 0x7f2a7c1e1fc8
P 0x7f2a7c48cda0
C 427
R
P 0x7f2a7c191628
C 342
R
P 0x7f2a7c191628
I 2
P 0x7f2a7c19b208
C 150
= 0x7f2a7c19bcc8
R
P 0x7f2a7c191628
C 342
R
P 0x7f2a7c191628
P 0x7f2a7c19bcc8
C 258
R
P 0x7f2a7c191628
C 342
R
P 0x7f2a7c191628
P 0x7f2a7c19bcc8
C 9
R
P 0x7f2a7c191628
C 342
R
P 0x7f2a7c191628
I 1
P 0x7f2a7c19b208
C 150
= 0x7f2a7c19bc88
R
P 0x7f2a7c191628
C 342
R
P 0x7f2a7c191628
P 0x7f2a7c19bc88
C 258
R
P 0x7f2a7c191628
C 342
R
P 0x7f2a7c191628
P 0x7f2a7c19bc88
C 9
R
P 0x7f2a7c191628
C 342
R
P 0x7f2a7c191628
P 0x7f2a7c19bcc8
P 0x7f2a7c19bc88
C 75
= 0x7f2a7c1a1890
R
P 0x7f2a7c191628
C 342
R
P 0x7f2a7c191628
P 0x7f2a7c1a1890
C 258
R
P 0x7f2a7c191628
C 342
R
P 0x7f2a7c191628
P 0x7f2a7c1a1890
C 9
R
P 0x7f2a7c191628
C 342
R
P 0x7f2a7c191628
I 1
P 0x7f2a7c19b208
C 150
= 0x7f2a7c19bc88
R
P 0x7f2a7c191628
C 342
R
P 0x7f2a7c191628
P 0x7f2a7c19bc88
C 258
R
P 0x7f2a7c191628
C 342
R
P 0x7f2a7c191628
P 0x7f2a7c19bc88
C 9
R
P 0x7f2a7c191628
C 342
R
P 0x7f2a7c191628
U 2
P 0x7f2a7c19bcc8
P 0x7f2a7c19bc88
p 2
C 67
= 0x7f2a7c1a18c8
R
P 0x7f2a7c191628
C 342
R
P 0x7f2a7c191628
P 0x7f2a7c1a18c8
C 257
R
P 0x7f2a7c191628
C 342
R
P 0x7f2a7c191628
P 0x7f2a7c1a18c8
C 254
= 0x7f2a7c19b208
R
P 0x7f2a7c191628
C 342
R
P 0x7f2a7c191628
P 0x7f2a7c19b208
C 209
R
P 0x7f2a7c191628
C 342
R
P 0x7f2a7c191628
P 0x7f2a7c1a18c8
C 260
R
P 0x7f2a7c191628
C 342
R
P 0x7f2a7c191628
P 0x7f2a7c1a18c8
C 259
R
P 0x7f2a7c191628
C 342
R
P 0x7f2a7c191628
P 0x7f2a7c1a18c8
C 258
R
P 0x7f2a7c191628
C 342
R
P 0x7f2a7c191628
P 0x7f2a7c1a18c8
C 9
R
P 0x7f2a7c191628
C 342
R
P 0x7f2a7c191628
U 2
P 0x7f2a7c19bba8
P 0x7f2a7c1a18c8
p 2
C 66
= 0x7f2a7c1a1900
R
P 0x7f2a7c191628
C 342
R
P 0x7f2a7c191628
P 0x7f2a7c1a1900
C 257
R
P 0x7f2a7c191628
C 342
R
P 0x7f2a7c191628
P 0x7f2a7c1a1900
C 254
= 0x7f2a7c19b1e8
R
P 0x7f2a7c191628
C 342
R
P 0x7f2a7c191628
P 0x7f2a7c19b1e8
C 209
R
P 0x7f2a7c191628
C 342
R
P 0x7f2a7c191628
P 0x7f2a7c1a1900
C 260
R
P 0x7f2a7c191628
C 342
R
P 0x7f2a7c191628
P 0x7f2a7c1a1900
C 259
R
P 0x7f2a7c191628
C 342
R
P 0x7f2a7c191628
P 0x7f2a7c1a1900
C 258
R
P 0x7f2a7c191628
C 342
R
P 0x7f2a7c191628
P 0x7f2a7c1a1900
C 9
R
P 0x7f2a7c191628
C 342
R
P 0x7f2a7c191628
U 2
P 0x7f2a7c19bc28
P 0x7f2a7c1a1900
p 2
C 65
= 0x7f2a7c1a1938
R
P 0x7f2a7c191628
C 342
R
P 0x7f2a7c191628
P 0x7f2a7c1a1938
C 257
R
P 0x7f2a7c191628
C 342
R
P 0x7f2a7c191628
P 0x7f2a7c1a1938
C 254
= 0x7f2a7c19b1e8
R
P 0x7f2a7c191628
C 342
R
P 0x7f2a7c191628
P 0x7f2a7c19b1e8
C 209
R
P 0x7f2a7c191628
C 342
R
P 0x7f2a7c191628
P 0x7f2a7c1a1938
C 260
R
P 0x7f2a7c191628
C 342
R
P 0x7f2a7c191628
P 0x7f2a7c1a1938
C 259
R
P 0x7f2a7c191628
C 342
R
P 0x7f2a7c191628
P 0x7f2a7c1a1938
C 258
R
P 0x7f2a7c191628
C 342
R
P 0x7f2a7c191628
P 0x7f2a7c1a1938
C 9
R
P 0x7f2a7c191628
C 342
R
P 0x7f2a7c191628
P 0x7f2a7c1a1890
P 0x7f2a7c1a1938
P 0x7f2a7c19bc28
C 59
= 0x7f2a7c19f888
R
P 0x7f2a7c191628
C 342
R
P 0x7f2a7c191628
P 0x7f2a7c19f888
C 257
R
P 0x7f2a7c191628
C 342
R
P 0x7f2a7c191628
P 0x7f2a7c19f888
C 254
= 0x7f2a7c19b1e8
R
P 0x7f2a7c191628
C 342
R
P 0x7f2a7c191628
P 0x7f2a7c19b1e8
C 209
R
P 0x7f2a7c191628
C 342
R
P 0x7f2a7c191628
P 0x7f2a7c19f888
C 260
R
P 0x7f2a7c191628
C 342
R
P 0x7f2a7c191628
P 0x7f2a7c19f888
C 259
R
P 0x7f2a7c191628
C 342
R
P 0x7f2a7c191628
P 0x7f2a7c19f888
C 258
R
P 0x7f2a7c191628
C 342
R
P 0x7f2a7c191628
P 0x7f2a7c19f888
C 9
R
P 0x7f2a7c191628
C 342
R
P 0x7f2a7c191628
U 2
P 0x7f2a7c19f888
P 0x7f2a7c19bb48
p 2
C 65
= 0x7f2a7c1a1970
R
P 0x7f2a7c191628
C 342
R
P 0x7f2a7c191628
P 0x7f2a7c1a1970
C 257
R
P 0x7f2a7c191628
C 342
R
P 0x7f2a7c191628
P 0x7f2a7c1a1970
C 254
= 0x7f2a7c19b1e8
R
P 0x7f2a7c191628
C 342
R
P 0x7f2a7c191628
P 0x7f2a7c19b1e8
C 209
R
P 0x7f2a7c191628
C 342
R
P 0x7f2a7c191628
P 0x7f2a7c1a1970
C 260
R
P 0x7f2a7c191628
C 342
R
P 0x7f2a7c191628
P 0x7f2a7c1a1970
C 259
R
P 0x7f2a7c191628
C 342
R
P 0x7f2a7c191628
P 0x7f2a7c1a1970
C 258
R
P 0x7f2a7c191628
C 342
R
P 0x7f2a7c191628
P 0x7f2a7c1a1970
C 9
R
P 0x7f2a7c191628
C 342
R
P 0x7f2a7c191628
P 0x7f2a7c19bc68
C 333
R
P 0x7f2a7c191628
C 342
R
P 0x7f2a7c191628
S "slotflowPriorityStart"
C 30
R
P 0x7f2a7c191628
C 342
R
P 0x7f2a7c191628
$ |slotflowPriorityStart|
C 202
R
P 0x7f2a7c191628
C 342
R
P 0x7f2a7c191628
$ |slotflowPriorityStart|
P 0x7f2a7c19b1e8
C 51
= 0x7f2a7c19c2a8
R
P 0x7f2a7c191628
C 342
R
P 0x7f2a7c191628
P 0x7f2a7c19c2a8
C 257
R
P 0x7f2a7c191628
C 342
R
P 0x7f2a7c191628
P 0x7f2a7c19c2a8
C 254
= 0x7f2a7c19b1e8
R
P 0x7f2a7c191628
C 342
R
P 0x7f2a7c191628
P 0x7f2a7c19b1e8
C 209
R
P 0x7f2a7c191628
C 342
R
P 0x7f2a7c191628
P 0x7f2a7c19c2a8
C 260
R
P 0x7f2a7c191628
C 342
R
P 0x7f2a7c191628
P 0x7f2a7c19c2a8
C 259
R
P 0x7f2a7c191628
C 342
R
P 0x7f2a7c191628
P 0x7f2a7c19c2a8
C 258
R
P 0x7f2a7c191628
C 342
R
P 0x7f2a7c191628
P 0x7f2a7c19c2a8
C 9
R
P 0x7f2a7c191628
C 342
R
P 0x7f2a7c191628
P 0x7f2a7c19bc68
C 333
R
P 0x7f2a7c191628
C 342
R
P 0x7f2a7c191628
S "slotflowPriorityDuration"
C 30
R
P 0x7f2a7c191628
C 342
R
P 0x7f2a7c191628
$ |slotflowPriorityDuration|
C 202
R
P 0x7f2a7c191628
C 342
R
P 0x7f2a7c191628
$ |slotflowPriorityDuration|
P 0x7f2a7c19b1e8
C 51
= 0x7f2a7c19c268
R
P 0x7f2a7c191628
C 342
R
P 0x7f2a7c191628
P 0x7f2a7c19c268
C 257
R
P 0x7f2a7c191628
C 342
R
P 0x7f2a7c191628
P 0x7f2a7c19c268
C 254
= 0x7f2a7c19b1e8
R
P 0x7f2a7c191628
C 342
R
P 0x7f2a7c191628
P 0x7f2a7c19b1e8
C 209
R
P 0x7f2a7c191628
C 342
R
P 0x7f2a7c191628
P 0x7f2a7c19c268
C 260
R
P 0x7f2a7c191628
C 342
R
P 0x7f2a7c191628
P 0x7f2a7c19c268
C 259
R
P 0x7f2a7c191628
C 342
R
P 0x7f2a7c191628
P 0x7f2a7c19c268
C 258
R
P 0x7f2a7c191628
C 342
R
P 0x7f2a7c191628
P 0x7f2a7c19c268
C 9
R
P 0x7f2a7c191628
C 342
R
P 0x7f2a7c191628
U 2
P 0x7f2a7c19c2a8
P 0x7f2a7c19c268
p 2
C 65
= 0x7f2a7c487908
R
P 0x7f2a7c191628
C 342
R
P 0x7f2a7c191628
P 0x7f2a7c487908
C 257
R
P 0x7f2a7c191628
C 342
R
P 0x7f2a7c191628
P 0x7f2a7c487908
C 254
= 0x7f2a7c19b1e8
R
P 0x7f2a7c191628
C 342
R
P 0x7f2a7c191628
P 0x7f2a7c19b1e8
C 209
R
P 0x7f2a7c191628
C 342
R
P 0x7f2a7c191628
P 0x7f2a7c487908
C 260
R
P 0x7f2a7c191628
C 342
R
P 0x7f2a7c191628
P 0x7f2a7c487908
C 259
R
P 0x7f2a7c191628
C 342
R
P 0x7f2a7c191628
P 0x7f2a7c487908
C 258
R
P 0x7f2a7c191628
C 342
R
P 0x7f2a7c191628
P 0x7f2a7c487908
C 9
R
P 0x7f2a7c191628
C 342
R
P 0x7f2a7c191628
I 0
P 0x7f2a7c19b208
C 150
= 0x7f2a7c19bd08
R
P 0x7f2a7c191628
C 342
R
P 0x7f2a7c191628
P 0x7f2a7c19bd08
C 258
R
P 0x7f2a7c191628
C 342
R
P 0x7f2a7c191628
P 0x7f2a7c19bd08
C 9
R
P 0x7f2a7c191628
C 342
R
P 0x7f2a7c191628
I 1
P 0x7f2a7c19b208
C 150
= 0x7f2a7c19bc88
R
P 0x7f2a7c191628
C 342
R
P 0x7f2a7c191628
P 0x7f2a7c19bc88
C 258
R
P 0x7f2a7c191628
C 342
R
P 0x7f2a7c191628
P 0x7f2a7c19bc88
C 9
R
P 0x7f2a7c191628
C 342
R
P 0x7f2a7c191628
P 0x7f2a7c19bd08
P 0x7f2a7c19bc88
C 75
= 0x7f2a7c486fa0
R
P 0x7f2a7c191628
C 342
R
P 0x7f2a7c191628
P 0x7f2a7c486fa0
C 258
R
P 0x7f2a7c191628
C 342
R
P 0x7f2a7c191628
P 0x7f2a7c486fa0
C 9
R
P 0x7f2a7c191628
C 342
R
P 0x7f2a7c191628
I 1
P 0x7f2a7c19b208
C 150
= 0x7f2a7c19bc88
R
P 0x7f2a7c191628
C 342
R
P 0x7f2a7c191628
P 0x7f2a7c19bc88
C 258
R
P 0x7f2a7c191628
C 342
R
P 0x7f2a7c191628
P 0x7f2a7c19bc88
C 9
R
P 0x7f2a7c191628
C 342
R
P 0x7f2a7c191628
U 2
P 0x7f2a7c19bd08
P 0x7f2a7c19bc88
p 2
C 67
= 0x7f2a7c486fd8
R
P 0x7f2a7c191628
C 342
R
P 0x7f2a7c191628
P 0x7f2a7c486fd8
C 257
R
P 0x7f2a7c191628
C 342
R
P 0x7f2a7c191628
P 0x7f2a7c486fd8
C 254
= 0x7f2a7c19b208
R
P 0x7f2a7c191628
C 342
R
P 0x7f2a7c191628
P 0x7f2a7c19b208
C 209
R
P 0x7f2a7c191628
C 342
R
P 0x7f2a7c191628
P 0x7f2a7c486fd8
C 260
R
P 0x7f2a7c191628
C 342
R
P 0x7f2a7c191628
P 0x7f2a7c486fd8
C 259
R
P 0x7f2a7c191628
C 342
R
P 0x7f2a7c191628
P 0x7f2a7c486fd8
C 258
R
P 0x7f2a7c191628
C 342
R
P 0x7f2a7c191628
P 0x7f2a7c486fd8
C 9
R
P 0x7f2a7c191628
C 342
R
P 0x7f2a7c191628
U 2
P 0x7f2a7c19bbe8
P 0x7f2a7c486fd8
p 2
C 66
= 0x7f2a7c487940
R
P 0x7f2a7c191628
C 342
R
P 0x7f2a7c191628
P 0x7f2a7c487940
C 257
R
P 0x7f2a7c191628
C 342
R
P 0x7f2a7c191628
P 0x7f2a7c487940
C 254
= 0x7f2a7c19b208
R
P 0x7f2a7c191628
C 342
R
P 0x7f2a7c191628
P 0x7f2a7c19b208
C 209
R
P 0x7f2a7c191628
C 342
R
P 0x7f2a7c191628
P 0x7f2a7c487940
C 260
R
P 0x7f2a7c191628
C 342
R
P 0x7f2a7c191628
P 0x7f2a7c487940
C 259
R
P 0x7f2a7c191628
C 342
R
P 0x7f2a7c191628
P 0x7f2a7c487940
C 258
R
P 0x7f2a7c191628
C 342
R
P 0x7f2a7c191628
P 0x7f2a7c487940
C 9
R
P 0x7f2a7c191628
C 342
R
P 0x7f2a7c191628
U 2
P 0x7f2a7c19bb88
P 0x7f2a7c487940
p 2
C 65
= 0x7f2a7c487978
R
P 0x7f2a7c191628
C 342
R
P 0x7f2a7c191628
P 0x7f2a7c487978
C 257
R
P 0x7f2a7c191628
C 342
R
P 0x7f2a7c191628
P 0x7f2a7c487978
C 254
= 0x7f2a7c19b1e8
R
P 0x7f2a7c191628
C 342
R
P 0x7f2a7c191628
P 0x7f2a7c19b1e8
C 209
R
P 0x7f2a7c191628
C 342
R
P 0x7f2a7c191628
P 0x7f2a7c487978
C 260
R
P 0x7f2a7c191628
C 342
R
P 0x7f2a7c191628
P 0x7f2a7c487978
C 259
R
P 0x7f2a7c191628
C 342
R
P 0x7f2a7c191628
P 0x7f2a7c487978
C 258
R
P 0x7f2a7c191628
C 342
R
P 0x7f2a7c191628
P 0x7f2a7c487978
C 9
R
P 0x7f2a7c191628
C 342
R
P 0x7f2a7c191628
P 0x7f2a7c486fa0
P 0x7f2a7c487978
P 0x7f2a7c19bb88
C 59
= 0x7f2a7c19fa08
R
P 0x7f2a7c191628
C 342
R
P 0x7f2a7c191628
P 0x7f2a7c19fa08
C 257
R
P 0x7f2a7c191628
C 342
R
P 0x7f2a7c191628
P 0x7f2a7c19fa08
C 254
= 0x7f2a7c19b1e8
R
P 0x7f2a7c191628
C 342
R
P 0x7f2a7c191628
P 0x7f2a7c19b1e8
C 209
R
P 0x7f2a7c191628
C 342
R
P 0x7f2a7c191628
P 0x7f2a7c19fa08
C 260
R
P 0x7f2a7c191628
C 342
R
P 0x7f2a7c191628
P 0x7f2a7c19fa08
C 259
R
P 0x7f2a7c191628
C 342
R
P 0x7f2a7c191628
P 0x7f2a7c19fa08
C 258
R
P 0x7f2a7c191628
C 342
R
P 0x7f2a7c191628
P 0x7f2a7c19fa08
C 9
R
P 0x7f2a7c191628
C 342
R
P 0x7f2a7c191628
U 2
P 0x7f2a7c487908
P 0x7f2a7c19fa08
p 2
C 65
= 0x7f2a7c4879b0
R
P 0x7f2a7c191628
C 342
R
P 0x7f2a7c191628
P 0x7f2a7c4879b0
C 257
R
P 0x7f2a7c191628
C 342
R
P 0x7f2a7c191628
P 0x7f2a7c4879b0
C 254
= 0x7f2a7c19b1e8
R
P 0x7f2a7c191628
C 342
R
P 0x7f2a7c191628
P 0x7f2a7c19b1e8
C 209
R
P 0x7f2a7c191628
C 342
R
P 0x7f2a7c191628
P 0x7f2a7c4879b0
C 260
R
P 0x7f2a7c191628
C 342
R
P 0x7f2a7c191628
P 0x7f2a7c4879b0
C 259
R
P 0x7f2a7c191628
C 342
R
P 0x7f2a7c191628
P 0x7f2a7c4879b0
C 258
R
P 0x7f2a7c191628
C 342
R
P 0x7f2a7c191628
P 0x7f2a7c4879b0
C 9
R
P 0x7f2a7c191628
C 342
R
P 0x7f2a7c191628
U 2
P 0x7f2a7c4879b0
P 0x7f2a7c19bb68
p 2
C 67
= 0x7f2a7c4879e8
R
P 0x7f2a7c191628
C 342
R
P 0x7f2a7c191628
P 0x7f2a7c4879e8
C 257
R
P 0x7f2a7c191628
C 342
R
P 0x7f2a7c191628
P 0x7f2a7c4879e8
C 254
= 0x7f2a7c19b1e8
R
P 0x7f2a7c191628
C 342
R
P 0x7f2a7c191628
P 0x7f2a7c19b1e8
C 209
R
P 0x7f2a7c191628
C 342
R
P 0x7f2a7c191628
P 0x7f2a7c4879e8
C 260
R
P 0x7f2a7c191628
C 342
R
P 0x7f2a7c191628
P 0x7f2a7c4879e8
C 259
R
P 0x7f2a7c191628
C 342
R
P 0x7f2a7c191628
P 0x7f2a7c4879e8
C 258
R
P 0x7f2a7c191628
C 342
R
P 0x7f2a7c191628
P 0x7f2a7c4879e8
C 9
R
P 0x7f2a7c191628
C 342
R
P 0x7f2a7c191628
P 0x7f2a7c1a1970
P 0x7f2a7c4879e8
C 75
= 0x7f2a7c48cdd8
R
P 0x7f2a7c191628
C 342
R
P 0x7f2a7c191628
P 0x7f2a7c48cdd8
C 258
R
P 0x7f2a7c191628
C 342
R
P 0x7f2a7c191628
P 0x7f2a7c48cdd8
C 9
R
P 0x7f2a7c191628
C 342
R
P 0x7f2a7c191628
I 2
P 0x7f2a7c19b208
C 150
= 0x7f2a7c19bcc8
R
P 0x7f2a7c191628
C 342
R
P 0x7f2a7c191628
P 0x7f2a7c19bcc8
C 258
R
P 0x7f2a7c191628
C 342
R
P 0x7f2a7c191628
P 0x7f2a7c19bcc8
C 9
R
P 0x7f2a7c191628
C 342
R
P 0x7f2a7c191628
I 1
P 0x7f2a7c19b208
C 150
= 0x7f2a7c19bc88
R
P 0x7f2a7c191628
C 342
R
P 0x7f2a7c191628
P 0x7f2a7c19bc88
C 258
R
P 0x7f2a7c191628
C 342
R
P 0x7f2a7c191628
P 0x7f2a7c19bc88
C 9
R
P 0x7f2a7c191628
C 342
R
P 0x7f2a7c191628
P 0x7f2a7c19bcc8
P 0x7f2a7c19bc88
C 75
= 0x7f2a7c1a1890
R
P 0x7f2a7c191628
C 342
R
P 0x7f2a7c191628
P 0x7f2a7c1a1890
C 258
R
P 0x7f2a7c191628
C 342
R
P 0x7f2a7c191628
P 0x7f2a7c1a1890
C 9
R
P 0x7f2a7c191628
C 342
R
P 0x7f2a7c191628
I 1
P 0x7f2a7c19b208
C 150
= 0x7f2a7c19bc88
R
P 0x7f2a7c191628
C 342
R
P 0x7f2a7c191628
P 0x7f2a7c19bc88
C 258
R
P 0x7f2a7c191628
C 342
R
P 0x7f2a7c191628
P 0x7f2a7c19bc88
C 9
R
P 0x7f2a7c191628
C 342
R
P 0x7f2a7c191628
U 2
P 0x7f2a7c19bcc8
P 0x7f2a7c19bc88
p 2
C 67
= 0x7f2a7c1a18c8
R
P 0x7f2a7c191628
C 342
R
P 0x7f2a7c191628
P 0x7f2a7c1a18c8
C 257
R
P 0x7f2a7c191628
C 342
R
P 0x7f2a7c191628
P 0x7f2a7c1a18c8
C 254
= 0x7f2a7c19b208
R
P 0x7f2a7c191628
C 342
R
P 0x7f2a7c191628
P 0x7f2a7c19b208
C 209
R
P 0x7f2a7c191628
C 342
R
P 0x7f2a7c191628
P 0x7f2a7c1a18c8
C 260
R
P 0x7f2a7c191628
C 342
R
P 0x7f2a7c191628
P 0x7f2a7c1a18c8
C 259
R
P 0x7f2a7c191628
C 342
R
P 0x7f2a7c191628
P 0x7f2a7c1a18c8
C 258
R
P 0x7f2a7c191628
C 342
R
P 0x7f2a7c191628
P 0x7f2a7c1a18c8
C 9
R
P 0x7f2a7c191628
C 342
R
P 0x7f2a7c191628
U 2
P 0x7f2a7c19bba8
P 0x7f2a7c1a18c8
p 2
C 66
= 0x7f2a7c1a1900
R
P 0x7f2a7c191628
C 342
R
P 0x7f2a7c191628
P 0x7f2a7c1a1900
C 257
R
P 0x7f2a7c191628
C 342
R
P 0x7f2a7c191628
P 0x7f2a7c1a1900
C 254
= 0x7f2a7c19b1e8
R
P 0x7f2a7c191628
C 342
R
P 0x7f2a7c191628
P 0x7f2a7c19b1e8
C 209
R
P 0x7f2a7c191628
C 342
R
P 0x7f2a7c191628
P 0x7f2a7c1a1900
C 260
R
P 0x7f2a7c191628
C 342
R
P 0x7f2a7c191628
P 0x7f2a7c1a1900
C 259
R
P 0x7f2a7c191628
C 342
R
P 0x7f2a7c191628
P 0x7f2a7c1a1900
C 258
R
P 0x7f2a7c191628
C 342
R
P 0x7f2a7c191628
P 0x7f2a7c1a1900
C 9
R
P 0x7f2a7c191628
C 342
R
P 0x7f2a7c191628
U 2
P 0x7f2a7c19bc28
P 0x7f2a7c1a1900
p 2
C 65
= 0x7f2a7c1a1938
R
P 0x7f2a7c191628
C 342
R
P 0x7f2a7c191628
P 0x7f2a7c1a1938
C 257
R
P 0x7f2a7c191628
C 342
R
P 0x7f2a7c191628
P 0x7f2a7c1a1938
C 254
= 0x7f2a7c19b1e8
R
P 0x7f2a7c191628
C 342
R
P 0x7f2a7c191628
P 0x7f2a7c19b1e8
C 209
R
P 0x7f2a7c191628
C 342
R
P 0x7f2a7c191628
P 0x7f2a7c1a1938
C 260
R
P 0x7f2a7c191628
C 342
R
P 0x7f2a7c191628
P 0x7f2a7c1a1938
C 259
R
P 0x7f2a7c191628
C 342
R
P 0x7f2a7c191628
P 0x7f2a7c1a1938
C 258
R
P 0x7f2a7c191628
C 342
R
P 0x7f2a7c191628
P 0x7f2a7c1a1938
C 9
R
P 0x7f2a7c191628
C 342
R
P 0x7f2a7c191628
P 0x7f2a7c1a1890
P 0x7f2a7c1a1938
P 0x7f2a7c19bc28
C 59
= 0x7f2a7c19f888
R
P 0x7f2a7c191628
C 342
R
P 0x7f2a7c191628
P 0x7f2a7c19f888
C 257
R
P 0x7f2a7c191628
C 342
R
P 0x7f2a7c191628
P 0x7f2a7c19f888
C 254
= 0x7f2a7c19b1e8
R
P 0x7f2a7c191628
C 342
R
P 0x7f2a7c191628
P 0x7f2a7c19b1e8
C 209
R
P 0x7f2a7c191628
C 342
R
P 0x7f2a7c191628
P 0x7f2a7c19f888
C 260
R
P 0x7f2a7c191628
C 342
R
P 0x7f2a7c191628
P 0x7f2a7c19f888
C 259
R
P 0x7f2a7c191628
C 342
R
P 0x7f2a7c191628
P 0x7f2a7c19f888
C 258
R
P 0x7f2a7c191628
C 342
R
P 0x7f2a7c191628
P 0x7f2a7c19f888
C 9
R
P 0x7f2a7c191628
C 342
R
P 0x7f2a7c191628
U 2
P 0x7f2a7c19f888
P 0x7f2a7c19bb48
p 2
C 65
= 0x7f2a7c1a1970
R
P 0x7f2a7c191628
C 342
R
P 0x7f2a7c191628
P 0x7f2a7c1a1970
C 257
R
P 0x7f2a7c191628
C 342
R
P 0x7f2a7c191628
P 0x7f2a7c1a1970
C 254
= 0x7f2a7c19b1e8
R
P 0x7f2a7c191628
C 342
R
P 0x7f2a7c191628
P 0x7f2a7c19b1e8
C 209
R
P 0x7f2a7c191628
C 342
R
P 0x7f2a7c191628
P 0x7f2a7c1a1970
C 260
R
P 0x7f2a7c191628
C 342
R
P 0x7f2a7c191628
P 0x7f2a7c1a1970
C 259
R
P 0x7f2a7c191628
C 342
R
P 0x7f2a7c191628
P 0x7f2a7c1a1970
C 258
R
P 0x7f2a7c191628
C 342
R
P 0x7f2a7c191628
P 0x7f2a7c1a1970
C 9
R
P 0x7f2a7c191628
C 342
R
P 0x7f2a7c191628
I 0
P 0x7f2a7c19b208
C 150
= 0x7f2a7c19bd08
R
P 0x7f2a7c191628
C 342
R
P 0x7f2a7c191628
P 0x7f2a7c19bd08
C 258
R
P 0x7f2a7c191628
C 342
R
P 0x7f2a7c191628
P 0x7f2a7c19bd08
C 9
R
P 0x7f2a7c191628
C 342
R
P 0x7f2a7c191628
I 1
P 0x7f2a7c19b208
C 150
= 0x7f2a7c19bc88
R
P 0x7f2a7c191628
C 342
R
P 0x7f2a7c191628
P 0x7f2a7c19bc88
C 258
R
P 0x7f2a7c191628
C 342
R
P 0x7f2a7c191628
P 0x7f2a7c19bc88
C 9
R
P 0x7f2a7c191628
C 342
R
P 0x7f2a7c191628
P 0x7f2a7c19bd08
P 0x7f2a7c19bc88
C 75
= 0x7f2a7c486fa0
R
P 0x7f2a7c191628
C 342
R
P 0x7f2a7c191628
P 0x7f2a7c486fa0
C 258
R
P 0x7f2a7c191628
C 342
R
P 0x7f2a7c191628
P 0x7f2a7c486fa0
C 9
R
P 0x7f2a7c191628
C 342
R
P 0x7f2a7c191628
I 1
P 0x7f2a7c19b208
C 150
= 0x7f2a7c19bc88
R
P 0x7f2a7c191628
C 342
R
P 0x7f2a7c191628
P 0x7f2a7c19bc88
C 258
R
P 0x7f2a7c191628
C 342
R
P 0x7f2a7c191628
P 0x7f2a7c19bc88
C 9
R
P 0x7f2a7c191628
C 342
R
P 0x7f2a7c191628
U 2
P 0x7f2a7c19bd08
P 0x7f2a7c19bc88
p 2
C 67
= 0x7f2a7c486fd8
R
P 0x7f2a7c191628
C 342
R
P 0x7f2a7c191628
P 0x7f2a7c486fd8
C 257
R
P 0x7f2a7c191628
C 342
R
P 0x7f2a7c191628
P 0x7f2a7c486fd8
C 254
= 0x7f2a7c19b208
R
P 0x7f2a7c191628
C 342
R
P 0x7f2a7c191628
P 0x7f2a7c19b208
C 209
R
P 0x7f2a7c191628
C 342
R
P 0x7f2a7c191628
P 0x7f2a7c486fd8
C 260
R
P 0x7f2a7c191628
C 342
R
P 0x7f2a7c191628
P 0x7f2a7c486fd8
C 259
R
P 0x7f2a7c191628
C 342
R
P 0x7f2a7c191628
P 0x7f2a7c486fd8
C 258
R
P 0x7f2a7c191628
C 342
R
P 0x7f2a7c191628
P 0x7f2a7c486fd8
C 9
R
P 0x7f2a7c191628
C 342
R
P 0x7f2a7c191628
U 2
P 0x7f2a7c19bbe8
P 0x7f2a7c486fd8
p 2
C 66
= 0x7f2a7c487940
R
P 0x7f2a7c191628
C 342
R
P 0x7f2a7c191628
P 0x7f2a7c487940
C 257
R
P 0x7f2a7c191628
C 342
R
P 0x7f2a7c191628
P 0x7f2a7c487940
C 254
= 0x7f2a7c19b208
R
P 0x7f2a7c191628
C 342
R
P 0x7f2a7c191628
P 0x7f2a7c19b208
C 209
R
P 0x7f2a7c191628
C 342
R
P 0x7f2a7c191628
P 0x7f2a7c487940
C 260
R
P 0x7f2a7c191628
C 342
R
P 0x7f2a7c191628
P 0x7f2a7c487940
C 259
R
P 0x7f2a7c191628
C 342
R
P 0x7f2a7c191628
P 0x7f2a7c487940
C 258
R
P 0x7f2a7c191628
C 342
R
P 0x7f2a7c191628
P 0x7f2a7c487940
C 9
R
P 0x7f2a7c191628
C 342
R
P 0x7f2a7c191628
U 2
P 0x7f2a7c19bb88
P 0x7f2a7c487940
p 2
C 65
= 0x7f2a7c487978
R
P 0x7f2a7c191628
C 342
R
P 0x7f2a7c191628
P 0x7f2a7c487978
C 257
R
P 0x7f2a7c191628
C 342
R
P 0x7f2a7c191628
P 0x7f2a7c487978
C 254
= 0x7f2a7c19b1e8
R
P 0x7f2a7c191628
C 342
R
P 0x7f2a7c191628
P 0x7f2a7c19b1e8
C 209
R
P 0x7f2a7c191628
C 342
R
P 0x7f2a7c191628
P 0x7f2a7c487978
C 260
R
P 0x7f2a7c191628
C 342
R
P 0x7f2a7c191628
P 0x7f2a7c487978
C 259
R
P 0x7f2a7c191628
C 342
R
P 0x7f2a7c191628
P 0x7f2a7c487978
C 258
R
P 0x7f2a7c191628
C 342
R
P 0x7f2a7c191628
P 0x7f2a7c487978
C 9
R
P 0x7f2a7c191628
C 342
R
P 0x7f2a7c191628
P 0x7f2a7c486fa0
P 0x7f2a7c487978
P 0x7f2a7c19bb88
C 59
= 0x7f2a7c19fa08
R
P 0x7f2a7c191628
C 342
R
P 0x7f2a7c191628
P 0x7f2a7c19fa08
C 257
R
P 0x7f2a7c191628
C 342
R
P 0x7f2a7c191628
P 0x7f2a7c19fa08
C 254
= 0x7f2a7c19b1e8
R
P 0x7f2a7c191628
C 342
R
P 0x7f2a7c191628
P 0x7f2a7c19b1e8
C 209
R
P 0x7f2a7c191628
C 342
R
P 0x7f2a7c191628
P 0x7f2a7c19fa08
C 260
R
P 0x7f2a7c191628
C 342
R
P 0x7f2a7c191628
P 0x7f2a7c19fa08
C 259
R
P 0x7f2a7c191628
C 342
R
P 0x7f2a7c191628
P 0x7f2a7c19fa08
C 258
R
P 0x7f2a7c191628
C 342
R
P 0x7f2a7c191628
P 0x7f2a7c19fa08
C 9
R
P 0x7f2a7c191628
C 342
R
P 0x7f2a7c191628
U 2
P 0x7f2a7c19fa08
P 0x7f2a7c19bbe8
p 2
C 65
= 0x7f2a7c48bdf8
R
P 0x7f2a7c191628
C 342
R
P 0x7f2a7c191628
P 0x7f2a7c48bdf8
C 257
R
P 0x7f2a7c191628
C 342
R
P 0x7f2a7c191628
P 0x7f2a7c48bdf8
C 254
= 0x7f2a7c19b1e8
R
P 0x7f2a7c191628
C 342
R
P 0x7f2a7c191628
P 0x7f2a7c19b1e8
C 209
R
P 0x7f2a7c191628
C 342
R
P 0x7f2a7c191628
P 0x7f2a7c48bdf8
C 260
R
P 0x7f2a7c191628
C 342
R
P 0x7f2a7c191628
P 0x7f2a7c48bdf8
C 259
R
P 0x7f2a7c191628
C 342
R
P 0x7f2a7c191628
P 0x7f2a7c48bdf8
C 258
R
P 0x7f2a7c191628
C 342
R
P 0x7f2a7c191628
P 0x7f2a7c48bdf8
C 9
R
P 0x7f2a7c191628
C 342
R
P 0x7f2a7c191628
P 0x7f2a7c1a1970
P 0x7f2a7c48bdf8
C 74
= 0x7f2a7c48ce10
R
P 0x7f2a7c191628
C 342
R
P 0x7f2a7c191628
P 0x7f2a7c48ce10
C 258
R
P 0x7f2a7c191628
C 342
R
P 0x7f2a7c191628
P 0x7f2a7c48ce10
C 9
R
P 0x7f2a7c191628
C 342
R
P 0x7f2a7c191628
U 2
P 0x7f2a7c48cdd8
P 0x7f2a7c48ce10
p 2
C 63
= 0x7f2a7c48ce48
R
P 0x7f2a7c191628
C 342
R
P 0x7f2a7c191628
P 0x7f2a7c48ce48
C 258
R
P 0x7f2a7c191628
C 342
R
P 0x7f2a7c191628
P 0x7f2a7c48ce48
C 9
R
P 0x7f2a7c191628
C 342
R
P 0x7f2a7c191628
I 2
P 0x7f2a7c19b208
C 150
= 0x7f2a7c19bcc8
R
P 0x7f2a7c191628
C 342
R
P 0x7f2a7c191628
P 0x7f2a7c19bcc8
C 258
R
P 0x7f2a7c191628
C 342
R
P 0x7f2a7c191628
P 0x7f2a7c19bcc8
C 9
R
P 0x7f2a7c191628
C 342
R
P 0x7f2a7c191628
P 0x7f2a7c19bcc8
C 263
R
P 0x7f2a7c191628
C 342
R
P 0x7f2a7c191628
S "dev0T32"
C 30
R
P 0x7f2a7c191628
C 342
R
P 0x7f2a7c191628
$ |dev0T32|
C 202
R
P 0x7f2a7c191628
C 342
R
P 0x7f2a7c191628
$ |dev0T32|
P 0x7f2a7c19b1e8
C 51
= 0x7f2a7c19bce8
R
P 0x7f2a7c191628
C 342
R
P 0x7f2a7c191628
P 0x7f2a7c19bce8
C 257
R
P 0x7f2a7c191628
C 342
R
P 0x7f2a7c191628
P 0x7f2a7c19bce8
C 254
= 0x7f2a7c19b1e8
R
P 0x7f2a7c191628
C 342
R
P 0x7f2a7c191628
P 0x7f2a7c19b1e8
C 209
R
P 0x7f2a7c191628
C 342
R
P 0x7f2a7c191628
P 0x7f2a7c19bce8
C 260
R
P 0x7f2a7c191628
C 342
R
P 0x7f2a7c191628
P 0x7f2a7c19bce8
C 259
R
P 0x7f2a7c191628
C 342
R
P 0x7f2a7c191628
P 0x7f2a7c19bce8
C 258
R
P 0x7f2a7c191628
C 342
R
P 0x7f2a7c191628
P 0x7f2a7c19bce8
C 9
R
P 0x7f2a7c191628
C 342
R
P 0x7f2a7c191628
P 0x7f2a7c19bc68
C 333
R
P 0x7f2a7c191628
C 342
R
P 0x7f2a7c191628
S "slotflowPriorityStart"
C 30
R
P 0x7f2a7c191628
C 342
R
P 0x7f2a7c191628
$ |slotflowPriorityStart|
C 202
R
P 0x7f2a7c191628
C 342
R
P 0x7f2a7c191628
$ |slotflowPriorityStart|
P 0x7f2a7c19b1e8
C 51
= 0x7f2a7c19c2a8
R
P 0x7f2a7c191628
C 342
R
P 0x7f2a7c191628
P 0x7f2a7c19c2a8
C 257
R
P 0x7f2a7c191628
C 342
R
P 0x7f2a7c191628
P 0x7f2a7c19c2a8
C 254
= 0x7f2a7c19b1e8
R
P 0x7f2a7c191628
C 342
R
P 0x7f2a7c191628
P 0x7f2a7c19b1e8
C 209
R
P 0x7f2a7c191628
C 342
R
P 0x7f2a7c191628
P 0x7f2a7c19c2a8
C 260
R
P 0x7f2a7c191628
C 342
R
P 0x7f2a7c191628
P 0x7f2a7c19c2a8
C 259
R
P 0x7f2a7c191628
C 342
R
P 0x7f2a7c191628
P 0x7f2a7c19c2a8
C 258
R
P 0x7f2a7c191628
C 342
R
P 0x7f2a7c191628
P 0x7f2a7c19c2a8
C 9
R
P 0x7f2a7c191628
C 342
R
P 0x7f2a7c191628
P 0x7f2a7c19bc68
C 333
R
P 0x7f2a7c191628
C 342
R
P 0x7f2a7c191628
S "slotflowPriorityDuration"
C 30
R
P 0x7f2a7c191628
C 342
R
P 0x7f2a7c191628
$ |slotflowPriorityDuration|
C 202
R
P 0x7f2a7c191628
C 342
R
P 0x7f2a7c191628
$ |slotflowPriorityDuration|
P 0x7f2a7c19b1e8
C 51
= 0x7f2a7c19c268
R
P 0x7f2a7c191628
C 342
R
P 0x7f2a7c191628
P 0x7f2a7c19c268
C 257
R
P 0x7f2a7c191628
C 342
R
P 0x7f2a7c191628
P 0x7f2a7c19c268
C 254
= 0x7f2a7c19b1e8
R
P 0x7f2a7c191628
C 342
R
P 0x7f2a7c191628
P 0x7f2a7c19b1e8
C 209
R
P 0x7f2a7c191628
C 342
R
P 0x7f2a7c191628
P 0x7f2a7c19c268
C 260
R
P 0x7f2a7c191628
C 342
R
P 0x7f2a7c191628
P 0x7f2a7c19c268
C 259
R
P 0x7f2a7c191628
C 342
R
P 0x7f2a7c191628
P 0x7f2a7c19c268
C 258
R
P 0x7f2a7c191628
C 342
R
P 0x7f2a7c191628
P 0x7f2a7c19c268
C 9
R
P 0x7f2a7c191628
C 342
R
P 0x7f2a7c191628
U 2
P 0x7f2a7c19c2a8
P 0x7f2a7c19c268
p 2
C 65
= 0x7f2a7c487908
R
P 0x7f2a7c191628
C 342
R
P 0x7f2a7c191628
P 0x7f2a7c487908
C 257
R
P 0x7f2a7c191628
C 342
R
P 0x7f2a7c191628
P 0x7f2a7c487908
C 254
= 0x7f2a7c19b1e8
R
P 0x7f2a7c191628
C 342
R
P 0x7f2a7c191628
P 0x7f2a7c19b1e8
C 209
R
P 0x7f2a7c191628
C 342
R
P 0x7f2a7c191628
P 0x7f2a7c487908
C 260
R
P 0x7f2a7c191628
C 342
R
P 0x7f2a7c191628
P 0x7f2a7c487908
C 259
R
P 0x7f2a7c191628
C 342
R
P 0x7f2a7c191628
P 0x7f2a7c487908
C 258
R
P 0x7f2a7c191628
C 342
R
P 0x7f2a7c191628
P 0x7f2a7c487908
C 9
R
P 0x7f2a7c191628
C 342
R
P 0x7f2a7c191628
I 1
P 0x7f2a7c19b208
C 150
= 0x7f2a7c19bc88
R
P 0x7f2a7c191628
C 342
R
P 0x7f2a7c191628
P 0x7f2a7c19bc88
C 258
R
P 0x7f2a7c191628
C 342
R
P 0x7f2a7c191628
P 0x7f2a7c19bc88
C 9
R
P 0x7f2a7c191628
C 342
R
P 0x7f2a7c191628
I 1
P 0x7f2a7c19b208
C 150
= 0x7f2a7c19bc88
R
P 0x7f2a7c191628
C 342
R
P 0x7f2a7c191628
P 0x7f2a7c19bc88
C 258
R
P 0x7f2a7c191628
C 342
R
P 0x7f2a7c191628
P 0x7f2a7c19bc88
C 9
R
P 0x7f2a7c191628
C 342
R
P 0x7f2a7c191628
P 0x7f2a7c19bc88
P 0x7f2a7c19bc88
C 75
= 0x7f2a7c1a1778
R
P 0x7f2a7c191628
C 342
R
P 0x7f2a7c191628
P 0x7f2a7c1a1778
C 258
R
P 0x7f2a7c191628
C 342
R
P 0x7f2a7c191628
P 0x7f2a7c1a1778
C 9
R
P 0x7f2a7c191628
C 342
R
P 0x7f2a7c191628
I 1
P 0x7f2a7c19b208
C 150
= 0x7f2a7c19bc88
R
P 0x7f2a7c191628
C 342
R
P 0x7f2a7c191628
P 0x7f2a7c19bc88
C 258
R
P 0x7f2a7c191628
C 342
R
P 0x7f2a7c191628
P 0x7f2a7c19bc88
C 9
R
P 0x7f2a7c191628
C 342
R
P 0x7f2a7c191628
U 2
P 0x7f2a7c19bc88
P 0x7f2a7c19bc88
p 2
C 67
= 0x7f2a7c1a17b0
R
P 0x7f2a7c191628
C 342
R
P 0x7f2a7c191628
P 0x7f2a7c1a17b0
C 257
R
P 0x7f2a7c191628
C 342
R
P 0x7f2a7c191628
P 0x7f2a7c1a17b0
C 254
= 0x7f2a7c19b208
R
P 0x7f2a7c191628
C 342
R
P 0x7f2a7c191628
P 0x7f2a7c19b208
C 209
R
P 0x7f2a7c191628
C 342
R
P 0x7f2a7c191628
P 0x7f2a7c1a17b0
C 260
R
P 0x7f2a7c191628
C 342
R
P 0x7f2a7c191628
P 0x7f2a7c1a17b0
C 259
R
P 0x7f2a7c191628
C 342
R
P 0x7f2a7c191628
P 0x7f2a7c1a17b0
C 258
R
P 0x7f2a7c191628
C 342
R
P 0x7f2a7c191628
P 0x7f2a7c1a17b0
C 9
R
P 0x7f2a7c191628
C 342
R
P 0x7f2a7c191628
U 2
P 0x7f2a7c19bbe8
P 0x7f2a7c1a17b0
p 2
C 66
= 0x7f2a7c487b70
R
P 0x7f2a7c191628
C 342
R
P 0x7f2a7c191628
P 0x7f2a7c487b70
C 257
R
P 0x7f2a7c191628
C 342
R
P 0x7f2a7c191628
P 0x7f2a7c487b70
C 254
= 0x7f2a7c19b208
R
P 0x7f2a7c191628
C 342
R
P 0x7f2a7c191628
P 0x7f2a7c19b208
C 209
R
P 0x7f2a7c191628
C 342
R
P 0x7f2a7c191628
P 0x7f2a7c487b70
C 260
R
P 0x7f2a7c191628
C 342
R
P 0x7f2a7c191628
P 0x7f2a7c487b70
C 259
R
P 0x7f2a7c191628
C 342
R
P 0x7f2a7c191628
P 0x7f2a7c487b70
C 258
R
P 0x7f2a7c191628
C 342
R
P 0x7f2a7c191628
P 0x7f2a7c487b70
C 9
R
P 0x7f2a7c191628
C 342
R
P 0x7f2a7c191628
U 2
P 0x7f2a7c19bb88
P 0x7f2a7c487b70
p 2
C 65
= 0x7f2a7c487ba8
R
P 0x7f2a7c191628
C 342
R
P 0x7f2a7c191628
P 0x7f2a7c487ba8
C 257
R
P 0x7f2a7c191628
C 342
R
P 0x7f2a7c191628
P 0x7f2a7c487ba8
C 254
= 0x7f2a7c19b1e8
R
P 0x7f2a7c191628
C 342
R
P 0x7f2a7c191628
P 0x7f2a7c19b1e8
C 209
R
P 0x7f2a7c191628
C 342
R
P 0x7f2a7c191628
P 0x7f2a7c487ba8
C 260
R
P 0x7f2a7c191628
C 342
R
P 0x7f2a7c191628
P 0x7f2a7c487ba8
C 259
R
P 0x7f2a7c191628
C 342
R
P 0x7f2a7c191628
P 0x7f2a7c487ba8
C 258
R
P 0x7f2a7c191628
C 342
R
P 0x7f2a7c191628
P 0x7f2a7c487ba8
C 9
R
P 0x7f2a7c191628
C 342
R
P 0x7f2a7c191628
P 0x7f2a7c1a1778
P 0x7f2a7c487ba8
P 0x7f2a7c19bb88
C 59
= 0x7f2a7c19fa48
R
P 0x7f2a7c191628
C 342
R
P 0x7f2a7c191628
P 0x7f2a7c19fa48
C 257
R
P 0x7f2a7c191628
C 342
R
P 0x7f2a7c191628
P 0x7f2a7c19fa48
C 254
= 0x7f2a7c19b1e8
R
P 0x7f2a7c191628
C 342
R
P 0x7f2a7c191628
P 0x7f2a7c19b1e8
C 209
R
P 0x7f2a7c191628
C 342
R
P 0x7f2a7c191628
P 0x7f2a7c19fa48
C 260
R
P 0x7f2a7c191628
C 342
R
P 0x7f2a7c191628
P 0x7f2a7c19fa48
C 259
R
P 0x7f2a7c191628
C 342
R
P 0x7f2a7c191628
P 0x7f2a7c19fa48
C 258
R
P 0x7f2a7c191628
C 342
R
P 0x7f2a7c191628
P 0x7f2a7c19fa48
C 9
R
P 0x7f2a7c191628
C 342
R
P 0x7f2a7c191628
U 2
P 0x7f2a7c487908
P 0x7f2a7c19fa48
p 2
C 65
= 0x7f2a7c487be0
R
P 0x7f2a7c191628
C 342
R
P 0x7f2a7c191628
P 0x7f2a7c487be0
C 257
R
P 0x7f2a7c191628
C 342
R
P 0x7f2a7c191628
P 0x7f2a7c487be0
C 254
= 0x7f2a7c19b1e8
R
P 0x7f2a7c191628
C 342
R
P 0x7f2a7c191628
P 0x7f2a7c19b1e8
C 209
R
P 0x7f2a7c191628
C 342
R
P 0x7f2a7c191628
P 0x7f2a7c487be0
C 260
R
P 0x7f2a7c191628
C 342
R
P 0x7f2a7c191628
P 0x7f2a7c487be0
C 259
R
P 0x7f2a7c191628
C 342
R
P 0x7f2a7c191628
P 0x7f2a7c487be0
C 258
R
P 0x7f2a7c191628
C 342
R
P 0x7f2a7c191628
P 0x7f2a7c487be0
C 9
R
P 0x7f2a7c191628
C 342
R
P 0x7f2a7c191628
P 0x7f2a7c19bce8
P 0x7f2a7c487be0
C 74
= 0x7f2a7c48a930
R
P 0x7f2a7c191628
C 342
R
P 0x7f2a7c191628
P 0x7f2a7c48a930
C 258
R
P 0x7f2a7c191628
C 342
R
P 0x7f2a7c191628
P 0x7f2a7c48a930
C 9
R
P 0x7f2a7c191628
C 342
R
P 0x7f2a7c191628
I 2
P 0x7f2a7c19b208
C 150
= 0x7f2a7c19bcc8
R
P 0x7f2a7c191628
C 342
R
P 0x7f2a7c191628
P 0x7f2a7c19bcc8
C 258
R
P 0x7f2a7c191628
C 342
R
P 0x7f2a7c191628
P 0x7f2a7c19bcc8
C 9
R
P 0x7f2a7c191628
C 342
R
P 0x7f2a7c191628
P 0x7f2a7c19bcc8
C 263
R
P 0x7f2a7c191628
C 342
R
P 0x7f2a7c191628
S "dev0T32"
C 30
R
P 0x7f2a7c191628
C 342
R
P 0x7f2a7c191628
$ |dev0T32|
C 202
R
P 0x7f2a7c191628
C 342
R
P 0x7f2a7c191628
$ |dev0T32|
P 0x7f2a7c19b1e8
C 51
= 0x7f2a7c19bce8
R
P 0x7f2a7c191628
C 342
R
P 0x7f2a7c191628
P 0x7f2a7c19bce8
C 257
R
P 0x7f2a7c191628
C 342
R
P 0x7f2a7c191628
P 0x7f2a7c19bce8
C 254
= 0x7f2a7c19b1e8
R
P 0x7f2a7c191628
C 342
R
P 0x7f2a7c191628
P 0x7f2a7c19b1e8
C 209
R
P 0x7f2a7c191628
C 342
R
P 0x7f2a7c191628
P 0x7f2a7c19bce8
C 260
R
P 0x7f2a7c191628
C 342
R
P 0x7f2a7c191628
P 0x7f2a7c19bce8
C 259
R
P 0x7f2a7c191628
C 342
R
P 0x7f2a7c191628
P 0x7f2a7c19bce8
C 258
R
P 0x7f2a7c191628
C 342
R
P 0x7f2a7c191628
P 0x7f2a7c19bce8
C 9
R
P 0x7f2a7c191628
C 342
R
P 0x7f2a7c191628
P 0x7f2a7c19bc68
C 333
R
P 0x7f2a7c191628
C 342
R
P 0x7f2a7c191628
S "slotflowPriorityStart"
C 30
R
P 0x7f2a7c191628
C 342
R
P 0x7f2a7c191628
$ |slotflowPriorityStart|
C 202
R
P 0x7f2a7c191628
C 342
R
P 0x7f2a7c191628
$ |slotflowPriorityStart|
P 0x7f2a7c19b1e8
C 51
= 0x7f2a7c19c2a8
R
P 0x7f2a7c191628
C 342
R
P 0x7f2a7c191628
P 0x7f2a7c19c2a8
C 257
R
P 0x7f2a7c191628
C 342
R
P 0x7f2a7c191628
P 0x7f2a7c19c2a8
C 254
= 0x7f2a7c19b1e8
R
P 0x7f2a7c191628
C 342
R
P 0x7f2a7c191628
P 0x7f2a7c19b1e8
C 209
R
P 0x7f2a7c191628
C 342
R
P 0x7f2a7c191628
P 0x7f2a7c19c2a8
C 260
R
P 0x7f2a7c191628
C 342
R
P 0x7f2a7c191628
P 0x7f2a7c19c2a8
C 259
R
P 0x7f2a7c191628
C 342
R
P 0x7f2a7c191628
P 0x7f2a7c19c2a8
C 258
R
P 0x7f2a7c191628
C 342
R
P 0x7f2a7c191628
P 0x7f2a7c19c2a8
C 9
R
P 0x7f2a7c191628
C 342
R
P 0x7f2a7c191628
I 0
P 0x7f2a7c19b208
C 150
= 0x7f2a7c19bd08
R
P 0x7f2a7c191628
C 342
R
P 0x7f2a7c191628
P 0x7f2a7c19bd08
C 258
R
P 0x7f2a7c191628
C 342
R
P 0x7f2a7c191628
P 0x7f2a7c19bd08
C 9
R
P 0x7f2a7c191628
C 342
R
P 0x7f2a7c191628
I 1
P 0x7f2a7c19b208
C 150
= 0x7f2a7c19bc88
R
P 0x7f2a7c191628
C 342
R
P 0x7f2a7c191628
P 0x7f2a7c19bc88
C 258
R
P 0x7f2a7c191628
C 342
R
P 0x7f2a7c191628
P 0x7f2a7c19bc88
C 9
R
P 0x7f2a7c191628
C 342
R
P 0x7f2a7c191628
P 0x7f2a7c19bd08
P 0x7f2a7c19bc88
C 75
= 0x7f2a7c486fa0
R
P 0x7f2a7c191628
C 342
R
P 0x7f2a7c191628
P 0x7f2a7c486fa0
C 258
R
P 0x7f2a7c191628
C 342
R
P 0x7f2a7c191628
P 0x7f2a7c486fa0
C 9
R
P 0x7f2a7c191628
C 342
R
P 0x7f2a7c191628
I 1
P 0x7f2a7c19b208
C 150
= 0x7f2a7c19bc88
R
P 0x7f2a7c191628
C 342
R
P 0x7f2a7c191628
P 0x7f2a7c19bc88
C 258
R
P 0x7f2a7c191628
C 342
R
P 0x7f2a7c191628
P 0x7f2a7c19bc88
C 9
R
P 0x7f2a7c191628
C 342
R
P 0x7f2a7c191628
U 2
P 0x7f2a7c19bd08
P 0x7f2a7c19bc88
p 2
C 67
= 0x7f2a7c486fd8
R
P 0x7f2a7c191628
C 342
R
P 0x7f2a7c191628
P 0x7f2a7c486fd8
C 257
R
P 0x7f2a7c191628
C 342
R
P 0x7f2a7c191628
P 0x7f2a7c486fd8
C 254
= 0x7f2a7c19b208
R
P 0x7f2a7c191628
C 342
R
P 0x7f2a7c191628
P 0x7f2a7c19b208
C 209
R
P 0x7f2a7c191628
C 342
R
P 0x7f2a7c191628
P 0x7f2a7c486fd8
C 260
R
P 0x7f2a7c191628
C 342
R
P 0x7f2a7c191628
P 0x7f2a7c486fd8
C 259
R
P 0x7f2a7c191628
C 342
R
P 0x7f2a7c191628
P 0x7f2a7c486fd8
C 258
R
P 0x7f2a7c191628
C 342
R
P 0x7f2a7c191628
P 0x7f2a7c486fd8
C 9
R
P 0x7f2a7c191628
C 342
R
P 0x7f2a7c191628
U 2
P 0x7f2a7c19bbe8
P 0x7f2a7c486fd8
p 2
C 66
= 0x7f2a7c487940
R
P 0x7f2a7c191628
C 342
R
P 0x7f2a7c191628
P 0x7f2a7c487940
C 257
R
P 0x7f2a7c191628
C 342
R
P 0x7f2a7c191628
P 0x7f2a7c487940
C 254
= 0x7f2a7c19b208
R
P 0x7f2a7c191628
C 342
R
P 0x7f2a7c191628
P 0x7f2a7c19b208
C 209
R
P 0x7f2a7c191628
C 342
R
P 0x7f2a7c191628
P 0x7f2a7c487940
C 260
R
P 0x7f2a7c191628
C 342
R
P 0x7f2a7c191628
P 0x7f2a7c487940
C 259
R
P 0x7f2a7c191628
C 342
R
P 0x7f2a7c191628
P 0x7f2a7c487940
C 258
R
P 0x7f2a7c191628
C 342
R
P 0x7f2a7c191628
P 0x7f2a7c487940
C 9
R
P 0x7f2a7c191628
C 342
R
P 0x7f2a7c191628
U 2
P 0x7f2a7c19bb88
P 0x7f2a7c487940
p 2
C 65
= 0x7f2a7c487978
R
P 0x7f2a7c191628
C 342
R
P 0x7f2a7c191628
P 0x7f2a7c487978
C 257
R
P 0x7f2a7c191628
C 342
R
P 0x7f2a7c191628
P 0x7f2a7c487978
C 254
= 0x7f2a7c19b1e8
R
P 0x7f2a7c191628
C 342
R
P 0x7f2a7c191628
P 0x7f2a7c19b1e8
C 209
R
P 0x7f2a7c191628
C 342
R
P 0x7f2a7c191628
P 0x7f2a7c487978
C 260
R
P 0x7f2a7c191628
C 342
R
P 0x7f2a7c191628
P 0x7f2a7c487978
C 259
R
P 0x7f2a7c191628
C 342
R
P 0x7f2a7c191628
P 0x7f2a7c487978
C 258
R
P 0x7f2a7c191628
C 342
R
P 0x7f2a7c191628
P 0x7f2a7c487978
C 9
R
P 0x7f2a7c191628
C 342
R
P 0x7f2a7c191628
P 0x7f2a7c486fa0
P 0x7f2a7c487978
P 0x7f2a7c19bb88
C 59
= 0x7f2a7c19fa08
R
P 0x7f2a7c191628
C 342
R
P 0x7f2a7c191628
P 0x7f2a7c19fa08
C 257
R
P 0x7f2a7c191628
C 342
R
P 0x7f2a7c191628
P 0x7f2a7c19fa08
C 254
= 0x7f2a7c19b1e8
R
P 0x7f2a7c191628
C 342
R
P 0x7f2a7c191628
P 0x7f2a7c19b1e8
C 209
R
P 0x7f2a7c191628
C 342
R
P 0x7f2a7c191628
P 0x7f2a7c19fa08
C 260
R
P 0x7f2a7c191628
C 342
R
P 0x7f2a7c191628
P 0x7f2a7c19fa08
C 259
R
P 0x7f2a7c191628
C 342
R
P 0x7f2a7c191628
P 0x7f2a7c19fa08
C 258
R
P 0x7f2a7c191628
C 342
R
P 0x7f2a7c191628
P 0x7f2a7c19fa08
C 9
R
P 0x7f2a7c191628
C 342
R
P 0x7f2a7c191628
U 2
P 0x7f2a7c19c2a8
P 0x7f2a7c19fa08
p 2
C 65
= 0x7f2a7c487a58
R
P 0x7f2a7c191628
C 342
R
P 0x7f2a7c191628
P 0x7f2a7c487a58
C 257
R
P 0x7f2a7c191628
C 342
R
P 0x7f2a7c191628
P 0x7f2a7c487a58
C 254
= 0x7f2a7c19b1e8
R
P 0x7f2a7c191628
C 342
R
P 0x7f2a7c191628
P 0x7f2a7c19b1e8
C 209
R
P 0x7f2a7c191628
C 342
R
P 0x7f2a7c191628
P 0x7f2a7c487a58
C 260
R
P 0x7f2a7c191628
C 342
R
P 0x7f2a7c191628
P 0x7f2a7c487a58
C 259
R
P 0x7f2a7c191628
C 342
R
P 0x7f2a7c191628
P 0x7f2a7c487a58
C 258
R
P 0x7f2a7c191628
C 342
R
P 0x7f2a7c191628
P 0x7f2a7c487a58
C 9
R
P 0x7f2a7c191628
C 342
R
P 0x7f2a7c191628
U 2
P 0x7f2a7c487a58
P 0x7f2a7c19bb68
p 2
C 65
= 0x7f2a7c4896b0
R
P 0x7f2a7c191628
C 342
R
P 0x7f2a7c191628
P 0x7f2a7c4896b0
C 257
R
P 0x7f2a7c191628
C 342
R
P 0x7f2a7c191628
P 0x7f2a7c4896b0
C 254
= 0x7f2a7c19b1e8
R
P 0x7f2a7c191628
C 342
R
P 0x7f2a7c191628
P 0x7f2a7c19b1e8
C 209
R
P 0x7f2a7c191628
C 342
R
P 0x7f2a7c191628
P 0x7f2a7c4896b0
C 260
R
P 0x7f2a7c191628
C 342
R
P 0x7f2a7c191628
P 0x7f2a7c4896b0
C 259
R
P 0x7f2a7c191628
C 342
R
P 0x7f2a7c191628
P 0x7f2a7c4896b0
C 258
R
P 0x7f2a7c191628
C 342
R
P 0x7f2a7c191628
P 0x7f2a7c4896b0
C 9
R
P 0x7f2a7c191628
C 342
R
P 0x7f2a7c191628
P 0x7f2a7c19bce8
P 0x7f2a7c4896b0
C 56
= 0x7f2a7c48ce80
R
P 0x7f2a7c191628
C 342
R
P 0x7f2a7c191628
P 0x7f2a7c48ce80
C 258
R
P 0x7f2a7c191628
C 342
R
P 0x7f2a7c191628
P 0x7f2a7c48ce80
C 9
R
P 0x7f2a7c191628
C 342
R
P 0x7f2a7c191628
U 2
P 0x7f2a7c48a930
P 0x7f2a7c48ce80
p 2
C 63
= 0x7f2a7c48ceb8
R
P 0x7f2a7c191628
C 342
R
P 0x7f2a7c191628
P 0x7f2a7c48ceb8
C 258
R
P 0x7f2a7c191628
C 342
R
P 0x7f2a7c191628
P 0x7f2a7c48ceb8
C 9
R
P 0x7f2a7c191628
C 342
R
P 0x7f2a7c191628
P 0x7f2a7c48ce48
P 0x7f2a7c48ceb8
C 61
= 0x7f2a7c48cef0
R
P 0x7f2a7c191628
C 342
R
P 0x7f2a7c191628
P 0x7f2a7c48cef0
C 258
R
P 0x7f2a7c191628
C 342
R
P 0x7f2a7c191628
P 0x7f2a7c48cef0
C 9
R
P 0x7f2a7c191628
C 342
R
P 0x7f2a7c191628
P 0x7f2a7c1e1fc8
P 0x7f2a7c48cef0
C 427
R
P 0x7f2a7c191628
C 342
R
P 0x7f2a7c191628
I 2
P 0x7f2a7c19b208
C 150
= 0x7f2a7c19bcc8
R
P 0x7f2a7c191628
C 342
R
P 0x7f2a7c191628
P 0x7f2a7c19bcc8
C 258
R
P 0x7f2a7c191628
C 342
R
P 0x7f2a7c191628
P 0x7f2a7c19bcc8
C 9
R
P 0x7f2a7c191628
C 342
R
P 0x7f2a7c191628
I 1
P 0x7f2a7c19b208
C 150
= 0x7f2a7c19bc88
R
P 0x7f2a7c191628
C 342
R
P 0x7f2a7c191628
P 0x7f2a7c19bc88
C 258
R
P 0x7f2a7c191628
C 342
R
P 0x7f2a7c191628
P 0x7f2a7c19bc88
C 9
R
P 0x7f2a7c191628
C 342
R
P 0x7f2a7c191628
P 0x7f2a7c19bcc8
P 0x7f2a7c19bc88
C 75
= 0x7f2a7c1a1890
R
P 0x7f2a7c191628
C 342
R
P 0x7f2a7c191628
P 0x7f2a7c1a1890
C 258
R
P 0x7f2a7c191628
C 342
R
P 0x7f2a7c191628
P 0x7f2a7c1a1890
C 9
R
P 0x7f2a7c191628
C 342
R
P 0x7f2a7c191628
I 1
P 0x7f2a7c19b208
C 150
= 0x7f2a7c19bc88
R
P 0x7f2a7c191628
C 342
R
P 0x7f2a7c191628
P 0x7f2a7c19bc88
C 258
R
P 0x7f2a7c191628
C 342
R
P 0x7f2a7c191628
P 0x7f2a7c19bc88
C 9
R
P 0x7f2a7c191628
C 342
R
P 0x7f2a7c191628
U 2
P 0x7f2a7c19bcc8
P 0x7f2a7c19bc88
p 2
C 67
= 0x7f2a7c1a18c8
R
P 0x7f2a7c191628
C 342
R
P 0x7f2a7c191628
P 0x7f2a7c1a18c8
C 257
R
P 0x7f2a7c191628
C 342
R
P 0x7f2a7c191628
P 0x7f2a7c1a18c8
C 254
= 0x7f2a7c19b208
R
P 0x7f2a7c191628
C 342
R
P 0x7f2a7c191628
P 0x7f2a7c19b208
C 209
R
P 0x7f2a7c191628
C 342
R
P 0x7f2a7c191628
P 0x7f2a7c1a18c8
C 260
R
P 0x7f2a7c191628
C 342
R
P 0x7f2a7c191628
P 0x7f2a7c1a18c8
C 259
R
P 0x7f2a7c191628
C 342
R
P 0x7f2a7c191628
P 0x7f2a7c1a18c8
C 258
R
P 0x7f2a7c191628
C 342
R
P 0x7f2a7c191628
P 0x7f2a7c1a18c8
C 9
R
P 0x7f2a7c191628
C 342
R
P 0x7f2a7c191628
U 2
P 0x7f2a7c19bba8
P 0x7f2a7c1a18c8
p 2
C 66
= 0x7f2a7c1a1900
R
P 0x7f2a7c191628
C 342
R
P 0x7f2a7c191628
P 0x7f2a7c1a1900
C 257
R
P 0x7f2a7c191628
C 342
R
P 0x7f2a7c191628
P 0x7f2a7c1a1900
C 254
= 0x7f2a7c19b1e8
R
P 0x7f2a7c191628
C 342
R
P 0x7f2a7c191628
P 0x7f2a7c19b1e8
C 209
R
P 0x7f2a7c191628
C 342
R
P 0x7f2a7c191628
P 0x7f2a7c1a1900
C 260
R
P 0x7f2a7c191628
C 342
R
P 0x7f2a7c191628
P 0x7f2a7c1a1900
C 259
R
P 0x7f2a7c191628
C 342
R
P 0x7f2a7c191628
P 0x7f2a7c1a1900
C 258
R
P 0x7f2a7c191628
C 342
R
P 0x7f2a7c191628
P 0x7f2a7c1a1900
C 9
R
P 0x7f2a7c191628
C 342
R
P 0x7f2a7c191628
U 2
P 0x7f2a7c19bc28
P 0x7f2a7c1a1900
p 2
C 65
= 0x7f2a7c1a1938
R
P 0x7f2a7c191628
C 342
R
P 0x7f2a7c191628
P 0x7f2a7c1a1938
C 257
R
P 0x7f2a7c191628
C 342
R
P 0x7f2a7c191628
P 0x7f2a7c1a1938
C 254
= 0x7f2a7c19b1e8
R
P 0x7f2a7c191628
C 342
R
P 0x7f2a7c191628
P 0x7f2a7c19b1e8
C 209
R
P 0x7f2a7c191628
C 342
R
P 0x7f2a7c191628
P 0x7f2a7c1a1938
C 260
R
P 0x7f2a7c191628
C 342
R
P 0x7f2a7c191628
P 0x7f2a7c1a1938
C 259
R
P 0x7f2a7c191628
C 342
R
P 0x7f2a7c191628
P 0x7f2a7c1a1938
C 258
R
P 0x7f2a7c191628
C 342
R
P 0x7f2a7c191628
P 0x7f2a7c1a1938
C 9
R
P 0x7f2a7c191628
C 342
R
P 0x7f2a7c191628
P 0x7f2a7c1a1890
P 0x7f2a7c1a1938
P 0x7f2a7c19bc28
C 59
= 0x7f2a7c19f888
R
P 0x7f2a7c191628
C 342
R
P 0x7f2a7c191628
P 0x7f2a7c19f888
C 257
R
P 0x7f2a7c191628
C 342
R
P 0x7f2a7c191628
P 0x7f2a7c19f888
C 254
= 0x7f2a7c19b1e8
R
P 0x7f2a7c191628
C 342
R
P 0x7f2a7c191628
P 0x7f2a7c19b1e8
C 209
R
P 0x7f2a7c191628
C 342
R
P 0x7f2a7c191628
P 0x7f2a7c19f888
C 260
R
P 0x7f2a7c191628
C 342
R
P 0x7f2a7c191628
P 0x7f2a7c19f888
C 259
R
P 0x7f2a7c191628
C 342
R
P 0x7f2a7c191628
P 0x7f2a7c19f888
C 258
R
P 0x7f2a7c191628
C 342
R
P 0x7f2a7c191628
P 0x7f2a7c19f888
C 9
R
P 0x7f2a7c191628
C 342
R
P 0x7f2a7c191628
U 2
P 0x7f2a7c19f888
P 0x7f2a7c19bb48
p 2
C 65
= 0x7f2a7c1a1970
R
P 0x7f2a7c191628
C 342
R
P 0x7f2a7c191628
P 0x7f2a7c1a1970
C 257
R
P 0x7f2a7c191628
C 342
R
P 0x7f2a7c191628
P 0x7f2a7c1a1970
C 254
= 0x7f2a7c19b1e8
R
P 0x7f2a7c191628
C 342
R
P 0x7f2a7c191628
P 0x7f2a7c19b1e8
C 209
R
P 0x7f2a7c191628
C 342
R
P 0x7f2a7c191628
P 0x7f2a7c1a1970
C 260
R
P 0x7f2a7c191628
C 342
R
P 0x7f2a7c191628
P 0x7f2a7c1a1970
C 259
R
P 0x7f2a7c191628
C 342
R
P 0x7f2a7c191628
P 0x7f2a7c1a1970
C 258
R
P 0x7f2a7c191628
C 342
R
P 0x7f2a7c191628
P 0x7f2a7c1a1970
C 9
R
P 0x7f2a7c191628
C 342
R
P 0x7f2a7c191628
P 0x7f2a7c19bc68
C 333
R
P 0x7f2a7c191628
C 342
R
P 0x7f2a7c191628
S "slotflowPriorityStart"
C 30
R
P 0x7f2a7c191628
C 342
R
P 0x7f2a7c191628
$ |slotflowPriorityStart|
C 202
R
P 0x7f2a7c191628
C 342
R
P 0x7f2a7c191628
$ |slotflowPriorityStart|
P 0x7f2a7c19b1e8
C 51
= 0x7f2a7c19c2a8
R
P 0x7f2a7c191628
C 342
R
P 0x7f2a7c191628
P 0x7f2a7c19c2a8
C 257
R
P 0x7f2a7c191628
C 342
R
P 0x7f2a7c191628
P 0x7f2a7c19c2a8
C 254
= 0x7f2a7c19b1e8
R
P 0x7f2a7c191628
C 342
R
P 0x7f2a7c191628
P 0x7f2a7c19b1e8
C 209
R
P 0x7f2a7c191628
C 342
R
P 0x7f2a7c191628
P 0x7f2a7c19c2a8
C 260
R
P 0x7f2a7c191628
C 342
R
P 0x7f2a7c191628
P 0x7f2a7c19c2a8
C 259
R
P 0x7f2a7c191628
C 342
R
P 0x7f2a7c191628
P 0x7f2a7c19c2a8
C 258
R
P 0x7f2a7c191628
C 342
R
P 0x7f2a7c191628
P 0x7f2a7c19c2a8
C 9
R
P 0x7f2a7c191628
C 342
R
P 0x7f2a7c191628
P 0x7f2a7c19bc68
C 333
R
P 0x7f2a7c191628
C 342
R
P 0x7f2a7c191628
S "slotflowPriorityDuration"
C 30
R
P 0x7f2a7c191628
C 342
R
P 0x7f2a7c191628
$ |slotflowPriorityDuration|
C 202
R
P 0x7f2a7c191628
C 342
R
P 0x7f2a7c191628
$ |slotflowPriorityDuration|
P 0x7f2a7c19b1e8
C 51
= 0x7f2a7c19c268
R
P 0x7f2a7c191628
C 342
R
P 0x7f2a7c191628
P 0x7f2a7c19c268
C 257
R
P 0x7f2a7c191628
C 342
R
P 0x7f2a7c191628
P 0x7f2a7c19c268
C 254
= 0x7f2a7c19b1e8
R
P 0x7f2a7c191628
C 342
R
P 0x7f2a7c191628
P 0x7f2a7c19b1e8
C 209
R
P 0x7f2a7c191628
C 342
R
P 0x7f2a7c191628
P 0x7f2a7c19c268
C 260
R
P 0x7f2a7c191628
C 342
R
P 0x7f2a7c191628
P 0x7f2a7c19c268
C 259
R
P 0x7f2a7c191628
C 342
R
P 0x7f2a7c191628
P 0x7f2a7c19c268
C 258
R
P 0x7f2a7c191628
C 342
R
P 0x7f2a7c191628
P 0x7f2a7c19c268
C 9
R
P 0x7f2a7c191628
C 342
R
P 0x7f2a7c191628
U 2
P 0x7f2a7c19c2a8
P 0x7f2a7c19c268
p 2
C 65
= 0x7f2a7c487908
R
P 0x7f2a7c191628
C 342
R
P 0x7f2a7c191628
P 0x7f2a7c487908
C 257
R
P 0x7f2a7c191628
C 342
R
P 0x7f2a7c191628
P 0x7f2a7c487908
C 254
= 0x7f2a7c19b1e8
R
P 0x7f2a7c191628
C 342
R
P 0x7f2a7c191628
P 0x7f2a7c19b1e8
C 209
R
P 0x7f2a7c191628
C 342
R
P 0x7f2a7c191628
P 0x7f2a7c487908
C 260
R
P 0x7f2a7c191628
C 342
R
P 0x7f2a7c191628
P 0x7f2a7c487908
C 259
R
P 0x7f2a7c191628
C 342
R
P 0x7f2a7c191628
P 0x7f2a7c487908
C 258
R
P 0x7f2a7c191628
C 342
R
P 0x7f2a7c191628
P 0x7f2a7c487908
C 9
R
P 0x7f2a7c191628
C 342
R
P 0x7f2a7c191628
I 1
P 0x7f2a7c19b208
C 150
= 0x7f2a7c19bc88
R
P 0x7f2a7c191628
C 342
R
P 0x7f2a7c191628
P 0x7f2a7c19bc88
C 258
R
P 0x7f2a7c191628
C 342
R
P 0x7f2a7c191628
P 0x7f2a7c19bc88
C 9
R
P 0x7f2a7c191628
C 342
R
P 0x7f2a7c191628
I 1
P 0x7f2a7c19b208
C 150
= 0x7f2a7c19bc88
R
P 0x7f2a7c191628
C 342
R
P 0x7f2a7c191628
P 0x7f2a7c19bc88
C 258
R
P 0x7f2a7c191628
C 342
R
P 0x7f2a7c191628
P 0x7f2a7c19bc88
C 9
R
P 0x7f2a7c191628
C 342
R
P 0x7f2a7c191628
P 0x7f2a7c19bc88
P 0x7f2a7c19bc88
C 75
= 0x7f2a7c1a1778
R
P 0x7f2a7c191628
C 342
R
P 0x7f2a7c191628
P 0x7f2a7c1a1778
C 258
R
P 0x7f2a7c191628
C 342
R
P 0x7f2a7c191628
P 0x7f2a7c1a1778
C 9
R
P 0x7f2a7c191628
C 342
R
P 0x7f2a7c191628
I 1
P 0x7f2a7c19b208
C 150
= 0x7f2a7c19bc88
R
P 0x7f2a7c191628
C 342
R
P 0x7f2a7c191628
P 0x7f2a7c19bc88
C 258
R
P 0x7f2a7c191628
C 342
R
P 0x7f2a7c191628
P 0x7f2a7c19bc88
C 9
R
P 0x7f2a7c191628
C 342
R
P 0x7f2a7c191628
U 2
P 0x7f2a7c19bc88
P 0x7f2a7c19bc88
p 2
C 67
= 0x7f2a7c1a17b0
R
P 0x7f2a7c191628
C 342
R
P 0x7f2a7c191628
P 0x7f2a7c1a17b0
C 257
R
P 0x7f2a7c191628
C 342
R
P 0x7f2a7c191628
P 0x7f2a7c1a17b0
C 254
= 0x7f2a7c19b208
R
P 0x7f2a7c191628
C 342
R
P 0x7f2a7c191628
P 0x7f2a7c19b208
C 209
R
P 0x7f2a7c191628
C 342
R
P 0x7f2a7c191628
P 0x7f2a7c1a17b0
C 260
R
P 0x7f2a7c191628
C 342
R
P 0x7f2a7c191628
P 0x7f2a7c1a17b0
C 259
R
P 0x7f2a7c191628
C 342
R
P 0x7f2a7c191628
P 0x7f2a7c1a17b0
C 258
R
P 0x7f2a7c191628
C 342
R
P 0x7f2a7c191628
P 0x7f2a7c1a17b0
C 9
R
P 0x7f2a7c191628
C 342
R
P 0x7f2a7c191628
U 2
P 0x7f2a7c19bbe8
P 0x7f2a7c1a17b0
p 2
C 66
= 0x7f2a7c487b70
R
P 0x7f2a7c191628
C 342
R
P 0x7f2a7c191628
P 0x7f2a7c487b70
C 257
R
P 0x7f2a7c191628
C 342
R
P 0x7f2a7c191628
P 0x7f2a7c487b70
C 254
= 0x7f2a7c19b208
R
P 0x7f2a7c191628
C 342
R
P 0x7f2a7c191628
P 0x7f2a7c19b208
C 209
R
P 0x7f2a7c191628
C 342
R
P 0x7f2a7c191628
P 0x7f2a7c487b70
C 260
R
P 0x7f2a7c191628
C 342
R
P 0x7f2a7c191628
P 0x7f2a7c487b70
C 259
R
P 0x7f2a7c191628
C 342
R
P 0x7f2a7c191628
P 0x7f2a7c487b70
C 258
R
P 0x7f2a7c191628
C 342
R
P 0x7f2a7c191628
P 0x7f2a7c487b70
C 9
R
P 0x7f2a7c191628
C 342
R
P 0x7f2a7c191628
U 2
P 0x7f2a7c19bb88
P 0x7f2a7c487b70
p 2
C 65
= 0x7f2a7c487ba8
R
P 0x7f2a7c191628
C 342
R
P 0x7f2a7c191628
P 0x7f2a7c487ba8
C 257
R
P 0x7f2a7c191628
C 342
R
P 0x7f2a7c191628
P 0x7f2a7c487ba8
C 254
= 0x7f2a7c19b1e8
R
P 0x7f2a7c191628
C 342
R
P 0x7f2a7c191628
P 0x7f2a7c19b1e8
C 209
R
P 0x7f2a7c191628
C 342
R
P 0x7f2a7c191628
P 0x7f2a7c487ba8
C 260
R
P 0x7f2a7c191628
C 342
R
P 0x7f2a7c191628
P 0x7f2a7c487ba8
C 259
R
P 0x7f2a7c191628
C 342
R
P 0x7f2a7c191628
P 0x7f2a7c487ba8
C 258
R
P 0x7f2a7c191628
C 342
R
P 0x7f2a7c191628
P 0x7f2a7c487ba8
C 9
R
P 0x7f2a7c191628
C 342
R
P 0x7f2a7c191628
P 0x7f2a7c1a1778
P 0x7f2a7c487ba8
P 0x7f2a7c19bb88
C 59
= 0x7f2a7c19fa48
R
P 0x7f2a7c191628
C 342
R
P 0x7f2a7c191628
P 0x7f2a7c19fa48
C 257
R
P 0x7f2a7c191628
C 342
R
P 0x7f2a7c191628
P 0x7f2a7c19fa48
C 254
= 0x7f2a7c19b1e8
R
P 0x7f2a7c191628
C 342
R
P 0x7f2a7c191628
P 0x7f2a7c19b1e8
C 209
R
P 0x7f2a7c191628
C 342
R
P 0x7f2a7c191628
P 0x7f2a7c19fa48
C 260
R
P 0x7f2a7c191628
C 342
R
P 0x7f2a7c191628
P 0x7f2a7c19fa48
C 259
R
P 0x7f2a7c191628
C 342
R
P 0x7f2a7c191628
P 0x7f2a7c19fa48
C 258
R
P 0x7f2a7c191628
C 342
R
P 0x7f2a7c191628
P 0x7f2a7c19fa48
C 9
R
P 0x7f2a7c191628
C 342
R
P 0x7f2a7c191628
U 2
P 0x7f2a7c487908
P 0x7f2a7c19fa48
p 2
C 65
= 0x7f2a7c487be0
R
P 0x7f2a7c191628
C 342
R
P 0x7f2a7c191628
P 0x7f2a7c487be0
C 257
R
P 0x7f2a7c191628
C 342
R
P 0x7f2a7c191628
P 0x7f2a7c487be0
C 254
= 0x7f2a7c19b1e8
R
P 0x7f2a7c191628
C 342
R
P 0x7f2a7c191628
P 0x7f2a7c19b1e8
C 209
R
P 0x7f2a7c191628
C 342
R
P 0x7f2a7c191628
P 0x7f2a7c487be0
C 260
R
P 0x7f2a7c191628
C 342
R
P 0x7f2a7c191628
P 0x7f2a7c487be0
C 259
R
P 0x7f2a7c191628
C 342
R
P 0x7f2a7c191628
P 0x7f2a7c487be0
C 258
R
P 0x7f2a7c191628
C 342
R
P 0x7f2a7c191628
P 0x7f2a7c487be0
C 9
R
P 0x7f2a7c191628
C 342
R
P 0x7f2a7c191628
U 2
P 0x7f2a7c487be0
P 0x7f2a7c19bb68
p 2
C 67
= 0x7f2a7c487c18
R
P 0x7f2a7c191628
C 342
R
P 0x7f2a7c191628
P 0x7f2a7c487c18
C 257
R
P 0x7f2a7c191628
C 342
R
P 0x7f2a7c191628
P 0x7f2a7c487c18
C 254
= 0x7f2a7c19b1e8
R
P 0x7f2a7c191628
C 342
R
P 0x7f2a7c191628
P 0x7f2a7c19b1e8
C 209
R
P 0x7f2a7c191628
C 342
R
P 0x7f2a7c191628
P 0x7f2a7c487c18
C 260
R
P 0x7f2a7c191628
C 342
R
P 0x7f2a7c191628
P 0x7f2a7c487c18
C 259
R
P 0x7f2a7c191628
C 342
R
P 0x7f2a7c191628
P 0x7f2a7c487c18
C 258
R
P 0x7f2a7c191628
C 342
R
P 0x7f2a7c191628
P 0x7f2a7c487c18
C 9
R
P 0x7f2a7c191628
C 342
R
P 0x7f2a7c191628
P 0x7f2a7c1a1970
P 0x7f2a7c487c18
C 75
= 0x7f2a7c48cf28
R
P 0x7f2a7c191628
C 342
R
P 0x7f2a7c191628
P 0x7f2a7c48cf28
C 258
R
P 0x7f2a7c191628
C 342
R
P 0x7f2a7c191628
P 0x7f2a7c48cf28
C 9
R
P 0x7f2a7c191628
C 342
R
P 0x7f2a7c191628
I 2
P 0x7f2a7c19b208
C 150
= 0x7f2a7c19bcc8
R
P 0x7f2a7c191628
C 342
R
P 0x7f2a7c191628
P 0x7f2a7c19bcc8
C 258
R
P 0x7f2a7c191628
C 342
R
P 0x7f2a7c191628
P 0x7f2a7c19bcc8
C 9
R
P 0x7f2a7c191628
C 342
R
P 0x7f2a7c191628
I 1
P 0x7f2a7c19b208
C 150
= 0x7f2a7c19bc88
R
P 0x7f2a7c191628
C 342
R
P 0x7f2a7c191628
P 0x7f2a7c19bc88
C 258
R
P 0x7f2a7c191628
C 342
R
P 0x7f2a7c191628
P 0x7f2a7c19bc88
C 9
R
P 0x7f2a7c191628
C 342
R
P 0x7f2a7c191628
P 0x7f2a7c19bcc8
P 0x7f2a7c19bc88
C 75
= 0x7f2a7c1a1890
R
P 0x7f2a7c191628
C 342
R
P 0x7f2a7c191628
P 0x7f2a7c1a1890
C 258
R
P 0x7f2a7c191628
C 342
R
P 0x7f2a7c191628
P 0x7f2a7c1a1890
C 9
R
P 0x7f2a7c191628
C 342
R
P 0x7f2a7c191628
I 1
P 0x7f2a7c19b208
C 150
= 0x7f2a7c19bc88
R
P 0x7f2a7c191628
C 342
R
P 0x7f2a7c191628
P 0x7f2a7c19bc88
C 258
R
P 0x7f2a7c191628
C 342
R
P 0x7f2a7c191628
P 0x7f2a7c19bc88
C 9
R
P 0x7f2a7c191628
C 342
R
P 0x7f2a7c191628
U 2
P 0x7f2a7c19bcc8
P 0x7f2a7c19bc88
p 2
C 67
= 0x7f2a7c1a18c8
R
P 0x7f2a7c191628
C 342
R
P 0x7f2a7c191628
P 0x7f2a7c1a18c8
C 257
R
P 0x7f2a7c191628
C 342
R
P 0x7f2a7c191628
P 0x7f2a7c1a18c8
C 254
= 0x7f2a7c19b208
R
P 0x7f2a7c191628
C 342
R
P 0x7f2a7c191628
P 0x7f2a7c19b208
C 209
R
P 0x7f2a7c191628
C 342
R
P 0x7f2a7c191628
P 0x7f2a7c1a18c8
C 260
R
P 0x7f2a7c191628
C 342
R
P 0x7f2a7c191628
P 0x7f2a7c1a18c8
C 259
R
P 0x7f2a7c191628
C 342
R
P 0x7f2a7c191628
P 0x7f2a7c1a18c8
C 258
R
P 0x7f2a7c191628
C 342
R
P 0x7f2a7c191628
P 0x7f2a7c1a18c8
C 9
R
P 0x7f2a7c191628
C 342
R
P 0x7f2a7c191628
U 2
P 0x7f2a7c19bba8
P 0x7f2a7c1a18c8
p 2
C 66
= 0x7f2a7c1a1900
R
P 0x7f2a7c191628
C 342
R
P 0x7f2a7c191628
P 0x7f2a7c1a1900
C 257
R
P 0x7f2a7c191628
C 342
R
P 0x7f2a7c191628
P 0x7f2a7c1a1900
C 254
= 0x7f2a7c19b1e8
R
P 0x7f2a7c191628
C 342
R
P 0x7f2a7c191628
P 0x7f2a7c19b1e8
C 209
R
P 0x7f2a7c191628
C 342
R
P 0x7f2a7c191628
P 0x7f2a7c1a1900
C 260
R
P 0x7f2a7c191628
C 342
R
P 0x7f2a7c191628
P 0x7f2a7c1a1900
C 259
R
P 0x7f2a7c191628
C 342
R
P 0x7f2a7c191628
P 0x7f2a7c1a1900
C 258
R
P 0x7f2a7c191628
C 342
R
P 0x7f2a7c191628
P 0x7f2a7c1a1900
C 9
R
P 0x7f2a7c191628
C 342
R
P 0x7f2a7c191628
U 2
P 0x7f2a7c19bc28
P 0x7f2a7c1a1900
p 2
C 65
= 0x7f2a7c1a1938
R
P 0x7f2a7c191628
C 342
R
P 0x7f2a7c191628
P 0x7f2a7c1a1938
C 257
R
P 0x7f2a7c191628
C 342
R
P 0x7f2a7c191628
P 0x7f2a7c1a1938
C 254
= 0x7f2a7c19b1e8
R
P 0x7f2a7c191628
C 342
R
P 0x7f2a7c191628
P 0x7f2a7c19b1e8
C 209
R
P 0x7f2a7c191628
C 342
R
P 0x7f2a7c191628
P 0x7f2a7c1a1938
C 260
R
P 0x7f2a7c191628
C 342
R
P 0x7f2a7c191628
P 0x7f2a7c1a1938
C 259
R
P 0x7f2a7c191628
C 342
R
P 0x7f2a7c191628
P 0x7f2a7c1a1938
C 258
R
P 0x7f2a7c191628
C 342
R
P 0x7f2a7c191628
P 0x7f2a7c1a1938
C 9
R
P 0x7f2a7c191628
C 342
R
P 0x7f2a7c191628
P 0x7f2a7c1a1890
P 0x7f2a7c1a1938
P 0x7f2a7c19bc28
C 59
= 0x7f2a7c19f888
R
P 0x7f2a7c191628
C 342
R
P 0x7f2a7c191628
P 0x7f2a7c19f888
C 257
R
P 0x7f2a7c191628
C 342
R
P 0x7f2a7c191628
P 0x7f2a7c19f888
C 254
= 0x7f2a7c19b1e8
R
P 0x7f2a7c191628
C 342
R
P 0x7f2a7c191628
P 0x7f2a7c19b1e8
C 209
R
P 0x7f2a7c191628
C 342
R
P 0x7f2a7c191628
P 0x7f2a7c19f888
C 260
R
P 0x7f2a7c191628
C 342
R
P 0x7f2a7c191628
P 0x7f2a7c19f888
C 259
R
P 0x7f2a7c191628
C 342
R
P 0x7f2a7c191628
P 0x7f2a7c19f888
C 258
R
P 0x7f2a7c191628
C 342
R
P 0x7f2a7c191628
P 0x7f2a7c19f888
C 9
R
P 0x7f2a7c191628
C 342
R
P 0x7f2a7c191628
U 2
P 0x7f2a7c19f888
P 0x7f2a7c19bb48
p 2
C 65
= 0x7f2a7c1a1970
R
P 0x7f2a7c191628
C 342
R
P 0x7f2a7c191628
P 0x7f2a7c1a1970
C 257
R
P 0x7f2a7c191628
C 342
R
P 0x7f2a7c191628
P 0x7f2a7c1a1970
C 254
= 0x7f2a7c19b1e8
R
P 0x7f2a7c191628
C 342
R
P 0x7f2a7c191628
P 0x7f2a7c19b1e8
C 209
R
P 0x7f2a7c191628
C 342
R
P 0x7f2a7c191628
P 0x7f2a7c1a1970
C 260
R
P 0x7f2a7c191628
C 342
R
P 0x7f2a7c191628
P 0x7f2a7c1a1970
C 259
R
P 0x7f2a7c191628
C 342
R
P 0x7f2a7c191628
P 0x7f2a7c1a1970
C 258
R
P 0x7f2a7c191628
C 342
R
P 0x7f2a7c191628
P 0x7f2a7c1a1970
C 9
R
P 0x7f2a7c191628
C 342
R
P 0x7f2a7c191628
I 1
P 0x7f2a7c19b208
C 150
= 0x7f2a7c19bc88
R
P 0x7f2a7c191628
C 342
R
P 0x7f2a7c191628
P 0x7f2a7c19bc88
C 258
R
P 0x7f2a7c191628
C 342
R
P 0x7f2a7c191628
P 0x7f2a7c19bc88
C 9
R
P 0x7f2a7c191628
C 342
R
P 0x7f2a7c191628
I 1
P 0x7f2a7c19b208
C 150
= 0x7f2a7c19bc88
R
P 0x7f2a7c191628
C 342
R
P 0x7f2a7c191628
P 0x7f2a7c19bc88
C 258
R
P 0x7f2a7c191628
C 342
R
P 0x7f2a7c191628
P 0x7f2a7c19bc88
C 9
R
P 0x7f2a7c191628
C 342
R
P 0x7f2a7c191628
P 0x7f2a7c19bc88
P 0x7f2a7c19bc88
C 75
= 0x7f2a7c1a1778
R
P 0x7f2a7c191628
C 342
R
P 0x7f2a7c191628
P 0x7f2a7c1a1778
C 258
R
P 0x7f2a7c191628
C 342
R
P 0x7f2a7c191628
P 0x7f2a7c1a1778
C 9
R
P 0x7f2a7c191628
C 342
R
P 0x7f2a7c191628
I 1
P 0x7f2a7c19b208
C 150
= 0x7f2a7c19bc88
R
P 0x7f2a7c191628
C 342
R
P 0x7f2a7c191628
P 0x7f2a7c19bc88
C 258
R
P 0x7f2a7c191628
C 342
R
P 0x7f2a7c191628
P 0x7f2a7c19bc88
C 9
R
P 0x7f2a7c191628
C 342
R
P 0x7f2a7c191628
U 2
P 0x7f2a7c19bc88
P 0x7f2a7c19bc88
p 2
C 67
= 0x7f2a7c1a17b0
R
P 0x7f2a7c191628
C 342
R
P 0x7f2a7c191628
P 0x7f2a7c1a17b0
C 257
R
P 0x7f2a7c191628
C 342
R
P 0x7f2a7c191628
P 0x7f2a7c1a17b0
C 254
= 0x7f2a7c19b208
R
P 0x7f2a7c191628
C 342
R
P 0x7f2a7c191628
P 0x7f2a7c19b208
C 209
R
P 0x7f2a7c191628
C 342
R
P 0x7f2a7c191628
P 0x7f2a7c1a17b0
C 260
R
P 0x7f2a7c191628
C 342
R
P 0x7f2a7c191628
P 0x7f2a7c1a17b0
C 259
R
P 0x7f2a7c191628
C 342
R
P 0x7f2a7c191628
P 0x7f2a7c1a17b0
C 258
R
P 0x7f2a7c191628
C 342
R
P 0x7f2a7c191628
P 0x7f2a7c1a17b0
C 9
R
P 0x7f2a7c191628
C 342
R
P 0x7f2a7c191628
U 2
P 0x7f2a7c19bbe8
P 0x7f2a7c1a17b0
p 2
C 66
= 0x7f2a7c487b70
R
P 0x7f2a7c191628
C 342
R
P 0x7f2a7c191628
P 0x7f2a7c487b70
C 257
R
P 0x7f2a7c191628
C 342
R
P 0x7f2a7c191628
P 0x7f2a7c487b70
C 254
= 0x7f2a7c19b208
R
P 0x7f2a7c191628
C 342
R
P 0x7f2a7c191628
P 0x7f2a7c19b208
C 209
R
P 0x7f2a7c191628
C 342
R
P 0x7f2a7c191628
P 0x7f2a7c487b70
C 260
R
P 0x7f2a7c191628
C 342
R
P 0x7f2a7c191628
P 0x7f2a7c487b70
C 259
R
P 0x7f2a7c191628
C 342
R
P 0x7f2a7c191628
P 0x7f2a7c487b70
C 258
R
P 0x7f2a7c191628
C 342
R
P 0x7f2a7c191628
P 0x7f2a7c487b70
C 9
R
P 0x7f2a7c191628
C 342
R
P 0x7f2a7c191628
U 2
P 0x7f2a7c19bb88
P 0x7f2a7c487b70
p 2
C 65
= 0x7f2a7c487ba8
R
P 0x7f2a7c191628
C 342
R
P 0x7f2a7c191628
P 0x7f2a7c487ba8
C 257
R
P 0x7f2a7c191628
C 342
R
P 0x7f2a7c191628
P 0x7f2a7c487ba8
C 254
= 0x7f2a7c19b1e8
R
P 0x7f2a7c191628
C 342
R
P 0x7f2a7c191628
P 0x7f2a7c19b1e8
C 209
R
P 0x7f2a7c191628
C 342
R
P 0x7f2a7c191628
P 0x7f2a7c487ba8
C 260
R
P 0x7f2a7c191628
C 342
R
P 0x7f2a7c191628
P 0x7f2a7c487ba8
C 259
R
P 0x7f2a7c191628
C 342
R
P 0x7f2a7c191628
P 0x7f2a7c487ba8
C 258
R
P 0x7f2a7c191628
C 342
R
P 0x7f2a7c191628
P 0x7f2a7c487ba8
C 9
R
P 0x7f2a7c191628
C 342
R
P 0x7f2a7c191628
P 0x7f2a7c1a1778
P 0x7f2a7c487ba8
P 0x7f2a7c19bb88
C 59
= 0x7f2a7c19fa48
R
P 0x7f2a7c191628
C 342
R
P 0x7f2a7c191628
P 0x7f2a7c19fa48
C 257
R
P 0x7f2a7c191628
C 342
R
P 0x7f2a7c191628
P 0x7f2a7c19fa48
C 254
= 0x7f2a7c19b1e8
R
P 0x7f2a7c191628
C 342
R
P 0x7f2a7c191628
P 0x7f2a7c19b1e8
C 209
R
P 0x7f2a7c191628
C 342
R
P 0x7f2a7c191628
P 0x7f2a7c19fa48
C 260
R
P 0x7f2a7c191628
C 342
R
P 0x7f2a7c191628
P 0x7f2a7c19fa48
C 259
R
P 0x7f2a7c191628
C 342
R
P 0x7f2a7c191628
P 0x7f2a7c19fa48
C 258
R
P 0x7f2a7c191628
C 342
R
P 0x7f2a7c191628
P 0x7f2a7c19fa48
C 9
R
P 0x7f2a7c191628
C 342
R
P 0x7f2a7c191628
U 2
P 0x7f2a7c19fa48
P 0x7f2a7c19bbe8
p 2
C 65
= 0x7f2a7c48bf80
R
P 0x7f2a7c191628
C 342
R
P 0x7f2a7c191628
P 0x7f2a7c48bf80
C 257
R
P 0x7f2a7c191628
C 342
R
P 0x7f2a7c191628
P 0x7f2a7c48bf80
C 254
= 0x7f2a7c19b1e8
R
P 0x7f2a7c191628
C 342
R
P 0x7f2a7c191628
P 0x7f2a7c19b1e8
C 209
R
P 0x7f2a7c191628
C 342
R
P 0x7f2a7c191628
P 0x7f2a7c48bf80
C 260
R
P 0x7f2a7c191628
C 342
R
P 0x7f2a7c191628
P 0x7f2a7c48bf80
C 259
R
P 0x7f2a7c191628
C 342
R
P 0x7f2a7c191628
P 0x7f2a7c48bf80
C 258
R
P 0x7f2a7c191628
C 342
R
P 0x7f2a7c191628
P 0x7f2a7c48bf80
C 9
R
P 0x7f2a7c191628
C 342
R
P 0x7f2a7c191628
P 0x7f2a7c1a1970
P 0x7f2a7c48bf80
C 74
= 0x7f2a7c48cf60
R
P 0x7f2a7c191628
C 342
R
P 0x7f2a7c191628
P 0x7f2a7c48cf60
C 258
R
P 0x7f2a7c191628
C 342
R
P 0x7f2a7c191628
P 0x7f2a7c48cf60
C 9
R
P 0x7f2a7c191628
C 342
R
P 0x7f2a7c191628
U 2
P 0x7f2a7c48cf28
P 0x7f2a7c48cf60
p 2
C 63
= 0x7f2a7c48cf98
R
P 0x7f2a7c191628
C 342
R
P 0x7f2a7c191628
P 0x7f2a7c48cf98
C 258
R
P 0x7f2a7c191628
C 342
R
P 0x7f2a7c191628
P 0x7f2a7c48cf98
C 9
R
P 0x7f2a7c191628
C 342
R
P 0x7f2a7c191628
I 2
P 0x7f2a7c19b208
C 150
= 0x7f2a7c19bcc8
R
P 0x7f2a7c191628
C 342
R
P 0x7f2a7c191628
P 0x7f2a7c19bcc8
C 258
R
P 0x7f2a7c191628
C 342
R
P 0x7f2a7c191628
P 0x7f2a7c19bcc8
C 9
R
P 0x7f2a7c191628
C 342
R
P 0x7f2a7c191628
P 0x7f2a7c19bcc8
C 263
R
P 0x7f2a7c191628
C 342
R
P 0x7f2a7c191628
S "dev0T32"
C 30
R
P 0x7f2a7c191628
C 342
R
P 0x7f2a7c191628
$ |dev0T32|
C 202
R
P 0x7f2a7c191628
C 342
R
P 0x7f2a7c191628
$ |dev0T32|
P 0x7f2a7c19b1e8
C 51
= 0x7f2a7c19bce8
R
P 0x7f2a7c191628
C 342
R
P 0x7f2a7c191628
P 0x7f2a7c19bce8
C 257
R
P 0x7f2a7c191628
C 342
R
P 0x7f2a7c191628
P 0x7f2a7c19bce8
C 254
= 0x7f2a7c19b1e8
R
P 0x7f2a7c191628
C 342
R
P 0x7f2a7c191628
P 0x7f2a7c19b1e8
C 209
R
P 0x7f2a7c191628
C 342
R
P 0x7f2a7c191628
P 0x7f2a7c19bce8
C 260
R
P 0x7f2a7c191628
C 342
R
P 0x7f2a7c191628
P 0x7f2a7c19bce8
C 259
R
P 0x7f2a7c191628
C 342
R
P 0x7f2a7c191628
P 0x7f2a7c19bce8
C 258
R
P 0x7f2a7c191628
C 342
R
P 0x7f2a7c191628
P 0x7f2a7c19bce8
C 9
R
P 0x7f2a7c191628
C 342
R
P 0x7f2a7c191628
P 0x7f2a7c19bc68
C 333
R
P 0x7f2a7c191628
C 342
R
P 0x7f2a7c191628
S "slotflowPriorityStart"
C 30
R
P 0x7f2a7c191628
C 342
R
P 0x7f2a7c191628
$ |slotflowPriorityStart|
C 202
R
P 0x7f2a7c191628
C 342
R
P 0x7f2a7c191628
$ |slotflowPriorityStart|
P 0x7f2a7c19b1e8
C 51
= 0x7f2a7c19c2a8
R
P 0x7f2a7c191628
C 342
R
P 0x7f2a7c191628
P 0x7f2a7c19c2a8
C 257
R
P 0x7f2a7c191628
C 342
R
P 0x7f2a7c191628
P 0x7f2a7c19c2a8
C 254
= 0x7f2a7c19b1e8
R
P 0x7f2a7c191628
C 342
R
P 0x7f2a7c191628
P 0x7f2a7c19b1e8
C 209
R
P 0x7f2a7c191628
C 342
R
P 0x7f2a7c191628
P 0x7f2a7c19c2a8
C 260
R
P 0x7f2a7c191628
C 342
R
P 0x7f2a7c191628
P 0x7f2a7c19c2a8
C 259
R
P 0x7f2a7c191628
C 342
R
P 0x7f2a7c191628
P 0x7f2a7c19c2a8
C 258
R
P 0x7f2a7c191628
C 342
R
P 0x7f2a7c191628
P 0x7f2a7c19c2a8
C 9
R
P 0x7f2a7c191628
C 342
R
P 0x7f2a7c191628
P 0x7f2a7c19bc68
C 333
R
P 0x7f2a7c191628
C 342
R
P 0x7f2a7c191628
S "slotflowPriorityDuration"
C 30
R
P 0x7f2a7c191628
C 342
R
P 0x7f2a7c191628
$ |slotflowPriorityDuration|
C 202
R
P 0x7f2a7c191628
C 342
R
P 0x7f2a7c191628
$ |slotflowPriorityDuration|
P 0x7f2a7c19b1e8
C 51
= 0x7f2a7c19c268
R
P 0x7f2a7c191628
C 342
R
P 0x7f2a7c191628
P 0x7f2a7c19c268
C 257
R
P 0x7f2a7c191628
C 342
R
P 0x7f2a7c191628
P 0x7f2a7c19c268
C 254
= 0x7f2a7c19b1e8
R
P 0x7f2a7c191628
C 342
R
P 0x7f2a7c191628
P 0x7f2a7c19b1e8
C 209
R
P 0x7f2a7c191628
C 342
R
P 0x7f2a7c191628
P 0x7f2a7c19c268
C 260
R
P 0x7f2a7c191628
C 342
R
P 0x7f2a7c191628
P 0x7f2a7c19c268
C 259
R
P 0x7f2a7c191628
C 342
R
P 0x7f2a7c191628
P 0x7f2a7c19c268
C 258
R
P 0x7f2a7c191628
C 342
R
P 0x7f2a7c191628
P 0x7f2a7c19c268
C 9
R
P 0x7f2a7c191628
C 342
R
P 0x7f2a7c191628
U 2
P 0x7f2a7c19c2a8
P 0x7f2a7c19c268
p 2
C 65
= 0x7f2a7c487908
R
P 0x7f2a7c191628
C 342
R
P 0x7f2a7c191628
P 0x7f2a7c487908
C 257
R
P 0x7f2a7c191628
C 342
R
P 0x7f2a7c191628
P 0x7f2a7c487908
C 254
= 0x7f2a7c19b1e8
R
P 0x7f2a7c191628
C 342
R
P 0x7f2a7c191628
P 0x7f2a7c19b1e8
C 209
R
P 0x7f2a7c191628
C 342
R
P 0x7f2a7c191628
P 0x7f2a7c487908
C 260
R
P 0x7f2a7c191628
C 342
R
P 0x7f2a7c191628
P 0x7f2a7c487908
C 259
R
P 0x7f2a7c191628
C 342
R
P 0x7f2a7c191628
P 0x7f2a7c487908
C 258
R
P 0x7f2a7c191628
C 342
R
P 0x7f2a7c191628
P 0x7f2a7c487908
C 9
R
P 0x7f2a7c191628
C 342
R
P 0x7f2a7c191628
I 2
P 0x7f2a7c19b208
C 150
= 0x7f2a7c19bcc8
R
P 0x7f2a7c191628
C 342
R
P 0x7f2a7c191628
P 0x7f2a7c19bcc8
C 258
R
P 0x7f2a7c191628
C 342
R
P 0x7f2a7c191628
P 0x7f2a7c19bcc8
C 9
R
P 0x7f2a7c191628
C 342
R
P 0x7f2a7c191628
I 1
P 0x7f2a7c19b208
C 150
= 0x7f2a7c19bc88
R
P 0x7f2a7c191628
C 342
R
P 0x7f2a7c191628
P 0x7f2a7c19bc88
C 258
R
P 0x7f2a7c191628
C 342
R
P 0x7f2a7c191628
P 0x7f2a7c19bc88
C 9
R
P 0x7f2a7c191628
C 342
R
P 0x7f2a7c191628
P 0x7f2a7c19bcc8
P 0x7f2a7c19bc88
C 75
= 0x7f2a7c1a1890
R
P 0x7f2a7c191628
C 342
R
P 0x7f2a7c191628
P 0x7f2a7c1a1890
C 258
R
P 0x7f2a7c191628
C 342
R
P 0x7f2a7c191628
P 0x7f2a7c1a1890
C 9
R
P 0x7f2a7c191628
C 342
R
P 0x7f2a7c191628
I 1
P 0x7f2a7c19b208
C 150
= 0x7f2a7c19bc88
R
P 0x7f2a7c191628
C 342
R
P 0x7f2a7c191628
P 0x7f2a7c19bc88
C 258
R
P 0x7f2a7c191628
C 342
R
P 0x7f2a7c191628
P 0x7f2a7c19bc88
C 9
R
P 0x7f2a7c191628
C 342
R
P 0x7f2a7c191628
U 2
P 0x7f2a7c19bcc8
P 0x7f2a7c19bc88
p 2
C 67
= 0x7f2a7c1a18c8
R
P 0x7f2a7c191628
C 342
R
P 0x7f2a7c191628
P 0x7f2a7c1a18c8
C 257
R
P 0x7f2a7c191628
C 342
R
P 0x7f2a7c191628
P 0x7f2a7c1a18c8
C 254
= 0x7f2a7c19b208
R
P 0x7f2a7c191628
C 342
R
P 0x7f2a7c191628
P 0x7f2a7c19b208
C 209
R
P 0x7f2a7c191628
C 342
R
P 0x7f2a7c191628
P 0x7f2a7c1a18c8
C 260
R
P 0x7f2a7c191628
C 342
R
P 0x7f2a7c191628
P 0x7f2a7c1a18c8
C 259
R
P 0x7f2a7c191628
C 342
R
P 0x7f2a7c191628
P 0x7f2a7c1a18c8
C 258
R
P 0x7f2a7c191628
C 342
R
P 0x7f2a7c191628
P 0x7f2a7c1a18c8
C 9
R
P 0x7f2a7c191628
C 342
R
P 0x7f2a7c191628
U 2
P 0x7f2a7c19bbe8
P 0x7f2a7c1a18c8
p 2
C 66
= 0x7f2a7c487d68
R
P 0x7f2a7c191628
C 342
R
P 0x7f2a7c191628
P 0x7f2a7c487d68
C 257
R
P 0x7f2a7c191628
C 342
R
P 0x7f2a7c191628
P 0x7f2a7c487d68
C 254
= 0x7f2a7c19b208
R
P 0x7f2a7c191628
C 342
R
P 0x7f2a7c191628
P 0x7f2a7c19b208
C 209
R
P 0x7f2a7c191628
C 342
R
P 0x7f2a7c191628
P 0x7f2a7c487d68
C 260
R
P 0x7f2a7c191628
C 342
R
P 0x7f2a7c191628
P 0x7f2a7c487d68
C 259
R
P 0x7f2a7c191628
C 342
R
P 0x7f2a7c191628
P 0x7f2a7c487d68
C 258
R
P 0x7f2a7c191628
C 342
R
P 0x7f2a7c191628
P 0x7f2a7c487d68
C 9
R
P 0x7f2a7c191628
C 342
R
P 0x7f2a7c191628
U 2
P 0x7f2a7c19bb88
P 0x7f2a7c487d68
p 2
C 65
= 0x7f2a7c487da0
R
P 0x7f2a7c191628
C 342
R
P 0x7f2a7c191628
P 0x7f2a7c487da0
C 257
R
P 0x7f2a7c191628
C 342
R
P 0x7f2a7c191628
P 0x7f2a7c487da0
C 254
= 0x7f2a7c19b1e8
R
P 0x7f2a7c191628
C 342
R
P 0x7f2a7c191628
P 0x7f2a7c19b1e8
C 209
R
P 0x7f2a7c191628
C 342
R
P 0x7f2a7c191628
P 0x7f2a7c487da0
C 260
R
P 0x7f2a7c191628
C 342
R
P 0x7f2a7c191628
P 0x7f2a7c487da0
C 259
R
P 0x7f2a7c191628
C 342
R
P 0x7f2a7c191628
P 0x7f2a7c487da0
C 258
R
P 0x7f2a7c191628
C 342
R
P 0x7f2a7c191628
P 0x7f2a7c487da0
C 9
R
P 0x7f2a7c191628
C 342
R
P 0x7f2a7c191628
P 0x7f2a7c1a1890
P 0x7f2a7c487da0
P 0x7f2a7c19bb88
C 59
= 0x7f2a7c19fa88
R
P 0x7f2a7c191628
C 342
R
P 0x7f2a7c191628
P 0x7f2a7c19fa88
C 257
R
P 0x7f2a7c191628
C 342
R
P 0x7f2a7c191628
P 0x7f2a7c19fa88
C 254
= 0x7f2a7c19b1e8
R
P 0x7f2a7c191628
C 342
R
P 0x7f2a7c191628
P 0x7f2a7c19b1e8
C 209
R
P 0x7f2a7c191628
C 342
R
P 0x7f2a7c191628
P 0x7f2a7c19fa88
C 260
R
P 0x7f2a7c191628
C 342
R
P 0x7f2a7c191628
P 0x7f2a7c19fa88
C 259
R
P 0x7f2a7c191628
C 342
R
P 0x7f2a7c191628
P 0x7f2a7c19fa88
C 258
R
P 0x7f2a7c191628
C 342
R
P 0x7f2a7c191628
P 0x7f2a7c19fa88
C 9
R
P 0x7f2a7c191628
C 342
R
P 0x7f2a7c191628
U 2
P 0x7f2a7c487908
P 0x7f2a7c19fa88
p 2
C 65
= 0x7f2a7c487dd8
R
P 0x7f2a7c191628
C 342
R
P 0x7f2a7c191628
P 0x7f2a7c487dd8
C 257
R
P 0x7f2a7c191628
C 342
R
P 0x7f2a7c191628
P 0x7f2a7c487dd8
C 254
= 0x7f2a7c19b1e8
R
P 0x7f2a7c191628
C 342
R
P 0x7f2a7c191628
P 0x7f2a7c19b1e8
C 209
R
P 0x7f2a7c191628
C 342
R
P 0x7f2a7c191628
P 0x7f2a7c487dd8
C 260
R
P 0x7f2a7c191628
C 342
R
P 0x7f2a7c191628
P 0x7f2a7c487dd8
C 259
R
P 0x7f2a7c191628
C 342
R
P 0x7f2a7c191628
P 0x7f2a7c487dd8
C 258
R
P 0x7f2a7c191628
C 342
R
P 0x7f2a7c191628
P 0x7f2a7c487dd8
C 9
R
P 0x7f2a7c191628
C 342
R
P 0x7f2a7c191628
P 0x7f2a7c19bce8
P 0x7f2a7c487dd8
C 74
= 0x7f2a7c48aab8
R
P 0x7f2a7c191628
C 342
R
P 0x7f2a7c191628
P 0x7f2a7c48aab8
C 258
R
P 0x7f2a7c191628
C 342
R
P 0x7f2a7c191628
P 0x7f2a7c48aab8
C 9
R
P 0x7f2a7c191628
C 342
R
P 0x7f2a7c191628
I 2
P 0x7f2a7c19b208
C 150
= 0x7f2a7c19bcc8
R
P 0x7f2a7c191628
C 342
R
P 0x7f2a7c191628
P 0x7f2a7c19bcc8
C 258
R
P 0x7f2a7c191628
C 342
R
P 0x7f2a7c191628
P 0x7f2a7c19bcc8
C 9
R
P 0x7f2a7c191628
C 342
R
P 0x7f2a7c191628
P 0x7f2a7c19bcc8
C 263
R
P 0x7f2a7c191628
C 342
R
P 0x7f2a7c191628
S "dev0T32"
C 30
R
P 0x7f2a7c191628
C 342
R
P 0x7f2a7c191628
$ |dev0T32|
C 202
R
P 0x7f2a7c191628
C 342
R
P 0x7f2a7c191628
$ |dev0T32|
P 0x7f2a7c19b1e8
C 51
= 0x7f2a7c19bce8
R
P 0x7f2a7c191628
C 342
R
P 0x7f2a7c191628
P 0x7f2a7c19bce8
C 257
R
P 0x7f2a7c191628
C 342
R
P 0x7f2a7c191628
P 0x7f2a7c19bce8
C 254
= 0x7f2a7c19b1e8
R
P 0x7f2a7c191628
C 342
R
P 0x7f2a7c191628
P 0x7f2a7c19b1e8
C 209
R
P 0x7f2a7c191628
C 342
R
P 0x7f2a7c191628
P 0x7f2a7c19bce8
C 260
R
P 0x7f2a7c191628
C 342
R
P 0x7f2a7c191628
P 0x7f2a7c19bce8
C 259
R
P 0x7f2a7c191628
C 342
R
P 0x7f2a7c191628
P 0x7f2a7c19bce8
C 258
R
P 0x7f2a7c191628
C 342
R
P 0x7f2a7c191628
P 0x7f2a7c19bce8
C 9
R
P 0x7f2a7c191628
C 342
R
P 0x7f2a7c191628
P 0x7f2a7c19bc68
C 333
R
P 0x7f2a7c191628
C 342
R
P 0x7f2a7c191628
S "slotflowPriorityStart"
C 30
R
P 0x7f2a7c191628
C 342
R
P 0x7f2a7c191628
$ |slotflowPriorityStart|
C 202
R
P 0x7f2a7c191628
C 342
R
P 0x7f2a7c191628
$ |slotflowPriorityStart|
P 0x7f2a7c19b1e8
C 51
= 0x7f2a7c19c2a8
R
P 0x7f2a7c191628
C 342
R
P 0x7f2a7c191628
P 0x7f2a7c19c2a8
C 257
R
P 0x7f2a7c191628
C 342
R
P 0x7f2a7c191628
P 0x7f2a7c19c2a8
C 254
= 0x7f2a7c19b1e8
R
P 0x7f2a7c191628
C 342
R
P 0x7f2a7c191628
P 0x7f2a7c19b1e8
C 209
R
P 0x7f2a7c191628
C 342
R
P 0x7f2a7c191628
P 0x7f2a7c19c2a8
C 260
R
P 0x7f2a7c191628
C 342
R
P 0x7f2a7c191628
P 0x7f2a7c19c2a8
C 259
R
P 0x7f2a7c191628
C 342
R
P 0x7f2a7c191628
P 0x7f2a7c19c2a8
C 258
R
P 0x7f2a7c191628
C 342
R
P 0x7f2a7c191628
P 0x7f2a7c19c2a8
C 9
R
P 0x7f2a7c191628
C 342
R
P 0x7f2a7c191628
I 1
P 0x7f2a7c19b208
C 150
= 0x7f2a7c19bc88
R
P 0x7f2a7c191628
C 342
R
P 0x7f2a7c191628
P 0x7f2a7c19bc88
C 258
R
P 0x7f2a7c191628
C 342
R
P 0x7f2a7c191628
P 0x7f2a7c19bc88
C 9
R
P 0x7f2a7c191628
C 342
R
P 0x7f2a7c191628
I 1
P 0x7f2a7c19b208
C 150
= 0x7f2a7c19bc88
R
P 0x7f2a7c191628
C 342
R
P 0x7f2a7c191628
P 0x7f2a7c19bc88
C 258
R
P 0x7f2a7c191628
C 342
R
P 0x7f2a7c191628
P 0x7f2a7c19bc88
C 9
R
P 0x7f2a7c191628
C 342
R
P 0x7f2a7c191628
P 0x7f2a7c19bc88
P 0x7f2a7c19bc88
C 75
= 0x7f2a7c1a1778
R
P 0x7f2a7c191628
C 342
R
P 0x7f2a7c191628
P 0x7f2a7c1a1778
C 258
R
P 0x7f2a7c191628
C 342
R
P 0x7f2a7c191628
P 0x7f2a7c1a1778
C 9
R
P 0x7f2a7c191628
C 342
R
P 0x7f2a7c191628
I 1
P 0x7f2a7c19b208
C 150
= 0x7f2a7c19bc88
R
P 0x7f2a7c191628
C 342
R
P 0x7f2a7c191628
P 0x7f2a7c19bc88
C 258
R
P 0x7f2a7c191628
C 342
R
P 0x7f2a7c191628
P 0x7f2a7c19bc88
C 9
R
P 0x7f2a7c191628
C 342
R
P 0x7f2a7c191628
U 2
P 0x7f2a7c19bc88
P 0x7f2a7c19bc88
p 2
C 67
= 0x7f2a7c1a17b0
R
P 0x7f2a7c191628
C 342
R
P 0x7f2a7c191628
P 0x7f2a7c1a17b0
C 257
R
P 0x7f2a7c191628
C 342
R
P 0x7f2a7c191628
P 0x7f2a7c1a17b0
C 254
= 0x7f2a7c19b208
R
P 0x7f2a7c191628
C 342
R
P 0x7f2a7c191628
P 0x7f2a7c19b208
C 209
R
P 0x7f2a7c191628
C 342
R
P 0x7f2a7c191628
P 0x7f2a7c1a17b0
C 260
R
P 0x7f2a7c191628
C 342
R
P 0x7f2a7c191628
P 0x7f2a7c1a17b0
C 259
R
P 0x7f2a7c191628
C 342
R
P 0x7f2a7c191628
P 0x7f2a7c1a17b0
C 258
R
P 0x7f2a7c191628
C 342
R
P 0x7f2a7c191628
P 0x7f2a7c1a17b0
C 9
R
P 0x7f2a7c191628
C 342
R
P 0x7f2a7c191628
U 2
P 0x7f2a7c19bbe8
P 0x7f2a7c1a17b0
p 2
C 66
= 0x7f2a7c487b70
R
P 0x7f2a7c191628
C 342
R
P 0x7f2a7c191628
P 0x7f2a7c487b70
C 257
R
P 0x7f2a7c191628
C 342
R
P 0x7f2a7c191628
P 0x7f2a7c487b70
C 254
= 0x7f2a7c19b208
R
P 0x7f2a7c191628
C 342
R
P 0x7f2a7c191628
P 0x7f2a7c19b208
C 209
R
P 0x7f2a7c191628
C 342
R
P 0x7f2a7c191628
P 0x7f2a7c487b70
C 260
R
P 0x7f2a7c191628
C 342
R
P 0x7f2a7c191628
P 0x7f2a7c487b70
C 259
R
P 0x7f2a7c191628
C 342
R
P 0x7f2a7c191628
P 0x7f2a7c487b70
C 258
R
P 0x7f2a7c191628
C 342
R
P 0x7f2a7c191628
P 0x7f2a7c487b70
C 9
R
P 0x7f2a7c191628
C 342
R
P 0x7f2a7c191628
U 2
P 0x7f2a7c19bb88
P 0x7f2a7c487b70
p 2
C 65
= 0x7f2a7c487ba8
R
P 0x7f2a7c191628
C 342
R
P 0x7f2a7c191628
P 0x7f2a7c487ba8
C 257
R
P 0x7f2a7c191628
C 342
R
P 0x7f2a7c191628
P 0x7f2a7c487ba8
C 254
= 0x7f2a7c19b1e8
R
P 0x7f2a7c191628
C 342
R
P 0x7f2a7c191628
P 0x7f2a7c19b1e8
C 209
R
P 0x7f2a7c191628
C 342
R
P 0x7f2a7c191628
P 0x7f2a7c487ba8
C 260
R
P 0x7f2a7c191628
C 342
R
P 0x7f2a7c191628
P 0x7f2a7c487ba8
C 259
R
P 0x7f2a7c191628
C 342
R
P 0x7f2a7c191628
P 0x7f2a7c487ba8
C 258
R
P 0x7f2a7c191628
C 342
R
P 0x7f2a7c191628
P 0x7f2a7c487ba8
C 9
R
P 0x7f2a7c191628
C 342
R
P 0x7f2a7c191628
P 0x7f2a7c1a1778
P 0x7f2a7c487ba8
P 0x7f2a7c19bb88
C 59
= 0x7f2a7c19fa48
R
P 0x7f2a7c191628
C 342
R
P 0x7f2a7c191628
P 0x7f2a7c19fa48
C 257
R
P 0x7f2a7c191628
C 342
R
P 0x7f2a7c191628
P 0x7f2a7c19fa48
C 254
= 0x7f2a7c19b1e8
R
P 0x7f2a7c191628
C 342
R
P 0x7f2a7c191628
P 0x7f2a7c19b1e8
C 209
R
P 0x7f2a7c191628
C 342
R
P 0x7f2a7c191628
P 0x7f2a7c19fa48
C 260
R
P 0x7f2a7c191628
C 342
R
P 0x7f2a7c191628
P 0x7f2a7c19fa48
C 259
R
P 0x7f2a7c191628
C 342
R
P 0x7f2a7c191628
P 0x7f2a7c19fa48
C 258
R
P 0x7f2a7c191628
C 342
R
P 0x7f2a7c191628
P 0x7f2a7c19fa48
C 9
R
P 0x7f2a7c191628
C 342
R
P 0x7f2a7c191628
U 2
P 0x7f2a7c19c2a8
P 0x7f2a7c19fa48
p 2
C 65
= 0x7f2a7c487c88
R
P 0x7f2a7c191628
C 342
R
P 0x7f2a7c191628
P 0x7f2a7c487c88
C 257
R
P 0x7f2a7c191628
C 342
R
P 0x7f2a7c191628
P 0x7f2a7c487c88
C 254
= 0x7f2a7c19b1e8
R
P 0x7f2a7c191628
C 342
R
P 0x7f2a7c191628
P 0x7f2a7c19b1e8
C 209
R
P 0x7f2a7c191628
C 342
R
P 0x7f2a7c191628
P 0x7f2a7c487c88
C 260
R
P 0x7f2a7c191628
C 342
R
P 0x7f2a7c191628
P 0x7f2a7c487c88
C 259
R
P 0x7f2a7c191628
C 342
R
P 0x7f2a7c191628
P 0x7f2a7c487c88
C 258
R
P 0x7f2a7c191628
C 342
R
P 0x7f2a7c191628
P 0x7f2a7c487c88
C 9
R
P 0x7f2a7c191628
C 342
R
P 0x7f2a7c191628
U 2
P 0x7f2a7c487c88
P 0x7f2a7c19bb68
p 2
C 65
= 0x7f2a7c489870
R
P 0x7f2a7c191628
C 342
R
P 0x7f2a7c191628
P 0x7f2a7c489870
C 257
R
P 0x7f2a7c191628
C 342
R
P 0x7f2a7c191628
P 0x7f2a7c489870
C 254
= 0x7f2a7c19b1e8
R
P 0x7f2a7c191628
C 342
R
P 0x7f2a7c191628
P 0x7f2a7c19b1e8
C 209
R
P 0x7f2a7c191628
C 342
R
P 0x7f2a7c191628
P 0x7f2a7c489870
C 260
R
P 0x7f2a7c191628
C 342
R
P 0x7f2a7c191628
P 0x7f2a7c489870
C 259
R
P 0x7f2a7c191628
C 342
R
P 0x7f2a7c191628
P 0x7f2a7c489870
C 258
R
P 0x7f2a7c191628
C 342
R
P 0x7f2a7c191628
P 0x7f2a7c489870
C 9
R
P 0x7f2a7c191628
C 342
R
P 0x7f2a7c191628
P 0x7f2a7c19bce8
P 0x7f2a7c489870
C 56
= 0x7f2a7c48cfd0
R
P 0x7f2a7c191628
C 342
R
P 0x7f2a7c191628
P 0x7f2a7c48cfd0
C 258
R
P 0x7f2a7c191628
C 342
R
P 0x7f2a7c191628
P 0x7f2a7c48cfd0
C 9
R
P 0x7f2a7c191628
C 342
R
P 0x7f2a7c191628
U 2
P 0x7f2a7c48aab8
P 0x7f2a7c48cfd0
p 2
C 63
= 0x7f2a7c48d008
R
P 0x7f2a7c191628
C 342
R
P 0x7f2a7c191628
P 0x7f2a7c48d008
C 258
R
P 0x7f2a7c191628
C 342
R
P 0x7f2a7c191628
P 0x7f2a7c48d008
C 9
R
P 0x7f2a7c191628
C 342
R
P 0x7f2a7c191628
P 0x7f2a7c48cf98
P 0x7f2a7c48d008
C 61
= 0x7f2a7c48d040
R
P 0x7f2a7c191628
C 342
R
P 0x7f2a7c191628
P 0x7f2a7c48d040
C 258
R
P 0x7f2a7c191628
C 342
R
P 0x7f2a7c191628
P 0x7f2a7c48d040
C 9
R
P 0x7f2a7c191628
C 342
R
P 0x7f2a7c191628
P 0x7f2a7c1e1fc8
P 0x7f2a7c48d040
C 427
R
P 0x7f2a7c191628
C 342
R
P 0x7f2a7c191628
I 2
P 0x7f2a7c19b208
C 150
= 0x7f2a7c19bcc8
R
P 0x7f2a7c191628
C 342
R
P 0x7f2a7c191628
P 0x7f2a7c19bcc8
C 258
R
P 0x7f2a7c191628
C 342
R
P 0x7f2a7c191628
P 0x7f2a7c19bcc8
C 9
R
P 0x7f2a7c191628
C 342
R
P 0x7f2a7c191628
I 1
P 0x7f2a7c19b208
C 150
= 0x7f2a7c19bc88
R
P 0x7f2a7c191628
C 342
R
P 0x7f2a7c191628
P 0x7f2a7c19bc88
C 258
R
P 0x7f2a7c191628
C 342
R
P 0x7f2a7c191628
P 0x7f2a7c19bc88
C 9
R
P 0x7f2a7c191628
C 342
R
P 0x7f2a7c191628
P 0x7f2a7c19bcc8
P 0x7f2a7c19bc88
C 75
= 0x7f2a7c1a1890
R
P 0x7f2a7c191628
C 342
R
P 0x7f2a7c191628
P 0x7f2a7c1a1890
C 258
R
P 0x7f2a7c191628
C 342
R
P 0x7f2a7c191628
P 0x7f2a7c1a1890
C 9
R
P 0x7f2a7c191628
C 342
R
P 0x7f2a7c191628
I 1
P 0x7f2a7c19b208
C 150
= 0x7f2a7c19bc88
R
P 0x7f2a7c191628
C 342
R
P 0x7f2a7c191628
P 0x7f2a7c19bc88
C 258
R
P 0x7f2a7c191628
C 342
R
P 0x7f2a7c191628
P 0x7f2a7c19bc88
C 9
R
P 0x7f2a7c191628
C 342
R
P 0x7f2a7c191628
U 2
P 0x7f2a7c19bcc8
P 0x7f2a7c19bc88
p 2
C 67
= 0x7f2a7c1a18c8
R
P 0x7f2a7c191628
C 342
R
P 0x7f2a7c191628
P 0x7f2a7c1a18c8
C 257
R
P 0x7f2a7c191628
C 342
R
P 0x7f2a7c191628
P 0x7f2a7c1a18c8
C 254
= 0x7f2a7c19b208
R
P 0x7f2a7c191628
C 342
R
P 0x7f2a7c191628
P 0x7f2a7c19b208
C 209
R
P 0x7f2a7c191628
C 342
R
P 0x7f2a7c191628
P 0x7f2a7c1a18c8
C 260
R
P 0x7f2a7c191628
C 342
R
P 0x7f2a7c191628
P 0x7f2a7c1a18c8
C 259
R
P 0x7f2a7c191628
C 342
R
P 0x7f2a7c191628
P 0x7f2a7c1a18c8
C 258
R
P 0x7f2a7c191628
C 342
R
P 0x7f2a7c191628
P 0x7f2a7c1a18c8
C 9
R
P 0x7f2a7c191628
C 342
R
P 0x7f2a7c191628
U 2
P 0x7f2a7c19bba8
P 0x7f2a7c1a18c8
p 2
C 66
= 0x7f2a7c1a1900
R
P 0x7f2a7c191628
C 342
R
P 0x7f2a7c191628
P 0x7f2a7c1a1900
C 257
R
P 0x7f2a7c191628
C 342
R
P 0x7f2a7c191628
P 0x7f2a7c1a1900
C 254
= 0x7f2a7c19b1e8
R
P 0x7f2a7c191628
C 342
R
P 0x7f2a7c191628
P 0x7f2a7c19b1e8
C 209
R
P 0x7f2a7c191628
C 342
R
P 0x7f2a7c191628
P 0x7f2a7c1a1900
C 260
R
P 0x7f2a7c191628
C 342
R
P 0x7f2a7c191628
P 0x7f2a7c1a1900
C 259
R
P 0x7f2a7c191628
C 342
R
P 0x7f2a7c191628
P 0x7f2a7c1a1900
C 258
R
P 0x7f2a7c191628
C 342
R
P 0x7f2a7c191628
P 0x7f2a7c1a1900
C 9
R
P 0x7f2a7c191628
C 342
R
P 0x7f2a7c191628
U 2
P 0x7f2a7c19bc28
P 0x7f2a7c1a1900
p 2
C 65
= 0x7f2a7c1a1938
R
P 0x7f2a7c191628
C 342
R
P 0x7f2a7c191628
P 0x7f2a7c1a1938
C 257
R
P 0x7f2a7c191628
C 342
R
P 0x7f2a7c191628
P 0x7f2a7c1a1938
C 254
= 0x7f2a7c19b1e8
R
P 0x7f2a7c191628
C 342
R
P 0x7f2a7c191628
P 0x7f2a7c19b1e8
C 209
R
P 0x7f2a7c191628
C 342
R
P 0x7f2a7c191628
P 0x7f2a7c1a1938
C 260
R
P 0x7f2a7c191628
C 342
R
P 0x7f2a7c191628
P 0x7f2a7c1a1938
C 259
R
P 0x7f2a7c191628
C 342
R
P 0x7f2a7c191628
P 0x7f2a7c1a1938
C 258
R
P 0x7f2a7c191628
C 342
R
P 0x7f2a7c191628
P 0x7f2a7c1a1938
C 9
R
P 0x7f2a7c191628
C 342
R
P 0x7f2a7c191628
P 0x7f2a7c1a1890
P 0x7f2a7c1a1938
P 0x7f2a7c19bc28
C 59
= 0x7f2a7c19f888
R
P 0x7f2a7c191628
C 342
R
P 0x7f2a7c191628
P 0x7f2a7c19f888
C 257
R
P 0x7f2a7c191628
C 342
R
P 0x7f2a7c191628
P 0x7f2a7c19f888
C 254
= 0x7f2a7c19b1e8
R
P 0x7f2a7c191628
C 342
R
P 0x7f2a7c191628
P 0x7f2a7c19b1e8
C 209
R
P 0x7f2a7c191628
C 342
R
P 0x7f2a7c191628
P 0x7f2a7c19f888
C 260
R
P 0x7f2a7c191628
C 342
R
P 0x7f2a7c191628
P 0x7f2a7c19f888
C 259
R
P 0x7f2a7c191628
C 342
R
P 0x7f2a7c191628
P 0x7f2a7c19f888
C 258
R
P 0x7f2a7c191628
C 342
R
P 0x7f2a7c191628
P 0x7f2a7c19f888
C 9
R
P 0x7f2a7c191628
C 342
R
P 0x7f2a7c191628
U 2
P 0x7f2a7c19f888
P 0x7f2a7c19bb48
p 2
C 65
= 0x7f2a7c1a1970
R
P 0x7f2a7c191628
C 342
R
P 0x7f2a7c191628
P 0x7f2a7c1a1970
C 257
R
P 0x7f2a7c191628
C 342
R
P 0x7f2a7c191628
P 0x7f2a7c1a1970
C 254
= 0x7f2a7c19b1e8
R
P 0x7f2a7c191628
C 342
R
P 0x7f2a7c191628
P 0x7f2a7c19b1e8
C 209
R
P 0x7f2a7c191628
C 342
R
P 0x7f2a7c191628
P 0x7f2a7c1a1970
C 260
R
P 0x7f2a7c191628
C 342
R
P 0x7f2a7c191628
P 0x7f2a7c1a1970
C 259
R
P 0x7f2a7c191628
C 342
R
P 0x7f2a7c191628
P 0x7f2a7c1a1970
C 258
R
P 0x7f2a7c191628
C 342
R
P 0x7f2a7c191628
P 0x7f2a7c1a1970
C 9
R
P 0x7f2a7c191628
C 342
R
P 0x7f2a7c191628
P 0x7f2a7c19bc68
C 333
R
P 0x7f2a7c191628
C 342
R
P 0x7f2a7c191628
S "slotflowPriorityStart"
C 30
R
P 0x7f2a7c191628
C 342
R
P 0x7f2a7c191628
$ |slotflowPriorityStart|
C 202
R
P 0x7f2a7c191628
C 342
R
P 0x7f2a7c191628
$ |slotflowPriorityStart|
P 0x7f2a7c19b1e8
C 51
= 0x7f2a7c19c2a8
R
P 0x7f2a7c191628
C 342
R
P 0x7f2a7c191628
P 0x7f2a7c19c2a8
C 257
R
P 0x7f2a7c191628
C 342
R
P 0x7f2a7c191628
P 0x7f2a7c19c2a8
C 254
= 0x7f2a7c19b1e8
R
P 0x7f2a7c191628
C 342
R
P 0x7f2a7c191628
P 0x7f2a7c19b1e8
C 209
R
P 0x7f2a7c191628
C 342
R
P 0x7f2a7c191628
P 0x7f2a7c19c2a8
C 260
R
P 0x7f2a7c191628
C 342
R
P 0x7f2a7c191628
P 0x7f2a7c19c2a8
C 259
R
P 0x7f2a7c191628
C 342
R
P 0x7f2a7c191628
P 0x7f2a7c19c2a8
C 258
R
P 0x7f2a7c191628
C 342
R
P 0x7f2a7c191628
P 0x7f2a7c19c2a8
C 9
R
P 0x7f2a7c191628
C 342
R
P 0x7f2a7c191628
P 0x7f2a7c19bc68
C 333
R
P 0x7f2a7c191628
C 342
R
P 0x7f2a7c191628
S "slotflowPriorityDuration"
C 30
R
P 0x7f2a7c191628
C 342
R
P 0x7f2a7c191628
$ |slotflowPriorityDuration|
C 202
R
P 0x7f2a7c191628
C 342
R
P 0x7f2a7c191628
$ |slotflowPriorityDuration|
P 0x7f2a7c19b1e8
C 51
= 0x7f2a7c19c268
R
P 0x7f2a7c191628
C 342
R
P 0x7f2a7c191628
P 0x7f2a7c19c268
C 257
R
P 0x7f2a7c191628
C 342
R
P 0x7f2a7c191628
P 0x7f2a7c19c268
C 254
= 0x7f2a7c19b1e8
R
P 0x7f2a7c191628
C 342
R
P 0x7f2a7c191628
P 0x7f2a7c19b1e8
C 209
R
P 0x7f2a7c191628
C 342
R
P 0x7f2a7c191628
P 0x7f2a7c19c268
C 260
R
P 0x7f2a7c191628
C 342
R
P 0x7f2a7c191628
P 0x7f2a7c19c268
C 259
R
P 0x7f2a7c191628
C 342
R
P 0x7f2a7c191628
P 0x7f2a7c19c268
C 258
R
P 0x7f2a7c191628
C 342
R
P 0x7f2a7c191628
P 0x7f2a7c19c268
C 9
R
P 0x7f2a7c191628
C 342
R
P 0x7f2a7c191628
U 2
P 0x7f2a7c19c2a8
P 0x7f2a7c19c268
p 2
C 65
= 0x7f2a7c487908
R
P 0x7f2a7c191628
C 342
R
P 0x7f2a7c191628
P 0x7f2a7c487908
C 257
R
P 0x7f2a7c191628
C 342
R
P 0x7f2a7c191628
P 0x7f2a7c487908
C 254
= 0x7f2a7c19b1e8
R
P 0x7f2a7c191628
C 342
R
P 0x7f2a7c191628
P 0x7f2a7c19b1e8
C 209
R
P 0x7f2a7c191628
C 342
R
P 0x7f2a7c191628
P 0x7f2a7c487908
C 260
R
P 0x7f2a7c191628
C 342
R
P 0x7f2a7c191628
P 0x7f2a7c487908
C 259
R
P 0x7f2a7c191628
C 342
R
P 0x7f2a7c191628
P 0x7f2a7c487908
C 258
R
P 0x7f2a7c191628
C 342
R
P 0x7f2a7c191628
P 0x7f2a7c487908
C 9
R
P 0x7f2a7c191628
C 342
R
P 0x7f2a7c191628
I 2
P 0x7f2a7c19b208
C 150
= 0x7f2a7c19bcc8
R
P 0x7f2a7c191628
C 342
R
P 0x7f2a7c191628
P 0x7f2a7c19bcc8
C 258
R
P 0x7f2a7c191628
C 342
R
P 0x7f2a7c191628
P 0x7f2a7c19bcc8
C 9
R
P 0x7f2a7c191628
C 342
R
P 0x7f2a7c191628
I 1
P 0x7f2a7c19b208
C 150
= 0x7f2a7c19bc88
R
P 0x7f2a7c191628
C 342
R
P 0x7f2a7c191628
P 0x7f2a7c19bc88
C 258
R
P 0x7f2a7c191628
C 342
R
P 0x7f2a7c191628
P 0x7f2a7c19bc88
C 9
R
P 0x7f2a7c191628
C 342
R
P 0x7f2a7c191628
P 0x7f2a7c19bcc8
P 0x7f2a7c19bc88
C 75
= 0x7f2a7c1a1890
R
P 0x7f2a7c191628
C 342
R
P 0x7f2a7c191628
P 0x7f2a7c1a1890
C 258
R
P 0x7f2a7c191628
C 342
R
P 0x7f2a7c191628
P 0x7f2a7c1a1890
C 9
R
P 0x7f2a7c191628
C 342
R
P 0x7f2a7c191628
I 1
P 0x7f2a7c19b208
C 150
= 0x7f2a7c19bc88
R
P 0x7f2a7c191628
C 342
R
P 0x7f2a7c191628
P 0x7f2a7c19bc88
C 258
R
P 0x7f2a7c191628
C 342
R
P 0x7f2a7c191628
P 0x7f2a7c19bc88
C 9
R
P 0x7f2a7c191628
C 342
R
P 0x7f2a7c191628
U 2
P 0x7f2a7c19bcc8
P 0x7f2a7c19bc88
p 2
C 67
= 0x7f2a7c1a18c8
R
P 0x7f2a7c191628
C 342
R
P 0x7f2a7c191628
P 0x7f2a7c1a18c8
C 257
R
P 0x7f2a7c191628
C 342
R
P 0x7f2a7c191628
P 0x7f2a7c1a18c8
C 254
= 0x7f2a7c19b208
R
P 0x7f2a7c191628
C 342
R
P 0x7f2a7c191628
P 0x7f2a7c19b208
C 209
R
P 0x7f2a7c191628
C 342
R
P 0x7f2a7c191628
P 0x7f2a7c1a18c8
C 260
R
P 0x7f2a7c191628
C 342
R
P 0x7f2a7c191628
P 0x7f2a7c1a18c8
C 259
R
P 0x7f2a7c191628
C 342
R
P 0x7f2a7c191628
P 0x7f2a7c1a18c8
C 258
R
P 0x7f2a7c191628
C 342
R
P 0x7f2a7c191628
P 0x7f2a7c1a18c8
C 9
R
P 0x7f2a7c191628
C 342
R
P 0x7f2a7c191628
U 2
P 0x7f2a7c19bbe8
P 0x7f2a7c1a18c8
p 2
C 66
= 0x7f2a7c487d68
R
P 0x7f2a7c191628
C 342
R
P 0x7f2a7c191628
P 0x7f2a7c487d68
C 257
R
P 0x7f2a7c191628
C 342
R
P 0x7f2a7c191628
P 0x7f2a7c487d68
C 254
= 0x7f2a7c19b208
R
P 0x7f2a7c191628
C 342
R
P 0x7f2a7c191628
P 0x7f2a7c19b208
C 209
R
P 0x7f2a7c191628
C 342
R
P 0x7f2a7c191628
P 0x7f2a7c487d68
C 260
R
P 0x7f2a7c191628
C 342
R
P 0x7f2a7c191628
P 0x7f2a7c487d68
C 259
R
P 0x7f2a7c191628
C 342
R
P 0x7f2a7c191628
P 0x7f2a7c487d68
C 258
R
P 0x7f2a7c191628
C 342
R
P 0x7f2a7c191628
P 0x7f2a7c487d68
C 9
R
P 0x7f2a7c191628
C 342
R
P 0x7f2a7c191628
U 2
P 0x7f2a7c19bb88
P 0x7f2a7c487d68
p 2
C 65
= 0x7f2a7c487da0
R
P 0x7f2a7c191628
C 342
R
P 0x7f2a7c191628
P 0x7f2a7c487da0
C 257
R
P 0x7f2a7c191628
C 342
R
P 0x7f2a7c191628
P 0x7f2a7c487da0
C 254
= 0x7f2a7c19b1e8
R
P 0x7f2a7c191628
C 342
R
P 0x7f2a7c191628
P 0x7f2a7c19b1e8
C 209
R
P 0x7f2a7c191628
C 342
R
P 0x7f2a7c191628
P 0x7f2a7c487da0
C 260
R
P 0x7f2a7c191628
C 342
R
P 0x7f2a7c191628
P 0x7f2a7c487da0
C 259
R
P 0x7f2a7c191628
C 342
R
P 0x7f2a7c191628
P 0x7f2a7c487da0
C 258
R
P 0x7f2a7c191628
C 342
R
P 0x7f2a7c191628
P 0x7f2a7c487da0
C 9
R
P 0x7f2a7c191628
C 342
R
P 0x7f2a7c191628
P 0x7f2a7c1a1890
P 0x7f2a7c487da0
P 0x7f2a7c19bb88
C 59
= 0x7f2a7c19fa88
R
P 0x7f2a7c191628
C 342
R
P 0x7f2a7c191628
P 0x7f2a7c19fa88
C 257
R
P 0x7f2a7c191628
C 342
R
P 0x7f2a7c191628
P 0x7f2a7c19fa88
C 254
= 0x7f2a7c19b1e8
R
P 0x7f2a7c191628
C 342
R
P 0x7f2a7c191628
P 0x7f2a7c19b1e8
C 209
R
P 0x7f2a7c191628
C 342
R
P 0x7f2a7c191628
P 0x7f2a7c19fa88
C 260
R
P 0x7f2a7c191628
C 342
R
P 0x7f2a7c191628
P 0x7f2a7c19fa88
C 259
R
P 0x7f2a7c191628
C 342
R
P 0x7f2a7c191628
P 0x7f2a7c19fa88
C 258
R
P 0x7f2a7c191628
C 342
R
P 0x7f2a7c191628
P 0x7f2a7c19fa88
C 9
R
P 0x7f2a7c191628
C 342
R
P 0x7f2a7c191628
U 2
P 0x7f2a7c487908
P 0x7f2a7c19fa88
p 2
C 65
= 0x7f2a7c487dd8
R
P 0x7f2a7c191628
C 342
R
P 0x7f2a7c191628
P 0x7f2a7c487dd8
C 257
R
P 0x7f2a7c191628
C 342
R
P 0x7f2a7c191628
P 0x7f2a7c487dd8
C 254
= 0x7f2a7c19b1e8
R
P 0x7f2a7c191628
C 342
R
P 0x7f2a7c191628
P 0x7f2a7c19b1e8
C 209
R
P 0x7f2a7c191628
C 342
R
P 0x7f2a7c191628
P 0x7f2a7c487dd8
C 260
R
P 0x7f2a7c191628
C 342
R
P 0x7f2a7c191628
P 0x7f2a7c487dd8
C 259
R
P 0x7f2a7c191628
C 342
R
P 0x7f2a7c191628
P 0x7f2a7c487dd8
C 258
R
P 0x7f2a7c191628
C 342
R
P 0x7f2a7c191628
P 0x7f2a7c487dd8
C 9
R
P 0x7f2a7c191628
C 342
R
P 0x7f2a7c191628
U 2
P 0x7f2a7c487dd8
P 0x7f2a7c19bb68
p 2
C 67
= 0x7f2a7c487e10
R
P 0x7f2a7c191628
C 342
R
P 0x7f2a7c191628
P 0x7f2a7c487e10
C 257
R
P 0x7f2a7c191628
C 342
R
P 0x7f2a7c191628
P 0x7f2a7c487e10
C 254
= 0x7f2a7c19b1e8
R
P 0x7f2a7c191628
C 342
R
P 0x7f2a7c191628
P 0x7f2a7c19b1e8
C 209
R
P 0x7f2a7c191628
C 342
R
P 0x7f2a7c191628
P 0x7f2a7c487e10
C 260
R
P 0x7f2a7c191628
C 342
R
P 0x7f2a7c191628
P 0x7f2a7c487e10
C 259
R
P 0x7f2a7c191628
C 342
R
P 0x7f2a7c191628
P 0x7f2a7c487e10
C 258
R
P 0x7f2a7c191628
C 342
R
P 0x7f2a7c191628
P 0x7f2a7c487e10
C 9
R
P 0x7f2a7c191628
C 342
R
P 0x7f2a7c191628
P 0x7f2a7c1a1970
P 0x7f2a7c487e10
C 75
= 0x7f2a7c48d078
R
P 0x7f2a7c191628
C 342
R
P 0x7f2a7c191628
P 0x7f2a7c48d078
C 258
R
P 0x7f2a7c191628
C 342
R
P 0x7f2a7c191628
P 0x7f2a7c48d078
C 9
R
P 0x7f2a7c191628
C 342
R
P 0x7f2a7c191628
I 2
P 0x7f2a7c19b208
C 150
= 0x7f2a7c19bcc8
R
P 0x7f2a7c191628
C 342
R
P 0x7f2a7c191628
P 0x7f2a7c19bcc8
C 258
R
P 0x7f2a7c191628
C 342
R
P 0x7f2a7c191628
P 0x7f2a7c19bcc8
C 9
R
P 0x7f2a7c191628
C 342
R
P 0x7f2a7c191628
I 1
P 0x7f2a7c19b208
C 150
= 0x7f2a7c19bc88
R
P 0x7f2a7c191628
C 342
R
P 0x7f2a7c191628
P 0x7f2a7c19bc88
C 258
R
P 0x7f2a7c191628
C 342
R
P 0x7f2a7c191628
P 0x7f2a7c19bc88
C 9
R
P 0x7f2a7c191628
C 342
R
P 0x7f2a7c191628
P 0x7f2a7c19bcc8
P 0x7f2a7c19bc88
C 75
= 0x7f2a7c1a1890
R
P 0x7f2a7c191628
C 342
R
P 0x7f2a7c191628
P 0x7f2a7c1a1890
C 258
R
P 0x7f2a7c191628
C 342
R
P 0x7f2a7c191628
P 0x7f2a7c1a1890
C 9
R
P 0x7f2a7c191628
C 342
R
P 0x7f2a7c191628
I 1
P 0x7f2a7c19b208
C 150
= 0x7f2a7c19bc88
R
P 0x7f2a7c191628
C 342
R
P 0x7f2a7c191628
P 0x7f2a7c19bc88
C 258
R
P 0x7f2a7c191628
C 342
R
P 0x7f2a7c191628
P 0x7f2a7c19bc88
C 9
R
P 0x7f2a7c191628
C 342
R
P 0x7f2a7c191628
U 2
P 0x7f2a7c19bcc8
P 0x7f2a7c19bc88
p 2
C 67
= 0x7f2a7c1a18c8
R
P 0x7f2a7c191628
C 342
R
P 0x7f2a7c191628
P 0x7f2a7c1a18c8
C 257
R
P 0x7f2a7c191628
C 342
R
P 0x7f2a7c191628
P 0x7f2a7c1a18c8
C 254
= 0x7f2a7c19b208
R
P 0x7f2a7c191628
C 342
R
P 0x7f2a7c191628
P 0x7f2a7c19b208
C 209
R
P 0x7f2a7c191628
C 342
R
P 0x7f2a7c191628
P 0x7f2a7c1a18c8
C 260
R
P 0x7f2a7c191628
C 342
R
P 0x7f2a7c191628
P 0x7f2a7c1a18c8
C 259
R
P 0x7f2a7c191628
C 342
R
P 0x7f2a7c191628
P 0x7f2a7c1a18c8
C 258
R
P 0x7f2a7c191628
C 342
R
P 0x7f2a7c191628
P 0x7f2a7c1a18c8
C 9
R
P 0x7f2a7c191628
C 342
R
P 0x7f2a7c191628
U 2
P 0x7f2a7c19bba8
P 0x7f2a7c1a18c8
p 2
C 66
= 0x7f2a7c1a1900
R
P 0x7f2a7c191628
C 342
R
P 0x7f2a7c191628
P 0x7f2a7c1a1900
C 257
R
P 0x7f2a7c191628
C 342
R
P 0x7f2a7c191628
P 0x7f2a7c1a1900
C 254
= 0x7f2a7c19b1e8
R
P 0x7f2a7c191628
C 342
R
P 0x7f2a7c191628
P 0x7f2a7c19b1e8
C 209
R
P 0x7f2a7c191628
C 342
R
P 0x7f2a7c191628
P 0x7f2a7c1a1900
C 260
R
P 0x7f2a7c191628
C 342
R
P 0x7f2a7c191628
P 0x7f2a7c1a1900
C 259
R
P 0x7f2a7c191628
C 342
R
P 0x7f2a7c191628
P 0x7f2a7c1a1900
C 258
R
P 0x7f2a7c191628
C 342
R
P 0x7f2a7c191628
P 0x7f2a7c1a1900
C 9
R
P 0x7f2a7c191628
C 342
R
P 0x7f2a7c191628
U 2
P 0x7f2a7c19bc28
P 0x7f2a7c1a1900
p 2
C 65
= 0x7f2a7c1a1938
R
P 0x7f2a7c191628
C 342
R
P 0x7f2a7c191628
P 0x7f2a7c1a1938
C 257
R
P 0x7f2a7c191628
C 342
R
P 0x7f2a7c191628
P 0x7f2a7c1a1938
C 254
= 0x7f2a7c19b1e8
R
P 0x7f2a7c191628
C 342
R
P 0x7f2a7c191628
P 0x7f2a7c19b1e8
C 209
R
P 0x7f2a7c191628
C 342
R
P 0x7f2a7c191628
P 0x7f2a7c1a1938
C 260
R
P 0x7f2a7c191628
C 342
R
P 0x7f2a7c191628
P 0x7f2a7c1a1938
C 259
R
P 0x7f2a7c191628
C 342
R
P 0x7f2a7c191628
P 0x7f2a7c1a1938
C 258
R
P 0x7f2a7c191628
C 342
R
P 0x7f2a7c191628
P 0x7f2a7c1a1938
C 9
R
P 0x7f2a7c191628
C 342
R
P 0x7f2a7c191628
P 0x7f2a7c1a1890
P 0x7f2a7c1a1938
P 0x7f2a7c19bc28
C 59
= 0x7f2a7c19f888
R
P 0x7f2a7c191628
C 342
R
P 0x7f2a7c191628
P 0x7f2a7c19f888
C 257
R
P 0x7f2a7c191628
C 342
R
P 0x7f2a7c191628
P 0x7f2a7c19f888
C 254
= 0x7f2a7c19b1e8
R
P 0x7f2a7c191628
C 342
R
P 0x7f2a7c191628
P 0x7f2a7c19b1e8
C 209
R
P 0x7f2a7c191628
C 342
R
P 0x7f2a7c191628
P 0x7f2a7c19f888
C 260
R
P 0x7f2a7c191628
C 342
R
P 0x7f2a7c191628
P 0x7f2a7c19f888
C 259
R
P 0x7f2a7c191628
C 342
R
P 0x7f2a7c191628
P 0x7f2a7c19f888
C 258
R
P 0x7f2a7c191628
C 342
R
P 0x7f2a7c191628
P 0x7f2a7c19f888
C 9
R
P 0x7f2a7c191628
C 342
R
P 0x7f2a7c191628
U 2
P 0x7f2a7c19f888
P 0x7f2a7c19bb48
p 2
C 65
= 0x7f2a7c1a1970
R
P 0x7f2a7c191628
C 342
R
P 0x7f2a7c191628
P 0x7f2a7c1a1970
C 257
R
P 0x7f2a7c191628
C 342
R
P 0x7f2a7c191628
P 0x7f2a7c1a1970
C 254
= 0x7f2a7c19b1e8
R
P 0x7f2a7c191628
C 342
R
P 0x7f2a7c191628
P 0x7f2a7c19b1e8
C 209
R
P 0x7f2a7c191628
C 342
R
P 0x7f2a7c191628
P 0x7f2a7c1a1970
C 260
R
P 0x7f2a7c191628
C 342
R
P 0x7f2a7c191628
P 0x7f2a7c1a1970
C 259
R
P 0x7f2a7c191628
C 342
R
P 0x7f2a7c191628
P 0x7f2a7c1a1970
C 258
R
P 0x7f2a7c191628
C 342
R
P 0x7f2a7c191628
P 0x7f2a7c1a1970
C 9
R
P 0x7f2a7c191628
C 342
R
P 0x7f2a7c191628
I 2
P 0x7f2a7c19b208
C 150
= 0x7f2a7c19bcc8
R
P 0x7f2a7c191628
C 342
R
P 0x7f2a7c191628
P 0x7f2a7c19bcc8
C 258
R
P 0x7f2a7c191628
C 342
R
P 0x7f2a7c191628
P 0x7f2a7c19bcc8
C 9
R
P 0x7f2a7c191628
C 342
R
P 0x7f2a7c191628
I 1
P 0x7f2a7c19b208
C 150
= 0x7f2a7c19bc88
R
P 0x7f2a7c191628
C 342
R
P 0x7f2a7c191628
P 0x7f2a7c19bc88
C 258
R
P 0x7f2a7c191628
C 342
R
P 0x7f2a7c191628
P 0x7f2a7c19bc88
C 9
R
P 0x7f2a7c191628
C 342
R
P 0x7f2a7c191628
P 0x7f2a7c19bcc8
P 0x7f2a7c19bc88
C 75
= 0x7f2a7c1a1890
R
P 0x7f2a7c191628
C 342
R
P 0x7f2a7c191628
P 0x7f2a7c1a1890
C 258
R
P 0x7f2a7c191628
C 342
R
P 0x7f2a7c191628
P 0x7f2a7c1a1890
C 9
R
P 0x7f2a7c191628
C 342
R
P 0x7f2a7c191628
I 1
P 0x7f2a7c19b208
C 150
= 0x7f2a7c19bc88
R
P 0x7f2a7c191628
C 342
R
P 0x7f2a7c191628
P 0x7f2a7c19bc88
C 258
R
P 0x7f2a7c191628
C 342
R
P 0x7f2a7c191628
P 0x7f2a7c19bc88
C 9
R
P 0x7f2a7c191628
C 342
R
P 0x7f2a7c191628
U 2
P 0x7f2a7c19bcc8
P 0x7f2a7c19bc88
p 2
C 67
= 0x7f2a7c1a18c8
R
P 0x7f2a7c191628
C 342
R
P 0x7f2a7c191628
P 0x7f2a7c1a18c8
C 257
R
P 0x7f2a7c191628
C 342
R
P 0x7f2a7c191628
P 0x7f2a7c1a18c8
C 254
= 0x7f2a7c19b208
R
P 0x7f2a7c191628
C 342
R
P 0x7f2a7c191628
P 0x7f2a7c19b208
C 209
R
P 0x7f2a7c191628
C 342
R
P 0x7f2a7c191628
P 0x7f2a7c1a18c8
C 260
R
P 0x7f2a7c191628
C 342
R
P 0x7f2a7c191628
P 0x7f2a7c1a18c8
C 259
R
P 0x7f2a7c191628
C 342
R
P 0x7f2a7c191628
P 0x7f2a7c1a18c8
C 258
R
P 0x7f2a7c191628
C 342
R
P 0x7f2a7c191628
P 0x7f2a7c1a18c8
C 9
R
P 0x7f2a7c191628
C 342
R
P 0x7f2a7c191628
U 2
P 0x7f2a7c19bbe8
P 0x7f2a7c1a18c8
p 2
C 66
= 0x7f2a7c487d68
R
P 0x7f2a7c191628
C 342
R
P 0x7f2a7c191628
P 0x7f2a7c487d68
C 257
R
P 0x7f2a7c191628
C 342
R
P 0x7f2a7c191628
P 0x7f2a7c487d68
C 254
= 0x7f2a7c19b208
R
P 0x7f2a7c191628
C 342
R
P 0x7f2a7c191628
P 0x7f2a7c19b208
C 209
R
P 0x7f2a7c191628
C 342
R
P 0x7f2a7c191628
P 0x7f2a7c487d68
C 260
R
P 0x7f2a7c191628
C 342
R
P 0x7f2a7c191628
P 0x7f2a7c487d68
C 259
R
P 0x7f2a7c191628
C 342
R
P 0x7f2a7c191628
P 0x7f2a7c487d68
C 258
R
P 0x7f2a7c191628
C 342
R
P 0x7f2a7c191628
P 0x7f2a7c487d68
C 9
R
P 0x7f2a7c191628
C 342
R
P 0x7f2a7c191628
U 2
P 0x7f2a7c19bb88
P 0x7f2a7c487d68
p 2
C 65
= 0x7f2a7c487da0
R
P 0x7f2a7c191628
C 342
R
P 0x7f2a7c191628
P 0x7f2a7c487da0
C 257
R
P 0x7f2a7c191628
C 342
R
P 0x7f2a7c191628
P 0x7f2a7c487da0
C 254
= 0x7f2a7c19b1e8
R
P 0x7f2a7c191628
C 342
R
P 0x7f2a7c191628
P 0x7f2a7c19b1e8
C 209
R
P 0x7f2a7c191628
C 342
R
P 0x7f2a7c191628
P 0x7f2a7c487da0
C 260
R
P 0x7f2a7c191628
C 342
R
P 0x7f2a7c191628
P 0x7f2a7c487da0
C 259
R
P 0x7f2a7c191628
C 342
R
P 0x7f2a7c191628
P 0x7f2a7c487da0
C 258
R
P 0x7f2a7c191628
C 342
R
P 0x7f2a7c191628
P 0x7f2a7c487da0
C 9
R
P 0x7f2a7c191628
C 342
R
P 0x7f2a7c191628
P 0x7f2a7c1a1890
P 0x7f2a7c487da0
P 0x7f2a7c19bb88
C 59
= 0x7f2a7c19fa88
R
P 0x7f2a7c191628
C 342
R
P 0x7f2a7c191628
P 0x7f2a7c19fa88
C 257
R
P 0x7f2a7c191628
C 342
R
P 0x7f2a7c191628
P 0x7f2a7c19fa88
C 254
= 0x7f2a7c19b1e8
R
P 0x7f2a7c191628
C 342
R
P 0x7f2a7c191628
P 0x7f2a7c19b1e8
C 209
R
P 0x7f2a7c191628
C 342
R
P 0x7f2a7c191628
P 0x7f2a7c19fa88
C 260
R
P 0x7f2a7c191628
C 342
R
P 0x7f2a7c191628
P 0x7f2a7c19fa88
C 259
R
P 0x7f2a7c191628
C 342
R
P 0x7f2a7c191628
P 0x7f2a7c19fa88
C 258
R
P 0x7f2a7c191628
C 342
R
P 0x7f2a7c191628
P 0x7f2a7c19fa88
C 9
R
P 0x7f2a7c191628
C 342
R
P 0x7f2a7c191628
U 2
P 0x7f2a7c19fa88
P 0x7f2a7c19bbe8
p 2
C 65
= 0x7f2a7c48c108
R
P 0x7f2a7c191628
C 342
R
P 0x7f2a7c191628
P 0x7f2a7c48c108
C 257
R
P 0x7f2a7c191628
C 342
R
P 0x7f2a7c191628
P 0x7f2a7c48c108
C 254
= 0x7f2a7c19b1e8
R
P 0x7f2a7c191628
C 342
R
P 0x7f2a7c191628
P 0x7f2a7c19b1e8
C 209
R
P 0x7f2a7c191628
C 342
R
P 0x7f2a7c191628
P 0x7f2a7c48c108
C 260
R
P 0x7f2a7c191628
C 342
R
P 0x7f2a7c191628
P 0x7f2a7c48c108
C 259
R
P 0x7f2a7c191628
C 342
R
P 0x7f2a7c191628
P 0x7f2a7c48c108
C 258
R
P 0x7f2a7c191628
C 342
R
P 0x7f2a7c191628
P 0x7f2a7c48c108
C 9
R
P 0x7f2a7c191628
C 342
R
P 0x7f2a7c191628
P 0x7f2a7c1a1970
P 0x7f2a7c48c108
C 74
= 0x7f2a7c48d0b0
R
P 0x7f2a7c191628
C 342
R
P 0x7f2a7c191628
P 0x7f2a7c48d0b0
C 258
R
P 0x7f2a7c191628
C 342
R
P 0x7f2a7c191628
P 0x7f2a7c48d0b0
C 9
R
P 0x7f2a7c191628
C 342
R
P 0x7f2a7c191628
U 2
P 0x7f2a7c48d078
P 0x7f2a7c48d0b0
p 2
C 63
= 0x7f2a7c48d0e8
R
P 0x7f2a7c191628
C 342
R
P 0x7f2a7c191628
P 0x7f2a7c48d0e8
C 258
R
P 0x7f2a7c191628
C 342
R
P 0x7f2a7c191628
P 0x7f2a7c48d0e8
C 9
R
P 0x7f2a7c191628
C 342
R
P 0x7f2a7c191628
I 2
P 0x7f2a7c19b208
C 150
= 0x7f2a7c19bcc8
R
P 0x7f2a7c191628
C 342
R
P 0x7f2a7c191628
P 0x7f2a7c19bcc8
C 258
R
P 0x7f2a7c191628
C 342
R
P 0x7f2a7c191628
P 0x7f2a7c19bcc8
C 9
R
P 0x7f2a7c191628
C 342
R
P 0x7f2a7c191628
P 0x7f2a7c19bcc8
C 263
R
P 0x7f2a7c191628
C 342
R
P 0x7f2a7c191628
S "dev0T32"
C 30
R
P 0x7f2a7c191628
C 342
R
P 0x7f2a7c191628
$ |dev0T32|
C 202
R
P 0x7f2a7c191628
C 342
R
P 0x7f2a7c191628
$ |dev0T32|
P 0x7f2a7c19b1e8
C 51
= 0x7f2a7c19bce8
R
P 0x7f2a7c191628
C 342
R
P 0x7f2a7c191628
P 0x7f2a7c19bce8
C 257
R
P 0x7f2a7c191628
C 342
R
P 0x7f2a7c191628
P 0x7f2a7c19bce8
C 254
= 0x7f2a7c19b1e8
R
P 0x7f2a7c191628
C 342
R
P 0x7f2a7c191628
P 0x7f2a7c19b1e8
C 209
R
P 0x7f2a7c191628
C 342
R
P 0x7f2a7c191628
P 0x7f2a7c19bce8
C 260
R
P 0x7f2a7c191628
C 342
R
P 0x7f2a7c191628
P 0x7f2a7c19bce8
C 259
R
P 0x7f2a7c191628
C 342
R
P 0x7f2a7c191628
P 0x7f2a7c19bce8
C 258
R
P 0x7f2a7c191628
C 342
R
P 0x7f2a7c191628
P 0x7f2a7c19bce8
C 9
R
P 0x7f2a7c191628
C 342
R
P 0x7f2a7c191628
P 0x7f2a7c19bc68
C 333
R
P 0x7f2a7c191628
C 342
R
P 0x7f2a7c191628
S "slotflowPriorityStart"
C 30
R
P 0x7f2a7c191628
C 342
R
P 0x7f2a7c191628
$ |slotflowPriorityStart|
C 202
R
P 0x7f2a7c191628
C 342
R
P 0x7f2a7c191628
$ |slotflowPriorityStart|
P 0x7f2a7c19b1e8
C 51
= 0x7f2a7c19c2a8
R
P 0x7f2a7c191628
C 342
R
P 0x7f2a7c191628
P 0x7f2a7c19c2a8
C 257
R
P 0x7f2a7c191628
C 342
R
P 0x7f2a7c191628
P 0x7f2a7c19c2a8
C 254
= 0x7f2a7c19b1e8
R
P 0x7f2a7c191628
C 342
R
P 0x7f2a7c191628
P 0x7f2a7c19b1e8
C 209
R
P 0x7f2a7c191628
C 342
R
P 0x7f2a7c191628
P 0x7f2a7c19c2a8
C 260
R
P 0x7f2a7c191628
C 342
R
P 0x7f2a7c191628
P 0x7f2a7c19c2a8
C 259
R
P 0x7f2a7c191628
C 342
R
P 0x7f2a7c191628
P 0x7f2a7c19c2a8
C 258
R
P 0x7f2a7c191628
C 342
R
P 0x7f2a7c191628
P 0x7f2a7c19c2a8
C 9
R
P 0x7f2a7c191628
C 342
R
P 0x7f2a7c191628
P 0x7f2a7c19bc68
C 333
R
P 0x7f2a7c191628
C 342
R
P 0x7f2a7c191628
S "slotflowPriorityDuration"
C 30
R
P 0x7f2a7c191628
C 342
R
P 0x7f2a7c191628
$ |slotflowPriorityDuration|
C 202
R
P 0x7f2a7c191628
C 342
R
P 0x7f2a7c191628
$ |slotflowPriorityDuration|
P 0x7f2a7c19b1e8
C 51
= 0x7f2a7c19c268
R
P 0x7f2a7c191628
C 342
R
P 0x7f2a7c191628
P 0x7f2a7c19c268
C 257
R
P 0x7f2a7c191628
C 342
R
P 0x7f2a7c191628
P 0x7f2a7c19c268
C 254
= 0x7f2a7c19b1e8
R
P 0x7f2a7c191628
C 342
R
P 0x7f2a7c191628
P 0x7f2a7c19b1e8
C 209
R
P 0x7f2a7c191628
C 342
R
P 0x7f2a7c191628
P 0x7f2a7c19c268
C 260
R
P 0x7f2a7c191628
C 342
R
P 0x7f2a7c191628
P 0x7f2a7c19c268
C 259
R
P 0x7f2a7c191628
C 342
R
P 0x7f2a7c191628
P 0x7f2a7c19c268
C 258
R
P 0x7f2a7c191628
C 342
R
P 0x7f2a7c191628
P 0x7f2a7c19c268
C 9
R
P 0x7f2a7c191628
C 342
R
P 0x7f2a7c191628
U 2
P 0x7f2a7c19c2a8
P 0x7f2a7c19c268
p 2
C 65
= 0x7f2a7c487908
R
P 0x7f2a7c191628
C 342
R
P 0x7f2a7c191628
P 0x7f2a7c487908
C 257
R
P 0x7f2a7c191628
C 342
R
P 0x7f2a7c191628
P 0x7f2a7c487908
C 254
= 0x7f2a7c19b1e8
R
P 0x7f2a7c191628
C 342
R
P 0x7f2a7c191628
P 0x7f2a7c19b1e8
C 209
R
P 0x7f2a7c191628
C 342
R
P 0x7f2a7c191628
P 0x7f2a7c487908
C 260
R
P 0x7f2a7c191628
C 342
R
P 0x7f2a7c191628
P 0x7f2a7c487908
C 259
R
P 0x7f2a7c191628
C 342
R
P 0x7f2a7c191628
P 0x7f2a7c487908
C 258
R
P 0x7f2a7c191628
C 342
R
P 0x7f2a7c191628
P 0x7f2a7c487908
C 9
R
P 0x7f2a7c191628
C 342
R
P 0x7f2a7c191628
I 3
P 0x7f2a7c19b208
C 150
= 0x7f2a7c19bfc8
R
P 0x7f2a7c191628
C 342
R
P 0x7f2a7c191628
P 0x7f2a7c19bfc8
C 258
R
P 0x7f2a7c191628
C 342
R
P 0x7f2a7c191628
P 0x7f2a7c19bfc8
C 9
R
P 0x7f2a7c191628
C 342
R
P 0x7f2a7c191628
I 1
P 0x7f2a7c19b208
C 150
= 0x7f2a7c19bc88
R
P 0x7f2a7c191628
C 342
R
P 0x7f2a7c191628
P 0x7f2a7c19bc88
C 258
R
P 0x7f2a7c191628
C 342
R
P 0x7f2a7c191628
P 0x7f2a7c19bc88
C 9
R
P 0x7f2a7c191628
C 342
R
P 0x7f2a7c191628
P 0x7f2a7c19bfc8
P 0x7f2a7c19bc88
C 75
= 0x7f2a7c487208
R
P 0x7f2a7c191628
C 342
R
P 0x7f2a7c191628
P 0x7f2a7c487208
C 258
R
P 0x7f2a7c191628
C 342
R
P 0x7f2a7c191628
P 0x7f2a7c487208
C 9
R
P 0x7f2a7c191628
C 342
R
P 0x7f2a7c191628
I 1
P 0x7f2a7c19b208
C 150
= 0x7f2a7c19bc88
R
P 0x7f2a7c191628
C 342
R
P 0x7f2a7c191628
P 0x7f2a7c19bc88
C 258
R
P 0x7f2a7c191628
C 342
R
P 0x7f2a7c191628
P 0x7f2a7c19bc88
C 9
R
P 0x7f2a7c191628
C 342
R
P 0x7f2a7c191628
U 2
P 0x7f2a7c19bfc8
P 0x7f2a7c19bc88
p 2
C 67
= 0x7f2a7c487240
R
P 0x7f2a7c191628
C 342
R
P 0x7f2a7c191628
P 0x7f2a7c487240
C 257
R
P 0x7f2a7c191628
C 342
R
P 0x7f2a7c191628
P 0x7f2a7c487240
C 254
= 0x7f2a7c19b208
R
P 0x7f2a7c191628
C 342
R
P 0x7f2a7c191628
P 0x7f2a7c19b208
C 209
R
P 0x7f2a7c191628
C 342
R
P 0x7f2a7c191628
P 0x7f2a7c487240
C 260
R
P 0x7f2a7c191628
C 342
R
P 0x7f2a7c191628
P 0x7f2a7c487240
C 259
R
P 0x7f2a7c191628
C 342
R
P 0x7f2a7c191628
P 0x7f2a7c487240
C 258
R
P 0x7f2a7c191628
C 342
R
P 0x7f2a7c191628
P 0x7f2a7c487240
C 9
R
P 0x7f2a7c191628
C 342
R
P 0x7f2a7c191628
U 2
P 0x7f2a7c19bbe8
P 0x7f2a7c487240
p 2
C 66
= 0x7f2a7c487f60
R
P 0x7f2a7c191628
C 342
R
P 0x7f2a7c191628
P 0x7f2a7c487f60
C 257
R
P 0x7f2a7c191628
C 342
R
P 0x7f2a7c191628
P 0x7f2a7c487f60
C 254
= 0x7f2a7c19b208
R
P 0x7f2a7c191628
C 342
R
P 0x7f2a7c191628
P 0x7f2a7c19b208
C 209
R
P 0x7f2a7c191628
C 342
R
P 0x7f2a7c191628
P 0x7f2a7c487f60
C 260
R
P 0x7f2a7c191628
C 342
R
P 0x7f2a7c191628
P 0x7f2a7c487f60
C 259
R
P 0x7f2a7c191628
C 342
R
P 0x7f2a7c191628
P 0x7f2a7c487f60
C 258
R
P 0x7f2a7c191628
C 342
R
P 0x7f2a7c191628
P 0x7f2a7c487f60
C 9
R
P 0x7f2a7c191628
C 342
R
P 0x7f2a7c191628
U 2
P 0x7f2a7c19bb88
P 0x7f2a7c487f60
p 2
C 65
= 0x7f2a7c487f98
R
P 0x7f2a7c191628
C 342
R
P 0x7f2a7c191628
P 0x7f2a7c487f98
C 257
R
P 0x7f2a7c191628
C 342
R
P 0x7f2a7c191628
P 0x7f2a7c487f98
C 254
= 0x7f2a7c19b1e8
R
P 0x7f2a7c191628
C 342
R
P 0x7f2a7c191628
P 0x7f2a7c19b1e8
C 209
R
P 0x7f2a7c191628
C 342
R
P 0x7f2a7c191628
P 0x7f2a7c487f98
C 260
R
P 0x7f2a7c191628
C 342
R
P 0x7f2a7c191628
P 0x7f2a7c487f98
C 259
R
P 0x7f2a7c191628
C 342
R
P 0x7f2a7c191628
P 0x7f2a7c487f98
C 258
R
P 0x7f2a7c191628
C 342
R
P 0x7f2a7c191628
P 0x7f2a7c487f98
C 9
R
P 0x7f2a7c191628
C 342
R
P 0x7f2a7c191628
P 0x7f2a7c487208
P 0x7f2a7c487f98
P 0x7f2a7c19bb88
C 59
= 0x7f2a7c19fac8
R
P 0x7f2a7c191628
C 342
R
P 0x7f2a7c191628
P 0x7f2a7c19fac8
C 257
R
P 0x7f2a7c191628
C 342
R
P 0x7f2a7c191628
P 0x7f2a7c19fac8
C 254
= 0x7f2a7c19b1e8
R
P 0x7f2a7c191628
C 342
R
P 0x7f2a7c191628
P 0x7f2a7c19b1e8
C 209
R
P 0x7f2a7c191628
C 342
R
P 0x7f2a7c191628
P 0x7f2a7c19fac8
C 260
R
P 0x7f2a7c191628
C 342
R
P 0x7f2a7c191628
P 0x7f2a7c19fac8
C 259
R
P 0x7f2a7c191628
C 342
R
P 0x7f2a7c191628
P 0x7f2a7c19fac8
C 258
R
P 0x7f2a7c191628
C 342
R
P 0x7f2a7c191628
P 0x7f2a7c19fac8
C 9
R
P 0x7f2a7c191628
C 342
R
P 0x7f2a7c191628
U 2
P 0x7f2a7c487908
P 0x7f2a7c19fac8
p 2
C 65
= 0x7f2a7c487fd0
R
P 0x7f2a7c191628
C 342
R
P 0x7f2a7c191628
P 0x7f2a7c487fd0
C 257
R
P 0x7f2a7c191628
C 342
R
P 0x7f2a7c191628
P 0x7f2a7c487fd0
C 254
= 0x7f2a7c19b1e8
R
P 0x7f2a7c191628
C 342
R
P 0x7f2a7c191628
P 0x7f2a7c19b1e8
C 209
R
P 0x7f2a7c191628
C 342
R
P 0x7f2a7c191628
P 0x7f2a7c487fd0
C 260
R
P 0x7f2a7c191628
C 342
R
P 0x7f2a7c191628
P 0x7f2a7c487fd0
C 259
R
P 0x7f2a7c191628
C 342
R
P 0x7f2a7c191628
P 0x7f2a7c487fd0
C 258
R
P 0x7f2a7c191628
C 342
R
P 0x7f2a7c191628
P 0x7f2a7c487fd0
C 9
R
P 0x7f2a7c191628
C 342
R
P 0x7f2a7c191628
P 0x7f2a7c19bce8
P 0x7f2a7c487fd0
C 74
= 0x7f2a7c48ac40
R
P 0x7f2a7c191628
C 342
R
P 0x7f2a7c191628
P 0x7f2a7c48ac40
C 258
R
P 0x7f2a7c191628
C 342
R
P 0x7f2a7c191628
P 0x7f2a7c48ac40
C 9
R
P 0x7f2a7c191628
C 342
R
P 0x7f2a7c191628
I 2
P 0x7f2a7c19b208
C 150
= 0x7f2a7c19bcc8
R
P 0x7f2a7c191628
C 342
R
P 0x7f2a7c191628
P 0x7f2a7c19bcc8
C 258
R
P 0x7f2a7c191628
C 342
R
P 0x7f2a7c191628
P 0x7f2a7c19bcc8
C 9
R
P 0x7f2a7c191628
C 342
R
P 0x7f2a7c191628
P 0x7f2a7c19bcc8
C 263
R
P 0x7f2a7c191628
C 342
R
P 0x7f2a7c191628
S "dev0T32"
C 30
R
P 0x7f2a7c191628
C 342
R
P 0x7f2a7c191628
$ |dev0T32|
C 202
R
P 0x7f2a7c191628
C 342
R
P 0x7f2a7c191628
$ |dev0T32|
P 0x7f2a7c19b1e8
C 51
= 0x7f2a7c19bce8
R
P 0x7f2a7c191628
C 342
R
P 0x7f2a7c191628
P 0x7f2a7c19bce8
C 257
R
P 0x7f2a7c191628
C 342
R
P 0x7f2a7c191628
P 0x7f2a7c19bce8
C 254
= 0x7f2a7c19b1e8
R
P 0x7f2a7c191628
C 342
R
P 0x7f2a7c191628
P 0x7f2a7c19b1e8
C 209
R
P 0x7f2a7c191628
C 342
R
P 0x7f2a7c191628
P 0x7f2a7c19bce8
C 260
R
P 0x7f2a7c191628
C 342
R
P 0x7f2a7c191628
P 0x7f2a7c19bce8
C 259
R
P 0x7f2a7c191628
C 342
R
P 0x7f2a7c191628
P 0x7f2a7c19bce8
C 258
R
P 0x7f2a7c191628
C 342
R
P 0x7f2a7c191628
P 0x7f2a7c19bce8
C 9
R
P 0x7f2a7c191628
C 342
R
P 0x7f2a7c191628
P 0x7f2a7c19bc68
C 333
R
P 0x7f2a7c191628
C 342
R
P 0x7f2a7c191628
S "slotflowPriorityStart"
C 30
R
P 0x7f2a7c191628
C 342
R
P 0x7f2a7c191628
$ |slotflowPriorityStart|
C 202
R
P 0x7f2a7c191628
C 342
R
P 0x7f2a7c191628
$ |slotflowPriorityStart|
P 0x7f2a7c19b1e8
C 51
= 0x7f2a7c19c2a8
R
P 0x7f2a7c191628
C 342
R
P 0x7f2a7c191628
P 0x7f2a7c19c2a8
C 257
R
P 0x7f2a7c191628
C 342
R
P 0x7f2a7c191628
P 0x7f2a7c19c2a8
C 254
= 0x7f2a7c19b1e8
R
P 0x7f2a7c191628
C 342
R
P 0x7f2a7c191628
P 0x7f2a7c19b1e8
C 209
R
P 0x7f2a7c191628
C 342
R
P 0x7f2a7c191628
P 0x7f2a7c19c2a8
C 260
R
P 0x7f2a7c191628
C 342
R
P 0x7f2a7c191628
P 0x7f2a7c19c2a8
C 259
R
P 0x7f2a7c191628
C 342
R
P 0x7f2a7c191628
P 0x7f2a7c19c2a8
C 258
R
P 0x7f2a7c191628
C 342
R
P 0x7f2a7c191628
P 0x7f2a7c19c2a8
C 9
R
P 0x7f2a7c191628
C 342
R
P 0x7f2a7c191628
I 2
P 0x7f2a7c19b208
C 150
= 0x7f2a7c19bcc8
R
P 0x7f2a7c191628
C 342
R
P 0x7f2a7c191628
P 0x7f2a7c19bcc8
C 258
R
P 0x7f2a7c191628
C 342
R
P 0x7f2a7c191628
P 0x7f2a7c19bcc8
C 9
R
P 0x7f2a7c191628
C 342
R
P 0x7f2a7c191628
I 1
P 0x7f2a7c19b208
C 150
= 0x7f2a7c19bc88
R
P 0x7f2a7c191628
C 342
R
P 0x7f2a7c191628
P 0x7f2a7c19bc88
C 258
R
P 0x7f2a7c191628
C 342
R
P 0x7f2a7c191628
P 0x7f2a7c19bc88
C 9
R
P 0x7f2a7c191628
C 342
R
P 0x7f2a7c191628
P 0x7f2a7c19bcc8
P 0x7f2a7c19bc88
C 75
= 0x7f2a7c1a1890
R
P 0x7f2a7c191628
C 342
R
P 0x7f2a7c191628
P 0x7f2a7c1a1890
C 258
R
P 0x7f2a7c191628
C 342
R
P 0x7f2a7c191628
P 0x7f2a7c1a1890
C 9
R
P 0x7f2a7c191628
C 342
R
P 0x7f2a7c191628
I 1
P 0x7f2a7c19b208
C 150
= 0x7f2a7c19bc88
R
P 0x7f2a7c191628
C 342
R
P 0x7f2a7c191628
P 0x7f2a7c19bc88
C 258
R
P 0x7f2a7c191628
C 342
R
P 0x7f2a7c191628
P 0x7f2a7c19bc88
C 9
R
P 0x7f2a7c191628
C 342
R
P 0x7f2a7c191628
U 2
P 0x7f2a7c19bcc8
P 0x7f2a7c19bc88
p 2
C 67
= 0x7f2a7c1a18c8
R
P 0x7f2a7c191628
C 342
R
P 0x7f2a7c191628
P 0x7f2a7c1a18c8
C 257
R
P 0x7f2a7c191628
C 342
R
P 0x7f2a7c191628
P 0x7f2a7c1a18c8
C 254
= 0x7f2a7c19b208
R
P 0x7f2a7c191628
C 342
R
P 0x7f2a7c191628
P 0x7f2a7c19b208
C 209
R
P 0x7f2a7c191628
C 342
R
P 0x7f2a7c191628
P 0x7f2a7c1a18c8
C 260
R
P 0x7f2a7c191628
C 342
R
P 0x7f2a7c191628
P 0x7f2a7c1a18c8
C 259
R
P 0x7f2a7c191628
C 342
R
P 0x7f2a7c191628
P 0x7f2a7c1a18c8
C 258
R
P 0x7f2a7c191628
C 342
R
P 0x7f2a7c191628
P 0x7f2a7c1a18c8
C 9
R
P 0x7f2a7c191628
C 342
R
P 0x7f2a7c191628
U 2
P 0x7f2a7c19bbe8
P 0x7f2a7c1a18c8
p 2
C 66
= 0x7f2a7c487d68
R
P 0x7f2a7c191628
C 342
R
P 0x7f2a7c191628
P 0x7f2a7c487d68
C 257
R
P 0x7f2a7c191628
C 342
R
P 0x7f2a7c191628
P 0x7f2a7c487d68
C 254
= 0x7f2a7c19b208
R
P 0x7f2a7c191628
C 342
R
P 0x7f2a7c191628
P 0x7f2a7c19b208
C 209
R
P 0x7f2a7c191628
C 342
R
P 0x7f2a7c191628
P 0x7f2a7c487d68
C 260
R
P 0x7f2a7c191628
C 342
R
P 0x7f2a7c191628
P 0x7f2a7c487d68
C 259
R
P 0x7f2a7c191628
C 342
R
P 0x7f2a7c191628
P 0x7f2a7c487d68
C 258
R
P 0x7f2a7c191628
C 342
R
P 0x7f2a7c191628
P 0x7f2a7c487d68
C 9
R
P 0x7f2a7c191628
C 342
R
P 0x7f2a7c191628
U 2
P 0x7f2a7c19bb88
P 0x7f2a7c487d68
p 2
C 65
= 0x7f2a7c487da0
R
P 0x7f2a7c191628
C 342
R
P 0x7f2a7c191628
P 0x7f2a7c487da0
C 257
R
P 0x7f2a7c191628
C 342
R
P 0x7f2a7c191628
P 0x7f2a7c487da0
C 254
= 0x7f2a7c19b1e8
R
P 0x7f2a7c191628
C 342
R
P 0x7f2a7c191628
P 0x7f2a7c19b1e8
C 209
R
P 0x7f2a7c191628
C 342
R
P 0x7f2a7c191628
P 0x7f2a7c487da0
C 260
R
P 0x7f2a7c191628
C 342
R
P 0x7f2a7c191628
P 0x7f2a7c487da0
C 259
R
P 0x7f2a7c191628
C 342
R
P 0x7f2a7c191628
P 0x7f2a7c487da0
C 258
R
P 0x7f2a7c191628
C 342
R
P 0x7f2a7c191628
P 0x7f2a7c487da0
C 9
R
P 0x7f2a7c191628
C 342
R
P 0x7f2a7c191628
P 0x7f2a7c1a1890
P 0x7f2a7c487da0
P 0x7f2a7c19bb88
C 59
= 0x7f2a7c19fa88
R
P 0x7f2a7c191628
C 342
R
P 0x7f2a7c191628
P 0x7f2a7c19fa88
C 257
R
P 0x7f2a7c191628
C 342
R
P 0x7f2a7c191628
P 0x7f2a7c19fa88
C 254
= 0x7f2a7c19b1e8
R
P 0x7f2a7c191628
C 342
R
P 0x7f2a7c191628
P 0x7f2a7c19b1e8
C 209
R
P 0x7f2a7c191628
C 342
R
P 0x7f2a7c191628
P 0x7f2a7c19fa88
C 260
R
P 0x7f2a7c191628
C 342
R
P 0x7f2a7c191628
P 0x7f2a7c19fa88
C 259
R
P 0x7f2a7c191628
C 342
R
P 0x7f2a7c191628
P 0x7f2a7c19fa88
C 258
R
P 0x7f2a7c191628
C 342
R
P 0x7f2a7c191628
P 0x7f2a7c19fa88
C 9
R
P 0x7f2a7c191628
C 342
R
P 0x7f2a7c191628
U 2
P 0x7f2a7c19c2a8
P 0x7f2a7c19fa88
p 2
C 65
= 0x7f2a7c487e80
R
P 0x7f2a7c191628
C 342
R
P 0x7f2a7c191628
P 0x7f2a7c487e80
C 257
R
P 0x7f2a7c191628
C 342
R
P 0x7f2a7c191628
P 0x7f2a7c487e80
C 254
= 0x7f2a7c19b1e8
R
P 0x7f2a7c191628
C 342
R
P 0x7f2a7c191628
P 0x7f2a7c19b1e8
C 209
R
P 0x7f2a7c191628
C 342
R
P 0x7f2a7c191628
P 0x7f2a7c487e80
C 260
R
P 0x7f2a7c191628
C 342
R
P 0x7f2a7c191628
P 0x7f2a7c487e80
C 259
R
P 0x7f2a7c191628
C 342
R
P 0x7f2a7c191628
P 0x7f2a7c487e80
C 258
R
P 0x7f2a7c191628
C 342
R
P 0x7f2a7c191628
P 0x7f2a7c487e80
C 9
R
P 0x7f2a7c191628
C 342
R
P 0x7f2a7c191628
U 2
P 0x7f2a7c487e80
P 0x7f2a7c19bb68
p 2
C 65
= 0x7f2a7c489a30
R
P 0x7f2a7c191628
C 342
R
P 0x7f2a7c191628
P 0x7f2a7c489a30
C 257
R
P 0x7f2a7c191628
C 342
R
P 0x7f2a7c191628
P 0x7f2a7c489a30
C 254
= 0x7f2a7c19b1e8
R
P 0x7f2a7c191628
C 342
R
P 0x7f2a7c191628
P 0x7f2a7c19b1e8
C 209
R
P 0x7f2a7c191628
C 342
R
P 0x7f2a7c191628
P 0x7f2a7c489a30
C 260
R
P 0x7f2a7c191628
C 342
R
P 0x7f2a7c191628
P 0x7f2a7c489a30
C 259
R
P 0x7f2a7c191628
C 342
R
P 0x7f2a7c191628
P 0x7f2a7c489a30
C 258
R
P 0x7f2a7c191628
C 342
R
P 0x7f2a7c191628
P 0x7f2a7c489a30
C 9
R
P 0x7f2a7c191628
C 342
R
P 0x7f2a7c191628
P 0x7f2a7c19bce8
P 0x7f2a7c489a30
C 56
= 0x7f2a7c48d120
R
P 0x7f2a7c191628
C 342
R
P 0x7f2a7c191628
P 0x7f2a7c48d120
C 258
R
P 0x7f2a7c191628
C 342
R
P 0x7f2a7c191628
P 0x7f2a7c48d120
C 9
R
P 0x7f2a7c191628
C 342
R
P 0x7f2a7c191628
U 2
P 0x7f2a7c48ac40
P 0x7f2a7c48d120
p 2
C 63
= 0x7f2a7c48d158
R
P 0x7f2a7c191628
C 342
R
P 0x7f2a7c191628
P 0x7f2a7c48d158
C 258
R
P 0x7f2a7c191628
C 342
R
P 0x7f2a7c191628
P 0x7f2a7c48d158
C 9
R
P 0x7f2a7c191628
C 342
R
P 0x7f2a7c191628
P 0x7f2a7c48d0e8
P 0x7f2a7c48d158
C 61
= 0x7f2a7c48d190
R
P 0x7f2a7c191628
C 342
R
P 0x7f2a7c191628
P 0x7f2a7c48d190
C 258
R
P 0x7f2a7c191628
C 342
R
P 0x7f2a7c191628
P 0x7f2a7c48d190
C 9
R
P 0x7f2a7c191628
C 342
R
P 0x7f2a7c191628
P 0x7f2a7c1e1fc8
P 0x7f2a7c48d190
C 427
R
P 0x7f2a7c191628
C 342
R
P 0x7f2a7c191628
I 2
P 0x7f2a7c19b208
C 150
= 0x7f2a7c19bcc8
R
P 0x7f2a7c191628
C 342
R
P 0x7f2a7c191628
P 0x7f2a7c19bcc8
C 258
R
P 0x7f2a7c191628
C 342
R
P 0x7f2a7c191628
P 0x7f2a7c19bcc8
C 9
R
P 0x7f2a7c191628
C 342
R
P 0x7f2a7c191628
I 1
P 0x7f2a7c19b208
C 150
= 0x7f2a7c19bc88
R
P 0x7f2a7c191628
C 342
R
P 0x7f2a7c191628
P 0x7f2a7c19bc88
C 258
R
P 0x7f2a7c191628
C 342
R
P 0x7f2a7c191628
P 0x7f2a7c19bc88
C 9
R
P 0x7f2a7c191628
C 342
R
P 0x7f2a7c191628
P 0x7f2a7c19bcc8
P 0x7f2a7c19bc88
C 75
= 0x7f2a7c1a1890
R
P 0x7f2a7c191628
C 342
R
P 0x7f2a7c191628
P 0x7f2a7c1a1890
C 258
R
P 0x7f2a7c191628
C 342
R
P 0x7f2a7c191628
P 0x7f2a7c1a1890
C 9
R
P 0x7f2a7c191628
C 342
R
P 0x7f2a7c191628
I 1
P 0x7f2a7c19b208
C 150
= 0x7f2a7c19bc88
R
P 0x7f2a7c191628
C 342
R
P 0x7f2a7c191628
P 0x7f2a7c19bc88
C 258
R
P 0x7f2a7c191628
C 342
R
P 0x7f2a7c191628
P 0x7f2a7c19bc88
C 9
R
P 0x7f2a7c191628
C 342
R
P 0x7f2a7c191628
U 2
P 0x7f2a7c19bcc8
P 0x7f2a7c19bc88
p 2
C 67
= 0x7f2a7c1a18c8
R
P 0x7f2a7c191628
C 342
R
P 0x7f2a7c191628
P 0x7f2a7c1a18c8
C 257
R
P 0x7f2a7c191628
C 342
R
P 0x7f2a7c191628
P 0x7f2a7c1a18c8
C 254
= 0x7f2a7c19b208
R
P 0x7f2a7c191628
C 342
R
P 0x7f2a7c191628
P 0x7f2a7c19b208
C 209
R
P 0x7f2a7c191628
C 342
R
P 0x7f2a7c191628
P 0x7f2a7c1a18c8
C 260
R
P 0x7f2a7c191628
C 342
R
P 0x7f2a7c191628
P 0x7f2a7c1a18c8
C 259
R
P 0x7f2a7c191628
C 342
R
P 0x7f2a7c191628
P 0x7f2a7c1a18c8
C 258
R
P 0x7f2a7c191628
C 342
R
P 0x7f2a7c191628
P 0x7f2a7c1a18c8
C 9
R
P 0x7f2a7c191628
C 342
R
P 0x7f2a7c191628
U 2
P 0x7f2a7c19bba8
P 0x7f2a7c1a18c8
p 2
C 66
= 0x7f2a7c1a1900
R
P 0x7f2a7c191628
C 342
R
P 0x7f2a7c191628
P 0x7f2a7c1a1900
C 257
R
P 0x7f2a7c191628
C 342
R
P 0x7f2a7c191628
P 0x7f2a7c1a1900
C 254
= 0x7f2a7c19b1e8
R
P 0x7f2a7c191628
C 342
R
P 0x7f2a7c191628
P 0x7f2a7c19b1e8
C 209
R
P 0x7f2a7c191628
C 342
R
P 0x7f2a7c191628
P 0x7f2a7c1a1900
C 260
R
P 0x7f2a7c191628
C 342
R
P 0x7f2a7c191628
P 0x7f2a7c1a1900
C 259
R
P 0x7f2a7c191628
C 342
R
P 0x7f2a7c191628
P 0x7f2a7c1a1900
C 258
R
P 0x7f2a7c191628
C 342
R
P 0x7f2a7c191628
P 0x7f2a7c1a1900
C 9
R
P 0x7f2a7c191628
C 342
R
P 0x7f2a7c191628
U 2
P 0x7f2a7c19bc28
P 0x7f2a7c1a1900
p 2
C 65
= 0x7f2a7c1a1938
R
P 0x7f2a7c191628
C 342
R
P 0x7f2a7c191628
P 0x7f2a7c1a1938
C 257
R
P 0x7f2a7c191628
C 342
R
P 0x7f2a7c191628
P 0x7f2a7c1a1938
C 254
= 0x7f2a7c19b1e8
R
P 0x7f2a7c191628
C 342
R
P 0x7f2a7c191628
P 0x7f2a7c19b1e8
C 209
R
P 0x7f2a7c191628
C 342
R
P 0x7f2a7c191628
P 0x7f2a7c1a1938
C 260
R
P 0x7f2a7c191628
C 342
R
P 0x7f2a7c191628
P 0x7f2a7c1a1938
C 259
R
P 0x7f2a7c191628
C 342
R
P 0x7f2a7c191628
P 0x7f2a7c1a1938
C 258
R
P 0x7f2a7c191628
C 342
R
P 0x7f2a7c191628
P 0x7f2a7c1a1938
C 9
R
P 0x7f2a7c191628
C 342
R
P 0x7f2a7c191628
P 0x7f2a7c1a1890
P 0x7f2a7c1a1938
P 0x7f2a7c19bc28
C 59
= 0x7f2a7c19f888
R
P 0x7f2a7c191628
C 342
R
P 0x7f2a7c191628
P 0x7f2a7c19f888
C 257
R
P 0x7f2a7c191628
C 342
R
P 0x7f2a7c191628
P 0x7f2a7c19f888
C 254
= 0x7f2a7c19b1e8
R
P 0x7f2a7c191628
C 342
R
P 0x7f2a7c191628
P 0x7f2a7c19b1e8
C 209
R
P 0x7f2a7c191628
C 342
R
P 0x7f2a7c191628
P 0x7f2a7c19f888
C 260
R
P 0x7f2a7c191628
C 342
R
P 0x7f2a7c191628
P 0x7f2a7c19f888
C 259
R
P 0x7f2a7c191628
C 342
R
P 0x7f2a7c191628
P 0x7f2a7c19f888
C 258
R
P 0x7f2a7c191628
C 342
R
P 0x7f2a7c191628
P 0x7f2a7c19f888
C 9
R
P 0x7f2a7c191628
C 342
R
P 0x7f2a7c191628
U 2
P 0x7f2a7c19f888
P 0x7f2a7c19bb48
p 2
C 65
= 0x7f2a7c1a1970
R
P 0x7f2a7c191628
C 342
R
P 0x7f2a7c191628
P 0x7f2a7c1a1970
C 257
R
P 0x7f2a7c191628
C 342
R
P 0x7f2a7c191628
P 0x7f2a7c1a1970
C 254
= 0x7f2a7c19b1e8
R
P 0x7f2a7c191628
C 342
R
P 0x7f2a7c191628
P 0x7f2a7c19b1e8
C 209
R
P 0x7f2a7c191628
C 342
R
P 0x7f2a7c191628
P 0x7f2a7c1a1970
C 260
R
P 0x7f2a7c191628
C 342
R
P 0x7f2a7c191628
P 0x7f2a7c1a1970
C 259
R
P 0x7f2a7c191628
C 342
R
P 0x7f2a7c191628
P 0x7f2a7c1a1970
C 258
R
P 0x7f2a7c191628
C 342
R
P 0x7f2a7c191628
P 0x7f2a7c1a1970
C 9
R
P 0x7f2a7c191628
C 342
R
P 0x7f2a7c191628
P 0x7f2a7c19bc68
C 333
R
P 0x7f2a7c191628
C 342
R
P 0x7f2a7c191628
S "slotflowPriorityStart"
C 30
R
P 0x7f2a7c191628
C 342
R
P 0x7f2a7c191628
$ |slotflowPriorityStart|
C 202
R
P 0x7f2a7c191628
C 342
R
P 0x7f2a7c191628
$ |slotflowPriorityStart|
P 0x7f2a7c19b1e8
C 51
= 0x7f2a7c19c2a8
R
P 0x7f2a7c191628
C 342
R
P 0x7f2a7c191628
P 0x7f2a7c19c2a8
C 257
R
P 0x7f2a7c191628
C 342
R
P 0x7f2a7c191628
P 0x7f2a7c19c2a8
C 254
= 0x7f2a7c19b1e8
R
P 0x7f2a7c191628
C 342
R
P 0x7f2a7c191628
P 0x7f2a7c19b1e8
C 209
R
P 0x7f2a7c191628
C 342
R
P 0x7f2a7c191628
P 0x7f2a7c19c2a8
C 260
R
P 0x7f2a7c191628
C 342
R
P 0x7f2a7c191628
P 0x7f2a7c19c2a8
C 259
R
P 0x7f2a7c191628
C 342
R
P 0x7f2a7c191628
P 0x7f2a7c19c2a8
C 258
R
P 0x7f2a7c191628
C 342
R
P 0x7f2a7c191628
P 0x7f2a7c19c2a8
C 9
R
P 0x7f2a7c191628
C 342
R
P 0x7f2a7c191628
P 0x7f2a7c19bc68
C 333
R
P 0x7f2a7c191628
C 342
R
P 0x7f2a7c191628
S "slotflowPriorityDuration"
C 30
R
P 0x7f2a7c191628
C 342
R
P 0x7f2a7c191628
$ |slotflowPriorityDuration|
C 202
R
P 0x7f2a7c191628
C 342
R
P 0x7f2a7c191628
$ |slotflowPriorityDuration|
P 0x7f2a7c19b1e8
C 51
= 0x7f2a7c19c268
R
P 0x7f2a7c191628
C 342
R
P 0x7f2a7c191628
P 0x7f2a7c19c268
C 257
R
P 0x7f2a7c191628
C 342
R
P 0x7f2a7c191628
P 0x7f2a7c19c268
C 254
= 0x7f2a7c19b1e8
R
P 0x7f2a7c191628
C 342
R
P 0x7f2a7c191628
P 0x7f2a7c19b1e8
C 209
R
P 0x7f2a7c191628
C 342
R
P 0x7f2a7c191628
P 0x7f2a7c19c268
C 260
R
P 0x7f2a7c191628
C 342
R
P 0x7f2a7c191628
P 0x7f2a7c19c268
C 259
R
P 0x7f2a7c191628
C 342
R
P 0x7f2a7c191628
P 0x7f2a7c19c268
C 258
R
P 0x7f2a7c191628
C 342
R
P 0x7f2a7c191628
P 0x7f2a7c19c268
C 9
R
P 0x7f2a7c191628
C 342
R
P 0x7f2a7c191628
U 2
P 0x7f2a7c19c2a8
P 0x7f2a7c19c268
p 2
C 65
= 0x7f2a7c487908
R
P 0x7f2a7c191628
C 342
R
P 0x7f2a7c191628
P 0x7f2a7c487908
C 257
R
P 0x7f2a7c191628
C 342
R
P 0x7f2a7c191628
P 0x7f2a7c487908
C 254
= 0x7f2a7c19b1e8
R
P 0x7f2a7c191628
C 342
R
P 0x7f2a7c191628
P 0x7f2a7c19b1e8
C 209
R
P 0x7f2a7c191628
C 342
R
P 0x7f2a7c191628
P 0x7f2a7c487908
C 260
R
P 0x7f2a7c191628
C 342
R
P 0x7f2a7c191628
P 0x7f2a7c487908
C 259
R
P 0x7f2a7c191628
C 342
R
P 0x7f2a7c191628
P 0x7f2a7c487908
C 258
R
P 0x7f2a7c191628
C 342
R
P 0x7f2a7c191628
P 0x7f2a7c487908
C 9
R
P 0x7f2a7c191628
C 342
R
P 0x7f2a7c191628
I 3
P 0x7f2a7c19b208
C 150
= 0x7f2a7c19bfc8
R
P 0x7f2a7c191628
C 342
R
P 0x7f2a7c191628
P 0x7f2a7c19bfc8
C 258
R
P 0x7f2a7c191628
C 342
R
P 0x7f2a7c191628
P 0x7f2a7c19bfc8
C 9
R
P 0x7f2a7c191628
C 342
R
P 0x7f2a7c191628
I 1
P 0x7f2a7c19b208
C 150
= 0x7f2a7c19bc88
R
P 0x7f2a7c191628
C 342
R
P 0x7f2a7c191628
P 0x7f2a7c19bc88
C 258
R
P 0x7f2a7c191628
C 342
R
P 0x7f2a7c191628
P 0x7f2a7c19bc88
C 9
R
P 0x7f2a7c191628
C 342
R
P 0x7f2a7c191628
P 0x7f2a7c19bfc8
P 0x7f2a7c19bc88
C 75
= 0x7f2a7c487208
R
P 0x7f2a7c191628
C 342
R
P 0x7f2a7c191628
P 0x7f2a7c487208
C 258
R
P 0x7f2a7c191628
C 342
R
P 0x7f2a7c191628
P 0x7f2a7c487208
C 9
R
P 0x7f2a7c191628
C 342
R
P 0x7f2a7c191628
I 1
P 0x7f2a7c19b208
C 150
= 0x7f2a7c19bc88
R
P 0x7f2a7c191628
C 342
R
P 0x7f2a7c191628
P 0x7f2a7c19bc88
C 258
R
P 0x7f2a7c191628
C 342
R
P 0x7f2a7c191628
P 0x7f2a7c19bc88
C 9
R
P 0x7f2a7c191628
C 342
R
P 0x7f2a7c191628
U 2
P 0x7f2a7c19bfc8
P 0x7f2a7c19bc88
p 2
C 67
= 0x7f2a7c487240
R
P 0x7f2a7c191628
C 342
R
P 0x7f2a7c191628
P 0x7f2a7c487240
C 257
R
P 0x7f2a7c191628
C 342
R
P 0x7f2a7c191628
P 0x7f2a7c487240
C 254
= 0x7f2a7c19b208
R
P 0x7f2a7c191628
C 342
R
P 0x7f2a7c191628
P 0x7f2a7c19b208
C 209
R
P 0x7f2a7c191628
C 342
R
P 0x7f2a7c191628
P 0x7f2a7c487240
C 260
R
P 0x7f2a7c191628
C 342
R
P 0x7f2a7c191628
P 0x7f2a7c487240
C 259
R
P 0x7f2a7c191628
C 342
R
P 0x7f2a7c191628
P 0x7f2a7c487240
C 258
R
P 0x7f2a7c191628
C 342
R
P 0x7f2a7c191628
P 0x7f2a7c487240
C 9
R
P 0x7f2a7c191628
C 342
R
P 0x7f2a7c191628
U 2
P 0x7f2a7c19bbe8
P 0x7f2a7c487240
p 2
C 66
= 0x7f2a7c487f60
R
P 0x7f2a7c191628
C 342
R
P 0x7f2a7c191628
P 0x7f2a7c487f60
C 257
R
P 0x7f2a7c191628
C 342
R
P 0x7f2a7c191628
P 0x7f2a7c487f60
C 254
= 0x7f2a7c19b208
R
P 0x7f2a7c191628
C 342
R
P 0x7f2a7c191628
P 0x7f2a7c19b208
C 209
R
P 0x7f2a7c191628
C 342
R
P 0x7f2a7c191628
P 0x7f2a7c487f60
C 260
R
P 0x7f2a7c191628
C 342
R
P 0x7f2a7c191628
P 0x7f2a7c487f60
C 259
R
P 0x7f2a7c191628
C 342
R
P 0x7f2a7c191628
P 0x7f2a7c487f60
C 258
R
P 0x7f2a7c191628
C 342
R
P 0x7f2a7c191628
P 0x7f2a7c487f60
C 9
R
P 0x7f2a7c191628
C 342
R
P 0x7f2a7c191628
U 2
P 0x7f2a7c19bb88
P 0x7f2a7c487f60
p 2
C 65
= 0x7f2a7c487f98
R
P 0x7f2a7c191628
C 342
R
P 0x7f2a7c191628
P 0x7f2a7c487f98
C 257
R
P 0x7f2a7c191628
C 342
R
P 0x7f2a7c191628
P 0x7f2a7c487f98
C 254
= 0x7f2a7c19b1e8
R
P 0x7f2a7c191628
C 342
R
P 0x7f2a7c191628
P 0x7f2a7c19b1e8
C 209
R
P 0x7f2a7c191628
C 342
R
P 0x7f2a7c191628
P 0x7f2a7c487f98
C 260
R
P 0x7f2a7c191628
C 342
R
P 0x7f2a7c191628
P 0x7f2a7c487f98
C 259
R
P 0x7f2a7c191628
C 342
R
P 0x7f2a7c191628
P 0x7f2a7c487f98
C 258
R
P 0x7f2a7c191628
C 342
R
P 0x7f2a7c191628
P 0x7f2a7c487f98
C 9
R
P 0x7f2a7c191628
C 342
R
P 0x7f2a7c191628
P 0x7f2a7c487208
P 0x7f2a7c487f98
P 0x7f2a7c19bb88
C 59
= 0x7f2a7c19fac8
R
P 0x7f2a7c191628
C 342
R
P 0x7f2a7c191628
P 0x7f2a7c19fac8
C 257
R
P 0x7f2a7c191628
C 342
R
P 0x7f2a7c191628
P 0x7f2a7c19fac8
C 254
= 0x7f2a7c19b1e8
R
P 0x7f2a7c191628
C 342
R
P 0x7f2a7c191628
P 0x7f2a7c19b1e8
C 209
R
P 0x7f2a7c191628
C 342
R
P 0x7f2a7c191628
P 0x7f2a7c19fac8
C 260
R
P 0x7f2a7c191628
C 342
R
P 0x7f2a7c191628
P 0x7f2a7c19fac8
C 259
R
P 0x7f2a7c191628
C 342
R
P 0x7f2a7c191628
P 0x7f2a7c19fac8
C 258
R
P 0x7f2a7c191628
C 342
R
P 0x7f2a7c191628
P 0x7f2a7c19fac8
C 9
R
P 0x7f2a7c191628
C 342
R
P 0x7f2a7c191628
U 2
P 0x7f2a7c487908
P 0x7f2a7c19fac8
p 2
C 65
= 0x7f2a7c487fd0
R
P 0x7f2a7c191628
C 342
R
P 0x7f2a7c191628
P 0x7f2a7c487fd0
C 257
R
P 0x7f2a7c191628
C 342
R
P 0x7f2a7c191628
P 0x7f2a7c487fd0
C 254
= 0x7f2a7c19b1e8
R
P 0x7f2a7c191628
C 342
R
P 0x7f2a7c191628
P 0x7f2a7c19b1e8
C 209
R
P 0x7f2a7c191628
C 342
R
P 0x7f2a7c191628
P 0x7f2a7c487fd0
C 260
R
P 0x7f2a7c191628
C 342
R
P 0x7f2a7c191628
P 0x7f2a7c487fd0
C 259
R
P 0x7f2a7c191628
C 342
R
P 0x7f2a7c191628
P 0x7f2a7c487fd0
C 258
R
P 0x7f2a7c191628
C 342
R
P 0x7f2a7c191628
P 0x7f2a7c487fd0
C 9
R
P 0x7f2a7c191628
C 342
R
P 0x7f2a7c191628
U 2
P 0x7f2a7c487fd0
P 0x7f2a7c19bb68
p 2
C 67
= 0x7f2a7c488008
R
P 0x7f2a7c191628
C 342
R
P 0x7f2a7c191628
P 0x7f2a7c488008
C 257
R
P 0x7f2a7c191628
C 342
R
P 0x7f2a7c191628
P 0x7f2a7c488008
C 254
= 0x7f2a7c19b1e8
R
P 0x7f2a7c191628
C 342
R
P 0x7f2a7c191628
P 0x7f2a7c19b1e8
C 209
R
P 0x7f2a7c191628
C 342
R
P 0x7f2a7c191628
P 0x7f2a7c488008
C 260
R
P 0x7f2a7c191628
C 342
R
P 0x7f2a7c191628
P 0x7f2a7c488008
C 259
R
P 0x7f2a7c191628
C 342
R
P 0x7f2a7c191628
P 0x7f2a7c488008
C 258
R
P 0x7f2a7c191628
C 342
R
P 0x7f2a7c191628
P 0x7f2a7c488008
C 9
R
P 0x7f2a7c191628
C 342
R
P 0x7f2a7c191628
P 0x7f2a7c1a1970
P 0x7f2a7c488008
C 75
= 0x7f2a7c48d1c8
R
P 0x7f2a7c191628
C 342
R
P 0x7f2a7c191628
P 0x7f2a7c48d1c8
C 258
R
P 0x7f2a7c191628
C 342
R
P 0x7f2a7c191628
P 0x7f2a7c48d1c8
C 9
R
P 0x7f2a7c191628
C 342
R
P 0x7f2a7c191628
I 2
P 0x7f2a7c19b208
C 150
= 0x7f2a7c19bcc8
R
P 0x7f2a7c191628
C 342
R
P 0x7f2a7c191628
P 0x7f2a7c19bcc8
C 258
R
P 0x7f2a7c191628
C 342
R
P 0x7f2a7c191628
P 0x7f2a7c19bcc8
C 9
R
P 0x7f2a7c191628
C 342
R
P 0x7f2a7c191628
I 1
P 0x7f2a7c19b208
C 150
= 0x7f2a7c19bc88
R
P 0x7f2a7c191628
C 342
R
P 0x7f2a7c191628
P 0x7f2a7c19bc88
C 258
R
P 0x7f2a7c191628
C 342
R
P 0x7f2a7c191628
P 0x7f2a7c19bc88
C 9
R
P 0x7f2a7c191628
C 342
R
P 0x7f2a7c191628
P 0x7f2a7c19bcc8
P 0x7f2a7c19bc88
C 75
= 0x7f2a7c1a1890
R
P 0x7f2a7c191628
C 342
R
P 0x7f2a7c191628
P 0x7f2a7c1a1890
C 258
R
P 0x7f2a7c191628
C 342
R
P 0x7f2a7c191628
P 0x7f2a7c1a1890
C 9
R
P 0x7f2a7c191628
C 342
R
P 0x7f2a7c191628
I 1
P 0x7f2a7c19b208
C 150
= 0x7f2a7c19bc88
R
P 0x7f2a7c191628
C 342
R
P 0x7f2a7c191628
P 0x7f2a7c19bc88
C 258
R
P 0x7f2a7c191628
C 342
R
P 0x7f2a7c191628
P 0x7f2a7c19bc88
C 9
R
P 0x7f2a7c191628
C 342
R
P 0x7f2a7c191628
U 2
P 0x7f2a7c19bcc8
P 0x7f2a7c19bc88
p 2
C 67
= 0x7f2a7c1a18c8
R
P 0x7f2a7c191628
C 342
R
P 0x7f2a7c191628
P 0x7f2a7c1a18c8
C 257
R
P 0x7f2a7c191628
C 342
R
P 0x7f2a7c191628
P 0x7f2a7c1a18c8
C 254
= 0x7f2a7c19b208
R
P 0x7f2a7c191628
C 342
R
P 0x7f2a7c191628
P 0x7f2a7c19b208
C 209
R
P 0x7f2a7c191628
C 342
R
P 0x7f2a7c191628
P 0x7f2a7c1a18c8
C 260
R
P 0x7f2a7c191628
C 342
R
P 0x7f2a7c191628
P 0x7f2a7c1a18c8
C 259
R
P 0x7f2a7c191628
C 342
R
P 0x7f2a7c191628
P 0x7f2a7c1a18c8
C 258
R
P 0x7f2a7c191628
C 342
R
P 0x7f2a7c191628
P 0x7f2a7c1a18c8
C 9
R
P 0x7f2a7c191628
C 342
R
P 0x7f2a7c191628
U 2
P 0x7f2a7c19bba8
P 0x7f2a7c1a18c8
p 2
C 66
= 0x7f2a7c1a1900
R
P 0x7f2a7c191628
C 342
R
P 0x7f2a7c191628
P 0x7f2a7c1a1900
C 257
R
P 0x7f2a7c191628
C 342
R
P 0x7f2a7c191628
P 0x7f2a7c1a1900
C 254
= 0x7f2a7c19b1e8
R
P 0x7f2a7c191628
C 342
R
P 0x7f2a7c191628
P 0x7f2a7c19b1e8
C 209
R
P 0x7f2a7c191628
C 342
R
P 0x7f2a7c191628
P 0x7f2a7c1a1900
C 260
R
P 0x7f2a7c191628
C 342
R
P 0x7f2a7c191628
P 0x7f2a7c1a1900
C 259
R
P 0x7f2a7c191628
C 342
R
P 0x7f2a7c191628
P 0x7f2a7c1a1900
C 258
R
P 0x7f2a7c191628
C 342
R
P 0x7f2a7c191628
P 0x7f2a7c1a1900
C 9
R
P 0x7f2a7c191628
C 342
R
P 0x7f2a7c191628
U 2
P 0x7f2a7c19bc28
P 0x7f2a7c1a1900
p 2
C 65
= 0x7f2a7c1a1938
R
P 0x7f2a7c191628
C 342
R
P 0x7f2a7c191628
P 0x7f2a7c1a1938
C 257
R
P 0x7f2a7c191628
C 342
R
P 0x7f2a7c191628
P 0x7f2a7c1a1938
C 254
= 0x7f2a7c19b1e8
R
P 0x7f2a7c191628
C 342
R
P 0x7f2a7c191628
P 0x7f2a7c19b1e8
C 209
R
P 0x7f2a7c191628
C 342
R
P 0x7f2a7c191628
P 0x7f2a7c1a1938
C 260
R
P 0x7f2a7c191628
C 342
R
P 0x7f2a7c191628
P 0x7f2a7c1a1938
C 259
R
P 0x7f2a7c191628
C 342
R
P 0x7f2a7c191628
P 0x7f2a7c1a1938
C 258
R
P 0x7f2a7c191628
C 342
R
P 0x7f2a7c191628
P 0x7f2a7c1a1938
C 9
R
P 0x7f2a7c191628
C 342
R
P 0x7f2a7c191628
P 0x7f2a7c1a1890
P 0x7f2a7c1a1938
P 0x7f2a7c19bc28
C 59
= 0x7f2a7c19f888
R
P 0x7f2a7c191628
C 342
R
P 0x7f2a7c191628
P 0x7f2a7c19f888
C 257
R
P 0x7f2a7c191628
C 342
R
P 0x7f2a7c191628
P 0x7f2a7c19f888
C 254
= 0x7f2a7c19b1e8
R
P 0x7f2a7c191628
C 342
R
P 0x7f2a7c191628
P 0x7f2a7c19b1e8
C 209
R
P 0x7f2a7c191628
C 342
R
P 0x7f2a7c191628
P 0x7f2a7c19f888
C 260
R
P 0x7f2a7c191628
C 342
R
P 0x7f2a7c191628
P 0x7f2a7c19f888
C 259
R
P 0x7f2a7c191628
C 342
R
P 0x7f2a7c191628
P 0x7f2a7c19f888
C 258
R
P 0x7f2a7c191628
C 342
R
P 0x7f2a7c191628
P 0x7f2a7c19f888
C 9
R
P 0x7f2a7c191628
C 342
R
P 0x7f2a7c191628
U 2
P 0x7f2a7c19f888
P 0x7f2a7c19bb48
p 2
C 65
= 0x7f2a7c1a1970
R
P 0x7f2a7c191628
C 342
R
P 0x7f2a7c191628
P 0x7f2a7c1a1970
C 257
R
P 0x7f2a7c191628
C 342
R
P 0x7f2a7c191628
P 0x7f2a7c1a1970
C 254
= 0x7f2a7c19b1e8
R
P 0x7f2a7c191628
C 342
R
P 0x7f2a7c191628
P 0x7f2a7c19b1e8
C 209
R
P 0x7f2a7c191628
C 342
R
P 0x7f2a7c191628
P 0x7f2a7c1a1970
C 260
R
P 0x7f2a7c191628
C 342
R
P 0x7f2a7c191628
P 0x7f2a7c1a1970
C 259
R
P 0x7f2a7c191628
C 342
R
P 0x7f2a7c191628
P 0x7f2a7c1a1970
C 258
R
P 0x7f2a7c191628
C 342
R
P 0x7f2a7c191628
P 0x7f2a7c1a1970
C 9
R
P 0x7f2a7c191628
C 342
R
P 0x7f2a7c191628
I 3
P 0x7f2a7c19b208
C 150
= 0x7f2a7c19bfc8
R
P 0x7f2a7c191628
C 342
R
P 0x7f2a7c191628
P 0x7f2a7c19bfc8
C 258
R
P 0x7f2a7c191628
C 342
R
P 0x7f2a7c191628
P 0x7f2a7c19bfc8
C 9
R
P 0x7f2a7c191628
C 342
R
P 0x7f2a7c191628
I 1
P 0x7f2a7c19b208
C 150
= 0x7f2a7c19bc88
R
P 0x7f2a7c191628
C 342
R
P 0x7f2a7c191628
P 0x7f2a7c19bc88
C 258
R
P 0x7f2a7c191628
C 342
R
P 0x7f2a7c191628
P 0x7f2a7c19bc88
C 9
R
P 0x7f2a7c191628
C 342
R
P 0x7f2a7c191628
P 0x7f2a7c19bfc8
P 0x7f2a7c19bc88
C 75
= 0x7f2a7c487208
R
P 0x7f2a7c191628
C 342
R
P 0x7f2a7c191628
P 0x7f2a7c487208
C 258
R
P 0x7f2a7c191628
C 342
R
P 0x7f2a7c191628
P 0x7f2a7c487208
C 9
R
P 0x7f2a7c191628
C 342
R
P 0x7f2a7c191628
I 1
P 0x7f2a7c19b208
C 150
= 0x7f2a7c19bc88
R
P 0x7f2a7c191628
C 342
R
P 0x7f2a7c191628
P 0x7f2a7c19bc88
C 258
R
P 0x7f2a7c191628
C 342
R
P 0x7f2a7c191628
P 0x7f2a7c19bc88
C 9
R
P 0x7f2a7c191628
C 342
R
P 0x7f2a7c191628
U 2
P 0x7f2a7c19bfc8
P 0x7f2a7c19bc88
p 2
C 67
= 0x7f2a7c487240
R
P 0x7f2a7c191628
C 342
R
P 0x7f2a7c191628
P 0x7f2a7c487240
C 257
R
P 0x7f2a7c191628
C 342
R
P 0x7f2a7c191628
P 0x7f2a7c487240
C 254
= 0x7f2a7c19b208
R
P 0x7f2a7c191628
C 342
R
P 0x7f2a7c191628
P 0x7f2a7c19b208
C 209
R
P 0x7f2a7c191628
C 342
R
P 0x7f2a7c191628
P 0x7f2a7c487240
C 260
R
P 0x7f2a7c191628
C 342
R
P 0x7f2a7c191628
P 0x7f2a7c487240
C 259
R
P 0x7f2a7c191628
C 342
R
P 0x7f2a7c191628
P 0x7f2a7c487240
C 258
R
P 0x7f2a7c191628
C 342
R
P 0x7f2a7c191628
P 0x7f2a7c487240
C 9
R
P 0x7f2a7c191628
C 342
R
P 0x7f2a7c191628
U 2
P 0x7f2a7c19bbe8
P 0x7f2a7c487240
p 2
C 66
= 0x7f2a7c487f60
R
P 0x7f2a7c191628
C 342
R
P 0x7f2a7c191628
P 0x7f2a7c487f60
C 257
R
P 0x7f2a7c191628
C 342
R
P 0x7f2a7c191628
P 0x7f2a7c487f60
C 254
= 0x7f2a7c19b208
R
P 0x7f2a7c191628
C 342
R
P 0x7f2a7c191628
P 0x7f2a7c19b208
C 209
R
P 0x7f2a7c191628
C 342
R
P 0x7f2a7c191628
P 0x7f2a7c487f60
C 260
R
P 0x7f2a7c191628
C 342
R
P 0x7f2a7c191628
P 0x7f2a7c487f60
C 259
R
P 0x7f2a7c191628
C 342
R
P 0x7f2a7c191628
P 0x7f2a7c487f60
C 258
R
P 0x7f2a7c191628
C 342
R
P 0x7f2a7c191628
P 0x7f2a7c487f60
C 9
R
P 0x7f2a7c191628
C 342
R
P 0x7f2a7c191628
U 2
P 0x7f2a7c19bb88
P 0x7f2a7c487f60
p 2
C 65
= 0x7f2a7c487f98
R
P 0x7f2a7c191628
C 342
R
P 0x7f2a7c191628
P 0x7f2a7c487f98
C 257
R
P 0x7f2a7c191628
C 342
R
P 0x7f2a7c191628
P 0x7f2a7c487f98
C 254
= 0x7f2a7c19b1e8
R
P 0x7f2a7c191628
C 342
R
P 0x7f2a7c191628
P 0x7f2a7c19b1e8
C 209
R
P 0x7f2a7c191628
C 342
R
P 0x7f2a7c191628
P 0x7f2a7c487f98
C 260
R
P 0x7f2a7c191628
C 342
R
P 0x7f2a7c191628
P 0x7f2a7c487f98
C 259
R
P 0x7f2a7c191628
C 342
R
P 0x7f2a7c191628
P 0x7f2a7c487f98
C 258
R
P 0x7f2a7c191628
C 342
R
P 0x7f2a7c191628
P 0x7f2a7c487f98
C 9
R
P 0x7f2a7c191628
C 342
R
P 0x7f2a7c191628
P 0x7f2a7c487208
P 0x7f2a7c487f98
P 0x7f2a7c19bb88
C 59
= 0x7f2a7c19fac8
R
P 0x7f2a7c191628
C 342
R
P 0x7f2a7c191628
P 0x7f2a7c19fac8
C 257
R
P 0x7f2a7c191628
C 342
R
P 0x7f2a7c191628
P 0x7f2a7c19fac8
C 254
= 0x7f2a7c19b1e8
R
P 0x7f2a7c191628
C 342
R
P 0x7f2a7c191628
P 0x7f2a7c19b1e8
C 209
R
P 0x7f2a7c191628
C 342
R
P 0x7f2a7c191628
P 0x7f2a7c19fac8
C 260
R
P 0x7f2a7c191628
C 342
R
P 0x7f2a7c191628
P 0x7f2a7c19fac8
C 259
R
P 0x7f2a7c191628
C 342
R
P 0x7f2a7c191628
P 0x7f2a7c19fac8
C 258
R
P 0x7f2a7c191628
C 342
R
P 0x7f2a7c191628
P 0x7f2a7c19fac8
C 9
R
P 0x7f2a7c191628
C 342
R
P 0x7f2a7c191628
U 2
P 0x7f2a7c19fac8
P 0x7f2a7c19bbe8
p 2
C 65
= 0x7f2a7c48c290
R
P 0x7f2a7c191628
C 342
R
P 0x7f2a7c191628
P 0x7f2a7c48c290
C 257
R
P 0x7f2a7c191628
C 342
R
P 0x7f2a7c191628
P 0x7f2a7c48c290
C 254
= 0x7f2a7c19b1e8
R
P 0x7f2a7c191628
C 342
R
P 0x7f2a7c191628
P 0x7f2a7c19b1e8
C 209
R
P 0x7f2a7c191628
C 342
R
P 0x7f2a7c191628
P 0x7f2a7c48c290
C 260
R
P 0x7f2a7c191628
C 342
R
P 0x7f2a7c191628
P 0x7f2a7c48c290
C 259
R
P 0x7f2a7c191628
C 342
R
P 0x7f2a7c191628
P 0x7f2a7c48c290
C 258
R
P 0x7f2a7c191628
C 342
R
P 0x7f2a7c191628
P 0x7f2a7c48c290
C 9
R
P 0x7f2a7c191628
C 342
R
P 0x7f2a7c191628
P 0x7f2a7c1a1970
P 0x7f2a7c48c290
C 74
= 0x7f2a7c48d200
R
P 0x7f2a7c191628
C 342
R
P 0x7f2a7c191628
P 0x7f2a7c48d200
C 258
R
P 0x7f2a7c191628
C 342
R
P 0x7f2a7c191628
P 0x7f2a7c48d200
C 9
R
P 0x7f2a7c191628
C 342
R
P 0x7f2a7c191628
U 2
P 0x7f2a7c48d1c8
P 0x7f2a7c48d200
p 2
C 63
= 0x7f2a7c48d238
R
P 0x7f2a7c191628
C 342
R
P 0x7f2a7c191628
P 0x7f2a7c48d238
C 258
R
P 0x7f2a7c191628
C 342
R
P 0x7f2a7c191628
P 0x7f2a7c48d238
C 9
R
P 0x7f2a7c191628
C 342
R
P 0x7f2a7c191628
I 2
P 0x7f2a7c19b208
C 150
= 0x7f2a7c19bcc8
R
P 0x7f2a7c191628
C 342
R
P 0x7f2a7c191628
P 0x7f2a7c19bcc8
C 258
R
P 0x7f2a7c191628
C 342
R
P 0x7f2a7c191628
P 0x7f2a7c19bcc8
C 9
R
P 0x7f2a7c191628
C 342
R
P 0x7f2a7c191628
P 0x7f2a7c19bcc8
C 263
R
P 0x7f2a7c191628
C 342
R
P 0x7f2a7c191628
S "dev0T32"
C 30
R
P 0x7f2a7c191628
C 342
R
P 0x7f2a7c191628
$ |dev0T32|
C 202
R
P 0x7f2a7c191628
C 342
R
P 0x7f2a7c191628
$ |dev0T32|
P 0x7f2a7c19b1e8
C 51
= 0x7f2a7c19bce8
R
P 0x7f2a7c191628
C 342
R
P 0x7f2a7c191628
P 0x7f2a7c19bce8
C 257
R
P 0x7f2a7c191628
C 342
R
P 0x7f2a7c191628
P 0x7f2a7c19bce8
C 254
= 0x7f2a7c19b1e8
R
P 0x7f2a7c191628
C 342
R
P 0x7f2a7c191628
P 0x7f2a7c19b1e8
C 209
R
P 0x7f2a7c191628
C 342
R
P 0x7f2a7c191628
P 0x7f2a7c19bce8
C 260
R
P 0x7f2a7c191628
C 342
R
P 0x7f2a7c191628
P 0x7f2a7c19bce8
C 259
R
P 0x7f2a7c191628
C 342
R
P 0x7f2a7c191628
P 0x7f2a7c19bce8
C 258
R
P 0x7f2a7c191628
C 342
R
P 0x7f2a7c191628
P 0x7f2a7c19bce8
C 9
R
P 0x7f2a7c191628
C 342
R
P 0x7f2a7c191628
P 0x7f2a7c19bc68
C 333
R
P 0x7f2a7c191628
C 342
R
P 0x7f2a7c191628
S "slotflowPriorityStart"
C 30
R
P 0x7f2a7c191628
C 342
R
P 0x7f2a7c191628
$ |slotflowPriorityStart|
C 202
R
P 0x7f2a7c191628
C 342
R
P 0x7f2a7c191628
$ |slotflowPriorityStart|
P 0x7f2a7c19b1e8
C 51
= 0x7f2a7c19c2a8
R
P 0x7f2a7c191628
C 342
R
P 0x7f2a7c191628
P 0x7f2a7c19c2a8
C 257
R
P 0x7f2a7c191628
C 342
R
P 0x7f2a7c191628
P 0x7f2a7c19c2a8
C 254
= 0x7f2a7c19b1e8
R
P 0x7f2a7c191628
C 342
R
P 0x7f2a7c191628
P 0x7f2a7c19b1e8
C 209
R
P 0x7f2a7c191628
C 342
R
P 0x7f2a7c191628
P 0x7f2a7c19c2a8
C 260
R
P 0x7f2a7c191628
C 342
R
P 0x7f2a7c191628
P 0x7f2a7c19c2a8
C 259
R
P 0x7f2a7c191628
C 342
R
P 0x7f2a7c191628
P 0x7f2a7c19c2a8
C 258
R
P 0x7f2a7c191628
C 342
R
P 0x7f2a7c191628
P 0x7f2a7c19c2a8
C 9
R
P 0x7f2a7c191628
C 342
R
P 0x7f2a7c191628
P 0x7f2a7c19bc68
C 333
R
P 0x7f2a7c191628
C 342
R
P 0x7f2a7c191628
S "slotflowPriorityDuration"
C 30
R
P 0x7f2a7c191628
C 342
R
P 0x7f2a7c191628
$ |slotflowPriorityDuration|
C 202
R
P 0x7f2a7c191628
C 342
R
P 0x7f2a7c191628
$ |slotflowPriorityDuration|
P 0x7f2a7c19b1e8
C 51
= 0x7f2a7c19c268
R
P 0x7f2a7c191628
C 342
R
P 0x7f2a7c191628
P 0x7f2a7c19c268
C 257
R
P 0x7f2a7c191628
C 342
R
P 0x7f2a7c191628
P 0x7f2a7c19c268
C 254
= 0x7f2a7c19b1e8
R
P 0x7f2a7c191628
C 342
R
P 0x7f2a7c191628
P 0x7f2a7c19b1e8
C 209
R
P 0x7f2a7c191628
C 342
R
P 0x7f2a7c191628
P 0x7f2a7c19c268
C 260
R
P 0x7f2a7c191628
C 342
R
P 0x7f2a7c191628
P 0x7f2a7c19c268
C 259
R
P 0x7f2a7c191628
C 342
R
P 0x7f2a7c191628
P 0x7f2a7c19c268
C 258
R
P 0x7f2a7c191628
C 342
R
P 0x7f2a7c191628
P 0x7f2a7c19c268
C 9
R
P 0x7f2a7c191628
C 342
R
P 0x7f2a7c191628
U 2
P 0x7f2a7c19c2a8
P 0x7f2a7c19c268
p 2
C 65
= 0x7f2a7c487908
R
P 0x7f2a7c191628
C 342
R
P 0x7f2a7c191628
P 0x7f2a7c487908
C 257
R
P 0x7f2a7c191628
C 342
R
P 0x7f2a7c191628
P 0x7f2a7c487908
C 254
= 0x7f2a7c19b1e8
R
P 0x7f2a7c191628
C 342
R
P 0x7f2a7c191628
P 0x7f2a7c19b1e8
C 209
R
P 0x7f2a7c191628
C 342
R
P 0x7f2a7c191628
P 0x7f2a7c487908
C 260
R
P 0x7f2a7c191628
C 342
R
P 0x7f2a7c191628
P 0x7f2a7c487908
C 259
R
P 0x7f2a7c191628
C 342
R
P 0x7f2a7c191628
P 0x7f2a7c487908
C 258
R
P 0x7f2a7c191628
C 342
R
P 0x7f2a7c191628
P 0x7f2a7c487908
C 9
R
P 0x7f2a7c191628
C 342
R
P 0x7f2a7c191628
I 4
P 0x7f2a7c19b208
C 150
= 0x7f2a7c19c028
R
P 0x7f2a7c191628
C 342
R
P 0x7f2a7c191628
P 0x7f2a7c19c028
C 258
R
P 0x7f2a7c191628
C 342
R
P 0x7f2a7c191628
P 0x7f2a7c19c028
C 9
R
P 0x7f2a7c191628
C 342
R
P 0x7f2a7c191628
I 1
P 0x7f2a7c19b208
C 150
= 0x7f2a7c19bc88
R
P 0x7f2a7c191628
C 342
R
P 0x7f2a7c191628
P 0x7f2a7c19bc88
C 258
R
P 0x7f2a7c191628
C 342
R
P 0x7f2a7c191628
P 0x7f2a7c19bc88
C 9
R
P 0x7f2a7c191628
C 342
R
P 0x7f2a7c191628
P 0x7f2a7c19c028
P 0x7f2a7c19bc88
C 75
= 0x7f2a7c487390
R
P 0x7f2a7c191628
C 342
R
P 0x7f2a7c191628
P 0x7f2a7c487390
C 258
R
P 0x7f2a7c191628
C 342
R
P 0x7f2a7c191628
P 0x7f2a7c487390
C 9
R
P 0x7f2a7c191628
C 342
R
P 0x7f2a7c191628
I 1
P 0x7f2a7c19b208
C 150
= 0x7f2a7c19bc88
R
P 0x7f2a7c191628
C 342
R
P 0x7f2a7c191628
P 0x7f2a7c19bc88
C 258
R
P 0x7f2a7c191628
C 342
R
P 0x7f2a7c191628
P 0x7f2a7c19bc88
C 9
R
P 0x7f2a7c191628
C 342
R
P 0x7f2a7c191628
U 2
P 0x7f2a7c19c028
P 0x7f2a7c19bc88
p 2
C 67
= 0x7f2a7c4873c8
R
P 0x7f2a7c191628
C 342
R
P 0x7f2a7c191628
P 0x7f2a7c4873c8
C 257
R
P 0x7f2a7c191628
C 342
R
P 0x7f2a7c191628
P 0x7f2a7c4873c8
C 254
= 0x7f2a7c19b208
R
P 0x7f2a7c191628
C 342
R
P 0x7f2a7c191628
P 0x7f2a7c19b208
C 209
R
P 0x7f2a7c191628
C 342
R
P 0x7f2a7c191628
P 0x7f2a7c4873c8
C 260
R
P 0x7f2a7c191628
C 342
R
P 0x7f2a7c191628
P 0x7f2a7c4873c8
C 259
R
P 0x7f2a7c191628
C 342
R
P 0x7f2a7c191628
P 0x7f2a7c4873c8
C 258
R
P 0x7f2a7c191628
C 342
R
P 0x7f2a7c191628
P 0x7f2a7c4873c8
C 9
R
P 0x7f2a7c191628
C 342
R
P 0x7f2a7c191628
U 2
P 0x7f2a7c19bbe8
P 0x7f2a7c4873c8
p 2
C 66
= 0x7f2a7c488158
R
P 0x7f2a7c191628
C 342
R
P 0x7f2a7c191628
P 0x7f2a7c488158
C 257
R
P 0x7f2a7c191628
C 342
R
P 0x7f2a7c191628
P 0x7f2a7c488158
C 254
= 0x7f2a7c19b208
R
P 0x7f2a7c191628
C 342
R
P 0x7f2a7c191628
P 0x7f2a7c19b208
C 209
R
P 0x7f2a7c191628
C 342
R
P 0x7f2a7c191628
P 0x7f2a7c488158
C 260
R
P 0x7f2a7c191628
C 342
R
P 0x7f2a7c191628
P 0x7f2a7c488158
C 259
R
P 0x7f2a7c191628
C 342
R
P 0x7f2a7c191628
P 0x7f2a7c488158
C 258
R
P 0x7f2a7c191628
C 342
R
P 0x7f2a7c191628
P 0x7f2a7c488158
C 9
R
P 0x7f2a7c191628
C 342
R
P 0x7f2a7c191628
U 2
P 0x7f2a7c19bb88
P 0x7f2a7c488158
p 2
C 65
= 0x7f2a7c488190
R
P 0x7f2a7c191628
C 342
R
P 0x7f2a7c191628
P 0x7f2a7c488190
C 257
R
P 0x7f2a7c191628
C 342
R
P 0x7f2a7c191628
P 0x7f2a7c488190
C 254
= 0x7f2a7c19b1e8
R
P 0x7f2a7c191628
C 342
R
P 0x7f2a7c191628
P 0x7f2a7c19b1e8
C 209
R
P 0x7f2a7c191628
C 342
R
P 0x7f2a7c191628
P 0x7f2a7c488190
C 260
R
P 0x7f2a7c191628
C 342
R
P 0x7f2a7c191628
P 0x7f2a7c488190
C 259
R
P 0x7f2a7c191628
C 342
R
P 0x7f2a7c191628
P 0x7f2a7c488190
C 258
R
P 0x7f2a7c191628
C 342
R
P 0x7f2a7c191628
P 0x7f2a7c488190
C 9
R
P 0x7f2a7c191628
C 342
R
P 0x7f2a7c191628
P 0x7f2a7c487390
P 0x7f2a7c488190
P 0x7f2a7c19bb88
C 59
= 0x7f2a7c19fb08
R
P 0x7f2a7c191628
C 342
R
P 0x7f2a7c191628
P 0x7f2a7c19fb08
C 257
R
P 0x7f2a7c191628
C 342
R
P 0x7f2a7c191628
P 0x7f2a7c19fb08
C 254
= 0x7f2a7c19b1e8
R
P 0x7f2a7c191628
C 342
R
P 0x7f2a7c191628
P 0x7f2a7c19b1e8
C 209
R
P 0x7f2a7c191628
C 342
R
P 0x7f2a7c191628
P 0x7f2a7c19fb08
C 260
R
P 0x7f2a7c191628
C 342
R
P 0x7f2a7c191628
P 0x7f2a7c19fb08
C 259
R
P 0x7f2a7c191628
C 342
R
P 0x7f2a7c191628
P 0x7f2a7c19fb08
C 258
R
P 0x7f2a7c191628
C 342
R
P 0x7f2a7c191628
P 0x7f2a7c19fb08
C 9
R
P 0x7f2a7c191628
C 342
R
P 0x7f2a7c191628
U 2
P 0x7f2a7c487908
P 0x7f2a7c19fb08
p 2
C 65
= 0x7f2a7c4881c8
R
P 0x7f2a7c191628
C 342
R
P 0x7f2a7c191628
P 0x7f2a7c4881c8
C 257
R
P 0x7f2a7c191628
C 342
R
P 0x7f2a7c191628
P 0x7f2a7c4881c8
C 254
= 0x7f2a7c19b1e8
R
P 0x7f2a7c191628
C 342
R
P 0x7f2a7c191628
P 0x7f2a7c19b1e8
C 209
R
P 0x7f2a7c191628
C 342
R
P 0x7f2a7c191628
P 0x7f2a7c4881c8
C 260
R
P 0x7f2a7c191628
C 342
R
P 0x7f2a7c191628
P 0x7f2a7c4881c8
C 259
R
P 0x7f2a7c191628
C 342
R
P 0x7f2a7c191628
P 0x7f2a7c4881c8
C 258
R
P 0x7f2a7c191628
C 342
R
P 0x7f2a7c191628
P 0x7f2a7c4881c8
C 9
R
P 0x7f2a7c191628
C 342
R
P 0x7f2a7c191628
P 0x7f2a7c19bce8
P 0x7f2a7c4881c8
C 74
= 0x7f2a7c48adc8
R
P 0x7f2a7c191628
C 342
R
P 0x7f2a7c191628
P 0x7f2a7c48adc8
C 258
R
P 0x7f2a7c191628
C 342
R
P 0x7f2a7c191628
P 0x7f2a7c48adc8
C 9
R
P 0x7f2a7c191628
C 342
R
P 0x7f2a7c191628
I 2
P 0x7f2a7c19b208
C 150
= 0x7f2a7c19bcc8
R
P 0x7f2a7c191628
C 342
R
P 0x7f2a7c191628
P 0x7f2a7c19bcc8
C 258
R
P 0x7f2a7c191628
C 342
R
P 0x7f2a7c191628
P 0x7f2a7c19bcc8
C 9
R
P 0x7f2a7c191628
C 342
R
P 0x7f2a7c191628
P 0x7f2a7c19bcc8
C 263
R
P 0x7f2a7c191628
C 342
R
P 0x7f2a7c191628
S "dev0T32"
C 30
R
P 0x7f2a7c191628
C 342
R
P 0x7f2a7c191628
$ |dev0T32|
C 202
R
P 0x7f2a7c191628
C 342
R
P 0x7f2a7c191628
$ |dev0T32|
P 0x7f2a7c19b1e8
C 51
= 0x7f2a7c19bce8
R
P 0x7f2a7c191628
C 342
R
P 0x7f2a7c191628
P 0x7f2a7c19bce8
C 257
R
P 0x7f2a7c191628
C 342
R
P 0x7f2a7c191628
P 0x7f2a7c19bce8
C 254
= 0x7f2a7c19b1e8
R
P 0x7f2a7c191628
C 342
R
P 0x7f2a7c191628
P 0x7f2a7c19b1e8
C 209
R
P 0x7f2a7c191628
C 342
R
P 0x7f2a7c191628
P 0x7f2a7c19bce8
C 260
R
P 0x7f2a7c191628
C 342
R
P 0x7f2a7c191628
P 0x7f2a7c19bce8
C 259
R
P 0x7f2a7c191628
C 342
R
P 0x7f2a7c191628
P 0x7f2a7c19bce8
C 258
R
P 0x7f2a7c191628
C 342
R
P 0x7f2a7c191628
P 0x7f2a7c19bce8
C 9
R
P 0x7f2a7c191628
C 342
R
P 0x7f2a7c191628
P 0x7f2a7c19bc68
C 333
R
P 0x7f2a7c191628
C 342
R
P 0x7f2a7c191628
S "slotflowPriorityStart"
C 30
R
P 0x7f2a7c191628
C 342
R
P 0x7f2a7c191628
$ |slotflowPriorityStart|
C 202
R
P 0x7f2a7c191628
C 342
R
P 0x7f2a7c191628
$ |slotflowPriorityStart|
P 0x7f2a7c19b1e8
C 51
= 0x7f2a7c19c2a8
R
P 0x7f2a7c191628
C 342
R
P 0x7f2a7c191628
P 0x7f2a7c19c2a8
C 257
R
P 0x7f2a7c191628
C 342
R
P 0x7f2a7c191628
P 0x7f2a7c19c2a8
C 254
= 0x7f2a7c19b1e8
R
P 0x7f2a7c191628
C 342
R
P 0x7f2a7c191628
P 0x7f2a7c19b1e8
C 209
R
P 0x7f2a7c191628
C 342
R
P 0x7f2a7c191628
P 0x7f2a7c19c2a8
C 260
R
P 0x7f2a7c191628
C 342
R
P 0x7f2a7c191628
P 0x7f2a7c19c2a8
C 259
R
P 0x7f2a7c191628
C 342
R
P 0x7f2a7c191628
P 0x7f2a7c19c2a8
C 258
R
P 0x7f2a7c191628
C 342
R
P 0x7f2a7c191628
P 0x7f2a7c19c2a8
C 9
R
P 0x7f2a7c191628
C 342
R
P 0x7f2a7c191628
I 3
P 0x7f2a7c19b208
C 150
= 0x7f2a7c19bfc8
R
P 0x7f2a7c191628
C 342
R
P 0x7f2a7c191628
P 0x7f2a7c19bfc8
C 258
R
P 0x7f2a7c191628
C 342
R
P 0x7f2a7c191628
P 0x7f2a7c19bfc8
C 9
R
P 0x7f2a7c191628
C 342
R
P 0x7f2a7c191628
I 1
P 0x7f2a7c19b208
C 150
= 0x7f2a7c19bc88
R
P 0x7f2a7c191628
C 342
R
P 0x7f2a7c191628
P 0x7f2a7c19bc88
C 258
R
P 0x7f2a7c191628
C 342
R
P 0x7f2a7c191628
P 0x7f2a7c19bc88
C 9
R
P 0x7f2a7c191628
C 342
R
P 0x7f2a7c191628
P 0x7f2a7c19bfc8
P 0x7f2a7c19bc88
C 75
= 0x7f2a7c487208
R
P 0x7f2a7c191628
C 342
R
P 0x7f2a7c191628
P 0x7f2a7c487208
C 258
R
P 0x7f2a7c191628
C 342
R
P 0x7f2a7c191628
P 0x7f2a7c487208
C 9
R
P 0x7f2a7c191628
C 342
R
P 0x7f2a7c191628
I 1
P 0x7f2a7c19b208
C 150
= 0x7f2a7c19bc88
R
P 0x7f2a7c191628
C 342
R
P 0x7f2a7c191628
P 0x7f2a7c19bc88
C 258
R
P 0x7f2a7c191628
C 342
R
P 0x7f2a7c191628
P 0x7f2a7c19bc88
C 9
R
P 0x7f2a7c191628
C 342
R
P 0x7f2a7c191628
U 2
P 0x7f2a7c19bfc8
P 0x7f2a7c19bc88
p 2
C 67
= 0x7f2a7c487240
R
P 0x7f2a7c191628
C 342
R
P 0x7f2a7c191628
P 0x7f2a7c487240
C 257
R
P 0x7f2a7c191628
C 342
R
P 0x7f2a7c191628
P 0x7f2a7c487240
C 254
= 0x7f2a7c19b208
R
P 0x7f2a7c191628
C 342
R
P 0x7f2a7c191628
P 0x7f2a7c19b208
C 209
R
P 0x7f2a7c191628
C 342
R
P 0x7f2a7c191628
P 0x7f2a7c487240
C 260
R
P 0x7f2a7c191628
C 342
R
P 0x7f2a7c191628
P 0x7f2a7c487240
C 259
R
P 0x7f2a7c191628
C 342
R
P 0x7f2a7c191628
P 0x7f2a7c487240
C 258
R
P 0x7f2a7c191628
C 342
R
P 0x7f2a7c191628
P 0x7f2a7c487240
C 9
R
P 0x7f2a7c191628
C 342
R
P 0x7f2a7c191628
U 2
P 0x7f2a7c19bbe8
P 0x7f2a7c487240
p 2
C 66
= 0x7f2a7c487f60
R
P 0x7f2a7c191628
C 342
R
P 0x7f2a7c191628
P 0x7f2a7c487f60
C 257
R
P 0x7f2a7c191628
C 342
R
P 0x7f2a7c191628
P 0x7f2a7c487f60
C 254
= 0x7f2a7c19b208
R
P 0x7f2a7c191628
C 342
R
P 0x7f2a7c191628
P 0x7f2a7c19b208
C 209
R
P 0x7f2a7c191628
C 342
R
P 0x7f2a7c191628
P 0x7f2a7c487f60
C 260
R
P 0x7f2a7c191628
C 342
R
P 0x7f2a7c191628
P 0x7f2a7c487f60
C 259
R
P 0x7f2a7c191628
C 342
R
P 0x7f2a7c191628
P 0x7f2a7c487f60
C 258
R
P 0x7f2a7c191628
C 342
R
P 0x7f2a7c191628
P 0x7f2a7c487f60
C 9
R
P 0x7f2a7c191628
C 342
R
P 0x7f2a7c191628
U 2
P 0x7f2a7c19bb88
P 0x7f2a7c487f60
p 2
C 65
= 0x7f2a7c487f98
R
P 0x7f2a7c191628
C 342
R
P 0x7f2a7c191628
P 0x7f2a7c487f98
C 257
R
P 0x7f2a7c191628
C 342
R
P 0x7f2a7c191628
P 0x7f2a7c487f98
C 254
= 0x7f2a7c19b1e8
R
P 0x7f2a7c191628
C 342
R
P 0x7f2a7c191628
P 0x7f2a7c19b1e8
C 209
R
P 0x7f2a7c191628
C 342
R
P 0x7f2a7c191628
P 0x7f2a7c487f98
C 260
R
P 0x7f2a7c191628
C 342
R
P 0x7f2a7c191628
P 0x7f2a7c487f98
C 259
R
P 0x7f2a7c191628
C 342
R
P 0x7f2a7c191628
P 0x7f2a7c487f98
C 258
R
P 0x7f2a7c191628
C 342
R
P 0x7f2a7c191628
P 0x7f2a7c487f98
C 9
R
P 0x7f2a7c191628
C 342
R
P 0x7f2a7c191628
P 0x7f2a7c487208
P 0x7f2a7c487f98
P 0x7f2a7c19bb88
C 59
= 0x7f2a7c19fac8
R
P 0x7f2a7c191628
C 342
R
P 0x7f2a7c191628
P 0x7f2a7c19fac8
C 257
R
P 0x7f2a7c191628
C 342
R
P 0x7f2a7c191628
P 0x7f2a7c19fac8
C 254
= 0x7f2a7c19b1e8
R
P 0x7f2a7c191628
C 342
R
P 0x7f2a7c191628
P 0x7f2a7c19b1e8
C 209
R
P 0x7f2a7c191628
C 342
R
P 0x7f2a7c191628
P 0x7f2a7c19fac8
C 260
R
P 0x7f2a7c191628
C 342
R
P 0x7f2a7c191628
P 0x7f2a7c19fac8
C 259
R
P 0x7f2a7c191628
C 342
R
P 0x7f2a7c191628
P 0x7f2a7c19fac8
C 258
R
P 0x7f2a7c191628
C 342
R
P 0x7f2a7c191628
P 0x7f2a7c19fac8
C 9
R
P 0x7f2a7c191628
C 342
R
P 0x7f2a7c191628
U 2
P 0x7f2a7c19c2a8
P 0x7f2a7c19fac8
p 2
C 65
= 0x7f2a7c488078
R
P 0x7f2a7c191628
C 342
R
P 0x7f2a7c191628
P 0x7f2a7c488078
C 257
R
P 0x7f2a7c191628
C 342
R
P 0x7f2a7c191628
P 0x7f2a7c488078
C 254
= 0x7f2a7c19b1e8
R
P 0x7f2a7c191628
C 342
R
P 0x7f2a7c191628
P 0x7f2a7c19b1e8
C 209
R
P 0x7f2a7c191628
C 342
R
P 0x7f2a7c191628
P 0x7f2a7c488078
C 260
R
P 0x7f2a7c191628
C 342
R
P 0x7f2a7c191628
P 0x7f2a7c488078
C 259
R
P 0x7f2a7c191628
C 342
R
P 0x7f2a7c191628
P 0x7f2a7c488078
C 258
R
P 0x7f2a7c191628
C 342
R
P 0x7f2a7c191628
P 0x7f2a7c488078
C 9
R
P 0x7f2a7c191628
C 342
R
P 0x7f2a7c191628
U 2
P 0x7f2a7c488078
P 0x7f2a7c19bb68
p 2
C 65
= 0x7f2a7c489bf0
R
P 0x7f2a7c191628
C 342
R
P 0x7f2a7c191628
P 0x7f2a7c489bf0
C 257
R
P 0x7f2a7c191628
C 342
R
P 0x7f2a7c191628
P 0x7f2a7c489bf0
C 254
= 0x7f2a7c19b1e8
R
P 0x7f2a7c191628
C 342
R
P 0x7f2a7c191628
P 0x7f2a7c19b1e8
C 209
R
P 0x7f2a7c191628
C 342
R
P 0x7f2a7c191628
P 0x7f2a7c489bf0
C 260
R
P 0x7f2a7c191628
C 342
R
P 0x7f2a7c191628
P 0x7f2a7c489bf0
C 259
R
P 0x7f2a7c191628
C 342
R
P 0x7f2a7c191628
P 0x7f2a7c489bf0
C 258
R
P 0x7f2a7c191628
C 342
R
P 0x7f2a7c191628
P 0x7f2a7c489bf0
C 9
R
P 0x7f2a7c191628
C 342
R
P 0x7f2a7c191628
P 0x7f2a7c19bce8
P 0x7f2a7c489bf0
C 56
= 0x7f2a7c48d270
R
P 0x7f2a7c191628
C 342
R
P 0x7f2a7c191628
P 0x7f2a7c48d270
C 258
R
P 0x7f2a7c191628
C 342
R
P 0x7f2a7c191628
P 0x7f2a7c48d270
C 9
R
P 0x7f2a7c191628
C 342
R
P 0x7f2a7c191628
U 2
P 0x7f2a7c48adc8
P 0x7f2a7c48d270
p 2
C 63
= 0x7f2a7c48d2a8
R
P 0x7f2a7c191628
C 342
R
P 0x7f2a7c191628
P 0x7f2a7c48d2a8
C 258
R
P 0x7f2a7c191628
C 342
R
P 0x7f2a7c191628
P 0x7f2a7c48d2a8
C 9
R
P 0x7f2a7c191628
C 342
R
P 0x7f2a7c191628
P 0x7f2a7c48d238
P 0x7f2a7c48d2a8
C 61
= 0x7f2a7c48d2e0
R
P 0x7f2a7c191628
C 342
R
P 0x7f2a7c191628
P 0x7f2a7c48d2e0
C 258
R
P 0x7f2a7c191628
C 342
R
P 0x7f2a7c191628
P 0x7f2a7c48d2e0
C 9
R
P 0x7f2a7c191628
C 342
R
P 0x7f2a7c191628
P 0x7f2a7c1e1fc8
P 0x7f2a7c48d2e0
C 427
R
P 0x7f2a7c191628
C 342
R
P 0x7f2a7c191628
I 2
P 0x7f2a7c19b208
C 150
= 0x7f2a7c19bcc8
R
P 0x7f2a7c191628
C 342
R
P 0x7f2a7c191628
P 0x7f2a7c19bcc8
C 258
R
P 0x7f2a7c191628
C 342
R
P 0x7f2a7c191628
P 0x7f2a7c19bcc8
C 9
R
P 0x7f2a7c191628
C 342
R
P 0x7f2a7c191628
I 1
P 0x7f2a7c19b208
C 150
= 0x7f2a7c19bc88
R
P 0x7f2a7c191628
C 342
R
P 0x7f2a7c191628
P 0x7f2a7c19bc88
C 258
R
P 0x7f2a7c191628
C 342
R
P 0x7f2a7c191628
P 0x7f2a7c19bc88
C 9
R
P 0x7f2a7c191628
C 342
R
P 0x7f2a7c191628
P 0x7f2a7c19bcc8
P 0x7f2a7c19bc88
C 75
= 0x7f2a7c1a1890
R
P 0x7f2a7c191628
C 342
R
P 0x7f2a7c191628
P 0x7f2a7c1a1890
C 258
R
P 0x7f2a7c191628
C 342
R
P 0x7f2a7c191628
P 0x7f2a7c1a1890
C 9
R
P 0x7f2a7c191628
C 342
R
P 0x7f2a7c191628
I 1
P 0x7f2a7c19b208
C 150
= 0x7f2a7c19bc88
R
P 0x7f2a7c191628
C 342
R
P 0x7f2a7c191628
P 0x7f2a7c19bc88
C 258
R
P 0x7f2a7c191628
C 342
R
P 0x7f2a7c191628
P 0x7f2a7c19bc88
C 9
R
P 0x7f2a7c191628
C 342
R
P 0x7f2a7c191628
U 2
P 0x7f2a7c19bcc8
P 0x7f2a7c19bc88
p 2
C 67
= 0x7f2a7c1a18c8
R
P 0x7f2a7c191628
C 342
R
P 0x7f2a7c191628
P 0x7f2a7c1a18c8
C 257
R
P 0x7f2a7c191628
C 342
R
P 0x7f2a7c191628
P 0x7f2a7c1a18c8
C 254
= 0x7f2a7c19b208
R
P 0x7f2a7c191628
C 342
R
P 0x7f2a7c191628
P 0x7f2a7c19b208
C 209
R
P 0x7f2a7c191628
C 342
R
P 0x7f2a7c191628
P 0x7f2a7c1a18c8
C 260
R
P 0x7f2a7c191628
C 342
R
P 0x7f2a7c191628
P 0x7f2a7c1a18c8
C 259
R
P 0x7f2a7c191628
C 342
R
P 0x7f2a7c191628
P 0x7f2a7c1a18c8
C 258
R
P 0x7f2a7c191628
C 342
R
P 0x7f2a7c191628
P 0x7f2a7c1a18c8
C 9
R
P 0x7f2a7c191628
C 342
R
P 0x7f2a7c191628
U 2
P 0x7f2a7c19bba8
P 0x7f2a7c1a18c8
p 2
C 66
= 0x7f2a7c1a1900
R
P 0x7f2a7c191628
C 342
R
P 0x7f2a7c191628
P 0x7f2a7c1a1900
C 257
R
P 0x7f2a7c191628
C 342
R
P 0x7f2a7c191628
P 0x7f2a7c1a1900
C 254
= 0x7f2a7c19b1e8
R
P 0x7f2a7c191628
C 342
R
P 0x7f2a7c191628
P 0x7f2a7c19b1e8
C 209
R
P 0x7f2a7c191628
C 342
R
P 0x7f2a7c191628
P 0x7f2a7c1a1900
C 260
R
P 0x7f2a7c191628
C 342
R
P 0x7f2a7c191628
P 0x7f2a7c1a1900
C 259
R
P 0x7f2a7c191628
C 342
R
P 0x7f2a7c191628
P 0x7f2a7c1a1900
C 258
R
P 0x7f2a7c191628
C 342
R
P 0x7f2a7c191628
P 0x7f2a7c1a1900
C 9
R
P 0x7f2a7c191628
C 342
R
P 0x7f2a7c191628
U 2
P 0x7f2a7c19bc28
P 0x7f2a7c1a1900
p 2
C 65
= 0x7f2a7c1a1938
R
P 0x7f2a7c191628
C 342
R
P 0x7f2a7c191628
P 0x7f2a7c1a1938
C 257
R
P 0x7f2a7c191628
C 342
R
P 0x7f2a7c191628
P 0x7f2a7c1a1938
C 254
= 0x7f2a7c19b1e8
R
P 0x7f2a7c191628
C 342
R
P 0x7f2a7c191628
P 0x7f2a7c19b1e8
C 209
R
P 0x7f2a7c191628
C 342
R
P 0x7f2a7c191628
P 0x7f2a7c1a1938
C 260
R
P 0x7f2a7c191628
C 342
R
P 0x7f2a7c191628
P 0x7f2a7c1a1938
C 259
R
P 0x7f2a7c191628
C 342
R
P 0x7f2a7c191628
P 0x7f2a7c1a1938
C 258
R
P 0x7f2a7c191628
C 342
R
P 0x7f2a7c191628
P 0x7f2a7c1a1938
C 9
R
P 0x7f2a7c191628
C 342
R
P 0x7f2a7c191628
P 0x7f2a7c1a1890
P 0x7f2a7c1a1938
P 0x7f2a7c19bc28
C 59
= 0x7f2a7c19f888
R
P 0x7f2a7c191628
C 342
R
P 0x7f2a7c191628
P 0x7f2a7c19f888
C 257
R
P 0x7f2a7c191628
C 342
R
P 0x7f2a7c191628
P 0x7f2a7c19f888
C 254
= 0x7f2a7c19b1e8
R
P 0x7f2a7c191628
C 342
R
P 0x7f2a7c191628
P 0x7f2a7c19b1e8
C 209
R
P 0x7f2a7c191628
C 342
R
P 0x7f2a7c191628
P 0x7f2a7c19f888
C 260
R
P 0x7f2a7c191628
C 342
R
P 0x7f2a7c191628
P 0x7f2a7c19f888
C 259
R
P 0x7f2a7c191628
C 342
R
P 0x7f2a7c191628
P 0x7f2a7c19f888
C 258
R
P 0x7f2a7c191628
C 342
R
P 0x7f2a7c191628
P 0x7f2a7c19f888
C 9
R
P 0x7f2a7c191628
C 342
R
P 0x7f2a7c191628
U 2
P 0x7f2a7c19f888
P 0x7f2a7c19bb48
p 2
C 65
= 0x7f2a7c1a1970
R
P 0x7f2a7c191628
C 342
R
P 0x7f2a7c191628
P 0x7f2a7c1a1970
C 257
R
P 0x7f2a7c191628
C 342
R
P 0x7f2a7c191628
P 0x7f2a7c1a1970
C 254
= 0x7f2a7c19b1e8
R
P 0x7f2a7c191628
C 342
R
P 0x7f2a7c191628
P 0x7f2a7c19b1e8
C 209
R
P 0x7f2a7c191628
C 342
R
P 0x7f2a7c191628
P 0x7f2a7c1a1970
C 260
R
P 0x7f2a7c191628
C 342
R
P 0x7f2a7c191628
P 0x7f2a7c1a1970
C 259
R
P 0x7f2a7c191628
C 342
R
P 0x7f2a7c191628
P 0x7f2a7c1a1970
C 258
R
P 0x7f2a7c191628
C 342
R
P 0x7f2a7c191628
P 0x7f2a7c1a1970
C 9
R
P 0x7f2a7c191628
C 342
R
P 0x7f2a7c191628
P 0x7f2a7c19bc68
C 333
R
P 0x7f2a7c191628
C 342
R
P 0x7f2a7c191628
S "slotflowPriorityStart"
C 30
R
P 0x7f2a7c191628
C 342
R
P 0x7f2a7c191628
$ |slotflowPriorityStart|
C 202
R
P 0x7f2a7c191628
C 342
R
P 0x7f2a7c191628
$ |slotflowPriorityStart|
P 0x7f2a7c19b1e8
C 51
= 0x7f2a7c19c2a8
R
P 0x7f2a7c191628
C 342
R
P 0x7f2a7c191628
P 0x7f2a7c19c2a8
C 257
R
P 0x7f2a7c191628
C 342
R
P 0x7f2a7c191628
P 0x7f2a7c19c2a8
C 254
= 0x7f2a7c19b1e8
R
P 0x7f2a7c191628
C 342
R
P 0x7f2a7c191628
P 0x7f2a7c19b1e8
C 209
R
P 0x7f2a7c191628
C 342
R
P 0x7f2a7c191628
P 0x7f2a7c19c2a8
C 260
R
P 0x7f2a7c191628
C 342
R
P 0x7f2a7c191628
P 0x7f2a7c19c2a8
C 259
R
P 0x7f2a7c191628
C 342
R
P 0x7f2a7c191628
P 0x7f2a7c19c2a8
C 258
R
P 0x7f2a7c191628
C 342
R
P 0x7f2a7c191628
P 0x7f2a7c19c2a8
C 9
R
P 0x7f2a7c191628
C 342
R
P 0x7f2a7c191628
P 0x7f2a7c19bc68
C 333
R
P 0x7f2a7c191628
C 342
R
P 0x7f2a7c191628
S "slotflowPriorityDuration"
C 30
R
P 0x7f2a7c191628
C 342
R
P 0x7f2a7c191628
$ |slotflowPriorityDuration|
C 202
R
P 0x7f2a7c191628
C 342
R
P 0x7f2a7c191628
$ |slotflowPriorityDuration|
P 0x7f2a7c19b1e8
C 51
= 0x7f2a7c19c268
R
P 0x7f2a7c191628
C 342
R
P 0x7f2a7c191628
P 0x7f2a7c19c268
C 257
R
P 0x7f2a7c191628
C 342
R
P 0x7f2a7c191628
P 0x7f2a7c19c268
C 254
= 0x7f2a7c19b1e8
R
P 0x7f2a7c191628
C 342
R
P 0x7f2a7c191628
P 0x7f2a7c19b1e8
C 209
R
P 0x7f2a7c191628
C 342
R
P 0x7f2a7c191628
P 0x7f2a7c19c268
C 260
R
P 0x7f2a7c191628
C 342
R
P 0x7f2a7c191628
P 0x7f2a7c19c268
C 259
R
P 0x7f2a7c191628
C 342
R
P 0x7f2a7c191628
P 0x7f2a7c19c268
C 258
R
P 0x7f2a7c191628
C 342
R
P 0x7f2a7c191628
P 0x7f2a7c19c268
C 9
R
P 0x7f2a7c191628
C 342
R
P 0x7f2a7c191628
U 2
P 0x7f2a7c19c2a8
P 0x7f2a7c19c268
p 2
C 65
= 0x7f2a7c487908
R
P 0x7f2a7c191628
C 342
R
P 0x7f2a7c191628
P 0x7f2a7c487908
C 257
R
P 0x7f2a7c191628
C 342
R
P 0x7f2a7c191628
P 0x7f2a7c487908
C 254
= 0x7f2a7c19b1e8
R
P 0x7f2a7c191628
C 342
R
P 0x7f2a7c191628
P 0x7f2a7c19b1e8
C 209
R
P 0x7f2a7c191628
C 342
R
P 0x7f2a7c191628
P 0x7f2a7c487908
C 260
R
P 0x7f2a7c191628
C 342
R
P 0x7f2a7c191628
P 0x7f2a7c487908
C 259
R
P 0x7f2a7c191628
C 342
R
P 0x7f2a7c191628
P 0x7f2a7c487908
C 258
R
P 0x7f2a7c191628
C 342
R
P 0x7f2a7c191628
P 0x7f2a7c487908
C 9
R
P 0x7f2a7c191628
C 342
R
P 0x7f2a7c191628
I 4
P 0x7f2a7c19b208
C 150
= 0x7f2a7c19c028
R
P 0x7f2a7c191628
C 342
R
P 0x7f2a7c191628
P 0x7f2a7c19c028
C 258
R
P 0x7f2a7c191628
C 342
R
P 0x7f2a7c191628
P 0x7f2a7c19c028
C 9
R
P 0x7f2a7c191628
C 342
R
P 0x7f2a7c191628
I 1
P 0x7f2a7c19b208
C 150
= 0x7f2a7c19bc88
R
P 0x7f2a7c191628
C 342
R
P 0x7f2a7c191628
P 0x7f2a7c19bc88
C 258
R
P 0x7f2a7c191628
C 342
R
P 0x7f2a7c191628
P 0x7f2a7c19bc88
C 9
R
P 0x7f2a7c191628
C 342
R
P 0x7f2a7c191628
P 0x7f2a7c19c028
P 0x7f2a7c19bc88
C 75
= 0x7f2a7c487390
R
P 0x7f2a7c191628
C 342
R
P 0x7f2a7c191628
P 0x7f2a7c487390
C 258
R
P 0x7f2a7c191628
C 342
R
P 0x7f2a7c191628
P 0x7f2a7c487390
C 9
R
P 0x7f2a7c191628
C 342
R
P 0x7f2a7c191628
I 1
P 0x7f2a7c19b208
C 150
= 0x7f2a7c19bc88
R
P 0x7f2a7c191628
C 342
R
P 0x7f2a7c191628
P 0x7f2a7c19bc88
C 258
R
P 0x7f2a7c191628
C 342
R
P 0x7f2a7c191628
P 0x7f2a7c19bc88
C 9
R
P 0x7f2a7c191628
C 342
R
P 0x7f2a7c191628
U 2
P 0x7f2a7c19c028
P 0x7f2a7c19bc88
p 2
C 67
= 0x7f2a7c4873c8
R
P 0x7f2a7c191628
C 342
R
P 0x7f2a7c191628
P 0x7f2a7c4873c8
C 257
R
P 0x7f2a7c191628
C 342
R
P 0x7f2a7c191628
P 0x7f2a7c4873c8
C 254
= 0x7f2a7c19b208
R
P 0x7f2a7c191628
C 342
R
P 0x7f2a7c191628
P 0x7f2a7c19b208
C 209
R
P 0x7f2a7c191628
C 342
R
P 0x7f2a7c191628
P 0x7f2a7c4873c8
C 260
R
P 0x7f2a7c191628
C 342
R
P 0x7f2a7c191628
P 0x7f2a7c4873c8
C 259
R
P 0x7f2a7c191628
C 342
R
P 0x7f2a7c191628
P 0x7f2a7c4873c8
C 258
R
P 0x7f2a7c191628
C 342
R
P 0x7f2a7c191628
P 0x7f2a7c4873c8
C 9
R
P 0x7f2a7c191628
C 342
R
P 0x7f2a7c191628
U 2
P 0x7f2a7c19bbe8
P 0x7f2a7c4873c8
p 2
C 66
= 0x7f2a7c488158
R
P 0x7f2a7c191628
C 342
R
P 0x7f2a7c191628
P 0x7f2a7c488158
C 257
R
P 0x7f2a7c191628
C 342
R
P 0x7f2a7c191628
P 0x7f2a7c488158
C 254
= 0x7f2a7c19b208
R
P 0x7f2a7c191628
C 342
R
P 0x7f2a7c191628
P 0x7f2a7c19b208
C 209
R
P 0x7f2a7c191628
C 342
R
P 0x7f2a7c191628
P 0x7f2a7c488158
C 260
R
P 0x7f2a7c191628
C 342
R
P 0x7f2a7c191628
P 0x7f2a7c488158
C 259
R
P 0x7f2a7c191628
C 342
R
P 0x7f2a7c191628
P 0x7f2a7c488158
C 258
R
P 0x7f2a7c191628
C 342
R
P 0x7f2a7c191628
P 0x7f2a7c488158
C 9
R
P 0x7f2a7c191628
C 342
R
P 0x7f2a7c191628
U 2
P 0x7f2a7c19bb88
P 0x7f2a7c488158
p 2
C 65
= 0x7f2a7c488190
R
P 0x7f2a7c191628
C 342
R
P 0x7f2a7c191628
P 0x7f2a7c488190
C 257
R
P 0x7f2a7c191628
C 342
R
P 0x7f2a7c191628
P 0x7f2a7c488190
C 254
= 0x7f2a7c19b1e8
R
P 0x7f2a7c191628
C 342
R
P 0x7f2a7c191628
P 0x7f2a7c19b1e8
C 209
R
P 0x7f2a7c191628
C 342
R
P 0x7f2a7c191628
P 0x7f2a7c488190
C 260
R
P 0x7f2a7c191628
C 342
R
P 0x7f2a7c191628
P 0x7f2a7c488190
C 259
R
P 0x7f2a7c191628
C 342
R
P 0x7f2a7c191628
P 0x7f2a7c488190
C 258
R
P 0x7f2a7c191628
C 342
R
P 0x7f2a7c191628
P 0x7f2a7c488190
C 9
R
P 0x7f2a7c191628
C 342
R
P 0x7f2a7c191628
P 0x7f2a7c487390
P 0x7f2a7c488190
P 0x7f2a7c19bb88
C 59
= 0x7f2a7c19fb08
R
P 0x7f2a7c191628
C 342
R
P 0x7f2a7c191628
P 0x7f2a7c19fb08
C 257
R
P 0x7f2a7c191628
C 342
R
P 0x7f2a7c191628
P 0x7f2a7c19fb08
C 254
= 0x7f2a7c19b1e8
R
P 0x7f2a7c191628
C 342
R
P 0x7f2a7c191628
P 0x7f2a7c19b1e8
C 209
R
P 0x7f2a7c191628
C 342
R
P 0x7f2a7c191628
P 0x7f2a7c19fb08
C 260
R
P 0x7f2a7c191628
C 342
R
P 0x7f2a7c191628
P 0x7f2a7c19fb08
C 259
R
P 0x7f2a7c191628
C 342
R
P 0x7f2a7c191628
P 0x7f2a7c19fb08
C 258
R
P 0x7f2a7c191628
C 342
R
P 0x7f2a7c191628
P 0x7f2a7c19fb08
C 9
R
P 0x7f2a7c191628
C 342
R
P 0x7f2a7c191628
U 2
P 0x7f2a7c487908
P 0x7f2a7c19fb08
p 2
C 65
= 0x7f2a7c4881c8
R
P 0x7f2a7c191628
C 342
R
P 0x7f2a7c191628
P 0x7f2a7c4881c8
C 257
R
P 0x7f2a7c191628
C 342
R
P 0x7f2a7c191628
P 0x7f2a7c4881c8
C 254
= 0x7f2a7c19b1e8
R
P 0x7f2a7c191628
C 342
R
P 0x7f2a7c191628
P 0x7f2a7c19b1e8
C 209
R
P 0x7f2a7c191628
C 342
R
P 0x7f2a7c191628
P 0x7f2a7c4881c8
C 260
R
P 0x7f2a7c191628
C 342
R
P 0x7f2a7c191628
P 0x7f2a7c4881c8
C 259
R
P 0x7f2a7c191628
C 342
R
P 0x7f2a7c191628
P 0x7f2a7c4881c8
C 258
R
P 0x7f2a7c191628
C 342
R
P 0x7f2a7c191628
P 0x7f2a7c4881c8
C 9
R
P 0x7f2a7c191628
C 342
R
P 0x7f2a7c191628
U 2
P 0x7f2a7c4881c8
P 0x7f2a7c19bb68
p 2
C 67
= 0x7f2a7c488200
R
P 0x7f2a7c191628
C 342
R
P 0x7f2a7c191628
P 0x7f2a7c488200
C 257
R
P 0x7f2a7c191628
C 342
R
P 0x7f2a7c191628
P 0x7f2a7c488200
C 254
= 0x7f2a7c19b1e8
R
P 0x7f2a7c191628
C 342
R
P 0x7f2a7c191628
P 0x7f2a7c19b1e8
C 209
R
P 0x7f2a7c191628
C 342
R
P 0x7f2a7c191628
P 0x7f2a7c488200
C 260
R
P 0x7f2a7c191628
C 342
R
P 0x7f2a7c191628
P 0x7f2a7c488200
C 259
R
P 0x7f2a7c191628
C 342
R
P 0x7f2a7c191628
P 0x7f2a7c488200
C 258
R
P 0x7f2a7c191628
C 342
R
P 0x7f2a7c191628
P 0x7f2a7c488200
C 9
R
P 0x7f2a7c191628
C 342
R
P 0x7f2a7c191628
P 0x7f2a7c1a1970
P 0x7f2a7c488200
C 75
= 0x7f2a7c48d318
R
P 0x7f2a7c191628
C 342
R
P 0x7f2a7c191628
P 0x7f2a7c48d318
C 258
R
P 0x7f2a7c191628
C 342
R
P 0x7f2a7c191628
P 0x7f2a7c48d318
C 9
R
P 0x7f2a7c191628
C 342
R
P 0x7f2a7c191628
I 2
P 0x7f2a7c19b208
C 150
= 0x7f2a7c19bcc8
R
P 0x7f2a7c191628
C 342
R
P 0x7f2a7c191628
P 0x7f2a7c19bcc8
C 258
R
P 0x7f2a7c191628
C 342
R
P 0x7f2a7c191628
P 0x7f2a7c19bcc8
C 9
R
P 0x7f2a7c191628
C 342
R
P 0x7f2a7c191628
I 1
P 0x7f2a7c19b208
C 150
= 0x7f2a7c19bc88
R
P 0x7f2a7c191628
C 342
R
P 0x7f2a7c191628
P 0x7f2a7c19bc88
C 258
R
P 0x7f2a7c191628
C 342
R
P 0x7f2a7c191628
P 0x7f2a7c19bc88
C 9
R
P 0x7f2a7c191628
C 342
R
P 0x7f2a7c191628
P 0x7f2a7c19bcc8
P 0x7f2a7c19bc88
C 75
= 0x7f2a7c1a1890
R
P 0x7f2a7c191628
C 342
R
P 0x7f2a7c191628
P 0x7f2a7c1a1890
C 258
R
P 0x7f2a7c191628
C 342
R
P 0x7f2a7c191628
P 0x7f2a7c1a1890
C 9
R
P 0x7f2a7c191628
C 342
R
P 0x7f2a7c191628
I 1
P 0x7f2a7c19b208
C 150
= 0x7f2a7c19bc88
R
P 0x7f2a7c191628
C 342
R
P 0x7f2a7c191628
P 0x7f2a7c19bc88
C 258
R
P 0x7f2a7c191628
C 342
R
P 0x7f2a7c191628
P 0x7f2a7c19bc88
C 9
R
P 0x7f2a7c191628
C 342
R
P 0x7f2a7c191628
U 2
P 0x7f2a7c19bcc8
P 0x7f2a7c19bc88
p 2
C 67
= 0x7f2a7c1a18c8
R
P 0x7f2a7c191628
C 342
R
P 0x7f2a7c191628
P 0x7f2a7c1a18c8
C 257
R
P 0x7f2a7c191628
C 342
R
P 0x7f2a7c191628
P 0x7f2a7c1a18c8
C 254
= 0x7f2a7c19b208
R
P 0x7f2a7c191628
C 342
R
P 0x7f2a7c191628
P 0x7f2a7c19b208
C 209
R
P 0x7f2a7c191628
C 342
R
P 0x7f2a7c191628
P 0x7f2a7c1a18c8
C 260
R
P 0x7f2a7c191628
C 342
R
P 0x7f2a7c191628
P 0x7f2a7c1a18c8
C 259
R
P 0x7f2a7c191628
C 342
R
P 0x7f2a7c191628
P 0x7f2a7c1a18c8
C 258
R
P 0x7f2a7c191628
C 342
R
P 0x7f2a7c191628
P 0x7f2a7c1a18c8
C 9
R
P 0x7f2a7c191628
C 342
R
P 0x7f2a7c191628
U 2
P 0x7f2a7c19bba8
P 0x7f2a7c1a18c8
p 2
C 66
= 0x7f2a7c1a1900
R
P 0x7f2a7c191628
C 342
R
P 0x7f2a7c191628
P 0x7f2a7c1a1900
C 257
R
P 0x7f2a7c191628
C 342
R
P 0x7f2a7c191628
P 0x7f2a7c1a1900
C 254
= 0x7f2a7c19b1e8
R
P 0x7f2a7c191628
C 342
R
P 0x7f2a7c191628
P 0x7f2a7c19b1e8
C 209
R
P 0x7f2a7c191628
C 342
R
P 0x7f2a7c191628
P 0x7f2a7c1a1900
C 260
R
P 0x7f2a7c191628
C 342
R
P 0x7f2a7c191628
P 0x7f2a7c1a1900
C 259
R
P 0x7f2a7c191628
C 342
R
P 0x7f2a7c191628
P 0x7f2a7c1a1900
C 258
R
P 0x7f2a7c191628
C 342
R
P 0x7f2a7c191628
P 0x7f2a7c1a1900
C 9
R
P 0x7f2a7c191628
C 342
R
P 0x7f2a7c191628
U 2
P 0x7f2a7c19bc28
P 0x7f2a7c1a1900
p 2
C 65
= 0x7f2a7c1a1938
R
P 0x7f2a7c191628
C 342
R
P 0x7f2a7c191628
P 0x7f2a7c1a1938
C 257
R
P 0x7f2a7c191628
C 342
R
P 0x7f2a7c191628
P 0x7f2a7c1a1938
C 254
= 0x7f2a7c19b1e8
R
P 0x7f2a7c191628
C 342
R
P 0x7f2a7c191628
P 0x7f2a7c19b1e8
C 209
R
P 0x7f2a7c191628
C 342
R
P 0x7f2a7c191628
P 0x7f2a7c1a1938
C 260
R
P 0x7f2a7c191628
C 342
R
P 0x7f2a7c191628
P 0x7f2a7c1a1938
C 259
R
P 0x7f2a7c191628
C 342
R
P 0x7f2a7c191628
P 0x7f2a7c1a1938
C 258
R
P 0x7f2a7c191628
C 342
R
P 0x7f2a7c191628
P 0x7f2a7c1a1938
C 9
R
P 0x7f2a7c191628
C 342
R
P 0x7f2a7c191628
P 0x7f2a7c1a1890
P 0x7f2a7c1a1938
P 0x7f2a7c19bc28
C 59
= 0x7f2a7c19f888
R
P 0x7f2a7c191628
C 342
R
P 0x7f2a7c191628
P 0x7f2a7c19f888
C 257
R
P 0x7f2a7c191628
C 342
R
P 0x7f2a7c191628
P 0x7f2a7c19f888
C 254
= 0x7f2a7c19b1e8
R
P 0x7f2a7c191628
C 342
R
P 0x7f2a7c191628
P 0x7f2a7c19b1e8
C 209
R
P 0x7f2a7c191628
C 342
R
P 0x7f2a7c191628
P 0x7f2a7c19f888
C 260
R
P 0x7f2a7c191628
C 342
R
P 0x7f2a7c191628
P 0x7f2a7c19f888
C 259
R
P 0x7f2a7c191628
C 342
R
P 0x7f2a7c191628
P 0x7f2a7c19f888
C 258
R
P 0x7f2a7c191628
C 342
R
P 0x7f2a7c191628
P 0x7f2a7c19f888
C 9
R
P 0x7f2a7c191628
C 342
R
P 0x7f2a7c191628
U 2
P 0x7f2a7c19f888
P 0x7f2a7c19bb48
p 2
C 65
= 0x7f2a7c1a1970
R
P 0x7f2a7c191628
C 342
R
P 0x7f2a7c191628
P 0x7f2a7c1a1970
C 257
R
P 0x7f2a7c191628
C 342
R
P 0x7f2a7c191628
P 0x7f2a7c1a1970
C 254
= 0x7f2a7c19b1e8
R
P 0x7f2a7c191628
C 342
R
P 0x7f2a7c191628
P 0x7f2a7c19b1e8
C 209
R
P 0x7f2a7c191628
C 342
R
P 0x7f2a7c191628
P 0x7f2a7c1a1970
C 260
R
P 0x7f2a7c191628
C 342
R
P 0x7f2a7c191628
P 0x7f2a7c1a1970
C 259
R
P 0x7f2a7c191628
C 342
R
P 0x7f2a7c191628
P 0x7f2a7c1a1970
C 258
R
P 0x7f2a7c191628
C 342
R
P 0x7f2a7c191628
P 0x7f2a7c1a1970
C 9
R
P 0x7f2a7c191628
C 342
R
P 0x7f2a7c191628
I 4
P 0x7f2a7c19b208
C 150
= 0x7f2a7c19c028
R
P 0x7f2a7c191628
C 342
R
P 0x7f2a7c191628
P 0x7f2a7c19c028
C 258
R
P 0x7f2a7c191628
C 342
R
P 0x7f2a7c191628
P 0x7f2a7c19c028
C 9
R
P 0x7f2a7c191628
C 342
R
P 0x7f2a7c191628
I 1
P 0x7f2a7c19b208
C 150
= 0x7f2a7c19bc88
R
P 0x7f2a7c191628
C 342
R
P 0x7f2a7c191628
P 0x7f2a7c19bc88
C 258
R
P 0x7f2a7c191628
C 342
R
P 0x7f2a7c191628
P 0x7f2a7c19bc88
C 9
R
P 0x7f2a7c191628
C 342
R
P 0x7f2a7c191628
P 0x7f2a7c19c028
P 0x7f2a7c19bc88
C 75
= 0x7f2a7c487390
R
P 0x7f2a7c191628
C 342
R
P 0x7f2a7c191628
P 0x7f2a7c487390
C 258
R
P 0x7f2a7c191628
C 342
R
P 0x7f2a7c191628
P 0x7f2a7c487390
C 9
R
P 0x7f2a7c191628
C 342
R
P 0x7f2a7c191628
I 1
P 0x7f2a7c19b208
C 150
= 0x7f2a7c19bc88
R
P 0x7f2a7c191628
C 342
R
P 0x7f2a7c191628
P 0x7f2a7c19bc88
C 258
R
P 0x7f2a7c191628
C 342
R
P 0x7f2a7c191628
P 0x7f2a7c19bc88
C 9
R
P 0x7f2a7c191628
C 342
R
P 0x7f2a7c191628
U 2
P 0x7f2a7c19c028
P 0x7f2a7c19bc88
p 2
C 67
= 0x7f2a7c4873c8
R
P 0x7f2a7c191628
C 342
R
P 0x7f2a7c191628
P 0x7f2a7c4873c8
C 257
R
P 0x7f2a7c191628
C 342
R
P 0x7f2a7c191628
P 0x7f2a7c4873c8
C 254
= 0x7f2a7c19b208
R
P 0x7f2a7c191628
C 342
R
P 0x7f2a7c191628
P 0x7f2a7c19b208
C 209
R
P 0x7f2a7c191628
C 342
R
P 0x7f2a7c191628
P 0x7f2a7c4873c8
C 260
R
P 0x7f2a7c191628
C 342
R
P 0x7f2a7c191628
P 0x7f2a7c4873c8
C 259
R
P 0x7f2a7c191628
C 342
R
P 0x7f2a7c191628
P 0x7f2a7c4873c8
C 258
R
P 0x7f2a7c191628
C 342
R
P 0x7f2a7c191628
P 0x7f2a7c4873c8
C 9
R
P 0x7f2a7c191628
C 342
R
P 0x7f2a7c191628
U 2
P 0x7f2a7c19bbe8
P 0x7f2a7c4873c8
p 2
C 66
= 0x7f2a7c488158
R
P 0x7f2a7c191628
C 342
R
P 0x7f2a7c191628
P 0x7f2a7c488158
C 257
R
P 0x7f2a7c191628
C 342
R
P 0x7f2a7c191628
P 0x7f2a7c488158
C 254
= 0x7f2a7c19b208
R
P 0x7f2a7c191628
C 342
R
P 0x7f2a7c191628
P 0x7f2a7c19b208
C 209
R
P 0x7f2a7c191628
C 342
R
P 0x7f2a7c191628
P 0x7f2a7c488158
C 260
R
P 0x7f2a7c191628
C 342
R
P 0x7f2a7c191628
P 0x7f2a7c488158
C 259
R
P 0x7f2a7c191628
C 342
R
P 0x7f2a7c191628
P 0x7f2a7c488158
C 258
R
P 0x7f2a7c191628
C 342
R
P 0x7f2a7c191628
P 0x7f2a7c488158
C 9
R
P 0x7f2a7c191628
C 342
R
P 0x7f2a7c191628
U 2
P 0x7f2a7c19bb88
P 0x7f2a7c488158
p 2
C 65
= 0x7f2a7c488190
R
P 0x7f2a7c191628
C 342
R
P 0x7f2a7c191628
P 0x7f2a7c488190
C 257
R
P 0x7f2a7c191628
C 342
R
P 0x7f2a7c191628
P 0x7f2a7c488190
C 254
= 0x7f2a7c19b1e8
R
P 0x7f2a7c191628
C 342
R
P 0x7f2a7c191628
P 0x7f2a7c19b1e8
C 209
R
P 0x7f2a7c191628
C 342
R
P 0x7f2a7c191628
P 0x7f2a7c488190
C 260
R
P 0x7f2a7c191628
C 342
R
P 0x7f2a7c191628
P 0x7f2a7c488190
C 259
R
P 0x7f2a7c191628
C 342
R
P 0x7f2a7c191628
P 0x7f2a7c488190
C 258
R
P 0x7f2a7c191628
C 342
R
P 0x7f2a7c191628
P 0x7f2a7c488190
C 9
R
P 0x7f2a7c191628
C 342
R
P 0x7f2a7c191628
P 0x7f2a7c487390
P 0x7f2a7c488190
P 0x7f2a7c19bb88
C 59
= 0x7f2a7c19fb08
R
P 0x7f2a7c191628
C 342
R
P 0x7f2a7c191628
P 0x7f2a7c19fb08
C 257
R
P 0x7f2a7c191628
C 342
R
P 0x7f2a7c191628
P 0x7f2a7c19fb08
C 254
= 0x7f2a7c19b1e8
R
P 0x7f2a7c191628
C 342
R
P 0x7f2a7c191628
P 0x7f2a7c19b1e8
C 209
R
P 0x7f2a7c191628
C 342
R
P 0x7f2a7c191628
P 0x7f2a7c19fb08
C 260
R
P 0x7f2a7c191628
C 342
R
P 0x7f2a7c191628
P 0x7f2a7c19fb08
C 259
R
P 0x7f2a7c191628
C 342
R
P 0x7f2a7c191628
P 0x7f2a7c19fb08
C 258
R
P 0x7f2a7c191628
C 342
R
P 0x7f2a7c191628
P 0x7f2a7c19fb08
C 9
R
P 0x7f2a7c191628
C 342
R
P 0x7f2a7c191628
U 2
P 0x7f2a7c19fb08
P 0x7f2a7c19bbe8
p 2
C 65
= 0x7f2a7c48c418
R
P 0x7f2a7c191628
C 342
R
P 0x7f2a7c191628
P 0x7f2a7c48c418
C 257
R
P 0x7f2a7c191628
C 342
R
P 0x7f2a7c191628
P 0x7f2a7c48c418
C 254
= 0x7f2a7c19b1e8
R
P 0x7f2a7c191628
C 342
R
P 0x7f2a7c191628
P 0x7f2a7c19b1e8
C 209
R
P 0x7f2a7c191628
C 342
R
P 0x7f2a7c191628
P 0x7f2a7c48c418
C 260
R
P 0x7f2a7c191628
C 342
R
P 0x7f2a7c191628
P 0x7f2a7c48c418
C 259
R
P 0x7f2a7c191628
C 342
R
P 0x7f2a7c191628
P 0x7f2a7c48c418
C 258
R
P 0x7f2a7c191628
C 342
R
P 0x7f2a7c191628
P 0x7f2a7c48c418
C 9
R
P 0x7f2a7c191628
C 342
R
P 0x7f2a7c191628
P 0x7f2a7c1a1970
P 0x7f2a7c48c418
C 74
= 0x7f2a7c48d350
R
P 0x7f2a7c191628
C 342
R
P 0x7f2a7c191628
P 0x7f2a7c48d350
C 258
R
P 0x7f2a7c191628
C 342
R
P 0x7f2a7c191628
P 0x7f2a7c48d350
C 9
R
P 0x7f2a7c191628
C 342
R
P 0x7f2a7c191628
U 2
P 0x7f2a7c48d318
P 0x7f2a7c48d350
p 2
C 63
= 0x7f2a7c48d388
R
P 0x7f2a7c191628
C 342
R
P 0x7f2a7c191628
P 0x7f2a7c48d388
C 258
R
P 0x7f2a7c191628
C 342
R
P 0x7f2a7c191628
P 0x7f2a7c48d388
C 9
R
P 0x7f2a7c191628
C 342
R
P 0x7f2a7c191628
I 2
P 0x7f2a7c19b208
C 150
= 0x7f2a7c19bcc8
R
P 0x7f2a7c191628
C 342
R
P 0x7f2a7c191628
P 0x7f2a7c19bcc8
C 258
R
P 0x7f2a7c191628
C 342
R
P 0x7f2a7c191628
P 0x7f2a7c19bcc8
C 9
R
P 0x7f2a7c191628
C 342
R
P 0x7f2a7c191628
P 0x7f2a7c19bcc8
C 263
R
P 0x7f2a7c191628
C 342
R
P 0x7f2a7c191628
S "dev0T32"
C 30
R
P 0x7f2a7c191628
C 342
R
P 0x7f2a7c191628
$ |dev0T32|
C 202
R
P 0x7f2a7c191628
C 342
R
P 0x7f2a7c191628
$ |dev0T32|
P 0x7f2a7c19b1e8
C 51
= 0x7f2a7c19bce8
R
P 0x7f2a7c191628
C 342
R
P 0x7f2a7c191628
P 0x7f2a7c19bce8
C 257
R
P 0x7f2a7c191628
C 342
R
P 0x7f2a7c191628
P 0x7f2a7c19bce8
C 254
= 0x7f2a7c19b1e8
R
P 0x7f2a7c191628
C 342
R
P 0x7f2a7c191628
P 0x7f2a7c19b1e8
C 209
R
P 0x7f2a7c191628
C 342
R
P 0x7f2a7c191628
P 0x7f2a7c19bce8
C 260
R
P 0x7f2a7c191628
C 342
R
P 0x7f2a7c191628
P 0x7f2a7c19bce8
C 259
R
P 0x7f2a7c191628
C 342
R
P 0x7f2a7c191628
P 0x7f2a7c19bce8
C 258
R
P 0x7f2a7c191628
C 342
R
P 0x7f2a7c191628
P 0x7f2a7c19bce8
C 9
R
P 0x7f2a7c191628
C 342
R
P 0x7f2a7c191628
P 0x7f2a7c19bc68
C 333
R
P 0x7f2a7c191628
C 342
R
P 0x7f2a7c191628
S "slotflowPriorityStart"
C 30
R
P 0x7f2a7c191628
C 342
R
P 0x7f2a7c191628
$ |slotflowPriorityStart|
C 202
R
P 0x7f2a7c191628
C 342
R
P 0x7f2a7c191628
$ |slotflowPriorityStart|
P 0x7f2a7c19b1e8
C 51
= 0x7f2a7c19c2a8
R
P 0x7f2a7c191628
C 342
R
P 0x7f2a7c191628
P 0x7f2a7c19c2a8
C 257
R
P 0x7f2a7c191628
C 342
R
P 0x7f2a7c191628
P 0x7f2a7c19c2a8
C 254
= 0x7f2a7c19b1e8
R
P 0x7f2a7c191628
C 342
R
P 0x7f2a7c191628
P 0x7f2a7c19b1e8
C 209
R
P 0x7f2a7c191628
C 342
R
P 0x7f2a7c191628
P 0x7f2a7c19c2a8
C 260
R
P 0x7f2a7c191628
C 342
R
P 0x7f2a7c191628
P 0x7f2a7c19c2a8
C 259
R
P 0x7f2a7c191628
C 342
R
P 0x7f2a7c191628
P 0x7f2a7c19c2a8
C 258
R
P 0x7f2a7c191628
C 342
R
P 0x7f2a7c191628
P 0x7f2a7c19c2a8
C 9
R
P 0x7f2a7c191628
C 342
R
P 0x7f2a7c191628
P 0x7f2a7c19bc68
C 333
R
P 0x7f2a7c191628
C 342
R
P 0x7f2a7c191628
S "slotflowPriorityDuration"
C 30
R
P 0x7f2a7c191628
C 342
R
P 0x7f2a7c191628
$ |slotflowPriorityDuration|
C 202
R
P 0x7f2a7c191628
C 342
R
P 0x7f2a7c191628
$ |slotflowPriorityDuration|
P 0x7f2a7c19b1e8
C 51
= 0x7f2a7c19c268
R
P 0x7f2a7c191628
C 342
R
P 0x7f2a7c191628
P 0x7f2a7c19c268
C 257
R
P 0x7f2a7c191628
C 342
R
P 0x7f2a7c191628
P 0x7f2a7c19c268
C 254
= 0x7f2a7c19b1e8
R
P 0x7f2a7c191628
C 342
R
P 0x7f2a7c191628
P 0x7f2a7c19b1e8
C 209
R
P 0x7f2a7c191628
C 342
R
P 0x7f2a7c191628
P 0x7f2a7c19c268
C 260
R
P 0x7f2a7c191628
C 342
R
P 0x7f2a7c191628
P 0x7f2a7c19c268
C 259
R
P 0x7f2a7c191628
C 342
R
P 0x7f2a7c191628
P 0x7f2a7c19c268
C 258
R
P 0x7f2a7c191628
C 342
R
P 0x7f2a7c191628
P 0x7f2a7c19c268
C 9
R
P 0x7f2a7c191628
C 342
R
P 0x7f2a7c191628
U 2
P 0x7f2a7c19c2a8
P 0x7f2a7c19c268
p 2
C 65
= 0x7f2a7c487908
R
P 0x7f2a7c191628
C 342
R
P 0x7f2a7c191628
P 0x7f2a7c487908
C 257
R
P 0x7f2a7c191628
C 342
R
P 0x7f2a7c191628
P 0x7f2a7c487908
C 254
= 0x7f2a7c19b1e8
R
P 0x7f2a7c191628
C 342
R
P 0x7f2a7c191628
P 0x7f2a7c19b1e8
C 209
R
P 0x7f2a7c191628
C 342
R
P 0x7f2a7c191628
P 0x7f2a7c487908
C 260
R
P 0x7f2a7c191628
C 342
R
P 0x7f2a7c191628
P 0x7f2a7c487908
C 259
R
P 0x7f2a7c191628
C 342
R
P 0x7f2a7c191628
P 0x7f2a7c487908
C 258
R
P 0x7f2a7c191628
C 342
R
P 0x7f2a7c191628
P 0x7f2a7c487908
C 9
R
P 0x7f2a7c191628
C 342
R
P 0x7f2a7c191628
I 5
P 0x7f2a7c19b208
C 150
= 0x7f2a7c19c088
R
P 0x7f2a7c191628
C 342
R
P 0x7f2a7c191628
P 0x7f2a7c19c088
C 258
R
P 0x7f2a7c191628
C 342
R
P 0x7f2a7c191628
P 0x7f2a7c19c088
C 9
R
P 0x7f2a7c191628
C 342
R
P 0x7f2a7c191628
I 1
P 0x7f2a7c19b208
C 150
= 0x7f2a7c19bc88
R
P 0x7f2a7c191628
C 342
R
P 0x7f2a7c191628
P 0x7f2a7c19bc88
C 258
R
P 0x7f2a7c191628
C 342
R
P 0x7f2a7c191628
P 0x7f2a7c19bc88
C 9
R
P 0x7f2a7c191628
C 342
R
P 0x7f2a7c191628
P 0x7f2a7c19c088
P 0x7f2a7c19bc88
C 75
= 0x7f2a7c48c4c0
R
P 0x7f2a7c191628
C 342
R
P 0x7f2a7c191628
P 0x7f2a7c48c4c0
C 258
R
P 0x7f2a7c191628
C 342
R
P 0x7f2a7c191628
P 0x7f2a7c48c4c0
C 9
R
P 0x7f2a7c191628
C 342
R
P 0x7f2a7c191628
I 1
P 0x7f2a7c19b208
C 150
= 0x7f2a7c19bc88
R
P 0x7f2a7c191628
C 342
R
P 0x7f2a7c191628
P 0x7f2a7c19bc88
C 258
R
P 0x7f2a7c191628
C 342
R
P 0x7f2a7c191628
P 0x7f2a7c19bc88
C 9
R
P 0x7f2a7c191628
C 342
R
P 0x7f2a7c191628
U 2
P 0x7f2a7c19c088
P 0x7f2a7c19bc88
p 2
C 67
= 0x7f2a7c48c4f8
R
P 0x7f2a7c191628
C 342
R
P 0x7f2a7c191628
P 0x7f2a7c48c4f8
C 257
R
P 0x7f2a7c191628
C 342
R
P 0x7f2a7c191628
P 0x7f2a7c48c4f8
C 254
= 0x7f2a7c19b208
R
P 0x7f2a7c191628
C 342
R
P 0x7f2a7c191628
P 0x7f2a7c19b208
C 209
R
P 0x7f2a7c191628
C 342
R
P 0x7f2a7c191628
P 0x7f2a7c48c4f8
C 260
R
P 0x7f2a7c191628
C 342
R
P 0x7f2a7c191628
P 0x7f2a7c48c4f8
C 259
R
P 0x7f2a7c191628
C 342
R
P 0x7f2a7c191628
P 0x7f2a7c48c4f8
C 258
R
P 0x7f2a7c191628
C 342
R
P 0x7f2a7c191628
P 0x7f2a7c48c4f8
C 9
R
P 0x7f2a7c191628
C 342
R
P 0x7f2a7c191628
U 2
P 0x7f2a7c19bbe8
P 0x7f2a7c48c4f8
p 2
C 66
= 0x7f2a7c48c530
R
P 0x7f2a7c191628
C 342
R
P 0x7f2a7c191628
P 0x7f2a7c48c530
C 257
R
P 0x7f2a7c191628
C 342
R
P 0x7f2a7c191628
P 0x7f2a7c48c530
C 254
= 0x7f2a7c19b208
R
P 0x7f2a7c191628
C 342
R
P 0x7f2a7c191628
P 0x7f2a7c19b208
C 209
R
P 0x7f2a7c191628
C 342
R
P 0x7f2a7c191628
P 0x7f2a7c48c530
C 260
R
P 0x7f2a7c191628
C 342
R
P 0x7f2a7c191628
P 0x7f2a7c48c530
C 259
R
P 0x7f2a7c191628
C 342
R
P 0x7f2a7c191628
P 0x7f2a7c48c530
C 258
R
P 0x7f2a7c191628
C 342
R
P 0x7f2a7c191628
P 0x7f2a7c48c530
C 9
R
P 0x7f2a7c191628
C 342
R
P 0x7f2a7c191628
U 2
P 0x7f2a7c19bb88
P 0x7f2a7c48c530
p 2
C 65
= 0x7f2a7c48c568
R
P 0x7f2a7c191628
C 342
R
P 0x7f2a7c191628
P 0x7f2a7c48c568
C 257
R
P 0x7f2a7c191628
C 342
R
P 0x7f2a7c191628
P 0x7f2a7c48c568
C 254
= 0x7f2a7c19b1e8
R
P 0x7f2a7c191628
C 342
R
P 0x7f2a7c191628
P 0x7f2a7c19b1e8
C 209
R
P 0x7f2a7c191628
C 342
R
P 0x7f2a7c191628
P 0x7f2a7c48c568
C 260
R
P 0x7f2a7c191628
C 342
R
P 0x7f2a7c191628
P 0x7f2a7c48c568
C 259
R
P 0x7f2a7c191628
C 342
R
P 0x7f2a7c191628
P 0x7f2a7c48c568
C 258
R
P 0x7f2a7c191628
C 342
R
P 0x7f2a7c191628
P 0x7f2a7c48c568
C 9
R
P 0x7f2a7c191628
C 342
R
P 0x7f2a7c191628
P 0x7f2a7c48c4c0
P 0x7f2a7c48c568
P 0x7f2a7c19bb88
C 59
= 0x7f2a7c19fb48
R
P 0x7f2a7c191628
C 342
R
P 0x7f2a7c191628
P 0x7f2a7c19fb48
C 257
R
P 0x7f2a7c191628
C 342
R
P 0x7f2a7c191628
P 0x7f2a7c19fb48
C 254
= 0x7f2a7c19b1e8
R
P 0x7f2a7c191628
C 342
R
P 0x7f2a7c191628
P 0x7f2a7c19b1e8
C 209
R
P 0x7f2a7c191628
C 342
R
P 0x7f2a7c191628
P 0x7f2a7c19fb48
C 260
R
P 0x7f2a7c191628
C 342
R
P 0x7f2a7c191628
P 0x7f2a7c19fb48
C 259
R
P 0x7f2a7c191628
C 342
R
P 0x7f2a7c191628
P 0x7f2a7c19fb48
C 258
R
P 0x7f2a7c191628
C 342
R
P 0x7f2a7c191628
P 0x7f2a7c19fb48
C 9
R
P 0x7f2a7c191628
C 342
R
P 0x7f2a7c191628
U 2
P 0x7f2a7c487908
P 0x7f2a7c19fb48
p 2
C 65
= 0x7f2a7c48c5a0
R
P 0x7f2a7c191628
C 342
R
P 0x7f2a7c191628
P 0x7f2a7c48c5a0
C 257
R
P 0x7f2a7c191628
C 342
R
P 0x7f2a7c191628
P 0x7f2a7c48c5a0
C 254
= 0x7f2a7c19b1e8
R
P 0x7f2a7c191628
C 342
R
P 0x7f2a7c191628
P 0x7f2a7c19b1e8
C 209
R
P 0x7f2a7c191628
C 342
R
P 0x7f2a7c191628
P 0x7f2a7c48c5a0
C 260
R
P 0x7f2a7c191628
C 342
R
P 0x7f2a7c191628
P 0x7f2a7c48c5a0
C 259
R
P 0x7f2a7c191628
C 342
R
P 0x7f2a7c191628
P 0x7f2a7c48c5a0
C 258
R
P 0x7f2a7c191628
C 342
R
P 0x7f2a7c191628
P 0x7f2a7c48c5a0
C 9
R
P 0x7f2a7c191628
C 342
R
P 0x7f2a7c191628
P 0x7f2a7c19bce8
P 0x7f2a7c48c5a0
C 74
= 0x7f2a7c48d3c0
R
P 0x7f2a7c191628
C 342
R
P 0x7f2a7c191628
P 0x7f2a7c48d3c0
C 258
R
P 0x7f2a7c191628
C 342
R
P 0x7f2a7c191628
P 0x7f2a7c48d3c0
C 9
R
P 0x7f2a7c191628
C 342
R
P 0x7f2a7c191628
I 2
P 0x7f2a7c19b208
C 150
= 0x7f2a7c19bcc8
R
P 0x7f2a7c191628
C 342
R
P 0x7f2a7c191628
P 0x7f2a7c19bcc8
C 258
R
P 0x7f2a7c191628
C 342
R
P 0x7f2a7c191628
P 0x7f2a7c19bcc8
C 9
R
P 0x7f2a7c191628
C 342
R
P 0x7f2a7c191628
P 0x7f2a7c19bcc8
C 263
R
P 0x7f2a7c191628
C 342
R
P 0x7f2a7c191628
S "dev0T32"
C 30
R
P 0x7f2a7c191628
C 342
R
P 0x7f2a7c191628
$ |dev0T32|
C 202
R
P 0x7f2a7c191628
C 342
R
P 0x7f2a7c191628
$ |dev0T32|
P 0x7f2a7c19b1e8
C 51
= 0x7f2a7c19bce8
R
P 0x7f2a7c191628
C 342
R
P 0x7f2a7c191628
P 0x7f2a7c19bce8
C 257
R
P 0x7f2a7c191628
C 342
R
P 0x7f2a7c191628
P 0x7f2a7c19bce8
C 254
= 0x7f2a7c19b1e8
R
P 0x7f2a7c191628
C 342
R
P 0x7f2a7c191628
P 0x7f2a7c19b1e8
C 209
R
P 0x7f2a7c191628
C 342
R
P 0x7f2a7c191628
P 0x7f2a7c19bce8
C 260
R
P 0x7f2a7c191628
C 342
R
P 0x7f2a7c191628
P 0x7f2a7c19bce8
C 259
R
P 0x7f2a7c191628
C 342
R
P 0x7f2a7c191628
P 0x7f2a7c19bce8
C 258
R
P 0x7f2a7c191628
C 342
R
P 0x7f2a7c191628
P 0x7f2a7c19bce8
C 9
R
P 0x7f2a7c191628
C 342
R
P 0x7f2a7c191628
P 0x7f2a7c19bc68
C 333
R
P 0x7f2a7c191628
C 342
R
P 0x7f2a7c191628
S "slotflowPriorityStart"
C 30
R
P 0x7f2a7c191628
C 342
R
P 0x7f2a7c191628
$ |slotflowPriorityStart|
C 202
R
P 0x7f2a7c191628
C 342
R
P 0x7f2a7c191628
$ |slotflowPriorityStart|
P 0x7f2a7c19b1e8
C 51
= 0x7f2a7c19c2a8
R
P 0x7f2a7c191628
C 342
R
P 0x7f2a7c191628
P 0x7f2a7c19c2a8
C 257
R
P 0x7f2a7c191628
C 342
R
P 0x7f2a7c191628
P 0x7f2a7c19c2a8
C 254
= 0x7f2a7c19b1e8
R
P 0x7f2a7c191628
C 342
R
P 0x7f2a7c191628
P 0x7f2a7c19b1e8
C 209
R
P 0x7f2a7c191628
C 342
R
P 0x7f2a7c191628
P 0x7f2a7c19c2a8
C 260
R
P 0x7f2a7c191628
C 342
R
P 0x7f2a7c191628
P 0x7f2a7c19c2a8
C 259
R
P 0x7f2a7c191628
C 342
R
P 0x7f2a7c191628
P 0x7f2a7c19c2a8
C 258
R
P 0x7f2a7c191628
C 342
R
P 0x7f2a7c191628
P 0x7f2a7c19c2a8
C 9
R
P 0x7f2a7c191628
C 342
R
P 0x7f2a7c191628
I 4
P 0x7f2a7c19b208
C 150
= 0x7f2a7c19c028
R
P 0x7f2a7c191628
C 342
R
P 0x7f2a7c191628
P 0x7f2a7c19c028
C 258
R
P 0x7f2a7c191628
C 342
R
P 0x7f2a7c191628
P 0x7f2a7c19c028
C 9
R
P 0x7f2a7c191628
C 342
R
P 0x7f2a7c191628
I 1
P 0x7f2a7c19b208
C 150
= 0x7f2a7c19bc88
R
P 0x7f2a7c191628
C 342
R
P 0x7f2a7c191628
P 0x7f2a7c19bc88
C 258
R
P 0x7f2a7c191628
C 342
R
P 0x7f2a7c191628
P 0x7f2a7c19bc88
C 9
R
P 0x7f2a7c191628
C 342
R
P 0x7f2a7c191628
P 0x7f2a7c19c028
P 0x7f2a7c19bc88
C 75
= 0x7f2a7c487390
R
P 0x7f2a7c191628
C 342
R
P 0x7f2a7c191628
P 0x7f2a7c487390
C 258
R
P 0x7f2a7c191628
C 342
R
P 0x7f2a7c191628
P 0x7f2a7c487390
C 9
R
P 0x7f2a7c191628
C 342
R
P 0x7f2a7c191628
I 1
P 0x7f2a7c19b208
C 150
= 0x7f2a7c19bc88
R
P 0x7f2a7c191628
C 342
R
P 0x7f2a7c191628
P 0x7f2a7c19bc88
C 258
R
P 0x7f2a7c191628
C 342
R
P 0x7f2a7c191628
P 0x7f2a7c19bc88
C 9
R
P 0x7f2a7c191628
C 342
R
P 0x7f2a7c191628
U 2
P 0x7f2a7c19c028
P 0x7f2a7c19bc88
p 2
C 67
= 0x7f2a7c4873c8
R
P 0x7f2a7c191628
C 342
R
P 0x7f2a7c191628
P 0x7f2a7c4873c8
C 257
R
P 0x7f2a7c191628
C 342
R
P 0x7f2a7c191628
P 0x7f2a7c4873c8
C 254
= 0x7f2a7c19b208
R
P 0x7f2a7c191628
C 342
R
P 0x7f2a7c191628
P 0x7f2a7c19b208
C 209
R
P 0x7f2a7c191628
C 342
R
P 0x7f2a7c191628
P 0x7f2a7c4873c8
C 260
R
P 0x7f2a7c191628
C 342
R
P 0x7f2a7c191628
P 0x7f2a7c4873c8
C 259
R
P 0x7f2a7c191628
C 342
R
P 0x7f2a7c191628
P 0x7f2a7c4873c8
C 258
R
P 0x7f2a7c191628
C 342
R
P 0x7f2a7c191628
P 0x7f2a7c4873c8
C 9
R
P 0x7f2a7c191628
C 342
R
P 0x7f2a7c191628
U 2
P 0x7f2a7c19bbe8
P 0x7f2a7c4873c8
p 2
C 66
= 0x7f2a7c488158
R
P 0x7f2a7c191628
C 342
R
P 0x7f2a7c191628
P 0x7f2a7c488158
C 257
R
P 0x7f2a7c191628
C 342
R
P 0x7f2a7c191628
P 0x7f2a7c488158
C 254
= 0x7f2a7c19b208
R
P 0x7f2a7c191628
C 342
R
P 0x7f2a7c191628
P 0x7f2a7c19b208
C 209
R
P 0x7f2a7c191628
C 342
R
P 0x7f2a7c191628
P 0x7f2a7c488158
C 260
R
P 0x7f2a7c191628
C 342
R
P 0x7f2a7c191628
P 0x7f2a7c488158
C 259
R
P 0x7f2a7c191628
C 342
R
P 0x7f2a7c191628
P 0x7f2a7c488158
C 258
R
P 0x7f2a7c191628
C 342
R
P 0x7f2a7c191628
P 0x7f2a7c488158
C 9
R
P 0x7f2a7c191628
C 342
R
P 0x7f2a7c191628
U 2
P 0x7f2a7c19bb88
P 0x7f2a7c488158
p 2
C 65
= 0x7f2a7c488190
R
P 0x7f2a7c191628
C 342
R
P 0x7f2a7c191628
P 0x7f2a7c488190
C 257
R
P 0x7f2a7c191628
C 342
R
P 0x7f2a7c191628
P 0x7f2a7c488190
C 254
= 0x7f2a7c19b1e8
R
P 0x7f2a7c191628
C 342
R
P 0x7f2a7c191628
P 0x7f2a7c19b1e8
C 209
R
P 0x7f2a7c191628
C 342
R
P 0x7f2a7c191628
P 0x7f2a7c488190
C 260
R
P 0x7f2a7c191628
C 342
R
P 0x7f2a7c191628
P 0x7f2a7c488190
C 259
R
P 0x7f2a7c191628
C 342
R
P 0x7f2a7c191628
P 0x7f2a7c488190
C 258
R
P 0x7f2a7c191628
C 342
R
P 0x7f2a7c191628
P 0x7f2a7c488190
C 9
R
P 0x7f2a7c191628
C 342
R
P 0x7f2a7c191628
P 0x7f2a7c487390
P 0x7f2a7c488190
P 0x7f2a7c19bb88
C 59
= 0x7f2a7c19fb08
R
P 0x7f2a7c191628
C 342
R
P 0x7f2a7c191628
P 0x7f2a7c19fb08
C 257
R
P 0x7f2a7c191628
C 342
R
P 0x7f2a7c191628
P 0x7f2a7c19fb08
C 254
= 0x7f2a7c19b1e8
R
P 0x7f2a7c191628
C 342
R
P 0x7f2a7c191628
P 0x7f2a7c19b1e8
C 209
R
P 0x7f2a7c191628
C 342
R
P 0x7f2a7c191628
P 0x7f2a7c19fb08
C 260
R
P 0x7f2a7c191628
C 342
R
P 0x7f2a7c191628
P 0x7f2a7c19fb08
C 259
R
P 0x7f2a7c191628
C 342
R
P 0x7f2a7c191628
P 0x7f2a7c19fb08
C 258
R
P 0x7f2a7c191628
C 342
R
P 0x7f2a7c191628
P 0x7f2a7c19fb08
C 9
R
P 0x7f2a7c191628
C 342
R
P 0x7f2a7c191628
U 2
P 0x7f2a7c19c2a8
P 0x7f2a7c19fb08
p 2
C 65
= 0x7f2a7c488270
R
P 0x7f2a7c191628
C 342
R
P 0x7f2a7c191628
P 0x7f2a7c488270
C 257
R
P 0x7f2a7c191628
C 342
R
P 0x7f2a7c191628
P 0x7f2a7c488270
C 254
= 0x7f2a7c19b1e8
R
P 0x7f2a7c191628
C 342
R
P 0x7f2a7c191628
P 0x7f2a7c19b1e8
C 209
R
P 0x7f2a7c191628
C 342
R
P 0x7f2a7c191628
P 0x7f2a7c488270
C 260
R
P 0x7f2a7c191628
C 342
R
P 0x7f2a7c191628
P 0x7f2a7c488270
C 259
R
P 0x7f2a7c191628
C 342
R
P 0x7f2a7c191628
P 0x7f2a7c488270
C 258
R
P 0x7f2a7c191628
C 342
R
P 0x7f2a7c191628
P 0x7f2a7c488270
C 9
R
P 0x7f2a7c191628
C 342
R
P 0x7f2a7c191628
U 2
P 0x7f2a7c488270
P 0x7f2a7c19bb68
p 2
C 65
= 0x7f2a7c489db0
R
P 0x7f2a7c191628
C 342
R
P 0x7f2a7c191628
P 0x7f2a7c489db0
C 257
R
P 0x7f2a7c191628
C 342
R
P 0x7f2a7c191628
P 0x7f2a7c489db0
C 254
= 0x7f2a7c19b1e8
R
P 0x7f2a7c191628
C 342
R
P 0x7f2a7c191628
P 0x7f2a7c19b1e8
C 209
R
P 0x7f2a7c191628
C 342
R
P 0x7f2a7c191628
P 0x7f2a7c489db0
C 260
R
P 0x7f2a7c191628
C 342
R
P 0x7f2a7c191628
P 0x7f2a7c489db0
C 259
R
P 0x7f2a7c191628
C 342
R
P 0x7f2a7c191628
P 0x7f2a7c489db0
C 258
R
P 0x7f2a7c191628
C 342
R
P 0x7f2a7c191628
P 0x7f2a7c489db0
C 9
R
P 0x7f2a7c191628
C 342
R
P 0x7f2a7c191628
P 0x7f2a7c19bce8
P 0x7f2a7c489db0
C 56
= 0x7f2a7c48d3f8
R
P 0x7f2a7c191628
C 342
R
P 0x7f2a7c191628
P 0x7f2a7c48d3f8
C 258
R
P 0x7f2a7c191628
C 342
R
P 0x7f2a7c191628
P 0x7f2a7c48d3f8
C 9
R
P 0x7f2a7c191628
C 342
R
P 0x7f2a7c191628
U 2
P 0x7f2a7c48d3c0
P 0x7f2a7c48d3f8
p 2
C 63
= 0x7f2a7c48d430
R
P 0x7f2a7c191628
C 342
R
P 0x7f2a7c191628
P 0x7f2a7c48d430
C 258
R
P 0x7f2a7c191628
C 342
R
P 0x7f2a7c191628
P 0x7f2a7c48d430
C 9
R
P 0x7f2a7c191628
C 342
R
P 0x7f2a7c191628
P 0x7f2a7c48d388
P 0x7f2a7c48d430
C 61
= 0x7f2a7c48d468
R
P 0x7f2a7c191628
C 342
R
P 0x7f2a7c191628
P 0x7f2a7c48d468
C 258
R
P 0x7f2a7c191628
C 342
R
P 0x7f2a7c191628
P 0x7f2a7c48d468
C 9
R
P 0x7f2a7c191628
C 342
R
P 0x7f2a7c191628
P 0x7f2a7c1e1fc8
P 0x7f2a7c48d468
C 427
R
P 0x7f2a7c191628
C 342
R
P 0x7f2a7c191628
I 3
P 0x7f2a7c19b208
C 150
= 0x7f2a7c19bfc8
R
P 0x7f2a7c191628
C 342
R
P 0x7f2a7c191628
P 0x7f2a7c19bfc8
C 258
R
P 0x7f2a7c191628
C 342
R
P 0x7f2a7c191628
P 0x7f2a7c19bfc8
C 9
R
P 0x7f2a7c191628
C 342
R
P 0x7f2a7c191628
I 1
P 0x7f2a7c19b208
C 150
= 0x7f2a7c19bc88
R
P 0x7f2a7c191628
C 342
R
P 0x7f2a7c191628
P 0x7f2a7c19bc88
C 258
R
P 0x7f2a7c191628
C 342
R
P 0x7f2a7c191628
P 0x7f2a7c19bc88
C 9
R
P 0x7f2a7c191628
C 342
R
P 0x7f2a7c191628
P 0x7f2a7c19bfc8
P 0x7f2a7c19bc88
C 75
= 0x7f2a7c487208
R
P 0x7f2a7c191628
C 342
R
P 0x7f2a7c191628
P 0x7f2a7c487208
C 258
R
P 0x7f2a7c191628
C 342
R
P 0x7f2a7c191628
P 0x7f2a7c487208
C 9
R
P 0x7f2a7c191628
C 342
R
P 0x7f2a7c191628
I 1
P 0x7f2a7c19b208
C 150
= 0x7f2a7c19bc88
R
P 0x7f2a7c191628
C 342
R
P 0x7f2a7c191628
P 0x7f2a7c19bc88
C 258
R
P 0x7f2a7c191628
C 342
R
P 0x7f2a7c191628
P 0x7f2a7c19bc88
C 9
R
P 0x7f2a7c191628
C 342
R
P 0x7f2a7c191628
U 2
P 0x7f2a7c19bfc8
P 0x7f2a7c19bc88
p 2
C 67
= 0x7f2a7c487240
R
P 0x7f2a7c191628
C 342
R
P 0x7f2a7c191628
P 0x7f2a7c487240
C 257
R
P 0x7f2a7c191628
C 342
R
P 0x7f2a7c191628
P 0x7f2a7c487240
C 254
= 0x7f2a7c19b208
R
P 0x7f2a7c191628
C 342
R
P 0x7f2a7c191628
P 0x7f2a7c19b208
C 209
R
P 0x7f2a7c191628
C 342
R
P 0x7f2a7c191628
P 0x7f2a7c487240
C 260
R
P 0x7f2a7c191628
C 342
R
P 0x7f2a7c191628
P 0x7f2a7c487240
C 259
R
P 0x7f2a7c191628
C 342
R
P 0x7f2a7c191628
P 0x7f2a7c487240
C 258
R
P 0x7f2a7c191628
C 342
R
P 0x7f2a7c191628
P 0x7f2a7c487240
C 9
R
P 0x7f2a7c191628
C 342
R
P 0x7f2a7c191628
U 2
P 0x7f2a7c19bba8
P 0x7f2a7c487240
p 2
C 66
= 0x7f2a7c487278
R
P 0x7f2a7c191628
C 342
R
P 0x7f2a7c191628
P 0x7f2a7c487278
C 257
R
P 0x7f2a7c191628
C 342
R
P 0x7f2a7c191628
P 0x7f2a7c487278
C 254
= 0x7f2a7c19b1e8
R
P 0x7f2a7c191628
C 342
R
P 0x7f2a7c191628
P 0x7f2a7c19b1e8
C 209
R
P 0x7f2a7c191628
C 342
R
P 0x7f2a7c191628
P 0x7f2a7c487278
C 260
R
P 0x7f2a7c191628
C 342
R
P 0x7f2a7c191628
P 0x7f2a7c487278
C 259
R
P 0x7f2a7c191628
C 342
R
P 0x7f2a7c191628
P 0x7f2a7c487278
C 258
R
P 0x7f2a7c191628
C 342
R
P 0x7f2a7c191628
P 0x7f2a7c487278
C 9
R
P 0x7f2a7c191628
C 342
R
P 0x7f2a7c191628
U 2
P 0x7f2a7c19bc28
P 0x7f2a7c487278
p 2
C 65
= 0x7f2a7c4872b0
R
P 0x7f2a7c191628
C 342
R
P 0x7f2a7c191628
P 0x7f2a7c4872b0
C 257
R
P 0x7f2a7c191628
C 342
R
P 0x7f2a7c191628
P 0x7f2a7c4872b0
C 254
= 0x7f2a7c19b1e8
R
P 0x7f2a7c191628
C 342
R
P 0x7f2a7c191628
P 0x7f2a7c19b1e8
C 209
R
P 0x7f2a7c191628
C 342
R
P 0x7f2a7c191628
P 0x7f2a7c4872b0
C 260
R
P 0x7f2a7c191628
C 342
R
P 0x7f2a7c191628
P 0x7f2a7c4872b0
C 259
R
P 0x7f2a7c191628
C 342
R
P 0x7f2a7c191628
P 0x7f2a7c4872b0
C 258
R
P 0x7f2a7c191628
C 342
R
P 0x7f2a7c191628
P 0x7f2a7c4872b0
C 9
R
P 0x7f2a7c191628
C 342
R
P 0x7f2a7c191628
P 0x7f2a7c487208
P 0x7f2a7c4872b0
P 0x7f2a7c19bc28
C 59
= 0x7f2a7c19f988
R
P 0x7f2a7c191628
C 342
R
P 0x7f2a7c191628
P 0x7f2a7c19f988
C 257
R
P 0x7f2a7c191628
C 342
R
P 0x7f2a7c191628
P 0x7f2a7c19f988
C 254
= 0x7f2a7c19b1e8
R
P 0x7f2a7c191628
C 342
R
P 0x7f2a7c191628
P 0x7f2a7c19b1e8
C 209
R
P 0x7f2a7c191628
C 342
R
P 0x7f2a7c191628
P 0x7f2a7c19f988
C 260
R
P 0x7f2a7c191628
C 342
R
P 0x7f2a7c191628
P 0x7f2a7c19f988
C 259
R
P 0x7f2a7c191628
C 342
R
P 0x7f2a7c191628
P 0x7f2a7c19f988
C 258
R
P 0x7f2a7c191628
C 342
R
P 0x7f2a7c191628
P 0x7f2a7c19f988
C 9
R
P 0x7f2a7c191628
C 342
R
P 0x7f2a7c191628
U 2
P 0x7f2a7c19f988
P 0x7f2a7c19bb48
p 2
C 65
= 0x7f2a7c4872e8
R
P 0x7f2a7c191628
C 342
R
P 0x7f2a7c191628
P 0x7f2a7c4872e8
C 257
R
P 0x7f2a7c191628
C 342
R
P 0x7f2a7c191628
P 0x7f2a7c4872e8
C 254
= 0x7f2a7c19b1e8
R
P 0x7f2a7c191628
C 342
R
P 0x7f2a7c191628
P 0x7f2a7c19b1e8
C 209
R
P 0x7f2a7c191628
C 342
R
P 0x7f2a7c191628
P 0x7f2a7c4872e8
C 260
R
P 0x7f2a7c191628
C 342
R
P 0x7f2a7c191628
P 0x7f2a7c4872e8
C 259
R
P 0x7f2a7c191628
C 342
R
P 0x7f2a7c191628
P 0x7f2a7c4872e8
C 258
R
P 0x7f2a7c191628
C 342
R
P 0x7f2a7c191628
P 0x7f2a7c4872e8
C 9
R
P 0x7f2a7c191628
C 342
R
P 0x7f2a7c191628
P 0x7f2a7c19bc68
C 333
R
P 0x7f2a7c191628
C 342
R
P 0x7f2a7c191628
S "slotflowPriorityStart"
C 30
R
P 0x7f2a7c191628
C 342
R
P 0x7f2a7c191628
$ |slotflowPriorityStart|
C 202
R
P 0x7f2a7c191628
C 342
R
P 0x7f2a7c191628
$ |slotflowPriorityStart|
P 0x7f2a7c19b1e8
C 51
= 0x7f2a7c19c2a8
R
P 0x7f2a7c191628
C 342
R
P 0x7f2a7c191628
P 0x7f2a7c19c2a8
C 257
R
P 0x7f2a7c191628
C 342
R
P 0x7f2a7c191628
P 0x7f2a7c19c2a8
C 254
= 0x7f2a7c19b1e8
R
P 0x7f2a7c191628
C 342
R
P 0x7f2a7c191628
P 0x7f2a7c19b1e8
C 209
R
P 0x7f2a7c191628
C 342
R
P 0x7f2a7c191628
P 0x7f2a7c19c2a8
C 260
R
P 0x7f2a7c191628
C 342
R
P 0x7f2a7c191628
P 0x7f2a7c19c2a8
C 259
R
P 0x7f2a7c191628
C 342
R
P 0x7f2a7c191628
P 0x7f2a7c19c2a8
C 258
R
P 0x7f2a7c191628
C 342
R
P 0x7f2a7c191628
P 0x7f2a7c19c2a8
C 9
R
P 0x7f2a7c191628
C 342
R
P 0x7f2a7c191628
P 0x7f2a7c19bc68
C 333
R
P 0x7f2a7c191628
C 342
R
P 0x7f2a7c191628
S "slotflowPriorityDuration"
C 30
R
P 0x7f2a7c191628
C 342
R
P 0x7f2a7c191628
$ |slotflowPriorityDuration|
C 202
R
P 0x7f2a7c191628
C 342
R
P 0x7f2a7c191628
$ |slotflowPriorityDuration|
P 0x7f2a7c19b1e8
C 51
= 0x7f2a7c19c268
R
P 0x7f2a7c191628
C 342
R
P 0x7f2a7c191628
P 0x7f2a7c19c268
C 257
R
P 0x7f2a7c191628
C 342
R
P 0x7f2a7c191628
P 0x7f2a7c19c268
C 254
= 0x7f2a7c19b1e8
R
P 0x7f2a7c191628
C 342
R
P 0x7f2a7c191628
P 0x7f2a7c19b1e8
C 209
R
P 0x7f2a7c191628
C 342
R
P 0x7f2a7c191628
P 0x7f2a7c19c268
C 260
R
P 0x7f2a7c191628
C 342
R
P 0x7f2a7c191628
P 0x7f2a7c19c268
C 259
R
P 0x7f2a7c191628
C 342
R
P 0x7f2a7c191628
P 0x7f2a7c19c268
C 258
R
P 0x7f2a7c191628
C 342
R
P 0x7f2a7c191628
P 0x7f2a7c19c268
C 9
R
P 0x7f2a7c191628
C 342
R
P 0x7f2a7c191628
U 2
P 0x7f2a7c19c2a8
P 0x7f2a7c19c268
p 2
C 65
= 0x7f2a7c487908
R
P 0x7f2a7c191628
C 342
R
P 0x7f2a7c191628
P 0x7f2a7c487908
C 257
R
P 0x7f2a7c191628
C 342
R
P 0x7f2a7c191628
P 0x7f2a7c487908
C 254
= 0x7f2a7c19b1e8
R
P 0x7f2a7c191628
C 342
R
P 0x7f2a7c191628
P 0x7f2a7c19b1e8
C 209
R
P 0x7f2a7c191628
C 342
R
P 0x7f2a7c191628
P 0x7f2a7c487908
C 260
R
P 0x7f2a7c191628
C 342
R
P 0x7f2a7c191628
P 0x7f2a7c487908
C 259
R
P 0x7f2a7c191628
C 342
R
P 0x7f2a7c191628
P 0x7f2a7c487908
C 258
R
P 0x7f2a7c191628
C 342
R
P 0x7f2a7c191628
P 0x7f2a7c487908
C 9
R
P 0x7f2a7c191628
C 342
R
P 0x7f2a7c191628
I 0
P 0x7f2a7c19b208
C 150
= 0x7f2a7c19bd08
R
P 0x7f2a7c191628
C 342
R
P 0x7f2a7c191628
P 0x7f2a7c19bd08
C 258
R
P 0x7f2a7c191628
C 342
R
P 0x7f2a7c191628
P 0x7f2a7c19bd08
C 9
R
P 0x7f2a7c191628
C 342
R
P 0x7f2a7c191628
I 1
P 0x7f2a7c19b208
C 150
= 0x7f2a7c19bc88
R
P 0x7f2a7c191628
C 342
R
P 0x7f2a7c191628
P 0x7f2a7c19bc88
C 258
R
P 0x7f2a7c191628
C 342
R
P 0x7f2a7c191628
P 0x7f2a7c19bc88
C 9
R
P 0x7f2a7c191628
C 342
R
P 0x7f2a7c191628
P 0x7f2a7c19bd08
P 0x7f2a7c19bc88
C 75
= 0x7f2a7c486fa0
R
P 0x7f2a7c191628
C 342
R
P 0x7f2a7c191628
P 0x7f2a7c486fa0
C 258
R
P 0x7f2a7c191628
C 342
R
P 0x7f2a7c191628
P 0x7f2a7c486fa0
C 9
R
P 0x7f2a7c191628
C 342
R
P 0x7f2a7c191628
I 1
P 0x7f2a7c19b208
C 150
= 0x7f2a7c19bc88
R
P 0x7f2a7c191628
C 342
R
P 0x7f2a7c191628
P 0x7f2a7c19bc88
C 258
R
P 0x7f2a7c191628
C 342
R
P 0x7f2a7c191628
P 0x7f2a7c19bc88
C 9
R
P 0x7f2a7c191628
C 342
R
P 0x7f2a7c191628
U 2
P 0x7f2a7c19bd08
P 0x7f2a7c19bc88
p 2
C 67
= 0x7f2a7c486fd8
R
P 0x7f2a7c191628
C 342
R
P 0x7f2a7c191628
P 0x7f2a7c486fd8
C 257
R
P 0x7f2a7c191628
C 342
R
P 0x7f2a7c191628
P 0x7f2a7c486fd8
C 254
= 0x7f2a7c19b208
R
P 0x7f2a7c191628
C 342
R
P 0x7f2a7c191628
P 0x7f2a7c19b208
C 209
R
P 0x7f2a7c191628
C 342
R
P 0x7f2a7c191628
P 0x7f2a7c486fd8
C 260
R
P 0x7f2a7c191628
C 342
R
P 0x7f2a7c191628
P 0x7f2a7c486fd8
C 259
R
P 0x7f2a7c191628
C 342
R
P 0x7f2a7c191628
P 0x7f2a7c486fd8
C 258
R
P 0x7f2a7c191628
C 342
R
P 0x7f2a7c191628
P 0x7f2a7c486fd8
C 9
R
P 0x7f2a7c191628
C 342
R
P 0x7f2a7c191628
U 2
P 0x7f2a7c19bbe8
P 0x7f2a7c486fd8
p 2
C 66
= 0x7f2a7c487940
R
P 0x7f2a7c191628
C 342
R
P 0x7f2a7c191628
P 0x7f2a7c487940
C 257
R
P 0x7f2a7c191628
C 342
R
P 0x7f2a7c191628
P 0x7f2a7c487940
C 254
= 0x7f2a7c19b208
R
P 0x7f2a7c191628
C 342
R
P 0x7f2a7c191628
P 0x7f2a7c19b208
C 209
R
P 0x7f2a7c191628
C 342
R
P 0x7f2a7c191628
P 0x7f2a7c487940
C 260
R
P 0x7f2a7c191628
C 342
R
P 0x7f2a7c191628
P 0x7f2a7c487940
C 259
R
P 0x7f2a7c191628
C 342
R
P 0x7f2a7c191628
P 0x7f2a7c487940
C 258
R
P 0x7f2a7c191628
C 342
R
P 0x7f2a7c191628
P 0x7f2a7c487940
C 9
R
P 0x7f2a7c191628
C 342
R
P 0x7f2a7c191628
U 2
P 0x7f2a7c19bb88
P 0x7f2a7c487940
p 2
C 65
= 0x7f2a7c487978
R
P 0x7f2a7c191628
C 342
R
P 0x7f2a7c191628
P 0x7f2a7c487978
C 257
R
P 0x7f2a7c191628
C 342
R
P 0x7f2a7c191628
P 0x7f2a7c487978
C 254
= 0x7f2a7c19b1e8
R
P 0x7f2a7c191628
C 342
R
P 0x7f2a7c191628
P 0x7f2a7c19b1e8
C 209
R
P 0x7f2a7c191628
C 342
R
P 0x7f2a7c191628
P 0x7f2a7c487978
C 260
R
P 0x7f2a7c191628
C 342
R
P 0x7f2a7c191628
P 0x7f2a7c487978
C 259
R
P 0x7f2a7c191628
C 342
R
P 0x7f2a7c191628
P 0x7f2a7c487978
C 258
R
P 0x7f2a7c191628
C 342
R
P 0x7f2a7c191628
P 0x7f2a7c487978
C 9
R
P 0x7f2a7c191628
C 342
R
P 0x7f2a7c191628
P 0x7f2a7c486fa0
P 0x7f2a7c487978
P 0x7f2a7c19bb88
C 59
= 0x7f2a7c19fa08
R
P 0x7f2a7c191628
C 342
R
P 0x7f2a7c191628
P 0x7f2a7c19fa08
C 257
R
P 0x7f2a7c191628
C 342
R
P 0x7f2a7c191628
P 0x7f2a7c19fa08
C 254
= 0x7f2a7c19b1e8
R
P 0x7f2a7c191628
C 342
R
P 0x7f2a7c191628
P 0x7f2a7c19b1e8
C 209
R
P 0x7f2a7c191628
C 342
R
P 0x7f2a7c191628
P 0x7f2a7c19fa08
C 260
R
P 0x7f2a7c191628
C 342
R
P 0x7f2a7c191628
P 0x7f2a7c19fa08
C 259
R
P 0x7f2a7c191628
C 342
R
P 0x7f2a7c191628
P 0x7f2a7c19fa08
C 258
R
P 0x7f2a7c191628
C 342
R
P 0x7f2a7c191628
P 0x7f2a7c19fa08
C 9
R
P 0x7f2a7c191628
C 342
R
P 0x7f2a7c191628
U 2
P 0x7f2a7c487908
P 0x7f2a7c19fa08
p 2
C 65
= 0x7f2a7c4879b0
R
P 0x7f2a7c191628
C 342
R
P 0x7f2a7c191628
P 0x7f2a7c4879b0
C 257
R
P 0x7f2a7c191628
C 342
R
P 0x7f2a7c191628
P 0x7f2a7c4879b0
C 254
= 0x7f2a7c19b1e8
R
P 0x7f2a7c191628
C 342
R
P 0x7f2a7c191628
P 0x7f2a7c19b1e8
C 209
R
P 0x7f2a7c191628
C 342
R
P 0x7f2a7c191628
P 0x7f2a7c4879b0
C 260
R
P 0x7f2a7c191628
C 342
R
P 0x7f2a7c191628
P 0x7f2a7c4879b0
C 259
R
P 0x7f2a7c191628
C 342
R
P 0x7f2a7c191628
P 0x7f2a7c4879b0
C 258
R
P 0x7f2a7c191628
C 342
R
P 0x7f2a7c191628
P 0x7f2a7c4879b0
C 9
R
P 0x7f2a7c191628
C 342
R
P 0x7f2a7c191628
U 2
P 0x7f2a7c4879b0
P 0x7f2a7c19bb68
p 2
C 67
= 0x7f2a7c4879e8
R
P 0x7f2a7c191628
C 342
R
P 0x7f2a7c191628
P 0x7f2a7c4879e8
C 257
R
P 0x7f2a7c191628
C 342
R
P 0x7f2a7c191628
P 0x7f2a7c4879e8
C 254
= 0x7f2a7c19b1e8
R
P 0x7f2a7c191628
C 342
R
P 0x7f2a7c191628
P 0x7f2a7c19b1e8
C 209
R
P 0x7f2a7c191628
C 342
R
P 0x7f2a7c191628
P 0x7f2a7c4879e8
C 260
R
P 0x7f2a7c191628
C 342
R
P 0x7f2a7c191628
P 0x7f2a7c4879e8
C 259
R
P 0x7f2a7c191628
C 342
R
P 0x7f2a7c191628
P 0x7f2a7c4879e8
C 258
R
P 0x7f2a7c191628
C 342
R
P 0x7f2a7c191628
P 0x7f2a7c4879e8
C 9
R
P 0x7f2a7c191628
C 342
R
P 0x7f2a7c191628
P 0x7f2a7c4872e8
P 0x7f2a7c4879e8
C 75
= 0x7f2a7c48d4a0
R
P 0x7f2a7c191628
C 342
R
P 0x7f2a7c191628
P 0x7f2a7c48d4a0
C 258
R
P 0x7f2a7c191628
C 342
R
P 0x7f2a7c191628
P 0x7f2a7c48d4a0
C 9
R
P 0x7f2a7c191628
C 342
R
P 0x7f2a7c191628
I 3
P 0x7f2a7c19b208
C 150
= 0x7f2a7c19bfc8
R
P 0x7f2a7c191628
C 342
R
P 0x7f2a7c191628
P 0x7f2a7c19bfc8
C 258
R
P 0x7f2a7c191628
C 342
R
P 0x7f2a7c191628
P 0x7f2a7c19bfc8
C 9
R
P 0x7f2a7c191628
C 342
R
P 0x7f2a7c191628
I 1
P 0x7f2a7c19b208
C 150
= 0x7f2a7c19bc88
R
P 0x7f2a7c191628
C 342
R
P 0x7f2a7c191628
P 0x7f2a7c19bc88
C 258
R
P 0x7f2a7c191628
C 342
R
P 0x7f2a7c191628
P 0x7f2a7c19bc88
C 9
R
P 0x7f2a7c191628
C 342
R
P 0x7f2a7c191628
P 0x7f2a7c19bfc8
P 0x7f2a7c19bc88
C 75
= 0x7f2a7c487208
R
P 0x7f2a7c191628
C 342
R
P 0x7f2a7c191628
P 0x7f2a7c487208
C 258
R
P 0x7f2a7c191628
C 342
R
P 0x7f2a7c191628
P 0x7f2a7c487208
C 9
R
P 0x7f2a7c191628
C 342
R
P 0x7f2a7c191628
I 1
P 0x7f2a7c19b208
C 150
= 0x7f2a7c19bc88
R
P 0x7f2a7c191628
C 342
R
P 0x7f2a7c191628
P 0x7f2a7c19bc88
C 258
R
P 0x7f2a7c191628
C 342
R
P 0x7f2a7c191628
P 0x7f2a7c19bc88
C 9
R
P 0x7f2a7c191628
C 342
R
P 0x7f2a7c191628
U 2
P 0x7f2a7c19bfc8
P 0x7f2a7c19bc88
p 2
C 67
= 0x7f2a7c487240
R
P 0x7f2a7c191628
C 342
R
P 0x7f2a7c191628
P 0x7f2a7c487240
C 257
R
P 0x7f2a7c191628
C 342
R
P 0x7f2a7c191628
P 0x7f2a7c487240
C 254
= 0x7f2a7c19b208
R
P 0x7f2a7c191628
C 342
R
P 0x7f2a7c191628
P 0x7f2a7c19b208
C 209
R
P 0x7f2a7c191628
C 342
R
P 0x7f2a7c191628
P 0x7f2a7c487240
C 260
R
P 0x7f2a7c191628
C 342
R
P 0x7f2a7c191628
P 0x7f2a7c487240
C 259
R
P 0x7f2a7c191628
C 342
R
P 0x7f2a7c191628
P 0x7f2a7c487240
C 258
R
P 0x7f2a7c191628
C 342
R
P 0x7f2a7c191628
P 0x7f2a7c487240
C 9
R
P 0x7f2a7c191628
C 342
R
P 0x7f2a7c191628
U 2
P 0x7f2a7c19bba8
P 0x7f2a7c487240
p 2
C 66
= 0x7f2a7c487278
R
P 0x7f2a7c191628
C 342
R
P 0x7f2a7c191628
P 0x7f2a7c487278
C 257
R
P 0x7f2a7c191628
C 342
R
P 0x7f2a7c191628
P 0x7f2a7c487278
C 254
= 0x7f2a7c19b1e8
R
P 0x7f2a7c191628
C 342
R
P 0x7f2a7c191628
P 0x7f2a7c19b1e8
C 209
R
P 0x7f2a7c191628
C 342
R
P 0x7f2a7c191628
P 0x7f2a7c487278
C 260
R
P 0x7f2a7c191628
C 342
R
P 0x7f2a7c191628
P 0x7f2a7c487278
C 259
R
P 0x7f2a7c191628
C 342
R
P 0x7f2a7c191628
P 0x7f2a7c487278
C 258
R
P 0x7f2a7c191628
C 342
R
P 0x7f2a7c191628
P 0x7f2a7c487278
C 9
R
P 0x7f2a7c191628
C 342
R
P 0x7f2a7c191628
U 2
P 0x7f2a7c19bc28
P 0x7f2a7c487278
p 2
C 65
= 0x7f2a7c4872b0
R
P 0x7f2a7c191628
C 342
R
P 0x7f2a7c191628
P 0x7f2a7c4872b0
C 257
R
P 0x7f2a7c191628
C 342
R
P 0x7f2a7c191628
P 0x7f2a7c4872b0
C 254
= 0x7f2a7c19b1e8
R
P 0x7f2a7c191628
C 342
R
P 0x7f2a7c191628
P 0x7f2a7c19b1e8
C 209
R
P 0x7f2a7c191628
C 342
R
P 0x7f2a7c191628
P 0x7f2a7c4872b0
C 260
R
P 0x7f2a7c191628
C 342
R
P 0x7f2a7c191628
P 0x7f2a7c4872b0
C 259
R
P 0x7f2a7c191628
C 342
R
P 0x7f2a7c191628
P 0x7f2a7c4872b0
C 258
R
P 0x7f2a7c191628
C 342
R
P 0x7f2a7c191628
P 0x7f2a7c4872b0
C 9
R
P 0x7f2a7c191628
C 342
R
P 0x7f2a7c191628
P 0x7f2a7c487208
P 0x7f2a7c4872b0
P 0x7f2a7c19bc28
C 59
= 0x7f2a7c19f988
R
P 0x7f2a7c191628
C 342
R
P 0x7f2a7c191628
P 0x7f2a7c19f988
C 257
R
P 0x7f2a7c191628
C 342
R
P 0x7f2a7c191628
P 0x7f2a7c19f988
C 254
= 0x7f2a7c19b1e8
R
P 0x7f2a7c191628
C 342
R
P 0x7f2a7c191628
P 0x7f2a7c19b1e8
C 209
R
P 0x7f2a7c191628
C 342
R
P 0x7f2a7c191628
P 0x7f2a7c19f988
C 260
R
P 0x7f2a7c191628
C 342
R
P 0x7f2a7c191628
P 0x7f2a7c19f988
C 259
R
P 0x7f2a7c191628
C 342
R
P 0x7f2a7c191628
P 0x7f2a7c19f988
C 258
R
P 0x7f2a7c191628
C 342
R
P 0x7f2a7c191628
P 0x7f2a7c19f988
C 9
R
P 0x7f2a7c191628
C 342
R
P 0x7f2a7c191628
U 2
P 0x7f2a7c19f988
P 0x7f2a7c19bb48
p 2
C 65
= 0x7f2a7c4872e8
R
P 0x7f2a7c191628
C 342
R
P 0x7f2a7c191628
P 0x7f2a7c4872e8
C 257
R
P 0x7f2a7c191628
C 342
R
P 0x7f2a7c191628
P 0x7f2a7c4872e8
C 254
= 0x7f2a7c19b1e8
R
P 0x7f2a7c191628
C 342
R
P 0x7f2a7c191628
P 0x7f2a7c19b1e8
C 209
R
P 0x7f2a7c191628
C 342
R
P 0x7f2a7c191628
P 0x7f2a7c4872e8
C 260
R
P 0x7f2a7c191628
C 342
R
P 0x7f2a7c191628
P 0x7f2a7c4872e8
C 259
R
P 0x7f2a7c191628
C 342
R
P 0x7f2a7c191628
P 0x7f2a7c4872e8
C 258
R
P 0x7f2a7c191628
C 342
R
P 0x7f2a7c191628
P 0x7f2a7c4872e8
C 9
R
P 0x7f2a7c191628
C 342
R
P 0x7f2a7c191628
I 0
P 0x7f2a7c19b208
C 150
= 0x7f2a7c19bd08
R
P 0x7f2a7c191628
C 342
R
P 0x7f2a7c191628
P 0x7f2a7c19bd08
C 258
R
P 0x7f2a7c191628
C 342
R
P 0x7f2a7c191628
P 0x7f2a7c19bd08
C 9
R
P 0x7f2a7c191628
C 342
R
P 0x7f2a7c191628
I 1
P 0x7f2a7c19b208
C 150
= 0x7f2a7c19bc88
R
P 0x7f2a7c191628
C 342
R
P 0x7f2a7c191628
P 0x7f2a7c19bc88
C 258
R
P 0x7f2a7c191628
C 342
R
P 0x7f2a7c191628
P 0x7f2a7c19bc88
C 9
R
P 0x7f2a7c191628
C 342
R
P 0x7f2a7c191628
P 0x7f2a7c19bd08
P 0x7f2a7c19bc88
C 75
= 0x7f2a7c486fa0
R
P 0x7f2a7c191628
C 342
R
P 0x7f2a7c191628
P 0x7f2a7c486fa0
C 258
R
P 0x7f2a7c191628
C 342
R
P 0x7f2a7c191628
P 0x7f2a7c486fa0
C 9
R
P 0x7f2a7c191628
C 342
R
P 0x7f2a7c191628
I 1
P 0x7f2a7c19b208
C 150
= 0x7f2a7c19bc88
R
P 0x7f2a7c191628
C 342
R
P 0x7f2a7c191628
P 0x7f2a7c19bc88
C 258
R
P 0x7f2a7c191628
C 342
R
P 0x7f2a7c191628
P 0x7f2a7c19bc88
C 9
R
P 0x7f2a7c191628
C 342
R
P 0x7f2a7c191628
U 2
P 0x7f2a7c19bd08
P 0x7f2a7c19bc88
p 2
C 67
= 0x7f2a7c486fd8
R
P 0x7f2a7c191628
C 342
R
P 0x7f2a7c191628
P 0x7f2a7c486fd8
C 257
R
P 0x7f2a7c191628
C 342
R
P 0x7f2a7c191628
P 0x7f2a7c486fd8
C 254
= 0x7f2a7c19b208
R
P 0x7f2a7c191628
C 342
R
P 0x7f2a7c191628
P 0x7f2a7c19b208
C 209
R
P 0x7f2a7c191628
C 342
R
P 0x7f2a7c191628
P 0x7f2a7c486fd8
C 260
R
P 0x7f2a7c191628
C 342
R
P 0x7f2a7c191628
P 0x7f2a7c486fd8
C 259
R
P 0x7f2a7c191628
C 342
R
P 0x7f2a7c191628
P 0x7f2a7c486fd8
C 258
R
P 0x7f2a7c191628
C 342
R
P 0x7f2a7c191628
P 0x7f2a7c486fd8
C 9
R
P 0x7f2a7c191628
C 342
R
P 0x7f2a7c191628
U 2
P 0x7f2a7c19bbe8
P 0x7f2a7c486fd8
p 2
C 66
= 0x7f2a7c487940
R
P 0x7f2a7c191628
C 342
R
P 0x7f2a7c191628
P 0x7f2a7c487940
C 257
R
P 0x7f2a7c191628
C 342
R
P 0x7f2a7c191628
P 0x7f2a7c487940
C 254
= 0x7f2a7c19b208
R
P 0x7f2a7c191628
C 342
R
P 0x7f2a7c191628
P 0x7f2a7c19b208
C 209
R
P 0x7f2a7c191628
C 342
R
P 0x7f2a7c191628
P 0x7f2a7c487940
C 260
R
P 0x7f2a7c191628
C 342
R
P 0x7f2a7c191628
P 0x7f2a7c487940
C 259
R
P 0x7f2a7c191628
C 342
R
P 0x7f2a7c191628
P 0x7f2a7c487940
C 258
R
P 0x7f2a7c191628
C 342
R
P 0x7f2a7c191628
P 0x7f2a7c487940
C 9
R
P 0x7f2a7c191628
C 342
R
P 0x7f2a7c191628
U 2
P 0x7f2a7c19bb88
P 0x7f2a7c487940
p 2
C 65
= 0x7f2a7c487978
R
P 0x7f2a7c191628
C 342
R
P 0x7f2a7c191628
P 0x7f2a7c487978
C 257
R
P 0x7f2a7c191628
C 342
R
P 0x7f2a7c191628
P 0x7f2a7c487978
C 254
= 0x7f2a7c19b1e8
R
P 0x7f2a7c191628
C 342
R
P 0x7f2a7c191628
P 0x7f2a7c19b1e8
C 209
R
P 0x7f2a7c191628
C 342
R
P 0x7f2a7c191628
P 0x7f2a7c487978
C 260
R
P 0x7f2a7c191628
C 342
R
P 0x7f2a7c191628
P 0x7f2a7c487978
C 259
R
P 0x7f2a7c191628
C 342
R
P 0x7f2a7c191628
P 0x7f2a7c487978
C 258
R
P 0x7f2a7c191628
C 342
R
P 0x7f2a7c191628
P 0x7f2a7c487978
C 9
R
P 0x7f2a7c191628
C 342
R
P 0x7f2a7c191628
P 0x7f2a7c486fa0
P 0x7f2a7c487978
P 0x7f2a7c19bb88
C 59
= 0x7f2a7c19fa08
R
P 0x7f2a7c191628
C 342
R
P 0x7f2a7c191628
P 0x7f2a7c19fa08
C 257
R
P 0x7f2a7c191628
C 342
R
P 0x7f2a7c191628
P 0x7f2a7c19fa08
C 254
= 0x7f2a7c19b1e8
R
P 0x7f2a7c191628
C 342
R
P 0x7f2a7c191628
P 0x7f2a7c19b1e8
C 209
R
P 0x7f2a7c191628
C 342
R
P 0x7f2a7c191628
P 0x7f2a7c19fa08
C 260
R
P 0x7f2a7c191628
C 342
R
P 0x7f2a7c191628
P 0x7f2a7c19fa08
C 259
R
P 0x7f2a7c191628
C 342
R
P 0x7f2a7c191628
P 0x7f2a7c19fa08
C 258
R
P 0x7f2a7c191628
C 342
R
P 0x7f2a7c191628
P 0x7f2a7c19fa08
C 9
R
P 0x7f2a7c191628
C 342
R
P 0x7f2a7c191628
U 2
P 0x7f2a7c19fa08
P 0x7f2a7c19bbe8
p 2
C 65
= 0x7f2a7c48bdf8
R
P 0x7f2a7c191628
C 342
R
P 0x7f2a7c191628
P 0x7f2a7c48bdf8
C 257
R
P 0x7f2a7c191628
C 342
R
P 0x7f2a7c191628
P 0x7f2a7c48bdf8
C 254
= 0x7f2a7c19b1e8
R
P 0x7f2a7c191628
C 342
R
P 0x7f2a7c191628
P 0x7f2a7c19b1e8
C 209
R
P 0x7f2a7c191628
C 342
R
P 0x7f2a7c191628
P 0x7f2a7c48bdf8
C 260
R
P 0x7f2a7c191628
C 342
R
P 0x7f2a7c191628
P 0x7f2a7c48bdf8
C 259
R
P 0x7f2a7c191628
C 342
R
P 0x7f2a7c191628
P 0x7f2a7c48bdf8
C 258
R
P 0x7f2a7c191628
C 342
R
P 0x7f2a7c191628
P 0x7f2a7c48bdf8
C 9
R
P 0x7f2a7c191628
C 342
R
P 0x7f2a7c191628
P 0x7f2a7c4872e8
P 0x7f2a7c48bdf8
C 74
= 0x7f2a7c48d4d8
R
P 0x7f2a7c191628
C 342
R
P 0x7f2a7c191628
P 0x7f2a7c48d4d8
C 258
R
P 0x7f2a7c191628
C 342
R
P 0x7f2a7c191628
P 0x7f2a7c48d4d8
C 9
R
P 0x7f2a7c191628
C 342
R
P 0x7f2a7c191628
U 2
P 0x7f2a7c48d4a0
P 0x7f2a7c48d4d8
p 2
C 63
= 0x7f2a7c48d510
R
P 0x7f2a7c191628
C 342
R
P 0x7f2a7c191628
P 0x7f2a7c48d510
C 258
R
P 0x7f2a7c191628
C 342
R
P 0x7f2a7c191628
P 0x7f2a7c48d510
C 9
R
P 0x7f2a7c191628
C 342
R
P 0x7f2a7c191628
I 3
P 0x7f2a7c19b208
C 150
= 0x7f2a7c19bfc8
R
P 0x7f2a7c191628
C 342
R
P 0x7f2a7c191628
P 0x7f2a7c19bfc8
C 258
R
P 0x7f2a7c191628
C 342
R
P 0x7f2a7c191628
P 0x7f2a7c19bfc8
C 9
R
P 0x7f2a7c191628
C 342
R
P 0x7f2a7c191628
P 0x7f2a7c19bfc8
C 263
R
P 0x7f2a7c191628
C 342
R
P 0x7f2a7c191628
S "dev0T33"
C 30
R
P 0x7f2a7c191628
C 342
R
P 0x7f2a7c191628
$ |dev0T33|
C 202
R
P 0x7f2a7c191628
C 342
R
P 0x7f2a7c191628
$ |dev0T33|
P 0x7f2a7c19b1e8
C 51
= 0x7f2a7c19c228
R
P 0x7f2a7c191628
C 342
R
P 0x7f2a7c191628
P 0x7f2a7c19c228
C 257
R
P 0x7f2a7c191628
C 342
R
P 0x7f2a7c191628
P 0x7f2a7c19c228
C 254
= 0x7f2a7c19b1e8
R
P 0x7f2a7c191628
C 342
R
P 0x7f2a7c191628
P 0x7f2a7c19b1e8
C 209
R
P 0x7f2a7c191628
C 342
R
P 0x7f2a7c191628
P 0x7f2a7c19c228
C 260
R
P 0x7f2a7c191628
C 342
R
P 0x7f2a7c191628
P 0x7f2a7c19c228
C 259
R
P 0x7f2a7c191628
C 342
R
P 0x7f2a7c191628
P 0x7f2a7c19c228
C 258
R
P 0x7f2a7c191628
C 342
R
P 0x7f2a7c191628
P 0x7f2a7c19c228
C 9
R
P 0x7f2a7c191628
C 342
R
P 0x7f2a7c191628
P 0x7f2a7c19bc68
C 333
R
P 0x7f2a7c191628
C 342
R
P 0x7f2a7c191628
S "slotflowPriorityStart"
C 30
R
P 0x7f2a7c191628
C 342
R
P 0x7f2a7c191628
$ |slotflowPriorityStart|
C 202
R
P 0x7f2a7c191628
C 342
R
P 0x7f2a7c191628
$ |slotflowPriorityStart|
P 0x7f2a7c19b1e8
C 51
= 0x7f2a7c19c2a8
R
P 0x7f2a7c191628
C 342
R
P 0x7f2a7c191628
P 0x7f2a7c19c2a8
C 257
R
P 0x7f2a7c191628
C 342
R
P 0x7f2a7c191628
P 0x7f2a7c19c2a8
C 254
= 0x7f2a7c19b1e8
R
P 0x7f2a7c191628
C 342
R
P 0x7f2a7c191628
P 0x7f2a7c19b1e8
C 209
R
P 0x7f2a7c191628
C 342
R
P 0x7f2a7c191628
P 0x7f2a7c19c2a8
C 260
R
P 0x7f2a7c191628
C 342
R
P 0x7f2a7c191628
P 0x7f2a7c19c2a8
C 259
R
P 0x7f2a7c191628
C 342
R
P 0x7f2a7c191628
P 0x7f2a7c19c2a8
C 258
R
P 0x7f2a7c191628
C 342
R
P 0x7f2a7c191628
P 0x7f2a7c19c2a8
C 9
R
P 0x7f2a7c191628
C 342
R
P 0x7f2a7c191628
P 0x7f2a7c19bc68
C 333
R
P 0x7f2a7c191628
C 342
R
P 0x7f2a7c191628
S "slotflowPriorityDuration"
C 30
R
P 0x7f2a7c191628
C 342
R
P 0x7f2a7c191628
$ |slotflowPriorityDuration|
C 202
R
P 0x7f2a7c191628
C 342
R
P 0x7f2a7c191628
$ |slotflowPriorityDuration|
P 0x7f2a7c19b1e8
C 51
= 0x7f2a7c19c268
R
P 0x7f2a7c191628
C 342
R
P 0x7f2a7c191628
P 0x7f2a7c19c268
C 257
R
P 0x7f2a7c191628
C 342
R
P 0x7f2a7c191628
P 0x7f2a7c19c268
C 254
= 0x7f2a7c19b1e8
R
P 0x7f2a7c191628
C 342
R
P 0x7f2a7c191628
P 0x7f2a7c19b1e8
C 209
R
P 0x7f2a7c191628
C 342
R
P 0x7f2a7c191628
P 0x7f2a7c19c268
C 260
R
P 0x7f2a7c191628
C 342
R
P 0x7f2a7c191628
P 0x7f2a7c19c268
C 259
R
P 0x7f2a7c191628
C 342
R
P 0x7f2a7c191628
P 0x7f2a7c19c268
C 258
R
P 0x7f2a7c191628
C 342
R
P 0x7f2a7c191628
P 0x7f2a7c19c268
C 9
R
P 0x7f2a7c191628
C 342
R
P 0x7f2a7c191628
U 2
P 0x7f2a7c19c2a8
P 0x7f2a7c19c268
p 2
C 65
= 0x7f2a7c487908
R
P 0x7f2a7c191628
C 342
R
P 0x7f2a7c191628
P 0x7f2a7c487908
C 257
R
P 0x7f2a7c191628
C 342
R
P 0x7f2a7c191628
P 0x7f2a7c487908
C 254
= 0x7f2a7c19b1e8
R
P 0x7f2a7c191628
C 342
R
P 0x7f2a7c191628
P 0x7f2a7c19b1e8
C 209
R
P 0x7f2a7c191628
C 342
R
P 0x7f2a7c191628
P 0x7f2a7c487908
C 260
R
P 0x7f2a7c191628
C 342
R
P 0x7f2a7c191628
P 0x7f2a7c487908
C 259
R
P 0x7f2a7c191628
C 342
R
P 0x7f2a7c191628
P 0x7f2a7c487908
C 258
R
P 0x7f2a7c191628
C 342
R
P 0x7f2a7c191628
P 0x7f2a7c487908
C 9
R
P 0x7f2a7c191628
C 342
R
P 0x7f2a7c191628
I 1
P 0x7f2a7c19b208
C 150
= 0x7f2a7c19bc88
R
P 0x7f2a7c191628
C 342
R
P 0x7f2a7c191628
P 0x7f2a7c19bc88
C 258
R
P 0x7f2a7c191628
C 342
R
P 0x7f2a7c191628
P 0x7f2a7c19bc88
C 9
R
P 0x7f2a7c191628
C 342
R
P 0x7f2a7c191628
I 1
P 0x7f2a7c19b208
C 150
= 0x7f2a7c19bc88
R
P 0x7f2a7c191628
C 342
R
P 0x7f2a7c191628
P 0x7f2a7c19bc88
C 258
R
P 0x7f2a7c191628
C 342
R
P 0x7f2a7c191628
P 0x7f2a7c19bc88
C 9
R
P 0x7f2a7c191628
C 342
R
P 0x7f2a7c191628
P 0x7f2a7c19bc88
P 0x7f2a7c19bc88
C 75
= 0x7f2a7c1a1778
R
P 0x7f2a7c191628
C 342
R
P 0x7f2a7c191628
P 0x7f2a7c1a1778
C 258
R
P 0x7f2a7c191628
C 342
R
P 0x7f2a7c191628
P 0x7f2a7c1a1778
C 9
R
P 0x7f2a7c191628
C 342
R
P 0x7f2a7c191628
I 1
P 0x7f2a7c19b208
C 150
= 0x7f2a7c19bc88
R
P 0x7f2a7c191628
C 342
R
P 0x7f2a7c191628
P 0x7f2a7c19bc88
C 258
R
P 0x7f2a7c191628
C 342
R
P 0x7f2a7c191628
P 0x7f2a7c19bc88
C 9
R
P 0x7f2a7c191628
C 342
R
P 0x7f2a7c191628
U 2
P 0x7f2a7c19bc88
P 0x7f2a7c19bc88
p 2
C 67
= 0x7f2a7c1a17b0
R
P 0x7f2a7c191628
C 342
R
P 0x7f2a7c191628
P 0x7f2a7c1a17b0
C 257
R
P 0x7f2a7c191628
C 342
R
P 0x7f2a7c191628
P 0x7f2a7c1a17b0
C 254
= 0x7f2a7c19b208
R
P 0x7f2a7c191628
C 342
R
P 0x7f2a7c191628
P 0x7f2a7c19b208
C 209
R
P 0x7f2a7c191628
C 342
R
P 0x7f2a7c191628
P 0x7f2a7c1a17b0
C 260
R
P 0x7f2a7c191628
C 342
R
P 0x7f2a7c191628
P 0x7f2a7c1a17b0
C 259
R
P 0x7f2a7c191628
C 342
R
P 0x7f2a7c191628
P 0x7f2a7c1a17b0
C 258
R
P 0x7f2a7c191628
C 342
R
P 0x7f2a7c191628
P 0x7f2a7c1a17b0
C 9
R
P 0x7f2a7c191628
C 342
R
P 0x7f2a7c191628
U 2
P 0x7f2a7c19bbe8
P 0x7f2a7c1a17b0
p 2
C 66
= 0x7f2a7c487b70
R
P 0x7f2a7c191628
C 342
R
P 0x7f2a7c191628
P 0x7f2a7c487b70
C 257
R
P 0x7f2a7c191628
C 342
R
P 0x7f2a7c191628
P 0x7f2a7c487b70
C 254
= 0x7f2a7c19b208
R
P 0x7f2a7c191628
C 342
R
P 0x7f2a7c191628
P 0x7f2a7c19b208
C 209
R
P 0x7f2a7c191628
C 342
R
P 0x7f2a7c191628
P 0x7f2a7c487b70
C 260
R
P 0x7f2a7c191628
C 342
R
P 0x7f2a7c191628
P 0x7f2a7c487b70
C 259
R
P 0x7f2a7c191628
C 342
R
P 0x7f2a7c191628
P 0x7f2a7c487b70
C 258
R
P 0x7f2a7c191628
C 342
R
P 0x7f2a7c191628
P 0x7f2a7c487b70
C 9
R
P 0x7f2a7c191628
C 342
R
P 0x7f2a7c191628
U 2
P 0x7f2a7c19bb88
P 0x7f2a7c487b70
p 2
C 65
= 0x7f2a7c487ba8
R
P 0x7f2a7c191628
C 342
R
P 0x7f2a7c191628
P 0x7f2a7c487ba8
C 257
R
P 0x7f2a7c191628
C 342
R
P 0x7f2a7c191628
P 0x7f2a7c487ba8
C 254
= 0x7f2a7c19b1e8
R
P 0x7f2a7c191628
C 342
R
P 0x7f2a7c191628
P 0x7f2a7c19b1e8
C 209
R
P 0x7f2a7c191628
C 342
R
P 0x7f2a7c191628
P 0x7f2a7c487ba8
C 260
R
P 0x7f2a7c191628
C 342
R
P 0x7f2a7c191628
P 0x7f2a7c487ba8
C 259
R
P 0x7f2a7c191628
C 342
R
P 0x7f2a7c191628
P 0x7f2a7c487ba8
C 258
R
P 0x7f2a7c191628
C 342
R
P 0x7f2a7c191628
P 0x7f2a7c487ba8
C 9
R
P 0x7f2a7c191628
C 342
R
P 0x7f2a7c191628
P 0x7f2a7c1a1778
P 0x7f2a7c487ba8
P 0x7f2a7c19bb88
C 59
= 0x7f2a7c19fa48
R
P 0x7f2a7c191628
C 342
R
P 0x7f2a7c191628
P 0x7f2a7c19fa48
C 257
R
P 0x7f2a7c191628
C 342
R
P 0x7f2a7c191628
P 0x7f2a7c19fa48
C 254
= 0x7f2a7c19b1e8
R
P 0x7f2a7c191628
C 342
R
P 0x7f2a7c191628
P 0x7f2a7c19b1e8
C 209
R
P 0x7f2a7c191628
C 342
R
P 0x7f2a7c191628
P 0x7f2a7c19fa48
C 260
R
P 0x7f2a7c191628
C 342
R
P 0x7f2a7c191628
P 0x7f2a7c19fa48
C 259
R
P 0x7f2a7c191628
C 342
R
P 0x7f2a7c191628
P 0x7f2a7c19fa48
C 258
R
P 0x7f2a7c191628
C 342
R
P 0x7f2a7c191628
P 0x7f2a7c19fa48
C 9
R
P 0x7f2a7c191628
C 342
R
P 0x7f2a7c191628
U 2
P 0x7f2a7c487908
P 0x7f2a7c19fa48
p 2
C 65
= 0x7f2a7c487be0
R
P 0x7f2a7c191628
C 342
R
P 0x7f2a7c191628
P 0x7f2a7c487be0
C 257
R
P 0x7f2a7c191628
C 342
R
P 0x7f2a7c191628
P 0x7f2a7c487be0
C 254
= 0x7f2a7c19b1e8
R
P 0x7f2a7c191628
C 342
R
P 0x7f2a7c191628
P 0x7f2a7c19b1e8
C 209
R
P 0x7f2a7c191628
C 342
R
P 0x7f2a7c191628
P 0x7f2a7c487be0
C 260
R
P 0x7f2a7c191628
C 342
R
P 0x7f2a7c191628
P 0x7f2a7c487be0
C 259
R
P 0x7f2a7c191628
C 342
R
P 0x7f2a7c191628
P 0x7f2a7c487be0
C 258
R
P 0x7f2a7c191628
C 342
R
P 0x7f2a7c191628
P 0x7f2a7c487be0
C 9
R
P 0x7f2a7c191628
C 342
R
P 0x7f2a7c191628
P 0x7f2a7c19c228
P 0x7f2a7c487be0
C 74
= 0x7f2a7c48b0d8
R
P 0x7f2a7c191628
C 342
R
P 0x7f2a7c191628
P 0x7f2a7c48b0d8
C 258
R
P 0x7f2a7c191628
C 342
R
P 0x7f2a7c191628
P 0x7f2a7c48b0d8
C 9
R
P 0x7f2a7c191628
C 342
R
P 0x7f2a7c191628
I 3
P 0x7f2a7c19b208
C 150
= 0x7f2a7c19bfc8
R
P 0x7f2a7c191628
C 342
R
P 0x7f2a7c191628
P 0x7f2a7c19bfc8
C 258
R
P 0x7f2a7c191628
C 342
R
P 0x7f2a7c191628
P 0x7f2a7c19bfc8
C 9
R
P 0x7f2a7c191628
C 342
R
P 0x7f2a7c191628
P 0x7f2a7c19bfc8
C 263
R
P 0x7f2a7c191628
C 342
R
P 0x7f2a7c191628
S "dev0T33"
C 30
R
P 0x7f2a7c191628
C 342
R
P 0x7f2a7c191628
$ |dev0T33|
C 202
R
P 0x7f2a7c191628
C 342
R
P 0x7f2a7c191628
$ |dev0T33|
P 0x7f2a7c19b1e8
C 51
= 0x7f2a7c19c228
R
P 0x7f2a7c191628
C 342
R
P 0x7f2a7c191628
P 0x7f2a7c19c228
C 257
R
P 0x7f2a7c191628
C 342
R
P 0x7f2a7c191628
P 0x7f2a7c19c228
C 254
= 0x7f2a7c19b1e8
R
P 0x7f2a7c191628
C 342
R
P 0x7f2a7c191628
P 0x7f2a7c19b1e8
C 209
R
P 0x7f2a7c191628
C 342
R
P 0x7f2a7c191628
P 0x7f2a7c19c228
C 260
R
P 0x7f2a7c191628
C 342
R
P 0x7f2a7c191628
P 0x7f2a7c19c228
C 259
R
P 0x7f2a7c191628
C 342
R
P 0x7f2a7c191628
P 0x7f2a7c19c228
C 258
R
P 0x7f2a7c191628
C 342
R
P 0x7f2a7c191628
P 0x7f2a7c19c228
C 9
R
P 0x7f2a7c191628
C 342
R
P 0x7f2a7c191628
P 0x7f2a7c19bc68
C 333
R
P 0x7f2a7c191628
C 342
R
P 0x7f2a7c191628
S "slotflowPriorityStart"
C 30
R
P 0x7f2a7c191628
C 342
R
P 0x7f2a7c191628
$ |slotflowPriorityStart|
C 202
R
P 0x7f2a7c191628
C 342
R
P 0x7f2a7c191628
$ |slotflowPriorityStart|
P 0x7f2a7c19b1e8
C 51
= 0x7f2a7c19c2a8
R
P 0x7f2a7c191628
C 342
R
P 0x7f2a7c191628
P 0x7f2a7c19c2a8
C 257
R
P 0x7f2a7c191628
C 342
R
P 0x7f2a7c191628
P 0x7f2a7c19c2a8
C 254
= 0x7f2a7c19b1e8
R
P 0x7f2a7c191628
C 342
R
P 0x7f2a7c191628
P 0x7f2a7c19b1e8
C 209
R
P 0x7f2a7c191628
C 342
R
P 0x7f2a7c191628
P 0x7f2a7c19c2a8
C 260
R
P 0x7f2a7c191628
C 342
R
P 0x7f2a7c191628
P 0x7f2a7c19c2a8
C 259
R
P 0x7f2a7c191628
C 342
R
P 0x7f2a7c191628
P 0x7f2a7c19c2a8
C 258
R
P 0x7f2a7c191628
C 342
R
P 0x7f2a7c191628
P 0x7f2a7c19c2a8
C 9
R
P 0x7f2a7c191628
C 342
R
P 0x7f2a7c191628
I 0
P 0x7f2a7c19b208
C 150
= 0x7f2a7c19bd08
R
P 0x7f2a7c191628
C 342
R
P 0x7f2a7c191628
P 0x7f2a7c19bd08
C 258
R
P 0x7f2a7c191628
C 342
R
P 0x7f2a7c191628
P 0x7f2a7c19bd08
C 9
R
P 0x7f2a7c191628
C 342
R
P 0x7f2a7c191628
I 1
P 0x7f2a7c19b208
C 150
= 0x7f2a7c19bc88
R
P 0x7f2a7c191628
C 342
R
P 0x7f2a7c191628
P 0x7f2a7c19bc88
C 258
R
P 0x7f2a7c191628
C 342
R
P 0x7f2a7c191628
P 0x7f2a7c19bc88
C 9
R
P 0x7f2a7c191628
C 342
R
P 0x7f2a7c191628
P 0x7f2a7c19bd08
P 0x7f2a7c19bc88
C 75
= 0x7f2a7c486fa0
R
P 0x7f2a7c191628
C 342
R
P 0x7f2a7c191628
P 0x7f2a7c486fa0
C 258
R
P 0x7f2a7c191628
C 342
R
P 0x7f2a7c191628
P 0x7f2a7c486fa0
C 9
R
P 0x7f2a7c191628
C 342
R
P 0x7f2a7c191628
I 1
P 0x7f2a7c19b208
C 150
= 0x7f2a7c19bc88
R
P 0x7f2a7c191628
C 342
R
P 0x7f2a7c191628
P 0x7f2a7c19bc88
C 258
R
P 0x7f2a7c191628
C 342
R
P 0x7f2a7c191628
P 0x7f2a7c19bc88
C 9
R
P 0x7f2a7c191628
C 342
R
P 0x7f2a7c191628
U 2
P 0x7f2a7c19bd08
P 0x7f2a7c19bc88
p 2
C 67
= 0x7f2a7c486fd8
R
P 0x7f2a7c191628
C 342
R
P 0x7f2a7c191628
P 0x7f2a7c486fd8
C 257
R
P 0x7f2a7c191628
C 342
R
P 0x7f2a7c191628
P 0x7f2a7c486fd8
C 254
= 0x7f2a7c19b208
R
P 0x7f2a7c191628
C 342
R
P 0x7f2a7c191628
P 0x7f2a7c19b208
C 209
R
P 0x7f2a7c191628
C 342
R
P 0x7f2a7c191628
P 0x7f2a7c486fd8
C 260
R
P 0x7f2a7c191628
C 342
R
P 0x7f2a7c191628
P 0x7f2a7c486fd8
C 259
R
P 0x7f2a7c191628
C 342
R
P 0x7f2a7c191628
P 0x7f2a7c486fd8
C 258
R
P 0x7f2a7c191628
C 342
R
P 0x7f2a7c191628
P 0x7f2a7c486fd8
C 9
R
P 0x7f2a7c191628
C 342
R
P 0x7f2a7c191628
U 2
P 0x7f2a7c19bbe8
P 0x7f2a7c486fd8
p 2
C 66
= 0x7f2a7c487940
R
P 0x7f2a7c191628
C 342
R
P 0x7f2a7c191628
P 0x7f2a7c487940
C 257
R
P 0x7f2a7c191628
C 342
R
P 0x7f2a7c191628
P 0x7f2a7c487940
C 254
= 0x7f2a7c19b208
R
P 0x7f2a7c191628
C 342
R
P 0x7f2a7c191628
P 0x7f2a7c19b208
C 209
R
P 0x7f2a7c191628
C 342
R
P 0x7f2a7c191628
P 0x7f2a7c487940
C 260
R
P 0x7f2a7c191628
C 342
R
P 0x7f2a7c191628
P 0x7f2a7c487940
C 259
R
P 0x7f2a7c191628
C 342
R
P 0x7f2a7c191628
P 0x7f2a7c487940
C 258
R
P 0x7f2a7c191628
C 342
R
P 0x7f2a7c191628
P 0x7f2a7c487940
C 9
R
P 0x7f2a7c191628
C 342
R
P 0x7f2a7c191628
U 2
P 0x7f2a7c19bb88
P 0x7f2a7c487940
p 2
C 65
= 0x7f2a7c487978
R
P 0x7f2a7c191628
C 342
R
P 0x7f2a7c191628
P 0x7f2a7c487978
C 257
R
P 0x7f2a7c191628
C 342
R
P 0x7f2a7c191628
P 0x7f2a7c487978
C 254
= 0x7f2a7c19b1e8
R
P 0x7f2a7c191628
C 342
R
P 0x7f2a7c191628
P 0x7f2a7c19b1e8
C 209
R
P 0x7f2a7c191628
C 342
R
P 0x7f2a7c191628
P 0x7f2a7c487978
C 260
R
P 0x7f2a7c191628
C 342
R
P 0x7f2a7c191628
P 0x7f2a7c487978
C 259
R
P 0x7f2a7c191628
C 342
R
P 0x7f2a7c191628
P 0x7f2a7c487978
C 258
R
P 0x7f2a7c191628
C 342
R
P 0x7f2a7c191628
P 0x7f2a7c487978
C 9
R
P 0x7f2a7c191628
C 342
R
P 0x7f2a7c191628
P 0x7f2a7c486fa0
P 0x7f2a7c487978
P 0x7f2a7c19bb88
C 59
= 0x7f2a7c19fa08
R
P 0x7f2a7c191628
C 342
R
P 0x7f2a7c191628
P 0x7f2a7c19fa08
C 257
R
P 0x7f2a7c191628
C 342
R
P 0x7f2a7c191628
P 0x7f2a7c19fa08
C 254
= 0x7f2a7c19b1e8
R
P 0x7f2a7c191628
C 342
R
P 0x7f2a7c191628
P 0x7f2a7c19b1e8
C 209
R
P 0x7f2a7c191628
C 342
R
P 0x7f2a7c191628
P 0x7f2a7c19fa08
C 260
R
P 0x7f2a7c191628
C 342
R
P 0x7f2a7c191628
P 0x7f2a7c19fa08
C 259
R
P 0x7f2a7c191628
C 342
R
P 0x7f2a7c191628
P 0x7f2a7c19fa08
C 258
R
P 0x7f2a7c191628
C 342
R
P 0x7f2a7c191628
P 0x7f2a7c19fa08
C 9
R
P 0x7f2a7c191628
C 342
R
P 0x7f2a7c191628
U 2
P 0x7f2a7c19c2a8
P 0x7f2a7c19fa08
p 2
C 65
= 0x7f2a7c487a58
R
P 0x7f2a7c191628
C 342
R
P 0x7f2a7c191628
P 0x7f2a7c487a58
C 257
R
P 0x7f2a7c191628
C 342
R
P 0x7f2a7c191628
P 0x7f2a7c487a58
C 254
= 0x7f2a7c19b1e8
R
P 0x7f2a7c191628
C 342
R
P 0x7f2a7c191628
P 0x7f2a7c19b1e8
C 209
R
P 0x7f2a7c191628
C 342
R
P 0x7f2a7c191628
P 0x7f2a7c487a58
C 260
R
P 0x7f2a7c191628
C 342
R
P 0x7f2a7c191628
P 0x7f2a7c487a58
C 259
R
P 0x7f2a7c191628
C 342
R
P 0x7f2a7c191628
P 0x7f2a7c487a58
C 258
R
P 0x7f2a7c191628
C 342
R
P 0x7f2a7c191628
P 0x7f2a7c487a58
C 9
R
P 0x7f2a7c191628
C 342
R
P 0x7f2a7c191628
U 2
P 0x7f2a7c487a58
P 0x7f2a7c19bb68
p 2
C 65
= 0x7f2a7c4896b0
R
P 0x7f2a7c191628
C 342
R
P 0x7f2a7c191628
P 0x7f2a7c4896b0
C 257
R
P 0x7f2a7c191628
C 342
R
P 0x7f2a7c191628
P 0x7f2a7c4896b0
C 254
= 0x7f2a7c19b1e8
R
P 0x7f2a7c191628
C 342
R
P 0x7f2a7c191628
P 0x7f2a7c19b1e8
C 209
R
P 0x7f2a7c191628
C 342
R
P 0x7f2a7c191628
P 0x7f2a7c4896b0
C 260
R
P 0x7f2a7c191628
C 342
R
P 0x7f2a7c191628
P 0x7f2a7c4896b0
C 259
R
P 0x7f2a7c191628
C 342
R
P 0x7f2a7c191628
P 0x7f2a7c4896b0
C 258
R
P 0x7f2a7c191628
C 342
R
P 0x7f2a7c191628
P 0x7f2a7c4896b0
C 9
R
P 0x7f2a7c191628
C 342
R
P 0x7f2a7c191628
P 0x7f2a7c19c228
P 0x7f2a7c4896b0
C 56
= 0x7f2a7c48d548
R
P 0x7f2a7c191628
C 342
R
P 0x7f2a7c191628
P 0x7f2a7c48d548
C 258
R
P 0x7f2a7c191628
C 342
R
P 0x7f2a7c191628
P 0x7f2a7c48d548
C 9
R
P 0x7f2a7c191628
C 342
R
P 0x7f2a7c191628
U 2
P 0x7f2a7c48b0d8
P 0x7f2a7c48d548
p 2
C 63
= 0x7f2a7c48d580
R
P 0x7f2a7c191628
C 342
R
P 0x7f2a7c191628
P 0x7f2a7c48d580
C 258
R
P 0x7f2a7c191628
C 342
R
P 0x7f2a7c191628
P 0x7f2a7c48d580
C 9
R
P 0x7f2a7c191628
C 342
R
P 0x7f2a7c191628
P 0x7f2a7c48d510
P 0x7f2a7c48d580
C 61
= 0x7f2a7c48d5b8
R
P 0x7f2a7c191628
C 342
R
P 0x7f2a7c191628
P 0x7f2a7c48d5b8
C 258
R
P 0x7f2a7c191628
C 342
R
P 0x7f2a7c191628
P 0x7f2a7c48d5b8
C 9
R
P 0x7f2a7c191628
C 342
R
P 0x7f2a7c191628
P 0x7f2a7c1e1fc8
P 0x7f2a7c48d5b8
C 427
R
P 0x7f2a7c191628
C 342
R
P 0x7f2a7c191628
I 3
P 0x7f2a7c19b208
C 150
= 0x7f2a7c19bfc8
R
P 0x7f2a7c191628
C 342
R
P 0x7f2a7c191628
P 0x7f2a7c19bfc8
C 258
R
P 0x7f2a7c191628
C 342
R
P 0x7f2a7c191628
P 0x7f2a7c19bfc8
C 9
R
P 0x7f2a7c191628
C 342
R
P 0x7f2a7c191628
I 1
P 0x7f2a7c19b208
C 150
= 0x7f2a7c19bc88
R
P 0x7f2a7c191628
C 342
R
P 0x7f2a7c191628
P 0x7f2a7c19bc88
C 258
R
P 0x7f2a7c191628
C 342
R
P 0x7f2a7c191628
P 0x7f2a7c19bc88
C 9
R
P 0x7f2a7c191628
C 342
R
P 0x7f2a7c191628
P 0x7f2a7c19bfc8
P 0x7f2a7c19bc88
C 75
= 0x7f2a7c487208
R
P 0x7f2a7c191628
C 342
R
P 0x7f2a7c191628
P 0x7f2a7c487208
C 258
R
P 0x7f2a7c191628
C 342
R
P 0x7f2a7c191628
P 0x7f2a7c487208
C 9
R
P 0x7f2a7c191628
C 342
R
P 0x7f2a7c191628
I 1
P 0x7f2a7c19b208
C 150
= 0x7f2a7c19bc88
R
P 0x7f2a7c191628
C 342
R
P 0x7f2a7c191628
P 0x7f2a7c19bc88
C 258
R
P 0x7f2a7c191628
C 342
R
P 0x7f2a7c191628
P 0x7f2a7c19bc88
C 9
R
P 0x7f2a7c191628
C 342
R
P 0x7f2a7c191628
U 2
P 0x7f2a7c19bfc8
P 0x7f2a7c19bc88
p 2
C 67
= 0x7f2a7c487240
R
P 0x7f2a7c191628
C 342
R
P 0x7f2a7c191628
P 0x7f2a7c487240
C 257
R
P 0x7f2a7c191628
C 342
R
P 0x7f2a7c191628
P 0x7f2a7c487240
C 254
= 0x7f2a7c19b208
R
P 0x7f2a7c191628
C 342
R
P 0x7f2a7c191628
P 0x7f2a7c19b208
C 209
R
P 0x7f2a7c191628
C 342
R
P 0x7f2a7c191628
P 0x7f2a7c487240
C 260
R
P 0x7f2a7c191628
C 342
R
P 0x7f2a7c191628
P 0x7f2a7c487240
C 259
R
P 0x7f2a7c191628
C 342
R
P 0x7f2a7c191628
P 0x7f2a7c487240
C 258
R
P 0x7f2a7c191628
C 342
R
P 0x7f2a7c191628
P 0x7f2a7c487240
C 9
R
P 0x7f2a7c191628
C 342
R
P 0x7f2a7c191628
U 2
P 0x7f2a7c19bba8
P 0x7f2a7c487240
p 2
C 66
= 0x7f2a7c487278
R
P 0x7f2a7c191628
C 342
R
P 0x7f2a7c191628
P 0x7f2a7c487278
C 257
R
P 0x7f2a7c191628
C 342
R
P 0x7f2a7c191628
P 0x7f2a7c487278
C 254
= 0x7f2a7c19b1e8
R
P 0x7f2a7c191628
C 342
R
P 0x7f2a7c191628
P 0x7f2a7c19b1e8
C 209
R
P 0x7f2a7c191628
C 342
R
P 0x7f2a7c191628
P 0x7f2a7c487278
C 260
R
P 0x7f2a7c191628
C 342
R
P 0x7f2a7c191628
P 0x7f2a7c487278
C 259
R
P 0x7f2a7c191628
C 342
R
P 0x7f2a7c191628
P 0x7f2a7c487278
C 258
R
P 0x7f2a7c191628
C 342
R
P 0x7f2a7c191628
P 0x7f2a7c487278
C 9
R
P 0x7f2a7c191628
C 342
R
P 0x7f2a7c191628
U 2
P 0x7f2a7c19bc28
P 0x7f2a7c487278
p 2
C 65
= 0x7f2a7c4872b0
R
P 0x7f2a7c191628
C 342
R
P 0x7f2a7c191628
P 0x7f2a7c4872b0
C 257
R
P 0x7f2a7c191628
C 342
R
P 0x7f2a7c191628
P 0x7f2a7c4872b0
C 254
= 0x7f2a7c19b1e8
R
P 0x7f2a7c191628
C 342
R
P 0x7f2a7c191628
P 0x7f2a7c19b1e8
C 209
R
P 0x7f2a7c191628
C 342
R
P 0x7f2a7c191628
P 0x7f2a7c4872b0
C 260
R
P 0x7f2a7c191628
C 342
R
P 0x7f2a7c191628
P 0x7f2a7c4872b0
C 259
R
P 0x7f2a7c191628
C 342
R
P 0x7f2a7c191628
P 0x7f2a7c4872b0
C 258
R
P 0x7f2a7c191628
C 342
R
P 0x7f2a7c191628
P 0x7f2a7c4872b0
C 9
R
P 0x7f2a7c191628
C 342
R
P 0x7f2a7c191628
P 0x7f2a7c487208
P 0x7f2a7c4872b0
P 0x7f2a7c19bc28
C 59
= 0x7f2a7c19f988
R
P 0x7f2a7c191628
C 342
R
P 0x7f2a7c191628
P 0x7f2a7c19f988
C 257
R
P 0x7f2a7c191628
C 342
R
P 0x7f2a7c191628
P 0x7f2a7c19f988
C 254
= 0x7f2a7c19b1e8
R
P 0x7f2a7c191628
C 342
R
P 0x7f2a7c191628
P 0x7f2a7c19b1e8
C 209
R
P 0x7f2a7c191628
C 342
R
P 0x7f2a7c191628
P 0x7f2a7c19f988
C 260
R
P 0x7f2a7c191628
C 342
R
P 0x7f2a7c191628
P 0x7f2a7c19f988
C 259
R
P 0x7f2a7c191628
C 342
R
P 0x7f2a7c191628
P 0x7f2a7c19f988
C 258
R
P 0x7f2a7c191628
C 342
R
P 0x7f2a7c191628
P 0x7f2a7c19f988
C 9
R
P 0x7f2a7c191628
C 342
R
P 0x7f2a7c191628
U 2
P 0x7f2a7c19f988
P 0x7f2a7c19bb48
p 2
C 65
= 0x7f2a7c4872e8
R
P 0x7f2a7c191628
C 342
R
P 0x7f2a7c191628
P 0x7f2a7c4872e8
C 257
R
P 0x7f2a7c191628
C 342
R
P 0x7f2a7c191628
P 0x7f2a7c4872e8
C 254
= 0x7f2a7c19b1e8
R
P 0x7f2a7c191628
C 342
R
P 0x7f2a7c191628
P 0x7f2a7c19b1e8
C 209
R
P 0x7f2a7c191628
C 342
R
P 0x7f2a7c191628
P 0x7f2a7c4872e8
C 260
R
P 0x7f2a7c191628
C 342
R
P 0x7f2a7c191628
P 0x7f2a7c4872e8
C 259
R
P 0x7f2a7c191628
C 342
R
P 0x7f2a7c191628
P 0x7f2a7c4872e8
C 258
R
P 0x7f2a7c191628
C 342
R
P 0x7f2a7c191628
P 0x7f2a7c4872e8
C 9
R
P 0x7f2a7c191628
C 342
R
P 0x7f2a7c191628
P 0x7f2a7c19bc68
C 333
R
P 0x7f2a7c191628
C 342
R
P 0x7f2a7c191628
S "slotflowPriorityStart"
C 30
R
P 0x7f2a7c191628
C 342
R
P 0x7f2a7c191628
$ |slotflowPriorityStart|
C 202
R
P 0x7f2a7c191628
C 342
R
P 0x7f2a7c191628
$ |slotflowPriorityStart|
P 0x7f2a7c19b1e8
C 51
= 0x7f2a7c19c2a8
R
P 0x7f2a7c191628
C 342
R
P 0x7f2a7c191628
P 0x7f2a7c19c2a8
C 257
R
P 0x7f2a7c191628
C 342
R
P 0x7f2a7c191628
P 0x7f2a7c19c2a8
C 254
= 0x7f2a7c19b1e8
R
P 0x7f2a7c191628
C 342
R
P 0x7f2a7c191628
P 0x7f2a7c19b1e8
C 209
R
P 0x7f2a7c191628
C 342
R
P 0x7f2a7c191628
P 0x7f2a7c19c2a8
C 260
R
P 0x7f2a7c191628
C 342
R
P 0x7f2a7c191628
P 0x7f2a7c19c2a8
C 259
R
P 0x7f2a7c191628
C 342
R
P 0x7f2a7c191628
P 0x7f2a7c19c2a8
C 258
R
P 0x7f2a7c191628
C 342
R
P 0x7f2a7c191628
P 0x7f2a7c19c2a8
C 9
R
P 0x7f2a7c191628
C 342
R
P 0x7f2a7c191628
P 0x7f2a7c19bc68
C 333
R
P 0x7f2a7c191628
C 342
R
P 0x7f2a7c191628
S "slotflowPriorityDuration"
C 30
R
P 0x7f2a7c191628
C 342
R
P 0x7f2a7c191628
$ |slotflowPriorityDuration|
C 202
R
P 0x7f2a7c191628
C 342
R
P 0x7f2a7c191628
$ |slotflowPriorityDuration|
P 0x7f2a7c19b1e8
C 51
= 0x7f2a7c19c268
R
P 0x7f2a7c191628
C 342
R
P 0x7f2a7c191628
P 0x7f2a7c19c268
C 257
R
P 0x7f2a7c191628
C 342
R
P 0x7f2a7c191628
P 0x7f2a7c19c268
C 254
= 0x7f2a7c19b1e8
R
P 0x7f2a7c191628
C 342
R
P 0x7f2a7c191628
P 0x7f2a7c19b1e8
C 209
R
P 0x7f2a7c191628
C 342
R
P 0x7f2a7c191628
P 0x7f2a7c19c268
C 260
R
P 0x7f2a7c191628
C 342
R
P 0x7f2a7c191628
P 0x7f2a7c19c268
C 259
R
P 0x7f2a7c191628
C 342
R
P 0x7f2a7c191628
P 0x7f2a7c19c268
C 258
R
P 0x7f2a7c191628
C 342
R
P 0x7f2a7c191628
P 0x7f2a7c19c268
C 9
R
P 0x7f2a7c191628
C 342
R
P 0x7f2a7c191628
U 2
P 0x7f2a7c19c2a8
P 0x7f2a7c19c268
p 2
C 65
= 0x7f2a7c487908
R
P 0x7f2a7c191628
C 342
R
P 0x7f2a7c191628
P 0x7f2a7c487908
C 257
R
P 0x7f2a7c191628
C 342
R
P 0x7f2a7c191628
P 0x7f2a7c487908
C 254
= 0x7f2a7c19b1e8
R
P 0x7f2a7c191628
C 342
R
P 0x7f2a7c191628
P 0x7f2a7c19b1e8
C 209
R
P 0x7f2a7c191628
C 342
R
P 0x7f2a7c191628
P 0x7f2a7c487908
C 260
R
P 0x7f2a7c191628
C 342
R
P 0x7f2a7c191628
P 0x7f2a7c487908
C 259
R
P 0x7f2a7c191628
C 342
R
P 0x7f2a7c191628
P 0x7f2a7c487908
C 258
R
P 0x7f2a7c191628
C 342
R
P 0x7f2a7c191628
P 0x7f2a7c487908
C 9
R
P 0x7f2a7c191628
C 342
R
P 0x7f2a7c191628
I 1
P 0x7f2a7c19b208
C 150
= 0x7f2a7c19bc88
R
P 0x7f2a7c191628
C 342
R
P 0x7f2a7c191628
P 0x7f2a7c19bc88
C 258
R
P 0x7f2a7c191628
C 342
R
P 0x7f2a7c191628
P 0x7f2a7c19bc88
C 9
R
P 0x7f2a7c191628
C 342
R
P 0x7f2a7c191628
I 1
P 0x7f2a7c19b208
C 150
= 0x7f2a7c19bc88
R
P 0x7f2a7c191628
C 342
R
P 0x7f2a7c191628
P 0x7f2a7c19bc88
C 258
R
P 0x7f2a7c191628
C 342
R
P 0x7f2a7c191628
P 0x7f2a7c19bc88
C 9
R
P 0x7f2a7c191628
C 342
R
P 0x7f2a7c191628
P 0x7f2a7c19bc88
P 0x7f2a7c19bc88
C 75
= 0x7f2a7c1a1778
R
P 0x7f2a7c191628
C 342
R
P 0x7f2a7c191628
P 0x7f2a7c1a1778
C 258
R
P 0x7f2a7c191628
C 342
R
P 0x7f2a7c191628
P 0x7f2a7c1a1778
C 9
R
P 0x7f2a7c191628
C 342
R
P 0x7f2a7c191628
I 1
P 0x7f2a7c19b208
C 150
= 0x7f2a7c19bc88
R
P 0x7f2a7c191628
C 342
R
P 0x7f2a7c191628
P 0x7f2a7c19bc88
C 258
R
P 0x7f2a7c191628
C 342
R
P 0x7f2a7c191628
P 0x7f2a7c19bc88
C 9
R
P 0x7f2a7c191628
C 342
R
P 0x7f2a7c191628
U 2
P 0x7f2a7c19bc88
P 0x7f2a7c19bc88
p 2
C 67
= 0x7f2a7c1a17b0
R
P 0x7f2a7c191628
C 342
R
P 0x7f2a7c191628
P 0x7f2a7c1a17b0
C 257
R
P 0x7f2a7c191628
C 342
R
P 0x7f2a7c191628
P 0x7f2a7c1a17b0
C 254
= 0x7f2a7c19b208
R
P 0x7f2a7c191628
C 342
R
P 0x7f2a7c191628
P 0x7f2a7c19b208
C 209
R
P 0x7f2a7c191628
C 342
R
P 0x7f2a7c191628
P 0x7f2a7c1a17b0
C 260
R
P 0x7f2a7c191628
C 342
R
P 0x7f2a7c191628
P 0x7f2a7c1a17b0
C 259
R
P 0x7f2a7c191628
C 342
R
P 0x7f2a7c191628
P 0x7f2a7c1a17b0
C 258
R
P 0x7f2a7c191628
C 342
R
P 0x7f2a7c191628
P 0x7f2a7c1a17b0
C 9
R
P 0x7f2a7c191628
C 342
R
P 0x7f2a7c191628
U 2
P 0x7f2a7c19bbe8
P 0x7f2a7c1a17b0
p 2
C 66
= 0x7f2a7c487b70
R
P 0x7f2a7c191628
C 342
R
P 0x7f2a7c191628
P 0x7f2a7c487b70
C 257
R
P 0x7f2a7c191628
C 342
R
P 0x7f2a7c191628
P 0x7f2a7c487b70
C 254
= 0x7f2a7c19b208
R
P 0x7f2a7c191628
C 342
R
P 0x7f2a7c191628
P 0x7f2a7c19b208
C 209
R
P 0x7f2a7c191628
C 342
R
P 0x7f2a7c191628
P 0x7f2a7c487b70
C 260
R
P 0x7f2a7c191628
C 342
R
P 0x7f2a7c191628
P 0x7f2a7c487b70
C 259
R
P 0x7f2a7c191628
C 342
R
P 0x7f2a7c191628
P 0x7f2a7c487b70
C 258
R
P 0x7f2a7c191628
C 342
R
P 0x7f2a7c191628
P 0x7f2a7c487b70
C 9
R
P 0x7f2a7c191628
C 342
R
P 0x7f2a7c191628
U 2
P 0x7f2a7c19bb88
P 0x7f2a7c487b70
p 2
C 65
= 0x7f2a7c487ba8
R
P 0x7f2a7c191628
C 342
R
P 0x7f2a7c191628
P 0x7f2a7c487ba8
C 257
R
P 0x7f2a7c191628
C 342
R
P 0x7f2a7c191628
P 0x7f2a7c487ba8
C 254
= 0x7f2a7c19b1e8
R
P 0x7f2a7c191628
C 342
R
P 0x7f2a7c191628
P 0x7f2a7c19b1e8
C 209
R
P 0x7f2a7c191628
C 342
R
P 0x7f2a7c191628
P 0x7f2a7c487ba8
C 260
R
P 0x7f2a7c191628
C 342
R
P 0x7f2a7c191628
P 0x7f2a7c487ba8
C 259
R
P 0x7f2a7c191628
C 342
R
P 0x7f2a7c191628
P 0x7f2a7c487ba8
C 258
R
P 0x7f2a7c191628
C 342
R
P 0x7f2a7c191628
P 0x7f2a7c487ba8
C 9
R
P 0x7f2a7c191628
C 342
R
P 0x7f2a7c191628
P 0x7f2a7c1a1778
P 0x7f2a7c487ba8
P 0x7f2a7c19bb88
C 59
= 0x7f2a7c19fa48
R
P 0x7f2a7c191628
C 342
R
P 0x7f2a7c191628
P 0x7f2a7c19fa48
C 257
R
P 0x7f2a7c191628
C 342
R
P 0x7f2a7c191628
P 0x7f2a7c19fa48
C 254
= 0x7f2a7c19b1e8
R
P 0x7f2a7c191628
C 342
R
P 0x7f2a7c191628
P 0x7f2a7c19b1e8
C 209
R
P 0x7f2a7c191628
C 342
R
P 0x7f2a7c191628
P 0x7f2a7c19fa48
C 260
R
P 0x7f2a7c191628
C 342
R
P 0x7f2a7c191628
P 0x7f2a7c19fa48
C 259
R
P 0x7f2a7c191628
C 342
R
P 0x7f2a7c191628
P 0x7f2a7c19fa48
C 258
R
P 0x7f2a7c191628
C 342
R
P 0x7f2a7c191628
P 0x7f2a7c19fa48
C 9
R
P 0x7f2a7c191628
C 342
R
P 0x7f2a7c191628
U 2
P 0x7f2a7c487908
P 0x7f2a7c19fa48
p 2
C 65
= 0x7f2a7c487be0
R
P 0x7f2a7c191628
C 342
R
P 0x7f2a7c191628
P 0x7f2a7c487be0
C 257
R
P 0x7f2a7c191628
C 342
R
P 0x7f2a7c191628
P 0x7f2a7c487be0
C 254
= 0x7f2a7c19b1e8
R
P 0x7f2a7c191628
C 342
R
P 0x7f2a7c191628
P 0x7f2a7c19b1e8
C 209
R
P 0x7f2a7c191628
C 342
R
P 0x7f2a7c191628
P 0x7f2a7c487be0
C 260
R
P 0x7f2a7c191628
C 342
R
P 0x7f2a7c191628
P 0x7f2a7c487be0
C 259
R
P 0x7f2a7c191628
C 342
R
P 0x7f2a7c191628
P 0x7f2a7c487be0
C 258
R
P 0x7f2a7c191628
C 342
R
P 0x7f2a7c191628
P 0x7f2a7c487be0
C 9
R
P 0x7f2a7c191628
C 342
R
P 0x7f2a7c191628
U 2
P 0x7f2a7c487be0
P 0x7f2a7c19bb68
p 2
C 67
= 0x7f2a7c487c18
R
P 0x7f2a7c191628
C 342
R
P 0x7f2a7c191628
P 0x7f2a7c487c18
C 257
R
P 0x7f2a7c191628
C 342
R
P 0x7f2a7c191628
P 0x7f2a7c487c18
C 254
= 0x7f2a7c19b1e8
R
P 0x7f2a7c191628
C 342
R
P 0x7f2a7c191628
P 0x7f2a7c19b1e8
C 209
R
P 0x7f2a7c191628
C 342
R
P 0x7f2a7c191628
P 0x7f2a7c487c18
C 260
R
P 0x7f2a7c191628
C 342
R
P 0x7f2a7c191628
P 0x7f2a7c487c18
C 259
R
P 0x7f2a7c191628
C 342
R
P 0x7f2a7c191628
P 0x7f2a7c487c18
C 258
R
P 0x7f2a7c191628
C 342
R
P 0x7f2a7c191628
P 0x7f2a7c487c18
C 9
R
P 0x7f2a7c191628
C 342
R
P 0x7f2a7c191628
P 0x7f2a7c4872e8
P 0x7f2a7c487c18
C 75
= 0x7f2a7c48d5f0
R
P 0x7f2a7c191628
C 342
R
P 0x7f2a7c191628
P 0x7f2a7c48d5f0
C 258
R
P 0x7f2a7c191628
C 342
R
P 0x7f2a7c191628
P 0x7f2a7c48d5f0
C 9
R
P 0x7f2a7c191628
C 342
R
P 0x7f2a7c191628
I 3
P 0x7f2a7c19b208
C 150
= 0x7f2a7c19bfc8
R
P 0x7f2a7c191628
C 342
R
P 0x7f2a7c191628
P 0x7f2a7c19bfc8
C 258
R
P 0x7f2a7c191628
C 342
R
P 0x7f2a7c191628
P 0x7f2a7c19bfc8
C 9
R
P 0x7f2a7c191628
C 342
R
P 0x7f2a7c191628
I 1
P 0x7f2a7c19b208
C 150
= 0x7f2a7c19bc88
R
P 0x7f2a7c191628
C 342
R
P 0x7f2a7c191628
P 0x7f2a7c19bc88
C 258
R
P 0x7f2a7c191628
C 342
R
P 0x7f2a7c191628
P 0x7f2a7c19bc88
C 9
R
P 0x7f2a7c191628
C 342
R
P 0x7f2a7c191628
P 0x7f2a7c19bfc8
P 0x7f2a7c19bc88
C 75
= 0x7f2a7c487208
R
P 0x7f2a7c191628
C 342
R
P 0x7f2a7c191628
P 0x7f2a7c487208
C 258
R
P 0x7f2a7c191628
C 342
R
P 0x7f2a7c191628
P 0x7f2a7c487208
C 9
R
P 0x7f2a7c191628
C 342
R
P 0x7f2a7c191628
I 1
P 0x7f2a7c19b208
C 150
= 0x7f2a7c19bc88
R
P 0x7f2a7c191628
C 342
R
P 0x7f2a7c191628
P 0x7f2a7c19bc88
C 258
R
P 0x7f2a7c191628
C 342
R
P 0x7f2a7c191628
P 0x7f2a7c19bc88
C 9
R
P 0x7f2a7c191628
C 342
R
P 0x7f2a7c191628
U 2
P 0x7f2a7c19bfc8
P 0x7f2a7c19bc88
p 2
C 67
= 0x7f2a7c487240
R
P 0x7f2a7c191628
C 342
R
P 0x7f2a7c191628
P 0x7f2a7c487240
C 257
R
P 0x7f2a7c191628
C 342
R
P 0x7f2a7c191628
P 0x7f2a7c487240
C 254
= 0x7f2a7c19b208
R
P 0x7f2a7c191628
C 342
R
P 0x7f2a7c191628
P 0x7f2a7c19b208
C 209
R
P 0x7f2a7c191628
C 342
R
P 0x7f2a7c191628
P 0x7f2a7c487240
C 260
R
P 0x7f2a7c191628
C 342
R
P 0x7f2a7c191628
P 0x7f2a7c487240
C 259
R
P 0x7f2a7c191628
C 342
R
P 0x7f2a7c191628
P 0x7f2a7c487240
C 258
R
P 0x7f2a7c191628
C 342
R
P 0x7f2a7c191628
P 0x7f2a7c487240
C 9
R
P 0x7f2a7c191628
C 342
R
P 0x7f2a7c191628
U 2
P 0x7f2a7c19bba8
P 0x7f2a7c487240
p 2
C 66
= 0x7f2a7c487278
R
P 0x7f2a7c191628
C 342
R
P 0x7f2a7c191628
P 0x7f2a7c487278
C 257
R
P 0x7f2a7c191628
C 342
R
P 0x7f2a7c191628
P 0x7f2a7c487278
C 254
= 0x7f2a7c19b1e8
R
P 0x7f2a7c191628
C 342
R
P 0x7f2a7c191628
P 0x7f2a7c19b1e8
C 209
R
P 0x7f2a7c191628
C 342
R
P 0x7f2a7c191628
P 0x7f2a7c487278
C 260
R
P 0x7f2a7c191628
C 342
R
P 0x7f2a7c191628
P 0x7f2a7c487278
C 259
R
P 0x7f2a7c191628
C 342
R
P 0x7f2a7c191628
P 0x7f2a7c487278
C 258
R
P 0x7f2a7c191628
C 342
R
P 0x7f2a7c191628
P 0x7f2a7c487278
C 9
R
P 0x7f2a7c191628
C 342
R
P 0x7f2a7c191628
U 2
P 0x7f2a7c19bc28
P 0x7f2a7c487278
p 2
C 65
= 0x7f2a7c4872b0
R
P 0x7f2a7c191628
C 342
R
P 0x7f2a7c191628
P 0x7f2a7c4872b0
C 257
R
P 0x7f2a7c191628
C 342
R
P 0x7f2a7c191628
P 0x7f2a7c4872b0
C 254
= 0x7f2a7c19b1e8
R
P 0x7f2a7c191628
C 342
R
P 0x7f2a7c191628
P 0x7f2a7c19b1e8
C 209
R
P 0x7f2a7c191628
C 342
R
P 0x7f2a7c191628
P 0x7f2a7c4872b0
C 260
R
P 0x7f2a7c191628
C 342
R
P 0x7f2a7c191628
P 0x7f2a7c4872b0
C 259
R
P 0x7f2a7c191628
C 342
R
P 0x7f2a7c191628
P 0x7f2a7c4872b0
C 258
R
P 0x7f2a7c191628
C 342
R
P 0x7f2a7c191628
P 0x7f2a7c4872b0
C 9
R
P 0x7f2a7c191628
C 342
R
P 0x7f2a7c191628
P 0x7f2a7c487208
P 0x7f2a7c4872b0
P 0x7f2a7c19bc28
C 59
= 0x7f2a7c19f988
R
P 0x7f2a7c191628
C 342
R
P 0x7f2a7c191628
P 0x7f2a7c19f988
C 257
R
P 0x7f2a7c191628
C 342
R
P 0x7f2a7c191628
P 0x7f2a7c19f988
C 254
= 0x7f2a7c19b1e8
R
P 0x7f2a7c191628
C 342
R
P 0x7f2a7c191628
P 0x7f2a7c19b1e8
C 209
R
P 0x7f2a7c191628
C 342
R
P 0x7f2a7c191628
P 0x7f2a7c19f988
C 260
R
P 0x7f2a7c191628
C 342
R
P 0x7f2a7c191628
P 0x7f2a7c19f988
C 259
R
P 0x7f2a7c191628
C 342
R
P 0x7f2a7c191628
P 0x7f2a7c19f988
C 258
R
P 0x7f2a7c191628
C 342
R
P 0x7f2a7c191628
P 0x7f2a7c19f988
C 9
R
P 0x7f2a7c191628
C 342
R
P 0x7f2a7c191628
U 2
P 0x7f2a7c19f988
P 0x7f2a7c19bb48
p 2
C 65
= 0x7f2a7c4872e8
R
P 0x7f2a7c191628
C 342
R
P 0x7f2a7c191628
P 0x7f2a7c4872e8
C 257
R
P 0x7f2a7c191628
C 342
R
P 0x7f2a7c191628
P 0x7f2a7c4872e8
C 254
= 0x7f2a7c19b1e8
R
P 0x7f2a7c191628
C 342
R
P 0x7f2a7c191628
P 0x7f2a7c19b1e8
C 209
R
P 0x7f2a7c191628
C 342
R
P 0x7f2a7c191628
P 0x7f2a7c4872e8
C 260
R
P 0x7f2a7c191628
C 342
R
P 0x7f2a7c191628
P 0x7f2a7c4872e8
C 259
R
P 0x7f2a7c191628
C 342
R
P 0x7f2a7c191628
P 0x7f2a7c4872e8
C 258
R
P 0x7f2a7c191628
C 342
R
P 0x7f2a7c191628
P 0x7f2a7c4872e8
C 9
R
P 0x7f2a7c191628
C 342
R
P 0x7f2a7c191628
I 1
P 0x7f2a7c19b208
C 150
= 0x7f2a7c19bc88
R
P 0x7f2a7c191628
C 342
R
P 0x7f2a7c191628
P 0x7f2a7c19bc88
C 258
R
P 0x7f2a7c191628
C 342
R
P 0x7f2a7c191628
P 0x7f2a7c19bc88
C 9
R
P 0x7f2a7c191628
C 342
R
P 0x7f2a7c191628
I 1
P 0x7f2a7c19b208
C 150
= 0x7f2a7c19bc88
R
P 0x7f2a7c191628
C 342
R
P 0x7f2a7c191628
P 0x7f2a7c19bc88
C 258
R
P 0x7f2a7c191628
C 342
R
P 0x7f2a7c191628
P 0x7f2a7c19bc88
C 9
R
P 0x7f2a7c191628
C 342
R
P 0x7f2a7c191628
P 0x7f2a7c19bc88
P 0x7f2a7c19bc88
C 75
= 0x7f2a7c1a1778
R
P 0x7f2a7c191628
C 342
R
P 0x7f2a7c191628
P 0x7f2a7c1a1778
C 258
R
P 0x7f2a7c191628
C 342
R
P 0x7f2a7c191628
P 0x7f2a7c1a1778
C 9
R
P 0x7f2a7c191628
C 342
R
P 0x7f2a7c191628
I 1
P 0x7f2a7c19b208
C 150
= 0x7f2a7c19bc88
R
P 0x7f2a7c191628
C 342
R
P 0x7f2a7c191628
P 0x7f2a7c19bc88
C 258
R
P 0x7f2a7c191628
C 342
R
P 0x7f2a7c191628
P 0x7f2a7c19bc88
C 9
R
P 0x7f2a7c191628
C 342
R
P 0x7f2a7c191628
U 2
P 0x7f2a7c19bc88
P 0x7f2a7c19bc88
p 2
C 67
= 0x7f2a7c1a17b0
R
P 0x7f2a7c191628
C 342
R
P 0x7f2a7c191628
P 0x7f2a7c1a17b0
C 257
R
P 0x7f2a7c191628
C 342
R
P 0x7f2a7c191628
P 0x7f2a7c1a17b0
C 254
= 0x7f2a7c19b208
R
P 0x7f2a7c191628
C 342
R
P 0x7f2a7c191628
P 0x7f2a7c19b208
C 209
R
P 0x7f2a7c191628
C 342
R
P 0x7f2a7c191628
P 0x7f2a7c1a17b0
C 260
R
P 0x7f2a7c191628
C 342
R
P 0x7f2a7c191628
P 0x7f2a7c1a17b0
C 259
R
P 0x7f2a7c191628
C 342
R
P 0x7f2a7c191628
P 0x7f2a7c1a17b0
C 258
R
P 0x7f2a7c191628
C 342
R
P 0x7f2a7c191628
P 0x7f2a7c1a17b0
C 9
R
P 0x7f2a7c191628
C 342
R
P 0x7f2a7c191628
U 2
P 0x7f2a7c19bbe8
P 0x7f2a7c1a17b0
p 2
C 66
= 0x7f2a7c487b70
R
P 0x7f2a7c191628
C 342
R
P 0x7f2a7c191628
P 0x7f2a7c487b70
C 257
R
P 0x7f2a7c191628
C 342
R
P 0x7f2a7c191628
P 0x7f2a7c487b70
C 254
= 0x7f2a7c19b208
R
P 0x7f2a7c191628
C 342
R
P 0x7f2a7c191628
P 0x7f2a7c19b208
C 209
R
P 0x7f2a7c191628
C 342
R
P 0x7f2a7c191628
P 0x7f2a7c487b70
C 260
R
P 0x7f2a7c191628
C 342
R
P 0x7f2a7c191628
P 0x7f2a7c487b70
C 259
R
P 0x7f2a7c191628
C 342
R
P 0x7f2a7c191628
P 0x7f2a7c487b70
C 258
R
P 0x7f2a7c191628
C 342
R
P 0x7f2a7c191628
P 0x7f2a7c487b70
C 9
R
P 0x7f2a7c191628
C 342
R
P 0x7f2a7c191628
U 2
P 0x7f2a7c19bb88
P 0x7f2a7c487b70
p 2
C 65
= 0x7f2a7c487ba8
R
P 0x7f2a7c191628
C 342
R
P 0x7f2a7c191628
P 0x7f2a7c487ba8
C 257
R
P 0x7f2a7c191628
C 342
R
P 0x7f2a7c191628
P 0x7f2a7c487ba8
C 254
= 0x7f2a7c19b1e8
R
P 0x7f2a7c191628
C 342
R
P 0x7f2a7c191628
P 0x7f2a7c19b1e8
C 209
R
P 0x7f2a7c191628
C 342
R
P 0x7f2a7c191628
P 0x7f2a7c487ba8
C 260
R
P 0x7f2a7c191628
C 342
R
P 0x7f2a7c191628
P 0x7f2a7c487ba8
C 259
R
P 0x7f2a7c191628
C 342
R
P 0x7f2a7c191628
P 0x7f2a7c487ba8
C 258
R
P 0x7f2a7c191628
C 342
R
P 0x7f2a7c191628
P 0x7f2a7c487ba8
C 9
R
P 0x7f2a7c191628
C 342
R
P 0x7f2a7c191628
P 0x7f2a7c1a1778
P 0x7f2a7c487ba8
P 0x7f2a7c19bb88
C 59
= 0x7f2a7c19fa48
R
P 0x7f2a7c191628
C 342
R
P 0x7f2a7c191628
P 0x7f2a7c19fa48
C 257
R
P 0x7f2a7c191628
C 342
R
P 0x7f2a7c191628
P 0x7f2a7c19fa48
C 254
= 0x7f2a7c19b1e8
R
P 0x7f2a7c191628
C 342
R
P 0x7f2a7c191628
P 0x7f2a7c19b1e8
C 209
R
P 0x7f2a7c191628
C 342
R
P 0x7f2a7c191628
P 0x7f2a7c19fa48
C 260
R
P 0x7f2a7c191628
C 342
R
P 0x7f2a7c191628
P 0x7f2a7c19fa48
C 259
R
P 0x7f2a7c191628
C 342
R
P 0x7f2a7c191628
P 0x7f2a7c19fa48
C 258
R
P 0x7f2a7c191628
C 342
R
P 0x7f2a7c191628
P 0x7f2a7c19fa48
C 9
R
P 0x7f2a7c191628
C 342
R
P 0x7f2a7c191628
U 2
P 0x7f2a7c19fa48
P 0x7f2a7c19bbe8
p 2
C 65
= 0x7f2a7c48bf80
R
P 0x7f2a7c191628
C 342
R
P 0x7f2a7c191628
P 0x7f2a7c48bf80
C 257
R
P 0x7f2a7c191628
C 342
R
P 0x7f2a7c191628
P 0x7f2a7c48bf80
C 254
= 0x7f2a7c19b1e8
R
P 0x7f2a7c191628
C 342
R
P 0x7f2a7c191628
P 0x7f2a7c19b1e8
C 209
R
P 0x7f2a7c191628
C 342
R
P 0x7f2a7c191628
P 0x7f2a7c48bf80
C 260
R
P 0x7f2a7c191628
C 342
R
P 0x7f2a7c191628
P 0x7f2a7c48bf80
C 259
R
P 0x7f2a7c191628
C 342
R
P 0x7f2a7c191628
P 0x7f2a7c48bf80
C 258
R
P 0x7f2a7c191628
C 342
R
P 0x7f2a7c191628
P 0x7f2a7c48bf80
C 9
R
P 0x7f2a7c191628
C 342
R
P 0x7f2a7c191628
P 0x7f2a7c4872e8
P 0x7f2a7c48bf80
C 74
= 0x7f2a7c48d628
R
P 0x7f2a7c191628
C 342
R
P 0x7f2a7c191628
P 0x7f2a7c48d628
C 258
R
P 0x7f2a7c191628
C 342
R
P 0x7f2a7c191628
P 0x7f2a7c48d628
C 9
R
P 0x7f2a7c191628
C 342
R
P 0x7f2a7c191628
U 2
P 0x7f2a7c48d5f0
P 0x7f2a7c48d628
p 2
C 63
= 0x7f2a7c48d660
R
P 0x7f2a7c191628
C 342
R
P 0x7f2a7c191628
P 0x7f2a7c48d660
C 258
R
P 0x7f2a7c191628
C 342
R
P 0x7f2a7c191628
P 0x7f2a7c48d660
C 9
R
P 0x7f2a7c191628
C 342
R
P 0x7f2a7c191628
I 3
P 0x7f2a7c19b208
C 150
= 0x7f2a7c19bfc8
R
P 0x7f2a7c191628
C 342
R
P 0x7f2a7c191628
P 0x7f2a7c19bfc8
C 258
R
P 0x7f2a7c191628
C 342
R
P 0x7f2a7c191628
P 0x7f2a7c19bfc8
C 9
R
P 0x7f2a7c191628
C 342
R
P 0x7f2a7c191628
P 0x7f2a7c19bfc8
C 263
R
P 0x7f2a7c191628
C 342
R
P 0x7f2a7c191628
S "dev0T33"
C 30
R
P 0x7f2a7c191628
C 342
R
P 0x7f2a7c191628
$ |dev0T33|
C 202
R
P 0x7f2a7c191628
C 342
R
P 0x7f2a7c191628
$ |dev0T33|
P 0x7f2a7c19b1e8
C 51
= 0x7f2a7c19c228
R
P 0x7f2a7c191628
C 342
R
P 0x7f2a7c191628
P 0x7f2a7c19c228
C 257
R
P 0x7f2a7c191628
C 342
R
P 0x7f2a7c191628
P 0x7f2a7c19c228
C 254
= 0x7f2a7c19b1e8
R
P 0x7f2a7c191628
C 342
R
P 0x7f2a7c191628
P 0x7f2a7c19b1e8
C 209
R
P 0x7f2a7c191628
C 342
R
P 0x7f2a7c191628
P 0x7f2a7c19c228
C 260
R
P 0x7f2a7c191628
C 342
R
P 0x7f2a7c191628
P 0x7f2a7c19c228
C 259
R
P 0x7f2a7c191628
C 342
R
P 0x7f2a7c191628
P 0x7f2a7c19c228
C 258
R
P 0x7f2a7c191628
C 342
R
P 0x7f2a7c191628
P 0x7f2a7c19c228
C 9
R
P 0x7f2a7c191628
C 342
R
P 0x7f2a7c191628
P 0x7f2a7c19bc68
C 333
R
P 0x7f2a7c191628
C 342
R
P 0x7f2a7c191628
S "slotflowPriorityStart"
C 30
R
P 0x7f2a7c191628
C 342
R
P 0x7f2a7c191628
$ |slotflowPriorityStart|
C 202
R
P 0x7f2a7c191628
C 342
R
P 0x7f2a7c191628
$ |slotflowPriorityStart|
P 0x7f2a7c19b1e8
C 51
= 0x7f2a7c19c2a8
R
P 0x7f2a7c191628
C 342
R
P 0x7f2a7c191628
P 0x7f2a7c19c2a8
C 257
R
P 0x7f2a7c191628
C 342
R
P 0x7f2a7c191628
P 0x7f2a7c19c2a8
C 254
= 0x7f2a7c19b1e8
R
P 0x7f2a7c191628
C 342
R
P 0x7f2a7c191628
P 0x7f2a7c19b1e8
C 209
R
P 0x7f2a7c191628
C 342
R
P 0x7f2a7c191628
P 0x7f2a7c19c2a8
C 260
R
P 0x7f2a7c191628
C 342
R
P 0x7f2a7c191628
P 0x7f2a7c19c2a8
C 259
R
P 0x7f2a7c191628
C 342
R
P 0x7f2a7c191628
P 0x7f2a7c19c2a8
C 258
R
P 0x7f2a7c191628
C 342
R
P 0x7f2a7c191628
P 0x7f2a7c19c2a8
C 9
R
P 0x7f2a7c191628
C 342
R
P 0x7f2a7c191628
P 0x7f2a7c19bc68
C 333
R
P 0x7f2a7c191628
C 342
R
P 0x7f2a7c191628
S "slotflowPriorityDuration"
C 30
R
P 0x7f2a7c191628
C 342
R
P 0x7f2a7c191628
$ |slotflowPriorityDuration|
C 202
R
P 0x7f2a7c191628
C 342
R
P 0x7f2a7c191628
$ |slotflowPriorityDuration|
P 0x7f2a7c19b1e8
C 51
= 0x7f2a7c19c268
R
P 0x7f2a7c191628
C 342
R
P 0x7f2a7c191628
P 0x7f2a7c19c268
C 257
R
P 0x7f2a7c191628
C 342
R
P 0x7f2a7c191628
P 0x7f2a7c19c268
C 254
= 0x7f2a7c19b1e8
R
P 0x7f2a7c191628
C 342
R
P 0x7f2a7c191628
P 0x7f2a7c19b1e8
C 209
R
P 0x7f2a7c191628
C 342
R
P 0x7f2a7c191628
P 0x7f2a7c19c268
C 260
R
P 0x7f2a7c191628
C 342
R
P 0x7f2a7c191628
P 0x7f2a7c19c268
C 259
R
P 0x7f2a7c191628
C 342
R
P 0x7f2a7c191628
P 0x7f2a7c19c268
C 258
R
P 0x7f2a7c191628
C 342
R
P 0x7f2a7c191628
P 0x7f2a7c19c268
C 9
R
P 0x7f2a7c191628
C 342
R
P 0x7f2a7c191628
U 2
P 0x7f2a7c19c2a8
P 0x7f2a7c19c268
p 2
C 65
= 0x7f2a7c487908
R
P 0x7f2a7c191628
C 342
R
P 0x7f2a7c191628
P 0x7f2a7c487908
C 257
R
P 0x7f2a7c191628
C 342
R
P 0x7f2a7c191628
P 0x7f2a7c487908
C 254
= 0x7f2a7c19b1e8
R
P 0x7f2a7c191628
C 342
R
P 0x7f2a7c191628
P 0x7f2a7c19b1e8
C 209
R
P 0x7f2a7c191628
C 342
R
P 0x7f2a7c191628
P 0x7f2a7c487908
C 260
R
P 0x7f2a7c191628
C 342
R
P 0x7f2a7c191628
P 0x7f2a7c487908
C 259
R
P 0x7f2a7c191628
C 342
R
P 0x7f2a7c191628
P 0x7f2a7c487908
C 258
R
P 0x7f2a7c191628
C 342
R
P 0x7f2a7c191628
P 0x7f2a7c487908
C 9
R
P 0x7f2a7c191628
C 342
R
P 0x7f2a7c191628
I 2
P 0x7f2a7c19b208
C 150
= 0x7f2a7c19bcc8
R
P 0x7f2a7c191628
C 342
R
P 0x7f2a7c191628
P 0x7f2a7c19bcc8
C 258
R
P 0x7f2a7c191628
C 342
R
P 0x7f2a7c191628
P 0x7f2a7c19bcc8
C 9
R
P 0x7f2a7c191628
C 342
R
P 0x7f2a7c191628
I 1
P 0x7f2a7c19b208
C 150
= 0x7f2a7c19bc88
R
P 0x7f2a7c191628
C 342
R
P 0x7f2a7c191628
P 0x7f2a7c19bc88
C 258
R
P 0x7f2a7c191628
C 342
R
P 0x7f2a7c191628
P 0x7f2a7c19bc88
C 9
R
P 0x7f2a7c191628
C 342
R
P 0x7f2a7c191628
P 0x7f2a7c19bcc8
P 0x7f2a7c19bc88
C 75
= 0x7f2a7c1a1890
R
P 0x7f2a7c191628
C 342
R
P 0x7f2a7c191628
P 0x7f2a7c1a1890
C 258
R
P 0x7f2a7c191628
C 342
R
P 0x7f2a7c191628
P 0x7f2a7c1a1890
C 9
R
P 0x7f2a7c191628
C 342
R
P 0x7f2a7c191628
I 1
P 0x7f2a7c19b208
C 150
= 0x7f2a7c19bc88
R
P 0x7f2a7c191628
C 342
R
P 0x7f2a7c191628
P 0x7f2a7c19bc88
C 258
R
P 0x7f2a7c191628
C 342
R
P 0x7f2a7c191628
P 0x7f2a7c19bc88
C 9
R
P 0x7f2a7c191628
C 342
R
P 0x7f2a7c191628
U 2
P 0x7f2a7c19bcc8
P 0x7f2a7c19bc88
p 2
C 67
= 0x7f2a7c1a18c8
R
P 0x7f2a7c191628
C 342
R
P 0x7f2a7c191628
P 0x7f2a7c1a18c8
C 257
R
P 0x7f2a7c191628
C 342
R
P 0x7f2a7c191628
P 0x7f2a7c1a18c8
C 254
= 0x7f2a7c19b208
R
P 0x7f2a7c191628
C 342
R
P 0x7f2a7c191628
P 0x7f2a7c19b208
C 209
R
P 0x7f2a7c191628
C 342
R
P 0x7f2a7c191628
P 0x7f2a7c1a18c8
C 260
R
P 0x7f2a7c191628
C 342
R
P 0x7f2a7c191628
P 0x7f2a7c1a18c8
C 259
R
P 0x7f2a7c191628
C 342
R
P 0x7f2a7c191628
P 0x7f2a7c1a18c8
C 258
R
P 0x7f2a7c191628
C 342
R
P 0x7f2a7c191628
P 0x7f2a7c1a18c8
C 9
R
P 0x7f2a7c191628
C 342
R
P 0x7f2a7c191628
U 2
P 0x7f2a7c19bbe8
P 0x7f2a7c1a18c8
p 2
C 66
= 0x7f2a7c487d68
R
P 0x7f2a7c191628
C 342
R
P 0x7f2a7c191628
P 0x7f2a7c487d68
C 257
R
P 0x7f2a7c191628
C 342
R
P 0x7f2a7c191628
P 0x7f2a7c487d68
C 254
= 0x7f2a7c19b208
R
P 0x7f2a7c191628
C 342
R
P 0x7f2a7c191628
P 0x7f2a7c19b208
C 209
R
P 0x7f2a7c191628
C 342
R
P 0x7f2a7c191628
P 0x7f2a7c487d68
C 260
R
P 0x7f2a7c191628
C 342
R
P 0x7f2a7c191628
P 0x7f2a7c487d68
C 259
R
P 0x7f2a7c191628
C 342
R
P 0x7f2a7c191628
P 0x7f2a7c487d68
C 258
R
P 0x7f2a7c191628
C 342
R
P 0x7f2a7c191628
P 0x7f2a7c487d68
C 9
R
P 0x7f2a7c191628
C 342
R
P 0x7f2a7c191628
U 2
P 0x7f2a7c19bb88
P 0x7f2a7c487d68
p 2
C 65
= 0x7f2a7c487da0
R
P 0x7f2a7c191628
C 342
R
P 0x7f2a7c191628
P 0x7f2a7c487da0
C 257
R
P 0x7f2a7c191628
C 342
R
P 0x7f2a7c191628
P 0x7f2a7c487da0
C 254
= 0x7f2a7c19b1e8
R
P 0x7f2a7c191628
C 342
R
P 0x7f2a7c191628
P 0x7f2a7c19b1e8
C 209
R
P 0x7f2a7c191628
C 342
R
P 0x7f2a7c191628
P 0x7f2a7c487da0
C 260
R
P 0x7f2a7c191628
C 342
R
P 0x7f2a7c191628
P 0x7f2a7c487da0
C 259
R
P 0x7f2a7c191628
C 342
R
P 0x7f2a7c191628
P 0x7f2a7c487da0
C 258
R
P 0x7f2a7c191628
C 342
R
P 0x7f2a7c191628
P 0x7f2a7c487da0
C 9
R
P 0x7f2a7c191628
C 342
R
P 0x7f2a7c191628
P 0x7f2a7c1a1890
P 0x7f2a7c487da0
P 0x7f2a7c19bb88
C 59
= 0x7f2a7c19fa88
R
P 0x7f2a7c191628
C 342
R
P 0x7f2a7c191628
P 0x7f2a7c19fa88
C 257
R
P 0x7f2a7c191628
C 342
R
P 0x7f2a7c191628
P 0x7f2a7c19fa88
C 254
= 0x7f2a7c19b1e8
R
P 0x7f2a7c191628
C 342
R
P 0x7f2a7c191628
P 0x7f2a7c19b1e8
C 209
R
P 0x7f2a7c191628
C 342
R
P 0x7f2a7c191628
P 0x7f2a7c19fa88
C 260
R
P 0x7f2a7c191628
C 342
R
P 0x7f2a7c191628
P 0x7f2a7c19fa88
C 259
R
P 0x7f2a7c191628
C 342
R
P 0x7f2a7c191628
P 0x7f2a7c19fa88
C 258
R
P 0x7f2a7c191628
C 342
R
P 0x7f2a7c191628
P 0x7f2a7c19fa88
C 9
R
P 0x7f2a7c191628
C 342
R
P 0x7f2a7c191628
U 2
P 0x7f2a7c487908
P 0x7f2a7c19fa88
p 2
C 65
= 0x7f2a7c487dd8
R
P 0x7f2a7c191628
C 342
R
P 0x7f2a7c191628
P 0x7f2a7c487dd8
C 257
R
P 0x7f2a7c191628
C 342
R
P 0x7f2a7c191628
P 0x7f2a7c487dd8
C 254
= 0x7f2a7c19b1e8
R
P 0x7f2a7c191628
C 342
R
P 0x7f2a7c191628
P 0x7f2a7c19b1e8
C 209
R
P 0x7f2a7c191628
C 342
R
P 0x7f2a7c191628
P 0x7f2a7c487dd8
C 260
R
P 0x7f2a7c191628
C 342
R
P 0x7f2a7c191628
P 0x7f2a7c487dd8
C 259
R
P 0x7f2a7c191628
C 342
R
P 0x7f2a7c191628
P 0x7f2a7c487dd8
C 258
R
P 0x7f2a7c191628
C 342
R
P 0x7f2a7c191628
P 0x7f2a7c487dd8
C 9
R
P 0x7f2a7c191628
C 342
R
P 0x7f2a7c191628
P 0x7f2a7c19c228
P 0x7f2a7c487dd8
C 74
= 0x7f2a7c48b260
R
P 0x7f2a7c191628
C 342
R
P 0x7f2a7c191628
P 0x7f2a7c48b260
C 258
R
P 0x7f2a7c191628
C 342
R
P 0x7f2a7c191628
P 0x7f2a7c48b260
C 9
R
P 0x7f2a7c191628
C 342
R
P 0x7f2a7c191628
I 3
P 0x7f2a7c19b208
C 150
= 0x7f2a7c19bfc8
R
P 0x7f2a7c191628
C 342
R
P 0x7f2a7c191628
P 0x7f2a7c19bfc8
C 258
R
P 0x7f2a7c191628
C 342
R
P 0x7f2a7c191628
P 0x7f2a7c19bfc8
C 9
R
P 0x7f2a7c191628
C 342
R
P 0x7f2a7c191628
P 0x7f2a7c19bfc8
C 263
R
P 0x7f2a7c191628
C 342
R
P 0x7f2a7c191628
S "dev0T33"
C 30
R
P 0x7f2a7c191628
C 342
R
P 0x7f2a7c191628
$ |dev0T33|
C 202
R
P 0x7f2a7c191628
C 342
R
P 0x7f2a7c191628
$ |dev0T33|
P 0x7f2a7c19b1e8
C 51
= 0x7f2a7c19c228
R
P 0x7f2a7c191628
C 342
R
P 0x7f2a7c191628
P 0x7f2a7c19c228
C 257
R
P 0x7f2a7c191628
C 342
R
P 0x7f2a7c191628
P 0x7f2a7c19c228
C 254
= 0x7f2a7c19b1e8
R
P 0x7f2a7c191628
C 342
R
P 0x7f2a7c191628
P 0x7f2a7c19b1e8
C 209
R
P 0x7f2a7c191628
C 342
R
P 0x7f2a7c191628
P 0x7f2a7c19c228
C 260
R
P 0x7f2a7c191628
C 342
R
P 0x7f2a7c191628
P 0x7f2a7c19c228
C 259
R
P 0x7f2a7c191628
C 342
R
P 0x7f2a7c191628
P 0x7f2a7c19c228
C 258
R
P 0x7f2a7c191628
C 342
R
P 0x7f2a7c191628
P 0x7f2a7c19c228
C 9
R
P 0x7f2a7c191628
C 342
R
P 0x7f2a7c191628
P 0x7f2a7c19bc68
C 333
R
P 0x7f2a7c191628
C 342
R
P 0x7f2a7c191628
S "slotflowPriorityStart"
C 30
R
P 0x7f2a7c191628
C 342
R
P 0x7f2a7c191628
$ |slotflowPriorityStart|
C 202
R
P 0x7f2a7c191628
C 342
R
P 0x7f2a7c191628
$ |slotflowPriorityStart|
P 0x7f2a7c19b1e8
C 51
= 0x7f2a7c19c2a8
R
P 0x7f2a7c191628
C 342
R
P 0x7f2a7c191628
P 0x7f2a7c19c2a8
C 257
R
P 0x7f2a7c191628
C 342
R
P 0x7f2a7c191628
P 0x7f2a7c19c2a8
C 254
= 0x7f2a7c19b1e8
R
P 0x7f2a7c191628
C 342
R
P 0x7f2a7c191628
P 0x7f2a7c19b1e8
C 209
R
P 0x7f2a7c191628
C 342
R
P 0x7f2a7c191628
P 0x7f2a7c19c2a8
C 260
R
P 0x7f2a7c191628
C 342
R
P 0x7f2a7c191628
P 0x7f2a7c19c2a8
C 259
R
P 0x7f2a7c191628
C 342
R
P 0x7f2a7c191628
P 0x7f2a7c19c2a8
C 258
R
P 0x7f2a7c191628
C 342
R
P 0x7f2a7c191628
P 0x7f2a7c19c2a8
C 9
R
P 0x7f2a7c191628
C 342
R
P 0x7f2a7c191628
I 1
P 0x7f2a7c19b208
C 150
= 0x7f2a7c19bc88
R
P 0x7f2a7c191628
C 342
R
P 0x7f2a7c191628
P 0x7f2a7c19bc88
C 258
R
P 0x7f2a7c191628
C 342
R
P 0x7f2a7c191628
P 0x7f2a7c19bc88
C 9
R
P 0x7f2a7c191628
C 342
R
P 0x7f2a7c191628
I 1
P 0x7f2a7c19b208
C 150
= 0x7f2a7c19bc88
R
P 0x7f2a7c191628
C 342
R
P 0x7f2a7c191628
P 0x7f2a7c19bc88
C 258
R
P 0x7f2a7c191628
C 342
R
P 0x7f2a7c191628
P 0x7f2a7c19bc88
C 9
R
P 0x7f2a7c191628
C 342
R
P 0x7f2a7c191628
P 0x7f2a7c19bc88
P 0x7f2a7c19bc88
C 75
= 0x7f2a7c1a1778
R
P 0x7f2a7c191628
C 342
R
P 0x7f2a7c191628
P 0x7f2a7c1a1778
C 258
R
P 0x7f2a7c191628
C 342
R
P 0x7f2a7c191628
P 0x7f2a7c1a1778
C 9
R
P 0x7f2a7c191628
C 342
R
P 0x7f2a7c191628
I 1
P 0x7f2a7c19b208
C 150
= 0x7f2a7c19bc88
R
P 0x7f2a7c191628
C 342
R
P 0x7f2a7c191628
P 0x7f2a7c19bc88
C 258
R
P 0x7f2a7c191628
C 342
R
P 0x7f2a7c191628
P 0x7f2a7c19bc88
C 9
R
P 0x7f2a7c191628
C 342
R
P 0x7f2a7c191628
U 2
P 0x7f2a7c19bc88
P 0x7f2a7c19bc88
p 2
C 67
= 0x7f2a7c1a17b0
R
P 0x7f2a7c191628
C 342
R
P 0x7f2a7c191628
P 0x7f2a7c1a17b0
C 257
R
P 0x7f2a7c191628
C 342
R
P 0x7f2a7c191628
P 0x7f2a7c1a17b0
C 254
= 0x7f2a7c19b208
R
P 0x7f2a7c191628
C 342
R
P 0x7f2a7c191628
P 0x7f2a7c19b208
C 209
R
P 0x7f2a7c191628
C 342
R
P 0x7f2a7c191628
P 0x7f2a7c1a17b0
C 260
R
P 0x7f2a7c191628
C 342
R
P 0x7f2a7c191628
P 0x7f2a7c1a17b0
C 259
R
P 0x7f2a7c191628
C 342
R
P 0x7f2a7c191628
P 0x7f2a7c1a17b0
C 258
R
P 0x7f2a7c191628
C 342
R
P 0x7f2a7c191628
P 0x7f2a7c1a17b0
C 9
R
P 0x7f2a7c191628
C 342
R
P 0x7f2a7c191628
U 2
P 0x7f2a7c19bbe8
P 0x7f2a7c1a17b0
p 2
C 66
= 0x7f2a7c487b70
R
P 0x7f2a7c191628
C 342
R
P 0x7f2a7c191628
P 0x7f2a7c487b70
C 257
R
P 0x7f2a7c191628
C 342
R
P 0x7f2a7c191628
P 0x7f2a7c487b70
C 254
= 0x7f2a7c19b208
R
P 0x7f2a7c191628
C 342
R
P 0x7f2a7c191628
P 0x7f2a7c19b208
C 209
R
P 0x7f2a7c191628
C 342
R
P 0x7f2a7c191628
P 0x7f2a7c487b70
C 260
R
P 0x7f2a7c191628
C 342
R
P 0x7f2a7c191628
P 0x7f2a7c487b70
C 259
R
P 0x7f2a7c191628
C 342
R
P 0x7f2a7c191628
P 0x7f2a7c487b70
C 258
R
P 0x7f2a7c191628
C 342
R
P 0x7f2a7c191628
P 0x7f2a7c487b70
C 9
R
P 0x7f2a7c191628
C 342
R
P 0x7f2a7c191628
U 2
P 0x7f2a7c19bb88
P 0x7f2a7c487b70
p 2
C 65
= 0x7f2a7c487ba8
R
P 0x7f2a7c191628
C 342
R
P 0x7f2a7c191628
P 0x7f2a7c487ba8
C 257
R
P 0x7f2a7c191628
C 342
R
P 0x7f2a7c191628
P 0x7f2a7c487ba8
C 254
= 0x7f2a7c19b1e8
R
P 0x7f2a7c191628
C 342
R
P 0x7f2a7c191628
P 0x7f2a7c19b1e8
C 209
R
P 0x7f2a7c191628
C 342
R
P 0x7f2a7c191628
P 0x7f2a7c487ba8
C 260
R
P 0x7f2a7c191628
C 342
R
P 0x7f2a7c191628
P 0x7f2a7c487ba8
C 259
R
P 0x7f2a7c191628
C 342
R
P 0x7f2a7c191628
P 0x7f2a7c487ba8
C 258
R
P 0x7f2a7c191628
C 342
R
P 0x7f2a7c191628
P 0x7f2a7c487ba8
C 9
R
P 0x7f2a7c191628
C 342
R
P 0x7f2a7c191628
P 0x7f2a7c1a1778
P 0x7f2a7c487ba8
P 0x7f2a7c19bb88
C 59
= 0x7f2a7c19fa48
R
P 0x7f2a7c191628
C 342
R
P 0x7f2a7c191628
P 0x7f2a7c19fa48
C 257
R
P 0x7f2a7c191628
C 342
R
P 0x7f2a7c191628
P 0x7f2a7c19fa48
C 254
= 0x7f2a7c19b1e8
R
P 0x7f2a7c191628
C 342
R
P 0x7f2a7c191628
P 0x7f2a7c19b1e8
C 209
R
P 0x7f2a7c191628
C 342
R
P 0x7f2a7c191628
P 0x7f2a7c19fa48
C 260
R
P 0x7f2a7c191628
C 342
R
P 0x7f2a7c191628
P 0x7f2a7c19fa48
C 259
R
P 0x7f2a7c191628
C 342
R
P 0x7f2a7c191628
P 0x7f2a7c19fa48
C 258
R
P 0x7f2a7c191628
C 342
R
P 0x7f2a7c191628
P 0x7f2a7c19fa48
C 9
R
P 0x7f2a7c191628
C 342
R
P 0x7f2a7c191628
U 2
P 0x7f2a7c19c2a8
P 0x7f2a7c19fa48
p 2
C 65
= 0x7f2a7c487c88
R
P 0x7f2a7c191628
C 342
R
P 0x7f2a7c191628
P 0x7f2a7c487c88
C 257
R
P 0x7f2a7c191628
C 342
R
P 0x7f2a7c191628
P 0x7f2a7c487c88
C 254
= 0x7f2a7c19b1e8
R
P 0x7f2a7c191628
C 342
R
P 0x7f2a7c191628
P 0x7f2a7c19b1e8
C 209
R
P 0x7f2a7c191628
C 342
R
P 0x7f2a7c191628
P 0x7f2a7c487c88
C 260
R
P 0x7f2a7c191628
C 342
R
P 0x7f2a7c191628
P 0x7f2a7c487c88
C 259
R
P 0x7f2a7c191628
C 342
R
P 0x7f2a7c191628
P 0x7f2a7c487c88
C 258
R
P 0x7f2a7c191628
C 342
R
P 0x7f2a7c191628
P 0x7f2a7c487c88
C 9
R
P 0x7f2a7c191628
C 342
R
P 0x7f2a7c191628
U 2
P 0x7f2a7c487c88
P 0x7f2a7c19bb68
p 2
C 65
= 0x7f2a7c489870
R
P 0x7f2a7c191628
C 342
R
P 0x7f2a7c191628
P 0x7f2a7c489870
C 257
R
P 0x7f2a7c191628
C 342
R
P 0x7f2a7c191628
P 0x7f2a7c489870
C 254
= 0x7f2a7c19b1e8
R
P 0x7f2a7c191628
C 342
R
P 0x7f2a7c191628
P 0x7f2a7c19b1e8
C 209
R
P 0x7f2a7c191628
C 342
R
P 0x7f2a7c191628
P 0x7f2a7c489870
C 260
R
P 0x7f2a7c191628
C 342
R
P 0x7f2a7c191628
P 0x7f2a7c489870
C 259
R
P 0x7f2a7c191628
C 342
R
P 0x7f2a7c191628
P 0x7f2a7c489870
C 258
R
P 0x7f2a7c191628
C 342
R
P 0x7f2a7c191628
P 0x7f2a7c489870
C 9
R
P 0x7f2a7c191628
C 342
R
P 0x7f2a7c191628
P 0x7f2a7c19c228
P 0x7f2a7c489870
C 56
= 0x7f2a7c48d698
R
P 0x7f2a7c191628
C 342
R
P 0x7f2a7c191628
P 0x7f2a7c48d698
C 258
R
P 0x7f2a7c191628
C 342
R
P 0x7f2a7c191628
P 0x7f2a7c48d698
C 9
R
P 0x7f2a7c191628
C 342
R
P 0x7f2a7c191628
U 2
P 0x7f2a7c48b260
P 0x7f2a7c48d698
p 2
C 63
= 0x7f2a7c48d6d0
R
P 0x7f2a7c191628
C 342
R
P 0x7f2a7c191628
P 0x7f2a7c48d6d0
C 258
R
P 0x7f2a7c191628
C 342
R
P 0x7f2a7c191628
P 0x7f2a7c48d6d0
C 9
R
P 0x7f2a7c191628
C 342
R
P 0x7f2a7c191628
P 0x7f2a7c48d660
P 0x7f2a7c48d6d0
C 61
= 0x7f2a7c48d708
R
P 0x7f2a7c191628
C 342
R
P 0x7f2a7c191628
P 0x7f2a7c48d708
C 258
R
P 0x7f2a7c191628
C 342
R
P 0x7f2a7c191628
P 0x7f2a7c48d708
C 9
R
P 0x7f2a7c191628
C 342
R
P 0x7f2a7c191628
P 0x7f2a7c1e1fc8
P 0x7f2a7c48d708
C 427
R
P 0x7f2a7c191628
C 342
R
P 0x7f2a7c191628
I 3
P 0x7f2a7c19b208
C 150
= 0x7f2a7c19bfc8
R
P 0x7f2a7c191628
C 342
R
P 0x7f2a7c191628
P 0x7f2a7c19bfc8
C 258
R
P 0x7f2a7c191628
C 342
R
P 0x7f2a7c191628
P 0x7f2a7c19bfc8
C 9
R
P 0x7f2a7c191628
C 342
R
P 0x7f2a7c191628
I 1
P 0x7f2a7c19b208
C 150
= 0x7f2a7c19bc88
R
P 0x7f2a7c191628
C 342
R
P 0x7f2a7c191628
P 0x7f2a7c19bc88
C 258
R
P 0x7f2a7c191628
C 342
R
P 0x7f2a7c191628
P 0x7f2a7c19bc88
C 9
R
P 0x7f2a7c191628
C 342
R
P 0x7f2a7c191628
P 0x7f2a7c19bfc8
P 0x7f2a7c19bc88
C 75
= 0x7f2a7c487208
R
P 0x7f2a7c191628
C 342
R
P 0x7f2a7c191628
P 0x7f2a7c487208
C 258
R
P 0x7f2a7c191628
C 342
R
P 0x7f2a7c191628
P 0x7f2a7c487208
C 9
R
P 0x7f2a7c191628
C 342
R
P 0x7f2a7c191628
I 1
P 0x7f2a7c19b208
C 150
= 0x7f2a7c19bc88
R
P 0x7f2a7c191628
C 342
R
P 0x7f2a7c191628
P 0x7f2a7c19bc88
C 258
R
P 0x7f2a7c191628
C 342
R
P 0x7f2a7c191628
P 0x7f2a7c19bc88
C 9
R
P 0x7f2a7c191628
C 342
R
P 0x7f2a7c191628
U 2
P 0x7f2a7c19bfc8
P 0x7f2a7c19bc88
p 2
C 67
= 0x7f2a7c487240
R
P 0x7f2a7c191628
C 342
R
P 0x7f2a7c191628
P 0x7f2a7c487240
C 257
R
P 0x7f2a7c191628
C 342
R
P 0x7f2a7c191628
P 0x7f2a7c487240
C 254
= 0x7f2a7c19b208
R
P 0x7f2a7c191628
C 342
R
P 0x7f2a7c191628
P 0x7f2a7c19b208
C 209
R
P 0x7f2a7c191628
C 342
R
P 0x7f2a7c191628
P 0x7f2a7c487240
C 260
R
P 0x7f2a7c191628
C 342
R
P 0x7f2a7c191628
P 0x7f2a7c487240
C 259
R
P 0x7f2a7c191628
C 342
R
P 0x7f2a7c191628
P 0x7f2a7c487240
C 258
R
P 0x7f2a7c191628
C 342
R
P 0x7f2a7c191628
P 0x7f2a7c487240
C 9
R
P 0x7f2a7c191628
C 342
R
P 0x7f2a7c191628
U 2
P 0x7f2a7c19bba8
P 0x7f2a7c487240
p 2
C 66
= 0x7f2a7c487278
R
P 0x7f2a7c191628
C 342
R
P 0x7f2a7c191628
P 0x7f2a7c487278
C 257
R
P 0x7f2a7c191628
C 342
R
P 0x7f2a7c191628
P 0x7f2a7c487278
C 254
= 0x7f2a7c19b1e8
R
P 0x7f2a7c191628
C 342
R
P 0x7f2a7c191628
P 0x7f2a7c19b1e8
C 209
R
P 0x7f2a7c191628
C 342
R
P 0x7f2a7c191628
P 0x7f2a7c487278
C 260
R
P 0x7f2a7c191628
C 342
R
P 0x7f2a7c191628
P 0x7f2a7c487278
C 259
R
P 0x7f2a7c191628
C 342
R
P 0x7f2a7c191628
P 0x7f2a7c487278
C 258
R
P 0x7f2a7c191628
C 342
R
P 0x7f2a7c191628
P 0x7f2a7c487278
C 9
R
P 0x7f2a7c191628
C 342
R
P 0x7f2a7c191628
U 2
P 0x7f2a7c19bc28
P 0x7f2a7c487278
p 2
C 65
= 0x7f2a7c4872b0
R
P 0x7f2a7c191628
C 342
R
P 0x7f2a7c191628
P 0x7f2a7c4872b0
C 257
R
P 0x7f2a7c191628
C 342
R
P 0x7f2a7c191628
P 0x7f2a7c4872b0
C 254
= 0x7f2a7c19b1e8
R
P 0x7f2a7c191628
C 342
R
P 0x7f2a7c191628
P 0x7f2a7c19b1e8
C 209
R
P 0x7f2a7c191628
C 342
R
P 0x7f2a7c191628
P 0x7f2a7c4872b0
C 260
R
P 0x7f2a7c191628
C 342
R
P 0x7f2a7c191628
P 0x7f2a7c4872b0
C 259
R
P 0x7f2a7c191628
C 342
R
P 0x7f2a7c191628
P 0x7f2a7c4872b0
C 258
R
P 0x7f2a7c191628
C 342
R
P 0x7f2a7c191628
P 0x7f2a7c4872b0
C 9
R
P 0x7f2a7c191628
C 342
R
P 0x7f2a7c191628
P 0x7f2a7c487208
P 0x7f2a7c4872b0
P 0x7f2a7c19bc28
C 59
= 0x7f2a7c19f988
R
P 0x7f2a7c191628
C 342
R
P 0x7f2a7c191628
P 0x7f2a7c19f988
C 257
R
P 0x7f2a7c191628
C 342
R
P 0x7f2a7c191628
P 0x7f2a7c19f988
C 254
= 0x7f2a7c19b1e8
R
P 0x7f2a7c191628
C 342
R
P 0x7f2a7c191628
P 0x7f2a7c19b1e8
C 209
R
P 0x7f2a7c191628
C 342
R
P 0x7f2a7c191628
P 0x7f2a7c19f988
C 260
R
P 0x7f2a7c191628
C 342
R
P 0x7f2a7c191628
P 0x7f2a7c19f988
C 259
R
P 0x7f2a7c191628
C 342
R
P 0x7f2a7c191628
P 0x7f2a7c19f988
C 258
R
P 0x7f2a7c191628
C 342
R
P 0x7f2a7c191628
P 0x7f2a7c19f988
C 9
R
P 0x7f2a7c191628
C 342
R
P 0x7f2a7c191628
U 2
P 0x7f2a7c19f988
P 0x7f2a7c19bb48
p 2
C 65
= 0x7f2a7c4872e8
R
P 0x7f2a7c191628
C 342
R
P 0x7f2a7c191628
P 0x7f2a7c4872e8
C 257
R
P 0x7f2a7c191628
C 342
R
P 0x7f2a7c191628
P 0x7f2a7c4872e8
C 254
= 0x7f2a7c19b1e8
R
P 0x7f2a7c191628
C 342
R
P 0x7f2a7c191628
P 0x7f2a7c19b1e8
C 209
R
P 0x7f2a7c191628
C 342
R
P 0x7f2a7c191628
P 0x7f2a7c4872e8
C 260
R
P 0x7f2a7c191628
C 342
R
P 0x7f2a7c191628
P 0x7f2a7c4872e8
C 259
R
P 0x7f2a7c191628
C 342
R
P 0x7f2a7c191628
P 0x7f2a7c4872e8
C 258
R
P 0x7f2a7c191628
C 342
R
P 0x7f2a7c191628
P 0x7f2a7c4872e8
C 9
R
P 0x7f2a7c191628
C 342
R
P 0x7f2a7c191628
P 0x7f2a7c19bc68
C 333
R
P 0x7f2a7c191628
C 342
R
P 0x7f2a7c191628
S "slotflowPriorityStart"
C 30
R
P 0x7f2a7c191628
C 342
R
P 0x7f2a7c191628
$ |slotflowPriorityStart|
C 202
R
P 0x7f2a7c191628
C 342
R
P 0x7f2a7c191628
$ |slotflowPriorityStart|
P 0x7f2a7c19b1e8
C 51
= 0x7f2a7c19c2a8
R
P 0x7f2a7c191628
C 342
R
P 0x7f2a7c191628
P 0x7f2a7c19c2a8
C 257
R
P 0x7f2a7c191628
C 342
R
P 0x7f2a7c191628
P 0x7f2a7c19c2a8
C 254
= 0x7f2a7c19b1e8
R
P 0x7f2a7c191628
C 342
R
P 0x7f2a7c191628
P 0x7f2a7c19b1e8
C 209
R
P 0x7f2a7c191628
C 342
R
P 0x7f2a7c191628
P 0x7f2a7c19c2a8
C 260
R
P 0x7f2a7c191628
C 342
R
P 0x7f2a7c191628
P 0x7f2a7c19c2a8
C 259
R
P 0x7f2a7c191628
C 342
R
P 0x7f2a7c191628
P 0x7f2a7c19c2a8
C 258
R
P 0x7f2a7c191628
C 342
R
P 0x7f2a7c191628
P 0x7f2a7c19c2a8
C 9
R
P 0x7f2a7c191628
C 342
R
P 0x7f2a7c191628
P 0x7f2a7c19bc68
C 333
R
P 0x7f2a7c191628
C 342
R
P 0x7f2a7c191628
S "slotflowPriorityDuration"
C 30
R
P 0x7f2a7c191628
C 342
R
P 0x7f2a7c191628
$ |slotflowPriorityDuration|
C 202
R
P 0x7f2a7c191628
C 342
R
P 0x7f2a7c191628
$ |slotflowPriorityDuration|
P 0x7f2a7c19b1e8
C 51
= 0x7f2a7c19c268
R
P 0x7f2a7c191628
C 342
R
P 0x7f2a7c191628
P 0x7f2a7c19c268
C 257
R
P 0x7f2a7c191628
C 342
R
P 0x7f2a7c191628
P 0x7f2a7c19c268
C 254
= 0x7f2a7c19b1e8
R
P 0x7f2a7c191628
C 342
R
P 0x7f2a7c191628
P 0x7f2a7c19b1e8
C 209
R
P 0x7f2a7c191628
C 342
R
P 0x7f2a7c191628
P 0x7f2a7c19c268
C 260
R
P 0x7f2a7c191628
C 342
R
P 0x7f2a7c191628
P 0x7f2a7c19c268
C 259
R
P 0x7f2a7c191628
C 342
R
P 0x7f2a7c191628
P 0x7f2a7c19c268
C 258
R
P 0x7f2a7c191628
C 342
R
P 0x7f2a7c191628
P 0x7f2a7c19c268
C 9
R
P 0x7f2a7c191628
C 342
R
P 0x7f2a7c191628
U 2
P 0x7f2a7c19c2a8
P 0x7f2a7c19c268
p 2
C 65
= 0x7f2a7c487908
R
P 0x7f2a7c191628
C 342
R
P 0x7f2a7c191628
P 0x7f2a7c487908
C 257
R
P 0x7f2a7c191628
C 342
R
P 0x7f2a7c191628
P 0x7f2a7c487908
C 254
= 0x7f2a7c19b1e8
R
P 0x7f2a7c191628
C 342
R
P 0x7f2a7c191628
P 0x7f2a7c19b1e8
C 209
R
P 0x7f2a7c191628
C 342
R
P 0x7f2a7c191628
P 0x7f2a7c487908
C 260
R
P 0x7f2a7c191628
C 342
R
P 0x7f2a7c191628
P 0x7f2a7c487908
C 259
R
P 0x7f2a7c191628
C 342
R
P 0x7f2a7c191628
P 0x7f2a7c487908
C 258
R
P 0x7f2a7c191628
C 342
R
P 0x7f2a7c191628
P 0x7f2a7c487908
C 9
R
P 0x7f2a7c191628
C 342
R
P 0x7f2a7c191628
I 2
P 0x7f2a7c19b208
C 150
= 0x7f2a7c19bcc8
R
P 0x7f2a7c191628
C 342
R
P 0x7f2a7c191628
P 0x7f2a7c19bcc8
C 258
R
P 0x7f2a7c191628
C 342
R
P 0x7f2a7c191628
P 0x7f2a7c19bcc8
C 9
R
P 0x7f2a7c191628
C 342
R
P 0x7f2a7c191628
I 1
P 0x7f2a7c19b208
C 150
= 0x7f2a7c19bc88
R
P 0x7f2a7c191628
C 342
R
P 0x7f2a7c191628
P 0x7f2a7c19bc88
C 258
R
P 0x7f2a7c191628
C 342
R
P 0x7f2a7c191628
P 0x7f2a7c19bc88
C 9
R
P 0x7f2a7c191628
C 342
R
P 0x7f2a7c191628
P 0x7f2a7c19bcc8
P 0x7f2a7c19bc88
C 75
= 0x7f2a7c1a1890
R
P 0x7f2a7c191628
C 342
R
P 0x7f2a7c191628
P 0x7f2a7c1a1890
C 258
R
P 0x7f2a7c191628
C 342
R
P 0x7f2a7c191628
P 0x7f2a7c1a1890
C 9
R
P 0x7f2a7c191628
C 342
R
P 0x7f2a7c191628
I 1
P 0x7f2a7c19b208
C 150
= 0x7f2a7c19bc88
R
P 0x7f2a7c191628
C 342
R
P 0x7f2a7c191628
P 0x7f2a7c19bc88
C 258
R
P 0x7f2a7c191628
C 342
R
P 0x7f2a7c191628
P 0x7f2a7c19bc88
C 9
R
P 0x7f2a7c191628
C 342
R
P 0x7f2a7c191628
U 2
P 0x7f2a7c19bcc8
P 0x7f2a7c19bc88
p 2
C 67
= 0x7f2a7c1a18c8
R
P 0x7f2a7c191628
C 342
R
P 0x7f2a7c191628
P 0x7f2a7c1a18c8
C 257
R
P 0x7f2a7c191628
C 342
R
P 0x7f2a7c191628
P 0x7f2a7c1a18c8
C 254
= 0x7f2a7c19b208
R
P 0x7f2a7c191628
C 342
R
P 0x7f2a7c191628
P 0x7f2a7c19b208
C 209
R
P 0x7f2a7c191628
C 342
R
P 0x7f2a7c191628
P 0x7f2a7c1a18c8
C 260
R
P 0x7f2a7c191628
C 342
R
P 0x7f2a7c191628
P 0x7f2a7c1a18c8
C 259
R
P 0x7f2a7c191628
C 342
R
P 0x7f2a7c191628
P 0x7f2a7c1a18c8
C 258
R
P 0x7f2a7c191628
C 342
R
P 0x7f2a7c191628
P 0x7f2a7c1a18c8
C 9
R
P 0x7f2a7c191628
C 342
R
P 0x7f2a7c191628
U 2
P 0x7f2a7c19bbe8
P 0x7f2a7c1a18c8
p 2
C 66
= 0x7f2a7c487d68
R
P 0x7f2a7c191628
C 342
R
P 0x7f2a7c191628
P 0x7f2a7c487d68
C 257
R
P 0x7f2a7c191628
C 342
R
P 0x7f2a7c191628
P 0x7f2a7c487d68
C 254
= 0x7f2a7c19b208
R
P 0x7f2a7c191628
C 342
R
P 0x7f2a7c191628
P 0x7f2a7c19b208
C 209
R
P 0x7f2a7c191628
C 342
R
P 0x7f2a7c191628
P 0x7f2a7c487d68
C 260
R
P 0x7f2a7c191628
C 342
R
P 0x7f2a7c191628
P 0x7f2a7c487d68
C 259
R
P 0x7f2a7c191628
C 342
R
P 0x7f2a7c191628
P 0x7f2a7c487d68
C 258
R
P 0x7f2a7c191628
C 342
R
P 0x7f2a7c191628
P 0x7f2a7c487d68
C 9
R
P 0x7f2a7c191628
C 342
R
P 0x7f2a7c191628
U 2
P 0x7f2a7c19bb88
P 0x7f2a7c487d68
p 2
C 65
= 0x7f2a7c487da0
R
P 0x7f2a7c191628
C 342
R
P 0x7f2a7c191628
P 0x7f2a7c487da0
C 257
R
P 0x7f2a7c191628
C 342
R
P 0x7f2a7c191628
P 0x7f2a7c487da0
C 254
= 0x7f2a7c19b1e8
R
P 0x7f2a7c191628
C 342
R
P 0x7f2a7c191628
P 0x7f2a7c19b1e8
C 209
R
P 0x7f2a7c191628
C 342
R
P 0x7f2a7c191628
P 0x7f2a7c487da0
C 260
R
P 0x7f2a7c191628
C 342
R
P 0x7f2a7c191628
P 0x7f2a7c487da0
C 259
R
P 0x7f2a7c191628
C 342
R
P 0x7f2a7c191628
P 0x7f2a7c487da0
C 258
R
P 0x7f2a7c191628
C 342
R
P 0x7f2a7c191628
P 0x7f2a7c487da0
C 9
R
P 0x7f2a7c191628
C 342
R
P 0x7f2a7c191628
P 0x7f2a7c1a1890
P 0x7f2a7c487da0
P 0x7f2a7c19bb88
C 59
= 0x7f2a7c19fa88
R
P 0x7f2a7c191628
C 342
R
P 0x7f2a7c191628
P 0x7f2a7c19fa88
C 257
R
P 0x7f2a7c191628
C 342
R
P 0x7f2a7c191628
P 0x7f2a7c19fa88
C 254
= 0x7f2a7c19b1e8
R
P 0x7f2a7c191628
C 342
R
P 0x7f2a7c191628
P 0x7f2a7c19b1e8
C 209
R
P 0x7f2a7c191628
C 342
R
P 0x7f2a7c191628
P 0x7f2a7c19fa88
C 260
R
P 0x7f2a7c191628
C 342
R
P 0x7f2a7c191628
P 0x7f2a7c19fa88
C 259
R
P 0x7f2a7c191628
C 342
R
P 0x7f2a7c191628
P 0x7f2a7c19fa88
C 258
R
P 0x7f2a7c191628
C 342
R
P 0x7f2a7c191628
P 0x7f2a7c19fa88
C 9
R
P 0x7f2a7c191628
C 342
R
P 0x7f2a7c191628
U 2
P 0x7f2a7c487908
P 0x7f2a7c19fa88
p 2
C 65
= 0x7f2a7c487dd8
R
P 0x7f2a7c191628
C 342
R
P 0x7f2a7c191628
P 0x7f2a7c487dd8
C 257
R
P 0x7f2a7c191628
C 342
R
P 0x7f2a7c191628
P 0x7f2a7c487dd8
C 254
= 0x7f2a7c19b1e8
R
P 0x7f2a7c191628
C 342
R
P 0x7f2a7c191628
P 0x7f2a7c19b1e8
C 209
R
P 0x7f2a7c191628
C 342
R
P 0x7f2a7c191628
P 0x7f2a7c487dd8
C 260
R
P 0x7f2a7c191628
C 342
R
P 0x7f2a7c191628
P 0x7f2a7c487dd8
C 259
R
P 0x7f2a7c191628
C 342
R
P 0x7f2a7c191628
P 0x7f2a7c487dd8
C 258
R
P 0x7f2a7c191628
C 342
R
P 0x7f2a7c191628
P 0x7f2a7c487dd8
C 9
R
P 0x7f2a7c191628
C 342
R
P 0x7f2a7c191628
U 2
P 0x7f2a7c487dd8
P 0x7f2a7c19bb68
p 2
C 67
= 0x7f2a7c487e10
R
P 0x7f2a7c191628
C 342
R
P 0x7f2a7c191628
P 0x7f2a7c487e10
C 257
R
P 0x7f2a7c191628
C 342
R
P 0x7f2a7c191628
P 0x7f2a7c487e10
C 254
= 0x7f2a7c19b1e8
R
P 0x7f2a7c191628
C 342
R
P 0x7f2a7c191628
P 0x7f2a7c19b1e8
C 209
R
P 0x7f2a7c191628
C 342
R
P 0x7f2a7c191628
P 0x7f2a7c487e10
C 260
R
P 0x7f2a7c191628
C 342
R
P 0x7f2a7c191628
P 0x7f2a7c487e10
C 259
R
P 0x7f2a7c191628
C 342
R
P 0x7f2a7c191628
P 0x7f2a7c487e10
C 258
R
P 0x7f2a7c191628
C 342
R
P 0x7f2a7c191628
P 0x7f2a7c487e10
C 9
R
P 0x7f2a7c191628
C 342
R
P 0x7f2a7c191628
P 0x7f2a7c4872e8
P 0x7f2a7c487e10
C 75
= 0x7f2a7c48d740
R
P 0x7f2a7c191628
C 342
R
P 0x7f2a7c191628
P 0x7f2a7c48d740
C 258
R
P 0x7f2a7c191628
C 342
R
P 0x7f2a7c191628
P 0x7f2a7c48d740
C 9
R
P 0x7f2a7c191628
C 342
R
P 0x7f2a7c191628
I 3
P 0x7f2a7c19b208
C 150
= 0x7f2a7c19bfc8
R
P 0x7f2a7c191628
C 342
R
P 0x7f2a7c191628
P 0x7f2a7c19bfc8
C 258
R
P 0x7f2a7c191628
C 342
R
P 0x7f2a7c191628
P 0x7f2a7c19bfc8
C 9
R
P 0x7f2a7c191628
C 342
R
P 0x7f2a7c191628
I 1
P 0x7f2a7c19b208
C 150
= 0x7f2a7c19bc88
R
P 0x7f2a7c191628
C 342
R
P 0x7f2a7c191628
P 0x7f2a7c19bc88
C 258
R
P 0x7f2a7c191628
C 342
R
P 0x7f2a7c191628
P 0x7f2a7c19bc88
C 9
R
P 0x7f2a7c191628
C 342
R
P 0x7f2a7c191628
P 0x7f2a7c19bfc8
P 0x7f2a7c19bc88
C 75
= 0x7f2a7c487208
R
P 0x7f2a7c191628
C 342
R
P 0x7f2a7c191628
P 0x7f2a7c487208
C 258
R
P 0x7f2a7c191628
C 342
R
P 0x7f2a7c191628
P 0x7f2a7c487208
C 9
R
P 0x7f2a7c191628
C 342
R
P 0x7f2a7c191628
I 1
P 0x7f2a7c19b208
C 150
= 0x7f2a7c19bc88
R
P 0x7f2a7c191628
C 342
R
P 0x7f2a7c191628
P 0x7f2a7c19bc88
C 258
R
P 0x7f2a7c191628
C 342
R
P 0x7f2a7c191628
P 0x7f2a7c19bc88
C 9
R
P 0x7f2a7c191628
C 342
R
P 0x7f2a7c191628
U 2
P 0x7f2a7c19bfc8
P 0x7f2a7c19bc88
p 2
C 67
= 0x7f2a7c487240
R
P 0x7f2a7c191628
C 342
R
P 0x7f2a7c191628
P 0x7f2a7c487240
C 257
R
P 0x7f2a7c191628
C 342
R
P 0x7f2a7c191628
P 0x7f2a7c487240
C 254
= 0x7f2a7c19b208
R
P 0x7f2a7c191628
C 342
R
P 0x7f2a7c191628
P 0x7f2a7c19b208
C 209
R
P 0x7f2a7c191628
C 342
R
P 0x7f2a7c191628
P 0x7f2a7c487240
C 260
R
P 0x7f2a7c191628
C 342
R
P 0x7f2a7c191628
P 0x7f2a7c487240
C 259
R
P 0x7f2a7c191628
C 342
R
P 0x7f2a7c191628
P 0x7f2a7c487240
C 258
R
P 0x7f2a7c191628
C 342
R
P 0x7f2a7c191628
P 0x7f2a7c487240
C 9
R
P 0x7f2a7c191628
C 342
R
P 0x7f2a7c191628
U 2
P 0x7f2a7c19bba8
P 0x7f2a7c487240
p 2
C 66
= 0x7f2a7c487278
R
P 0x7f2a7c191628
C 342
R
P 0x7f2a7c191628
P 0x7f2a7c487278
C 257
R
P 0x7f2a7c191628
C 342
R
P 0x7f2a7c191628
P 0x7f2a7c487278
C 254
= 0x7f2a7c19b1e8
R
P 0x7f2a7c191628
C 342
R
P 0x7f2a7c191628
P 0x7f2a7c19b1e8
C 209
R
P 0x7f2a7c191628
C 342
R
P 0x7f2a7c191628
P 0x7f2a7c487278
C 260
R
P 0x7f2a7c191628
C 342
R
P 0x7f2a7c191628
P 0x7f2a7c487278
C 259
R
P 0x7f2a7c191628
C 342
R
P 0x7f2a7c191628
P 0x7f2a7c487278
C 258
R
P 0x7f2a7c191628
C 342
R
P 0x7f2a7c191628
P 0x7f2a7c487278
C 9
R
P 0x7f2a7c191628
C 342
R
P 0x7f2a7c191628
U 2
P 0x7f2a7c19bc28
P 0x7f2a7c487278
p 2
C 65
= 0x7f2a7c4872b0
R
P 0x7f2a7c191628
C 342
R
P 0x7f2a7c191628
P 0x7f2a7c4872b0
C 257
R
P 0x7f2a7c191628
C 342
R
P 0x7f2a7c191628
P 0x7f2a7c4872b0
C 254
= 0x7f2a7c19b1e8
R
P 0x7f2a7c191628
C 342
R
P 0x7f2a7c191628
P 0x7f2a7c19b1e8
C 209
R
P 0x7f2a7c191628
C 342
R
P 0x7f2a7c191628
P 0x7f2a7c4872b0
C 260
R
P 0x7f2a7c191628
C 342
R
P 0x7f2a7c191628
P 0x7f2a7c4872b0
C 259
R
P 0x7f2a7c191628
C 342
R
P 0x7f2a7c191628
P 0x7f2a7c4872b0
C 258
R
P 0x7f2a7c191628
C 342
R
P 0x7f2a7c191628
P 0x7f2a7c4872b0
C 9
R
P 0x7f2a7c191628
C 342
R
P 0x7f2a7c191628
P 0x7f2a7c487208
P 0x7f2a7c4872b0
P 0x7f2a7c19bc28
C 59
= 0x7f2a7c19f988
R
P 0x7f2a7c191628
C 342
R
P 0x7f2a7c191628
P 0x7f2a7c19f988
C 257
R
P 0x7f2a7c191628
C 342
R
P 0x7f2a7c191628
P 0x7f2a7c19f988
C 254
= 0x7f2a7c19b1e8
R
P 0x7f2a7c191628
C 342
R
P 0x7f2a7c191628
P 0x7f2a7c19b1e8
C 209
R
P 0x7f2a7c191628
C 342
R
P 0x7f2a7c191628
P 0x7f2a7c19f988
C 260
R
P 0x7f2a7c191628
C 342
R
P 0x7f2a7c191628
P 0x7f2a7c19f988
C 259
R
P 0x7f2a7c191628
C 342
R
P 0x7f2a7c191628
P 0x7f2a7c19f988
C 258
R
P 0x7f2a7c191628
C 342
R
P 0x7f2a7c191628
P 0x7f2a7c19f988
C 9
R
P 0x7f2a7c191628
C 342
R
P 0x7f2a7c191628
U 2
P 0x7f2a7c19f988
P 0x7f2a7c19bb48
p 2
C 65
= 0x7f2a7c4872e8
R
P 0x7f2a7c191628
C 342
R
P 0x7f2a7c191628
P 0x7f2a7c4872e8
C 257
R
P 0x7f2a7c191628
C 342
R
P 0x7f2a7c191628
P 0x7f2a7c4872e8
C 254
= 0x7f2a7c19b1e8
R
P 0x7f2a7c191628
C 342
R
P 0x7f2a7c191628
P 0x7f2a7c19b1e8
C 209
R
P 0x7f2a7c191628
C 342
R
P 0x7f2a7c191628
P 0x7f2a7c4872e8
C 260
R
P 0x7f2a7c191628
C 342
R
P 0x7f2a7c191628
P 0x7f2a7c4872e8
C 259
R
P 0x7f2a7c191628
C 342
R
P 0x7f2a7c191628
P 0x7f2a7c4872e8
C 258
R
P 0x7f2a7c191628
C 342
R
P 0x7f2a7c191628
P 0x7f2a7c4872e8
C 9
R
P 0x7f2a7c191628
C 342
R
P 0x7f2a7c191628
I 2
P 0x7f2a7c19b208
C 150
= 0x7f2a7c19bcc8
R
P 0x7f2a7c191628
C 342
R
P 0x7f2a7c191628
P 0x7f2a7c19bcc8
C 258
R
P 0x7f2a7c191628
C 342
R
P 0x7f2a7c191628
P 0x7f2a7c19bcc8
C 9
R
P 0x7f2a7c191628
C 342
R
P 0x7f2a7c191628
I 1
P 0x7f2a7c19b208
C 150
= 0x7f2a7c19bc88
R
P 0x7f2a7c191628
C 342
R
P 0x7f2a7c191628
P 0x7f2a7c19bc88
C 258
R
P 0x7f2a7c191628
C 342
R
P 0x7f2a7c191628
P 0x7f2a7c19bc88
C 9
R
P 0x7f2a7c191628
C 342
R
P 0x7f2a7c191628
P 0x7f2a7c19bcc8
P 0x7f2a7c19bc88
C 75
= 0x7f2a7c1a1890
R
P 0x7f2a7c191628
C 342
R
P 0x7f2a7c191628
P 0x7f2a7c1a1890
C 258
R
P 0x7f2a7c191628
C 342
R
P 0x7f2a7c191628
P 0x7f2a7c1a1890
C 9
R
P 0x7f2a7c191628
C 342
R
P 0x7f2a7c191628
I 1
P 0x7f2a7c19b208
C 150
= 0x7f2a7c19bc88
R
P 0x7f2a7c191628
C 342
R
P 0x7f2a7c191628
P 0x7f2a7c19bc88
C 258
R
P 0x7f2a7c191628
C 342
R
P 0x7f2a7c191628
P 0x7f2a7c19bc88
C 9
R
P 0x7f2a7c191628
C 342
R
P 0x7f2a7c191628
U 2
P 0x7f2a7c19bcc8
P 0x7f2a7c19bc88
p 2
C 67
= 0x7f2a7c1a18c8
R
P 0x7f2a7c191628
C 342
R
P 0x7f2a7c191628
P 0x7f2a7c1a18c8
C 257
R
P 0x7f2a7c191628
C 342
R
P 0x7f2a7c191628
P 0x7f2a7c1a18c8
C 254
= 0x7f2a7c19b208
R
P 0x7f2a7c191628
C 342
R
P 0x7f2a7c191628
P 0x7f2a7c19b208
C 209
R
P 0x7f2a7c191628
C 342
R
P 0x7f2a7c191628
P 0x7f2a7c1a18c8
C 260
R
P 0x7f2a7c191628
C 342
R
P 0x7f2a7c191628
P 0x7f2a7c1a18c8
C 259
R
P 0x7f2a7c191628
C 342
R
P 0x7f2a7c191628
P 0x7f2a7c1a18c8
C 258
R
P 0x7f2a7c191628
C 342
R
P 0x7f2a7c191628
P 0x7f2a7c1a18c8
C 9
R
P 0x7f2a7c191628
C 342
R
P 0x7f2a7c191628
U 2
P 0x7f2a7c19bbe8
P 0x7f2a7c1a18c8
p 2
C 66
= 0x7f2a7c487d68
R
P 0x7f2a7c191628
C 342
R
P 0x7f2a7c191628
P 0x7f2a7c487d68
C 257
R
P 0x7f2a7c191628
C 342
R
P 0x7f2a7c191628
P 0x7f2a7c487d68
C 254
= 0x7f2a7c19b208
R
P 0x7f2a7c191628
C 342
R
P 0x7f2a7c191628
P 0x7f2a7c19b208
C 209
R
P 0x7f2a7c191628
C 342
R
P 0x7f2a7c191628
P 0x7f2a7c487d68
C 260
R
P 0x7f2a7c191628
C 342
R
P 0x7f2a7c191628
P 0x7f2a7c487d68
C 259
R
P 0x7f2a7c191628
C 342
R
P 0x7f2a7c191628
P 0x7f2a7c487d68
C 258
R
P 0x7f2a7c191628
C 342
R
P 0x7f2a7c191628
P 0x7f2a7c487d68
C 9
R
P 0x7f2a7c191628
C 342
R
P 0x7f2a7c191628
U 2
P 0x7f2a7c19bb88
P 0x7f2a7c487d68
p 2
C 65
= 0x7f2a7c487da0
R
P 0x7f2a7c191628
C 342
R
P 0x7f2a7c191628
P 0x7f2a7c487da0
C 257
R
P 0x7f2a7c191628
C 342
R
P 0x7f2a7c191628
P 0x7f2a7c487da0
C 254
= 0x7f2a7c19b1e8
R
P 0x7f2a7c191628
C 342
R
P 0x7f2a7c191628
P 0x7f2a7c19b1e8
C 209
R
P 0x7f2a7c191628
C 342
R
P 0x7f2a7c191628
P 0x7f2a7c487da0
C 260
R
P 0x7f2a7c191628
C 342
R
P 0x7f2a7c191628
P 0x7f2a7c487da0
C 259
R
P 0x7f2a7c191628
C 342
R
P 0x7f2a7c191628
P 0x7f2a7c487da0
C 258
R
P 0x7f2a7c191628
C 342
R
P 0x7f2a7c191628
P 0x7f2a7c487da0
C 9
R
P 0x7f2a7c191628
C 342
R
P 0x7f2a7c191628
P 0x7f2a7c1a1890
P 0x7f2a7c487da0
P 0x7f2a7c19bb88
C 59
= 0x7f2a7c19fa88
R
P 0x7f2a7c191628
C 342
R
P 0x7f2a7c191628
P 0x7f2a7c19fa88
C 257
R
P 0x7f2a7c191628
C 342
R
P 0x7f2a7c191628
P 0x7f2a7c19fa88
C 254
= 0x7f2a7c19b1e8
R
P 0x7f2a7c191628
C 342
R
P 0x7f2a7c191628
P 0x7f2a7c19b1e8
C 209
R
P 0x7f2a7c191628
C 342
R
P 0x7f2a7c191628
P 0x7f2a7c19fa88
C 260
R
P 0x7f2a7c191628
C 342
R
P 0x7f2a7c191628
P 0x7f2a7c19fa88
C 259
R
P 0x7f2a7c191628
C 342
R
P 0x7f2a7c191628
P 0x7f2a7c19fa88
C 258
R
P 0x7f2a7c191628
C 342
R
P 0x7f2a7c191628
P 0x7f2a7c19fa88
C 9
R
P 0x7f2a7c191628
C 342
R
P 0x7f2a7c191628
U 2
P 0x7f2a7c19fa88
P 0x7f2a7c19bbe8
p 2
C 65
= 0x7f2a7c48c108
R
P 0x7f2a7c191628
C 342
R
P 0x7f2a7c191628
P 0x7f2a7c48c108
C 257
R
P 0x7f2a7c191628
C 342
R
P 0x7f2a7c191628
P 0x7f2a7c48c108
C 254
= 0x7f2a7c19b1e8
R
P 0x7f2a7c191628
C 342
R
P 0x7f2a7c191628
P 0x7f2a7c19b1e8
C 209
R
P 0x7f2a7c191628
C 342
R
P 0x7f2a7c191628
P 0x7f2a7c48c108
C 260
R
P 0x7f2a7c191628
C 342
R
P 0x7f2a7c191628
P 0x7f2a7c48c108
C 259
R
P 0x7f2a7c191628
C 342
R
P 0x7f2a7c191628
P 0x7f2a7c48c108
C 258
R
P 0x7f2a7c191628
C 342
R
P 0x7f2a7c191628
P 0x7f2a7c48c108
C 9
R
P 0x7f2a7c191628
C 342
R
P 0x7f2a7c191628
P 0x7f2a7c4872e8
P 0x7f2a7c48c108
C 74
= 0x7f2a7c48d778
R
P 0x7f2a7c191628
C 342
R
P 0x7f2a7c191628
P 0x7f2a7c48d778
C 258
R
P 0x7f2a7c191628
C 342
R
P 0x7f2a7c191628
P 0x7f2a7c48d778
C 9
R
P 0x7f2a7c191628
C 342
R
P 0x7f2a7c191628
U 2
P 0x7f2a7c48d740
P 0x7f2a7c48d778
p 2
C 63
= 0x7f2a7c48d7b0
R
P 0x7f2a7c191628
C 342
R
P 0x7f2a7c191628
P 0x7f2a7c48d7b0
C 258
R
P 0x7f2a7c191628
C 342
R
P 0x7f2a7c191628
P 0x7f2a7c48d7b0
C 9
R
P 0x7f2a7c191628
C 342
R
P 0x7f2a7c191628
I 3
P 0x7f2a7c19b208
C 150
= 0x7f2a7c19bfc8
R
P 0x7f2a7c191628
C 342
R
P 0x7f2a7c191628
P 0x7f2a7c19bfc8
C 258
R
P 0x7f2a7c191628
C 342
R
P 0x7f2a7c191628
P 0x7f2a7c19bfc8
C 9
R
P 0x7f2a7c191628
C 342
R
P 0x7f2a7c191628
P 0x7f2a7c19bfc8
C 263
R
P 0x7f2a7c191628
C 342
R
P 0x7f2a7c191628
S "dev0T33"
C 30
R
P 0x7f2a7c191628
C 342
R
P 0x7f2a7c191628
$ |dev0T33|
C 202
R
P 0x7f2a7c191628
C 342
R
P 0x7f2a7c191628
$ |dev0T33|
P 0x7f2a7c19b1e8
C 51
= 0x7f2a7c19c228
R
P 0x7f2a7c191628
C 342
R
P 0x7f2a7c191628
P 0x7f2a7c19c228
C 257
R
P 0x7f2a7c191628
C 342
R
P 0x7f2a7c191628
P 0x7f2a7c19c228
C 254
= 0x7f2a7c19b1e8
R
P 0x7f2a7c191628
C 342
R
P 0x7f2a7c191628
P 0x7f2a7c19b1e8
C 209
R
P 0x7f2a7c191628
C 342
R
P 0x7f2a7c191628
P 0x7f2a7c19c228
C 260
R
P 0x7f2a7c191628
C 342
R
P 0x7f2a7c191628
P 0x7f2a7c19c228
C 259
R
P 0x7f2a7c191628
C 342
R
P 0x7f2a7c191628
P 0x7f2a7c19c228
C 258
R
P 0x7f2a7c191628
C 342
R
P 0x7f2a7c191628
P 0x7f2a7c19c228
C 9
R
P 0x7f2a7c191628
C 342
R
P 0x7f2a7c191628
P 0x7f2a7c19bc68
C 333
R
P 0x7f2a7c191628
C 342
R
P 0x7f2a7c191628
S "slotflowPriorityStart"
C 30
R
P 0x7f2a7c191628
C 342
R
P 0x7f2a7c191628
$ |slotflowPriorityStart|
C 202
R
P 0x7f2a7c191628
C 342
R
P 0x7f2a7c191628
$ |slotflowPriorityStart|
P 0x7f2a7c19b1e8
C 51
= 0x7f2a7c19c2a8
R
P 0x7f2a7c191628
C 342
R
P 0x7f2a7c191628
P 0x7f2a7c19c2a8
C 257
R
P 0x7f2a7c191628
C 342
R
P 0x7f2a7c191628
P 0x7f2a7c19c2a8
C 254
= 0x7f2a7c19b1e8
R
P 0x7f2a7c191628
C 342
R
P 0x7f2a7c191628
P 0x7f2a7c19b1e8
C 209
R
P 0x7f2a7c191628
C 342
R
P 0x7f2a7c191628
P 0x7f2a7c19c2a8
C 260
R
P 0x7f2a7c191628
C 342
R
P 0x7f2a7c191628
P 0x7f2a7c19c2a8
C 259
R
P 0x7f2a7c191628
C 342
R
P 0x7f2a7c191628
P 0x7f2a7c19c2a8
C 258
R
P 0x7f2a7c191628
C 342
R
P 0x7f2a7c191628
P 0x7f2a7c19c2a8
C 9
R
P 0x7f2a7c191628
C 342
R
P 0x7f2a7c191628
P 0x7f2a7c19bc68
C 333
R
P 0x7f2a7c191628
C 342
R
P 0x7f2a7c191628
S "slotflowPriorityDuration"
C 30
R
P 0x7f2a7c191628
C 342
R
P 0x7f2a7c191628
$ |slotflowPriorityDuration|
C 202
R
P 0x7f2a7c191628
C 342
R
P 0x7f2a7c191628
$ |slotflowPriorityDuration|
P 0x7f2a7c19b1e8
C 51
= 0x7f2a7c19c268
R
P 0x7f2a7c191628
C 342
R
P 0x7f2a7c191628
P 0x7f2a7c19c268
C 257
R
P 0x7f2a7c191628
C 342
R
P 0x7f2a7c191628
P 0x7f2a7c19c268
C 254
= 0x7f2a7c19b1e8
R
P 0x7f2a7c191628
C 342
R
P 0x7f2a7c191628
P 0x7f2a7c19b1e8
C 209
R
P 0x7f2a7c191628
C 342
R
P 0x7f2a7c191628
P 0x7f2a7c19c268
C 260
R
P 0x7f2a7c191628
C 342
R
P 0x7f2a7c191628
P 0x7f2a7c19c268
C 259
R
P 0x7f2a7c191628
C 342
R
P 0x7f2a7c191628
P 0x7f2a7c19c268
C 258
R
P 0x7f2a7c191628
C 342
R
P 0x7f2a7c191628
P 0x7f2a7c19c268
C 9
R
P 0x7f2a7c191628
C 342
R
P 0x7f2a7c191628
U 2
P 0x7f2a7c19c2a8
P 0x7f2a7c19c268
p 2
C 65
= 0x7f2a7c487908
R
P 0x7f2a7c191628
C 342
R
P 0x7f2a7c191628
P 0x7f2a7c487908
C 257
R
P 0x7f2a7c191628
C 342
R
P 0x7f2a7c191628
P 0x7f2a7c487908
C 254
= 0x7f2a7c19b1e8
R
P 0x7f2a7c191628
C 342
R
P 0x7f2a7c191628
P 0x7f2a7c19b1e8
C 209
R
P 0x7f2a7c191628
C 342
R
P 0x7f2a7c191628
P 0x7f2a7c487908
C 260
R
P 0x7f2a7c191628
C 342
R
P 0x7f2a7c191628
P 0x7f2a7c487908
C 259
R
P 0x7f2a7c191628
C 342
R
P 0x7f2a7c191628
P 0x7f2a7c487908
C 258
R
P 0x7f2a7c191628
C 342
R
P 0x7f2a7c191628
P 0x7f2a7c487908
C 9
R
P 0x7f2a7c191628
C 342
R
P 0x7f2a7c191628
I 3
P 0x7f2a7c19b208
C 150
= 0x7f2a7c19bfc8
R
P 0x7f2a7c191628
C 342
R
P 0x7f2a7c191628
P 0x7f2a7c19bfc8
C 258
R
P 0x7f2a7c191628
C 342
R
P 0x7f2a7c191628
P 0x7f2a7c19bfc8
C 9
R
P 0x7f2a7c191628
C 342
R
P 0x7f2a7c191628
I 1
P 0x7f2a7c19b208
C 150
= 0x7f2a7c19bc88
R
P 0x7f2a7c191628
C 342
R
P 0x7f2a7c191628
P 0x7f2a7c19bc88
C 258
R
P 0x7f2a7c191628
C 342
R
P 0x7f2a7c191628
P 0x7f2a7c19bc88
C 9
R
P 0x7f2a7c191628
C 342
R
P 0x7f2a7c191628
P 0x7f2a7c19bfc8
P 0x7f2a7c19bc88
C 75
= 0x7f2a7c487208
R
P 0x7f2a7c191628
C 342
R
P 0x7f2a7c191628
P 0x7f2a7c487208
C 258
R
P 0x7f2a7c191628
C 342
R
P 0x7f2a7c191628
P 0x7f2a7c487208
C 9
R
P 0x7f2a7c191628
C 342
R
P 0x7f2a7c191628
I 1
P 0x7f2a7c19b208
C 150
= 0x7f2a7c19bc88
R
P 0x7f2a7c191628
C 342
R
P 0x7f2a7c191628
P 0x7f2a7c19bc88
C 258
R
P 0x7f2a7c191628
C 342
R
P 0x7f2a7c191628
P 0x7f2a7c19bc88
C 9
R
P 0x7f2a7c191628
C 342
R
P 0x7f2a7c191628
U 2
P 0x7f2a7c19bfc8
P 0x7f2a7c19bc88
p 2
C 67
= 0x7f2a7c487240
R
P 0x7f2a7c191628
C 342
R
P 0x7f2a7c191628
P 0x7f2a7c487240
C 257
R
P 0x7f2a7c191628
C 342
R
P 0x7f2a7c191628
P 0x7f2a7c487240
C 254
= 0x7f2a7c19b208
R
P 0x7f2a7c191628
C 342
R
P 0x7f2a7c191628
P 0x7f2a7c19b208
C 209
R
P 0x7f2a7c191628
C 342
R
P 0x7f2a7c191628
P 0x7f2a7c487240
C 260
R
P 0x7f2a7c191628
C 342
R
P 0x7f2a7c191628
P 0x7f2a7c487240
C 259
R
P 0x7f2a7c191628
C 342
R
P 0x7f2a7c191628
P 0x7f2a7c487240
C 258
R
P 0x7f2a7c191628
C 342
R
P 0x7f2a7c191628
P 0x7f2a7c487240
C 9
R
P 0x7f2a7c191628
C 342
R
P 0x7f2a7c191628
U 2
P 0x7f2a7c19bbe8
P 0x7f2a7c487240
p 2
C 66
= 0x7f2a7c487f60
R
P 0x7f2a7c191628
C 342
R
P 0x7f2a7c191628
P 0x7f2a7c487f60
C 257
R
P 0x7f2a7c191628
C 342
R
P 0x7f2a7c191628
P 0x7f2a7c487f60
C 254
= 0x7f2a7c19b208
R
P 0x7f2a7c191628
C 342
R
P 0x7f2a7c191628
P 0x7f2a7c19b208
C 209
R
P 0x7f2a7c191628
C 342
R
P 0x7f2a7c191628
P 0x7f2a7c487f60
C 260
R
P 0x7f2a7c191628
C 342
R
P 0x7f2a7c191628
P 0x7f2a7c487f60
C 259
R
P 0x7f2a7c191628
C 342
R
P 0x7f2a7c191628
P 0x7f2a7c487f60
C 258
R
P 0x7f2a7c191628
C 342
R
P 0x7f2a7c191628
P 0x7f2a7c487f60
C 9
R
P 0x7f2a7c191628
C 342
R
P 0x7f2a7c191628
U 2
P 0x7f2a7c19bb88
P 0x7f2a7c487f60
p 2
C 65
= 0x7f2a7c487f98
R
P 0x7f2a7c191628
C 342
R
P 0x7f2a7c191628
P 0x7f2a7c487f98
C 257
R
P 0x7f2a7c191628
C 342
R
P 0x7f2a7c191628
P 0x7f2a7c487f98
C 254
= 0x7f2a7c19b1e8
R
P 0x7f2a7c191628
C 342
R
P 0x7f2a7c191628
P 0x7f2a7c19b1e8
C 209
R
P 0x7f2a7c191628
C 342
R
P 0x7f2a7c191628
P 0x7f2a7c487f98
C 260
R
P 0x7f2a7c191628
C 342
R
P 0x7f2a7c191628
P 0x7f2a7c487f98
C 259
R
P 0x7f2a7c191628
C 342
R
P 0x7f2a7c191628
P 0x7f2a7c487f98
C 258
R
P 0x7f2a7c191628
C 342
R
P 0x7f2a7c191628
P 0x7f2a7c487f98
C 9
R
P 0x7f2a7c191628
C 342
R
P 0x7f2a7c191628
P 0x7f2a7c487208
P 0x7f2a7c487f98
P 0x7f2a7c19bb88
C 59
= 0x7f2a7c19fac8
R
P 0x7f2a7c191628
C 342
R
P 0x7f2a7c191628
P 0x7f2a7c19fac8
C 257
R
P 0x7f2a7c191628
C 342
R
P 0x7f2a7c191628
P 0x7f2a7c19fac8
C 254
= 0x7f2a7c19b1e8
R
P 0x7f2a7c191628
C 342
R
P 0x7f2a7c191628
P 0x7f2a7c19b1e8
C 209
R
P 0x7f2a7c191628
C 342
R
P 0x7f2a7c191628
P 0x7f2a7c19fac8
C 260
R
P 0x7f2a7c191628
C 342
R
P 0x7f2a7c191628
P 0x7f2a7c19fac8
C 259
R
P 0x7f2a7c191628
C 342
R
P 0x7f2a7c191628
P 0x7f2a7c19fac8
C 258
R
P 0x7f2a7c191628
C 342
R
P 0x7f2a7c191628
P 0x7f2a7c19fac8
C 9
R
P 0x7f2a7c191628
C 342
R
P 0x7f2a7c191628
U 2
P 0x7f2a7c487908
P 0x7f2a7c19fac8
p 2
C 65
= 0x7f2a7c487fd0
R
P 0x7f2a7c191628
C 342
R
P 0x7f2a7c191628
P 0x7f2a7c487fd0
C 257
R
P 0x7f2a7c191628
C 342
R
P 0x7f2a7c191628
P 0x7f2a7c487fd0
C 254
= 0x7f2a7c19b1e8
R
P 0x7f2a7c191628
C 342
R
P 0x7f2a7c191628
P 0x7f2a7c19b1e8
C 209
R
P 0x7f2a7c191628
C 342
R
P 0x7f2a7c191628
P 0x7f2a7c487fd0
C 260
R
P 0x7f2a7c191628
C 342
R
P 0x7f2a7c191628
P 0x7f2a7c487fd0
C 259
R
P 0x7f2a7c191628
C 342
R
P 0x7f2a7c191628
P 0x7f2a7c487fd0
C 258
R
P 0x7f2a7c191628
C 342
R
P 0x7f2a7c191628
P 0x7f2a7c487fd0
C 9
R
P 0x7f2a7c191628
C 342
R
P 0x7f2a7c191628
P 0x7f2a7c19c228
P 0x7f2a7c487fd0
C 74
= 0x7f2a7c48b3e8
R
P 0x7f2a7c191628
C 342
R
P 0x7f2a7c191628
P 0x7f2a7c48b3e8
C 258
R
P 0x7f2a7c191628
C 342
R
P 0x7f2a7c191628
P 0x7f2a7c48b3e8
C 9
R
P 0x7f2a7c191628
C 342
R
P 0x7f2a7c191628
I 3
P 0x7f2a7c19b208
C 150
= 0x7f2a7c19bfc8
R
P 0x7f2a7c191628
C 342
R
P 0x7f2a7c191628
P 0x7f2a7c19bfc8
C 258
R
P 0x7f2a7c191628
C 342
R
P 0x7f2a7c191628
P 0x7f2a7c19bfc8
C 9
R
P 0x7f2a7c191628
C 342
R
P 0x7f2a7c191628
P 0x7f2a7c19bfc8
C 263
R
P 0x7f2a7c191628
C 342
R
P 0x7f2a7c191628
S "dev0T33"
C 30
R
P 0x7f2a7c191628
C 342
R
P 0x7f2a7c191628
$ |dev0T33|
C 202
R
P 0x7f2a7c191628
C 342
R
P 0x7f2a7c191628
$ |dev0T33|
P 0x7f2a7c19b1e8
C 51
= 0x7f2a7c19c228
R
P 0x7f2a7c191628
C 342
R
P 0x7f2a7c191628
P 0x7f2a7c19c228
C 257
R
P 0x7f2a7c191628
C 342
R
P 0x7f2a7c191628
P 0x7f2a7c19c228
C 254
= 0x7f2a7c19b1e8
R
P 0x7f2a7c191628
C 342
R
P 0x7f2a7c191628
P 0x7f2a7c19b1e8
C 209
R
P 0x7f2a7c191628
C 342
R
P 0x7f2a7c191628
P 0x7f2a7c19c228
C 260
R
P 0x7f2a7c191628
C 342
R
P 0x7f2a7c191628
P 0x7f2a7c19c228
C 259
R
P 0x7f2a7c191628
C 342
R
P 0x7f2a7c191628
P 0x7f2a7c19c228
C 258
R
P 0x7f2a7c191628
C 342
R
P 0x7f2a7c191628
P 0x7f2a7c19c228
C 9
R
P 0x7f2a7c191628
C 342
R
P 0x7f2a7c191628
P 0x7f2a7c19bc68
C 333
R
P 0x7f2a7c191628
C 342
R
P 0x7f2a7c191628
S "slotflowPriorityStart"
C 30
R
P 0x7f2a7c191628
C 342
R
P 0x7f2a7c191628
$ |slotflowPriorityStart|
C 202
R
P 0x7f2a7c191628
C 342
R
P 0x7f2a7c191628
$ |slotflowPriorityStart|
P 0x7f2a7c19b1e8
C 51
= 0x7f2a7c19c2a8
R
P 0x7f2a7c191628
C 342
R
P 0x7f2a7c191628
P 0x7f2a7c19c2a8
C 257
R
P 0x7f2a7c191628
C 342
R
P 0x7f2a7c191628
P 0x7f2a7c19c2a8
C 254
= 0x7f2a7c19b1e8
R
P 0x7f2a7c191628
C 342
R
P 0x7f2a7c191628
P 0x7f2a7c19b1e8
C 209
R
P 0x7f2a7c191628
C 342
R
P 0x7f2a7c191628
P 0x7f2a7c19c2a8
C 260
R
P 0x7f2a7c191628
C 342
R
P 0x7f2a7c191628
P 0x7f2a7c19c2a8
C 259
R
P 0x7f2a7c191628
C 342
R
P 0x7f2a7c191628
P 0x7f2a7c19c2a8
C 258
R
P 0x7f2a7c191628
C 342
R
P 0x7f2a7c191628
P 0x7f2a7c19c2a8
C 9
R
P 0x7f2a7c191628
C 342
R
P 0x7f2a7c191628
I 2
P 0x7f2a7c19b208
C 150
= 0x7f2a7c19bcc8
R
P 0x7f2a7c191628
C 342
R
P 0x7f2a7c191628
P 0x7f2a7c19bcc8
C 258
R
P 0x7f2a7c191628
C 342
R
P 0x7f2a7c191628
P 0x7f2a7c19bcc8
C 9
R
P 0x7f2a7c191628
C 342
R
P 0x7f2a7c191628
I 1
P 0x7f2a7c19b208
C 150
= 0x7f2a7c19bc88
R
P 0x7f2a7c191628
C 342
R
P 0x7f2a7c191628
P 0x7f2a7c19bc88
C 258
R
P 0x7f2a7c191628
C 342
R
P 0x7f2a7c191628
P 0x7f2a7c19bc88
C 9
R
P 0x7f2a7c191628
C 342
R
P 0x7f2a7c191628
P 0x7f2a7c19bcc8
P 0x7f2a7c19bc88
C 75
= 0x7f2a7c1a1890
R
P 0x7f2a7c191628
C 342
R
P 0x7f2a7c191628
P 0x7f2a7c1a1890
C 258
R
P 0x7f2a7c191628
C 342
R
P 0x7f2a7c191628
P 0x7f2a7c1a1890
C 9
R
P 0x7f2a7c191628
C 342
R
P 0x7f2a7c191628
I 1
P 0x7f2a7c19b208
C 150
= 0x7f2a7c19bc88
R
P 0x7f2a7c191628
C 342
R
P 0x7f2a7c191628
P 0x7f2a7c19bc88
C 258
R
P 0x7f2a7c191628
C 342
R
P 0x7f2a7c191628
P 0x7f2a7c19bc88
C 9
R
P 0x7f2a7c191628
C 342
R
P 0x7f2a7c191628
U 2
P 0x7f2a7c19bcc8
P 0x7f2a7c19bc88
p 2
C 67
= 0x7f2a7c1a18c8
R
P 0x7f2a7c191628
C 342
R
P 0x7f2a7c191628
P 0x7f2a7c1a18c8
C 257
R
P 0x7f2a7c191628
C 342
R
P 0x7f2a7c191628
P 0x7f2a7c1a18c8
C 254
= 0x7f2a7c19b208
R
P 0x7f2a7c191628
C 342
R
P 0x7f2a7c191628
P 0x7f2a7c19b208
C 209
R
P 0x7f2a7c191628
C 342
R
P 0x7f2a7c191628
P 0x7f2a7c1a18c8
C 260
R
P 0x7f2a7c191628
C 342
R
P 0x7f2a7c191628
P 0x7f2a7c1a18c8
C 259
R
P 0x7f2a7c191628
C 342
R
P 0x7f2a7c191628
P 0x7f2a7c1a18c8
C 258
R
P 0x7f2a7c191628
C 342
R
P 0x7f2a7c191628
P 0x7f2a7c1a18c8
C 9
R
P 0x7f2a7c191628
C 342
R
P 0x7f2a7c191628
U 2
P 0x7f2a7c19bbe8
P 0x7f2a7c1a18c8
p 2
C 66
= 0x7f2a7c487d68
R
P 0x7f2a7c191628
C 342
R
P 0x7f2a7c191628
P 0x7f2a7c487d68
C 257
R
P 0x7f2a7c191628
C 342
R
P 0x7f2a7c191628
P 0x7f2a7c487d68
C 254
= 0x7f2a7c19b208
R
P 0x7f2a7c191628
C 342
R
P 0x7f2a7c191628
P 0x7f2a7c19b208
C 209
R
P 0x7f2a7c191628
C 342
R
P 0x7f2a7c191628
P 0x7f2a7c487d68
C 260
R
P 0x7f2a7c191628
C 342
R
P 0x7f2a7c191628
P 0x7f2a7c487d68
C 259
R
P 0x7f2a7c191628
C 342
R
P 0x7f2a7c191628
P 0x7f2a7c487d68
C 258
R
P 0x7f2a7c191628
C 342
R
P 0x7f2a7c191628
P 0x7f2a7c487d68
C 9
R
P 0x7f2a7c191628
C 342
R
P 0x7f2a7c191628
U 2
P 0x7f2a7c19bb88
P 0x7f2a7c487d68
p 2
C 65
= 0x7f2a7c487da0
R
P 0x7f2a7c191628
C 342
R
P 0x7f2a7c191628
P 0x7f2a7c487da0
C 257
R
P 0x7f2a7c191628
C 342
R
P 0x7f2a7c191628
P 0x7f2a7c487da0
C 254
= 0x7f2a7c19b1e8
R
P 0x7f2a7c191628
C 342
R
P 0x7f2a7c191628
P 0x7f2a7c19b1e8
C 209
R
P 0x7f2a7c191628
C 342
R
P 0x7f2a7c191628
P 0x7f2a7c487da0
C 260
R
P 0x7f2a7c191628
C 342
R
P 0x7f2a7c191628
P 0x7f2a7c487da0
C 259
R
P 0x7f2a7c191628
C 342
R
P 0x7f2a7c191628
P 0x7f2a7c487da0
C 258
R
P 0x7f2a7c191628
C 342
R
P 0x7f2a7c191628
P 0x7f2a7c487da0
C 9
R
P 0x7f2a7c191628
C 342
R
P 0x7f2a7c191628
P 0x7f2a7c1a1890
P 0x7f2a7c487da0
P 0x7f2a7c19bb88
C 59
= 0x7f2a7c19fa88
R
P 0x7f2a7c191628
C 342
R
P 0x7f2a7c191628
P 0x7f2a7c19fa88
C 257
R
P 0x7f2a7c191628
C 342
R
P 0x7f2a7c191628
P 0x7f2a7c19fa88
C 254
= 0x7f2a7c19b1e8
R
P 0x7f2a7c191628
C 342
R
P 0x7f2a7c191628
P 0x7f2a7c19b1e8
C 209
R
P 0x7f2a7c191628
C 342
R
P 0x7f2a7c191628
P 0x7f2a7c19fa88
C 260
R
P 0x7f2a7c191628
C 342
R
P 0x7f2a7c191628
P 0x7f2a7c19fa88
C 259
R
P 0x7f2a7c191628
C 342
R
P 0x7f2a7c191628
P 0x7f2a7c19fa88
C 258
R
P 0x7f2a7c191628
C 342
R
P 0x7f2a7c191628
P 0x7f2a7c19fa88
C 9
R
P 0x7f2a7c191628
C 342
R
P 0x7f2a7c191628
U 2
P 0x7f2a7c19c2a8
P 0x7f2a7c19fa88
p 2
C 65
= 0x7f2a7c487e80
R
P 0x7f2a7c191628
C 342
R
P 0x7f2a7c191628
P 0x7f2a7c487e80
C 257
R
P 0x7f2a7c191628
C 342
R
P 0x7f2a7c191628
P 0x7f2a7c487e80
C 254
= 0x7f2a7c19b1e8
R
P 0x7f2a7c191628
C 342
R
P 0x7f2a7c191628
P 0x7f2a7c19b1e8
C 209
R
P 0x7f2a7c191628
C 342
R
P 0x7f2a7c191628
P 0x7f2a7c487e80
C 260
R
P 0x7f2a7c191628
C 342
R
P 0x7f2a7c191628
P 0x7f2a7c487e80
C 259
R
P 0x7f2a7c191628
C 342
R
P 0x7f2a7c191628
P 0x7f2a7c487e80
C 258
R
P 0x7f2a7c191628
C 342
R
P 0x7f2a7c191628
P 0x7f2a7c487e80
C 9
R
P 0x7f2a7c191628
C 342
R
P 0x7f2a7c191628
U 2
P 0x7f2a7c487e80
P 0x7f2a7c19bb68
p 2
C 65
= 0x7f2a7c489a30
R
P 0x7f2a7c191628
C 342
R
P 0x7f2a7c191628
P 0x7f2a7c489a30
C 257
R
P 0x7f2a7c191628
C 342
R
P 0x7f2a7c191628
P 0x7f2a7c489a30
C 254
= 0x7f2a7c19b1e8
R
P 0x7f2a7c191628
C 342
R
P 0x7f2a7c191628
P 0x7f2a7c19b1e8
C 209
R
P 0x7f2a7c191628
C 342
R
P 0x7f2a7c191628
P 0x7f2a7c489a30
C 260
R
P 0x7f2a7c191628
C 342
R
P 0x7f2a7c191628
P 0x7f2a7c489a30
C 259
R
P 0x7f2a7c191628
C 342
R
P 0x7f2a7c191628
P 0x7f2a7c489a30
C 258
R
P 0x7f2a7c191628
C 342
R
P 0x7f2a7c191628
P 0x7f2a7c489a30
C 9
R
P 0x7f2a7c191628
C 342
R
P 0x7f2a7c191628
P 0x7f2a7c19c228
P 0x7f2a7c489a30
C 56
= 0x7f2a7c48d7e8
R
P 0x7f2a7c191628
C 342
R
P 0x7f2a7c191628
P 0x7f2a7c48d7e8
C 258
R
P 0x7f2a7c191628
C 342
R
P 0x7f2a7c191628
P 0x7f2a7c48d7e8
C 9
R
P 0x7f2a7c191628
C 342
R
P 0x7f2a7c191628
U 2
P 0x7f2a7c48b3e8
P 0x7f2a7c48d7e8
p 2
C 63
= 0x7f2a7c48d820
R
P 0x7f2a7c191628
C 342
R
P 0x7f2a7c191628
P 0x7f2a7c48d820
C 258
R
P 0x7f2a7c191628
C 342
R
P 0x7f2a7c191628
P 0x7f2a7c48d820
C 9
R
P 0x7f2a7c191628
C 342
R
P 0x7f2a7c191628
P 0x7f2a7c48d7b0
P 0x7f2a7c48d820
C 61
= 0x7f2a7c48d858
R
P 0x7f2a7c191628
C 342
R
P 0x7f2a7c191628
P 0x7f2a7c48d858
C 258
R
P 0x7f2a7c191628
C 342
R
P 0x7f2a7c191628
P 0x7f2a7c48d858
C 9
R
P 0x7f2a7c191628
C 342
R
P 0x7f2a7c191628
P 0x7f2a7c1e1fc8
P 0x7f2a7c48d858
C 427
R
P 0x7f2a7c191628
C 342
R
P 0x7f2a7c191628
I 3
P 0x7f2a7c19b208
C 150
= 0x7f2a7c19bfc8
R
P 0x7f2a7c191628
C 342
R
P 0x7f2a7c191628
P 0x7f2a7c19bfc8
C 258
R
P 0x7f2a7c191628
C 342
R
P 0x7f2a7c191628
P 0x7f2a7c19bfc8
C 9
R
P 0x7f2a7c191628
C 342
R
P 0x7f2a7c191628
I 1
P 0x7f2a7c19b208
C 150
= 0x7f2a7c19bc88
R
P 0x7f2a7c191628
C 342
R
P 0x7f2a7c191628
P 0x7f2a7c19bc88
C 258
R
P 0x7f2a7c191628
C 342
R
P 0x7f2a7c191628
P 0x7f2a7c19bc88
C 9
R
P 0x7f2a7c191628
C 342
R
P 0x7f2a7c191628
P 0x7f2a7c19bfc8
P 0x7f2a7c19bc88
C 75
= 0x7f2a7c487208
R
P 0x7f2a7c191628
C 342
R
P 0x7f2a7c191628
P 0x7f2a7c487208
C 258
R
P 0x7f2a7c191628
C 342
R
P 0x7f2a7c191628
P 0x7f2a7c487208
C 9
R
P 0x7f2a7c191628
C 342
R
P 0x7f2a7c191628
I 1
P 0x7f2a7c19b208
C 150
= 0x7f2a7c19bc88
R
P 0x7f2a7c191628
C 342
R
P 0x7f2a7c191628
P 0x7f2a7c19bc88
C 258
R
P 0x7f2a7c191628
C 342
R
P 0x7f2a7c191628
P 0x7f2a7c19bc88
C 9
R
P 0x7f2a7c191628
C 342
R
P 0x7f2a7c191628
U 2
P 0x7f2a7c19bfc8
P 0x7f2a7c19bc88
p 2
C 67
= 0x7f2a7c487240
R
P 0x7f2a7c191628
C 342
R
P 0x7f2a7c191628
P 0x7f2a7c487240
C 257
R
P 0x7f2a7c191628
C 342
R
P 0x7f2a7c191628
P 0x7f2a7c487240
C 254
= 0x7f2a7c19b208
R
P 0x7f2a7c191628
C 342
R
P 0x7f2a7c191628
P 0x7f2a7c19b208
C 209
R
P 0x7f2a7c191628
C 342
R
P 0x7f2a7c191628
P 0x7f2a7c487240
C 260
R
P 0x7f2a7c191628
C 342
R
P 0x7f2a7c191628
P 0x7f2a7c487240
C 259
R
P 0x7f2a7c191628
C 342
R
P 0x7f2a7c191628
P 0x7f2a7c487240
C 258
R
P 0x7f2a7c191628
C 342
R
P 0x7f2a7c191628
P 0x7f2a7c487240
C 9
R
P 0x7f2a7c191628
C 342
R
P 0x7f2a7c191628
U 2
P 0x7f2a7c19bba8
P 0x7f2a7c487240
p 2
C 66
= 0x7f2a7c487278
R
P 0x7f2a7c191628
C 342
R
P 0x7f2a7c191628
P 0x7f2a7c487278
C 257
R
P 0x7f2a7c191628
C 342
R
P 0x7f2a7c191628
P 0x7f2a7c487278
C 254
= 0x7f2a7c19b1e8
R
P 0x7f2a7c191628
C 342
R
P 0x7f2a7c191628
P 0x7f2a7c19b1e8
C 209
R
P 0x7f2a7c191628
C 342
R
P 0x7f2a7c191628
P 0x7f2a7c487278
C 260
R
P 0x7f2a7c191628
C 342
R
P 0x7f2a7c191628
P 0x7f2a7c487278
C 259
R
P 0x7f2a7c191628
C 342
R
P 0x7f2a7c191628
P 0x7f2a7c487278
C 258
R
P 0x7f2a7c191628
C 342
R
P 0x7f2a7c191628
P 0x7f2a7c487278
C 9
R
P 0x7f2a7c191628
C 342
R
P 0x7f2a7c191628
U 2
P 0x7f2a7c19bc28
P 0x7f2a7c487278
p 2
C 65
= 0x7f2a7c4872b0
R
P 0x7f2a7c191628
C 342
R
P 0x7f2a7c191628
P 0x7f2a7c4872b0
C 257
R
P 0x7f2a7c191628
C 342
R
P 0x7f2a7c191628
P 0x7f2a7c4872b0
C 254
= 0x7f2a7c19b1e8
R
P 0x7f2a7c191628
C 342
R
P 0x7f2a7c191628
P 0x7f2a7c19b1e8
C 209
R
P 0x7f2a7c191628
C 342
R
P 0x7f2a7c191628
P 0x7f2a7c4872b0
C 260
R
P 0x7f2a7c191628
C 342
R
P 0x7f2a7c191628
P 0x7f2a7c4872b0
C 259
R
P 0x7f2a7c191628
C 342
R
P 0x7f2a7c191628
P 0x7f2a7c4872b0
C 258
R
P 0x7f2a7c191628
C 342
R
P 0x7f2a7c191628
P 0x7f2a7c4872b0
C 9
R
P 0x7f2a7c191628
C 342
R
P 0x7f2a7c191628
P 0x7f2a7c487208
P 0x7f2a7c4872b0
P 0x7f2a7c19bc28
C 59
= 0x7f2a7c19f988
R
P 0x7f2a7c191628
C 342
R
P 0x7f2a7c191628
P 0x7f2a7c19f988
C 257
R
P 0x7f2a7c191628
C 342
R
P 0x7f2a7c191628
P 0x7f2a7c19f988
C 254
= 0x7f2a7c19b1e8
R
P 0x7f2a7c191628
C 342
R
P 0x7f2a7c191628
P 0x7f2a7c19b1e8
C 209
R
P 0x7f2a7c191628
C 342
R
P 0x7f2a7c191628
P 0x7f2a7c19f988
C 260
R
P 0x7f2a7c191628
C 342
R
P 0x7f2a7c191628
P 0x7f2a7c19f988
C 259
R
P 0x7f2a7c191628
C 342
R
P 0x7f2a7c191628
P 0x7f2a7c19f988
C 258
R
P 0x7f2a7c191628
C 342
R
P 0x7f2a7c191628
P 0x7f2a7c19f988
C 9
R
P 0x7f2a7c191628
C 342
R
P 0x7f2a7c191628
U 2
P 0x7f2a7c19f988
P 0x7f2a7c19bb48
p 2
C 65
= 0x7f2a7c4872e8
R
P 0x7f2a7c191628
C 342
R
P 0x7f2a7c191628
P 0x7f2a7c4872e8
C 257
R
P 0x7f2a7c191628
C 342
R
P 0x7f2a7c191628
P 0x7f2a7c4872e8
C 254
= 0x7f2a7c19b1e8
R
P 0x7f2a7c191628
C 342
R
P 0x7f2a7c191628
P 0x7f2a7c19b1e8
C 209
R
P 0x7f2a7c191628
C 342
R
P 0x7f2a7c191628
P 0x7f2a7c4872e8
C 260
R
P 0x7f2a7c191628
C 342
R
P 0x7f2a7c191628
P 0x7f2a7c4872e8
C 259
R
P 0x7f2a7c191628
C 342
R
P 0x7f2a7c191628
P 0x7f2a7c4872e8
C 258
R
P 0x7f2a7c191628
C 342
R
P 0x7f2a7c191628
P 0x7f2a7c4872e8
C 9
R
P 0x7f2a7c191628
C 342
R
P 0x7f2a7c191628
P 0x7f2a7c19bc68
C 333
R
P 0x7f2a7c191628
C 342
R
P 0x7f2a7c191628
S "slotflowPriorityStart"
C 30
R
P 0x7f2a7c191628
C 342
R
P 0x7f2a7c191628
$ |slotflowPriorityStart|
C 202
R
P 0x7f2a7c191628
C 342
R
P 0x7f2a7c191628
$ |slotflowPriorityStart|
P 0x7f2a7c19b1e8
C 51
= 0x7f2a7c19c2a8
R
P 0x7f2a7c191628
C 342
R
P 0x7f2a7c191628
P 0x7f2a7c19c2a8
C 257
R
P 0x7f2a7c191628
C 342
R
P 0x7f2a7c191628
P 0x7f2a7c19c2a8
C 254
= 0x7f2a7c19b1e8
R
P 0x7f2a7c191628
C 342
R
P 0x7f2a7c191628
P 0x7f2a7c19b1e8
C 209
R
P 0x7f2a7c191628
C 342
R
P 0x7f2a7c191628
P 0x7f2a7c19c2a8
C 260
R
P 0x7f2a7c191628
C 342
R
P 0x7f2a7c191628
P 0x7f2a7c19c2a8
C 259
R
P 0x7f2a7c191628
C 342
R
P 0x7f2a7c191628
P 0x7f2a7c19c2a8
C 258
R
P 0x7f2a7c191628
C 342
R
P 0x7f2a7c191628
P 0x7f2a7c19c2a8
C 9
R
P 0x7f2a7c191628
C 342
R
P 0x7f2a7c191628
P 0x7f2a7c19bc68
C 333
R
P 0x7f2a7c191628
C 342
R
P 0x7f2a7c191628
S "slotflowPriorityDuration"
C 30
R
P 0x7f2a7c191628
C 342
R
P 0x7f2a7c191628
$ |slotflowPriorityDuration|
C 202
R
P 0x7f2a7c191628
C 342
R
P 0x7f2a7c191628
$ |slotflowPriorityDuration|
P 0x7f2a7c19b1e8
C 51
= 0x7f2a7c19c268
R
P 0x7f2a7c191628
C 342
R
P 0x7f2a7c191628
P 0x7f2a7c19c268
C 257
R
P 0x7f2a7c191628
C 342
R
P 0x7f2a7c191628
P 0x7f2a7c19c268
C 254
= 0x7f2a7c19b1e8
R
P 0x7f2a7c191628
C 342
R
P 0x7f2a7c191628
P 0x7f2a7c19b1e8
C 209
R
P 0x7f2a7c191628
C 342
R
P 0x7f2a7c191628
P 0x7f2a7c19c268
C 260
R
P 0x7f2a7c191628
C 342
R
P 0x7f2a7c191628
P 0x7f2a7c19c268
C 259
R
P 0x7f2a7c191628
C 342
R
P 0x7f2a7c191628
P 0x7f2a7c19c268
C 258
R
P 0x7f2a7c191628
C 342
R
P 0x7f2a7c191628
P 0x7f2a7c19c268
C 9
R
P 0x7f2a7c191628
C 342
R
P 0x7f2a7c191628
U 2
P 0x7f2a7c19c2a8
P 0x7f2a7c19c268
p 2
C 65
= 0x7f2a7c487908
R
P 0x7f2a7c191628
C 342
R
P 0x7f2a7c191628
P 0x7f2a7c487908
C 257
R
P 0x7f2a7c191628
C 342
R
P 0x7f2a7c191628
P 0x7f2a7c487908
C 254
= 0x7f2a7c19b1e8
R
P 0x7f2a7c191628
C 342
R
P 0x7f2a7c191628
P 0x7f2a7c19b1e8
C 209
R
P 0x7f2a7c191628
C 342
R
P 0x7f2a7c191628
P 0x7f2a7c487908
C 260
R
P 0x7f2a7c191628
C 342
R
P 0x7f2a7c191628
P 0x7f2a7c487908
C 259
R
P 0x7f2a7c191628
C 342
R
P 0x7f2a7c191628
P 0x7f2a7c487908
C 258
R
P 0x7f2a7c191628
C 342
R
P 0x7f2a7c191628
P 0x7f2a7c487908
C 9
R
P 0x7f2a7c191628
C 342
R
P 0x7f2a7c191628
I 3
P 0x7f2a7c19b208
C 150
= 0x7f2a7c19bfc8
R
P 0x7f2a7c191628
C 342
R
P 0x7f2a7c191628
P 0x7f2a7c19bfc8
C 258
R
P 0x7f2a7c191628
C 342
R
P 0x7f2a7c191628
P 0x7f2a7c19bfc8
C 9
R
P 0x7f2a7c191628
C 342
R
P 0x7f2a7c191628
I 1
P 0x7f2a7c19b208
C 150
= 0x7f2a7c19bc88
R
P 0x7f2a7c191628
C 342
R
P 0x7f2a7c191628
P 0x7f2a7c19bc88
C 258
R
P 0x7f2a7c191628
C 342
R
P 0x7f2a7c191628
P 0x7f2a7c19bc88
C 9
R
P 0x7f2a7c191628
C 342
R
P 0x7f2a7c191628
P 0x7f2a7c19bfc8
P 0x7f2a7c19bc88
C 75
= 0x7f2a7c487208
R
P 0x7f2a7c191628
C 342
R
P 0x7f2a7c191628
P 0x7f2a7c487208
C 258
R
P 0x7f2a7c191628
C 342
R
P 0x7f2a7c191628
P 0x7f2a7c487208
C 9
R
P 0x7f2a7c191628
C 342
R
P 0x7f2a7c191628
I 1
P 0x7f2a7c19b208
C 150
= 0x7f2a7c19bc88
R
P 0x7f2a7c191628
C 342
R
P 0x7f2a7c191628
P 0x7f2a7c19bc88
C 258
R
P 0x7f2a7c191628
C 342
R
P 0x7f2a7c191628
P 0x7f2a7c19bc88
C 9
R
P 0x7f2a7c191628
C 342
R
P 0x7f2a7c191628
U 2
P 0x7f2a7c19bfc8
P 0x7f2a7c19bc88
p 2
C 67
= 0x7f2a7c487240
R
P 0x7f2a7c191628
C 342
R
P 0x7f2a7c191628
P 0x7f2a7c487240
C 257
R
P 0x7f2a7c191628
C 342
R
P 0x7f2a7c191628
P 0x7f2a7c487240
C 254
= 0x7f2a7c19b208
R
P 0x7f2a7c191628
C 342
R
P 0x7f2a7c191628
P 0x7f2a7c19b208
C 209
R
P 0x7f2a7c191628
C 342
R
P 0x7f2a7c191628
P 0x7f2a7c487240
C 260
R
P 0x7f2a7c191628
C 342
R
P 0x7f2a7c191628
P 0x7f2a7c487240
C 259
R
P 0x7f2a7c191628
C 342
R
P 0x7f2a7c191628
P 0x7f2a7c487240
C 258
R
P 0x7f2a7c191628
C 342
R
P 0x7f2a7c191628
P 0x7f2a7c487240
C 9
R
P 0x7f2a7c191628
C 342
R
P 0x7f2a7c191628
U 2
P 0x7f2a7c19bbe8
P 0x7f2a7c487240
p 2
C 66
= 0x7f2a7c487f60
R
P 0x7f2a7c191628
C 342
R
P 0x7f2a7c191628
P 0x7f2a7c487f60
C 257
R
P 0x7f2a7c191628
C 342
R
P 0x7f2a7c191628
P 0x7f2a7c487f60
C 254
= 0x7f2a7c19b208
R
P 0x7f2a7c191628
C 342
R
P 0x7f2a7c191628
P 0x7f2a7c19b208
C 209
R
P 0x7f2a7c191628
C 342
R
P 0x7f2a7c191628
P 0x7f2a7c487f60
C 260
R
P 0x7f2a7c191628
C 342
R
P 0x7f2a7c191628
P 0x7f2a7c487f60
C 259
R
P 0x7f2a7c191628
C 342
R
P 0x7f2a7c191628
P 0x7f2a7c487f60
C 258
R
P 0x7f2a7c191628
C 342
R
P 0x7f2a7c191628
P 0x7f2a7c487f60
C 9
R
P 0x7f2a7c191628
C 342
R
P 0x7f2a7c191628
U 2
P 0x7f2a7c19bb88
P 0x7f2a7c487f60
p 2
C 65
= 0x7f2a7c487f98
R
P 0x7f2a7c191628
C 342
R
P 0x7f2a7c191628
P 0x7f2a7c487f98
C 257
R
P 0x7f2a7c191628
C 342
R
P 0x7f2a7c191628
P 0x7f2a7c487f98
C 254
= 0x7f2a7c19b1e8
R
P 0x7f2a7c191628
C 342
R
P 0x7f2a7c191628
P 0x7f2a7c19b1e8
C 209
R
P 0x7f2a7c191628
C 342
R
P 0x7f2a7c191628
P 0x7f2a7c487f98
C 260
R
P 0x7f2a7c191628
C 342
R
P 0x7f2a7c191628
P 0x7f2a7c487f98
C 259
R
P 0x7f2a7c191628
C 342
R
P 0x7f2a7c191628
P 0x7f2a7c487f98
C 258
R
P 0x7f2a7c191628
C 342
R
P 0x7f2a7c191628
P 0x7f2a7c487f98
C 9
R
P 0x7f2a7c191628
C 342
R
P 0x7f2a7c191628
P 0x7f2a7c487208
P 0x7f2a7c487f98
P 0x7f2a7c19bb88
C 59
= 0x7f2a7c19fac8
R
P 0x7f2a7c191628
C 342
R
P 0x7f2a7c191628
P 0x7f2a7c19fac8
C 257
R
P 0x7f2a7c191628
C 342
R
P 0x7f2a7c191628
P 0x7f2a7c19fac8
C 254
= 0x7f2a7c19b1e8
R
P 0x7f2a7c191628
C 342
R
P 0x7f2a7c191628
P 0x7f2a7c19b1e8
C 209
R
P 0x7f2a7c191628
C 342
R
P 0x7f2a7c191628
P 0x7f2a7c19fac8
C 260
R
P 0x7f2a7c191628
C 342
R
P 0x7f2a7c191628
P 0x7f2a7c19fac8
C 259
R
P 0x7f2a7c191628
C 342
R
P 0x7f2a7c191628
P 0x7f2a7c19fac8
C 258
R
P 0x7f2a7c191628
C 342
R
P 0x7f2a7c191628
P 0x7f2a7c19fac8
C 9
R
P 0x7f2a7c191628
C 342
R
P 0x7f2a7c191628
U 2
P 0x7f2a7c487908
P 0x7f2a7c19fac8
p 2
C 65
= 0x7f2a7c487fd0
R
P 0x7f2a7c191628
C 342
R
P 0x7f2a7c191628
P 0x7f2a7c487fd0
C 257
R
P 0x7f2a7c191628
C 342
R
P 0x7f2a7c191628
P 0x7f2a7c487fd0
C 254
= 0x7f2a7c19b1e8
R
P 0x7f2a7c191628
C 342
R
P 0x7f2a7c191628
P 0x7f2a7c19b1e8
C 209
R
P 0x7f2a7c191628
C 342
R
P 0x7f2a7c191628
P 0x7f2a7c487fd0
C 260
R
P 0x7f2a7c191628
C 342
R
P 0x7f2a7c191628
P 0x7f2a7c487fd0
C 259
R
P 0x7f2a7c191628
C 342
R
P 0x7f2a7c191628
P 0x7f2a7c487fd0
C 258
R
P 0x7f2a7c191628
C 342
R
P 0x7f2a7c191628
P 0x7f2a7c487fd0
C 9
R
P 0x7f2a7c191628
C 342
R
P 0x7f2a7c191628
U 2
P 0x7f2a7c487fd0
P 0x7f2a7c19bb68
p 2
C 67
= 0x7f2a7c488008
R
P 0x7f2a7c191628
C 342
R
P 0x7f2a7c191628
P 0x7f2a7c488008
C 257
R
P 0x7f2a7c191628
C 342
R
P 0x7f2a7c191628
P 0x7f2a7c488008
C 254
= 0x7f2a7c19b1e8
R
P 0x7f2a7c191628
C 342
R
P 0x7f2a7c191628
P 0x7f2a7c19b1e8
C 209
R
P 0x7f2a7c191628
C 342
R
P 0x7f2a7c191628
P 0x7f2a7c488008
C 260
R
P 0x7f2a7c191628
C 342
R
P 0x7f2a7c191628
P 0x7f2a7c488008
C 259
R
P 0x7f2a7c191628
C 342
R
P 0x7f2a7c191628
P 0x7f2a7c488008
C 258
R
P 0x7f2a7c191628
C 342
R
P 0x7f2a7c191628
P 0x7f2a7c488008
C 9
R
P 0x7f2a7c191628
C 342
R
P 0x7f2a7c191628
P 0x7f2a7c4872e8
P 0x7f2a7c488008
C 75
= 0x7f2a7c48d890
R
P 0x7f2a7c191628
C 342
R
P 0x7f2a7c191628
P 0x7f2a7c48d890
C 258
R
P 0x7f2a7c191628
C 342
R
P 0x7f2a7c191628
P 0x7f2a7c48d890
C 9
R
P 0x7f2a7c191628
C 342
R
P 0x7f2a7c191628
I 3
P 0x7f2a7c19b208
C 150
= 0x7f2a7c19bfc8
R
P 0x7f2a7c191628
C 342
R
P 0x7f2a7c191628
P 0x7f2a7c19bfc8
C 258
R
P 0x7f2a7c191628
C 342
R
P 0x7f2a7c191628
P 0x7f2a7c19bfc8
C 9
R
P 0x7f2a7c191628
C 342
R
P 0x7f2a7c191628
I 1
P 0x7f2a7c19b208
C 150
= 0x7f2a7c19bc88
R
P 0x7f2a7c191628
C 342
R
P 0x7f2a7c191628
P 0x7f2a7c19bc88
C 258
R
P 0x7f2a7c191628
C 342
R
P 0x7f2a7c191628
P 0x7f2a7c19bc88
C 9
R
P 0x7f2a7c191628
C 342
R
P 0x7f2a7c191628
P 0x7f2a7c19bfc8
P 0x7f2a7c19bc88
C 75
= 0x7f2a7c487208
R
P 0x7f2a7c191628
C 342
R
P 0x7f2a7c191628
P 0x7f2a7c487208
C 258
R
P 0x7f2a7c191628
C 342
R
P 0x7f2a7c191628
P 0x7f2a7c487208
C 9
R
P 0x7f2a7c191628
C 342
R
P 0x7f2a7c191628
I 1
P 0x7f2a7c19b208
C 150
= 0x7f2a7c19bc88
R
P 0x7f2a7c191628
C 342
R
P 0x7f2a7c191628
P 0x7f2a7c19bc88
C 258
R
P 0x7f2a7c191628
C 342
R
P 0x7f2a7c191628
P 0x7f2a7c19bc88
C 9
R
P 0x7f2a7c191628
C 342
R
P 0x7f2a7c191628
U 2
P 0x7f2a7c19bfc8
P 0x7f2a7c19bc88
p 2
C 67
= 0x7f2a7c487240
R
P 0x7f2a7c191628
C 342
R
P 0x7f2a7c191628
P 0x7f2a7c487240
C 257
R
P 0x7f2a7c191628
C 342
R
P 0x7f2a7c191628
P 0x7f2a7c487240
C 254
= 0x7f2a7c19b208
R
P 0x7f2a7c191628
C 342
R
P 0x7f2a7c191628
P 0x7f2a7c19b208
C 209
R
P 0x7f2a7c191628
C 342
R
P 0x7f2a7c191628
P 0x7f2a7c487240
C 260
R
P 0x7f2a7c191628
C 342
R
P 0x7f2a7c191628
P 0x7f2a7c487240
C 259
R
P 0x7f2a7c191628
C 342
R
P 0x7f2a7c191628
P 0x7f2a7c487240
C 258
R
P 0x7f2a7c191628
C 342
R
P 0x7f2a7c191628
P 0x7f2a7c487240
C 9
R
P 0x7f2a7c191628
C 342
R
P 0x7f2a7c191628
U 2
P 0x7f2a7c19bba8
P 0x7f2a7c487240
p 2
C 66
= 0x7f2a7c487278
R
P 0x7f2a7c191628
C 342
R
P 0x7f2a7c191628
P 0x7f2a7c487278
C 257
R
P 0x7f2a7c191628
C 342
R
P 0x7f2a7c191628
P 0x7f2a7c487278
C 254
= 0x7f2a7c19b1e8
R
P 0x7f2a7c191628
C 342
R
P 0x7f2a7c191628
P 0x7f2a7c19b1e8
C 209
R
P 0x7f2a7c191628
C 342
R
P 0x7f2a7c191628
P 0x7f2a7c487278
C 260
R
P 0x7f2a7c191628
C 342
R
P 0x7f2a7c191628
P 0x7f2a7c487278
C 259
R
P 0x7f2a7c191628
C 342
R
P 0x7f2a7c191628
P 0x7f2a7c487278
C 258
R
P 0x7f2a7c191628
C 342
R
P 0x7f2a7c191628
P 0x7f2a7c487278
C 9
R
P 0x7f2a7c191628
C 342
R
P 0x7f2a7c191628
U 2
P 0x7f2a7c19bc28
P 0x7f2a7c487278
p 2
C 65
= 0x7f2a7c4872b0
R
P 0x7f2a7c191628
C 342
R
P 0x7f2a7c191628
P 0x7f2a7c4872b0
C 257
R
P 0x7f2a7c191628
C 342
R
P 0x7f2a7c191628
P 0x7f2a7c4872b0
C 254
= 0x7f2a7c19b1e8
R
P 0x7f2a7c191628
C 342
R
P 0x7f2a7c191628
P 0x7f2a7c19b1e8
C 209
R
P 0x7f2a7c191628
C 342
R
P 0x7f2a7c191628
P 0x7f2a7c4872b0
C 260
R
P 0x7f2a7c191628
C 342
R
P 0x7f2a7c191628
P 0x7f2a7c4872b0
C 259
R
P 0x7f2a7c191628
C 342
R
P 0x7f2a7c191628
P 0x7f2a7c4872b0
C 258
R
P 0x7f2a7c191628
C 342
R
P 0x7f2a7c191628
P 0x7f2a7c4872b0
C 9
R
P 0x7f2a7c191628
C 342
R
P 0x7f2a7c191628
P 0x7f2a7c487208
P 0x7f2a7c4872b0
P 0x7f2a7c19bc28
C 59
= 0x7f2a7c19f988
R
P 0x7f2a7c191628
C 342
R
P 0x7f2a7c191628
P 0x7f2a7c19f988
C 257
R
P 0x7f2a7c191628
C 342
R
P 0x7f2a7c191628
P 0x7f2a7c19f988
C 254
= 0x7f2a7c19b1e8
R
P 0x7f2a7c191628
C 342
R
P 0x7f2a7c191628
P 0x7f2a7c19b1e8
C 209
R
P 0x7f2a7c191628
C 342
R
P 0x7f2a7c191628
P 0x7f2a7c19f988
C 260
R
P 0x7f2a7c191628
C 342
R
P 0x7f2a7c191628
P 0x7f2a7c19f988
C 259
R
P 0x7f2a7c191628
C 342
R
P 0x7f2a7c191628
P 0x7f2a7c19f988
C 258
R
P 0x7f2a7c191628
C 342
R
P 0x7f2a7c191628
P 0x7f2a7c19f988
C 9
R
P 0x7f2a7c191628
C 342
R
P 0x7f2a7c191628
U 2
P 0x7f2a7c19f988
P 0x7f2a7c19bb48
p 2
C 65
= 0x7f2a7c4872e8
R
P 0x7f2a7c191628
C 342
R
P 0x7f2a7c191628
P 0x7f2a7c4872e8
C 257
R
P 0x7f2a7c191628
C 342
R
P 0x7f2a7c191628
P 0x7f2a7c4872e8
C 254
= 0x7f2a7c19b1e8
R
P 0x7f2a7c191628
C 342
R
P 0x7f2a7c191628
P 0x7f2a7c19b1e8
C 209
R
P 0x7f2a7c191628
C 342
R
P 0x7f2a7c191628
P 0x7f2a7c4872e8
C 260
R
P 0x7f2a7c191628
C 342
R
P 0x7f2a7c191628
P 0x7f2a7c4872e8
C 259
R
P 0x7f2a7c191628
C 342
R
P 0x7f2a7c191628
P 0x7f2a7c4872e8
C 258
R
P 0x7f2a7c191628
C 342
R
P 0x7f2a7c191628
P 0x7f2a7c4872e8
C 9
R
P 0x7f2a7c191628
C 342
R
P 0x7f2a7c191628
I 3
P 0x7f2a7c19b208
C 150
= 0x7f2a7c19bfc8
R
P 0x7f2a7c191628
C 342
R
P 0x7f2a7c191628
P 0x7f2a7c19bfc8
C 258
R
P 0x7f2a7c191628
C 342
R
P 0x7f2a7c191628
P 0x7f2a7c19bfc8
C 9
R
P 0x7f2a7c191628
C 342
R
P 0x7f2a7c191628
I 1
P 0x7f2a7c19b208
C 150
= 0x7f2a7c19bc88
R
P 0x7f2a7c191628
C 342
R
P 0x7f2a7c191628
P 0x7f2a7c19bc88
C 258
R
P 0x7f2a7c191628
C 342
R
P 0x7f2a7c191628
P 0x7f2a7c19bc88
C 9
R
P 0x7f2a7c191628
C 342
R
P 0x7f2a7c191628
P 0x7f2a7c19bfc8
P 0x7f2a7c19bc88
C 75
= 0x7f2a7c487208
R
P 0x7f2a7c191628
C 342
R
P 0x7f2a7c191628
P 0x7f2a7c487208
C 258
R
P 0x7f2a7c191628
C 342
R
P 0x7f2a7c191628
P 0x7f2a7c487208
C 9
R
P 0x7f2a7c191628
C 342
R
P 0x7f2a7c191628
I 1
P 0x7f2a7c19b208
C 150
= 0x7f2a7c19bc88
R
P 0x7f2a7c191628
C 342
R
P 0x7f2a7c191628
P 0x7f2a7c19bc88
C 258
R
P 0x7f2a7c191628
C 342
R
P 0x7f2a7c191628
P 0x7f2a7c19bc88
C 9
R
P 0x7f2a7c191628
C 342
R
P 0x7f2a7c191628
U 2
P 0x7f2a7c19bfc8
P 0x7f2a7c19bc88
p 2
C 67
= 0x7f2a7c487240
R
P 0x7f2a7c191628
C 342
R
P 0x7f2a7c191628
P 0x7f2a7c487240
C 257
R
P 0x7f2a7c191628
C 342
R
P 0x7f2a7c191628
P 0x7f2a7c487240
C 254
= 0x7f2a7c19b208
R
P 0x7f2a7c191628
C 342
R
P 0x7f2a7c191628
P 0x7f2a7c19b208
C 209
R
P 0x7f2a7c191628
C 342
R
P 0x7f2a7c191628
P 0x7f2a7c487240
C 260
R
P 0x7f2a7c191628
C 342
R
P 0x7f2a7c191628
P 0x7f2a7c487240
C 259
R
P 0x7f2a7c191628
C 342
R
P 0x7f2a7c191628
P 0x7f2a7c487240
C 258
R
P 0x7f2a7c191628
C 342
R
P 0x7f2a7c191628
P 0x7f2a7c487240
C 9
R
P 0x7f2a7c191628
C 342
R
P 0x7f2a7c191628
U 2
P 0x7f2a7c19bbe8
P 0x7f2a7c487240
p 2
C 66
= 0x7f2a7c487f60
R
P 0x7f2a7c191628
C 342
R
P 0x7f2a7c191628
P 0x7f2a7c487f60
C 257
R
P 0x7f2a7c191628
C 342
R
P 0x7f2a7c191628
P 0x7f2a7c487f60
C 254
= 0x7f2a7c19b208
R
P 0x7f2a7c191628
C 342
R
P 0x7f2a7c191628
P 0x7f2a7c19b208
C 209
R
P 0x7f2a7c191628
C 342
R
P 0x7f2a7c191628
P 0x7f2a7c487f60
C 260
R
P 0x7f2a7c191628
C 342
R
P 0x7f2a7c191628
P 0x7f2a7c487f60
C 259
R
P 0x7f2a7c191628
C 342
R
P 0x7f2a7c191628
P 0x7f2a7c487f60
C 258
R
P 0x7f2a7c191628
C 342
R
P 0x7f2a7c191628
P 0x7f2a7c487f60
C 9
R
P 0x7f2a7c191628
C 342
R
P 0x7f2a7c191628
U 2
P 0x7f2a7c19bb88
P 0x7f2a7c487f60
p 2
C 65
= 0x7f2a7c487f98
R
P 0x7f2a7c191628
C 342
R
P 0x7f2a7c191628
P 0x7f2a7c487f98
C 257
R
P 0x7f2a7c191628
C 342
R
P 0x7f2a7c191628
P 0x7f2a7c487f98
C 254
= 0x7f2a7c19b1e8
R
P 0x7f2a7c191628
C 342
R
P 0x7f2a7c191628
P 0x7f2a7c19b1e8
C 209
R
P 0x7f2a7c191628
C 342
R
P 0x7f2a7c191628
P 0x7f2a7c487f98
C 260
R
P 0x7f2a7c191628
C 342
R
P 0x7f2a7c191628
P 0x7f2a7c487f98
C 259
R
P 0x7f2a7c191628
C 342
R
P 0x7f2a7c191628
P 0x7f2a7c487f98
C 258
R
P 0x7f2a7c191628
C 342
R
P 0x7f2a7c191628
P 0x7f2a7c487f98
C 9
R
P 0x7f2a7c191628
C 342
R
P 0x7f2a7c191628
P 0x7f2a7c487208
P 0x7f2a7c487f98
P 0x7f2a7c19bb88
C 59
= 0x7f2a7c19fac8
R
P 0x7f2a7c191628
C 342
R
P 0x7f2a7c191628
P 0x7f2a7c19fac8
C 257
R
P 0x7f2a7c191628
C 342
R
P 0x7f2a7c191628
P 0x7f2a7c19fac8
C 254
= 0x7f2a7c19b1e8
R
P 0x7f2a7c191628
C 342
R
P 0x7f2a7c191628
P 0x7f2a7c19b1e8
C 209
R
P 0x7f2a7c191628
C 342
R
P 0x7f2a7c191628
P 0x7f2a7c19fac8
C 260
R
P 0x7f2a7c191628
C 342
R
P 0x7f2a7c191628
P 0x7f2a7c19fac8
C 259
R
P 0x7f2a7c191628
C 342
R
P 0x7f2a7c191628
P 0x7f2a7c19fac8
C 258
R
P 0x7f2a7c191628
C 342
R
P 0x7f2a7c191628
P 0x7f2a7c19fac8
C 9
R
P 0x7f2a7c191628
C 342
R
P 0x7f2a7c191628
U 2
P 0x7f2a7c19fac8
P 0x7f2a7c19bbe8
p 2
C 65
= 0x7f2a7c48c290
R
P 0x7f2a7c191628
C 342
R
P 0x7f2a7c191628
P 0x7f2a7c48c290
C 257
R
P 0x7f2a7c191628
C 342
R
P 0x7f2a7c191628
P 0x7f2a7c48c290
C 254
= 0x7f2a7c19b1e8
R
P 0x7f2a7c191628
C 342
R
P 0x7f2a7c191628
P 0x7f2a7c19b1e8
C 209
R
P 0x7f2a7c191628
C 342
R
P 0x7f2a7c191628
P 0x7f2a7c48c290
C 260
R
P 0x7f2a7c191628
C 342
R
P 0x7f2a7c191628
P 0x7f2a7c48c290
C 259
R
P 0x7f2a7c191628
C 342
R
P 0x7f2a7c191628
P 0x7f2a7c48c290
C 258
R
P 0x7f2a7c191628
C 342
R
P 0x7f2a7c191628
P 0x7f2a7c48c290
C 9
R
P 0x7f2a7c191628
C 342
R
P 0x7f2a7c191628
P 0x7f2a7c4872e8
P 0x7f2a7c48c290
C 74
= 0x7f2a7c48d8c8
R
P 0x7f2a7c191628
C 342
R
P 0x7f2a7c191628
P 0x7f2a7c48d8c8
C 258
R
P 0x7f2a7c191628
C 342
R
P 0x7f2a7c191628
P 0x7f2a7c48d8c8
C 9
R
P 0x7f2a7c191628
C 342
R
P 0x7f2a7c191628
U 2
P 0x7f2a7c48d890
P 0x7f2a7c48d8c8
p 2
C 63
= 0x7f2a7c48d900
R
P 0x7f2a7c191628
C 342
R
P 0x7f2a7c191628
P 0x7f2a7c48d900
C 258
R
P 0x7f2a7c191628
C 342
R
P 0x7f2a7c191628
P 0x7f2a7c48d900
C 9
R
P 0x7f2a7c191628
C 342
R
P 0x7f2a7c191628
I 3
P 0x7f2a7c19b208
C 150
= 0x7f2a7c19bfc8
R
P 0x7f2a7c191628
C 342
R
P 0x7f2a7c191628
P 0x7f2a7c19bfc8
C 258
R
P 0x7f2a7c191628
C 342
R
P 0x7f2a7c191628
P 0x7f2a7c19bfc8
C 9
R
P 0x7f2a7c191628
C 342
R
P 0x7f2a7c191628
P 0x7f2a7c19bfc8
C 263
R
P 0x7f2a7c191628
C 342
R
P 0x7f2a7c191628
S "dev0T33"
C 30
R
P 0x7f2a7c191628
C 342
R
P 0x7f2a7c191628
$ |dev0T33|
C 202
R
P 0x7f2a7c191628
C 342
R
P 0x7f2a7c191628
$ |dev0T33|
P 0x7f2a7c19b1e8
C 51
= 0x7f2a7c19c228
R
P 0x7f2a7c191628
C 342
R
P 0x7f2a7c191628
P 0x7f2a7c19c228
C 257
R
P 0x7f2a7c191628
C 342
R
P 0x7f2a7c191628
P 0x7f2a7c19c228
C 254
= 0x7f2a7c19b1e8
R
P 0x7f2a7c191628
C 342
R
P 0x7f2a7c191628
P 0x7f2a7c19b1e8
C 209
R
P 0x7f2a7c191628
C 342
R
P 0x7f2a7c191628
P 0x7f2a7c19c228
C 260
R
P 0x7f2a7c191628
C 342
R
P 0x7f2a7c191628
P 0x7f2a7c19c228
C 259
R
P 0x7f2a7c191628
C 342
R
P 0x7f2a7c191628
P 0x7f2a7c19c228
C 258
R
P 0x7f2a7c191628
C 342
R
P 0x7f2a7c191628
P 0x7f2a7c19c228
C 9
R
P 0x7f2a7c191628
C 342
R
P 0x7f2a7c191628
P 0x7f2a7c19bc68
C 333
R
P 0x7f2a7c191628
C 342
R
P 0x7f2a7c191628
S "slotflowPriorityStart"
C 30
R
P 0x7f2a7c191628
C 342
R
P 0x7f2a7c191628
$ |slotflowPriorityStart|
C 202
R
P 0x7f2a7c191628
C 342
R
P 0x7f2a7c191628
$ |slotflowPriorityStart|
P 0x7f2a7c19b1e8
C 51
= 0x7f2a7c19c2a8
R
P 0x7f2a7c191628
C 342
R
P 0x7f2a7c191628
P 0x7f2a7c19c2a8
C 257
R
P 0x7f2a7c191628
C 342
R
P 0x7f2a7c191628
P 0x7f2a7c19c2a8
C 254
= 0x7f2a7c19b1e8
R
P 0x7f2a7c191628
C 342
R
P 0x7f2a7c191628
P 0x7f2a7c19b1e8
C 209
R
P 0x7f2a7c191628
C 342
R
P 0x7f2a7c191628
P 0x7f2a7c19c2a8
C 260
R
P 0x7f2a7c191628
C 342
R
P 0x7f2a7c191628
P 0x7f2a7c19c2a8
C 259
R
P 0x7f2a7c191628
C 342
R
P 0x7f2a7c191628
P 0x7f2a7c19c2a8
C 258
R
P 0x7f2a7c191628
C 342
R
P 0x7f2a7c191628
P 0x7f2a7c19c2a8
C 9
R
P 0x7f2a7c191628
C 342
R
P 0x7f2a7c191628
P 0x7f2a7c19bc68
C 333
R
P 0x7f2a7c191628
C 342
R
P 0x7f2a7c191628
S "slotflowPriorityDuration"
C 30
R
P 0x7f2a7c191628
C 342
R
P 0x7f2a7c191628
$ |slotflowPriorityDuration|
C 202
R
P 0x7f2a7c191628
C 342
R
P 0x7f2a7c191628
$ |slotflowPriorityDuration|
P 0x7f2a7c19b1e8
C 51
= 0x7f2a7c19c268
R
P 0x7f2a7c191628
C 342
R
P 0x7f2a7c191628
P 0x7f2a7c19c268
C 257
R
P 0x7f2a7c191628
C 342
R
P 0x7f2a7c191628
P 0x7f2a7c19c268
C 254
= 0x7f2a7c19b1e8
R
P 0x7f2a7c191628
C 342
R
P 0x7f2a7c191628
P 0x7f2a7c19b1e8
C 209
R
P 0x7f2a7c191628
C 342
R
P 0x7f2a7c191628
P 0x7f2a7c19c268
C 260
R
P 0x7f2a7c191628
C 342
R
P 0x7f2a7c191628
P 0x7f2a7c19c268
C 259
R
P 0x7f2a7c191628
C 342
R
P 0x7f2a7c191628
P 0x7f2a7c19c268
C 258
R
P 0x7f2a7c191628
C 342
R
P 0x7f2a7c191628
P 0x7f2a7c19c268
C 9
R
P 0x7f2a7c191628
C 342
R
P 0x7f2a7c191628
U 2
P 0x7f2a7c19c2a8
P 0x7f2a7c19c268
p 2
C 65
= 0x7f2a7c487908
R
P 0x7f2a7c191628
C 342
R
P 0x7f2a7c191628
P 0x7f2a7c487908
C 257
R
P 0x7f2a7c191628
C 342
R
P 0x7f2a7c191628
P 0x7f2a7c487908
C 254
= 0x7f2a7c19b1e8
R
P 0x7f2a7c191628
C 342
R
P 0x7f2a7c191628
P 0x7f2a7c19b1e8
C 209
R
P 0x7f2a7c191628
C 342
R
P 0x7f2a7c191628
P 0x7f2a7c487908
C 260
R
P 0x7f2a7c191628
C 342
R
P 0x7f2a7c191628
P 0x7f2a7c487908
C 259
R
P 0x7f2a7c191628
C 342
R
P 0x7f2a7c191628
P 0x7f2a7c487908
C 258
R
P 0x7f2a7c191628
C 342
R
P 0x7f2a7c191628
P 0x7f2a7c487908
C 9
R
P 0x7f2a7c191628
C 342
R
P 0x7f2a7c191628
I 4
P 0x7f2a7c19b208
C 150
= 0x7f2a7c19c028
R
P 0x7f2a7c191628
C 342
R
P 0x7f2a7c191628
P 0x7f2a7c19c028
C 258
R
P 0x7f2a7c191628
C 342
R
P 0x7f2a7c191628
P 0x7f2a7c19c028
C 9
R
P 0x7f2a7c191628
C 342
R
P 0x7f2a7c191628
I 1
P 0x7f2a7c19b208
C 150
= 0x7f2a7c19bc88
R
P 0x7f2a7c191628
C 342
R
P 0x7f2a7c191628
P 0x7f2a7c19bc88
C 258
R
P 0x7f2a7c191628
C 342
R
P 0x7f2a7c191628
P 0x7f2a7c19bc88
C 9
R
P 0x7f2a7c191628
C 342
R
P 0x7f2a7c191628
P 0x7f2a7c19c028
P 0x7f2a7c19bc88
C 75
= 0x7f2a7c487390
R
P 0x7f2a7c191628
C 342
R
P 0x7f2a7c191628
P 0x7f2a7c487390
C 258
R
P 0x7f2a7c191628
C 342
R
P 0x7f2a7c191628
P 0x7f2a7c487390
C 9
R
P 0x7f2a7c191628
C 342
R
P 0x7f2a7c191628
I 1
P 0x7f2a7c19b208
C 150
= 0x7f2a7c19bc88
R
P 0x7f2a7c191628
C 342
R
P 0x7f2a7c191628
P 0x7f2a7c19bc88
C 258
R
P 0x7f2a7c191628
C 342
R
P 0x7f2a7c191628
P 0x7f2a7c19bc88
C 9
R
P 0x7f2a7c191628
C 342
R
P 0x7f2a7c191628
U 2
P 0x7f2a7c19c028
P 0x7f2a7c19bc88
p 2
C 67
= 0x7f2a7c4873c8
R
P 0x7f2a7c191628
C 342
R
P 0x7f2a7c191628
P 0x7f2a7c4873c8
C 257
R
P 0x7f2a7c191628
C 342
R
P 0x7f2a7c191628
P 0x7f2a7c4873c8
C 254
= 0x7f2a7c19b208
R
P 0x7f2a7c191628
C 342
R
P 0x7f2a7c191628
P 0x7f2a7c19b208
C 209
R
P 0x7f2a7c191628
C 342
R
P 0x7f2a7c191628
P 0x7f2a7c4873c8
C 260
R
P 0x7f2a7c191628
C 342
R
P 0x7f2a7c191628
P 0x7f2a7c4873c8
C 259
R
P 0x7f2a7c191628
C 342
R
P 0x7f2a7c191628
P 0x7f2a7c4873c8
C 258
R
P 0x7f2a7c191628
C 342
R
P 0x7f2a7c191628
P 0x7f2a7c4873c8
C 9
R
P 0x7f2a7c191628
C 342
R
P 0x7f2a7c191628
U 2
P 0x7f2a7c19bbe8
P 0x7f2a7c4873c8
p 2
C 66
= 0x7f2a7c488158
R
P 0x7f2a7c191628
C 342
R
P 0x7f2a7c191628
P 0x7f2a7c488158
C 257
R
P 0x7f2a7c191628
C 342
R
P 0x7f2a7c191628
P 0x7f2a7c488158
C 254
= 0x7f2a7c19b208
R
P 0x7f2a7c191628
C 342
R
P 0x7f2a7c191628
P 0x7f2a7c19b208
C 209
R
P 0x7f2a7c191628
C 342
R
P 0x7f2a7c191628
P 0x7f2a7c488158
C 260
R
P 0x7f2a7c191628
C 342
R
P 0x7f2a7c191628
P 0x7f2a7c488158
C 259
R
P 0x7f2a7c191628
C 342
R
P 0x7f2a7c191628
P 0x7f2a7c488158
C 258
R
P 0x7f2a7c191628
C 342
R
P 0x7f2a7c191628
P 0x7f2a7c488158
C 9
R
P 0x7f2a7c191628
C 342
R
P 0x7f2a7c191628
U 2
P 0x7f2a7c19bb88
P 0x7f2a7c488158
p 2
C 65
= 0x7f2a7c488190
R
P 0x7f2a7c191628
C 342
R
P 0x7f2a7c191628
P 0x7f2a7c488190
C 257
R
P 0x7f2a7c191628
C 342
R
P 0x7f2a7c191628
P 0x7f2a7c488190
C 254
= 0x7f2a7c19b1e8
R
P 0x7f2a7c191628
C 342
R
P 0x7f2a7c191628
P 0x7f2a7c19b1e8
C 209
R
P 0x7f2a7c191628
C 342
R
P 0x7f2a7c191628
P 0x7f2a7c488190
C 260
R
P 0x7f2a7c191628
C 342
R
P 0x7f2a7c191628
P 0x7f2a7c488190
C 259
R
P 0x7f2a7c191628
C 342
R
P 0x7f2a7c191628
P 0x7f2a7c488190
C 258
R
P 0x7f2a7c191628
C 342
R
P 0x7f2a7c191628
P 0x7f2a7c488190
C 9
R
P 0x7f2a7c191628
C 342
R
P 0x7f2a7c191628
P 0x7f2a7c487390
P 0x7f2a7c488190
P 0x7f2a7c19bb88
C 59
= 0x7f2a7c19fb08
R
P 0x7f2a7c191628
C 342
R
P 0x7f2a7c191628
P 0x7f2a7c19fb08
C 257
R
P 0x7f2a7c191628
C 342
R
P 0x7f2a7c191628
P 0x7f2a7c19fb08
C 254
= 0x7f2a7c19b1e8
R
P 0x7f2a7c191628
C 342
R
P 0x7f2a7c191628
P 0x7f2a7c19b1e8
C 209
R
P 0x7f2a7c191628
C 342
R
P 0x7f2a7c191628
P 0x7f2a7c19fb08
C 260
R
P 0x7f2a7c191628
C 342
R
P 0x7f2a7c191628
P 0x7f2a7c19fb08
C 259
R
P 0x7f2a7c191628
C 342
R
P 0x7f2a7c191628
P 0x7f2a7c19fb08
C 258
R
P 0x7f2a7c191628
C 342
R
P 0x7f2a7c191628
P 0x7f2a7c19fb08
C 9
R
P 0x7f2a7c191628
C 342
R
P 0x7f2a7c191628
U 2
P 0x7f2a7c487908
P 0x7f2a7c19fb08
p 2
C 65
= 0x7f2a7c4881c8
R
P 0x7f2a7c191628
C 342
R
P 0x7f2a7c191628
P 0x7f2a7c4881c8
C 257
R
P 0x7f2a7c191628
C 342
R
P 0x7f2a7c191628
P 0x7f2a7c4881c8
C 254
= 0x7f2a7c19b1e8
R
P 0x7f2a7c191628
C 342
R
P 0x7f2a7c191628
P 0x7f2a7c19b1e8
C 209
R
P 0x7f2a7c191628
C 342
R
P 0x7f2a7c191628
P 0x7f2a7c4881c8
C 260
R
P 0x7f2a7c191628
C 342
R
P 0x7f2a7c191628
P 0x7f2a7c4881c8
C 259
R
P 0x7f2a7c191628
C 342
R
P 0x7f2a7c191628
P 0x7f2a7c4881c8
C 258
R
P 0x7f2a7c191628
C 342
R
P 0x7f2a7c191628
P 0x7f2a7c4881c8
C 9
R
P 0x7f2a7c191628
C 342
R
P 0x7f2a7c191628
P 0x7f2a7c19c228
P 0x7f2a7c4881c8
C 74
= 0x7f2a7c48b570
R
P 0x7f2a7c191628
C 342
R
P 0x7f2a7c191628
P 0x7f2a7c48b570
C 258
R
P 0x7f2a7c191628
C 342
R
P 0x7f2a7c191628
P 0x7f2a7c48b570
C 9
R
P 0x7f2a7c191628
C 342
R
P 0x7f2a7c191628
I 3
P 0x7f2a7c19b208
C 150
= 0x7f2a7c19bfc8
R
P 0x7f2a7c191628
C 342
R
P 0x7f2a7c191628
P 0x7f2a7c19bfc8
C 258
R
P 0x7f2a7c191628
C 342
R
P 0x7f2a7c191628
P 0x7f2a7c19bfc8
C 9
R
P 0x7f2a7c191628
C 342
R
P 0x7f2a7c191628
P 0x7f2a7c19bfc8
C 263
R
P 0x7f2a7c191628
C 342
R
P 0x7f2a7c191628
S "dev0T33"
C 30
R
P 0x7f2a7c191628
C 342
R
P 0x7f2a7c191628
$ |dev0T33|
C 202
R
P 0x7f2a7c191628
C 342
R
P 0x7f2a7c191628
$ |dev0T33|
P 0x7f2a7c19b1e8
C 51
= 0x7f2a7c19c228
R
P 0x7f2a7c191628
C 342
R
P 0x7f2a7c191628
P 0x7f2a7c19c228
C 257
R
P 0x7f2a7c191628
C 342
R
P 0x7f2a7c191628
P 0x7f2a7c19c228
C 254
= 0x7f2a7c19b1e8
R
P 0x7f2a7c191628
C 342
R
P 0x7f2a7c191628
P 0x7f2a7c19b1e8
C 209
R
P 0x7f2a7c191628
C 342
R
P 0x7f2a7c191628
P 0x7f2a7c19c228
C 260
R
P 0x7f2a7c191628
C 342
R
P 0x7f2a7c191628
P 0x7f2a7c19c228
C 259
R
P 0x7f2a7c191628
C 342
R
P 0x7f2a7c191628
P 0x7f2a7c19c228
C 258
R
P 0x7f2a7c191628
C 342
R
P 0x7f2a7c191628
P 0x7f2a7c19c228
C 9
R
P 0x7f2a7c191628
C 342
R
P 0x7f2a7c191628
P 0x7f2a7c19bc68
C 333
R
P 0x7f2a7c191628
C 342
R
P 0x7f2a7c191628
S "slotflowPriorityStart"
C 30
R
P 0x7f2a7c191628
C 342
R
P 0x7f2a7c191628
$ |slotflowPriorityStart|
C 202
R
P 0x7f2a7c191628
C 342
R
P 0x7f2a7c191628
$ |slotflowPriorityStart|
P 0x7f2a7c19b1e8
C 51
= 0x7f2a7c19c2a8
R
P 0x7f2a7c191628
C 342
R
P 0x7f2a7c191628
P 0x7f2a7c19c2a8
C 257
R
P 0x7f2a7c191628
C 342
R
P 0x7f2a7c191628
P 0x7f2a7c19c2a8
C 254
= 0x7f2a7c19b1e8
R
P 0x7f2a7c191628
C 342
R
P 0x7f2a7c191628
P 0x7f2a7c19b1e8
C 209
R
P 0x7f2a7c191628
C 342
R
P 0x7f2a7c191628
P 0x7f2a7c19c2a8
C 260
R
P 0x7f2a7c191628
C 342
R
P 0x7f2a7c191628
P 0x7f2a7c19c2a8
C 259
R
P 0x7f2a7c191628
C 342
R
P 0x7f2a7c191628
P 0x7f2a7c19c2a8
C 258
R
P 0x7f2a7c191628
C 342
R
P 0x7f2a7c191628
P 0x7f2a7c19c2a8
C 9
R
P 0x7f2a7c191628
C 342
R
P 0x7f2a7c191628
I 3
P 0x7f2a7c19b208
C 150
= 0x7f2a7c19bfc8
R
P 0x7f2a7c191628
C 342
R
P 0x7f2a7c191628
P 0x7f2a7c19bfc8
C 258
R
P 0x7f2a7c191628
C 342
R
P 0x7f2a7c191628
P 0x7f2a7c19bfc8
C 9
R
P 0x7f2a7c191628
C 342
R
P 0x7f2a7c191628
I 1
P 0x7f2a7c19b208
C 150
= 0x7f2a7c19bc88
R
P 0x7f2a7c191628
C 342
R
P 0x7f2a7c191628
P 0x7f2a7c19bc88
C 258
R
P 0x7f2a7c191628
C 342
R
P 0x7f2a7c191628
P 0x7f2a7c19bc88
C 9
R
P 0x7f2a7c191628
C 342
R
P 0x7f2a7c191628
P 0x7f2a7c19bfc8
P 0x7f2a7c19bc88
C 75
= 0x7f2a7c487208
R
P 0x7f2a7c191628
C 342
R
P 0x7f2a7c191628
P 0x7f2a7c487208
C 258
R
P 0x7f2a7c191628
C 342
R
P 0x7f2a7c191628
P 0x7f2a7c487208
C 9
R
P 0x7f2a7c191628
C 342
R
P 0x7f2a7c191628
I 1
P 0x7f2a7c19b208
C 150
= 0x7f2a7c19bc88
R
P 0x7f2a7c191628
C 342
R
P 0x7f2a7c191628
P 0x7f2a7c19bc88
C 258
R
P 0x7f2a7c191628
C 342
R
P 0x7f2a7c191628
P 0x7f2a7c19bc88
C 9
R
P 0x7f2a7c191628
C 342
R
P 0x7f2a7c191628
U 2
P 0x7f2a7c19bfc8
P 0x7f2a7c19bc88
p 2
C 67
= 0x7f2a7c487240
R
P 0x7f2a7c191628
C 342
R
P 0x7f2a7c191628
P 0x7f2a7c487240
C 257
R
P 0x7f2a7c191628
C 342
R
P 0x7f2a7c191628
P 0x7f2a7c487240
C 254
= 0x7f2a7c19b208
R
P 0x7f2a7c191628
C 342
R
P 0x7f2a7c191628
P 0x7f2a7c19b208
C 209
R
P 0x7f2a7c191628
C 342
R
P 0x7f2a7c191628
P 0x7f2a7c487240
C 260
R
P 0x7f2a7c191628
C 342
R
P 0x7f2a7c191628
P 0x7f2a7c487240
C 259
R
P 0x7f2a7c191628
C 342
R
P 0x7f2a7c191628
P 0x7f2a7c487240
C 258
R
P 0x7f2a7c191628
C 342
R
P 0x7f2a7c191628
P 0x7f2a7c487240
C 9
R
P 0x7f2a7c191628
C 342
R
P 0x7f2a7c191628
U 2
P 0x7f2a7c19bbe8
P 0x7f2a7c487240
p 2
C 66
= 0x7f2a7c487f60
R
P 0x7f2a7c191628
C 342
R
P 0x7f2a7c191628
P 0x7f2a7c487f60
C 257
R
P 0x7f2a7c191628
C 342
R
P 0x7f2a7c191628
P 0x7f2a7c487f60
C 254
= 0x7f2a7c19b208
R
P 0x7f2a7c191628
C 342
R
P 0x7f2a7c191628
P 0x7f2a7c19b208
C 209
R
P 0x7f2a7c191628
C 342
R
P 0x7f2a7c191628
P 0x7f2a7c487f60
C 260
R
P 0x7f2a7c191628
C 342
R
P 0x7f2a7c191628
P 0x7f2a7c487f60
C 259
R
P 0x7f2a7c191628
C 342
R
P 0x7f2a7c191628
P 0x7f2a7c487f60
C 258
R
P 0x7f2a7c191628
C 342
R
P 0x7f2a7c191628
P 0x7f2a7c487f60
C 9
R
P 0x7f2a7c191628
C 342
R
P 0x7f2a7c191628
U 2
P 0x7f2a7c19bb88
P 0x7f2a7c487f60
p 2
C 65
= 0x7f2a7c487f98
R
P 0x7f2a7c191628
C 342
R
P 0x7f2a7c191628
P 0x7f2a7c487f98
C 257
R
P 0x7f2a7c191628
C 342
R
P 0x7f2a7c191628
P 0x7f2a7c487f98
C 254
= 0x7f2a7c19b1e8
R
P 0x7f2a7c191628
C 342
R
P 0x7f2a7c191628
P 0x7f2a7c19b1e8
C 209
R
P 0x7f2a7c191628
C 342
R
P 0x7f2a7c191628
P 0x7f2a7c487f98
C 260
R
P 0x7f2a7c191628
C 342
R
P 0x7f2a7c191628
P 0x7f2a7c487f98
C 259
R
P 0x7f2a7c191628
C 342
R
P 0x7f2a7c191628
P 0x7f2a7c487f98
C 258
R
P 0x7f2a7c191628
C 342
R
P 0x7f2a7c191628
P 0x7f2a7c487f98
C 9
R
P 0x7f2a7c191628
C 342
R
P 0x7f2a7c191628
P 0x7f2a7c487208
P 0x7f2a7c487f98
P 0x7f2a7c19bb88
C 59
= 0x7f2a7c19fac8
R
P 0x7f2a7c191628
C 342
R
P 0x7f2a7c191628
P 0x7f2a7c19fac8
C 257
R
P 0x7f2a7c191628
C 342
R
P 0x7f2a7c191628
P 0x7f2a7c19fac8
C 254
= 0x7f2a7c19b1e8
R
P 0x7f2a7c191628
C 342
R
P 0x7f2a7c191628
P 0x7f2a7c19b1e8
C 209
R
P 0x7f2a7c191628
C 342
R
P 0x7f2a7c191628
P 0x7f2a7c19fac8
C 260
R
P 0x7f2a7c191628
C 342
R
P 0x7f2a7c191628
P 0x7f2a7c19fac8
C 259
R
P 0x7f2a7c191628
C 342
R
P 0x7f2a7c191628
P 0x7f2a7c19fac8
C 258
R
P 0x7f2a7c191628
C 342
R
P 0x7f2a7c191628
P 0x7f2a7c19fac8
C 9
R
P 0x7f2a7c191628
C 342
R
P 0x7f2a7c191628
U 2
P 0x7f2a7c19c2a8
P 0x7f2a7c19fac8
p 2
C 65
= 0x7f2a7c488078
R
P 0x7f2a7c191628
C 342
R
P 0x7f2a7c191628
P 0x7f2a7c488078
C 257
R
P 0x7f2a7c191628
C 342
R
P 0x7f2a7c191628
P 0x7f2a7c488078
C 254
= 0x7f2a7c19b1e8
R
P 0x7f2a7c191628
C 342
R
P 0x7f2a7c191628
P 0x7f2a7c19b1e8
C 209
R
P 0x7f2a7c191628
C 342
R
P 0x7f2a7c191628
P 0x7f2a7c488078
C 260
R
P 0x7f2a7c191628
C 342
R
P 0x7f2a7c191628
P 0x7f2a7c488078
C 259
R
P 0x7f2a7c191628
C 342
R
P 0x7f2a7c191628
P 0x7f2a7c488078
C 258
R
P 0x7f2a7c191628
C 342
R
P 0x7f2a7c191628
P 0x7f2a7c488078
C 9
R
P 0x7f2a7c191628
C 342
R
P 0x7f2a7c191628
U 2
P 0x7f2a7c488078
P 0x7f2a7c19bb68
p 2
C 65
= 0x7f2a7c489bf0
R
P 0x7f2a7c191628
C 342
R
P 0x7f2a7c191628
P 0x7f2a7c489bf0
C 257
R
P 0x7f2a7c191628
C 342
R
P 0x7f2a7c191628
P 0x7f2a7c489bf0
C 254
= 0x7f2a7c19b1e8
R
P 0x7f2a7c191628
C 342
R
P 0x7f2a7c191628
P 0x7f2a7c19b1e8
C 209
R
P 0x7f2a7c191628
C 342
R
P 0x7f2a7c191628
P 0x7f2a7c489bf0
C 260
R
P 0x7f2a7c191628
C 342
R
P 0x7f2a7c191628
P 0x7f2a7c489bf0
C 259
R
P 0x7f2a7c191628
C 342
R
P 0x7f2a7c191628
P 0x7f2a7c489bf0
C 258
R
P 0x7f2a7c191628
C 342
R
P 0x7f2a7c191628
P 0x7f2a7c489bf0
C 9
R
P 0x7f2a7c191628
C 342
R
P 0x7f2a7c191628
P 0x7f2a7c19c228
P 0x7f2a7c489bf0
C 56
= 0x7f2a7c48d938
R
P 0x7f2a7c191628
C 342
R
P 0x7f2a7c191628
P 0x7f2a7c48d938
C 258
R
P 0x7f2a7c191628
C 342
R
P 0x7f2a7c191628
P 0x7f2a7c48d938
C 9
R
P 0x7f2a7c191628
C 342
R
P 0x7f2a7c191628
U 2
P 0x7f2a7c48b570
P 0x7f2a7c48d938
p 2
C 63
= 0x7f2a7c48d970
R
P 0x7f2a7c191628
C 342
R
P 0x7f2a7c191628
P 0x7f2a7c48d970
C 258
R
P 0x7f2a7c191628
C 342
R
P 0x7f2a7c191628
P 0x7f2a7c48d970
C 9
R
P 0x7f2a7c191628
C 342
R
P 0x7f2a7c191628
P 0x7f2a7c48d900
P 0x7f2a7c48d970
C 61
= 0x7f2a7c48d9a8
R
P 0x7f2a7c191628
C 342
R
P 0x7f2a7c191628
P 0x7f2a7c48d9a8
C 258
R
P 0x7f2a7c191628
C 342
R
P 0x7f2a7c191628
P 0x7f2a7c48d9a8
C 9
R
P 0x7f2a7c191628
C 342
R
P 0x7f2a7c191628
P 0x7f2a7c1e1fc8
P 0x7f2a7c48d9a8
C 427
R
P 0x7f2a7c191628
C 342
R
P 0x7f2a7c191628
I 3
P 0x7f2a7c19b208
C 150
= 0x7f2a7c19bfc8
R
P 0x7f2a7c191628
C 342
R
P 0x7f2a7c191628
P 0x7f2a7c19bfc8
C 258
R
P 0x7f2a7c191628
C 342
R
P 0x7f2a7c191628
P 0x7f2a7c19bfc8
C 9
R
P 0x7f2a7c191628
C 342
R
P 0x7f2a7c191628
I 1
P 0x7f2a7c19b208
C 150
= 0x7f2a7c19bc88
R
P 0x7f2a7c191628
C 342
R
P 0x7f2a7c191628
P 0x7f2a7c19bc88
C 258
R
P 0x7f2a7c191628
C 342
R
P 0x7f2a7c191628
P 0x7f2a7c19bc88
C 9
R
P 0x7f2a7c191628
C 342
R
P 0x7f2a7c191628
P 0x7f2a7c19bfc8
P 0x7f2a7c19bc88
C 75
= 0x7f2a7c487208
R
P 0x7f2a7c191628
C 342
R
P 0x7f2a7c191628
P 0x7f2a7c487208
C 258
R
P 0x7f2a7c191628
C 342
R
P 0x7f2a7c191628
P 0x7f2a7c487208
C 9
R
P 0x7f2a7c191628
C 342
R
P 0x7f2a7c191628
I 1
P 0x7f2a7c19b208
C 150
= 0x7f2a7c19bc88
R
P 0x7f2a7c191628
C 342
R
P 0x7f2a7c191628
P 0x7f2a7c19bc88
C 258
R
P 0x7f2a7c191628
C 342
R
P 0x7f2a7c191628
P 0x7f2a7c19bc88
C 9
R
P 0x7f2a7c191628
C 342
R
P 0x7f2a7c191628
U 2
P 0x7f2a7c19bfc8
P 0x7f2a7c19bc88
p 2
C 67
= 0x7f2a7c487240
R
P 0x7f2a7c191628
C 342
R
P 0x7f2a7c191628
P 0x7f2a7c487240
C 257
R
P 0x7f2a7c191628
C 342
R
P 0x7f2a7c191628
P 0x7f2a7c487240
C 254
= 0x7f2a7c19b208
R
P 0x7f2a7c191628
C 342
R
P 0x7f2a7c191628
P 0x7f2a7c19b208
C 209
R
P 0x7f2a7c191628
C 342
R
P 0x7f2a7c191628
P 0x7f2a7c487240
C 260
R
P 0x7f2a7c191628
C 342
R
P 0x7f2a7c191628
P 0x7f2a7c487240
C 259
R
P 0x7f2a7c191628
C 342
R
P 0x7f2a7c191628
P 0x7f2a7c487240
C 258
R
P 0x7f2a7c191628
C 342
R
P 0x7f2a7c191628
P 0x7f2a7c487240
C 9
R
P 0x7f2a7c191628
C 342
R
P 0x7f2a7c191628
U 2
P 0x7f2a7c19bba8
P 0x7f2a7c487240
p 2
C 66
= 0x7f2a7c487278
R
P 0x7f2a7c191628
C 342
R
P 0x7f2a7c191628
P 0x7f2a7c487278
C 257
R
P 0x7f2a7c191628
C 342
R
P 0x7f2a7c191628
P 0x7f2a7c487278
C 254
= 0x7f2a7c19b1e8
R
P 0x7f2a7c191628
C 342
R
P 0x7f2a7c191628
P 0x7f2a7c19b1e8
C 209
R
P 0x7f2a7c191628
C 342
R
P 0x7f2a7c191628
P 0x7f2a7c487278
C 260
R
P 0x7f2a7c191628
C 342
R
P 0x7f2a7c191628
P 0x7f2a7c487278
C 259
R
P 0x7f2a7c191628
C 342
R
P 0x7f2a7c191628
P 0x7f2a7c487278
C 258
R
P 0x7f2a7c191628
C 342
R
P 0x7f2a7c191628
P 0x7f2a7c487278
C 9
R
P 0x7f2a7c191628
C 342
R
P 0x7f2a7c191628
U 2
P 0x7f2a7c19bc28
P 0x7f2a7c487278
p 2
C 65
= 0x7f2a7c4872b0
R
P 0x7f2a7c191628
C 342
R
P 0x7f2a7c191628
P 0x7f2a7c4872b0
C 257
R
P 0x7f2a7c191628
C 342
R
P 0x7f2a7c191628
P 0x7f2a7c4872b0
C 254
= 0x7f2a7c19b1e8
R
P 0x7f2a7c191628
C 342
R
P 0x7f2a7c191628
P 0x7f2a7c19b1e8
C 209
R
P 0x7f2a7c191628
C 342
R
P 0x7f2a7c191628
P 0x7f2a7c4872b0
C 260
R
P 0x7f2a7c191628
C 342
R
P 0x7f2a7c191628
P 0x7f2a7c4872b0
C 259
R
P 0x7f2a7c191628
C 342
R
P 0x7f2a7c191628
P 0x7f2a7c4872b0
C 258
R
P 0x7f2a7c191628
C 342
R
P 0x7f2a7c191628
P 0x7f2a7c4872b0
C 9
R
P 0x7f2a7c191628
C 342
R
P 0x7f2a7c191628
P 0x7f2a7c487208
P 0x7f2a7c4872b0
P 0x7f2a7c19bc28
C 59
= 0x7f2a7c19f988
R
P 0x7f2a7c191628
C 342
R
P 0x7f2a7c191628
P 0x7f2a7c19f988
C 257
R
P 0x7f2a7c191628
C 342
R
P 0x7f2a7c191628
P 0x7f2a7c19f988
C 254
= 0x7f2a7c19b1e8
R
P 0x7f2a7c191628
C 342
R
P 0x7f2a7c191628
P 0x7f2a7c19b1e8
C 209
R
P 0x7f2a7c191628
C 342
R
P 0x7f2a7c191628
P 0x7f2a7c19f988
C 260
R
P 0x7f2a7c191628
C 342
R
P 0x7f2a7c191628
P 0x7f2a7c19f988
C 259
R
P 0x7f2a7c191628
C 342
R
P 0x7f2a7c191628
P 0x7f2a7c19f988
C 258
R
P 0x7f2a7c191628
C 342
R
P 0x7f2a7c191628
P 0x7f2a7c19f988
C 9
R
P 0x7f2a7c191628
C 342
R
P 0x7f2a7c191628
U 2
P 0x7f2a7c19f988
P 0x7f2a7c19bb48
p 2
C 65
= 0x7f2a7c4872e8
R
P 0x7f2a7c191628
C 342
R
P 0x7f2a7c191628
P 0x7f2a7c4872e8
C 257
R
P 0x7f2a7c191628
C 342
R
P 0x7f2a7c191628
P 0x7f2a7c4872e8
C 254
= 0x7f2a7c19b1e8
R
P 0x7f2a7c191628
C 342
R
P 0x7f2a7c191628
P 0x7f2a7c19b1e8
C 209
R
P 0x7f2a7c191628
C 342
R
P 0x7f2a7c191628
P 0x7f2a7c4872e8
C 260
R
P 0x7f2a7c191628
C 342
R
P 0x7f2a7c191628
P 0x7f2a7c4872e8
C 259
R
P 0x7f2a7c191628
C 342
R
P 0x7f2a7c191628
P 0x7f2a7c4872e8
C 258
R
P 0x7f2a7c191628
C 342
R
P 0x7f2a7c191628
P 0x7f2a7c4872e8
C 9
R
P 0x7f2a7c191628
C 342
R
P 0x7f2a7c191628
P 0x7f2a7c19bc68
C 333
R
P 0x7f2a7c191628
C 342
R
P 0x7f2a7c191628
S "slotflowPriorityStart"
C 30
R
P 0x7f2a7c191628
C 342
R
P 0x7f2a7c191628
$ |slotflowPriorityStart|
C 202
R
P 0x7f2a7c191628
C 342
R
P 0x7f2a7c191628
$ |slotflowPriorityStart|
P 0x7f2a7c19b1e8
C 51
= 0x7f2a7c19c2a8
R
P 0x7f2a7c191628
C 342
R
P 0x7f2a7c191628
P 0x7f2a7c19c2a8
C 257
R
P 0x7f2a7c191628
C 342
R
P 0x7f2a7c191628
P 0x7f2a7c19c2a8
C 254
= 0x7f2a7c19b1e8
R
P 0x7f2a7c191628
C 342
R
P 0x7f2a7c191628
P 0x7f2a7c19b1e8
C 209
R
P 0x7f2a7c191628
C 342
R
P 0x7f2a7c191628
P 0x7f2a7c19c2a8
C 260
R
P 0x7f2a7c191628
C 342
R
P 0x7f2a7c191628
P 0x7f2a7c19c2a8
C 259
R
P 0x7f2a7c191628
C 342
R
P 0x7f2a7c191628
P 0x7f2a7c19c2a8
C 258
R
P 0x7f2a7c191628
C 342
R
P 0x7f2a7c191628
P 0x7f2a7c19c2a8
C 9
R
P 0x7f2a7c191628
C 342
R
P 0x7f2a7c191628
P 0x7f2a7c19bc68
C 333
R
P 0x7f2a7c191628
C 342
R
P 0x7f2a7c191628
S "slotflowPriorityDuration"
C 30
R
P 0x7f2a7c191628
C 342
R
P 0x7f2a7c191628
$ |slotflowPriorityDuration|
C 202
R
P 0x7f2a7c191628
C 342
R
P 0x7f2a7c191628
$ |slotflowPriorityDuration|
P 0x7f2a7c19b1e8
C 51
= 0x7f2a7c19c268
R
P 0x7f2a7c191628
C 342
R
P 0x7f2a7c191628
P 0x7f2a7c19c268
C 257
R
P 0x7f2a7c191628
C 342
R
P 0x7f2a7c191628
P 0x7f2a7c19c268
C 254
= 0x7f2a7c19b1e8
R
P 0x7f2a7c191628
C 342
R
P 0x7f2a7c191628
P 0x7f2a7c19b1e8
C 209
R
P 0x7f2a7c191628
C 342
R
P 0x7f2a7c191628
P 0x7f2a7c19c268
C 260
R
P 0x7f2a7c191628
C 342
R
P 0x7f2a7c191628
P 0x7f2a7c19c268
C 259
R
P 0x7f2a7c191628
C 342
R
P 0x7f2a7c191628
P 0x7f2a7c19c268
C 258
R
P 0x7f2a7c191628
C 342
R
P 0x7f2a7c191628
P 0x7f2a7c19c268
C 9
R
P 0x7f2a7c191628
C 342
R
P 0x7f2a7c191628
U 2
P 0x7f2a7c19c2a8
P 0x7f2a7c19c268
p 2
C 65
= 0x7f2a7c487908
R
P 0x7f2a7c191628
C 342
R
P 0x7f2a7c191628
P 0x7f2a7c487908
C 257
R
P 0x7f2a7c191628
C 342
R
P 0x7f2a7c191628
P 0x7f2a7c487908
C 254
= 0x7f2a7c19b1e8
R
P 0x7f2a7c191628
C 342
R
P 0x7f2a7c191628
P 0x7f2a7c19b1e8
C 209
R
P 0x7f2a7c191628
C 342
R
P 0x7f2a7c191628
P 0x7f2a7c487908
C 260
R
P 0x7f2a7c191628
C 342
R
P 0x7f2a7c191628
P 0x7f2a7c487908
C 259
R
P 0x7f2a7c191628
C 342
R
P 0x7f2a7c191628
P 0x7f2a7c487908
C 258
R
P 0x7f2a7c191628
C 342
R
P 0x7f2a7c191628
P 0x7f2a7c487908
C 9
R
P 0x7f2a7c191628
C 342
R
P 0x7f2a7c191628
I 4
P 0x7f2a7c19b208
C 150
= 0x7f2a7c19c028
R
P 0x7f2a7c191628
C 342
R
P 0x7f2a7c191628
P 0x7f2a7c19c028
C 258
R
P 0x7f2a7c191628
C 342
R
P 0x7f2a7c191628
P 0x7f2a7c19c028
C 9
R
P 0x7f2a7c191628
C 342
R
P 0x7f2a7c191628
I 1
P 0x7f2a7c19b208
C 150
= 0x7f2a7c19bc88
R
P 0x7f2a7c191628
C 342
R
P 0x7f2a7c191628
P 0x7f2a7c19bc88
C 258
R
P 0x7f2a7c191628
C 342
R
P 0x7f2a7c191628
P 0x7f2a7c19bc88
C 9
R
P 0x7f2a7c191628
C 342
R
P 0x7f2a7c191628
P 0x7f2a7c19c028
P 0x7f2a7c19bc88
C 75
= 0x7f2a7c487390
R
P 0x7f2a7c191628
C 342
R
P 0x7f2a7c191628
P 0x7f2a7c487390
C 258
R
P 0x7f2a7c191628
C 342
R
P 0x7f2a7c191628
P 0x7f2a7c487390
C 9
R
P 0x7f2a7c191628
C 342
R
P 0x7f2a7c191628
I 1
P 0x7f2a7c19b208
C 150
= 0x7f2a7c19bc88
R
P 0x7f2a7c191628
C 342
R
P 0x7f2a7c191628
P 0x7f2a7c19bc88
C 258
R
P 0x7f2a7c191628
C 342
R
P 0x7f2a7c191628
P 0x7f2a7c19bc88
C 9
R
P 0x7f2a7c191628
C 342
R
P 0x7f2a7c191628
U 2
P 0x7f2a7c19c028
P 0x7f2a7c19bc88
p 2
C 67
= 0x7f2a7c4873c8
R
P 0x7f2a7c191628
C 342
R
P 0x7f2a7c191628
P 0x7f2a7c4873c8
C 257
R
P 0x7f2a7c191628
C 342
R
P 0x7f2a7c191628
P 0x7f2a7c4873c8
C 254
= 0x7f2a7c19b208
R
P 0x7f2a7c191628
C 342
R
P 0x7f2a7c191628
P 0x7f2a7c19b208
C 209
R
P 0x7f2a7c191628
C 342
R
P 0x7f2a7c191628
P 0x7f2a7c4873c8
C 260
R
P 0x7f2a7c191628
C 342
R
P 0x7f2a7c191628
P 0x7f2a7c4873c8
C 259
R
P 0x7f2a7c191628
C 342
R
P 0x7f2a7c191628
P 0x7f2a7c4873c8
C 258
R
P 0x7f2a7c191628
C 342
R
P 0x7f2a7c191628
P 0x7f2a7c4873c8
C 9
R
P 0x7f2a7c191628
C 342
R
P 0x7f2a7c191628
U 2
P 0x7f2a7c19bbe8
P 0x7f2a7c4873c8
p 2
C 66
= 0x7f2a7c488158
R
P 0x7f2a7c191628
C 342
R
P 0x7f2a7c191628
P 0x7f2a7c488158
C 257
R
P 0x7f2a7c191628
C 342
R
P 0x7f2a7c191628
P 0x7f2a7c488158
C 254
= 0x7f2a7c19b208
R
P 0x7f2a7c191628
C 342
R
P 0x7f2a7c191628
P 0x7f2a7c19b208
C 209
R
P 0x7f2a7c191628
C 342
R
P 0x7f2a7c191628
P 0x7f2a7c488158
C 260
R
P 0x7f2a7c191628
C 342
R
P 0x7f2a7c191628
P 0x7f2a7c488158
C 259
R
P 0x7f2a7c191628
C 342
R
P 0x7f2a7c191628
P 0x7f2a7c488158
C 258
R
P 0x7f2a7c191628
C 342
R
P 0x7f2a7c191628
P 0x7f2a7c488158
C 9
R
P 0x7f2a7c191628
C 342
R
P 0x7f2a7c191628
U 2
P 0x7f2a7c19bb88
P 0x7f2a7c488158
p 2
C 65
= 0x7f2a7c488190
R
P 0x7f2a7c191628
C 342
R
P 0x7f2a7c191628
P 0x7f2a7c488190
C 257
R
P 0x7f2a7c191628
C 342
R
P 0x7f2a7c191628
P 0x7f2a7c488190
C 254
= 0x7f2a7c19b1e8
R
P 0x7f2a7c191628
C 342
R
P 0x7f2a7c191628
P 0x7f2a7c19b1e8
C 209
R
P 0x7f2a7c191628
C 342
R
P 0x7f2a7c191628
P 0x7f2a7c488190
C 260
R
P 0x7f2a7c191628
C 342
R
P 0x7f2a7c191628
P 0x7f2a7c488190
C 259
R
P 0x7f2a7c191628
C 342
R
P 0x7f2a7c191628
P 0x7f2a7c488190
C 258
R
P 0x7f2a7c191628
C 342
R
P 0x7f2a7c191628
P 0x7f2a7c488190
C 9
R
P 0x7f2a7c191628
C 342
R
P 0x7f2a7c191628
P 0x7f2a7c487390
P 0x7f2a7c488190
P 0x7f2a7c19bb88
C 59
= 0x7f2a7c19fb08
R
P 0x7f2a7c191628
C 342
R
P 0x7f2a7c191628
P 0x7f2a7c19fb08
C 257
R
P 0x7f2a7c191628
C 342
R
P 0x7f2a7c191628
P 0x7f2a7c19fb08
C 254
= 0x7f2a7c19b1e8
R
P 0x7f2a7c191628
C 342
R
P 0x7f2a7c191628
P 0x7f2a7c19b1e8
C 209
R
P 0x7f2a7c191628
C 342
R
P 0x7f2a7c191628
P 0x7f2a7c19fb08
C 260
R
P 0x7f2a7c191628
C 342
R
P 0x7f2a7c191628
P 0x7f2a7c19fb08
C 259
R
P 0x7f2a7c191628
C 342
R
P 0x7f2a7c191628
P 0x7f2a7c19fb08
C 258
R
P 0x7f2a7c191628
C 342
R
P 0x7f2a7c191628
P 0x7f2a7c19fb08
C 9
R
P 0x7f2a7c191628
C 342
R
P 0x7f2a7c191628
U 2
P 0x7f2a7c487908
P 0x7f2a7c19fb08
p 2
C 65
= 0x7f2a7c4881c8
R
P 0x7f2a7c191628
C 342
R
P 0x7f2a7c191628
P 0x7f2a7c4881c8
C 257
R
P 0x7f2a7c191628
C 342
R
P 0x7f2a7c191628
P 0x7f2a7c4881c8
C 254
= 0x7f2a7c19b1e8
R
P 0x7f2a7c191628
C 342
R
P 0x7f2a7c191628
P 0x7f2a7c19b1e8
C 209
R
P 0x7f2a7c191628
C 342
R
P 0x7f2a7c191628
P 0x7f2a7c4881c8
C 260
R
P 0x7f2a7c191628
C 342
R
P 0x7f2a7c191628
P 0x7f2a7c4881c8
C 259
R
P 0x7f2a7c191628
C 342
R
P 0x7f2a7c191628
P 0x7f2a7c4881c8
C 258
R
P 0x7f2a7c191628
C 342
R
P 0x7f2a7c191628
P 0x7f2a7c4881c8
C 9
R
P 0x7f2a7c191628
C 342
R
P 0x7f2a7c191628
U 2
P 0x7f2a7c4881c8
P 0x7f2a7c19bb68
p 2
C 67
= 0x7f2a7c488200
R
P 0x7f2a7c191628
C 342
R
P 0x7f2a7c191628
P 0x7f2a7c488200
C 257
R
P 0x7f2a7c191628
C 342
R
P 0x7f2a7c191628
P 0x7f2a7c488200
C 254
= 0x7f2a7c19b1e8
R
P 0x7f2a7c191628
C 342
R
P 0x7f2a7c191628
P 0x7f2a7c19b1e8
C 209
R
P 0x7f2a7c191628
C 342
R
P 0x7f2a7c191628
P 0x7f2a7c488200
C 260
R
P 0x7f2a7c191628
C 342
R
P 0x7f2a7c191628
P 0x7f2a7c488200
C 259
R
P 0x7f2a7c191628
C 342
R
P 0x7f2a7c191628
P 0x7f2a7c488200
C 258
R
P 0x7f2a7c191628
C 342
R
P 0x7f2a7c191628
P 0x7f2a7c488200
C 9
R
P 0x7f2a7c191628
C 342
R
P 0x7f2a7c191628
P 0x7f2a7c4872e8
P 0x7f2a7c488200
C 75
= 0x7f2a7c48d9e0
R
P 0x7f2a7c191628
C 342
R
P 0x7f2a7c191628
P 0x7f2a7c48d9e0
C 258
R
P 0x7f2a7c191628
C 342
R
P 0x7f2a7c191628
P 0x7f2a7c48d9e0
C 9
R
P 0x7f2a7c191628
C 342
R
P 0x7f2a7c191628
I 3
P 0x7f2a7c19b208
C 150
= 0x7f2a7c19bfc8
R
P 0x7f2a7c191628
C 342
R
P 0x7f2a7c191628
P 0x7f2a7c19bfc8
C 258
R
P 0x7f2a7c191628
C 342
R
P 0x7f2a7c191628
P 0x7f2a7c19bfc8
C 9
R
P 0x7f2a7c191628
C 342
R
P 0x7f2a7c191628
I 1
P 0x7f2a7c19b208
C 150
= 0x7f2a7c19bc88
R
P 0x7f2a7c191628
C 342
R
P 0x7f2a7c191628
P 0x7f2a7c19bc88
C 258
R
P 0x7f2a7c191628
C 342
R
P 0x7f2a7c191628
P 0x7f2a7c19bc88
C 9
R
P 0x7f2a7c191628
C 342
R
P 0x7f2a7c191628
P 0x7f2a7c19bfc8
P 0x7f2a7c19bc88
C 75
= 0x7f2a7c487208
R
P 0x7f2a7c191628
C 342
R
P 0x7f2a7c191628
P 0x7f2a7c487208
C 258
R
P 0x7f2a7c191628
C 342
R
P 0x7f2a7c191628
P 0x7f2a7c487208
C 9
R
P 0x7f2a7c191628
C 342
R
P 0x7f2a7c191628
I 1
P 0x7f2a7c19b208
C 150
= 0x7f2a7c19bc88
R
P 0x7f2a7c191628
C 342
R
P 0x7f2a7c191628
P 0x7f2a7c19bc88
C 258
R
P 0x7f2a7c191628
C 342
R
P 0x7f2a7c191628
P 0x7f2a7c19bc88
C 9
R
P 0x7f2a7c191628
C 342
R
P 0x7f2a7c191628
U 2
P 0x7f2a7c19bfc8
P 0x7f2a7c19bc88
p 2
C 67
= 0x7f2a7c487240
R
P 0x7f2a7c191628
C 342
R
P 0x7f2a7c191628
P 0x7f2a7c487240
C 257
R
P 0x7f2a7c191628
C 342
R
P 0x7f2a7c191628
P 0x7f2a7c487240
C 254
= 0x7f2a7c19b208
R
P 0x7f2a7c191628
C 342
R
P 0x7f2a7c191628
P 0x7f2a7c19b208
C 209
R
P 0x7f2a7c191628
C 342
R
P 0x7f2a7c191628
P 0x7f2a7c487240
C 260
R
P 0x7f2a7c191628
C 342
R
P 0x7f2a7c191628
P 0x7f2a7c487240
C 259
R
P 0x7f2a7c191628
C 342
R
P 0x7f2a7c191628
P 0x7f2a7c487240
C 258
R
P 0x7f2a7c191628
C 342
R
P 0x7f2a7c191628
P 0x7f2a7c487240
C 9
R
P 0x7f2a7c191628
C 342
R
P 0x7f2a7c191628
U 2
P 0x7f2a7c19bba8
P 0x7f2a7c487240
p 2
C 66
= 0x7f2a7c487278
R
P 0x7f2a7c191628
C 342
R
P 0x7f2a7c191628
P 0x7f2a7c487278
C 257
R
P 0x7f2a7c191628
C 342
R
P 0x7f2a7c191628
P 0x7f2a7c487278
C 254
= 0x7f2a7c19b1e8
R
P 0x7f2a7c191628
C 342
R
P 0x7f2a7c191628
P 0x7f2a7c19b1e8
C 209
R
P 0x7f2a7c191628
C 342
R
P 0x7f2a7c191628
P 0x7f2a7c487278
C 260
R
P 0x7f2a7c191628
C 342
R
P 0x7f2a7c191628
P 0x7f2a7c487278
C 259
R
P 0x7f2a7c191628
C 342
R
P 0x7f2a7c191628
P 0x7f2a7c487278
C 258
R
P 0x7f2a7c191628
C 342
R
P 0x7f2a7c191628
P 0x7f2a7c487278
C 9
R
P 0x7f2a7c191628
C 342
R
P 0x7f2a7c191628
U 2
P 0x7f2a7c19bc28
P 0x7f2a7c487278
p 2
C 65
= 0x7f2a7c4872b0
R
P 0x7f2a7c191628
C 342
R
P 0x7f2a7c191628
P 0x7f2a7c4872b0
C 257
R
P 0x7f2a7c191628
C 342
R
P 0x7f2a7c191628
P 0x7f2a7c4872b0
C 254
= 0x7f2a7c19b1e8
R
P 0x7f2a7c191628
C 342
R
P 0x7f2a7c191628
P 0x7f2a7c19b1e8
C 209
R
P 0x7f2a7c191628
C 342
R
P 0x7f2a7c191628
P 0x7f2a7c4872b0
C 260
R
P 0x7f2a7c191628
C 342
R
P 0x7f2a7c191628
P 0x7f2a7c4872b0
C 259
R
P 0x7f2a7c191628
C 342
R
P 0x7f2a7c191628
P 0x7f2a7c4872b0
C 258
R
P 0x7f2a7c191628
C 342
R
P 0x7f2a7c191628
P 0x7f2a7c4872b0
C 9
R
P 0x7f2a7c191628
C 342
R
P 0x7f2a7c191628
P 0x7f2a7c487208
P 0x7f2a7c4872b0
P 0x7f2a7c19bc28
C 59
= 0x7f2a7c19f988
R
P 0x7f2a7c191628
C 342
R
P 0x7f2a7c191628
P 0x7f2a7c19f988
C 257
R
P 0x7f2a7c191628
C 342
R
P 0x7f2a7c191628
P 0x7f2a7c19f988
C 254
= 0x7f2a7c19b1e8
R
P 0x7f2a7c191628
C 342
R
P 0x7f2a7c191628
P 0x7f2a7c19b1e8
C 209
R
P 0x7f2a7c191628
C 342
R
P 0x7f2a7c191628
P 0x7f2a7c19f988
C 260
R
P 0x7f2a7c191628
C 342
R
P 0x7f2a7c191628
P 0x7f2a7c19f988
C 259
R
P 0x7f2a7c191628
C 342
R
P 0x7f2a7c191628
P 0x7f2a7c19f988
C 258
R
P 0x7f2a7c191628
C 342
R
P 0x7f2a7c191628
P 0x7f2a7c19f988
C 9
R
P 0x7f2a7c191628
C 342
R
P 0x7f2a7c191628
U 2
P 0x7f2a7c19f988
P 0x7f2a7c19bb48
p 2
C 65
= 0x7f2a7c4872e8
R
P 0x7f2a7c191628
C 342
R
P 0x7f2a7c191628
P 0x7f2a7c4872e8
C 257
R
P 0x7f2a7c191628
C 342
R
P 0x7f2a7c191628
P 0x7f2a7c4872e8
C 254
= 0x7f2a7c19b1e8
R
P 0x7f2a7c191628
C 342
R
P 0x7f2a7c191628
P 0x7f2a7c19b1e8
C 209
R
P 0x7f2a7c191628
C 342
R
P 0x7f2a7c191628
P 0x7f2a7c4872e8
C 260
R
P 0x7f2a7c191628
C 342
R
P 0x7f2a7c191628
P 0x7f2a7c4872e8
C 259
R
P 0x7f2a7c191628
C 342
R
P 0x7f2a7c191628
P 0x7f2a7c4872e8
C 258
R
P 0x7f2a7c191628
C 342
R
P 0x7f2a7c191628
P 0x7f2a7c4872e8
C 9
R
P 0x7f2a7c191628
C 342
R
P 0x7f2a7c191628
I 4
P 0x7f2a7c19b208
C 150
= 0x7f2a7c19c028
R
P 0x7f2a7c191628
C 342
R
P 0x7f2a7c191628
P 0x7f2a7c19c028
C 258
R
P 0x7f2a7c191628
C 342
R
P 0x7f2a7c191628
P 0x7f2a7c19c028
C 9
R
P 0x7f2a7c191628
C 342
R
P 0x7f2a7c191628
I 1
P 0x7f2a7c19b208
C 150
= 0x7f2a7c19bc88
R
P 0x7f2a7c191628
C 342
R
P 0x7f2a7c191628
P 0x7f2a7c19bc88
C 258
R
P 0x7f2a7c191628
C 342
R
P 0x7f2a7c191628
P 0x7f2a7c19bc88
C 9
R
P 0x7f2a7c191628
C 342
R
P 0x7f2a7c191628
P 0x7f2a7c19c028
P 0x7f2a7c19bc88
C 75
= 0x7f2a7c487390
R
P 0x7f2a7c191628
C 342
R
P 0x7f2a7c191628
P 0x7f2a7c487390
C 258
R
P 0x7f2a7c191628
C 342
R
P 0x7f2a7c191628
P 0x7f2a7c487390
C 9
R
P 0x7f2a7c191628
C 342
R
P 0x7f2a7c191628
I 1
P 0x7f2a7c19b208
C 150
= 0x7f2a7c19bc88
R
P 0x7f2a7c191628
C 342
R
P 0x7f2a7c191628
P 0x7f2a7c19bc88
C 258
R
P 0x7f2a7c191628
C 342
R
P 0x7f2a7c191628
P 0x7f2a7c19bc88
C 9
R
P 0x7f2a7c191628
C 342
R
P 0x7f2a7c191628
U 2
P 0x7f2a7c19c028
P 0x7f2a7c19bc88
p 2
C 67
= 0x7f2a7c4873c8
R
P 0x7f2a7c191628
C 342
R
P 0x7f2a7c191628
P 0x7f2a7c4873c8
C 257
R
P 0x7f2a7c191628
C 342
R
P 0x7f2a7c191628
P 0x7f2a7c4873c8
C 254
= 0x7f2a7c19b208
R
P 0x7f2a7c191628
C 342
R
P 0x7f2a7c191628
P 0x7f2a7c19b208
C 209
R
P 0x7f2a7c191628
C 342
R
P 0x7f2a7c191628
P 0x7f2a7c4873c8
C 260
R
P 0x7f2a7c191628
C 342
R
P 0x7f2a7c191628
P 0x7f2a7c4873c8
C 259
R
P 0x7f2a7c191628
C 342
R
P 0x7f2a7c191628
P 0x7f2a7c4873c8
C 258
R
P 0x7f2a7c191628
C 342
R
P 0x7f2a7c191628
P 0x7f2a7c4873c8
C 9
R
P 0x7f2a7c191628
C 342
R
P 0x7f2a7c191628
U 2
P 0x7f2a7c19bbe8
P 0x7f2a7c4873c8
p 2
C 66
= 0x7f2a7c488158
R
P 0x7f2a7c191628
C 342
R
P 0x7f2a7c191628
P 0x7f2a7c488158
C 257
R
P 0x7f2a7c191628
C 342
R
P 0x7f2a7c191628
P 0x7f2a7c488158
C 254
= 0x7f2a7c19b208
R
P 0x7f2a7c191628
C 342
R
P 0x7f2a7c191628
P 0x7f2a7c19b208
C 209
R
P 0x7f2a7c191628
C 342
R
P 0x7f2a7c191628
P 0x7f2a7c488158
C 260
R
P 0x7f2a7c191628
C 342
R
P 0x7f2a7c191628
P 0x7f2a7c488158
C 259
R
P 0x7f2a7c191628
C 342
R
P 0x7f2a7c191628
P 0x7f2a7c488158
C 258
R
P 0x7f2a7c191628
C 342
R
P 0x7f2a7c191628
P 0x7f2a7c488158
C 9
R
P 0x7f2a7c191628
C 342
R
P 0x7f2a7c191628
U 2
P 0x7f2a7c19bb88
P 0x7f2a7c488158
p 2
C 65
= 0x7f2a7c488190
R
P 0x7f2a7c191628
C 342
R
P 0x7f2a7c191628
P 0x7f2a7c488190
C 257
R
P 0x7f2a7c191628
C 342
R
P 0x7f2a7c191628
P 0x7f2a7c488190
C 254
= 0x7f2a7c19b1e8
R
P 0x7f2a7c191628
C 342
R
P 0x7f2a7c191628
P 0x7f2a7c19b1e8
C 209
R
P 0x7f2a7c191628
C 342
R
P 0x7f2a7c191628
P 0x7f2a7c488190
C 260
R
P 0x7f2a7c191628
C 342
R
P 0x7f2a7c191628
P 0x7f2a7c488190
C 259
R
P 0x7f2a7c191628
C 342
R
P 0x7f2a7c191628
P 0x7f2a7c488190
C 258
R
P 0x7f2a7c191628
C 342
R
P 0x7f2a7c191628
P 0x7f2a7c488190
C 9
R
P 0x7f2a7c191628
C 342
R
P 0x7f2a7c191628
P 0x7f2a7c487390
P 0x7f2a7c488190
P 0x7f2a7c19bb88
C 59
= 0x7f2a7c19fb08
R
P 0x7f2a7c191628
C 342
R
P 0x7f2a7c191628
P 0x7f2a7c19fb08
C 257
R
P 0x7f2a7c191628
C 342
R
P 0x7f2a7c191628
P 0x7f2a7c19fb08
C 254
= 0x7f2a7c19b1e8
R
P 0x7f2a7c191628
C 342
R
P 0x7f2a7c191628
P 0x7f2a7c19b1e8
C 209
R
P 0x7f2a7c191628
C 342
R
P 0x7f2a7c191628
P 0x7f2a7c19fb08
C 260
R
P 0x7f2a7c191628
C 342
R
P 0x7f2a7c191628
P 0x7f2a7c19fb08
C 259
R
P 0x7f2a7c191628
C 342
R
P 0x7f2a7c191628
P 0x7f2a7c19fb08
C 258
R
P 0x7f2a7c191628
C 342
R
P 0x7f2a7c191628
P 0x7f2a7c19fb08
C 9
R
P 0x7f2a7c191628
C 342
R
P 0x7f2a7c191628
U 2
P 0x7f2a7c19fb08
P 0x7f2a7c19bbe8
p 2
C 65
= 0x7f2a7c48c418
R
P 0x7f2a7c191628
C 342
R
P 0x7f2a7c191628
P 0x7f2a7c48c418
C 257
R
P 0x7f2a7c191628
C 342
R
P 0x7f2a7c191628
P 0x7f2a7c48c418
C 254
= 0x7f2a7c19b1e8
R
P 0x7f2a7c191628
C 342
R
P 0x7f2a7c191628
P 0x7f2a7c19b1e8
C 209
R
P 0x7f2a7c191628
C 342
R
P 0x7f2a7c191628
P 0x7f2a7c48c418
C 260
R
P 0x7f2a7c191628
C 342
R
P 0x7f2a7c191628
P 0x7f2a7c48c418
C 259
R
P 0x7f2a7c191628
C 342
R
P 0x7f2a7c191628
P 0x7f2a7c48c418
C 258
R
P 0x7f2a7c191628
C 342
R
P 0x7f2a7c191628
P 0x7f2a7c48c418
C 9
R
P 0x7f2a7c191628
C 342
R
P 0x7f2a7c191628
P 0x7f2a7c4872e8
P 0x7f2a7c48c418
C 74
= 0x7f2a7c48da18
R
P 0x7f2a7c191628
C 342
R
P 0x7f2a7c191628
P 0x7f2a7c48da18
C 258
R
P 0x7f2a7c191628
C 342
R
P 0x7f2a7c191628
P 0x7f2a7c48da18
C 9
R
P 0x7f2a7c191628
C 342
R
P 0x7f2a7c191628
U 2
P 0x7f2a7c48d9e0
P 0x7f2a7c48da18
p 2
C 63
= 0x7f2a7c48da50
R
P 0x7f2a7c191628
C 342
R
P 0x7f2a7c191628
P 0x7f2a7c48da50
C 258
R
P 0x7f2a7c191628
C 342
R
P 0x7f2a7c191628
P 0x7f2a7c48da50
C 9
R
P 0x7f2a7c191628
C 342
R
P 0x7f2a7c191628
I 3
P 0x7f2a7c19b208
C 150
= 0x7f2a7c19bfc8
R
P 0x7f2a7c191628
C 342
R
P 0x7f2a7c191628
P 0x7f2a7c19bfc8
C 258
R
P 0x7f2a7c191628
C 342
R
P 0x7f2a7c191628
P 0x7f2a7c19bfc8
C 9
R
P 0x7f2a7c191628
C 342
R
P 0x7f2a7c191628
P 0x7f2a7c19bfc8
C 263
R
P 0x7f2a7c191628
C 342
R
P 0x7f2a7c191628
S "dev0T33"
C 30
R
P 0x7f2a7c191628
C 342
R
P 0x7f2a7c191628
$ |dev0T33|
C 202
R
P 0x7f2a7c191628
C 342
R
P 0x7f2a7c191628
$ |dev0T33|
P 0x7f2a7c19b1e8
C 51
= 0x7f2a7c19c228
R
P 0x7f2a7c191628
C 342
R
P 0x7f2a7c191628
P 0x7f2a7c19c228
C 257
R
P 0x7f2a7c191628
C 342
R
P 0x7f2a7c191628
P 0x7f2a7c19c228
C 254
= 0x7f2a7c19b1e8
R
P 0x7f2a7c191628
C 342
R
P 0x7f2a7c191628
P 0x7f2a7c19b1e8
C 209
R
P 0x7f2a7c191628
C 342
R
P 0x7f2a7c191628
P 0x7f2a7c19c228
C 260
R
P 0x7f2a7c191628
C 342
R
P 0x7f2a7c191628
P 0x7f2a7c19c228
C 259
R
P 0x7f2a7c191628
C 342
R
P 0x7f2a7c191628
P 0x7f2a7c19c228
C 258
R
P 0x7f2a7c191628
C 342
R
P 0x7f2a7c191628
P 0x7f2a7c19c228
C 9
R
P 0x7f2a7c191628
C 342
R
P 0x7f2a7c191628
P 0x7f2a7c19bc68
C 333
R
P 0x7f2a7c191628
C 342
R
P 0x7f2a7c191628
S "slotflowPriorityStart"
C 30
R
P 0x7f2a7c191628
C 342
R
P 0x7f2a7c191628
$ |slotflowPriorityStart|
C 202
R
P 0x7f2a7c191628
C 342
R
P 0x7f2a7c191628
$ |slotflowPriorityStart|
P 0x7f2a7c19b1e8
C 51
= 0x7f2a7c19c2a8
R
P 0x7f2a7c191628
C 342
R
P 0x7f2a7c191628
P 0x7f2a7c19c2a8
C 257
R
P 0x7f2a7c191628
C 342
R
P 0x7f2a7c191628
P 0x7f2a7c19c2a8
C 254
= 0x7f2a7c19b1e8
R
P 0x7f2a7c191628
C 342
R
P 0x7f2a7c191628
P 0x7f2a7c19b1e8
C 209
R
P 0x7f2a7c191628
C 342
R
P 0x7f2a7c191628
P 0x7f2a7c19c2a8
C 260
R
P 0x7f2a7c191628
C 342
R
P 0x7f2a7c191628
P 0x7f2a7c19c2a8
C 259
R
P 0x7f2a7c191628
C 342
R
P 0x7f2a7c191628
P 0x7f2a7c19c2a8
C 258
R
P 0x7f2a7c191628
C 342
R
P 0x7f2a7c191628
P 0x7f2a7c19c2a8
C 9
R
P 0x7f2a7c191628
C 342
R
P 0x7f2a7c191628
P 0x7f2a7c19bc68
C 333
R
P 0x7f2a7c191628
C 342
R
P 0x7f2a7c191628
S "slotflowPriorityDuration"
C 30
R
P 0x7f2a7c191628
C 342
R
P 0x7f2a7c191628
$ |slotflowPriorityDuration|
C 202
R
P 0x7f2a7c191628
C 342
R
P 0x7f2a7c191628
$ |slotflowPriorityDuration|
P 0x7f2a7c19b1e8
C 51
= 0x7f2a7c19c268
R
P 0x7f2a7c191628
C 342
R
P 0x7f2a7c191628
P 0x7f2a7c19c268
C 257
R
P 0x7f2a7c191628
C 342
R
P 0x7f2a7c191628
P 0x7f2a7c19c268
C 254
= 0x7f2a7c19b1e8
R
P 0x7f2a7c191628
C 342
R
P 0x7f2a7c191628
P 0x7f2a7c19b1e8
C 209
R
P 0x7f2a7c191628
C 342
R
P 0x7f2a7c191628
P 0x7f2a7c19c268
C 260
R
P 0x7f2a7c191628
C 342
R
P 0x7f2a7c191628
P 0x7f2a7c19c268
C 259
R
P 0x7f2a7c191628
C 342
R
P 0x7f2a7c191628
P 0x7f2a7c19c268
C 258
R
P 0x7f2a7c191628
C 342
R
P 0x7f2a7c191628
P 0x7f2a7c19c268
C 9
R
P 0x7f2a7c191628
C 342
R
P 0x7f2a7c191628
U 2
P 0x7f2a7c19c2a8
P 0x7f2a7c19c268
p 2
C 65
= 0x7f2a7c487908
R
P 0x7f2a7c191628
C 342
R
P 0x7f2a7c191628
P 0x7f2a7c487908
C 257
R
P 0x7f2a7c191628
C 342
R
P 0x7f2a7c191628
P 0x7f2a7c487908
C 254
= 0x7f2a7c19b1e8
R
P 0x7f2a7c191628
C 342
R
P 0x7f2a7c191628
P 0x7f2a7c19b1e8
C 209
R
P 0x7f2a7c191628
C 342
R
P 0x7f2a7c191628
P 0x7f2a7c487908
C 260
R
P 0x7f2a7c191628
C 342
R
P 0x7f2a7c191628
P 0x7f2a7c487908
C 259
R
P 0x7f2a7c191628
C 342
R
P 0x7f2a7c191628
P 0x7f2a7c487908
C 258
R
P 0x7f2a7c191628
C 342
R
P 0x7f2a7c191628
P 0x7f2a7c487908
C 9
R
P 0x7f2a7c191628
C 342
R
P 0x7f2a7c191628
I 5
P 0x7f2a7c19b208
C 150
= 0x7f2a7c19c088
R
P 0x7f2a7c191628
C 342
R
P 0x7f2a7c191628
P 0x7f2a7c19c088
C 258
R
P 0x7f2a7c191628
C 342
R
P 0x7f2a7c191628
P 0x7f2a7c19c088
C 9
R
P 0x7f2a7c191628
C 342
R
P 0x7f2a7c191628
I 1
P 0x7f2a7c19b208
C 150
= 0x7f2a7c19bc88
R
P 0x7f2a7c191628
C 342
R
P 0x7f2a7c191628
P 0x7f2a7c19bc88
C 258
R
P 0x7f2a7c191628
C 342
R
P 0x7f2a7c191628
P 0x7f2a7c19bc88
C 9
R
P 0x7f2a7c191628
C 342
R
P 0x7f2a7c191628
P 0x7f2a7c19c088
P 0x7f2a7c19bc88
C 75
= 0x7f2a7c48c4c0
R
P 0x7f2a7c191628
C 342
R
P 0x7f2a7c191628
P 0x7f2a7c48c4c0
C 258
R
P 0x7f2a7c191628
C 342
R
P 0x7f2a7c191628
P 0x7f2a7c48c4c0
C 9
R
P 0x7f2a7c191628
C 342
R
P 0x7f2a7c191628
I 1
P 0x7f2a7c19b208
C 150
= 0x7f2a7c19bc88
R
P 0x7f2a7c191628
C 342
R
P 0x7f2a7c191628
P 0x7f2a7c19bc88
C 258
R
P 0x7f2a7c191628
C 342
R
P 0x7f2a7c191628
P 0x7f2a7c19bc88
C 9
R
P 0x7f2a7c191628
C 342
R
P 0x7f2a7c191628
U 2
P 0x7f2a7c19c088
P 0x7f2a7c19bc88
p 2
C 67
= 0x7f2a7c48c4f8
R
P 0x7f2a7c191628
C 342
R
P 0x7f2a7c191628
P 0x7f2a7c48c4f8
C 257
R
P 0x7f2a7c191628
C 342
R
P 0x7f2a7c191628
P 0x7f2a7c48c4f8
C 254
= 0x7f2a7c19b208
R
P 0x7f2a7c191628
C 342
R
P 0x7f2a7c191628
P 0x7f2a7c19b208
C 209
R
P 0x7f2a7c191628
C 342
R
P 0x7f2a7c191628
P 0x7f2a7c48c4f8
C 260
R
P 0x7f2a7c191628
C 342
R
P 0x7f2a7c191628
P 0x7f2a7c48c4f8
C 259
R
P 0x7f2a7c191628
C 342
R
P 0x7f2a7c191628
P 0x7f2a7c48c4f8
C 258
R
P 0x7f2a7c191628
C 342
R
P 0x7f2a7c191628
P 0x7f2a7c48c4f8
C 9
R
P 0x7f2a7c191628
C 342
R
P 0x7f2a7c191628
U 2
P 0x7f2a7c19bbe8
P 0x7f2a7c48c4f8
p 2
C 66
= 0x7f2a7c48c530
R
P 0x7f2a7c191628
C 342
R
P 0x7f2a7c191628
P 0x7f2a7c48c530
C 257
R
P 0x7f2a7c191628
C 342
R
P 0x7f2a7c191628
P 0x7f2a7c48c530
C 254
= 0x7f2a7c19b208
R
P 0x7f2a7c191628
C 342
R
P 0x7f2a7c191628
P 0x7f2a7c19b208
C 209
R
P 0x7f2a7c191628
C 342
R
P 0x7f2a7c191628
P 0x7f2a7c48c530
C 260
R
P 0x7f2a7c191628
C 342
R
P 0x7f2a7c191628
P 0x7f2a7c48c530
C 259
R
P 0x7f2a7c191628
C 342
R
P 0x7f2a7c191628
P 0x7f2a7c48c530
C 258
R
P 0x7f2a7c191628
C 342
R
P 0x7f2a7c191628
P 0x7f2a7c48c530
C 9
R
P 0x7f2a7c191628
C 342
R
P 0x7f2a7c191628
U 2
P 0x7f2a7c19bb88
P 0x7f2a7c48c530
p 2
C 65
= 0x7f2a7c48c568
R
P 0x7f2a7c191628
C 342
R
P 0x7f2a7c191628
P 0x7f2a7c48c568
C 257
R
P 0x7f2a7c191628
C 342
R
P 0x7f2a7c191628
P 0x7f2a7c48c568
C 254
= 0x7f2a7c19b1e8
R
P 0x7f2a7c191628
C 342
R
P 0x7f2a7c191628
P 0x7f2a7c19b1e8
C 209
R
P 0x7f2a7c191628
C 342
R
P 0x7f2a7c191628
P 0x7f2a7c48c568
C 260
R
P 0x7f2a7c191628
C 342
R
P 0x7f2a7c191628
P 0x7f2a7c48c568
C 259
R
P 0x7f2a7c191628
C 342
R
P 0x7f2a7c191628
P 0x7f2a7c48c568
C 258
R
P 0x7f2a7c191628
C 342
R
P 0x7f2a7c191628
P 0x7f2a7c48c568
C 9
R
P 0x7f2a7c191628
C 342
R
P 0x7f2a7c191628
P 0x7f2a7c48c4c0
P 0x7f2a7c48c568
P 0x7f2a7c19bb88
C 59
= 0x7f2a7c19fb48
R
P 0x7f2a7c191628
C 342
R
P 0x7f2a7c191628
P 0x7f2a7c19fb48
C 257
R
P 0x7f2a7c191628
C 342
R
P 0x7f2a7c191628
P 0x7f2a7c19fb48
C 254
= 0x7f2a7c19b1e8
R
P 0x7f2a7c191628
C 342
R
P 0x7f2a7c191628
P 0x7f2a7c19b1e8
C 209
R
P 0x7f2a7c191628
C 342
R
P 0x7f2a7c191628
P 0x7f2a7c19fb48
C 260
R
P 0x7f2a7c191628
C 342
R
P 0x7f2a7c191628
P 0x7f2a7c19fb48
C 259
R
P 0x7f2a7c191628
C 342
R
P 0x7f2a7c191628
P 0x7f2a7c19fb48
C 258
R
P 0x7f2a7c191628
C 342
R
P 0x7f2a7c191628
P 0x7f2a7c19fb48
C 9
R
P 0x7f2a7c191628
C 342
R
P 0x7f2a7c191628
U 2
P 0x7f2a7c487908
P 0x7f2a7c19fb48
p 2
C 65
= 0x7f2a7c48c5a0
R
P 0x7f2a7c191628
C 342
R
P 0x7f2a7c191628
P 0x7f2a7c48c5a0
C 257
R
P 0x7f2a7c191628
C 342
R
P 0x7f2a7c191628
P 0x7f2a7c48c5a0
C 254
= 0x7f2a7c19b1e8
R
P 0x7f2a7c191628
C 342
R
P 0x7f2a7c191628
P 0x7f2a7c19b1e8
C 209
R
P 0x7f2a7c191628
C 342
R
P 0x7f2a7c191628
P 0x7f2a7c48c5a0
C 260
R
P 0x7f2a7c191628
C 342
R
P 0x7f2a7c191628
P 0x7f2a7c48c5a0
C 259
R
P 0x7f2a7c191628
C 342
R
P 0x7f2a7c191628
P 0x7f2a7c48c5a0
C 258
R
P 0x7f2a7c191628
C 342
R
P 0x7f2a7c191628
P 0x7f2a7c48c5a0
C 9
R
P 0x7f2a7c191628
C 342
R
P 0x7f2a7c191628
P 0x7f2a7c19c228
P 0x7f2a7c48c5a0
C 74
= 0x7f2a7c48da88
R
P 0x7f2a7c191628
C 342
R
P 0x7f2a7c191628
P 0x7f2a7c48da88
C 258
R
P 0x7f2a7c191628
C 342
R
P 0x7f2a7c191628
P 0x7f2a7c48da88
C 9
R
P 0x7f2a7c191628
C 342
R
P 0x7f2a7c191628
I 3
P 0x7f2a7c19b208
C 150
= 0x7f2a7c19bfc8
R
P 0x7f2a7c191628
C 342
R
P 0x7f2a7c191628
P 0x7f2a7c19bfc8
C 258
R
P 0x7f2a7c191628
C 342
R
P 0x7f2a7c191628
P 0x7f2a7c19bfc8
C 9
R
P 0x7f2a7c191628
C 342
R
P 0x7f2a7c191628
P 0x7f2a7c19bfc8
C 263
R
P 0x7f2a7c191628
C 342
R
P 0x7f2a7c191628
S "dev0T33"
C 30
R
P 0x7f2a7c191628
C 342
R
P 0x7f2a7c191628
$ |dev0T33|
C 202
R
P 0x7f2a7c191628
C 342
R
P 0x7f2a7c191628
$ |dev0T33|
P 0x7f2a7c19b1e8
C 51
= 0x7f2a7c19c228
R
P 0x7f2a7c191628
C 342
R
P 0x7f2a7c191628
P 0x7f2a7c19c228
C 257
R
P 0x7f2a7c191628
C 342
R
P 0x7f2a7c191628
P 0x7f2a7c19c228
C 254
= 0x7f2a7c19b1e8
R
P 0x7f2a7c191628
C 342
R
P 0x7f2a7c191628
P 0x7f2a7c19b1e8
C 209
R
P 0x7f2a7c191628
C 342
R
P 0x7f2a7c191628
P 0x7f2a7c19c228
C 260
R
P 0x7f2a7c191628
C 342
R
P 0x7f2a7c191628
P 0x7f2a7c19c228
C 259
R
P 0x7f2a7c191628
C 342
R
P 0x7f2a7c191628
P 0x7f2a7c19c228
C 258
R
P 0x7f2a7c191628
C 342
R
P 0x7f2a7c191628
P 0x7f2a7c19c228
C 9
R
P 0x7f2a7c191628
C 342
R
P 0x7f2a7c191628
P 0x7f2a7c19bc68
C 333
R
P 0x7f2a7c191628
C 342
R
P 0x7f2a7c191628
S "slotflowPriorityStart"
C 30
R
P 0x7f2a7c191628
C 342
R
P 0x7f2a7c191628
$ |slotflowPriorityStart|
C 202
R
P 0x7f2a7c191628
C 342
R
P 0x7f2a7c191628
$ |slotflowPriorityStart|
P 0x7f2a7c19b1e8
C 51
= 0x7f2a7c19c2a8
R
P 0x7f2a7c191628
C 342
R
P 0x7f2a7c191628
P 0x7f2a7c19c2a8
C 257
R
P 0x7f2a7c191628
C 342
R
P 0x7f2a7c191628
P 0x7f2a7c19c2a8
C 254
= 0x7f2a7c19b1e8
R
P 0x7f2a7c191628
C 342
R
P 0x7f2a7c191628
P 0x7f2a7c19b1e8
C 209
R
P 0x7f2a7c191628
C 342
R
P 0x7f2a7c191628
P 0x7f2a7c19c2a8
C 260
R
P 0x7f2a7c191628
C 342
R
P 0x7f2a7c191628
P 0x7f2a7c19c2a8
C 259
R
P 0x7f2a7c191628
C 342
R
P 0x7f2a7c191628
P 0x7f2a7c19c2a8
C 258
R
P 0x7f2a7c191628
C 342
R
P 0x7f2a7c191628
P 0x7f2a7c19c2a8
C 9
R
P 0x7f2a7c191628
C 342
R
P 0x7f2a7c191628
I 4
P 0x7f2a7c19b208
C 150
= 0x7f2a7c19c028
R
P 0x7f2a7c191628
C 342
R
P 0x7f2a7c191628
P 0x7f2a7c19c028
C 258
R
P 0x7f2a7c191628
C 342
R
P 0x7f2a7c191628
P 0x7f2a7c19c028
C 9
R
P 0x7f2a7c191628
C 342
R
P 0x7f2a7c191628
I 1
P 0x7f2a7c19b208
C 150
= 0x7f2a7c19bc88
R
P 0x7f2a7c191628
C 342
R
P 0x7f2a7c191628
P 0x7f2a7c19bc88
C 258
R
P 0x7f2a7c191628
C 342
R
P 0x7f2a7c191628
P 0x7f2a7c19bc88
C 9
R
P 0x7f2a7c191628
C 342
R
P 0x7f2a7c191628
P 0x7f2a7c19c028
P 0x7f2a7c19bc88
C 75
= 0x7f2a7c487390
R
P 0x7f2a7c191628
C 342
R
P 0x7f2a7c191628
P 0x7f2a7c487390
C 258
R
P 0x7f2a7c191628
C 342
R
P 0x7f2a7c191628
P 0x7f2a7c487390
C 9
R
P 0x7f2a7c191628
C 342
R
P 0x7f2a7c191628
I 1
P 0x7f2a7c19b208
C 150
= 0x7f2a7c19bc88
R
P 0x7f2a7c191628
C 342
R
P 0x7f2a7c191628
P 0x7f2a7c19bc88
C 258
R
P 0x7f2a7c191628
C 342
R
P 0x7f2a7c191628
P 0x7f2a7c19bc88
C 9
R
P 0x7f2a7c191628
C 342
R
P 0x7f2a7c191628
U 2
P 0x7f2a7c19c028
P 0x7f2a7c19bc88
p 2
C 67
= 0x7f2a7c4873c8
R
P 0x7f2a7c191628
C 342
R
P 0x7f2a7c191628
P 0x7f2a7c4873c8
C 257
R
P 0x7f2a7c191628
C 342
R
P 0x7f2a7c191628
P 0x7f2a7c4873c8
C 254
= 0x7f2a7c19b208
R
P 0x7f2a7c191628
C 342
R
P 0x7f2a7c191628
P 0x7f2a7c19b208
C 209
R
P 0x7f2a7c191628
C 342
R
P 0x7f2a7c191628
P 0x7f2a7c4873c8
C 260
R
P 0x7f2a7c191628
C 342
R
P 0x7f2a7c191628
P 0x7f2a7c4873c8
C 259
R
P 0x7f2a7c191628
C 342
R
P 0x7f2a7c191628
P 0x7f2a7c4873c8
C 258
R
P 0x7f2a7c191628
C 342
R
P 0x7f2a7c191628
P 0x7f2a7c4873c8
C 9
R
P 0x7f2a7c191628
C 342
R
P 0x7f2a7c191628
U 2
P 0x7f2a7c19bbe8
P 0x7f2a7c4873c8
p 2
C 66
= 0x7f2a7c488158
R
P 0x7f2a7c191628
C 342
R
P 0x7f2a7c191628
P 0x7f2a7c488158
C 257
R
P 0x7f2a7c191628
C 342
R
P 0x7f2a7c191628
P 0x7f2a7c488158
C 254
= 0x7f2a7c19b208
R
P 0x7f2a7c191628
C 342
R
P 0x7f2a7c191628
P 0x7f2a7c19b208
C 209
R
P 0x7f2a7c191628
C 342
R
P 0x7f2a7c191628
P 0x7f2a7c488158
C 260
R
P 0x7f2a7c191628
C 342
R
P 0x7f2a7c191628
P 0x7f2a7c488158
C 259
R
P 0x7f2a7c191628
C 342
R
P 0x7f2a7c191628
P 0x7f2a7c488158
C 258
R
P 0x7f2a7c191628
C 342
R
P 0x7f2a7c191628
P 0x7f2a7c488158
C 9
R
P 0x7f2a7c191628
C 342
R
P 0x7f2a7c191628
U 2
P 0x7f2a7c19bb88
P 0x7f2a7c488158
p 2
C 65
= 0x7f2a7c488190
R
P 0x7f2a7c191628
C 342
R
P 0x7f2a7c191628
P 0x7f2a7c488190
C 257
R
P 0x7f2a7c191628
C 342
R
P 0x7f2a7c191628
P 0x7f2a7c488190
C 254
= 0x7f2a7c19b1e8
R
P 0x7f2a7c191628
C 342
R
P 0x7f2a7c191628
P 0x7f2a7c19b1e8
C 209
R
P 0x7f2a7c191628
C 342
R
P 0x7f2a7c191628
P 0x7f2a7c488190
C 260
R
P 0x7f2a7c191628
C 342
R
P 0x7f2a7c191628
P 0x7f2a7c488190
C 259
R
P 0x7f2a7c191628
C 342
R
P 0x7f2a7c191628
P 0x7f2a7c488190
C 258
R
P 0x7f2a7c191628
C 342
R
P 0x7f2a7c191628
P 0x7f2a7c488190
C 9
R
P 0x7f2a7c191628
C 342
R
P 0x7f2a7c191628
P 0x7f2a7c487390
P 0x7f2a7c488190
P 0x7f2a7c19bb88
C 59
= 0x7f2a7c19fb08
R
P 0x7f2a7c191628
C 342
R
P 0x7f2a7c191628
P 0x7f2a7c19fb08
C 257
R
P 0x7f2a7c191628
C 342
R
P 0x7f2a7c191628
P 0x7f2a7c19fb08
C 254
= 0x7f2a7c19b1e8
R
P 0x7f2a7c191628
C 342
R
P 0x7f2a7c191628
P 0x7f2a7c19b1e8
C 209
R
P 0x7f2a7c191628
C 342
R
P 0x7f2a7c191628
P 0x7f2a7c19fb08
C 260
R
P 0x7f2a7c191628
C 342
R
P 0x7f2a7c191628
P 0x7f2a7c19fb08
C 259
R
P 0x7f2a7c191628
C 342
R
P 0x7f2a7c191628
P 0x7f2a7c19fb08
C 258
R
P 0x7f2a7c191628
C 342
R
P 0x7f2a7c191628
P 0x7f2a7c19fb08
C 9
R
P 0x7f2a7c191628
C 342
R
P 0x7f2a7c191628
U 2
P 0x7f2a7c19c2a8
P 0x7f2a7c19fb08
p 2
C 65
= 0x7f2a7c488270
R
P 0x7f2a7c191628
C 342
R
P 0x7f2a7c191628
P 0x7f2a7c488270
C 257
R
P 0x7f2a7c191628
C 342
R
P 0x7f2a7c191628
P 0x7f2a7c488270
C 254
= 0x7f2a7c19b1e8
R
P 0x7f2a7c191628
C 342
R
P 0x7f2a7c191628
P 0x7f2a7c19b1e8
C 209
R
P 0x7f2a7c191628
C 342
R
P 0x7f2a7c191628
P 0x7f2a7c488270
C 260
R
P 0x7f2a7c191628
C 342
R
P 0x7f2a7c191628
P 0x7f2a7c488270
C 259
R
P 0x7f2a7c191628
C 342
R
P 0x7f2a7c191628
P 0x7f2a7c488270
C 258
R
P 0x7f2a7c191628
C 342
R
P 0x7f2a7c191628
P 0x7f2a7c488270
C 9
R
P 0x7f2a7c191628
C 342
R
P 0x7f2a7c191628
U 2
P 0x7f2a7c488270
P 0x7f2a7c19bb68
p 2
C 65
= 0x7f2a7c489db0
R
P 0x7f2a7c191628
C 342
R
P 0x7f2a7c191628
P 0x7f2a7c489db0
C 257
R
P 0x7f2a7c191628
C 342
R
P 0x7f2a7c191628
P 0x7f2a7c489db0
C 254
= 0x7f2a7c19b1e8
R
P 0x7f2a7c191628
C 342
R
P 0x7f2a7c191628
P 0x7f2a7c19b1e8
C 209
R
P 0x7f2a7c191628
C 342
R
P 0x7f2a7c191628
P 0x7f2a7c489db0
C 260
R
P 0x7f2a7c191628
C 342
R
P 0x7f2a7c191628
P 0x7f2a7c489db0
C 259
R
P 0x7f2a7c191628
C 342
R
P 0x7f2a7c191628
P 0x7f2a7c489db0
C 258
R
P 0x7f2a7c191628
C 342
R
P 0x7f2a7c191628
P 0x7f2a7c489db0
C 9
R
P 0x7f2a7c191628
C 342
R
P 0x7f2a7c191628
P 0x7f2a7c19c228
P 0x7f2a7c489db0
C 56
= 0x7f2a7c48dac0
R
P 0x7f2a7c191628
C 342
R
P 0x7f2a7c191628
P 0x7f2a7c48dac0
C 258
R
P 0x7f2a7c191628
C 342
R
P 0x7f2a7c191628
P 0x7f2a7c48dac0
C 9
R
P 0x7f2a7c191628
C 342
R
P 0x7f2a7c191628
U 2
P 0x7f2a7c48da88
P 0x7f2a7c48dac0
p 2
C 63
= 0x7f2a7c48daf8
R
P 0x7f2a7c191628
C 342
R
P 0x7f2a7c191628
P 0x7f2a7c48daf8
C 258
R
P 0x7f2a7c191628
C 342
R
P 0x7f2a7c191628
P 0x7f2a7c48daf8
C 9
R
P 0x7f2a7c191628
C 342
R
P 0x7f2a7c191628
P 0x7f2a7c48da50
P 0x7f2a7c48daf8
C 61
= 0x7f2a7c48db30
R
P 0x7f2a7c191628
C 342
R
P 0x7f2a7c191628
P 0x7f2a7c48db30
C 258
R
P 0x7f2a7c191628
C 342
R
P 0x7f2a7c191628
P 0x7f2a7c48db30
C 9
R
P 0x7f2a7c191628
C 342
R
P 0x7f2a7c191628
P 0x7f2a7c1e1fc8
P 0x7f2a7c48db30
C 427
R
P 0x7f2a7c191628
C 342
R
P 0x7f2a7c191628
I 4
P 0x7f2a7c19b208
C 150
= 0x7f2a7c19c028
R
P 0x7f2a7c191628
C 342
R
P 0x7f2a7c191628
P 0x7f2a7c19c028
C 258
R
P 0x7f2a7c191628
C 342
R
P 0x7f2a7c191628
P 0x7f2a7c19c028
C 9
R
P 0x7f2a7c191628
C 342
R
P 0x7f2a7c191628
I 1
P 0x7f2a7c19b208
C 150
= 0x7f2a7c19bc88
R
P 0x7f2a7c191628
C 342
R
P 0x7f2a7c191628
P 0x7f2a7c19bc88
C 258
R
P 0x7f2a7c191628
C 342
R
P 0x7f2a7c191628
P 0x7f2a7c19bc88
C 9
R
P 0x7f2a7c191628
C 342
R
P 0x7f2a7c191628
P 0x7f2a7c19c028
P 0x7f2a7c19bc88
C 75
= 0x7f2a7c487390
R
P 0x7f2a7c191628
C 342
R
P 0x7f2a7c191628
P 0x7f2a7c487390
C 258
R
P 0x7f2a7c191628
C 342
R
P 0x7f2a7c191628
P 0x7f2a7c487390
C 9
R
P 0x7f2a7c191628
C 342
R
P 0x7f2a7c191628
I 1
P 0x7f2a7c19b208
C 150
= 0x7f2a7c19bc88
R
P 0x7f2a7c191628
C 342
R
P 0x7f2a7c191628
P 0x7f2a7c19bc88
C 258
R
P 0x7f2a7c191628
C 342
R
P 0x7f2a7c191628
P 0x7f2a7c19bc88
C 9
R
P 0x7f2a7c191628
C 342
R
P 0x7f2a7c191628
U 2
P 0x7f2a7c19c028
P 0x7f2a7c19bc88
p 2
C 67
= 0x7f2a7c4873c8
R
P 0x7f2a7c191628
C 342
R
P 0x7f2a7c191628
P 0x7f2a7c4873c8
C 257
R
P 0x7f2a7c191628
C 342
R
P 0x7f2a7c191628
P 0x7f2a7c4873c8
C 254
= 0x7f2a7c19b208
R
P 0x7f2a7c191628
C 342
R
P 0x7f2a7c191628
P 0x7f2a7c19b208
C 209
R
P 0x7f2a7c191628
C 342
R
P 0x7f2a7c191628
P 0x7f2a7c4873c8
C 260
R
P 0x7f2a7c191628
C 342
R
P 0x7f2a7c191628
P 0x7f2a7c4873c8
C 259
R
P 0x7f2a7c191628
C 342
R
P 0x7f2a7c191628
P 0x7f2a7c4873c8
C 258
R
P 0x7f2a7c191628
C 342
R
P 0x7f2a7c191628
P 0x7f2a7c4873c8
C 9
R
P 0x7f2a7c191628
C 342
R
P 0x7f2a7c191628
U 2
P 0x7f2a7c19bba8
P 0x7f2a7c4873c8
p 2
C 66
= 0x7f2a7c487400
R
P 0x7f2a7c191628
C 342
R
P 0x7f2a7c191628
P 0x7f2a7c487400
C 257
R
P 0x7f2a7c191628
C 342
R
P 0x7f2a7c191628
P 0x7f2a7c487400
C 254
= 0x7f2a7c19b1e8
R
P 0x7f2a7c191628
C 342
R
P 0x7f2a7c191628
P 0x7f2a7c19b1e8
C 209
R
P 0x7f2a7c191628
C 342
R
P 0x7f2a7c191628
P 0x7f2a7c487400
C 260
R
P 0x7f2a7c191628
C 342
R
P 0x7f2a7c191628
P 0x7f2a7c487400
C 259
R
P 0x7f2a7c191628
C 342
R
P 0x7f2a7c191628
P 0x7f2a7c487400
C 258
R
P 0x7f2a7c191628
C 342
R
P 0x7f2a7c191628
P 0x7f2a7c487400
C 9
R
P 0x7f2a7c191628
C 342
R
P 0x7f2a7c191628
U 2
P 0x7f2a7c19bc28
P 0x7f2a7c487400
p 2
C 65
= 0x7f2a7c487438
R
P 0x7f2a7c191628
C 342
R
P 0x7f2a7c191628
P 0x7f2a7c487438
C 257
R
P 0x7f2a7c191628
C 342
R
P 0x7f2a7c191628
P 0x7f2a7c487438
C 254
= 0x7f2a7c19b1e8
R
P 0x7f2a7c191628
C 342
R
P 0x7f2a7c191628
P 0x7f2a7c19b1e8
C 209
R
P 0x7f2a7c191628
C 342
R
P 0x7f2a7c191628
P 0x7f2a7c487438
C 260
R
P 0x7f2a7c191628
C 342
R
P 0x7f2a7c191628
P 0x7f2a7c487438
C 259
R
P 0x7f2a7c191628
C 342
R
P 0x7f2a7c191628
P 0x7f2a7c487438
C 258
R
P 0x7f2a7c191628
C 342
R
P 0x7f2a7c191628
P 0x7f2a7c487438
C 9
R
P 0x7f2a7c191628
C 342
R
P 0x7f2a7c191628
P 0x7f2a7c487390
P 0x7f2a7c487438
P 0x7f2a7c19bc28
C 59
= 0x7f2a7c19f9c8
R
P 0x7f2a7c191628
C 342
R
P 0x7f2a7c191628
P 0x7f2a7c19f9c8
C 257
R
P 0x7f2a7c191628
C 342
R
P 0x7f2a7c191628
P 0x7f2a7c19f9c8
C 254
= 0x7f2a7c19b1e8
R
P 0x7f2a7c191628
C 342
R
P 0x7f2a7c191628
P 0x7f2a7c19b1e8
C 209
R
P 0x7f2a7c191628
C 342
R
P 0x7f2a7c191628
P 0x7f2a7c19f9c8
C 260
R
P 0x7f2a7c191628
C 342
R
P 0x7f2a7c191628
P 0x7f2a7c19f9c8
C 259
R
P 0x7f2a7c191628
C 342
R
P 0x7f2a7c191628
P 0x7f2a7c19f9c8
C 258
R
P 0x7f2a7c191628
C 342
R
P 0x7f2a7c191628
P 0x7f2a7c19f9c8
C 9
R
P 0x7f2a7c191628
C 342
R
P 0x7f2a7c191628
U 2
P 0x7f2a7c19f9c8
P 0x7f2a7c19bb48
p 2
C 65
= 0x7f2a7c487470
R
P 0x7f2a7c191628
C 342
R
P 0x7f2a7c191628
P 0x7f2a7c487470
C 257
R
P 0x7f2a7c191628
C 342
R
P 0x7f2a7c191628
P 0x7f2a7c487470
C 254
= 0x7f2a7c19b1e8
R
P 0x7f2a7c191628
C 342
R
P 0x7f2a7c191628
P 0x7f2a7c19b1e8
C 209
R
P 0x7f2a7c191628
C 342
R
P 0x7f2a7c191628
P 0x7f2a7c487470
C 260
R
P 0x7f2a7c191628
C 342
R
P 0x7f2a7c191628
P 0x7f2a7c487470
C 259
R
P 0x7f2a7c191628
C 342
R
P 0x7f2a7c191628
P 0x7f2a7c487470
C 258
R
P 0x7f2a7c191628
C 342
R
P 0x7f2a7c191628
P 0x7f2a7c487470
C 9
R
P 0x7f2a7c191628
C 342
R
P 0x7f2a7c191628
P 0x7f2a7c19bc68
C 333
R
P 0x7f2a7c191628
C 342
R
P 0x7f2a7c191628
S "slotflowPriorityStart"
C 30
R
P 0x7f2a7c191628
C 342
R
P 0x7f2a7c191628
$ |slotflowPriorityStart|
C 202
R
P 0x7f2a7c191628
C 342
R
P 0x7f2a7c191628
$ |slotflowPriorityStart|
P 0x7f2a7c19b1e8
C 51
= 0x7f2a7c19c2a8
R
P 0x7f2a7c191628
C 342
R
P 0x7f2a7c191628
P 0x7f2a7c19c2a8
C 257
R
P 0x7f2a7c191628
C 342
R
P 0x7f2a7c191628
P 0x7f2a7c19c2a8
C 254
= 0x7f2a7c19b1e8
R
P 0x7f2a7c191628
C 342
R
P 0x7f2a7c191628
P 0x7f2a7c19b1e8
C 209
R
P 0x7f2a7c191628
C 342
R
P 0x7f2a7c191628
P 0x7f2a7c19c2a8
C 260
R
P 0x7f2a7c191628
C 342
R
P 0x7f2a7c191628
P 0x7f2a7c19c2a8
C 259
R
P 0x7f2a7c191628
C 342
R
P 0x7f2a7c191628
P 0x7f2a7c19c2a8
C 258
R
P 0x7f2a7c191628
C 342
R
P 0x7f2a7c191628
P 0x7f2a7c19c2a8
C 9
R
P 0x7f2a7c191628
C 342
R
P 0x7f2a7c191628
P 0x7f2a7c19bc68
C 333
R
P 0x7f2a7c191628
C 342
R
P 0x7f2a7c191628
S "slotflowPriorityDuration"
C 30
R
P 0x7f2a7c191628
C 342
R
P 0x7f2a7c191628
$ |slotflowPriorityDuration|
C 202
R
P 0x7f2a7c191628
C 342
R
P 0x7f2a7c191628
$ |slotflowPriorityDuration|
P 0x7f2a7c19b1e8
C 51
= 0x7f2a7c19c268
R
P 0x7f2a7c191628
C 342
R
P 0x7f2a7c191628
P 0x7f2a7c19c268
C 257
R
P 0x7f2a7c191628
C 342
R
P 0x7f2a7c191628
P 0x7f2a7c19c268
C 254
= 0x7f2a7c19b1e8
R
P 0x7f2a7c191628
C 342
R
P 0x7f2a7c191628
P 0x7f2a7c19b1e8
C 209
R
P 0x7f2a7c191628
C 342
R
P 0x7f2a7c191628
P 0x7f2a7c19c268
C 260
R
P 0x7f2a7c191628
C 342
R
P 0x7f2a7c191628
P 0x7f2a7c19c268
C 259
R
P 0x7f2a7c191628
C 342
R
P 0x7f2a7c191628
P 0x7f2a7c19c268
C 258
R
P 0x7f2a7c191628
C 342
R
P 0x7f2a7c191628
P 0x7f2a7c19c268
C 9
R
P 0x7f2a7c191628
C 342
R
P 0x7f2a7c191628
U 2
P 0x7f2a7c19c2a8
P 0x7f2a7c19c268
p 2
C 65
= 0x7f2a7c487908
R
P 0x7f2a7c191628
C 342
R
P 0x7f2a7c191628
P 0x7f2a7c487908
C 257
R
P 0x7f2a7c191628
C 342
R
P 0x7f2a7c191628
P 0x7f2a7c487908
C 254
= 0x7f2a7c19b1e8
R
P 0x7f2a7c191628
C 342
R
P 0x7f2a7c191628
P 0x7f2a7c19b1e8
C 209
R
P 0x7f2a7c191628
C 342
R
P 0x7f2a7c191628
P 0x7f2a7c487908
C 260
R
P 0x7f2a7c191628
C 342
R
P 0x7f2a7c191628
P 0x7f2a7c487908
C 259
R
P 0x7f2a7c191628
C 342
R
P 0x7f2a7c191628
P 0x7f2a7c487908
C 258
R
P 0x7f2a7c191628
C 342
R
P 0x7f2a7c191628
P 0x7f2a7c487908
C 9
R
P 0x7f2a7c191628
C 342
R
P 0x7f2a7c191628
I 0
P 0x7f2a7c19b208
C 150
= 0x7f2a7c19bd08
R
P 0x7f2a7c191628
C 342
R
P 0x7f2a7c191628
P 0x7f2a7c19bd08
C 258
R
P 0x7f2a7c191628
C 342
R
P 0x7f2a7c191628
P 0x7f2a7c19bd08
C 9
R
P 0x7f2a7c191628
C 342
R
P 0x7f2a7c191628
I 1
P 0x7f2a7c19b208
C 150
= 0x7f2a7c19bc88
R
P 0x7f2a7c191628
C 342
R
P 0x7f2a7c191628
P 0x7f2a7c19bc88
C 258
R
P 0x7f2a7c191628
C 342
R
P 0x7f2a7c191628
P 0x7f2a7c19bc88
C 9
R
P 0x7f2a7c191628
C 342
R
P 0x7f2a7c191628
P 0x7f2a7c19bd08
P 0x7f2a7c19bc88
C 75
= 0x7f2a7c486fa0
R
P 0x7f2a7c191628
C 342
R
P 0x7f2a7c191628
P 0x7f2a7c486fa0
C 258
R
P 0x7f2a7c191628
C 342
R
P 0x7f2a7c191628
P 0x7f2a7c486fa0
C 9
R
P 0x7f2a7c191628
C 342
R
P 0x7f2a7c191628
I 1
P 0x7f2a7c19b208
C 150
= 0x7f2a7c19bc88
R
P 0x7f2a7c191628
C 342
R
P 0x7f2a7c191628
P 0x7f2a7c19bc88
C 258
R
P 0x7f2a7c191628
C 342
R
P 0x7f2a7c191628
P 0x7f2a7c19bc88
C 9
R
P 0x7f2a7c191628
C 342
R
P 0x7f2a7c191628
U 2
P 0x7f2a7c19bd08
P 0x7f2a7c19bc88
p 2
C 67
= 0x7f2a7c486fd8
R
P 0x7f2a7c191628
C 342
R
P 0x7f2a7c191628
P 0x7f2a7c486fd8
C 257
R
P 0x7f2a7c191628
C 342
R
P 0x7f2a7c191628
P 0x7f2a7c486fd8
C 254
= 0x7f2a7c19b208
R
P 0x7f2a7c191628
C 342
R
P 0x7f2a7c191628
P 0x7f2a7c19b208
C 209
R
P 0x7f2a7c191628
C 342
R
P 0x7f2a7c191628
P 0x7f2a7c486fd8
C 260
R
P 0x7f2a7c191628
C 342
R
P 0x7f2a7c191628
P 0x7f2a7c486fd8
C 259
R
P 0x7f2a7c191628
C 342
R
P 0x7f2a7c191628
P 0x7f2a7c486fd8
C 258
R
P 0x7f2a7c191628
C 342
R
P 0x7f2a7c191628
P 0x7f2a7c486fd8
C 9
R
P 0x7f2a7c191628
C 342
R
P 0x7f2a7c191628
U 2
P 0x7f2a7c19bbe8
P 0x7f2a7c486fd8
p 2
C 66
= 0x7f2a7c487940
R
P 0x7f2a7c191628
C 342
R
P 0x7f2a7c191628
P 0x7f2a7c487940
C 257
R
P 0x7f2a7c191628
C 342
R
P 0x7f2a7c191628
P 0x7f2a7c487940
C 254
= 0x7f2a7c19b208
R
P 0x7f2a7c191628
C 342
R
P 0x7f2a7c191628
P 0x7f2a7c19b208
C 209
R
P 0x7f2a7c191628
C 342
R
P 0x7f2a7c191628
P 0x7f2a7c487940
C 260
R
P 0x7f2a7c191628
C 342
R
P 0x7f2a7c191628
P 0x7f2a7c487940
C 259
R
P 0x7f2a7c191628
C 342
R
P 0x7f2a7c191628
P 0x7f2a7c487940
C 258
R
P 0x7f2a7c191628
C 342
R
P 0x7f2a7c191628
P 0x7f2a7c487940
C 9
R
P 0x7f2a7c191628
C 342
R
P 0x7f2a7c191628
U 2
P 0x7f2a7c19bb88
P 0x7f2a7c487940
p 2
C 65
= 0x7f2a7c487978
R
P 0x7f2a7c191628
C 342
R
P 0x7f2a7c191628
P 0x7f2a7c487978
C 257
R
P 0x7f2a7c191628
C 342
R
P 0x7f2a7c191628
P 0x7f2a7c487978
C 254
= 0x7f2a7c19b1e8
R
P 0x7f2a7c191628
C 342
R
P 0x7f2a7c191628
P 0x7f2a7c19b1e8
C 209
R
P 0x7f2a7c191628
C 342
R
P 0x7f2a7c191628
P 0x7f2a7c487978
C 260
R
P 0x7f2a7c191628
C 342
R
P 0x7f2a7c191628
P 0x7f2a7c487978
C 259
R
P 0x7f2a7c191628
C 342
R
P 0x7f2a7c191628
P 0x7f2a7c487978
C 258
R
P 0x7f2a7c191628
C 342
R
P 0x7f2a7c191628
P 0x7f2a7c487978
C 9
R
P 0x7f2a7c191628
C 342
R
P 0x7f2a7c191628
P 0x7f2a7c486fa0
P 0x7f2a7c487978
P 0x7f2a7c19bb88
C 59
= 0x7f2a7c19fa08
R
P 0x7f2a7c191628
C 342
R
P 0x7f2a7c191628
P 0x7f2a7c19fa08
C 257
R
P 0x7f2a7c191628
C 342
R
P 0x7f2a7c191628
P 0x7f2a7c19fa08
C 254
= 0x7f2a7c19b1e8
R
P 0x7f2a7c191628
C 342
R
P 0x7f2a7c191628
P 0x7f2a7c19b1e8
C 209
R
P 0x7f2a7c191628
C 342
R
P 0x7f2a7c191628
P 0x7f2a7c19fa08
C 260
R
P 0x7f2a7c191628
C 342
R
P 0x7f2a7c191628
P 0x7f2a7c19fa08
C 259
R
P 0x7f2a7c191628
C 342
R
P 0x7f2a7c191628
P 0x7f2a7c19fa08
C 258
R
P 0x7f2a7c191628
C 342
R
P 0x7f2a7c191628
P 0x7f2a7c19fa08
C 9
R
P 0x7f2a7c191628
C 342
R
P 0x7f2a7c191628
U 2
P 0x7f2a7c487908
P 0x7f2a7c19fa08
p 2
C 65
= 0x7f2a7c4879b0
R
P 0x7f2a7c191628
C 342
R
P 0x7f2a7c191628
P 0x7f2a7c4879b0
C 257
R
P 0x7f2a7c191628
C 342
R
P 0x7f2a7c191628
P 0x7f2a7c4879b0
C 254
= 0x7f2a7c19b1e8
R
P 0x7f2a7c191628
C 342
R
P 0x7f2a7c191628
P 0x7f2a7c19b1e8
C 209
R
P 0x7f2a7c191628
C 342
R
P 0x7f2a7c191628
P 0x7f2a7c4879b0
C 260
R
P 0x7f2a7c191628
C 342
R
P 0x7f2a7c191628
P 0x7f2a7c4879b0
C 259
R
P 0x7f2a7c191628
C 342
R
P 0x7f2a7c191628
P 0x7f2a7c4879b0
C 258
R
P 0x7f2a7c191628
C 342
R
P 0x7f2a7c191628
P 0x7f2a7c4879b0
C 9
R
P 0x7f2a7c191628
C 342
R
P 0x7f2a7c191628
U 2
P 0x7f2a7c4879b0
P 0x7f2a7c19bb68
p 2
C 67
= 0x7f2a7c4879e8
R
P 0x7f2a7c191628
C 342
R
P 0x7f2a7c191628
P 0x7f2a7c4879e8
C 257
R
P 0x7f2a7c191628
C 342
R
P 0x7f2a7c191628
P 0x7f2a7c4879e8
C 254
= 0x7f2a7c19b1e8
R
P 0x7f2a7c191628
C 342
R
P 0x7f2a7c191628
P 0x7f2a7c19b1e8
C 209
R
P 0x7f2a7c191628
C 342
R
P 0x7f2a7c191628
P 0x7f2a7c4879e8
C 260
R
P 0x7f2a7c191628
C 342
R
P 0x7f2a7c191628
P 0x7f2a7c4879e8
C 259
R
P 0x7f2a7c191628
C 342
R
P 0x7f2a7c191628
P 0x7f2a7c4879e8
C 258
R
P 0x7f2a7c191628
C 342
R
P 0x7f2a7c191628
P 0x7f2a7c4879e8
C 9
R
P 0x7f2a7c191628
C 342
R
P 0x7f2a7c191628
P 0x7f2a7c487470
P 0x7f2a7c4879e8
C 75
= 0x7f2a7c48db68
R
P 0x7f2a7c191628
C 342
R
P 0x7f2a7c191628
P 0x7f2a7c48db68
C 258
R
P 0x7f2a7c191628
C 342
R
P 0x7f2a7c191628
P 0x7f2a7c48db68
C 9
R
P 0x7f2a7c191628
C 342
R
P 0x7f2a7c191628
I 4
P 0x7f2a7c19b208
C 150
= 0x7f2a7c19c028
R
P 0x7f2a7c191628
C 342
R
P 0x7f2a7c191628
P 0x7f2a7c19c028
C 258
R
P 0x7f2a7c191628
C 342
R
P 0x7f2a7c191628
P 0x7f2a7c19c028
C 9
R
P 0x7f2a7c191628
C 342
R
P 0x7f2a7c191628
I 1
P 0x7f2a7c19b208
C 150
= 0x7f2a7c19bc88
R
P 0x7f2a7c191628
C 342
R
P 0x7f2a7c191628
P 0x7f2a7c19bc88
C 258
R
P 0x7f2a7c191628
C 342
R
P 0x7f2a7c191628
P 0x7f2a7c19bc88
C 9
R
P 0x7f2a7c191628
C 342
R
P 0x7f2a7c191628
P 0x7f2a7c19c028
P 0x7f2a7c19bc88
C 75
= 0x7f2a7c487390
R
P 0x7f2a7c191628
C 342
R
P 0x7f2a7c191628
P 0x7f2a7c487390
C 258
R
P 0x7f2a7c191628
C 342
R
P 0x7f2a7c191628
P 0x7f2a7c487390
C 9
R
P 0x7f2a7c191628
C 342
R
P 0x7f2a7c191628
I 1
P 0x7f2a7c19b208
C 150
= 0x7f2a7c19bc88
R
P 0x7f2a7c191628
C 342
R
P 0x7f2a7c191628
P 0x7f2a7c19bc88
C 258
R
P 0x7f2a7c191628
C 342
R
P 0x7f2a7c191628
P 0x7f2a7c19bc88
C 9
R
P 0x7f2a7c191628
C 342
R
P 0x7f2a7c191628
U 2
P 0x7f2a7c19c028
P 0x7f2a7c19bc88
p 2
C 67
= 0x7f2a7c4873c8
R
P 0x7f2a7c191628
C 342
R
P 0x7f2a7c191628
P 0x7f2a7c4873c8
C 257
R
P 0x7f2a7c191628
C 342
R
P 0x7f2a7c191628
P 0x7f2a7c4873c8
C 254
= 0x7f2a7c19b208
R
P 0x7f2a7c191628
C 342
R
P 0x7f2a7c191628
P 0x7f2a7c19b208
C 209
R
P 0x7f2a7c191628
C 342
R
P 0x7f2a7c191628
P 0x7f2a7c4873c8
C 260
R
P 0x7f2a7c191628
C 342
R
P 0x7f2a7c191628
P 0x7f2a7c4873c8
C 259
R
P 0x7f2a7c191628
C 342
R
P 0x7f2a7c191628
P 0x7f2a7c4873c8
C 258
R
P 0x7f2a7c191628
C 342
R
P 0x7f2a7c191628
P 0x7f2a7c4873c8
C 9
R
P 0x7f2a7c191628
C 342
R
P 0x7f2a7c191628
U 2
P 0x7f2a7c19bba8
P 0x7f2a7c4873c8
p 2
C 66
= 0x7f2a7c487400
R
P 0x7f2a7c191628
C 342
R
P 0x7f2a7c191628
P 0x7f2a7c487400
C 257
R
P 0x7f2a7c191628
C 342
R
P 0x7f2a7c191628
P 0x7f2a7c487400
C 254
= 0x7f2a7c19b1e8
R
P 0x7f2a7c191628
C 342
R
P 0x7f2a7c191628
P 0x7f2a7c19b1e8
C 209
R
P 0x7f2a7c191628
C 342
R
P 0x7f2a7c191628
P 0x7f2a7c487400
C 260
R
P 0x7f2a7c191628
C 342
R
P 0x7f2a7c191628
P 0x7f2a7c487400
C 259
R
P 0x7f2a7c191628
C 342
R
P 0x7f2a7c191628
P 0x7f2a7c487400
C 258
R
P 0x7f2a7c191628
C 342
R
P 0x7f2a7c191628
P 0x7f2a7c487400
C 9
R
P 0x7f2a7c191628
C 342
R
P 0x7f2a7c191628
U 2
P 0x7f2a7c19bc28
P 0x7f2a7c487400
p 2
C 65
= 0x7f2a7c487438
R
P 0x7f2a7c191628
C 342
R
P 0x7f2a7c191628
P 0x7f2a7c487438
C 257
R
P 0x7f2a7c191628
C 342
R
P 0x7f2a7c191628
P 0x7f2a7c487438
C 254
= 0x7f2a7c19b1e8
R
P 0x7f2a7c191628
C 342
R
P 0x7f2a7c191628
P 0x7f2a7c19b1e8
C 209
R
P 0x7f2a7c191628
C 342
R
P 0x7f2a7c191628
P 0x7f2a7c487438
C 260
R
P 0x7f2a7c191628
C 342
R
P 0x7f2a7c191628
P 0x7f2a7c487438
C 259
R
P 0x7f2a7c191628
C 342
R
P 0x7f2a7c191628
P 0x7f2a7c487438
C 258
R
P 0x7f2a7c191628
C 342
R
P 0x7f2a7c191628
P 0x7f2a7c487438
C 9
R
P 0x7f2a7c191628
C 342
R
P 0x7f2a7c191628
P 0x7f2a7c487390
P 0x7f2a7c487438
P 0x7f2a7c19bc28
C 59
= 0x7f2a7c19f9c8
R
P 0x7f2a7c191628
C 342
R
P 0x7f2a7c191628
P 0x7f2a7c19f9c8
C 257
R
P 0x7f2a7c191628
C 342
R
P 0x7f2a7c191628
P 0x7f2a7c19f9c8
C 254
= 0x7f2a7c19b1e8
R
P 0x7f2a7c191628
C 342
R
P 0x7f2a7c191628
P 0x7f2a7c19b1e8
C 209
R
P 0x7f2a7c191628
C 342
R
P 0x7f2a7c191628
P 0x7f2a7c19f9c8
C 260
R
P 0x7f2a7c191628
C 342
R
P 0x7f2a7c191628
P 0x7f2a7c19f9c8
C 259
R
P 0x7f2a7c191628
C 342
R
P 0x7f2a7c191628
P 0x7f2a7c19f9c8
C 258
R
P 0x7f2a7c191628
C 342
R
P 0x7f2a7c191628
P 0x7f2a7c19f9c8
C 9
R
P 0x7f2a7c191628
C 342
R
P 0x7f2a7c191628
U 2
P 0x7f2a7c19f9c8
P 0x7f2a7c19bb48
p 2
C 65
= 0x7f2a7c487470
R
P 0x7f2a7c191628
C 342
R
P 0x7f2a7c191628
P 0x7f2a7c487470
C 257
R
P 0x7f2a7c191628
C 342
R
P 0x7f2a7c191628
P 0x7f2a7c487470
C 254
= 0x7f2a7c19b1e8
R
P 0x7f2a7c191628
C 342
R
P 0x7f2a7c191628
P 0x7f2a7c19b1e8
C 209
R
P 0x7f2a7c191628
C 342
R
P 0x7f2a7c191628
P 0x7f2a7c487470
C 260
R
P 0x7f2a7c191628
C 342
R
P 0x7f2a7c191628
P 0x7f2a7c487470
C 259
R
P 0x7f2a7c191628
C 342
R
P 0x7f2a7c191628
P 0x7f2a7c487470
C 258
R
P 0x7f2a7c191628
C 342
R
P 0x7f2a7c191628
P 0x7f2a7c487470
C 9
R
P 0x7f2a7c191628
C 342
R
P 0x7f2a7c191628
I 0
P 0x7f2a7c19b208
C 150
= 0x7f2a7c19bd08
R
P 0x7f2a7c191628
C 342
R
P 0x7f2a7c191628
P 0x7f2a7c19bd08
C 258
R
P 0x7f2a7c191628
C 342
R
P 0x7f2a7c191628
P 0x7f2a7c19bd08
C 9
R
P 0x7f2a7c191628
C 342
R
P 0x7f2a7c191628
I 1
P 0x7f2a7c19b208
C 150
= 0x7f2a7c19bc88
R
P 0x7f2a7c191628
C 342
R
P 0x7f2a7c191628
P 0x7f2a7c19bc88
C 258
R
P 0x7f2a7c191628
C 342
R
P 0x7f2a7c191628
P 0x7f2a7c19bc88
C 9
R
P 0x7f2a7c191628
C 342
R
P 0x7f2a7c191628
P 0x7f2a7c19bd08
P 0x7f2a7c19bc88
C 75
= 0x7f2a7c486fa0
R
P 0x7f2a7c191628
C 342
R
P 0x7f2a7c191628
P 0x7f2a7c486fa0
C 258
R
P 0x7f2a7c191628
C 342
R
P 0x7f2a7c191628
P 0x7f2a7c486fa0
C 9
R
P 0x7f2a7c191628
C 342
R
P 0x7f2a7c191628
I 1
P 0x7f2a7c19b208
C 150
= 0x7f2a7c19bc88
R
P 0x7f2a7c191628
C 342
R
P 0x7f2a7c191628
P 0x7f2a7c19bc88
C 258
R
P 0x7f2a7c191628
C 342
R
P 0x7f2a7c191628
P 0x7f2a7c19bc88
C 9
R
P 0x7f2a7c191628
C 342
R
P 0x7f2a7c191628
U 2
P 0x7f2a7c19bd08
P 0x7f2a7c19bc88
p 2
C 67
= 0x7f2a7c486fd8
R
P 0x7f2a7c191628
C 342
R
P 0x7f2a7c191628
P 0x7f2a7c486fd8
C 257
R
P 0x7f2a7c191628
C 342
R
P 0x7f2a7c191628
P 0x7f2a7c486fd8
C 254
= 0x7f2a7c19b208
R
P 0x7f2a7c191628
C 342
R
P 0x7f2a7c191628
P 0x7f2a7c19b208
C 209
R
P 0x7f2a7c191628
C 342
R
P 0x7f2a7c191628
P 0x7f2a7c486fd8
C 260
R
P 0x7f2a7c191628
C 342
R
P 0x7f2a7c191628
P 0x7f2a7c486fd8
C 259
R
P 0x7f2a7c191628
C 342
R
P 0x7f2a7c191628
P 0x7f2a7c486fd8
C 258
R
P 0x7f2a7c191628
C 342
R
P 0x7f2a7c191628
P 0x7f2a7c486fd8
C 9
R
P 0x7f2a7c191628
C 342
R
P 0x7f2a7c191628
U 2
P 0x7f2a7c19bbe8
P 0x7f2a7c486fd8
p 2
C 66
= 0x7f2a7c487940
R
P 0x7f2a7c191628
C 342
R
P 0x7f2a7c191628
P 0x7f2a7c487940
C 257
R
P 0x7f2a7c191628
C 342
R
P 0x7f2a7c191628
P 0x7f2a7c487940
C 254
= 0x7f2a7c19b208
R
P 0x7f2a7c191628
C 342
R
P 0x7f2a7c191628
P 0x7f2a7c19b208
C 209
R
P 0x7f2a7c191628
C 342
R
P 0x7f2a7c191628
P 0x7f2a7c487940
C 260
R
P 0x7f2a7c191628
C 342
R
P 0x7f2a7c191628
P 0x7f2a7c487940
C 259
R
P 0x7f2a7c191628
C 342
R
P 0x7f2a7c191628
P 0x7f2a7c487940
C 258
R
P 0x7f2a7c191628
C 342
R
P 0x7f2a7c191628
P 0x7f2a7c487940
C 9
R
P 0x7f2a7c191628
C 342
R
P 0x7f2a7c191628
U 2
P 0x7f2a7c19bb88
P 0x7f2a7c487940
p 2
C 65
= 0x7f2a7c487978
R
P 0x7f2a7c191628
C 342
R
P 0x7f2a7c191628
P 0x7f2a7c487978
C 257
R
P 0x7f2a7c191628
C 342
R
P 0x7f2a7c191628
P 0x7f2a7c487978
C 254
= 0x7f2a7c19b1e8
R
P 0x7f2a7c191628
C 342
R
P 0x7f2a7c191628
P 0x7f2a7c19b1e8
C 209
R
P 0x7f2a7c191628
C 342
R
P 0x7f2a7c191628
P 0x7f2a7c487978
C 260
R
P 0x7f2a7c191628
C 342
R
P 0x7f2a7c191628
P 0x7f2a7c487978
C 259
R
P 0x7f2a7c191628
C 342
R
P 0x7f2a7c191628
P 0x7f2a7c487978
C 258
R
P 0x7f2a7c191628
C 342
R
P 0x7f2a7c191628
P 0x7f2a7c487978
C 9
R
P 0x7f2a7c191628
C 342
R
P 0x7f2a7c191628
P 0x7f2a7c486fa0
P 0x7f2a7c487978
P 0x7f2a7c19bb88
C 59
= 0x7f2a7c19fa08
R
P 0x7f2a7c191628
C 342
R
P 0x7f2a7c191628
P 0x7f2a7c19fa08
C 257
R
P 0x7f2a7c191628
C 342
R
P 0x7f2a7c191628
P 0x7f2a7c19fa08
C 254
= 0x7f2a7c19b1e8
R
P 0x7f2a7c191628
C 342
R
P 0x7f2a7c191628
P 0x7f2a7c19b1e8
C 209
R
P 0x7f2a7c191628
C 342
R
P 0x7f2a7c191628
P 0x7f2a7c19fa08
C 260
R
P 0x7f2a7c191628
C 342
R
P 0x7f2a7c191628
P 0x7f2a7c19fa08
C 259
R
P 0x7f2a7c191628
C 342
R
P 0x7f2a7c191628
P 0x7f2a7c19fa08
C 258
R
P 0x7f2a7c191628
C 342
R
P 0x7f2a7c191628
P 0x7f2a7c19fa08
C 9
R
P 0x7f2a7c191628
C 342
R
P 0x7f2a7c191628
U 2
P 0x7f2a7c19fa08
P 0x7f2a7c19bbe8
p 2
C 65
= 0x7f2a7c48bdf8
R
P 0x7f2a7c191628
C 342
R
P 0x7f2a7c191628
P 0x7f2a7c48bdf8
C 257
R
P 0x7f2a7c191628
C 342
R
P 0x7f2a7c191628
P 0x7f2a7c48bdf8
C 254
= 0x7f2a7c19b1e8
R
P 0x7f2a7c191628
C 342
R
P 0x7f2a7c191628
P 0x7f2a7c19b1e8
C 209
R
P 0x7f2a7c191628
C 342
R
P 0x7f2a7c191628
P 0x7f2a7c48bdf8
C 260
R
P 0x7f2a7c191628
C 342
R
P 0x7f2a7c191628
P 0x7f2a7c48bdf8
C 259
R
P 0x7f2a7c191628
C 342
R
P 0x7f2a7c191628
P 0x7f2a7c48bdf8
C 258
R
P 0x7f2a7c191628
C 342
R
P 0x7f2a7c191628
P 0x7f2a7c48bdf8
C 9
R
P 0x7f2a7c191628
C 342
R
P 0x7f2a7c191628
P 0x7f2a7c487470
P 0x7f2a7c48bdf8
C 74
= 0x7f2a7c48dba0
R
P 0x7f2a7c191628
C 342
R
P 0x7f2a7c191628
P 0x7f2a7c48dba0
C 258
R
P 0x7f2a7c191628
C 342
R
P 0x7f2a7c191628
P 0x7f2a7c48dba0
C 9
R
P 0x7f2a7c191628
C 342
R
P 0x7f2a7c191628
U 2
P 0x7f2a7c48db68
P 0x7f2a7c48dba0
p 2
C 63
= 0x7f2a7c48dbd8
R
P 0x7f2a7c191628
C 342
R
P 0x7f2a7c191628
P 0x7f2a7c48dbd8
C 258
R
P 0x7f2a7c191628
C 342
R
P 0x7f2a7c191628
P 0x7f2a7c48dbd8
C 9
R
P 0x7f2a7c191628
C 342
R
P 0x7f2a7c191628
I 4
P 0x7f2a7c19b208
C 150
= 0x7f2a7c19c028
R
P 0x7f2a7c191628
C 342
R
P 0x7f2a7c191628
P 0x7f2a7c19c028
C 258
R
P 0x7f2a7c191628
C 342
R
P 0x7f2a7c191628
P 0x7f2a7c19c028
C 9
R
P 0x7f2a7c191628
C 342
R
P 0x7f2a7c191628
P 0x7f2a7c19c028
C 263
R
P 0x7f2a7c191628
C 342
R
P 0x7f2a7c191628
S "dev0T34"
C 30
R
P 0x7f2a7c191628
C 342
R
P 0x7f2a7c191628
$ |dev0T34|
C 202
R
P 0x7f2a7c191628
C 342
R
P 0x7f2a7c191628
$ |dev0T34|
P 0x7f2a7c19b1e8
C 51
= 0x7f2a7c19c248
R
P 0x7f2a7c191628
C 342
R
P 0x7f2a7c191628
P 0x7f2a7c19c248
C 257
R
P 0x7f2a7c191628
C 342
R
P 0x7f2a7c191628
P 0x7f2a7c19c248
C 254
= 0x7f2a7c19b1e8
R
P 0x7f2a7c191628
C 342
R
P 0x7f2a7c191628
P 0x7f2a7c19b1e8
C 209
R
P 0x7f2a7c191628
C 342
R
P 0x7f2a7c191628
P 0x7f2a7c19c248
C 260
R
P 0x7f2a7c191628
C 342
R
P 0x7f2a7c191628
P 0x7f2a7c19c248
C 259
R
P 0x7f2a7c191628
C 342
R
P 0x7f2a7c191628
P 0x7f2a7c19c248
C 258
R
P 0x7f2a7c191628
C 342
R
P 0x7f2a7c191628
P 0x7f2a7c19c248
C 9
R
P 0x7f2a7c191628
C 342
R
P 0x7f2a7c191628
P 0x7f2a7c19bc68
C 333
R
P 0x7f2a7c191628
C 342
R
P 0x7f2a7c191628
S "slotflowPriorityStart"
C 30
R
P 0x7f2a7c191628
C 342
R
P 0x7f2a7c191628
$ |slotflowPriorityStart|
C 202
R
P 0x7f2a7c191628
C 342
R
P 0x7f2a7c191628
$ |slotflowPriorityStart|
P 0x7f2a7c19b1e8
C 51
= 0x7f2a7c19c2a8
R
P 0x7f2a7c191628
C 342
R
P 0x7f2a7c191628
P 0x7f2a7c19c2a8
C 257
R
P 0x7f2a7c191628
C 342
R
P 0x7f2a7c191628
P 0x7f2a7c19c2a8
C 254
= 0x7f2a7c19b1e8
R
P 0x7f2a7c191628
C 342
R
P 0x7f2a7c191628
P 0x7f2a7c19b1e8
C 209
R
P 0x7f2a7c191628
C 342
R
P 0x7f2a7c191628
P 0x7f2a7c19c2a8
C 260
R
P 0x7f2a7c191628
C 342
R
P 0x7f2a7c191628
P 0x7f2a7c19c2a8
C 259
R
P 0x7f2a7c191628
C 342
R
P 0x7f2a7c191628
P 0x7f2a7c19c2a8
C 258
R
P 0x7f2a7c191628
C 342
R
P 0x7f2a7c191628
P 0x7f2a7c19c2a8
C 9
R
P 0x7f2a7c191628
C 342
R
P 0x7f2a7c191628
P 0x7f2a7c19bc68
C 333
R
P 0x7f2a7c191628
C 342
R
P 0x7f2a7c191628
S "slotflowPriorityDuration"
C 30
R
P 0x7f2a7c191628
C 342
R
P 0x7f2a7c191628
$ |slotflowPriorityDuration|
C 202
R
P 0x7f2a7c191628
C 342
R
P 0x7f2a7c191628
$ |slotflowPriorityDuration|
P 0x7f2a7c19b1e8
C 51
= 0x7f2a7c19c268
R
P 0x7f2a7c191628
C 342
R
P 0x7f2a7c191628
P 0x7f2a7c19c268
C 257
R
P 0x7f2a7c191628
C 342
R
P 0x7f2a7c191628
P 0x7f2a7c19c268
C 254
= 0x7f2a7c19b1e8
R
P 0x7f2a7c191628
C 342
R
P 0x7f2a7c191628
P 0x7f2a7c19b1e8
C 209
R
P 0x7f2a7c191628
C 342
R
P 0x7f2a7c191628
P 0x7f2a7c19c268
C 260
R
P 0x7f2a7c191628
C 342
R
P 0x7f2a7c191628
P 0x7f2a7c19c268
C 259
R
P 0x7f2a7c191628
C 342
R
P 0x7f2a7c191628
P 0x7f2a7c19c268
C 258
R
P 0x7f2a7c191628
C 342
R
P 0x7f2a7c191628
P 0x7f2a7c19c268
C 9
R
P 0x7f2a7c191628
C 342
R
P 0x7f2a7c191628
U 2
P 0x7f2a7c19c2a8
P 0x7f2a7c19c268
p 2
C 65
= 0x7f2a7c487908
R
P 0x7f2a7c191628
C 342
R
P 0x7f2a7c191628
P 0x7f2a7c487908
C 257
R
P 0x7f2a7c191628
C 342
R
P 0x7f2a7c191628
P 0x7f2a7c487908
C 254
= 0x7f2a7c19b1e8
R
P 0x7f2a7c191628
C 342
R
P 0x7f2a7c191628
P 0x7f2a7c19b1e8
C 209
R
P 0x7f2a7c191628
C 342
R
P 0x7f2a7c191628
P 0x7f2a7c487908
C 260
R
P 0x7f2a7c191628
C 342
R
P 0x7f2a7c191628
P 0x7f2a7c487908
C 259
R
P 0x7f2a7c191628
C 342
R
P 0x7f2a7c191628
P 0x7f2a7c487908
C 258
R
P 0x7f2a7c191628
C 342
R
P 0x7f2a7c191628
P 0x7f2a7c487908
C 9
R
P 0x7f2a7c191628
C 342
R
P 0x7f2a7c191628
I 1
P 0x7f2a7c19b208
C 150
= 0x7f2a7c19bc88
R
P 0x7f2a7c191628
C 342
R
P 0x7f2a7c191628
P 0x7f2a7c19bc88
C 258
R
P 0x7f2a7c191628
C 342
R
P 0x7f2a7c191628
P 0x7f2a7c19bc88
C 9
R
P 0x7f2a7c191628
C 342
R
P 0x7f2a7c191628
I 1
P 0x7f2a7c19b208
C 150
= 0x7f2a7c19bc88
R
P 0x7f2a7c191628
C 342
R
P 0x7f2a7c191628
P 0x7f2a7c19bc88
C 258
R
P 0x7f2a7c191628
C 342
R
P 0x7f2a7c191628
P 0x7f2a7c19bc88
C 9
R
P 0x7f2a7c191628
C 342
R
P 0x7f2a7c191628
P 0x7f2a7c19bc88
P 0x7f2a7c19bc88
C 75
= 0x7f2a7c1a1778
R
P 0x7f2a7c191628
C 342
R
P 0x7f2a7c191628
P 0x7f2a7c1a1778
C 258
R
P 0x7f2a7c191628
C 342
R
P 0x7f2a7c191628
P 0x7f2a7c1a1778
C 9
R
P 0x7f2a7c191628
C 342
R
P 0x7f2a7c191628
I 1
P 0x7f2a7c19b208
C 150
= 0x7f2a7c19bc88
R
P 0x7f2a7c191628
C 342
R
P 0x7f2a7c191628
P 0x7f2a7c19bc88
C 258
R
P 0x7f2a7c191628
C 342
R
P 0x7f2a7c191628
P 0x7f2a7c19bc88
C 9
R
P 0x7f2a7c191628
C 342
R
P 0x7f2a7c191628
U 2
P 0x7f2a7c19bc88
P 0x7f2a7c19bc88
p 2
C 67
= 0x7f2a7c1a17b0
R
P 0x7f2a7c191628
C 342
R
P 0x7f2a7c191628
P 0x7f2a7c1a17b0
C 257
R
P 0x7f2a7c191628
C 342
R
P 0x7f2a7c191628
P 0x7f2a7c1a17b0
C 254
= 0x7f2a7c19b208
R
P 0x7f2a7c191628
C 342
R
P 0x7f2a7c191628
P 0x7f2a7c19b208
C 209
R
P 0x7f2a7c191628
C 342
R
P 0x7f2a7c191628
P 0x7f2a7c1a17b0
C 260
R
P 0x7f2a7c191628
C 342
R
P 0x7f2a7c191628
P 0x7f2a7c1a17b0
C 259
R
P 0x7f2a7c191628
C 342
R
P 0x7f2a7c191628
P 0x7f2a7c1a17b0
C 258
R
P 0x7f2a7c191628
C 342
R
P 0x7f2a7c191628
P 0x7f2a7c1a17b0
C 9
R
P 0x7f2a7c191628
C 342
R
P 0x7f2a7c191628
U 2
P 0x7f2a7c19bbe8
P 0x7f2a7c1a17b0
p 2
C 66
= 0x7f2a7c487b70
R
P 0x7f2a7c191628
C 342
R
P 0x7f2a7c191628
P 0x7f2a7c487b70
C 257
R
P 0x7f2a7c191628
C 342
R
P 0x7f2a7c191628
P 0x7f2a7c487b70
C 254
= 0x7f2a7c19b208
R
P 0x7f2a7c191628
C 342
R
P 0x7f2a7c191628
P 0x7f2a7c19b208
C 209
R
P 0x7f2a7c191628
C 342
R
P 0x7f2a7c191628
P 0x7f2a7c487b70
C 260
R
P 0x7f2a7c191628
C 342
R
P 0x7f2a7c191628
P 0x7f2a7c487b70
C 259
R
P 0x7f2a7c191628
C 342
R
P 0x7f2a7c191628
P 0x7f2a7c487b70
C 258
R
P 0x7f2a7c191628
C 342
R
P 0x7f2a7c191628
P 0x7f2a7c487b70
C 9
R
P 0x7f2a7c191628
C 342
R
P 0x7f2a7c191628
U 2
P 0x7f2a7c19bb88
P 0x7f2a7c487b70
p 2
C 65
= 0x7f2a7c487ba8
R
P 0x7f2a7c191628
C 342
R
P 0x7f2a7c191628
P 0x7f2a7c487ba8
C 257
R
P 0x7f2a7c191628
C 342
R
P 0x7f2a7c191628
P 0x7f2a7c487ba8
C 254
= 0x7f2a7c19b1e8
R
P 0x7f2a7c191628
C 342
R
P 0x7f2a7c191628
P 0x7f2a7c19b1e8
C 209
R
P 0x7f2a7c191628
C 342
R
P 0x7f2a7c191628
P 0x7f2a7c487ba8
C 260
R
P 0x7f2a7c191628
C 342
R
P 0x7f2a7c191628
P 0x7f2a7c487ba8
C 259
R
P 0x7f2a7c191628
C 342
R
P 0x7f2a7c191628
P 0x7f2a7c487ba8
C 258
R
P 0x7f2a7c191628
C 342
R
P 0x7f2a7c191628
P 0x7f2a7c487ba8
C 9
R
P 0x7f2a7c191628
C 342
R
P 0x7f2a7c191628
P 0x7f2a7c1a1778
P 0x7f2a7c487ba8
P 0x7f2a7c19bb88
C 59
= 0x7f2a7c19fa48
R
P 0x7f2a7c191628
C 342
R
P 0x7f2a7c191628
P 0x7f2a7c19fa48
C 257
R
P 0x7f2a7c191628
C 342
R
P 0x7f2a7c191628
P 0x7f2a7c19fa48
C 254
= 0x7f2a7c19b1e8
R
P 0x7f2a7c191628
C 342
R
P 0x7f2a7c191628
P 0x7f2a7c19b1e8
C 209
R
P 0x7f2a7c191628
C 342
R
P 0x7f2a7c191628
P 0x7f2a7c19fa48
C 260
R
P 0x7f2a7c191628
C 342
R
P 0x7f2a7c191628
P 0x7f2a7c19fa48
C 259
R
P 0x7f2a7c191628
C 342
R
P 0x7f2a7c191628
P 0x7f2a7c19fa48
C 258
R
P 0x7f2a7c191628
C 342
R
P 0x7f2a7c191628
P 0x7f2a7c19fa48
C 9
R
P 0x7f2a7c191628
C 342
R
P 0x7f2a7c191628
U 2
P 0x7f2a7c487908
P 0x7f2a7c19fa48
p 2
C 65
= 0x7f2a7c487be0
R
P 0x7f2a7c191628
C 342
R
P 0x7f2a7c191628
P 0x7f2a7c487be0
C 257
R
P 0x7f2a7c191628
C 342
R
P 0x7f2a7c191628
P 0x7f2a7c487be0
C 254
= 0x7f2a7c19b1e8
R
P 0x7f2a7c191628
C 342
R
P 0x7f2a7c191628
P 0x7f2a7c19b1e8
C 209
R
P 0x7f2a7c191628
C 342
R
P 0x7f2a7c191628
P 0x7f2a7c487be0
C 260
R
P 0x7f2a7c191628
C 342
R
P 0x7f2a7c191628
P 0x7f2a7c487be0
C 259
R
P 0x7f2a7c191628
C 342
R
P 0x7f2a7c191628
P 0x7f2a7c487be0
C 258
R
P 0x7f2a7c191628
C 342
R
P 0x7f2a7c191628
P 0x7f2a7c487be0
C 9
R
P 0x7f2a7c191628
C 342
R
P 0x7f2a7c191628
P 0x7f2a7c19c248
P 0x7f2a7c487be0
C 74
= 0x7f2a7c48b880
R
P 0x7f2a7c191628
C 342
R
P 0x7f2a7c191628
P 0x7f2a7c48b880
C 258
R
P 0x7f2a7c191628
C 342
R
P 0x7f2a7c191628
P 0x7f2a7c48b880
C 9
R
P 0x7f2a7c191628
C 342
R
P 0x7f2a7c191628
I 4
P 0x7f2a7c19b208
C 150
= 0x7f2a7c19c028
R
P 0x7f2a7c191628
C 342
R
P 0x7f2a7c191628
P 0x7f2a7c19c028
C 258
R
P 0x7f2a7c191628
C 342
R
P 0x7f2a7c191628
P 0x7f2a7c19c028
C 9
R
P 0x7f2a7c191628
C 342
R
P 0x7f2a7c191628
P 0x7f2a7c19c028
C 263
R
P 0x7f2a7c191628
C 342
R
P 0x7f2a7c191628
S "dev0T34"
C 30
R
P 0x7f2a7c191628
C 342
R
P 0x7f2a7c191628
$ |dev0T34|
C 202
R
P 0x7f2a7c191628
C 342
R
P 0x7f2a7c191628
$ |dev0T34|
P 0x7f2a7c19b1e8
C 51
= 0x7f2a7c19c248
R
P 0x7f2a7c191628
C 342
R
P 0x7f2a7c191628
P 0x7f2a7c19c248
C 257
R
P 0x7f2a7c191628
C 342
R
P 0x7f2a7c191628
P 0x7f2a7c19c248
C 254
= 0x7f2a7c19b1e8
R
P 0x7f2a7c191628
C 342
R
P 0x7f2a7c191628
P 0x7f2a7c19b1e8
C 209
R
P 0x7f2a7c191628
C 342
R
P 0x7f2a7c191628
P 0x7f2a7c19c248
C 260
R
P 0x7f2a7c191628
C 342
R
P 0x7f2a7c191628
P 0x7f2a7c19c248
C 259
R
P 0x7f2a7c191628
C 342
R
P 0x7f2a7c191628
P 0x7f2a7c19c248
C 258
R
P 0x7f2a7c191628
C 342
R
P 0x7f2a7c191628
P 0x7f2a7c19c248
C 9
R
P 0x7f2a7c191628
C 342
R
P 0x7f2a7c191628
P 0x7f2a7c19bc68
C 333
R
P 0x7f2a7c191628
C 342
R
P 0x7f2a7c191628
S "slotflowPriorityStart"
C 30
R
P 0x7f2a7c191628
C 342
R
P 0x7f2a7c191628
$ |slotflowPriorityStart|
C 202
R
P 0x7f2a7c191628
C 342
R
P 0x7f2a7c191628
$ |slotflowPriorityStart|
P 0x7f2a7c19b1e8
C 51
= 0x7f2a7c19c2a8
R
P 0x7f2a7c191628
C 342
R
P 0x7f2a7c191628
P 0x7f2a7c19c2a8
C 257
R
P 0x7f2a7c191628
C 342
R
P 0x7f2a7c191628
P 0x7f2a7c19c2a8
C 254
= 0x7f2a7c19b1e8
R
P 0x7f2a7c191628
C 342
R
P 0x7f2a7c191628
P 0x7f2a7c19b1e8
C 209
R
P 0x7f2a7c191628
C 342
R
P 0x7f2a7c191628
P 0x7f2a7c19c2a8
C 260
R
P 0x7f2a7c191628
C 342
R
P 0x7f2a7c191628
P 0x7f2a7c19c2a8
C 259
R
P 0x7f2a7c191628
C 342
R
P 0x7f2a7c191628
P 0x7f2a7c19c2a8
C 258
R
P 0x7f2a7c191628
C 342
R
P 0x7f2a7c191628
P 0x7f2a7c19c2a8
C 9
R
P 0x7f2a7c191628
C 342
R
P 0x7f2a7c191628
I 0
P 0x7f2a7c19b208
C 150
= 0x7f2a7c19bd08
R
P 0x7f2a7c191628
C 342
R
P 0x7f2a7c191628
P 0x7f2a7c19bd08
C 258
R
P 0x7f2a7c191628
C 342
R
P 0x7f2a7c191628
P 0x7f2a7c19bd08
C 9
R
P 0x7f2a7c191628
C 342
R
P 0x7f2a7c191628
I 1
P 0x7f2a7c19b208
C 150
= 0x7f2a7c19bc88
R
P 0x7f2a7c191628
C 342
R
P 0x7f2a7c191628
P 0x7f2a7c19bc88
C 258
R
P 0x7f2a7c191628
C 342
R
P 0x7f2a7c191628
P 0x7f2a7c19bc88
C 9
R
P 0x7f2a7c191628
C 342
R
P 0x7f2a7c191628
P 0x7f2a7c19bd08
P 0x7f2a7c19bc88
C 75
= 0x7f2a7c486fa0
R
P 0x7f2a7c191628
C 342
R
P 0x7f2a7c191628
P 0x7f2a7c486fa0
C 258
R
P 0x7f2a7c191628
C 342
R
P 0x7f2a7c191628
P 0x7f2a7c486fa0
C 9
R
P 0x7f2a7c191628
C 342
R
P 0x7f2a7c191628
I 1
P 0x7f2a7c19b208
C 150
= 0x7f2a7c19bc88
R
P 0x7f2a7c191628
C 342
R
P 0x7f2a7c191628
P 0x7f2a7c19bc88
C 258
R
P 0x7f2a7c191628
C 342
R
P 0x7f2a7c191628
P 0x7f2a7c19bc88
C 9
R
P 0x7f2a7c191628
C 342
R
P 0x7f2a7c191628
U 2
P 0x7f2a7c19bd08
P 0x7f2a7c19bc88
p 2
C 67
= 0x7f2a7c486fd8
R
P 0x7f2a7c191628
C 342
R
P 0x7f2a7c191628
P 0x7f2a7c486fd8
C 257
R
P 0x7f2a7c191628
C 342
R
P 0x7f2a7c191628
P 0x7f2a7c486fd8
C 254
= 0x7f2a7c19b208
R
P 0x7f2a7c191628
C 342
R
P 0x7f2a7c191628
P 0x7f2a7c19b208
C 209
R
P 0x7f2a7c191628
C 342
R
P 0x7f2a7c191628
P 0x7f2a7c486fd8
C 260
R
P 0x7f2a7c191628
C 342
R
P 0x7f2a7c191628
P 0x7f2a7c486fd8
C 259
R
P 0x7f2a7c191628
C 342
R
P 0x7f2a7c191628
P 0x7f2a7c486fd8
C 258
R
P 0x7f2a7c191628
C 342
R
P 0x7f2a7c191628
P 0x7f2a7c486fd8
C 9
R
P 0x7f2a7c191628
C 342
R
P 0x7f2a7c191628
U 2
P 0x7f2a7c19bbe8
P 0x7f2a7c486fd8
p 2
C 66
= 0x7f2a7c487940
R
P 0x7f2a7c191628
C 342
R
P 0x7f2a7c191628
P 0x7f2a7c487940
C 257
R
P 0x7f2a7c191628
C 342
R
P 0x7f2a7c191628
P 0x7f2a7c487940
C 254
= 0x7f2a7c19b208
R
P 0x7f2a7c191628
C 342
R
P 0x7f2a7c191628
P 0x7f2a7c19b208
C 209
R
P 0x7f2a7c191628
C 342
R
P 0x7f2a7c191628
P 0x7f2a7c487940
C 260
R
P 0x7f2a7c191628
C 342
R
P 0x7f2a7c191628
P 0x7f2a7c487940
C 259
R
P 0x7f2a7c191628
C 342
R
P 0x7f2a7c191628
P 0x7f2a7c487940
C 258
R
P 0x7f2a7c191628
C 342
R
P 0x7f2a7c191628
P 0x7f2a7c487940
C 9
R
P 0x7f2a7c191628
C 342
R
P 0x7f2a7c191628
U 2
P 0x7f2a7c19bb88
P 0x7f2a7c487940
p 2
C 65
= 0x7f2a7c487978
R
P 0x7f2a7c191628
C 342
R
P 0x7f2a7c191628
P 0x7f2a7c487978
C 257
R
P 0x7f2a7c191628
C 342
R
P 0x7f2a7c191628
P 0x7f2a7c487978
C 254
= 0x7f2a7c19b1e8
R
P 0x7f2a7c191628
C 342
R
P 0x7f2a7c191628
P 0x7f2a7c19b1e8
C 209
R
P 0x7f2a7c191628
C 342
R
P 0x7f2a7c191628
P 0x7f2a7c487978
C 260
R
P 0x7f2a7c191628
C 342
R
P 0x7f2a7c191628
P 0x7f2a7c487978
C 259
R
P 0x7f2a7c191628
C 342
R
P 0x7f2a7c191628
P 0x7f2a7c487978
C 258
R
P 0x7f2a7c191628
C 342
R
P 0x7f2a7c191628
P 0x7f2a7c487978
C 9
R
P 0x7f2a7c191628
C 342
R
P 0x7f2a7c191628
P 0x7f2a7c486fa0
P 0x7f2a7c487978
P 0x7f2a7c19bb88
C 59
= 0x7f2a7c19fa08
R
P 0x7f2a7c191628
C 342
R
P 0x7f2a7c191628
P 0x7f2a7c19fa08
C 257
R
P 0x7f2a7c191628
C 342
R
P 0x7f2a7c191628
P 0x7f2a7c19fa08
C 254
= 0x7f2a7c19b1e8
R
P 0x7f2a7c191628
C 342
R
P 0x7f2a7c191628
P 0x7f2a7c19b1e8
C 209
R
P 0x7f2a7c191628
C 342
R
P 0x7f2a7c191628
P 0x7f2a7c19fa08
C 260
R
P 0x7f2a7c191628
C 342
R
P 0x7f2a7c191628
P 0x7f2a7c19fa08
C 259
R
P 0x7f2a7c191628
C 342
R
P 0x7f2a7c191628
P 0x7f2a7c19fa08
C 258
R
P 0x7f2a7c191628
C 342
R
P 0x7f2a7c191628
P 0x7f2a7c19fa08
C 9
R
P 0x7f2a7c191628
C 342
R
P 0x7f2a7c191628
U 2
P 0x7f2a7c19c2a8
P 0x7f2a7c19fa08
p 2
C 65
= 0x7f2a7c487a58
R
P 0x7f2a7c191628
C 342
R
P 0x7f2a7c191628
P 0x7f2a7c487a58
C 257
R
P 0x7f2a7c191628
C 342
R
P 0x7f2a7c191628
P 0x7f2a7c487a58
C 254
= 0x7f2a7c19b1e8
R
P 0x7f2a7c191628
C 342
R
P 0x7f2a7c191628
P 0x7f2a7c19b1e8
C 209
R
P 0x7f2a7c191628
C 342
R
P 0x7f2a7c191628
P 0x7f2a7c487a58
C 260
R
P 0x7f2a7c191628
C 342
R
P 0x7f2a7c191628
P 0x7f2a7c487a58
C 259
R
P 0x7f2a7c191628
C 342
R
P 0x7f2a7c191628
P 0x7f2a7c487a58
C 258
R
P 0x7f2a7c191628
C 342
R
P 0x7f2a7c191628
P 0x7f2a7c487a58
C 9
R
P 0x7f2a7c191628
C 342
R
P 0x7f2a7c191628
U 2
P 0x7f2a7c487a58
P 0x7f2a7c19bb68
p 2
C 65
= 0x7f2a7c4896b0
R
P 0x7f2a7c191628
C 342
R
P 0x7f2a7c191628
P 0x7f2a7c4896b0
C 257
R
P 0x7f2a7c191628
C 342
R
P 0x7f2a7c191628
P 0x7f2a7c4896b0
C 254
= 0x7f2a7c19b1e8
R
P 0x7f2a7c191628
C 342
R
P 0x7f2a7c191628
P 0x7f2a7c19b1e8
C 209
R
P 0x7f2a7c191628
C 342
R
P 0x7f2a7c191628
P 0x7f2a7c4896b0
C 260
R
P 0x7f2a7c191628
C 342
R
P 0x7f2a7c191628
P 0x7f2a7c4896b0
C 259
R
P 0x7f2a7c191628
C 342
R
P 0x7f2a7c191628
P 0x7f2a7c4896b0
C 258
R
P 0x7f2a7c191628
C 342
R
P 0x7f2a7c191628
P 0x7f2a7c4896b0
C 9
R
P 0x7f2a7c191628
C 342
R
P 0x7f2a7c191628
P 0x7f2a7c19c248
P 0x7f2a7c4896b0
C 56
= 0x7f2a7c48dc10
R
P 0x7f2a7c191628
C 342
R
P 0x7f2a7c191628
P 0x7f2a7c48dc10
C 258
R
P 0x7f2a7c191628
C 342
R
P 0x7f2a7c191628
P 0x7f2a7c48dc10
C 9
R
P 0x7f2a7c191628
C 342
R
P 0x7f2a7c191628
U 2
P 0x7f2a7c48b880
P 0x7f2a7c48dc10
p 2
C 63
= 0x7f2a7c48dc48
R
P 0x7f2a7c191628
C 342
R
P 0x7f2a7c191628
P 0x7f2a7c48dc48
C 258
R
P 0x7f2a7c191628
C 342
R
P 0x7f2a7c191628
P 0x7f2a7c48dc48
C 9
R
P 0x7f2a7c191628
C 342
R
P 0x7f2a7c191628
P 0x7f2a7c48dbd8
P 0x7f2a7c48dc48
C 61
= 0x7f2a7c48dc80
R
P 0x7f2a7c191628
C 342
R
P 0x7f2a7c191628
P 0x7f2a7c48dc80
C 258
R
P 0x7f2a7c191628
C 342
R
P 0x7f2a7c191628
P 0x7f2a7c48dc80
C 9
R
P 0x7f2a7c191628
C 342
R
P 0x7f2a7c191628
P 0x7f2a7c1e1fc8
P 0x7f2a7c48dc80
C 427
R
P 0x7f2a7c191628
C 342
R
P 0x7f2a7c191628
I 4
P 0x7f2a7c19b208
C 150
= 0x7f2a7c19c028
R
P 0x7f2a7c191628
C 342
R
P 0x7f2a7c191628
P 0x7f2a7c19c028
C 258
R
P 0x7f2a7c191628
C 342
R
P 0x7f2a7c191628
P 0x7f2a7c19c028
C 9
R
P 0x7f2a7c191628
C 342
R
P 0x7f2a7c191628
I 1
P 0x7f2a7c19b208
C 150
= 0x7f2a7c19bc88
R
P 0x7f2a7c191628
C 342
R
P 0x7f2a7c191628
P 0x7f2a7c19bc88
C 258
R
P 0x7f2a7c191628
C 342
R
P 0x7f2a7c191628
P 0x7f2a7c19bc88
C 9
R
P 0x7f2a7c191628
C 342
R
P 0x7f2a7c191628
P 0x7f2a7c19c028
P 0x7f2a7c19bc88
C 75
= 0x7f2a7c487390
R
P 0x7f2a7c191628
C 342
R
P 0x7f2a7c191628
P 0x7f2a7c487390
C 258
R
P 0x7f2a7c191628
C 342
R
P 0x7f2a7c191628
P 0x7f2a7c487390
C 9
R
P 0x7f2a7c191628
C 342
R
P 0x7f2a7c191628
I 1
P 0x7f2a7c19b208
C 150
= 0x7f2a7c19bc88
R
P 0x7f2a7c191628
C 342
R
P 0x7f2a7c191628
P 0x7f2a7c19bc88
C 258
R
P 0x7f2a7c191628
C 342
R
P 0x7f2a7c191628
P 0x7f2a7c19bc88
C 9
R
P 0x7f2a7c191628
C 342
R
P 0x7f2a7c191628
U 2
P 0x7f2a7c19c028
P 0x7f2a7c19bc88
p 2
C 67
= 0x7f2a7c4873c8
R
P 0x7f2a7c191628
C 342
R
P 0x7f2a7c191628
P 0x7f2a7c4873c8
C 257
R
P 0x7f2a7c191628
C 342
R
P 0x7f2a7c191628
P 0x7f2a7c4873c8
C 254
= 0x7f2a7c19b208
R
P 0x7f2a7c191628
C 342
R
P 0x7f2a7c191628
P 0x7f2a7c19b208
C 209
R
P 0x7f2a7c191628
C 342
R
P 0x7f2a7c191628
P 0x7f2a7c4873c8
C 260
R
P 0x7f2a7c191628
C 342
R
P 0x7f2a7c191628
P 0x7f2a7c4873c8
C 259
R
P 0x7f2a7c191628
C 342
R
P 0x7f2a7c191628
P 0x7f2a7c4873c8
C 258
R
P 0x7f2a7c191628
C 342
R
P 0x7f2a7c191628
P 0x7f2a7c4873c8
C 9
R
P 0x7f2a7c191628
C 342
R
P 0x7f2a7c191628
U 2
P 0x7f2a7c19bba8
P 0x7f2a7c4873c8
p 2
C 66
= 0x7f2a7c487400
R
P 0x7f2a7c191628
C 342
R
P 0x7f2a7c191628
P 0x7f2a7c487400
C 257
R
P 0x7f2a7c191628
C 342
R
P 0x7f2a7c191628
P 0x7f2a7c487400
C 254
= 0x7f2a7c19b1e8
R
P 0x7f2a7c191628
C 342
R
P 0x7f2a7c191628
P 0x7f2a7c19b1e8
C 209
R
P 0x7f2a7c191628
C 342
R
P 0x7f2a7c191628
P 0x7f2a7c487400
C 260
R
P 0x7f2a7c191628
C 342
R
P 0x7f2a7c191628
P 0x7f2a7c487400
C 259
R
P 0x7f2a7c191628
C 342
R
P 0x7f2a7c191628
P 0x7f2a7c487400
C 258
R
P 0x7f2a7c191628
C 342
R
P 0x7f2a7c191628
P 0x7f2a7c487400
C 9
R
P 0x7f2a7c191628
C 342
R
P 0x7f2a7c191628
U 2
P 0x7f2a7c19bc28
P 0x7f2a7c487400
p 2
C 65
= 0x7f2a7c487438
R
P 0x7f2a7c191628
C 342
R
P 0x7f2a7c191628
P 0x7f2a7c487438
C 257
R
P 0x7f2a7c191628
C 342
R
P 0x7f2a7c191628
P 0x7f2a7c487438
C 254
= 0x7f2a7c19b1e8
R
P 0x7f2a7c191628
C 342
R
P 0x7f2a7c191628
P 0x7f2a7c19b1e8
C 209
R
P 0x7f2a7c191628
C 342
R
P 0x7f2a7c191628
P 0x7f2a7c487438
C 260
R
P 0x7f2a7c191628
C 342
R
P 0x7f2a7c191628
P 0x7f2a7c487438
C 259
R
P 0x7f2a7c191628
C 342
R
P 0x7f2a7c191628
P 0x7f2a7c487438
C 258
R
P 0x7f2a7c191628
C 342
R
P 0x7f2a7c191628
P 0x7f2a7c487438
C 9
R
P 0x7f2a7c191628
C 342
R
P 0x7f2a7c191628
P 0x7f2a7c487390
P 0x7f2a7c487438
P 0x7f2a7c19bc28
C 59
= 0x7f2a7c19f9c8
R
P 0x7f2a7c191628
C 342
R
P 0x7f2a7c191628
P 0x7f2a7c19f9c8
C 257
R
P 0x7f2a7c191628
C 342
R
P 0x7f2a7c191628
P 0x7f2a7c19f9c8
C 254
= 0x7f2a7c19b1e8
R
P 0x7f2a7c191628
C 342
R
P 0x7f2a7c191628
P 0x7f2a7c19b1e8
C 209
R
P 0x7f2a7c191628
C 342
R
P 0x7f2a7c191628
P 0x7f2a7c19f9c8
C 260
R
P 0x7f2a7c191628
C 342
R
P 0x7f2a7c191628
P 0x7f2a7c19f9c8
C 259
R
P 0x7f2a7c191628
C 342
R
P 0x7f2a7c191628
P 0x7f2a7c19f9c8
C 258
R
P 0x7f2a7c191628
C 342
R
P 0x7f2a7c191628
P 0x7f2a7c19f9c8
C 9
R
P 0x7f2a7c191628
C 342
R
P 0x7f2a7c191628
U 2
P 0x7f2a7c19f9c8
P 0x7f2a7c19bb48
p 2
C 65
= 0x7f2a7c487470
R
P 0x7f2a7c191628
C 342
R
P 0x7f2a7c191628
P 0x7f2a7c487470
C 257
R
P 0x7f2a7c191628
C 342
R
P 0x7f2a7c191628
P 0x7f2a7c487470
C 254
= 0x7f2a7c19b1e8
R
P 0x7f2a7c191628
C 342
R
P 0x7f2a7c191628
P 0x7f2a7c19b1e8
C 209
R
P 0x7f2a7c191628
C 342
R
P 0x7f2a7c191628
P 0x7f2a7c487470
C 260
R
P 0x7f2a7c191628
C 342
R
P 0x7f2a7c191628
P 0x7f2a7c487470
C 259
R
P 0x7f2a7c191628
C 342
R
P 0x7f2a7c191628
P 0x7f2a7c487470
C 258
R
P 0x7f2a7c191628
C 342
R
P 0x7f2a7c191628
P 0x7f2a7c487470
C 9
R
P 0x7f2a7c191628
C 342
R
P 0x7f2a7c191628
P 0x7f2a7c19bc68
C 333
R
P 0x7f2a7c191628
C 342
R
P 0x7f2a7c191628
S "slotflowPriorityStart"
C 30
R
P 0x7f2a7c191628
C 342
R
P 0x7f2a7c191628
$ |slotflowPriorityStart|
C 202
R
P 0x7f2a7c191628
C 342
R
P 0x7f2a7c191628
$ |slotflowPriorityStart|
P 0x7f2a7c19b1e8
C 51
= 0x7f2a7c19c2a8
R
P 0x7f2a7c191628
C 342
R
P 0x7f2a7c191628
P 0x7f2a7c19c2a8
C 257
R
P 0x7f2a7c191628
C 342
R
P 0x7f2a7c191628
P 0x7f2a7c19c2a8
C 254
= 0x7f2a7c19b1e8
R
P 0x7f2a7c191628
C 342
R
P 0x7f2a7c191628
P 0x7f2a7c19b1e8
C 209
R
P 0x7f2a7c191628
C 342
R
P 0x7f2a7c191628
P 0x7f2a7c19c2a8
C 260
R
P 0x7f2a7c191628
C 342
R
P 0x7f2a7c191628
P 0x7f2a7c19c2a8
C 259
R
P 0x7f2a7c191628
C 342
R
P 0x7f2a7c191628
P 0x7f2a7c19c2a8
C 258
R
P 0x7f2a7c191628
C 342
R
P 0x7f2a7c191628
P 0x7f2a7c19c2a8
C 9
R
P 0x7f2a7c191628
C 342
R
P 0x7f2a7c191628
P 0x7f2a7c19bc68
C 333
R
P 0x7f2a7c191628
C 342
R
P 0x7f2a7c191628
S "slotflowPriorityDuration"
C 30
R
P 0x7f2a7c191628
C 342
R
P 0x7f2a7c191628
$ |slotflowPriorityDuration|
C 202
R
P 0x7f2a7c191628
C 342
R
P 0x7f2a7c191628
$ |slotflowPriorityDuration|
P 0x7f2a7c19b1e8
C 51
= 0x7f2a7c19c268
R
P 0x7f2a7c191628
C 342
R
P 0x7f2a7c191628
P 0x7f2a7c19c268
C 257
R
P 0x7f2a7c191628
C 342
R
P 0x7f2a7c191628
P 0x7f2a7c19c268
C 254
= 0x7f2a7c19b1e8
R
P 0x7f2a7c191628
C 342
R
P 0x7f2a7c191628
P 0x7f2a7c19b1e8
C 209
R
P 0x7f2a7c191628
C 342
R
P 0x7f2a7c191628
P 0x7f2a7c19c268
C 260
R
P 0x7f2a7c191628
C 342
R
P 0x7f2a7c191628
P 0x7f2a7c19c268
C 259
R
P 0x7f2a7c191628
C 342
R
P 0x7f2a7c191628
P 0x7f2a7c19c268
C 258
R
P 0x7f2a7c191628
C 342
R
P 0x7f2a7c191628
P 0x7f2a7c19c268
C 9
R
P 0x7f2a7c191628
C 342
R
P 0x7f2a7c191628
U 2
P 0x7f2a7c19c2a8
P 0x7f2a7c19c268
p 2
C 65
= 0x7f2a7c487908
R
P 0x7f2a7c191628
C 342
R
P 0x7f2a7c191628
P 0x7f2a7c487908
C 257
R
P 0x7f2a7c191628
C 342
R
P 0x7f2a7c191628
P 0x7f2a7c487908
C 254
= 0x7f2a7c19b1e8
R
P 0x7f2a7c191628
C 342
R
P 0x7f2a7c191628
P 0x7f2a7c19b1e8
C 209
R
P 0x7f2a7c191628
C 342
R
P 0x7f2a7c191628
P 0x7f2a7c487908
C 260
R
P 0x7f2a7c191628
C 342
R
P 0x7f2a7c191628
P 0x7f2a7c487908
C 259
R
P 0x7f2a7c191628
C 342
R
P 0x7f2a7c191628
P 0x7f2a7c487908
C 258
R
P 0x7f2a7c191628
C 342
R
P 0x7f2a7c191628
P 0x7f2a7c487908
C 9
R
P 0x7f2a7c191628
C 342
R
P 0x7f2a7c191628
I 1
P 0x7f2a7c19b208
C 150
= 0x7f2a7c19bc88
R
P 0x7f2a7c191628
C 342
R
P 0x7f2a7c191628
P 0x7f2a7c19bc88
C 258
R
P 0x7f2a7c191628
C 342
R
P 0x7f2a7c191628
P 0x7f2a7c19bc88
C 9
R
P 0x7f2a7c191628
C 342
R
P 0x7f2a7c191628
I 1
P 0x7f2a7c19b208
C 150
= 0x7f2a7c19bc88
R
P 0x7f2a7c191628
C 342
R
P 0x7f2a7c191628
P 0x7f2a7c19bc88
C 258
R
P 0x7f2a7c191628
C 342
R
P 0x7f2a7c191628
P 0x7f2a7c19bc88
C 9
R
P 0x7f2a7c191628
C 342
R
P 0x7f2a7c191628
P 0x7f2a7c19bc88
P 0x7f2a7c19bc88
C 75
= 0x7f2a7c1a1778
R
P 0x7f2a7c191628
C 342
R
P 0x7f2a7c191628
P 0x7f2a7c1a1778
C 258
R
P 0x7f2a7c191628
C 342
R
P 0x7f2a7c191628
P 0x7f2a7c1a1778
C 9
R
P 0x7f2a7c191628
C 342
R
P 0x7f2a7c191628
I 1
P 0x7f2a7c19b208
C 150
= 0x7f2a7c19bc88
R
P 0x7f2a7c191628
C 342
R
P 0x7f2a7c191628
P 0x7f2a7c19bc88
C 258
R
P 0x7f2a7c191628
C 342
R
P 0x7f2a7c191628
P 0x7f2a7c19bc88
C 9
R
P 0x7f2a7c191628
C 342
R
P 0x7f2a7c191628
U 2
P 0x7f2a7c19bc88
P 0x7f2a7c19bc88
p 2
C 67
= 0x7f2a7c1a17b0
R
P 0x7f2a7c191628
C 342
R
P 0x7f2a7c191628
P 0x7f2a7c1a17b0
C 257
R
P 0x7f2a7c191628
C 342
R
P 0x7f2a7c191628
P 0x7f2a7c1a17b0
C 254
= 0x7f2a7c19b208
R
P 0x7f2a7c191628
C 342
R
P 0x7f2a7c191628
P 0x7f2a7c19b208
C 209
R
P 0x7f2a7c191628
C 342
R
P 0x7f2a7c191628
P 0x7f2a7c1a17b0
C 260
R
P 0x7f2a7c191628
C 342
R
P 0x7f2a7c191628
P 0x7f2a7c1a17b0
C 259
R
P 0x7f2a7c191628
C 342
R
P 0x7f2a7c191628
P 0x7f2a7c1a17b0
C 258
R
P 0x7f2a7c191628
C 342
R
P 0x7f2a7c191628
P 0x7f2a7c1a17b0
C 9
R
P 0x7f2a7c191628
C 342
R
P 0x7f2a7c191628
U 2
P 0x7f2a7c19bbe8
P 0x7f2a7c1a17b0
p 2
C 66
= 0x7f2a7c487b70
R
P 0x7f2a7c191628
C 342
R
P 0x7f2a7c191628
P 0x7f2a7c487b70
C 257
R
P 0x7f2a7c191628
C 342
R
P 0x7f2a7c191628
P 0x7f2a7c487b70
C 254
= 0x7f2a7c19b208
R
P 0x7f2a7c191628
C 342
R
P 0x7f2a7c191628
P 0x7f2a7c19b208
C 209
R
P 0x7f2a7c191628
C 342
R
P 0x7f2a7c191628
P 0x7f2a7c487b70
C 260
R
P 0x7f2a7c191628
C 342
R
P 0x7f2a7c191628
P 0x7f2a7c487b70
C 259
R
P 0x7f2a7c191628
C 342
R
P 0x7f2a7c191628
P 0x7f2a7c487b70
C 258
R
P 0x7f2a7c191628
C 342
R
P 0x7f2a7c191628
P 0x7f2a7c487b70
C 9
R
P 0x7f2a7c191628
C 342
R
P 0x7f2a7c191628
U 2
P 0x7f2a7c19bb88
P 0x7f2a7c487b70
p 2
C 65
= 0x7f2a7c487ba8
R
P 0x7f2a7c191628
C 342
R
P 0x7f2a7c191628
P 0x7f2a7c487ba8
C 257
R
P 0x7f2a7c191628
C 342
R
P 0x7f2a7c191628
P 0x7f2a7c487ba8
C 254
= 0x7f2a7c19b1e8
R
P 0x7f2a7c191628
C 342
R
P 0x7f2a7c191628
P 0x7f2a7c19b1e8
C 209
R
P 0x7f2a7c191628
C 342
R
P 0x7f2a7c191628
P 0x7f2a7c487ba8
C 260
R
P 0x7f2a7c191628
C 342
R
P 0x7f2a7c191628
P 0x7f2a7c487ba8
C 259
R
P 0x7f2a7c191628
C 342
R
P 0x7f2a7c191628
P 0x7f2a7c487ba8
C 258
R
P 0x7f2a7c191628
C 342
R
P 0x7f2a7c191628
P 0x7f2a7c487ba8
C 9
R
P 0x7f2a7c191628
C 342
R
P 0x7f2a7c191628
P 0x7f2a7c1a1778
P 0x7f2a7c487ba8
P 0x7f2a7c19bb88
C 59
= 0x7f2a7c19fa48
R
P 0x7f2a7c191628
C 342
R
P 0x7f2a7c191628
P 0x7f2a7c19fa48
C 257
R
P 0x7f2a7c191628
C 342
R
P 0x7f2a7c191628
P 0x7f2a7c19fa48
C 254
= 0x7f2a7c19b1e8
R
P 0x7f2a7c191628
C 342
R
P 0x7f2a7c191628
P 0x7f2a7c19b1e8
C 209
R
P 0x7f2a7c191628
C 342
R
P 0x7f2a7c191628
P 0x7f2a7c19fa48
C 260
R
P 0x7f2a7c191628
C 342
R
P 0x7f2a7c191628
P 0x7f2a7c19fa48
C 259
R
P 0x7f2a7c191628
C 342
R
P 0x7f2a7c191628
P 0x7f2a7c19fa48
C 258
R
P 0x7f2a7c191628
C 342
R
P 0x7f2a7c191628
P 0x7f2a7c19fa48
C 9
R
P 0x7f2a7c191628
C 342
R
P 0x7f2a7c191628
U 2
P 0x7f2a7c487908
P 0x7f2a7c19fa48
p 2
C 65
= 0x7f2a7c487be0
R
P 0x7f2a7c191628
C 342
R
P 0x7f2a7c191628
P 0x7f2a7c487be0
C 257
R
P 0x7f2a7c191628
C 342
R
P 0x7f2a7c191628
P 0x7f2a7c487be0
C 254
= 0x7f2a7c19b1e8
R
P 0x7f2a7c191628
C 342
R
P 0x7f2a7c191628
P 0x7f2a7c19b1e8
C 209
R
P 0x7f2a7c191628
C 342
R
P 0x7f2a7c191628
P 0x7f2a7c487be0
C 260
R
P 0x7f2a7c191628
C 342
R
P 0x7f2a7c191628
P 0x7f2a7c487be0
C 259
R
P 0x7f2a7c191628
C 342
R
P 0x7f2a7c191628
P 0x7f2a7c487be0
C 258
R
P 0x7f2a7c191628
C 342
R
P 0x7f2a7c191628
P 0x7f2a7c487be0
C 9
R
P 0x7f2a7c191628
C 342
R
P 0x7f2a7c191628
U 2
P 0x7f2a7c487be0
P 0x7f2a7c19bb68
p 2
C 67
= 0x7f2a7c487c18
R
P 0x7f2a7c191628
C 342
R
P 0x7f2a7c191628
P 0x7f2a7c487c18
C 257
R
P 0x7f2a7c191628
C 342
R
P 0x7f2a7c191628
P 0x7f2a7c487c18
C 254
= 0x7f2a7c19b1e8
R
P 0x7f2a7c191628
C 342
R
P 0x7f2a7c191628
P 0x7f2a7c19b1e8
C 209
R
P 0x7f2a7c191628
C 342
R
P 0x7f2a7c191628
P 0x7f2a7c487c18
C 260
R
P 0x7f2a7c191628
C 342
R
P 0x7f2a7c191628
P 0x7f2a7c487c18
C 259
R
P 0x7f2a7c191628
C 342
R
P 0x7f2a7c191628
P 0x7f2a7c487c18
C 258
R
P 0x7f2a7c191628
C 342
R
P 0x7f2a7c191628
P 0x7f2a7c487c18
C 9
R
P 0x7f2a7c191628
C 342
R
P 0x7f2a7c191628
P 0x7f2a7c487470
P 0x7f2a7c487c18
C 75
= 0x7f2a7c48dcb8
R
P 0x7f2a7c191628
C 342
R
P 0x7f2a7c191628
P 0x7f2a7c48dcb8
C 258
R
P 0x7f2a7c191628
C 342
R
P 0x7f2a7c191628
P 0x7f2a7c48dcb8
C 9
R
P 0x7f2a7c191628
C 342
R
P 0x7f2a7c191628
I 4
P 0x7f2a7c19b208
C 150
= 0x7f2a7c19c028
R
P 0x7f2a7c191628
C 342
R
P 0x7f2a7c191628
P 0x7f2a7c19c028
C 258
R
P 0x7f2a7c191628
C 342
R
P 0x7f2a7c191628
P 0x7f2a7c19c028
C 9
R
P 0x7f2a7c191628
C 342
R
P 0x7f2a7c191628
I 1
P 0x7f2a7c19b208
C 150
= 0x7f2a7c19bc88
R
P 0x7f2a7c191628
C 342
R
P 0x7f2a7c191628
P 0x7f2a7c19bc88
C 258
R
P 0x7f2a7c191628
C 342
R
P 0x7f2a7c191628
P 0x7f2a7c19bc88
C 9
R
P 0x7f2a7c191628
C 342
R
P 0x7f2a7c191628
P 0x7f2a7c19c028
P 0x7f2a7c19bc88
C 75
= 0x7f2a7c487390
R
P 0x7f2a7c191628
C 342
R
P 0x7f2a7c191628
P 0x7f2a7c487390
C 258
R
P 0x7f2a7c191628
C 342
R
P 0x7f2a7c191628
P 0x7f2a7c487390
C 9
R
P 0x7f2a7c191628
C 342
R
P 0x7f2a7c191628
I 1
P 0x7f2a7c19b208
C 150
= 0x7f2a7c19bc88
R
P 0x7f2a7c191628
C 342
R
P 0x7f2a7c191628
P 0x7f2a7c19bc88
C 258
R
P 0x7f2a7c191628
C 342
R
P 0x7f2a7c191628
P 0x7f2a7c19bc88
C 9
R
P 0x7f2a7c191628
C 342
R
P 0x7f2a7c191628
U 2
P 0x7f2a7c19c028
P 0x7f2a7c19bc88
p 2
C 67
= 0x7f2a7c4873c8
R
P 0x7f2a7c191628
C 342
R
P 0x7f2a7c191628
P 0x7f2a7c4873c8
C 257
R
P 0x7f2a7c191628
C 342
R
P 0x7f2a7c191628
P 0x7f2a7c4873c8
C 254
= 0x7f2a7c19b208
R
P 0x7f2a7c191628
C 342
R
P 0x7f2a7c191628
P 0x7f2a7c19b208
C 209
R
P 0x7f2a7c191628
C 342
R
P 0x7f2a7c191628
P 0x7f2a7c4873c8
C 260
R
P 0x7f2a7c191628
C 342
R
P 0x7f2a7c191628
P 0x7f2a7c4873c8
C 259
R
P 0x7f2a7c191628
C 342
R
P 0x7f2a7c191628
P 0x7f2a7c4873c8
C 258
R
P 0x7f2a7c191628
C 342
R
P 0x7f2a7c191628
P 0x7f2a7c4873c8
C 9
R
P 0x7f2a7c191628
C 342
R
P 0x7f2a7c191628
U 2
P 0x7f2a7c19bba8
P 0x7f2a7c4873c8
p 2
C 66
= 0x7f2a7c487400
R
P 0x7f2a7c191628
C 342
R
P 0x7f2a7c191628
P 0x7f2a7c487400
C 257
R
P 0x7f2a7c191628
C 342
R
P 0x7f2a7c191628
P 0x7f2a7c487400
C 254
= 0x7f2a7c19b1e8
R
P 0x7f2a7c191628
C 342
R
P 0x7f2a7c191628
P 0x7f2a7c19b1e8
C 209
R
P 0x7f2a7c191628
C 342
R
P 0x7f2a7c191628
P 0x7f2a7c487400
C 260
R
P 0x7f2a7c191628
C 342
R
P 0x7f2a7c191628
P 0x7f2a7c487400
C 259
R
P 0x7f2a7c191628
C 342
R
P 0x7f2a7c191628
P 0x7f2a7c487400
C 258
R
P 0x7f2a7c191628
C 342
R
P 0x7f2a7c191628
P 0x7f2a7c487400
C 9
R
P 0x7f2a7c191628
C 342
R
P 0x7f2a7c191628
U 2
P 0x7f2a7c19bc28
P 0x7f2a7c487400
p 2
C 65
= 0x7f2a7c487438
R
P 0x7f2a7c191628
C 342
R
P 0x7f2a7c191628
P 0x7f2a7c487438
C 257
R
P 0x7f2a7c191628
C 342
R
P 0x7f2a7c191628
P 0x7f2a7c487438
C 254
= 0x7f2a7c19b1e8
R
P 0x7f2a7c191628
C 342
R
P 0x7f2a7c191628
P 0x7f2a7c19b1e8
C 209
R
P 0x7f2a7c191628
C 342
R
P 0x7f2a7c191628
P 0x7f2a7c487438
C 260
R
P 0x7f2a7c191628
C 342
R
P 0x7f2a7c191628
P 0x7f2a7c487438
C 259
R
P 0x7f2a7c191628
C 342
R
P 0x7f2a7c191628
P 0x7f2a7c487438
C 258
R
P 0x7f2a7c191628
C 342
R
P 0x7f2a7c191628
P 0x7f2a7c487438
C 9
R
P 0x7f2a7c191628
C 342
R
P 0x7f2a7c191628
P 0x7f2a7c487390
P 0x7f2a7c487438
P 0x7f2a7c19bc28
C 59
= 0x7f2a7c19f9c8
R
P 0x7f2a7c191628
C 342
R
P 0x7f2a7c191628
P 0x7f2a7c19f9c8
C 257
R
P 0x7f2a7c191628
C 342
R
P 0x7f2a7c191628
P 0x7f2a7c19f9c8
C 254
= 0x7f2a7c19b1e8
R
P 0x7f2a7c191628
C 342
R
P 0x7f2a7c191628
P 0x7f2a7c19b1e8
C 209
R
P 0x7f2a7c191628
C 342
R
P 0x7f2a7c191628
P 0x7f2a7c19f9c8
C 260
R
P 0x7f2a7c191628
C 342
R
P 0x7f2a7c191628
P 0x7f2a7c19f9c8
C 259
R
P 0x7f2a7c191628
C 342
R
P 0x7f2a7c191628
P 0x7f2a7c19f9c8
C 258
R
P 0x7f2a7c191628
C 342
R
P 0x7f2a7c191628
P 0x7f2a7c19f9c8
C 9
R
P 0x7f2a7c191628
C 342
R
P 0x7f2a7c191628
U 2
P 0x7f2a7c19f9c8
P 0x7f2a7c19bb48
p 2
C 65
= 0x7f2a7c487470
R
P 0x7f2a7c191628
C 342
R
P 0x7f2a7c191628
P 0x7f2a7c487470
C 257
R
P 0x7f2a7c191628
C 342
R
P 0x7f2a7c191628
P 0x7f2a7c487470
C 254
= 0x7f2a7c19b1e8
R
P 0x7f2a7c191628
C 342
R
P 0x7f2a7c191628
P 0x7f2a7c19b1e8
C 209
R
P 0x7f2a7c191628
C 342
R
P 0x7f2a7c191628
P 0x7f2a7c487470
C 260
R
P 0x7f2a7c191628
C 342
R
P 0x7f2a7c191628
P 0x7f2a7c487470
C 259
R
P 0x7f2a7c191628
C 342
R
P 0x7f2a7c191628
P 0x7f2a7c487470
C 258
R
P 0x7f2a7c191628
C 342
R
P 0x7f2a7c191628
P 0x7f2a7c487470
C 9
R
P 0x7f2a7c191628
C 342
R
P 0x7f2a7c191628
I 1
P 0x7f2a7c19b208
C 150
= 0x7f2a7c19bc88
R
P 0x7f2a7c191628
C 342
R
P 0x7f2a7c191628
P 0x7f2a7c19bc88
C 258
R
P 0x7f2a7c191628
C 342
R
P 0x7f2a7c191628
P 0x7f2a7c19bc88
C 9
R
P 0x7f2a7c191628
C 342
R
P 0x7f2a7c191628
I 1
P 0x7f2a7c19b208
C 150
= 0x7f2a7c19bc88
R
P 0x7f2a7c191628
C 342
R
P 0x7f2a7c191628
P 0x7f2a7c19bc88
C 258
R
P 0x7f2a7c191628
C 342
R
P 0x7f2a7c191628
P 0x7f2a7c19bc88
C 9
R
P 0x7f2a7c191628
C 342
R
P 0x7f2a7c191628
P 0x7f2a7c19bc88
P 0x7f2a7c19bc88
C 75
= 0x7f2a7c1a1778
R
P 0x7f2a7c191628
C 342
R
P 0x7f2a7c191628
P 0x7f2a7c1a1778
C 258
R
P 0x7f2a7c191628
C 342
R
P 0x7f2a7c191628
P 0x7f2a7c1a1778
C 9
R
P 0x7f2a7c191628
C 342
R
P 0x7f2a7c191628
I 1
P 0x7f2a7c19b208
C 150
= 0x7f2a7c19bc88
R
P 0x7f2a7c191628
C 342
R
P 0x7f2a7c191628
P 0x7f2a7c19bc88
C 258
R
P 0x7f2a7c191628
C 342
R
P 0x7f2a7c191628
P 0x7f2a7c19bc88
C 9
R
P 0x7f2a7c191628
C 342
R
P 0x7f2a7c191628
U 2
P 0x7f2a7c19bc88
P 0x7f2a7c19bc88
p 2
C 67
= 0x7f2a7c1a17b0
R
P 0x7f2a7c191628
C 342
R
P 0x7f2a7c191628
P 0x7f2a7c1a17b0
C 257
R
P 0x7f2a7c191628
C 342
R
P 0x7f2a7c191628
P 0x7f2a7c1a17b0
C 254
= 0x7f2a7c19b208
R
P 0x7f2a7c191628
C 342
R
P 0x7f2a7c191628
P 0x7f2a7c19b208
C 209
R
P 0x7f2a7c191628
C 342
R
P 0x7f2a7c191628
P 0x7f2a7c1a17b0
C 260
R
P 0x7f2a7c191628
C 342
R
P 0x7f2a7c191628
P 0x7f2a7c1a17b0
C 259
R
P 0x7f2a7c191628
C 342
R
P 0x7f2a7c191628
P 0x7f2a7c1a17b0
C 258
R
P 0x7f2a7c191628
C 342
R
P 0x7f2a7c191628
P 0x7f2a7c1a17b0
C 9
R
P 0x7f2a7c191628
C 342
R
P 0x7f2a7c191628
U 2
P 0x7f2a7c19bbe8
P 0x7f2a7c1a17b0
p 2
C 66
= 0x7f2a7c487b70
R
P 0x7f2a7c191628
C 342
R
P 0x7f2a7c191628
P 0x7f2a7c487b70
C 257
R
P 0x7f2a7c191628
C 342
R
P 0x7f2a7c191628
P 0x7f2a7c487b70
C 254
= 0x7f2a7c19b208
R
P 0x7f2a7c191628
C 342
R
P 0x7f2a7c191628
P 0x7f2a7c19b208
C 209
R
P 0x7f2a7c191628
C 342
R
P 0x7f2a7c191628
P 0x7f2a7c487b70
C 260
R
P 0x7f2a7c191628
C 342
R
P 0x7f2a7c191628
P 0x7f2a7c487b70
C 259
R
P 0x7f2a7c191628
C 342
R
P 0x7f2a7c191628
P 0x7f2a7c487b70
C 258
R
P 0x7f2a7c191628
C 342
R
P 0x7f2a7c191628
P 0x7f2a7c487b70
C 9
R
P 0x7f2a7c191628
C 342
R
P 0x7f2a7c191628
U 2
P 0x7f2a7c19bb88
P 0x7f2a7c487b70
p 2
C 65
= 0x7f2a7c487ba8
R
P 0x7f2a7c191628
C 342
R
P 0x7f2a7c191628
P 0x7f2a7c487ba8
C 257
R
P 0x7f2a7c191628
C 342
R
P 0x7f2a7c191628
P 0x7f2a7c487ba8
C 254
= 0x7f2a7c19b1e8
R
P 0x7f2a7c191628
C 342
R
P 0x7f2a7c191628
P 0x7f2a7c19b1e8
C 209
R
P 0x7f2a7c191628
C 342
R
P 0x7f2a7c191628
P 0x7f2a7c487ba8
C 260
R
P 0x7f2a7c191628
C 342
R
P 0x7f2a7c191628
P 0x7f2a7c487ba8
C 259
R
P 0x7f2a7c191628
C 342
R
P 0x7f2a7c191628
P 0x7f2a7c487ba8
C 258
R
P 0x7f2a7c191628
C 342
R
P 0x7f2a7c191628
P 0x7f2a7c487ba8
C 9
R
P 0x7f2a7c191628
C 342
R
P 0x7f2a7c191628
P 0x7f2a7c1a1778
P 0x7f2a7c487ba8
P 0x7f2a7c19bb88
C 59
= 0x7f2a7c19fa48
R
P 0x7f2a7c191628
C 342
R
P 0x7f2a7c191628
P 0x7f2a7c19fa48
C 257
R
P 0x7f2a7c191628
C 342
R
P 0x7f2a7c191628
P 0x7f2a7c19fa48
C 254
= 0x7f2a7c19b1e8
R
P 0x7f2a7c191628
C 342
R
P 0x7f2a7c191628
P 0x7f2a7c19b1e8
C 209
R
P 0x7f2a7c191628
C 342
R
P 0x7f2a7c191628
P 0x7f2a7c19fa48
C 260
R
P 0x7f2a7c191628
C 342
R
P 0x7f2a7c191628
P 0x7f2a7c19fa48
C 259
R
P 0x7f2a7c191628
C 342
R
P 0x7f2a7c191628
P 0x7f2a7c19fa48
C 258
R
P 0x7f2a7c191628
C 342
R
P 0x7f2a7c191628
P 0x7f2a7c19fa48
C 9
R
P 0x7f2a7c191628
C 342
R
P 0x7f2a7c191628
U 2
P 0x7f2a7c19fa48
P 0x7f2a7c19bbe8
p 2
C 65
= 0x7f2a7c48bf80
R
P 0x7f2a7c191628
C 342
R
P 0x7f2a7c191628
P 0x7f2a7c48bf80
C 257
R
P 0x7f2a7c191628
C 342
R
P 0x7f2a7c191628
P 0x7f2a7c48bf80
C 254
= 0x7f2a7c19b1e8
R
P 0x7f2a7c191628
C 342
R
P 0x7f2a7c191628
P 0x7f2a7c19b1e8
C 209
R
P 0x7f2a7c191628
C 342
R
P 0x7f2a7c191628
P 0x7f2a7c48bf80
C 260
R
P 0x7f2a7c191628
C 342
R
P 0x7f2a7c191628
P 0x7f2a7c48bf80
C 259
R
P 0x7f2a7c191628
C 342
R
P 0x7f2a7c191628
P 0x7f2a7c48bf80
C 258
R
P 0x7f2a7c191628
C 342
R
P 0x7f2a7c191628
P 0x7f2a7c48bf80
C 9
R
P 0x7f2a7c191628
C 342
R
P 0x7f2a7c191628
P 0x7f2a7c487470
P 0x7f2a7c48bf80
C 74
= 0x7f2a7c48dcf0
R
P 0x7f2a7c191628
C 342
R
P 0x7f2a7c191628
P 0x7f2a7c48dcf0
C 258
R
P 0x7f2a7c191628
C 342
R
P 0x7f2a7c191628
P 0x7f2a7c48dcf0
C 9
R
P 0x7f2a7c191628
C 342
R
P 0x7f2a7c191628
U 2
P 0x7f2a7c48dcb8
P 0x7f2a7c48dcf0
p 2
C 63
= 0x7f2a7c48dd28
R
P 0x7f2a7c191628
C 342
R
P 0x7f2a7c191628
P 0x7f2a7c48dd28
C 258
R
P 0x7f2a7c191628
C 342
R
P 0x7f2a7c191628
P 0x7f2a7c48dd28
C 9
R
P 0x7f2a7c191628
C 342
R
P 0x7f2a7c191628
I 4
P 0x7f2a7c19b208
C 150
= 0x7f2a7c19c028
R
P 0x7f2a7c191628
C 342
R
P 0x7f2a7c191628
P 0x7f2a7c19c028
C 258
R
P 0x7f2a7c191628
C 342
R
P 0x7f2a7c191628
P 0x7f2a7c19c028
C 9
R
P 0x7f2a7c191628
C 342
R
P 0x7f2a7c191628
P 0x7f2a7c19c028
C 263
R
P 0x7f2a7c191628
C 342
R
P 0x7f2a7c191628
S "dev0T34"
C 30
R
P 0x7f2a7c191628
C 342
R
P 0x7f2a7c191628
$ |dev0T34|
C 202
R
P 0x7f2a7c191628
C 342
R
P 0x7f2a7c191628
$ |dev0T34|
P 0x7f2a7c19b1e8
C 51
= 0x7f2a7c19c248
R
P 0x7f2a7c191628
C 342
R
P 0x7f2a7c191628
P 0x7f2a7c19c248
C 257
R
P 0x7f2a7c191628
C 342
R
P 0x7f2a7c191628
P 0x7f2a7c19c248
C 254
= 0x7f2a7c19b1e8
R
P 0x7f2a7c191628
C 342
R
P 0x7f2a7c191628
P 0x7f2a7c19b1e8
C 209
R
P 0x7f2a7c191628
C 342
R
P 0x7f2a7c191628
P 0x7f2a7c19c248
C 260
R
P 0x7f2a7c191628
C 342
R
P 0x7f2a7c191628
P 0x7f2a7c19c248
C 259
R
P 0x7f2a7c191628
C 342
R
P 0x7f2a7c191628
P 0x7f2a7c19c248
C 258
R
P 0x7f2a7c191628
C 342
R
P 0x7f2a7c191628
P 0x7f2a7c19c248
C 9
R
P 0x7f2a7c191628
C 342
R
P 0x7f2a7c191628
P 0x7f2a7c19bc68
C 333
R
P 0x7f2a7c191628
C 342
R
P 0x7f2a7c191628
S "slotflowPriorityStart"
C 30
R
P 0x7f2a7c191628
C 342
R
P 0x7f2a7c191628
$ |slotflowPriorityStart|
C 202
R
P 0x7f2a7c191628
C 342
R
P 0x7f2a7c191628
$ |slotflowPriorityStart|
P 0x7f2a7c19b1e8
C 51
= 0x7f2a7c19c2a8
R
P 0x7f2a7c191628
C 342
R
P 0x7f2a7c191628
P 0x7f2a7c19c2a8
C 257
R
P 0x7f2a7c191628
C 342
R
P 0x7f2a7c191628
P 0x7f2a7c19c2a8
C 254
= 0x7f2a7c19b1e8
R
P 0x7f2a7c191628
C 342
R
P 0x7f2a7c191628
P 0x7f2a7c19b1e8
C 209
R
P 0x7f2a7c191628
C 342
R
P 0x7f2a7c191628
P 0x7f2a7c19c2a8
C 260
R
P 0x7f2a7c191628
C 342
R
P 0x7f2a7c191628
P 0x7f2a7c19c2a8
C 259
R
P 0x7f2a7c191628
C 342
R
P 0x7f2a7c191628
P 0x7f2a7c19c2a8
C 258
R
P 0x7f2a7c191628
C 342
R
P 0x7f2a7c191628
P 0x7f2a7c19c2a8
C 9
R
P 0x7f2a7c191628
C 342
R
P 0x7f2a7c191628
P 0x7f2a7c19bc68
C 333
R
P 0x7f2a7c191628
C 342
R
P 0x7f2a7c191628
S "slotflowPriorityDuration"
C 30
R
P 0x7f2a7c191628
C 342
R
P 0x7f2a7c191628
$ |slotflowPriorityDuration|
C 202
R
P 0x7f2a7c191628
C 342
R
P 0x7f2a7c191628
$ |slotflowPriorityDuration|
P 0x7f2a7c19b1e8
C 51
= 0x7f2a7c19c268
R
P 0x7f2a7c191628
C 342
R
P 0x7f2a7c191628
P 0x7f2a7c19c268
C 257
R
P 0x7f2a7c191628
C 342
R
P 0x7f2a7c191628
P 0x7f2a7c19c268
C 254
= 0x7f2a7c19b1e8
R
P 0x7f2a7c191628
C 342
R
P 0x7f2a7c191628
P 0x7f2a7c19b1e8
C 209
R
P 0x7f2a7c191628
C 342
R
P 0x7f2a7c191628
P 0x7f2a7c19c268
C 260
R
P 0x7f2a7c191628
C 342
R
P 0x7f2a7c191628
P 0x7f2a7c19c268
C 259
R
P 0x7f2a7c191628
C 342
R
P 0x7f2a7c191628
P 0x7f2a7c19c268
C 258
R
P 0x7f2a7c191628
C 342
R
P 0x7f2a7c191628
P 0x7f2a7c19c268
C 9
R
P 0x7f2a7c191628
C 342
R
P 0x7f2a7c191628
U 2
P 0x7f2a7c19c2a8
P 0x7f2a7c19c268
p 2
C 65
= 0x7f2a7c487908
R
P 0x7f2a7c191628
C 342
R
P 0x7f2a7c191628
P 0x7f2a7c487908
C 257
R
P 0x7f2a7c191628
C 342
R
P 0x7f2a7c191628
P 0x7f2a7c487908
C 254
= 0x7f2a7c19b1e8
R
P 0x7f2a7c191628
C 342
R
P 0x7f2a7c191628
P 0x7f2a7c19b1e8
C 209
R
P 0x7f2a7c191628
C 342
R
P 0x7f2a7c191628
P 0x7f2a7c487908
C 260
R
P 0x7f2a7c191628
C 342
R
P 0x7f2a7c191628
P 0x7f2a7c487908
C 259
R
P 0x7f2a7c191628
C 342
R
P 0x7f2a7c191628
P 0x7f2a7c487908
C 258
R
P 0x7f2a7c191628
C 342
R
P 0x7f2a7c191628
P 0x7f2a7c487908
C 9
R
P 0x7f2a7c191628
C 342
R
P 0x7f2a7c191628
I 2
P 0x7f2a7c19b208
C 150
= 0x7f2a7c19bcc8
R
P 0x7f2a7c191628
C 342
R
P 0x7f2a7c191628
P 0x7f2a7c19bcc8
C 258
R
P 0x7f2a7c191628
C 342
R
P 0x7f2a7c191628
P 0x7f2a7c19bcc8
C 9
R
P 0x7f2a7c191628
C 342
R
P 0x7f2a7c191628
I 1
P 0x7f2a7c19b208
C 150
= 0x7f2a7c19bc88
R
P 0x7f2a7c191628
C 342
R
P 0x7f2a7c191628
P 0x7f2a7c19bc88
C 258
R
P 0x7f2a7c191628
C 342
R
P 0x7f2a7c191628
P 0x7f2a7c19bc88
C 9
R
P 0x7f2a7c191628
C 342
R
P 0x7f2a7c191628
P 0x7f2a7c19bcc8
P 0x7f2a7c19bc88
C 75
= 0x7f2a7c1a1890
R
P 0x7f2a7c191628
C 342
R
P 0x7f2a7c191628
P 0x7f2a7c1a1890
C 258
R
P 0x7f2a7c191628
C 342
R
P 0x7f2a7c191628
P 0x7f2a7c1a1890
C 9
R
P 0x7f2a7c191628
C 342
R
P 0x7f2a7c191628
I 1
P 0x7f2a7c19b208
C 150
= 0x7f2a7c19bc88
R
P 0x7f2a7c191628
C 342
R
P 0x7f2a7c191628
P 0x7f2a7c19bc88
C 258
R
P 0x7f2a7c191628
C 342
R
P 0x7f2a7c191628
P 0x7f2a7c19bc88
C 9
R
P 0x7f2a7c191628
C 342
R
P 0x7f2a7c191628
U 2
P 0x7f2a7c19bcc8
P 0x7f2a7c19bc88
p 2
C 67
= 0x7f2a7c1a18c8
R
P 0x7f2a7c191628
C 342
R
P 0x7f2a7c191628
P 0x7f2a7c1a18c8
C 257
R
P 0x7f2a7c191628
C 342
R
P 0x7f2a7c191628
P 0x7f2a7c1a18c8
C 254
= 0x7f2a7c19b208
R
P 0x7f2a7c191628
C 342
R
P 0x7f2a7c191628
P 0x7f2a7c19b208
C 209
R
P 0x7f2a7c191628
C 342
R
P 0x7f2a7c191628
P 0x7f2a7c1a18c8
C 260
R
P 0x7f2a7c191628
C 342
R
P 0x7f2a7c191628
P 0x7f2a7c1a18c8
C 259
R
P 0x7f2a7c191628
C 342
R
P 0x7f2a7c191628
P 0x7f2a7c1a18c8
C 258
R
P 0x7f2a7c191628
C 342
R
P 0x7f2a7c191628
P 0x7f2a7c1a18c8
C 9
R
P 0x7f2a7c191628
C 342
R
P 0x7f2a7c191628
U 2
P 0x7f2a7c19bbe8
P 0x7f2a7c1a18c8
p 2
C 66
= 0x7f2a7c487d68
R
P 0x7f2a7c191628
C 342
R
P 0x7f2a7c191628
P 0x7f2a7c487d68
C 257
R
P 0x7f2a7c191628
C 342
R
P 0x7f2a7c191628
P 0x7f2a7c487d68
C 254
= 0x7f2a7c19b208
R
P 0x7f2a7c191628
C 342
R
P 0x7f2a7c191628
P 0x7f2a7c19b208
C 209
R
P 0x7f2a7c191628
C 342
R
P 0x7f2a7c191628
P 0x7f2a7c487d68
C 260
R
P 0x7f2a7c191628
C 342
R
P 0x7f2a7c191628
P 0x7f2a7c487d68
C 259
R
P 0x7f2a7c191628
C 342
R
P 0x7f2a7c191628
P 0x7f2a7c487d68
C 258
R
P 0x7f2a7c191628
C 342
R
P 0x7f2a7c191628
P 0x7f2a7c487d68
C 9
R
P 0x7f2a7c191628
C 342
R
P 0x7f2a7c191628
U 2
P 0x7f2a7c19bb88
P 0x7f2a7c487d68
p 2
C 65
= 0x7f2a7c487da0
R
P 0x7f2a7c191628
C 342
R
P 0x7f2a7c191628
P 0x7f2a7c487da0
C 257
R
P 0x7f2a7c191628
C 342
R
P 0x7f2a7c191628
P 0x7f2a7c487da0
C 254
= 0x7f2a7c19b1e8
R
P 0x7f2a7c191628
C 342
R
P 0x7f2a7c191628
P 0x7f2a7c19b1e8
C 209
R
P 0x7f2a7c191628
C 342
R
P 0x7f2a7c191628
P 0x7f2a7c487da0
C 260
R
P 0x7f2a7c191628
C 342
R
P 0x7f2a7c191628
P 0x7f2a7c487da0
C 259
R
P 0x7f2a7c191628
C 342
R
P 0x7f2a7c191628
P 0x7f2a7c487da0
C 258
R
P 0x7f2a7c191628
C 342
R
P 0x7f2a7c191628
P 0x7f2a7c487da0
C 9
R
P 0x7f2a7c191628
C 342
R
P 0x7f2a7c191628
P 0x7f2a7c1a1890
P 0x7f2a7c487da0
P 0x7f2a7c19bb88
C 59
= 0x7f2a7c19fa88
R
P 0x7f2a7c191628
C 342
R
P 0x7f2a7c191628
P 0x7f2a7c19fa88
C 257
R
P 0x7f2a7c191628
C 342
R
P 0x7f2a7c191628
P 0x7f2a7c19fa88
C 254
= 0x7f2a7c19b1e8
R
P 0x7f2a7c191628
C 342
R
P 0x7f2a7c191628
P 0x7f2a7c19b1e8
C 209
R
P 0x7f2a7c191628
C 342
R
P 0x7f2a7c191628
P 0x7f2a7c19fa88
C 260
R
P 0x7f2a7c191628
C 342
R
P 0x7f2a7c191628
P 0x7f2a7c19fa88
C 259
R
P 0x7f2a7c191628
C 342
R
P 0x7f2a7c191628
P 0x7f2a7c19fa88
C 258
R
P 0x7f2a7c191628
C 342
R
P 0x7f2a7c191628
P 0x7f2a7c19fa88
C 9
R
P 0x7f2a7c191628
C 342
R
P 0x7f2a7c191628
U 2
P 0x7f2a7c487908
P 0x7f2a7c19fa88
p 2
C 65
= 0x7f2a7c487dd8
R
P 0x7f2a7c191628
C 342
R
P 0x7f2a7c191628
P 0x7f2a7c487dd8
C 257
R
P 0x7f2a7c191628
C 342
R
P 0x7f2a7c191628
P 0x7f2a7c487dd8
C 254
= 0x7f2a7c19b1e8
R
P 0x7f2a7c191628
C 342
R
P 0x7f2a7c191628
P 0x7f2a7c19b1e8
C 209
R
P 0x7f2a7c191628
C 342
R
P 0x7f2a7c191628
P 0x7f2a7c487dd8
C 260
R
P 0x7f2a7c191628
C 342
R
P 0x7f2a7c191628
P 0x7f2a7c487dd8
C 259
R
P 0x7f2a7c191628
C 342
R
P 0x7f2a7c191628
P 0x7f2a7c487dd8
C 258
R
P 0x7f2a7c191628
C 342
R
P 0x7f2a7c191628
P 0x7f2a7c487dd8
C 9
R
P 0x7f2a7c191628
C 342
R
P 0x7f2a7c191628
P 0x7f2a7c19c248
P 0x7f2a7c487dd8
C 74
= 0x7f2a7c48ba08
R
P 0x7f2a7c191628
C 342
R
P 0x7f2a7c191628
P 0x7f2a7c48ba08
C 258
R
P 0x7f2a7c191628
C 342
R
P 0x7f2a7c191628
P 0x7f2a7c48ba08
C 9
R
P 0x7f2a7c191628
C 342
R
P 0x7f2a7c191628
I 4
P 0x7f2a7c19b208
C 150
= 0x7f2a7c19c028
R
P 0x7f2a7c191628
C 342
R
P 0x7f2a7c191628
P 0x7f2a7c19c028
C 258
R
P 0x7f2a7c191628
C 342
R
P 0x7f2a7c191628
P 0x7f2a7c19c028
C 9
R
P 0x7f2a7c191628
C 342
R
P 0x7f2a7c191628
P 0x7f2a7c19c028
C 263
R
P 0x7f2a7c191628
C 342
R
P 0x7f2a7c191628
S "dev0T34"
C 30
R
P 0x7f2a7c191628
C 342
R
P 0x7f2a7c191628
$ |dev0T34|
C 202
R
P 0x7f2a7c191628
C 342
R
P 0x7f2a7c191628
$ |dev0T34|
P 0x7f2a7c19b1e8
C 51
= 0x7f2a7c19c248
R
P 0x7f2a7c191628
C 342
R
P 0x7f2a7c191628
P 0x7f2a7c19c248
C 257
R
P 0x7f2a7c191628
C 342
R
P 0x7f2a7c191628
P 0x7f2a7c19c248
C 254
= 0x7f2a7c19b1e8
R
P 0x7f2a7c191628
C 342
R
P 0x7f2a7c191628
P 0x7f2a7c19b1e8
C 209
R
P 0x7f2a7c191628
C 342
R
P 0x7f2a7c191628
P 0x7f2a7c19c248
C 260
R
P 0x7f2a7c191628
C 342
R
P 0x7f2a7c191628
P 0x7f2a7c19c248
C 259
R
P 0x7f2a7c191628
C 342
R
P 0x7f2a7c191628
P 0x7f2a7c19c248
C 258
R
P 0x7f2a7c191628
C 342
R
P 0x7f2a7c191628
P 0x7f2a7c19c248
C 9
R
P 0x7f2a7c191628
C 342
R
P 0x7f2a7c191628
P 0x7f2a7c19bc68
C 333
R
P 0x7f2a7c191628
C 342
R
P 0x7f2a7c191628
S "slotflowPriorityStart"
C 30
R
P 0x7f2a7c191628
C 342
R
P 0x7f2a7c191628
$ |slotflowPriorityStart|
C 202
R
P 0x7f2a7c191628
C 342
R
P 0x7f2a7c191628
$ |slotflowPriorityStart|
P 0x7f2a7c19b1e8
C 51
= 0x7f2a7c19c2a8
R
P 0x7f2a7c191628
C 342
R
P 0x7f2a7c191628
P 0x7f2a7c19c2a8
C 257
R
P 0x7f2a7c191628
C 342
R
P 0x7f2a7c191628
P 0x7f2a7c19c2a8
C 254
= 0x7f2a7c19b1e8
R
P 0x7f2a7c191628
C 342
R
P 0x7f2a7c191628
P 0x7f2a7c19b1e8
C 209
R
P 0x7f2a7c191628
C 342
R
P 0x7f2a7c191628
P 0x7f2a7c19c2a8
C 260
R
P 0x7f2a7c191628
C 342
R
P 0x7f2a7c191628
P 0x7f2a7c19c2a8
C 259
R
P 0x7f2a7c191628
C 342
R
P 0x7f2a7c191628
P 0x7f2a7c19c2a8
C 258
R
P 0x7f2a7c191628
C 342
R
P 0x7f2a7c191628
P 0x7f2a7c19c2a8
C 9
R
P 0x7f2a7c191628
C 342
R
P 0x7f2a7c191628
I 1
P 0x7f2a7c19b208
C 150
= 0x7f2a7c19bc88
R
P 0x7f2a7c191628
C 342
R
P 0x7f2a7c191628
P 0x7f2a7c19bc88
C 258
R
P 0x7f2a7c191628
C 342
R
P 0x7f2a7c191628
P 0x7f2a7c19bc88
C 9
R
P 0x7f2a7c191628
C 342
R
P 0x7f2a7c191628
I 1
P 0x7f2a7c19b208
C 150
= 0x7f2a7c19bc88
R
P 0x7f2a7c191628
C 342
R
P 0x7f2a7c191628
P 0x7f2a7c19bc88
C 258
R
P 0x7f2a7c191628
C 342
R
P 0x7f2a7c191628
P 0x7f2a7c19bc88
C 9
R
P 0x7f2a7c191628
C 342
R
P 0x7f2a7c191628
P 0x7f2a7c19bc88
P 0x7f2a7c19bc88
C 75
= 0x7f2a7c1a1778
R
P 0x7f2a7c191628
C 342
R
P 0x7f2a7c191628
P 0x7f2a7c1a1778
C 258
R
P 0x7f2a7c191628
C 342
R
P 0x7f2a7c191628
P 0x7f2a7c1a1778
C 9
R
P 0x7f2a7c191628
C 342
R
P 0x7f2a7c191628
I 1
P 0x7f2a7c19b208
C 150
= 0x7f2a7c19bc88
R
P 0x7f2a7c191628
C 342
R
P 0x7f2a7c191628
P 0x7f2a7c19bc88
C 258
R
P 0x7f2a7c191628
C 342
R
P 0x7f2a7c191628
P 0x7f2a7c19bc88
C 9
R
P 0x7f2a7c191628
C 342
R
P 0x7f2a7c191628
U 2
P 0x7f2a7c19bc88
P 0x7f2a7c19bc88
p 2
C 67
= 0x7f2a7c1a17b0
R
P 0x7f2a7c191628
C 342
R
P 0x7f2a7c191628
P 0x7f2a7c1a17b0
C 257
R
P 0x7f2a7c191628
C 342
R
P 0x7f2a7c191628
P 0x7f2a7c1a17b0
C 254
= 0x7f2a7c19b208
R
P 0x7f2a7c191628
C 342
R
P 0x7f2a7c191628
P 0x7f2a7c19b208
C 209
R
P 0x7f2a7c191628
C 342
R
P 0x7f2a7c191628
P 0x7f2a7c1a17b0
C 260
R
P 0x7f2a7c191628
C 342
R
P 0x7f2a7c191628
P 0x7f2a7c1a17b0
C 259
R
P 0x7f2a7c191628
C 342
R
P 0x7f2a7c191628
P 0x7f2a7c1a17b0
C 258
R
P 0x7f2a7c191628
C 342
R
P 0x7f2a7c191628
P 0x7f2a7c1a17b0
C 9
R
P 0x7f2a7c191628
C 342
R
P 0x7f2a7c191628
U 2
P 0x7f2a7c19bbe8
P 0x7f2a7c1a17b0
p 2
C 66
= 0x7f2a7c487b70
R
P 0x7f2a7c191628
C 342
R
P 0x7f2a7c191628
P 0x7f2a7c487b70
C 257
R
P 0x7f2a7c191628
C 342
R
P 0x7f2a7c191628
P 0x7f2a7c487b70
C 254
= 0x7f2a7c19b208
R
P 0x7f2a7c191628
C 342
R
P 0x7f2a7c191628
P 0x7f2a7c19b208
C 209
R
P 0x7f2a7c191628
C 342
R
P 0x7f2a7c191628
P 0x7f2a7c487b70
C 260
R
P 0x7f2a7c191628
C 342
R
P 0x7f2a7c191628
P 0x7f2a7c487b70
C 259
R
P 0x7f2a7c191628
C 342
R
P 0x7f2a7c191628
P 0x7f2a7c487b70
C 258
R
P 0x7f2a7c191628
C 342
R
P 0x7f2a7c191628
P 0x7f2a7c487b70
C 9
R
P 0x7f2a7c191628
C 342
R
P 0x7f2a7c191628
U 2
P 0x7f2a7c19bb88
P 0x7f2a7c487b70
p 2
C 65
= 0x7f2a7c487ba8
R
P 0x7f2a7c191628
C 342
R
P 0x7f2a7c191628
P 0x7f2a7c487ba8
C 257
R
P 0x7f2a7c191628
C 342
R
P 0x7f2a7c191628
P 0x7f2a7c487ba8
C 254
= 0x7f2a7c19b1e8
R
P 0x7f2a7c191628
C 342
R
P 0x7f2a7c191628
P 0x7f2a7c19b1e8
C 209
R
P 0x7f2a7c191628
C 342
R
P 0x7f2a7c191628
P 0x7f2a7c487ba8
C 260
R
P 0x7f2a7c191628
C 342
R
P 0x7f2a7c191628
P 0x7f2a7c487ba8
C 259
R
P 0x7f2a7c191628
C 342
R
P 0x7f2a7c191628
P 0x7f2a7c487ba8
C 258
R
P 0x7f2a7c191628
C 342
R
P 0x7f2a7c191628
P 0x7f2a7c487ba8
C 9
R
P 0x7f2a7c191628
C 342
R
P 0x7f2a7c191628
P 0x7f2a7c1a1778
P 0x7f2a7c487ba8
P 0x7f2a7c19bb88
C 59
= 0x7f2a7c19fa48
R
P 0x7f2a7c191628
C 342
R
P 0x7f2a7c191628
P 0x7f2a7c19fa48
C 257
R
P 0x7f2a7c191628
C 342
R
P 0x7f2a7c191628
P 0x7f2a7c19fa48
C 254
= 0x7f2a7c19b1e8
R
P 0x7f2a7c191628
C 342
R
P 0x7f2a7c191628
P 0x7f2a7c19b1e8
C 209
R
P 0x7f2a7c191628
C 342
R
P 0x7f2a7c191628
P 0x7f2a7c19fa48
C 260
R
P 0x7f2a7c191628
C 342
R
P 0x7f2a7c191628
P 0x7f2a7c19fa48
C 259
R
P 0x7f2a7c191628
C 342
R
P 0x7f2a7c191628
P 0x7f2a7c19fa48
C 258
R
P 0x7f2a7c191628
C 342
R
P 0x7f2a7c191628
P 0x7f2a7c19fa48
C 9
R
P 0x7f2a7c191628
C 342
R
P 0x7f2a7c191628
U 2
P 0x7f2a7c19c2a8
P 0x7f2a7c19fa48
p 2
C 65
= 0x7f2a7c487c88
R
P 0x7f2a7c191628
C 342
R
P 0x7f2a7c191628
P 0x7f2a7c487c88
C 257
R
P 0x7f2a7c191628
C 342
R
P 0x7f2a7c191628
P 0x7f2a7c487c88
C 254
= 0x7f2a7c19b1e8
R
P 0x7f2a7c191628
C 342
R
P 0x7f2a7c191628
P 0x7f2a7c19b1e8
C 209
R
P 0x7f2a7c191628
C 342
R
P 0x7f2a7c191628
P 0x7f2a7c487c88
C 260
R
P 0x7f2a7c191628
C 342
R
P 0x7f2a7c191628
P 0x7f2a7c487c88
C 259
R
P 0x7f2a7c191628
C 342
R
P 0x7f2a7c191628
P 0x7f2a7c487c88
C 258
R
P 0x7f2a7c191628
C 342
R
P 0x7f2a7c191628
P 0x7f2a7c487c88
C 9
R
P 0x7f2a7c191628
C 342
R
P 0x7f2a7c191628
U 2
P 0x7f2a7c487c88
P 0x7f2a7c19bb68
p 2
C 65
= 0x7f2a7c489870
R
P 0x7f2a7c191628
C 342
R
P 0x7f2a7c191628
P 0x7f2a7c489870
C 257
R
P 0x7f2a7c191628
C 342
R
P 0x7f2a7c191628
P 0x7f2a7c489870
C 254
= 0x7f2a7c19b1e8
R
P 0x7f2a7c191628
C 342
R
P 0x7f2a7c191628
P 0x7f2a7c19b1e8
C 209
R
P 0x7f2a7c191628
C 342
R
P 0x7f2a7c191628
P 0x7f2a7c489870
C 260
R
P 0x7f2a7c191628
C 342
R
P 0x7f2a7c191628
P 0x7f2a7c489870
C 259
R
P 0x7f2a7c191628
C 342
R
P 0x7f2a7c191628
P 0x7f2a7c489870
C 258
R
P 0x7f2a7c191628
C 342
R
P 0x7f2a7c191628
P 0x7f2a7c489870
C 9
R
P 0x7f2a7c191628
C 342
R
P 0x7f2a7c191628
P 0x7f2a7c19c248
P 0x7f2a7c489870
C 56
= 0x7f2a7c48dd60
R
P 0x7f2a7c191628
C 342
R
P 0x7f2a7c191628
P 0x7f2a7c48dd60
C 258
R
P 0x7f2a7c191628
C 342
R
P 0x7f2a7c191628
P 0x7f2a7c48dd60
C 9
R
P 0x7f2a7c191628
C 342
R
P 0x7f2a7c191628
U 2
P 0x7f2a7c48ba08
P 0x7f2a7c48dd60
p 2
C 63
= 0x7f2a7c48dd98
R
P 0x7f2a7c191628
C 342
R
P 0x7f2a7c191628
P 0x7f2a7c48dd98
C 258
R
P 0x7f2a7c191628
C 342
R
P 0x7f2a7c191628
P 0x7f2a7c48dd98
C 9
R
P 0x7f2a7c191628
C 342
R
P 0x7f2a7c191628
P 0x7f2a7c48dd28
P 0x7f2a7c48dd98
C 61
= 0x7f2a7c48ddd0
R
P 0x7f2a7c191628
C 342
R
P 0x7f2a7c191628
P 0x7f2a7c48ddd0
C 258
R
P 0x7f2a7c191628
C 342
R
P 0x7f2a7c191628
P 0x7f2a7c48ddd0
C 9
R
P 0x7f2a7c191628
C 342
R
P 0x7f2a7c191628
P 0x7f2a7c1e1fc8
P 0x7f2a7c48ddd0
C 427
R
P 0x7f2a7c191628
C 342
R
P 0x7f2a7c191628
I 4
P 0x7f2a7c19b208
C 150
= 0x7f2a7c19c028
R
P 0x7f2a7c191628
C 342
R
P 0x7f2a7c191628
P 0x7f2a7c19c028
C 258
R
P 0x7f2a7c191628
C 342
R
P 0x7f2a7c191628
P 0x7f2a7c19c028
C 9
R
P 0x7f2a7c191628
C 342
R
P 0x7f2a7c191628
I 1
P 0x7f2a7c19b208
C 150
= 0x7f2a7c19bc88
R
P 0x7f2a7c191628
C 342
R
P 0x7f2a7c191628
P 0x7f2a7c19bc88
C 258
R
P 0x7f2a7c191628
C 342
R
P 0x7f2a7c191628
P 0x7f2a7c19bc88
C 9
R
P 0x7f2a7c191628
C 342
R
P 0x7f2a7c191628
P 0x7f2a7c19c028
P 0x7f2a7c19bc88
C 75
= 0x7f2a7c487390
R
P 0x7f2a7c191628
C 342
R
P 0x7f2a7c191628
P 0x7f2a7c487390
C 258
R
P 0x7f2a7c191628
C 342
R
P 0x7f2a7c191628
P 0x7f2a7c487390
C 9
R
P 0x7f2a7c191628
C 342
R
P 0x7f2a7c191628
I 1
P 0x7f2a7c19b208
C 150
= 0x7f2a7c19bc88
R
P 0x7f2a7c191628
C 342
R
P 0x7f2a7c191628
P 0x7f2a7c19bc88
C 258
R
P 0x7f2a7c191628
C 342
R
P 0x7f2a7c191628
P 0x7f2a7c19bc88
C 9
R
P 0x7f2a7c191628
C 342
R
P 0x7f2a7c191628
U 2
P 0x7f2a7c19c028
P 0x7f2a7c19bc88
p 2
C 67
= 0x7f2a7c4873c8
R
P 0x7f2a7c191628
C 342
R
P 0x7f2a7c191628
P 0x7f2a7c4873c8
C 257
R
P 0x7f2a7c191628
C 342
R
P 0x7f2a7c191628
P 0x7f2a7c4873c8
C 254
= 0x7f2a7c19b208
R
P 0x7f2a7c191628
C 342
R
P 0x7f2a7c191628
P 0x7f2a7c19b208
C 209
R
P 0x7f2a7c191628
C 342
R
P 0x7f2a7c191628
P 0x7f2a7c4873c8
C 260
R
P 0x7f2a7c191628
C 342
R
P 0x7f2a7c191628
P 0x7f2a7c4873c8
C 259
R
P 0x7f2a7c191628
C 342
R
P 0x7f2a7c191628
P 0x7f2a7c4873c8
C 258
R
P 0x7f2a7c191628
C 342
R
P 0x7f2a7c191628
P 0x7f2a7c4873c8
C 9
R
P 0x7f2a7c191628
C 342
R
P 0x7f2a7c191628
U 2
P 0x7f2a7c19bba8
P 0x7f2a7c4873c8
p 2
C 66
= 0x7f2a7c487400
R
P 0x7f2a7c191628
C 342
R
P 0x7f2a7c191628
P 0x7f2a7c487400
C 257
R
P 0x7f2a7c191628
C 342
R
P 0x7f2a7c191628
P 0x7f2a7c487400
C 254
= 0x7f2a7c19b1e8
R
P 0x7f2a7c191628
C 342
R
P 0x7f2a7c191628
P 0x7f2a7c19b1e8
C 209
R
P 0x7f2a7c191628
C 342
R
P 0x7f2a7c191628
P 0x7f2a7c487400
C 260
R
P 0x7f2a7c191628
C 342
R
P 0x7f2a7c191628
P 0x7f2a7c487400
C 259
R
P 0x7f2a7c191628
C 342
R
P 0x7f2a7c191628
P 0x7f2a7c487400
C 258
R
P 0x7f2a7c191628
C 342
R
P 0x7f2a7c191628
P 0x7f2a7c487400
C 9
R
P 0x7f2a7c191628
C 342
R
P 0x7f2a7c191628
U 2
P 0x7f2a7c19bc28
P 0x7f2a7c487400
p 2
C 65
= 0x7f2a7c487438
R
P 0x7f2a7c191628
C 342
R
P 0x7f2a7c191628
P 0x7f2a7c487438
C 257
R
P 0x7f2a7c191628
C 342
R
P 0x7f2a7c191628
P 0x7f2a7c487438
C 254
= 0x7f2a7c19b1e8
R
P 0x7f2a7c191628
C 342
R
P 0x7f2a7c191628
P 0x7f2a7c19b1e8
C 209
R
P 0x7f2a7c191628
C 342
R
P 0x7f2a7c191628
P 0x7f2a7c487438
C 260
R
P 0x7f2a7c191628
C 342
R
P 0x7f2a7c191628
P 0x7f2a7c487438
C 259
R
P 0x7f2a7c191628
C 342
R
P 0x7f2a7c191628
P 0x7f2a7c487438
C 258
R
P 0x7f2a7c191628
C 342
R
P 0x7f2a7c191628
P 0x7f2a7c487438
C 9
R
P 0x7f2a7c191628
C 342
R
P 0x7f2a7c191628
P 0x7f2a7c487390
P 0x7f2a7c487438
P 0x7f2a7c19bc28
C 59
= 0x7f2a7c19f9c8
R
P 0x7f2a7c191628
C 342
R
P 0x7f2a7c191628
P 0x7f2a7c19f9c8
C 257
R
P 0x7f2a7c191628
C 342
R
P 0x7f2a7c191628
P 0x7f2a7c19f9c8
C 254
= 0x7f2a7c19b1e8
R
P 0x7f2a7c191628
C 342
R
P 0x7f2a7c191628
P 0x7f2a7c19b1e8
C 209
R
P 0x7f2a7c191628
C 342
R
P 0x7f2a7c191628
P 0x7f2a7c19f9c8
C 260
R
P 0x7f2a7c191628
C 342
R
P 0x7f2a7c191628
P 0x7f2a7c19f9c8
C 259
R
P 0x7f2a7c191628
C 342
R
P 0x7f2a7c191628
P 0x7f2a7c19f9c8
C 258
R
P 0x7f2a7c191628
C 342
R
P 0x7f2a7c191628
P 0x7f2a7c19f9c8
C 9
R
P 0x7f2a7c191628
C 342
R
P 0x7f2a7c191628
U 2
P 0x7f2a7c19f9c8
P 0x7f2a7c19bb48
p 2
C 65
= 0x7f2a7c487470
R
P 0x7f2a7c191628
C 342
R
P 0x7f2a7c191628
P 0x7f2a7c487470
C 257
R
P 0x7f2a7c191628
C 342
R
P 0x7f2a7c191628
P 0x7f2a7c487470
C 254
= 0x7f2a7c19b1e8
R
P 0x7f2a7c191628
C 342
R
P 0x7f2a7c191628
P 0x7f2a7c19b1e8
C 209
R
P 0x7f2a7c191628
C 342
R
P 0x7f2a7c191628
P 0x7f2a7c487470
C 260
R
P 0x7f2a7c191628
C 342
R
P 0x7f2a7c191628
P 0x7f2a7c487470
C 259
R
P 0x7f2a7c191628
C 342
R
P 0x7f2a7c191628
P 0x7f2a7c487470
C 258
R
P 0x7f2a7c191628
C 342
R
P 0x7f2a7c191628
P 0x7f2a7c487470
C 9
R
P 0x7f2a7c191628
C 342
R
P 0x7f2a7c191628
P 0x7f2a7c19bc68
C 333
R
P 0x7f2a7c191628
C 342
R
P 0x7f2a7c191628
S "slotflowPriorityStart"
C 30
R
P 0x7f2a7c191628
C 342
R
P 0x7f2a7c191628
$ |slotflowPriorityStart|
C 202
R
P 0x7f2a7c191628
C 342
R
P 0x7f2a7c191628
$ |slotflowPriorityStart|
P 0x7f2a7c19b1e8
C 51
= 0x7f2a7c19c2a8
R
P 0x7f2a7c191628
C 342
R
P 0x7f2a7c191628
P 0x7f2a7c19c2a8
C 257
R
P 0x7f2a7c191628
C 342
R
P 0x7f2a7c191628
P 0x7f2a7c19c2a8
C 254
= 0x7f2a7c19b1e8
R
P 0x7f2a7c191628
C 342
R
P 0x7f2a7c191628
P 0x7f2a7c19b1e8
C 209
R
P 0x7f2a7c191628
C 342
R
P 0x7f2a7c191628
P 0x7f2a7c19c2a8
C 260
R
P 0x7f2a7c191628
C 342
R
P 0x7f2a7c191628
P 0x7f2a7c19c2a8
C 259
R
P 0x7f2a7c191628
C 342
R
P 0x7f2a7c191628
P 0x7f2a7c19c2a8
C 258
R
P 0x7f2a7c191628
C 342
R
P 0x7f2a7c191628
P 0x7f2a7c19c2a8
C 9
R
P 0x7f2a7c191628
C 342
R
P 0x7f2a7c191628
P 0x7f2a7c19bc68
C 333
R
P 0x7f2a7c191628
C 342
R
P 0x7f2a7c191628
S "slotflowPriorityDuration"
C 30
R
P 0x7f2a7c191628
C 342
R
P 0x7f2a7c191628
$ |slotflowPriorityDuration|
C 202
R
P 0x7f2a7c191628
C 342
R
P 0x7f2a7c191628
$ |slotflowPriorityDuration|
P 0x7f2a7c19b1e8
C 51
= 0x7f2a7c19c268
R
P 0x7f2a7c191628
C 342
R
P 0x7f2a7c191628
P 0x7f2a7c19c268
C 257
R
P 0x7f2a7c191628
C 342
R
P 0x7f2a7c191628
P 0x7f2a7c19c268
C 254
= 0x7f2a7c19b1e8
R
P 0x7f2a7c191628
C 342
R
P 0x7f2a7c191628
P 0x7f2a7c19b1e8
C 209
R
P 0x7f2a7c191628
C 342
R
P 0x7f2a7c191628
P 0x7f2a7c19c268
C 260
R
P 0x7f2a7c191628
C 342
R
P 0x7f2a7c191628
P 0x7f2a7c19c268
C 259
R
P 0x7f2a7c191628
C 342
R
P 0x7f2a7c191628
P 0x7f2a7c19c268
C 258
R
P 0x7f2a7c191628
C 342
R
P 0x7f2a7c191628
P 0x7f2a7c19c268
C 9
R
P 0x7f2a7c191628
C 342
R
P 0x7f2a7c191628
U 2
P 0x7f2a7c19c2a8
P 0x7f2a7c19c268
p 2
C 65
= 0x7f2a7c487908
R
P 0x7f2a7c191628
C 342
R
P 0x7f2a7c191628
P 0x7f2a7c487908
C 257
R
P 0x7f2a7c191628
C 342
R
P 0x7f2a7c191628
P 0x7f2a7c487908
C 254
= 0x7f2a7c19b1e8
R
P 0x7f2a7c191628
C 342
R
P 0x7f2a7c191628
P 0x7f2a7c19b1e8
C 209
R
P 0x7f2a7c191628
C 342
R
P 0x7f2a7c191628
P 0x7f2a7c487908
C 260
R
P 0x7f2a7c191628
C 342
R
P 0x7f2a7c191628
P 0x7f2a7c487908
C 259
R
P 0x7f2a7c191628
C 342
R
P 0x7f2a7c191628
P 0x7f2a7c487908
C 258
R
P 0x7f2a7c191628
C 342
R
P 0x7f2a7c191628
P 0x7f2a7c487908
C 9
R
P 0x7f2a7c191628
C 342
R
P 0x7f2a7c191628
I 2
P 0x7f2a7c19b208
C 150
= 0x7f2a7c19bcc8
R
P 0x7f2a7c191628
C 342
R
P 0x7f2a7c191628
P 0x7f2a7c19bcc8
C 258
R
P 0x7f2a7c191628
C 342
R
P 0x7f2a7c191628
P 0x7f2a7c19bcc8
C 9
R
P 0x7f2a7c191628
C 342
R
P 0x7f2a7c191628
I 1
P 0x7f2a7c19b208
C 150
= 0x7f2a7c19bc88
R
P 0x7f2a7c191628
C 342
R
P 0x7f2a7c191628
P 0x7f2a7c19bc88
C 258
R
P 0x7f2a7c191628
C 342
R
P 0x7f2a7c191628
P 0x7f2a7c19bc88
C 9
R
P 0x7f2a7c191628
C 342
R
P 0x7f2a7c191628
P 0x7f2a7c19bcc8
P 0x7f2a7c19bc88
C 75
= 0x7f2a7c1a1890
R
P 0x7f2a7c191628
C 342
R
P 0x7f2a7c191628
P 0x7f2a7c1a1890
C 258
R
P 0x7f2a7c191628
C 342
R
P 0x7f2a7c191628
P 0x7f2a7c1a1890
C 9
R
P 0x7f2a7c191628
C 342
R
P 0x7f2a7c191628
I 1
P 0x7f2a7c19b208
C 150
= 0x7f2a7c19bc88
R
P 0x7f2a7c191628
C 342
R
P 0x7f2a7c191628
P 0x7f2a7c19bc88
C 258
R
P 0x7f2a7c191628
C 342
R
P 0x7f2a7c191628
P 0x7f2a7c19bc88
C 9
R
P 0x7f2a7c191628
C 342
R
P 0x7f2a7c191628
U 2
P 0x7f2a7c19bcc8
P 0x7f2a7c19bc88
p 2
C 67
= 0x7f2a7c1a18c8
R
P 0x7f2a7c191628
C 342
R
P 0x7f2a7c191628
P 0x7f2a7c1a18c8
C 257
R
P 0x7f2a7c191628
C 342
R
P 0x7f2a7c191628
P 0x7f2a7c1a18c8
C 254
= 0x7f2a7c19b208
R
P 0x7f2a7c191628
C 342
R
P 0x7f2a7c191628
P 0x7f2a7c19b208
C 209
R
P 0x7f2a7c191628
C 342
R
P 0x7f2a7c191628
P 0x7f2a7c1a18c8
C 260
R
P 0x7f2a7c191628
C 342
R
P 0x7f2a7c191628
P 0x7f2a7c1a18c8
C 259
R
P 0x7f2a7c191628
C 342
R
P 0x7f2a7c191628
P 0x7f2a7c1a18c8
C 258
R
P 0x7f2a7c191628
C 342
R
P 0x7f2a7c191628
P 0x7f2a7c1a18c8
C 9
R
P 0x7f2a7c191628
C 342
R
P 0x7f2a7c191628
U 2
P 0x7f2a7c19bbe8
P 0x7f2a7c1a18c8
p 2
C 66
= 0x7f2a7c487d68
R
P 0x7f2a7c191628
C 342
R
P 0x7f2a7c191628
P 0x7f2a7c487d68
C 257
R
P 0x7f2a7c191628
C 342
R
P 0x7f2a7c191628
P 0x7f2a7c487d68
C 254
= 0x7f2a7c19b208
R
P 0x7f2a7c191628
C 342
R
P 0x7f2a7c191628
P 0x7f2a7c19b208
C 209
R
P 0x7f2a7c191628
C 342
R
P 0x7f2a7c191628
P 0x7f2a7c487d68
C 260
R
P 0x7f2a7c191628
C 342
R
P 0x7f2a7c191628
P 0x7f2a7c487d68
C 259
R
P 0x7f2a7c191628
C 342
R
P 0x7f2a7c191628
P 0x7f2a7c487d68
C 258
R
P 0x7f2a7c191628
C 342
R
P 0x7f2a7c191628
P 0x7f2a7c487d68
C 9
R
P 0x7f2a7c191628
C 342
R
P 0x7f2a7c191628
U 2
P 0x7f2a7c19bb88
P 0x7f2a7c487d68
p 2
C 65
= 0x7f2a7c487da0
R
P 0x7f2a7c191628
C 342
R
P 0x7f2a7c191628
P 0x7f2a7c487da0
C 257
R
P 0x7f2a7c191628
C 342
R
P 0x7f2a7c191628
P 0x7f2a7c487da0
C 254
= 0x7f2a7c19b1e8
R
P 0x7f2a7c191628
C 342
R
P 0x7f2a7c191628
P 0x7f2a7c19b1e8
C 209
R
P 0x7f2a7c191628
C 342
R
P 0x7f2a7c191628
P 0x7f2a7c487da0
C 260
R
P 0x7f2a7c191628
C 342
R
P 0x7f2a7c191628
P 0x7f2a7c487da0
C 259
R
P 0x7f2a7c191628
C 342
R
P 0x7f2a7c191628
P 0x7f2a7c487da0
C 258
R
P 0x7f2a7c191628
C 342
R
P 0x7f2a7c191628
P 0x7f2a7c487da0
C 9
R
P 0x7f2a7c191628
C 342
R
P 0x7f2a7c191628
P 0x7f2a7c1a1890
P 0x7f2a7c487da0
P 0x7f2a7c19bb88
C 59
= 0x7f2a7c19fa88
R
P 0x7f2a7c191628
C 342
R
P 0x7f2a7c191628
P 0x7f2a7c19fa88
C 257
R
P 0x7f2a7c191628
C 342
R
P 0x7f2a7c191628
P 0x7f2a7c19fa88
C 254
= 0x7f2a7c19b1e8
R
P 0x7f2a7c191628
C 342
R
P 0x7f2a7c191628
P 0x7f2a7c19b1e8
C 209
R
P 0x7f2a7c191628
C 342
R
P 0x7f2a7c191628
P 0x7f2a7c19fa88
C 260
R
P 0x7f2a7c191628
C 342
R
P 0x7f2a7c191628
P 0x7f2a7c19fa88
C 259
R
P 0x7f2a7c191628
C 342
R
P 0x7f2a7c191628
P 0x7f2a7c19fa88
C 258
R
P 0x7f2a7c191628
C 342
R
P 0x7f2a7c191628
P 0x7f2a7c19fa88
C 9
R
P 0x7f2a7c191628
C 342
R
P 0x7f2a7c191628
U 2
P 0x7f2a7c487908
P 0x7f2a7c19fa88
p 2
C 65
= 0x7f2a7c487dd8
R
P 0x7f2a7c191628
C 342
R
P 0x7f2a7c191628
P 0x7f2a7c487dd8
C 257
R
P 0x7f2a7c191628
C 342
R
P 0x7f2a7c191628
P 0x7f2a7c487dd8
C 254
= 0x7f2a7c19b1e8
R
P 0x7f2a7c191628
C 342
R
P 0x7f2a7c191628
P 0x7f2a7c19b1e8
C 209
R
P 0x7f2a7c191628
C 342
R
P 0x7f2a7c191628
P 0x7f2a7c487dd8
C 260
R
P 0x7f2a7c191628
C 342
R
P 0x7f2a7c191628
P 0x7f2a7c487dd8
C 259
R
P 0x7f2a7c191628
C 342
R
P 0x7f2a7c191628
P 0x7f2a7c487dd8
C 258
R
P 0x7f2a7c191628
C 342
R
P 0x7f2a7c191628
P 0x7f2a7c487dd8
C 9
R
P 0x7f2a7c191628
C 342
R
P 0x7f2a7c191628
U 2
P 0x7f2a7c487dd8
P 0x7f2a7c19bb68
p 2
C 67
= 0x7f2a7c487e10
R
P 0x7f2a7c191628
C 342
R
P 0x7f2a7c191628
P 0x7f2a7c487e10
C 257
R
P 0x7f2a7c191628
C 342
R
P 0x7f2a7c191628
P 0x7f2a7c487e10
C 254
= 0x7f2a7c19b1e8
R
P 0x7f2a7c191628
C 342
R
P 0x7f2a7c191628
P 0x7f2a7c19b1e8
C 209
R
P 0x7f2a7c191628
C 342
R
P 0x7f2a7c191628
P 0x7f2a7c487e10
C 260
R
P 0x7f2a7c191628
C 342
R
P 0x7f2a7c191628
P 0x7f2a7c487e10
C 259
R
P 0x7f2a7c191628
C 342
R
P 0x7f2a7c191628
P 0x7f2a7c487e10
C 258
R
P 0x7f2a7c191628
C 342
R
P 0x7f2a7c191628
P 0x7f2a7c487e10
C 9
R
P 0x7f2a7c191628
C 342
R
P 0x7f2a7c191628
P 0x7f2a7c487470
P 0x7f2a7c487e10
C 75
= 0x7f2a7c48de08
R
P 0x7f2a7c191628
C 342
R
P 0x7f2a7c191628
P 0x7f2a7c48de08
C 258
R
P 0x7f2a7c191628
C 342
R
P 0x7f2a7c191628
P 0x7f2a7c48de08
C 9
R
P 0x7f2a7c191628
C 342
R
P 0x7f2a7c191628
I 4
P 0x7f2a7c19b208
C 150
= 0x7f2a7c19c028
R
P 0x7f2a7c191628
C 342
R
P 0x7f2a7c191628
P 0x7f2a7c19c028
C 258
R
P 0x7f2a7c191628
C 342
R
P 0x7f2a7c191628
P 0x7f2a7c19c028
C 9
R
P 0x7f2a7c191628
C 342
R
P 0x7f2a7c191628
I 1
P 0x7f2a7c19b208
C 150
= 0x7f2a7c19bc88
R
P 0x7f2a7c191628
C 342
R
P 0x7f2a7c191628
P 0x7f2a7c19bc88
C 258
R
P 0x7f2a7c191628
C 342
R
P 0x7f2a7c191628
P 0x7f2a7c19bc88
C 9
R
P 0x7f2a7c191628
C 342
R
P 0x7f2a7c191628
P 0x7f2a7c19c028
P 0x7f2a7c19bc88
C 75
= 0x7f2a7c487390
R
P 0x7f2a7c191628
C 342
R
P 0x7f2a7c191628
P 0x7f2a7c487390
C 258
R
P 0x7f2a7c191628
C 342
R
P 0x7f2a7c191628
P 0x7f2a7c487390
C 9
R
P 0x7f2a7c191628
C 342
R
P 0x7f2a7c191628
I 1
P 0x7f2a7c19b208
C 150
= 0x7f2a7c19bc88
R
P 0x7f2a7c191628
C 342
R
P 0x7f2a7c191628
P 0x7f2a7c19bc88
C 258
R
P 0x7f2a7c191628
C 342
R
P 0x7f2a7c191628
P 0x7f2a7c19bc88
C 9
R
P 0x7f2a7c191628
C 342
R
P 0x7f2a7c191628
U 2
P 0x7f2a7c19c028
P 0x7f2a7c19bc88
p 2
C 67
= 0x7f2a7c4873c8
R
P 0x7f2a7c191628
C 342
R
P 0x7f2a7c191628
P 0x7f2a7c4873c8
C 257
R
P 0x7f2a7c191628
C 342
R
P 0x7f2a7c191628
P 0x7f2a7c4873c8
C 254
= 0x7f2a7c19b208
R
P 0x7f2a7c191628
C 342
R
P 0x7f2a7c191628
P 0x7f2a7c19b208
C 209
R
P 0x7f2a7c191628
C 342
R
P 0x7f2a7c191628
P 0x7f2a7c4873c8
C 260
R
P 0x7f2a7c191628
C 342
R
P 0x7f2a7c191628
P 0x7f2a7c4873c8
C 259
R
P 0x7f2a7c191628
C 342
R
P 0x7f2a7c191628
P 0x7f2a7c4873c8
C 258
R
P 0x7f2a7c191628
C 342
R
P 0x7f2a7c191628
P 0x7f2a7c4873c8
C 9
R
P 0x7f2a7c191628
C 342
R
P 0x7f2a7c191628
U 2
P 0x7f2a7c19bba8
P 0x7f2a7c4873c8
p 2
C 66
= 0x7f2a7c487400
R
P 0x7f2a7c191628
C 342
R
P 0x7f2a7c191628
P 0x7f2a7c487400
C 257
R
P 0x7f2a7c191628
C 342
R
P 0x7f2a7c191628
P 0x7f2a7c487400
C 254
= 0x7f2a7c19b1e8
R
P 0x7f2a7c191628
C 342
R
P 0x7f2a7c191628
P 0x7f2a7c19b1e8
C 209
R
P 0x7f2a7c191628
C 342
R
P 0x7f2a7c191628
P 0x7f2a7c487400
C 260
R
P 0x7f2a7c191628
C 342
R
P 0x7f2a7c191628
P 0x7f2a7c487400
C 259
R
P 0x7f2a7c191628
C 342
R
P 0x7f2a7c191628
P 0x7f2a7c487400
C 258
R
P 0x7f2a7c191628
C 342
R
P 0x7f2a7c191628
P 0x7f2a7c487400
C 9
R
P 0x7f2a7c191628
C 342
R
P 0x7f2a7c191628
U 2
P 0x7f2a7c19bc28
P 0x7f2a7c487400
p 2
C 65
= 0x7f2a7c487438
R
P 0x7f2a7c191628
C 342
R
P 0x7f2a7c191628
P 0x7f2a7c487438
C 257
R
P 0x7f2a7c191628
C 342
R
P 0x7f2a7c191628
P 0x7f2a7c487438
C 254
= 0x7f2a7c19b1e8
R
P 0x7f2a7c191628
C 342
R
P 0x7f2a7c191628
P 0x7f2a7c19b1e8
C 209
R
P 0x7f2a7c191628
C 342
R
P 0x7f2a7c191628
P 0x7f2a7c487438
C 260
R
P 0x7f2a7c191628
C 342
R
P 0x7f2a7c191628
P 0x7f2a7c487438
C 259
R
P 0x7f2a7c191628
C 342
R
P 0x7f2a7c191628
P 0x7f2a7c487438
C 258
R
P 0x7f2a7c191628
C 342
R
P 0x7f2a7c191628
P 0x7f2a7c487438
C 9
R
P 0x7f2a7c191628
C 342
R
P 0x7f2a7c191628
P 0x7f2a7c487390
P 0x7f2a7c487438
P 0x7f2a7c19bc28
C 59
= 0x7f2a7c19f9c8
R
P 0x7f2a7c191628
C 342
R
P 0x7f2a7c191628
P 0x7f2a7c19f9c8
C 257
R
P 0x7f2a7c191628
C 342
R
P 0x7f2a7c191628
P 0x7f2a7c19f9c8
C 254
= 0x7f2a7c19b1e8
R
P 0x7f2a7c191628
C 342
R
P 0x7f2a7c191628
P 0x7f2a7c19b1e8
C 209
R
P 0x7f2a7c191628
C 342
R
P 0x7f2a7c191628
P 0x7f2a7c19f9c8
C 260
R
P 0x7f2a7c191628
C 342
R
P 0x7f2a7c191628
P 0x7f2a7c19f9c8
C 259
R
P 0x7f2a7c191628
C 342
R
P 0x7f2a7c191628
P 0x7f2a7c19f9c8
C 258
R
P 0x7f2a7c191628
C 342
R
P 0x7f2a7c191628
P 0x7f2a7c19f9c8
C 9
R
P 0x7f2a7c191628
C 342
R
P 0x7f2a7c191628
U 2
P 0x7f2a7c19f9c8
P 0x7f2a7c19bb48
p 2
C 65
= 0x7f2a7c487470
R
P 0x7f2a7c191628
C 342
R
P 0x7f2a7c191628
P 0x7f2a7c487470
C 257
R
P 0x7f2a7c191628
C 342
R
P 0x7f2a7c191628
P 0x7f2a7c487470
C 254
= 0x7f2a7c19b1e8
R
P 0x7f2a7c191628
C 342
R
P 0x7f2a7c191628
P 0x7f2a7c19b1e8
C 209
R
P 0x7f2a7c191628
C 342
R
P 0x7f2a7c191628
P 0x7f2a7c487470
C 260
R
P 0x7f2a7c191628
C 342
R
P 0x7f2a7c191628
P 0x7f2a7c487470
C 259
R
P 0x7f2a7c191628
C 342
R
P 0x7f2a7c191628
P 0x7f2a7c487470
C 258
R
P 0x7f2a7c191628
C 342
R
P 0x7f2a7c191628
P 0x7f2a7c487470
C 9
R
P 0x7f2a7c191628
C 342
R
P 0x7f2a7c191628
I 2
P 0x7f2a7c19b208
C 150
= 0x7f2a7c19bcc8
R
P 0x7f2a7c191628
C 342
R
P 0x7f2a7c191628
P 0x7f2a7c19bcc8
C 258
R
P 0x7f2a7c191628
C 342
R
P 0x7f2a7c191628
P 0x7f2a7c19bcc8
C 9
R
P 0x7f2a7c191628
C 342
R
P 0x7f2a7c191628
I 1
P 0x7f2a7c19b208
C 150
= 0x7f2a7c19bc88
R
P 0x7f2a7c191628
C 342
R
P 0x7f2a7c191628
P 0x7f2a7c19bc88
C 258
R
P 0x7f2a7c191628
C 342
R
P 0x7f2a7c191628
P 0x7f2a7c19bc88
C 9
R
P 0x7f2a7c191628
C 342
R
P 0x7f2a7c191628
P 0x7f2a7c19bcc8
P 0x7f2a7c19bc88
C 75
= 0x7f2a7c1a1890
R
P 0x7f2a7c191628
C 342
R
P 0x7f2a7c191628
P 0x7f2a7c1a1890
C 258
R
P 0x7f2a7c191628
C 342
R
P 0x7f2a7c191628
P 0x7f2a7c1a1890
C 9
R
P 0x7f2a7c191628
C 342
R
P 0x7f2a7c191628
I 1
P 0x7f2a7c19b208
C 150
= 0x7f2a7c19bc88
R
P 0x7f2a7c191628
C 342
R
P 0x7f2a7c191628
P 0x7f2a7c19bc88
C 258
R
P 0x7f2a7c191628
C 342
R
P 0x7f2a7c191628
P 0x7f2a7c19bc88
C 9
R
P 0x7f2a7c191628
C 342
R
P 0x7f2a7c191628
U 2
P 0x7f2a7c19bcc8
P 0x7f2a7c19bc88
p 2
C 67
= 0x7f2a7c1a18c8
R
P 0x7f2a7c191628
C 342
R
P 0x7f2a7c191628
P 0x7f2a7c1a18c8
C 257
R
P 0x7f2a7c191628
C 342
R
P 0x7f2a7c191628
P 0x7f2a7c1a18c8
C 254
= 0x7f2a7c19b208
R
P 0x7f2a7c191628
C 342
R
P 0x7f2a7c191628
P 0x7f2a7c19b208
C 209
R
P 0x7f2a7c191628
C 342
R
P 0x7f2a7c191628
P 0x7f2a7c1a18c8
C 260
R
P 0x7f2a7c191628
C 342
R
P 0x7f2a7c191628
P 0x7f2a7c1a18c8
C 259
R
P 0x7f2a7c191628
C 342
R
P 0x7f2a7c191628
P 0x7f2a7c1a18c8
C 258
R
P 0x7f2a7c191628
C 342
R
P 0x7f2a7c191628
P 0x7f2a7c1a18c8
C 9
R
P 0x7f2a7c191628
C 342
R
P 0x7f2a7c191628
U 2
P 0x7f2a7c19bbe8
P 0x7f2a7c1a18c8
p 2
C 66
= 0x7f2a7c487d68
R
P 0x7f2a7c191628
C 342
R
P 0x7f2a7c191628
P 0x7f2a7c487d68
C 257
R
P 0x7f2a7c191628
C 342
R
P 0x7f2a7c191628
P 0x7f2a7c487d68
C 254
= 0x7f2a7c19b208
R
P 0x7f2a7c191628
C 342
R
P 0x7f2a7c191628
P 0x7f2a7c19b208
C 209
R
P 0x7f2a7c191628
C 342
R
P 0x7f2a7c191628
P 0x7f2a7c487d68
C 260
R
P 0x7f2a7c191628
C 342
R
P 0x7f2a7c191628
P 0x7f2a7c487d68
C 259
R
P 0x7f2a7c191628
C 342
R
P 0x7f2a7c191628
P 0x7f2a7c487d68
C 258
R
P 0x7f2a7c191628
C 342
R
P 0x7f2a7c191628
P 0x7f2a7c487d68
C 9
R
P 0x7f2a7c191628
C 342
R
P 0x7f2a7c191628
U 2
P 0x7f2a7c19bb88
P 0x7f2a7c487d68
p 2
C 65
= 0x7f2a7c487da0
R
P 0x7f2a7c191628
C 342
R
P 0x7f2a7c191628
P 0x7f2a7c487da0
C 257
R
P 0x7f2a7c191628
C 342
R
P 0x7f2a7c191628
P 0x7f2a7c487da0
C 254
= 0x7f2a7c19b1e8
R
P 0x7f2a7c191628
C 342
R
P 0x7f2a7c191628
P 0x7f2a7c19b1e8
C 209
R
P 0x7f2a7c191628
C 342
R
P 0x7f2a7c191628
P 0x7f2a7c487da0
C 260
R
P 0x7f2a7c191628
C 342
R
P 0x7f2a7c191628
P 0x7f2a7c487da0
C 259
R
P 0x7f2a7c191628
C 342
R
P 0x7f2a7c191628
P 0x7f2a7c487da0
C 258
R
P 0x7f2a7c191628
C 342
R
P 0x7f2a7c191628
P 0x7f2a7c487da0
C 9
R
P 0x7f2a7c191628
C 342
R
P 0x7f2a7c191628
P 0x7f2a7c1a1890
P 0x7f2a7c487da0
P 0x7f2a7c19bb88
C 59
= 0x7f2a7c19fa88
R
P 0x7f2a7c191628
C 342
R
P 0x7f2a7c191628
P 0x7f2a7c19fa88
C 257
R
P 0x7f2a7c191628
C 342
R
P 0x7f2a7c191628
P 0x7f2a7c19fa88
C 254
= 0x7f2a7c19b1e8
R
P 0x7f2a7c191628
C 342
R
P 0x7f2a7c191628
P 0x7f2a7c19b1e8
C 209
R
P 0x7f2a7c191628
C 342
R
P 0x7f2a7c191628
P 0x7f2a7c19fa88
C 260
R
P 0x7f2a7c191628
C 342
R
P 0x7f2a7c191628
P 0x7f2a7c19fa88
C 259
R
P 0x7f2a7c191628
C 342
R
P 0x7f2a7c191628
P 0x7f2a7c19fa88
C 258
R
P 0x7f2a7c191628
C 342
R
P 0x7f2a7c191628
P 0x7f2a7c19fa88
C 9
R
P 0x7f2a7c191628
C 342
R
P 0x7f2a7c191628
U 2
P 0x7f2a7c19fa88
P 0x7f2a7c19bbe8
p 2
C 65
= 0x7f2a7c48c108
R
P 0x7f2a7c191628
C 342
R
P 0x7f2a7c191628
P 0x7f2a7c48c108
C 257
R
P 0x7f2a7c191628
C 342
R
P 0x7f2a7c191628
P 0x7f2a7c48c108
C 254
= 0x7f2a7c19b1e8
R
P 0x7f2a7c191628
C 342
R
P 0x7f2a7c191628
P 0x7f2a7c19b1e8
C 209
R
P 0x7f2a7c191628
C 342
R
P 0x7f2a7c191628
P 0x7f2a7c48c108
C 260
R
P 0x7f2a7c191628
C 342
R
P 0x7f2a7c191628
P 0x7f2a7c48c108
C 259
R
P 0x7f2a7c191628
C 342
R
P 0x7f2a7c191628
P 0x7f2a7c48c108
C 258
R
P 0x7f2a7c191628
C 342
R
P 0x7f2a7c191628
P 0x7f2a7c48c108
C 9
R
P 0x7f2a7c191628
C 342
R
P 0x7f2a7c191628
P 0x7f2a7c487470
P 0x7f2a7c48c108
C 74
= 0x7f2a7c48de40
R
P 0x7f2a7c191628
C 342
R
P 0x7f2a7c191628
P 0x7f2a7c48de40
C 258
R
P 0x7f2a7c191628
C 342
R
P 0x7f2a7c191628
P 0x7f2a7c48de40
C 9
R
P 0x7f2a7c191628
C 342
R
P 0x7f2a7c191628
U 2
P 0x7f2a7c48de08
P 0x7f2a7c48de40
p 2
C 63
= 0x7f2a7c48de78
R
P 0x7f2a7c191628
C 342
R
P 0x7f2a7c191628
P 0x7f2a7c48de78
C 258
R
P 0x7f2a7c191628
C 342
R
P 0x7f2a7c191628
P 0x7f2a7c48de78
C 9
R
P 0x7f2a7c191628
C 342
R
P 0x7f2a7c191628
I 4
P 0x7f2a7c19b208
C 150
= 0x7f2a7c19c028
R
P 0x7f2a7c191628
C 342
R
P 0x7f2a7c191628
P 0x7f2a7c19c028
C 258
R
P 0x7f2a7c191628
C 342
R
P 0x7f2a7c191628
P 0x7f2a7c19c028
C 9
R
P 0x7f2a7c191628
C 342
R
P 0x7f2a7c191628
P 0x7f2a7c19c028
C 263
R
P 0x7f2a7c191628
C 342
R
P 0x7f2a7c191628
S "dev0T34"
C 30
R
P 0x7f2a7c191628
C 342
R
P 0x7f2a7c191628
$ |dev0T34|
C 202
R
P 0x7f2a7c191628
C 342
R
P 0x7f2a7c191628
$ |dev0T34|
P 0x7f2a7c19b1e8
C 51
= 0x7f2a7c19c248
R
P 0x7f2a7c191628
C 342
R
P 0x7f2a7c191628
P 0x7f2a7c19c248
C 257
R
P 0x7f2a7c191628
C 342
R
P 0x7f2a7c191628
P 0x7f2a7c19c248
C 254
= 0x7f2a7c19b1e8
R
P 0x7f2a7c191628
C 342
R
P 0x7f2a7c191628
P 0x7f2a7c19b1e8
C 209
R
P 0x7f2a7c191628
C 342
R
P 0x7f2a7c191628
P 0x7f2a7c19c248
C 260
R
P 0x7f2a7c191628
C 342
R
P 0x7f2a7c191628
P 0x7f2a7c19c248
C 259
R
P 0x7f2a7c191628
C 342
R
P 0x7f2a7c191628
P 0x7f2a7c19c248
C 258
R
P 0x7f2a7c191628
C 342
R
P 0x7f2a7c191628
P 0x7f2a7c19c248
C 9
R
P 0x7f2a7c191628
C 342
R
P 0x7f2a7c191628
P 0x7f2a7c19bc68
C 333
R
P 0x7f2a7c191628
C 342
R
P 0x7f2a7c191628
S "slotflowPriorityStart"
C 30
R
P 0x7f2a7c191628
C 342
R
P 0x7f2a7c191628
$ |slotflowPriorityStart|
C 202
R
P 0x7f2a7c191628
C 342
R
P 0x7f2a7c191628
$ |slotflowPriorityStart|
P 0x7f2a7c19b1e8
C 51
= 0x7f2a7c19c2a8
R
P 0x7f2a7c191628
C 342
R
P 0x7f2a7c191628
P 0x7f2a7c19c2a8
C 257
R
P 0x7f2a7c191628
C 342
R
P 0x7f2a7c191628
P 0x7f2a7c19c2a8
C 254
= 0x7f2a7c19b1e8
R
P 0x7f2a7c191628
C 342
R
P 0x7f2a7c191628
P 0x7f2a7c19b1e8
C 209
R
P 0x7f2a7c191628
C 342
R
P 0x7f2a7c191628
P 0x7f2a7c19c2a8
C 260
R
P 0x7f2a7c191628
C 342
R
P 0x7f2a7c191628
P 0x7f2a7c19c2a8
C 259
R
P 0x7f2a7c191628
C 342
R
P 0x7f2a7c191628
P 0x7f2a7c19c2a8
C 258
R
P 0x7f2a7c191628
C 342
R
P 0x7f2a7c191628
P 0x7f2a7c19c2a8
C 9
R
P 0x7f2a7c191628
C 342
R
P 0x7f2a7c191628
P 0x7f2a7c19bc68
C 333
R
P 0x7f2a7c191628
C 342
R
P 0x7f2a7c191628
S "slotflowPriorityDuration"
C 30
R
P 0x7f2a7c191628
C 342
R
P 0x7f2a7c191628
$ |slotflowPriorityDuration|
C 202
R
P 0x7f2a7c191628
C 342
R
P 0x7f2a7c191628
$ |slotflowPriorityDuration|
P 0x7f2a7c19b1e8
C 51
= 0x7f2a7c19c268
R
P 0x7f2a7c191628
C 342
R
P 0x7f2a7c191628
P 0x7f2a7c19c268
C 257
R
P 0x7f2a7c191628
C 342
R
P 0x7f2a7c191628
P 0x7f2a7c19c268
C 254
= 0x7f2a7c19b1e8
R
P 0x7f2a7c191628
C 342
R
P 0x7f2a7c191628
P 0x7f2a7c19b1e8
C 209
R
P 0x7f2a7c191628
C 342
R
P 0x7f2a7c191628
P 0x7f2a7c19c268
C 260
R
P 0x7f2a7c191628
C 342
R
P 0x7f2a7c191628
P 0x7f2a7c19c268
C 259
R
P 0x7f2a7c191628
C 342
R
P 0x7f2a7c191628
P 0x7f2a7c19c268
C 258
R
P 0x7f2a7c191628
C 342
R
P 0x7f2a7c191628
P 0x7f2a7c19c268
C 9
R
P 0x7f2a7c191628
C 342
R
P 0x7f2a7c191628
U 2
P 0x7f2a7c19c2a8
P 0x7f2a7c19c268
p 2
C 65
= 0x7f2a7c487908
R
P 0x7f2a7c191628
C 342
R
P 0x7f2a7c191628
P 0x7f2a7c487908
C 257
R
P 0x7f2a7c191628
C 342
R
P 0x7f2a7c191628
P 0x7f2a7c487908
C 254
= 0x7f2a7c19b1e8
R
P 0x7f2a7c191628
C 342
R
P 0x7f2a7c191628
P 0x7f2a7c19b1e8
C 209
R
P 0x7f2a7c191628
C 342
R
P 0x7f2a7c191628
P 0x7f2a7c487908
C 260
R
P 0x7f2a7c191628
C 342
R
P 0x7f2a7c191628
P 0x7f2a7c487908
C 259
R
P 0x7f2a7c191628
C 342
R
P 0x7f2a7c191628
P 0x7f2a7c487908
C 258
R
P 0x7f2a7c191628
C 342
R
P 0x7f2a7c191628
P 0x7f2a7c487908
C 9
R
P 0x7f2a7c191628
C 342
R
P 0x7f2a7c191628
I 3
P 0x7f2a7c19b208
C 150
= 0x7f2a7c19bfc8
R
P 0x7f2a7c191628
C 342
R
P 0x7f2a7c191628
P 0x7f2a7c19bfc8
C 258
R
P 0x7f2a7c191628
C 342
R
P 0x7f2a7c191628
P 0x7f2a7c19bfc8
C 9
R
P 0x7f2a7c191628
C 342
R
P 0x7f2a7c191628
I 1
P 0x7f2a7c19b208
C 150
= 0x7f2a7c19bc88
R
P 0x7f2a7c191628
C 342
R
P 0x7f2a7c191628
P 0x7f2a7c19bc88
C 258
R
P 0x7f2a7c191628
C 342
R
P 0x7f2a7c191628
P 0x7f2a7c19bc88
C 9
R
P 0x7f2a7c191628
C 342
R
P 0x7f2a7c191628
P 0x7f2a7c19bfc8
P 0x7f2a7c19bc88
C 75
= 0x7f2a7c487208
R
P 0x7f2a7c191628
C 342
R
P 0x7f2a7c191628
P 0x7f2a7c487208
C 258
R
P 0x7f2a7c191628
C 342
R
P 0x7f2a7c191628
P 0x7f2a7c487208
C 9
R
P 0x7f2a7c191628
C 342
R
P 0x7f2a7c191628
I 1
P 0x7f2a7c19b208
C 150
= 0x7f2a7c19bc88
R
P 0x7f2a7c191628
C 342
R
P 0x7f2a7c191628
P 0x7f2a7c19bc88
C 258
R
P 0x7f2a7c191628
C 342
R
P 0x7f2a7c191628
P 0x7f2a7c19bc88
C 9
R
P 0x7f2a7c191628
C 342
R
P 0x7f2a7c191628
U 2
P 0x7f2a7c19bfc8
P 0x7f2a7c19bc88
p 2
C 67
= 0x7f2a7c487240
R
P 0x7f2a7c191628
C 342
R
P 0x7f2a7c191628
P 0x7f2a7c487240
C 257
R
P 0x7f2a7c191628
C 342
R
P 0x7f2a7c191628
P 0x7f2a7c487240
C 254
= 0x7f2a7c19b208
R
P 0x7f2a7c191628
C 342
R
P 0x7f2a7c191628
P 0x7f2a7c19b208
C 209
R
P 0x7f2a7c191628
C 342
R
P 0x7f2a7c191628
P 0x7f2a7c487240
C 260
R
P 0x7f2a7c191628
C 342
R
P 0x7f2a7c191628
P 0x7f2a7c487240
C 259
R
P 0x7f2a7c191628
C 342
R
P 0x7f2a7c191628
P 0x7f2a7c487240
C 258
R
P 0x7f2a7c191628
C 342
R
P 0x7f2a7c191628
P 0x7f2a7c487240
C 9
R
P 0x7f2a7c191628
C 342
R
P 0x7f2a7c191628
U 2
P 0x7f2a7c19bbe8
P 0x7f2a7c487240
p 2
C 66
= 0x7f2a7c487f60
R
P 0x7f2a7c191628
C 342
R
P 0x7f2a7c191628
P 0x7f2a7c487f60
C 257
R
P 0x7f2a7c191628
C 342
R
P 0x7f2a7c191628
P 0x7f2a7c487f60
C 254
= 0x7f2a7c19b208
R
P 0x7f2a7c191628
C 342
R
P 0x7f2a7c191628
P 0x7f2a7c19b208
C 209
R
P 0x7f2a7c191628
C 342
R
P 0x7f2a7c191628
P 0x7f2a7c487f60
C 260
R
P 0x7f2a7c191628
C 342
R
P 0x7f2a7c191628
P 0x7f2a7c487f60
C 259
R
P 0x7f2a7c191628
C 342
R
P 0x7f2a7c191628
P 0x7f2a7c487f60
C 258
R
P 0x7f2a7c191628
C 342
R
P 0x7f2a7c191628
P 0x7f2a7c487f60
C 9
R
P 0x7f2a7c191628
C 342
R
P 0x7f2a7c191628
U 2
P 0x7f2a7c19bb88
P 0x7f2a7c487f60
p 2
C 65
= 0x7f2a7c487f98
R
P 0x7f2a7c191628
C 342
R
P 0x7f2a7c191628
P 0x7f2a7c487f98
C 257
R
P 0x7f2a7c191628
C 342
R
P 0x7f2a7c191628
P 0x7f2a7c487f98
C 254
= 0x7f2a7c19b1e8
R
P 0x7f2a7c191628
C 342
R
P 0x7f2a7c191628
P 0x7f2a7c19b1e8
C 209
R
P 0x7f2a7c191628
C 342
R
P 0x7f2a7c191628
P 0x7f2a7c487f98
C 260
R
P 0x7f2a7c191628
C 342
R
P 0x7f2a7c191628
P 0x7f2a7c487f98
C 259
R
P 0x7f2a7c191628
C 342
R
P 0x7f2a7c191628
P 0x7f2a7c487f98
C 258
R
P 0x7f2a7c191628
C 342
R
P 0x7f2a7c191628
P 0x7f2a7c487f98
C 9
R
P 0x7f2a7c191628
C 342
R
P 0x7f2a7c191628
P 0x7f2a7c487208
P 0x7f2a7c487f98
P 0x7f2a7c19bb88
C 59
= 0x7f2a7c19fac8
R
P 0x7f2a7c191628
C 342
R
P 0x7f2a7c191628
P 0x7f2a7c19fac8
C 257
R
P 0x7f2a7c191628
C 342
R
P 0x7f2a7c191628
P 0x7f2a7c19fac8
C 254
= 0x7f2a7c19b1e8
R
P 0x7f2a7c191628
C 342
R
P 0x7f2a7c191628
P 0x7f2a7c19b1e8
C 209
R
P 0x7f2a7c191628
C 342
R
P 0x7f2a7c191628
P 0x7f2a7c19fac8
C 260
R
P 0x7f2a7c191628
C 342
R
P 0x7f2a7c191628
P 0x7f2a7c19fac8
C 259
R
P 0x7f2a7c191628
C 342
R
P 0x7f2a7c191628
P 0x7f2a7c19fac8
C 258
R
P 0x7f2a7c191628
C 342
R
P 0x7f2a7c191628
P 0x7f2a7c19fac8
C 9
R
P 0x7f2a7c191628
C 342
R
P 0x7f2a7c191628
U 2
P 0x7f2a7c487908
P 0x7f2a7c19fac8
p 2
C 65
= 0x7f2a7c487fd0
R
P 0x7f2a7c191628
C 342
R
P 0x7f2a7c191628
P 0x7f2a7c487fd0
C 257
R
P 0x7f2a7c191628
C 342
R
P 0x7f2a7c191628
P 0x7f2a7c487fd0
C 254
= 0x7f2a7c19b1e8
R
P 0x7f2a7c191628
C 342
R
P 0x7f2a7c191628
P 0x7f2a7c19b1e8
C 209
R
P 0x7f2a7c191628
C 342
R
P 0x7f2a7c191628
P 0x7f2a7c487fd0
C 260
R
P 0x7f2a7c191628
C 342
R
P 0x7f2a7c191628
P 0x7f2a7c487fd0
C 259
R
P 0x7f2a7c191628
C 342
R
P 0x7f2a7c191628
P 0x7f2a7c487fd0
C 258
R
P 0x7f2a7c191628
C 342
R
P 0x7f2a7c191628
P 0x7f2a7c487fd0
C 9
R
P 0x7f2a7c191628
C 342
R
P 0x7f2a7c191628
P 0x7f2a7c19c248
P 0x7f2a7c487fd0
C 74
= 0x7f2a7c48bb90
R
P 0x7f2a7c191628
C 342
R
P 0x7f2a7c191628
P 0x7f2a7c48bb90
C 258
R
P 0x7f2a7c191628
C 342
R
P 0x7f2a7c191628
P 0x7f2a7c48bb90
C 9
R
P 0x7f2a7c191628
C 342
R
P 0x7f2a7c191628
I 4
P 0x7f2a7c19b208
C 150
= 0x7f2a7c19c028
R
P 0x7f2a7c191628
C 342
R
P 0x7f2a7c191628
P 0x7f2a7c19c028
C 258
R
P 0x7f2a7c191628
C 342
R
P 0x7f2a7c191628
P 0x7f2a7c19c028
C 9
R
P 0x7f2a7c191628
C 342
R
P 0x7f2a7c191628
P 0x7f2a7c19c028
C 263
R
P 0x7f2a7c191628
C 342
R
P 0x7f2a7c191628
S "dev0T34"
C 30
R
P 0x7f2a7c191628
C 342
R
P 0x7f2a7c191628
$ |dev0T34|
C 202
R
P 0x7f2a7c191628
C 342
R
P 0x7f2a7c191628
$ |dev0T34|
P 0x7f2a7c19b1e8
C 51
= 0x7f2a7c19c248
R
P 0x7f2a7c191628
C 342
R
P 0x7f2a7c191628
P 0x7f2a7c19c248
C 257
R
P 0x7f2a7c191628
C 342
R
P 0x7f2a7c191628
P 0x7f2a7c19c248
C 254
= 0x7f2a7c19b1e8
R
P 0x7f2a7c191628
C 342
R
P 0x7f2a7c191628
P 0x7f2a7c19b1e8
C 209
R
P 0x7f2a7c191628
C 342
R
P 0x7f2a7c191628
P 0x7f2a7c19c248
C 260
R
P 0x7f2a7c191628
C 342
R
P 0x7f2a7c191628
P 0x7f2a7c19c248
C 259
R
P 0x7f2a7c191628
C 342
R
P 0x7f2a7c191628
P 0x7f2a7c19c248
C 258
R
P 0x7f2a7c191628
C 342
R
P 0x7f2a7c191628
P 0x7f2a7c19c248
C 9
R
P 0x7f2a7c191628
C 342
R
P 0x7f2a7c191628
P 0x7f2a7c19bc68
C 333
R
P 0x7f2a7c191628
C 342
R
P 0x7f2a7c191628
S "slotflowPriorityStart"
C 30
R
P 0x7f2a7c191628
C 342
R
P 0x7f2a7c191628
$ |slotflowPriorityStart|
C 202
R
P 0x7f2a7c191628
C 342
R
P 0x7f2a7c191628
$ |slotflowPriorityStart|
P 0x7f2a7c19b1e8
C 51
= 0x7f2a7c19c2a8
R
P 0x7f2a7c191628
C 342
R
P 0x7f2a7c191628
P 0x7f2a7c19c2a8
C 257
R
P 0x7f2a7c191628
C 342
R
P 0x7f2a7c191628
P 0x7f2a7c19c2a8
C 254
= 0x7f2a7c19b1e8
R
P 0x7f2a7c191628
C 342
R
P 0x7f2a7c191628
P 0x7f2a7c19b1e8
C 209
R
P 0x7f2a7c191628
C 342
R
P 0x7f2a7c191628
P 0x7f2a7c19c2a8
C 260
R
P 0x7f2a7c191628
C 342
R
P 0x7f2a7c191628
P 0x7f2a7c19c2a8
C 259
R
P 0x7f2a7c191628
C 342
R
P 0x7f2a7c191628
P 0x7f2a7c19c2a8
C 258
R
P 0x7f2a7c191628
C 342
R
P 0x7f2a7c191628
P 0x7f2a7c19c2a8
C 9
R
P 0x7f2a7c191628
C 342
R
P 0x7f2a7c191628
I 2
P 0x7f2a7c19b208
C 150
= 0x7f2a7c19bcc8
R
P 0x7f2a7c191628
C 342
R
P 0x7f2a7c191628
P 0x7f2a7c19bcc8
C 258
R
P 0x7f2a7c191628
C 342
R
P 0x7f2a7c191628
P 0x7f2a7c19bcc8
C 9
R
P 0x7f2a7c191628
C 342
R
P 0x7f2a7c191628
I 1
P 0x7f2a7c19b208
C 150
= 0x7f2a7c19bc88
R
P 0x7f2a7c191628
C 342
R
P 0x7f2a7c191628
P 0x7f2a7c19bc88
C 258
R
P 0x7f2a7c191628
C 342
R
P 0x7f2a7c191628
P 0x7f2a7c19bc88
C 9
R
P 0x7f2a7c191628
C 342
R
P 0x7f2a7c191628
P 0x7f2a7c19bcc8
P 0x7f2a7c19bc88
C 75
= 0x7f2a7c1a1890
R
P 0x7f2a7c191628
C 342
R
P 0x7f2a7c191628
P 0x7f2a7c1a1890
C 258
R
P 0x7f2a7c191628
C 342
R
P 0x7f2a7c191628
P 0x7f2a7c1a1890
C 9
R
P 0x7f2a7c191628
C 342
R
P 0x7f2a7c191628
I 1
P 0x7f2a7c19b208
C 150
= 0x7f2a7c19bc88
R
P 0x7f2a7c191628
C 342
R
P 0x7f2a7c191628
P 0x7f2a7c19bc88
C 258
R
P 0x7f2a7c191628
C 342
R
P 0x7f2a7c191628
P 0x7f2a7c19bc88
C 9
R
P 0x7f2a7c191628
C 342
R
P 0x7f2a7c191628
U 2
P 0x7f2a7c19bcc8
P 0x7f2a7c19bc88
p 2
C 67
= 0x7f2a7c1a18c8
R
P 0x7f2a7c191628
C 342
R
P 0x7f2a7c191628
P 0x7f2a7c1a18c8
C 257
R
P 0x7f2a7c191628
C 342
R
P 0x7f2a7c191628
P 0x7f2a7c1a18c8
C 254
= 0x7f2a7c19b208
R
P 0x7f2a7c191628
C 342
R
P 0x7f2a7c191628
P 0x7f2a7c19b208
C 209
R
P 0x7f2a7c191628
C 342
R
P 0x7f2a7c191628
P 0x7f2a7c1a18c8
C 260
R
P 0x7f2a7c191628
C 342
R
P 0x7f2a7c191628
P 0x7f2a7c1a18c8
C 259
R
P 0x7f2a7c191628
C 342
R
P 0x7f2a7c191628
P 0x7f2a7c1a18c8
C 258
R
P 0x7f2a7c191628
C 342
R
P 0x7f2a7c191628
P 0x7f2a7c1a18c8
C 9
R
P 0x7f2a7c191628
C 342
R
P 0x7f2a7c191628
U 2
P 0x7f2a7c19bbe8
P 0x7f2a7c1a18c8
p 2
C 66
= 0x7f2a7c487d68
R
P 0x7f2a7c191628
C 342
R
P 0x7f2a7c191628
P 0x7f2a7c487d68
C 257
R
P 0x7f2a7c191628
C 342
R
P 0x7f2a7c191628
P 0x7f2a7c487d68
C 254
= 0x7f2a7c19b208
R
P 0x7f2a7c191628
C 342
R
P 0x7f2a7c191628
P 0x7f2a7c19b208
C 209
R
P 0x7f2a7c191628
C 342
R
P 0x7f2a7c191628
P 0x7f2a7c487d68
C 260
R
P 0x7f2a7c191628
C 342
R
P 0x7f2a7c191628
P 0x7f2a7c487d68
C 259
R
P 0x7f2a7c191628
C 342
R
P 0x7f2a7c191628
P 0x7f2a7c487d68
C 258
R
P 0x7f2a7c191628
C 342
R
P 0x7f2a7c191628
P 0x7f2a7c487d68
C 9
R
P 0x7f2a7c191628
C 342
R
P 0x7f2a7c191628
U 2
P 0x7f2a7c19bb88
P 0x7f2a7c487d68
p 2
C 65
= 0x7f2a7c487da0
R
P 0x7f2a7c191628
C 342
R
P 0x7f2a7c191628
P 0x7f2a7c487da0
C 257
R
P 0x7f2a7c191628
C 342
R
P 0x7f2a7c191628
P 0x7f2a7c487da0
C 254
= 0x7f2a7c19b1e8
R
P 0x7f2a7c191628
C 342
R
P 0x7f2a7c191628
P 0x7f2a7c19b1e8
C 209
R
P 0x7f2a7c191628
C 342
R
P 0x7f2a7c191628
P 0x7f2a7c487da0
C 260
R
P 0x7f2a7c191628
C 342
R
P 0x7f2a7c191628
P 0x7f2a7c487da0
C 259
R
P 0x7f2a7c191628
C 342
R
P 0x7f2a7c191628
P 0x7f2a7c487da0
C 258
R
P 0x7f2a7c191628
C 342
R
P 0x7f2a7c191628
P 0x7f2a7c487da0
C 9
R
P 0x7f2a7c191628
C 342
R
P 0x7f2a7c191628
P 0x7f2a7c1a1890
P 0x7f2a7c487da0
P 0x7f2a7c19bb88
C 59
= 0x7f2a7c19fa88
R
P 0x7f2a7c191628
C 342
R
P 0x7f2a7c191628
P 0x7f2a7c19fa88
C 257
R
P 0x7f2a7c191628
C 342
R
P 0x7f2a7c191628
P 0x7f2a7c19fa88
C 254
= 0x7f2a7c19b1e8
R
P 0x7f2a7c191628
C 342
R
P 0x7f2a7c191628
P 0x7f2a7c19b1e8
C 209
R
P 0x7f2a7c191628
C 342
R
P 0x7f2a7c191628
P 0x7f2a7c19fa88
C 260
R
P 0x7f2a7c191628
C 342
R
P 0x7f2a7c191628
P 0x7f2a7c19fa88
C 259
R
P 0x7f2a7c191628
C 342
R
P 0x7f2a7c191628
P 0x7f2a7c19fa88
C 258
R
P 0x7f2a7c191628
C 342
R
P 0x7f2a7c191628
P 0x7f2a7c19fa88
C 9
R
P 0x7f2a7c191628
C 342
R
P 0x7f2a7c191628
U 2
P 0x7f2a7c19c2a8
P 0x7f2a7c19fa88
p 2
C 65
= 0x7f2a7c487e80
R
P 0x7f2a7c191628
C 342
R
P 0x7f2a7c191628
P 0x7f2a7c487e80
C 257
R
P 0x7f2a7c191628
C 342
R
P 0x7f2a7c191628
P 0x7f2a7c487e80
C 254
= 0x7f2a7c19b1e8
R
P 0x7f2a7c191628
C 342
R
P 0x7f2a7c191628
P 0x7f2a7c19b1e8
C 209
R
P 0x7f2a7c191628
C 342
R
P 0x7f2a7c191628
P 0x7f2a7c487e80
C 260
R
P 0x7f2a7c191628
C 342
R
P 0x7f2a7c191628
P 0x7f2a7c487e80
C 259
R
P 0x7f2a7c191628
C 342
R
P 0x7f2a7c191628
P 0x7f2a7c487e80
C 258
R
P 0x7f2a7c191628
C 342
R
P 0x7f2a7c191628
P 0x7f2a7c487e80
C 9
R
P 0x7f2a7c191628
C 342
R
P 0x7f2a7c191628
U 2
P 0x7f2a7c487e80
P 0x7f2a7c19bb68
p 2
C 65
= 0x7f2a7c489a30
R
P 0x7f2a7c191628
C 342
R
P 0x7f2a7c191628
P 0x7f2a7c489a30
C 257
R
P 0x7f2a7c191628
C 342
R
P 0x7f2a7c191628
P 0x7f2a7c489a30
C 254
= 0x7f2a7c19b1e8
R
P 0x7f2a7c191628
C 342
R
P 0x7f2a7c191628
P 0x7f2a7c19b1e8
C 209
R
P 0x7f2a7c191628
C 342
R
P 0x7f2a7c191628
P 0x7f2a7c489a30
C 260
R
P 0x7f2a7c191628
C 342
R
P 0x7f2a7c191628
P 0x7f2a7c489a30
C 259
R
P 0x7f2a7c191628
C 342
R
P 0x7f2a7c191628
P 0x7f2a7c489a30
C 258
R
P 0x7f2a7c191628
C 342
R
P 0x7f2a7c191628
P 0x7f2a7c489a30
C 9
R
P 0x7f2a7c191628
C 342
R
P 0x7f2a7c191628
P 0x7f2a7c19c248
P 0x7f2a7c489a30
C 56
= 0x7f2a7c48deb0
R
P 0x7f2a7c191628
C 342
R
P 0x7f2a7c191628
P 0x7f2a7c48deb0
C 258
R
P 0x7f2a7c191628
C 342
R
P 0x7f2a7c191628
P 0x7f2a7c48deb0
C 9
R
P 0x7f2a7c191628
C 342
R
P 0x7f2a7c191628
U 2
P 0x7f2a7c48bb90
P 0x7f2a7c48deb0
p 2
C 63
= 0x7f2a7c48dee8
R
P 0x7f2a7c191628
C 342
R
P 0x7f2a7c191628
P 0x7f2a7c48dee8
C 258
R
P 0x7f2a7c191628
C 342
R
P 0x7f2a7c191628
P 0x7f2a7c48dee8
C 9
R
P 0x7f2a7c191628
C 342
R
P 0x7f2a7c191628
P 0x7f2a7c48de78
P 0x7f2a7c48dee8
C 61
= 0x7f2a7c48df20
R
P 0x7f2a7c191628
C 342
R
P 0x7f2a7c191628
P 0x7f2a7c48df20
C 258
R
P 0x7f2a7c191628
C 342
R
P 0x7f2a7c191628
P 0x7f2a7c48df20
C 9
R
P 0x7f2a7c191628
C 342
R
P 0x7f2a7c191628
P 0x7f2a7c1e1fc8
P 0x7f2a7c48df20
C 427
R
P 0x7f2a7c191628
C 342
R
P 0x7f2a7c191628
I 4
P 0x7f2a7c19b208
C 150
= 0x7f2a7c19c028
R
P 0x7f2a7c191628
C 342
R
P 0x7f2a7c191628
P 0x7f2a7c19c028
C 258
R
P 0x7f2a7c191628
C 342
R
P 0x7f2a7c191628
P 0x7f2a7c19c028
C 9
R
P 0x7f2a7c191628
C 342
R
P 0x7f2a7c191628
I 1
P 0x7f2a7c19b208
C 150
= 0x7f2a7c19bc88
R
P 0x7f2a7c191628
C 342
R
P 0x7f2a7c191628
P 0x7f2a7c19bc88
C 258
R
P 0x7f2a7c191628
C 342
R
P 0x7f2a7c191628
P 0x7f2a7c19bc88
C 9
R
P 0x7f2a7c191628
C 342
R
P 0x7f2a7c191628
P 0x7f2a7c19c028
P 0x7f2a7c19bc88
C 75
= 0x7f2a7c487390
R
P 0x7f2a7c191628
C 342
R
P 0x7f2a7c191628
P 0x7f2a7c487390
C 258
R
P 0x7f2a7c191628
C 342
R
P 0x7f2a7c191628
P 0x7f2a7c487390
C 9
R
P 0x7f2a7c191628
C 342
R
P 0x7f2a7c191628
I 1
P 0x7f2a7c19b208
C 150
= 0x7f2a7c19bc88
R
P 0x7f2a7c191628
C 342
R
P 0x7f2a7c191628
P 0x7f2a7c19bc88
C 258
R
P 0x7f2a7c191628
C 342
R
P 0x7f2a7c191628
P 0x7f2a7c19bc88
C 9
R
P 0x7f2a7c191628
C 342
R
P 0x7f2a7c191628
U 2
P 0x7f2a7c19c028
P 0x7f2a7c19bc88
p 2
C 67
= 0x7f2a7c4873c8
R
P 0x7f2a7c191628
C 342
R
P 0x7f2a7c191628
P 0x7f2a7c4873c8
C 257
R
P 0x7f2a7c191628
C 342
R
P 0x7f2a7c191628
P 0x7f2a7c4873c8
C 254
= 0x7f2a7c19b208
R
P 0x7f2a7c191628
C 342
R
P 0x7f2a7c191628
P 0x7f2a7c19b208
C 209
R
P 0x7f2a7c191628
C 342
R
P 0x7f2a7c191628
P 0x7f2a7c4873c8
C 260
R
P 0x7f2a7c191628
C 342
R
P 0x7f2a7c191628
P 0x7f2a7c4873c8
C 259
R
P 0x7f2a7c191628
C 342
R
P 0x7f2a7c191628
P 0x7f2a7c4873c8
C 258
R
P 0x7f2a7c191628
C 342
R
P 0x7f2a7c191628
P 0x7f2a7c4873c8
C 9
R
P 0x7f2a7c191628
C 342
R
P 0x7f2a7c191628
U 2
P 0x7f2a7c19bba8
P 0x7f2a7c4873c8
p 2
C 66
= 0x7f2a7c487400
R
P 0x7f2a7c191628
C 342
R
P 0x7f2a7c191628
P 0x7f2a7c487400
C 257
R
P 0x7f2a7c191628
C 342
R
P 0x7f2a7c191628
P 0x7f2a7c487400
C 254
= 0x7f2a7c19b1e8
R
P 0x7f2a7c191628
C 342
R
P 0x7f2a7c191628
P 0x7f2a7c19b1e8
C 209
R
P 0x7f2a7c191628
C 342
R
P 0x7f2a7c191628
P 0x7f2a7c487400
C 260
R
P 0x7f2a7c191628
C 342
R
P 0x7f2a7c191628
P 0x7f2a7c487400
C 259
R
P 0x7f2a7c191628
C 342
R
P 0x7f2a7c191628
P 0x7f2a7c487400
C 258
R
P 0x7f2a7c191628
C 342
R
P 0x7f2a7c191628
P 0x7f2a7c487400
C 9
R
P 0x7f2a7c191628
C 342
R
P 0x7f2a7c191628
U 2
P 0x7f2a7c19bc28
P 0x7f2a7c487400
p 2
C 65
= 0x7f2a7c487438
R
P 0x7f2a7c191628
C 342
R
P 0x7f2a7c191628
P 0x7f2a7c487438
C 257
R
P 0x7f2a7c191628
C 342
R
P 0x7f2a7c191628
P 0x7f2a7c487438
C 254
= 0x7f2a7c19b1e8
R
P 0x7f2a7c191628
C 342
R
P 0x7f2a7c191628
P 0x7f2a7c19b1e8
C 209
R
P 0x7f2a7c191628
C 342
R
P 0x7f2a7c191628
P 0x7f2a7c487438
C 260
R
P 0x7f2a7c191628
C 342
R
P 0x7f2a7c191628
P 0x7f2a7c487438
C 259
R
P 0x7f2a7c191628
C 342
R
P 0x7f2a7c191628
P 0x7f2a7c487438
C 258
R
P 0x7f2a7c191628
C 342
R
P 0x7f2a7c191628
P 0x7f2a7c487438
C 9
R
P 0x7f2a7c191628
C 342
R
P 0x7f2a7c191628
P 0x7f2a7c487390
P 0x7f2a7c487438
P 0x7f2a7c19bc28
C 59
= 0x7f2a7c19f9c8
R
P 0x7f2a7c191628
C 342
R
P 0x7f2a7c191628
P 0x7f2a7c19f9c8
C 257
R
P 0x7f2a7c191628
C 342
R
P 0x7f2a7c191628
P 0x7f2a7c19f9c8
C 254
= 0x7f2a7c19b1e8
R
P 0x7f2a7c191628
C 342
R
P 0x7f2a7c191628
P 0x7f2a7c19b1e8
C 209
R
P 0x7f2a7c191628
C 342
R
P 0x7f2a7c191628
P 0x7f2a7c19f9c8
C 260
R
P 0x7f2a7c191628
C 342
R
P 0x7f2a7c191628
P 0x7f2a7c19f9c8
C 259
R
P 0x7f2a7c191628
C 342
R
P 0x7f2a7c191628
P 0x7f2a7c19f9c8
C 258
R
P 0x7f2a7c191628
C 342
R
P 0x7f2a7c191628
P 0x7f2a7c19f9c8
C 9
R
P 0x7f2a7c191628
C 342
R
P 0x7f2a7c191628
U 2
P 0x7f2a7c19f9c8
P 0x7f2a7c19bb48
p 2
C 65
= 0x7f2a7c487470
R
P 0x7f2a7c191628
C 342
R
P 0x7f2a7c191628
P 0x7f2a7c487470
C 257
R
P 0x7f2a7c191628
C 342
R
P 0x7f2a7c191628
P 0x7f2a7c487470
C 254
= 0x7f2a7c19b1e8
R
P 0x7f2a7c191628
C 342
R
P 0x7f2a7c191628
P 0x7f2a7c19b1e8
C 209
R
P 0x7f2a7c191628
C 342
R
P 0x7f2a7c191628
P 0x7f2a7c487470
C 260
R
P 0x7f2a7c191628
C 342
R
P 0x7f2a7c191628
P 0x7f2a7c487470
C 259
R
P 0x7f2a7c191628
C 342
R
P 0x7f2a7c191628
P 0x7f2a7c487470
C 258
R
P 0x7f2a7c191628
C 342
R
P 0x7f2a7c191628
P 0x7f2a7c487470
C 9
R
P 0x7f2a7c191628
C 342
R
P 0x7f2a7c191628
P 0x7f2a7c19bc68
C 333
R
P 0x7f2a7c191628
C 342
R
P 0x7f2a7c191628
S "slotflowPriorityStart"
C 30
R
P 0x7f2a7c191628
C 342
R
P 0x7f2a7c191628
$ |slotflowPriorityStart|
C 202
R
P 0x7f2a7c191628
C 342
R
P 0x7f2a7c191628
$ |slotflowPriorityStart|
P 0x7f2a7c19b1e8
C 51
= 0x7f2a7c19c2a8
R
P 0x7f2a7c191628
C 342
R
P 0x7f2a7c191628
P 0x7f2a7c19c2a8
C 257
R
P 0x7f2a7c191628
C 342
R
P 0x7f2a7c191628
P 0x7f2a7c19c2a8
C 254
= 0x7f2a7c19b1e8
R
P 0x7f2a7c191628
C 342
R
P 0x7f2a7c191628
P 0x7f2a7c19b1e8
C 209
R
P 0x7f2a7c191628
C 342
R
P 0x7f2a7c191628
P 0x7f2a7c19c2a8
C 260
R
P 0x7f2a7c191628
C 342
R
P 0x7f2a7c191628
P 0x7f2a7c19c2a8
C 259
R
P 0x7f2a7c191628
C 342
R
P 0x7f2a7c191628
P 0x7f2a7c19c2a8
C 258
R
P 0x7f2a7c191628
C 342
R
P 0x7f2a7c191628
P 0x7f2a7c19c2a8
C 9
R
P 0x7f2a7c191628
C 342
R
P 0x7f2a7c191628
P 0x7f2a7c19bc68
C 333
R
P 0x7f2a7c191628
C 342
R
P 0x7f2a7c191628
S "slotflowPriorityDuration"
C 30
R
P 0x7f2a7c191628
C 342
R
P 0x7f2a7c191628
$ |slotflowPriorityDuration|
C 202
R
P 0x7f2a7c191628
C 342
R
P 0x7f2a7c191628
$ |slotflowPriorityDuration|
P 0x7f2a7c19b1e8
C 51
= 0x7f2a7c19c268
R
P 0x7f2a7c191628
C 342
R
P 0x7f2a7c191628
P 0x7f2a7c19c268
C 257
R
P 0x7f2a7c191628
C 342
R
P 0x7f2a7c191628
P 0x7f2a7c19c268
C 254
= 0x7f2a7c19b1e8
R
P 0x7f2a7c191628
C 342
R
P 0x7f2a7c191628
P 0x7f2a7c19b1e8
C 209
R
P 0x7f2a7c191628
C 342
R
P 0x7f2a7c191628
P 0x7f2a7c19c268
C 260
R
P 0x7f2a7c191628
C 342
R
P 0x7f2a7c191628
P 0x7f2a7c19c268
C 259
R
P 0x7f2a7c191628
C 342
R
P 0x7f2a7c191628
P 0x7f2a7c19c268
C 258
R
P 0x7f2a7c191628
C 342
R
P 0x7f2a7c191628
P 0x7f2a7c19c268
C 9
R
P 0x7f2a7c191628
C 342
R
P 0x7f2a7c191628
U 2
P 0x7f2a7c19c2a8
P 0x7f2a7c19c268
p 2
C 65
= 0x7f2a7c487908
R
P 0x7f2a7c191628
C 342
R
P 0x7f2a7c191628
P 0x7f2a7c487908
C 257
R
P 0x7f2a7c191628
C 342
R
P 0x7f2a7c191628
P 0x7f2a7c487908
C 254
= 0x7f2a7c19b1e8
R
P 0x7f2a7c191628
C 342
R
P 0x7f2a7c191628
P 0x7f2a7c19b1e8
C 209
R
P 0x7f2a7c191628
C 342
R
P 0x7f2a7c191628
P 0x7f2a7c487908
C 260
R
P 0x7f2a7c191628
C 342
R
P 0x7f2a7c191628
P 0x7f2a7c487908
C 259
R
P 0x7f2a7c191628
C 342
R
P 0x7f2a7c191628
P 0x7f2a7c487908
C 258
R
P 0x7f2a7c191628
C 342
R
P 0x7f2a7c191628
P 0x7f2a7c487908
C 9
R
P 0x7f2a7c191628
C 342
R
P 0x7f2a7c191628
I 3
P 0x7f2a7c19b208
C 150
= 0x7f2a7c19bfc8
R
P 0x7f2a7c191628
C 342
R
P 0x7f2a7c191628
P 0x7f2a7c19bfc8
C 258
R
P 0x7f2a7c191628
C 342
R
P 0x7f2a7c191628
P 0x7f2a7c19bfc8
C 9
R
P 0x7f2a7c191628
C 342
R
P 0x7f2a7c191628
I 1
P 0x7f2a7c19b208
C 150
= 0x7f2a7c19bc88
R
P 0x7f2a7c191628
C 342
R
P 0x7f2a7c191628
P 0x7f2a7c19bc88
C 258
R
P 0x7f2a7c191628
C 342
R
P 0x7f2a7c191628
P 0x7f2a7c19bc88
C 9
R
P 0x7f2a7c191628
C 342
R
P 0x7f2a7c191628
P 0x7f2a7c19bfc8
P 0x7f2a7c19bc88
C 75
= 0x7f2a7c487208
R
P 0x7f2a7c191628
C 342
R
P 0x7f2a7c191628
P 0x7f2a7c487208
C 258
R
P 0x7f2a7c191628
C 342
R
P 0x7f2a7c191628
P 0x7f2a7c487208
C 9
R
P 0x7f2a7c191628
C 342
R
P 0x7f2a7c191628
I 1
P 0x7f2a7c19b208
C 150
= 0x7f2a7c19bc88
R
P 0x7f2a7c191628
C 342
R
P 0x7f2a7c191628
P 0x7f2a7c19bc88
C 258
R
P 0x7f2a7c191628
C 342
R
P 0x7f2a7c191628
P 0x7f2a7c19bc88
C 9
R
P 0x7f2a7c191628
C 342
R
P 0x7f2a7c191628
U 2
P 0x7f2a7c19bfc8
P 0x7f2a7c19bc88
p 2
C 67
= 0x7f2a7c487240
R
P 0x7f2a7c191628
C 342
R
P 0x7f2a7c191628
P 0x7f2a7c487240
C 257
R
P 0x7f2a7c191628
C 342
R
P 0x7f2a7c191628
P 0x7f2a7c487240
C 254
= 0x7f2a7c19b208
R
P 0x7f2a7c191628
C 342
R
P 0x7f2a7c191628
P 0x7f2a7c19b208
C 209
R
P 0x7f2a7c191628
C 342
R
P 0x7f2a7c191628
P 0x7f2a7c487240
C 260
R
P 0x7f2a7c191628
C 342
R
P 0x7f2a7c191628
P 0x7f2a7c487240
C 259
R
P 0x7f2a7c191628
C 342
R
P 0x7f2a7c191628
P 0x7f2a7c487240
C 258
R
P 0x7f2a7c191628
C 342
R
P 0x7f2a7c191628
P 0x7f2a7c487240
C 9
R
P 0x7f2a7c191628
C 342
R
P 0x7f2a7c191628
U 2
P 0x7f2a7c19bbe8
P 0x7f2a7c487240
p 2
C 66
= 0x7f2a7c487f60
R
P 0x7f2a7c191628
C 342
R
P 0x7f2a7c191628
P 0x7f2a7c487f60
C 257
R
P 0x7f2a7c191628
C 342
R
P 0x7f2a7c191628
P 0x7f2a7c487f60
C 254
= 0x7f2a7c19b208
R
P 0x7f2a7c191628
C 342
R
P 0x7f2a7c191628
P 0x7f2a7c19b208
C 209
R
P 0x7f2a7c191628
C 342
R
P 0x7f2a7c191628
P 0x7f2a7c487f60
C 260
R
P 0x7f2a7c191628
C 342
R
P 0x7f2a7c191628
P 0x7f2a7c487f60
C 259
R
P 0x7f2a7c191628
C 342
R
P 0x7f2a7c191628
P 0x7f2a7c487f60
C 258
R
P 0x7f2a7c191628
C 342
R
P 0x7f2a7c191628
P 0x7f2a7c487f60
C 9
R
P 0x7f2a7c191628
C 342
R
P 0x7f2a7c191628
U 2
P 0x7f2a7c19bb88
P 0x7f2a7c487f60
p 2
C 65
= 0x7f2a7c487f98
R
P 0x7f2a7c191628
C 342
R
P 0x7f2a7c191628
P 0x7f2a7c487f98
C 257
R
P 0x7f2a7c191628
C 342
R
P 0x7f2a7c191628
P 0x7f2a7c487f98
C 254
= 0x7f2a7c19b1e8
R
P 0x7f2a7c191628
C 342
R
P 0x7f2a7c191628
P 0x7f2a7c19b1e8
C 209
R
P 0x7f2a7c191628
C 342
R
P 0x7f2a7c191628
P 0x7f2a7c487f98
C 260
R
P 0x7f2a7c191628
C 342
R
P 0x7f2a7c191628
P 0x7f2a7c487f98
C 259
R
P 0x7f2a7c191628
C 342
R
P 0x7f2a7c191628
P 0x7f2a7c487f98
C 258
R
P 0x7f2a7c191628
C 342
R
P 0x7f2a7c191628
P 0x7f2a7c487f98
C 9
R
P 0x7f2a7c191628
C 342
R
P 0x7f2a7c191628
P 0x7f2a7c487208
P 0x7f2a7c487f98
P 0x7f2a7c19bb88
C 59
= 0x7f2a7c19fac8
R
P 0x7f2a7c191628
C 342
R
P 0x7f2a7c191628
P 0x7f2a7c19fac8
C 257
R
P 0x7f2a7c191628
C 342
R
P 0x7f2a7c191628
P 0x7f2a7c19fac8
C 254
= 0x7f2a7c19b1e8
R
P 0x7f2a7c191628
C 342
R
P 0x7f2a7c191628
P 0x7f2a7c19b1e8
C 209
R
P 0x7f2a7c191628
C 342
R
P 0x7f2a7c191628
P 0x7f2a7c19fac8
C 260
R
P 0x7f2a7c191628
C 342
R
P 0x7f2a7c191628
P 0x7f2a7c19fac8
C 259
R
P 0x7f2a7c191628
C 342
R
P 0x7f2a7c191628
P 0x7f2a7c19fac8
C 258
R
P 0x7f2a7c191628
C 342
R
P 0x7f2a7c191628
P 0x7f2a7c19fac8
C 9
R
P 0x7f2a7c191628
C 342
R
P 0x7f2a7c191628
U 2
P 0x7f2a7c487908
P 0x7f2a7c19fac8
p 2
C 65
= 0x7f2a7c487fd0
R
P 0x7f2a7c191628
C 342
R
P 0x7f2a7c191628
P 0x7f2a7c487fd0
C 257
R
P 0x7f2a7c191628
C 342
R
P 0x7f2a7c191628
P 0x7f2a7c487fd0
C 254
= 0x7f2a7c19b1e8
R
P 0x7f2a7c191628
C 342
R
P 0x7f2a7c191628
P 0x7f2a7c19b1e8
C 209
R
P 0x7f2a7c191628
C 342
R
P 0x7f2a7c191628
P 0x7f2a7c487fd0
C 260
R
P 0x7f2a7c191628
C 342
R
P 0x7f2a7c191628
P 0x7f2a7c487fd0
C 259
R
P 0x7f2a7c191628
C 342
R
P 0x7f2a7c191628
P 0x7f2a7c487fd0
C 258
R
P 0x7f2a7c191628
C 342
R
P 0x7f2a7c191628
P 0x7f2a7c487fd0
C 9
R
P 0x7f2a7c191628
C 342
R
P 0x7f2a7c191628
U 2
P 0x7f2a7c487fd0
P 0x7f2a7c19bb68
p 2
C 67
= 0x7f2a7c488008
R
P 0x7f2a7c191628
C 342
R
P 0x7f2a7c191628
P 0x7f2a7c488008
C 257
R
P 0x7f2a7c191628
C 342
R
P 0x7f2a7c191628
P 0x7f2a7c488008
C 254
= 0x7f2a7c19b1e8
R
P 0x7f2a7c191628
C 342
R
P 0x7f2a7c191628
P 0x7f2a7c19b1e8
C 209
R
P 0x7f2a7c191628
C 342
R
P 0x7f2a7c191628
P 0x7f2a7c488008
C 260
R
P 0x7f2a7c191628
C 342
R
P 0x7f2a7c191628
P 0x7f2a7c488008
C 259
R
P 0x7f2a7c191628
C 342
R
P 0x7f2a7c191628
P 0x7f2a7c488008
C 258
R
P 0x7f2a7c191628
C 342
R
P 0x7f2a7c191628
P 0x7f2a7c488008
C 9
R
P 0x7f2a7c191628
C 342
R
P 0x7f2a7c191628
P 0x7f2a7c487470
P 0x7f2a7c488008
C 75
= 0x7f2a7c48df58
R
P 0x7f2a7c191628
C 342
R
P 0x7f2a7c191628
P 0x7f2a7c48df58
C 258
R
P 0x7f2a7c191628
C 342
R
P 0x7f2a7c191628
P 0x7f2a7c48df58
C 9
R
P 0x7f2a7c191628
C 342
R
P 0x7f2a7c191628
I 4
P 0x7f2a7c19b208
C 150
= 0x7f2a7c19c028
R
P 0x7f2a7c191628
C 342
R
P 0x7f2a7c191628
P 0x7f2a7c19c028
C 258
R
P 0x7f2a7c191628
C 342
R
P 0x7f2a7c191628
P 0x7f2a7c19c028
C 9
R
P 0x7f2a7c191628
C 342
R
P 0x7f2a7c191628
I 1
P 0x7f2a7c19b208
C 150
= 0x7f2a7c19bc88
R
P 0x7f2a7c191628
C 342
R
P 0x7f2a7c191628
P 0x7f2a7c19bc88
C 258
R
P 0x7f2a7c191628
C 342
R
P 0x7f2a7c191628
P 0x7f2a7c19bc88
C 9
R
P 0x7f2a7c191628
C 342
R
P 0x7f2a7c191628
P 0x7f2a7c19c028
P 0x7f2a7c19bc88
C 75
= 0x7f2a7c487390
R
P 0x7f2a7c191628
C 342
R
P 0x7f2a7c191628
P 0x7f2a7c487390
C 258
R
P 0x7f2a7c191628
C 342
R
P 0x7f2a7c191628
P 0x7f2a7c487390
C 9
R
P 0x7f2a7c191628
C 342
R
P 0x7f2a7c191628
I 1
P 0x7f2a7c19b208
C 150
= 0x7f2a7c19bc88
R
P 0x7f2a7c191628
C 342
R
P 0x7f2a7c191628
P 0x7f2a7c19bc88
C 258
R
P 0x7f2a7c191628
C 342
R
P 0x7f2a7c191628
P 0x7f2a7c19bc88
C 9
R
P 0x7f2a7c191628
C 342
R
P 0x7f2a7c191628
U 2
P 0x7f2a7c19c028
P 0x7f2a7c19bc88
p 2
C 67
= 0x7f2a7c4873c8
R
P 0x7f2a7c191628
C 342
R
P 0x7f2a7c191628
P 0x7f2a7c4873c8
C 257
R
P 0x7f2a7c191628
C 342
R
P 0x7f2a7c191628
P 0x7f2a7c4873c8
C 254
= 0x7f2a7c19b208
R
P 0x7f2a7c191628
C 342
R
P 0x7f2a7c191628
P 0x7f2a7c19b208
C 209
R
P 0x7f2a7c191628
C 342
R
P 0x7f2a7c191628
P 0x7f2a7c4873c8
C 260
R
P 0x7f2a7c191628
C 342
R
P 0x7f2a7c191628
P 0x7f2a7c4873c8
C 259
R
P 0x7f2a7c191628
C 342
R
P 0x7f2a7c191628
P 0x7f2a7c4873c8
C 258
R
P 0x7f2a7c191628
C 342
R
P 0x7f2a7c191628
P 0x7f2a7c4873c8
C 9
R
P 0x7f2a7c191628
C 342
R
P 0x7f2a7c191628
U 2
P 0x7f2a7c19bba8
P 0x7f2a7c4873c8
p 2
C 66
= 0x7f2a7c487400
R
P 0x7f2a7c191628
C 342
R
P 0x7f2a7c191628
P 0x7f2a7c487400
C 257
R
P 0x7f2a7c191628
C 342
R
P 0x7f2a7c191628
P 0x7f2a7c487400
C 254
= 0x7f2a7c19b1e8
R
P 0x7f2a7c191628
C 342
R
P 0x7f2a7c191628
P 0x7f2a7c19b1e8
C 209
R
P 0x7f2a7c191628
C 342
R
P 0x7f2a7c191628
P 0x7f2a7c487400
C 260
R
P 0x7f2a7c191628
C 342
R
P 0x7f2a7c191628
P 0x7f2a7c487400
C 259
R
P 0x7f2a7c191628
C 342
R
P 0x7f2a7c191628
P 0x7f2a7c487400
C 258
R
P 0x7f2a7c191628
C 342
R
P 0x7f2a7c191628
P 0x7f2a7c487400
C 9
R
P 0x7f2a7c191628
C 342
R
P 0x7f2a7c191628
U 2
P 0x7f2a7c19bc28
P 0x7f2a7c487400
p 2
C 65
= 0x7f2a7c487438
R
P 0x7f2a7c191628
C 342
R
P 0x7f2a7c191628
P 0x7f2a7c487438
C 257
R
P 0x7f2a7c191628
C 342
R
P 0x7f2a7c191628
P 0x7f2a7c487438
C 254
= 0x7f2a7c19b1e8
R
P 0x7f2a7c191628
C 342
R
P 0x7f2a7c191628
P 0x7f2a7c19b1e8
C 209
R
P 0x7f2a7c191628
C 342
R
P 0x7f2a7c191628
P 0x7f2a7c487438
C 260
R
P 0x7f2a7c191628
C 342
R
P 0x7f2a7c191628
P 0x7f2a7c487438
C 259
R
P 0x7f2a7c191628
C 342
R
P 0x7f2a7c191628
P 0x7f2a7c487438
C 258
R
P 0x7f2a7c191628
C 342
R
P 0x7f2a7c191628
P 0x7f2a7c487438
C 9
R
P 0x7f2a7c191628
C 342
R
P 0x7f2a7c191628
P 0x7f2a7c487390
P 0x7f2a7c487438
P 0x7f2a7c19bc28
C 59
= 0x7f2a7c19f9c8
R
P 0x7f2a7c191628
C 342
R
P 0x7f2a7c191628
P 0x7f2a7c19f9c8
C 257
R
P 0x7f2a7c191628
C 342
R
P 0x7f2a7c191628
P 0x7f2a7c19f9c8
C 254
= 0x7f2a7c19b1e8
R
P 0x7f2a7c191628
C 342
R
P 0x7f2a7c191628
P 0x7f2a7c19b1e8
C 209
R
P 0x7f2a7c191628
C 342
R
P 0x7f2a7c191628
P 0x7f2a7c19f9c8
C 260
R
P 0x7f2a7c191628
C 342
R
P 0x7f2a7c191628
P 0x7f2a7c19f9c8
C 259
R
P 0x7f2a7c191628
C 342
R
P 0x7f2a7c191628
P 0x7f2a7c19f9c8
C 258
R
P 0x7f2a7c191628
C 342
R
P 0x7f2a7c191628
P 0x7f2a7c19f9c8
C 9
R
P 0x7f2a7c191628
C 342
R
P 0x7f2a7c191628
U 2
P 0x7f2a7c19f9c8
P 0x7f2a7c19bb48
p 2
C 65
= 0x7f2a7c487470
R
P 0x7f2a7c191628
C 342
R
P 0x7f2a7c191628
P 0x7f2a7c487470
C 257
R
P 0x7f2a7c191628
C 342
R
P 0x7f2a7c191628
P 0x7f2a7c487470
C 254
= 0x7f2a7c19b1e8
R
P 0x7f2a7c191628
C 342
R
P 0x7f2a7c191628
P 0x7f2a7c19b1e8
C 209
R
P 0x7f2a7c191628
C 342
R
P 0x7f2a7c191628
P 0x7f2a7c487470
C 260
R
P 0x7f2a7c191628
C 342
R
P 0x7f2a7c191628
P 0x7f2a7c487470
C 259
R
P 0x7f2a7c191628
C 342
R
P 0x7f2a7c191628
P 0x7f2a7c487470
C 258
R
P 0x7f2a7c191628
C 342
R
P 0x7f2a7c191628
P 0x7f2a7c487470
C 9
R
P 0x7f2a7c191628
C 342
R
P 0x7f2a7c191628
I 3
P 0x7f2a7c19b208
C 150
= 0x7f2a7c19bfc8
R
P 0x7f2a7c191628
C 342
R
P 0x7f2a7c191628
P 0x7f2a7c19bfc8
C 258
R
P 0x7f2a7c191628
C 342
R
P 0x7f2a7c191628
P 0x7f2a7c19bfc8
C 9
R
P 0x7f2a7c191628
C 342
R
P 0x7f2a7c191628
I 1
P 0x7f2a7c19b208
C 150
= 0x7f2a7c19bc88
R
P 0x7f2a7c191628
C 342
R
P 0x7f2a7c191628
P 0x7f2a7c19bc88
C 258
R
P 0x7f2a7c191628
C 342
R
P 0x7f2a7c191628
P 0x7f2a7c19bc88
C 9
R
P 0x7f2a7c191628
C 342
R
P 0x7f2a7c191628
P 0x7f2a7c19bfc8
P 0x7f2a7c19bc88
C 75
= 0x7f2a7c487208
R
P 0x7f2a7c191628
C 342
R
P 0x7f2a7c191628
P 0x7f2a7c487208
C 258
R
P 0x7f2a7c191628
C 342
R
P 0x7f2a7c191628
P 0x7f2a7c487208
C 9
R
P 0x7f2a7c191628
C 342
R
P 0x7f2a7c191628
I 1
P 0x7f2a7c19b208
C 150
= 0x7f2a7c19bc88
R
P 0x7f2a7c191628
C 342
R
P 0x7f2a7c191628
P 0x7f2a7c19bc88
C 258
R
P 0x7f2a7c191628
C 342
R
P 0x7f2a7c191628
P 0x7f2a7c19bc88
C 9
R
P 0x7f2a7c191628
C 342
R
P 0x7f2a7c191628
U 2
P 0x7f2a7c19bfc8
P 0x7f2a7c19bc88
p 2
C 67
= 0x7f2a7c487240
R
P 0x7f2a7c191628
C 342
R
P 0x7f2a7c191628
P 0x7f2a7c487240
C 257
R
P 0x7f2a7c191628
C 342
R
P 0x7f2a7c191628
P 0x7f2a7c487240
C 254
= 0x7f2a7c19b208
R
P 0x7f2a7c191628
C 342
R
P 0x7f2a7c191628
P 0x7f2a7c19b208
C 209
R
P 0x7f2a7c191628
C 342
R
P 0x7f2a7c191628
P 0x7f2a7c487240
C 260
R
P 0x7f2a7c191628
C 342
R
P 0x7f2a7c191628
P 0x7f2a7c487240
C 259
R
P 0x7f2a7c191628
C 342
R
P 0x7f2a7c191628
P 0x7f2a7c487240
C 258
R
P 0x7f2a7c191628
C 342
R
P 0x7f2a7c191628
P 0x7f2a7c487240
C 9
R
P 0x7f2a7c191628
C 342
R
P 0x7f2a7c191628
U 2
P 0x7f2a7c19bbe8
P 0x7f2a7c487240
p 2
C 66
= 0x7f2a7c487f60
R
P 0x7f2a7c191628
C 342
R
P 0x7f2a7c191628
P 0x7f2a7c487f60
C 257
R
P 0x7f2a7c191628
C 342
R
P 0x7f2a7c191628
P 0x7f2a7c487f60
C 254
= 0x7f2a7c19b208
R
P 0x7f2a7c191628
C 342
R
P 0x7f2a7c191628
P 0x7f2a7c19b208
C 209
R
P 0x7f2a7c191628
C 342
R
P 0x7f2a7c191628
P 0x7f2a7c487f60
C 260
R
P 0x7f2a7c191628
C 342
R
P 0x7f2a7c191628
P 0x7f2a7c487f60
C 259
R
P 0x7f2a7c191628
C 342
R
P 0x7f2a7c191628
P 0x7f2a7c487f60
C 258
R
P 0x7f2a7c191628
C 342
R
P 0x7f2a7c191628
P 0x7f2a7c487f60
C 9
R
P 0x7f2a7c191628
C 342
R
P 0x7f2a7c191628
U 2
P 0x7f2a7c19bb88
P 0x7f2a7c487f60
p 2
C 65
= 0x7f2a7c487f98
R
P 0x7f2a7c191628
C 342
R
P 0x7f2a7c191628
P 0x7f2a7c487f98
C 257
R
P 0x7f2a7c191628
C 342
R
P 0x7f2a7c191628
P 0x7f2a7c487f98
C 254
= 0x7f2a7c19b1e8
R
P 0x7f2a7c191628
C 342
R
P 0x7f2a7c191628
P 0x7f2a7c19b1e8
C 209
R
P 0x7f2a7c191628
C 342
R
P 0x7f2a7c191628
P 0x7f2a7c487f98
C 260
R
P 0x7f2a7c191628
C 342
R
P 0x7f2a7c191628
P 0x7f2a7c487f98
C 259
R
P 0x7f2a7c191628
C 342
R
P 0x7f2a7c191628
P 0x7f2a7c487f98
C 258
R
P 0x7f2a7c191628
C 342
R
P 0x7f2a7c191628
P 0x7f2a7c487f98
C 9
R
P 0x7f2a7c191628
C 342
R
P 0x7f2a7c191628
P 0x7f2a7c487208
P 0x7f2a7c487f98
P 0x7f2a7c19bb88
C 59
= 0x7f2a7c19fac8
R
P 0x7f2a7c191628
C 342
R
P 0x7f2a7c191628
P 0x7f2a7c19fac8
C 257
R
P 0x7f2a7c191628
C 342
R
P 0x7f2a7c191628
P 0x7f2a7c19fac8
C 254
= 0x7f2a7c19b1e8
R
P 0x7f2a7c191628
C 342
R
P 0x7f2a7c191628
P 0x7f2a7c19b1e8
C 209
R
P 0x7f2a7c191628
C 342
R
P 0x7f2a7c191628
P 0x7f2a7c19fac8
C 260
R
P 0x7f2a7c191628
C 342
R
P 0x7f2a7c191628
P 0x7f2a7c19fac8
C 259
R
P 0x7f2a7c191628
C 342
R
P 0x7f2a7c191628
P 0x7f2a7c19fac8
C 258
R
P 0x7f2a7c191628
C 342
R
P 0x7f2a7c191628
P 0x7f2a7c19fac8
C 9
R
P 0x7f2a7c191628
C 342
R
P 0x7f2a7c191628
U 2
P 0x7f2a7c19fac8
P 0x7f2a7c19bbe8
p 2
C 65
= 0x7f2a7c48c290
R
P 0x7f2a7c191628
C 342
R
P 0x7f2a7c191628
P 0x7f2a7c48c290
C 257
R
P 0x7f2a7c191628
C 342
R
P 0x7f2a7c191628
P 0x7f2a7c48c290
C 254
= 0x7f2a7c19b1e8
R
P 0x7f2a7c191628
C 342
R
P 0x7f2a7c191628
P 0x7f2a7c19b1e8
C 209
R
P 0x7f2a7c191628
C 342
R
P 0x7f2a7c191628
P 0x7f2a7c48c290
C 260
R
P 0x7f2a7c191628
C 342
R
P 0x7f2a7c191628
P 0x7f2a7c48c290
C 259
R
P 0x7f2a7c191628
C 342
R
P 0x7f2a7c191628
P 0x7f2a7c48c290
C 258
R
P 0x7f2a7c191628
C 342
R
P 0x7f2a7c191628
P 0x7f2a7c48c290
C 9
R
P 0x7f2a7c191628
C 342
R
P 0x7f2a7c191628
P 0x7f2a7c487470
P 0x7f2a7c48c290
C 74
= 0x7f2a7c48df90
R
P 0x7f2a7c191628
C 342
R
P 0x7f2a7c191628
P 0x7f2a7c48df90
C 258
R
P 0x7f2a7c191628
C 342
R
P 0x7f2a7c191628
P 0x7f2a7c48df90
C 9
R
P 0x7f2a7c191628
C 342
R
P 0x7f2a7c191628
U 2
P 0x7f2a7c48df58
P 0x7f2a7c48df90
p 2
C 63
= 0x7f2a7c48dfc8
R
P 0x7f2a7c191628
C 342
R
P 0x7f2a7c191628
P 0x7f2a7c48dfc8
C 258
R
P 0x7f2a7c191628
C 342
R
P 0x7f2a7c191628
P 0x7f2a7c48dfc8
C 9
R
P 0x7f2a7c191628
C 342
R
P 0x7f2a7c191628
I 4
P 0x7f2a7c19b208
C 150
= 0x7f2a7c19c028
R
P 0x7f2a7c191628
C 342
R
P 0x7f2a7c191628
P 0x7f2a7c19c028
C 258
R
P 0x7f2a7c191628
C 342
R
P 0x7f2a7c191628
P 0x7f2a7c19c028
C 9
R
P 0x7f2a7c191628
C 342
R
P 0x7f2a7c191628
P 0x7f2a7c19c028
C 263
R
P 0x7f2a7c191628
C 342
R
P 0x7f2a7c191628
S "dev0T34"
C 30
R
P 0x7f2a7c191628
C 342
R
P 0x7f2a7c191628
$ |dev0T34|
C 202
R
P 0x7f2a7c191628
C 342
R
P 0x7f2a7c191628
$ |dev0T34|
P 0x7f2a7c19b1e8
C 51
= 0x7f2a7c19c248
R
P 0x7f2a7c191628
C 342
R
P 0x7f2a7c191628
P 0x7f2a7c19c248
C 257
R
P 0x7f2a7c191628
C 342
R
P 0x7f2a7c191628
P 0x7f2a7c19c248
C 254
= 0x7f2a7c19b1e8
R
P 0x7f2a7c191628
C 342
R
P 0x7f2a7c191628
P 0x7f2a7c19b1e8
C 209
R
P 0x7f2a7c191628
C 342
R
P 0x7f2a7c191628
P 0x7f2a7c19c248
C 260
R
P 0x7f2a7c191628
C 342
R
P 0x7f2a7c191628
P 0x7f2a7c19c248
C 259
R
P 0x7f2a7c191628
C 342
R
P 0x7f2a7c191628
P 0x7f2a7c19c248
C 258
R
P 0x7f2a7c191628
C 342
R
P 0x7f2a7c191628
P 0x7f2a7c19c248
C 9
R
P 0x7f2a7c191628
C 342
R
P 0x7f2a7c191628
P 0x7f2a7c19bc68
C 333
R
P 0x7f2a7c191628
C 342
R
P 0x7f2a7c191628
S "slotflowPriorityStart"
C 30
R
P 0x7f2a7c191628
C 342
R
P 0x7f2a7c191628
$ |slotflowPriorityStart|
C 202
R
P 0x7f2a7c191628
C 342
R
P 0x7f2a7c191628
$ |slotflowPriorityStart|
P 0x7f2a7c19b1e8
C 51
= 0x7f2a7c19c2a8
R
P 0x7f2a7c191628
C 342
R
P 0x7f2a7c191628
P 0x7f2a7c19c2a8
C 257
R
P 0x7f2a7c191628
C 342
R
P 0x7f2a7c191628
P 0x7f2a7c19c2a8
C 254
= 0x7f2a7c19b1e8
R
P 0x7f2a7c191628
C 342
R
P 0x7f2a7c191628
P 0x7f2a7c19b1e8
C 209
R
P 0x7f2a7c191628
C 342
R
P 0x7f2a7c191628
P 0x7f2a7c19c2a8
C 260
R
P 0x7f2a7c191628
C 342
R
P 0x7f2a7c191628
P 0x7f2a7c19c2a8
C 259
R
P 0x7f2a7c191628
C 342
R
P 0x7f2a7c191628
P 0x7f2a7c19c2a8
C 258
R
P 0x7f2a7c191628
C 342
R
P 0x7f2a7c191628
P 0x7f2a7c19c2a8
C 9
R
P 0x7f2a7c191628
C 342
R
P 0x7f2a7c191628
P 0x7f2a7c19bc68
C 333
R
P 0x7f2a7c191628
C 342
R
P 0x7f2a7c191628
S "slotflowPriorityDuration"
C 30
R
P 0x7f2a7c191628
C 342
R
P 0x7f2a7c191628
$ |slotflowPriorityDuration|
C 202
R
P 0x7f2a7c191628
C 342
R
P 0x7f2a7c191628
$ |slotflowPriorityDuration|
P 0x7f2a7c19b1e8
C 51
= 0x7f2a7c19c268
R
P 0x7f2a7c191628
C 342
R
P 0x7f2a7c191628
P 0x7f2a7c19c268
C 257
R
P 0x7f2a7c191628
C 342
R
P 0x7f2a7c191628
P 0x7f2a7c19c268
C 254
= 0x7f2a7c19b1e8
R
P 0x7f2a7c191628
C 342
R
P 0x7f2a7c191628
P 0x7f2a7c19b1e8
C 209
R
P 0x7f2a7c191628
C 342
R
P 0x7f2a7c191628
P 0x7f2a7c19c268
C 260
R
P 0x7f2a7c191628
C 342
R
P 0x7f2a7c191628
P 0x7f2a7c19c268
C 259
R
P 0x7f2a7c191628
C 342
R
P 0x7f2a7c191628
P 0x7f2a7c19c268
C 258
R
P 0x7f2a7c191628
C 342
R
P 0x7f2a7c191628
P 0x7f2a7c19c268
C 9
R
P 0x7f2a7c191628
C 342
R
P 0x7f2a7c191628
U 2
P 0x7f2a7c19c2a8
P 0x7f2a7c19c268
p 2
C 65
= 0x7f2a7c487908
R
P 0x7f2a7c191628
C 342
R
P 0x7f2a7c191628
P 0x7f2a7c487908
C 257
R
P 0x7f2a7c191628
C 342
R
P 0x7f2a7c191628
P 0x7f2a7c487908
C 254
= 0x7f2a7c19b1e8
R
P 0x7f2a7c191628
C 342
R
P 0x7f2a7c191628
P 0x7f2a7c19b1e8
C 209
R
P 0x7f2a7c191628
C 342
R
P 0x7f2a7c191628
P 0x7f2a7c487908
C 260
R
P 0x7f2a7c191628
C 342
R
P 0x7f2a7c191628
P 0x7f2a7c487908
C 259
R
P 0x7f2a7c191628
C 342
R
P 0x7f2a7c191628
P 0x7f2a7c487908
C 258
R
P 0x7f2a7c191628
C 342
R
P 0x7f2a7c191628
P 0x7f2a7c487908
C 9
R
P 0x7f2a7c191628
C 342
R
P 0x7f2a7c191628
I 4
P 0x7f2a7c19b208
C 150
= 0x7f2a7c19c028
R
P 0x7f2a7c191628
C 342
R
P 0x7f2a7c191628
P 0x7f2a7c19c028
C 258
R
P 0x7f2a7c191628
C 342
R
P 0x7f2a7c191628
P 0x7f2a7c19c028
C 9
R
P 0x7f2a7c191628
C 342
R
P 0x7f2a7c191628
I 1
P 0x7f2a7c19b208
C 150
= 0x7f2a7c19bc88
R
P 0x7f2a7c191628
C 342
R
P 0x7f2a7c191628
P 0x7f2a7c19bc88
C 258
R
P 0x7f2a7c191628
C 342
R
P 0x7f2a7c191628
P 0x7f2a7c19bc88
C 9
R
P 0x7f2a7c191628
C 342
R
P 0x7f2a7c191628
P 0x7f2a7c19c028
P 0x7f2a7c19bc88
C 75
= 0x7f2a7c487390
R
P 0x7f2a7c191628
C 342
R
P 0x7f2a7c191628
P 0x7f2a7c487390
C 258
R
P 0x7f2a7c191628
C 342
R
P 0x7f2a7c191628
P 0x7f2a7c487390
C 9
R
P 0x7f2a7c191628
C 342
R
P 0x7f2a7c191628
I 1
P 0x7f2a7c19b208
C 150
= 0x7f2a7c19bc88
R
P 0x7f2a7c191628
C 342
R
P 0x7f2a7c191628
P 0x7f2a7c19bc88
C 258
R
P 0x7f2a7c191628
C 342
R
P 0x7f2a7c191628
P 0x7f2a7c19bc88
C 9
R
P 0x7f2a7c191628
C 342
R
P 0x7f2a7c191628
U 2
P 0x7f2a7c19c028
P 0x7f2a7c19bc88
p 2
C 67
= 0x7f2a7c4873c8
R
P 0x7f2a7c191628
C 342
R
P 0x7f2a7c191628
P 0x7f2a7c4873c8
C 257
R
P 0x7f2a7c191628
C 342
R
P 0x7f2a7c191628
P 0x7f2a7c4873c8
C 254
= 0x7f2a7c19b208
R
P 0x7f2a7c191628
C 342
R
P 0x7f2a7c191628
P 0x7f2a7c19b208
C 209
R
P 0x7f2a7c191628
C 342
R
P 0x7f2a7c191628
P 0x7f2a7c4873c8
C 260
R
P 0x7f2a7c191628
C 342
R
P 0x7f2a7c191628
P 0x7f2a7c4873c8
C 259
R
P 0x7f2a7c191628
C 342
R
P 0x7f2a7c191628
P 0x7f2a7c4873c8
C 258
R
P 0x7f2a7c191628
C 342
R
P 0x7f2a7c191628
P 0x7f2a7c4873c8
C 9
R
P 0x7f2a7c191628
C 342
R
P 0x7f2a7c191628
U 2
P 0x7f2a7c19bbe8
P 0x7f2a7c4873c8
p 2
C 66
= 0x7f2a7c488158
R
P 0x7f2a7c191628
C 342
R
P 0x7f2a7c191628
P 0x7f2a7c488158
C 257
R
P 0x7f2a7c191628
C 342
R
P 0x7f2a7c191628
P 0x7f2a7c488158
C 254
= 0x7f2a7c19b208
R
P 0x7f2a7c191628
C 342
R
P 0x7f2a7c191628
P 0x7f2a7c19b208
C 209
R
P 0x7f2a7c191628
C 342
R
P 0x7f2a7c191628
P 0x7f2a7c488158
C 260
R
P 0x7f2a7c191628
C 342
R
P 0x7f2a7c191628
P 0x7f2a7c488158
C 259
R
P 0x7f2a7c191628
C 342
R
P 0x7f2a7c191628
P 0x7f2a7c488158
C 258
R
P 0x7f2a7c191628
C 342
R
P 0x7f2a7c191628
P 0x7f2a7c488158
C 9
R
P 0x7f2a7c191628
C 342
R
P 0x7f2a7c191628
U 2
P 0x7f2a7c19bb88
P 0x7f2a7c488158
p 2
C 65
= 0x7f2a7c488190
R
P 0x7f2a7c191628
C 342
R
P 0x7f2a7c191628
P 0x7f2a7c488190
C 257
R
P 0x7f2a7c191628
C 342
R
P 0x7f2a7c191628
P 0x7f2a7c488190
C 254
= 0x7f2a7c19b1e8
R
P 0x7f2a7c191628
C 342
R
P 0x7f2a7c191628
P 0x7f2a7c19b1e8
C 209
R
P 0x7f2a7c191628
C 342
R
P 0x7f2a7c191628
P 0x7f2a7c488190
C 260
R
P 0x7f2a7c191628
C 342
R
P 0x7f2a7c191628
P 0x7f2a7c488190
C 259
R
P 0x7f2a7c191628
C 342
R
P 0x7f2a7c191628
P 0x7f2a7c488190
C 258
R
P 0x7f2a7c191628
C 342
R
P 0x7f2a7c191628
P 0x7f2a7c488190
C 9
R
P 0x7f2a7c191628
C 342
R
P 0x7f2a7c191628
P 0x7f2a7c487390
P 0x7f2a7c488190
P 0x7f2a7c19bb88
C 59
= 0x7f2a7c19fb08
R
P 0x7f2a7c191628
C 342
R
P 0x7f2a7c191628
P 0x7f2a7c19fb08
C 257
R
P 0x7f2a7c191628
C 342
R
P 0x7f2a7c191628
P 0x7f2a7c19fb08
C 254
= 0x7f2a7c19b1e8
R
P 0x7f2a7c191628
C 342
R
P 0x7f2a7c191628
P 0x7f2a7c19b1e8
C 209
R
P 0x7f2a7c191628
C 342
R
P 0x7f2a7c191628
P 0x7f2a7c19fb08
C 260
R
P 0x7f2a7c191628
C 342
R
P 0x7f2a7c191628
P 0x7f2a7c19fb08
C 259
R
P 0x7f2a7c191628
C 342
R
P 0x7f2a7c191628
P 0x7f2a7c19fb08
C 258
R
P 0x7f2a7c191628
C 342
R
P 0x7f2a7c191628
P 0x7f2a7c19fb08
C 9
R
P 0x7f2a7c191628
C 342
R
P 0x7f2a7c191628
U 2
P 0x7f2a7c487908
P 0x7f2a7c19fb08
p 2
C 65
= 0x7f2a7c4881c8
R
P 0x7f2a7c191628
C 342
R
P 0x7f2a7c191628
P 0x7f2a7c4881c8
C 257
R
P 0x7f2a7c191628
C 342
R
P 0x7f2a7c191628
P 0x7f2a7c4881c8
C 254
= 0x7f2a7c19b1e8
R
P 0x7f2a7c191628
C 342
R
P 0x7f2a7c191628
P 0x7f2a7c19b1e8
C 209
R
P 0x7f2a7c191628
C 342
R
P 0x7f2a7c191628
P 0x7f2a7c4881c8
C 260
R
P 0x7f2a7c191628
C 342
R
P 0x7f2a7c191628
P 0x7f2a7c4881c8
C 259
R
P 0x7f2a7c191628
C 342
R
P 0x7f2a7c191628
P 0x7f2a7c4881c8
C 258
R
P 0x7f2a7c191628
C 342
R
P 0x7f2a7c191628
P 0x7f2a7c4881c8
C 9
R
P 0x7f2a7c191628
C 342
R
P 0x7f2a7c191628
P 0x7f2a7c19c248
P 0x7f2a7c4881c8
C 74
= 0x7f2a7c48bd18
R
P 0x7f2a7c191628
C 342
R
P 0x7f2a7c191628
P 0x7f2a7c48bd18
C 258
R
P 0x7f2a7c191628
C 342
R
P 0x7f2a7c191628
P 0x7f2a7c48bd18
C 9
R
P 0x7f2a7c191628
C 342
R
P 0x7f2a7c191628
I 4
P 0x7f2a7c19b208
C 150
= 0x7f2a7c19c028
R
P 0x7f2a7c191628
C 342
R
P 0x7f2a7c191628
P 0x7f2a7c19c028
C 258
R
P 0x7f2a7c191628
C 342
R
P 0x7f2a7c191628
P 0x7f2a7c19c028
C 9
R
P 0x7f2a7c191628
C 342
R
P 0x7f2a7c191628
P 0x7f2a7c19c028
C 263
R
P 0x7f2a7c191628
C 342
R
P 0x7f2a7c191628
S "dev0T34"
C 30
R
P 0x7f2a7c191628
C 342
R
P 0x7f2a7c191628
$ |dev0T34|
C 202
R
P 0x7f2a7c191628
C 342
R
P 0x7f2a7c191628
$ |dev0T34|
P 0x7f2a7c19b1e8
C 51
= 0x7f2a7c19c248
R
P 0x7f2a7c191628
C 342
R
P 0x7f2a7c191628
P 0x7f2a7c19c248
C 257
R
P 0x7f2a7c191628
C 342
R
P 0x7f2a7c191628
P 0x7f2a7c19c248
C 254
= 0x7f2a7c19b1e8
R
P 0x7f2a7c191628
C 342
R
P 0x7f2a7c191628
P 0x7f2a7c19b1e8
C 209
R
P 0x7f2a7c191628
C 342
R
P 0x7f2a7c191628
P 0x7f2a7c19c248
C 260
R
P 0x7f2a7c191628
C 342
R
P 0x7f2a7c191628
P 0x7f2a7c19c248
C 259
R
P 0x7f2a7c191628
C 342
R
P 0x7f2a7c191628
P 0x7f2a7c19c248
C 258
R
P 0x7f2a7c191628
C 342
R
P 0x7f2a7c191628
P 0x7f2a7c19c248
C 9
R
P 0x7f2a7c191628
C 342
R
P 0x7f2a7c191628
P 0x7f2a7c19bc68
C 333
R
P 0x7f2a7c191628
C 342
R
P 0x7f2a7c191628
S "slotflowPriorityStart"
C 30
R
P 0x7f2a7c191628
C 342
R
P 0x7f2a7c191628
$ |slotflowPriorityStart|
C 202
R
P 0x7f2a7c191628
C 342
R
P 0x7f2a7c191628
$ |slotflowPriorityStart|
P 0x7f2a7c19b1e8
C 51
= 0x7f2a7c19c2a8
R
P 0x7f2a7c191628
C 342
R
P 0x7f2a7c191628
P 0x7f2a7c19c2a8
C 257
R
P 0x7f2a7c191628
C 342
R
P 0x7f2a7c191628
P 0x7f2a7c19c2a8
C 254
= 0x7f2a7c19b1e8
R
P 0x7f2a7c191628
C 342
R
P 0x7f2a7c191628
P 0x7f2a7c19b1e8
C 209
R
P 0x7f2a7c191628
C 342
R
P 0x7f2a7c191628
P 0x7f2a7c19c2a8
C 260
R
P 0x7f2a7c191628
C 342
R
P 0x7f2a7c191628
P 0x7f2a7c19c2a8
C 259
R
P 0x7f2a7c191628
C 342
R
P 0x7f2a7c191628
P 0x7f2a7c19c2a8
C 258
R
P 0x7f2a7c191628
C 342
R
P 0x7f2a7c191628
P 0x7f2a7c19c2a8
C 9
R
P 0x7f2a7c191628
C 342
R
P 0x7f2a7c191628
I 3
P 0x7f2a7c19b208
C 150
= 0x7f2a7c19bfc8
R
P 0x7f2a7c191628
C 342
R
P 0x7f2a7c191628
P 0x7f2a7c19bfc8
C 258
R
P 0x7f2a7c191628
C 342
R
P 0x7f2a7c191628
P 0x7f2a7c19bfc8
C 9
R
P 0x7f2a7c191628
C 342
R
P 0x7f2a7c191628
I 1
P 0x7f2a7c19b208
C 150
= 0x7f2a7c19bc88
R
P 0x7f2a7c191628
C 342
R
P 0x7f2a7c191628
P 0x7f2a7c19bc88
C 258
R
P 0x7f2a7c191628
C 342
R
P 0x7f2a7c191628
P 0x7f2a7c19bc88
C 9
R
P 0x7f2a7c191628
C 342
R
P 0x7f2a7c191628
P 0x7f2a7c19bfc8
P 0x7f2a7c19bc88
C 75
= 0x7f2a7c487208
R
P 0x7f2a7c191628
C 342
R
P 0x7f2a7c191628
P 0x7f2a7c487208
C 258
R
P 0x7f2a7c191628
C 342
R
P 0x7f2a7c191628
P 0x7f2a7c487208
C 9
R
P 0x7f2a7c191628
C 342
R
P 0x7f2a7c191628
I 1
P 0x7f2a7c19b208
C 150
= 0x7f2a7c19bc88
R
P 0x7f2a7c191628
C 342
R
P 0x7f2a7c191628
P 0x7f2a7c19bc88
C 258
R
P 0x7f2a7c191628
C 342
R
P 0x7f2a7c191628
P 0x7f2a7c19bc88
C 9
R
P 0x7f2a7c191628
C 342
R
P 0x7f2a7c191628
U 2
P 0x7f2a7c19bfc8
P 0x7f2a7c19bc88
p 2
C 67
= 0x7f2a7c487240
R
P 0x7f2a7c191628
C 342
R
P 0x7f2a7c191628
P 0x7f2a7c487240
C 257
R
P 0x7f2a7c191628
C 342
R
P 0x7f2a7c191628
P 0x7f2a7c487240
C 254
= 0x7f2a7c19b208
R
P 0x7f2a7c191628
C 342
R
P 0x7f2a7c191628
P 0x7f2a7c19b208
C 209
R
P 0x7f2a7c191628
C 342
R
P 0x7f2a7c191628
P 0x7f2a7c487240
C 260
R
P 0x7f2a7c191628
C 342
R
P 0x7f2a7c191628
P 0x7f2a7c487240
C 259
R
P 0x7f2a7c191628
C 342
R
P 0x7f2a7c191628
P 0x7f2a7c487240
C 258
R
P 0x7f2a7c191628
C 342
R
P 0x7f2a7c191628
P 0x7f2a7c487240
C 9
R
P 0x7f2a7c191628
C 342
R
P 0x7f2a7c191628
U 2
P 0x7f2a7c19bbe8
P 0x7f2a7c487240
p 2
C 66
= 0x7f2a7c487f60
R
P 0x7f2a7c191628
C 342
R
P 0x7f2a7c191628
P 0x7f2a7c487f60
C 257
R
P 0x7f2a7c191628
C 342
R
P 0x7f2a7c191628
P 0x7f2a7c487f60
C 254
= 0x7f2a7c19b208
R
P 0x7f2a7c191628
C 342
R
P 0x7f2a7c191628
P 0x7f2a7c19b208
C 209
R
P 0x7f2a7c191628
C 342
R
P 0x7f2a7c191628
P 0x7f2a7c487f60
C 260
R
P 0x7f2a7c191628
C 342
R
P 0x7f2a7c191628
P 0x7f2a7c487f60
C 259
R
P 0x7f2a7c191628
C 342
R
P 0x7f2a7c191628
P 0x7f2a7c487f60
C 258
R
P 0x7f2a7c191628
C 342
R
P 0x7f2a7c191628
P 0x7f2a7c487f60
C 9
R
P 0x7f2a7c191628
C 342
R
P 0x7f2a7c191628
U 2
P 0x7f2a7c19bb88
P 0x7f2a7c487f60
p 2
C 65
= 0x7f2a7c487f98
R
P 0x7f2a7c191628
C 342
R
P 0x7f2a7c191628
P 0x7f2a7c487f98
C 257
R
P 0x7f2a7c191628
C 342
R
P 0x7f2a7c191628
P 0x7f2a7c487f98
C 254
= 0x7f2a7c19b1e8
R
P 0x7f2a7c191628
C 342
R
P 0x7f2a7c191628
P 0x7f2a7c19b1e8
C 209
R
P 0x7f2a7c191628
C 342
R
P 0x7f2a7c191628
P 0x7f2a7c487f98
C 260
R
P 0x7f2a7c191628
C 342
R
P 0x7f2a7c191628
P 0x7f2a7c487f98
C 259
R
P 0x7f2a7c191628
C 342
R
P 0x7f2a7c191628
P 0x7f2a7c487f98
C 258
R
P 0x7f2a7c191628
C 342
R
P 0x7f2a7c191628
P 0x7f2a7c487f98
C 9
R
P 0x7f2a7c191628
C 342
R
P 0x7f2a7c191628
P 0x7f2a7c487208
P 0x7f2a7c487f98
P 0x7f2a7c19bb88
C 59
= 0x7f2a7c19fac8
R
P 0x7f2a7c191628
C 342
R
P 0x7f2a7c191628
P 0x7f2a7c19fac8
C 257
R
P 0x7f2a7c191628
C 342
R
P 0x7f2a7c191628
P 0x7f2a7c19fac8
C 254
= 0x7f2a7c19b1e8
R
P 0x7f2a7c191628
C 342
R
P 0x7f2a7c191628
P 0x7f2a7c19b1e8
C 209
R
P 0x7f2a7c191628
C 342
R
P 0x7f2a7c191628
P 0x7f2a7c19fac8
C 260
R
P 0x7f2a7c191628
C 342
R
P 0x7f2a7c191628
P 0x7f2a7c19fac8
C 259
R
P 0x7f2a7c191628
C 342
R
P 0x7f2a7c191628
P 0x7f2a7c19fac8
C 258
R
P 0x7f2a7c191628
C 342
R
P 0x7f2a7c191628
P 0x7f2a7c19fac8
C 9
R
P 0x7f2a7c191628
C 342
R
P 0x7f2a7c191628
U 2
P 0x7f2a7c19c2a8
P 0x7f2a7c19fac8
p 2
C 65
= 0x7f2a7c488078
R
P 0x7f2a7c191628
C 342
R
P 0x7f2a7c191628
P 0x7f2a7c488078
C 257
R
P 0x7f2a7c191628
C 342
R
P 0x7f2a7c191628
P 0x7f2a7c488078
C 254
= 0x7f2a7c19b1e8
R
P 0x7f2a7c191628
C 342
R
P 0x7f2a7c191628
P 0x7f2a7c19b1e8
C 209
R
P 0x7f2a7c191628
C 342
R
P 0x7f2a7c191628
P 0x7f2a7c488078
C 260
R
P 0x7f2a7c191628
C 342
R
P 0x7f2a7c191628
P 0x7f2a7c488078
C 259
R
P 0x7f2a7c191628
C 342
R
P 0x7f2a7c191628
P 0x7f2a7c488078
C 258
R
P 0x7f2a7c191628
C 342
R
P 0x7f2a7c191628
P 0x7f2a7c488078
C 9
R
P 0x7f2a7c191628
C 342
R
P 0x7f2a7c191628
U 2
P 0x7f2a7c488078
P 0x7f2a7c19bb68
p 2
C 65
= 0x7f2a7c489bf0
R
P 0x7f2a7c191628
C 342
R
P 0x7f2a7c191628
P 0x7f2a7c489bf0
C 257
R
P 0x7f2a7c191628
C 342
R
P 0x7f2a7c191628
P 0x7f2a7c489bf0
C 254
= 0x7f2a7c19b1e8
R
P 0x7f2a7c191628
C 342
R
P 0x7f2a7c191628
P 0x7f2a7c19b1e8
C 209
R
P 0x7f2a7c191628
C 342
R
P 0x7f2a7c191628
P 0x7f2a7c489bf0
C 260
R
P 0x7f2a7c191628
C 342
R
P 0x7f2a7c191628
P 0x7f2a7c489bf0
C 259
R
P 0x7f2a7c191628
C 342
R
P 0x7f2a7c191628
P 0x7f2a7c489bf0
C 258
R
P 0x7f2a7c191628
C 342
R
P 0x7f2a7c191628
P 0x7f2a7c489bf0
C 9
R
P 0x7f2a7c191628
C 342
R
P 0x7f2a7c191628
P 0x7f2a7c19c248
P 0x7f2a7c489bf0
C 56
= 0x7f2a7c48e000
R
P 0x7f2a7c191628
C 342
R
P 0x7f2a7c191628
P 0x7f2a7c48e000
C 258
R
P 0x7f2a7c191628
C 342
R
P 0x7f2a7c191628
P 0x7f2a7c48e000
C 9
R
P 0x7f2a7c191628
C 342
R
P 0x7f2a7c191628
U 2
P 0x7f2a7c48bd18
P 0x7f2a7c48e000
p 2
C 63
= 0x7f2a7c48e038
R
P 0x7f2a7c191628
C 342
R
P 0x7f2a7c191628
P 0x7f2a7c48e038
C 258
R
P 0x7f2a7c191628
C 342
R
P 0x7f2a7c191628
P 0x7f2a7c48e038
C 9
R
P 0x7f2a7c191628
C 342
R
P 0x7f2a7c191628
P 0x7f2a7c48dfc8
P 0x7f2a7c48e038
C 61
= 0x7f2a7c48e070
R
P 0x7f2a7c191628
C 342
R
P 0x7f2a7c191628
P 0x7f2a7c48e070
C 258
R
P 0x7f2a7c191628
C 342
R
P 0x7f2a7c191628
P 0x7f2a7c48e070
C 9
R
P 0x7f2a7c191628
C 342
R
P 0x7f2a7c191628
P 0x7f2a7c1e1fc8
P 0x7f2a7c48e070
C 427
R
P 0x7f2a7c191628
C 342
R
P 0x7f2a7c191628
I 4
P 0x7f2a7c19b208
C 150
= 0x7f2a7c19c028
R
P 0x7f2a7c191628
C 342
R
P 0x7f2a7c191628
P 0x7f2a7c19c028
C 258
R
P 0x7f2a7c191628
C 342
R
P 0x7f2a7c191628
P 0x7f2a7c19c028
C 9
R
P 0x7f2a7c191628
C 342
R
P 0x7f2a7c191628
I 1
P 0x7f2a7c19b208
C 150
= 0x7f2a7c19bc88
R
P 0x7f2a7c191628
C 342
R
P 0x7f2a7c191628
P 0x7f2a7c19bc88
C 258
R
P 0x7f2a7c191628
C 342
R
P 0x7f2a7c191628
P 0x7f2a7c19bc88
C 9
R
P 0x7f2a7c191628
C 342
R
P 0x7f2a7c191628
P 0x7f2a7c19c028
P 0x7f2a7c19bc88
C 75
= 0x7f2a7c487390
R
P 0x7f2a7c191628
C 342
R
P 0x7f2a7c191628
P 0x7f2a7c487390
C 258
R
P 0x7f2a7c191628
C 342
R
P 0x7f2a7c191628
P 0x7f2a7c487390
C 9
R
P 0x7f2a7c191628
C 342
R
P 0x7f2a7c191628
I 1
P 0x7f2a7c19b208
C 150
= 0x7f2a7c19bc88
R
P 0x7f2a7c191628
C 342
R
P 0x7f2a7c191628
P 0x7f2a7c19bc88
C 258
R
P 0x7f2a7c191628
C 342
R
P 0x7f2a7c191628
P 0x7f2a7c19bc88
C 9
R
P 0x7f2a7c191628
C 342
R
P 0x7f2a7c191628
U 2
P 0x7f2a7c19c028
P 0x7f2a7c19bc88
p 2
C 67
= 0x7f2a7c4873c8
R
P 0x7f2a7c191628
C 342
R
P 0x7f2a7c191628
P 0x7f2a7c4873c8
C 257
R
P 0x7f2a7c191628
C 342
R
P 0x7f2a7c191628
P 0x7f2a7c4873c8
C 254
= 0x7f2a7c19b208
R
P 0x7f2a7c191628
C 342
R
P 0x7f2a7c191628
P 0x7f2a7c19b208
C 209
R
P 0x7f2a7c191628
C 342
R
P 0x7f2a7c191628
P 0x7f2a7c4873c8
C 260
R
P 0x7f2a7c191628
C 342
R
P 0x7f2a7c191628
P 0x7f2a7c4873c8
C 259
R
P 0x7f2a7c191628
C 342
R
P 0x7f2a7c191628
P 0x7f2a7c4873c8
C 258
R
P 0x7f2a7c191628
C 342
R
P 0x7f2a7c191628
P 0x7f2a7c4873c8
C 9
R
P 0x7f2a7c191628
C 342
R
P 0x7f2a7c191628
U 2
P 0x7f2a7c19bba8
P 0x7f2a7c4873c8
p 2
C 66
= 0x7f2a7c487400
R
P 0x7f2a7c191628
C 342
R
P 0x7f2a7c191628
P 0x7f2a7c487400
C 257
R
P 0x7f2a7c191628
C 342
R
P 0x7f2a7c191628
P 0x7f2a7c487400
C 254
= 0x7f2a7c19b1e8
R
P 0x7f2a7c191628
C 342
R
P 0x7f2a7c191628
P 0x7f2a7c19b1e8
C 209
R
P 0x7f2a7c191628
C 342
R
P 0x7f2a7c191628
P 0x7f2a7c487400
C 260
R
P 0x7f2a7c191628
C 342
R
P 0x7f2a7c191628
P 0x7f2a7c487400
C 259
R
P 0x7f2a7c191628
C 342
R
P 0x7f2a7c191628
P 0x7f2a7c487400
C 258
R
P 0x7f2a7c191628
C 342
R
P 0x7f2a7c191628
P 0x7f2a7c487400
C 9
R
P 0x7f2a7c191628
C 342
R
P 0x7f2a7c191628
U 2
P 0x7f2a7c19bc28
P 0x7f2a7c487400
p 2
C 65
= 0x7f2a7c487438
R
P 0x7f2a7c191628
C 342
R
P 0x7f2a7c191628
P 0x7f2a7c487438
C 257
R
P 0x7f2a7c191628
C 342
R
P 0x7f2a7c191628
P 0x7f2a7c487438
C 254
= 0x7f2a7c19b1e8
R
P 0x7f2a7c191628
C 342
R
P 0x7f2a7c191628
P 0x7f2a7c19b1e8
C 209
R
P 0x7f2a7c191628
C 342
R
P 0x7f2a7c191628
P 0x7f2a7c487438
C 260
R
P 0x7f2a7c191628
C 342
R
P 0x7f2a7c191628
P 0x7f2a7c487438
C 259
R
P 0x7f2a7c191628
C 342
R
P 0x7f2a7c191628
P 0x7f2a7c487438
C 258
R
P 0x7f2a7c191628
C 342
R
P 0x7f2a7c191628
P 0x7f2a7c487438
C 9
R
P 0x7f2a7c191628
C 342
R
P 0x7f2a7c191628
P 0x7f2a7c487390
P 0x7f2a7c487438
P 0x7f2a7c19bc28
C 59
= 0x7f2a7c19f9c8
R
P 0x7f2a7c191628
C 342
R
P 0x7f2a7c191628
P 0x7f2a7c19f9c8
C 257
R
P 0x7f2a7c191628
C 342
R
P 0x7f2a7c191628
P 0x7f2a7c19f9c8
C 254
= 0x7f2a7c19b1e8
R
P 0x7f2a7c191628
C 342
R
P 0x7f2a7c191628
P 0x7f2a7c19b1e8
C 209
R
P 0x7f2a7c191628
C 342
R
P 0x7f2a7c191628
P 0x7f2a7c19f9c8
C 260
R
P 0x7f2a7c191628
C 342
R
P 0x7f2a7c191628
P 0x7f2a7c19f9c8
C 259
R
P 0x7f2a7c191628
C 342
R
P 0x7f2a7c191628
P 0x7f2a7c19f9c8
C 258
R
P 0x7f2a7c191628
C 342
R
P 0x7f2a7c191628
P 0x7f2a7c19f9c8
C 9
R
P 0x7f2a7c191628
C 342
R
P 0x7f2a7c191628
U 2
P 0x7f2a7c19f9c8
P 0x7f2a7c19bb48
p 2
C 65
= 0x7f2a7c487470
R
P 0x7f2a7c191628
C 342
R
P 0x7f2a7c191628
P 0x7f2a7c487470
C 257
R
P 0x7f2a7c191628
C 342
R
P 0x7f2a7c191628
P 0x7f2a7c487470
C 254
= 0x7f2a7c19b1e8
R
P 0x7f2a7c191628
C 342
R
P 0x7f2a7c191628
P 0x7f2a7c19b1e8
C 209
R
P 0x7f2a7c191628
C 342
R
P 0x7f2a7c191628
P 0x7f2a7c487470
C 260
R
P 0x7f2a7c191628
C 342
R
P 0x7f2a7c191628
P 0x7f2a7c487470
C 259
R
P 0x7f2a7c191628
C 342
R
P 0x7f2a7c191628
P 0x7f2a7c487470
C 258
R
P 0x7f2a7c191628
C 342
R
P 0x7f2a7c191628
P 0x7f2a7c487470
C 9
R
P 0x7f2a7c191628
C 342
R
P 0x7f2a7c191628
P 0x7f2a7c19bc68
C 333
R
P 0x7f2a7c191628
C 342
R
P 0x7f2a7c191628
S "slotflowPriorityStart"
C 30
R
P 0x7f2a7c191628
C 342
R
P 0x7f2a7c191628
$ |slotflowPriorityStart|
C 202
R
P 0x7f2a7c191628
C 342
R
P 0x7f2a7c191628
$ |slotflowPriorityStart|
P 0x7f2a7c19b1e8
C 51
= 0x7f2a7c19c2a8
R
P 0x7f2a7c191628
C 342
R
P 0x7f2a7c191628
P 0x7f2a7c19c2a8
C 257
R
P 0x7f2a7c191628
C 342
R
P 0x7f2a7c191628
P 0x7f2a7c19c2a8
C 254
= 0x7f2a7c19b1e8
R
P 0x7f2a7c191628
C 342
R
P 0x7f2a7c191628
P 0x7f2a7c19b1e8
C 209
R
P 0x7f2a7c191628
C 342
R
P 0x7f2a7c191628
P 0x7f2a7c19c2a8
C 260
R
P 0x7f2a7c191628
C 342
R
P 0x7f2a7c191628
P 0x7f2a7c19c2a8
C 259
R
P 0x7f2a7c191628
C 342
R
P 0x7f2a7c191628
P 0x7f2a7c19c2a8
C 258
R
P 0x7f2a7c191628
C 342
R
P 0x7f2a7c191628
P 0x7f2a7c19c2a8
C 9
R
P 0x7f2a7c191628
C 342
R
P 0x7f2a7c191628
P 0x7f2a7c19bc68
C 333
R
P 0x7f2a7c191628
C 342
R
P 0x7f2a7c191628
S "slotflowPriorityDuration"
C 30
R
P 0x7f2a7c191628
C 342
R
P 0x7f2a7c191628
$ |slotflowPriorityDuration|
C 202
R
P 0x7f2a7c191628
C 342
R
P 0x7f2a7c191628
$ |slotflowPriorityDuration|
P 0x7f2a7c19b1e8
C 51
= 0x7f2a7c19c268
R
P 0x7f2a7c191628
C 342
R
P 0x7f2a7c191628
P 0x7f2a7c19c268
C 257
R
P 0x7f2a7c191628
C 342
R
P 0x7f2a7c191628
P 0x7f2a7c19c268
C 254
= 0x7f2a7c19b1e8
R
P 0x7f2a7c191628
C 342
R
P 0x7f2a7c191628
P 0x7f2a7c19b1e8
C 209
R
P 0x7f2a7c191628
C 342
R
P 0x7f2a7c191628
P 0x7f2a7c19c268
C 260
R
P 0x7f2a7c191628
C 342
R
P 0x7f2a7c191628
P 0x7f2a7c19c268
C 259
R
P 0x7f2a7c191628
C 342
R
P 0x7f2a7c191628
P 0x7f2a7c19c268
C 258
R
P 0x7f2a7c191628
C 342
R
P 0x7f2a7c191628
P 0x7f2a7c19c268
C 9
R
P 0x7f2a7c191628
C 342
R
P 0x7f2a7c191628
U 2
P 0x7f2a7c19c2a8
P 0x7f2a7c19c268
p 2
C 65
= 0x7f2a7c487908
R
P 0x7f2a7c191628
C 342
R
P 0x7f2a7c191628
P 0x7f2a7c487908
C 257
R
P 0x7f2a7c191628
C 342
R
P 0x7f2a7c191628
P 0x7f2a7c487908
C 254
= 0x7f2a7c19b1e8
R
P 0x7f2a7c191628
C 342
R
P 0x7f2a7c191628
P 0x7f2a7c19b1e8
C 209
R
P 0x7f2a7c191628
C 342
R
P 0x7f2a7c191628
P 0x7f2a7c487908
C 260
R
P 0x7f2a7c191628
C 342
R
P 0x7f2a7c191628
P 0x7f2a7c487908
C 259
R
P 0x7f2a7c191628
C 342
R
P 0x7f2a7c191628
P 0x7f2a7c487908
C 258
R
P 0x7f2a7c191628
C 342
R
P 0x7f2a7c191628
P 0x7f2a7c487908
C 9
R
P 0x7f2a7c191628
C 342
R
P 0x7f2a7c191628
I 4
P 0x7f2a7c19b208
C 150
= 0x7f2a7c19c028
R
P 0x7f2a7c191628
C 342
R
P 0x7f2a7c191628
P 0x7f2a7c19c028
C 258
R
P 0x7f2a7c191628
C 342
R
P 0x7f2a7c191628
P 0x7f2a7c19c028
C 9
R
P 0x7f2a7c191628
C 342
R
P 0x7f2a7c191628
I 1
P 0x7f2a7c19b208
C 150
= 0x7f2a7c19bc88
R
P 0x7f2a7c191628
C 342
R
P 0x7f2a7c191628
P 0x7f2a7c19bc88
C 258
R
P 0x7f2a7c191628
C 342
R
P 0x7f2a7c191628
P 0x7f2a7c19bc88
C 9
R
P 0x7f2a7c191628
C 342
R
P 0x7f2a7c191628
P 0x7f2a7c19c028
P 0x7f2a7c19bc88
C 75
= 0x7f2a7c487390
R
P 0x7f2a7c191628
C 342
R
P 0x7f2a7c191628
P 0x7f2a7c487390
C 258
R
P 0x7f2a7c191628
C 342
R
P 0x7f2a7c191628
P 0x7f2a7c487390
C 9
R
P 0x7f2a7c191628
C 342
R
P 0x7f2a7c191628
I 1
P 0x7f2a7c19b208
C 150
= 0x7f2a7c19bc88
R
P 0x7f2a7c191628
C 342
R
P 0x7f2a7c191628
P 0x7f2a7c19bc88
C 258
R
P 0x7f2a7c191628
C 342
R
P 0x7f2a7c191628
P 0x7f2a7c19bc88
C 9
R
P 0x7f2a7c191628
C 342
R
P 0x7f2a7c191628
U 2
P 0x7f2a7c19c028
P 0x7f2a7c19bc88
p 2
C 67
= 0x7f2a7c4873c8
R
P 0x7f2a7c191628
C 342
R
P 0x7f2a7c191628
P 0x7f2a7c4873c8
C 257
R
P 0x7f2a7c191628
C 342
R
P 0x7f2a7c191628
P 0x7f2a7c4873c8
C 254
= 0x7f2a7c19b208
R
P 0x7f2a7c191628
C 342
R
P 0x7f2a7c191628
P 0x7f2a7c19b208
C 209
R
P 0x7f2a7c191628
C 342
R
P 0x7f2a7c191628
P 0x7f2a7c4873c8
C 260
R
P 0x7f2a7c191628
C 342
R
P 0x7f2a7c191628
P 0x7f2a7c4873c8
C 259
R
P 0x7f2a7c191628
C 342
R
P 0x7f2a7c191628
P 0x7f2a7c4873c8
C 258
R
P 0x7f2a7c191628
C 342
R
P 0x7f2a7c191628
P 0x7f2a7c4873c8
C 9
R
P 0x7f2a7c191628
C 342
R
P 0x7f2a7c191628
U 2
P 0x7f2a7c19bbe8
P 0x7f2a7c4873c8
p 2
C 66
= 0x7f2a7c488158
R
P 0x7f2a7c191628
C 342
R
P 0x7f2a7c191628
P 0x7f2a7c488158
C 257
R
P 0x7f2a7c191628
C 342
R
P 0x7f2a7c191628
P 0x7f2a7c488158
C 254
= 0x7f2a7c19b208
R
P 0x7f2a7c191628
C 342
R
P 0x7f2a7c191628
P 0x7f2a7c19b208
C 209
R
P 0x7f2a7c191628
C 342
R
P 0x7f2a7c191628
P 0x7f2a7c488158
C 260
R
P 0x7f2a7c191628
C 342
R
P 0x7f2a7c191628
P 0x7f2a7c488158
C 259
R
P 0x7f2a7c191628
C 342
R
P 0x7f2a7c191628
P 0x7f2a7c488158
C 258
R
P 0x7f2a7c191628
C 342
R
P 0x7f2a7c191628
P 0x7f2a7c488158
C 9
R
P 0x7f2a7c191628
C 342
R
P 0x7f2a7c191628
U 2
P 0x7f2a7c19bb88
P 0x7f2a7c488158
p 2
C 65
= 0x7f2a7c488190
R
P 0x7f2a7c191628
C 342
R
P 0x7f2a7c191628
P 0x7f2a7c488190
C 257
R
P 0x7f2a7c191628
C 342
R
P 0x7f2a7c191628
P 0x7f2a7c488190
C 254
= 0x7f2a7c19b1e8
R
P 0x7f2a7c191628
C 342
R
P 0x7f2a7c191628
P 0x7f2a7c19b1e8
C 209
R
P 0x7f2a7c191628
C 342
R
P 0x7f2a7c191628
P 0x7f2a7c488190
C 260
R
P 0x7f2a7c191628
C 342
R
P 0x7f2a7c191628
P 0x7f2a7c488190
C 259
R
P 0x7f2a7c191628
C 342
R
P 0x7f2a7c191628
P 0x7f2a7c488190
C 258
R
P 0x7f2a7c191628
C 342
R
P 0x7f2a7c191628
P 0x7f2a7c488190
C 9
R
P 0x7f2a7c191628
C 342
R
P 0x7f2a7c191628
P 0x7f2a7c487390
P 0x7f2a7c488190
P 0x7f2a7c19bb88
C 59
= 0x7f2a7c19fb08
R
P 0x7f2a7c191628
C 342
R
P 0x7f2a7c191628
P 0x7f2a7c19fb08
C 257
R
P 0x7f2a7c191628
C 342
R
P 0x7f2a7c191628
P 0x7f2a7c19fb08
C 254
= 0x7f2a7c19b1e8
R
P 0x7f2a7c191628
C 342
R
P 0x7f2a7c191628
P 0x7f2a7c19b1e8
C 209
R
P 0x7f2a7c191628
C 342
R
P 0x7f2a7c191628
P 0x7f2a7c19fb08
C 260
R
P 0x7f2a7c191628
C 342
R
P 0x7f2a7c191628
P 0x7f2a7c19fb08
C 259
R
P 0x7f2a7c191628
C 342
R
P 0x7f2a7c191628
P 0x7f2a7c19fb08
C 258
R
P 0x7f2a7c191628
C 342
R
P 0x7f2a7c191628
P 0x7f2a7c19fb08
C 9
R
P 0x7f2a7c191628
C 342
R
P 0x7f2a7c191628
U 2
P 0x7f2a7c487908
P 0x7f2a7c19fb08
p 2
C 65
= 0x7f2a7c4881c8
R
P 0x7f2a7c191628
C 342
R
P 0x7f2a7c191628
P 0x7f2a7c4881c8
C 257
R
P 0x7f2a7c191628
C 342
R
P 0x7f2a7c191628
P 0x7f2a7c4881c8
C 254
= 0x7f2a7c19b1e8
R
P 0x7f2a7c191628
C 342
R
P 0x7f2a7c191628
P 0x7f2a7c19b1e8
C 209
R
P 0x7f2a7c191628
C 342
R
P 0x7f2a7c191628
P 0x7f2a7c4881c8
C 260
R
P 0x7f2a7c191628
C 342
R
P 0x7f2a7c191628
P 0x7f2a7c4881c8
C 259
R
P 0x7f2a7c191628
C 342
R
P 0x7f2a7c191628
P 0x7f2a7c4881c8
C 258
R
P 0x7f2a7c191628
C 342
R
P 0x7f2a7c191628
P 0x7f2a7c4881c8
C 9
R
P 0x7f2a7c191628
C 342
R
P 0x7f2a7c191628
U 2
P 0x7f2a7c4881c8
P 0x7f2a7c19bb68
p 2
C 67
= 0x7f2a7c488200
R
P 0x7f2a7c191628
C 342
R
P 0x7f2a7c191628
P 0x7f2a7c488200
C 257
R
P 0x7f2a7c191628
C 342
R
P 0x7f2a7c191628
P 0x7f2a7c488200
C 254
= 0x7f2a7c19b1e8
R
P 0x7f2a7c191628
C 342
R
P 0x7f2a7c191628
P 0x7f2a7c19b1e8
C 209
R
P 0x7f2a7c191628
C 342
R
P 0x7f2a7c191628
P 0x7f2a7c488200
C 260
R
P 0x7f2a7c191628
C 342
R
P 0x7f2a7c191628
P 0x7f2a7c488200
C 259
R
P 0x7f2a7c191628
C 342
R
P 0x7f2a7c191628
P 0x7f2a7c488200
C 258
R
P 0x7f2a7c191628
C 342
R
P 0x7f2a7c191628
P 0x7f2a7c488200
C 9
R
P 0x7f2a7c191628
C 342
R
P 0x7f2a7c191628
P 0x7f2a7c487470
P 0x7f2a7c488200
C 75
= 0x7f2a7c48e0a8
R
P 0x7f2a7c191628
C 342
R
P 0x7f2a7c191628
P 0x7f2a7c48e0a8
C 258
R
P 0x7f2a7c191628
C 342
R
P 0x7f2a7c191628
P 0x7f2a7c48e0a8
C 9
R
P 0x7f2a7c191628
C 342
R
P 0x7f2a7c191628
I 4
P 0x7f2a7c19b208
C 150
= 0x7f2a7c19c028
R
P 0x7f2a7c191628
C 342
R
P 0x7f2a7c191628
P 0x7f2a7c19c028
C 258
R
P 0x7f2a7c191628
C 342
R
P 0x7f2a7c191628
P 0x7f2a7c19c028
C 9
R
P 0x7f2a7c191628
C 342
R
P 0x7f2a7c191628
I 1
P 0x7f2a7c19b208
C 150
= 0x7f2a7c19bc88
R
P 0x7f2a7c191628
C 342
R
P 0x7f2a7c191628
P 0x7f2a7c19bc88
C 258
R
P 0x7f2a7c191628
C 342
R
P 0x7f2a7c191628
P 0x7f2a7c19bc88
C 9
R
P 0x7f2a7c191628
C 342
R
P 0x7f2a7c191628
P 0x7f2a7c19c028
P 0x7f2a7c19bc88
C 75
= 0x7f2a7c487390
R
P 0x7f2a7c191628
C 342
R
P 0x7f2a7c191628
P 0x7f2a7c487390
C 258
R
P 0x7f2a7c191628
C 342
R
P 0x7f2a7c191628
P 0x7f2a7c487390
C 9
R
P 0x7f2a7c191628
C 342
R
P 0x7f2a7c191628
I 1
P 0x7f2a7c19b208
C 150
= 0x7f2a7c19bc88
R
P 0x7f2a7c191628
C 342
R
P 0x7f2a7c191628
P 0x7f2a7c19bc88
C 258
R
P 0x7f2a7c191628
C 342
R
P 0x7f2a7c191628
P 0x7f2a7c19bc88
C 9
R
P 0x7f2a7c191628
C 342
R
P 0x7f2a7c191628
U 2
P 0x7f2a7c19c028
P 0x7f2a7c19bc88
p 2
C 67
= 0x7f2a7c4873c8
R
P 0x7f2a7c191628
C 342
R
P 0x7f2a7c191628
P 0x7f2a7c4873c8
C 257
R
P 0x7f2a7c191628
C 342
R
P 0x7f2a7c191628
P 0x7f2a7c4873c8
C 254
= 0x7f2a7c19b208
R
P 0x7f2a7c191628
C 342
R
P 0x7f2a7c191628
P 0x7f2a7c19b208
C 209
R
P 0x7f2a7c191628
C 342
R
P 0x7f2a7c191628
P 0x7f2a7c4873c8
C 260
R
P 0x7f2a7c191628
C 342
R
P 0x7f2a7c191628
P 0x7f2a7c4873c8
C 259
R
P 0x7f2a7c191628
C 342
R
P 0x7f2a7c191628
P 0x7f2a7c4873c8
C 258
R
P 0x7f2a7c191628
C 342
R
P 0x7f2a7c191628
P 0x7f2a7c4873c8
C 9
R
P 0x7f2a7c191628
C 342
R
P 0x7f2a7c191628
U 2
P 0x7f2a7c19bba8
P 0x7f2a7c4873c8
p 2
C 66
= 0x7f2a7c487400
R
P 0x7f2a7c191628
C 342
R
P 0x7f2a7c191628
P 0x7f2a7c487400
C 257
R
P 0x7f2a7c191628
C 342
R
P 0x7f2a7c191628
P 0x7f2a7c487400
C 254
= 0x7f2a7c19b1e8
R
P 0x7f2a7c191628
C 342
R
P 0x7f2a7c191628
P 0x7f2a7c19b1e8
C 209
R
P 0x7f2a7c191628
C 342
R
P 0x7f2a7c191628
P 0x7f2a7c487400
C 260
R
P 0x7f2a7c191628
C 342
R
P 0x7f2a7c191628
P 0x7f2a7c487400
C 259
R
P 0x7f2a7c191628
C 342
R
P 0x7f2a7c191628
P 0x7f2a7c487400
C 258
R
P 0x7f2a7c191628
C 342
R
P 0x7f2a7c191628
P 0x7f2a7c487400
C 9
R
P 0x7f2a7c191628
C 342
R
P 0x7f2a7c191628
U 2
P 0x7f2a7c19bc28
P 0x7f2a7c487400
p 2
C 65
= 0x7f2a7c487438
R
P 0x7f2a7c191628
C 342
R
P 0x7f2a7c191628
P 0x7f2a7c487438
C 257
R
P 0x7f2a7c191628
C 342
R
P 0x7f2a7c191628
P 0x7f2a7c487438
C 254
= 0x7f2a7c19b1e8
R
P 0x7f2a7c191628
C 342
R
P 0x7f2a7c191628
P 0x7f2a7c19b1e8
C 209
R
P 0x7f2a7c191628
C 342
R
P 0x7f2a7c191628
P 0x7f2a7c487438
C 260
R
P 0x7f2a7c191628
C 342
R
P 0x7f2a7c191628
P 0x7f2a7c487438
C 259
R
P 0x7f2a7c191628
C 342
R
P 0x7f2a7c191628
P 0x7f2a7c487438
C 258
R
P 0x7f2a7c191628
C 342
R
P 0x7f2a7c191628
P 0x7f2a7c487438
C 9
R
P 0x7f2a7c191628
C 342
R
P 0x7f2a7c191628
P 0x7f2a7c487390
P 0x7f2a7c487438
P 0x7f2a7c19bc28
C 59
= 0x7f2a7c19f9c8
R
P 0x7f2a7c191628
C 342
R
P 0x7f2a7c191628
P 0x7f2a7c19f9c8
C 257
R
P 0x7f2a7c191628
C 342
R
P 0x7f2a7c191628
P 0x7f2a7c19f9c8
C 254
= 0x7f2a7c19b1e8
R
P 0x7f2a7c191628
C 342
R
P 0x7f2a7c191628
P 0x7f2a7c19b1e8
C 209
R
P 0x7f2a7c191628
C 342
R
P 0x7f2a7c191628
P 0x7f2a7c19f9c8
C 260
R
P 0x7f2a7c191628
C 342
R
P 0x7f2a7c191628
P 0x7f2a7c19f9c8
C 259
R
P 0x7f2a7c191628
C 342
R
P 0x7f2a7c191628
P 0x7f2a7c19f9c8
C 258
R
P 0x7f2a7c191628
C 342
R
P 0x7f2a7c191628
P 0x7f2a7c19f9c8
C 9
R
P 0x7f2a7c191628
C 342
R
P 0x7f2a7c191628
U 2
P 0x7f2a7c19f9c8
P 0x7f2a7c19bb48
p 2
C 65
= 0x7f2a7c487470
R
P 0x7f2a7c191628
C 342
R
P 0x7f2a7c191628
P 0x7f2a7c487470
C 257
R
P 0x7f2a7c191628
C 342
R
P 0x7f2a7c191628
P 0x7f2a7c487470
C 254
= 0x7f2a7c19b1e8
R
P 0x7f2a7c191628
C 342
R
P 0x7f2a7c191628
P 0x7f2a7c19b1e8
C 209
R
P 0x7f2a7c191628
C 342
R
P 0x7f2a7c191628
P 0x7f2a7c487470
C 260
R
P 0x7f2a7c191628
C 342
R
P 0x7f2a7c191628
P 0x7f2a7c487470
C 259
R
P 0x7f2a7c191628
C 342
R
P 0x7f2a7c191628
P 0x7f2a7c487470
C 258
R
P 0x7f2a7c191628
C 342
R
P 0x7f2a7c191628
P 0x7f2a7c487470
C 9
R
P 0x7f2a7c191628
C 342
R
P 0x7f2a7c191628
I 4
P 0x7f2a7c19b208
C 150
= 0x7f2a7c19c028
R
P 0x7f2a7c191628
C 342
R
P 0x7f2a7c191628
P 0x7f2a7c19c028
C 258
R
P 0x7f2a7c191628
C 342
R
P 0x7f2a7c191628
P 0x7f2a7c19c028
C 9
R
P 0x7f2a7c191628
C 342
R
P 0x7f2a7c191628
I 1
P 0x7f2a7c19b208
C 150
= 0x7f2a7c19bc88
R
P 0x7f2a7c191628
C 342
R
P 0x7f2a7c191628
P 0x7f2a7c19bc88
C 258
R
P 0x7f2a7c191628
C 342
R
P 0x7f2a7c191628
P 0x7f2a7c19bc88
C 9
R
P 0x7f2a7c191628
C 342
R
P 0x7f2a7c191628
P 0x7f2a7c19c028
P 0x7f2a7c19bc88
C 75
= 0x7f2a7c487390
R
P 0x7f2a7c191628
C 342
R
P 0x7f2a7c191628
P 0x7f2a7c487390
C 258
R
P 0x7f2a7c191628
C 342
R
P 0x7f2a7c191628
P 0x7f2a7c487390
C 9
R
P 0x7f2a7c191628
C 342
R
P 0x7f2a7c191628
I 1
P 0x7f2a7c19b208
C 150
= 0x7f2a7c19bc88
R
P 0x7f2a7c191628
C 342
R
P 0x7f2a7c191628
P 0x7f2a7c19bc88
C 258
R
P 0x7f2a7c191628
C 342
R
P 0x7f2a7c191628
P 0x7f2a7c19bc88
C 9
R
P 0x7f2a7c191628
C 342
R
P 0x7f2a7c191628
U 2
P 0x7f2a7c19c028
P 0x7f2a7c19bc88
p 2
C 67
= 0x7f2a7c4873c8
R
P 0x7f2a7c191628
C 342
R
P 0x7f2a7c191628
P 0x7f2a7c4873c8
C 257
R
P 0x7f2a7c191628
C 342
R
P 0x7f2a7c191628
P 0x7f2a7c4873c8
C 254
= 0x7f2a7c19b208
R
P 0x7f2a7c191628
C 342
R
P 0x7f2a7c191628
P 0x7f2a7c19b208
C 209
R
P 0x7f2a7c191628
C 342
R
P 0x7f2a7c191628
P 0x7f2a7c4873c8
C 260
R
P 0x7f2a7c191628
C 342
R
P 0x7f2a7c191628
P 0x7f2a7c4873c8
C 259
R
P 0x7f2a7c191628
C 342
R
P 0x7f2a7c191628
P 0x7f2a7c4873c8
C 258
R
P 0x7f2a7c191628
C 342
R
P 0x7f2a7c191628
P 0x7f2a7c4873c8
C 9
R
P 0x7f2a7c191628
C 342
R
P 0x7f2a7c191628
U 2
P 0x7f2a7c19bbe8
P 0x7f2a7c4873c8
p 2
C 66
= 0x7f2a7c488158
R
P 0x7f2a7c191628
C 342
R
P 0x7f2a7c191628
P 0x7f2a7c488158
C 257
R
P 0x7f2a7c191628
C 342
R
P 0x7f2a7c191628
P 0x7f2a7c488158
C 254
= 0x7f2a7c19b208
R
P 0x7f2a7c191628
C 342
R
P 0x7f2a7c191628
P 0x7f2a7c19b208
C 209
R
P 0x7f2a7c191628
C 342
R
P 0x7f2a7c191628
P 0x7f2a7c488158
C 260
R
P 0x7f2a7c191628
C 342
R
P 0x7f2a7c191628
P 0x7f2a7c488158
C 259
R
P 0x7f2a7c191628
C 342
R
P 0x7f2a7c191628
P 0x7f2a7c488158
C 258
R
P 0x7f2a7c191628
C 342
R
P 0x7f2a7c191628
P 0x7f2a7c488158
C 9
R
P 0x7f2a7c191628
C 342
R
P 0x7f2a7c191628
U 2
P 0x7f2a7c19bb88
P 0x7f2a7c488158
p 2
C 65
= 0x7f2a7c488190
R
P 0x7f2a7c191628
C 342
R
P 0x7f2a7c191628
P 0x7f2a7c488190
C 257
R
P 0x7f2a7c191628
C 342
R
P 0x7f2a7c191628
P 0x7f2a7c488190
C 254
= 0x7f2a7c19b1e8
R
P 0x7f2a7c191628
C 342
R
P 0x7f2a7c191628
P 0x7f2a7c19b1e8
C 209
R
P 0x7f2a7c191628
C 342
R
P 0x7f2a7c191628
P 0x7f2a7c488190
C 260
R
P 0x7f2a7c191628
C 342
R
P 0x7f2a7c191628
P 0x7f2a7c488190
C 259
R
P 0x7f2a7c191628
C 342
R
P 0x7f2a7c191628
P 0x7f2a7c488190
C 258
R
P 0x7f2a7c191628
C 342
R
P 0x7f2a7c191628
P 0x7f2a7c488190
C 9
R
P 0x7f2a7c191628
C 342
R
P 0x7f2a7c191628
P 0x7f2a7c487390
P 0x7f2a7c488190
P 0x7f2a7c19bb88
C 59
= 0x7f2a7c19fb08
R
P 0x7f2a7c191628
C 342
R
P 0x7f2a7c191628
P 0x7f2a7c19fb08
C 257
R
P 0x7f2a7c191628
C 342
R
P 0x7f2a7c191628
P 0x7f2a7c19fb08
C 254
= 0x7f2a7c19b1e8
R
P 0x7f2a7c191628
C 342
R
P 0x7f2a7c191628
P 0x7f2a7c19b1e8
C 209
R
P 0x7f2a7c191628
C 342
R
P 0x7f2a7c191628
P 0x7f2a7c19fb08
C 260
R
P 0x7f2a7c191628
C 342
R
P 0x7f2a7c191628
P 0x7f2a7c19fb08
C 259
R
P 0x7f2a7c191628
C 342
R
P 0x7f2a7c191628
P 0x7f2a7c19fb08
C 258
R
P 0x7f2a7c191628
C 342
R
P 0x7f2a7c191628
P 0x7f2a7c19fb08
C 9
R
P 0x7f2a7c191628
C 342
R
P 0x7f2a7c191628
U 2
P 0x7f2a7c19fb08
P 0x7f2a7c19bbe8
p 2
C 65
= 0x7f2a7c48c418
R
P 0x7f2a7c191628
C 342
R
P 0x7f2a7c191628
P 0x7f2a7c48c418
C 257
R
P 0x7f2a7c191628
C 342
R
P 0x7f2a7c191628
P 0x7f2a7c48c418
C 254
= 0x7f2a7c19b1e8
R
P 0x7f2a7c191628
C 342
R
P 0x7f2a7c191628
P 0x7f2a7c19b1e8
C 209
R
P 0x7f2a7c191628
C 342
R
P 0x7f2a7c191628
P 0x7f2a7c48c418
C 260
R
P 0x7f2a7c191628
C 342
R
P 0x7f2a7c191628
P 0x7f2a7c48c418
C 259
R
P 0x7f2a7c191628
C 342
R
P 0x7f2a7c191628
P 0x7f2a7c48c418
C 258
R
P 0x7f2a7c191628
C 342
R
P 0x7f2a7c191628
P 0x7f2a7c48c418
C 9
R
P 0x7f2a7c191628
C 342
R
P 0x7f2a7c191628
P 0x7f2a7c487470
P 0x7f2a7c48c418
C 74
= 0x7f2a7c48e0e0
R
P 0x7f2a7c191628
C 342
R
P 0x7f2a7c191628
P 0x7f2a7c48e0e0
C 258
R
P 0x7f2a7c191628
C 342
R
P 0x7f2a7c191628
P 0x7f2a7c48e0e0
C 9
R
P 0x7f2a7c191628
C 342
R
P 0x7f2a7c191628
U 2
P 0x7f2a7c48e0a8
P 0x7f2a7c48e0e0
p 2
C 63
= 0x7f2a7c48e118
R
P 0x7f2a7c191628
C 342
R
P 0x7f2a7c191628
P 0x7f2a7c48e118
C 258
R
P 0x7f2a7c191628
C 342
R
P 0x7f2a7c191628
P 0x7f2a7c48e118
C 9
R
P 0x7f2a7c191628
C 342
R
P 0x7f2a7c191628
I 4
P 0x7f2a7c19b208
C 150
= 0x7f2a7c19c028
R
P 0x7f2a7c191628
C 342
R
P 0x7f2a7c191628
P 0x7f2a7c19c028
C 258
R
P 0x7f2a7c191628
C 342
R
P 0x7f2a7c191628
P 0x7f2a7c19c028
C 9
R
P 0x7f2a7c191628
C 342
R
P 0x7f2a7c191628
P 0x7f2a7c19c028
C 263
R
P 0x7f2a7c191628
C 342
R
P 0x7f2a7c191628
S "dev0T34"
C 30
R
P 0x7f2a7c191628
C 342
R
P 0x7f2a7c191628
$ |dev0T34|
C 202
R
P 0x7f2a7c191628
C 342
R
P 0x7f2a7c191628
$ |dev0T34|
P 0x7f2a7c19b1e8
C 51
= 0x7f2a7c19c248
R
P 0x7f2a7c191628
C 342
R
P 0x7f2a7c191628
P 0x7f2a7c19c248
C 257
R
P 0x7f2a7c191628
C 342
R
P 0x7f2a7c191628
P 0x7f2a7c19c248
C 254
= 0x7f2a7c19b1e8
R
P 0x7f2a7c191628
C 342
R
P 0x7f2a7c191628
P 0x7f2a7c19b1e8
C 209
R
P 0x7f2a7c191628
C 342
R
P 0x7f2a7c191628
P 0x7f2a7c19c248
C 260
R
P 0x7f2a7c191628
C 342
R
P 0x7f2a7c191628
P 0x7f2a7c19c248
C 259
R
P 0x7f2a7c191628
C 342
R
P 0x7f2a7c191628
P 0x7f2a7c19c248
C 258
R
P 0x7f2a7c191628
C 342
R
P 0x7f2a7c191628
P 0x7f2a7c19c248
C 9
R
P 0x7f2a7c191628
C 342
R
P 0x7f2a7c191628
P 0x7f2a7c19bc68
C 333
R
P 0x7f2a7c191628
C 342
R
P 0x7f2a7c191628
S "slotflowPriorityStart"
C 30
R
P 0x7f2a7c191628
C 342
R
P 0x7f2a7c191628
$ |slotflowPriorityStart|
C 202
R
P 0x7f2a7c191628
C 342
R
P 0x7f2a7c191628
$ |slotflowPriorityStart|
P 0x7f2a7c19b1e8
C 51
= 0x7f2a7c19c2a8
R
P 0x7f2a7c191628
C 342
R
P 0x7f2a7c191628
P 0x7f2a7c19c2a8
C 257
R
P 0x7f2a7c191628
C 342
R
P 0x7f2a7c191628
P 0x7f2a7c19c2a8
C 254
= 0x7f2a7c19b1e8
R
P 0x7f2a7c191628
C 342
R
P 0x7f2a7c191628
P 0x7f2a7c19b1e8
C 209
R
P 0x7f2a7c191628
C 342
R
P 0x7f2a7c191628
P 0x7f2a7c19c2a8
C 260
R
P 0x7f2a7c191628
C 342
R
P 0x7f2a7c191628
P 0x7f2a7c19c2a8
C 259
R
P 0x7f2a7c191628
C 342
R
P 0x7f2a7c191628
P 0x7f2a7c19c2a8
C 258
R
P 0x7f2a7c191628
C 342
R
P 0x7f2a7c191628
P 0x7f2a7c19c2a8
C 9
R
P 0x7f2a7c191628
C 342
R
P 0x7f2a7c191628
P 0x7f2a7c19bc68
C 333
R
P 0x7f2a7c191628
C 342
R
P 0x7f2a7c191628
S "slotflowPriorityDuration"
C 30
R
P 0x7f2a7c191628
C 342
R
P 0x7f2a7c191628
$ |slotflowPriorityDuration|
C 202
R
P 0x7f2a7c191628
C 342
R
P 0x7f2a7c191628
$ |slotflowPriorityDuration|
P 0x7f2a7c19b1e8
C 51
= 0x7f2a7c19c268
R
P 0x7f2a7c191628
C 342
R
P 0x7f2a7c191628
P 0x7f2a7c19c268
C 257
R
P 0x7f2a7c191628
C 342
R
P 0x7f2a7c191628
P 0x7f2a7c19c268
C 254
= 0x7f2a7c19b1e8
R
P 0x7f2a7c191628
C 342
R
P 0x7f2a7c191628
P 0x7f2a7c19b1e8
C 209
R
P 0x7f2a7c191628
C 342
R
P 0x7f2a7c191628
P 0x7f2a7c19c268
C 260
R
P 0x7f2a7c191628
C 342
R
P 0x7f2a7c191628
P 0x7f2a7c19c268
C 259
R
P 0x7f2a7c191628
C 342
R
P 0x7f2a7c191628
P 0x7f2a7c19c268
C 258
R
P 0x7f2a7c191628
C 342
R
P 0x7f2a7c191628
P 0x7f2a7c19c268
C 9
R
P 0x7f2a7c191628
C 342
R
P 0x7f2a7c191628
U 2
P 0x7f2a7c19c2a8
P 0x7f2a7c19c268
p 2
C 65
= 0x7f2a7c487908
R
P 0x7f2a7c191628
C 342
R
P 0x7f2a7c191628
P 0x7f2a7c487908
C 257
R
P 0x7f2a7c191628
C 342
R
P 0x7f2a7c191628
P 0x7f2a7c487908
C 254
= 0x7f2a7c19b1e8
R
P 0x7f2a7c191628
C 342
R
P 0x7f2a7c191628
P 0x7f2a7c19b1e8
C 209
R
P 0x7f2a7c191628
C 342
R
P 0x7f2a7c191628
P 0x7f2a7c487908
C 260
R
P 0x7f2a7c191628
C 342
R
P 0x7f2a7c191628
P 0x7f2a7c487908
C 259
R
P 0x7f2a7c191628
C 342
R
P 0x7f2a7c191628
P 0x7f2a7c487908
C 258
R
P 0x7f2a7c191628
C 342
R
P 0x7f2a7c191628
P 0x7f2a7c487908
C 9
R
P 0x7f2a7c191628
C 342
R
P 0x7f2a7c191628
I 5
P 0x7f2a7c19b208
C 150
= 0x7f2a7c19c088
R
P 0x7f2a7c191628
C 342
R
P 0x7f2a7c191628
P 0x7f2a7c19c088
C 258
R
P 0x7f2a7c191628
C 342
R
P 0x7f2a7c191628
P 0x7f2a7c19c088
C 9
R
P 0x7f2a7c191628
C 342
R
P 0x7f2a7c191628
I 1
P 0x7f2a7c19b208
C 150
= 0x7f2a7c19bc88
R
P 0x7f2a7c191628
C 342
R
P 0x7f2a7c191628
P 0x7f2a7c19bc88
C 258
R
P 0x7f2a7c191628
C 342
R
P 0x7f2a7c191628
P 0x7f2a7c19bc88
C 9
R
P 0x7f2a7c191628
C 342
R
P 0x7f2a7c191628
P 0x7f2a7c19c088
P 0x7f2a7c19bc88
C 75
= 0x7f2a7c48c4c0
R
P 0x7f2a7c191628
C 342
R
P 0x7f2a7c191628
P 0x7f2a7c48c4c0
C 258
R
P 0x7f2a7c191628
C 342
R
P 0x7f2a7c191628
P 0x7f2a7c48c4c0
C 9
R
P 0x7f2a7c191628
C 342
R
P 0x7f2a7c191628
I 1
P 0x7f2a7c19b208
C 150
= 0x7f2a7c19bc88
R
P 0x7f2a7c191628
C 342
R
P 0x7f2a7c191628
P 0x7f2a7c19bc88
C 258
R
P 0x7f2a7c191628
C 342
R
P 0x7f2a7c191628
P 0x7f2a7c19bc88
C 9
R
P 0x7f2a7c191628
C 342
R
P 0x7f2a7c191628
U 2
P 0x7f2a7c19c088
P 0x7f2a7c19bc88
p 2
C 67
= 0x7f2a7c48c4f8
R
P 0x7f2a7c191628
C 342
R
P 0x7f2a7c191628
P 0x7f2a7c48c4f8
C 257
R
P 0x7f2a7c191628
C 342
R
P 0x7f2a7c191628
P 0x7f2a7c48c4f8
C 254
= 0x7f2a7c19b208
R
P 0x7f2a7c191628
C 342
R
P 0x7f2a7c191628
P 0x7f2a7c19b208
C 209
R
P 0x7f2a7c191628
C 342
R
P 0x7f2a7c191628
P 0x7f2a7c48c4f8
C 260
R
P 0x7f2a7c191628
C 342
R
P 0x7f2a7c191628
P 0x7f2a7c48c4f8
C 259
R
P 0x7f2a7c191628
C 342
R
P 0x7f2a7c191628
P 0x7f2a7c48c4f8
C 258
R
P 0x7f2a7c191628
C 342
R
P 0x7f2a7c191628
P 0x7f2a7c48c4f8
C 9
R
P 0x7f2a7c191628
C 342
R
P 0x7f2a7c191628
U 2
P 0x7f2a7c19bbe8
P 0x7f2a7c48c4f8
p 2
C 66
= 0x7f2a7c48c530
R
P 0x7f2a7c191628
C 342
R
P 0x7f2a7c191628
P 0x7f2a7c48c530
C 257
R
P 0x7f2a7c191628
C 342
R
P 0x7f2a7c191628
P 0x7f2a7c48c530
C 254
= 0x7f2a7c19b208
R
P 0x7f2a7c191628
C 342
R
P 0x7f2a7c191628
P 0x7f2a7c19b208
C 209
R
P 0x7f2a7c191628
C 342
R
P 0x7f2a7c191628
P 0x7f2a7c48c530
C 260
R
P 0x7f2a7c191628
C 342
R
P 0x7f2a7c191628
P 0x7f2a7c48c530
C 259
R
P 0x7f2a7c191628
C 342
R
P 0x7f2a7c191628
P 0x7f2a7c48c530
C 258
R
P 0x7f2a7c191628
C 342
R
P 0x7f2a7c191628
P 0x7f2a7c48c530
C 9
R
P 0x7f2a7c191628
C 342
R
P 0x7f2a7c191628
U 2
P 0x7f2a7c19bb88
P 0x7f2a7c48c530
p 2
C 65
= 0x7f2a7c48c568
R
P 0x7f2a7c191628
C 342
R
P 0x7f2a7c191628
P 0x7f2a7c48c568
C 257
R
P 0x7f2a7c191628
C 342
R
P 0x7f2a7c191628
P 0x7f2a7c48c568
C 254
= 0x7f2a7c19b1e8
R
P 0x7f2a7c191628
C 342
R
P 0x7f2a7c191628
P 0x7f2a7c19b1e8
C 209
R
P 0x7f2a7c191628
C 342
R
P 0x7f2a7c191628
P 0x7f2a7c48c568
C 260
R
P 0x7f2a7c191628
C 342
R
P 0x7f2a7c191628
P 0x7f2a7c48c568
C 259
R
P 0x7f2a7c191628
C 342
R
P 0x7f2a7c191628
P 0x7f2a7c48c568
C 258
R
P 0x7f2a7c191628
C 342
R
P 0x7f2a7c191628
P 0x7f2a7c48c568
C 9
R
P 0x7f2a7c191628
C 342
R
P 0x7f2a7c191628
P 0x7f2a7c48c4c0
P 0x7f2a7c48c568
P 0x7f2a7c19bb88
C 59
= 0x7f2a7c19fb48
R
P 0x7f2a7c191628
C 342
R
P 0x7f2a7c191628
P 0x7f2a7c19fb48
C 257
R
P 0x7f2a7c191628
C 342
R
P 0x7f2a7c191628
P 0x7f2a7c19fb48
C 254
= 0x7f2a7c19b1e8
R
P 0x7f2a7c191628
C 342
R
P 0x7f2a7c191628
P 0x7f2a7c19b1e8
C 209
R
P 0x7f2a7c191628
C 342
R
P 0x7f2a7c191628
P 0x7f2a7c19fb48
C 260
R
P 0x7f2a7c191628
C 342
R
P 0x7f2a7c191628
P 0x7f2a7c19fb48
C 259
R
P 0x7f2a7c191628
C 342
R
P 0x7f2a7c191628
P 0x7f2a7c19fb48
C 258
R
P 0x7f2a7c191628
C 342
R
P 0x7f2a7c191628
P 0x7f2a7c19fb48
C 9
R
P 0x7f2a7c191628
C 342
R
P 0x7f2a7c191628
U 2
P 0x7f2a7c487908
P 0x7f2a7c19fb48
p 2
C 65
= 0x7f2a7c48c5a0
R
P 0x7f2a7c191628
C 342
R
P 0x7f2a7c191628
P 0x7f2a7c48c5a0
C 257
R
P 0x7f2a7c191628
C 342
R
P 0x7f2a7c191628
P 0x7f2a7c48c5a0
C 254
= 0x7f2a7c19b1e8
R
P 0x7f2a7c191628
C 342
R
P 0x7f2a7c191628
P 0x7f2a7c19b1e8
C 209
R
P 0x7f2a7c191628
C 342
R
P 0x7f2a7c191628
P 0x7f2a7c48c5a0
C 260
R
P 0x7f2a7c191628
C 342
R
P 0x7f2a7c191628
P 0x7f2a7c48c5a0
C 259
R
P 0x7f2a7c191628
C 342
R
P 0x7f2a7c191628
P 0x7f2a7c48c5a0
C 258
R
P 0x7f2a7c191628
C 342
R
P 0x7f2a7c191628
P 0x7f2a7c48c5a0
C 9
R
P 0x7f2a7c191628
C 342
R
P 0x7f2a7c191628
P 0x7f2a7c19c248
P 0x7f2a7c48c5a0
C 74
= 0x7f2a7c48e150
R
P 0x7f2a7c191628
C 342
R
P 0x7f2a7c191628
P 0x7f2a7c48e150
C 258
R
P 0x7f2a7c191628
C 342
R
P 0x7f2a7c191628
P 0x7f2a7c48e150
C 9
R
P 0x7f2a7c191628
C 342
R
P 0x7f2a7c191628
I 4
P 0x7f2a7c19b208
C 150
= 0x7f2a7c19c028
R
P 0x7f2a7c191628
C 342
R
P 0x7f2a7c191628
P 0x7f2a7c19c028
C 258
R
P 0x7f2a7c191628
C 342
R
P 0x7f2a7c191628
P 0x7f2a7c19c028
C 9
R
P 0x7f2a7c191628
C 342
R
P 0x7f2a7c191628
P 0x7f2a7c19c028
C 263
R
P 0x7f2a7c191628
C 342
R
P 0x7f2a7c191628
S "dev0T34"
C 30
R
P 0x7f2a7c191628
C 342
R
P 0x7f2a7c191628
$ |dev0T34|
C 202
R
P 0x7f2a7c191628
C 342
R
P 0x7f2a7c191628
$ |dev0T34|
P 0x7f2a7c19b1e8
C 51
= 0x7f2a7c19c248
R
P 0x7f2a7c191628
C 342
R
P 0x7f2a7c191628
P 0x7f2a7c19c248
C 257
R
P 0x7f2a7c191628
C 342
R
P 0x7f2a7c191628
P 0x7f2a7c19c248
C 254
= 0x7f2a7c19b1e8
R
P 0x7f2a7c191628
C 342
R
P 0x7f2a7c191628
P 0x7f2a7c19b1e8
C 209
R
P 0x7f2a7c191628
C 342
R
P 0x7f2a7c191628
P 0x7f2a7c19c248
C 260
R
P 0x7f2a7c191628
C 342
R
P 0x7f2a7c191628
P 0x7f2a7c19c248
C 259
R
P 0x7f2a7c191628
C 342
R
P 0x7f2a7c191628
P 0x7f2a7c19c248
C 258
R
P 0x7f2a7c191628
C 342
R
P 0x7f2a7c191628
P 0x7f2a7c19c248
C 9
R
P 0x7f2a7c191628
C 342
R
P 0x7f2a7c191628
P 0x7f2a7c19bc68
C 333
R
P 0x7f2a7c191628
C 342
R
P 0x7f2a7c191628
S "slotflowPriorityStart"
C 30
R
P 0x7f2a7c191628
C 342
R
P 0x7f2a7c191628
$ |slotflowPriorityStart|
C 202
R
P 0x7f2a7c191628
C 342
R
P 0x7f2a7c191628
$ |slotflowPriorityStart|
P 0x7f2a7c19b1e8
C 51
= 0x7f2a7c19c2a8
R
P 0x7f2a7c191628
C 342
R
P 0x7f2a7c191628
P 0x7f2a7c19c2a8
C 257
R
P 0x7f2a7c191628
C 342
R
P 0x7f2a7c191628
P 0x7f2a7c19c2a8
C 254
= 0x7f2a7c19b1e8
R
P 0x7f2a7c191628
C 342
R
P 0x7f2a7c191628
P 0x7f2a7c19b1e8
C 209
R
P 0x7f2a7c191628
C 342
R
P 0x7f2a7c191628
P 0x7f2a7c19c2a8
C 260
R
P 0x7f2a7c191628
C 342
R
P 0x7f2a7c191628
P 0x7f2a7c19c2a8
C 259
R
P 0x7f2a7c191628
C 342
R
P 0x7f2a7c191628
P 0x7f2a7c19c2a8
C 258
R
P 0x7f2a7c191628
C 342
R
P 0x7f2a7c191628
P 0x7f2a7c19c2a8
C 9
R
P 0x7f2a7c191628
C 342
R
P 0x7f2a7c191628
I 4
P 0x7f2a7c19b208
C 150
= 0x7f2a7c19c028
R
P 0x7f2a7c191628
C 342
R
P 0x7f2a7c191628
P 0x7f2a7c19c028
C 258
R
P 0x7f2a7c191628
C 342
R
P 0x7f2a7c191628
P 0x7f2a7c19c028
C 9
R
P 0x7f2a7c191628
C 342
R
P 0x7f2a7c191628
I 1
P 0x7f2a7c19b208
C 150
= 0x7f2a7c19bc88
R
P 0x7f2a7c191628
C 342
R
P 0x7f2a7c191628
P 0x7f2a7c19bc88
C 258
R
P 0x7f2a7c191628
C 342
R
P 0x7f2a7c191628
P 0x7f2a7c19bc88
C 9
R
P 0x7f2a7c191628
C 342
R
P 0x7f2a7c191628
P 0x7f2a7c19c028
P 0x7f2a7c19bc88
C 75
= 0x7f2a7c487390
R
P 0x7f2a7c191628
C 342
R
P 0x7f2a7c191628
P 0x7f2a7c487390
C 258
R
P 0x7f2a7c191628
C 342
R
P 0x7f2a7c191628
P 0x7f2a7c487390
C 9
R
P 0x7f2a7c191628
C 342
R
P 0x7f2a7c191628
I 1
P 0x7f2a7c19b208
C 150
= 0x7f2a7c19bc88
R
P 0x7f2a7c191628
C 342
R
P 0x7f2a7c191628
P 0x7f2a7c19bc88
C 258
R
P 0x7f2a7c191628
C 342
R
P 0x7f2a7c191628
P 0x7f2a7c19bc88
C 9
R
P 0x7f2a7c191628
C 342
R
P 0x7f2a7c191628
U 2
P 0x7f2a7c19c028
P 0x7f2a7c19bc88
p 2
C 67
= 0x7f2a7c4873c8
R
P 0x7f2a7c191628
C 342
R
P 0x7f2a7c191628
P 0x7f2a7c4873c8
C 257
R
P 0x7f2a7c191628
C 342
R
P 0x7f2a7c191628
P 0x7f2a7c4873c8
C 254
= 0x7f2a7c19b208
R
P 0x7f2a7c191628
C 342
R
P 0x7f2a7c191628
P 0x7f2a7c19b208
C 209
R
P 0x7f2a7c191628
C 342
R
P 0x7f2a7c191628
P 0x7f2a7c4873c8
C 260
R
P 0x7f2a7c191628
C 342
R
P 0x7f2a7c191628
P 0x7f2a7c4873c8
C 259
R
P 0x7f2a7c191628
C 342
R
P 0x7f2a7c191628
P 0x7f2a7c4873c8
C 258
R
P 0x7f2a7c191628
C 342
R
P 0x7f2a7c191628
P 0x7f2a7c4873c8
C 9
R
P 0x7f2a7c191628
C 342
R
P 0x7f2a7c191628
U 2
P 0x7f2a7c19bbe8
P 0x7f2a7c4873c8
p 2
C 66
= 0x7f2a7c488158
R
P 0x7f2a7c191628
C 342
R
P 0x7f2a7c191628
P 0x7f2a7c488158
C 257
R
P 0x7f2a7c191628
C 342
R
P 0x7f2a7c191628
P 0x7f2a7c488158
C 254
= 0x7f2a7c19b208
R
P 0x7f2a7c191628
C 342
R
P 0x7f2a7c191628
P 0x7f2a7c19b208
C 209
R
P 0x7f2a7c191628
C 342
R
P 0x7f2a7c191628
P 0x7f2a7c488158
C 260
R
P 0x7f2a7c191628
C 342
R
P 0x7f2a7c191628
P 0x7f2a7c488158
C 259
R
P 0x7f2a7c191628
C 342
R
P 0x7f2a7c191628
P 0x7f2a7c488158
C 258
R
P 0x7f2a7c191628
C 342
R
P 0x7f2a7c191628
P 0x7f2a7c488158
C 9
R
P 0x7f2a7c191628
C 342
R
P 0x7f2a7c191628
U 2
P 0x7f2a7c19bb88
P 0x7f2a7c488158
p 2
C 65
= 0x7f2a7c488190
R
P 0x7f2a7c191628
C 342
R
P 0x7f2a7c191628
P 0x7f2a7c488190
C 257
R
P 0x7f2a7c191628
C 342
R
P 0x7f2a7c191628
P 0x7f2a7c488190
C 254
= 0x7f2a7c19b1e8
R
P 0x7f2a7c191628
C 342
R
P 0x7f2a7c191628
P 0x7f2a7c19b1e8
C 209
R
P 0x7f2a7c191628
C 342
R
P 0x7f2a7c191628
P 0x7f2a7c488190
C 260
R
P 0x7f2a7c191628
C 342
R
P 0x7f2a7c191628
P 0x7f2a7c488190
C 259
R
P 0x7f2a7c191628
C 342
R
P 0x7f2a7c191628
P 0x7f2a7c488190
C 258
R
P 0x7f2a7c191628
C 342
R
P 0x7f2a7c191628
P 0x7f2a7c488190
C 9
R
P 0x7f2a7c191628
C 342
R
P 0x7f2a7c191628
P 0x7f2a7c487390
P 0x7f2a7c488190
P 0x7f2a7c19bb88
C 59
= 0x7f2a7c19fb08
R
P 0x7f2a7c191628
C 342
R
P 0x7f2a7c191628
P 0x7f2a7c19fb08
C 257
R
P 0x7f2a7c191628
C 342
R
P 0x7f2a7c191628
P 0x7f2a7c19fb08
C 254
= 0x7f2a7c19b1e8
R
P 0x7f2a7c191628
C 342
R
P 0x7f2a7c191628
P 0x7f2a7c19b1e8
C 209
R
P 0x7f2a7c191628
C 342
R
P 0x7f2a7c191628
P 0x7f2a7c19fb08
C 260
R
P 0x7f2a7c191628
C 342
R
P 0x7f2a7c191628
P 0x7f2a7c19fb08
C 259
R
P 0x7f2a7c191628
C 342
R
P 0x7f2a7c191628
P 0x7f2a7c19fb08
C 258
R
P 0x7f2a7c191628
C 342
R
P 0x7f2a7c191628
P 0x7f2a7c19fb08
C 9
R
P 0x7f2a7c191628
C 342
R
P 0x7f2a7c191628
U 2
P 0x7f2a7c19c2a8
P 0x7f2a7c19fb08
p 2
C 65
= 0x7f2a7c488270
R
P 0x7f2a7c191628
C 342
R
P 0x7f2a7c191628
P 0x7f2a7c488270
C 257
R
P 0x7f2a7c191628
C 342
R
P 0x7f2a7c191628
P 0x7f2a7c488270
C 254
= 0x7f2a7c19b1e8
R
P 0x7f2a7c191628
C 342
R
P 0x7f2a7c191628
P 0x7f2a7c19b1e8
C 209
R
P 0x7f2a7c191628
C 342
R
P 0x7f2a7c191628
P 0x7f2a7c488270
C 260
R
P 0x7f2a7c191628
C 342
R
P 0x7f2a7c191628
P 0x7f2a7c488270
C 259
R
P 0x7f2a7c191628
C 342
R
P 0x7f2a7c191628
P 0x7f2a7c488270
C 258
R
P 0x7f2a7c191628
C 342
R
P 0x7f2a7c191628
P 0x7f2a7c488270
C 9
R
P 0x7f2a7c191628
C 342
R
P 0x7f2a7c191628
U 2
P 0x7f2a7c488270
P 0x7f2a7c19bb68
p 2
C 65
= 0x7f2a7c489db0
R
P 0x7f2a7c191628
C 342
R
P 0x7f2a7c191628
P 0x7f2a7c489db0
C 257
R
P 0x7f2a7c191628
C 342
R
P 0x7f2a7c191628
P 0x7f2a7c489db0
C 254
= 0x7f2a7c19b1e8
R
P 0x7f2a7c191628
C 342
R
P 0x7f2a7c191628
P 0x7f2a7c19b1e8
C 209
R
P 0x7f2a7c191628
C 342
R
P 0x7f2a7c191628
P 0x7f2a7c489db0
C 260
R
P 0x7f2a7c191628
C 342
R
P 0x7f2a7c191628
P 0x7f2a7c489db0
C 259
R
P 0x7f2a7c191628
C 342
R
P 0x7f2a7c191628
P 0x7f2a7c489db0
C 258
R
P 0x7f2a7c191628
C 342
R
P 0x7f2a7c191628
P 0x7f2a7c489db0
C 9
R
P 0x7f2a7c191628
C 342
R
P 0x7f2a7c191628
P 0x7f2a7c19c248
P 0x7f2a7c489db0
C 56
= 0x7f2a7c48e188
R
P 0x7f2a7c191628
C 342
R
P 0x7f2a7c191628
P 0x7f2a7c48e188
C 258
R
P 0x7f2a7c191628
C 342
R
P 0x7f2a7c191628
P 0x7f2a7c48e188
C 9
R
P 0x7f2a7c191628
C 342
R
P 0x7f2a7c191628
U 2
P 0x7f2a7c48e150
P 0x7f2a7c48e188
p 2
C 63
= 0x7f2a7c48e1c0
R
P 0x7f2a7c191628
C 342
R
P 0x7f2a7c191628
P 0x7f2a7c48e1c0
C 258
R
P 0x7f2a7c191628
C 342
R
P 0x7f2a7c191628
P 0x7f2a7c48e1c0
C 9
R
P 0x7f2a7c191628
C 342
R
P 0x7f2a7c191628
P 0x7f2a7c48e118
P 0x7f2a7c48e1c0
C 61
= 0x7f2a7c48e1f8
R
P 0x7f2a7c191628
C 342
R
P 0x7f2a7c191628
P 0x7f2a7c48e1f8
C 258
R
P 0x7f2a7c191628
C 342
R
P 0x7f2a7c191628
P 0x7f2a7c48e1f8
C 9
R
P 0x7f2a7c191628
C 342
R
P 0x7f2a7c191628
P 0x7f2a7c1e1fc8
P 0x7f2a7c48e1f8
C 427
R
P 0x7f2a7c191628
C 342
R
P 0x7f2a7c191628
P 0x7f2a7c1e1fc8
C 433
R
P 0x7f2a7c191628
C 342
R
P 0x7f2a7c191628
P 0x7f2a7c1e1fc8
C 438
= 0x7f2a7c4e9f28
R
P 0x7f2a7c191628
C 342
R
P 0x7f2a7c191628
P 0x7f2a7c4e9f28
C 300
R
P 0x7f2a7c191628
C 342
R
P 0x7f2a7c191628
P 0x7f2a7c4e9f28
C 337
R
P 0x7f2a7c191628
C 342
R
P 0x7f2a7c191628
P 0x7f2a7c4e9f28
P 0x7f2a7c19f848
I 0
P 0
C 302
* 0x7f2a7c19bb48 4
R
P 0x7f2a7c191628
C 342
R
P 0x7f2a7c191628
P 0x7f2a7c19bb48
C 257
R
P 0x7f2a7c191628
C 342
R
P 0x7f2a7c191628
P 0x7f2a7c19bb48
C 254
= 0x7f2a7c19b1e8
R
P 0x7f2a7c191628
C 342
R
P 0x7f2a7c191628
P 0x7f2a7c19b1e8
C 209
R
P 0x7f2a7c191628
C 342
R
P 0x7f2a7c191628
P 0x7f2a7c19bb48
C 260
R
P 0x7f2a7c191628
C 342
R
P 0x7f2a7c191628
P 0x7f2a7c19bb48
C 259
R
P 0x7f2a7c191628
C 342
R
P 0x7f2a7c191628
P 0x7f2a7c19bb48
C 258
R
P 0x7f2a7c191628
C 342
R
P 0x7f2a7c191628
P 0x7f2a7c19bb48
C 9
R
P 0x7f2a7c191628
C 342
R
P 0x7f2a7c191628
P 0x7f2a7c19bc48
C 263
R
P 0x7f2a7c191628
C 342
R
P 0x7f2a7c191628
P 0x7f2a7c4e9f28
P 0x7f2a7c19bc68
I 0
P 0
C 302
* 0x7f2a7c19bc88 4
R
P 0x7f2a7c191628
C 342
R
P 0x7f2a7c191628
P 0x7f2a7c19bc88
C 257
R
P 0x7f2a7c191628
C 342
R
P 0x7f2a7c191628
P 0x7f2a7c19bc88
C 254
= 0x7f2a7c19b208
R
P 0x7f2a7c191628
C 342
R
P 0x7f2a7c191628
P 0x7f2a7c19b208
C 209
R
P 0x7f2a7c191628
C 342
R
P 0x7f2a7c191628
P 0x7f2a7c19bc88
C 260
R
P 0x7f2a7c191628
C 342
R
P 0x7f2a7c191628
P 0x7f2a7c19bc88
C 259
R
P 0x7f2a7c191628
C 342
R
P 0x7f2a7c191628
P 0x7f2a7c19bc88
C 258
R
P 0x7f2a7c191628
C 342
R
P 0x7f2a7c191628
P 0x7f2a7c19bc88
C 9
R
P 0x7f2a7c191628
C 342
R
P 0x7f2a7c191628
P 0x7f2a7c19bc88
C 263
R
P 0x7f2a7c191628
C 342
R
P 0x7f2a7c191628
P 0x7f2a7c4e9f28
P 0x7f2a7c19bb48
I 0
P 0
C 302
* 0x7f2a7c19bb48 4
R
P 0x7f2a7c191628
C 342
R
P 0x7f2a7c191628
P 0x7f2a7c19bb48
C 257
R
P 0x7f2a7c191628
C 342
R
P 0x7f2a7c191628
P 0x7f2a7c19bb48
C 254
= 0x7f2a7c19b1e8
R
P 0x7f2a7c191628
C 342
R
P 0x7f2a7c191628
P 0x7f2a7c19b1e8
C 209
R
P 0x7f2a7c191628
C 342
R
P 0x7f2a7c191628
P 0x7f2a7c19bb48
C 260
R
P 0x7f2a7c191628
C 342
R
P 0x7f2a7c191628
P 0x7f2a7c19bb48
C 259
R
P 0x7f2a7c191628
C 342
R
P 0x7f2a7c191628
P 0x7f2a7c19bb48
C 258
R
P 0x7f2a7c191628
C 342
R
P 0x7f2a7c191628
P 0x7f2a7c19bb48
C 9
R
P 0x7f2a7c191628
C 342
R
P 0x7f2a7c191628
P 0x7f2a7c19bb48
C 263
R
P 0x7f2a7c191628
C 342
R
P 0x7f2a7c191628
P 0x7f2a7c4e9f28
P 0x7f2a7c19bb68
I 0
P 0
C 302
* 0x7f2a7c19bb68 4
R
P 0x7f2a7c191628
C 342
R
P 0x7f2a7c191628
P 0x7f2a7c19bb68
C 257
R
P 0x7f2a7c191628
C 342
R
P 0x7f2a7c191628
P 0x7f2a7c19bb68
C 254
= 0x7f2a7c19b1e8
R
P 0x7f2a7c191628
C 342
R
P 0x7f2a7c191628
P 0x7f2a7c19b1e8
C 209
R
P 0x7f2a7c191628
C 342
R
P 0x7f2a7c191628
P 0x7f2a7c19bb68
C 260
R
P 0x7f2a7c191628
C 342
R
P 0x7f2a7c191628
P 0x7f2a7c19bb68
C 259
R
P 0x7f2a7c191628
C 342
R
P 0x7f2a7c191628
P 0x7f2a7c19bb68
C 258
R
P 0x7f2a7c191628
C 342
R
P 0x7f2a7c191628
P 0x7f2a7c19bb68
C 9
R
P 0x7f2a7c191628
C 342
R
P 0x7f2a7c191628
P 0x7f2a7c19bb68
C 263
R
P 0x7f2a7c191628
C 342
R
P 0x7f2a7c191628
I 1
P 0x7f2a7c19b208
C 150
= 0x7f2a7c19bc88
R
P 0x7f2a7c191628
C 342
R
P 0x7f2a7c191628
P 0x7f2a7c19bc88
C 258
R
P 0x7f2a7c191628
C 342
R
P 0x7f2a7c191628
P 0x7f2a7c19bc88
C 9
R
P 0x7f2a7c191628
C 342
R
P 0x7f2a7c191628
P 0x7f2a7c19bc68
P 0x7f2a7c19bc88
C 75
= 0x7f2a7c35fc18
R
P 0x7f2a7c191628
C 342
R
P 0x7f2a7c191628
P 0x7f2a7c35fc18
C 258
R
P 0x7f2a7c191628
C 342
R
P 0x7f2a7c191628
P 0x7f2a7c35fc18
C 9
R
P 0x7f2a7c191628
C 342
R
P 0x7f2a7c191628
I 1
P 0x7f2a7c19b208
C 150
= 0x7f2a7c19bc88
R
P 0x7f2a7c191628
C 342
R
P 0x7f2a7c191628
P 0x7f2a7c19bc88
C 258
R
P 0x7f2a7c191628
C 342
R
P 0x7f2a7c191628
P 0x7f2a7c19bc88
C 9
R
P 0x7f2a7c191628
C 342
R
P 0x7f2a7c191628
U 2
P 0x7f2a7c19bc68
P 0x7f2a7c19bc88
p 2
C 67
= 0x7f2a7c3a2228
R
P 0x7f2a7c191628
C 342
R
P 0x7f2a7c191628
P 0x7f2a7c3a2228
C 257
R
P 0x7f2a7c191628
C 342
R
P 0x7f2a7c191628
P 0x7f2a7c3a2228
C 254
= 0x7f2a7c19b208
R
P 0x7f2a7c191628
C 342
R
P 0x7f2a7c191628
P 0x7f2a7c19b208
C 209
R
P 0x7f2a7c191628
C 342
R
P 0x7f2a7c191628
P 0x7f2a7c3a2228
C 260
R
P 0x7f2a7c191628
C 342
R
P 0x7f2a7c191628
P 0x7f2a7c3a2228
C 259
R
P 0x7f2a7c191628
C 342
R
P 0x7f2a7c191628
P 0x7f2a7c3a2228
C 258
R
P 0x7f2a7c191628
C 342
R
P 0x7f2a7c191628
P 0x7f2a7c3a2228
C 9
R
P 0x7f2a7c191628
C 342
R
P 0x7f2a7c191628
U 2
P 0x7f2a7c19bbe8
P 0x7f2a7c3a2228
p 2
C 66
= 0x7f2a7c381ad8
R
P 0x7f2a7c191628
C 342
R
P 0x7f2a7c191628
P 0x7f2a7c381ad8
C 257
R
P 0x7f2a7c191628
C 342
R
P 0x7f2a7c191628
P 0x7f2a7c381ad8
C 254
= 0x7f2a7c19b208
R
P 0x7f2a7c191628
C 342
R
P 0x7f2a7c191628
P 0x7f2a7c19b208
C 209
R
P 0x7f2a7c191628
C 342
R
P 0x7f2a7c191628
P 0x7f2a7c381ad8
C 260
R
P 0x7f2a7c191628
C 342
R
P 0x7f2a7c191628
P 0x7f2a7c381ad8
C 259
R
P 0x7f2a7c191628
C 342
R
P 0x7f2a7c191628
P 0x7f2a7c381ad8
C 258
R
P 0x7f2a7c191628
C 342
R
P 0x7f2a7c191628
P 0x7f2a7c381ad8
C 9
R
P 0x7f2a7c191628
C 342
R
P 0x7f2a7c191628
U 2
P 0x7f2a7c19bb88
P 0x7f2a7c381ad8
p 2
C 65
= 0x7f2a7c3813d8
R
P 0x7f2a7c191628
C 342
R
P 0x7f2a7c191628
P 0x7f2a7c3813d8
C 257
R
P 0x7f2a7c191628
C 342
R
P 0x7f2a7c191628
P 0x7f2a7c3813d8
C 254
= 0x7f2a7c19b1e8
R
P 0x7f2a7c191628
C 342
R
P 0x7f2a7c191628
P 0x7f2a7c19b1e8
C 209
R
P 0x7f2a7c191628
C 342
R
P 0x7f2a7c191628
P 0x7f2a7c3813d8
C 260
R
P 0x7f2a7c191628
C 342
R
P 0x7f2a7c191628
P 0x7f2a7c3813d8
C 259
R
P 0x7f2a7c191628
C 342
R
P 0x7f2a7c191628
P 0x7f2a7c3813d8
C 258
R
P 0x7f2a7c191628
C 342
R
P 0x7f2a7c191628
P 0x7f2a7c3813d8
C 9
R
P 0x7f2a7c191628
C 342
R
P 0x7f2a7c191628
P 0x7f2a7c35fc18
P 0x7f2a7c3813d8
P 0x7f2a7c19bb88
C 59
= 0x7f2a7c1a0288
R
P 0x7f2a7c191628
C 342
R
P 0x7f2a7c191628
P 0x7f2a7c1a0288
C 257
R
P 0x7f2a7c191628
C 342
R
P 0x7f2a7c191628
P 0x7f2a7c1a0288
C 254
= 0x7f2a7c19b1e8
R
P 0x7f2a7c191628
C 342
R
P 0x7f2a7c191628
P 0x7f2a7c19b1e8
C 209
R
P 0x7f2a7c191628
C 342
R
P 0x7f2a7c191628
P 0x7f2a7c1a0288
C 260
R
P 0x7f2a7c191628
C 342
R
P 0x7f2a7c191628
P 0x7f2a7c1a0288
C 259
R
P 0x7f2a7c191628
C 342
R
P 0x7f2a7c191628
P 0x7f2a7c1a0288
C 258
R
P 0x7f2a7c191628
C 342
R
P 0x7f2a7c191628
P 0x7f2a7c1a0288
C 9
R
P 0x7f2a7c191628
C 342
R
P 0x7f2a7c191628
P 0x7f2a7c4e9f28
P 0x7f2a7c1a0288
I 0
P 0
C 302
* 0x7f2a7c19bb88 4
R
P 0x7f2a7c191628
C 342
R
P 0x7f2a7c191628
P 0x7f2a7c19bb88
C 257
R
P 0x7f2a7c191628
C 342
R
P 0x7f2a7c191628
P 0x7f2a7c19bb88
C 254
= 0x7f2a7c19b1e8
R
P 0x7f2a7c191628
C 342
R
P 0x7f2a7c191628
P 0x7f2a7c19b1e8
C 209
R
P 0x7f2a7c191628
C 342
R
P 0x7f2a7c191628
P 0x7f2a7c19bb88
C 260
R
P 0x7f2a7c191628
C 342
R
P 0x7f2a7c191628
P 0x7f2a7c19bb88
C 259
R
P 0x7f2a7c191628
C 342
R
P 0x7f2a7c191628
P 0x7f2a7c19bb88
C 258
R
P 0x7f2a7c191628
C 342
R
P 0x7f2a7c191628
P 0x7f2a7c19bb88
C 9
R
P 0x7f2a7c191628
C 342
R
P 0x7f2a7c191628
P 0x7f2a7c19bb88
C 263
R
P 0x7f2a7c191628
C 342
R
P 0x7f2a7c191628
P 0x7f2a7c4e9f28
P 0x7f2a7c19bbe8
I 0
P 0
C 302
* 0x7f2a7c19d048 4
R
P 0x7f2a7c191628
C 342
R
P 0x7f2a7c191628
P 0x7f2a7c19d048
C 257
R
P 0x7f2a7c191628
C 342
R
P 0x7f2a7c191628
P 0x7f2a7c19d048
C 254
= 0x7f2a7c19b208
R
P 0x7f2a7c191628
C 342
R
P 0x7f2a7c191628
P 0x7f2a7c19b208
C 209
R
P 0x7f2a7c191628
C 342
R
P 0x7f2a7c191628
P 0x7f2a7c19d048
C 260
R
P 0x7f2a7c191628
C 342
R
P 0x7f2a7c191628
P 0x7f2a7c19d048
C 259
R
P 0x7f2a7c191628
C 342
R
P 0x7f2a7c191628
P 0x7f2a7c19d048
C 258
R
P 0x7f2a7c191628
C 342
R
P 0x7f2a7c191628
P 0x7f2a7c19d048
C 9
R
P 0x7f2a7c191628
C 342
R
P 0x7f2a7c191628
P 0x7f2a7c19d048
C 263
R
P 0x7f2a7c191628
C 342
R
P 0x7f2a7c191628
P 0x7f2a7c19bc68
C 333
R
P 0x7f2a7c191628
C 342
R
P 0x7f2a7c191628
S "slotflowPriorityDuration"
C 30
R
P 0x7f2a7c191628
C 342
R
P 0x7f2a7c191628
$ |slotflowPriorityDuration|
C 202
R
P 0x7f2a7c191628
C 342
R
P 0x7f2a7c191628
$ |slotflowPriorityDuration|
P 0x7f2a7c19b1e8
C 51
= 0x7f2a7c19c268
R
P 0x7f2a7c191628
C 342
R
P 0x7f2a7c191628
P 0x7f2a7c19c268
C 257
R
P 0x7f2a7c191628
C 342
R
P 0x7f2a7c191628
P 0x7f2a7c19c268
C 254
= 0x7f2a7c19b1e8
R
P 0x7f2a7c191628
C 342
R
P 0x7f2a7c191628
P 0x7f2a7c19b1e8
C 209
R
P 0x7f2a7c191628
C 342
R
P 0x7f2a7c191628
P 0x7f2a7c19c268
C 260
R
P 0x7f2a7c191628
C 342
R
P 0x7f2a7c191628
P 0x7f2a7c19c268
C 259
R
P 0x7f2a7c191628
C 342
R
P 0x7f2a7c191628
P 0x7f2a7c19c268
C 258
R
P 0x7f2a7c191628
C 342
R
P 0x7f2a7c191628
P 0x7f2a7c19c268
C 9
R
P 0x7f2a7c191628
C 342
R
P 0x7f2a7c191628
P 0x7f2a7c4e9f28
P 0x7f2a7c19c268
I 0
P 0
C 302
* 0x7f2a7c19bb48 4
R
P 0x7f2a7c191628
C 342
R
P 0x7f2a7c191628
P 0x7f2a7c19bb48
C 257
R
P 0x7f2a7c191628
C 342
R
P 0x7f2a7c191628
P 0x7f2a7c19bb48
C 254
= 0x7f2a7c19b1e8
R
P 0x7f2a7c191628
C 342
R
P 0x7f2a7c191628
P 0x7f2a7c19b1e8
C 209
R
P 0x7f2a7c191628
C 342
R
P 0x7f2a7c191628
P 0x7f2a7c19bb48
C 260
R
P 0x7f2a7c191628
C 342
R
P 0x7f2a7c191628
P 0x7f2a7c19bb48
C 259
R
P 0x7f2a7c191628
C 342
R
P 0x7f2a7c191628
P 0x7f2a7c19bb48
C 258
R
P 0x7f2a7c191628
C 342
R
P 0x7f2a7c191628
P 0x7f2a7c19bb48
C 9
R
P 0x7f2a7c191628
C 342
R
P 0x7f2a7c191628
P 0x7f2a7c19bb48
C 263
R
P 0x7f2a7c191628
C 342
R
P 0x7f2a7c191628
P 0x7f2a7c19bc68
C 333
R
P 0x7f2a7c191628
C 342
R
P 0x7f2a7c191628
S "slotflowPriorityDuration"
C 30
R
P 0x7f2a7c191628
C 342
R
P 0x7f2a7c191628
$ |slotflowPriorityDuration|
C 202
R
P 0x7f2a7c191628
C 342
R
P 0x7f2a7c191628
$ |slotflowPriorityDuration|
P 0x7f2a7c19b1e8
C 51
= 0x7f2a7c19c268
R
P 0x7f2a7c191628
C 342
R
P 0x7f2a7c191628
P 0x7f2a7c19c268
C 257
R
P 0x7f2a7c191628
C 342
R
P 0x7f2a7c191628
P 0x7f2a7c19c268
C 254
= 0x7f2a7c19b1e8
R
P 0x7f2a7c191628
C 342
R
P 0x7f2a7c191628
P 0x7f2a7c19b1e8
C 209
R
P 0x7f2a7c191628
C 342
R
P 0x7f2a7c191628
P 0x7f2a7c19c268
C 260
R
P 0x7f2a7c191628
C 342
R
P 0x7f2a7c191628
P 0x7f2a7c19c268
C 259
R
P 0x7f2a7c191628
C 342
R
P 0x7f2a7c191628
P 0x7f2a7c19c268
C 258
R
P 0x7f2a7c191628
C 342
R
P 0x7f2a7c191628
P 0x7f2a7c19c268
C 9
R
P 0x7f2a7c191628
C 342
R
P 0x7f2a7c191628
P 0x7f2a7c19c268
C 333
R
P 0x7f2a7c191628
C 342
R
P 0x7f2a7c191628
P 0x7f2a7c19bc68
C 333
R
P 0x7f2a7c191628
C 342
R
P 0x7f2a7c191628
S "slotflowPriorityStart"
C 30
R
P 0x7f2a7c191628
C 342
R
P 0x7f2a7c191628
$ |slotflowPriorityStart|
C 202
R
P 0x7f2a7c191628
C 342
R
P 0x7f2a7c191628
$ |slotflowPriorityStart|
P 0x7f2a7c19b1e8
C 51
= 0x7f2a7c19c2a8
R
P 0x7f2a7c191628
C 342
R
P 0x7f2a7c191628
P 0x7f2a7c19c2a8
C 257
R
P 0x7f2a7c191628
C 342
R
P 0x7f2a7c191628
P 0x7f2a7c19c2a8
C 254
= 0x7f2a7c19b1e8
R
P 0x7f2a7c191628
C 342
R
P 0x7f2a7c191628
P 0x7f2a7c19b1e8
C 209
R
P 0x7f2a7c191628
C 342
R
P 0x7f2a7c191628
P 0x7f2a7c19c2a8
C 260
R
P 0x7f2a7c191628
C 342
R
P 0x7f2a7c191628
P 0x7f2a7c19c2a8
C 259
R
P 0x7f2a7c191628
C 342
R
P 0x7f2a7c191628
P 0x7f2a7c19c2a8
C 258
R
P 0x7f2a7c191628
C 342
R
P 0x7f2a7c191628
P 0x7f2a7c19c2a8
C 9
R
P 0x7f2a7c191628
C 342
R
P 0x7f2a7c191628
P 0x7f2a7c4e9f28
P 0x7f2a7c19c2a8
I 0
P 0
C 302
* 0x7f2a7c5e2de8 4
R
P 0x7f2a7c191628
C 342
R
P 0x7f2a7c191628
P 0x7f2a7c5e2de8
C 257
R
P 0x7f2a7c191628
C 342
R
P 0x7f2a7c191628
P 0x7f2a7c5e2de8
C 254
= 0x7f2a7c19b1e8
R
P 0x7f2a7c191628
C 342
R
P 0x7f2a7c191628
P 0x7f2a7c19b1e8
C 209
R
P 0x7f2a7c191628
C 342
R
P 0x7f2a7c191628
P 0x7f2a7c5e2de8
C 260
R
P 0x7f2a7c191628
C 342
R
P 0x7f2a7c191628
P 0x7f2a7c5e2de8
C 259
R
P 0x7f2a7c191628
C 342
R
P 0x7f2a7c191628
P 0x7f2a7c5e2de8
C 258
R
P 0x7f2a7c191628
C 342
R
P 0x7f2a7c191628
P 0x7f2a7c5e2de8
C 9
R
P 0x7f2a7c191628
C 342
R
P 0x7f2a7c191628
P 0x7f2a7c5e2de8
C 263
R
P 0x7f2a7c191628
C 342
R
P 0x7f2a7c191628
P 0x7f2a7c4e9f28
P 0x7f2a7c19f848
I 0
P 0
C 302
* 0x7f2a7c19bb48 4
R
P 0x7f2a7c191628
C 342
R
P 0x7f2a7c191628
P 0x7f2a7c19bb48
C 257
R
P 0x7f2a7c191628
C 342
R
P 0x7f2a7c191628
P 0x7f2a7c19bb48
C 254
= 0x7f2a7c19b1e8
R
P 0x7f2a7c191628
C 342
R
P 0x7f2a7c191628
P 0x7f2a7c19b1e8
C 209
R
P 0x7f2a7c191628
C 342
R
P 0x7f2a7c191628
P 0x7f2a7c19bb48
C 260
R
P 0x7f2a7c191628
C 342
R
P 0x7f2a7c191628
P 0x7f2a7c19bb48
C 259
R
P 0x7f2a7c191628
C 342
R
P 0x7f2a7c191628
P 0x7f2a7c19bb48
C 258
R
P 0x7f2a7c191628
C 342
R
P 0x7f2a7c191628
P 0x7f2a7c19bb48
C 9
R
P 0x7f2a7c191628
C 342
R
P 0x7f2a7c191628
P 0x7f2a7c19bb48
C 263
R
P 0x7f2a7c191628
C 342
R
P 0x7f2a7c191628
P 0x7f2a7c4e9f28
P 0x7f2a7c1a1858
I 0
P 0
C 302
* 0x7f2a7c19c648 4
R
P 0x7f2a7c191628
C 342
R
P 0x7f2a7c191628
P 0x7f2a7c19c648
C 257
R
P 0x7f2a7c191628
C 342
R
P 0x7f2a7c191628
P 0x7f2a7c19c648
C 254
= 0x7f2a7c19b1e8
R
P 0x7f2a7c191628
C 342
R
P 0x7f2a7c191628
P 0x7f2a7c19b1e8
C 209
R
P 0x7f2a7c191628
C 342
R
P 0x7f2a7c191628
P 0x7f2a7c19c648
C 260
R
P 0x7f2a7c191628
C 342
R
P 0x7f2a7c191628
P 0x7f2a7c19c648
C 259
R
P 0x7f2a7c191628
C 342
R
P 0x7f2a7c191628
P 0x7f2a7c19c648
C 258
R
P 0x7f2a7c191628
C 342
R
P 0x7f2a7c191628
P 0x7f2a7c19c648
C 9
R
P 0x7f2a7c191628
C 342
R
P 0x7f2a7c191628
P 0x7f2a7c19c648
C 263
R
P 0x7f2a7c191628
C 342
R
P 0x7f2a7c191628
P 0x7f2a7c4e9f28
P 0x7f2a7c19bca8
I 0
P 0
C 302
* 0x7f2a7c19bc48 4
R
P 0x7f2a7c191628
C 342
R
P 0x7f2a7c191628
P 0x7f2a7c19bc48
C 257
R
P 0x7f2a7c191628
C 342
R
P 0x7f2a7c191628
P 0x7f2a7c19bc48
C 254
= 0x7f2a7c19b1e8
R
P 0x7f2a7c191628
C 342
R
P 0x7f2a7c191628
P 0x7f2a7c19b1e8
C 209
R
P 0x7f2a7c191628
C 342
R
P 0x7f2a7c191628
P 0x7f2a7c19bc48
C 260
R
P 0x7f2a7c191628
C 342
R
P 0x7f2a7c191628
P 0x7f2a7c19bc48
C 259
R
P 0x7f2a7c191628
C 342
R
P 0x7f2a7c191628
P 0x7f2a7c19bc48
C 258
R
P 0x7f2a7c191628
C 342
R
P 0x7f2a7c191628
P 0x7f2a7c19bc48
C 9
R
P 0x7f2a7c191628
C 342
R
P 0x7f2a7c191628
P 0x7f2a7c19bc48
C 263
R
P 0x7f2a7c191628
C 342
R
P 0x7f2a7c191628
P 0x7f2a7c4e9f28
P 0x7f2a7c19f888
I 0
P 0
C 302
* 0x7f2a7c19c428 4
R
P 0x7f2a7c191628
C 342
R
P 0x7f2a7c191628
P 0x7f2a7c19c428
C 257
R
P 0x7f2a7c191628
C 342
R
P 0x7f2a7c191628
P 0x7f2a7c19c428
C 254
= 0x7f2a7c19b1e8
R
P 0x7f2a7c191628
C 342
R
P 0x7f2a7c191628
P 0x7f2a7c19b1e8
C 209
R
P 0x7f2a7c191628
C 342
R
P 0x7f2a7c191628
P 0x7f2a7c19c428
C 260
R
P 0x7f2a7c191628
C 342
R
P 0x7f2a7c191628
P 0x7f2a7c19c428
C 259
R
P 0x7f2a7c191628
C 342
R
P 0x7f2a7c191628
P 0x7f2a7c19c428
C 258
R
P 0x7f2a7c191628
C 342
R
P 0x7f2a7c191628
P 0x7f2a7c19c428
C 9
R
P 0x7f2a7c191628
C 342
R
P 0x7f2a7c191628
P 0x7f2a7c19c428
C 263
R
P 0x7f2a7c191628
C 342
R
P 0x7f2a7c191628
P 0x7f2a7c4e9f28
P 0x7f2a7c1a1970
I 0
P 0
C 302
* 0x7f2a7c19c448 4
R
P 0x7f2a7c191628
C 342
R
P 0x7f2a7c191628
P 0x7f2a7c19c448
C 257
R
P 0x7f2a7c191628
C 342
R
P 0x7f2a7c191628
P 0x7f2a7c19c448
C 254
= 0x7f2a7c19b1e8
R
P 0x7f2a7c191628
C 342
R
P 0x7f2a7c191628
P 0x7f2a7c19b1e8
C 209
R
P 0x7f2a7c191628
C 342
R
P 0x7f2a7c191628
P 0x7f2a7c19c448
C 260
R
P 0x7f2a7c191628
C 342
R
P 0x7f2a7c191628
P 0x7f2a7c19c448
C 259
R
P 0x7f2a7c191628
C 342
R
P 0x7f2a7c191628
P 0x7f2a7c19c448
C 258
R
P 0x7f2a7c191628
C 342
R
P 0x7f2a7c191628
P 0x7f2a7c19c448
C 9
R
P 0x7f2a7c191628
C 342
R
P 0x7f2a7c191628
P 0x7f2a7c19c448
C 263
R
P 0x7f2a7c191628
C 342
R
P 0x7f2a7c191628
P 0x7f2a7c4e9f28
P 0x7f2a7c19bce8
I 0
P 0
C 302
* 0x7f2a7c5e2e08 4
R
P 0x7f2a7c191628
C 342
R
P 0x7f2a7c191628
P 0x7f2a7c5e2e08
C 257
R
P 0x7f2a7c191628
C 342
R
P 0x7f2a7c191628
P 0x7f2a7c5e2e08
C 254
= 0x7f2a7c19b1e8
R
P 0x7f2a7c191628
C 342
R
P 0x7f2a7c191628
P 0x7f2a7c19b1e8
C 209
R
P 0x7f2a7c191628
C 342
R
P 0x7f2a7c191628
P 0x7f2a7c5e2e08
C 260
R
P 0x7f2a7c191628
C 342
R
P 0x7f2a7c191628
P 0x7f2a7c5e2e08
C 259
R
P 0x7f2a7c191628
C 342
R
P 0x7f2a7c191628
P 0x7f2a7c5e2e08
C 258
R
P 0x7f2a7c191628
C 342
R
P 0x7f2a7c191628
P 0x7f2a7c5e2e08
C 9
R
P 0x7f2a7c191628
C 342
R
P 0x7f2a7c191628
P 0x7f2a7c5e2e08
C 263
R
P 0x7f2a7c191628
C 342
R
P 0x7f2a7c191628
P 0x7f2a7c19c188
C 10
R
P 0x7f2a7c191628
C 342
R
P 0x7f2a7c191628
P 0x7f2a7c19bc88
C 10
R
P 0x7f2a7c191628
C 342
R
P 0x7f2a7c191628
P 0x7f2a7c487208
C 10
R
P 0x7f2a7c191628
C 342
R
P 0x7f2a7c191628
P 0x7f2a7c4787e8
C 10
R
P 0x7f2a7c191628
C 342
R
P 0x7f2a7c191628
P 0x7f2a7c19bfc8
C 10
R
P 0x7f2a7c191628
C 342
R
P 0x7f2a7c191628
P 0x7f2a7c4873c8
C 10
R
P 0x7f2a7c191628
C 342
R
P 0x7f2a7c191628
P 0x7f2a7c48d270
C 10
R
P 0x7f2a7c191628
C 342
R
P 0x7f2a7c191628
P 0x7f2a7c2cbcb8
C 10
R
P 0x7f2a7c191628
C 342
R
P 0x7f2a7c191628
P 0x7f2a7c19c1c8
C 10
R
P 0x7f2a7c191628
C 342
R
P 0x7f2a7c191628
P 0x7f2a7c19c028
C 10
R
P 0x7f2a7c191628
C 342
R
P 0x7f2a7c191628
P 0x7f2a7c19bc88
C 10
R
P 0x7f2a7c191628
C 342
R
P 0x7f2a7c191628
P 0x7f2a7c486fa0
C 10
R
P 0x7f2a7c191628
C 342
R
P 0x7f2a7c191628
P 0x7f2a7c488158
C 10
R
P 0x7f2a7c191628
C 342
R
P 0x7f2a7c191628
P 0x7f2a7c19c248
C 10
R
P 0x7f2a7c191628
C 342
R
P 0x7f2a7c191628
P 0x7f2a7c487b70
C 10
R
P 0x7f2a7c191628
C 342
R
P 0x7f2a7c191628
P 0x7f2a7c488158
C 10
R
P 0x7f2a7c191628
C 342
R
P 0x7f2a7c191628
P 0x7f2a7c19bc88
C 10
R
P 0x7f2a7c191628
C 342
R
P 0x7f2a7c191628
P 0x7f2a7c487208
C 10
R
P 0x7f2a7c191628
C 342
R
P 0x7f2a7c191628
P 0x7f2a7c19c168
C 10
R
P 0x7f2a7c191628
C 342
R
P 0x7f2a7c191628
P 0x7f2a7c489838
C 10
R
P 0x7f2a7c191628
C 342
R
P 0x7f2a7c191628
P 0x7f2a7c19bc88
C 10
R
P 0x7f2a7c191628
C 342
R
P 0x7f2a7c191628
P 0x7f2a7c19c028
C 10
R
P 0x7f2a7c191628
C 342
R
P 0x7f2a7c191628
P 0x7f2a7c1a21f8
C 10
R
P 0x7f2a7c191628
C 342
R
P 0x7f2a7c191628
P 0x7f2a7c487208
C 10
R
P 0x7f2a7c191628
C 342
R
P 0x7f2a7c191628
P 0x7f2a7c487390
C 10
R
P 0x7f2a7c191628
C 342
R
P 0x7f2a7c191628
P 0x7f2a7c1a1938
C 10
R
P 0x7f2a7c191628
C 342
R
P 0x7f2a7c191628
P 0x7f2a7c19bc88
C 10
R
P 0x7f2a7c191628
C 342
R
P 0x7f2a7c191628
P 0x7f2a7c1a1cb8
C 10
R
P 0x7f2a7c191628
C 342
R
P 0x7f2a7c191628
P 0x7f2a7c19fac8
C 10
R
P 0x7f2a7c191628
C 342
R
P 0x7f2a7c191628
P 0x7f2a7c19bca8
C 10
R
P 0x7f2a7c191628
C 342
R
P 0x7f2a7c191628
P 0x7f2a7c19bc88
C 10
R
P 0x7f2a7c191628
C 342
R
P 0x7f2a7c191628
P 0x7f2a7c19c248
C 10
R
P 0x7f2a7c191628
C 342
R
P 0x7f2a7c191628
P 0x7f2a7c19bfc8
C 10
R
P 0x7f2a7c191628
C 342
R
P 0x7f2a7c191628
P 0x7f2a7c48c940
C 10
R
P 0x7f2a7c191628
C 342
R
P 0x7f2a7c191628
P 0x7f2a7c19c028
C 10
R
P 0x7f2a7c191628
C 342
R
P 0x7f2a7c191628
P 0x7f2a7c19f988
C 10
R
P 0x7f2a7c191628
C 342
R
P 0x7f2a7c191628
P 0x7f2a7c19bc88
C 10
R
P 0x7f2a7c191628
C 342
R
P 0x7f2a7c191628
P 0x7f2a7c19bd08
C 10
R
P 0x7f2a7c191628
C 342
R
P 0x7f2a7c191628
P 0x7f2a7c19bfc8
C 10
R
P 0x7f2a7c191628
C 342
R
P 0x7f2a7c191628
P 0x7f2a7c19f848
C 10
R
P 0x7f2a7c191628
C 342
R
P 0x7f2a7c191628
P 0x7f2a7c19bc88
C 10
R
P 0x7f2a7c191628
C 342
R
P 0x7f2a7c191628
P 0x7f2a7c19c2a8
C 10
R
P 0x7f2a7c191628
C 342
R
P 0x7f2a7c191628
P 0x7f2a7c19c0a8
C 10
R
P 0x7f2a7c191628
C 342
R
P 0x7f2a7c191628
P 0x7f2a7c19bc88
C 10
R
P 0x7f2a7c191628
C 342
R
P 0x7f2a7c191628
P 0x7f2a7c487240
C 10
R
P 0x7f2a7c191628
C 342
R
P 0x7f2a7c191628
P 0x7f2a7c19c268
C 10
R
P 0x7f2a7c191628
C 342
R
P 0x7f2a7c191628
P 0x7f2a7c476070
C 10
R
P 0x7f2a7c191628
C 342
R
P 0x7f2a7c191628
P 0x7f2a7c19bfa8
C 10
R
P 0x7f2a7c191628
C 342
R
P 0x7f2a7c191628
P 0x7f2a7c19bc88
C 10
R
P 0x7f2a7c191628
C 342
R
P 0x7f2a7c191628
P 0x7f2a7c1a2348
C 10
R
P 0x7f2a7c191628
C 342
R
P 0x7f2a7c191628
P 0x7f2a7c19f948
C 10
R
P 0x7f2a7c191628
C 342
R
P 0x7f2a7c191628
P 0x7f2a7c19bf88
C 10
R
P 0x7f2a7c191628
C 342
R
P 0x7f2a7c191628
P 0x7f2a7c19bf48
C 10
R
P 0x7f2a7c191628
C 342
R
P 0x7f2a7c191628
P 0x7f2a7c473888
C 10
R
P 0x7f2a7c191628
C 342
R
P 0x7f2a7c191628
P 0x7f2a7c486fa0
C 10
R
P 0x7f2a7c191628
C 342
R
P 0x7f2a7c191628
P 0x7f2a7c487208
C 10
R
P 0x7f2a7c191628
C 342
R
P 0x7f2a7c191628
P 0x7f2a7c2cc000
C 10
R
P 0x7f2a7c191628
C 342
R
P 0x7f2a7c191628
P 0x7f2a7c19f988
C 10
R
P 0x7f2a7c191628
C 342
R
P 0x7f2a7c191628
P 0x7f2a7c19bcc8
C 10
R
P 0x7f2a7c191628
C 342
R
P 0x7f2a7c191628
P 0x7f2a7c19c028
C 10
R
P 0x7f2a7c191628
C 342
R
P 0x7f2a7c191628
P 0x7f2a7c19c1a8
C 10
R
P 0x7f2a7c191628
C 342
R
P 0x7f2a7c191628
P 0x7f2a7c1a1778
C 10
R
P 0x7f2a7c191628
C 342
R
P 0x7f2a7c191628
P 0x7f2a7c19c028
C 10
R
P 0x7f2a7c191628
C 342
R
P 0x7f2a7c191628
P 0x7f2a7c19c2a8
C 10
R
P 0x7f2a7c191628
C 342
R
P 0x7f2a7c191628
P 0x7f2a7c19bc88
C 10
R
P 0x7f2a7c191628
C 342
R
P 0x7f2a7c191628
P 0x7f2a7c19bc88
C 10
R
P 0x7f2a7c191628
C 342
R
P 0x7f2a7c191628
P 0x7f2a7c4753c0
C 10
R
P 0x7f2a7c191628
C 342
R
P 0x7f2a7c191628
P 0x7f2a7c19bc88
C 10
R
P 0x7f2a7c191628
C 342
R
P 0x7f2a7c191628
P 0x7f2a7c19bc88
C 10
R
P 0x7f2a7c191628
C 342
R
P 0x7f2a7c191628
P 0x7f2a7c19c208
C 10
R
P 0x7f2a7c191628
C 342
R
P 0x7f2a7c191628
P 0x7f2a7c19bfc8
C 10
R
P 0x7f2a7c191628
C 342
R
P 0x7f2a7c191628
P 0x7f2a7c487b70
C 10
R
P 0x7f2a7c191628
C 342
R
P 0x7f2a7c191628
P 0x7f2a7c19bcc8
C 10
R
P 0x7f2a7c191628
C 342
R
P 0x7f2a7c191628
P 0x7f2a7c487978
C 10
R
P 0x7f2a7c191628
C 342
R
P 0x7f2a7c191628
P 0x7f2a7c19c108
C 10
R
P 0x7f2a7c191628
C 342
R
P 0x7f2a7c191628
P 0x7f2a7c19bf88
C 10
R
P 0x7f2a7c191628
C 342
R
P 0x7f2a7c191628
P 0x7f2a7c19c268
C 10
R
P 0x7f2a7c191628
C 342
R
P 0x7f2a7c191628
P 0x7f2a7c19c068
C 10
R
P 0x7f2a7c191628
C 342
R
P 0x7f2a7c191628
P 0x7f2a7c487b70
C 10
R
P 0x7f2a7c191628
C 342
R
P 0x7f2a7c191628
P 0x7f2a7c1a1f58
C 10
R
P 0x7f2a7c191628
C 342
R
P 0x7f2a7c191628
P 0x7f2a7c19bf68
C 10
R
P 0x7f2a7c191628
C 342
R
P 0x7f2a7c191628
P 0x7f2a7c19c0a8
C 10
R
P 0x7f2a7c191628
C 342
R
P 0x7f2a7c191628
P 0x7f2a7c487710
C 10
R
P 0x7f2a7c191628
C 342
R
P 0x7f2a7c191628
P 0x7f2a7c19f888
C 10
R
P 0x7f2a7c191628
C 342
R
P 0x7f2a7c191628
P 0x7f2a7c19bcc8
C 10
R
P 0x7f2a7c191628
C 342
R
P 0x7f2a7c191628
P 0x7f2a7c478698
C 10
R
P 0x7f2a7c191628
C 342
R
P 0x7f2a7c191628
P 0x7f2a7c19bfe8
C 10
R
P 0x7f2a7c191628
C 342
R
P 0x7f2a7c191628
P 0x7f2a7c475740
C 10
R
P 0x7f2a7c191628
C 342
R
P 0x7f2a7c191628
P 0x7f2a7c475970
C 10
R
P 0x7f2a7c191628
C 342
R
P 0x7f2a7c191628
P 0x7f2a7c19c1a8
C 10
R
P 0x7f2a7c191628
C 342
R
P 0x7f2a7c191628
P 0x7f2a7c19bc88
C 10
R
P 0x7f2a7c191628
C 342
R
P 0x7f2a7c191628
P 0x7f2a7c19bfc8
C 10
R
P 0x7f2a7c191628
C 342
R
P 0x7f2a7c191628
P 0x7f2a7c487978
C 10
R
P 0x7f2a7c191628
C 342
R
P 0x7f2a7c191628
P 0x7f2a7c1a1e40
C 10
R
P 0x7f2a7c191628
C 342
R
P 0x7f2a7c191628
P 0x7f2a7c47a0d8
C 10
R
P 0x7f2a7c191628
C 342
R
P 0x7f2a7c191628
P 0x7f2a7c19fac8
C 10
R
P 0x7f2a7c191628
C 342
R
P 0x7f2a7c191628
P 0x7f2a7c19c1a8
C 10
R
P 0x7f2a7c191628
C 342
R
P 0x7f2a7c191628
P 0x7f2a7c19bc88
C 10
R
P 0x7f2a7c191628
C 342
R
P 0x7f2a7c191628
P 0x7f2a7c19c1e8
C 10
R
P 0x7f2a7c191628
C 342
R
P 0x7f2a7c191628
P 0x7f2a7c19bcc8
C 10
R
P 0x7f2a7c191628
C 342
R
P 0x7f2a7c191628
P 0x7f2a7c478900
C 10
R
P 0x7f2a7c191628
C 342
R
P 0x7f2a7c191628
P 0x7f2a7c19bc88
C 10
R
P 0x7f2a7c191628
C 342
R
P 0x7f2a7c191628
P 0x7f2a7c475350
C 10
R
P 0x7f2a7c191628
C 342
R
P 0x7f2a7c191628
P 0x7f2a7c19bc88
C 10
R
P 0x7f2a7c191628
C 342
R
P 0x7f2a7c191628
P 0x7f2a7c19bc88
C 10
R
P 0x7f2a7c191628
C 342
R
P 0x7f2a7c191628
P 0x7f2a7c486fd8
C 10
R
P 0x7f2a7c191628
C 342
R
P 0x7f2a7c191628
P 0x7f2a7c19bc88
C 10
R
P 0x7f2a7c191628
C 342
R
P 0x7f2a7c191628
P 0x7f2a7c478f20
C 10
R
P 0x7f2a7c191628
C 342
R
P 0x7f2a7c191628
P 0x7f2a7c19c128
C 10
R
P 0x7f2a7c191628
C 342
R
P 0x7f2a7c191628
P 0x7f2a7c487da0
C 10
R
P 0x7f2a7c191628
C 342
R
P 0x7f2a7c191628
P 0x7f2a7c19bc88
C 10
R
P 0x7f2a7c191628
C 342
R
P 0x7f2a7c191628
P 0x7f2a7c19bc88
C 10
R
P 0x7f2a7c191628
C 342
R
P 0x7f2a7c191628
P 0x7f2a7c2ccf50
C 10
R
P 0x7f2a7c191628
C 342
R
P 0x7f2a7c191628
P 0x7f2a7c19bc88
C 10
R
P 0x7f2a7c191628
C 342
R
P 0x7f2a7c191628
P 0x7f2a7c2cd030
C 10
R
P 0x7f2a7c191628
C 342
R
P 0x7f2a7c191628
P 0x7f2a7c19bc88
C 10
R
P 0x7f2a7c191628
C 342
R
P 0x7f2a7c191628
P 0x7f2a7c19bc88
C 10
R
P 0x7f2a7c191628
C 342
R
P 0x7f2a7c191628
P 0x7f2a7c1a1938
C 10
R
P 0x7f2a7c191628
C 342
R
P 0x7f2a7c191628
P 0x7f2a7c19c088
C 10
R
P 0x7f2a7c191628
C 342
R
P 0x7f2a7c191628
P 0x7f2a7c19bc88
C 10
R
P 0x7f2a7c191628
C 342
R
P 0x7f2a7c191628
P 0x7f2a7c489218
C 10
R
P 0x7f2a7c191628
C 342
R
P 0x7f2a7c191628
P 0x7f2a7c19bc88
C 10
R
P 0x7f2a7c191628
C 342
R
P 0x7f2a7c191628
P 0x7f2a7c487438
C 10
R
P 0x7f2a7c191628
C 342
R
P 0x7f2a7c191628
P 0x7f2a7c19c088
C 10
R
P 0x7f2a7c191628
C 342
R
P 0x7f2a7c191628
P 0x7f2a7c19bcc8
C 10
R
P 0x7f2a7c191628
C 342
R
P 0x7f2a7c191628
P 0x7f2a7c1a21f8
C 10
R
P 0x7f2a7c191628
C 342
R
P 0x7f2a7c191628
P 0x7f2a7c487a58
C 10
R
P 0x7f2a7c191628
C 342
R
P 0x7f2a7c191628
P 0x7f2a7c487f60
C 10
R
P 0x7f2a7c191628
C 342
R
P 0x7f2a7c191628
P 0x7f2a7c19bfe8
C 10
R
P 0x7f2a7c191628
C 342
R
P 0x7f2a7c191628
P 0x7f2a7c1a1890
C 10
R
P 0x7f2a7c191628
C 342
R
P 0x7f2a7c191628
P 0x7f2a7c1a1cf0
C 10
R
P 0x7f2a7c191628
C 342
R
P 0x7f2a7c191628
P 0x7f2a7c19c1c8
C 10
R
P 0x7f2a7c191628
C 342
R
P 0x7f2a7c191628
P 0x7f2a7c486be8
C 10
R
P 0x7f2a7c191628
C 342
R
P 0x7f2a7c191628
P 0x7f2a7c19bc88
C 10
R
P 0x7f2a7c191628
C 342
R
P 0x7f2a7c191628
P 0x7f2a7c19c2a8
C 10
R
P 0x7f2a7c191628
C 342
R
P 0x7f2a7c191628
P 0x7f2a7c19bf88
C 10
R
P 0x7f2a7c191628
C 342
R
P 0x7f2a7c191628
P 0x7f2a7c486bb0
C 10
R
P 0x7f2a7c191628
C 342
R
P 0x7f2a7c191628
P 0x7f2a7c19f848
C 10
R
P 0x7f2a7c191628
C 342
R
P 0x7f2a7c191628
P 0x7f2a7c19c248
C 10
R
P 0x7f2a7c191628
C 342
R
P 0x7f2a7c191628
P 0x7f2a7c476738
C 10
R
P 0x7f2a7c191628
C 342
R
P 0x7f2a7c191628
P 0x7f2a7c19bc88
C 10
R
P 0x7f2a7c191628
C 342
R
P 0x7f2a7c191628
P 0x7f2a7c19bfc8
C 10
R
P 0x7f2a7c191628
C 342
R
P 0x7f2a7c191628
P 0x7f2a7c19c088
C 10
R
P 0x7f2a7c191628
C 342
R
P 0x7f2a7c191628
P 0x7f2a7c19c068
C 10
R
P 0x7f2a7c191628
C 342
R
P 0x7f2a7c191628
P 0x7f2a7c489410
C 10
R
P 0x7f2a7c191628
C 342
R
P 0x7f2a7c191628
P 0x7f2a7c19bfc8
C 10
R
P 0x7f2a7c191628
C 342
R
P 0x7f2a7c191628
P 0x7f2a7c19c0e8
C 10
R
P 0x7f2a7c191628
C 342
R
P 0x7f2a7c191628
P 0x7f2a7c19f948
C 10
R
P 0x7f2a7c191628
C 342
R
P 0x7f2a7c191628
P 0x7f2a7c1a1a18
C 10
R
P 0x7f2a7c191628
C 342
R
P 0x7f2a7c191628
P 0x7f2a7c19f848
C 10
R
P 0x7f2a7c191628
C 342
R
P 0x7f2a7c191628
P 0x7f2a7c19bce8
C 10
R
P 0x7f2a7c191628
C 342
R
P 0x7f2a7c191628
P 0x7f2a7c19bc88
C 10
R
P 0x7f2a7c191628
C 342
R
P 0x7f2a7c191628
P 0x7f2a7c48ae70
C 10
R
P 0x7f2a7c191628
C 342
R
P 0x7f2a7c191628
P 0x7f2a7c19c088
C 10
R
P 0x7f2a7c191628
C 342
R
P 0x7f2a7c191628
P 0x7f2a7c488158
C 10
R
P 0x7f2a7c191628
C 342
R
P 0x7f2a7c191628
P 0x7f2a7c1a1778
C 10
R
P 0x7f2a7c191628
C 342
R
P 0x7f2a7c191628
P 0x7f2a7c19bfc8
C 10
R
P 0x7f2a7c191628
C 342
R
P 0x7f2a7c191628
P 0x7f2a7c479c40
C 10
R
P 0x7f2a7c191628
C 342
R
P 0x7f2a7c191628
P 0x7f2a7c487208
C 10
R
P 0x7f2a7c191628
C 342
R
P 0x7f2a7c191628
P 0x7f2a7c19c1a8
C 10
R
P 0x7f2a7c191628
C 342
R
P 0x7f2a7c191628
P 0x7f2a7c19bc88
C 10
R
P 0x7f2a7c191628
C 342
R
P 0x7f2a7c191628
P 0x7f2a7c1a1938
C 10
R
P 0x7f2a7c191628
C 342
R
P 0x7f2a7c191628
P 0x7f2a7c19c1a8
C 10
R
P 0x7f2a7c191628
C 342
R
P 0x7f2a7c191628
P 0x7f2a7c19c2a8
C 10
R
P 0x7f2a7c191628
C 342
R
P 0x7f2a7c191628
P 0x7f2a7c19c048
C 10
R
P 0x7f2a7c191628
C 342
R
P 0x7f2a7c191628
P 0x7f2a7c19c008
C 10
R
P 0x7f2a7c191628
C 342
R
P 0x7f2a7c191628
P 0x7f2a7c19c028
C 10
R
P 0x7f2a7c191628
C 342
R
P 0x7f2a7c191628
P 0x7f2a7c19bc88
C 10
R
P 0x7f2a7c191628
C 342
R
P 0x7f2a7c191628
P 0x7f2a7c19c048
C 10
R
P 0x7f2a7c191628
C 342
R
P 0x7f2a7c191628
P 0x7f2a7c1a25e8
C 10
R
P 0x7f2a7c191628
C 342
R
P 0x7f2a7c191628
P 0x7f2a7c19bc88
C 10
R
P 0x7f2a7c191628
C 342
R
P 0x7f2a7c191628
P 0x7f2a7c19bfc8
C 10
R
P 0x7f2a7c191628
C 342
R
P 0x7f2a7c191628
P 0x7f2a7c19c168
C 10
R
P 0x7f2a7c191628
C 342
R
P 0x7f2a7c191628
P 0x7f2a7c48b5e0
C 10
R
P 0x7f2a7c191628
C 342
R
P 0x7f2a7c191628
P 0x7f2a7c19c0e8
C 10
R
P 0x7f2a7c191628
C 342
R
P 0x7f2a7c191628
P 0x7f2a7c19bc88
C 10
R
P 0x7f2a7c191628
C 342
R
P 0x7f2a7c191628
P 0x7f2a7c19bc88
C 10
R
P 0x7f2a7c191628
C 342
R
P 0x7f2a7c191628
P 0x7f2a7c1a18c8
C 10
R
P 0x7f2a7c191628
C 342
R
P 0x7f2a7c191628
P 0x7f2a7c19c168
C 10
R
P 0x7f2a7c191628
C 342
R
P 0x7f2a7c191628
P 0x7f2a7c19bc88
C 10
R
P 0x7f2a7c191628
C 342
R
P 0x7f2a7c191628
P 0x7f2a7c486fd8
C 10
R
P 0x7f2a7c191628
C 342
R
P 0x7f2a7c191628
P 0x7f2a7c1a1820
C 10
R
P 0x7f2a7c191628
C 342
R
P 0x7f2a7c191628
P 0x7f2a7c19bcc8
C 10
R
P 0x7f2a7c191628
C 342
R
P 0x7f2a7c191628
P 0x7f2a7c19c2a8
C 10
R
P 0x7f2a7c191628
C 342
R
P 0x7f2a7c191628
P 0x7f2a7c473648
C 10
R
P 0x7f2a7c191628
C 342
R
P 0x7f2a7c191628
P 0x7f2a7c488350
C 10
R
P 0x7f2a7c191628
C 342
R
P 0x7f2a7c191628
P 0x7f2a7c19bc88
C 10
R
P 0x7f2a7c191628
C 342
R
P 0x7f2a7c191628
P 0x7f2a7c19bc88
C 10
R
P 0x7f2a7c191628
C 342
R
P 0x7f2a7c191628
P 0x7f2a7c475890
C 10
R
P 0x7f2a7c191628
C 342
R
P 0x7f2a7c191628
P 0x7f2a7c19bc88
C 10
R
P 0x7f2a7c191628
C 342
R
P 0x7f2a7c191628
P 0x7f2a7c1a1890
C 10
R
P 0x7f2a7c191628
C 342
R
P 0x7f2a7c191628
P 0x7f2a7c4737f8
C 10
R
P 0x7f2a7c191628
C 342
R
P 0x7f2a7c191628
P 0x7f2a7c19bc88
C 10
R
P 0x7f2a7c191628
C 342
R
P 0x7f2a7c191628
P 0x7f2a7c19bc88
C 10
R
P 0x7f2a7c191628
C 342
R
P 0x7f2a7c191628
P 0x7f2a7c1a18c8
C 10
R
P 0x7f2a7c191628
C 342
R
P 0x7f2a7c191628
P 0x7f2a7c487da0
C 10
R
P 0x7f2a7c191628
C 342
R
P 0x7f2a7c191628
P 0x7f2a7c19f9c8
C 10
R
P 0x7f2a7c191628
C 342
R
P 0x7f2a7c191628
P 0x7f2a7c2cc700
C 10
R
P 0x7f2a7c191628
C 342
R
P 0x7f2a7c191628
P 0x7f2a7c19bc88
C 10
R
P 0x7f2a7c191628
C 342
R
P 0x7f2a7c191628
P 0x7f2a7c1a1820
C 10
R
P 0x7f2a7c191628
C 342
R
P 0x7f2a7c191628
P 0x7f2a7c19bc88
C 10
R
P 0x7f2a7c191628
C 342
R
P 0x7f2a7c191628
P 0x7f2a7c19f888
C 10
R
P 0x7f2a7c191628
C 342
R
P 0x7f2a7c191628
P 0x7f2a7c19c268
C 10
R
P 0x7f2a7c191628
C 342
R
P 0x7f2a7c191628
P 0x7f2a7c19c1c8
C 10
R
P 0x7f2a7c191628
C 342
R
P 0x7f2a7c191628
P 0x7f2a7c19bc88
C 10
R
P 0x7f2a7c191628
C 342
R
P 0x7f2a7c191628
P 0x7f2a7c1a17e8
C 10
R
P 0x7f2a7c191628
C 342
R
P 0x7f2a7c191628
P 0x7f2a7c1a2540
C 10
R
P 0x7f2a7c191628
C 342
R
P 0x7f2a7c191628
P 0x7f2a7c19bfc8
C 10
R
P 0x7f2a7c191628
C 342
R
P 0x7f2a7c191628
P 0x7f2a7c19bf68
C 10
R
P 0x7f2a7c191628
C 342
R
P 0x7f2a7c191628
P 0x7f2a7c1a2310
C 10
R
P 0x7f2a7c191628
C 342
R
P 0x7f2a7c191628
P 0x7f2a7c1a1cb8
C 10
R
P 0x7f2a7c191628
C 342
R
P 0x7f2a7c191628
P 0x7f2a7c19bcc8
C 10
R
P 0x7f2a7c191628
C 342
R
P 0x7f2a7c191628
P 0x7f2a7c4798f8
C 10
R
P 0x7f2a7c191628
C 342
R
P 0x7f2a7c191628
P 0x7f2a7c479348
C 10
R
P 0x7f2a7c191628
C 342
R
P 0x7f2a7c191628
P 0x7f2a7c1a1900
C 10
R
P 0x7f2a7c191628
C 342
R
P 0x7f2a7c191628
P 0x7f2a7c19bc88
C 10
R
P 0x7f2a7c191628
C 342
R
P 0x7f2a7c191628
P 0x7f2a7c1a18c8
C 10
R
P 0x7f2a7c191628
C 342
R
P 0x7f2a7c191628
P 0x7f2a7c48c108
C 10
R
P 0x7f2a7c191628
C 342
R
P 0x7f2a7c191628
P 0x7f2a7c487080
C 10
R
P 0x7f2a7c191628
C 342
R
P 0x7f2a7c191628
P 0x7f2a7c19c2a8
C 10
R
P 0x7f2a7c191628
C 342
R
P 0x7f2a7c191628
P 0x7f2a7c478c48
C 10
R
P 0x7f2a7c191628
C 342
R
P 0x7f2a7c191628
P 0x7f2a7c475a88
C 10
R
P 0x7f2a7c191628
C 342
R
P 0x7f2a7c191628
P 0x7f2a7c19f888
C 10
R
P 0x7f2a7c191628
C 342
R
P 0x7f2a7c191628
P 0x7f2a7c487da0
C 10
R
P 0x7f2a7c191628
C 342
R
P 0x7f2a7c191628
P 0x7f2a7c487f98
C 10
R
P 0x7f2a7c191628
C 342
R
P 0x7f2a7c191628
P 0x7f2a7c19c1a8
C 10
R
P 0x7f2a7c191628
C 342
R
P 0x7f2a7c191628
P 0x7f2a7c4739a8
C 10
R
P 0x7f2a7c191628
C 342
R
P 0x7f2a7c191628
P 0x7f2a7c1a1900
C 10
R
P 0x7f2a7c191628
C 342
R
P 0x7f2a7c191628
P 0x7f2a7c4870b8
C 10
R
P 0x7f2a7c191628
C 342
R
P 0x7f2a7c191628
P 0x7f2a7c487f98
C 10
R
P 0x7f2a7c191628
C 342
R
P 0x7f2a7c191628
P 0x7f2a7c4875c0
C 10
R
P 0x7f2a7c191628
C 342
R
P 0x7f2a7c191628
P 0x7f2a7c487400
C 10
R
P 0x7f2a7c191628
C 342
R
P 0x7f2a7c191628
P 0x7f2a7c4870b8
C 10
R
P 0x7f2a7c191628
C 342
R
P 0x7f2a7c191628
P 0x7f2a7c19c0a8
C 10
R
P 0x7f2a7c191628
C 342
R
P 0x7f2a7c191628
P 0x7f2a7c19bc88
C 10
R
P 0x7f2a7c191628
C 342
R
P 0x7f2a7c191628
P 0x7f2a7c488270
C 10
R
P 0x7f2a7c191628
C 342
R
P 0x7f2a7c191628
P 0x7f2a7c488190
C 10
R
P 0x7f2a7c191628
C 342
R
P 0x7f2a7c191628
P 0x7f2a7c4894f0
C 10
R
P 0x7f2a7c191628
C 342
R
P 0x7f2a7c191628
P 0x7f2a7c19c028
C 10
R
P 0x7f2a7c191628
C 342
R
P 0x7f2a7c191628
P 0x7f2a7c487908
C 10
R
P 0x7f2a7c191628
C 342
R
P 0x7f2a7c191628
P 0x7f2a7c19c1c8
C 10
R
P 0x7f2a7c191628
C 342
R
P 0x7f2a7c191628
P 0x7f2a7c487048
C 10
R
P 0x7f2a7c191628
C 342
R
P 0x7f2a7c191628
P 0x7f2a7c488008
C 10
R
P 0x7f2a7c191628
C 342
R
P 0x7f2a7c191628
P 0x7f2a7c486fd8
C 10
R
P 0x7f2a7c191628
C 342
R
P 0x7f2a7c191628
P 0x7f2a7c487be0
C 10
R
P 0x7f2a7c191628
C 342
R
P 0x7f2a7c191628
P 0x7f2a7c19bc88
C 10
R
P 0x7f2a7c191628
C 342
R
P 0x7f2a7c191628
P 0x7f2a7c19c0e8
C 10
R
P 0x7f2a7c191628
C 342
R
P 0x7f2a7c191628
P 0x7f2a7c487f60
C 10
R
P 0x7f2a7c191628
C 342
R
P 0x7f2a7c191628
P 0x7f2a7c487be0
C 10
R
P 0x7f2a7c191628
C 342
R
P 0x7f2a7c191628
P 0x7f2a7c2cc738
C 10
R
P 0x7f2a7c191628
C 342
R
P 0x7f2a7c191628
P 0x7f2a7c19c188
C 10
R
P 0x7f2a7c191628
C 342
R
P 0x7f2a7c191628
P 0x7f2a7c1a17b0
C 10
R
P 0x7f2a7c191628
C 342
R
P 0x7f2a7c191628
P 0x7f2a7c4872e8
C 10
R
P 0x7f2a7c191628
C 342
R
P 0x7f2a7c191628
P 0x7f2a7c19bfa8
C 10
R
P 0x7f2a7c191628
C 342
R
P 0x7f2a7c191628
P 0x7f2a7c487470
C 10
R
P 0x7f2a7c191628
C 342
R
P 0x7f2a7c191628
P 0x7f2a7c1a1900
C 10
R
P 0x7f2a7c191628
C 342
R
P 0x7f2a7c191628
P 0x7f2a7c476b98
C 10
R
P 0x7f2a7c191628
C 342
R
P 0x7f2a7c191628
P 0x7f2a7c476c08
C 10
R
P 0x7f2a7c191628
C 342
R
P 0x7f2a7c191628
P 0x7f2a7c19fac8
C 10
R
P 0x7f2a7c191628
C 342
R
P 0x7f2a7c191628
P 0x7f2a7c19c1c8
C 10
R
P 0x7f2a7c191628
C 342
R
P 0x7f2a7c191628
P 0x7f2a7c2cca48
C 10
R
P 0x7f2a7c191628
C 342
R
P 0x7f2a7c191628
P 0x7f2a7c19f888
C 10
R
P 0x7f2a7c191628
C 342
R
P 0x7f2a7c191628
P 0x7f2a7c19bc88
C 10
R
P 0x7f2a7c191628
C 342
R
P 0x7f2a7c191628
P 0x7f2a7c19c2a8
C 10
R
P 0x7f2a7c191628
C 342
R
P 0x7f2a7c191628
P 0x7f2a7c487320
C 10
R
P 0x7f2a7c191628
C 342
R
P 0x7f2a7c191628
P 0x7f2a7c19c2a8
C 10
R
P 0x7f2a7c191628
C 342
R
P 0x7f2a7c191628
P 0x7f2a7c48dcb8
C 10
R
P 0x7f2a7c191628
C 342
R
P 0x7f2a7c191628
P 0x7f2a7c487da0
C 10
R
P 0x7f2a7c191628
C 342
R
P 0x7f2a7c191628
P 0x7f2a7c19fa88
C 10
R
P 0x7f2a7c191628
C 342
R
P 0x7f2a7c191628
P 0x7f2a7c19c2a8
C 10
R
P 0x7f2a7c191628
C 342
R
P 0x7f2a7c191628
P 0x7f2a7c19f848
C 10
R
P 0x7f2a7c191628
C 342
R
P 0x7f2a7c191628
P 0x7f2a7c19fa48
C 10
R
P 0x7f2a7c191628
C 342
R
P 0x7f2a7c191628
P 0x7f2a7c19bcc8
C 10
R
P 0x7f2a7c191628
C 342
R
P 0x7f2a7c191628
P 0x7f2a7c19c008
C 10
R
P 0x7f2a7c191628
C 342
R
P 0x7f2a7c191628
P 0x7f2a7c19c2a8
C 10
R
P 0x7f2a7c191628
C 342
R
P 0x7f2a7c191628
P 0x7f2a7c2cd340
C 10
R
P 0x7f2a7c191628
C 342
R
P 0x7f2a7c191628
P 0x7f2a7c19bca8
C 10
R
P 0x7f2a7c191628
C 342
R
P 0x7f2a7c191628
P 0x7f2a7c48d350
C 10
R
P 0x7f2a7c191628
C 342
R
P 0x7f2a7c191628
P 0x7f2a7c1a25e8
C 10
R
P 0x7f2a7c191628
C 342
R
P 0x7f2a7c191628
P 0x7f2a7c19bc88
C 10
R
P 0x7f2a7c191628
C 342
R
P 0x7f2a7c191628
P 0x7f2a7c476b60
C 10
R
P 0x7f2a7c191628
C 342
R
P 0x7f2a7c191628
P 0x7f2a7c19bc88
C 10
R
P 0x7f2a7c191628
C 342
R
P 0x7f2a7c191628
P 0x7f2a7c2cb628
C 10
R
P 0x7f2a7c191628
C 342
R
P 0x7f2a7c191628
P 0x7f2a7c487d68
C 10
R
P 0x7f2a7c191628
C 342
R
P 0x7f2a7c191628
P 0x7f2a7c19fa88
C 10
R
P 0x7f2a7c191628
C 342
R
P 0x7f2a7c191628
P 0x7f2a7c19eba8
C 10
R
P 0x7f2a7c191628
C 342
R
P 0x7f2a7c191628
P 0x7f2a7c487390
C 10
R
P 0x7f2a7c191628
C 342
R
P 0x7f2a7c191628
P 0x7f2a7c19f988
C 10
R
P 0x7f2a7c191628
C 342
R
P 0x7f2a7c191628
P 0x7f2a7c479b28
C 10
R
P 0x7f2a7c191628
C 342
R
P 0x7f2a7c191628
P 0x7f2a7c487080
C 10
R
P 0x7f2a7c191628
C 342
R
P 0x7f2a7c191628
P 0x7f2a7c19c188
C 10
R
P 0x7f2a7c191628
C 342
R
P 0x7f2a7c191628
P 0x7f2a7c19fa48
C 10
R
P 0x7f2a7c191628
C 342
R
P 0x7f2a7c191628
P 0x7f2a7c4872b0
C 10
R
P 0x7f2a7c191628
C 342
R
P 0x7f2a7c191628
P 0x7f2a7c19c108
C 10
R
P 0x7f2a7c191628
C 342
R
P 0x7f2a7c191628
P 0x7f2a7c1a21f8
C 10
R
P 0x7f2a7c191628
C 342
R
P 0x7f2a7c191628
P 0x7f2a7c19c048
C 10
R
P 0x7f2a7c191628
C 342
R
P 0x7f2a7c191628
P 0x7f2a7c1a2498
C 10
R
P 0x7f2a7c191628
C 342
R
P 0x7f2a7c191628
P 0x7f2a7c19bc88
C 10
R
P 0x7f2a7c191628
C 342
R
P 0x7f2a7c191628
P 0x7f2a7c19bfe8
C 10
R
P 0x7f2a7c191628
C 342
R
P 0x7f2a7c191628
P 0x7f2a7c19bf88
C 10
R
P 0x7f2a7c191628
C 342
R
P 0x7f2a7c191628
P 0x7f2a7c19c1a8
C 10
R
P 0x7f2a7c191628
C 342
R
P 0x7f2a7c191628
P 0x7f2a7c487198
C 10
R
P 0x7f2a7c191628
C 342
R
P 0x7f2a7c191628
P 0x7f2a7c19fa88
C 10
R
P 0x7f2a7c191628
C 342
R
P 0x7f2a7c191628
P 0x7f2a7c1a1970
C 10
R
P 0x7f2a7c191628
C 342
R
P 0x7f2a7c191628
P 0x7f2a7c487b00
C 10
R
P 0x7f2a7c191628
C 342
R
P 0x7f2a7c191628
P 0x7f2a7c1a17b0
C 10
R
P 0x7f2a7c191628
C 342
R
P 0x7f2a7c191628
P 0x7f2a7c1a17b0
C 10
R
P 0x7f2a7c191628
C 342
R
P 0x7f2a7c191628
P 0x7f2a7c1a1778
C 10
R
P 0x7f2a7c191628
C 342
R
P 0x7f2a7c191628
P 0x7f2a7c2cb858
C 10
R
P 0x7f2a7c191628
C 342
R
P 0x7f2a7c191628
P 0x7f2a7c487d68
C 10
R
P 0x7f2a7c191628
C 342
R
P 0x7f2a7c191628
P 0x7f2a7c19f9c8
C 10
R
P 0x7f2a7c191628
C 342
R
P 0x7f2a7c191628
P 0x7f2a7c487940
C 10
R
P 0x7f2a7c191628
C 342
R
P 0x7f2a7c191628
P 0x7f2a7c4872b0
C 10
R
P 0x7f2a7c191628
C 342
R
P 0x7f2a7c191628
P 0x7f2a7c4793b8
C 10
R
P 0x7f2a7c191628
C 342
R
P 0x7f2a7c191628
P 0x7f2a7c19c048
C 10
R
P 0x7f2a7c191628
C 342
R
P 0x7f2a7c191628
P 0x7f2a7c19bc48
C 10
R
P 0x7f2a7c191628
C 342
R
P 0x7f2a7c191628
P 0x7f2a7c478970
C 10
R
P 0x7f2a7c191628
C 342
R
P 0x7f2a7c191628
P 0x7f2a7c486fa0
C 10
R
P 0x7f2a7c191628
C 342
R
P 0x7f2a7c191628
P 0x7f2a7c19bfe8
C 10
R
P 0x7f2a7c191628
C 342
R
P 0x7f2a7c191628
P 0x7f2a7c19bc88
C 10
R
P 0x7f2a7c191628
C 342
R
P 0x7f2a7c191628
P 0x7f2a7c487940
C 10
R
P 0x7f2a7c191628
C 342
R
P 0x7f2a7c191628
P 0x7f2a7c487390
C 10
R
P 0x7f2a7c191628
C 342
R
P 0x7f2a7c191628
P 0x7f2a7c19c088
C 10
R
P 0x7f2a7c191628
C 342
R
P 0x7f2a7c191628
P 0x7f2a7c19ee18
C 10
R
P 0x7f2a7c191628
C 342
R
P 0x7f2a7c191628
P 0x7f2a7c19bce8
C 10
R
P 0x7f2a7c191628
C 342
R
P 0x7f2a7c191628
P 0x7f2a7c4879b0
C 10
R
P 0x7f2a7c191628
C 342
R
P 0x7f2a7c191628
P 0x7f2a7c19c1a8
C 10
R
P 0x7f2a7c191628
C 342
R
P 0x7f2a7c191628
P 0x7f2a7c19bc88
C 10
R
P 0x7f2a7c191628
C 342
R
P 0x7f2a7c191628
P 0x7f2a7c19bc88
C 10
R
P 0x7f2a7c191628
C 342
R
P 0x7f2a7c191628
P 0x7f2a7c19bfa8
C 10
R
P 0x7f2a7c191628
C 342
R
P 0x7f2a7c191628
P 0x7f2a7c19bcc8
C 10
R
P 0x7f2a7c191628
C 342
R
P 0x7f2a7c191628
P 0x7f2a7c1a1938
C 10
R
P 0x7f2a7c191628
C 342
R
P 0x7f2a7c191628
P 0x7f2a7c2cc0a8
C 10
R
P 0x7f2a7c191628
C 342
R
P 0x7f2a7c191628
P 0x7f2a7c19bfc8
C 10
R
P 0x7f2a7c191628
C 342
R
P 0x7f2a7c191628
P 0x7f2a7c19c088
C 10
R
P 0x7f2a7c191628
C 342
R
P 0x7f2a7c191628
P 0x7f2a7c487240
C 10
R
P 0x7f2a7c191628
C 342
R
P 0x7f2a7c191628
P 0x7f2a7c19c148
C 10
R
P 0x7f2a7c191628
C 342
R
P 0x7f2a7c191628
P 0x7f2a7c19c008
C 10
R
P 0x7f2a7c191628
C 342
R
P 0x7f2a7c191628
P 0x7f2a7c19c1e8
C 10
R
P 0x7f2a7c191628
C 342
R
P 0x7f2a7c191628
P 0x7f2a7c19bc88
C 10
R
P 0x7f2a7c191628
C 342
R
P 0x7f2a7c191628
P 0x7f2a7c19bc88
C 10
R
P 0x7f2a7c191628
C 342
R
P 0x7f2a7c191628
P 0x7f2a7c19bfc8
C 10
R
P 0x7f2a7c191628
C 342
R
P 0x7f2a7c191628
P 0x7f2a7c19bc88
C 10
R
P 0x7f2a7c191628
C 342
R
P 0x7f2a7c191628
P 0x7f2a7c19bd08
C 10
R
P 0x7f2a7c191628
C 342
R
P 0x7f2a7c191628
P 0x7f2a7c19bcc8
C 10
R
P 0x7f2a7c191628
C 342
R
P 0x7f2a7c191628
P 0x7f2a7c19bc88
C 10
R
P 0x7f2a7c191628
C 342
R
P 0x7f2a7c191628
P 0x7f2a7c48bab0
C 10
R
P 0x7f2a7c191628
C 342
R
P 0x7f2a7c191628
P 0x7f2a7c19bc88
C 10
R
P 0x7f2a7c191628
C 342
R
P 0x7f2a7c191628
P 0x7f2a7c487198
C 10
R
P 0x7f2a7c191628
C 342
R
P 0x7f2a7c191628
P 0x7f2a7c487d68
C 10
R
P 0x7f2a7c191628
C 342
R
P 0x7f2a7c191628
P 0x7f2a7c19bf48
C 10
R
P 0x7f2a7c191628
C 342
R
P 0x7f2a7c191628
P 0x7f2a7c19c0e8
C 10
R
P 0x7f2a7c191628
C 342
R
P 0x7f2a7c191628
P 0x7f2a7c19f848
C 10
R
P 0x7f2a7c191628
C 342
R
P 0x7f2a7c191628
P 0x7f2a7c487da0
C 10
R
P 0x7f2a7c191628
C 342
R
P 0x7f2a7c191628
P 0x7f2a7c19c028
C 10
R
P 0x7f2a7c191628
C 342
R
P 0x7f2a7c191628
P 0x7f2a7c19c148
C 10
R
P 0x7f2a7c191628
C 342
R
P 0x7f2a7c191628
P 0x7f2a7c19c048
C 10
R
P 0x7f2a7c191628
C 342
R
P 0x7f2a7c191628
P 0x7f2a7c19bfe8
C 10
R
P 0x7f2a7c191628
C 342
R
P 0x7f2a7c191628
P 0x7f2a7c487438
C 10
R
P 0x7f2a7c191628
C 342
R
P 0x7f2a7c191628
P 0x7f2a7c479070
C 10
R
P 0x7f2a7c191628
C 342
R
P 0x7f2a7c191628
P 0x7f2a7c19ef68
C 10
R
P 0x7f2a7c191628
C 342
R
P 0x7f2a7c191628
P 0x7f2a7c19bcc8
C 10
R
P 0x7f2a7c191628
C 342
R
P 0x7f2a7c191628
P 0x7f2a7c19c108
C 10
R
P 0x7f2a7c191628
C 342
R
P 0x7f2a7c191628
P 0x7f2a7c19c028
C 10
R
P 0x7f2a7c191628
C 342
R
P 0x7f2a7c191628
P 0x7f2a7c1a18c8
C 10
R
P 0x7f2a7c191628
C 342
R
P 0x7f2a7c191628
P 0x7f2a7c19fa08
C 10
R
P 0x7f2a7c191628
C 342
R
P 0x7f2a7c191628
P 0x7f2a7c487438
C 10
R
P 0x7f2a7c191628
C 342
R
P 0x7f2a7c191628
P 0x7f2a7c476d90
C 10
R
P 0x7f2a7c191628
C 342
R
P 0x7f2a7c191628
P 0x7f2a7c19c088
C 10
R
P 0x7f2a7c191628
C 342
R
P 0x7f2a7c191628
P 0x7f2a7c487080
C 10
R
P 0x7f2a7c191628
C 342
R
P 0x7f2a7c191628
P 0x7f2a7c1a17b0
C 10
R
P 0x7f2a7c191628
C 342
R
P 0x7f2a7c191628
P 0x7f2a7c19bc88
C 10
R
P 0x7f2a7c191628
C 342
R
P 0x7f2a7c191628
P 0x7f2a7c19c2a8
C 10
R
P 0x7f2a7c191628
C 342
R
P 0x7f2a7c191628
P 0x7f2a7c19bc88
C 10
R
P 0x7f2a7c191628
C 342
R
P 0x7f2a7c191628
P 0x7f2a7c48c3a8
C 10
R
P 0x7f2a7c191628
C 342
R
P 0x7f2a7c191628
P 0x7f2a7c19bc88
C 10
R
P 0x7f2a7c191628
C 342
R
P 0x7f2a7c191628
P 0x7f2a7c19bc88
C 10
R
P 0x7f2a7c191628
C 342
R
P 0x7f2a7c191628
P 0x7f2a7c487908
C 10
R
P 0x7f2a7c191628
C 342
R
P 0x7f2a7c191628
P 0x7f2a7c19c128
C 10
R
P 0x7f2a7c191628
C 342
R
P 0x7f2a7c191628
P 0x7f2a7c19bc88
C 10
R
P 0x7f2a7c191628
C 342
R
P 0x7f2a7c191628
P 0x7f2a7c487908
C 10
R
P 0x7f2a7c191628
C 342
R
P 0x7f2a7c191628
P 0x7f2a7c1a1778
C 10
R
P 0x7f2a7c191628
C 342
R
P 0x7f2a7c191628
P 0x7f2a7c19c0e8
C 10
R
P 0x7f2a7c191628
C 342
R
P 0x7f2a7c191628
P 0x7f2a7c19c088
C 10
R
P 0x7f2a7c191628
C 342
R
P 0x7f2a7c191628
P 0x7f2a7c19c028
C 10
R
P 0x7f2a7c191628
C 342
R
P 0x7f2a7c191628
P 0x7f2a7c487390
C 10
R
P 0x7f2a7c191628
C 342
R
P 0x7f2a7c191628
P 0x7f2a7c1a18c8
C 10
R
P 0x7f2a7c191628
C 342
R
P 0x7f2a7c191628
P 0x7f2a7c488270
C 10
R
P 0x7f2a7c191628
C 342
R
P 0x7f2a7c191628
P 0x7f2a7c19bcc8
C 10
R
P 0x7f2a7c191628
C 342
R
P 0x7f2a7c191628
P 0x7f2a7c487198
C 10
R
P 0x7f2a7c191628
C 342
R
P 0x7f2a7c191628
P 0x7f2a7c19bc88
C 10
R
P 0x7f2a7c191628
C 342
R
P 0x7f2a7c191628
P 0x7f2a7c19fac8
C 10
R
P 0x7f2a7c191628
C 342
R
P 0x7f2a7c191628
P 0x7f2a7c48a440
C 10
R
P 0x7f2a7c191628
C 342
R
P 0x7f2a7c191628
P 0x7f2a7c487978
C 10
R
P 0x7f2a7c191628
C 342
R
P 0x7f2a7c191628
P 0x7f2a7c489f00
C 10
R
P 0x7f2a7c191628
C 342
R
P 0x7f2a7c191628
P 0x7f2a7c4883f8
C 10
R
P 0x7f2a7c191628
C 342
R
P 0x7f2a7c191628
P 0x7f2a7c489db0
C 10
R
P 0x7f2a7c191628
C 342
R
P 0x7f2a7c191628
P 0x7f2a7c19bc88
C 10
R
P 0x7f2a7c191628
C 342
R
P 0x7f2a7c191628
P 0x7f2a7c486fd8
C 10
R
P 0x7f2a7c191628
C 342
R
P 0x7f2a7c191628
P 0x7f2a7c19bc88
C 10
R
P 0x7f2a7c191628
C 342
R
P 0x7f2a7c191628
P 0x7f2a7c19bf48
C 10
R
P 0x7f2a7c191628
C 342
R
P 0x7f2a7c191628
P 0x7f2a7c19c088
C 10
R
P 0x7f2a7c191628
C 342
R
P 0x7f2a7c191628
P 0x7f2a7c19bc88
C 10
R
P 0x7f2a7c191628
C 342
R
P 0x7f2a7c191628
P 0x7f2a7c1a1778
C 10
R
P 0x7f2a7c191628
C 342
R
P 0x7f2a7c191628
P 0x7f2a7c19c088
C 10
R
P 0x7f2a7c191628
C 342
R
P 0x7f2a7c191628
P 0x7f2a7c487da0
C 10
R
P 0x7f2a7c191628
C 342
R
P 0x7f2a7c191628
P 0x7f2a7c1a1970
C 10
R
P 0x7f2a7c191628
C 342
R
P 0x7f2a7c191628
P 0x7f2a7c2cb9e0
C 10
R
P 0x7f2a7c191628
C 342
R
P 0x7f2a7c191628
P 0x7f2a7c4881c8
C 10
R
P 0x7f2a7c191628
C 342
R
P 0x7f2a7c191628
P 0x7f2a7c19fa08
C 10
R
P 0x7f2a7c191628
C 342
R
P 0x7f2a7c191628
P 0x7f2a7c489aa0
C 10
R
P 0x7f2a7c191628
C 342
R
P 0x7f2a7c191628
P 0x7f2a7c487390
C 10
R
P 0x7f2a7c191628
C 342
R
P 0x7f2a7c191628
P 0x7f2a7c19c088
C 10
R
P 0x7f2a7c191628
C 342
R
P 0x7f2a7c191628
P 0x7f2a7c486fa0
C 10
R
P 0x7f2a7c191628
C 342
R
P 0x7f2a7c191628
P 0x7f2a7c4892c0
C 10
R
P 0x7f2a7c191628
C 342
R
P 0x7f2a7c191628
P 0x7f2a7c4892f8
C 10
R
P 0x7f2a7c191628
C 342
R
P 0x7f2a7c191628
P 0x7f2a7c19c2a8
C 10
R
P 0x7f2a7c191628
C 342
R
P 0x7f2a7c191628
P 0x7f2a7c475820
C 10
R
P 0x7f2a7c191628
C 342
R
P 0x7f2a7c191628
P 0x7f2a7c19c0e8
C 10
R
P 0x7f2a7c191628
C 342
R
P 0x7f2a7c191628
P 0x7f2a7c19c0a8
C 10
R
P 0x7f2a7c191628
C 342
R
P 0x7f2a7c191628
P 0x7f2a7c19c048
C 10
R
P 0x7f2a7c191628
C 342
R
P 0x7f2a7c191628
P 0x7f2a7c19c2a8
C 10
R
P 0x7f2a7c191628
C 342
R
P 0x7f2a7c191628
P 0x7f2a7c19c028
C 10
R
P 0x7f2a7c191628
C 342
R
P 0x7f2a7c191628
P 0x7f2a7c19bfe8
C 10
R
P 0x7f2a7c191628
C 342
R
P 0x7f2a7c191628
P 0x7f2a7c19f948
C 10
R
P 0x7f2a7c191628
C 342
R
P 0x7f2a7c191628
P 0x7f2a7c475388
C 10
R
P 0x7f2a7c191628
C 342
R
P 0x7f2a7c191628
P 0x7f2a7c1a1778
C 10
R
P 0x7f2a7c191628
C 342
R
P 0x7f2a7c191628
P 0x7f2a7c48ad90
C 10
R
P 0x7f2a7c191628
C 342
R
P 0x7f2a7c191628
P 0x7f2a7c4873c8
C 10
R
P 0x7f2a7c191628
C 342
R
P 0x7f2a7c191628
P 0x7f2a7c487f60
C 10
R
P 0x7f2a7c191628
C 342
R
P 0x7f2a7c191628
P 0x7f2a7c1a22d8
C 10
R
P 0x7f2a7c191628
C 342
R
P 0x7f2a7c191628
P 0x7f2a7c19bc88
C 10
R
P 0x7f2a7c191628
C 342
R
P 0x7f2a7c191628
P 0x7f2a7c1a1820
C 10
R
P 0x7f2a7c191628
C 342
R
P 0x7f2a7c191628
P 0x7f2a7c19bc88
C 10
R
P 0x7f2a7c191628
C 342
R
P 0x7f2a7c191628
P 0x7f2a7c487f60
C 10
R
P 0x7f2a7c191628
C 342
R
P 0x7f2a7c191628
P 0x7f2a7c478660
C 10
R
P 0x7f2a7c191628
C 342
R
P 0x7f2a7c191628
P 0x7f2a7c19dfa8
C 10
R
P 0x7f2a7c191628
C 342
R
P 0x7f2a7c191628
P 0x7f2a7c19c108
C 10
R
P 0x7f2a7c191628
C 342
R
P 0x7f2a7c191628
P 0x7f2a7c19bc88
C 10
R
P 0x7f2a7c191628
C 342
R
P 0x7f2a7c191628
P 0x7f2a7c19bf48
C 10
R
P 0x7f2a7c191628
C 342
R
P 0x7f2a7c191628
P 0x7f2a7c19bc88
C 10
R
P 0x7f2a7c191628
C 342
R
P 0x7f2a7c191628
P 0x7f2a7c19c148
C 10
R
P 0x7f2a7c191628
C 342
R
P 0x7f2a7c191628
P 0x7f2a7c19bc88
C 10
R
P 0x7f2a7c191628
C 342
R
P 0x7f2a7c191628
P 0x7f2a7c487390
C 10
R
P 0x7f2a7c191628
C 342
R
P 0x7f2a7c191628
P 0x7f2a7c19c0a8
C 10
R
P 0x7f2a7c191628
C 342
R
P 0x7f2a7c191628
P 0x7f2a7c19bfa8
C 10
R
P 0x7f2a7c191628
C 342
R
P 0x7f2a7c191628
P 0x7f2a7c19c0e8
C 10
R
P 0x7f2a7c191628
C 342
R
P 0x7f2a7c191628
P 0x7f2a7c488078
C 10
R
P 0x7f2a7c191628
C 342
R
P 0x7f2a7c191628
P 0x7f2a7c487978
C 10
R
P 0x7f2a7c191628
C 342
R
P 0x7f2a7c191628
P 0x7f2a7c19c028
C 10
R
P 0x7f2a7c191628
C 342
R
P 0x7f2a7c191628
P 0x7f2a7c487f98
C 10
R
P 0x7f2a7c191628
C 342
R
P 0x7f2a7c191628
P 0x7f2a7c19bfc8
C 10
R
P 0x7f2a7c191628
C 342
R
P 0x7f2a7c191628
P 0x7f2a7c488158
C 10
R
P 0x7f2a7c191628
C 342
R
P 0x7f2a7c191628
P 0x7f2a7c19bc88
C 10
R
P 0x7f2a7c191628
C 342
R
P 0x7f2a7c191628
P 0x7f2a7c4757e8
C 10
R
P 0x7f2a7c191628
C 342
R
P 0x7f2a7c191628
P 0x7f2a7c19c1c8
C 10
R
P 0x7f2a7c191628
C 342
R
P 0x7f2a7c191628
P 0x7f2a7c19bc88
C 10
R
P 0x7f2a7c191628
C 342
R
P 0x7f2a7c191628
P 0x7f2a7c19bfc8
C 10
R
P 0x7f2a7c191628
C 342
R
P 0x7f2a7c191628
P 0x7f2a7c486fa0
C 10
R
P 0x7f2a7c191628
C 342
R
P 0x7f2a7c191628
P 0x7f2a7c19bd08
C 10
R
P 0x7f2a7c191628
C 342
R
P 0x7f2a7c191628
P 0x7f2a7c19bc88
C 10
R
P 0x7f2a7c191628
C 342
R
P 0x7f2a7c191628
P 0x7f2a7c19bf88
C 10
R
P 0x7f2a7c191628
C 342
R
P 0x7f2a7c191628
P 0x7f2a7c19bfc8
C 10
R
P 0x7f2a7c191628
C 342
R
P 0x7f2a7c191628
P 0x7f2a7c19f888
C 10
R
P 0x7f2a7c191628
C 342
R
P 0x7f2a7c191628
P 0x7f2a7c19c208
C 10
R
P 0x7f2a7c191628
C 342
R
P 0x7f2a7c191628
P 0x7f2a7c473b58
C 10
R
P 0x7f2a7c191628
C 342
R
P 0x7f2a7c191628
P 0x7f2a7c1a1778
C 10
R
P 0x7f2a7c191628
C 342
R
P 0x7f2a7c191628
P 0x7f2a7c19bf88
C 10
R
P 0x7f2a7c191628
C 342
R
P 0x7f2a7c191628
P 0x7f2a7c19bc88
C 10
R
P 0x7f2a7c191628
C 342
R
P 0x7f2a7c191628
P 0x7f2a7c19c048
C 10
R
P 0x7f2a7c191628
C 342
R
P 0x7f2a7c191628
P 0x7f2a7c19c268
C 10
R
P 0x7f2a7c191628
C 342
R
P 0x7f2a7c191628
P 0x7f2a7c487240
C 10
R
P 0x7f2a7c191628
C 342
R
P 0x7f2a7c191628
P 0x7f2a7c1a18c8
C 10
R
P 0x7f2a7c191628
C 342
R
P 0x7f2a7c191628
P 0x7f2a7c475d60
C 10
R
P 0x7f2a7c191628
C 342
R
P 0x7f2a7c191628
P 0x7f2a7c19bc88
C 10
R
P 0x7f2a7c191628
C 342
R
P 0x7f2a7c191628
P 0x7f2a7c19bc88
C 10
R
P 0x7f2a7c191628
C 342
R
P 0x7f2a7c191628
P 0x7f2a7c487f98
C 10
R
P 0x7f2a7c191628
C 342
R
P 0x7f2a7c191628
P 0x7f2a7c19c128
C 10
R
P 0x7f2a7c191628
C 342
R
P 0x7f2a7c191628
P 0x7f2a7c19f888
C 10
R
P 0x7f2a7c191628
C 342
R
P 0x7f2a7c191628
P 0x7f2a7c488190
C 10
R
P 0x7f2a7c191628
C 342
R
P 0x7f2a7c191628
P 0x7f2a7c475318
C 10
R
P 0x7f2a7c191628
C 342
R
P 0x7f2a7c191628
P 0x7f2a7c19bcc8
C 10
R
P 0x7f2a7c191628
C 342
R
P 0x7f2a7c191628
P 0x7f2a7c19c008
C 10
R
P 0x7f2a7c191628
C 342
R
P 0x7f2a7c191628
P 0x7f2a7c19bc88
C 10
R
P 0x7f2a7c191628
C 342
R
P 0x7f2a7c191628
P 0x7f2a7c19bc88
C 10
R
P 0x7f2a7c191628
C 342
R
P 0x7f2a7c191628
P 0x7f2a7c19bc88
C 10
R
P 0x7f2a7c191628
C 342
R
P 0x7f2a7c191628
P 0x7f2a7c19c008
C 10
R
P 0x7f2a7c191628
C 342
R
P 0x7f2a7c191628
P 0x7f2a7c487240
C 10
R
P 0x7f2a7c191628
C 342
R
P 0x7f2a7c191628
P 0x7f2a7c19bc88
C 10
R
P 0x7f2a7c191628
C 342
R
P 0x7f2a7c191628
P 0x7f2a7c19bfc8
C 10
R
P 0x7f2a7c191628
C 342
R
P 0x7f2a7c191628
P 0x7f2a7c19c0e8
C 10
R
P 0x7f2a7c191628
C 342
R
P 0x7f2a7c191628
P 0x7f2a7c487978
C 10
R
P 0x7f2a7c191628
C 342
R
P 0x7f2a7c191628
P 0x7f2a7c19bfe8
C 10
R
P 0x7f2a7c191628
C 342
R
P 0x7f2a7c191628
P 0x7f2a7c19c008
C 10
R
P 0x7f2a7c191628
C 342
R
P 0x7f2a7c191628
P 0x7f2a7c1a17e8
C 10
R
P 0x7f2a7c191628
C 342
R
P 0x7f2a7c191628
P 0x7f2a7c1a2348
C 10
R
P 0x7f2a7c191628
C 342
R
P 0x7f2a7c191628
P 0x7f2a7c19bfc8
C 10
R
P 0x7f2a7c191628
C 342
R
P 0x7f2a7c191628
P 0x7f2a7c2cba88
C 10
R
P 0x7f2a7c191628
C 342
R
P 0x7f2a7c191628
P 0x7f2a7c1a1778
C 10
R
P 0x7f2a7c191628
C 342
R
P 0x7f2a7c191628
P 0x7f2a7c1a2498
C 10
R
P 0x7f2a7c191628
C 342
R
P 0x7f2a7c191628
P 0x7f2a7c486fd8
C 10
R
P 0x7f2a7c191628
C 342
R
P 0x7f2a7c191628
P 0x7f2a7c487f60
C 10
R
P 0x7f2a7c191628
C 342
R
P 0x7f2a7c191628
P 0x7f2a7c48c4f8
C 10
R
P 0x7f2a7c191628
C 342
R
P 0x7f2a7c191628
P 0x7f2a7c19bfc8
C 10
R
P 0x7f2a7c191628
C 342
R
P 0x7f2a7c191628
P 0x7f2a7c19c2a8
C 10
R
P 0x7f2a7c191628
C 342
R
P 0x7f2a7c191628
P 0x7f2a7c19c0c8
C 10
R
P 0x7f2a7c191628
C 342
R
P 0x7f2a7c191628
P 0x7f2a7c478f58
C 10
R
P 0x7f2a7c191628
C 342
R
P 0x7f2a7c191628
P 0x7f2a7c489cd0
C 10
R
P 0x7f2a7c191628
C 342
R
P 0x7f2a7c191628
P 0x7f2a7c19f848
C 10
R
P 0x7f2a7c191628
C 342
R
P 0x7f2a7c191628
P 0x7f2a7c19c0a8
C 10
R
P 0x7f2a7c191628
C 342
R
P 0x7f2a7c191628
P 0x7f2a7c488c68
C 10
R
P 0x7f2a7c191628
C 342
R
P 0x7f2a7c191628
P 0x7f2a7c19bc88
C 10
R
P 0x7f2a7c191628
C 342
R
P 0x7f2a7c191628
P 0x7f2a7c1a1938
C 10
R
P 0x7f2a7c191628
C 342
R
P 0x7f2a7c191628
P 0x7f2a7c475f58
C 10
R
P 0x7f2a7c191628
C 342
R
P 0x7f2a7c191628
P 0x7f2a7c487208
C 10
R
P 0x7f2a7c191628
C 342
R
P 0x7f2a7c191628
P 0x7f2a7c487d68
C 10
R
P 0x7f2a7c191628
C 342
R
P 0x7f2a7c191628
P 0x7f2a7c19bc88
C 10
R
P 0x7f2a7c191628
C 342
R
P 0x7f2a7c191628
P 0x7f2a7c488158
C 10
R
P 0x7f2a7c191628
C 342
R
P 0x7f2a7c191628
P 0x7f2a7c19bc88
C 10
R
P 0x7f2a7c191628
C 342
R
P 0x7f2a7c191628
P 0x7f2a7c1a18c8
C 10
R
P 0x7f2a7c191628
C 342
R
P 0x7f2a7c191628
P 0x7f2a7c19fac8
C 10
R
P 0x7f2a7c191628
C 342
R
P 0x7f2a7c191628
P 0x7f2a7c19bfc8
C 10
R
P 0x7f2a7c191628
C 342
R
P 0x7f2a7c191628
P 0x7f2a7c19c068
C 10
R
P 0x7f2a7c191628
C 342
R
P 0x7f2a7c191628
P 0x7f2a7c19c0e8
C 10
R
P 0x7f2a7c191628
C 342
R
P 0x7f2a7c191628
P 0x7f2a7c19fa48
C 10
R
P 0x7f2a7c191628
C 342
R
P 0x7f2a7c191628
P 0x7f2a7c19bc88
C 10
R
P 0x7f2a7c191628
C 342
R
P 0x7f2a7c191628
P 0x7f2a7c2cc428
C 10
R
P 0x7f2a7c191628
C 342
R
P 0x7f2a7c191628
P 0x7f2a7c19c1c8
C 10
R
P 0x7f2a7c191628
C 342
R
P 0x7f2a7c191628
P 0x7f2a7c487d68
C 10
R
P 0x7f2a7c191628
C 342
R
P 0x7f2a7c191628
P 0x7f2a7c19c2a8
C 10
R
P 0x7f2a7c191628
C 342
R
P 0x7f2a7c191628
P 0x7f2a7c19f848
C 10
R
P 0x7f2a7c191628
C 342
R
P 0x7f2a7c191628
P 0x7f2a7c19c2a8
C 10
R
P 0x7f2a7c191628
C 342
R
P 0x7f2a7c191628
P 0x7f2a7c486fa0
C 10
R
P 0x7f2a7c191628
C 342
R
P 0x7f2a7c191628
P 0x7f2a7c19c028
C 10
R
P 0x7f2a7c191628
C 342
R
P 0x7f2a7c191628
P 0x7f2a7c19bf88
C 10
R
P 0x7f2a7c191628
C 342
R
P 0x7f2a7c191628
P 0x7f2a7c19c028
C 10
R
P 0x7f2a7c191628
C 342
R
P 0x7f2a7c191628
P 0x7f2a7c19c2a8
C 10
R
P 0x7f2a7c191628
C 342
R
P 0x7f2a7c191628
P 0x7f2a7c19c1e8
C 10
R
P 0x7f2a7c191628
C 342
R
P 0x7f2a7c191628
P 0x7f2a7c19bc88
C 10
R
P 0x7f2a7c191628
C 342
R
P 0x7f2a7c191628
P 0x7f2a7c2cbfc8
C 10
R
P 0x7f2a7c191628
C 342
R
P 0x7f2a7c191628
P 0x7f2a7c19bd08
C 10
R
P 0x7f2a7c191628
C 342
R
P 0x7f2a7c191628
P 0x7f2a7c48bae8
C 10
R
P 0x7f2a7c191628
C 342
R
P 0x7f2a7c191628
P 0x7f2a7c487908
C 10
R
P 0x7f2a7c191628
C 342
R
P 0x7f2a7c191628
P 0x7f2a7c19c2a8
C 10
R
P 0x7f2a7c191628
C 342
R
P 0x7f2a7c191628
P 0x7f2a7c19bcc8
C 10
R
P 0x7f2a7c191628
C 342
R
P 0x7f2a7c191628
P 0x7f2a7c48ca58
C 10
R
P 0x7f2a7c191628
C 342
R
P 0x7f2a7c191628
P 0x7f2a7c479af0
C 10
R
P 0x7f2a7c191628
C 342
R
P 0x7f2a7c191628
P 0x7f2a7c19bc88
C 10
R
P 0x7f2a7c191628
C 342
R
P 0x7f2a7c191628
P 0x7f2a7c19fac8
C 10
R
P 0x7f2a7c191628
C 342
R
P 0x7f2a7c191628
P 0x7f2a7c488190
C 10
R
P 0x7f2a7c191628
C 342
R
P 0x7f2a7c191628
P 0x7f2a7c19ec38
C 10
R
P 0x7f2a7c191628
C 342
R
P 0x7f2a7c191628
P 0x7f2a7c488200
C 10
R
P 0x7f2a7c191628
C 342
R
P 0x7f2a7c191628
P 0x7f2a7c19f948
C 10
R
P 0x7f2a7c191628
C 342
R
P 0x7f2a7c191628
P 0x7f2a7c19c2a8
C 10
R
P 0x7f2a7c191628
C 342
R
P 0x7f2a7c191628
P 0x7f2a7c19bc88
C 10
R
P 0x7f2a7c191628
C 342
R
P 0x7f2a7c191628
P 0x7f2a7c19c1a8
C 10
R
P 0x7f2a7c191628
C 342
R
P 0x7f2a7c191628
P 0x7f2a7c487010
C 10
R
P 0x7f2a7c191628
C 342
R
P 0x7f2a7c191628
P 0x7f2a7c1a2e38
C 10
R
P 0x7f2a7c191628
C 342
R
P 0x7f2a7c191628
P 0x7f2a7c19f988
C 10
R
P 0x7f2a7c191628
C 342
R
P 0x7f2a7c191628
P 0x7f2a7c19eff8
C 10
R
P 0x7f2a7c191628
C 342
R
P 0x7f2a7c191628
P 0x7f2a7c19c1e8
C 10
R
P 0x7f2a7c191628
C 342
R
P 0x7f2a7c191628
P 0x7f2a7c19c1a8
C 10
R
P 0x7f2a7c191628
C 342
R
P 0x7f2a7c191628
P 0x7f2a7c19bcc8
C 10
R
P 0x7f2a7c191628
C 342
R
P 0x7f2a7c191628
P 0x7f2a7c19bfc8
C 10
R
P 0x7f2a7c191628
C 342
R
P 0x7f2a7c191628
P 0x7f2a7c19bf48
C 10
R
P 0x7f2a7c191628
C 342
R
P 0x7f2a7c191628
P 0x7f2a7c488078
C 10
R
P 0x7f2a7c191628
C 342
R
P 0x7f2a7c191628
P 0x7f2a7c478b68
C 10
R
P 0x7f2a7c191628
C 342
R
P 0x7f2a7c191628
P 0x7f2a7c1a1900
C 10
R
P 0x7f2a7c191628
C 342
R
P 0x7f2a7c191628
P 0x7f2a7c1a1778
C 10
R
P 0x7f2a7c191628
C 342
R
P 0x7f2a7c191628
P 0x7f2a7c19bfc8
C 10
R
P 0x7f2a7c191628
C 342
R
P 0x7f2a7c191628
P 0x7f2a7c19c2a8
C 10
R
P 0x7f2a7c191628
C 342
R
P 0x7f2a7c191628
P 0x7f2a7c19bc88
C 10
R
P 0x7f2a7c191628
C 342
R
P 0x7f2a7c191628
P 0x7f2a7c487978
C 10
R
P 0x7f2a7c191628
C 342
R
P 0x7f2a7c191628
P 0x7f2a7c19f888
C 10
R
P 0x7f2a7c191628
C 342
R
P 0x7f2a7c191628
P 0x7f2a7c1a17b0
C 10
R
P 0x7f2a7c191628
C 342
R
P 0x7f2a7c191628
P 0x7f2a7c48a6e0
C 10
R
P 0x7f2a7c191628
C 342
R
P 0x7f2a7c191628
P 0x7f2a7c487240
C 10
R
P 0x7f2a7c191628
C 342
R
P 0x7f2a7c191628
P 0x7f2a7c487400
C 10
R
P 0x7f2a7c191628
C 342
R
P 0x7f2a7c191628
P 0x7f2a7c19f888
C 10
R
P 0x7f2a7c191628
C 342
R
P 0x7f2a7c191628
P 0x7f2a7c489bf0
C 10
R
P 0x7f2a7c191628
C 342
R
P 0x7f2a7c191628
P 0x7f2a7c48c098
C 10
R
P 0x7f2a7c191628
C 342
R
P 0x7f2a7c191628
P 0x7f2a7c19c0a8
C 10
R
P 0x7f2a7c191628
C 342
R
P 0x7f2a7c191628
P 0x7f2a7c487208
C 10
R
P 0x7f2a7c191628
C 342
R
P 0x7f2a7c191628
P 0x7f2a7c2cce00
C 10
R
P 0x7f2a7c191628
C 342
R
P 0x7f2a7c191628
P 0x7f2a7c19c208
C 10
R
P 0x7f2a7c191628
C 342
R
P 0x7f2a7c191628
P 0x7f2a7c487470
C 10
R
P 0x7f2a7c191628
C 342
R
P 0x7f2a7c191628
P 0x7f2a7c1a1b30
C 10
R
P 0x7f2a7c191628
C 342
R
P 0x7f2a7c191628
P 0x7f2a7c19bf48
C 10
R
P 0x7f2a7c191628
C 342
R
P 0x7f2a7c191628
P 0x7f2a7c19bf88
C 10
R
P 0x7f2a7c191628
C 342
R
P 0x7f2a7c191628
P 0x7f2a7c19bc88
C 10
R
P 0x7f2a7c191628
C 342
R
P 0x7f2a7c191628
P 0x7f2a7c488158
C 10
R
P 0x7f2a7c191628
C 342
R
P 0x7f2a7c191628
P 0x7f2a7c1a2498
C 10
R
P 0x7f2a7c191628
C 342
R
P 0x7f2a7c191628
P 0x7f2a7c19bc88
C 10
R
P 0x7f2a7c191628
C 342
R
P 0x7f2a7c191628
P 0x7f2a7c19bc88
C 10
R
P 0x7f2a7c191628
C 342
R
P 0x7f2a7c191628
P 0x7f2a7c19c028
C 10
R
P 0x7f2a7c191628
C 342
R
P 0x7f2a7c191628
P 0x7f2a7c19bc88
C 10
R
P 0x7f2a7c191628
C 342
R
P 0x7f2a7c191628
P 0x7f2a7c487c18
C 10
R
P 0x7f2a7c191628
C 342
R
P 0x7f2a7c191628
P 0x7f2a7c48c418
C 10
R
P 0x7f2a7c191628
C 342
R
P 0x7f2a7c191628
P 0x7f2a7c19d9d8
C 10
R
P 0x7f2a7c191628
C 342
R
P 0x7f2a7c191628
P 0x7f2a7c19fa48
C 10
R
P 0x7f2a7c191628
C 342
R
P 0x7f2a7c191628
P 0x7f2a7c487048
C 10
R
P 0x7f2a7c191628
C 342
R
P 0x7f2a7c191628
P 0x7f2a7c19c268
C 10
R
P 0x7f2a7c191628
C 342
R
P 0x7f2a7c191628
P 0x7f2a7c19c168
C 10
R
P 0x7f2a7c191628
C 342
R
P 0x7f2a7c191628
P 0x7f2a7c1a1f58
C 10
R
P 0x7f2a7c191628
C 342
R
P 0x7f2a7c191628
P 0x7f2a7c19c148
C 10
R
P 0x7f2a7c191628
C 342
R
P 0x7f2a7c191628
P 0x7f2a7c473528
C 10
R
P 0x7f2a7c191628
C 342
R
P 0x7f2a7c191628
P 0x7f2a7c19fb08
C 10
R
P 0x7f2a7c191628
C 342
R
P 0x7f2a7c191628
P 0x7f2a7c1a18c8
C 10
R
P 0x7f2a7c191628
C 342
R
P 0x7f2a7c191628
P 0x7f2a7c1a1900
C 10
R
P 0x7f2a7c191628
C 342
R
P 0x7f2a7c191628
P 0x7f2a7c1a1778
C 10
R
P 0x7f2a7c191628
C 342
R
P 0x7f2a7c191628
P 0x7f2a7c487390
C 10
R
P 0x7f2a7c191628
C 342
R
P 0x7f2a7c191628
P 0x7f2a7c486fa0
C 10
R
P 0x7f2a7c191628
C 342
R
P 0x7f2a7c191628
P 0x7f2a7c19c2a8
C 10
R
P 0x7f2a7c191628
C 342
R
P 0x7f2a7c191628
P 0x7f2a7c19c088
C 10
R
P 0x7f2a7c191628
C 342
R
P 0x7f2a7c191628
P 0x7f2a7c489aa0
C 10
R
P 0x7f2a7c191628
C 342
R
P 0x7f2a7c191628
P 0x7f2a7c486f30
C 10
R
P 0x7f2a7c191628
C 342
R
P 0x7f2a7c191628
P 0x7f2a7c19bd08
C 10
R
P 0x7f2a7c191628
C 342
R
P 0x7f2a7c191628
P 0x7f2a7c48dcf0
C 10
R
P 0x7f2a7c191628
C 342
R
P 0x7f2a7c191628
P 0x7f2a7c488190
C 10
R
P 0x7f2a7c191628
C 342
R
P 0x7f2a7c191628
P 0x7f2a7c19bd08
C 10
R
P 0x7f2a7c191628
C 342
R
P 0x7f2a7c191628
P 0x7f2a7c487048
C 10
R
P 0x7f2a7c191628
C 342
R
P 0x7f2a7c191628
P 0x7f2a7c489020
C 10
R
P 0x7f2a7c191628
C 342
R
P 0x7f2a7c191628
P 0x7f2a7c19bc88
C 10
R
P 0x7f2a7c191628
C 342
R
P 0x7f2a7c191628
P 0x7f2a7c19c0a8
C 10
R
P 0x7f2a7c191628
C 342
R
P 0x7f2a7c191628
P 0x7f2a7c487da0
C 10
R
P 0x7f2a7c191628
C 342
R
P 0x7f2a7c191628
P 0x7f2a7c487470
C 10
R
P 0x7f2a7c191628
C 342
R
P 0x7f2a7c191628
P 0x7f2a7c19bc88
C 10
R
P 0x7f2a7c191628
C 342
R
P 0x7f2a7c191628
P 0x7f2a7c487908
C 10
R
P 0x7f2a7c191628
C 342
R
P 0x7f2a7c191628
P 0x7f2a7c19bfc8
C 10
R
P 0x7f2a7c191628
C 342
R
P 0x7f2a7c191628
P 0x7f2a7c19fa88
C 10
R
P 0x7f2a7c191628
C 342
R
P 0x7f2a7c191628
P 0x7f2a7c473798
C 10
R
P 0x7f2a7c191628
C 342
R
P 0x7f2a7c191628
P 0x7f2a7c19bc88
C 10
R
P 0x7f2a7c191628
C 342
R
P 0x7f2a7c191628
P 0x7f2a7c19fac8
C 10
R
P 0x7f2a7c191628
C 342
R
P 0x7f2a7c191628
P 0x7f2a7c19c228
C 10
R
P 0x7f2a7c191628
C 342
R
P 0x7f2a7c191628
P 0x7f2a7c19c1c8
C 10
R
P 0x7f2a7c191628
C 342
R
P 0x7f2a7c191628
P 0x7f2a7c19bfc8
C 10
R
P 0x7f2a7c191628
C 342
R
P 0x7f2a7c191628
P 0x7f2a7c48b490
C 10
R
P 0x7f2a7c191628
C 342
R
P 0x7f2a7c191628
P 0x7f2a7c487240
C 10
R
P 0x7f2a7c191628
C 342
R
P 0x7f2a7c191628
P 0x7f2a7c19bc88
C 10
R
P 0x7f2a7c191628
C 342
R
P 0x7f2a7c191628
P 0x7f2a7c19c2a8
C 10
R
P 0x7f2a7c191628
C 342
R
P 0x7f2a7c191628
P 0x7f2a7c48ddd0
C 10
R
P 0x7f2a7c191628
C 342
R
P 0x7f2a7c191628
P 0x7f2a7c19bfa8
C 10
R
P 0x7f2a7c191628
C 342
R
P 0x7f2a7c191628
P 0x7f2a7c487240
C 10
R
P 0x7f2a7c191628
C 342
R
P 0x7f2a7c191628
P 0x7f2a7c19f9c8
C 10
R
P 0x7f2a7c191628
C 342
R
P 0x7f2a7c191628
P 0x7f2a7c19c068
C 10
R
P 0x7f2a7c191628
C 342
R
P 0x7f2a7c191628
P 0x7f2a7c19bc88
C 10
R
P 0x7f2a7c191628
C 342
R
P 0x7f2a7c191628
P 0x7f2a7c489a30
C 10
R
P 0x7f2a7c191628
C 342
R
P 0x7f2a7c191628
P 0x7f2a7c477030
C 10
R
P 0x7f2a7c191628
C 342
R
P 0x7f2a7c191628
P 0x7f2a7c476770
C 10
R
P 0x7f2a7c191628
C 342
R
P 0x7f2a7c191628
P 0x7f2a7c1a1858
C 10
R
P 0x7f2a7c191628
C 342
R
P 0x7f2a7c191628
P 0x7f2a7c487208
C 10
R
P 0x7f2a7c191628
C 342
R
P 0x7f2a7c191628
P 0x7f2a7c487908
C 10
R
P 0x7f2a7c191628
C 342
R
P 0x7f2a7c191628
P 0x7f2a7c4766c8
C 10
R
P 0x7f2a7c191628
C 342
R
P 0x7f2a7c191628
P 0x7f2a7c19c0e8
C 10
R
P 0x7f2a7c191628
C 342
R
P 0x7f2a7c191628
P 0x7f2a7c487390
C 10
R
P 0x7f2a7c191628
C 342
R
P 0x7f2a7c191628
P 0x7f2a7c1a2cb0
C 10
R
P 0x7f2a7c191628
C 342
R
P 0x7f2a7c191628
P 0x7f2a7c4734c8
C 10
R
P 0x7f2a7c191628
C 342
R
P 0x7f2a7c191628
P 0x7f2a7c19c1e8
C 10
R
P 0x7f2a7c191628
C 342
R
P 0x7f2a7c191628
P 0x7f2a7c488190
C 10
R
P 0x7f2a7c191628
C 342
R
P 0x7f2a7c191628
P 0x7f2a7c19bcc8
C 10
R
P 0x7f2a7c191628
C 342
R
P 0x7f2a7c191628
P 0x7f2a7c19c168
C 10
R
P 0x7f2a7c191628
C 342
R
P 0x7f2a7c191628
P 0x7f2a7c19ee78
C 10
R
P 0x7f2a7c191628
C 342
R
P 0x7f2a7c191628
P 0x7f2a7c4752a8
C 10
R
P 0x7f2a7c191628
C 342
R
P 0x7f2a7c191628
P 0x7f2a7c19bc88
C 10
R
P 0x7f2a7c191628
C 342
R
P 0x7f2a7c191628
P 0x7f2a7c488158
C 10
R
P 0x7f2a7c191628
C 342
R
P 0x7f2a7c191628
P 0x7f2a7c487240
C 10
R
P 0x7f2a7c191628
C 342
R
P 0x7f2a7c191628
P 0x7f2a7c487010
C 10
R
P 0x7f2a7c191628
C 342
R
P 0x7f2a7c191628
P 0x7f2a7c4762a0
C 10
R
P 0x7f2a7c191628
C 342
R
P 0x7f2a7c191628
P 0x7f2a7c487048
C 10
R
P 0x7f2a7c191628
C 342
R
P 0x7f2a7c191628
P 0x7f2a7c19c148
C 10
R
P 0x7f2a7c191628
C 342
R
P 0x7f2a7c191628
P 0x7f2a7c487240
C 10
R
P 0x7f2a7c191628
C 342
R
P 0x7f2a7c191628
P 0x7f2a7c19bfc8
C 10
R
P 0x7f2a7c191628
C 342
R
P 0x7f2a7c191628
P 0x7f2a7c19f948
C 10
R
P 0x7f2a7c191628
C 342
R
P 0x7f2a7c191628
P 0x7f2a7c19bfc8
C 10
R
P 0x7f2a7c191628
C 342
R
P 0x7f2a7c191628
P 0x7f2a7c486fd8
C 10
R
P 0x7f2a7c191628
C 342
R
P 0x7f2a7c191628
P 0x7f2a7c488158
C 10
R
P 0x7f2a7c191628
C 342
R
P 0x7f2a7c191628
P 0x7f2a7c19bfe8
C 10
R
P 0x7f2a7c191628
C 342
R
P 0x7f2a7c191628
P 0x7f2a7c19bc88
C 10
R
P 0x7f2a7c191628
C 342
R
P 0x7f2a7c191628
P 0x7f2a7c19c108
C 10
R
P 0x7f2a7c191628
C 342
R
P 0x7f2a7c191628
P 0x7f2a7c19c0e8
C 10
R
P 0x7f2a7c191628
C 342
R
P 0x7f2a7c191628
P 0x7f2a7c473ac8
C 10
R
P 0x7f2a7c191628
C 342
R
P 0x7f2a7c191628
P 0x7f2a7c487908
C 10
R
P 0x7f2a7c191628
C 342
R
P 0x7f2a7c191628
P 0x7f2a7c1a1970
C 10
R
P 0x7f2a7c191628
C 342
R
P 0x7f2a7c191628
P 0x7f2a7c48a1d8
C 10
R
P 0x7f2a7c191628
C 342
R
P 0x7f2a7c191628
P 0x7f2a7c487908
C 10
R
P 0x7f2a7c191628
C 342
R
P 0x7f2a7c191628
P 0x7f2a7c19bcc8
C 10
R
P 0x7f2a7c191628
C 342
R
P 0x7f2a7c191628
P 0x7f2a7c487240
C 10
R
P 0x7f2a7c191628
C 342
R
P 0x7f2a7c191628
P 0x7f2a7c19c0e8
C 10
R
P 0x7f2a7c191628
C 342
R
P 0x7f2a7c191628
P 0x7f2a7c19ee78
C 10
R
P 0x7f2a7c191628
C 342
R
P 0x7f2a7c191628
P 0x7f2a7c1a1e08
C 10
R
P 0x7f2a7c191628
C 342
R
P 0x7f2a7c191628
P 0x7f2a7c19fb08
C 10
R
P 0x7f2a7c191628
C 342
R
P 0x7f2a7c191628
P 0x7f2a7c19fb08
C 10
R
P 0x7f2a7c191628
C 342
R
P 0x7f2a7c191628
P 0x7f2a7c19fac8
C 10
R
P 0x7f2a7c191628
C 342
R
P 0x7f2a7c191628
P 0x7f2a7c19bc88
C 10
R
P 0x7f2a7c191628
C 342
R
P 0x7f2a7c191628
P 0x7f2a7c4873c8
C 10
R
P 0x7f2a7c191628
C 342
R
P 0x7f2a7c191628
P 0x7f2a7c19c108
C 10
R
P 0x7f2a7c191628
C 342
R
P 0x7f2a7c191628
P 0x7f2a7c475e78
C 10
R
P 0x7f2a7c191628
C 342
R
P 0x7f2a7c191628
P 0x7f2a7c487390
C 10
R
P 0x7f2a7c191628
C 342
R
P 0x7f2a7c191628
P 0x7f2a7c4873c8
C 10
R
P 0x7f2a7c191628
C 342
R
P 0x7f2a7c191628
P 0x7f2a7c19c0e8
C 10
R
P 0x7f2a7c191628
C 342
R
P 0x7f2a7c191628
P 0x7f2a7c19c268
C 10
R
P 0x7f2a7c191628
C 342
R
P 0x7f2a7c191628
P 0x7f2a7c487128
C 10
R
P 0x7f2a7c191628
C 342
R
P 0x7f2a7c191628
P 0x7f2a7c488a00
C 10
R
P 0x7f2a7c191628
C 342
R
P 0x7f2a7c191628
P 0x7f2a7c1a2348
C 10
R
P 0x7f2a7c191628
C 342
R
P 0x7f2a7c191628
P 0x7f2a7c1a1eb0
C 10
R
P 0x7f2a7c191628
C 342
R
P 0x7f2a7c191628
P 0x7f2a7c19bcc8
C 10
R
P 0x7f2a7c191628
C 342
R
P 0x7f2a7c191628
P 0x7f2a7c19c268
C 10
R
P 0x7f2a7c191628
C 342
R
P 0x7f2a7c191628
P 0x7f2a7c19bc88
C 10
R
P 0x7f2a7c191628
C 342
R
P 0x7f2a7c191628
P 0x7f2a7c19c1a8
C 10
R
P 0x7f2a7c191628
C 342
R
P 0x7f2a7c191628
P 0x7f2a7c1a17b0
C 10
R
P 0x7f2a7c191628
C 342
R
P 0x7f2a7c191628
P 0x7f2a7c19bc88
C 10
R
P 0x7f2a7c191628
C 342
R
P 0x7f2a7c191628
P 0x7f2a7c19c268
C 10
R
P 0x7f2a7c191628
C 342
R
P 0x7f2a7c191628
P 0x7f2a7c489e20
C 10
R
P 0x7f2a7c191628
C 342
R
P 0x7f2a7c191628
P 0x7f2a7c19c2a8
C 10
R
P 0x7f2a7c191628
C 342
R
P 0x7f2a7c191628
P 0x7f2a7c19bc88
C 10
R
P 0x7f2a7c191628
C 342
R
P 0x7f2a7c191628
P 0x7f2a7c19bc88
C 10
R
P 0x7f2a7c191628
C 342
R
P 0x7f2a7c191628
P 0x7f2a7c19c128
C 10
R
P 0x7f2a7c191628
C 342
R
P 0x7f2a7c191628
P 0x7f2a7c19bc88
C 10
R
P 0x7f2a7c191628
C 342
R
P 0x7f2a7c191628
P 0x7f2a7c19bc88
C 10
R
P 0x7f2a7c191628
C 342
R
P 0x7f2a7c191628
P 0x7f2a7c486fa0
C 10
R
P 0x7f2a7c191628
C 342
R
P 0x7f2a7c191628
P 0x7f2a7c19bfe8
C 10
R
P 0x7f2a7c191628
C 342
R
P 0x7f2a7c191628
P 0x7f2a7c19bc88
C 10
R
P 0x7f2a7c191628
C 342
R
P 0x7f2a7c191628
P 0x7f2a7c487278
C 10
R
P 0x7f2a7c191628
C 342
R
P 0x7f2a7c191628
P 0x7f2a7c19bd08
C 10
R
P 0x7f2a7c191628
C 342
R
P 0x7f2a7c191628
P 0x7f2a7c19c028
C 10
R
P 0x7f2a7c191628
C 342
R
P 0x7f2a7c191628
P 0x7f2a7c19bf48
C 10
R
P 0x7f2a7c191628
C 342
R
P 0x7f2a7c191628
P 0x7f2a7c488990
C 10
R
P 0x7f2a7c191628
C 342
R
P 0x7f2a7c191628
P 0x7f2a7c19c0a8
C 10
R
P 0x7f2a7c191628
C 342
R
P 0x7f2a7c191628
P 0x7f2a7c4896b0
C 10
R
P 0x7f2a7c191628
C 342
R
P 0x7f2a7c191628
P 0x7f2a7c487208
C 10
R
P 0x7f2a7c191628
C 342
R
P 0x7f2a7c191628
P 0x7f2a7c19bf48
C 10
R
P 0x7f2a7c191628
C 342
R
P 0x7f2a7c191628
P 0x7f2a7c1a1820
C 10
R
P 0x7f2a7c191628
C 342
R
P 0x7f2a7c191628
P 0x7f2a7c19bc88
C 10
R
P 0x7f2a7c191628
C 342
R
P 0x7f2a7c191628
P 0x7f2a7c19c028
C 10
R
P 0x7f2a7c191628
C 342
R
P 0x7f2a7c191628
P 0x7f2a7c19bc88
C 10
R
P 0x7f2a7c191628
C 342
R
P 0x7f2a7c191628
P 0x7f2a7c19bfc8
C 10
R
P 0x7f2a7c191628
C 342
R
P 0x7f2a7c191628
P 0x7f2a7c487978
C 10
R
P 0x7f2a7c191628
C 342
R
P 0x7f2a7c191628
P 0x7f2a7c19bca8
C 10
R
P 0x7f2a7c191628
C 342
R
P 0x7f2a7c191628
P 0x7f2a7c19fa88
C 10
R
P 0x7f2a7c191628
C 342
R
P 0x7f2a7c191628
P 0x7f2a7c487470
C 10
R
P 0x7f2a7c191628
C 342
R
P 0x7f2a7c191628
P 0x7f2a7c487dd8
C 10
R
P 0x7f2a7c191628
C 342
R
P 0x7f2a7c191628
P 0x7f2a7c1a20a8
C 10
R
P 0x7f2a7c191628
C 342
R
P 0x7f2a7c191628
P 0x7f2a7c19bc88
C 10
R
P 0x7f2a7c191628
C 342
R
P 0x7f2a7c191628
P 0x7f2a7c48d900
C 10
R
P 0x7f2a7c191628
C 342
R
P 0x7f2a7c191628
P 0x7f2a7c4873c8
C 10
R
P 0x7f2a7c191628
C 342
R
P 0x7f2a7c191628
P 0x7f2a7c19bcc8
C 10
R
P 0x7f2a7c191628
C 342
R
P 0x7f2a7c191628
P 0x7f2a7c19e098
C 10
R
P 0x7f2a7c191628
C 342
R
P 0x7f2a7c191628
P 0x7f2a7c1a25e8
C 10
R
P 0x7f2a7c191628
C 342
R
P 0x7f2a7c191628
P 0x7f2a7c487908
C 10
R
P 0x7f2a7c191628
C 342
R
P 0x7f2a7c191628
P 0x7f2a7c1a1890
C 10
R
P 0x7f2a7c191628
C 342
R
P 0x7f2a7c191628
P 0x7f2a7c19c028
C 10
R
P 0x7f2a7c191628
C 342
R
P 0x7f2a7c191628
P 0x7f2a7c487240
C 10
R
P 0x7f2a7c191628
C 342
R
P 0x7f2a7c191628
P 0x7f2a7c487f98
C 10
R
P 0x7f2a7c191628
C 342
R
P 0x7f2a7c191628
P 0x7f2a7c487d68
C 10
R
P 0x7f2a7c191628
C 342
R
P 0x7f2a7c191628
P 0x7f2a7c479dc8
C 10
R
P 0x7f2a7c191628
C 342
R
P 0x7f2a7c191628
P 0x7f2a7c19bc88
C 10
R
P 0x7f2a7c191628
C 342
R
P 0x7f2a7c191628
P 0x7f2a7c19bc88
C 10
R
P 0x7f2a7c191628
C 342
R
P 0x7f2a7c191628
P 0x7f2a7c487208
C 10
R
P 0x7f2a7c191628
C 342
R
P 0x7f2a7c191628
P 0x7f2a7c19c2a8
C 10
R
P 0x7f2a7c191628
C 342
R
P 0x7f2a7c191628
P 0x7f2a7c48dc80
C 10
R
P 0x7f2a7c191628
C 342
R
P 0x7f2a7c191628
P 0x7f2a7c1a1e08
C 10
R
P 0x7f2a7c191628
C 342
R
P 0x7f2a7c191628
P 0x7f2a7c19bcc8
C 10
R
P 0x7f2a7c191628
C 342
R
P 0x7f2a7c191628
P 0x7f2a7c19bc88
C 10
R
P 0x7f2a7c191628
C 342
R
P 0x7f2a7c191628
P 0x7f2a7c19bc88
C 10
R
P 0x7f2a7c191628
C 342
R
P 0x7f2a7c191628
P 0x7f2a7c19bc88
C 10
R
P 0x7f2a7c191628
C 342
R
P 0x7f2a7c191628
P 0x7f2a7c4873c8
C 10
R
P 0x7f2a7c191628
C 342
R
P 0x7f2a7c191628
P 0x7f2a7c19c088
C 10
R
P 0x7f2a7c191628
C 342
R
P 0x7f2a7c191628
P 0x7f2a7c19c2a8
C 10
R
P 0x7f2a7c191628
C 342
R
P 0x7f2a7c191628
P 0x7f2a7c19e698
C 10
R
P 0x7f2a7c191628
C 342
R
P 0x7f2a7c191628
P 0x7f2a7c19e038
C 10
R
P 0x7f2a7c191628
C 342
R
P 0x7f2a7c191628
P 0x7f2a7c487be0
C 10
R
P 0x7f2a7c191628
C 342
R
P 0x7f2a7c191628
P 0x7f2a7c19d8e8
C 10
R
P 0x7f2a7c191628
C 342
R
P 0x7f2a7c191628
P 0x7f2a7c487978
C 10
R
P 0x7f2a7c191628
C 342
R
P 0x7f2a7c191628
P 0x7f2a7c1a1938
C 10
R
P 0x7f2a7c191628
C 342
R
P 0x7f2a7c191628
P 0x7f2a7c19c028
C 10
R
P 0x7f2a7c191628
C 342
R
P 0x7f2a7c191628
P 0x7f2a7c487390
C 10
R
P 0x7f2a7c191628
C 342
R
P 0x7f2a7c191628
P 0x7f2a7c478fc8
C 10
R
P 0x7f2a7c191628
C 342
R
P 0x7f2a7c191628
P 0x7f2a7c19bfc8
C 10
R
P 0x7f2a7c191628
C 342
R
P 0x7f2a7c191628
P 0x7f2a7c1a1778
C 10
R
P 0x7f2a7c191628
C 342
R
P 0x7f2a7c191628
P 0x7f2a7c19bc88
C 10
R
P 0x7f2a7c191628
C 342
R
P 0x7f2a7c191628
P 0x7f2a7c487908
C 10
R
P 0x7f2a7c191628
C 342
R
P 0x7f2a7c191628
P 0x7f2a7c4878d0
C 10
R
P 0x7f2a7c191628
C 342
R
P 0x7f2a7c191628
P 0x7f2a7c19bc88
C 10
R
P 0x7f2a7c191628
C 342
R
P 0x7f2a7c191628
P 0x7f2a7c4880e8
C 10
R
P 0x7f2a7c191628
C 342
R
P 0x7f2a7c191628
P 0x7f2a7c1a17e8
C 10
R
P 0x7f2a7c191628
C 342
R
P 0x7f2a7c191628
P 0x7f2a7c19c268
C 10
R
P 0x7f2a7c191628
C 342
R
P 0x7f2a7c191628
P 0x7f2a7c19bc88
C 10
R
P 0x7f2a7c191628
C 342
R
P 0x7f2a7c191628
P 0x7f2a7c19c048
C 10
R
P 0x7f2a7c191628
C 342
R
P 0x7f2a7c191628
P 0x7f2a7c1a17b0
C 10
R
P 0x7f2a7c191628
C 342
R
P 0x7f2a7c191628
P 0x7f2a7c2cb708
C 10
R
P 0x7f2a7c191628
C 342
R
P 0x7f2a7c191628
P 0x7f2a7c486fd8
C 10
R
P 0x7f2a7c191628
C 342
R
P 0x7f2a7c191628
P 0x7f2a7c48bc70
C 10
R
P 0x7f2a7c191628
C 342
R
P 0x7f2a7c191628
P 0x7f2a7c48b1f0
C 10
R
P 0x7f2a7c191628
C 342
R
P 0x7f2a7c191628
P 0x7f2a7c19bfc8
C 10
R
P 0x7f2a7c191628
C 342
R
P 0x7f2a7c191628
P 0x7f2a7c19c048
C 10
R
P 0x7f2a7c191628
C 342
R
P 0x7f2a7c191628
P 0x7f2a7c19bc88
C 10
R
P 0x7f2a7c191628
C 342
R
P 0x7f2a7c191628
P 0x7f2a7c487400
C 10
R
P 0x7f2a7c191628
C 342
R
P 0x7f2a7c191628
P 0x7f2a7c19c168
C 10
R
P 0x7f2a7c191628
C 342
R
P 0x7f2a7c191628
P 0x7f2a7c19f948
C 10
R
P 0x7f2a7c191628
C 342
R
P 0x7f2a7c191628
P 0x7f2a7c19c048
C 10
R
P 0x7f2a7c191628
C 342
R
P 0x7f2a7c191628
P 0x7f2a7c19f9c8
C 10
R
P 0x7f2a7c191628
C 342
R
P 0x7f2a7c191628
P 0x7f2a7c19fa48
C 10
R
P 0x7f2a7c191628
C 342
R
P 0x7f2a7c191628
P 0x7f2a7c19bc88
C 10
R
P 0x7f2a7c191628
C 342
R
P 0x7f2a7c191628
P 0x7f2a7c479268
C 10
R
P 0x7f2a7c191628
C 342
R
P 0x7f2a7c191628
P 0x7f2a7c487208
C 10
R
P 0x7f2a7c191628
C 342
R
P 0x7f2a7c191628
P 0x7f2a7c19c0c8
C 10
R
P 0x7f2a7c191628
C 342
R
P 0x7f2a7c191628
P 0x7f2a7c19c1a8
C 10
R
P 0x7f2a7c191628
C 342
R
P 0x7f2a7c191628
P 0x7f2a7c489fe0
C 10
R
P 0x7f2a7c191628
C 342
R
P 0x7f2a7c191628
P 0x7f2a7c487ba8
C 10
R
P 0x7f2a7c191628
C 342
R
P 0x7f2a7c191628
P 0x7f2a7c19bf88
C 10
R
P 0x7f2a7c191628
C 342
R
P 0x7f2a7c191628
P 0x7f2a7c486fa0
C 10
R
P 0x7f2a7c191628
C 342
R
P 0x7f2a7c191628
P 0x7f2a7c2cc460
C 10
R
P 0x7f2a7c191628
C 342
R
P 0x7f2a7c191628
P 0x7f2a7c1a2cb0
C 10
R
P 0x7f2a7c191628
C 342
R
P 0x7f2a7c191628
P 0x7f2a7c19bfc8
C 10
R
P 0x7f2a7c191628
C 342
R
P 0x7f2a7c191628
P 0x7f2a7c19bfc8
C 10
R
P 0x7f2a7c191628
C 342
R
P 0x7f2a7c191628
P 0x7f2a7c488190
C 10
R
P 0x7f2a7c191628
C 342
R
P 0x7f2a7c191628
P 0x7f2a7c487d68
C 10
R
P 0x7f2a7c191628
C 342
R
P 0x7f2a7c191628
P 0x7f2a7c487278
C 10
R
P 0x7f2a7c191628
C 342
R
P 0x7f2a7c191628
P 0x7f2a7c476578
C 10
R
P 0x7f2a7c191628
C 342
R
P 0x7f2a7c191628
P 0x7f2a7c19c028
C 10
R
P 0x7f2a7c191628
C 342
R
P 0x7f2a7c191628
P 0x7f2a7c19c1a8
C 10
R
P 0x7f2a7c191628
C 342
R
P 0x7f2a7c191628
P 0x7f2a7c19c268
C 10
R
P 0x7f2a7c191628
C 342
R
P 0x7f2a7c191628
P 0x7f2a7c486fd8
C 10
R
P 0x7f2a7c191628
C 342
R
P 0x7f2a7c191628
P 0x7f2a7c19f948
C 10
R
P 0x7f2a7c191628
C 342
R
P 0x7f2a7c191628
P 0x7f2a7c19c068
C 10
R
P 0x7f2a7c191628
C 342
R
P 0x7f2a7c191628
P 0x7f2a7c489ad8
C 10
R
P 0x7f2a7c191628
C 342
R
P 0x7f2a7c191628
P 0x7f2a7c1a17b0
C 10
R
P 0x7f2a7c191628
C 342
R
P 0x7f2a7c191628
P 0x7f2a7c488270
C 10
R
P 0x7f2a7c191628
C 342
R
P 0x7f2a7c191628
P 0x7f2a7c4872b0
C 10
R
P 0x7f2a7c191628
C 342
R
P 0x7f2a7c191628
P 0x7f2a7c19f948
C 10
R
P 0x7f2a7c191628
C 342
R
P 0x7f2a7c191628
P 0x7f2a7c1a1778
C 10
R
P 0x7f2a7c191628
C 342
R
P 0x7f2a7c191628
P 0x7f2a7c487278
C 10
R
P 0x7f2a7c191628
C 342
R
P 0x7f2a7c191628
P 0x7f2a7c1a17b0
C 10
R
P 0x7f2a7c191628
C 342
R
P 0x7f2a7c191628
P 0x7f2a7c486fd8
C 10
R
P 0x7f2a7c191628
C 342
R
P 0x7f2a7c191628
P 0x7f2a7c19bc88
C 10
R
P 0x7f2a7c191628
C 342
R
P 0x7f2a7c191628
P 0x7f2a7c487940
C 10
R
P 0x7f2a7c191628
C 342
R
P 0x7f2a7c191628
P 0x7f2a7c2cc038
C 10
R
P 0x7f2a7c191628
C 342
R
P 0x7f2a7c191628
P 0x7f2a7c48dd28
C 10
R
P 0x7f2a7c191628
C 342
R
P 0x7f2a7c191628
P 0x7f2a7c19c028
C 10
R
P 0x7f2a7c191628
C 342
R
P 0x7f2a7c191628
P 0x7f2a7c19bf48
C 10
R
P 0x7f2a7c191628
C 342
R
P 0x7f2a7c191628
P 0x7f2a7c19c0a8
C 10
R
P 0x7f2a7c191628
C 342
R
P 0x7f2a7c191628
P 0x7f2a7c19bf68
C 10
R
P 0x7f2a7c191628
C 342
R
P 0x7f2a7c191628
P 0x7f2a7c19c148
C 10
R
P 0x7f2a7c191628
C 342
R
P 0x7f2a7c191628
P 0x7f2a7c486fa0
C 10
R
P 0x7f2a7c191628
C 342
R
P 0x7f2a7c191628
P 0x7f2a7c19eed8
C 10
R
P 0x7f2a7c191628
C 342
R
P 0x7f2a7c191628
P 0x7f2a7c19bc88
C 10
R
P 0x7f2a7c191628
C 342
R
P 0x7f2a7c191628
P 0x7f2a7c19bfc8
C 10
R
P 0x7f2a7c191628
C 342
R
P 0x7f2a7c191628
P 0x7f2a7c475660
C 10
R
P 0x7f2a7c191628
C 342
R
P 0x7f2a7c191628
P 0x7f2a7c19c1a8
C 10
R
P 0x7f2a7c191628
C 342
R
P 0x7f2a7c191628
P 0x7f2a7c1a1890
C 10
R
P 0x7f2a7c191628
C 342
R
P 0x7f2a7c191628
P 0x7f2a7c19fb08
C 10
R
P 0x7f2a7c191628
C 342
R
P 0x7f2a7c191628
P 0x7f2a7c1a18c8
C 10
R
P 0x7f2a7c191628
C 342
R
P 0x7f2a7c191628
P 0x7f2a7c487940
C 10
R
P 0x7f2a7c191628
C 342
R
P 0x7f2a7c191628
P 0x7f2a7c487048
C 10
R
P 0x7f2a7c191628
C 342
R
P 0x7f2a7c191628
P 0x7f2a7c19c2a8
C 10
R
P 0x7f2a7c191628
C 342
R
P 0x7f2a7c191628
P 0x7f2a7c19bcc8
C 10
R
P 0x7f2a7c191628
C 342
R
P 0x7f2a7c191628
P 0x7f2a7c1a18c8
C 10
R
P 0x7f2a7c191628
C 342
R
P 0x7f2a7c191628
P 0x7f2a7c4872e8
C 10
R
P 0x7f2a7c191628
C 342
R
P 0x7f2a7c191628
P 0x7f2a7c19c1a8
C 10
R
P 0x7f2a7c191628
C 342
R
P 0x7f2a7c191628
P 0x7f2a7c487e80
C 10
R
P 0x7f2a7c191628
C 342
R
P 0x7f2a7c191628
P 0x7f2a7c19bfe8
C 10
R
P 0x7f2a7c191628
C 342
R
P 0x7f2a7c191628
P 0x7f2a7c4872b0
C 10
R
P 0x7f2a7c191628
C 342
R
P 0x7f2a7c191628
P 0x7f2a7c19bc88
C 10
R
P 0x7f2a7c191628
C 342
R
P 0x7f2a7c191628
P 0x7f2a7c19fa48
C 10
R
P 0x7f2a7c191628
C 342
R
P 0x7f2a7c191628
P 0x7f2a7c19bc88
C 10
R
P 0x7f2a7c191628
C 342
R
P 0x7f2a7c191628
P 0x7f2a7c487048
C 10
R
P 0x7f2a7c191628
C 342
R
P 0x7f2a7c191628
P 0x7f2a7c4792a0
C 10
R
P 0x7f2a7c191628
C 342
R
P 0x7f2a7c191628
P 0x7f2a7c19bfe8
C 10
R
P 0x7f2a7c191628
C 342
R
P 0x7f2a7c191628
P 0x7f2a7c19bc88
C 10
R
P 0x7f2a7c191628
C 342
R
P 0x7f2a7c191628
P 0x7f2a7c19bfe8
C 10
R
P 0x7f2a7c191628
C 342
R
P 0x7f2a7c191628
P 0x7f2a7c1a2038
C 10
R
P 0x7f2a7c191628
C 342
R
P 0x7f2a7c191628
P 0x7f2a7c19bf88
C 10
R
P 0x7f2a7c191628
C 342
R
P 0x7f2a7c191628
P 0x7f2a7c19c268
C 10
R
P 0x7f2a7c191628
C 342
R
P 0x7f2a7c191628
P 0x7f2a7c19c208
C 10
R
P 0x7f2a7c191628
C 342
R
P 0x7f2a7c191628
P 0x7f2a7c487240
C 10
R
P 0x7f2a7c191628
C 342
R
P 0x7f2a7c191628
P 0x7f2a7c19c048
C 10
R
P 0x7f2a7c191628
C 342
R
P 0x7f2a7c191628
P 0x7f2a7c19c0e8
C 10
R
P 0x7f2a7c191628
C 342
R
P 0x7f2a7c191628
P 0x7f2a7c19bf48
C 10
R
P 0x7f2a7c191628
C 342
R
P 0x7f2a7c191628
P 0x7f2a7c19f848
C 10
R
P 0x7f2a7c191628
C 342
R
P 0x7f2a7c191628
P 0x7f2a7c19bc88
C 10
R
P 0x7f2a7c191628
C 342
R
P 0x7f2a7c191628
P 0x7f2a7c19c2a8
C 10
R
P 0x7f2a7c191628
C 342
R
P 0x7f2a7c191628
P 0x7f2a7c19c048
C 10
R
P 0x7f2a7c191628
C 342
R
P 0x7f2a7c191628
P 0x7f2a7c19c2a8
C 10
R
P 0x7f2a7c191628
C 342
R
P 0x7f2a7c191628
P 0x7f2a7c19bc88
C 10
R
P 0x7f2a7c191628
C 342
R
P 0x7f2a7c191628
P 0x7f2a7c19c048
C 10
R
P 0x7f2a7c191628
C 342
R
P 0x7f2a7c191628
P 0x7f2a7c19c2a8
C 10
R
P 0x7f2a7c191628
C 342
R
P 0x7f2a7c191628
P 0x7f2a7c487fd0
C 10
R
P 0x7f2a7c191628
C 342
R
P 0x7f2a7c191628
P 0x7f2a7c1a18c8
C 10
R
P 0x7f2a7c191628
C 342
R
P 0x7f2a7c191628
P 0x7f2a7c19bf88
C 10
R
P 0x7f2a7c191628
C 342
R
P 0x7f2a7c191628
P 0x7f2a7c487b70
C 10
R
P 0x7f2a7c191628
C 342
R
P 0x7f2a7c191628
P 0x7f2a7c488078
C 10
R
P 0x7f2a7c191628
C 342
R
P 0x7f2a7c191628
P 0x7f2a7c19c028
C 10
R
P 0x7f2a7c191628
C 342
R
P 0x7f2a7c191628
P 0x7f2a7c475ac0
C 10
R
P 0x7f2a7c191628
C 342
R
P 0x7f2a7c191628
P 0x7f2a7c19f988
C 10
R
P 0x7f2a7c191628
C 342
R
P 0x7f2a7c191628
P 0x7f2a7c19bc88
C 10
R
P 0x7f2a7c191628
C 342
R
P 0x7f2a7c191628
P 0x7f2a7c19fac8
C 10
R
P 0x7f2a7c191628
C 342
R
P 0x7f2a7c191628
P 0x7f2a7c19bc88
C 10
R
P 0x7f2a7c191628
C 342
R
P 0x7f2a7c191628
P 0x7f2a7c19c188
C 10
R
P 0x7f2a7c191628
C 342
R
P 0x7f2a7c191628
P 0x7f2a7c19bfc8
C 10
R
P 0x7f2a7c191628
C 342
R
P 0x7f2a7c191628
P 0x7f2a7c19fac8
C 10
R
P 0x7f2a7c191628
C 342
R
P 0x7f2a7c191628
P 0x7f2a7c473288
C 10
R
P 0x7f2a7c191628
C 342
R
P 0x7f2a7c191628
P 0x7f2a7c487908
C 10
R
P 0x7f2a7c191628
C 342
R
P 0x7f2a7c191628
P 0x7f2a7c19c048
C 10
R
P 0x7f2a7c191628
C 342
R
P 0x7f2a7c191628
P 0x7f2a7c475b30
C 10
R
P 0x7f2a7c191628
C 342
R
P 0x7f2a7c191628
P 0x7f2a7c19bc88
C 10
R
P 0x7f2a7c191628
C 342
R
P 0x7f2a7c191628
P 0x7f2a7c19bc88
C 10
R
P 0x7f2a7c191628
C 342
R
P 0x7f2a7c191628
P 0x7f2a7c1a1cb8
C 10
R
P 0x7f2a7c191628
C 342
R
P 0x7f2a7c191628
P 0x7f2a7c475bd8
C 10
R
P 0x7f2a7c191628
C 342
R
P 0x7f2a7c191628
P 0x7f2a7c487080
C 10
R
P 0x7f2a7c191628
C 342
R
P 0x7f2a7c191628
P 0x7f2a7c1a20a8
C 10
R
P 0x7f2a7c191628
C 342
R
P 0x7f2a7c191628
P 0x7f2a7c19c188
C 10
R
P 0x7f2a7c191628
C 342
R
P 0x7f2a7c191628
P 0x7f2a7c19bc88
C 10
R
P 0x7f2a7c191628
C 342
R
P 0x7f2a7c191628
P 0x7f2a7c19c088
C 10
R
P 0x7f2a7c191628
C 342
R
P 0x7f2a7c191628
P 0x7f2a7c19c1a8
C 10
R
P 0x7f2a7c191628
C 342
R
P 0x7f2a7c191628
P 0x7f2a7c478708
C 10
R
P 0x7f2a7c191628
C 342
R
P 0x7f2a7c191628
P 0x7f2a7c19c148
C 10
R
P 0x7f2a7c191628
C 342
R
P 0x7f2a7c191628
P 0x7f2a7c1a17e8
C 10
R
P 0x7f2a7c191628
C 342
R
P 0x7f2a7c191628
P 0x7f2a7c19bc88
C 10
R
P 0x7f2a7c191628
C 342
R
P 0x7f2a7c191628
P 0x7f2a7c19c088
C 10
R
P 0x7f2a7c191628
C 342
R
P 0x7f2a7c191628
P 0x7f2a7c1a1778
C 10
R
P 0x7f2a7c191628
C 342
R
P 0x7f2a7c191628
P 0x7f2a7c19f988
C 10
R
P 0x7f2a7c191628
C 342
R
P 0x7f2a7c191628
P 0x7f2a7c4873c8
C 10
R
P 0x7f2a7c191628
C 342
R
P 0x7f2a7c191628
P 0x7f2a7c1a17b0
C 10
R
P 0x7f2a7c191628
C 342
R
P 0x7f2a7c191628
P 0x7f2a7c487908
C 10
R
P 0x7f2a7c191628
C 342
R
P 0x7f2a7c191628
P 0x7f2a7c1a1890
C 10
R
P 0x7f2a7c191628
C 342
R
P 0x7f2a7c191628
P 0x7f2a7c486fa0
C 10
R
P 0x7f2a7c191628
C 342
R
P 0x7f2a7c191628
P 0x7f2a7c1a1e08
C 10
R
P 0x7f2a7c191628
C 342
R
P 0x7f2a7c191628
P 0x7f2a7c4754d8
C 10
R
P 0x7f2a7c191628
C 342
R
P 0x7f2a7c191628
P 0x7f2a7c487978
C 10
R
P 0x7f2a7c191628
C 342
R
P 0x7f2a7c191628
P 0x7f2a7c19bfc8
C 10
R
P 0x7f2a7c191628
C 342
R
P 0x7f2a7c191628
P 0x7f2a7c19bc88
C 10
R
P 0x7f2a7c191628
C 342
R
P 0x7f2a7c191628
P 0x7f2a7c489528
C 10
R
P 0x7f2a7c191628
C 342
R
P 0x7f2a7c191628
P 0x7f2a7c19c268
C 10
R
P 0x7f2a7c191628
C 342
R
P 0x7f2a7c191628
P 0x7f2a7c19e518
C 10
R
P 0x7f2a7c191628
C 342
R
P 0x7f2a7c191628
P 0x7f2a7c19c0e8
C 10
R
P 0x7f2a7c191628
C 342
R
P 0x7f2a7c191628
P 0x7f2a7c487208
C 10
R
P 0x7f2a7c191628
C 342
R
P 0x7f2a7c191628
P 0x7f2a7c19c108
C 10
R
P 0x7f2a7c191628
C 342
R
P 0x7f2a7c191628
P 0x7f2a7c487550
C 10
R
P 0x7f2a7c191628
C 342
R
P 0x7f2a7c191628
P 0x7f2a7c487208
C 10
R
P 0x7f2a7c191628
C 342
R
P 0x7f2a7c191628
P 0x7f2a7c1a1ee8
C 10
R
P 0x7f2a7c191628
C 342
R
P 0x7f2a7c191628
P 0x7f2a7c4872b0
C 10
R
P 0x7f2a7c191628
C 342
R
P 0x7f2a7c191628
P 0x7f2a7c19bc88
C 10
R
P 0x7f2a7c191628
C 342
R
P 0x7f2a7c191628
P 0x7f2a7c1a1890
C 10
R
P 0x7f2a7c191628
C 342
R
P 0x7f2a7c191628
P 0x7f2a7c4768f8
C 10
R
P 0x7f2a7c191628
C 342
R
P 0x7f2a7c191628
P 0x7f2a7c4873c8
C 10
R
P 0x7f2a7c191628
C 342
R
P 0x7f2a7c191628
P 0x7f2a7c48bd88
C 10
R
P 0x7f2a7c191628
C 342
R
P 0x7f2a7c191628
P 0x7f2a7c487390
C 10
R
P 0x7f2a7c191628
C 342
R
P 0x7f2a7c191628
P 0x7f2a7c1a1890
C 10
R
P 0x7f2a7c191628
C 342
R
P 0x7f2a7c191628
P 0x7f2a7c19c008
C 10
R
P 0x7f2a7c191628
C 342
R
P 0x7f2a7c191628
P 0x7f2a7c19c148
C 10
R
P 0x7f2a7c191628
C 342
R
P 0x7f2a7c191628
P 0x7f2a7c19bfc8
C 10
R
P 0x7f2a7c191628
C 342
R
P 0x7f2a7c191628
P 0x7f2a7c487dd8
C 10
R
P 0x7f2a7c191628
C 342
R
P 0x7f2a7c191628
P 0x7f2a7c48b6f8
C 10
R
P 0x7f2a7c191628
C 342
R
P 0x7f2a7c191628
P 0x7f2a7c1a1970
C 10
R
P 0x7f2a7c191628
C 342
R
P 0x7f2a7c191628
P 0x7f2a7c487f60
C 10
R
P 0x7f2a7c191628
C 342
R
P 0x7f2a7c191628
P 0x7f2a7c48d9e0
C 10
R
P 0x7f2a7c191628
C 342
R
P 0x7f2a7c191628
P 0x7f2a7c19bcc8
C 10
R
P 0x7f2a7c191628
C 342
R
P 0x7f2a7c191628
P 0x7f2a7c487ba8
C 10
R
P 0x7f2a7c191628
C 342
R
P 0x7f2a7c191628
P 0x7f2a7c19c1a8
C 10
R
P 0x7f2a7c191628
C 342
R
P 0x7f2a7c191628
P 0x7f2a7c19bf48
C 10
R
P 0x7f2a7c191628
C 342
R
P 0x7f2a7c191628
P 0x7f2a7c487080
C 10
R
P 0x7f2a7c191628
C 342
R
P 0x7f2a7c191628
P 0x7f2a7c4760e0
C 10
R
P 0x7f2a7c191628
C 342
R
P 0x7f2a7c191628
P 0x7f2a7c19bfc8
C 10
R
P 0x7f2a7c191628
C 342
R
P 0x7f2a7c191628
P 0x7f2a7c488190
C 10
R
P 0x7f2a7c191628
C 342
R
P 0x7f2a7c191628
P 0x7f2a7c4873c8
C 10
R
P 0x7f2a7c191628
C 342
R
P 0x7f2a7c191628
P 0x7f2a7c19c0e8
C 10
R
P 0x7f2a7c191628
C 342
R
P 0x7f2a7c191628
P 0x7f2a7c19f0e8
C 10
R
P 0x7f2a7c191628
C 342
R
P 0x7f2a7c191628
P 0x7f2a7c486fa0
C 10
R
P 0x7f2a7c191628
C 342
R
P 0x7f2a7c191628
P 0x7f2a7c487048
C 10
R
P 0x7f2a7c191628
C 342
R
P 0x7f2a7c191628
P 0x7f2a7c19bfc8
C 10
R
P 0x7f2a7c191628
C 342
R
P 0x7f2a7c191628
P 0x7f2a7c19bfc8
C 10
R
P 0x7f2a7c191628
C 342
R
P 0x7f2a7c191628
P 0x7f2a7c488190
C 10
R
P 0x7f2a7c191628
C 342
R
P 0x7f2a7c191628
P 0x7f2a7c19c0e8
C 10
R
P 0x7f2a7c191628
C 342
R
P 0x7f2a7c191628
P 0x7f2a7c4883f8
C 10
R
P 0x7f2a7c191628
C 342
R
P 0x7f2a7c191628
P 0x7f2a7c19bc88
C 10
R
P 0x7f2a7c191628
C 342
R
P 0x7f2a7c191628
P 0x7f2a7c19bc88
C 10
R
P 0x7f2a7c191628
C 342
R
P 0x7f2a7c191628
P 0x7f2a7c487f98
C 10
R
P 0x7f2a7c191628
C 342
R
P 0x7f2a7c191628
P 0x7f2a7c19c088
C 10
R
P 0x7f2a7c191628
C 342
R
P 0x7f2a7c191628
P 0x7f2a7c19bc88
C 10
R
P 0x7f2a7c191628
C 342
R
P 0x7f2a7c191628
P 0x7f2a7c487be0
C 10
R
P 0x7f2a7c191628
C 342
R
P 0x7f2a7c191628
P 0x7f2a7c19c0a8
C 10
R
P 0x7f2a7c191628
C 342
R
P 0x7f2a7c191628
P 0x7f2a7c4868a0
C 10
R
P 0x7f2a7c191628
C 342
R
P 0x7f2a7c191628
P 0x7f2a7c1a1cb8
C 10
R
P 0x7f2a7c191628
C 342
R
P 0x7f2a7c191628
P 0x7f2a7c19c148
C 10
R
P 0x7f2a7c191628
C 342
R
P 0x7f2a7c191628
P 0x7f2a7c1a25e8
C 10
R
P 0x7f2a7c191628
C 342
R
P 0x7f2a7c191628
P 0x7f2a7c2cc2d8
C 10
R
P 0x7f2a7c191628
C 342
R
P 0x7f2a7c191628
P 0x7f2a7c487978
C 10
R
P 0x7f2a7c191628
C 342
R
P 0x7f2a7c191628
P 0x7f2a7c487048
C 10
R
P 0x7f2a7c191628
C 342
R
P 0x7f2a7c191628
P 0x7f2a7c1a1e08
C 10
R
P 0x7f2a7c191628
C 342
R
P 0x7f2a7c191628
P 0x7f2a7c19bcc8
C 10
R
P 0x7f2a7c191628
C 342
R
P 0x7f2a7c191628
P 0x7f2a7c19c068
C 10
R
P 0x7f2a7c191628
C 342
R
P 0x7f2a7c191628
P 0x7f2a7c19c288
C 10
R
P 0x7f2a7c191628
C 342
R
P 0x7f2a7c191628
P 0x7f2a7c19c268
C 10
R
P 0x7f2a7c191628
C 342
R
P 0x7f2a7c191628
P 0x7f2a7c487978
C 10
R
P 0x7f2a7c191628
C 342
R
P 0x7f2a7c191628
P 0x7f2a7c487010
C 10
R
P 0x7f2a7c191628
C 342
R
P 0x7f2a7c191628
P 0x7f2a7c487208
C 10
R
P 0x7f2a7c191628
C 342
R
P 0x7f2a7c191628
P 0x7f2a7c19c2a8
C 10
R
P 0x7f2a7c191628
C 342
R
P 0x7f2a7c191628
P 0x7f2a7c487c88
C 10
R
P 0x7f2a7c191628
C 342
R
P 0x7f2a7c191628
P 0x7f2a7c19fa88
C 10
R
P 0x7f2a7c191628
C 342
R
P 0x7f2a7c191628
P 0x7f2a7c48b110
C 10
R
P 0x7f2a7c191628
C 342
R
P 0x7f2a7c191628
P 0x7f2a7c1a18c8
C 10
R
P 0x7f2a7c191628
C 342
R
P 0x7f2a7c191628
P 0x7f2a7c487f98
C 10
R
P 0x7f2a7c191628
C 342
R
P 0x7f2a7c191628
P 0x7f2a7c19c1e8
C 10
R
P 0x7f2a7c191628
C 342
R
P 0x7f2a7c191628
P 0x7f2a7c19c2a8
C 10
R
P 0x7f2a7c191628
C 342
R
P 0x7f2a7c191628
P 0x7f2a7c19c188
C 10
R
P 0x7f2a7c191628
C 342
R
P 0x7f2a7c191628
P 0x7f2a7c19c088
C 10
R
P 0x7f2a7c191628
C 342
R
P 0x7f2a7c191628
P 0x7f2a7c488008
C 10
R
P 0x7f2a7c191628
C 342
R
P 0x7f2a7c191628
P 0x7f2a7c19bfc8
C 10
R
P 0x7f2a7c191628
C 342
R
P 0x7f2a7c191628
P 0x7f2a7c19fa88
C 10
R
P 0x7f2a7c191628
C 342
R
P 0x7f2a7c191628
P 0x7f2a7c2ccf88
C 10
R
P 0x7f2a7c191628
C 342
R
P 0x7f2a7c191628
P 0x7f2a7c1a0288
C 10
R
P 0x7f2a7c191628
C 342
R
P 0x7f2a7c191628
P 0x7f2a7c19c028
C 10
R
P 0x7f2a7c191628
C 342
R
P 0x7f2a7c191628
P 0x7f2a7c4873c8
C 10
R
P 0x7f2a7c191628
C 342
R
P 0x7f2a7c191628
P 0x7f2a7c19c108
C 10
R
P 0x7f2a7c191628
C 342
R
P 0x7f2a7c191628
P 0x7f2a7c1a2498
C 10
R
P 0x7f2a7c191628
C 342
R
P 0x7f2a7c191628
P 0x7f2a7c19bf68
C 10
R
P 0x7f2a7c191628
C 342
R
P 0x7f2a7c191628
P 0x7f2a7c19bc88
C 10
R
P 0x7f2a7c191628
C 342
R
P 0x7f2a7c191628
P 0x7f2a7c4873c8
C 10
R
P 0x7f2a7c191628
C 342
R
P 0x7f2a7c191628
P 0x7f2a7c19c008
C 10
R
P 0x7f2a7c191628
C 342
R
P 0x7f2a7c191628
P 0x7f2a7c19bc88
C 10
R
P 0x7f2a7c191628
C 342
R
P 0x7f2a7c191628
P 0x7f2a7c476e70
C 10
R
P 0x7f2a7c191628
C 342
R
P 0x7f2a7c191628
P 0x7f2a7c487860
C 10
R
P 0x7f2a7c191628
C 342
R
P 0x7f2a7c191628
P 0x7f2a7c487208
C 10
R
P 0x7f2a7c191628
C 342
R
P 0x7f2a7c191628
P 0x7f2a7c19bc88
C 10
R
P 0x7f2a7c191628
C 342
R
P 0x7f2a7c191628
P 0x7f2a7c19c028
C 10
R
P 0x7f2a7c191628
C 342
R
P 0x7f2a7c191628
P 0x7f2a7c487208
C 10
R
P 0x7f2a7c191628
C 342
R
P 0x7f2a7c191628
P 0x7f2a7c19c2a8
C 10
R
P 0x7f2a7c191628
C 342
R
P 0x7f2a7c191628
P 0x7f2a7c479578
C 10
R
P 0x7f2a7c191628
C 342
R
P 0x7f2a7c191628
P 0x7f2a7c19bc88
C 10
R
P 0x7f2a7c191628
C 342
R
P 0x7f2a7c191628
P 0x7f2a7c19bc88
C 10
R
P 0x7f2a7c191628
C 342
R
P 0x7f2a7c191628
P 0x7f2a7c486fd8
C 10
R
P 0x7f2a7c191628
C 342
R
P 0x7f2a7c191628
P 0x7f2a7c2cbc48
C 10
R
P 0x7f2a7c191628
C 342
R
P 0x7f2a7c191628
P 0x7f2a7c487470
C 10
R
P 0x7f2a7c191628
C 342
R
P 0x7f2a7c191628
P 0x7f2a7c19c168
C 10
R
P 0x7f2a7c191628
C 342
R
P 0x7f2a7c191628
P 0x7f2a7c19f948
C 10
R
P 0x7f2a7c191628
C 342
R
P 0x7f2a7c191628
P 0x7f2a7c19c1c8
C 10
R
P 0x7f2a7c191628
C 342
R
P 0x7f2a7c191628
P 0x7f2a7c19c2a8
C 10
R
P 0x7f2a7c191628
C 342
R
P 0x7f2a7c191628
P 0x7f2a7c487f98
C 10
R
P 0x7f2a7c191628
C 342
R
P 0x7f2a7c191628
P 0x7f2a7c487438
C 10
R
P 0x7f2a7c191628
C 342
R
P 0x7f2a7c191628
P 0x7f2a7c19bc88
C 10
R
P 0x7f2a7c191628
C 342
R
P 0x7f2a7c191628
P 0x7f2a7c19bc88
C 10
R
P 0x7f2a7c191628
C 342
R
P 0x7f2a7c191628
P 0x7f2a7c1a31f0
C 10
R
P 0x7f2a7c191628
C 342
R
P 0x7f2a7c191628
P 0x7f2a7c19bcc8
C 10
R
P 0x7f2a7c191628
C 342
R
P 0x7f2a7c191628
P 0x7f2a7c19c1c8
C 10
R
P 0x7f2a7c191628
C 342
R
P 0x7f2a7c191628
P 0x7f2a7c1a17e8
C 10
R
P 0x7f2a7c191628
C 342
R
P 0x7f2a7c191628
P 0x7f2a7c19bcc8
C 10
R
P 0x7f2a7c191628
C 342
R
P 0x7f2a7c191628
P 0x7f2a7c19bf68
C 10
R
P 0x7f2a7c191628
C 342
R
P 0x7f2a7c191628
P 0x7f2a7c19c168
C 10
R
P 0x7f2a7c191628
C 342
R
P 0x7f2a7c191628
P 0x7f2a7c475628
C 10
R
P 0x7f2a7c191628
C 342
R
P 0x7f2a7c191628
P 0x7f2a7c19bcc8
C 10
R
P 0x7f2a7c191628
C 342
R
P 0x7f2a7c191628
P 0x7f2a7c19c148
C 10
R
P 0x7f2a7c191628
C 342
R
P 0x7f2a7c191628
P 0x7f2a7c479188
C 10
R
P 0x7f2a7c191628
C 342
R
P 0x7f2a7c191628
P 0x7f2a7c19bc88
C 10
R
P 0x7f2a7c191628
C 342
R
P 0x7f2a7c191628
P 0x7f2a7c19c028
C 10
R
P 0x7f2a7c191628
C 342
R
P 0x7f2a7c191628
P 0x7f2a7c19bcc8
C 10
R
P 0x7f2a7c191628
C 342
R
P 0x7f2a7c191628
P 0x7f2a7c19bc88
C 10
R
P 0x7f2a7c191628
C 342
R
P 0x7f2a7c191628
P 0x7f2a7c19bc88
C 10
R
P 0x7f2a7c191628
C 342
R
P 0x7f2a7c191628
P 0x7f2a7c487b00
C 10
R
P 0x7f2a7c191628
C 342
R
P 0x7f2a7c191628
P 0x7f2a7c19c028
C 10
R
P 0x7f2a7c191628
C 342
R
P 0x7f2a7c191628
P 0x7f2a7c487240
C 10
R
P 0x7f2a7c191628
C 342
R
P 0x7f2a7c191628
P 0x7f2a7c1a17e8
C 10
R
P 0x7f2a7c191628
C 342
R
P 0x7f2a7c191628
P 0x7f2a7c19bc88
C 10
R
P 0x7f2a7c191628
C 342
R
P 0x7f2a7c191628
P 0x7f2a7c19bce8
C 10
R
P 0x7f2a7c191628
C 342
R
P 0x7f2a7c191628
P 0x7f2a7c19c0a8
C 10
R
P 0x7f2a7c191628
C 342
R
P 0x7f2a7c191628
P 0x7f2a7c19c268
C 10
R
P 0x7f2a7c191628
C 342
R
P 0x7f2a7c191628
P 0x7f2a7c488190
C 10
R
P 0x7f2a7c191628
C 342
R
P 0x7f2a7c191628
P 0x7f2a7c487f60
C 10
R
P 0x7f2a7c191628
C 342
R
P 0x7f2a7c191628
P 0x7f2a7c479d20
C 10
R
P 0x7f2a7c191628
C 342
R
P 0x7f2a7c191628
P 0x7f2a7c19bc88
C 10
R
P 0x7f2a7c191628
C 342
R
P 0x7f2a7c191628
P 0x7f2a7c486fd8
C 10
R
P 0x7f2a7c191628
C 342
R
P 0x7f2a7c191628
P 0x7f2a7c19f948
C 10
R
P 0x7f2a7c191628
C 342
R
P 0x7f2a7c191628
P 0x7f2a7c1a1890
C 10
R
P 0x7f2a7c191628
C 342
R
P 0x7f2a7c191628
P 0x7f2a7c19bc88
C 10
R
P 0x7f2a7c191628
C 342
R
P 0x7f2a7c191628
P 0x7f2a7c19bf48
C 10
R
P 0x7f2a7c191628
C 342
R
P 0x7f2a7c191628
P 0x7f2a7c19bfe8
C 10
R
P 0x7f2a7c191628
C 342
R
P 0x7f2a7c191628
P 0x7f2a7c479770
C 10
R
P 0x7f2a7c191628
C 342
R
P 0x7f2a7c191628
P 0x7f2a7c19bfc8
C 10
R
P 0x7f2a7c191628
C 342
R
P 0x7f2a7c191628
P 0x7f2a7c19c0e8
C 10
R
P 0x7f2a7c191628
C 342
R
P 0x7f2a7c191628
P 0x7f2a7c487400
C 10
R
P 0x7f2a7c191628
C 342
R
P 0x7f2a7c191628
P 0x7f2a7c48cc50
C 10
R
P 0x7f2a7c191628
C 342
R
P 0x7f2a7c191628
P 0x7f2a7c48c530
C 10
R
P 0x7f2a7c191628
C 342
R
P 0x7f2a7c191628
P 0x7f2a7c19bfe8
C 10
R
P 0x7f2a7c191628
C 342
R
P 0x7f2a7c191628
P 0x7f2a7c19fac8
C 10
R
P 0x7f2a7c191628
C 342
R
P 0x7f2a7c191628
P 0x7f2a7c19c028
C 10
R
P 0x7f2a7c191628
C 342
R
P 0x7f2a7c191628
P 0x7f2a7c19c1c8
C 10
R
P 0x7f2a7c191628
C 342
R
P 0x7f2a7c191628
P 0x7f2a7c48cc18
C 10
R
P 0x7f2a7c191628
C 342
R
P 0x7f2a7c191628
P 0x7f2a7c1a17b0
C 10
R
P 0x7f2a7c191628
C 342
R
P 0x7f2a7c191628
P 0x7f2a7c487e80
C 10
R
P 0x7f2a7c191628
C 342
R
P 0x7f2a7c191628
P 0x7f2a7c19c148
C 10
R
P 0x7f2a7c191628
C 342
R
P 0x7f2a7c191628
P 0x7f2a7c19bfc8
C 10
R
P 0x7f2a7c191628
C 342
R
P 0x7f2a7c191628
P 0x7f2a7c19c028
C 10
R
P 0x7f2a7c191628
C 342
R
P 0x7f2a7c191628
P 0x7f2a7c487e80
C 10
R
P 0x7f2a7c191628
C 342
R
P 0x7f2a7c191628
P 0x7f2a7c19bc88
C 10
R
P 0x7f2a7c191628
C 342
R
P 0x7f2a7c191628
P 0x7f2a7c1a17b0
C 10
R
P 0x7f2a7c191628
C 342
R
P 0x7f2a7c191628
P 0x7f2a7c19c028
C 10
R
P 0x7f2a7c191628
C 342
R
P 0x7f2a7c191628
P 0x7f2a7c19c048
C 10
R
P 0x7f2a7c191628
C 342
R
P 0x7f2a7c191628
P 0x7f2a7c19c2a8
C 10
R
P 0x7f2a7c191628
C 342
R
P 0x7f2a7c191628
P 0x7f2a7c19c188
C 10
R
P 0x7f2a7c191628
C 342
R
P 0x7f2a7c191628
P 0x7f2a7c19c1a8
C 10
R
P 0x7f2a7c191628
C 342
R
P 0x7f2a7c191628
P 0x7f2a7c19bc88
C 10
R
P 0x7f2a7c191628
C 342
R
P 0x7f2a7c191628
P 0x7f2a7c19bb68
C 10
R
P 0x7f2a7c191628
C 342
R
P 0x7f2a7c191628
P 0x7f2a7c487978
C 10
R
P 0x7f2a7c191628
C 342
R
P 0x7f2a7c191628
P 0x7f2a7c1a2770
C 10
R
P 0x7f2a7c191628
C 342
R
P 0x7f2a7c191628
P 0x7f2a7c487b70
C 10
R
P 0x7f2a7c191628
C 342
R
P 0x7f2a7c191628
P 0x7f2a7c488270
C 10
R
P 0x7f2a7c191628
C 342
R
P 0x7f2a7c191628
P 0x7f2a7c19bc88
C 10
R
P 0x7f2a7c191628
C 342
R
P 0x7f2a7c191628
P 0x7f2a7c48ace8
C 10
R
P 0x7f2a7c191628
C 342
R
P 0x7f2a7c191628
P 0x7f2a7c1a1778
C 10
R
P 0x7f2a7c191628
C 342
R
P 0x7f2a7c191628
P 0x7f2a7c19df48
C 10
R
P 0x7f2a7c191628
C 342
R
P 0x7f2a7c191628
P 0x7f2a7c19c208
C 10
R
P 0x7f2a7c191628
C 342
R
P 0x7f2a7c191628
P 0x7f2a7c19bcc8
C 10
R
P 0x7f2a7c191628
C 342
R
P 0x7f2a7c191628
P 0x7f2a7c2cbd60
C 10
R
P 0x7f2a7c191628
C 342
R
P 0x7f2a7c191628
P 0x7f2a7c19bc88
C 10
R
P 0x7f2a7c191628
C 342
R
P 0x7f2a7c191628
P 0x7f2a7c487b70
C 10
R
P 0x7f2a7c191628
C 342
R
P 0x7f2a7c191628
P 0x7f2a7c487d68
C 10
R
P 0x7f2a7c191628
C 342
R
P 0x7f2a7c191628
P 0x7f2a7c4872e8
C 10
R
P 0x7f2a7c191628
C 342
R
P 0x7f2a7c191628
P 0x7f2a7c19bc88
C 10
R
P 0x7f2a7c191628
C 342
R
P 0x7f2a7c191628
P 0x7f2a7c19d798
C 10
R
P 0x7f2a7c191628
C 342
R
P 0x7f2a7c191628
P 0x7f2a7c19bce8
C 10
R
P 0x7f2a7c191628
C 342
R
P 0x7f2a7c191628
P 0x7f2a7c19fac8
C 10
R
P 0x7f2a7c191628
C 342
R
P 0x7f2a7c191628
P 0x7f2a7c19c0e8
C 10
R
P 0x7f2a7c191628
C 342
R
P 0x7f2a7c191628
P 0x7f2a7c19bf68
C 10
R
P 0x7f2a7c191628
C 342
R
P 0x7f2a7c191628
P 0x7f2a7c19edb8
C 10
R
P 0x7f2a7c191628
C 342
R
P 0x7f2a7c191628
P 0x7f2a7c48ba08
C 10
R
P 0x7f2a7c191628
C 342
R
P 0x7f2a7c191628
P 0x7f2a7c19c1a8
C 10
R
P 0x7f2a7c191628
C 342
R
P 0x7f2a7c191628
P 0x7f2a7c19fac8
C 10
R
P 0x7f2a7c191628
C 342
R
P 0x7f2a7c191628
P 0x7f2a7c487208
C 10
R
P 0x7f2a7c191628
C 342
R
P 0x7f2a7c191628
P 0x7f2a7c48b848
C 10
R
P 0x7f2a7c191628
C 342
R
P 0x7f2a7c191628
P 0x7f2a7c19c028
C 10
R
P 0x7f2a7c191628
C 342
R
P 0x7f2a7c191628
P 0x7f2a7c19bc88
C 10
R
P 0x7f2a7c191628
C 342
R
P 0x7f2a7c191628
P 0x7f2a7c4760a8
C 10
R
P 0x7f2a7c191628
C 342
R
P 0x7f2a7c191628
P 0x7f2a7c487470
C 10
R
P 0x7f2a7c191628
C 342
R
P 0x7f2a7c191628
P 0x7f2a7c4873c8
C 10
R
P 0x7f2a7c191628
C 342
R
P 0x7f2a7c191628
P 0x7f2a7c19c0e8
C 10
R
P 0x7f2a7c191628
C 342
R
P 0x7f2a7c191628
P 0x7f2a7c19bca8
C 10
R
P 0x7f2a7c191628
C 342
R
P 0x7f2a7c191628
P 0x7f2a7c19fa08
C 10
R
P 0x7f2a7c191628
C 342
R
P 0x7f2a7c191628
P 0x7f2a7c1a2498
C 10
R
P 0x7f2a7c191628
C 342
R
P 0x7f2a7c191628
P 0x7f2a7c2ccf88
C 10
R
P 0x7f2a7c191628
C 342
R
P 0x7f2a7c191628
P 0x7f2a7c1a2ff8
C 10
R
P 0x7f2a7c191628
C 342
R
P 0x7f2a7c191628
P 0x7f2a7c2cb5f0
C 10
R
P 0x7f2a7c191628
C 342
R
P 0x7f2a7c191628
P 0x7f2a7c488078
C 10
R
P 0x7f2a7c191628
C 342
R
P 0x7f2a7c191628
P 0x7f2a7c487908
C 10
R
P 0x7f2a7c191628
C 342
R
P 0x7f2a7c191628
P 0x7f2a7c48cb00
C 10
R
P 0x7f2a7c191628
C 342
R
P 0x7f2a7c191628
P 0x7f2a7c19c2a8
C 10
R
P 0x7f2a7c191628
C 342
R
P 0x7f2a7c191628
P 0x7f2a7c487c88
C 10
R
P 0x7f2a7c191628
C 342
R
P 0x7f2a7c191628
P 0x7f2a7c48d9a8
C 10
R
P 0x7f2a7c191628
C 342
R
P 0x7f2a7c191628
P 0x7f2a7c486fa0
C 10
R
P 0x7f2a7c191628
C 342
R
P 0x7f2a7c191628
P 0x7f2a7c1a28f8
C 10
R
P 0x7f2a7c191628
C 342
R
P 0x7f2a7c191628
P 0x7f2a7c19bfa8
C 10
R
P 0x7f2a7c191628
C 342
R
P 0x7f2a7c191628
P 0x7f2a7c1a1938
C 10
R
P 0x7f2a7c191628
C 342
R
P 0x7f2a7c191628
P 0x7f2a7c19bd08
C 10
R
P 0x7f2a7c191628
C 342
R
P 0x7f2a7c191628
P 0x7f2a7c19bc88
C 10
R
P 0x7f2a7c191628
C 342
R
P 0x7f2a7c191628
P 0x7f2a7c19c168
C 10
R
P 0x7f2a7c191628
C 342
R
P 0x7f2a7c191628
P 0x7f2a7c19c2a8
C 10
R
P 0x7f2a7c191628
C 342
R
P 0x7f2a7c191628
P 0x7f2a7c1a1778
C 10
R
P 0x7f2a7c191628
C 342
R
P 0x7f2a7c191628
P 0x7f2a7c487940
C 10
R
P 0x7f2a7c191628
C 342
R
P 0x7f2a7c191628
P 0x7f2a7c487240
C 10
R
P 0x7f2a7c191628
C 342
R
P 0x7f2a7c191628
P 0x7f2a7c19fa48
C 10
R
P 0x7f2a7c191628
C 342
R
P 0x7f2a7c191628
P 0x7f2a7c1a1890
C 10
R
P 0x7f2a7c191628
C 342
R
P 0x7f2a7c191628
P 0x7f2a7c19bcc8
C 10
R
P 0x7f2a7c191628
C 342
R
P 0x7f2a7c191628
P 0x7f2a7c19c108
C 10
R
P 0x7f2a7c191628
C 342
R
P 0x7f2a7c191628
P 0x7f2a7c473258
C 10
R
P 0x7f2a7c191628
C 342
R
P 0x7f2a7c191628
P 0x7f2a7c19c2a8
C 10
R
P 0x7f2a7c191628
C 342
R
P 0x7f2a7c191628
P 0x7f2a7c479038
C 10
R
P 0x7f2a7c191628
C 342
R
P 0x7f2a7c191628
P 0x7f2a7c1a21f8
C 10
R
P 0x7f2a7c191628
C 342
R
P 0x7f2a7c191628
P 0x7f2a7c19bd08
C 10
R
P 0x7f2a7c191628
C 342
R
P 0x7f2a7c191628
P 0x7f2a7c473378
C 10
R
P 0x7f2a7c191628
C 342
R
P 0x7f2a7c191628
P 0x7f2a7c48bff0
C 10
R
P 0x7f2a7c191628
C 342
R
P 0x7f2a7c191628
P 0x7f2a7c19fa08
C 10
R
P 0x7f2a7c191628
C 342
R
P 0x7f2a7c191628
P 0x7f2a7c487908
C 10
R
P 0x7f2a7c191628
C 342
R
P 0x7f2a7c191628
P 0x7f2a7c487a58
C 10
R
P 0x7f2a7c191628
C 342
R
P 0x7f2a7c191628
P 0x7f2a7c478bd8
C 10
R
P 0x7f2a7c191628
C 342
R
P 0x7f2a7c191628
P 0x7f2a7c4873c8
C 10
R
P 0x7f2a7c191628
C 342
R
P 0x7f2a7c191628
P 0x7f2a7c19bc88
C 10
R
P 0x7f2a7c191628
C 342
R
P 0x7f2a7c191628
P 0x7f2a7c1a1938
C 10
R
P 0x7f2a7c191628
C 342
R
P 0x7f2a7c191628
P 0x7f2a7c19fa08
C 10
R
P 0x7f2a7c191628
C 342
R
P 0x7f2a7c191628
P 0x7f2a7c19bca8
C 10
R
P 0x7f2a7c191628
C 342
R
P 0x7f2a7c191628
P 0x7f2a7c19fa48
C 10
R
P 0x7f2a7c191628
C 342
R
P 0x7f2a7c191628
P 0x7f2a7c1a1890
C 10
R
P 0x7f2a7c191628
C 342
R
P 0x7f2a7c191628
P 0x7f2a7c19c1a8
C 10
R
P 0x7f2a7c191628
C 342
R
P 0x7f2a7c191628
P 0x7f2a7c19c148
C 10
R
P 0x7f2a7c191628
C 342
R
P 0x7f2a7c191628
P 0x7f2a7c19bc88
C 10
R
P 0x7f2a7c191628
C 342
R
P 0x7f2a7c191628
P 0x7f2a7c19c2a8
C 10
R
P 0x7f2a7c191628
C 342
R
P 0x7f2a7c191628
P 0x7f2a7c487f98
C 10
R
P 0x7f2a7c191628
C 342
R
P 0x7f2a7c191628
P 0x7f2a7c487ba8
C 10
R
P 0x7f2a7c191628
C 342
R
P 0x7f2a7c191628
P 0x7f2a7c1a2498
C 10
R
P 0x7f2a7c191628
C 342
R
P 0x7f2a7c191628
P 0x7f2a7c19bf48
C 10
R
P 0x7f2a7c191628
C 342
R
P 0x7f2a7c191628
P 0x7f2a7c19c0a8
C 10
R
P 0x7f2a7c191628
C 342
R
P 0x7f2a7c191628
P 0x7f2a7c1a1778
C 10
R
P 0x7f2a7c191628
C 342
R
P 0x7f2a7c191628
P 0x7f2a7c19ea58
C 10
R
P 0x7f2a7c191628
C 342
R
P 0x7f2a7c191628
P 0x7f2a7c1a1778
C 10
R
P 0x7f2a7c191628
C 342
R
P 0x7f2a7c191628
P 0x7f2a7c48b9d0
C 10
R
P 0x7f2a7c191628
C 342
R
P 0x7f2a7c191628
P 0x7f2a7c19c168
C 10
R
P 0x7f2a7c191628
C 342
R
P 0x7f2a7c191628
P 0x7f2a7c1a1890
C 10
R
P 0x7f2a7c191628
C 342
R
P 0x7f2a7c191628
P 0x7f2a7c19bc88
C 10
R
P 0x7f2a7c191628
C 342
R
P 0x7f2a7c191628
P 0x7f2a7c473d68
C 10
R
P 0x7f2a7c191628
C 342
R
P 0x7f2a7c191628
P 0x7f2a7c1a2348
C 10
R
P 0x7f2a7c191628
C 342
R
P 0x7f2a7c191628
P 0x7f2a7c19bce8
C 10
R
P 0x7f2a7c191628
C 342
R
P 0x7f2a7c191628
P 0x7f2a7c4872e8
C 10
R
P 0x7f2a7c191628
C 342
R
P 0x7f2a7c191628
P 0x7f2a7c19bcc8
C 10
R
P 0x7f2a7c191628
C 342
R
P 0x7f2a7c191628
P 0x7f2a7c1a21f8
C 10
R
P 0x7f2a7c191628
C 342
R
P 0x7f2a7c191628
P 0x7f2a7c19bc88
C 10
R
P 0x7f2a7c191628
C 342
R
P 0x7f2a7c191628
P 0x7f2a7c19bc88
C 10
R
P 0x7f2a7c191628
C 342
R
P 0x7f2a7c191628
P 0x7f2a7c487010
C 10
R
P 0x7f2a7c191628
C 342
R
P 0x7f2a7c191628
P 0x7f2a7c1a17e8
C 10
R
P 0x7f2a7c191628
C 342
R
P 0x7f2a7c191628
P 0x7f2a7c19bc88
C 10
R
P 0x7f2a7c191628
C 342
R
P 0x7f2a7c191628
P 0x7f2a7c19f9c8
C 10
R
P 0x7f2a7c191628
C 342
R
P 0x7f2a7c191628
P 0x7f2a7c4763f0
C 10
R
P 0x7f2a7c191628
C 342
R
P 0x7f2a7c191628
P 0x7f2a7c19fa88
C 10
R
P 0x7f2a7c191628
C 342
R
P 0x7f2a7c191628
P 0x7f2a7c487390
C 10
R
P 0x7f2a7c191628
C 342
R
P 0x7f2a7c191628
P 0x7f2a7c19c028
C 10
R
P 0x7f2a7c191628
C 342
R
P 0x7f2a7c191628
P 0x7f2a7c19c2a8
C 10
R
P 0x7f2a7c191628
C 342
R
P 0x7f2a7c191628
P 0x7f2a7c486fd8
C 10
R
P 0x7f2a7c191628
C 342
R
P 0x7f2a7c191628
P 0x7f2a7c19c0a8
C 10
R
P 0x7f2a7c191628
C 342
R
P 0x7f2a7c191628
P 0x7f2a7c486c90
C 10
R
P 0x7f2a7c191628
C 342
R
P 0x7f2a7c191628
P 0x7f2a7c19fb08
C 10
R
P 0x7f2a7c191628
C 342
R
P 0x7f2a7c191628
P 0x7f2a7c19bc88
C 10
R
P 0x7f2a7c191628
C 342
R
P 0x7f2a7c191628
P 0x7f2a7c19c028
C 10
R
P 0x7f2a7c191628
C 342
R
P 0x7f2a7c191628
P 0x7f2a7c19bcc8
C 10
R
P 0x7f2a7c191628
C 342
R
P 0x7f2a7c191628
P 0x7f2a7c1a1890
C 10
R
P 0x7f2a7c191628
C 342
R
P 0x7f2a7c191628
P 0x7f2a7c19df78
C 10
R
P 0x7f2a7c191628
C 342
R
P 0x7f2a7c191628
P 0x7f2a7c19f9c8
C 10
R
P 0x7f2a7c191628
C 342
R
P 0x7f2a7c191628
P 0x7f2a7c1a1778
C 10
R
P 0x7f2a7c191628
C 342
R
P 0x7f2a7c191628
P 0x7f2a7c1a1778
C 10
R
P 0x7f2a7c191628
C 342
R
P 0x7f2a7c191628
P 0x7f2a7c1a1938
C 10
R
P 0x7f2a7c191628
C 342
R
P 0x7f2a7c191628
P 0x7f2a7c1a1890
C 10
R
P 0x7f2a7c191628
C 342
R
P 0x7f2a7c191628
P 0x7f2a7c489448
C 10
R
P 0x7f2a7c191628
C 342
R
P 0x7f2a7c191628
P 0x7f2a7c19fa88
C 10
R
P 0x7f2a7c191628
C 342
R
P 0x7f2a7c191628
P 0x7f2a7c19bc88
C 10
R
P 0x7f2a7c191628
C 342
R
P 0x7f2a7c191628
P 0x7f2a7c19fac8
C 10
R
P 0x7f2a7c191628
C 342
R
P 0x7f2a7c191628
P 0x7f2a7c4895d0
C 10
R
P 0x7f2a7c191628
C 342
R
P 0x7f2a7c191628
P 0x7f2a7c1a2498
C 10
R
P 0x7f2a7c191628
C 342
R
P 0x7f2a7c191628
P 0x7f2a7c486fa0
C 10
R
P 0x7f2a7c191628
C 342
R
P 0x7f2a7c191628
P 0x7f2a7c19bd08
C 10
R
P 0x7f2a7c191628
C 342
R
P 0x7f2a7c191628
P 0x7f2a7c487208
C 10
R
P 0x7f2a7c191628
C 342
R
P 0x7f2a7c191628
P 0x7f2a7c4769d8
C 10
R
P 0x7f2a7c191628
C 342
R
P 0x7f2a7c191628
P 0x7f2a7c19fa08
C 10
R
P 0x7f2a7c191628
C 342
R
P 0x7f2a7c191628
P 0x7f2a7c487278
C 10
R
P 0x7f2a7c191628
C 342
R
P 0x7f2a7c191628
P 0x7f2a7c4874a8
C 10
R
P 0x7f2a7c191628
C 342
R
P 0x7f2a7c191628
P 0x7f2a7c487f98
C 10
R
P 0x7f2a7c191628
C 342
R
P 0x7f2a7c191628
P 0x7f2a7c19bc88
C 10
R
P 0x7f2a7c191628
C 342
R
P 0x7f2a7c191628
P 0x7f2a7c487240
C 10
R
P 0x7f2a7c191628
C 342
R
P 0x7f2a7c191628
P 0x7f2a7c2cb740
C 10
R
P 0x7f2a7c191628
C 342
R
P 0x7f2a7c191628
P 0x7f2a7c487f60
C 10
R
P 0x7f2a7c191628
C 342
R
P 0x7f2a7c191628
P 0x7f2a7c19fa88
C 10
R
P 0x7f2a7c191628
C 342
R
P 0x7f2a7c191628
P 0x7f2a7c487ba8
C 10
R
P 0x7f2a7c191628
C 342
R
P 0x7f2a7c191628
P 0x7f2a7c48adc8
C 10
R
P 0x7f2a7c191628
C 342
R
P 0x7f2a7c191628
P 0x7f2a7c487908
C 10
R
P 0x7f2a7c191628
C 342
R
P 0x7f2a7c191628
P 0x7f2a7c487208
C 10
R
P 0x7f2a7c191628
C 342
R
P 0x7f2a7c191628
P 0x7f2a7c1a1778
C 10
R
P 0x7f2a7c191628
C 342
R
P 0x7f2a7c191628
P 0x7f2a7c19bc88
C 10
R
P 0x7f2a7c191628
C 342
R
P 0x7f2a7c191628
P 0x7f2a7c1a25e8
C 10
R
P 0x7f2a7c191628
C 342
R
P 0x7f2a7c191628
P 0x7f2a7c487080
C 10
R
P 0x7f2a7c191628
C 342
R
P 0x7f2a7c191628
P 0x7f2a7c487940
C 10
R
P 0x7f2a7c191628
C 342
R
P 0x7f2a7c191628
P 0x7f2a7c19bc88
C 10
R
P 0x7f2a7c191628
C 342
R
P 0x7f2a7c191628
P 0x7f2a7c19c088
C 10
R
P 0x7f2a7c191628
C 342
R
P 0x7f2a7c191628
P 0x7f2a7c19fac8
C 10
R
P 0x7f2a7c191628
C 342
R
P 0x7f2a7c191628
P 0x7f2a7c48ac40
C 10
R
P 0x7f2a7c191628
C 342
R
P 0x7f2a7c191628
P 0x7f2a7c476508
C 10
R
P 0x7f2a7c191628
C 342
R
P 0x7f2a7c191628
P 0x7f2a7c1a1970
C 10
R
P 0x7f2a7c191628
C 342
R
P 0x7f2a7c191628
P 0x7f2a7c487b70
C 10
R
P 0x7f2a7c191628
C 342
R
P 0x7f2a7c191628
P 0x7f2a7c48cbe0
C 10
R
P 0x7f2a7c191628
C 342
R
P 0x7f2a7c191628
P 0x7f2a7c48db68
C 10
R
P 0x7f2a7c191628
C 342
R
P 0x7f2a7c191628
P 0x7f2a7c487f60
C 10
R
P 0x7f2a7c191628
C 342
R
P 0x7f2a7c191628
P 0x7f2a7c19e158
C 10
R
P 0x7f2a7c191628
C 342
R
P 0x7f2a7c191628
P 0x7f2a7c19bcc8
C 10
R
P 0x7f2a7c191628
C 342
R
P 0x7f2a7c191628
P 0x7f2a7c19c028
C 10
R
P 0x7f2a7c191628
C 342
R
P 0x7f2a7c191628
P 0x7f2a7c48c0d0
C 10
R
P 0x7f2a7c191628
C 342
R
P 0x7f2a7c191628
P 0x7f2a7c19bc88
C 10
R
P 0x7f2a7c191628
C 342
R
P 0x7f2a7c191628
P 0x7f2a7c19ee48
C 10
R
P 0x7f2a7c191628
C 342
R
P 0x7f2a7c191628
P 0x7f2a7c19bc88
C 10
R
P 0x7f2a7c191628
C 342
R
P 0x7f2a7c191628
P 0x7f2a7c19c0a8
C 10
R
P 0x7f2a7c191628
C 342
R
P 0x7f2a7c191628
P 0x7f2a7c19bfa8
C 10
R
P 0x7f2a7c191628
C 342
R
P 0x7f2a7c191628
P 0x7f2a7c19c108
C 10
R
P 0x7f2a7c191628
C 342
R
P 0x7f2a7c191628
P 0x7f2a7c487390
C 10
R
P 0x7f2a7c191628
C 342
R
P 0x7f2a7c191628
P 0x7f2a7c19c088
C 10
R
P 0x7f2a7c191628
C 342
R
P 0x7f2a7c191628
P 0x7f2a7c19bc88
C 10
R
P 0x7f2a7c191628
C 342
R
P 0x7f2a7c191628
P 0x7f2a7c488200
C 10
R
P 0x7f2a7c191628
C 342
R
P 0x7f2a7c191628
P 0x7f2a7c2cd458
C 10
R
P 0x7f2a7c191628
C 342
R
P 0x7f2a7c191628
P 0x7f2a7c1a1f58
C 10
R
P 0x7f2a7c191628
C 342
R
P 0x7f2a7c191628
P 0x7f2a7c487da0
C 10
R
P 0x7f2a7c191628
C 342
R
P 0x7f2a7c191628
P 0x7f2a7c19c148
C 10
R
P 0x7f2a7c191628
C 342
R
P 0x7f2a7c191628
P 0x7f2a7c19c008
C 10
R
P 0x7f2a7c191628
C 342
R
P 0x7f2a7c191628
P 0x7f2a7c1a20a8
C 10
R
P 0x7f2a7c191628
C 342
R
P 0x7f2a7c191628
P 0x7f2a7c19c028
C 10
R
P 0x7f2a7c191628
C 342
R
P 0x7f2a7c191628
P 0x7f2a7c19fb08
C 10
R
P 0x7f2a7c191628
C 342
R
P 0x7f2a7c191628
P 0x7f2a7c19c088
C 10
R
P 0x7f2a7c191628
C 342
R
P 0x7f2a7c191628
P 0x7f2a7c488078
C 10
R
P 0x7f2a7c191628
C 342
R
P 0x7f2a7c191628
P 0x7f2a7c19e0c8
C 10
R
P 0x7f2a7c191628
C 342
R
P 0x7f2a7c191628
P 0x7f2a7c19bc88
C 10
R
P 0x7f2a7c191628
C 342
R
P 0x7f2a7c191628
P 0x7f2a7c487208
C 10
R
P 0x7f2a7c191628
C 342
R
P 0x7f2a7c191628
P 0x7f2a7c19c168
C 10
R
P 0x7f2a7c191628
C 342
R
P 0x7f2a7c191628
P 0x7f2a7c19fa08
C 10
R
P 0x7f2a7c191628
C 342
R
P 0x7f2a7c191628
P 0x7f2a7c19bf48
C 10
R
P 0x7f2a7c191628
C 342
R
P 0x7f2a7c191628
P 0x7f2a7c1a2f88
C 10
R
P 0x7f2a7c191628
C 342
R
P 0x7f2a7c191628
P 0x7f2a7c1a1e08
C 10
R
P 0x7f2a7c191628
C 342
R
P 0x7f2a7c191628
P 0x7f2a7c1a1938
C 10
R
P 0x7f2a7c191628
C 342
R
P 0x7f2a7c191628
P 0x7f2a7c487390
C 10
R
P 0x7f2a7c191628
C 342
R
P 0x7f2a7c191628
P 0x7f2a7c19bc88
C 10
R
P 0x7f2a7c191628
C 342
R
P 0x7f2a7c191628
P 0x7f2a7c478d60
C 10
R
P 0x7f2a7c191628
C 342
R
P 0x7f2a7c191628
P 0x7f2a7c19bc88
C 10
R
P 0x7f2a7c191628
C 342
R
P 0x7f2a7c191628
P 0x7f2a7c1a1900
C 10
R
P 0x7f2a7c191628
C 342
R
P 0x7f2a7c191628
P 0x7f2a7c487010
C 10
R
P 0x7f2a7c191628
C 342
R
P 0x7f2a7c191628
P 0x7f2a7c2ccea8
C 10
R
P 0x7f2a7c191628
C 342
R
P 0x7f2a7c191628
P 0x7f2a7c1a17b0
C 10
R
P 0x7f2a7c191628
C 342
R
P 0x7f2a7c191628
P 0x7f2a7c19bc88
C 10
R
P 0x7f2a7c191628
C 342
R
P 0x7f2a7c191628
P 0x7f2a7c19fb08
C 10
R
P 0x7f2a7c191628
C 342
R
P 0x7f2a7c191628
P 0x7f2a7c19c148
C 10
R
P 0x7f2a7c191628
C 342
R
P 0x7f2a7c191628
P 0x7f2a7c19bd08
C 10
R
P 0x7f2a7c191628
C 342
R
P 0x7f2a7c191628
P 0x7f2a7c19c1a8
C 10
R
P 0x7f2a7c191628
C 342
R
P 0x7f2a7c191628
P 0x7f2a7c19c1c8
C 10
R
P 0x7f2a7c191628
C 342
R
P 0x7f2a7c191628
P 0x7f2a7c19c1e8
C 10
R
P 0x7f2a7c191628
C 342
R
P 0x7f2a7c191628
P 0x7f2a7c19f988
C 10
R
P 0x7f2a7c191628
C 342
R
P 0x7f2a7c191628
P 0x7f2a7c19c148
C 10
R
P 0x7f2a7c191628
C 342
R
P 0x7f2a7c191628
P 0x7f2a7c1a1900
C 10
R
P 0x7f2a7c191628
C 342
R
P 0x7f2a7c191628
P 0x7f2a7c19fa48
C 10
R
P 0x7f2a7c191628
C 342
R
P 0x7f2a7c191628
P 0x7f2a7c1a2348
C 10
R
P 0x7f2a7c191628
C 342
R
P 0x7f2a7c191628
P 0x7f2a7c19c268
C 10
R
P 0x7f2a7c191628
C 342
R
P 0x7f2a7c191628
P 0x7f2a7c19c1e8
C 10
R
P 0x7f2a7c191628
C 342
R
P 0x7f2a7c191628
P 0x7f2a7c48a8c0
C 10
R
P 0x7f2a7c191628
C 342
R
P 0x7f2a7c191628
P 0x7f2a7c487010
C 10
R
P 0x7f2a7c191628
C 342
R
P 0x7f2a7c191628
P 0x7f2a7c487208
C 10
R
P 0x7f2a7c191628
C 342
R
P 0x7f2a7c191628
P 0x7f2a7c19bc88
C 10
R
P 0x7f2a7c191628
C 342
R
P 0x7f2a7c191628
P 0x7f2a7c2cd2d0
C 10
R
P 0x7f2a7c191628
C 342
R
P 0x7f2a7c191628
P 0x7f2a7c4869b8
C 10
R
P 0x7f2a7c191628
C 342
R
P 0x7f2a7c191628
P 0x7f2a7c19c168
C 10
R
P 0x7f2a7c191628
C 342
R
P 0x7f2a7c191628
P 0x7f2a7c1a2498
C 10
R
P 0x7f2a7c191628
C 342
R
P 0x7f2a7c191628
P 0x7f2a7c19c148
C 10
R
P 0x7f2a7c191628
C 342
R
P 0x7f2a7c191628
P 0x7f2a7c487010
C 10
R
P 0x7f2a7c191628
C 342
R
P 0x7f2a7c191628
P 0x7f2a7c19bc88
C 10
R
P 0x7f2a7c191628
C 342
R
P 0x7f2a7c191628
P 0x7f2a7c4789e0
C 10
R
P 0x7f2a7c191628
C 342
R
P 0x7f2a7c191628
P 0x7f2a7c19bc88
C 10
R
P 0x7f2a7c191628
C 342
R
P 0x7f2a7c191628
P 0x7f2a7c486fd8
C 10
R
P 0x7f2a7c191628
C 342
R
P 0x7f2a7c191628
P 0x7f2a7c19c2a8
C 10
R
P 0x7f2a7c191628
C 342
R
P 0x7f2a7c191628
P 0x7f2a7c19bc88
C 10
R
P 0x7f2a7c191628
C 342
R
P 0x7f2a7c191628
P 0x7f2a7c19c268
C 10
R
P 0x7f2a7c191628
C 342
R
P 0x7f2a7c191628
P 0x7f2a7c487b70
C 10
R
P 0x7f2a7c191628
C 342
R
P 0x7f2a7c191628
P 0x7f2a7c488120
C 10
R
P 0x7f2a7c191628
C 342
R
P 0x7f2a7c191628
P 0x7f2a7c19c008
C 10
R
P 0x7f2a7c191628
C 342
R
P 0x7f2a7c191628
P 0x7f2a7c19c148
C 10
R
P 0x7f2a7c191628
C 342
R
P 0x7f2a7c191628
P 0x7f2a7c1a1890
C 10
R
P 0x7f2a7c191628
C 342
R
P 0x7f2a7c191628
P 0x7f2a7c487208
C 10
R
P 0x7f2a7c191628
C 342
R
P 0x7f2a7c191628
P 0x7f2a7c488008
C 10
R
P 0x7f2a7c191628
C 342
R
P 0x7f2a7c191628
P 0x7f2a7c19c2a8
C 10
R
P 0x7f2a7c191628
C 342
R
P 0x7f2a7c191628
P 0x7f2a7c487ba8
C 10
R
P 0x7f2a7c191628
C 342
R
P 0x7f2a7c191628
P 0x7f2a7c19bc88
C 10
R
P 0x7f2a7c191628
C 342
R
P 0x7f2a7c191628
P 0x7f2a7c1a25e8
C 10
R
P 0x7f2a7c191628
C 342
R
P 0x7f2a7c191628
P 0x7f2a7c487908
C 10
R
P 0x7f2a7c191628
C 342
R
P 0x7f2a7c191628
P 0x7f2a7c487390
C 10
R
P 0x7f2a7c191628
C 342
R
P 0x7f2a7c191628
P 0x7f2a7c19bc88
C 10
R
P 0x7f2a7c191628
C 342
R
P 0x7f2a7c191628
P 0x7f2a7c19c168
C 10
R
P 0x7f2a7c191628
C 342
R
P 0x7f2a7c191628
P 0x7f2a7c19bc88
C 10
R
P 0x7f2a7c191628
C 342
R
P 0x7f2a7c191628
P 0x7f2a7c19bc88
C 10
R
P 0x7f2a7c191628
C 342
R
P 0x7f2a7c191628
P 0x7f2a7c475d28
C 10
R
P 0x7f2a7c191628
C 342
R
P 0x7f2a7c191628
P 0x7f2a7c19bd08
C 10
R
P 0x7f2a7c191628
C 342
R
P 0x7f2a7c191628
P 0x7f2a7c19bc88
C 10
R
P 0x7f2a7c191628
C 342
R
P 0x7f2a7c191628
P 0x7f2a7c19c2a8
C 10
R
P 0x7f2a7c191628
C 342
R
P 0x7f2a7c191628
P 0x7f2a7c2ccb28
C 10
R
P 0x7f2a7c191628
C 342
R
P 0x7f2a7c191628
P 0x7f2a7c1a21f8
C 10
R
P 0x7f2a7c191628
C 342
R
P 0x7f2a7c191628
P 0x7f2a7c19c1c8
C 10
R
P 0x7f2a7c191628
C 342
R
P 0x7f2a7c191628
P 0x7f2a7c2cbe40
C 10
R
P 0x7f2a7c191628
C 342
R
P 0x7f2a7c191628
P 0x7f2a7c2cc578
C 10
R
P 0x7f2a7c191628
C 342
R
P 0x7f2a7c191628
P 0x7f2a7c19c0e8
C 10
R
P 0x7f2a7c191628
C 342
R
P 0x7f2a7c191628
P 0x7f2a7c19c028
C 10
R
P 0x7f2a7c191628
C 342
R
P 0x7f2a7c191628
P 0x7f2a7c19fac8
C 10
R
P 0x7f2a7c191628
C 342
R
P 0x7f2a7c191628
P 0x7f2a7c19bf68
C 10
R
P 0x7f2a7c191628
C 342
R
P 0x7f2a7c191628
P 0x7f2a7c19c128
C 10
R
P 0x7f2a7c191628
C 342
R
P 0x7f2a7c191628
P 0x7f2a7c1a1820
C 10
R
P 0x7f2a7c191628
C 342
R
P 0x7f2a7c191628
P 0x7f2a7c19c168
C 10
R
P 0x7f2a7c191628
C 342
R
P 0x7f2a7c191628
P 0x7f2a7c19bc88
C 10
R
P 0x7f2a7c191628
C 342
R
P 0x7f2a7c191628
P 0x7f2a7c1a25e8
C 10
R
P 0x7f2a7c191628
C 342
R
P 0x7f2a7c191628
P 0x7f2a7c487978
C 10
R
P 0x7f2a7c191628
C 342
R
P 0x7f2a7c191628
P 0x7f2a7c4879e8
C 10
R
P 0x7f2a7c191628
C 342
R
P 0x7f2a7c191628
P 0x7f2a7c19bce8
C 10
R
P 0x7f2a7c191628
C 342
R
P 0x7f2a7c191628
P 0x7f2a7c479738
C 10
R
P 0x7f2a7c191628
C 342
R
P 0x7f2a7c191628
P 0x7f2a7c48cf98
C 10
R
P 0x7f2a7c191628
C 342
R
P 0x7f2a7c191628
P 0x7f2a7c473c48
C 10
R
P 0x7f2a7c191628
C 342
R
P 0x7f2a7c191628
P 0x7f2a7c487278
C 10
R
P 0x7f2a7c191628
C 342
R
P 0x7f2a7c191628
P 0x7f2a7c19bfc8
C 10
R
P 0x7f2a7c191628
C 342
R
P 0x7f2a7c191628
P 0x7f2a7c473588
C 10
R
P 0x7f2a7c191628
C 342
R
P 0x7f2a7c191628
P 0x7f2a7c19c0e8
C 10
R
P 0x7f2a7c191628
C 342
R
P 0x7f2a7c191628
P 0x7f2a7c2ccf18
C 10
R
P 0x7f2a7c191628
C 342
R
P 0x7f2a7c191628
P 0x7f2a7c487048
C 10
R
P 0x7f2a7c191628
C 342
R
P 0x7f2a7c191628
P 0x7f2a7c19c168
C 10
R
P 0x7f2a7c191628
C 342
R
P 0x7f2a7c191628
P 0x7f2a7c19c088
C 10
R
P 0x7f2a7c191628
C 342
R
P 0x7f2a7c191628
P 0x7f2a7c19c268
C 10
R
P 0x7f2a7c191628
C 342
R
P 0x7f2a7c191628
P 0x7f2a7c19c0e8
C 10
R
P 0x7f2a7c191628
C 342
R
P 0x7f2a7c191628
P 0x7f2a7c19c088
C 10
R
P 0x7f2a7c191628
C 342
R
P 0x7f2a7c191628
P 0x7f2a7c487470
C 10
R
P 0x7f2a7c191628
C 342
R
P 0x7f2a7c191628
P 0x7f2a7c487fd0
C 10
R
P 0x7f2a7c191628
C 342
R
P 0x7f2a7c191628
P 0x7f2a7c19bfe8
C 10
R
P 0x7f2a7c191628
C 342
R
P 0x7f2a7c191628
P 0x7f2a7c19bbe8
C 10
R
P 0x7f2a7c191628
C 342
R
P 0x7f2a7c191628
P 0x7f2a7c19bc88
C 10
R
P 0x7f2a7c191628
C 342
R
P 0x7f2a7c191628
P 0x7f2a7c473858
C 10
R
P 0x7f2a7c191628
C 342
R
P 0x7f2a7c191628
P 0x7f2a7c19e698
C 10
R
P 0x7f2a7c191628
C 342
R
P 0x7f2a7c191628
P 0x7f2a7c19c0e8
C 10
R
P 0x7f2a7c191628
C 342
R
P 0x7f2a7c191628
P 0x7f2a7c19bc88
C 10
R
P 0x7f2a7c191628
C 342
R
P 0x7f2a7c191628
P 0x7f2a7c486fa0
C 10
R
P 0x7f2a7c191628
C 342
R
P 0x7f2a7c191628
P 0x7f2a7c19bc88
C 10
R
P 0x7f2a7c191628
C 342
R
P 0x7f2a7c191628
P 0x7f2a7c19bc88
C 10
R
P 0x7f2a7c191628
C 342
R
P 0x7f2a7c191628
P 0x7f2a7c487518
C 10
R
P 0x7f2a7c191628
C 342
R
P 0x7f2a7c191628
P 0x7f2a7c19fb08
C 10
R
P 0x7f2a7c191628
C 342
R
P 0x7f2a7c191628
P 0x7f2a7c487e80
C 10
R
P 0x7f2a7c191628
C 342
R
P 0x7f2a7c191628
P 0x7f2a7c19bfc8
C 10
R
P 0x7f2a7c191628
C 342
R
P 0x7f2a7c191628
P 0x7f2a7c1a18c8
C 10
R
P 0x7f2a7c191628
C 342
R
P 0x7f2a7c191628
P 0x7f2a7c19c1c8
C 10
R
P 0x7f2a7c191628
C 342
R
P 0x7f2a7c191628
P 0x7f2a7c1a1778
C 10
R
P 0x7f2a7c191628
C 342
R
P 0x7f2a7c191628
P 0x7f2a7c19bc88
C 10
R
P 0x7f2a7c191628
C 342
R
P 0x7f2a7c191628
P 0x7f2a7c19eae8
C 10
R
P 0x7f2a7c191628
C 342
R
P 0x7f2a7c191628
P 0x7f2a7c19bcc8
C 10
R
P 0x7f2a7c191628
C 342
R
P 0x7f2a7c191628
P 0x7f2a7c487908
C 10
R
P 0x7f2a7c191628
C 342
R
P 0x7f2a7c191628
P 0x7f2a7c487400
C 10
R
P 0x7f2a7c191628
C 342
R
P 0x7f2a7c191628
P 0x7f2a7c488190
C 10
R
P 0x7f2a7c191628
C 342
R
P 0x7f2a7c191628
P 0x7f2a7c1a1970
C 10
R
P 0x7f2a7c191628
C 342
R
P 0x7f2a7c191628
P 0x7f2a7c19bc88
C 10
R
P 0x7f2a7c191628
C 342
R
P 0x7f2a7c191628
P 0x7f2a7c1a1820
C 10
R
P 0x7f2a7c191628
C 342
R
P 0x7f2a7c191628
P 0x7f2a7c19c268
C 10
R
P 0x7f2a7c191628
C 342
R
P 0x7f2a7c191628
P 0x7f2a7c19bc88
C 10
R
P 0x7f2a7c191628
C 342
R
P 0x7f2a7c191628
P 0x7f2a7c1a1820
C 10
R
P 0x7f2a7c191628
C 342
R
P 0x7f2a7c191628
P 0x7f2a7c19fa08
C 10
R
P 0x7f2a7c191628
C 342
R
P 0x7f2a7c191628
P 0x7f2a7c487f98
C 10
R
P 0x7f2a7c191628
C 342
R
P 0x7f2a7c191628
P 0x7f2a7c19bc88
C 10
R
P 0x7f2a7c191628
C 342
R
P 0x7f2a7c191628
P 0x7f2a7c487f60
C 10
R
P 0x7f2a7c191628
C 342
R
P 0x7f2a7c191628
P 0x7f2a7c19c0c8
C 10
R
P 0x7f2a7c191628
C 342
R
P 0x7f2a7c191628
P 0x7f2a7c19bc88
C 10
R
P 0x7f2a7c191628
C 342
R
P 0x7f2a7c191628
P 0x7f2a7c1a1e08
C 10
R
P 0x7f2a7c191628
C 342
R
P 0x7f2a7c191628
P 0x7f2a7c478858
C 10
R
P 0x7f2a7c191628
C 342
R
P 0x7f2a7c191628
P 0x7f2a7c19c2a8
C 10
R
P 0x7f2a7c191628
C 342
R
P 0x7f2a7c191628
P 0x7f2a7c19bc88
C 10
R
P 0x7f2a7c191628
C 342
R
P 0x7f2a7c191628
P 0x7f2a7c489870
C 10
R
P 0x7f2a7c191628
C 342
R
P 0x7f2a7c191628
P 0x7f2a7c1a1890
C 10
R
P 0x7f2a7c191628
C 342
R
P 0x7f2a7c191628
P 0x7f2a7c487010
C 10
R
P 0x7f2a7c191628
C 342
R
P 0x7f2a7c191628
P 0x7f2a7c19bcc8
C 10
R
P 0x7f2a7c191628
C 342
R
P 0x7f2a7c191628
P 0x7f2a7c487d68
C 10
R
P 0x7f2a7c191628
C 342
R
P 0x7f2a7c191628
P 0x7f2a7c19dfd8
C 10
R
P 0x7f2a7c191628
C 342
R
P 0x7f2a7c191628
P 0x7f2a7c19e3f8
C 10
R
P 0x7f2a7c191628
C 342
R
P 0x7f2a7c191628
P 0x7f2a7c4872b0
C 10
R
P 0x7f2a7c191628
C 342
R
P 0x7f2a7c191628
P 0x7f2a7c2cc310
C 10
R
P 0x7f2a7c191628
C 342
R
P 0x7f2a7c191628
P 0x7f2a7c19bd08
C 10
R
P 0x7f2a7c191628
C 342
R
P 0x7f2a7c191628
P 0x7f2a7c487198
C 10
R
P 0x7f2a7c191628
C 342
R
P 0x7f2a7c191628
P 0x7f2a7c487f98
C 10
R
P 0x7f2a7c191628
C 342
R
P 0x7f2a7c191628
P 0x7f2a7c19bc88
C 10
R
P 0x7f2a7c191628
C 342
R
P 0x7f2a7c191628
P 0x7f2a7c19bc88
C 10
R
P 0x7f2a7c191628
C 342
R
P 0x7f2a7c191628
P 0x7f2a7c48c1b0
C 10
R
P 0x7f2a7c191628
C 342
R
P 0x7f2a7c191628
P 0x7f2a7c487978
C 10
R
P 0x7f2a7c191628
C 342
R
P 0x7f2a7c191628
P 0x7f2a7c19bfc8
C 10
R
P 0x7f2a7c191628
C 342
R
P 0x7f2a7c191628
P 0x7f2a7c19c088
C 10
R
P 0x7f2a7c191628
C 342
R
P 0x7f2a7c191628
P 0x7f2a7c487978
C 10
R
P 0x7f2a7c191628
C 342
R
P 0x7f2a7c191628
P 0x7f2a7c473bb8
C 10
R
P 0x7f2a7c191628
C 342
R
P 0x7f2a7c191628
P 0x7f2a7c19bc88
C 10
R
P 0x7f2a7c191628
C 342
R
P 0x7f2a7c191628
P 0x7f2a7c1a2b28
C 10
R
P 0x7f2a7c191628
C 342
R
P 0x7f2a7c191628
P 0x7f2a7c486fd8
C 10
R
P 0x7f2a7c191628
C 342
R
P 0x7f2a7c191628
P 0x7f2a7c19bc88
C 10
R
P 0x7f2a7c191628
C 342
R
P 0x7f2a7c191628
P 0x7f2a7c19bfa8
C 10
R
P 0x7f2a7c191628
C 342
R
P 0x7f2a7c191628
P 0x7f2a7c48c220
C 10
R
P 0x7f2a7c191628
C 342
R
P 0x7f2a7c191628
P 0x7f2a7c486fd8
C 10
R
P 0x7f2a7c191628
C 342
R
P 0x7f2a7c191628
P 0x7f2a7c19c088
C 10
R
P 0x7f2a7c191628
C 342
R
P 0x7f2a7c191628
P 0x7f2a7c19c028
C 10
R
P 0x7f2a7c191628
C 342
R
P 0x7f2a7c191628
P 0x7f2a7c19c2a8
C 10
R
P 0x7f2a7c191628
C 342
R
P 0x7f2a7c191628
P 0x7f2a7c19bc88
C 10
R
P 0x7f2a7c191628
C 342
R
P 0x7f2a7c191628
P 0x7f2a7c19c2a8
C 10
R
P 0x7f2a7c191628
C 342
R
P 0x7f2a7c191628
P 0x7f2a7c19bd08
C 10
R
P 0x7f2a7c191628
C 342
R
P 0x7f2a7c191628
P 0x7f2a7c1a1778
C 10
R
P 0x7f2a7c191628
C 342
R
P 0x7f2a7c191628
P 0x7f2a7c1a18c8
C 10
R
P 0x7f2a7c191628
C 342
R
P 0x7f2a7c191628
P 0x7f2a7c19c0e8
C 10
R
P 0x7f2a7c191628
C 342
R
P 0x7f2a7c191628
P 0x7f2a7c19bc88
C 10
R
P 0x7f2a7c191628
C 342
R
P 0x7f2a7c191628
P 0x7f2a7c487240
C 10
R
P 0x7f2a7c191628
C 342
R
P 0x7f2a7c191628
P 0x7f2a7c19bfc8
C 10
R
P 0x7f2a7c191628
C 342
R
P 0x7f2a7c191628
P 0x7f2a7c19fa08
C 10
R
P 0x7f2a7c191628
C 342
R
P 0x7f2a7c191628
P 0x7f2a7c48a7f8
C 10
R
P 0x7f2a7c191628
C 342
R
P 0x7f2a7c191628
P 0x7f2a7c487940
C 10
R
P 0x7f2a7c191628
C 342
R
P 0x7f2a7c191628
P 0x7f2a7c19bf68
C 10
R
P 0x7f2a7c191628
C 342
R
P 0x7f2a7c191628
P 0x7f2a7c19bf88
C 10
R
P 0x7f2a7c191628
C 342
R
P 0x7f2a7c191628
P 0x7f2a7c19bcc8
C 10
R
P 0x7f2a7c191628
C 342
R
P 0x7f2a7c191628
P 0x7f2a7c486fa0
C 10
R
P 0x7f2a7c191628
C 342
R
P 0x7f2a7c191628
P 0x7f2a7c19c0a8
C 10
R
P 0x7f2a7c191628
C 342
R
P 0x7f2a7c191628
P 0x7f2a7c19c2a8
C 10
R
P 0x7f2a7c191628
C 342
R
P 0x7f2a7c191628
P 0x7f2a7c1a21f8
C 10
R
P 0x7f2a7c191628
C 342
R
P 0x7f2a7c191628
P 0x7f2a7c19c0c8
C 10
R
P 0x7f2a7c191628
C 342
R
P 0x7f2a7c191628
P 0x7f2a7c489218
C 10
R
P 0x7f2a7c191628
C 342
R
P 0x7f2a7c191628
P 0x7f2a7c48c8d0
C 10
R
P 0x7f2a7c191628
C 342
R
P 0x7f2a7c191628
P 0x7f2a7c486fd8
C 10
R
P 0x7f2a7c191628
C 342
R
P 0x7f2a7c191628
P 0x7f2a7c19fa88
C 10
R
P 0x7f2a7c191628
C 342
R
P 0x7f2a7c191628
P 0x7f2a7c1a17b0
C 10
R
P 0x7f2a7c191628
C 342
R
P 0x7f2a7c191628
P 0x7f2a7c486fa0
C 10
R
P 0x7f2a7c191628
C 342
R
P 0x7f2a7c191628
P 0x7f2a7c19bc88
C 10
R
P 0x7f2a7c191628
C 342
R
P 0x7f2a7c191628
P 0x7f2a7c4873c8
C 10
R
P 0x7f2a7c191628
C 342
R
P 0x7f2a7c191628
P 0x7f2a7c19bc88
C 10
R
P 0x7f2a7c191628
C 342
R
P 0x7f2a7c191628
P 0x7f2a7c1a21f8
C 10
R
P 0x7f2a7c191628
C 342
R
P 0x7f2a7c191628
P 0x7f2a7c487a58
C 10
R
P 0x7f2a7c191628
C 342
R
P 0x7f2a7c191628
P 0x7f2a7c19f888
C 10
R
P 0x7f2a7c191628
C 342
R
P 0x7f2a7c191628
P 0x7f2a7c19bc88
C 10
R
P 0x7f2a7c191628
C 342
R
P 0x7f2a7c191628
P 0x7f2a7c19c088
C 10
R
P 0x7f2a7c191628
C 342
R
P 0x7f2a7c191628
P 0x7f2a7c19fac8
C 10
R
P 0x7f2a7c191628
C 342
R
P 0x7f2a7c191628
P 0x7f2a7c487240
C 10
R
P 0x7f2a7c191628
C 342
R
P 0x7f2a7c191628
P 0x7f2a7c19c028
C 10
R
P 0x7f2a7c191628
C 342
R
P 0x7f2a7c191628
P 0x7f2a7c19f888
C 10
R
P 0x7f2a7c191628
C 342
R
P 0x7f2a7c191628
P 0x7f2a7c4879e8
C 10
R
P 0x7f2a7c191628
C 342
R
P 0x7f2a7c191628
P 0x7f2a7c487c88
C 10
R
P 0x7f2a7c191628
C 342
R
P 0x7f2a7c191628
P 0x7f2a7c487240
C 10
R
P 0x7f2a7c191628
C 342
R
P 0x7f2a7c191628
P 0x7f2a7c19bc88
C 10
R
P 0x7f2a7c191628
C 342
R
P 0x7f2a7c191628
P 0x7f2a7c19c148
C 10
R
P 0x7f2a7c191628
C 342
R
P 0x7f2a7c191628
P 0x7f2a7c2cb890
C 10
R
P 0x7f2a7c191628
C 342
R
P 0x7f2a7c191628
P 0x7f2a7c486de0
C 10
R
P 0x7f2a7c191628
C 342
R
P 0x7f2a7c191628
P 0x7f2a7c48c4f8
C 10
R
P 0x7f2a7c191628
C 342
R
P 0x7f2a7c191628
P 0x7f2a7c19fa48
C 10
R
P 0x7f2a7c191628
C 342
R
P 0x7f2a7c191628
P 0x7f2a7c19bfe8
C 10
R
P 0x7f2a7c191628
C 342
R
P 0x7f2a7c191628
P 0x7f2a7c19bc88
C 10
R
P 0x7f2a7c191628
C 342
R
P 0x7f2a7c191628
P 0x7f2a7c487080
C 10
R
P 0x7f2a7c191628
C 342
R
P 0x7f2a7c191628
P 0x7f2a7c19c2a8
C 10
R
P 0x7f2a7c191628
C 342
R
P 0x7f2a7c191628
P 0x7f2a7c487048
C 10
R
P 0x7f2a7c191628
C 342
R
P 0x7f2a7c191628
P 0x7f2a7c19bc88
C 10
R
P 0x7f2a7c191628
C 342
R
P 0x7f2a7c191628
P 0x7f2a7c487208
C 10
R
P 0x7f2a7c191628
C 342
R
P 0x7f2a7c191628
P 0x7f2a7c1a17e8
C 10
R
P 0x7f2a7c191628
C 342
R
P 0x7f2a7c191628
P 0x7f2a7c19c068
C 10
R
P 0x7f2a7c191628
C 342
R
P 0x7f2a7c191628
P 0x7f2a7c1a2268
C 10
R
P 0x7f2a7c191628
C 342
R
P 0x7f2a7c191628
P 0x7f2a7c19c1a8
C 10
R
P 0x7f2a7c191628
C 342
R
P 0x7f2a7c191628
P 0x7f2a7c19bc88
C 10
R
P 0x7f2a7c191628
C 342
R
P 0x7f2a7c191628
P 0x7f2a7c1a1cb8
C 10
R
P 0x7f2a7c191628
C 342
R
P 0x7f2a7c191628
P 0x7f2a7c19c088
C 10
R
P 0x7f2a7c191628
C 342
R
P 0x7f2a7c191628
P 0x7f2a7c19c148
C 10
R
P 0x7f2a7c191628
C 342
R
P 0x7f2a7c191628
P 0x7f2a7c2cb6d0
C 10
R
P 0x7f2a7c191628
C 342
R
P 0x7f2a7c191628
P 0x7f2a7c1a17b0
C 10
R
P 0x7f2a7c191628
C 342
R
P 0x7f2a7c191628
P 0x7f2a7c487048
C 10
R
P 0x7f2a7c191628
C 342
R
P 0x7f2a7c191628
P 0x7f2a7c487940
C 10
R
P 0x7f2a7c191628
C 342
R
P 0x7f2a7c191628
P 0x7f2a7c19c108
C 10
R
P 0x7f2a7c191628
C 342
R
P 0x7f2a7c191628
P 0x7f2a7c19c108
C 10
R
P 0x7f2a7c191628
C 342
R
P 0x7f2a7c191628
P 0x7f2a7c19c108
C 10
R
P 0x7f2a7c191628
C 342
R
P 0x7f2a7c191628
P 0x7f2a7c1a20a8
C 10
R
P 0x7f2a7c191628
C 342
R
P 0x7f2a7c191628
P 0x7f2a7c19bfc8
C 10
R
P 0x7f2a7c191628
C 342
R
P 0x7f2a7c191628
P 0x7f2a7c19bc88
C 10
R
P 0x7f2a7c191628
C 342
R
P 0x7f2a7c191628
P 0x7f2a7c48c568
C 10
R
P 0x7f2a7c191628
C 342
R
P 0x7f2a7c191628
P 0x7f2a7c19bfe8
C 10
R
P 0x7f2a7c191628
C 342
R
P 0x7f2a7c191628
P 0x7f2a7c19e8a8
C 10
R
P 0x7f2a7c191628
C 342
R
P 0x7f2a7c191628
P 0x7f2a7c19c1c8
C 10
R
P 0x7f2a7c191628
C 342
R
P 0x7f2a7c191628
P 0x7f2a7c478c80
C 10
R
P 0x7f2a7c191628
C 342
R
P 0x7f2a7c191628
P 0x7f2a7c19bfc8
C 10
R
P 0x7f2a7c191628
C 342
R
P 0x7f2a7c191628
P 0x7f2a7c19bc88
C 10
R
P 0x7f2a7c191628
C 342
R
P 0x7f2a7c191628
P 0x7f2a7c1a17e8
C 10
R
P 0x7f2a7c191628
C 342
R
P 0x7f2a7c191628
P 0x7f2a7c487390
C 10
R
P 0x7f2a7c191628
C 342
R
P 0x7f2a7c191628
P 0x7f2a7c19bc88
C 10
R
P 0x7f2a7c191628
C 342
R
P 0x7f2a7c191628
P 0x7f2a7c487908
C 10
R
P 0x7f2a7c191628
C 342
R
P 0x7f2a7c191628
P 0x7f2a7c487438
C 10
R
P 0x7f2a7c191628
C 342
R
P 0x7f2a7c191628
P 0x7f2a7c19bc88
C 10
R
P 0x7f2a7c191628
C 342
R
P 0x7f2a7c191628
P 0x7f2a7c19c2a8
C 10
R
P 0x7f2a7c191628
C 342
R
P 0x7f2a7c191628
P 0x7f2a7c19c088
C 10
R
P 0x7f2a7c191628
C 342
R
P 0x7f2a7c191628
P 0x7f2a7c1a1778
C 10
R
P 0x7f2a7c191628
C 342
R
P 0x7f2a7c191628
P 0x7f2a7c19bfc8
C 10
R
P 0x7f2a7c191628
C 342
R
P 0x7f2a7c191628
P 0x7f2a7c19c2a8
C 10
R
P 0x7f2a7c191628
C 342
R
P 0x7f2a7c191628
P 0x7f2a7c4734c8
C 10
R
P 0x7f2a7c191628
C 342
R
P 0x7f2a7c191628
P 0x7f2a7c19bce8
C 10
R
P 0x7f2a7c191628
C 342
R
P 0x7f2a7c191628
P 0x7f2a7c1a18c8
C 10
R
P 0x7f2a7c191628
C 342
R
P 0x7f2a7c191628
P 0x7f2a7c19bcc8
C 10
R
P 0x7f2a7c191628
C 342
R
P 0x7f2a7c191628
P 0x7f2a7c19c028
C 10
R
P 0x7f2a7c191628
C 342
R
P 0x7f2a7c191628
P 0x7f2a7c1a1938
C 10
R
P 0x7f2a7c191628
C 342
R
P 0x7f2a7c191628
P 0x7f2a7c1a1820
C 10
R
P 0x7f2a7c191628
C 342
R
P 0x7f2a7c191628
P 0x7f2a7c2cd420
C 10
R
P 0x7f2a7c191628
C 342
R
P 0x7f2a7c191628
P 0x7f2a7c488190
C 10
R
P 0x7f2a7c191628
C 342
R
P 0x7f2a7c191628
P 0x7f2a7c1a1900
C 10
R
P 0x7f2a7c191628
C 342
R
P 0x7f2a7c191628
P 0x7f2a7c19bfc8
C 10
R
P 0x7f2a7c191628
C 342
R
P 0x7f2a7c191628
P 0x7f2a7c19fb08
C 10
R
P 0x7f2a7c191628
C 342
R
P 0x7f2a7c191628
P 0x7f2a7c487390
C 10
R
P 0x7f2a7c191628
C 342
R
P 0x7f2a7c191628
P 0x7f2a7c47a030
C 10
R
P 0x7f2a7c191628
C 342
R
P 0x7f2a7c191628
P 0x7f2a7c19bfe8
C 10
R
P 0x7f2a7c191628
C 342
R
P 0x7f2a7c191628
P 0x7f2a7c19c088
C 10
R
P 0x7f2a7c191628
C 342
R
P 0x7f2a7c191628
P 0x7f2a7c1a1900
C 10
R
P 0x7f2a7c191628
C 342
R
P 0x7f2a7c191628
P 0x7f2a7c19bc88
C 10
R
P 0x7f2a7c191628
C 342
R
P 0x7f2a7c191628
P 0x7f2a7c19f028
C 10
R
P 0x7f2a7c191628
C 342
R
P 0x7f2a7c191628
P 0x7f2a7c19bc88
C 10
R
P 0x7f2a7c191628
C 342
R
P 0x7f2a7c191628
P 0x7f2a7c476e38
C 10
R
P 0x7f2a7c191628
C 342
R
P 0x7f2a7c191628
P 0x7f2a7c19bc88
C 10
R
P 0x7f2a7c191628
C 342
R
P 0x7f2a7c191628
P 0x7f2a7c19bce8
C 10
R
P 0x7f2a7c191628
C 342
R
P 0x7f2a7c191628
P 0x7f2a7c19bc88
C 10
R
P 0x7f2a7c191628
C 342
R
P 0x7f2a7c191628
P 0x7f2a7c487d68
C 10
R
P 0x7f2a7c191628
C 342
R
P 0x7f2a7c191628
P 0x7f2a7c19fa88
C 10
R
P 0x7f2a7c191628
C 342
R
P 0x7f2a7c191628
P 0x7f2a7c19c048
C 10
R
P 0x7f2a7c191628
C 342
R
P 0x7f2a7c191628
P 0x7f2a7c48a408
C 10
R
P 0x7f2a7c191628
C 342
R
P 0x7f2a7c191628
P 0x7f2a7c19fa88
C 10
R
P 0x7f2a7c191628
C 342
R
P 0x7f2a7c191628
P 0x7f2a7c19bf48
C 10
R
P 0x7f2a7c191628
C 342
R
P 0x7f2a7c191628
P 0x7f2a7c487438
C 10
R
P 0x7f2a7c191628
C 342
R
P 0x7f2a7c191628
P 0x7f2a7c19c028
C 10
R
P 0x7f2a7c191628
C 342
R
P 0x7f2a7c191628
P 0x7f2a7c19bc88
C 10
R
P 0x7f2a7c191628
C 342
R
P 0x7f2a7c191628
P 0x7f2a7c2ccea8
C 10
R
P 0x7f2a7c191628
C 342
R
P 0x7f2a7c191628
P 0x7f2a7c1a21f8
C 10
R
P 0x7f2a7c191628
C 342
R
P 0x7f2a7c191628
P 0x7f2a7c488510
C 10
R
P 0x7f2a7c191628
C 342
R
P 0x7f2a7c191628
P 0x7f2a7c19bc88
C 10
R
P 0x7f2a7c191628
C 342
R
P 0x7f2a7c191628
P 0x7f2a7c19f888
C 10
R
P 0x7f2a7c191628
C 342
R
P 0x7f2a7c191628
P 0x7f2a7c19c1c8
C 10
R
P 0x7f2a7c191628
C 342
R
P 0x7f2a7c191628
P 0x7f2a7c487f60
C 10
R
P 0x7f2a7c191628
C 342
R
P 0x7f2a7c191628
P 0x7f2a7c19c1c8
C 10
R
P 0x7f2a7c191628
C 342
R
P 0x7f2a7c191628
P 0x7f2a7c19c1a8
C 10
R
P 0x7f2a7c191628
C 342
R
P 0x7f2a7c191628
P 0x7f2a7c19bc88
C 10
R
P 0x7f2a7c191628
C 342
R
P 0x7f2a7c191628
P 0x7f2a7c19bb28
C 10
R
P 0x7f2a7c191628
C 342
R
P 0x7f2a7c191628
P 0x7f2a7c19bc88
C 10
R
P 0x7f2a7c191628
C 342
R
P 0x7f2a7c191628
P 0x7f2a7c486fa0
C 10
R
P 0x7f2a7c191628
C 342
R
P 0x7f2a7c191628
P 0x7f2a7c19bc88
C 10
R
P 0x7f2a7c191628
C 342
R
P 0x7f2a7c191628
P 0x7f2a7c19ecc8
C 10
R
P 0x7f2a7c191628
C 342
R
P 0x7f2a7c191628
P 0x7f2a7c487908
C 10
R
P 0x7f2a7c191628
C 342
R
P 0x7f2a7c191628
P 0x7f2a7c19f9c8
C 10
R
P 0x7f2a7c191628
C 342
R
P 0x7f2a7c191628
P 0x7f2a7c19bc88
C 10
R
P 0x7f2a7c191628
C 342
R
P 0x7f2a7c191628
P 0x7f2a7c487ba8
C 10
R
P 0x7f2a7c191628
C 342
R
P 0x7f2a7c191628
P 0x7f2a7c19bfc8
C 10
R
P 0x7f2a7c191628
C 342
R
P 0x7f2a7c191628
P 0x7f2a7c19bc88
C 10
R
P 0x7f2a7c191628
C 342
R
P 0x7f2a7c191628
P 0x7f2a7c19bf48
C 10
R
P 0x7f2a7c191628
C 342
R
P 0x7f2a7c191628
P 0x7f2a7c1a1900
C 10
R
P 0x7f2a7c191628
C 342
R
P 0x7f2a7c191628
P 0x7f2a7c19bfc8
C 10
R
P 0x7f2a7c191628
C 342
R
P 0x7f2a7c191628
P 0x7f2a7c19f988
C 10
R
P 0x7f2a7c191628
C 342
R
P 0x7f2a7c191628
P 0x7f2a7c19c248
C 10
R
P 0x7f2a7c191628
C 342
R
P 0x7f2a7c191628
P 0x7f2a7c19bfc8
C 10
R
P 0x7f2a7c191628
C 342
R
P 0x7f2a7c191628
P 0x7f2a7c19f888
C 10
R
P 0x7f2a7c191628
C 342
R
P 0x7f2a7c191628
P 0x7f2a7c19bc88
C 10
R
P 0x7f2a7c191628
C 342
R
P 0x7f2a7c191628
P 0x7f2a7c487f98
C 10
R
P 0x7f2a7c191628
C 342
R
P 0x7f2a7c191628
P 0x7f2a7c1a21f8
C 10
R
P 0x7f2a7c191628
C 342
R
P 0x7f2a7c191628
P 0x7f2a7c1a1778
C 10
R
P 0x7f2a7c191628
C 342
R
P 0x7f2a7c191628
P 0x7f2a7c1a2118
C 10
R
P 0x7f2a7c191628
C 342
R
P 0x7f2a7c191628
P 0x7f2a7c19c2a8
C 10
R
P 0x7f2a7c191628
C 342
R
P 0x7f2a7c191628
P 0x7f2a7c487b00
C 10
R
P 0x7f2a7c191628
C 342
R
P 0x7f2a7c191628
P 0x7f2a7c19c1c8
C 10
R
P 0x7f2a7c191628
C 342
R
P 0x7f2a7c191628
P 0x7f2a7c487470
C 10
R
P 0x7f2a7c191628
C 342
R
P 0x7f2a7c191628
P 0x7f2a7c1a1890
C 10
R
P 0x7f2a7c191628
C 342
R
P 0x7f2a7c191628
P 0x7f2a7c1a1938
C 10
R
P 0x7f2a7c191628
C 342
R
P 0x7f2a7c191628
P 0x7f2a7c487a58
C 10
R
P 0x7f2a7c191628
C 342
R
P 0x7f2a7c191628
P 0x7f2a7c19fac8
C 10
R
P 0x7f2a7c191628
C 342
R
P 0x7f2a7c191628
P 0x7f2a7c19bcc8
C 10
R
P 0x7f2a7c191628
C 342
R
P 0x7f2a7c191628
P 0x7f2a7c487438
C 10
R
P 0x7f2a7c191628
C 342
R
P 0x7f2a7c191628
P 0x7f2a7c19bd08
C 10
R
P 0x7f2a7c191628
C 342
R
P 0x7f2a7c191628
P 0x7f2a7c1a1cb8
C 10
R
P 0x7f2a7c191628
C 342
R
P 0x7f2a7c191628
P 0x7f2a7c48cda0
C 10
R
P 0x7f2a7c191628
C 342
R
P 0x7f2a7c191628
P 0x7f2a7c487f60
C 10
R
P 0x7f2a7c191628
C 342
R
P 0x7f2a7c191628
P 0x7f2a7c19f9c8
C 10
R
P 0x7f2a7c191628
C 342
R
P 0x7f2a7c191628
P 0x7f2a7c19bfc8
C 10
R
P 0x7f2a7c191628
C 342
R
P 0x7f2a7c191628
P 0x7f2a7c19c168
C 10
R
P 0x7f2a7c191628
C 342
R
P 0x7f2a7c191628
P 0x7f2a7c487048
C 10
R
P 0x7f2a7c191628
C 342
R
P 0x7f2a7c191628
P 0x7f2a7c19bcc8
C 10
R
P 0x7f2a7c191628
C 342
R
P 0x7f2a7c191628
P 0x7f2a7c1a1778
C 10
R
P 0x7f2a7c191628
C 342
R
P 0x7f2a7c191628
P 0x7f2a7c1a17b0
C 10
R
P 0x7f2a7c191628
C 342
R
P 0x7f2a7c191628
P 0x7f2a7c4873c8
C 10
R
P 0x7f2a7c191628
C 342
R
P 0x7f2a7c191628
P 0x7f2a7c1a30d8
C 10
R
P 0x7f2a7c191628
C 342
R
P 0x7f2a7c191628
P 0x7f2a7c19bd08
C 10
R
P 0x7f2a7c191628
C 342
R
P 0x7f2a7c191628
P 0x7f2a7c476d20
C 10
R
P 0x7f2a7c191628
C 342
R
P 0x7f2a7c191628
P 0x7f2a7c487908
C 10
R
P 0x7f2a7c191628
C 342
R
P 0x7f2a7c191628
P 0x7f2a7c19bc88
C 10
R
P 0x7f2a7c191628
C 342
R
P 0x7f2a7c191628
P 0x7f2a7c478ac0
C 10
R
P 0x7f2a7c191628
C 342
R
P 0x7f2a7c191628
P 0x7f2a7c19c2a8
C 10
R
P 0x7f2a7c191628
C 342
R
P 0x7f2a7c191628
P 0x7f2a7c19bc88
C 10
R
P 0x7f2a7c191628
C 342
R
P 0x7f2a7c191628
P 0x7f2a7c19bfc8
C 10
R
P 0x7f2a7c191628
C 342
R
P 0x7f2a7c191628
P 0x7f2a7c19c2a8
C 10
R
P 0x7f2a7c191628
C 342
R
P 0x7f2a7c191628
P 0x7f2a7c487320
C 10
R
P 0x7f2a7c191628
C 342
R
P 0x7f2a7c191628
P 0x7f2a7c19bc88
C 10
R
P 0x7f2a7c191628
C 342
R
P 0x7f2a7c191628
P 0x7f2a7c19c1c8
C 10
R
P 0x7f2a7c191628
C 342
R
P 0x7f2a7c191628
P 0x7f2a7c1a20a8
C 10
R
P 0x7f2a7c191628
C 342
R
P 0x7f2a7c191628
P 0x7f2a7c19bcc8
C 10
R
P 0x7f2a7c191628
C 342
R
P 0x7f2a7c191628
P 0x7f2a7c19c088
C 10
R
P 0x7f2a7c191628
C 342
R
P 0x7f2a7c191628
P 0x7f2a7c489bf0
C 10
R
P 0x7f2a7c191628
C 342
R
P 0x7f2a7c191628
P 0x7f2a7c487438
C 10
R
P 0x7f2a7c191628
C 342
R
P 0x7f2a7c191628
P 0x7f2a7c19c008
C 10
R
P 0x7f2a7c191628
C 342
R
P 0x7f2a7c191628
P 0x7f2a7c19bfa8
C 10
R
P 0x7f2a7c191628
C 342
R
P 0x7f2a7c191628
P 0x7f2a7c2cc150
C 10
R
P 0x7f2a7c191628
C 342
R
P 0x7f2a7c191628
P 0x7f2a7c1a1970
C 10
R
P 0x7f2a7c191628
C 342
R
P 0x7f2a7c191628
P 0x7f2a7c4793f0
C 10
R
P 0x7f2a7c191628
C 342
R
P 0x7f2a7c191628
P 0x7f2a7c19ee18
C 10
R
P 0x7f2a7c191628
C 342
R
P 0x7f2a7c191628
P 0x7f2a7c19c1a8
C 10
R
P 0x7f2a7c191628
C 342
R
P 0x7f2a7c191628
P 0x7f2a7c19c268
C 10
R
P 0x7f2a7c191628
C 342
R
P 0x7f2a7c191628
P 0x7f2a7c48d120
C 10
R
P 0x7f2a7c191628
C 342
R
P 0x7f2a7c191628
P 0x7f2a7c487390
C 10
R
P 0x7f2a7c191628
C 342
R
P 0x7f2a7c191628
P 0x7f2a7c489800
C 10
R
P 0x7f2a7c191628
C 342
R
P 0x7f2a7c191628
P 0x7f2a7c1a1f58
C 10
R
P 0x7f2a7c191628
C 342
R
P 0x7f2a7c191628
P 0x7f2a7c48ce80
C 10
R
P 0x7f2a7c191628
C 342
R
P 0x7f2a7c191628
P 0x7f2a7c489608
C 10
R
P 0x7f2a7c191628
C 342
R
P 0x7f2a7c191628
P 0x7f2a7c19fb48
C 10
R
P 0x7f2a7c191628
C 342
R
P 0x7f2a7c191628
P 0x7f2a7c48bf80
C 10
R
P 0x7f2a7c191628
C 342
R
P 0x7f2a7c191628
P 0x7f2a7c476a10
C 10
R
P 0x7f2a7c191628
C 342
R
P 0x7f2a7c191628
P 0x7f2a7c4737c8
C 10
R
P 0x7f2a7c191628
C 342
R
P 0x7f2a7c191628
P 0x7f2a7c19bc88
C 10
R
P 0x7f2a7c191628
C 342
R
P 0x7f2a7c191628
P 0x7f2a7c19c108
C 10
R
P 0x7f2a7c191628
C 342
R
P 0x7f2a7c191628
P 0x7f2a7c19bc88
C 10
R
P 0x7f2a7c191628
C 342
R
P 0x7f2a7c191628
P 0x7f2a7c487978
C 10
R
P 0x7f2a7c191628
C 342
R
P 0x7f2a7c191628
P 0x7f2a7c1a17b0
C 10
R
P 0x7f2a7c191628
C 342
R
P 0x7f2a7c191628
P 0x7f2a7c19c088
C 10
R
P 0x7f2a7c191628
C 342
R
P 0x7f2a7c191628
P 0x7f2a7c19fac8
C 10
R
P 0x7f2a7c191628
C 342
R
P 0x7f2a7c191628
P 0x7f2a7c487400
C 10
R
P 0x7f2a7c191628
C 342
R
P 0x7f2a7c191628
P 0x7f2a7c487390
C 10
R
P 0x7f2a7c191628
C 342
R
P 0x7f2a7c191628
P 0x7f2a7c1a20a8
C 10
R
P 0x7f2a7c191628
C 342
R
P 0x7f2a7c191628
P 0x7f2a7c476620
C 10
R
P 0x7f2a7c191628
C 342
R
P 0x7f2a7c191628
P 0x7f2a7c19dbb8
C 10
R
P 0x7f2a7c191628
C 342
R
P 0x7f2a7c191628
P 0x7f2a7c19c0e8
C 10
R
P 0x7f2a7c191628
C 342
R
P 0x7f2a7c191628
P 0x7f2a7c487208
C 10
R
P 0x7f2a7c191628
C 342
R
P 0x7f2a7c191628
P 0x7f2a7c19c128
C 10
R
P 0x7f2a7c191628
C 342
R
P 0x7f2a7c191628
P 0x7f2a7c1a18c8
C 10
R
P 0x7f2a7c191628
C 342
R
P 0x7f2a7c191628
P 0x7f2a7c487f60
C 10
R
P 0x7f2a7c191628
C 342
R
P 0x7f2a7c191628
P 0x7f2a7c1a17b0
C 10
R
P 0x7f2a7c191628
C 342
R
P 0x7f2a7c191628
P 0x7f2a7c4872b0
C 10
R
P 0x7f2a7c191628
C 342
R
P 0x7f2a7c191628
P 0x7f2a7c19e8d8
C 10
R
P 0x7f2a7c191628
C 342
R
P 0x7f2a7c191628
P 0x7f2a7c488270
C 10
R
P 0x7f2a7c191628
C 342
R
P 0x7f2a7c191628
P 0x7f2a7c1a1778
C 10
R
P 0x7f2a7c191628
C 342
R
P 0x7f2a7c191628
P 0x7f2a7c48ac78
C 10
R
P 0x7f2a7c191628
C 342
R
P 0x7f2a7c191628
P 0x7f2a7c487010
C 10
R
P 0x7f2a7c191628
C 342
R
P 0x7f2a7c191628
P 0x7f2a7c19fb48
C 10
R
P 0x7f2a7c191628
C 342
R
P 0x7f2a7c191628
P 0x7f2a7c19fa48
C 10
R
P 0x7f2a7c191628
C 342
R
P 0x7f2a7c191628
P 0x7f2a7c19bf48
C 10
R
P 0x7f2a7c191628
C 342
R
P 0x7f2a7c191628
P 0x7f2a7c4873c8
C 10
R
P 0x7f2a7c191628
C 342
R
P 0x7f2a7c191628
P 0x7f2a7c19c028
C 10
R
P 0x7f2a7c191628
C 342
R
P 0x7f2a7c191628
P 0x7f2a7c19bc88
C 10
R
P 0x7f2a7c191628
C 342
R
P 0x7f2a7c191628
P 0x7f2a7c19bcc8
C 10
R
P 0x7f2a7c191628
C 342
R
P 0x7f2a7c191628
P 0x7f2a7c19c268
C 10
R
P 0x7f2a7c191628
C 342
R
P 0x7f2a7c191628
P 0x7f2a7c19c108
C 10
R
P 0x7f2a7c191628
C 342
R
P 0x7f2a7c191628
P 0x7f2a7c2cbeb0
C 10
R
P 0x7f2a7c191628
C 342
R
P 0x7f2a7c191628
P 0x7f2a7c487da0
C 10
R
P 0x7f2a7c191628
C 342
R
P 0x7f2a7c191628
P 0x7f2a7c48b2d0
C 10
R
P 0x7f2a7c191628
C 342
R
P 0x7f2a7c191628
P 0x7f2a7c19fa08
C 10
R
P 0x7f2a7c191628
C 342
R
P 0x7f2a7c191628
P 0x7f2a7c1a1820
C 10
R
P 0x7f2a7c191628
C 342
R
P 0x7f2a7c191628
P 0x7f2a7c48ca20
C 10
R
P 0x7f2a7c191628
C 342
R
P 0x7f2a7c191628
P 0x7f2a7c19c2a8
C 10
R
P 0x7f2a7c191628
C 342
R
P 0x7f2a7c191628
P 0x7f2a7c19bfc8
C 10
R
P 0x7f2a7c191628
C 342
R
P 0x7f2a7c191628
P 0x7f2a7c487198
C 10
R
P 0x7f2a7c191628
C 342
R
P 0x7f2a7c191628
P 0x7f2a7c19c088
C 10
R
P 0x7f2a7c191628
C 342
R
P 0x7f2a7c191628
P 0x7f2a7c2cb740
C 10
R
P 0x7f2a7c191628
C 342
R
P 0x7f2a7c191628
P 0x7f2a7c1a1938
C 10
R
P 0x7f2a7c191628
C 342
R
P 0x7f2a7c191628
P 0x7f2a7c19bc88
C 10
R
P 0x7f2a7c191628
C 342
R
P 0x7f2a7c191628
P 0x7f2a7c2cc930
C 10
R
P 0x7f2a7c191628
C 342
R
P 0x7f2a7c191628
P 0x7f2a7c19c028
C 10
R
P 0x7f2a7c191628
C 342
R
P 0x7f2a7c191628
P 0x7f2a7c487010
C 10
R
P 0x7f2a7c191628
C 342
R
P 0x7f2a7c191628
P 0x7f2a7c48c898
C 10
R
P 0x7f2a7c191628
C 342
R
P 0x7f2a7c191628
P 0x7f2a7c19c168
C 10
R
P 0x7f2a7c191628
C 342
R
P 0x7f2a7c191628
P 0x7f2a7c487ba8
C 10
R
P 0x7f2a7c191628
C 342
R
P 0x7f2a7c191628
P 0x7f2a7c48b228
C 10
R
P 0x7f2a7c191628
C 342
R
P 0x7f2a7c191628
P 0x7f2a7c48c5a0
C 10
R
P 0x7f2a7c191628
C 342
R
P 0x7f2a7c191628
P 0x7f2a7c488318
C 10
R
P 0x7f2a7c191628
C 342
R
P 0x7f2a7c191628
P 0x7f2a7c19bca8
C 10
R
P 0x7f2a7c191628
C 342
R
P 0x7f2a7c191628
P 0x7f2a7c48a520
C 10
R
P 0x7f2a7c191628
C 342
R
P 0x7f2a7c191628
P 0x7f2a7c48c488
C 10
R
P 0x7f2a7c191628
C 342
R
P 0x7f2a7c191628
P 0x7f2a7c1a2c08
C 10
R
P 0x7f2a7c191628
C 342
R
P 0x7f2a7c191628
P 0x7f2a7c19f848
C 10
R
P 0x7f2a7c191628
C 342
R
P 0x7f2a7c191628
P 0x7f2a7c1a21f8
C 10
R
P 0x7f2a7c191628
C 342
R
P 0x7f2a7c191628
P 0x7f2a7c1a1820
C 10
R
P 0x7f2a7c191628
C 342
R
P 0x7f2a7c191628
P 0x7f2a7c19c148
C 10
R
P 0x7f2a7c191628
C 342
R
P 0x7f2a7c191628
P 0x7f2a7c2cca48
C 10
R
P 0x7f2a7c191628
C 342
R
P 0x7f2a7c191628
P 0x7f2a7c19bfc8
C 10
R
P 0x7f2a7c191628
C 342
R
P 0x7f2a7c191628
P 0x7f2a7c487f60
C 10
R
P 0x7f2a7c191628
C 342
R
P 0x7f2a7c191628
P 0x7f2a7c487ba8
C 10
R
P 0x7f2a7c191628
C 342
R
P 0x7f2a7c191628
P 0x7f2a7c19bc88
C 10
R
P 0x7f2a7c191628
C 342
R
P 0x7f2a7c191628
P 0x7f2a7c475f20
C 10
R
P 0x7f2a7c191628
C 342
R
P 0x7f2a7c191628
P 0x7f2a7c487400
C 10
R
P 0x7f2a7c191628
C 342
R
P 0x7f2a7c191628
P 0x7f2a7c487e80
C 10
R
P 0x7f2a7c191628
C 342
R
P 0x7f2a7c191628
P 0x7f2a7c19c208
C 10
R
P 0x7f2a7c191628
C 342
R
P 0x7f2a7c191628
P 0x7f2a7c1a1778
C 10
R
P 0x7f2a7c191628
C 342
R
P 0x7f2a7c191628
P 0x7f2a7c19bf88
C 10
R
P 0x7f2a7c191628
C 342
R
P 0x7f2a7c191628
P 0x7f2a7c19c0a8
C 10
R
P 0x7f2a7c191628
C 342
R
P 0x7f2a7c191628
P 0x7f2a7c487080
C 10
R
P 0x7f2a7c191628
C 342
R
P 0x7f2a7c191628
P 0x7f2a7c19c1a8
C 10
R
P 0x7f2a7c191628
C 342
R
P 0x7f2a7c191628
P 0x7f2a7c1a1ac0
C 10
R
P 0x7f2a7c191628
C 342
R
P 0x7f2a7c191628
P 0x7f2a7c4872e8
C 10
R
P 0x7f2a7c191628
C 342
R
P 0x7f2a7c191628
P 0x7f2a7c19f848
C 10
R
P 0x7f2a7c191628
C 342
R
P 0x7f2a7c191628
P 0x7f2a7c19bfa8
C 10
R
P 0x7f2a7c191628
C 342
R
P 0x7f2a7c191628
P 0x7f2a7c19c008
C 10
R
P 0x7f2a7c191628
C 342
R
P 0x7f2a7c191628
P 0x7f2a7c48b7a0
C 10
R
P 0x7f2a7c191628
C 342
R
P 0x7f2a7c191628
P 0x7f2a7c19bcc8
C 10
R
P 0x7f2a7c191628
C 342
R
P 0x7f2a7c191628
P 0x7f2a7c19bc88
C 10
R
P 0x7f2a7c191628
C 342
R
P 0x7f2a7c191628
P 0x7f2a7c486fa0
C 10
R
P 0x7f2a7c191628
C 342
R
P 0x7f2a7c191628
P 0x7f2a7c1a2850
C 10
R
P 0x7f2a7c191628
C 342
R
P 0x7f2a7c191628
P 0x7f2a7c473978
C 10
R
P 0x7f2a7c191628
C 342
R
P 0x7f2a7c191628
P 0x7f2a7c19f948
C 10
R
P 0x7f2a7c191628
C 342
R
P 0x7f2a7c191628
P 0x7f2a7c19c2a8
C 10
R
P 0x7f2a7c191628
C 342
R
P 0x7f2a7c191628
P 0x7f2a7c2cbd98
C 10
R
P 0x7f2a7c191628
C 342
R
P 0x7f2a7c191628
P 0x7f2a7c19bc88
C 10
R
P 0x7f2a7c191628
C 342
R
P 0x7f2a7c191628
P 0x7f2a7c487e80
C 10
R
P 0x7f2a7c191628
C 342
R
P 0x7f2a7c191628
P 0x7f2a7c48b730
C 10
R
P 0x7f2a7c191628
C 342
R
P 0x7f2a7c191628
P 0x7f2a7c488158
C 10
R
P 0x7f2a7c191628
C 342
R
P 0x7f2a7c191628
P 0x7f2a7c1a18c8
C 10
R
P 0x7f2a7c191628
C 342
R
P 0x7f2a7c191628
P 0x7f2a7c1a21f8
C 10
R
P 0x7f2a7c191628
C 342
R
P 0x7f2a7c191628
P 0x7f2a7c19c1a8
C 10
R
P 0x7f2a7c191628
C 342
R
P 0x7f2a7c191628
P 0x7f2a7c19bc88
C 10
R
P 0x7f2a7c191628
C 342
R
P 0x7f2a7c191628
P 0x7f2a7c19c2a8
C 10
R
P 0x7f2a7c191628
C 342
R
P 0x7f2a7c191628
P 0x7f2a7c19f9c8
C 10
R
P 0x7f2a7c191628
C 342
R
P 0x7f2a7c191628
P 0x7f2a7c488190
C 10
R
P 0x7f2a7c191628
C 342
R
P 0x7f2a7c191628
P 0x7f2a7c19bc88
C 10
R
P 0x7f2a7c191628
C 342
R
P 0x7f2a7c191628
P 0x7f2a7c48d5f0
C 10
R
P 0x7f2a7c191628
C 342
R
P 0x7f2a7c191628
P 0x7f2a7c19bc88
C 10
R
P 0x7f2a7c191628
C 342
R
P 0x7f2a7c191628
P 0x7f2a7c19bd08
C 10
R
P 0x7f2a7c191628
C 342
R
P 0x7f2a7c191628
P 0x7f2a7c487a20
C 10
R
P 0x7f2a7c191628
C 342
R
P 0x7f2a7c191628
P 0x7f2a7c19bf68
C 10
R
P 0x7f2a7c191628
C 342
R
P 0x7f2a7c191628
P 0x7f2a7c1a17b0
C 10
R
P 0x7f2a7c191628
C 342
R
P 0x7f2a7c191628
P 0x7f2a7c479930
C 10
R
P 0x7f2a7c191628
C 342
R
P 0x7f2a7c191628
P 0x7f2a7c4795e8
C 10
R
P 0x7f2a7c191628
C 342
R
P 0x7f2a7c191628
P 0x7f2a7c19c088
C 10
R
P 0x7f2a7c191628
C 342
R
P 0x7f2a7c191628
P 0x7f2a7c487d68
C 10
R
P 0x7f2a7c191628
C 342
R
P 0x7f2a7c191628
P 0x7f2a7c19c0a8
C 10
R
P 0x7f2a7c191628
C 342
R
P 0x7f2a7c191628
P 0x7f2a7c1a17b0
C 10
R
P 0x7f2a7c191628
C 342
R
P 0x7f2a7c191628
P 0x7f2a7c1a29d8
C 10
R
P 0x7f2a7c191628
C 342
R
P 0x7f2a7c191628
P 0x7f2a7c4873c8
C 10
R
P 0x7f2a7c191628
C 342
R
P 0x7f2a7c191628
P 0x7f2a7c19bc88
C 10
R
P 0x7f2a7c191628
C 342
R
P 0x7f2a7c191628
P 0x7f2a7c19c048
C 10
R
P 0x7f2a7c191628
C 342
R
P 0x7f2a7c191628
P 0x7f2a7c487978
C 10
R
P 0x7f2a7c191628
C 342
R
P 0x7f2a7c191628
P 0x7f2a7c4873c8
C 10
R
P 0x7f2a7c191628
C 342
R
P 0x7f2a7c191628
P 0x7f2a7c19bc88
C 10
R
P 0x7f2a7c191628
C 342
R
P 0x7f2a7c191628
P 0x7f2a7c487f98
C 10
R
P 0x7f2a7c191628
C 342
R
P 0x7f2a7c191628
P 0x7f2a7c48bdf8
C 10
R
P 0x7f2a7c191628
C 342
R
P 0x7f2a7c191628
P 0x7f2a7c19bc88
C 10
R
P 0x7f2a7c191628
C 342
R
P 0x7f2a7c191628
P 0x7f2a7c479150
C 10
R
P 0x7f2a7c191628
C 342
R
P 0x7f2a7c191628
P 0x7f2a7c487b70
C 10
R
P 0x7f2a7c191628
C 342
R
P 0x7f2a7c191628
P 0x7f2a7c1a18c8
C 10
R
P 0x7f2a7c191628
C 342
R
P 0x7f2a7c191628
P 0x7f2a7c488190
C 10
R
P 0x7f2a7c191628
C 342
R
P 0x7f2a7c191628
P 0x7f2a7c19c1e8
C 10
R
P 0x7f2a7c191628
C 342
R
P 0x7f2a7c191628
P 0x7f2a7c19bc88
C 10
R
P 0x7f2a7c191628
C 342
R
P 0x7f2a7c191628
P 0x7f2a7c48d2a8
C 10
R
P 0x7f2a7c191628
C 342
R
P 0x7f2a7c191628
P 0x7f2a7c19c028
C 10
R
P 0x7f2a7c191628
C 342
R
P 0x7f2a7c191628
P 0x7f2a7c19bfc8
C 10
R
P 0x7f2a7c191628
C 342
R
P 0x7f2a7c191628
P 0x7f2a7c487978
C 10
R
P 0x7f2a7c191628
C 342
R
P 0x7f2a7c191628
P 0x7f2a7c48df90
C 10
R
P 0x7f2a7c191628
C 342
R
P 0x7f2a7c191628
P 0x7f2a7c19bc88
C 10
R
P 0x7f2a7c191628
C 342
R
P 0x7f2a7c191628
P 0x7f2a7c19c108
C 10
R
P 0x7f2a7c191628
C 342
R
P 0x7f2a7c191628
P 0x7f2a7c19c268
C 10
R
P 0x7f2a7c191628
C 342
R
P 0x7f2a7c191628
P 0x7f2a7c19fb48
C 10
R
P 0x7f2a7c191628
C 342
R
P 0x7f2a7c191628
P 0x7f2a7c1a1890
C 10
R
P 0x7f2a7c191628
C 342
R
P 0x7f2a7c191628
P 0x7f2a7c19c168
C 10
R
P 0x7f2a7c191628
C 342
R
P 0x7f2a7c191628
P 0x7f2a7c19bd08
C 10
R
P 0x7f2a7c191628
C 342
R
P 0x7f2a7c191628
P 0x7f2a7c19bc88
C 10
R
P 0x7f2a7c191628
C 342
R
P 0x7f2a7c191628
P 0x7f2a7c19bcc8
C 10
R
P 0x7f2a7c191628
C 342
R
P 0x7f2a7c191628
P 0x7f2a7c19c2a8
C 10
R
P 0x7f2a7c191628
C 342
R
P 0x7f2a7c191628
P 0x7f2a7c487908
C 10
R
P 0x7f2a7c191628
C 342
R
P 0x7f2a7c191628
P 0x7f2a7c488158
C 10
R
P 0x7f2a7c191628
C 342
R
P 0x7f2a7c191628
P 0x7f2a7c19fb08
C 10
R
P 0x7f2a7c191628
C 342
R
P 0x7f2a7c191628
P 0x7f2a7c48c2c8
C 10
R
P 0x7f2a7c191628
C 342
R
P 0x7f2a7c191628
P 0x7f2a7c19c088
C 10
R
P 0x7f2a7c191628
C 342
R
P 0x7f2a7c191628
P 0x7f2a7c488660
C 10
R
P 0x7f2a7c191628
C 342
R
P 0x7f2a7c191628
P 0x7f2a7c1a17b0
C 10
R
P 0x7f2a7c191628
C 342
R
P 0x7f2a7c191628
P 0x7f2a7c487908
C 10
R
P 0x7f2a7c191628
C 342
R
P 0x7f2a7c191628
P 0x7f2a7c487208
C 10
R
P 0x7f2a7c191628
C 342
R
P 0x7f2a7c191628
P 0x7f2a7c48bce0
C 10
R
P 0x7f2a7c191628
C 342
R
P 0x7f2a7c191628
P 0x7f2a7c1a1e08
C 10
R
P 0x7f2a7c191628
C 342
R
P 0x7f2a7c191628
P 0x7f2a7c487208
C 10
R
P 0x7f2a7c191628
C 342
R
P 0x7f2a7c191628
P 0x7f2a7c19bc88
C 10
R
P 0x7f2a7c191628
C 342
R
P 0x7f2a7c191628
P 0x7f2a7c19bc88
C 10
R
P 0x7f2a7c191628
C 342
R
P 0x7f2a7c191628
P 0x7f2a7c19c108
C 10
R
P 0x7f2a7c191628
C 342
R
P 0x7f2a7c191628
P 0x7f2a7c19e008
C 10
R
P 0x7f2a7c191628
C 342
R
P 0x7f2a7c191628
P 0x7f2a7c48bfb8
C 10
R
P 0x7f2a7c191628
C 342
R
P 0x7f2a7c191628
P 0x7f2a7c1a1cb8
C 10
R
P 0x7f2a7c191628
C 342
R
P 0x7f2a7c191628
P 0x7f2a7c487400
C 10
R
P 0x7f2a7c191628
C 342
R
P 0x7f2a7c191628
P 0x7f2a7c19bf68
C 10
R
P 0x7f2a7c191628
C 342
R
P 0x7f2a7c191628
P 0x7f2a7c48d200
C 10
R
P 0x7f2a7c191628
C 342
R
P 0x7f2a7c191628
P 0x7f2a7c19e938
C 10
R
P 0x7f2a7c191628
C 342
R
P 0x7f2a7c191628
P 0x7f2a7c19fa88
C 10
R
P 0x7f2a7c191628
C 342
R
P 0x7f2a7c191628
P 0x7f2a7c48a5c8
C 10
R
P 0x7f2a7c191628
C 342
R
P 0x7f2a7c191628
P 0x7f2a7c19dbb8
C 10
R
P 0x7f2a7c191628
C 342
R
P 0x7f2a7c191628
P 0x7f2a7c19bfc8
C 10
R
P 0x7f2a7c191628
C 342
R
P 0x7f2a7c191628
P 0x7f2a7c19fac8
C 10
R
P 0x7f2a7c191628
C 342
R
P 0x7f2a7c191628
P 0x7f2a7c473a98
C 10
R
P 0x7f2a7c191628
C 342
R
P 0x7f2a7c191628
P 0x7f2a7c19bc88
C 10
R
P 0x7f2a7c191628
C 342
R
P 0x7f2a7c191628
P 0x7f2a7c19c028
C 10
R
P 0x7f2a7c191628
C 342
R
P 0x7f2a7c191628
P 0x7f2a7c19c2a8
C 10
R
P 0x7f2a7c191628
C 342
R
P 0x7f2a7c191628
P 0x7f2a7c1a1890
C 10
R
P 0x7f2a7c191628
C 342
R
P 0x7f2a7c191628
P 0x7f2a7c2cc2a0
C 10
R
P 0x7f2a7c191628
C 342
R
P 0x7f2a7c191628
P 0x7f2a7c19bcc8
C 10
R
P 0x7f2a7c191628
C 342
R
P 0x7f2a7c191628
P 0x7f2a7c19c2a8
C 10
R
P 0x7f2a7c191628
C 342
R
P 0x7f2a7c191628
P 0x7f2a7c488270
C 10
R
P 0x7f2a7c191628
C 342
R
P 0x7f2a7c191628
P 0x7f2a7c19c2a8
C 10
R
P 0x7f2a7c191628
C 342
R
P 0x7f2a7c191628
P 0x7f2a7c1a1970
C 10
R
P 0x7f2a7c191628
C 342
R
P 0x7f2a7c191628
P 0x7f2a7c19fb08
C 10
R
P 0x7f2a7c191628
C 342
R
P 0x7f2a7c191628
P 0x7f2a7c19f948
C 10
R
P 0x7f2a7c191628
C 342
R
P 0x7f2a7c191628
P 0x7f2a7c487f98
C 10
R
P 0x7f2a7c191628
C 342
R
P 0x7f2a7c191628
P 0x7f2a7c19bc88
C 10
R
P 0x7f2a7c191628
C 342
R
P 0x7f2a7c191628
P 0x7f2a7c19c0a8
C 10
R
P 0x7f2a7c191628
C 342
R
P 0x7f2a7c191628
P 0x7f2a7c19c0a8
C 10
R
P 0x7f2a7c191628
C 342
R
P 0x7f2a7c191628
P 0x7f2a7c1a1858
C 10
R
P 0x7f2a7c191628
C 342
R
P 0x7f2a7c191628
P 0x7f2a7c1a25e8
C 10
R
P 0x7f2a7c191628
C 342
R
P 0x7f2a7c191628
P 0x7f2a7c19bf88
C 10
R
P 0x7f2a7c191628
C 342
R
P 0x7f2a7c191628
P 0x7f2a7c487908
C 10
R
P 0x7f2a7c191628
C 342
R
P 0x7f2a7c191628
P 0x7f2a7c48d548
C 10
R
P 0x7f2a7c191628
C 342
R
P 0x7f2a7c191628
P 0x7f2a7c19c1e8
C 10
R
P 0x7f2a7c191628
C 342
R
P 0x7f2a7c191628
P 0x7f2a7c1a17b0
C 10
R
P 0x7f2a7c191628
C 342
R
P 0x7f2a7c191628
P 0x7f2a7c19bc88
C 10
R
P 0x7f2a7c191628
C 342
R
P 0x7f2a7c191628
P 0x7f2a7c19c088
C 10
R
P 0x7f2a7c191628
C 342
R
P 0x7f2a7c191628
P 0x7f2a7c19bba8
C 10
R
P 0x7f2a7c191628
C 342
R
P 0x7f2a7c191628
P 0x7f2a7c19bfe8
C 10
R
P 0x7f2a7c191628
C 342
R
P 0x7f2a7c191628
P 0x7f2a7c19bc88
C 10
R
P 0x7f2a7c191628
C 342
R
P 0x7f2a7c191628
P 0x7f2a7c1a2ab8
C 10
R
P 0x7f2a7c191628
C 342
R
P 0x7f2a7c191628
P 0x7f2a7c1a1d28
C 10
R
P 0x7f2a7c191628
C 342
R
P 0x7f2a7c191628
P 0x7f2a7c19bc88
C 10
R
P 0x7f2a7c191628
C 342
R
P 0x7f2a7c191628
P 0x7f2a7c1a1938
C 10
R
P 0x7f2a7c191628
C 342
R
P 0x7f2a7c191628
P 0x7f2a7c486d70
C 10
R
P 0x7f2a7c191628
C 342
R
P 0x7f2a7c191628
P 0x7f2a7c486fd8
C 10
R
P 0x7f2a7c191628
C 342
R
P 0x7f2a7c191628
P 0x7f2a7c19bc88
C 10
R
P 0x7f2a7c191628
C 342
R
P 0x7f2a7c191628
P 0x7f2a7c19f988
C 10
R
P 0x7f2a7c191628
C 342
R
P 0x7f2a7c191628
P 0x7f2a7c48c7d0
C 10
R
P 0x7f2a7c191628
C 342
R
P 0x7f2a7c191628
P 0x7f2a7c486fa0
C 10
R
P 0x7f2a7c191628
C 342
R
P 0x7f2a7c191628
P 0x7f2a7c19c2a8
C 10
R
P 0x7f2a7c191628
C 342
R
P 0x7f2a7c191628
P 0x7f2a7c19c0e8
C 10
R
P 0x7f2a7c191628
C 342
R
P 0x7f2a7c191628
P 0x7f2a7c486fa0
C 10
R
P 0x7f2a7c191628
C 342
R
P 0x7f2a7c191628
P 0x7f2a7c489b80
C 10
R
P 0x7f2a7c191628
C 342
R
P 0x7f2a7c191628
P 0x7f2a7c19c0e8
C 10
R
P 0x7f2a7c191628
C 342
R
P 0x7f2a7c191628
P 0x7f2a7c19c0e8
C 10
R
P 0x7f2a7c191628
C 342
R
P 0x7f2a7c191628
P 0x7f2a7c475ee8
C 10
R
P 0x7f2a7c191628
C 342
R
P 0x7f2a7c191628
P 0x7f2a7c48b3b0
C 10
R
P 0x7f2a7c191628
C 342
R
P 0x7f2a7c191628
P 0x7f2a7c19c128
C 10
R
P 0x7f2a7c191628
C 342
R
P 0x7f2a7c191628
P 0x7f2a7c19bfa8
C 10
R
P 0x7f2a7c191628
C 342
R
P 0x7f2a7c191628
P 0x7f2a7c488c30
C 10
R
P 0x7f2a7c191628
C 342
R
P 0x7f2a7c191628
P 0x7f2a7c19fa48
C 10
R
P 0x7f2a7c191628
C 342
R
P 0x7f2a7c191628
P 0x7f2a7c19c088
C 10
R
P 0x7f2a7c191628
C 342
R
P 0x7f2a7c191628
P 0x7f2a7c479bd0
C 10
R
P 0x7f2a7c191628
C 342
R
P 0x7f2a7c191628
P 0x7f2a7c1a1858
C 10
R
P 0x7f2a7c191628
C 342
R
P 0x7f2a7c191628
P 0x7f2a7c48bdc0
C 10
R
P 0x7f2a7c191628
C 342
R
P 0x7f2a7c191628
P 0x7f2a7c19bc88
C 10
R
P 0x7f2a7c191628
C 342
R
P 0x7f2a7c191628
P 0x7f2a7c1a1778
C 10
R
P 0x7f2a7c191628
C 342
R
P 0x7f2a7c191628
P 0x7f2a7c48d740
C 10
R
P 0x7f2a7c191628
C 342
R
P 0x7f2a7c191628
P 0x7f2a7c487470
C 10
R
P 0x7f2a7c191628
C 342
R
P 0x7f2a7c191628
P 0x7f2a7c4872e8
C 10
R
P 0x7f2a7c191628
C 342
R
P 0x7f2a7c191628
P 0x7f2a7c19bc88
C 10
R
P 0x7f2a7c191628
C 342
R
P 0x7f2a7c191628
P 0x7f2a7c19bcc8
C 10
R
P 0x7f2a7c191628
C 342
R
P 0x7f2a7c191628
P 0x7f2a7c19bcc8
C 10
R
P 0x7f2a7c191628
C 342
R
P 0x7f2a7c191628
P 0x7f2a7c19bc88
C 10
R
P 0x7f2a7c191628
C 342
R
P 0x7f2a7c191628
P 0x7f2a7c19bc88
C 10
R
P 0x7f2a7c191628
C 342
R
P 0x7f2a7c191628
P 0x7f2a7c19bc88
C 10
R
P 0x7f2a7c191628
C 342
R
P 0x7f2a7c191628
P 0x7f2a7c487208
C 10
R
P 0x7f2a7c191628
C 342
R
P 0x7f2a7c191628
P 0x7f2a7c19c148
C 10
R
P 0x7f2a7c191628
C 342
R
P 0x7f2a7c191628
P 0x7f2a7c473f78
C 10
R
P 0x7f2a7c191628
C 342
R
P 0x7f2a7c191628
P 0x7f2a7c19bc88
C 10
R
P 0x7f2a7c191628
C 342
R
P 0x7f2a7c191628
P 0x7f2a7c1a20a8
C 10
R
P 0x7f2a7c191628
C 342
R
P 0x7f2a7c191628
P 0x7f2a7c487908
C 10
R
P 0x7f2a7c191628
C 342
R
P 0x7f2a7c191628
P 0x7f2a7c48c028
C 10
R
P 0x7f2a7c191628
C 342
R
P 0x7f2a7c191628
P 0x7f2a7c19bce8
C 10
R
P 0x7f2a7c191628
C 342
R
P 0x7f2a7c191628
P 0x7f2a7c19c088
C 10
R
P 0x7f2a7c191628
C 342
R
P 0x7f2a7c191628
P 0x7f2a7c473b88
C 10
R
P 0x7f2a7c191628
C 342
R
P 0x7f2a7c191628
P 0x7f2a7c19bc88
C 10
R
P 0x7f2a7c191628
C 342
R
P 0x7f2a7c191628
P 0x7f2a7c487da0
C 10
R
P 0x7f2a7c191628
C 342
R
P 0x7f2a7c191628
P 0x7f2a7c1a20a8
C 10
R
P 0x7f2a7c191628
C 342
R
P 0x7f2a7c191628
P 0x7f2a7c19bfa8
C 10
R
P 0x7f2a7c191628
C 342
R
P 0x7f2a7c191628
P 0x7f2a7c19bd08
C 10
R
P 0x7f2a7c191628
C 342
R
P 0x7f2a7c191628
P 0x7f2a7c4767a8
C 10
R
P 0x7f2a7c191628
C 342
R
P 0x7f2a7c191628
P 0x7f2a7c19bfc8
C 10
R
P 0x7f2a7c191628
C 342
R
P 0x7f2a7c191628
P 0x7f2a7c19bcc8
C 10
R
P 0x7f2a7c191628
C 342
R
P 0x7f2a7c191628
P 0x7f2a7c1a17e8
C 10
R
P 0x7f2a7c191628
C 342
R
P 0x7f2a7c191628
P 0x7f2a7c487240
C 10
R
P 0x7f2a7c191628
C 342
R
P 0x7f2a7c191628
P 0x7f2a7c19bc88
C 10
R
P 0x7f2a7c191628
C 342
R
P 0x7f2a7c191628
P 0x7f2a7c487f98
C 10
R
P 0x7f2a7c191628
C 342
R
P 0x7f2a7c191628
P 0x7f2a7c487908
C 10
R
P 0x7f2a7c191628
C 342
R
P 0x7f2a7c191628
P 0x7f2a7c487048
C 10
R
P 0x7f2a7c191628
C 342
R
P 0x7f2a7c191628
P 0x7f2a7c19c1e8
C 10
R
P 0x7f2a7c191628
C 342
R
P 0x7f2a7c191628
P 0x7f2a7c1a2498
C 10
R
P 0x7f2a7c191628
C 342
R
P 0x7f2a7c191628
P 0x7f2a7c19c028
C 10
R
P 0x7f2a7c191628
C 342
R
P 0x7f2a7c191628
P 0x7f2a7c19f948
C 10
R
P 0x7f2a7c191628
C 342
R
P 0x7f2a7c191628
P 0x7f2a7c487e80
C 10
R
P 0x7f2a7c191628
C 342
R
P 0x7f2a7c191628
P 0x7f2a7c476ee0
C 10
R
P 0x7f2a7c191628
C 342
R
P 0x7f2a7c191628
P 0x7f2a7c478fc8
C 10
R
P 0x7f2a7c191628
C 342
R
P 0x7f2a7c191628
P 0x7f2a7c2cbb68
C 10
R
P 0x7f2a7c191628
C 342
R
P 0x7f2a7c191628
P 0x7f2a7c19bc88
C 10
R
P 0x7f2a7c191628
C 342
R
P 0x7f2a7c191628
P 0x7f2a7c19fa08
C 10
R
P 0x7f2a7c191628
C 342
R
P 0x7f2a7c191628
P 0x7f2a7c487978
C 10
R
P 0x7f2a7c191628
C 342
R
P 0x7f2a7c191628
P 0x7f2a7c487e80
C 10
R
P 0x7f2a7c191628
C 342
R
P 0x7f2a7c191628
P 0x7f2a7c489db0
C 10
R
P 0x7f2a7c191628
C 342
R
P 0x7f2a7c191628
P 0x7f2a7c19c0e8
C 10
R
P 0x7f2a7c191628
C 342
R
P 0x7f2a7c191628
P 0x7f2a7c488008
C 10
R
P 0x7f2a7c191628
C 342
R
P 0x7f2a7c191628
P 0x7f2a7c4872e8
C 10
R
P 0x7f2a7c191628
C 342
R
P 0x7f2a7c191628
P 0x7f2a7c489720
C 10
R
P 0x7f2a7c191628
C 342
R
P 0x7f2a7c191628
P 0x7f2a7c487f60
C 10
R
P 0x7f2a7c191628
C 342
R
P 0x7f2a7c191628
P 0x7f2a7c19bc88
C 10
R
P 0x7f2a7c191628
C 342
R
P 0x7f2a7c191628
P 0x7f2a7c1a2930
C 10
R
P 0x7f2a7c191628
C 342
R
P 0x7f2a7c191628
P 0x7f2a7c1a23f0
C 10
R
P 0x7f2a7c191628
C 342
R
P 0x7f2a7c191628
P 0x7f2a7c486fd8
C 10
R
P 0x7f2a7c191628
C 342
R
P 0x7f2a7c191628
P 0x7f2a7c1a17b0
C 10
R
P 0x7f2a7c191628
C 342
R
P 0x7f2a7c191628
P 0x7f2a7c19c2a8
C 10
R
P 0x7f2a7c191628
C 342
R
P 0x7f2a7c191628
P 0x7f2a7c19c108
C 10
R
P 0x7f2a7c191628
C 342
R
P 0x7f2a7c191628
P 0x7f2a7c19c1a8
C 10
R
P 0x7f2a7c191628
C 342
R
P 0x7f2a7c191628
P 0x7f2a7c479e00
C 10
R
P 0x7f2a7c191628
C 342
R
P 0x7f2a7c191628
P 0x7f2a7c19bd08
C 10
R
P 0x7f2a7c191628
C 342
R
P 0x7f2a7c191628
P 0x7f2a7c473cd8
C 10
R
P 0x7f2a7c191628
C 342
R
P 0x7f2a7c191628
P 0x7f2a7c478820
C 10
R
P 0x7f2a7c191628
C 342
R
P 0x7f2a7c191628
P 0x7f2a7c19bca8
C 10
R
P 0x7f2a7c191628
C 342
R
P 0x7f2a7c191628
P 0x7f2a7c487400
C 10
R
P 0x7f2a7c191628
C 342
R
P 0x7f2a7c191628
P 0x7f2a7c19c028
C 10
R
P 0x7f2a7c191628
C 342
R
P 0x7f2a7c191628
P 0x7f2a7c1a18c8
C 10
R
P 0x7f2a7c191628
C 342
R
P 0x7f2a7c191628
P 0x7f2a7c48a050
C 10
R
P 0x7f2a7c191628
C 342
R
P 0x7f2a7c191628
P 0x7f2a7c1a2690
C 10
R
P 0x7f2a7c191628
C 342
R
P 0x7f2a7c191628
P 0x7f2a7c19c168
C 10
R
P 0x7f2a7c191628
C 342
R
P 0x7f2a7c191628
P 0x7f2a7c19bcc8
C 10
R
P 0x7f2a7c191628
C 342
R
P 0x7f2a7c191628
P 0x7f2a7c19bc88
C 10
R
P 0x7f2a7c191628
C 342
R
P 0x7f2a7c191628
P 0x7f2a7c1a1820
C 10
R
P 0x7f2a7c191628
C 342
R
P 0x7f2a7c191628
P 0x7f2a7c487390
C 10
R
P 0x7f2a7c191628
C 342
R
P 0x7f2a7c191628
P 0x7f2a7c487940
C 10
R
P 0x7f2a7c191628
C 342
R
P 0x7f2a7c191628
P 0x7f2a7c19c1a8
C 10
R
P 0x7f2a7c191628
C 342
R
P 0x7f2a7c191628
P 0x7f2a7c1a1f58
C 10
R
P 0x7f2a7c191628
C 342
R
P 0x7f2a7c191628
P 0x7f2a7c487208
C 10
R
P 0x7f2a7c191628
C 342
R
P 0x7f2a7c191628
P 0x7f2a7c19c2a8
C 10
R
P 0x7f2a7c191628
C 342
R
P 0x7f2a7c191628
P 0x7f2a7c19c108
C 10
R
P 0x7f2a7c191628
C 342
R
P 0x7f2a7c191628
P 0x7f2a7c19bf88
C 10
R
P 0x7f2a7c191628
C 342
R
P 0x7f2a7c191628
P 0x7f2a7c19c008
C 10
R
P 0x7f2a7c191628
C 342
R
P 0x7f2a7c191628
P 0x7f2a7c4873c8
C 10
R
P 0x7f2a7c191628
C 342
R
P 0x7f2a7c191628
P 0x7f2a7c487908
C 10
R
P 0x7f2a7c191628
C 342
R
P 0x7f2a7c191628
P 0x7f2a7c19bc88
C 10
R
P 0x7f2a7c191628
C 342
R
P 0x7f2a7c191628
P 0x7f2a7c19bfc8
C 10
R
P 0x7f2a7c191628
C 342
R
P 0x7f2a7c191628
P 0x7f2a7c19c028
C 10
R
P 0x7f2a7c191628
C 342
R
P 0x7f2a7c191628
P 0x7f2a7c19c148
C 10
R
P 0x7f2a7c191628
C 342
R
P 0x7f2a7c191628
P 0x7f2a7c19c148
C 10
R
P 0x7f2a7c191628
C 342
R
P 0x7f2a7c191628
P 0x7f2a7c487da0
C 10
R
P 0x7f2a7c191628
C 342
R
P 0x7f2a7c191628
P 0x7f2a7c19c088
C 10
R
P 0x7f2a7c191628
C 342
R
P 0x7f2a7c191628
P 0x7f2a7c487940
C 10
R
P 0x7f2a7c191628
C 342
R
P 0x7f2a7c191628
P 0x7f2a7c19c088
C 10
R
P 0x7f2a7c191628
C 342
R
P 0x7f2a7c191628
P 0x7f2a7c19e998
C 10
R
P 0x7f2a7c191628
C 342
R
P 0x7f2a7c191628
P 0x7f2a7c19c1a8
C 10
R
P 0x7f2a7c191628
C 342
R
P 0x7f2a7c191628
P 0x7f2a7c4869f0
C 10
R
P 0x7f2a7c191628
C 342
R
P 0x7f2a7c191628
P 0x7f2a7c19c1a8
C 10
R
P 0x7f2a7c191628
C 342
R
P 0x7f2a7c191628
P 0x7f2a7c19bd08
C 10
R
P 0x7f2a7c191628
C 342
R
P 0x7f2a7c191628
P 0x7f2a7c19c1a8
C 10
R
P 0x7f2a7c191628
C 342
R
P 0x7f2a7c191628
P 0x7f2a7c4888e8
C 10
R
P 0x7f2a7c191628
C 342
R
P 0x7f2a7c191628
P 0x7f2a7c19e908
C 10
R
P 0x7f2a7c191628
C 342
R
P 0x7f2a7c191628
P 0x7f2a7c487390
C 10
R
P 0x7f2a7c191628
C 342
R
P 0x7f2a7c191628
P 0x7f2a7c48d890
C 10
R
P 0x7f2a7c191628
C 342
R
P 0x7f2a7c191628
P 0x7f2a7c48c6f0
C 10
R
P 0x7f2a7c191628
C 342
R
P 0x7f2a7c191628
P 0x7f2a7c19c0a8
C 10
R
P 0x7f2a7c191628
C 342
R
P 0x7f2a7c191628
P 0x7f2a7c19bfc8
C 10
R
P 0x7f2a7c191628
C 342
R
P 0x7f2a7c191628
P 0x7f2a7c19c048
C 10
R
P 0x7f2a7c191628
C 342
R
P 0x7f2a7c191628
P 0x7f2a7c19c1e8
C 10
R
P 0x7f2a7c191628
C 342
R
P 0x7f2a7c191628
P 0x7f2a7c475a18
C 10
R
P 0x7f2a7c191628
C 342
R
P 0x7f2a7c191628
P 0x7f2a7c19bc88
C 10
R
P 0x7f2a7c191628
C 342
R
P 0x7f2a7c191628
P 0x7f2a7c487908
C 10
R
P 0x7f2a7c191628
C 342
R
P 0x7f2a7c191628
P 0x7f2a7c4873c8
C 10
R
P 0x7f2a7c191628
C 342
R
P 0x7f2a7c191628
P 0x7f2a7c487048
C 10
R
P 0x7f2a7c191628
C 342
R
P 0x7f2a7c191628
P 0x7f2a7c19c088
C 10
R
P 0x7f2a7c191628
C 342
R
P 0x7f2a7c191628
P 0x7f2a7c1a1820
C 10
R
P 0x7f2a7c191628
C 342
R
P 0x7f2a7c191628
P 0x7f2a7c19c028
C 10
R
P 0x7f2a7c191628
C 342
R
P 0x7f2a7c191628
P 0x7f2a7c19bfe8
C 10
R
P 0x7f2a7c191628
C 342
R
P 0x7f2a7c191628
P 0x7f2a7c487010
C 10
R
P 0x7f2a7c191628
C 342
R
P 0x7f2a7c191628
P 0x7f2a7c19c028
C 10
R
P 0x7f2a7c191628
C 342
R
P 0x7f2a7c191628
P 0x7f2a7c19c088
C 10
R
P 0x7f2a7c191628
C 342
R
P 0x7f2a7c191628
P 0x7f2a7c19bc88
C 10
R
P 0x7f2a7c191628
C 342
R
P 0x7f2a7c191628
P 0x7f2a7c487d68
C 10
R
P 0x7f2a7c191628
C 342
R
P 0x7f2a7c191628
P 0x7f2a7c487da0
C 10
R
P 0x7f2a7c191628
C 342
R
P 0x7f2a7c191628
P 0x7f2a7c476498
C 10
R
P 0x7f2a7c191628
C 342
R
P 0x7f2a7c191628
P 0x7f2a7c19bc88
C 10
R
P 0x7f2a7c191628
C 342
R
P 0x7f2a7c191628
P 0x7f2a7c19c028
C 10
R
P 0x7f2a7c191628
C 342
R
P 0x7f2a7c191628
P 0x7f2a7c19bc88
C 10
R
P 0x7f2a7c191628
C 342
R
P 0x7f2a7c191628
P 0x7f2a7c19c1a8
C 10
R
P 0x7f2a7c191628
C 342
R
P 0x7f2a7c191628
P 0x7f2a7c487010
C 10
R
P 0x7f2a7c191628
C 342
R
P 0x7f2a7c191628
P 0x7f2a7c19c068
C 10
R
P 0x7f2a7c191628
C 342
R
P 0x7f2a7c191628
P 0x7f2a7c487470
C 10
R
P 0x7f2a7c191628
C 342
R
P 0x7f2a7c191628
P 0x7f2a7c487240
C 10
R
P 0x7f2a7c191628
C 342
R
P 0x7f2a7c191628
P 0x7f2a7c19bf48
C 10
R
P 0x7f2a7c191628
C 342
R
P 0x7f2a7c191628
P 0x7f2a7c486fd8
C 10
R
P 0x7f2a7c191628
C 342
R
P 0x7f2a7c191628
P 0x7f2a7c19bcc8
C 10
R
P 0x7f2a7c191628
C 342
R
P 0x7f2a7c191628
P 0x7f2a7c19bc88
C 10
R
P 0x7f2a7c191628
C 342
R
P 0x7f2a7c191628
P 0x7f2a7c19f9c8
C 10
R
P 0x7f2a7c191628
C 342
R
P 0x7f2a7c191628
P 0x7f2a7c1a17b0
C 10
R
P 0x7f2a7c191628
C 342
R
P 0x7f2a7c191628
P 0x7f2a7c19f948
C 10
R
P 0x7f2a7c191628
C 342
R
P 0x7f2a7c191628
P 0x7f2a7c19bc88
C 10
R
P 0x7f2a7c191628
C 342
R
P 0x7f2a7c191628
P 0x7f2a7c19c028
C 10
R
P 0x7f2a7c191628
C 342
R
P 0x7f2a7c191628
P 0x7f2a7c488ca0
C 10
R
P 0x7f2a7c191628
C 342
R
P 0x7f2a7c191628
P 0x7f2a7c19c2a8
C 10
R
P 0x7f2a7c191628
C 342
R
P 0x7f2a7c191628
P 0x7f2a7c487240
C 10
R
P 0x7f2a7c191628
C 342
R
P 0x7f2a7c191628
P 0x7f2a7c19bfc8
C 10
R
P 0x7f2a7c191628
C 342
R
P 0x7f2a7c191628
P 0x7f2a7c487e80
C 10
R
P 0x7f2a7c191628
C 342
R
P 0x7f2a7c191628
P 0x7f2a7c19c1a8
C 10
R
P 0x7f2a7c191628
C 342
R
P 0x7f2a7c191628
P 0x7f2a7c19c1e8
C 10
R
P 0x7f2a7c191628
C 342
R
P 0x7f2a7c191628
P 0x7f2a7c19c268
C 10
R
P 0x7f2a7c191628
C 342
R
P 0x7f2a7c191628
P 0x7f2a7c19c248
C 10
R
P 0x7f2a7c191628
C 342
R
P 0x7f2a7c191628
P 0x7f2a7c487d68
C 10
R
P 0x7f2a7c191628
C 342
R
P 0x7f2a7c191628
P 0x7f2a7c19bcc8
C 10
R
P 0x7f2a7c191628
C 342
R
P 0x7f2a7c191628
P 0x7f2a7c19bfe8
C 10
R
P 0x7f2a7c191628
C 342
R
P 0x7f2a7c191628
P 0x7f2a7c478468
C 10
R
P 0x7f2a7c191628
C 342
R
P 0x7f2a7c191628
P 0x7f2a7c488158
C 10
R
P 0x7f2a7c191628
C 342
R
P 0x7f2a7c191628
P 0x7f2a7c19e7e8
C 10
R
P 0x7f2a7c191628
C 342
R
P 0x7f2a7c191628
P 0x7f2a7c19c168
C 10
R
P 0x7f2a7c191628
C 342
R
P 0x7f2a7c191628
P 0x7f2a7c19bf88
C 10
R
P 0x7f2a7c191628
C 342
R
P 0x7f2a7c191628
P 0x7f2a7c19c0e8
C 10
R
P 0x7f2a7c191628
C 342
R
P 0x7f2a7c191628
P 0x7f2a7c19c1a8
C 10
R
P 0x7f2a7c191628
C 342
R
P 0x7f2a7c191628
P 0x7f2a7c487438
C 10
R
P 0x7f2a7c191628
C 342
R
P 0x7f2a7c191628
P 0x7f2a7c487208
C 10
R
P 0x7f2a7c191628
C 342
R
P 0x7f2a7c191628
P 0x7f2a7c476508
C 10
R
P 0x7f2a7c191628
C 342
R
P 0x7f2a7c191628
P 0x7f2a7c19bcc8
C 10
R
P 0x7f2a7c191628
C 342
R
P 0x7f2a7c191628
P 0x7f2a7c19fb08
C 10
R
P 0x7f2a7c191628
C 342
R
P 0x7f2a7c191628
P 0x7f2a7c19bcc8
C 10
R
P 0x7f2a7c191628
C 342
R
P 0x7f2a7c191628
P 0x7f2a7c487390
C 10
R
P 0x7f2a7c191628
C 342
R
P 0x7f2a7c191628
P 0x7f2a7c2cd0a0
C 10
R
P 0x7f2a7c191628
C 342
R
P 0x7f2a7c191628
P 0x7f2a7c479118
C 10
R
P 0x7f2a7c191628
C 342
R
P 0x7f2a7c191628
P 0x7f2a7c487908
C 10
R
P 0x7f2a7c191628
C 342
R
P 0x7f2a7c191628
P 0x7f2a7c19bc88
C 10
R
P 0x7f2a7c191628
C 342
R
P 0x7f2a7c191628
P 0x7f2a7c19bc88
C 10
R
P 0x7f2a7c191628
C 342
R
P 0x7f2a7c191628
P 0x7f2a7c19bc88
C 10
R
P 0x7f2a7c191628
C 342
R
P 0x7f2a7c191628
P 0x7f2a7c487208
C 10
R
P 0x7f2a7c191628
C 342
R
P 0x7f2a7c191628
P 0x7f2a7c19bfc8
C 10
R
P 0x7f2a7c191628
C 342
R
P 0x7f2a7c191628
P 0x7f2a7c19bc88
C 10
R
P 0x7f2a7c191628
C 342
R
P 0x7f2a7c191628
P 0x7f2a7c488190
C 10
R
P 0x7f2a7c191628
C 342
R
P 0x7f2a7c191628
P 0x7f2a7c4872b0
C 10
R
P 0x7f2a7c191628
C 342
R
P 0x7f2a7c191628
P 0x7f2a7c19eed8
C 10
R
P 0x7f2a7c191628
C 342
R
P 0x7f2a7c191628
P 0x7f2a7c19c028
C 10
R
P 0x7f2a7c191628
C 342
R
P 0x7f2a7c191628
P 0x7f2a7c19c048
C 10
R
P 0x7f2a7c191628
C 342
R
P 0x7f2a7c191628
P 0x7f2a7c1a2578
C 10
R
P 0x7f2a7c191628
C 342
R
P 0x7f2a7c191628
P 0x7f2a7c19bcc8
C 10
R
P 0x7f2a7c191628
C 342
R
P 0x7f2a7c191628
P 0x7f2a7c1a2348
C 10
R
P 0x7f2a7c191628
C 342
R
P 0x7f2a7c191628
P 0x7f2a7c4873c8
C 10
R
P 0x7f2a7c191628
C 342
R
P 0x7f2a7c191628
P 0x7f2a7c19bf88
C 10
R
P 0x7f2a7c191628
C 342
R
P 0x7f2a7c191628
P 0x7f2a7c19c048
C 10
R
P 0x7f2a7c191628
C 342
R
P 0x7f2a7c191628
P 0x7f2a7c19c0c8
C 10
R
P 0x7f2a7c191628
C 342
R
P 0x7f2a7c191628
P 0x7f2a7c19c268
C 10
R
P 0x7f2a7c191628
C 342
R
P 0x7f2a7c191628
P 0x7f2a7c19f848
C 10
R
P 0x7f2a7c191628
C 342
R
P 0x7f2a7c191628
P 0x7f2a7c19bc88
C 10
R
P 0x7f2a7c191628
C 342
R
P 0x7f2a7c191628
P 0x7f2a7c48a718
C 10
R
P 0x7f2a7c191628
C 342
R
P 0x7f2a7c191628
P 0x7f2a7c48ba78
C 10
R
P 0x7f2a7c191628
C 342
R
P 0x7f2a7c191628
P 0x7f2a7c4887e8
C 10
R
P 0x7f2a7c191628
C 342
R
P 0x7f2a7c191628
P 0x7f2a7c487010
C 10
R
P 0x7f2a7c191628
C 342
R
P 0x7f2a7c191628
P 0x7f2a7c487f60
C 10
R
P 0x7f2a7c191628
C 342
R
P 0x7f2a7c191628
P 0x7f2a7c19bfa8
C 10
R
P 0x7f2a7c191628
C 342
R
P 0x7f2a7c191628
P 0x7f2a7c19c028
C 10
R
P 0x7f2a7c191628
C 342
R
P 0x7f2a7c191628
P 0x7f2a7c19e788
C 10
R
P 0x7f2a7c191628
C 342
R
P 0x7f2a7c191628
P 0x7f2a7c476ea8
C 10
R
P 0x7f2a7c191628
C 342
R
P 0x7f2a7c191628
P 0x7f2a7c19c148
C 10
R
P 0x7f2a7c191628
C 342
R
P 0x7f2a7c191628
P 0x7f2a7c19bfe8
C 10
R
P 0x7f2a7c191628
C 342
R
P 0x7f2a7c191628
P 0x7f2a7c2cb820
C 10
R
P 0x7f2a7c191628
C 342
R
P 0x7f2a7c191628
P 0x7f2a7c19bfc8
C 10
R
P 0x7f2a7c191628
C 342
R
P 0x7f2a7c191628
P 0x7f2a7c19c188
C 10
R
P 0x7f2a7c191628
C 342
R
P 0x7f2a7c191628
P 0x7f2a7c19c028
C 10
R
P 0x7f2a7c191628
C 342
R
P 0x7f2a7c191628
P 0x7f2a7c486fd8
C 10
R
P 0x7f2a7c191628
C 342
R
P 0x7f2a7c191628
P 0x7f2a7c19bce8
C 10
R
P 0x7f2a7c191628
C 342
R
P 0x7f2a7c191628
P 0x7f2a7c486fd8
C 10
R
P 0x7f2a7c191628
C 342
R
P 0x7f2a7c191628
P 0x7f2a7c478580
C 10
R
P 0x7f2a7c191628
C 342
R
P 0x7f2a7c191628
P 0x7f2a7c479658
C 10
R
P 0x7f2a7c191628
C 342
R
P 0x7f2a7c191628
P 0x7f2a7c19bc88
C 10
R
P 0x7f2a7c191628
C 342
R
P 0x7f2a7c191628
P 0x7f2a7c19c088
C 10
R
P 0x7f2a7c191628
C 342
R
P 0x7f2a7c191628
P 0x7f2a7c1a18c8
C 10
R
P 0x7f2a7c191628
C 342
R
P 0x7f2a7c191628
P 0x7f2a7c489218
C 10
R
P 0x7f2a7c191628
C 342
R
P 0x7f2a7c191628
P 0x7f2a7c19bc88
C 10
R
P 0x7f2a7c191628
C 342
R
P 0x7f2a7c191628
P 0x7f2a7c19c148
C 10
R
P 0x7f2a7c191628
C 342
R
P 0x7f2a7c191628
P 0x7f2a7c487908
C 10
R
P 0x7f2a7c191628
C 342
R
P 0x7f2a7c191628
P 0x7f2a7c19bfc8
C 10
R
P 0x7f2a7c191628
C 342
R
P 0x7f2a7c191628
P 0x7f2a7c487080
C 10
R
P 0x7f2a7c191628
C 342
R
P 0x7f2a7c191628
P 0x7f2a7c487d68
C 10
R
P 0x7f2a7c191628
C 342
R
P 0x7f2a7c191628
P 0x7f2a7c2cd2d0
C 10
R
P 0x7f2a7c191628
C 342
R
P 0x7f2a7c191628
P 0x7f2a7c19bcc8
C 10
R
P 0x7f2a7c191628
C 342
R
P 0x7f2a7c191628
P 0x7f2a7c4872e8
C 10
R
P 0x7f2a7c191628
C 342
R
P 0x7f2a7c191628
P 0x7f2a7c2cbe78
C 10
R
P 0x7f2a7c191628
C 342
R
P 0x7f2a7c191628
P 0x7f2a7c1a1778
C 10
R
P 0x7f2a7c191628
C 342
R
P 0x7f2a7c191628
P 0x7f2a7c19bb48
C 10
R
P 0x7f2a7c191628
C 342
R
P 0x7f2a7c191628
P 0x7f2a7c19bc88
C 10
R
P 0x7f2a7c191628
C 342
R
P 0x7f2a7c191628
P 0x7f2a7c19c2a8
C 10
R
P 0x7f2a7c191628
C 342
R
P 0x7f2a7c191628
P 0x7f2a7c19f888
C 10
R
P 0x7f2a7c191628
C 342
R
P 0x7f2a7c191628
P 0x7f2a7c19c048
C 10
R
P 0x7f2a7c191628
C 342
R
P 0x7f2a7c191628
P 0x7f2a7c486d00
C 10
R
P 0x7f2a7c191628
C 342
R
P 0x7f2a7c191628
P 0x7f2a7c19bfc8
C 10
R
P 0x7f2a7c191628
C 342
R
P 0x7f2a7c191628
P 0x7f2a7c4873c8
C 10
R
P 0x7f2a7c191628
C 342
R
P 0x7f2a7c191628
P 0x7f2a7c487438
C 10
R
P 0x7f2a7c191628
C 342
R
P 0x7f2a7c191628
P 0x7f2a7c1a1820
C 10
R
P 0x7f2a7c191628
C 342
R
P 0x7f2a7c191628
P 0x7f2a7c488270
C 10
R
P 0x7f2a7c191628
C 342
R
P 0x7f2a7c191628
P 0x7f2a7c19c208
C 10
R
P 0x7f2a7c191628
C 342
R
P 0x7f2a7c191628
P 0x7f2a7c19bfc8
C 10
R
P 0x7f2a7c191628
C 342
R
P 0x7f2a7c191628
P 0x7f2a7c488158
C 10
R
P 0x7f2a7c191628
C 342
R
P 0x7f2a7c191628
P 0x7f2a7c19c148
C 10
R
P 0x7f2a7c191628
C 342
R
P 0x7f2a7c191628
P 0x7f2a7c487da0
C 10
R
P 0x7f2a7c191628
C 342
R
P 0x7f2a7c191628
P 0x7f2a7c487940
C 10
R
P 0x7f2a7c191628
C 342
R
P 0x7f2a7c191628
P 0x7f2a7c19c0e8
C 10
R
P 0x7f2a7c191628
C 342
R
P 0x7f2a7c191628
P 0x7f2a7c19bc88
C 10
R
P 0x7f2a7c191628
C 342
R
P 0x7f2a7c191628
P 0x7f2a7c1a26c8
C 10
R
P 0x7f2a7c191628
C 342
R
P 0x7f2a7c191628
P 0x7f2a7c19fac8
C 10
R
P 0x7f2a7c191628
C 342
R
P 0x7f2a7c191628
P 0x7f2a7c4884a0
C 10
R
P 0x7f2a7c191628
C 342
R
P 0x7f2a7c191628
P 0x7f2a7c19e7b8
C 10
R
P 0x7f2a7c191628
C 342
R
P 0x7f2a7c191628
P 0x7f2a7c19c268
C 10
R
P 0x7f2a7c191628
C 342
R
P 0x7f2a7c191628
P 0x7f2a7c4879b0
C 10
R
P 0x7f2a7c191628
C 342
R
P 0x7f2a7c191628
P 0x7f2a7c19fa08
C 10
R
P 0x7f2a7c191628
C 342
R
P 0x7f2a7c191628
P 0x7f2a7c2cce38
C 10
R
P 0x7f2a7c191628
C 342
R
P 0x7f2a7c191628
P 0x7f2a7c19c1a8
C 10
R
P 0x7f2a7c191628
C 342
R
P 0x7f2a7c191628
P 0x7f2a7c19c088
C 10
R
P 0x7f2a7c191628
C 342
R
P 0x7f2a7c191628
P 0x7f2a7c19c1c8
C 10
R
P 0x7f2a7c191628
C 342
R
P 0x7f2a7c191628
P 0x7f2a7c1a20a8
C 10
R
P 0x7f2a7c191628
C 342
R
P 0x7f2a7c191628
P 0x7f2a7c19bcc8
C 10
R
P 0x7f2a7c191628
C 342
R
P 0x7f2a7c191628
P 0x7f2a7c2cc930
C 10
R
P 0x7f2a7c191628
C 342
R
P 0x7f2a7c191628
P 0x7f2a7c19c0c8
C 10
R
P 0x7f2a7c191628
C 342
R
P 0x7f2a7c191628
P 0x7f2a7c1a2e00
C 10
R
P 0x7f2a7c191628
C 342
R
P 0x7f2a7c191628
P 0x7f2a7c2cd4c8
C 10
R
P 0x7f2a7c191628
C 342
R
P 0x7f2a7c191628
P 0x7f2a7c487dd8
C 10
R
P 0x7f2a7c191628
C 342
R
P 0x7f2a7c191628
P 0x7f2a7c4872e8
C 10
R
P 0x7f2a7c191628
C 342
R
P 0x7f2a7c191628
P 0x7f2a7c19bfe8
C 10
R
P 0x7f2a7c191628
C 342
R
P 0x7f2a7c191628
P 0x7f2a7c48b500
C 10
R
P 0x7f2a7c191628
C 342
R
P 0x7f2a7c191628
P 0x7f2a7c1a1c48
C 10
R
P 0x7f2a7c191628
C 342
R
P 0x7f2a7c191628
P 0x7f2a7c489870
C 10
R
P 0x7f2a7c191628
C 342
R
P 0x7f2a7c191628
P 0x7f2a7c19e458
C 10
R
P 0x7f2a7c191628
C 342
R
P 0x7f2a7c191628
P 0x7f2a7c19bf88
C 10
R
P 0x7f2a7c191628
C 342
R
P 0x7f2a7c191628
P 0x7f2a7c487c18
C 10
R
P 0x7f2a7c191628
C 342
R
P 0x7f2a7c191628
P 0x7f2a7c19bf88
C 10
R
P 0x7f2a7c191628
C 342
R
P 0x7f2a7c191628
P 0x7f2a7c19c2a8
C 10
R
P 0x7f2a7c191628
C 342
R
P 0x7f2a7c191628
P 0x7f2a7c19bc88
C 10
R
P 0x7f2a7c191628
C 342
R
P 0x7f2a7c191628
P 0x7f2a7c19bc88
C 10
R
P 0x7f2a7c191628
C 342
R
P 0x7f2a7c191628
P 0x7f2a7c487240
C 10
R
P 0x7f2a7c191628
C 342
R
P 0x7f2a7c191628
P 0x7f2a7c19bfa8
C 10
R
P 0x7f2a7c191628
C 342
R
P 0x7f2a7c191628
P 0x7f2a7c489a30
C 10
R
P 0x7f2a7c191628
C 342
R
P 0x7f2a7c191628
P 0x7f2a7c486fa0
C 10
R
P 0x7f2a7c191628
C 342
R
P 0x7f2a7c191628
P 0x7f2a7c1a17b0
C 10
R
P 0x7f2a7c191628
C 342
R
P 0x7f2a7c191628
P 0x7f2a7c488190
C 10
R
P 0x7f2a7c191628
C 342
R
P 0x7f2a7c191628
P 0x7f2a7c487d68
C 10
R
P 0x7f2a7c191628
C 342
R
P 0x7f2a7c191628
P 0x7f2a7c488190
C 10
R
P 0x7f2a7c191628
C 342
R
P 0x7f2a7c191628
P 0x7f2a7c19bc88
C 10
R
P 0x7f2a7c191628
C 342
R
P 0x7f2a7c191628
P 0x7f2a7c19c028
C 10
R
P 0x7f2a7c191628
C 342
R
P 0x7f2a7c191628
P 0x7f2a7c1a21f8
C 10
R
P 0x7f2a7c191628
C 342
R
P 0x7f2a7c191628
P 0x7f2a7c1a1820
C 10
R
P 0x7f2a7c191628
C 342
R
P 0x7f2a7c191628
P 0x7f2a7c1a1820
C 10
R
P 0x7f2a7c191628
C 342
R
P 0x7f2a7c191628
P 0x7f2a7c1a2f18
C 10
R
P 0x7f2a7c191628
C 342
R
P 0x7f2a7c191628
P 0x7f2a7c19c0e8
C 10
R
P 0x7f2a7c191628
C 342
R
P 0x7f2a7c191628
P 0x7f2a7c487978
C 10
R
P 0x7f2a7c191628
C 342
R
P 0x7f2a7c191628
P 0x7f2a7c19bcc8
C 10
R
P 0x7f2a7c191628
C 342
R
P 0x7f2a7c191628
P 0x7f2a7c1a1890
C 10
R
P 0x7f2a7c191628
C 342
R
P 0x7f2a7c191628
P 0x7f2a7c487908
C 10
R
P 0x7f2a7c191628
C 342
R
P 0x7f2a7c191628
P 0x7f2a7c19bc88
C 10
R
P 0x7f2a7c191628
C 342
R
P 0x7f2a7c191628
P 0x7f2a7c19bcc8
C 10
R
P 0x7f2a7c191628
C 342
R
P 0x7f2a7c191628
P 0x7f2a7c487080
C 10
R
P 0x7f2a7c191628
C 342
R
P 0x7f2a7c191628
P 0x7f2a7c475858
C 10
R
P 0x7f2a7c191628
C 342
R
P 0x7f2a7c191628
P 0x7f2a7c487c88
C 10
R
P 0x7f2a7c191628
C 342
R
P 0x7f2a7c191628
P 0x7f2a7c19c208
C 10
R
P 0x7f2a7c191628
C 342
R
P 0x7f2a7c191628
P 0x7f2a7c487080
C 10
R
P 0x7f2a7c191628
C 342
R
P 0x7f2a7c191628
P 0x7f2a7c19bcc8
C 10
R
P 0x7f2a7c191628
C 342
R
P 0x7f2a7c191628
P 0x7f2a7c19f058
C 10
R
P 0x7f2a7c191628
C 342
R
P 0x7f2a7c191628
P 0x7f2a7c19c088
C 10
R
P 0x7f2a7c191628
C 342
R
P 0x7f2a7c191628
P 0x7f2a7c19c2a8
C 10
R
P 0x7f2a7c191628
C 342
R
P 0x7f2a7c191628
P 0x7f2a7c487b70
C 10
R
P 0x7f2a7c191628
C 342
R
P 0x7f2a7c191628
P 0x7f2a7c2cb9e0
C 10
R
P 0x7f2a7c191628
C 342
R
P 0x7f2a7c191628
P 0x7f2a7c487e80
C 10
R
P 0x7f2a7c191628
C 342
R
P 0x7f2a7c191628
P 0x7f2a7c19bc88
C 10
R
P 0x7f2a7c191628
C 342
R
P 0x7f2a7c191628
P 0x7f2a7c19bc88
C 10
R
P 0x7f2a7c191628
C 342
R
P 0x7f2a7c191628
P 0x7f2a7c19c028
C 10
R
P 0x7f2a7c191628
C 342
R
P 0x7f2a7c191628
P 0x7f2a7c19bfc8
C 10
R
P 0x7f2a7c191628
C 342
R
P 0x7f2a7c191628
P 0x7f2a7c19bc88
C 10
R
P 0x7f2a7c191628
C 342
R
P 0x7f2a7c191628
P 0x7f2a7c19e968
C 10
R
P 0x7f2a7c191628
C 342
R
P 0x7f2a7c191628
P 0x7f2a7c19bc88
C 10
R
P 0x7f2a7c191628
C 342
R
P 0x7f2a7c191628
P 0x7f2a7c19bf68
C 10
R
P 0x7f2a7c191628
C 342
R
P 0x7f2a7c191628
P 0x7f2a7c4873c8
C 10
R
P 0x7f2a7c191628
C 342
R
P 0x7f2a7c191628
P 0x7f2a7c1a18c8
C 10
R
P 0x7f2a7c191628
C 342
R
P 0x7f2a7c191628
P 0x7f2a7c487400
C 10
R
P 0x7f2a7c191628
C 342
R
P 0x7f2a7c191628
P 0x7f2a7c479c78
C 10
R
P 0x7f2a7c191628
C 342
R
P 0x7f2a7c191628
P 0x7f2a7c487010
C 10
R
P 0x7f2a7c191628
C 342
R
P 0x7f2a7c191628
P 0x7f2a7c48b570
C 10
R
P 0x7f2a7c191628
C 342
R
P 0x7f2a7c191628
P 0x7f2a7c19bc88
C 10
R
P 0x7f2a7c191628
C 342
R
P 0x7f2a7c191628
P 0x7f2a7c19bc88
C 10
R
P 0x7f2a7c191628
C 342
R
P 0x7f2a7c191628
P 0x7f2a7c4794d0
C 10
R
P 0x7f2a7c191628
C 342
R
P 0x7f2a7c191628
P 0x7f2a7c1a1970
C 10
R
P 0x7f2a7c191628
C 342
R
P 0x7f2a7c191628
P 0x7f2a7c19c148
C 10
R
P 0x7f2a7c191628
C 342
R
P 0x7f2a7c191628
P 0x7f2a7c19c1c8
C 10
R
P 0x7f2a7c191628
C 342
R
P 0x7f2a7c191628
P 0x7f2a7c19fa48
C 10
R
P 0x7f2a7c191628
C 342
R
P 0x7f2a7c191628
P 0x7f2a7c1a30a0
C 10
R
P 0x7f2a7c191628
C 342
R
P 0x7f2a7c191628
P 0x7f2a7c1a1820
C 10
R
P 0x7f2a7c191628
C 342
R
P 0x7f2a7c191628
P 0x7f2a7c487438
C 10
R
P 0x7f2a7c191628
C 342
R
P 0x7f2a7c191628
P 0x7f2a7c19f848
C 10
R
P 0x7f2a7c191628
C 342
R
P 0x7f2a7c191628
P 0x7f2a7c19bcc8
C 10
R
P 0x7f2a7c191628
C 342
R
P 0x7f2a7c191628
P 0x7f2a7c19bfc8
C 10
R
P 0x7f2a7c191628
C 342
R
P 0x7f2a7c191628
P 0x7f2a7c487400
C 10
R
P 0x7f2a7c191628
C 342
R
P 0x7f2a7c191628
P 0x7f2a7c487be0
C 10
R
P 0x7f2a7c191628
C 342
R
P 0x7f2a7c191628
P 0x7f2a7c19bc88
C 10
R
P 0x7f2a7c191628
C 342
R
P 0x7f2a7c191628
P 0x7f2a7c1a1cb8
C 10
R
P 0x7f2a7c191628
C 342
R
P 0x7f2a7c191628
P 0x7f2a7c48cdd8
C 10
R
P 0x7f2a7c191628
C 342
R
P 0x7f2a7c191628
P 0x7f2a7c487f60
C 10
R
P 0x7f2a7c191628
C 342
R
P 0x7f2a7c191628
P 0x7f2a7c19bc88
C 10
R
P 0x7f2a7c191628
C 342
R
P 0x7f2a7c191628
P 0x7f2a7c1a2348
C 10
R
P 0x7f2a7c191628
C 342
R
P 0x7f2a7c191628
P 0x7f2a7c487278
C 10
R
P 0x7f2a7c191628
C 342
R
P 0x7f2a7c191628
P 0x7f2a7c19c1a8
C 10
R
P 0x7f2a7c191628
C 342
R
P 0x7f2a7c191628
P 0x7f2a7c19bf68
C 10
R
P 0x7f2a7c191628
C 342
R
P 0x7f2a7c191628
P 0x7f2a7c19bc88
C 10
R
P 0x7f2a7c191628
C 342
R
P 0x7f2a7c191628
P 0x7f2a7c486fa0
C 10
R
P 0x7f2a7c191628
C 342
R
P 0x7f2a7c191628
P 0x7f2a7c19bcc8
C 10
R
P 0x7f2a7c191628
C 342
R
P 0x7f2a7c191628
P 0x7f2a7c1a1778
C 10
R
P 0x7f2a7c191628
C 342
R
P 0x7f2a7c191628
P 0x7f2a7c19bb48
C 10
R
P 0x7f2a7c191628
C 342
R
P 0x7f2a7c191628
P 0x7f2a7c19bc88
C 10
R
P 0x7f2a7c191628
C 342
R
P 0x7f2a7c191628
P 0x7f2a7c1a1d98
C 10
R
P 0x7f2a7c191628
C 342
R
P 0x7f2a7c191628
P 0x7f2a7c19bca8
C 10
R
P 0x7f2a7c191628
C 342
R
P 0x7f2a7c191628
P 0x7f2a7c1a17b0
C 10
R
P 0x7f2a7c191628
C 342
R
P 0x7f2a7c191628
P 0x7f2a7c487b70
C 10
R
P 0x7f2a7c191628
C 342
R
P 0x7f2a7c191628
P 0x7f2a7c19bf68
C 10
R
P 0x7f2a7c191628
C 342
R
P 0x7f2a7c191628
P 0x7f2a7c19bc88
C 10
R
P 0x7f2a7c191628
C 342
R
P 0x7f2a7c191628
P 0x7f2a7c19bd08
C 10
R
P 0x7f2a7c191628
C 342
R
P 0x7f2a7c191628
P 0x7f2a7c487390
C 10
R
P 0x7f2a7c191628
C 342
R
P 0x7f2a7c191628
P 0x7f2a7c19bcc8
C 10
R
P 0x7f2a7c191628
C 342
R
P 0x7f2a7c191628
P 0x7f2a7c19bcc8
C 10
R
P 0x7f2a7c191628
C 342
R
P 0x7f2a7c191628
P 0x7f2a7c473c48
C 10
R
P 0x7f2a7c191628
C 342
R
P 0x7f2a7c191628
P 0x7f2a7c4874a8
C 10
R
P 0x7f2a7c191628
C 342
R
P 0x7f2a7c191628
P 0x7f2a7c19c188
C 10
R
P 0x7f2a7c191628
C 342
R
P 0x7f2a7c191628
P 0x7f2a7c19bcc8
C 10
R
P 0x7f2a7c191628
C 342
R
P 0x7f2a7c191628
P 0x7f2a7c487010
C 10
R
P 0x7f2a7c191628
C 342
R
P 0x7f2a7c191628
P 0x7f2a7c19c2a8
C 10
R
P 0x7f2a7c191628
C 342
R
P 0x7f2a7c191628
P 0x7f2a7c19c008
C 10
R
P 0x7f2a7c191628
C 342
R
P 0x7f2a7c191628
P 0x7f2a7c19bc88
C 10
R
P 0x7f2a7c191628
C 342
R
P 0x7f2a7c191628
P 0x7f2a7c488158
C 10
R
P 0x7f2a7c191628
C 342
R
P 0x7f2a7c191628
P 0x7f2a7c478708
C 10
R
P 0x7f2a7c191628
C 342
R
P 0x7f2a7c191628
P 0x7f2a7c19bc88
C 10
R
P 0x7f2a7c191628
C 342
R
P 0x7f2a7c191628
P 0x7f2a7c19c2a8
C 10
R
P 0x7f2a7c191628
C 342
R
P 0x7f2a7c191628
P 0x7f2a7c19c0e8
C 10
R
P 0x7f2a7c191628
C 342
R
P 0x7f2a7c191628
P 0x7f2a7c19bc88
C 10
R
P 0x7f2a7c191628
C 342
R
P 0x7f2a7c191628
P 0x7f2a7c1a2d90
C 10
R
P 0x7f2a7c191628
C 342
R
P 0x7f2a7c191628
P 0x7f2a7c19bfe8
C 10
R
P 0x7f2a7c191628
C 342
R
P 0x7f2a7c191628
P 0x7f2a7c487390
C 10
R
P 0x7f2a7c191628
C 342
R
P 0x7f2a7c191628
P 0x7f2a7c487d68
C 10
R
P 0x7f2a7c191628
C 342
R
P 0x7f2a7c191628
P 0x7f2a7c19bc88
C 10
R
P 0x7f2a7c191628
C 342
R
P 0x7f2a7c191628
P 0x7f2a7c4754d8
C 10
R
P 0x7f2a7c191628
C 342
R
P 0x7f2a7c191628
P 0x7f2a7c19bc88
C 10
R
P 0x7f2a7c191628
C 342
R
P 0x7f2a7c191628
P 0x7f2a7c19fb08
C 10
R
P 0x7f2a7c191628
C 342
R
P 0x7f2a7c191628
P 0x7f2a7c487908
C 10
R
P 0x7f2a7c191628
C 342
R
P 0x7f2a7c191628
P 0x7f2a7c48d0b0
C 10
R
P 0x7f2a7c191628
C 342
R
P 0x7f2a7c191628
P 0x7f2a7c488200
C 10
R
P 0x7f2a7c191628
C 342
R
P 0x7f2a7c191628
P 0x7f2a7c487080
C 10
R
P 0x7f2a7c191628
C 342
R
P 0x7f2a7c191628
P 0x7f2a7c1a17b0
C 10
R
P 0x7f2a7c191628
C 342
R
P 0x7f2a7c191628
P 0x7f2a7c486fa0
C 10
R
P 0x7f2a7c191628
C 342
R
P 0x7f2a7c191628
P 0x7f2a7c487b70
C 10
R
P 0x7f2a7c191628
C 342
R
P 0x7f2a7c191628
P 0x7f2a7c1a18c8
C 10
R
P 0x7f2a7c191628
C 342
R
P 0x7f2a7c191628
P 0x7f2a7c487470
C 10
R
P 0x7f2a7c191628
C 342
R
P 0x7f2a7c191628
P 0x7f2a7c19bc88
C 10
R
P 0x7f2a7c191628
C 342
R
P 0x7f2a7c191628
P 0x7f2a7c19bfc8
C 10
R
P 0x7f2a7c191628
C 342
R
P 0x7f2a7c191628
P 0x7f2a7c19fb08
C 10
R
P 0x7f2a7c191628
C 342
R
P 0x7f2a7c191628
P 0x7f2a7c489bf0
C 10
R
P 0x7f2a7c191628
C 342
R
P 0x7f2a7c191628
P 0x7f2a7c1a2348
C 10
R
P 0x7f2a7c191628
C 342
R
P 0x7f2a7c191628
P 0x7f2a7c48d698
C 10
R
P 0x7f2a7c191628
C 342
R
P 0x7f2a7c191628
P 0x7f2a7c19c028
C 10
R
P 0x7f2a7c191628
C 342
R
P 0x7f2a7c191628
P 0x7f2a7c478430
C 10
R
P 0x7f2a7c191628
C 342
R
P 0x7f2a7c191628
P 0x7f2a7c1a20a8
C 10
R
P 0x7f2a7c191628
C 342
R
P 0x7f2a7c191628
P 0x7f2a7c487f98
C 10
R
P 0x7f2a7c191628
C 342
R
P 0x7f2a7c191628
P 0x7f2a7c487240
C 10
R
P 0x7f2a7c191628
C 342
R
P 0x7f2a7c191628
P 0x7f2a7c1a18c8
C 10
R
P 0x7f2a7c191628
C 342
R
P 0x7f2a7c191628
P 0x7f2a7c19c2a8
C 10
R
P 0x7f2a7c191628
C 342
R
P 0x7f2a7c191628
P 0x7f2a7c487240
C 10
R
P 0x7f2a7c191628
C 342
R
P 0x7f2a7c191628
P 0x7f2a7c19bcc8
C 10
R
P 0x7f2a7c191628
C 342
R
P 0x7f2a7c191628
P 0x7f2a7c19fa88
C 10
R
P 0x7f2a7c191628
C 342
R
P 0x7f2a7c191628
P 0x7f2a7c478c10
C 10
R
P 0x7f2a7c191628
C 342
R
P 0x7f2a7c191628
P 0x7f2a7c475cb8
C 10
R
P 0x7f2a7c191628
C 342
R
P 0x7f2a7c191628
P 0x7f2a7c487470
C 10
R
P 0x7f2a7c191628
C 342
R
P 0x7f2a7c191628
P 0x7f2a7c2ccb60
C 10
R
P 0x7f2a7c191628
C 342
R
P 0x7f2a7c191628
P 0x7f2a7c475ba0
C 10
R
P 0x7f2a7c191628
C 342
R
P 0x7f2a7c191628
P 0x7f2a7c19bf88
C 10
R
P 0x7f2a7c191628
C 342
R
P 0x7f2a7c191628
P 0x7f2a7c19bc88
C 10
R
P 0x7f2a7c191628
C 342
R
P 0x7f2a7c191628
P 0x7f2a7c1a1f58
C 10
R
P 0x7f2a7c191628
C 342
R
P 0x7f2a7c191628
P 0x7f2a7c19c148
C 10
R
P 0x7f2a7c191628
C 342
R
P 0x7f2a7c191628
P 0x7f2a7c1a1890
C 10
R
P 0x7f2a7c191628
C 342
R
P 0x7f2a7c191628
P 0x7f2a7c19c148
C 10
R
P 0x7f2a7c191628
C 342
R
P 0x7f2a7c191628
P 0x7f2a7c19c2a8
C 10
R
P 0x7f2a7c191628
C 342
R
P 0x7f2a7c191628
P 0x7f2a7c19c028
C 10
R
P 0x7f2a7c191628
C 342
R
P 0x7f2a7c191628
P 0x7f2a7c1a17b0
C 10
R
P 0x7f2a7c191628
C 342
R
P 0x7f2a7c191628
P 0x7f2a7c488468
C 10
R
P 0x7f2a7c191628
C 342
R
P 0x7f2a7c191628
P 0x7f2a7c19f888
C 10
R
P 0x7f2a7c191628
C 342
R
P 0x7f2a7c191628
P 0x7f2a7c19bcc8
C 10
R
P 0x7f2a7c191628
C 342
R
P 0x7f2a7c191628
P 0x7f2a7c487400
C 10
R
P 0x7f2a7c191628
C 342
R
P 0x7f2a7c191628
P 0x7f2a7c487dd8
C 10
R
P 0x7f2a7c191628
C 342
R
P 0x7f2a7c191628
P 0x7f2a7c1a1858
C 10
R
P 0x7f2a7c191628
C 342
R
P 0x7f2a7c191628
P 0x7f2a7c475bd8
C 10
R
P 0x7f2a7c191628
C 342
R
P 0x7f2a7c191628
P 0x7f2a7c19bd08
C 10
R
P 0x7f2a7c191628
C 342
R
P 0x7f2a7c191628
P 0x7f2a7c19bf88
C 10
R
P 0x7f2a7c191628
C 342
R
P 0x7f2a7c191628
P 0x7f2a7c19c028
C 10
R
P 0x7f2a7c191628
C 342
R
P 0x7f2a7c191628
P 0x7f2a7c487390
C 10
R
P 0x7f2a7c191628
C 342
R
P 0x7f2a7c191628
P 0x7f2a7c47a110
C 10
R
P 0x7f2a7c191628
C 342
R
P 0x7f2a7c191628
P 0x7f2a7c19c248
C 10
R
P 0x7f2a7c191628
C 342
R
P 0x7f2a7c191628
P 0x7f2a7c19c028
C 10
R
P 0x7f2a7c191628
C 342
R
P 0x7f2a7c191628
P 0x7f2a7c19c2a8
C 10
R
P 0x7f2a7c191628
C 342
R
P 0x7f2a7c191628
P 0x7f2a7c19bfe8
C 10
R
P 0x7f2a7c191628
C 342
R
P 0x7f2a7c191628
P 0x7f2a7c19bc88
C 10
R
P 0x7f2a7c191628
C 342
R
P 0x7f2a7c191628
P 0x7f2a7c19c1a8
C 10
R
P 0x7f2a7c191628
C 342
R
P 0x7f2a7c191628
P 0x7f2a7c19d048
C 10
R
P 0x7f2a7c191628
C 342
R
P 0x7f2a7c191628
P 0x7f2a7c19bcc8
C 10
R
P 0x7f2a7c191628
C 342
R
P 0x7f2a7c191628
P 0x7f2a7c19bc88
C 10
R
P 0x7f2a7c191628
C 342
R
P 0x7f2a7c191628
P 0x7f2a7c19c028
C 10
R
P 0x7f2a7c191628
C 342
R
P 0x7f2a7c191628
P 0x7f2a7c19bce8
C 10
R
P 0x7f2a7c191628
C 342
R
P 0x7f2a7c191628
P 0x7f2a7c1a2498
C 10
R
P 0x7f2a7c191628
C 342
R
P 0x7f2a7c191628
P 0x7f2a7c486fd8
C 10
R
P 0x7f2a7c191628
C 342
R
P 0x7f2a7c191628
P 0x7f2a7c19dd98
C 10
R
P 0x7f2a7c191628
C 342
R
P 0x7f2a7c191628
P 0x7f2a7c4872e8
C 10
R
P 0x7f2a7c191628
C 342
R
P 0x7f2a7c191628
P 0x7f2a7c19bc88
C 10
R
P 0x7f2a7c191628
C 342
R
P 0x7f2a7c191628
P 0x7f2a7c19c048
C 10
R
P 0x7f2a7c191628
C 342
R
P 0x7f2a7c191628
P 0x7f2a7c488a70
C 10
R
P 0x7f2a7c191628
C 342
R
P 0x7f2a7c191628
P 0x7f2a7c19bc28
C 10
R
P 0x7f2a7c191628
C 342
R
P 0x7f2a7c191628
P 0x7f2a7c19c128
C 10
R
P 0x7f2a7c191628
C 342
R
P 0x7f2a7c191628
P 0x7f2a7c488158
C 10
R
P 0x7f2a7c191628
C 342
R
P 0x7f2a7c191628
P 0x7f2a7c19fa08
C 10
R
P 0x7f2a7c191628
C 342
R
P 0x7f2a7c191628
P 0x7f2a7c487400
C 10
R
P 0x7f2a7c191628
C 342
R
P 0x7f2a7c191628
P 0x7f2a7c19c088
C 10
R
P 0x7f2a7c191628
C 342
R
P 0x7f2a7c191628
P 0x7f2a7c19c1a8
C 10
R
P 0x7f2a7c191628
C 342
R
P 0x7f2a7c191628
P 0x7f2a7c488430
C 10
R
P 0x7f2a7c191628
C 342
R
P 0x7f2a7c191628
P 0x7f2a7c1a17e8
C 10
R
P 0x7f2a7c191628
C 342
R
P 0x7f2a7c191628
P 0x7f2a7c19bc88
C 10
R
P 0x7f2a7c191628
C 342
R
P 0x7f2a7c191628
P 0x7f2a7c19c1c8
C 10
R
P 0x7f2a7c191628
C 342
R
P 0x7f2a7c191628
P 0x7f2a7c19e848
C 10
R
P 0x7f2a7c191628
C 342
R
P 0x7f2a7c191628
P 0x7f2a7c1a1820
C 10
R
P 0x7f2a7c191628
C 342
R
P 0x7f2a7c191628
P 0x7f2a7c19bc88
C 10
R
P 0x7f2a7c191628
C 342
R
P 0x7f2a7c191628
P 0x7f2a7c1a18c8
C 10
R
P 0x7f2a7c191628
C 342
R
P 0x7f2a7c191628
P 0x7f2a7c1a1970
C 10
R
P 0x7f2a7c191628
C 342
R
P 0x7f2a7c191628
P 0x7f2a7c19bfc8
C 10
R
P 0x7f2a7c191628
C 342
R
P 0x7f2a7c191628
P 0x7f2a7c4879e8
C 10
R
P 0x7f2a7c191628
C 342
R
P 0x7f2a7c191628
P 0x7f2a7c19bc88
C 10
R
P 0x7f2a7c191628
C 342
R
P 0x7f2a7c191628
P 0x7f2a7c1a17b0
C 10
R
P 0x7f2a7c191628
C 342
R
P 0x7f2a7c191628
P 0x7f2a7c19fb08
C 10
R
P 0x7f2a7c191628
C 342
R
P 0x7f2a7c191628
P 0x7f2a7c487390
C 10
R
P 0x7f2a7c191628
C 342
R
P 0x7f2a7c191628
P 0x7f2a7c1a1890
C 10
R
P 0x7f2a7c191628
C 342
R
P 0x7f2a7c191628
P 0x7f2a7c19bfc8
C 10
R
P 0x7f2a7c191628
C 342
R
P 0x7f2a7c191628
P 0x7f2a7c19bc88
C 10
R
P 0x7f2a7c191628
C 342
R
P 0x7f2a7c191628
P 0x7f2a7c19bd08
C 10
R
P 0x7f2a7c191628
C 342
R
P 0x7f2a7c191628
P 0x7f2a7c48b0a0
C 10
R
P 0x7f2a7c191628
C 342
R
P 0x7f2a7c191628
P 0x7f2a7c19bc88
C 10
R
P 0x7f2a7c191628
C 342
R
P 0x7f2a7c191628
P 0x7f2a7c19c1a8
C 10
R
P 0x7f2a7c191628
C 342
R
P 0x7f2a7c191628
P 0x7f2a7c487908
C 10
R
P 0x7f2a7c191628
C 342
R
P 0x7f2a7c191628
P 0x7f2a7c487438
C 10
R
P 0x7f2a7c191628
C 342
R
P 0x7f2a7c191628
P 0x7f2a7c487208
C 10
R
P 0x7f2a7c191628
C 342
R
P 0x7f2a7c191628
P 0x7f2a7c1a1778
C 10
R
P 0x7f2a7c191628
C 342
R
P 0x7f2a7c191628
P 0x7f2a7c4873c8
C 10
R
P 0x7f2a7c191628
C 342
R
P 0x7f2a7c191628
P 0x7f2a7c1a1858
C 10
R
P 0x7f2a7c191628
C 342
R
P 0x7f2a7c191628
P 0x7f2a7c48b458
C 10
R
P 0x7f2a7c191628
C 342
R
P 0x7f2a7c191628
P 0x7f2a7c487da0
C 10
R
P 0x7f2a7c191628
C 342
R
P 0x7f2a7c191628
P 0x7f2a7c19fa48
C 10
R
P 0x7f2a7c191628
C 342
R
P 0x7f2a7c191628
P 0x7f2a7c19bc88
C 10
R
P 0x7f2a7c191628
C 342
R
P 0x7f2a7c191628
P 0x7f2a7c479f50
C 10
R
P 0x7f2a7c191628
C 342
R
P 0x7f2a7c191628
P 0x7f2a7c487f60
C 10
R
P 0x7f2a7c191628
C 342
R
P 0x7f2a7c191628
P 0x7f2a7c19c028
C 10
R
P 0x7f2a7c191628
C 342
R
P 0x7f2a7c191628
P 0x7f2a7c487908
C 10
R
P 0x7f2a7c191628
C 342
R
P 0x7f2a7c191628
P 0x7f2a7c1a25b0
C 10
R
P 0x7f2a7c191628
C 342
R
P 0x7f2a7c191628
P 0x7f2a7c1a1cf0
C 10
R
P 0x7f2a7c191628
C 342
R
P 0x7f2a7c191628
P 0x7f2a7c19fa48
C 10
R
P 0x7f2a7c191628
C 342
R
P 0x7f2a7c191628
P 0x7f2a7c1a1890
C 10
R
P 0x7f2a7c191628
C 342
R
P 0x7f2a7c191628
P 0x7f2a7c19bd08
C 10
R
P 0x7f2a7c191628
C 342
R
P 0x7f2a7c191628
P 0x7f2a7c486fa0
C 10
R
P 0x7f2a7c191628
C 342
R
P 0x7f2a7c191628
P 0x7f2a7c19bfc8
C 10
R
P 0x7f2a7c191628
C 342
R
P 0x7f2a7c191628
P 0x7f2a7c1a2738
C 10
R
P 0x7f2a7c191628
C 342
R
P 0x7f2a7c191628
P 0x7f2a7c486fd8
C 10
R
P 0x7f2a7c191628
C 342
R
P 0x7f2a7c191628
P 0x7f2a7c478d60
C 10
R
P 0x7f2a7c191628
C 342
R
P 0x7f2a7c191628
P 0x7f2a7c19c148
C 10
R
P 0x7f2a7c191628
C 342
R
P 0x7f2a7c191628
P 0x7f2a7c486fa0
C 10
R
P 0x7f2a7c191628
C 342
R
P 0x7f2a7c191628
P 0x7f2a7c487978
C 10
R
P 0x7f2a7c191628
C 342
R
P 0x7f2a7c191628
P 0x7f2a7c1a1890
C 10
R
P 0x7f2a7c191628
C 342
R
P 0x7f2a7c191628
P 0x7f2a7c19bc88
C 10
R
P 0x7f2a7c191628
C 342
R
P 0x7f2a7c191628
P 0x7f2a7c486fd8
C 10
R
P 0x7f2a7c191628
C 342
R
P 0x7f2a7c191628
P 0x7f2a7c19bcc8
C 10
R
P 0x7f2a7c191628
C 342
R
P 0x7f2a7c191628
P 0x7f2a7c487da0
C 10
R
P 0x7f2a7c191628
C 342
R
P 0x7f2a7c191628
P 0x7f2a7c19bc88
C 10
R
P 0x7f2a7c191628
C 342
R
P 0x7f2a7c191628
P 0x7f2a7c486fd8
C 10
R
P 0x7f2a7c191628
C 342
R
P 0x7f2a7c191628
P 0x7f2a7c19bcc8
C 10
R
P 0x7f2a7c191628
C 342
R
P 0x7f2a7c191628
P 0x7f2a7c19c268
C 10
R
P 0x7f2a7c191628
C 342
R
P 0x7f2a7c191628
P 0x7f2a7c2cbf58
C 10
R
P 0x7f2a7c191628
C 342
R
P 0x7f2a7c191628
P 0x7f2a7c1a17b0
C 10
R
P 0x7f2a7c191628
C 342
R
P 0x7f2a7c191628
P 0x7f2a7c19c2a8
C 10
R
P 0x7f2a7c191628
C 342
R
P 0x7f2a7c191628
P 0x7f2a7c19bf88
C 10
R
P 0x7f2a7c191628
C 342
R
P 0x7f2a7c191628
P 0x7f2a7c2ccce8
C 10
R
P 0x7f2a7c191628
C 342
R
P 0x7f2a7c191628
P 0x7f2a7c19c0e8
C 10
R
P 0x7f2a7c191628
C 342
R
P 0x7f2a7c191628
P 0x7f2a7c19e278
C 10
R
P 0x7f2a7c191628
C 342
R
P 0x7f2a7c191628
P 0x7f2a7c19bc88
C 10
R
P 0x7f2a7c191628
C 342
R
P 0x7f2a7c191628
P 0x7f2a7c48cef0
C 10
R
P 0x7f2a7c191628
C 342
R
P 0x7f2a7c191628
P 0x7f2a7c19bc88
C 10
R
P 0x7f2a7c191628
C 342
R
P 0x7f2a7c191628
P 0x7f2a7c487c18
C 10
R
P 0x7f2a7c191628
C 342
R
P 0x7f2a7c191628
P 0x7f2a7c487240
C 10
R
P 0x7f2a7c191628
C 342
R
P 0x7f2a7c191628
P 0x7f2a7c19bc88
C 10
R
P 0x7f2a7c191628
C 342
R
P 0x7f2a7c191628
P 0x7f2a7c4872b0
C 10
R
P 0x7f2a7c191628
C 342
R
P 0x7f2a7c191628
P 0x7f2a7c19bfc8
C 10
R
P 0x7f2a7c191628
C 342
R
P 0x7f2a7c191628
P 0x7f2a7c1a18c8
C 10
R
P 0x7f2a7c191628
C 342
R
P 0x7f2a7c191628
P 0x7f2a7c1a28c0
C 10
R
P 0x7f2a7c191628
C 342
R
P 0x7f2a7c191628
P 0x7f2a7c19c428
C 10
R
P 0x7f2a7c191628
C 342
R
P 0x7f2a7c191628
P 0x7f2a7c19c028
C 10
R
P 0x7f2a7c191628
C 342
R
P 0x7f2a7c191628
P 0x7f2a7c48a478
C 10
R
P 0x7f2a7c191628
C 342
R
P 0x7f2a7c191628
P 0x7f2a7c19c1c8
C 10
R
P 0x7f2a7c191628
C 342
R
P 0x7f2a7c191628
P 0x7f2a7c19c0e8
C 10
R
P 0x7f2a7c191628
C 342
R
P 0x7f2a7c191628
P 0x7f2a7c1a18c8
C 10
R
P 0x7f2a7c191628
C 342
R
P 0x7f2a7c191628
P 0x7f2a7c19c148
C 10
R
P 0x7f2a7c191628
C 342
R
P 0x7f2a7c191628
P 0x7f2a7c19bc48
C 10
R
P 0x7f2a7c191628
C 342
R
P 0x7f2a7c191628
P 0x7f2a7c19fa08
C 10
R
P 0x7f2a7c191628
C 342
R
P 0x7f2a7c191628
P 0x7f2a7c487240
C 10
R
P 0x7f2a7c191628
C 342
R
P 0x7f2a7c191628
P 0x7f2a7c19c268
C 10
R
P 0x7f2a7c191628
C 342
R
P 0x7f2a7c191628
P 0x7f2a7c479380
C 10
R
P 0x7f2a7c191628
C 342
R
P 0x7f2a7c191628
P 0x7f2a7c476a48
C 10
R
P 0x7f2a7c191628
C 342
R
P 0x7f2a7c191628
P 0x7f2a7c19c088
C 10
R
P 0x7f2a7c191628
C 342
R
P 0x7f2a7c191628
P 0x7f2a7c19bc88
C 10
R
P 0x7f2a7c191628
C 342
R
P 0x7f2a7c191628
P 0x7f2a7c19c0c8
C 10
R
P 0x7f2a7c191628
C 342
R
P 0x7f2a7c191628
P 0x7f2a7c487940
C 10
R
P 0x7f2a7c191628
C 342
R
P 0x7f2a7c191628
P 0x7f2a7c19c168
C 10
R
P 0x7f2a7c191628
C 342
R
P 0x7f2a7c191628
P 0x7f2a7c488158
C 10
R
P 0x7f2a7c191628
C 342
R
P 0x7f2a7c191628
P 0x7f2a7c19c0e8
C 10
R
P 0x7f2a7c191628
C 342
R
P 0x7f2a7c191628
P 0x7f2a7c19c048
C 10
R
P 0x7f2a7c191628
C 342
R
P 0x7f2a7c191628
P 0x7f2a7c19c108
C 10
R
P 0x7f2a7c191628
C 342
R
P 0x7f2a7c191628
P 0x7f2a7c19c208
C 10
R
P 0x7f2a7c191628
C 342
R
P 0x7f2a7c191628
P 0x7f2a7c19bc88
C 10
R
P 0x7f2a7c191628
C 342
R
P 0x7f2a7c191628
P 0x7f2a7c1a1858
C 10
R
P 0x7f2a7c191628
C 342
R
P 0x7f2a7c191628
P 0x7f2a7c19c088
C 10
R
P 0x7f2a7c191628
C 342
R
P 0x7f2a7c191628
P 0x7f2a7c1a17b0
C 10
R
P 0x7f2a7c191628
C 342
R
P 0x7f2a7c191628
P 0x7f2a7c19bc88
C 10
R
P 0x7f2a7c191628
C 342
R
P 0x7f2a7c191628
P 0x7f2a7c19bd08
C 10
R
P 0x7f2a7c191628
C 342
R
P 0x7f2a7c191628
P 0x7f2a7c487f60
C 10
R
P 0x7f2a7c191628
C 342
R
P 0x7f2a7c191628
P 0x7f2a7c19bc88
C 10
R
P 0x7f2a7c191628
C 342
R
P 0x7f2a7c191628
P 0x7f2a7c19bc88
C 10
R
P 0x7f2a7c191628
C 342
R
P 0x7f2a7c191628
P 0x7f2a7c486c20
C 10
R
P 0x7f2a7c191628
C 342
R
P 0x7f2a7c191628
P 0x7f2a7c48ab98
C 10
R
P 0x7f2a7c191628
C 342
R
P 0x7f2a7c191628
P 0x7f2a7c1a1900
C 10
R
P 0x7f2a7c191628
C 342
R
P 0x7f2a7c191628
P 0x7f2a7c1a17b0
C 10
R
P 0x7f2a7c191628
C 342
R
P 0x7f2a7c191628
P 0x7f2a7c19bd08
C 10
R
P 0x7f2a7c191628
C 342
R
P 0x7f2a7c191628
P 0x7f2a7c487908
C 10
R
P 0x7f2a7c191628
C 342
R
P 0x7f2a7c191628
P 0x7f2a7c19bcc8
C 10
R
P 0x7f2a7c191628
C 342
R
P 0x7f2a7c191628
P 0x7f2a7c1a1e08
C 10
R
P 0x7f2a7c191628
C 342
R
P 0x7f2a7c191628
P 0x7f2a7c19b1e8
C 10
R
P 0x7f2a7c191628
C 342
R
P 0x7f2a7c191628
P 0x7f2a7c487048
C 10
R
P 0x7f2a7c191628
C 342
R
P 0x7f2a7c191628
P 0x7f2a7c19bc88
C 10
R
P 0x7f2a7c191628
C 342
R
P 0x7f2a7c191628
P 0x7f2a7c19f9c8
C 10
R
P 0x7f2a7c191628
C 342
R
P 0x7f2a7c191628
P 0x7f2a7c1a2348
C 10
R
P 0x7f2a7c191628
C 342
R
P 0x7f2a7c191628
P 0x7f2a7c19bc88
C 10
R
P 0x7f2a7c191628
C 342
R
P 0x7f2a7c191628
P 0x7f2a7c487a58
C 10
R
P 0x7f2a7c191628
C 342
R
P 0x7f2a7c191628
P 0x7f2a7c19bc88
C 10
R
P 0x7f2a7c191628
C 342
R
P 0x7f2a7c191628
P 0x7f2a7c487a58
C 10
R
P 0x7f2a7c191628
C 342
R
P 0x7f2a7c191628
P 0x7f2a7c19bce8
C 10
R
P 0x7f2a7c191628
C 342
R
P 0x7f2a7c191628
P 0x7f2a7c19c0c8
C 10
R
P 0x7f2a7c191628
C 342
R
P 0x7f2a7c191628
P 0x7f2a7c19c1a8
C 10
R
P 0x7f2a7c191628
C 342
R
P 0x7f2a7c191628
P 0x7f2a7c487b70
C 10
R
P 0x7f2a7c191628
C 342
R
P 0x7f2a7c191628
P 0x7f2a7c19bc88
C 10
R
P 0x7f2a7c191628
C 342
R
P 0x7f2a7c191628
P 0x7f2a7c487d68
C 10
R
P 0x7f2a7c191628
C 342
R
P 0x7f2a7c191628
P 0x7f2a7c19e038
C 10
R
P 0x7f2a7c191628
C 342
R
P 0x7f2a7c191628
P 0x7f2a7c1a20e0
C 10
R
P 0x7f2a7c191628
C 342
R
P 0x7f2a7c191628
P 0x7f2a7c19bc88
C 10
R
P 0x7f2a7c191628
C 342
R
P 0x7f2a7c191628
P 0x7f2a7c19fac8
C 10
R
P 0x7f2a7c191628
C 342
R
P 0x7f2a7c191628
P 0x7f2a7c19c028
C 10
R
P 0x7f2a7c191628
C 342
R
P 0x7f2a7c191628
P 0x7f2a7c48c9e8
C 10
R
P 0x7f2a7c191628
C 342
R
P 0x7f2a7c191628
P 0x7f2a7c19bc88
C 10
R
P 0x7f2a7c191628
C 342
R
P 0x7f2a7c191628
P 0x7f2a7c19c0c8
C 10
R
P 0x7f2a7c191628
C 342
R
P 0x7f2a7c191628
P 0x7f2a7c1a2498
C 10
R
P 0x7f2a7c191628
C 342
R
P 0x7f2a7c191628
P 0x7f2a7c4872e8
C 10
R
P 0x7f2a7c191628
C 342
R
P 0x7f2a7c191628
P 0x7f2a7c487208
C 10
R
P 0x7f2a7c191628
C 342
R
P 0x7f2a7c191628
P 0x7f2a7c488190
C 10
R
P 0x7f2a7c191628
C 342
R
P 0x7f2a7c191628
P 0x7f2a7c487320
C 10
R
P 0x7f2a7c191628
C 342
R
P 0x7f2a7c191628
P 0x7f2a7c19bf88
C 10
R
P 0x7f2a7c191628
C 342
R
P 0x7f2a7c191628
P 0x7f2a7c19c0e8
C 10
R
P 0x7f2a7c191628
C 342
R
P 0x7f2a7c191628
P 0x7f2a7c19bf48
C 10
R
P 0x7f2a7c191628
C 342
R
P 0x7f2a7c191628
P 0x7f2a7c2cc578
C 10
R
P 0x7f2a7c191628
C 342
R
P 0x7f2a7c191628
P 0x7f2a7c19bcc8
C 10
R
P 0x7f2a7c191628
C 342
R
P 0x7f2a7c191628
P 0x7f2a7c473d08
C 10
R
P 0x7f2a7c191628
C 342
R
P 0x7f2a7c191628
P 0x7f2a7c19fa48
C 10
R
P 0x7f2a7c191628
C 342
R
P 0x7f2a7c191628
P 0x7f2a7c1a17b0
C 10
R
P 0x7f2a7c191628
C 342
R
P 0x7f2a7c191628
P 0x7f2a7c1a27a8
C 10
R
P 0x7f2a7c191628
C 342
R
P 0x7f2a7c191628
P 0x7f2a7c19c1c8
C 10
R
P 0x7f2a7c191628
C 342
R
P 0x7f2a7c191628
P 0x7f2a7c4893a0
C 10
R
P 0x7f2a7c191628
C 342
R
P 0x7f2a7c191628
P 0x7f2a7c1a1778
C 10
R
P 0x7f2a7c191628
C 342
R
P 0x7f2a7c191628
P 0x7f2a7c487400
C 10
R
P 0x7f2a7c191628
C 342
R
P 0x7f2a7c191628
P 0x7f2a7c19bf48
C 10
R
P 0x7f2a7c191628
C 342
R
P 0x7f2a7c191628
P 0x7f2a7c19c0a8
C 10
R
P 0x7f2a7c191628
C 342
R
P 0x7f2a7c191628
P 0x7f2a7c19f988
C 10
R
P 0x7f2a7c191628
C 342
R
P 0x7f2a7c191628
P 0x7f2a7c19c148
C 10
R
P 0x7f2a7c191628
C 342
R
P 0x7f2a7c191628
P 0x7f2a7c19c108
C 10
R
P 0x7f2a7c191628
C 342
R
P 0x7f2a7c191628
P 0x7f2a7c1a1778
C 10
R
P 0x7f2a7c191628
C 342
R
P 0x7f2a7c191628
P 0x7f2a7c487438
C 10
R
P 0x7f2a7c191628
C 342
R
P 0x7f2a7c191628
P 0x7f2a7c487208
C 10
R
P 0x7f2a7c191628
C 342
R
P 0x7f2a7c191628
P 0x7f2a7c1a17e8
C 10
R
P 0x7f2a7c191628
C 342
R
P 0x7f2a7c191628
P 0x7f2a7c487da0
C 10
R
P 0x7f2a7c191628
C 342
R
P 0x7f2a7c191628
P 0x7f2a7c19bc88
C 10
R
P 0x7f2a7c191628
C 342
R
P 0x7f2a7c191628
P 0x7f2a7c19c048
C 10
R
P 0x7f2a7c191628
C 342
R
P 0x7f2a7c191628
P 0x7f2a7c19bcc8
C 10
R
P 0x7f2a7c191628
C 342
R
P 0x7f2a7c191628
P 0x7f2a7c19bc88
C 10
R
P 0x7f2a7c191628
C 342
R
P 0x7f2a7c191628
P 0x7f2a7c487f60
C 10
R
P 0x7f2a7c191628
C 342
R
P 0x7f2a7c191628
P 0x7f2a7c48db30
C 10
R
P 0x7f2a7c191628
C 342
R
P 0x7f2a7c191628
P 0x7f2a7c486fd8
C 10
R
P 0x7f2a7c191628
C 342
R
P 0x7f2a7c191628
P 0x7f2a7c19c1c8
C 10
R
P 0x7f2a7c191628
C 342
R
P 0x7f2a7c191628
P 0x7f2a7c19c268
C 10
R
P 0x7f2a7c191628
C 342
R
P 0x7f2a7c191628
P 0x7f2a7c19c248
C 10
R
P 0x7f2a7c191628
C 342
R
P 0x7f2a7c191628
P 0x7f2a7c478890
C 10
R
P 0x7f2a7c191628
C 342
R
P 0x7f2a7c191628
P 0x7f2a7c478238
C 10
R
P 0x7f2a7c191628
C 342
R
P 0x7f2a7c191628
P 0x7f2a7c19c088
C 10
R
P 0x7f2a7c191628
C 342
R
P 0x7f2a7c191628
P 0x7f2a7c19c2a8
C 10
R
P 0x7f2a7c191628
C 342
R
P 0x7f2a7c191628
P 0x7f2a7c2cc8c0
C 10
R
P 0x7f2a7c191628
C 342
R
P 0x7f2a7c191628
P 0x7f2a7c487898
C 10
R
P 0x7f2a7c191628
C 342
R
P 0x7f2a7c191628
P 0x7f2a7c19c028
C 10
R
P 0x7f2a7c191628
C 342
R
P 0x7f2a7c191628
P 0x7f2a7c2ccfc0
C 10
R
P 0x7f2a7c191628
C 342
R
P 0x7f2a7c191628
P 0x7f2a7c487240
C 10
R
P 0x7f2a7c191628
C 342
R
P 0x7f2a7c191628
P 0x7f2a7c19c268
C 10
R
P 0x7f2a7c191628
C 342
R
P 0x7f2a7c191628
P 0x7f2a7c19bf68
C 10
R
P 0x7f2a7c191628
C 342
R
P 0x7f2a7c191628
P 0x7f2a7c19bf48
C 10
R
P 0x7f2a7c191628
C 342
R
P 0x7f2a7c191628
P 0x7f2a7c19bc88
C 10
R
P 0x7f2a7c191628
C 342
R
P 0x7f2a7c191628
P 0x7f2a7c487978
C 10
R
P 0x7f2a7c191628
C 342
R
P 0x7f2a7c191628
P 0x7f2a7c19c048
C 10
R
P 0x7f2a7c191628
C 342
R
P 0x7f2a7c191628
P 0x7f2a7c48cac8
C 10
R
P 0x7f2a7c191628
C 342
R
P 0x7f2a7c191628
P 0x7f2a7c19bc88
C 10
R
P 0x7f2a7c191628
C 342
R
P 0x7f2a7c191628
P 0x7f2a7c19bc88
C 10
R
P 0x7f2a7c191628
C 342
R
P 0x7f2a7c191628
P 0x7f2a7c48de78
C 10
R
P 0x7f2a7c191628
C 342
R
P 0x7f2a7c191628
P 0x7f2a7c2cb580
C 10
R
P 0x7f2a7c191628
C 342
R
P 0x7f2a7c191628
P 0x7f2a7c2cd298
C 10
R
P 0x7f2a7c191628
C 342
R
P 0x7f2a7c191628
P 0x7f2a7c19bc88
C 10
R
P 0x7f2a7c191628
C 342
R
P 0x7f2a7c191628
P 0x7f2a7c19c268
C 10
R
P 0x7f2a7c191628
C 342
R
P 0x7f2a7c191628
P 0x7f2a7c19bc88
C 10
R
P 0x7f2a7c191628
C 342
R
P 0x7f2a7c191628
P 0x7f2a7c19bf48
C 10
R
P 0x7f2a7c191628
C 342
R
P 0x7f2a7c191628
P 0x7f2a7c19c108
C 10
R
P 0x7f2a7c191628
C 342
R
P 0x7f2a7c191628
P 0x7f2a7c19bc88
C 10
R
P 0x7f2a7c191628
C 342
R
P 0x7f2a7c191628
P 0x7f2a7c487978
C 10
R
P 0x7f2a7c191628
C 342
R
P 0x7f2a7c191628
P 0x7f2a7c487908
C 10
R
P 0x7f2a7c191628
C 342
R
P 0x7f2a7c191628
P 0x7f2a7c487978
C 10
R
P 0x7f2a7c191628
C 342
R
P 0x7f2a7c191628
P 0x7f2a7c19bd08
C 10
R
P 0x7f2a7c191628
C 342
R
P 0x7f2a7c191628
P 0x7f2a7c2cc268
C 10
R
P 0x7f2a7c191628
C 342
R
P 0x7f2a7c191628
P 0x7f2a7c19bcc8
C 10
R
P 0x7f2a7c191628
C 342
R
P 0x7f2a7c191628
P 0x7f2a7c19c148
C 10
R
P 0x7f2a7c191628
C 342
R
P 0x7f2a7c191628
P 0x7f2a7c488bf8
C 10
R
P 0x7f2a7c191628
C 342
R
P 0x7f2a7c191628
P 0x7f2a7c4782a8
C 10
R
P 0x7f2a7c191628
C 342
R
P 0x7f2a7c191628
P 0x7f2a7c476700
C 10
R
P 0x7f2a7c191628
C 342
R
P 0x7f2a7c191628
P 0x7f2a7c487da0
C 10
R
P 0x7f2a7c191628
C 342
R
P 0x7f2a7c191628
P 0x7f2a7c19c0e8
C 10
R
P 0x7f2a7c191628
C 342
R
P 0x7f2a7c191628
P 0x7f2a7c19bf88
C 10
R
P 0x7f2a7c191628
C 342
R
P 0x7f2a7c191628
P 0x7f2a7c19bcc8
C 10
R
P 0x7f2a7c191628
C 342
R
P 0x7f2a7c191628
P 0x7f2a7c1a17b0
C 10
R
P 0x7f2a7c191628
C 342
R
P 0x7f2a7c191628
P 0x7f2a7c487010
C 10
R
P 0x7f2a7c191628
C 342
R
P 0x7f2a7c191628
P 0x7f2a7c1a1890
C 10
R
P 0x7f2a7c191628
C 342
R
P 0x7f2a7c191628
P 0x7f2a7c2cb5b8
C 10
R
P 0x7f2a7c191628
C 342
R
P 0x7f2a7c191628
P 0x7f2a7c19c0a8
C 10
R
P 0x7f2a7c191628
C 342
R
P 0x7f2a7c191628
P 0x7f2a7c487240
C 10
R
P 0x7f2a7c191628
C 342
R
P 0x7f2a7c191628
P 0x7f2a7c19bc88
C 10
R
P 0x7f2a7c191628
C 342
R
P 0x7f2a7c191628
P 0x7f2a7c19bfc8
C 10
R
P 0x7f2a7c191628
C 342
R
P 0x7f2a7c191628
P 0x7f2a7c1a1900
C 10
R
P 0x7f2a7c191628
C 342
R
P 0x7f2a7c191628
P 0x7f2a7c19bcc8
C 10
R
P 0x7f2a7c191628
C 342
R
P 0x7f2a7c191628
P 0x7f2a7c19fac8
C 10
R
P 0x7f2a7c191628
C 342
R
P 0x7f2a7c191628
P 0x7f2a7c19bc88
C 10
R
P 0x7f2a7c191628
C 342
R
P 0x7f2a7c191628
P 0x7f2a7c19c068
C 10
R
P 0x7f2a7c191628
C 342
R
P 0x7f2a7c191628
P 0x7f2a7c19c1a8
C 10
R
P 0x7f2a7c191628
C 342
R
P 0x7f2a7c191628
P 0x7f2a7c19bc88
C 10
R
P 0x7f2a7c191628
C 342
R
P 0x7f2a7c191628
P 0x7f2a7c479818
C 10
R
P 0x7f2a7c191628
C 342
R
P 0x7f2a7c191628
P 0x7f2a7c19c188
C 10
R
P 0x7f2a7c191628
C 342
R
P 0x7f2a7c191628
P 0x7f2a7c19bc88
C 10
R
P 0x7f2a7c191628
C 342
R
P 0x7f2a7c191628
P 0x7f2a7c4879e8
C 10
R
P 0x7f2a7c191628
C 342
R
P 0x7f2a7c191628
P 0x7f2a7c1a1970
C 10
R
P 0x7f2a7c191628
C 342
R
P 0x7f2a7c191628
P 0x7f2a7c19bc88
C 10
R
P 0x7f2a7c191628
C 342
R
P 0x7f2a7c191628
P 0x7f2a7c4872b0
C 10
R
P 0x7f2a7c191628
C 342
R
P 0x7f2a7c191628
P 0x7f2a7c1a2498
C 10
R
P 0x7f2a7c191628
C 342
R
P 0x7f2a7c191628
P 0x7f2a7c19c028
C 10
R
P 0x7f2a7c191628
C 342
R
P 0x7f2a7c191628
P 0x7f2a7c19bfe8
C 10
R
P 0x7f2a7c191628
C 342
R
P 0x7f2a7c191628
P 0x7f2a7c1a1900
C 10
R
P 0x7f2a7c191628
C 342
R
P 0x7f2a7c191628
P 0x7f2a7c19c148
C 10
R
P 0x7f2a7c191628
C 342
R
P 0x7f2a7c191628
P 0x7f2a7c19bc88
C 10
R
P 0x7f2a7c191628
C 342
R
P 0x7f2a7c191628
P 0x7f2a7c19bcc8
C 10
R
P 0x7f2a7c191628
C 342
R
P 0x7f2a7c191628
P 0x7f2a7c19c068
C 10
R
P 0x7f2a7c191628
C 342
R
P 0x7f2a7c191628
P 0x7f2a7c487d68
C 10
R
P 0x7f2a7c191628
C 342
R
P 0x7f2a7c191628
P 0x7f2a7c487908
C 10
R
P 0x7f2a7c191628
C 342
R
P 0x7f2a7c191628
P 0x7f2a7c19c0e8
C 10
R
P 0x7f2a7c191628
C 342
R
P 0x7f2a7c191628
P 0x7f2a7c1a1970
C 10
R
P 0x7f2a7c191628
C 342
R
P 0x7f2a7c191628
P 0x7f2a7c19bfa8
C 10
R
P 0x7f2a7c191628
C 342
R
P 0x7f2a7c191628
P 0x7f2a7c19c268
C 10
R
P 0x7f2a7c191628
C 342
R
P 0x7f2a7c191628
P 0x7f2a7c487390
C 10
R
P 0x7f2a7c191628
C 342
R
P 0x7f2a7c191628
P 0x7f2a7c19bfc8
C 10
R
P 0x7f2a7c191628
C 342
R
P 0x7f2a7c191628
P 0x7f2a7c487978
C 10
R
P 0x7f2a7c191628
C 342
R
P 0x7f2a7c191628
P 0x7f2a7c19c2a8
C 10
R
P 0x7f2a7c191628
C 342
R
P 0x7f2a7c191628
P 0x7f2a7c19bcc8
C 10
R
P 0x7f2a7c191628
C 342
R
P 0x7f2a7c191628
P 0x7f2a7c19bcc8
C 10
R
P 0x7f2a7c191628
C 342
R
P 0x7f2a7c191628
P 0x7f2a7c1a17b0
C 10
R
P 0x7f2a7c191628
C 342
R
P 0x7f2a7c191628
P 0x7f2a7c1a21f8
C 10
R
P 0x7f2a7c191628
C 342
R
P 0x7f2a7c191628
P 0x7f2a7c19bf68
C 10
R
P 0x7f2a7c191628
C 342
R
P 0x7f2a7c191628
P 0x7f2a7c19bc88
C 10
R
P 0x7f2a7c191628
C 342
R
P 0x7f2a7c191628
P 0x7f2a7c19bfe8
C 10
R
P 0x7f2a7c191628
C 342
R
P 0x7f2a7c191628
P 0x7f2a7c19fb08
C 10
R
P 0x7f2a7c191628
C 342
R
P 0x7f2a7c191628
P 0x7f2a7c48b3e8
C 10
R
P 0x7f2a7c191628
C 342
R
P 0x7f2a7c191628
P 0x7f2a7c475a50
C 10
R
P 0x7f2a7c191628
C 342
R
P 0x7f2a7c191628
P 0x7f2a7c487240
C 10
R
P 0x7f2a7c191628
C 342
R
P 0x7f2a7c191628
P 0x7f2a7c487438
C 10
R
P 0x7f2a7c191628
C 342
R
P 0x7f2a7c191628
P 0x7f2a7c1a2348
C 10
R
P 0x7f2a7c191628
C 342
R
P 0x7f2a7c191628
P 0x7f2a7c1a1f58
C 10
R
P 0x7f2a7c191628
C 342
R
P 0x7f2a7c191628
P 0x7f2a7c489ec8
C 10
R
P 0x7f2a7c191628
C 342
R
P 0x7f2a7c191628
P 0x7f2a7c487ba8
C 10
R
P 0x7f2a7c191628
C 342
R
P 0x7f2a7c191628
P 0x7f2a7c19bc88
C 10
R
P 0x7f2a7c191628
C 342
R
P 0x7f2a7c191628
P 0x7f2a7c19bc88
C 10
R
P 0x7f2a7c191628
C 342
R
P 0x7f2a7c191628
P 0x7f2a7c19bfe8
C 10
R
P 0x7f2a7c191628
C 342
R
P 0x7f2a7c191628
P 0x7f2a7c19c1e8
C 10
R
P 0x7f2a7c191628
C 342
R
P 0x7f2a7c191628
P 0x7f2a7c19bfe8
C 10
R
P 0x7f2a7c191628
C 342
R
P 0x7f2a7c191628
P 0x7f2a7c487278
C 10
R
P 0x7f2a7c191628
C 342
R
P 0x7f2a7c191628
P 0x7f2a7c19c1a8
C 10
R
P 0x7f2a7c191628
C 342
R
P 0x7f2a7c191628
P 0x7f2a7c19bcc8
C 10
R
P 0x7f2a7c191628
C 342
R
P 0x7f2a7c191628
P 0x7f2a7c2ccd20
C 10
R
P 0x7f2a7c191628
C 342
R
P 0x7f2a7c191628
P 0x7f2a7c19bc88
C 10
R
P 0x7f2a7c191628
C 342
R
P 0x7f2a7c191628
P 0x7f2a7c487390
C 10
R
P 0x7f2a7c191628
C 342
R
P 0x7f2a7c191628
P 0x7f2a7c4873c8
C 10
R
P 0x7f2a7c191628
C 342
R
P 0x7f2a7c191628
P 0x7f2a7c19c088
C 10
R
P 0x7f2a7c191628
C 342
R
P 0x7f2a7c191628
P 0x7f2a7c19e0f8
C 10
R
P 0x7f2a7c191628
C 342
R
P 0x7f2a7c191628
P 0x7f2a7c19bfe8
C 10
R
P 0x7f2a7c191628
C 342
R
P 0x7f2a7c191628
P 0x7f2a7c487048
C 10
R
P 0x7f2a7c191628
C 342
R
P 0x7f2a7c191628
P 0x7f2a7c4756d0
C 10
R
P 0x7f2a7c191628
C 342
R
P 0x7f2a7c191628
P 0x7f2a7c19fa48
C 10
R
P 0x7f2a7c191628
C 342
R
P 0x7f2a7c191628
P 0x7f2a7c1a1890
C 10
R
P 0x7f2a7c191628
C 342
R
P 0x7f2a7c191628
P 0x7f2a7c1a23b8
C 10
R
P 0x7f2a7c191628
C 342
R
P 0x7f2a7c191628
P 0x7f2a7c19c0e8
C 10
R
P 0x7f2a7c191628
C 342
R
P 0x7f2a7c191628
P 0x7f2a7c19c088
C 10
R
P 0x7f2a7c191628
C 342
R
P 0x7f2a7c191628
P 0x7f2a7c19c0e8
C 10
R
P 0x7f2a7c191628
C 342
R
P 0x7f2a7c191628
P 0x7f2a7c19bcc8
C 10
R
P 0x7f2a7c191628
C 342
R
P 0x7f2a7c191628
P 0x7f2a7c1a18c8
C 10
R
P 0x7f2a7c191628
C 342
R
P 0x7f2a7c191628
P 0x7f2a7c1a17e8
C 10
R
P 0x7f2a7c191628
C 342
R
P 0x7f2a7c191628
P 0x7f2a7c476f50
C 10
R
P 0x7f2a7c191628
C 342
R
P 0x7f2a7c191628
P 0x7f2a7c487940
C 10
R
P 0x7f2a7c191628
C 342
R
P 0x7f2a7c191628
P 0x7f2a7c19bf88
C 10
R
P 0x7f2a7c191628
C 342
R
P 0x7f2a7c191628
P 0x7f2a7c19fa88
C 10
R
P 0x7f2a7c191628
C 342
R
P 0x7f2a7c191628
P 0x7f2a7c19dfd8
C 10
R
P 0x7f2a7c191628
C 342
R
P 0x7f2a7c191628
P 0x7f2a7c19c028
C 10
R
P 0x7f2a7c191628
C 342
R
P 0x7f2a7c191628
P 0x7f2a7c48aab8
C 10
R
P 0x7f2a7c191628
C 342
R
P 0x7f2a7c191628
P 0x7f2a7c19bc88
C 10
R
P 0x7f2a7c191628
C 342
R
P 0x7f2a7c191628
P 0x7f2a7c19bf48
C 10
R
P 0x7f2a7c191628
C 342
R
P 0x7f2a7c191628
P 0x7f2a7c487390
C 10
R
P 0x7f2a7c191628
C 342
R
P 0x7f2a7c191628
P 0x7f2a7c1a25e8
C 10
R
P 0x7f2a7c191628
C 342
R
P 0x7f2a7c191628
P 0x7f2a7c1a2498
C 10
R
P 0x7f2a7c191628
C 342
R
P 0x7f2a7c191628
P 0x7f2a7c19fa88
C 10
R
P 0x7f2a7c191628
C 342
R
P 0x7f2a7c191628
P 0x7f2a7c487208
C 10
R
P 0x7f2a7c191628
C 342
R
P 0x7f2a7c191628
P 0x7f2a7c19bc88
C 10
R
P 0x7f2a7c191628
C 342
R
P 0x7f2a7c191628
P 0x7f2a7c4797e0
C 10
R
P 0x7f2a7c191628
C 342
R
P 0x7f2a7c191628
P 0x7f2a7c487c88
C 10
R
P 0x7f2a7c191628
C 342
R
P 0x7f2a7c191628
P 0x7f2a7c489090
C 10
R
P 0x7f2a7c191628
C 342
R
P 0x7f2a7c191628
P 0x7f2a7c19bc88
C 10
R
P 0x7f2a7c191628
C 342
R
P 0x7f2a7c191628
P 0x7f2a7c48b308
C 10
R
P 0x7f2a7c191628
C 342
R
P 0x7f2a7c191628
P 0x7f2a7c19bc88
C 10
R
P 0x7f2a7c191628
C 342
R
P 0x7f2a7c191628
P 0x7f2a7c2cb698
C 10
R
P 0x7f2a7c191628
C 342
R
P 0x7f2a7c191628
P 0x7f2a7c19bfc8
C 10
R
P 0x7f2a7c191628
C 342
R
P 0x7f2a7c191628
P 0x7f2a7c19c0a8
C 10
R
P 0x7f2a7c191628
C 342
R
P 0x7f2a7c191628
P 0x7f2a7c19c028
C 10
R
P 0x7f2a7c191628
C 342
R
P 0x7f2a7c191628
P 0x7f2a7c19c2a8
C 10
R
P 0x7f2a7c191628
C 342
R
P 0x7f2a7c191628
P 0x7f2a7c487128
C 10
R
P 0x7f2a7c191628
C 342
R
P 0x7f2a7c191628
P 0x7f2a7c4881c8
C 10
R
P 0x7f2a7c191628
C 342
R
P 0x7f2a7c191628
P 0x7f2a7c19bc88
C 10
R
P 0x7f2a7c191628
C 342
R
P 0x7f2a7c191628
P 0x7f2a7c19bc88
C 10
R
P 0x7f2a7c191628
C 342
R
P 0x7f2a7c191628
P 0x7f2a7c19bce8
C 10
R
P 0x7f2a7c191628
C 342
R
P 0x7f2a7c191628
P 0x7f2a7c19bd08
C 10
R
P 0x7f2a7c191628
C 342
R
P 0x7f2a7c191628
P 0x7f2a7c19f988
C 10
R
P 0x7f2a7c191628
C 342
R
P 0x7f2a7c191628
P 0x7f2a7c19c028
C 10
R
P 0x7f2a7c191628
C 342
R
P 0x7f2a7c191628
P 0x7f2a7c487c88
C 10
R
P 0x7f2a7c191628
C 342
R
P 0x7f2a7c191628
P 0x7f2a7c19bc88
C 10
R
P 0x7f2a7c191628
C 342
R
P 0x7f2a7c191628
P 0x7f2a7c19c2a8
C 10
R
P 0x7f2a7c191628
C 342
R
P 0x7f2a7c191628
P 0x7f2a7c1a1778
C 10
R
P 0x7f2a7c191628
C 342
R
P 0x7f2a7c191628
P 0x7f2a7c19c2a8
C 10
R
P 0x7f2a7c191628
C 342
R
P 0x7f2a7c191628
P 0x7f2a7c19c228
C 10
R
P 0x7f2a7c191628
C 342
R
P 0x7f2a7c191628
P 0x7f2a7c19c1a8
C 10
R
P 0x7f2a7c191628
C 342
R
P 0x7f2a7c191628
P 0x7f2a7c19c248
C 10
R
P 0x7f2a7c191628
C 342
R
P 0x7f2a7c191628
P 0x7f2a7c19fa88
C 10
R
P 0x7f2a7c191628
C 342
R
P 0x7f2a7c191628
P 0x7f2a7c487ba8
C 10
R
P 0x7f2a7c191628
C 342
R
P 0x7f2a7c191628
P 0x7f2a7c19bc88
C 10
R
P 0x7f2a7c191628
C 342
R
P 0x7f2a7c191628
P 0x7f2a7c19bcc8
C 10
R
P 0x7f2a7c191628
C 342
R
P 0x7f2a7c191628
P 0x7f2a7c479620
C 10
R
P 0x7f2a7c191628
C 342
R
P 0x7f2a7c191628
P 0x7f2a7c19bc88
C 10
R
P 0x7f2a7c191628
C 342
R
P 0x7f2a7c191628
P 0x7f2a7c487dd8
C 10
R
P 0x7f2a7c191628
C 342
R
P 0x7f2a7c191628
P 0x7f2a7c1a1cb8
C 10
R
P 0x7f2a7c191628
C 342
R
P 0x7f2a7c191628
P 0x7f2a7c19c028
C 10
R
P 0x7f2a7c191628
C 342
R
P 0x7f2a7c191628
P 0x7f2a7c487fd0
C 10
R
P 0x7f2a7c191628
C 342
R
P 0x7f2a7c191628
P 0x7f2a7c19bf88
C 10
R
P 0x7f2a7c191628
C 342
R
P 0x7f2a7c191628
P 0x7f2a7c487240
C 10
R
P 0x7f2a7c191628
C 342
R
P 0x7f2a7c191628
P 0x7f2a7c1a3068
C 10
R
P 0x7f2a7c191628
C 342
R
P 0x7f2a7c191628
P 0x7f2a7c1a31b8
C 10
R
P 0x7f2a7c191628
C 342
R
P 0x7f2a7c191628
P 0x7f2a7c19c1e8
C 10
R
P 0x7f2a7c191628
C 342
R
P 0x7f2a7c191628
P 0x7f2a7c476dc8
C 10
R
P 0x7f2a7c191628
C 342
R
P 0x7f2a7c191628
P 0x7f2a7c486fd8
C 10
R
P 0x7f2a7c191628
C 342
R
P 0x7f2a7c191628
P 0x7f2a7c488270
C 10
R
P 0x7f2a7c191628
C 342
R
P 0x7f2a7c191628
P 0x7f2a7c19bc88
C 10
R
P 0x7f2a7c191628
C 342
R
P 0x7f2a7c191628
P 0x7f2a7c489870
C 10
R
P 0x7f2a7c191628
C 342
R
P 0x7f2a7c191628
P 0x7f2a7c19c088
C 10
R
P 0x7f2a7c191628
C 342
R
P 0x7f2a7c191628
P 0x7f2a7c1a1890
C 10
R
P 0x7f2a7c191628
C 342
R
P 0x7f2a7c191628
P 0x7f2a7c478938
C 10
R
P 0x7f2a7c191628
C 342
R
P 0x7f2a7c191628
P 0x7f2a7c19c168
C 10
R
P 0x7f2a7c191628
C 342
R
P 0x7f2a7c191628
P 0x7f2a7c19fac8
C 10
R
P 0x7f2a7c191628
C 342
R
P 0x7f2a7c191628
P 0x7f2a7c19bce8
C 10
R
P 0x7f2a7c191628
C 342
R
P 0x7f2a7c191628
P 0x7f2a7c19bc88
C 10
R
P 0x7f2a7c191628
C 342
R
P 0x7f2a7c191628
P 0x7f2a7c19c2a8
C 10
R
P 0x7f2a7c191628
C 342
R
P 0x7f2a7c191628
P 0x7f2a7c19c028
C 10
R
P 0x7f2a7c191628
C 342
R
P 0x7f2a7c191628
P 0x7f2a7c19bcc8
C 10
R
P 0x7f2a7c191628
C 342
R
P 0x7f2a7c191628
P 0x7f2a7c4761c0
C 10
R
P 0x7f2a7c191628
C 342
R
P 0x7f2a7c191628
P 0x7f2a7c489598
C 10
R
P 0x7f2a7c191628
C 342
R
P 0x7f2a7c191628
P 0x7f2a7c19bcc8
C 10
R
P 0x7f2a7c191628
C 342
R
P 0x7f2a7c191628
P 0x7f2a7c19fa88
C 10
R
P 0x7f2a7c191628
C 342
R
P 0x7f2a7c191628
P 0x7f2a7c4784d8
C 10
R
P 0x7f2a7c191628
C 342
R
P 0x7f2a7c191628
P 0x7f2a7c487908
C 10
R
P 0x7f2a7c191628
C 342
R
P 0x7f2a7c191628
P 0x7f2a7c1a2498
C 10
R
P 0x7f2a7c191628
C 342
R
P 0x7f2a7c191628
P 0x7f2a7c4733a8
C 10
R
P 0x7f2a7c191628
C 342
R
P 0x7f2a7c191628
P 0x7f2a7c486fa0
C 10
R
P 0x7f2a7c191628
C 342
R
P 0x7f2a7c191628
P 0x7f2a7c19c168
C 10
R
P 0x7f2a7c191628
C 342
R
P 0x7f2a7c191628
P 0x7f2a7c2cd1b8
C 10
R
P 0x7f2a7c191628
C 342
R
P 0x7f2a7c191628
P 0x7f2a7c19c088
C 10
R
P 0x7f2a7c191628
C 342
R
P 0x7f2a7c191628
P 0x7f2a7c487e80
C 10
R
P 0x7f2a7c191628
C 342
R
P 0x7f2a7c191628
P 0x7f2a7c488158
C 10
R
P 0x7f2a7c191628
C 342
R
P 0x7f2a7c191628
P 0x7f2a7c19c0c8
C 10
R
P 0x7f2a7c191628
C 342
R
P 0x7f2a7c191628
P 0x7f2a7c19f848
C 10
R
P 0x7f2a7c191628
C 342
R
P 0x7f2a7c191628
P 0x7f2a7c1a1f90
C 10
R
P 0x7f2a7c191628
C 342
R
P 0x7f2a7c191628
P 0x7f2a7c489a30
C 10
R
P 0x7f2a7c191628
C 342
R
P 0x7f2a7c191628
P 0x7f2a7c19bc88
C 10
R
P 0x7f2a7c191628
C 342
R
P 0x7f2a7c191628
P 0x7f2a7c19bfe8
C 10
R
P 0x7f2a7c191628
C 342
R
P 0x7f2a7c191628
P 0x7f2a7c19f9c8
C 10
R
P 0x7f2a7c191628
C 342
R
P 0x7f2a7c191628
P 0x7f2a7c19c128
C 10
R
P 0x7f2a7c191628
C 342
R
P 0x7f2a7c191628
P 0x7f2a7c19c0e8
C 10
R
P 0x7f2a7c191628
C 342
R
P 0x7f2a7c191628
P 0x7f2a7c48a130
C 10
R
P 0x7f2a7c191628
C 342
R
P 0x7f2a7c191628
P 0x7f2a7c2cbe78
C 10
R
P 0x7f2a7c191628
C 342
R
P 0x7f2a7c191628
P 0x7f2a7c486fa0
C 10
R
P 0x7f2a7c191628
C 342
R
P 0x7f2a7c191628
P 0x7f2a7c19bd08
C 10
R
P 0x7f2a7c191628
C 342
R
P 0x7f2a7c191628
P 0x7f2a7c48d318
C 10
R
P 0x7f2a7c191628
C 342
R
P 0x7f2a7c191628
P 0x7f2a7c19bc88
C 10
R
P 0x7f2a7c191628
C 342
R
P 0x7f2a7c191628
P 0x7f2a7c19bf48
C 10
R
P 0x7f2a7c191628
C 342
R
P 0x7f2a7c191628
P 0x7f2a7c486fa0
C 10
R
P 0x7f2a7c191628
C 342
R
P 0x7f2a7c191628
P 0x7f2a7c19c1e8
C 10
R
P 0x7f2a7c191628
C 342
R
P 0x7f2a7c191628
P 0x7f2a7c19eab8
C 10
R
P 0x7f2a7c191628
C 342
R
P 0x7f2a7c191628
P 0x7f2a7c486fd8
C 10
R
P 0x7f2a7c191628
C 342
R
P 0x7f2a7c191628
P 0x7f2a7c19bfc8
C 10
R
P 0x7f2a7c191628
C 342
R
P 0x7f2a7c191628
P 0x7f2a7c1a1890
C 10
R
P 0x7f2a7c191628
C 342
R
P 0x7f2a7c191628
P 0x7f2a7c19c1e8
C 10
R
P 0x7f2a7c191628
C 342
R
P 0x7f2a7c191628
P 0x7f2a7c4873c8
C 10
R
P 0x7f2a7c191628
C 342
R
P 0x7f2a7c191628
P 0x7f2a7c19c1a8
C 10
R
P 0x7f2a7c191628
C 342
R
P 0x7f2a7c191628
P 0x7f2a7c19bfc8
C 10
R
P 0x7f2a7c191628
C 342
R
P 0x7f2a7c191628
P 0x7f2a7c1a2ee0
C 10
R
P 0x7f2a7c191628
C 342
R
P 0x7f2a7c191628
P 0x7f2a7c19c0e8
C 10
R
P 0x7f2a7c191628
C 342
R
P 0x7f2a7c191628
P 0x7f2a7c487908
C 10
R
P 0x7f2a7c191628
C 342
R
P 0x7f2a7c191628
P 0x7f2a7c48a9d8
C 10
R
P 0x7f2a7c191628
C 342
R
P 0x7f2a7c191628
P 0x7f2a7c19c1a8
C 10
R
P 0x7f2a7c191628
C 342
R
P 0x7f2a7c191628
P 0x7f2a7c1a1938
C 10
R
P 0x7f2a7c191628
C 342
R
P 0x7f2a7c191628
P 0x7f2a7c19bc88
C 10
R
P 0x7f2a7c191628
C 342
R
P 0x7f2a7c191628
P 0x7f2a7c19c2a8
C 10
R
P 0x7f2a7c191628
C 342
R
P 0x7f2a7c191628
P 0x7f2a7c19bc88
C 10
R
P 0x7f2a7c191628
C 342
R
P 0x7f2a7c191628
P 0x7f2a7c19bfc8
C 10
R
P 0x7f2a7c191628
C 342
R
P 0x7f2a7c191628
P 0x7f2a7c487470
C 10
R
P 0x7f2a7c191628
C 342
R
P 0x7f2a7c191628
P 0x7f2a7c19bfc8
C 10
R
P 0x7f2a7c191628
C 342
R
P 0x7f2a7c191628
P 0x7f2a7c19f988
C 10
R
P 0x7f2a7c191628
C 342
R
P 0x7f2a7c191628
P 0x7f2a7c1a1e08
C 10
R
P 0x7f2a7c191628
C 342
R
P 0x7f2a7c191628
P 0x7f2a7c478430
C 10
R
P 0x7f2a7c191628
C 342
R
P 0x7f2a7c191628
P 0x7f2a7c19c268
C 10
R
P 0x7f2a7c191628
C 342
R
P 0x7f2a7c191628
P 0x7f2a7c19c108
C 10
R
P 0x7f2a7c191628
C 342
R
P 0x7f2a7c191628
P 0x7f2a7c19c1a8
C 10
R
P 0x7f2a7c191628
C 342
R
P 0x7f2a7c191628
P 0x7f2a7c4870b8
C 10
R
P 0x7f2a7c191628
C 342
R
P 0x7f2a7c191628
P 0x7f2a7c487be0
C 10
R
P 0x7f2a7c191628
C 342
R
P 0x7f2a7c191628
P 0x7f2a7c1a1938
C 10
R
P 0x7f2a7c191628
C 342
R
P 0x7f2a7c191628
P 0x7f2a7c19bc88
C 10
R
P 0x7f2a7c191628
C 342
R
P 0x7f2a7c191628
P 0x7f2a7c19fa48
C 10
R
P 0x7f2a7c191628
C 342
R
P 0x7f2a7c191628
P 0x7f2a7c48b928
C 10
R
P 0x7f2a7c191628
C 342
R
P 0x7f2a7c191628
P 0x7f2a7c19c028
C 10
R
P 0x7f2a7c191628
C 342
R
P 0x7f2a7c191628
P 0x7f2a7c48dd60
C 10
R
P 0x7f2a7c191628
C 342
R
P 0x7f2a7c191628
P 0x7f2a7c19bc88
C 10
R
P 0x7f2a7c191628
C 342
R
P 0x7f2a7c191628
P 0x7f2a7c19bc88
C 10
R
P 0x7f2a7c191628
C 342
R
P 0x7f2a7c191628
P 0x7f2a7c4760e0
C 10
R
P 0x7f2a7c191628
C 342
R
P 0x7f2a7c191628
P 0x7f2a7c19bfc8
C 10
R
P 0x7f2a7c191628
C 342
R
P 0x7f2a7c191628
P 0x7f2a7c19bfc8
C 10
R
P 0x7f2a7c191628
C 342
R
P 0x7f2a7c191628
P 0x7f2a7c19bc88
C 10
R
P 0x7f2a7c191628
C 342
R
P 0x7f2a7c191628
P 0x7f2a7c19c028
C 10
R
P 0x7f2a7c191628
C 342
R
P 0x7f2a7c191628
P 0x7f2a7c4889c8
C 10
R
P 0x7f2a7c191628
C 342
R
P 0x7f2a7c191628
P 0x7f2a7c19bc88
C 10
R
P 0x7f2a7c191628
C 342
R
P 0x7f2a7c191628
P 0x7f2a7c19bd08
C 10
R
P 0x7f2a7c191628
C 342
R
P 0x7f2a7c191628
P 0x7f2a7c48d708
C 10
R
P 0x7f2a7c191628
C 342
R
P 0x7f2a7c191628
P 0x7f2a7c475938
C 10
R
P 0x7f2a7c191628
C 342
R
P 0x7f2a7c191628
P 0x7f2a7c19c028
C 10
R
P 0x7f2a7c191628
C 342
R
P 0x7f2a7c191628
P 0x7f2a7c19bcc8
C 10
R
P 0x7f2a7c191628
C 342
R
P 0x7f2a7c191628
P 0x7f2a7c19c048
C 10
R
P 0x7f2a7c191628
C 342
R
P 0x7f2a7c191628
P 0x7f2a7c19bf88
C 10
R
P 0x7f2a7c191628
C 342
R
P 0x7f2a7c191628
P 0x7f2a7c19bc88
C 10
R
P 0x7f2a7c191628
C 342
R
P 0x7f2a7c191628
P 0x7f2a7c19c0e8
C 10
R
P 0x7f2a7c191628
C 342
R
P 0x7f2a7c191628
P 0x7f2a7c19bc88
C 10
R
P 0x7f2a7c191628
C 342
R
P 0x7f2a7c191628
P 0x7f2a7c487b00
C 10
R
P 0x7f2a7c191628
C 342
R
P 0x7f2a7c191628
P 0x7f2a7c487e80
C 10
R
P 0x7f2a7c191628
C 342
R
P 0x7f2a7c191628
P 0x7f2a7c19e3c8
C 10
R
P 0x7f2a7c191628
C 342
R
P 0x7f2a7c191628
P 0x7f2a7c19c1e8
C 10
R
P 0x7f2a7c191628
C 342
R
P 0x7f2a7c191628
P 0x7f2a7c488190
C 10
R
P 0x7f2a7c191628
C 342
R
P 0x7f2a7c191628
P 0x7f2a7c487fd0
C 10
R
P 0x7f2a7c191628
C 342
R
P 0x7f2a7c191628
P 0x7f2a7c19bfc8
C 10
R
P 0x7f2a7c191628
C 342
R
P 0x7f2a7c191628
P 0x7f2a7c1a1890
C 10
R
P 0x7f2a7c191628
C 342
R
P 0x7f2a7c191628
P 0x7f2a7c1a1778
C 10
R
P 0x7f2a7c191628
C 342
R
P 0x7f2a7c191628
P 0x7f2a7c486fd8
C 10
R
P 0x7f2a7c191628
C 342
R
P 0x7f2a7c191628
P 0x7f2a7c1a1970
C 10
R
P 0x7f2a7c191628
C 342
R
P 0x7f2a7c191628
P 0x7f2a7c487f98
C 10
R
P 0x7f2a7c191628
C 342
R
P 0x7f2a7c191628
P 0x7f2a7c19bc88
C 10
R
P 0x7f2a7c191628
C 342
R
P 0x7f2a7c191628
P 0x7f2a7c4790a8
C 10
R
P 0x7f2a7c191628
C 342
R
P 0x7f2a7c191628
P 0x7f2a7c48aab8
C 10
R
P 0x7f2a7c191628
C 342
R
P 0x7f2a7c191628
P 0x7f2a7c19bc88
C 10
R
P 0x7f2a7c191628
C 342
R
P 0x7f2a7c191628
P 0x7f2a7c19c248
C 10
R
P 0x7f2a7c191628
C 342
R
P 0x7f2a7c191628
P 0x7f2a7c19bf88
C 10
R
P 0x7f2a7c191628
C 342
R
P 0x7f2a7c191628
P 0x7f2a7c19bcc8
C 10
R
P 0x7f2a7c191628
C 342
R
P 0x7f2a7c191628
P 0x7f2a7c4896b0
C 10
R
P 0x7f2a7c191628
C 342
R
P 0x7f2a7c191628
P 0x7f2a7c488d80
C 10
R
P 0x7f2a7c191628
C 342
R
P 0x7f2a7c191628
P 0x7f2a7c19bc88
C 10
R
P 0x7f2a7c191628
C 342
R
P 0x7f2a7c191628
P 0x7f2a7c19fa48
C 10
R
P 0x7f2a7c191628
C 342
R
P 0x7f2a7c191628
P 0x7f2a7c19c028
C 10
R
P 0x7f2a7c191628
C 342
R
P 0x7f2a7c191628
P 0x7f2a7c488078
C 10
R
P 0x7f2a7c191628
C 342
R
P 0x7f2a7c191628
P 0x7f2a7c19e218
C 10
R
P 0x7f2a7c191628
C 342
R
P 0x7f2a7c191628
P 0x7f2a7c19e098
C 10
R
P 0x7f2a7c191628
C 342
R
P 0x7f2a7c191628
P 0x7f2a7c1a1f58
C 10
R
P 0x7f2a7c191628
C 342
R
P 0x7f2a7c191628
P 0x7f2a7c19c028
C 10
R
P 0x7f2a7c191628
C 342
R
P 0x7f2a7c191628
P 0x7f2a7c19f9c8
C 10
R
P 0x7f2a7c191628
C 342
R
P 0x7f2a7c191628
P 0x7f2a7c2cb8c8
C 10
R
P 0x7f2a7c191628
C 342
R
P 0x7f2a7c191628
P 0x7f2a7c19bc88
C 10
R
P 0x7f2a7c191628
C 342
R
P 0x7f2a7c191628
P 0x7f2a7c487ba8
C 10
R
P 0x7f2a7c191628
C 342
R
P 0x7f2a7c191628
P 0x7f2a7c488078
C 10
R
P 0x7f2a7c191628
C 342
R
P 0x7f2a7c191628
P 0x7f2a7c19c0a8
C 10
R
P 0x7f2a7c191628
C 342
R
P 0x7f2a7c191628
P 0x7f2a7c19bfe8
C 10
R
P 0x7f2a7c191628
C 342
R
P 0x7f2a7c191628
P 0x7f2a7c1a17e8
C 10
R
P 0x7f2a7c191628
C 342
R
P 0x7f2a7c191628
P 0x7f2a7c1a17b0
C 10
R
P 0x7f2a7c191628
C 342
R
P 0x7f2a7c191628
P 0x7f2a7c48b8b8
C 10
R
P 0x7f2a7c191628
C 342
R
P 0x7f2a7c191628
P 0x7f2a7c19bc88
C 10
R
P 0x7f2a7c191628
C 342
R
P 0x7f2a7c191628
P 0x7f2a7c487f98
C 10
R
P 0x7f2a7c191628
C 342
R
P 0x7f2a7c191628
P 0x7f2a7c487d68
C 10
R
P 0x7f2a7c191628
C 342
R
P 0x7f2a7c191628
P 0x7f2a7c487010
C 10
R
P 0x7f2a7c191628
C 342
R
P 0x7f2a7c191628
P 0x7f2a7c487e48
C 10
R
P 0x7f2a7c191628
C 342
R
P 0x7f2a7c191628
P 0x7f2a7c19bfa8
C 10
R
P 0x7f2a7c191628
C 342
R
P 0x7f2a7c191628
P 0x7f2a7c19bcc8
C 10
R
P 0x7f2a7c191628
C 342
R
P 0x7f2a7c191628
P 0x7f2a7c19c268
C 10
R
P 0x7f2a7c191628
C 342
R
P 0x7f2a7c191628
P 0x7f2a7c487048
C 10
R
P 0x7f2a7c191628
C 342
R
P 0x7f2a7c191628
P 0x7f2a7c19c108
C 10
R
P 0x7f2a7c191628
C 342
R
P 0x7f2a7c191628
P 0x7f2a7c487048
C 10
R
P 0x7f2a7c191628
C 342
R
P 0x7f2a7c191628
P 0x7f2a7c487d68
C 10
R
P 0x7f2a7c191628
C 342
R
P 0x7f2a7c191628
P 0x7f2a7c19c2a8
C 10
R
P 0x7f2a7c191628
C 342
R
P 0x7f2a7c191628
P 0x7f2a7c19c028
C 10
R
P 0x7f2a7c191628
C 342
R
P 0x7f2a7c191628
P 0x7f2a7c48c798
C 10
R
P 0x7f2a7c191628
C 342
R
P 0x7f2a7c191628
P 0x7f2a7c48b960
C 10
R
P 0x7f2a7c191628
C 342
R
P 0x7f2a7c191628
P 0x7f2a7c19bfe8
C 10
R
P 0x7f2a7c191628
C 342
R
P 0x7f2a7c191628
P 0x7f2a7c19bc88
C 10
R
P 0x7f2a7c191628
C 342
R
P 0x7f2a7c191628
P 0x7f2a7c2ccab8
C 10
R
P 0x7f2a7c191628
C 342
R
P 0x7f2a7c191628
P 0x7f2a7c19bc88
C 10
R
P 0x7f2a7c191628
C 342
R
P 0x7f2a7c191628
P 0x7f2a7c48b4c8
C 10
R
P 0x7f2a7c191628
C 342
R
P 0x7f2a7c191628
P 0x7f2a7c487a58
C 10
R
P 0x7f2a7c191628
C 342
R
P 0x7f2a7c191628
P 0x7f2a7c19c088
C 10
R
P 0x7f2a7c191628
C 342
R
P 0x7f2a7c191628
P 0x7f2a7c1a1858
C 10
R
P 0x7f2a7c191628
C 342
R
P 0x7f2a7c191628
P 0x7f2a7c19ed58
C 10
R
P 0x7f2a7c191628
C 342
R
P 0x7f2a7c191628
P 0x7f2a7c19c188
C 10
R
P 0x7f2a7c191628
C 342
R
P 0x7f2a7c191628
P 0x7f2a7c19c268
C 10
R
P 0x7f2a7c191628
C 342
R
P 0x7f2a7c191628
P 0x7f2a7c486fa0
C 10
R
P 0x7f2a7c191628
C 342
R
P 0x7f2a7c191628
P 0x7f2a7c19c2a8
C 10
R
P 0x7f2a7c191628
C 342
R
P 0x7f2a7c191628
P 0x7f2a7c486fd8
C 10
R
P 0x7f2a7c191628
C 342
R
P 0x7f2a7c191628
P 0x7f2a7c473e28
C 10
R
P 0x7f2a7c191628
C 342
R
P 0x7f2a7c191628
P 0x7f2a7c19bfe8
C 10
R
P 0x7f2a7c191628
C 342
R
P 0x7f2a7c191628
P 0x7f2a7c488270
C 10
R
P 0x7f2a7c191628
C 342
R
P 0x7f2a7c191628
P 0x7f2a7c487780
C 10
R
P 0x7f2a7c191628
C 342
R
P 0x7f2a7c191628
P 0x7f2a7c488158
C 10
R
P 0x7f2a7c191628
C 342
R
P 0x7f2a7c191628
P 0x7f2a7c1a18c8
C 10
R
P 0x7f2a7c191628
C 342
R
P 0x7f2a7c191628
P 0x7f2a7c19bfc8
C 10
R
P 0x7f2a7c191628
C 342
R
P 0x7f2a7c191628
P 0x7f2a7c19bc88
C 10
R
P 0x7f2a7c191628
C 342
R
P 0x7f2a7c191628
P 0x7f2a7c1a1890
C 10
R
P 0x7f2a7c191628
C 342
R
P 0x7f2a7c191628
P 0x7f2a7c19bcc8
C 10
R
P 0x7f2a7c191628
C 342
R
P 0x7f2a7c191628
P 0x7f2a7c473be8
C 10
R
P 0x7f2a7c191628
C 342
R
P 0x7f2a7c191628
P 0x7f2a7c19bc88
C 10
R
P 0x7f2a7c191628
C 342
R
P 0x7f2a7c191628
P 0x7f2a7c19bc88
C 10
R
P 0x7f2a7c191628
C 342
R
P 0x7f2a7c191628
P 0x7f2a7c19bc88
C 10
R
P 0x7f2a7c191628
C 342
R
P 0x7f2a7c191628
P 0x7f2a7c19bc88
C 10
R
P 0x7f2a7c191628
C 342
R
P 0x7f2a7c191628
P 0x7f2a7c479af0
C 10
R
P 0x7f2a7c191628
C 342
R
P 0x7f2a7c191628
P 0x7f2a7c19bcc8
C 10
R
P 0x7f2a7c191628
C 342
R
P 0x7f2a7c191628
P 0x7f2a7c19bc88
C 10
R
P 0x7f2a7c191628
C 342
R
P 0x7f2a7c191628
P 0x7f2a7c19bc88
C 10
R
P 0x7f2a7c191628
C 342
R
P 0x7f2a7c191628
P 0x7f2a7c487b38
C 10
R
P 0x7f2a7c191628
C 342
R
P 0x7f2a7c191628
P 0x7f2a7c19fa48
C 10
R
P 0x7f2a7c191628
C 342
R
P 0x7f2a7c191628
P 0x7f2a7c19bc88
C 10
R
P 0x7f2a7c191628
C 342
R
P 0x7f2a7c191628
P 0x7f2a7c19bc88
C 10
R
P 0x7f2a7c191628
C 342
R
P 0x7f2a7c191628
P 0x7f2a7c476038
C 10
R
P 0x7f2a7c191628
C 342
R
P 0x7f2a7c191628
P 0x7f2a7c19c148
C 10
R
P 0x7f2a7c191628
C 342
R
P 0x7f2a7c191628
P 0x7f2a7c19bc88
C 10
R
P 0x7f2a7c191628
C 342
R
P 0x7f2a7c191628
P 0x7f2a7c488190
C 10
R
P 0x7f2a7c191628
C 342
R
P 0x7f2a7c191628
P 0x7f2a7c1a1890
C 10
R
P 0x7f2a7c191628
C 342
R
P 0x7f2a7c191628
P 0x7f2a7c19bc88
C 10
R
P 0x7f2a7c191628
C 342
R
P 0x7f2a7c191628
P 0x7f2a7c19bc88
C 10
R
P 0x7f2a7c191628
C 342
R
P 0x7f2a7c191628
P 0x7f2a7c1a1cb8
C 10
R
P 0x7f2a7c191628
C 342
R
P 0x7f2a7c191628
P 0x7f2a7c19bc88
C 10
R
P 0x7f2a7c191628
C 342
R
P 0x7f2a7c191628
P 0x7f2a7c19c148
C 10
R
P 0x7f2a7c191628
C 342
R
P 0x7f2a7c191628
P 0x7f2a7c1a18c8
C 10
R
P 0x7f2a7c191628
C 342
R
P 0x7f2a7c191628
P 0x7f2a7c4872b0
C 10
R
P 0x7f2a7c191628
C 342
R
P 0x7f2a7c191628
P 0x7f2a7c19bc88
C 10
R
P 0x7f2a7c191628
C 342
R
P 0x7f2a7c191628
P 0x7f2a7c19bce8
C 10
R
P 0x7f2a7c191628
C 342
R
P 0x7f2a7c191628
P 0x7f2a7c19bc88
C 10
R
P 0x7f2a7c191628
C 342
R
P 0x7f2a7c191628
P 0x7f2a7c1a1e08
C 10
R
P 0x7f2a7c191628
C 342
R
P 0x7f2a7c191628
P 0x7f2a7c487ba8
C 10
R
P 0x7f2a7c191628
C 342
R
P 0x7f2a7c191628
P 0x7f2a7c19d798
C 10
R
P 0x7f2a7c191628
C 342
R
P 0x7f2a7c191628
P 0x7f2a7c19c028
C 10
R
P 0x7f2a7c191628
C 342
R
P 0x7f2a7c191628
P 0x7f2a7c19c268
C 10
R
P 0x7f2a7c191628
C 342
R
P 0x7f2a7c191628
P 0x7f2a7c48c178
C 10
R
P 0x7f2a7c191628
C 342
R
P 0x7f2a7c191628
P 0x7f2a7c19bcc8
C 10
R
P 0x7f2a7c191628
C 342
R
P 0x7f2a7c191628
P 0x7f2a7c19bc88
C 10
R
P 0x7f2a7c191628
C 342
R
P 0x7f2a7c191628
P 0x7f2a7c19bfc8
C 10
R
P 0x7f2a7c191628
C 342
R
P 0x7f2a7c191628
P 0x7f2a7c19bc88
C 10
R
P 0x7f2a7c191628
C 342
R
P 0x7f2a7c191628
P 0x7f2a7c19c028
C 10
R
P 0x7f2a7c191628
C 342
R
P 0x7f2a7c191628
P 0x7f2a7c487d30
C 10
R
P 0x7f2a7c191628
C 342
R
P 0x7f2a7c191628
P 0x7f2a7c19bc88
C 10
R
P 0x7f2a7c191628
C 342
R
P 0x7f2a7c191628
P 0x7f2a7c19bd08
C 10
R
P 0x7f2a7c191628
C 342
R
P 0x7f2a7c191628
P 0x7f2a7c4872e8
C 10
R
P 0x7f2a7c191628
C 342
R
P 0x7f2a7c191628
P 0x7f2a7c487908
C 10
R
P 0x7f2a7c191628
C 342
R
P 0x7f2a7c191628
P 0x7f2a7c19bfc8
C 10
R
P 0x7f2a7c191628
C 342
R
P 0x7f2a7c191628
P 0x7f2a7c489bb8
C 10
R
P 0x7f2a7c191628
C 342
R
P 0x7f2a7c191628
P 0x7f2a7c19c188
C 10
R
P 0x7f2a7c191628
C 342
R
P 0x7f2a7c191628
P 0x7f2a7c48a248
C 10
R
P 0x7f2a7c191628
C 342
R
P 0x7f2a7c191628
P 0x7f2a7c48b3e8
C 10
R
P 0x7f2a7c191628
C 342
R
P 0x7f2a7c191628
P 0x7f2a7c19c208
C 10
R
P 0x7f2a7c191628
C 342
R
P 0x7f2a7c191628
P 0x7f2a7c19c128
C 10
R
P 0x7f2a7c191628
C 342
R
P 0x7f2a7c191628
P 0x7f2a7c487ba8
C 10
R
P 0x7f2a7c191628
C 342
R
P 0x7f2a7c191628
P 0x7f2a7c19c028
C 10
R
P 0x7f2a7c191628
C 342
R
P 0x7f2a7c191628
P 0x7f2a7c4734f8
C 10
R
P 0x7f2a7c191628
C 342
R
P 0x7f2a7c191628
P 0x7f2a7c19c268
C 10
R
P 0x7f2a7c191628
C 342
R
P 0x7f2a7c191628
P 0x7f2a7c19bfc8
C 10
R
P 0x7f2a7c191628
C 342
R
P 0x7f2a7c191628
P 0x7f2a7c487fd0
C 10
R
P 0x7f2a7c191628
C 342
R
P 0x7f2a7c191628
P 0x7f2a7c1a18c8
C 10
R
P 0x7f2a7c191628
C 342
R
P 0x7f2a7c191628
P 0x7f2a7c479b60
C 10
R
P 0x7f2a7c191628
C 342
R
P 0x7f2a7c191628
P 0x7f2a7c19bc88
C 10
R
P 0x7f2a7c191628
C 342
R
P 0x7f2a7c191628
P 0x7f2a7c19bfc8
C 10
R
P 0x7f2a7c191628
C 342
R
P 0x7f2a7c191628
P 0x7f2a7c19c068
C 10
R
P 0x7f2a7c191628
C 342
R
P 0x7f2a7c191628
P 0x7f2a7c19bc88
C 10
R
P 0x7f2a7c191628
C 342
R
P 0x7f2a7c191628
P 0x7f2a7c19c1a8
C 10
R
P 0x7f2a7c191628
C 342
R
P 0x7f2a7c191628
P 0x7f2a7c19c0a8
C 10
R
P 0x7f2a7c191628
C 342
R
P 0x7f2a7c191628
P 0x7f2a7c19c048
C 10
R
P 0x7f2a7c191628
C 342
R
P 0x7f2a7c191628
P 0x7f2a7c19bc88
C 10
R
P 0x7f2a7c191628
C 342
R
P 0x7f2a7c191628
P 0x7f2a7c19bc88
C 10
R
P 0x7f2a7c191628
C 342
R
P 0x7f2a7c191628
P 0x7f2a7c19bc88
C 10
R
P 0x7f2a7c191628
C 342
R
P 0x7f2a7c191628
P 0x7f2a7c19bf68
C 10
R
P 0x7f2a7c191628
C 342
R
P 0x7f2a7c191628
P 0x7f2a7c487ba8
C 10
R
P 0x7f2a7c191628
C 342
R
P 0x7f2a7c191628
P 0x7f2a7c381ad8
C 10
R
P 0x7f2a7c191628
C 342
R
P 0x7f2a7c191628
P 0x7f2a7c4879e8
C 10
R
P 0x7f2a7c191628
C 342
R
P 0x7f2a7c191628
P 0x7f2a7c486fd8
C 10
R
P 0x7f2a7c191628
C 342
R
P 0x7f2a7c191628
P 0x7f2a7c19ecf8
C 10
R
P 0x7f2a7c191628
C 342
R
P 0x7f2a7c191628
P 0x7f2a7c487940
C 10
R
P 0x7f2a7c191628
C 342
R
P 0x7f2a7c191628
P 0x7f2a7c19c028
C 10
R
P 0x7f2a7c191628
C 342
R
P 0x7f2a7c191628
P 0x7f2a7c487d68
C 10
R
P 0x7f2a7c191628
C 342
R
P 0x7f2a7c191628
P 0x7f2a7c19c268
C 10
R
P 0x7f2a7c191628
C 342
R
P 0x7f2a7c191628
P 0x7f2a7c19bf68
C 10
R
P 0x7f2a7c191628
C 342
R
P 0x7f2a7c191628
P 0x7f2a7c487010
C 10
R
P 0x7f2a7c191628
C 342
R
P 0x7f2a7c191628
P 0x7f2a7c19c2a8
C 10
R
P 0x7f2a7c191628
C 342
R
P 0x7f2a7c191628
P 0x7f2a7c1a1858
C 10
R
P 0x7f2a7c191628
C 342
R
P 0x7f2a7c191628
P 0x7f2a7c488190
C 10
R
P 0x7f2a7c191628
C 342
R
P 0x7f2a7c191628
P 0x7f2a7c19e578
C 10
R
P 0x7f2a7c191628
C 342
R
P 0x7f2a7c191628
P 0x7f2a7c19bcc8
C 10
R
P 0x7f2a7c191628
C 342
R
P 0x7f2a7c191628
P 0x7f2a7c4886d0
C 10
R
P 0x7f2a7c191628
C 342
R
P 0x7f2a7c191628
P 0x7f2a7c19c0a8
C 10
R
P 0x7f2a7c191628
C 342
R
P 0x7f2a7c191628
P 0x7f2a7c1a2498
C 10
R
P 0x7f2a7c191628
C 342
R
P 0x7f2a7c191628
P 0x7f2a7c1a25e8
C 10
R
P 0x7f2a7c191628
C 342
R
P 0x7f2a7c191628
P 0x7f2a7c487ba8
C 10
R
P 0x7f2a7c191628
C 342
R
P 0x7f2a7c191628
P 0x7f2a7c19bc88
C 10
R
P 0x7f2a7c191628
C 342
R
P 0x7f2a7c191628
P 0x7f2a7c19bcc8
C 10
R
P 0x7f2a7c191628
C 342
R
P 0x7f2a7c191628
P 0x7f2a7c19c028
C 10
R
P 0x7f2a7c191628
C 342
R
P 0x7f2a7c191628
P 0x7f2a7c1a1f58
C 10
R
P 0x7f2a7c191628
C 342
R
P 0x7f2a7c191628
P 0x7f2a7c19bc88
C 10
R
P 0x7f2a7c191628
C 342
R
P 0x7f2a7c191628
P 0x7f2a7c48ab28
C 10
R
P 0x7f2a7c191628
C 342
R
P 0x7f2a7c191628
P 0x7f2a7c1a1890
C 10
R
P 0x7f2a7c191628
C 342
R
P 0x7f2a7c191628
P 0x7f2a7c1a17e8
C 10
R
P 0x7f2a7c191628
C 342
R
P 0x7f2a7c191628
P 0x7f2a7c19c268
C 10
R
P 0x7f2a7c191628
C 342
R
P 0x7f2a7c191628
P 0x7f2a7c19c088
C 10
R
P 0x7f2a7c191628
C 342
R
P 0x7f2a7c191628
P 0x7f2a7c19bc88
C 10
R
P 0x7f2a7c191628
C 342
R
P 0x7f2a7c191628
P 0x7f2a7c19bc88
C 10
R
P 0x7f2a7c191628
C 342
R
P 0x7f2a7c191628
P 0x7f2a7c47a0a0
C 10
R
P 0x7f2a7c191628
C 342
R
P 0x7f2a7c191628
P 0x7f2a7c19c268
C 10
R
P 0x7f2a7c191628
C 342
R
P 0x7f2a7c191628
P 0x7f2a7c19bf48
C 10
R
P 0x7f2a7c191628
C 342
R
P 0x7f2a7c191628
P 0x7f2a7c48c808
C 10
R
P 0x7f2a7c191628
C 342
R
P 0x7f2a7c191628
P 0x7f2a7c19c028
C 10
R
P 0x7f2a7c191628
C 342
R
P 0x7f2a7c191628
P 0x7f2a7c19c228
C 10
R
P 0x7f2a7c191628
C 342
R
P 0x7f2a7c191628
P 0x7f2a7c19f948
C 10
R
P 0x7f2a7c191628
C 342
R
P 0x7f2a7c191628
P 0x7f2a7c19c088
C 10
R
P 0x7f2a7c191628
C 342
R
P 0x7f2a7c191628
P 0x7f2a7c1a1858
C 10
R
P 0x7f2a7c191628
C 342
R
P 0x7f2a7c191628
P 0x7f2a7c473be8
C 10
R
P 0x7f2a7c191628
C 342
R
P 0x7f2a7c191628
P 0x7f2a7c475eb0
C 10
R
P 0x7f2a7c191628
C 342
R
P 0x7f2a7c191628
P 0x7f2a7c19bce8
C 10
R
P 0x7f2a7c191628
C 342
R
P 0x7f2a7c191628
P 0x7f2a7c19bfc8
C 10
R
P 0x7f2a7c191628
C 342
R
P 0x7f2a7c191628
P 0x7f2a7c19bc88
C 10
R
P 0x7f2a7c191628
C 342
R
P 0x7f2a7c191628
P 0x7f2a7c19c048
C 10
R
P 0x7f2a7c191628
C 342
R
P 0x7f2a7c191628
P 0x7f2a7c19f9c8
C 10
R
P 0x7f2a7c191628
C 342
R
P 0x7f2a7c191628
P 0x7f2a7c1a25e8
C 10
R
P 0x7f2a7c191628
C 342
R
P 0x7f2a7c191628
P 0x7f2a7c19c0c8
C 10
R
P 0x7f2a7c191628
C 342
R
P 0x7f2a7c191628
P 0x7f2a7c4873c8
C 10
R
P 0x7f2a7c191628
C 342
R
P 0x7f2a7c191628
P 0x7f2a7c19c1a8
C 10
R
P 0x7f2a7c191628
C 342
R
P 0x7f2a7c191628
P 0x7f2a7c48c680
C 10
R
P 0x7f2a7c191628
C 342
R
P 0x7f2a7c191628
P 0x7f2a7c487470
C 10
R
P 0x7f2a7c191628
C 342
R
P 0x7f2a7c191628
P 0x7f2a7c4872e8
C 10
R
P 0x7f2a7c191628
C 342
R
P 0x7f2a7c191628
P 0x7f2a7c1a17e8
C 10
R
P 0x7f2a7c191628
C 342
R
P 0x7f2a7c191628
P 0x7f2a7c48d430
C 10
R
P 0x7f2a7c191628
C 342
R
P 0x7f2a7c191628
P 0x7f2a7c19bc88
C 10
R
P 0x7f2a7c191628
C 342
R
P 0x7f2a7c191628
P 0x7f2a7c19c0e8
C 10
R
P 0x7f2a7c191628
C 342
R
P 0x7f2a7c191628
P 0x7f2a7c19bf88
C 10
R
P 0x7f2a7c191628
C 342
R
P 0x7f2a7c191628
P 0x7f2a7c19bc88
C 10
R
P 0x7f2a7c191628
C 342
R
P 0x7f2a7c191628
P 0x7f2a7c19c168
C 10
R
P 0x7f2a7c191628
C 342
R
P 0x7f2a7c191628
P 0x7f2a7c19bc88
C 10
R
P 0x7f2a7c191628
C 342
R
P 0x7f2a7c191628
P 0x7f2a7c19c268
C 10
R
P 0x7f2a7c191628
C 342
R
P 0x7f2a7c191628
P 0x7f2a7c488bc0
C 10
R
P 0x7f2a7c191628
C 342
R
P 0x7f2a7c191628
P 0x7f2a7c473768
C 10
R
P 0x7f2a7c191628
C 342
R
P 0x7f2a7c191628
P 0x7f2a7c4872e8
C 10
R
P 0x7f2a7c191628
C 342
R
P 0x7f2a7c191628
P 0x7f2a7c1a18c8
C 10
R
P 0x7f2a7c191628
C 342
R
P 0x7f2a7c191628
P 0x7f2a7c487080
C 10
R
P 0x7f2a7c191628
C 342
R
P 0x7f2a7c191628
P 0x7f2a7c19bc88
C 10
R
P 0x7f2a7c191628
C 342
R
P 0x7f2a7c191628
P 0x7f2a7c19bd08
C 10
R
P 0x7f2a7c191628
C 342
R
P 0x7f2a7c191628
P 0x7f2a7c19fa88
C 10
R
P 0x7f2a7c191628
C 342
R
P 0x7f2a7c191628
P 0x7f2a7c19c1a8
C 10
R
P 0x7f2a7c191628
C 342
R
P 0x7f2a7c191628
P 0x7f2a7c19c148
C 10
R
P 0x7f2a7c191628
C 342
R
P 0x7f2a7c191628
P 0x7f2a7c1a18c8
C 10
R
P 0x7f2a7c191628
C 342
R
P 0x7f2a7c191628
P 0x7f2a7c19c2a8
C 10
R
P 0x7f2a7c191628
C 342
R
P 0x7f2a7c191628
P 0x7f2a7c487b70
C 10
R
P 0x7f2a7c191628
C 342
R
P 0x7f2a7c191628
P 0x7f2a7c1a17b0
C 10
R
P 0x7f2a7c191628
C 342
R
P 0x7f2a7c191628
P 0x7f2a7c487d68
C 10
R
P 0x7f2a7c191628
C 342
R
P 0x7f2a7c191628
P 0x7f2a7c19c168
C 10
R
P 0x7f2a7c191628
C 342
R
P 0x7f2a7c191628
P 0x7f2a7c487908
C 10
R
P 0x7f2a7c191628
C 342
R
P 0x7f2a7c191628
P 0x7f2a7c486e18
C 10
R
P 0x7f2a7c191628
C 342
R
P 0x7f2a7c191628
P 0x7f2a7c19bc88
C 10
R
P 0x7f2a7c191628
C 342
R
P 0x7f2a7c191628
P 0x7f2a7c19c168
C 10
R
P 0x7f2a7c191628
C 342
R
P 0x7f2a7c191628
P 0x7f2a7c19e4e8
C 10
R
P 0x7f2a7c191628
C 342
R
P 0x7f2a7c191628
P 0x7f2a7c19c2a8
C 10
R
P 0x7f2a7c191628
C 342
R
P 0x7f2a7c191628
P 0x7f2a7c19c068
C 10
R
P 0x7f2a7c191628
C 342
R
P 0x7f2a7c191628
P 0x7f2a7c473828
C 10
R
P 0x7f2a7c191628
C 342
R
P 0x7f2a7c191628
P 0x7f2a7c487908
C 10
R
P 0x7f2a7c191628
C 342
R
P 0x7f2a7c191628
P 0x7f2a7c488190
C 10
R
P 0x7f2a7c191628
C 342
R
P 0x7f2a7c191628
P 0x7f2a7c48a930
C 10
R
P 0x7f2a7c191628
C 342
R
P 0x7f2a7c191628
P 0x7f2a7c19bca8
C 10
R
P 0x7f2a7c191628
C 342
R
P 0x7f2a7c191628
P 0x7f2a7c487be0
C 10
R
P 0x7f2a7c191628
C 342
R
P 0x7f2a7c191628
P 0x7f2a7c19bc88
C 10
R
P 0x7f2a7c191628
C 342
R
P 0x7f2a7c191628
P 0x7f2a7c19bf48
C 10
R
P 0x7f2a7c191628
C 342
R
P 0x7f2a7c191628
P 0x7f2a7c19bc88
C 10
R
P 0x7f2a7c191628
C 342
R
P 0x7f2a7c191628
P 0x7f2a7c19bc88
C 10
R
P 0x7f2a7c191628
C 342
R
P 0x7f2a7c191628
P 0x7f2a7c19c128
C 10
R
P 0x7f2a7c191628
C 342
R
P 0x7f2a7c191628
P 0x7f2a7c19c0a8
C 10
R
P 0x7f2a7c191628
C 342
R
P 0x7f2a7c191628
P 0x7f2a7c19bc88
C 10
R
P 0x7f2a7c191628
C 342
R
P 0x7f2a7c191628
P 0x7f2a7c488200
C 10
R
P 0x7f2a7c191628
C 342
R
P 0x7f2a7c191628
P 0x7f2a7c2cbb30
C 10
R
P 0x7f2a7c191628
C 342
R
P 0x7f2a7c191628
P 0x7f2a7c19c2a8
C 10
R
P 0x7f2a7c191628
C 342
R
P 0x7f2a7c191628
P 0x7f2a7c19bc88
C 10
R
P 0x7f2a7c191628
C 342
R
P 0x7f2a7c191628
P 0x7f2a7c19bc88
C 10
R
P 0x7f2a7c191628
C 342
R
P 0x7f2a7c191628
P 0x7f2a7c19f888
C 10
R
P 0x7f2a7c191628
C 342
R
P 0x7f2a7c191628
P 0x7f2a7c48c1e8
C 10
R
P 0x7f2a7c191628
C 342
R
P 0x7f2a7c191628
P 0x7f2a7c487048
C 10
R
P 0x7f2a7c191628
C 342
R
P 0x7f2a7c191628
P 0x7f2a7c19bc88
C 10
R
P 0x7f2a7c191628
C 342
R
P 0x7f2a7c191628
P 0x7f2a7c1a1f58
C 10
R
P 0x7f2a7c191628
C 342
R
P 0x7f2a7c191628
P 0x7f2a7c19bc88
C 10
R
P 0x7f2a7c191628
C 342
R
P 0x7f2a7c191628
P 0x7f2a7c19bf48
C 10
R
P 0x7f2a7c191628
C 342
R
P 0x7f2a7c191628
P 0x7f2a7c478ba0
C 10
R
P 0x7f2a7c191628
C 342
R
P 0x7f2a7c191628
P 0x7f2a7c473618
C 10
R
P 0x7f2a7c191628
C 342
R
P 0x7f2a7c191628
P 0x7f2a7c2cb858
C 10
R
P 0x7f2a7c191628
C 342
R
P 0x7f2a7c191628
P 0x7f2a7c1a1970
C 10
R
P 0x7f2a7c191628
C 342
R
P 0x7f2a7c191628
P 0x7f2a7c487278
C 10
R
P 0x7f2a7c191628
C 342
R
P 0x7f2a7c191628
P 0x7f2a7c19bd08
C 10
R
P 0x7f2a7c191628
C 342
R
P 0x7f2a7c191628
P 0x7f2a7c487dd8
C 10
R
P 0x7f2a7c191628
C 342
R
P 0x7f2a7c191628
P 0x7f2a7c1a18c8
C 10
R
P 0x7f2a7c191628
C 342
R
P 0x7f2a7c191628
P 0x7f2a7c19bc88
C 10
R
P 0x7f2a7c191628
C 342
R
P 0x7f2a7c191628
P 0x7f2a7c19c2a8
C 10
R
P 0x7f2a7c191628
C 342
R
P 0x7f2a7c191628
P 0x7f2a7c4891a8
C 10
R
P 0x7f2a7c191628
C 342
R
P 0x7f2a7c191628
P 0x7f2a7c1a1900
C 10
R
P 0x7f2a7c191628
C 342
R
P 0x7f2a7c191628
P 0x7f2a7c19f848
C 10
R
P 0x7f2a7c191628
C 342
R
P 0x7f2a7c191628
P 0x7f2a7c19c0e8
C 10
R
P 0x7f2a7c191628
C 342
R
P 0x7f2a7c191628
P 0x7f2a7c476380
C 10
R
P 0x7f2a7c191628
C 342
R
P 0x7f2a7c191628
P 0x7f2a7c1a1890
C 10
R
P 0x7f2a7c191628
C 342
R
P 0x7f2a7c191628
P 0x7f2a7c2cc5e8
C 10
R
P 0x7f2a7c191628
C 342
R
P 0x7f2a7c191628
P 0x7f2a7c487940
C 10
R
P 0x7f2a7c191628
C 342
R
P 0x7f2a7c191628
P 0x7f2a7c486ec0
C 10
R
P 0x7f2a7c191628
C 342
R
P 0x7f2a7c191628
P 0x7f2a7c487940
C 10
R
P 0x7f2a7c191628
C 342
R
P 0x7f2a7c191628
P 0x7f2a7c19bc88
C 10
R
P 0x7f2a7c191628
C 342
R
P 0x7f2a7c191628
P 0x7f2a7c1a1ba0
C 10
R
P 0x7f2a7c191628
C 342
R
P 0x7f2a7c191628
P 0x7f2a7c19fa48
C 10
R
P 0x7f2a7c191628
C 342
R
P 0x7f2a7c191628
P 0x7f2a7c487a58
C 10
R
P 0x7f2a7c191628
C 342
R
P 0x7f2a7c191628
P 0x7f2a7c19bc88
C 10
R
P 0x7f2a7c191628
C 342
R
P 0x7f2a7c191628
P 0x7f2a7c19bcc8
C 10
R
P 0x7f2a7c191628
C 342
R
P 0x7f2a7c191628
P 0x7f2a7c19bc88
C 10
R
P 0x7f2a7c191628
C 342
R
P 0x7f2a7c191628
P 0x7f2a7c2cd180
C 10
R
P 0x7f2a7c191628
C 342
R
P 0x7f2a7c191628
P 0x7f2a7c477068
C 10
R
P 0x7f2a7c191628
C 342
R
P 0x7f2a7c191628
P 0x7f2a7c19bc88
C 10
R
P 0x7f2a7c191628
C 342
R
P 0x7f2a7c191628
P 0x7f2a7c19c228
C 10
R
P 0x7f2a7c191628
C 342
R
P 0x7f2a7c191628
P 0x7f2a7c4898e0
C 10
R
P 0x7f2a7c191628
C 342
R
P 0x7f2a7c191628
P 0x7f2a7c487978
C 10
R
P 0x7f2a7c191628
C 342
R
P 0x7f2a7c191628
P 0x7f2a7c19f888
C 10
R
P 0x7f2a7c191628
C 342
R
P 0x7f2a7c191628
P 0x7f2a7c19bc88
C 10
R
P 0x7f2a7c191628
C 342
R
P 0x7f2a7c191628
P 0x7f2a7c488958
C 10
R
P 0x7f2a7c191628
C 342
R
P 0x7f2a7c191628
P 0x7f2a7c19c0a8
C 10
R
P 0x7f2a7c191628
C 342
R
P 0x7f2a7c191628
P 0x7f2a7c19bfc8
C 10
R
P 0x7f2a7c191628
C 342
R
P 0x7f2a7c191628
P 0x7f2a7c1a1890
C 10
R
P 0x7f2a7c191628
C 342
R
P 0x7f2a7c191628
P 0x7f2a7c19e668
C 10
R
P 0x7f2a7c191628
C 342
R
P 0x7f2a7c191628
P 0x7f2a7c473408
C 10
R
P 0x7f2a7c191628
C 342
R
P 0x7f2a7c191628
P 0x7f2a7c487080
C 10
R
P 0x7f2a7c191628
C 342
R
P 0x7f2a7c191628
P 0x7f2a7c48d078
C 10
R
P 0x7f2a7c191628
C 342
R
P 0x7f2a7c191628
P 0x7f2a7c19fa88
C 10
R
P 0x7f2a7c191628
C 342
R
P 0x7f2a7c191628
P 0x7f2a7c48d3c0
C 10
R
P 0x7f2a7c191628
C 342
R
P 0x7f2a7c191628
P 0x7f2a7c487c88
C 10
R
P 0x7f2a7c191628
C 342
R
P 0x7f2a7c191628
P 0x7f2a7c487a58
C 10
R
P 0x7f2a7c191628
C 342
R
P 0x7f2a7c191628
P 0x7f2a7c19bc88
C 10
R
P 0x7f2a7c191628
C 342
R
P 0x7f2a7c191628
P 0x7f2a7c19bc88
C 10
R
P 0x7f2a7c191628
C 342
R
P 0x7f2a7c191628
P 0x7f2a7c488190
C 10
R
P 0x7f2a7c191628
C 342
R
P 0x7f2a7c191628
P 0x7f2a7c487978
C 10
R
P 0x7f2a7c191628
C 342
R
P 0x7f2a7c191628
P 0x7f2a7c19bc88
C 10
R
P 0x7f2a7c191628
C 342
R
P 0x7f2a7c191628
P 0x7f2a7c1a21f8
C 10
R
P 0x7f2a7c191628
C 342
R
P 0x7f2a7c191628
P 0x7f2a7c19bc88
C 10
R
P 0x7f2a7c191628
C 342
R
P 0x7f2a7c191628
P 0x7f2a7c1a1890
C 10
R
P 0x7f2a7c191628
C 342
R
P 0x7f2a7c191628
P 0x7f2a7c19fa48
C 10
R
P 0x7f2a7c191628
C 342
R
P 0x7f2a7c191628
P 0x7f2a7c19bc88
C 10
R
P 0x7f2a7c191628
C 342
R
P 0x7f2a7c191628
P 0x7f2a7c487f60
C 10
R
P 0x7f2a7c191628
C 342
R
P 0x7f2a7c191628
P 0x7f2a7c4733a8
C 10
R
P 0x7f2a7c191628
C 342
R
P 0x7f2a7c191628
P 0x7f2a7c19c0e8
C 10
R
P 0x7f2a7c191628
C 342
R
P 0x7f2a7c191628
P 0x7f2a7c19bd08
C 10
R
P 0x7f2a7c191628
C 342
R
P 0x7f2a7c191628
P 0x7f2a7c19bc88
C 10
R
P 0x7f2a7c191628
C 342
R
P 0x7f2a7c191628
P 0x7f2a7c19fa88
C 10
R
P 0x7f2a7c191628
C 342
R
P 0x7f2a7c191628
P 0x7f2a7c19bc88
C 10
R
P 0x7f2a7c191628
C 342
R
P 0x7f2a7c191628
P 0x7f2a7c487208
C 10
R
P 0x7f2a7c191628
C 342
R
P 0x7f2a7c191628
P 0x7f2a7c19bc88
C 10
R
P 0x7f2a7c191628
C 342
R
P 0x7f2a7c191628
P 0x7f2a7c19bc88
C 10
R
P 0x7f2a7c191628
C 342
R
P 0x7f2a7c191628
P 0x7f2a7c19c008
C 10
R
P 0x7f2a7c191628
C 342
R
P 0x7f2a7c191628
P 0x7f2a7c479230
C 10
R
P 0x7f2a7c191628
C 342
R
P 0x7f2a7c191628
P 0x7f2a7c479ce8
C 10
R
P 0x7f2a7c191628
C 342
R
P 0x7f2a7c191628
P 0x7f2a7c4879b0
C 10
R
P 0x7f2a7c191628
C 342
R
P 0x7f2a7c191628
P 0x7f2a7c19e6c8
C 10
R
P 0x7f2a7c191628
C 342
R
P 0x7f2a7c191628
P 0x7f2a7c1a25e8
C 10
R
P 0x7f2a7c191628
C 342
R
P 0x7f2a7c191628
P 0x7f2a7c19c0e8
C 10
R
P 0x7f2a7c191628
C 342
R
P 0x7f2a7c191628
P 0x7f2a7c19c1a8
C 10
R
P 0x7f2a7c191628
C 342
R
P 0x7f2a7c191628
P 0x7f2a7c19f988
C 10
R
P 0x7f2a7c191628
C 342
R
P 0x7f2a7c191628
P 0x7f2a7c19bc88
C 10
R
P 0x7f2a7c191628
C 342
R
P 0x7f2a7c191628
P 0x7f2a7c19bfc8
C 10
R
P 0x7f2a7c191628
C 342
R
P 0x7f2a7c191628
P 0x7f2a7c19c048
C 10
R
P 0x7f2a7c191628
C 342
R
P 0x7f2a7c191628
P 0x7f2a7c19c2a8
C 10
R
P 0x7f2a7c191628
C 342
R
P 0x7f2a7c191628
P 0x7f2a7c487470
C 10
R
P 0x7f2a7c191628
C 342
R
P 0x7f2a7c191628
P 0x7f2a7c19bcc8
C 10
R
P 0x7f2a7c191628
C 342
R
P 0x7f2a7c191628
P 0x7f2a7c2cd490
C 10
R
P 0x7f2a7c191628
C 342
R
P 0x7f2a7c191628
P 0x7f2a7c489d78
C 10
R
P 0x7f2a7c191628
C 342
R
P 0x7f2a7c191628
P 0x7f2a7c19f888
C 10
R
P 0x7f2a7c191628
C 342
R
P 0x7f2a7c191628
P 0x7f2a7c1a1858
C 10
R
P 0x7f2a7c191628
C 342
R
P 0x7f2a7c191628
P 0x7f2a7c19bfc8
C 10
R
P 0x7f2a7c191628
C 342
R
P 0x7f2a7c191628
P 0x7f2a7c487390
C 10
R
P 0x7f2a7c191628
C 342
R
P 0x7f2a7c191628
P 0x7f2a7c476f88
C 10
R
P 0x7f2a7c191628
C 342
R
P 0x7f2a7c191628
P 0x7f2a7c1a1dd0
C 10
R
P 0x7f2a7c191628
C 342
R
P 0x7f2a7c191628
P 0x7f2a7c19bf48
C 10
R
P 0x7f2a7c191628
C 342
R
P 0x7f2a7c191628
P 0x7f2a7c19c168
C 10
R
P 0x7f2a7c191628
C 342
R
P 0x7f2a7c191628
P 0x7f2a7c19c1c8
C 10
R
P 0x7f2a7c191628
C 342
R
P 0x7f2a7c191628
P 0x7f2a7c19bc88
C 10
R
P 0x7f2a7c191628
C 342
R
P 0x7f2a7c191628
P 0x7f2a7c19bd08
C 10
R
P 0x7f2a7c191628
C 342
R
P 0x7f2a7c191628
P 0x7f2a7c19bc88
C 10
R
P 0x7f2a7c191628
C 342
R
P 0x7f2a7c191628
P 0x7f2a7c1a2348
C 10
R
P 0x7f2a7c191628
C 342
R
P 0x7f2a7c191628
P 0x7f2a7c19bc88
C 10
R
P 0x7f2a7c191628
C 342
R
P 0x7f2a7c191628
P 0x7f2a7c19f9c8
C 10
R
P 0x7f2a7c191628
C 342
R
P 0x7f2a7c191628
P 0x7f2a7c1a1778
C 10
R
P 0x7f2a7c191628
C 342
R
P 0x7f2a7c191628
P 0x7f2a7c19fac8
C 10
R
P 0x7f2a7c191628
C 342
R
P 0x7f2a7c191628
P 0x7f2a7c19bfa8
C 10
R
P 0x7f2a7c191628
C 342
R
P 0x7f2a7c191628
P 0x7f2a7c19da68
C 10
R
P 0x7f2a7c191628
C 342
R
P 0x7f2a7c191628
P 0x7f2a7c19bc88
C 10
R
P 0x7f2a7c191628
C 342
R
P 0x7f2a7c191628
P 0x7f2a7c19bfc8
C 10
R
P 0x7f2a7c191628
C 342
R
P 0x7f2a7c191628
P 0x7f2a7c19bfc8
C 10
R
P 0x7f2a7c191628
C 342
R
P 0x7f2a7c191628
P 0x7f2a7c19bc88
C 10
R
P 0x7f2a7c191628
C 342
R
P 0x7f2a7c191628
P 0x7f2a7c19c248
C 10
R
P 0x7f2a7c191628
C 342
R
P 0x7f2a7c191628
P 0x7f2a7c19bcc8
C 10
R
P 0x7f2a7c191628
C 342
R
P 0x7f2a7c191628
P 0x7f2a7c475698
C 10
R
P 0x7f2a7c191628
C 342
R
P 0x7f2a7c191628
P 0x7f2a7c5e2de8
C 10
R
P 0x7f2a7c191628
C 342
R
P 0x7f2a7c191628
P 0x7f2a7c487b70
C 10
R
P 0x7f2a7c191628
C 342
R
P 0x7f2a7c191628
P 0x7f2a7c19c188
C 10
R
P 0x7f2a7c191628
C 342
R
P 0x7f2a7c191628
P 0x7f2a7c19c0e8
C 10
R
P 0x7f2a7c191628
C 342
R
P 0x7f2a7c191628
P 0x7f2a7c487b70
C 10
R
P 0x7f2a7c191628
C 342
R
P 0x7f2a7c191628
P 0x7f2a7c19bc88
C 10
R
P 0x7f2a7c191628
C 342
R
P 0x7f2a7c191628
P 0x7f2a7c19bf88
C 10
R
P 0x7f2a7c191628
C 342
R
P 0x7f2a7c191628
P 0x7f2a7c19bb48
C 10
R
P 0x7f2a7c191628
C 342
R
P 0x7f2a7c191628
P 0x7f2a7c19bc88
C 10
R
P 0x7f2a7c191628
C 342
R
P 0x7f2a7c191628
P 0x7f2a7c487240
C 10
R
P 0x7f2a7c191628
C 342
R
P 0x7f2a7c191628
P 0x7f2a7c19bc88
C 10
R
P 0x7f2a7c191628
C 342
R
P 0x7f2a7c191628
P 0x7f2a7c19c008
C 10
R
P 0x7f2a7c191628
C 342
R
P 0x7f2a7c191628
P 0x7f2a7c19c008
C 10
R
P 0x7f2a7c191628
C 342
R
P 0x7f2a7c191628
P 0x7f2a7c19c008
C 10
R
P 0x7f2a7c191628
C 342
R
P 0x7f2a7c191628
P 0x7f2a7c487f60
C 10
R
P 0x7f2a7c191628
C 342
R
P 0x7f2a7c191628
P 0x7f2a7c19c1a8
C 10
R
P 0x7f2a7c191628
C 342
R
P 0x7f2a7c191628
P 0x7f2a7c19bc88
C 10
R
P 0x7f2a7c191628
C 342
R
P 0x7f2a7c191628
P 0x7f2a7c487f60
C 10
R
P 0x7f2a7c191628
C 342
R
P 0x7f2a7c191628
P 0x7f2a7c47a1b8
C 10
R
P 0x7f2a7c191628
C 342
R
P 0x7f2a7c191628
P 0x7f2a7c19c148
C 10
R
P 0x7f2a7c191628
C 342
R
P 0x7f2a7c191628
P 0x7f2a7c19bc88
C 10
R
P 0x7f2a7c191628
C 342
R
P 0x7f2a7c191628
P 0x7f2a7c486fd8
C 10
R
P 0x7f2a7c191628
C 342
R
P 0x7f2a7c191628
P 0x7f2a7c19bc88
C 10
R
P 0x7f2a7c191628
C 342
R
P 0x7f2a7c191628
P 0x7f2a7c488190
C 10
R
P 0x7f2a7c191628
C 342
R
P 0x7f2a7c191628
P 0x7f2a7c19bc88
C 10
R
P 0x7f2a7c191628
C 342
R
P 0x7f2a7c191628
P 0x7f2a7c487908
C 10
R
P 0x7f2a7c191628
C 342
R
P 0x7f2a7c191628
P 0x7f2a7c489758
C 10
R
P 0x7f2a7c191628
C 342
R
P 0x7f2a7c191628
P 0x7f2a7c19bc88
C 10
R
P 0x7f2a7c191628
C 342
R
P 0x7f2a7c191628
P 0x7f2a7c1a1900
C 10
R
P 0x7f2a7c191628
C 342
R
P 0x7f2a7c191628
P 0x7f2a7c19bc88
C 10
R
P 0x7f2a7c191628
C 342
R
P 0x7f2a7c191628
P 0x7f2a7c19c188
C 10
R
P 0x7f2a7c191628
C 342
R
P 0x7f2a7c191628
P 0x7f2a7c19c108
C 10
R
P 0x7f2a7c191628
C 342
R
P 0x7f2a7c191628
P 0x7f2a7c19bf48
C 10
R
P 0x7f2a7c191628
C 342
R
P 0x7f2a7c191628
P 0x7f2a7c19bf48
C 10
R
P 0x7f2a7c191628
C 342
R
P 0x7f2a7c191628
P 0x7f2a7c489a30
C 10
R
P 0x7f2a7c191628
C 342
R
P 0x7f2a7c191628
P 0x7f2a7c2ccbd0
C 10
R
P 0x7f2a7c191628
C 342
R
P 0x7f2a7c191628
P 0x7f2a7c19bcc8
C 10
R
P 0x7f2a7c191628
C 342
R
P 0x7f2a7c191628
P 0x7f2a7c19bd08
C 10
R
P 0x7f2a7c191628
C 342
R
P 0x7f2a7c191628
P 0x7f2a7c19bfc8
C 10
R
P 0x7f2a7c191628
C 342
R
P 0x7f2a7c191628
P 0x7f2a7c487ba8
C 10
R
P 0x7f2a7c191628
C 342
R
P 0x7f2a7c191628
P 0x7f2a7c487fd0
C 10
R
P 0x7f2a7c191628
C 342
R
P 0x7f2a7c191628
P 0x7f2a7c19c148
C 10
R
P 0x7f2a7c191628
C 342
R
P 0x7f2a7c191628
P 0x7f2a7c1a17b0
C 10
R
P 0x7f2a7c191628
C 342
R
P 0x7f2a7c191628
P 0x7f2a7c19c028
C 10
R
P 0x7f2a7c191628
C 342
R
P 0x7f2a7c191628
P 0x7f2a7c19c0e8
C 10
R
P 0x7f2a7c191628
C 342
R
P 0x7f2a7c191628
P 0x7f2a7c1a17e8
C 10
R
P 0x7f2a7c191628
C 342
R
P 0x7f2a7c191628
P 0x7f2a7c19bc88
C 10
R
P 0x7f2a7c191628
C 342
R
P 0x7f2a7c191628
P 0x7f2a7c487978
C 10
R
P 0x7f2a7c191628
C 342
R
P 0x7f2a7c191628
P 0x7f2a7c1a1c80
C 10
R
P 0x7f2a7c191628
C 342
R
P 0x7f2a7c191628
P 0x7f2a7c1a1778
C 10
R
P 0x7f2a7c191628
C 342
R
P 0x7f2a7c191628
P 0x7f2a7c1a17b0
C 10
R
P 0x7f2a7c191628
C 342
R
P 0x7f2a7c191628
P 0x7f2a7c487278
C 10
R
P 0x7f2a7c191628
C 342
R
P 0x7f2a7c191628
P 0x7f2a7c19bd08
C 10
R
P 0x7f2a7c191628
C 342
R
P 0x7f2a7c191628
P 0x7f2a7c19c0e8
C 10
R
P 0x7f2a7c191628
C 342
R
P 0x7f2a7c191628
P 0x7f2a7c19f9c8
C 10
R
P 0x7f2a7c191628
C 342
R
P 0x7f2a7c191628
P 0x7f2a7c19bfc8
C 10
R
P 0x7f2a7c191628
C 342
R
P 0x7f2a7c191628
P 0x7f2a7c19bc88
C 10
R
P 0x7f2a7c191628
C 342
R
P 0x7f2a7c191628
P 0x7f2a7c1a17b0
C 10
R
P 0x7f2a7c191628
C 342
R
P 0x7f2a7c191628
P 0x7f2a7c19c1a8
C 10
R
P 0x7f2a7c191628
C 342
R
P 0x7f2a7c191628
P 0x7f2a7c1a1890
C 10
R
P 0x7f2a7c191628
C 342
R
P 0x7f2a7c191628
P 0x7f2a7c19c268
C 10
R
P 0x7f2a7c191628
C 342
R
P 0x7f2a7c191628
P 0x7f2a7c19bcc8
C 10
R
P 0x7f2a7c191628
C 342
R
P 0x7f2a7c191628
P 0x7f2a7c19c268
C 10
R
P 0x7f2a7c191628
C 342
R
P 0x7f2a7c191628
P 0x7f2a7c2cc658
C 10
R
P 0x7f2a7c191628
C 342
R
P 0x7f2a7c191628
P 0x7f2a7c19c1a8
C 10
R
P 0x7f2a7c191628
C 342
R
P 0x7f2a7c191628
P 0x7f2a7c48bb90
C 10
R
P 0x7f2a7c191628
C 342
R
P 0x7f2a7c191628
P 0x7f2a7c2cc690
C 10
R
P 0x7f2a7c191628
C 342
R
P 0x7f2a7c191628
P 0x7f2a7c4872b0
C 10
R
P 0x7f2a7c191628
C 342
R
P 0x7f2a7c191628
P 0x7f2a7c489d40
C 10
R
P 0x7f2a7c191628
C 342
R
P 0x7f2a7c191628
P 0x7f2a7c19c068
C 10
R
P 0x7f2a7c191628
C 342
R
P 0x7f2a7c191628
P 0x7f2a7c48da50
C 10
R
P 0x7f2a7c191628
C 342
R
P 0x7f2a7c191628
P 0x7f2a7c19bc88
C 10
R
P 0x7f2a7c191628
C 342
R
P 0x7f2a7c191628
P 0x7f2a7c19bc88
C 10
R
P 0x7f2a7c191628
C 342
R
P 0x7f2a7c191628
P 0x7f2a7c19bfc8
C 10
R
P 0x7f2a7c191628
C 342
R
P 0x7f2a7c191628
P 0x7f2a7c19bc88
C 10
R
P 0x7f2a7c191628
C 342
R
P 0x7f2a7c191628
P 0x7f2a7c19c088
C 10
R
P 0x7f2a7c191628
C 342
R
P 0x7f2a7c191628
P 0x7f2a7c19bcc8
C 10
R
P 0x7f2a7c191628
C 342
R
P 0x7f2a7c191628
P 0x7f2a7c19c0c8
C 10
R
P 0x7f2a7c191628
C 342
R
P 0x7f2a7c191628
P 0x7f2a7c19c148
C 10
R
P 0x7f2a7c191628
C 342
R
P 0x7f2a7c191628
P 0x7f2a7c19c2a8
C 10
R
P 0x7f2a7c191628
C 342
R
P 0x7f2a7c191628
P 0x7f2a7c19bc88
C 10
R
P 0x7f2a7c191628
C 342
R
P 0x7f2a7c191628
P 0x7f2a7c19c148
C 10
R
P 0x7f2a7c191628
C 342
R
P 0x7f2a7c191628
P 0x7f2a7c19bfc8
C 10
R
P 0x7f2a7c191628
C 342
R
P 0x7f2a7c191628
P 0x7f2a7c19d9d8
C 10
R
P 0x7f2a7c191628
C 342
R
P 0x7f2a7c191628
P 0x7f2a7c19bc88
C 10
R
P 0x7f2a7c191628
C 342
R
P 0x7f2a7c191628
P 0x7f2a7c48bd18
C 10
R
P 0x7f2a7c191628
C 342
R
P 0x7f2a7c191628
P 0x7f2a7c19bcc8
C 10
R
P 0x7f2a7c191628
C 342
R
P 0x7f2a7c191628
P 0x7f2a7c487b70
C 10
R
P 0x7f2a7c191628
C 342
R
P 0x7f2a7c191628
P 0x7f2a7c487e80
C 10
R
P 0x7f2a7c191628
C 342
R
P 0x7f2a7c191628
P 0x7f2a7c1a1a88
C 10
R
P 0x7f2a7c191628
C 342
R
P 0x7f2a7c191628
P 0x7f2a7c19bb88
C 10
R
P 0x7f2a7c191628
C 342
R
P 0x7f2a7c191628
P 0x7f2a7c19bcc8
C 10
R
P 0x7f2a7c191628
C 342
R
P 0x7f2a7c191628
P 0x7f2a7c487320
C 10
R
P 0x7f2a7c191628
C 342
R
P 0x7f2a7c191628
P 0x7f2a7c19f948
C 10
R
P 0x7f2a7c191628
C 342
R
P 0x7f2a7c191628
P 0x7f2a7c19bc88
C 10
R
P 0x7f2a7c191628
C 342
R
P 0x7f2a7c191628
P 0x7f2a7c4755f0
C 10
R
P 0x7f2a7c191628
C 342
R
P 0x7f2a7c191628
P 0x7f2a7c486fd8
C 10
R
P 0x7f2a7c191628
C 342
R
P 0x7f2a7c191628
P 0x7f2a7c19bf48
C 10
R
P 0x7f2a7c191628
C 342
R
P 0x7f2a7c191628
P 0x7f2a7c486a28
C 10
R
P 0x7f2a7c191628
C 342
R
P 0x7f2a7c191628
P 0x7f2a7c4736d8
C 10
R
P 0x7f2a7c191628
C 342
R
P 0x7f2a7c191628
P 0x7f2a7c487da0
C 10
R
P 0x7f2a7c191628
C 342
R
P 0x7f2a7c191628
P 0x7f2a7c19bfc8
C 10
R
P 0x7f2a7c191628
C 342
R
P 0x7f2a7c191628
P 0x7f2a7c487390
C 10
R
P 0x7f2a7c191628
C 342
R
P 0x7f2a7c191628
P 0x7f2a7c48a088
C 10
R
P 0x7f2a7c191628
C 342
R
P 0x7f2a7c191628
P 0x7f2a7c19c2a8
C 10
R
P 0x7f2a7c191628
C 342
R
P 0x7f2a7c191628
P 0x7f2a7c19c2a8
C 10
R
P 0x7f2a7c191628
C 342
R
P 0x7f2a7c191628
P 0x7f2a7c19bc88
C 10
R
P 0x7f2a7c191628
C 342
R
P 0x7f2a7c191628
P 0x7f2a7c19bc88
C 10
R
P 0x7f2a7c191628
C 342
R
P 0x7f2a7c191628
P 0x7f2a7c487b70
C 10
R
P 0x7f2a7c191628
C 342
R
P 0x7f2a7c191628
P 0x7f2a7c19c1a8
C 10
R
P 0x7f2a7c191628
C 342
R
P 0x7f2a7c191628
P 0x7f2a7c19c028
C 10
R
P 0x7f2a7c191628
C 342
R
P 0x7f2a7c191628
P 0x7f2a7c19c208
C 10
R
P 0x7f2a7c191628
C 342
R
P 0x7f2a7c191628
P 0x7f2a7c486fd8
C 10
R
P 0x7f2a7c191628
C 342
R
P 0x7f2a7c191628
P 0x7f2a7c4872e8
C 10
R
P 0x7f2a7c191628
C 342
R
P 0x7f2a7c191628
P 0x7f2a7c19bfc8
C 10
R
P 0x7f2a7c191628
C 342
R
P 0x7f2a7c191628
P 0x7f2a7c487908
C 10
R
P 0x7f2a7c191628
C 342
R
P 0x7f2a7c191628
P 0x7f2a7c19f888
C 10
R
P 0x7f2a7c191628
C 342
R
P 0x7f2a7c191628
P 0x7f2a7c19c1a8
C 10
R
P 0x7f2a7c191628
C 342
R
P 0x7f2a7c191628
P 0x7f2a7c4872e8
C 10
R
P 0x7f2a7c191628
C 342
R
P 0x7f2a7c191628
P 0x7f2a7c19bc88
C 10
R
P 0x7f2a7c191628
C 342
R
P 0x7f2a7c191628
P 0x7f2a7c487940
C 10
R
P 0x7f2a7c191628
C 342
R
P 0x7f2a7c191628
P 0x7f2a7c48b068
C 10
R
P 0x7f2a7c191628
C 342
R
P 0x7f2a7c191628
P 0x7f2a7c478350
C 10
R
P 0x7f2a7c191628
C 342
R
P 0x7f2a7c191628
P 0x7f2a7c19bc88
C 10
R
P 0x7f2a7c191628
C 342
R
P 0x7f2a7c191628
P 0x7f2a7c19c028
C 10
R
P 0x7f2a7c191628
C 342
R
P 0x7f2a7c191628
P 0x7f2a7c19c028
C 10
R
P 0x7f2a7c191628
C 342
R
P 0x7f2a7c191628
P 0x7f2a7c19c268
C 10
R
P 0x7f2a7c191628
C 342
R
P 0x7f2a7c191628
P 0x7f2a7c487208
C 10
R
P 0x7f2a7c191628
C 342
R
P 0x7f2a7c191628
P 0x7f2a7c19c028
C 10
R
P 0x7f2a7c191628
C 342
R
P 0x7f2a7c191628
P 0x7f2a7c487fd0
C 10
R
P 0x7f2a7c191628
C 342
R
P 0x7f2a7c191628
P 0x7f2a7c19bc88
C 10
R
P 0x7f2a7c191628
C 342
R
P 0x7f2a7c191628
P 0x7f2a7c489a30
C 10
R
P 0x7f2a7c191628
C 342
R
P 0x7f2a7c191628
P 0x7f2a7c1a17b0
C 10
R
P 0x7f2a7c191628
C 342
R
P 0x7f2a7c191628
P 0x7f2a7c1a1e08
C 10
R
P 0x7f2a7c191628
C 342
R
P 0x7f2a7c191628
P 0x7f2a7c19bf88
C 10
R
P 0x7f2a7c191628
C 342
R
P 0x7f2a7c191628
P 0x7f2a7c487b70
C 10
R
P 0x7f2a7c191628
C 342
R
P 0x7f2a7c191628
P 0x7f2a7c487c88
C 10
R
P 0x7f2a7c191628
C 342
R
P 0x7f2a7c191628
P 0x7f2a7c48a968
C 10
R
P 0x7f2a7c191628
C 342
R
P 0x7f2a7c191628
P 0x7f2a7c19bcc8
C 10
R
P 0x7f2a7c191628
C 342
R
P 0x7f2a7c191628
P 0x7f2a7c19bc88
C 10
R
P 0x7f2a7c191628
C 342
R
P 0x7f2a7c191628
P 0x7f2a7c19c048
C 10
R
P 0x7f2a7c191628
C 342
R
P 0x7f2a7c191628
P 0x7f2a7c19bc88
C 10
R
P 0x7f2a7c191628
C 342
R
P 0x7f2a7c191628
P 0x7f2a7c19fa48
C 10
R
P 0x7f2a7c191628
C 342
R
P 0x7f2a7c191628
P 0x7f2a7c48cd68
C 10
R
P 0x7f2a7c191628
C 342
R
P 0x7f2a7c191628
P 0x7f2a7c19bc88
C 10
R
P 0x7f2a7c191628
C 342
R
P 0x7f2a7c191628
P 0x7f2a7c477148
C 10
R
P 0x7f2a7c191628
C 342
R
P 0x7f2a7c191628
P 0x7f2a7c19bc88
C 10
R
P 0x7f2a7c191628
C 342
R
P 0x7f2a7c191628
P 0x7f2a7c48c908
C 10
R
P 0x7f2a7c191628
C 342
R
P 0x7f2a7c191628
P 0x7f2a7c19c0e8
C 10
R
P 0x7f2a7c191628
C 342
R
P 0x7f2a7c191628
P 0x7f2a7c19bc88
C 10
R
P 0x7f2a7c191628
C 342
R
P 0x7f2a7c191628
P 0x7f2a7c1a19a8
C 10
R
P 0x7f2a7c191628
C 342
R
P 0x7f2a7c191628
P 0x7f2a7c19bc88
C 10
R
P 0x7f2a7c191628
C 342
R
P 0x7f2a7c191628
P 0x7f2a7c4875f8
C 10
R
P 0x7f2a7c191628
C 342
R
P 0x7f2a7c191628
P 0x7f2a7c19bc88
C 10
R
P 0x7f2a7c191628
C 342
R
P 0x7f2a7c191628
P 0x7f2a7c4784d8
C 10
R
P 0x7f2a7c191628
C 342
R
P 0x7f2a7c191628
P 0x7f2a7c19f9c8
C 10
R
P 0x7f2a7c191628
C 342
R
P 0x7f2a7c191628
P 0x7f2a7c19c1e8
C 10
R
P 0x7f2a7c191628
C 342
R
P 0x7f2a7c191628
P 0x7f2a7c19bd08
C 10
R
P 0x7f2a7c191628
C 342
R
P 0x7f2a7c191628
P 0x7f2a7c488008
C 10
R
P 0x7f2a7c191628
C 342
R
P 0x7f2a7c191628
P 0x7f2a7c488200
C 10
R
P 0x7f2a7c191628
C 342
R
P 0x7f2a7c191628
P 0x7f2a7c486fd8
C 10
R
P 0x7f2a7c191628
C 342
R
P 0x7f2a7c191628
P 0x7f2a7c19f988
C 10
R
P 0x7f2a7c191628
C 342
R
P 0x7f2a7c191628
P 0x7f2a7c1a17e8
C 10
R
P 0x7f2a7c191628
C 342
R
P 0x7f2a7c191628
P 0x7f2a7c19c228
C 10
R
P 0x7f2a7c191628
C 342
R
P 0x7f2a7c191628
P 0x7f2a7c19c0a8
C 10
R
P 0x7f2a7c191628
C 342
R
P 0x7f2a7c191628
P 0x7f2a7c19bc88
C 10
R
P 0x7f2a7c191628
C 342
R
P 0x7f2a7c191628
P 0x7f2a7c19c028
C 10
R
P 0x7f2a7c191628
C 342
R
P 0x7f2a7c191628
P 0x7f2a7c1a1890
C 10
R
P 0x7f2a7c191628
C 342
R
P 0x7f2a7c191628
P 0x7f2a7c19ef38
C 10
R
P 0x7f2a7c191628
C 342
R
P 0x7f2a7c191628
P 0x7f2a7c2cd068
C 10
R
P 0x7f2a7c191628
C 342
R
P 0x7f2a7c191628
P 0x7f2a7c19c028
C 10
R
P 0x7f2a7c191628
C 342
R
P 0x7f2a7c191628
P 0x7f2a7c19c048
C 10
R
P 0x7f2a7c191628
C 342
R
P 0x7f2a7c191628
P 0x7f2a7c19c148
C 10
R
P 0x7f2a7c191628
C 342
R
P 0x7f2a7c191628
P 0x7f2a7c19bfc8
C 10
R
P 0x7f2a7c191628
C 342
R
P 0x7f2a7c191628
P 0x7f2a7c19bfe8
C 10
R
P 0x7f2a7c191628
C 342
R
P 0x7f2a7c191628
P 0x7f2a7c1a27e0
C 10
R
P 0x7f2a7c191628
C 342
R
P 0x7f2a7c191628
P 0x7f2a7c19bfc8
C 10
R
P 0x7f2a7c191628
C 342
R
P 0x7f2a7c191628
P 0x7f2a7c19bc88
C 10
R
P 0x7f2a7c191628
C 342
R
P 0x7f2a7c191628
P 0x7f2a7c19c148
C 10
R
P 0x7f2a7c191628
C 342
R
P 0x7f2a7c191628
P 0x7f2a7c19bf48
C 10
R
P 0x7f2a7c191628
C 342
R
P 0x7f2a7c191628
P 0x7f2a7c479310
C 10
R
P 0x7f2a7c191628
C 342
R
P 0x7f2a7c191628
P 0x7f2a7c19c168
C 10
R
P 0x7f2a7c191628
C 342
R
P 0x7f2a7c191628
P 0x7f2a7c1a18c8
C 10
R
P 0x7f2a7c191628
C 342
R
P 0x7f2a7c191628
P 0x7f2a7c487978
C 10
R
P 0x7f2a7c191628
C 342
R
P 0x7f2a7c191628
P 0x7f2a7c19d978
C 10
R
P 0x7f2a7c191628
C 342
R
P 0x7f2a7c191628
P 0x7f2a7c19bfc8
C 10
R
P 0x7f2a7c191628
C 342
R
P 0x7f2a7c191628
P 0x7f2a7c19bd08
C 10
R
P 0x7f2a7c191628
C 342
R
P 0x7f2a7c191628
P 0x7f2a7c486fa0
C 10
R
P 0x7f2a7c191628
C 342
R
P 0x7f2a7c191628
P 0x7f2a7c19c2a8
C 10
R
P 0x7f2a7c191628
C 342
R
P 0x7f2a7c191628
P 0x7f2a7c488158
C 10
R
P 0x7f2a7c191628
C 342
R
P 0x7f2a7c191628
P 0x7f2a7c19bc88
C 10
R
P 0x7f2a7c191628
C 342
R
P 0x7f2a7c191628
P 0x7f2a7c487e10
C 10
R
P 0x7f2a7c191628
C 342
R
P 0x7f2a7c191628
P 0x7f2a7c486fa0
C 10
R
P 0x7f2a7c191628
C 342
R
P 0x7f2a7c191628
P 0x7f2a7c19bc88
C 10
R
P 0x7f2a7c191628
C 342
R
P 0x7f2a7c191628
P 0x7f2a7c19c108
C 10
R
P 0x7f2a7c191628
C 342
R
P 0x7f2a7c191628
P 0x7f2a7c19bc88
C 10
R
P 0x7f2a7c191628
C 342
R
P 0x7f2a7c191628
P 0x7f2a7c1a25e8
C 10
R
P 0x7f2a7c191628
C 342
R
P 0x7f2a7c191628
P 0x7f2a7c19bc88
C 10
R
P 0x7f2a7c191628
C 342
R
P 0x7f2a7c191628
P 0x7f2a7c487908
C 10
R
P 0x7f2a7c191628
C 342
R
P 0x7f2a7c191628
P 0x7f2a7c19bfc8
C 10
R
P 0x7f2a7c191628
C 342
R
P 0x7f2a7c191628
P 0x7f2a7c19efc8
C 10
R
P 0x7f2a7c191628
C 342
R
P 0x7f2a7c191628
P 0x7f2a7c488698
C 10
R
P 0x7f2a7c191628
C 342
R
P 0x7f2a7c191628
P 0x7f2a7c1a1f58
C 10
R
P 0x7f2a7c191628
C 342
R
P 0x7f2a7c191628
P 0x7f2a7c19c0a8
C 10
R
P 0x7f2a7c191628
C 342
R
P 0x7f2a7c191628
P 0x7f2a7c4885b8
C 10
R
P 0x7f2a7c191628
C 342
R
P 0x7f2a7c191628
P 0x7f2a7c19bf68
C 10
R
P 0x7f2a7c191628
C 342
R
P 0x7f2a7c191628
P 0x7f2a7c1a1890
C 10
R
P 0x7f2a7c191628
C 342
R
P 0x7f2a7c191628
P 0x7f2a7c19bc88
C 10
R
P 0x7f2a7c191628
C 342
R
P 0x7f2a7c191628
P 0x7f2a7c19bcc8
C 10
R
P 0x7f2a7c191628
C 342
R
P 0x7f2a7c191628
P 0x7f2a7c19bf68
C 10
R
P 0x7f2a7c191628
C 342
R
P 0x7f2a7c191628
P 0x7f2a7c19e128
C 10
R
P 0x7f2a7c191628
C 342
R
P 0x7f2a7c191628
P 0x7f2a7c479690
C 10
R
P 0x7f2a7c191628
C 342
R
P 0x7f2a7c191628
P 0x7f2a7c19bfe8
C 10
R
P 0x7f2a7c191628
C 342
R
P 0x7f2a7c191628
P 0x7f2a7c19bcc8
C 10
R
P 0x7f2a7c191628
C 342
R
P 0x7f2a7c191628
P 0x7f2a7c19bcc8
C 10
R
P 0x7f2a7c191628
C 342
R
P 0x7f2a7c191628
P 0x7f2a7c19bc88
C 10
R
P 0x7f2a7c191628
C 342
R
P 0x7f2a7c191628
P 0x7f2a7c19bfc8
C 10
R
P 0x7f2a7c191628
C 342
R
P 0x7f2a7c191628
P 0x7f2a7c487eb8
C 10
R
P 0x7f2a7c191628
C 342
R
P 0x7f2a7c191628
P 0x7f2a7c19c188
C 10
R
P 0x7f2a7c191628
C 342
R
P 0x7f2a7c191628
P 0x7f2a7c2cba18
C 10
R
P 0x7f2a7c191628
C 342
R
P 0x7f2a7c191628
P 0x7f2a7c487da0
C 10
R
P 0x7f2a7c191628
C 342
R
P 0x7f2a7c191628
P 0x7f2a7c19c028
C 10
R
P 0x7f2a7c191628
C 342
R
P 0x7f2a7c191628
P 0x7f2a7c4884d8
C 10
R
P 0x7f2a7c191628
C 342
R
P 0x7f2a7c191628
P 0x7f2a7c479348
C 10
R
P 0x7f2a7c191628
C 342
R
P 0x7f2a7c191628
P 0x7f2a7c476a48
C 10
R
P 0x7f2a7c191628
C 342
R
P 0x7f2a7c191628
P 0x7f2a7c19c088
C 10
R
P 0x7f2a7c191628
C 342
R
P 0x7f2a7c191628
P 0x7f2a7c1a18c8
C 10
R
P 0x7f2a7c191628
C 342
R
P 0x7f2a7c191628
P 0x7f2a7c48b538
C 10
R
P 0x7f2a7c191628
C 342
R
P 0x7f2a7c191628
P 0x7f2a7c19bf48
C 10
R
P 0x7f2a7c191628
C 342
R
P 0x7f2a7c191628
P 0x7f2a7c476888
C 10
R
P 0x7f2a7c191628
C 342
R
P 0x7f2a7c191628
P 0x7f2a7c1a1938
C 10
R
P 0x7f2a7c191628
C 342
R
P 0x7f2a7c191628
P 0x7f2a7c487d68
C 10
R
P 0x7f2a7c191628
C 342
R
P 0x7f2a7c191628
P 0x7f2a7c4872b0
C 10
R
P 0x7f2a7c191628
C 342
R
P 0x7f2a7c191628
P 0x7f2a7c48af50
C 10
R
P 0x7f2a7c191628
C 342
R
P 0x7f2a7c191628
P 0x7f2a7c19bfc8
C 10
R
P 0x7f2a7c191628
C 342
R
P 0x7f2a7c191628
P 0x7f2a7c478af8
C 10
R
P 0x7f2a7c191628
C 342
R
P 0x7f2a7c191628
P 0x7f2a7c487f98
C 10
R
P 0x7f2a7c191628
C 342
R
P 0x7f2a7c191628
P 0x7f2a7c487fd0
C 10
R
P 0x7f2a7c191628
C 342
R
P 0x7f2a7c191628
P 0x7f2a7c487208
C 10
R
P 0x7f2a7c191628
C 342
R
P 0x7f2a7c191628
P 0x7f2a7c19bf88
C 10
R
P 0x7f2a7c191628
C 342
R
P 0x7f2a7c191628
P 0x7f2a7c1a1970
C 10
R
P 0x7f2a7c191628
C 342
R
P 0x7f2a7c191628
P 0x7f2a7c19c1a8
C 10
R
P 0x7f2a7c191628
C 342
R
P 0x7f2a7c191628
P 0x7f2a7c19bc88
C 10
R
P 0x7f2a7c191628
C 342
R
P 0x7f2a7c191628
P 0x7f2a7c19c168
C 10
R
P 0x7f2a7c191628
C 342
R
P 0x7f2a7c191628
P 0x7f2a7c487f60
C 10
R
P 0x7f2a7c191628
C 342
R
P 0x7f2a7c191628
P 0x7f2a7c19f848
C 10
R
P 0x7f2a7c191628
C 342
R
P 0x7f2a7c191628
P 0x7f2a7c1a18c8
C 10
R
P 0x7f2a7c191628
C 342
R
P 0x7f2a7c191628
P 0x7f2a7c19c088
C 10
R
P 0x7f2a7c191628
C 342
R
P 0x7f2a7c191628
P 0x7f2a7c1a1970
C 10
R
P 0x7f2a7c191628
C 342
R
P 0x7f2a7c191628
P 0x7f2a7c487470
C 10
R
P 0x7f2a7c191628
C 342
R
P 0x7f2a7c191628
P 0x7f2a7c19bd08
C 10
R
P 0x7f2a7c191628
C 342
R
P 0x7f2a7c191628
P 0x7f2a7c1a18c8
C 10
R
P 0x7f2a7c191628
C 342
R
P 0x7f2a7c191628
P 0x7f2a7c19c0a8
C 10
R
P 0x7f2a7c191628
C 342
R
P 0x7f2a7c191628
P 0x7f2a7c486fa0
C 10
R
P 0x7f2a7c191628
C 342
R
P 0x7f2a7c191628
P 0x7f2a7c19bcc8
C 10
R
P 0x7f2a7c191628
C 342
R
P 0x7f2a7c191628
P 0x7f2a7c19bc88
C 10
R
P 0x7f2a7c191628
C 342
R
P 0x7f2a7c191628
P 0x7f2a7c19c1a8
C 10
R
P 0x7f2a7c191628
C 342
R
P 0x7f2a7c191628
P 0x7f2a7c19bcc8
C 10
R
P 0x7f2a7c191628
C 342
R
P 0x7f2a7c191628
P 0x7f2a7c19bc88
C 10
R
P 0x7f2a7c191628
C 342
R
P 0x7f2a7c191628
P 0x7f2a7c488270
C 10
R
P 0x7f2a7c191628
C 342
R
P 0x7f2a7c191628
P 0x7f2a7c19bcc8
C 10
R
P 0x7f2a7c191628
C 342
R
P 0x7f2a7c191628
P 0x7f2a7c48bf80
C 10
R
P 0x7f2a7c191628
C 342
R
P 0x7f2a7c191628
P 0x7f2a7c1a1e08
C 10
R
P 0x7f2a7c191628
C 342
R
P 0x7f2a7c191628
P 0x7f2a7c487010
C 10
R
P 0x7f2a7c191628
C 342
R
P 0x7f2a7c191628
P 0x7f2a7c4896b0
C 10
R
P 0x7f2a7c191628
C 342
R
P 0x7f2a7c191628
P 0x7f2a7c48c108
C 10
R
P 0x7f2a7c191628
C 342
R
P 0x7f2a7c191628
P 0x7f2a7c1a17b0
C 10
R
P 0x7f2a7c191628
C 342
R
P 0x7f2a7c191628
P 0x7f2a7c1a1938
C 10
R
P 0x7f2a7c191628
C 342
R
P 0x7f2a7c191628
P 0x7f2a7c19c048
C 10
R
P 0x7f2a7c191628
C 342
R
P 0x7f2a7c191628
P 0x7f2a7c19c0a8
C 10
R
P 0x7f2a7c191628
C 342
R
P 0x7f2a7c191628
P 0x7f2a7c19bc88
C 10
R
P 0x7f2a7c191628
C 342
R
P 0x7f2a7c191628
P 0x7f2a7c19e938
C 10
R
P 0x7f2a7c191628
C 342
R
P 0x7f2a7c191628
P 0x7f2a7c35fc18
C 10
R
P 0x7f2a7c191628
C 342
R
P 0x7f2a7c191628
P 0x7f2a7c1a17e8
C 10
R
P 0x7f2a7c191628
C 342
R
P 0x7f2a7c191628
P 0x7f2a7c19c028
C 10
R
P 0x7f2a7c191628
C 342
R
P 0x7f2a7c191628
P 0x7f2a7c487c18
C 10
R
P 0x7f2a7c191628
C 342
R
P 0x7f2a7c191628
P 0x7f2a7c19bd08
C 10
R
P 0x7f2a7c191628
C 342
R
P 0x7f2a7c191628
P 0x7f2a7c19bcc8
C 10
R
P 0x7f2a7c191628
C 342
R
P 0x7f2a7c191628
P 0x7f2a7c487c18
C 10
R
P 0x7f2a7c191628
C 342
R
P 0x7f2a7c191628
P 0x7f2a7c19bc88
C 10
R
P 0x7f2a7c191628
C 342
R
P 0x7f2a7c191628
P 0x7f2a7c19bc88
C 10
R
P 0x7f2a7c191628
C 342
R
P 0x7f2a7c191628
P 0x7f2a7c48d3f8
C 10
R
P 0x7f2a7c191628
C 342
R
P 0x7f2a7c191628
P 0x7f2a7c48d5b8
C 10
R
P 0x7f2a7c191628
C 342
R
P 0x7f2a7c191628
P 0x7f2a7c487400
C 10
R
P 0x7f2a7c191628
C 342
R
P 0x7f2a7c191628
P 0x7f2a7c487240
C 10
R
P 0x7f2a7c191628
C 342
R
P 0x7f2a7c191628
P 0x7f2a7c1a17b0
C 10
R
P 0x7f2a7c191628
C 342
R
P 0x7f2a7c191628
P 0x7f2a7c19c2a8
C 10
R
P 0x7f2a7c191628
C 342
R
P 0x7f2a7c191628
P 0x7f2a7c48a2b8
C 10
R
P 0x7f2a7c191628
C 342
R
P 0x7f2a7c191628
P 0x7f2a7c19c268
C 10
R
P 0x7f2a7c191628
C 342
R
P 0x7f2a7c191628
P 0x7f2a7c19c1a8
C 10
R
P 0x7f2a7c191628
C 342
R
P 0x7f2a7c191628
P 0x7f2a7c4873c8
C 10
R
P 0x7f2a7c191628
C 342
R
P 0x7f2a7c191628
P 0x7f2a7c19bc88
C 10
R
P 0x7f2a7c191628
C 342
R
P 0x7f2a7c191628
P 0x7f2a7c487908
C 10
R
P 0x7f2a7c191628
C 342
R
P 0x7f2a7c191628
P 0x7f2a7c19bc88
C 10
R
P 0x7f2a7c191628
C 342
R
P 0x7f2a7c191628
P 0x7f2a7c19bfc8
C 10
R
P 0x7f2a7c191628
C 342
R
P 0x7f2a7c191628
P 0x7f2a7c487f98
C 10
R
P 0x7f2a7c191628
C 342
R
P 0x7f2a7c191628
P 0x7f2a7c1a1938
C 10
R
P 0x7f2a7c191628
C 342
R
P 0x7f2a7c191628
P 0x7f2a7c19bc88
C 10
R
P 0x7f2a7c191628
C 342
R
P 0x7f2a7c191628
P 0x7f2a7c4879b0
C 10
R
P 0x7f2a7c191628
C 342
R
P 0x7f2a7c191628
P 0x7f2a7c487908
C 10
R
P 0x7f2a7c191628
C 342
R
P 0x7f2a7c191628
P 0x7f2a7c19fa08
C 10
R
P 0x7f2a7c191628
C 342
R
P 0x7f2a7c191628
P 0x7f2a7c19bc88
C 10
R
P 0x7f2a7c191628
C 342
R
P 0x7f2a7c191628
P 0x7f2a7c1a17b0
C 10
R
P 0x7f2a7c191628
C 342
R
P 0x7f2a7c191628
P 0x7f2a7c19bc88
C 10
R
P 0x7f2a7c191628
C 342
R
P 0x7f2a7c191628
P 0x7f2a7c48cd30
C 10
R
P 0x7f2a7c191628
C 342
R
P 0x7f2a7c191628
P 0x7f2a7c19c0e8
C 10
R
P 0x7f2a7c191628
C 342
R
P 0x7f2a7c191628
P 0x7f2a7c19c268
C 10
R
P 0x7f2a7c191628
C 342
R
P 0x7f2a7c191628
P 0x7f2a7c2cb7b0
C 10
R
P 0x7f2a7c191628
C 342
R
P 0x7f2a7c191628
P 0x7f2a7c4873c8
C 10
R
P 0x7f2a7c191628
C 342
R
P 0x7f2a7c191628
P 0x7f2a7c1a1f58
C 10
R
P 0x7f2a7c191628
C 342
R
P 0x7f2a7c191628
P 0x7f2a7c19c188
C 10
R
P 0x7f2a7c191628
C 342
R
P 0x7f2a7c191628
P 0x7f2a7c479888
C 10
R
P 0x7f2a7c191628
C 342
R
P 0x7f2a7c191628
P 0x7f2a7c19bfa8
C 10
R
P 0x7f2a7c191628
C 342
R
P 0x7f2a7c191628
P 0x7f2a7c19c1a8
C 10
R
P 0x7f2a7c191628
C 342
R
P 0x7f2a7c191628
P 0x7f2a7c487da0
C 10
R
P 0x7f2a7c191628
C 342
R
P 0x7f2a7c191628
P 0x7f2a7c487400
C 10
R
P 0x7f2a7c191628
C 342
R
P 0x7f2a7c191628
P 0x7f2a7c4873c8
C 10
R
P 0x7f2a7c191628
C 342
R
P 0x7f2a7c191628
P 0x7f2a7c19bfc8
C 10
R
P 0x7f2a7c191628
C 342
R
P 0x7f2a7c191628
P 0x7f2a7c19bf48
C 10
R
P 0x7f2a7c191628
C 342
R
P 0x7f2a7c191628
P 0x7f2a7c487048
C 10
R
P 0x7f2a7c191628
C 342
R
P 0x7f2a7c191628
P 0x7f2a7c19c268
C 10
R
P 0x7f2a7c191628
C 342
R
P 0x7f2a7c191628
P 0x7f2a7c476310
C 10
R
P 0x7f2a7c191628
C 342
R
P 0x7f2a7c191628
P 0x7f2a7c19bf88
C 10
R
P 0x7f2a7c191628
C 342
R
P 0x7f2a7c191628
P 0x7f2a7c19bfe8
C 10
R
P 0x7f2a7c191628
C 342
R
P 0x7f2a7c191628
P 0x7f2a7c4869b8
C 10
R
P 0x7f2a7c191628
C 342
R
P 0x7f2a7c191628
P 0x7f2a7c487470
C 10
R
P 0x7f2a7c191628
C 342
R
P 0x7f2a7c191628
P 0x7f2a7c1a1890
C 10
R
P 0x7f2a7c191628
C 342
R
P 0x7f2a7c191628
P 0x7f2a7c19bc88
C 10
R
P 0x7f2a7c191628
C 342
R
P 0x7f2a7c191628
P 0x7f2a7c479498
C 10
R
P 0x7f2a7c191628
C 342
R
P 0x7f2a7c191628
P 0x7f2a7c487d68
C 10
R
P 0x7f2a7c191628
C 342
R
P 0x7f2a7c191628
P 0x7f2a7c1a20a8
C 10
R
P 0x7f2a7c191628
C 342
R
P 0x7f2a7c191628
P 0x7f2a7c487908
C 10
R
P 0x7f2a7c191628
C 342
R
P 0x7f2a7c191628
P 0x7f2a7c487978
C 10
R
P 0x7f2a7c191628
C 342
R
P 0x7f2a7c191628
P 0x7f2a7c19bfc8
C 10
R
P 0x7f2a7c191628
C 342
R
P 0x7f2a7c191628
P 0x7f2a7c487fd0
C 10
R
P 0x7f2a7c191628
C 342
R
P 0x7f2a7c191628
P 0x7f2a7c19c2a8
C 10
R
P 0x7f2a7c191628
C 342
R
P 0x7f2a7c191628
P 0x7f2a7c487da0
C 10
R
P 0x7f2a7c191628
C 342
R
P 0x7f2a7c191628
P 0x7f2a7c19bc88
C 10
R
P 0x7f2a7c191628
C 342
R
P 0x7f2a7c191628
P 0x7f2a7c487048
C 10
R
P 0x7f2a7c191628
C 342
R
P 0x7f2a7c191628
P 0x7f2a7c487080
C 10
R
P 0x7f2a7c191628
C 342
R
P 0x7f2a7c191628
P 0x7f2a7c19bc88
C 10
R
P 0x7f2a7c191628
C 342
R
P 0x7f2a7c191628
P 0x7f2a7c19c268
C 10
R
P 0x7f2a7c191628
C 342
R
P 0x7f2a7c191628
P 0x7f2a7c19bfc8
C 10
R
P 0x7f2a7c191628
C 342
R
P 0x7f2a7c191628
P 0x7f2a7c19fb08
C 10
R
P 0x7f2a7c191628
C 342
R
P 0x7f2a7c191628
P 0x7f2a7c2cc230
C 10
R
P 0x7f2a7c191628
C 342
R
P 0x7f2a7c191628
P 0x7f2a7c19c028
C 10
R
P 0x7f2a7c191628
C 342
R
P 0x7f2a7c191628
P 0x7f2a7c48d6d0
C 10
R
P 0x7f2a7c191628
C 342
R
P 0x7f2a7c191628
P 0x7f2a7c19fb08
C 10
R
P 0x7f2a7c191628
C 342
R
P 0x7f2a7c191628
P 0x7f2a7c19bfc8
C 10
R
P 0x7f2a7c191628
C 342
R
P 0x7f2a7c191628
P 0x7f2a7c19c148
C 10
R
P 0x7f2a7c191628
C 342
R
P 0x7f2a7c191628
P 0x7f2a7c1a1cb8
C 10
R
P 0x7f2a7c191628
C 342
R
P 0x7f2a7c191628
P 0x7f2a7c19c028
C 10
R
P 0x7f2a7c191628
C 342
R
P 0x7f2a7c191628
P 0x7f2a7c19c088
C 10
R
P 0x7f2a7c191628
C 342
R
P 0x7f2a7c191628
P 0x7f2a7c19c2a8
C 10
R
P 0x7f2a7c191628
C 342
R
P 0x7f2a7c191628
P 0x7f2a7c19c0e8
C 10
R
P 0x7f2a7c191628
C 342
R
P 0x7f2a7c191628
P 0x7f2a7c488078
C 10
R
P 0x7f2a7c191628
C 342
R
P 0x7f2a7c191628
P 0x7f2a7c19c1c8
C 10
R
P 0x7f2a7c191628
C 342
R
P 0x7f2a7c191628
P 0x7f2a7c19c148
C 10
R
P 0x7f2a7c191628
C 342
R
P 0x7f2a7c191628
P 0x7f2a7c488190
C 10
R
P 0x7f2a7c191628
C 342
R
P 0x7f2a7c191628
P 0x7f2a7c19bc88
C 10
R
P 0x7f2a7c191628
C 342
R
P 0x7f2a7c191628
P 0x7f2a7c19c268
C 10
R
P 0x7f2a7c191628
C 342
R
P 0x7f2a7c191628
P 0x7f2a7c19fb08
C 10
R
P 0x7f2a7c191628
C 342
R
P 0x7f2a7c191628
P 0x7f2a7c487ba8
C 10
R
P 0x7f2a7c191628
C 342
R
P 0x7f2a7c191628
P 0x7f2a7c2cc5b0
C 10
R
P 0x7f2a7c191628
C 342
R
P 0x7f2a7c191628
P 0x7f2a7c19bd08
C 10
R
P 0x7f2a7c191628
C 342
R
P 0x7f2a7c191628
P 0x7f2a7c475cf0
C 10
R
P 0x7f2a7c191628
C 342
R
P 0x7f2a7c191628
P 0x7f2a7c476e00
C 10
R
P 0x7f2a7c191628
C 342
R
P 0x7f2a7c191628
P 0x7f2a7c19bc88
C 10
R
P 0x7f2a7c191628
C 342
R
P 0x7f2a7c191628
P 0x7f2a7c19c068
C 10
R
P 0x7f2a7c191628
C 342
R
P 0x7f2a7c191628
P 0x7f2a7c19c1c8
C 10
R
P 0x7f2a7c191628
C 342
R
P 0x7f2a7c191628
P 0x7f2a7c19c268
C 10
R
P 0x7f2a7c191628
C 342
R
P 0x7f2a7c191628
P 0x7f2a7c4762a0
C 10
R
P 0x7f2a7c191628
C 342
R
P 0x7f2a7c191628
P 0x7f2a7c487e10
C 10
R
P 0x7f2a7c191628
C 342
R
P 0x7f2a7c191628
P 0x7f2a7c48a360
C 10
R
P 0x7f2a7c191628
C 342
R
P 0x7f2a7c191628
P 0x7f2a7c19bb28
C 10
R
P 0x7f2a7c191628
C 342
R
P 0x7f2a7c191628
P 0x7f2a7c48bb58
C 10
R
P 0x7f2a7c191628
C 342
R
P 0x7f2a7c191628
P 0x7f2a7c473d38
C 10
R
P 0x7f2a7c191628
C 342
R
P 0x7f2a7c191628
P 0x7f2a7c1a2a10
C 10
R
P 0x7f2a7c191628
C 342
R
P 0x7f2a7c191628
P 0x7f2a7c487940
C 10
R
P 0x7f2a7c191628
C 342
R
P 0x7f2a7c191628
P 0x7f2a7c19bc88
C 10
R
P 0x7f2a7c191628
C 342
R
P 0x7f2a7c191628
P 0x7f2a7c19bc88
C 10
R
P 0x7f2a7c191628
C 342
R
P 0x7f2a7c191628
P 0x7f2a7c1a1e08
C 10
R
P 0x7f2a7c191628
C 342
R
P 0x7f2a7c191628
P 0x7f2a7c19c268
C 10
R
P 0x7f2a7c191628
C 342
R
P 0x7f2a7c191628
P 0x7f2a7c19c048
C 10
R
P 0x7f2a7c191628
C 342
R
P 0x7f2a7c191628
P 0x7f2a7c487940
C 10
R
P 0x7f2a7c191628
C 342
R
P 0x7f2a7c191628
P 0x7f2a7c1a17e8
C 10
R
P 0x7f2a7c191628
C 342
R
P 0x7f2a7c191628
P 0x7f2a7c19c108
C 10
R
P 0x7f2a7c191628
C 342
R
P 0x7f2a7c191628
P 0x7f2a7c487ba8
C 10
R
P 0x7f2a7c191628
C 342
R
P 0x7f2a7c191628
P 0x7f2a7c487940
C 10
R
P 0x7f2a7c191628
C 342
R
P 0x7f2a7c191628
P 0x7f2a7c488270
C 10
R
P 0x7f2a7c191628
C 342
R
P 0x7f2a7c191628
P 0x7f2a7c4897c8
C 10
R
P 0x7f2a7c191628
C 342
R
P 0x7f2a7c191628
P 0x7f2a7c489bf0
C 10
R
P 0x7f2a7c191628
C 342
R
P 0x7f2a7c191628
P 0x7f2a7c1a2770
C 10
R
P 0x7f2a7c191628
C 342
R
P 0x7f2a7c191628
P 0x7f2a7c48be30
C 10
R
P 0x7f2a7c191628
C 342
R
P 0x7f2a7c191628
P 0x7f2a7c19c048
C 10
R
P 0x7f2a7c191628
C 342
R
P 0x7f2a7c191628
P 0x7f2a7c19c0c8
C 10
R
P 0x7f2a7c191628
C 342
R
P 0x7f2a7c191628
P 0x7f2a7c486fa0
C 10
R
P 0x7f2a7c191628
C 342
R
P 0x7f2a7c191628
P 0x7f2a7c1a1970
C 10
R
P 0x7f2a7c191628
C 342
R
P 0x7f2a7c191628
P 0x7f2a7c487908
C 10
R
P 0x7f2a7c191628
C 342
R
P 0x7f2a7c191628
P 0x7f2a7c19c228
C 10
R
P 0x7f2a7c191628
C 342
R
P 0x7f2a7c191628
P 0x7f2a7c19bc88
C 10
R
P 0x7f2a7c191628
C 342
R
P 0x7f2a7c191628
P 0x7f2a7c48c290
C 10
R
P 0x7f2a7c191628
C 342
R
P 0x7f2a7c191628
P 0x7f2a7c4872b0
C 10
R
P 0x7f2a7c191628
C 342
R
P 0x7f2a7c191628
P 0x7f2a7c1a17b0
C 10
R
P 0x7f2a7c191628
C 342
R
P 0x7f2a7c191628
P 0x7f2a7c488158
C 10
R
P 0x7f2a7c191628
C 342
R
P 0x7f2a7c191628
P 0x7f2a7c19bc88
C 10
R
P 0x7f2a7c191628
C 342
R
P 0x7f2a7c191628
P 0x7f2a7c19c1a8
C 10
R
P 0x7f2a7c191628
C 342
R
P 0x7f2a7c191628
P 0x7f2a7c19bd08
C 10
R
P 0x7f2a7c191628
C 342
R
P 0x7f2a7c191628
P 0x7f2a7c487f98
C 10
R
P 0x7f2a7c191628
C 342
R
P 0x7f2a7c191628
P 0x7f2a7c19c028
C 10
R
P 0x7f2a7c191628
C 342
R
P 0x7f2a7c191628
P 0x7f2a7c19c208
C 10
R
P 0x7f2a7c191628
C 342
R
P 0x7f2a7c191628
P 0x7f2a7c487be0
C 10
R
P 0x7f2a7c191628
C 342
R
P 0x7f2a7c191628
P 0x7f2a7c19bc88
C 10
R
P 0x7f2a7c191628
C 342
R
P 0x7f2a7c191628
P 0x7f2a7c19c2a8
C 10
R
P 0x7f2a7c191628
C 342
R
P 0x7f2a7c191628
P 0x7f2a7c48aa80
C 10
R
P 0x7f2a7c191628
C 342
R
P 0x7f2a7c191628
P 0x7f2a7c19c008
C 10
R
P 0x7f2a7c191628
C 342
R
P 0x7f2a7c191628
P 0x7f2a7c2cb660
C 10
R
P 0x7f2a7c191628
C 342
R
P 0x7f2a7c191628
P 0x7f2a7c478eb0
C 10
R
P 0x7f2a7c191628
C 342
R
P 0x7f2a7c191628
P 0x7f2a7c19c148
C 10
R
P 0x7f2a7c191628
C 342
R
P 0x7f2a7c191628
P 0x7f2a7c2cbac0
C 10
R
P 0x7f2a7c191628
C 342
R
P 0x7f2a7c191628
P 0x7f2a7c19c028
C 10
R
P 0x7f2a7c191628
C 342
R
P 0x7f2a7c191628
P 0x7f2a7c19c0a8
C 10
R
P 0x7f2a7c191628
C 342
R
P 0x7f2a7c191628
P 0x7f2a7c19c188
C 10
R
P 0x7f2a7c191628
C 342
R
P 0x7f2a7c191628
P 0x7f2a7c19c0e8
C 10
R
P 0x7f2a7c191628
C 342
R
P 0x7f2a7c191628
P 0x7f2a7c1a17b0
C 10
R
P 0x7f2a7c191628
C 342
R
P 0x7f2a7c191628
P 0x7f2a7c19fac8
C 10
R
P 0x7f2a7c191628
C 342
R
P 0x7f2a7c191628
P 0x7f2a7c4873c8
C 10
R
P 0x7f2a7c191628
C 342
R
P 0x7f2a7c191628
P 0x7f2a7c19c2a8
C 10
R
P 0x7f2a7c191628
C 342
R
P 0x7f2a7c191628
P 0x7f2a7c19c028
C 10
R
P 0x7f2a7c191628
C 342
R
P 0x7f2a7c191628
P 0x7f2a7c19c148
C 10
R
P 0x7f2a7c191628
C 342
R
P 0x7f2a7c191628
P 0x7f2a7c486fa0
C 10
R
P 0x7f2a7c191628
C 342
R
P 0x7f2a7c191628
P 0x7f2a7c4881c8
C 10
R
P 0x7f2a7c191628
C 342
R
P 0x7f2a7c191628
P 0x7f2a7c19fa48
C 10
R
P 0x7f2a7c191628
C 342
R
P 0x7f2a7c191628
P 0x7f2a7c19fa48
C 10
R
P 0x7f2a7c191628
C 342
R
P 0x7f2a7c191628
P 0x7f2a7c479cb0
C 10
R
P 0x7f2a7c191628
C 342
R
P 0x7f2a7c191628
P 0x7f2a7c1a3148
C 10
R
P 0x7f2a7c191628
C 342
R
P 0x7f2a7c191628
P 0x7f2a7c19fa88
C 10
R
P 0x7f2a7c191628
C 342
R
P 0x7f2a7c191628
P 0x7f2a7c19bf88
C 10
R
P 0x7f2a7c191628
C 342
R
P 0x7f2a7c191628
P 0x7f2a7c486fd8
C 10
R
P 0x7f2a7c191628
C 342
R
P 0x7f2a7c191628
P 0x7f2a7c489b48
C 10
R
P 0x7f2a7c191628
C 342
R
P 0x7f2a7c191628
P 0x7f2a7c19c1a8
C 10
R
P 0x7f2a7c191628
C 342
R
P 0x7f2a7c191628
P 0x7f2a7c19c048
C 10
R
P 0x7f2a7c191628
C 342
R
P 0x7f2a7c191628
P 0x7f2a7c19c0a8
C 10
R
P 0x7f2a7c191628
C 342
R
P 0x7f2a7c191628
P 0x7f2a7c19d888
C 10
R
P 0x7f2a7c191628
C 342
R
P 0x7f2a7c191628
P 0x7f2a7c487d68
C 10
R
P 0x7f2a7c191628
C 342
R
P 0x7f2a7c191628
P 0x7f2a7c19c128
C 10
R
P 0x7f2a7c191628
C 342
R
P 0x7f2a7c191628
P 0x7f2a7c488190
C 10
R
P 0x7f2a7c191628
C 342
R
P 0x7f2a7c191628
P 0x7f2a7c19bc88
C 10
R
P 0x7f2a7c191628
C 342
R
P 0x7f2a7c191628
P 0x7f2a7c1a1778
C 10
R
P 0x7f2a7c191628
C 342
R
P 0x7f2a7c191628
P 0x7f2a7c1a1938
C 10
R
P 0x7f2a7c191628
C 342
R
P 0x7f2a7c191628
P 0x7f2a7c48ad58
C 10
R
P 0x7f2a7c191628
C 342
R
P 0x7f2a7c191628
P 0x7f2a7c19bcc8
C 10
R
P 0x7f2a7c191628
C 342
R
P 0x7f2a7c191628
P 0x7f2a7c19bc88
C 10
R
P 0x7f2a7c191628
C 342
R
P 0x7f2a7c191628
P 0x7f2a7c19bc88
C 10
R
P 0x7f2a7c191628
C 342
R
P 0x7f2a7c191628
P 0x7f2a7c489db0
C 10
R
P 0x7f2a7c191628
C 342
R
P 0x7f2a7c191628
P 0x7f2a7c487f98
C 10
R
P 0x7f2a7c191628
C 342
R
P 0x7f2a7c191628
P 0x7f2a7c488158
C 10
R
P 0x7f2a7c191628
C 342
R
P 0x7f2a7c191628
P 0x7f2a7c19c128
C 10
R
P 0x7f2a7c191628
C 342
R
P 0x7f2a7c191628
P 0x7f2a7c487208
C 10
R
P 0x7f2a7c191628
C 342
R
P 0x7f2a7c191628
P 0x7f2a7c19bc88
C 10
R
P 0x7f2a7c191628
C 342
R
P 0x7f2a7c191628
P 0x7f2a7c48d1c8
C 10
R
P 0x7f2a7c191628
C 342
R
P 0x7f2a7c191628
P 0x7f2a7c1a2bd0
C 10
R
P 0x7f2a7c191628
C 342
R
P 0x7f2a7c191628
P 0x7f2a7c487b70
C 10
R
P 0x7f2a7c191628
C 342
R
P 0x7f2a7c191628
P 0x7f2a7c19c2a8
C 10
R
P 0x7f2a7c191628
C 342
R
P 0x7f2a7c191628
P 0x7f2a7c487010
C 10
R
P 0x7f2a7c191628
C 342
R
P 0x7f2a7c191628
P 0x7f2a7c487390
C 10
R
P 0x7f2a7c191628
C 342
R
P 0x7f2a7c191628
P 0x7f2a7c19c2a8
C 10
R
P 0x7f2a7c191628
C 342
R
P 0x7f2a7c191628
P 0x7f2a7c1a1858
C 10
R
P 0x7f2a7c191628
C 342
R
P 0x7f2a7c191628
P 0x7f2a7c487240
C 10
R
P 0x7f2a7c191628
C 342
R
P 0x7f2a7c191628
P 0x7f2a7c19c268
C 10
R
P 0x7f2a7c191628
C 342
R
P 0x7f2a7c191628
P 0x7f2a7c488878
C 10
R
P 0x7f2a7c191628
C 342
R
P 0x7f2a7c191628
P 0x7f2a7c489fa8
C 10
R
P 0x7f2a7c191628
C 342
R
P 0x7f2a7c191628
P 0x7f2a7c487470
C 10
R
P 0x7f2a7c191628
C 342
R
P 0x7f2a7c191628
P 0x7f2a7c19c1a8
C 10
R
P 0x7f2a7c191628
C 342
R
P 0x7f2a7c191628
P 0x7f2a7c487940
C 10
R
P 0x7f2a7c191628
C 342
R
P 0x7f2a7c191628
P 0x7f2a7c1a1778
C 10
R
P 0x7f2a7c191628
C 342
R
P 0x7f2a7c191628
P 0x7f2a7c19c248
C 10
R
P 0x7f2a7c191628
C 342
R
P 0x7f2a7c191628
P 0x7f2a7c19e2d8
C 10
R
P 0x7f2a7c191628
C 342
R
P 0x7f2a7c191628
P 0x7f2a7c19c1c8
C 10
R
P 0x7f2a7c191628
C 342
R
P 0x7f2a7c191628
P 0x7f2a7c19c168
C 10
R
P 0x7f2a7c191628
C 342
R
P 0x7f2a7c191628
P 0x7f2a7c19c2a8
C 10
R
P 0x7f2a7c191628
C 342
R
P 0x7f2a7c191628
P 0x7f2a7c19c2a8
C 10
R
P 0x7f2a7c191628
C 342
R
P 0x7f2a7c191628
P 0x7f2a7c19c108
C 10
R
P 0x7f2a7c191628
C 342
R
P 0x7f2a7c191628
P 0x7f2a7c19c2a8
C 10
R
P 0x7f2a7c191628
C 342
R
P 0x7f2a7c191628
P 0x7f2a7c486fd8
C 10
R
P 0x7f2a7c191628
C 342
R
P 0x7f2a7c191628
P 0x7f2a7c19bcc8
C 10
R
P 0x7f2a7c191628
C 342
R
P 0x7f2a7c191628
P 0x7f2a7c489e58
C 10
R
P 0x7f2a7c191628
C 342
R
P 0x7f2a7c191628
P 0x7f2a7c19bcc8
C 10
R
P 0x7f2a7c191628
C 342
R
P 0x7f2a7c191628
P 0x7f2a7c19bfa8
C 10
R
P 0x7f2a7c191628
C 342
R
P 0x7f2a7c191628
P 0x7f2a7c1a17b0
C 10
R
P 0x7f2a7c191628
C 342
R
P 0x7f2a7c191628
P 0x7f2a7c19bc88
C 10
R
P 0x7f2a7c191628
C 342
R
P 0x7f2a7c191628
P 0x7f2a7c19c0c8
C 10
R
P 0x7f2a7c191628
C 342
R
P 0x7f2a7c191628
P 0x7f2a7c487b70
C 10
R
P 0x7f2a7c191628
C 342
R
P 0x7f2a7c191628
P 0x7f2a7c48c568
C 10
R
P 0x7f2a7c191628
C 342
R
P 0x7f2a7c191628
P 0x7f2a7c486fd8
C 10
R
P 0x7f2a7c191628
C 342
R
P 0x7f2a7c191628
P 0x7f2a7c19c088
C 10
R
P 0x7f2a7c191628
C 342
R
P 0x7f2a7c191628
P 0x7f2a7c19c048
C 10
R
P 0x7f2a7c191628
C 342
R
P 0x7f2a7c191628
P 0x7f2a7c487ba8
C 10
R
P 0x7f2a7c191628
C 342
R
P 0x7f2a7c191628
P 0x7f2a7c4872e8
C 10
R
P 0x7f2a7c191628
C 342
R
P 0x7f2a7c191628
P 0x7f2a7c19e5d8
C 10
R
P 0x7f2a7c191628
C 342
R
P 0x7f2a7c191628
P 0x7f2a7c473348
C 10
R
P 0x7f2a7c191628
C 342
R
P 0x7f2a7c191628
P 0x7f2a7c19bcc8
C 10
R
P 0x7f2a7c191628
C 342
R
P 0x7f2a7c191628
P 0x7f2a7c487908
C 10
R
P 0x7f2a7c191628
C 342
R
P 0x7f2a7c191628
P 0x7f2a7c1a1778
C 10
R
P 0x7f2a7c191628
C 342
R
P 0x7f2a7c191628
P 0x7f2a7c19c028
C 10
R
P 0x7f2a7c191628
C 342
R
P 0x7f2a7c191628
P 0x7f2a7c19bc88
C 10
R
P 0x7f2a7c191628
C 342
R
P 0x7f2a7c191628
P 0x7f2a7c488190
C 10
R
P 0x7f2a7c191628
C 342
R
P 0x7f2a7c191628
P 0x7f2a7c19bcc8
C 10
R
P 0x7f2a7c191628
C 342
R
P 0x7f2a7c191628
P 0x7f2a7c19bc88
C 10
R
P 0x7f2a7c191628
C 342
R
P 0x7f2a7c191628
P 0x7f2a7c19c028
C 10
R
P 0x7f2a7c191628
C 342
R
P 0x7f2a7c191628
P 0x7f2a7c4872b0
C 10
R
P 0x7f2a7c191628
C 342
R
P 0x7f2a7c191628
P 0x7f2a7c19bca8
C 10
R
P 0x7f2a7c191628
C 342
R
P 0x7f2a7c191628
P 0x7f2a7c487080
C 10
R
P 0x7f2a7c191628
C 342
R
P 0x7f2a7c191628
P 0x7f2a7c19fac8
C 10
R
P 0x7f2a7c191628
C 342
R
P 0x7f2a7c191628
P 0x7f2a7c19bca8
C 10
R
P 0x7f2a7c191628
C 342
R
P 0x7f2a7c191628
P 0x7f2a7c19bca8
C 10
R
P 0x7f2a7c191628
C 342
R
P 0x7f2a7c191628
P 0x7f2a7c489db0
C 10
R
P 0x7f2a7c191628
C 342
R
P 0x7f2a7c191628
P 0x7f2a7c19bfc8
C 10
R
P 0x7f2a7c191628
C 342
R
P 0x7f2a7c191628
P 0x7f2a7c1a1858
C 10
R
P 0x7f2a7c191628
C 342
R
P 0x7f2a7c191628
P 0x7f2a7c19c1a8
C 10
R
P 0x7f2a7c191628
C 342
R
P 0x7f2a7c191628
P 0x7f2a7c487048
C 10
R
P 0x7f2a7c191628
C 342
R
P 0x7f2a7c191628
P 0x7f2a7c19bfe8
C 10
R
P 0x7f2a7c191628
C 342
R
P 0x7f2a7c191628
P 0x7f2a7c19c1c8
C 10
R
P 0x7f2a7c191628
C 342
R
P 0x7f2a7c191628
P 0x7f2a7c1a17b0
C 10
R
P 0x7f2a7c191628
C 342
R
P 0x7f2a7c191628
P 0x7f2a7c1a18c8
C 10
R
P 0x7f2a7c191628
C 342
R
P 0x7f2a7c191628
P 0x7f2a7c487908
C 10
R
P 0x7f2a7c191628
C 342
R
P 0x7f2a7c191628
P 0x7f2a7c19bc88
C 10
R
P 0x7f2a7c191628
C 342
R
P 0x7f2a7c191628
P 0x7f2a7c2cbbd8
C 10
R
P 0x7f2a7c191628
C 342
R
P 0x7f2a7c191628
P 0x7f2a7c19c2a8
C 10
R
P 0x7f2a7c191628
C 342
R
P 0x7f2a7c191628
P 0x7f2a7c488270
C 10
R
P 0x7f2a7c191628
C 342
R
P 0x7f2a7c191628
P 0x7f2a7c487ba8
C 10
R
P 0x7f2a7c191628
C 342
R
P 0x7f2a7c191628
P 0x7f2a7c487b70
C 10
R
P 0x7f2a7c191628
C 342
R
P 0x7f2a7c191628
P 0x7f2a7c478ba0
C 10
R
P 0x7f2a7c191628
C 342
R
P 0x7f2a7c191628
P 0x7f2a7c19bc88
C 10
R
P 0x7f2a7c191628
C 342
R
P 0x7f2a7c191628
P 0x7f2a7c1a1890
C 10
R
P 0x7f2a7c191628
C 342
R
P 0x7f2a7c191628
P 0x7f2a7c1a17b0
C 10
R
P 0x7f2a7c191628
C 342
R
P 0x7f2a7c191628
P 0x7f2a7c1a1f58
C 10
R
P 0x7f2a7c191628
C 342
R
P 0x7f2a7c191628
P 0x7f2a7c1a1778
C 10
R
P 0x7f2a7c191628
C 342
R
P 0x7f2a7c191628
P 0x7f2a7c1a2498
C 10
R
P 0x7f2a7c191628
C 342
R
P 0x7f2a7c191628
P 0x7f2a7c19fa88
C 10
R
P 0x7f2a7c191628
C 342
R
P 0x7f2a7c191628
P 0x7f2a7c19c268
C 10
R
P 0x7f2a7c191628
C 342
R
P 0x7f2a7c191628
P 0x7f2a7c487978
C 10
R
P 0x7f2a7c191628
C 342
R
P 0x7f2a7c191628
P 0x7f2a7c19bc88
C 10
R
P 0x7f2a7c191628
C 342
R
P 0x7f2a7c191628
P 0x7f2a7c488270
C 10
R
P 0x7f2a7c191628
C 342
R
P 0x7f2a7c191628
P 0x7f2a7c19c128
C 10
R
P 0x7f2a7c191628
C 342
R
P 0x7f2a7c191628
P 0x7f2a7c19c028
C 10
R
P 0x7f2a7c191628
C 342
R
P 0x7f2a7c191628
P 0x7f2a7c19c028
C 10
R
P 0x7f2a7c191628
C 342
R
P 0x7f2a7c191628
P 0x7f2a7c19c2a8
C 10
R
P 0x7f2a7c191628
C 342
R
P 0x7f2a7c191628
P 0x7f2a7c19c2a8
C 10
R
P 0x7f2a7c191628
C 342
R
P 0x7f2a7c191628
P 0x7f2a7c19c108
C 10
R
P 0x7f2a7c191628
C 342
R
P 0x7f2a7c191628
P 0x7f2a7c476c40
C 10
R
P 0x7f2a7c191628
C 342
R
P 0x7f2a7c191628
P 0x7f2a7c19bfc8
C 10
R
P 0x7f2a7c191628
C 342
R
P 0x7f2a7c191628
P 0x7f2a7c19bce8
C 10
R
P 0x7f2a7c191628
C 342
R
P 0x7f2a7c191628
P 0x7f2a7c19c108
C 10
R
P 0x7f2a7c191628
C 342
R
P 0x7f2a7c191628
P 0x7f2a7c19f988
C 10
R
P 0x7f2a7c191628
C 342
R
P 0x7f2a7c191628
P 0x7f2a7c487b70
C 10
R
P 0x7f2a7c191628
C 342
R
P 0x7f2a7c191628
P 0x7f2a7c19bfc8
C 10
R
P 0x7f2a7c191628
C 342
R
P 0x7f2a7c191628
P 0x7f2a7c4872e8
C 10
R
P 0x7f2a7c191628
C 342
R
P 0x7f2a7c191628
P 0x7f2a7c486fa0
C 10
R
P 0x7f2a7c191628
C 342
R
P 0x7f2a7c191628
P 0x7f2a7c19bf88
C 10
R
P 0x7f2a7c191628
C 342
R
P 0x7f2a7c191628
P 0x7f2a7c19bf48
C 10
R
P 0x7f2a7c191628
C 342
R
P 0x7f2a7c191628
P 0x7f2a7c1a1890
C 10
R
P 0x7f2a7c191628
C 342
R
P 0x7f2a7c191628
P 0x7f2a7c473948
C 10
R
P 0x7f2a7c191628
C 342
R
P 0x7f2a7c191628
P 0x7f2a7c1a1f58
C 10
R
P 0x7f2a7c191628
C 342
R
P 0x7f2a7c191628
P 0x7f2a7c1a3228
C 10
R
P 0x7f2a7c191628
C 342
R
P 0x7f2a7c191628
P 0x7f2a7c1a20a8
C 10
R
P 0x7f2a7c191628
C 342
R
P 0x7f2a7c191628
P 0x7f2a7c19fa88
C 10
R
P 0x7f2a7c191628
C 342
R
P 0x7f2a7c191628
P 0x7f2a7c19c028
C 10
R
P 0x7f2a7c191628
C 342
R
P 0x7f2a7c191628
P 0x7f2a7c19c2a8
C 10
R
P 0x7f2a7c191628
C 342
R
P 0x7f2a7c191628
P 0x7f2a7c19c2a8
C 10
R
P 0x7f2a7c191628
C 342
R
P 0x7f2a7c191628
P 0x7f2a7c19c168
C 10
R
P 0x7f2a7c191628
C 342
R
P 0x7f2a7c191628
P 0x7f2a7c19bc88
C 10
R
P 0x7f2a7c191628
C 342
R
P 0x7f2a7c191628
P 0x7f2a7c487be0
C 10
R
P 0x7f2a7c191628
C 342
R
P 0x7f2a7c191628
P 0x7f2a7c487a58
C 10
R
P 0x7f2a7c191628
C 342
R
P 0x7f2a7c191628
P 0x7f2a7c487d68
C 10
R
P 0x7f2a7c191628
C 342
R
P 0x7f2a7c191628
P 0x7f2a7c19c1a8
C 10
R
P 0x7f2a7c191628
C 342
R
P 0x7f2a7c191628
P 0x7f2a7c19c208
C 10
R
P 0x7f2a7c191628
C 342
R
P 0x7f2a7c191628
P 0x7f2a7c19c088
C 10
R
P 0x7f2a7c191628
C 342
R
P 0x7f2a7c191628
P 0x7f2a7c19bf68
C 10
R
P 0x7f2a7c191628
C 342
R
P 0x7f2a7c191628
P 0x7f2a7c486fa0
C 10
R
P 0x7f2a7c191628
C 342
R
P 0x7f2a7c191628
P 0x7f2a7c1a20a8
C 10
R
P 0x7f2a7c191628
C 342
R
P 0x7f2a7c191628
P 0x7f2a7c48bb90
C 10
R
P 0x7f2a7c191628
C 342
R
P 0x7f2a7c191628
P 0x7f2a7c487908
C 10
R
P 0x7f2a7c191628
C 342
R
P 0x7f2a7c191628
P 0x7f2a7c48c530
C 10
R
P 0x7f2a7c191628
C 342
R
P 0x7f2a7c191628
P 0x7f2a7c19f948
C 10
R
P 0x7f2a7c191628
C 342
R
P 0x7f2a7c191628
P 0x7f2a7c487f60
C 10
R
P 0x7f2a7c191628
C 342
R
P 0x7f2a7c191628
P 0x7f2a7c1a1900
C 10
R
P 0x7f2a7c191628
C 342
R
P 0x7f2a7c191628
P 0x7f2a7c1a1778
C 10
R
P 0x7f2a7c191628
C 342
R
P 0x7f2a7c191628
P 0x7f2a7c19bc88
C 10
R
P 0x7f2a7c191628
C 342
R
P 0x7f2a7c191628
P 0x7f2a7c19bc88
C 10
R
P 0x7f2a7c191628
C 342
R
P 0x7f2a7c191628
P 0x7f2a7c487400
C 10
R
P 0x7f2a7c191628
C 342
R
P 0x7f2a7c191628
P 0x7f2a7c19bcc8
C 10
R
P 0x7f2a7c191628
C 342
R
P 0x7f2a7c191628
P 0x7f2a7c487240
C 10
R
P 0x7f2a7c191628
C 342
R
P 0x7f2a7c191628
P 0x7f2a7c488920
C 10
R
P 0x7f2a7c191628
C 342
R
P 0x7f2a7c191628
P 0x7f2a7c19fa08
C 10
R
P 0x7f2a7c191628
C 342
R
P 0x7f2a7c191628
P 0x7f2a7c1a1970
C 10
R
P 0x7f2a7c191628
C 342
R
P 0x7f2a7c191628
P 0x7f2a7c476968
C 10
R
P 0x7f2a7c191628
C 342
R
P 0x7f2a7c191628
P 0x7f2a7c19bf88
C 10
R
P 0x7f2a7c191628
C 342
R
P 0x7f2a7c191628
P 0x7f2a7c19c108
C 10
R
P 0x7f2a7c191628
C 342
R
P 0x7f2a7c191628
P 0x7f2a7c48dee8
C 10
R
P 0x7f2a7c191628
C 342
R
P 0x7f2a7c191628
P 0x7f2a7c19bc88
C 10
R
P 0x7f2a7c191628
C 342
R
P 0x7f2a7c191628
P 0x7f2a7c19c068
C 10
R
P 0x7f2a7c191628
C 342
R
P 0x7f2a7c191628
P 0x7f2a7c19c268
C 10
R
P 0x7f2a7c191628
C 342
R
P 0x7f2a7c191628
P 0x7f2a7c19bf88
C 10
R
P 0x7f2a7c191628
C 342
R
P 0x7f2a7c191628
P 0x7f2a7c1a1f58
C 10
R
P 0x7f2a7c191628
C 342
R
P 0x7f2a7c191628
P 0x7f2a7c19bc88
C 10
R
P 0x7f2a7c191628
C 342
R
P 0x7f2a7c191628
P 0x7f2a7c19c2a8
C 10
R
P 0x7f2a7c191628
C 342
R
P 0x7f2a7c191628
P 0x7f2a7c19c148
C 10
R
P 0x7f2a7c191628
C 342
R
P 0x7f2a7c191628
P 0x7f2a7c487240
C 10
R
P 0x7f2a7c191628
C 342
R
P 0x7f2a7c191628
P 0x7f2a7c19bc88
C 10
R
P 0x7f2a7c191628
C 342
R
P 0x7f2a7c191628
P 0x7f2a7c1a18c8
C 10
R
P 0x7f2a7c191628
C 342
R
P 0x7f2a7c191628
P 0x7f2a7c4872e8
C 10
R
P 0x7f2a7c191628
C 342
R
P 0x7f2a7c191628
P 0x7f2a7c19c088
C 10
R
P 0x7f2a7c191628
C 342
R
P 0x7f2a7c191628
P 0x7f2a7c19c0e8
C 10
R
P 0x7f2a7c191628
C 342
R
P 0x7f2a7c191628
P 0x7f2a7c487048
C 10
R
P 0x7f2a7c191628
C 342
R
P 0x7f2a7c191628
P 0x7f2a7c487208
C 10
R
P 0x7f2a7c191628
C 342
R
P 0x7f2a7c191628
P 0x7f2a7c1a1778
C 10
R
P 0x7f2a7c191628
C 342
R
P 0x7f2a7c191628
P 0x7f2a7c19bcc8
C 10
R
P 0x7f2a7c191628
C 342
R
P 0x7f2a7c191628
P 0x7f2a7c1a18c8
C 10
R
P 0x7f2a7c191628
C 342
R
P 0x7f2a7c191628
P 0x7f2a7c19c228
C 10
R
P 0x7f2a7c191628
C 342
R
P 0x7f2a7c191628
P 0x7f2a7c19bfc8
C 10
R
P 0x7f2a7c191628
C 342
R
P 0x7f2a7c191628
P 0x7f2a7c19c088
C 10
R
P 0x7f2a7c191628
C 342
R
P 0x7f2a7c191628
P 0x7f2a7c19bc88
C 10
R
P 0x7f2a7c191628
C 342
R
P 0x7f2a7c191628
P 0x7f2a7c19c1a8
C 10
R
P 0x7f2a7c191628
C 342
R
P 0x7f2a7c191628
P 0x7f2a7c19bc88
C 10
R
P 0x7f2a7c191628
C 342
R
P 0x7f2a7c191628
P 0x7f2a7c19fa08
C 10
R
P 0x7f2a7c191628
C 342
R
P 0x7f2a7c191628
P 0x7f2a7c19c1e8
C 10
R
P 0x7f2a7c191628
C 342
R
P 0x7f2a7c191628
P 0x7f2a7c19c0e8
C 10
R
P 0x7f2a7c191628
C 342
R
P 0x7f2a7c191628
P 0x7f2a7c487390
C 10
R
P 0x7f2a7c191628
C 342
R
P 0x7f2a7c191628
P 0x7f2a7c2cb8c8
C 10
R
P 0x7f2a7c191628
C 342
R
P 0x7f2a7c191628
P 0x7f2a7c19bfc8
C 10
R
P 0x7f2a7c191628
C 342
R
P 0x7f2a7c191628
P 0x7f2a7c19bca8
C 10
R
P 0x7f2a7c191628
C 342
R
P 0x7f2a7c191628
P 0x7f2a7c19fa08
C 10
R
P 0x7f2a7c191628
C 342
R
P 0x7f2a7c191628
P 0x7f2a7c19c028
C 10
R
P 0x7f2a7c191628
C 342
R
P 0x7f2a7c191628
P 0x7f2a7c19c168
C 10
R
P 0x7f2a7c191628
C 342
R
P 0x7f2a7c191628
P 0x7f2a7c19f948
C 10
R
P 0x7f2a7c191628
C 342
R
P 0x7f2a7c191628
P 0x7f2a7c4757b0
C 10
R
P 0x7f2a7c191628
C 342
R
P 0x7f2a7c191628
P 0x7f2a7c19bcc8
C 10
R
P 0x7f2a7c191628
C 342
R
P 0x7f2a7c191628
P 0x7f2a7c19bf88
C 10
R
P 0x7f2a7c191628
C 342
R
P 0x7f2a7c191628
P 0x7f2a7c19bc88
C 10
R
P 0x7f2a7c191628
C 342
R
P 0x7f2a7c191628
P 0x7f2a7c19c148
C 10
R
P 0x7f2a7c191628
C 342
R
P 0x7f2a7c191628
P 0x7f2a7c478d98
C 10
R
P 0x7f2a7c191628
C 342
R
P 0x7f2a7c191628
P 0x7f2a7c489c60
C 10
R
P 0x7f2a7c191628
C 342
R
P 0x7f2a7c191628
P 0x7f2a7c19bc88
C 10
R
P 0x7f2a7c191628
C 342
R
P 0x7f2a7c191628
P 0x7f2a7c487278
C 10
R
P 0x7f2a7c191628
C 342
R
P 0x7f2a7c191628
P 0x7f2a7c19bc88
C 10
R
P 0x7f2a7c191628
C 342
R
P 0x7f2a7c191628
P 0x7f2a7c487b70
C 10
R
P 0x7f2a7c191628
C 342
R
P 0x7f2a7c191628
P 0x7f2a7c4785b8
C 10
R
P 0x7f2a7c191628
C 342
R
P 0x7f2a7c191628
P 0x7f2a7c19bc88
C 10
R
P 0x7f2a7c191628
C 342
R
P 0x7f2a7c191628
P 0x7f2a7c1a1cb8
C 10
R
P 0x7f2a7c191628
C 342
R
P 0x7f2a7c191628
P 0x7f2a7c19c1e8
C 10
R
P 0x7f2a7c191628
C 342
R
P 0x7f2a7c191628
P 0x7f2a7c48c530
C 10
R
P 0x7f2a7c191628
C 342
R
P 0x7f2a7c191628
P 0x7f2a7c487d68
C 10
R
P 0x7f2a7c191628
C 342
R
P 0x7f2a7c191628
P 0x7f2a7c4784a0
C 10
R
P 0x7f2a7c191628
C 342
R
P 0x7f2a7c191628
P 0x7f2a7c4872b0
C 10
R
P 0x7f2a7c191628
C 342
R
P 0x7f2a7c191628
P 0x7f2a7c19bfc8
C 10
R
P 0x7f2a7c191628
C 342
R
P 0x7f2a7c191628
P 0x7f2a7c19bcc8
C 10
R
P 0x7f2a7c191628
C 342
R
P 0x7f2a7c191628
P 0x7f2a7c19bc88
C 10
R
P 0x7f2a7c191628
C 342
R
P 0x7f2a7c191628
P 0x7f2a7c19c1a8
C 10
R
P 0x7f2a7c191628
C 342
R
P 0x7f2a7c191628
P 0x7f2a7c19c208
C 10
R
P 0x7f2a7c191628
C 342
R
P 0x7f2a7c191628
P 0x7f2a7c487208
C 10
R
P 0x7f2a7c191628
C 342
R
P 0x7f2a7c191628
P 0x7f2a7c2cc9d8
C 10
R
P 0x7f2a7c191628
C 342
R
P 0x7f2a7c191628
P 0x7f2a7c19c1a8
C 10
R
P 0x7f2a7c191628
C 342
R
P 0x7f2a7c191628
P 0x7f2a7c19c1c8
C 10
R
P 0x7f2a7c191628
C 342
R
P 0x7f2a7c191628
P 0x7f2a7c19bc88
C 10
R
P 0x7f2a7c191628
C 342
R
P 0x7f2a7c191628
P 0x7f2a7c1a18c8
C 10
R
P 0x7f2a7c191628
C 342
R
P 0x7f2a7c191628
P 0x7f2a7c4873c8
C 10
R
P 0x7f2a7c191628
C 342
R
P 0x7f2a7c191628
P 0x7f2a7c19c068
C 10
R
P 0x7f2a7c191628
C 342
R
P 0x7f2a7c191628
P 0x7f2a7c487d68
C 10
R
P 0x7f2a7c191628
C 342
R
P 0x7f2a7c191628
P 0x7f2a7c48de08
C 10
R
P 0x7f2a7c191628
C 342
R
P 0x7f2a7c191628
P 0x7f2a7c19bc88
C 10
R
P 0x7f2a7c191628
C 342
R
P 0x7f2a7c191628
P 0x7f2a7c19f848
C 10
R
P 0x7f2a7c191628
C 342
R
P 0x7f2a7c191628
P 0x7f2a7c19c128
C 10
R
P 0x7f2a7c191628
C 342
R
P 0x7f2a7c191628
P 0x7f2a7c19c248
C 10
R
P 0x7f2a7c191628
C 342
R
P 0x7f2a7c191628
P 0x7f2a7c487240
C 10
R
P 0x7f2a7c191628
C 342
R
P 0x7f2a7c191628
P 0x7f2a7c19bc88
C 10
R
P 0x7f2a7c191628
C 342
R
P 0x7f2a7c191628
P 0x7f2a7c473468
C 10
R
P 0x7f2a7c191628
C 342
R
P 0x7f2a7c191628
P 0x7f2a7c19c2a8
C 10
R
P 0x7f2a7c191628
C 342
R
P 0x7f2a7c191628
P 0x7f2a7c19bfc8
C 10
R
P 0x7f2a7c191628
C 342
R
P 0x7f2a7c191628
P 0x7f2a7c19bcc8
C 10
R
P 0x7f2a7c191628
C 342
R
P 0x7f2a7c191628
P 0x7f2a7c488aa8
C 10
R
P 0x7f2a7c191628
C 342
R
P 0x7f2a7c191628
P 0x7f2a7c48da18
C 10
R
P 0x7f2a7c191628
C 342
R
P 0x7f2a7c191628
P 0x7f2a7c19c128
C 10
R
P 0x7f2a7c191628
C 342
R
P 0x7f2a7c191628
P 0x7f2a7c2cb9a8
C 10
R
P 0x7f2a7c191628
C 342
R
P 0x7f2a7c191628
P 0x7f2a7c2cccb0
C 10
R
P 0x7f2a7c191628
C 342
R
P 0x7f2a7c191628
P 0x7f2a7c19c0c8
C 10
R
P 0x7f2a7c191628
C 342
R
P 0x7f2a7c191628
P 0x7f2a7c48b5a8
C 10
R
P 0x7f2a7c191628
C 342
R
P 0x7f2a7c191628
P 0x7f2a7c4732b8
C 10
R
P 0x7f2a7c191628
C 342
R
P 0x7f2a7c191628
P 0x7f2a7c487e80
C 10
R
P 0x7f2a7c191628
C 342
R
P 0x7f2a7c191628
P 0x7f2a7c487240
C 10
R
P 0x7f2a7c191628
C 342
R
P 0x7f2a7c191628
P 0x7f2a7c19df18
C 10
R
P 0x7f2a7c191628
C 342
R
P 0x7f2a7c191628
P 0x7f2a7c475f20
C 10
R
P 0x7f2a7c191628
C 342
R
P 0x7f2a7c191628
P 0x7f2a7c487908
C 10
R
P 0x7f2a7c191628
C 342
R
P 0x7f2a7c191628
P 0x7f2a7c19bd08
C 10
R
P 0x7f2a7c191628
C 342
R
P 0x7f2a7c191628
P 0x7f2a7c19bcc8
C 10
R
P 0x7f2a7c191628
C 342
R
P 0x7f2a7c191628
P 0x7f2a7c4770a0
C 10
R
P 0x7f2a7c191628
C 342
R
P 0x7f2a7c191628
P 0x7f2a7c487908
C 10
R
P 0x7f2a7c191628
C 342
R
P 0x7f2a7c191628
P 0x7f2a7c19bc88
C 10
R
P 0x7f2a7c191628
C 342
R
P 0x7f2a7c191628
P 0x7f2a7c19c228
C 10
R
P 0x7f2a7c191628
C 342
R
P 0x7f2a7c191628
P 0x7f2a7c19c088
C 10
R
P 0x7f2a7c191628
C 342
R
P 0x7f2a7c191628
P 0x7f2a7c473e28
C 10
R
P 0x7f2a7c191628
C 342
R
P 0x7f2a7c191628
P 0x7f2a7c487240
C 10
R
P 0x7f2a7c191628
C 342
R
P 0x7f2a7c191628
P 0x7f2a7c19c088
C 10
R
P 0x7f2a7c191628
C 342
R
P 0x7f2a7c191628
P 0x7f2a7c19bc88
C 10
R
P 0x7f2a7c191628
C 342
R
P 0x7f2a7c191628
P 0x7f2a7c19f848
C 10
R
P 0x7f2a7c191628
C 342
R
P 0x7f2a7c191628
P 0x7f2a7c487f60
C 10
R
P 0x7f2a7c191628
C 342
R
P 0x7f2a7c191628
P 0x7f2a7c19bc88
C 10
R
P 0x7f2a7c191628
C 342
R
P 0x7f2a7c191628
P 0x7f2a7c19bc88
C 10
R
P 0x7f2a7c191628
C 342
R
P 0x7f2a7c191628
P 0x7f2a7c475b68
C 10
R
P 0x7f2a7c191628
C 342
R
P 0x7f2a7c191628
P 0x7f2a7c19c2a8
C 10
R
P 0x7f2a7c191628
C 342
R
P 0x7f2a7c191628
P 0x7f2a7c19c148
C 10
R
P 0x7f2a7c191628
C 342
R
P 0x7f2a7c191628
P 0x7f2a7c19bc88
C 10
R
P 0x7f2a7c191628
C 342
R
P 0x7f2a7c191628
P 0x7f2a7c487908
C 10
R
P 0x7f2a7c191628
C 342
R
P 0x7f2a7c191628
P 0x7f2a7c1a1858
C 10
R
P 0x7f2a7c191628
C 342
R
P 0x7f2a7c191628
P 0x7f2a7c19bcc8
C 10
R
P 0x7f2a7c191628
C 342
R
P 0x7f2a7c191628
P 0x7f2a7c48c370
C 10
R
P 0x7f2a7c191628
C 342
R
P 0x7f2a7c191628
P 0x7f2a7c19bd08
C 10
R
P 0x7f2a7c191628
C 342
R
P 0x7f2a7c191628
P 0x7f2a7c1a2348
C 10
R
P 0x7f2a7c191628
C 342
R
P 0x7f2a7c191628
P 0x7f2a7c487240
C 10
R
P 0x7f2a7c191628
C 342
R
P 0x7f2a7c191628
P 0x7f2a7c19bc88
C 10
R
P 0x7f2a7c191628
C 342
R
P 0x7f2a7c191628
P 0x7f2a7c19bc88
C 10
R
P 0x7f2a7c191628
C 342
R
P 0x7f2a7c191628
P 0x7f2a7c19bc88
C 10
R
P 0x7f2a7c191628
C 342
R
P 0x7f2a7c191628
P 0x7f2a7c4873c8
C 10
R
P 0x7f2a7c191628
C 342
R
P 0x7f2a7c191628
P 0x7f2a7c19f888
C 10
R
P 0x7f2a7c191628
C 342
R
P 0x7f2a7c191628
P 0x7f2a7c19bfc8
C 10
R
P 0x7f2a7c191628
C 342
R
P 0x7f2a7c191628
P 0x7f2a7c1a17b0
C 10
R
P 0x7f2a7c191628
C 342
R
P 0x7f2a7c191628
P 0x7f2a7c19fa48
C 10
R
P 0x7f2a7c191628
C 342
R
P 0x7f2a7c191628
P 0x7f2a7c489950
C 10
R
P 0x7f2a7c191628
C 342
R
P 0x7f2a7c191628
P 0x7f2a7c19bc88
C 10
R
P 0x7f2a7c191628
C 342
R
P 0x7f2a7c191628
P 0x7f2a7c19c268
C 10
R
P 0x7f2a7c191628
C 342
R
P 0x7f2a7c191628
P 0x7f2a7c1a3228
C 10
R
P 0x7f2a7c191628
C 342
R
P 0x7f2a7c191628
P 0x7f2a7c19c1e8
C 10
R
P 0x7f2a7c191628
C 342
R
P 0x7f2a7c191628
P 0x7f2a7c19bcc8
C 10
R
P 0x7f2a7c191628
C 342
R
P 0x7f2a7c191628
P 0x7f2a7c19bc88
C 10
R
P 0x7f2a7c191628
C 342
R
P 0x7f2a7c191628
P 0x7f2a7c19fa08
C 10
R
P 0x7f2a7c191628
C 342
R
P 0x7f2a7c191628
P 0x7f2a7c19c228
C 10
R
P 0x7f2a7c191628
C 342
R
P 0x7f2a7c191628
P 0x7f2a7c48acb0
C 10
R
P 0x7f2a7c191628
C 342
R
P 0x7f2a7c191628
P 0x7f2a7c476540
C 10
R
P 0x7f2a7c191628
C 342
R
P 0x7f2a7c191628
P 0x7f2a7c487010
C 10
R
P 0x7f2a7c191628
C 342
R
P 0x7f2a7c191628
P 0x7f2a7c1a1778
C 10
R
P 0x7f2a7c191628
C 342
R
P 0x7f2a7c191628
P 0x7f2a7c19bcc8
C 10
R
P 0x7f2a7c191628
C 342
R
P 0x7f2a7c191628
P 0x7f2a7c486fd8
C 10
R
P 0x7f2a7c191628
C 342
R
P 0x7f2a7c191628
P 0x7f2a7c487208
C 10
R
P 0x7f2a7c191628
C 342
R
P 0x7f2a7c191628
P 0x7f2a7c19c028
C 10
R
P 0x7f2a7c191628
C 342
R
P 0x7f2a7c191628
P 0x7f2a7c19c168
C 10
R
P 0x7f2a7c191628
C 342
R
P 0x7f2a7c191628
P 0x7f2a7c487470
C 10
R
P 0x7f2a7c191628
C 342
R
P 0x7f2a7c191628
P 0x7f2a7c487240
C 10
R
P 0x7f2a7c191628
C 342
R
P 0x7f2a7c191628
P 0x7f2a7c1a1858
C 10
R
P 0x7f2a7c191628
C 342
R
P 0x7f2a7c191628
P 0x7f2a7c487240
C 10
R
P 0x7f2a7c191628
C 342
R
P 0x7f2a7c191628
P 0x7f2a7c487208
C 10
R
P 0x7f2a7c191628
C 342
R
P 0x7f2a7c191628
P 0x7f2a7c19bc88
C 10
R
P 0x7f2a7c191628
C 342
R
P 0x7f2a7c191628
P 0x7f2a7c487be0
C 10
R
P 0x7f2a7c191628
C 342
R
P 0x7f2a7c191628
P 0x7f2a7c48c568
C 10
R
P 0x7f2a7c191628
C 342
R
P 0x7f2a7c191628
P 0x7f2a7c19bcc8
C 10
R
P 0x7f2a7c191628
C 342
R
P 0x7f2a7c191628
P 0x7f2a7c19bc88
C 10
R
P 0x7f2a7c191628
C 342
R
P 0x7f2a7c191628
P 0x7f2a7c19bc88
C 10
R
P 0x7f2a7c191628
C 342
R
P 0x7f2a7c191628
P 0x7f2a7c2cca10
C 10
R
P 0x7f2a7c191628
C 342
R
P 0x7f2a7c191628
P 0x7f2a7c19bcc8
C 10
R
P 0x7f2a7c191628
C 342
R
P 0x7f2a7c191628
P 0x7f2a7c1a2348
C 10
R
P 0x7f2a7c191628
C 342
R
P 0x7f2a7c191628
P 0x7f2a7c488158
C 10
R
P 0x7f2a7c191628
C 342
R
P 0x7f2a7c191628
P 0x7f2a7c487a58
C 10
R
P 0x7f2a7c191628
C 342
R
P 0x7f2a7c191628
P 0x7f2a7c487fd0
C 10
R
P 0x7f2a7c191628
C 342
R
P 0x7f2a7c191628
P 0x7f2a7c19bc88
C 10
R
P 0x7f2a7c191628
C 342
R
P 0x7f2a7c191628
P 0x7f2a7c19c208
C 10
R
P 0x7f2a7c191628
C 342
R
P 0x7f2a7c191628
P 0x7f2a7c487f98
C 10
R
P 0x7f2a7c191628
C 342
R
P 0x7f2a7c191628
P 0x7f2a7c487f98
C 10
R
P 0x7f2a7c191628
C 342
R
P 0x7f2a7c191628
P 0x7f2a7c19c0e8
C 10
R
P 0x7f2a7c191628
C 342
R
P 0x7f2a7c191628
P 0x7f2a7c487080
C 10
R
P 0x7f2a7c191628
C 342
R
P 0x7f2a7c191628
P 0x7f2a7c19ef98
C 10
R
P 0x7f2a7c191628
C 342
R
P 0x7f2a7c191628
P 0x7f2a7c487390
C 10
R
P 0x7f2a7c191628
C 342
R
P 0x7f2a7c191628
P 0x7f2a7c19c0e8
C 10
R
P 0x7f2a7c191628
C 342
R
P 0x7f2a7c191628
P 0x7f2a7c19bd08
C 10
R
P 0x7f2a7c191628
C 342
R
P 0x7f2a7c191628
P 0x7f2a7c1a1cb8
C 10
R
P 0x7f2a7c191628
C 342
R
P 0x7f2a7c191628
P 0x7f2a7c48ae00
C 10
R
P 0x7f2a7c191628
C 342
R
P 0x7f2a7c191628
P 0x7f2a7c1a17b0
C 10
R
P 0x7f2a7c191628
C 342
R
P 0x7f2a7c191628
P 0x7f2a7c19c028
C 10
R
P 0x7f2a7c191628
C 342
R
P 0x7f2a7c191628
P 0x7f2a7c19c148
C 10
R
P 0x7f2a7c191628
C 342
R
P 0x7f2a7c191628
P 0x7f2a7c487208
C 10
R
P 0x7f2a7c191628
C 342
R
P 0x7f2a7c191628
P 0x7f2a7c19bfc8
C 10
R
P 0x7f2a7c191628
C 342
R
P 0x7f2a7c191628
P 0x7f2a7c19bc88
C 10
R
P 0x7f2a7c191628
C 342
R
P 0x7f2a7c191628
P 0x7f2a7c19bc88
C 10
R
P 0x7f2a7c191628
C 342
R
P 0x7f2a7c191628
P 0x7f2a7c19c088
C 10
R
P 0x7f2a7c191628
C 342
R
P 0x7f2a7c191628
P 0x7f2a7c487278
C 10
R
P 0x7f2a7c191628
C 342
R
P 0x7f2a7c191628
P 0x7f2a7c19fac8
C 10
R
P 0x7f2a7c191628
C 342
R
P 0x7f2a7c191628
P 0x7f2a7c19bc88
C 10
R
P 0x7f2a7c191628
C 342
R
P 0x7f2a7c191628
P 0x7f2a7c19bcc8
C 10
R
P 0x7f2a7c191628
C 342
R
P 0x7f2a7c191628
P 0x7f2a7c19fa88
C 10
R
P 0x7f2a7c191628
C 342
R
P 0x7f2a7c191628
P 0x7f2a7c479bd0
C 10
R
P 0x7f2a7c191628
C 342
R
P 0x7f2a7c191628
P 0x7f2a7c48a5c8
C 10
R
P 0x7f2a7c191628
C 342
R
P 0x7f2a7c191628
P 0x7f2a7c487908
C 10
R
P 0x7f2a7c191628
C 342
R
P 0x7f2a7c191628
P 0x7f2a7c19c1e8
C 10
R
P 0x7f2a7c191628
C 342
R
P 0x7f2a7c191628
P 0x7f2a7c19bfc8
C 10
R
P 0x7f2a7c191628
C 342
R
P 0x7f2a7c191628
P 0x7f2a7c19bc88
C 10
R
P 0x7f2a7c191628
C 342
R
P 0x7f2a7c191628
P 0x7f2a7c487438
C 10
R
P 0x7f2a7c191628
C 342
R
P 0x7f2a7c191628
P 0x7f2a7c489bf0
C 10
R
P 0x7f2a7c191628
C 342
R
P 0x7f2a7c191628
P 0x7f2a7c19f888
C 10
R
P 0x7f2a7c191628
C 342
R
P 0x7f2a7c191628
P 0x7f2a7c487f60
C 10
R
P 0x7f2a7c191628
C 342
R
P 0x7f2a7c191628
P 0x7f2a7c19c0e8
C 10
R
P 0x7f2a7c191628
C 342
R
P 0x7f2a7c191628
P 0x7f2a7c19fa88
C 10
R
P 0x7f2a7c191628
C 342
R
P 0x7f2a7c191628
P 0x7f2a7c1a21f8
C 10
R
P 0x7f2a7c191628
C 342
R
P 0x7f2a7c191628
P 0x7f2a7c19c088
C 10
R
P 0x7f2a7c191628
C 342
R
P 0x7f2a7c191628
P 0x7f2a7c486fd8
C 10
R
P 0x7f2a7c191628
C 342
R
P 0x7f2a7c191628
P 0x7f2a7c19bcc8
C 10
R
P 0x7f2a7c191628
C 342
R
P 0x7f2a7c191628
P 0x7f2a7c19bc88
C 10
R
P 0x7f2a7c191628
C 342
R
P 0x7f2a7c191628
P 0x7f2a7c19bc88
C 10
R
P 0x7f2a7c191628
C 342
R
P 0x7f2a7c191628
P 0x7f2a7c19bc88
C 10
R
P 0x7f2a7c191628
C 342
R
P 0x7f2a7c191628
P 0x7f2a7c19fb08
C 10
R
P 0x7f2a7c191628
C 342
R
P 0x7f2a7c191628
P 0x7f2a7c487f60
C 10
R
P 0x7f2a7c191628
C 342
R
P 0x7f2a7c191628
P 0x7f2a7c19fa08
C 10
R
P 0x7f2a7c191628
C 342
R
P 0x7f2a7c191628
P 0x7f2a7c19fac8
C 10
R
P 0x7f2a7c191628
C 342
R
P 0x7f2a7c191628
P 0x7f2a7c487208
C 10
R
P 0x7f2a7c191628
C 342
R
P 0x7f2a7c191628
P 0x7f2a7c19c208
C 10
R
P 0x7f2a7c191628
C 342
R
P 0x7f2a7c191628
P 0x7f2a7c4879e8
C 10
R
P 0x7f2a7c191628
C 342
R
P 0x7f2a7c191628
P 0x7f2a7c475e40
C 10
R
P 0x7f2a7c191628
C 342
R
P 0x7f2a7c191628
P 0x7f2a7c48d820
C 10
R
P 0x7f2a7c191628
C 342
R
P 0x7f2a7c191628
P 0x7f2a7c2cb900
C 10
R
P 0x7f2a7c191628
C 342
R
P 0x7f2a7c191628
P 0x7f2a7c487b70
C 10
R
P 0x7f2a7c191628
C 342
R
P 0x7f2a7c191628
P 0x7f2a7c19f888
C 10
R
P 0x7f2a7c191628
C 342
R
P 0x7f2a7c191628
P 0x7f2a7c487da0
C 10
R
P 0x7f2a7c191628
C 342
R
P 0x7f2a7c191628
P 0x7f2a7c19c088
C 10
R
P 0x7f2a7c191628
C 342
R
P 0x7f2a7c191628
P 0x7f2a7c1a1cb8
C 10
R
P 0x7f2a7c191628
C 342
R
P 0x7f2a7c191628
P 0x7f2a7c19bc88
C 10
R
P 0x7f2a7c191628
C 342
R
P 0x7f2a7c191628
P 0x7f2a7c4872e8
C 10
R
P 0x7f2a7c191628
C 342
R
P 0x7f2a7c191628
P 0x7f2a7c19c2a8
C 10
R
P 0x7f2a7c191628
C 342
R
P 0x7f2a7c191628
P 0x7f2a7c19bc88
C 10
R
P 0x7f2a7c191628
C 342
R
P 0x7f2a7c191628
P 0x7f2a7c4872e8
C 10
R
P 0x7f2a7c191628
C 342
R
P 0x7f2a7c191628
P 0x7f2a7c19c0e8
C 10
R
P 0x7f2a7c191628
C 342
R
P 0x7f2a7c191628
P 0x7f2a7c19bfc8
C 10
R
P 0x7f2a7c191628
C 342
R
P 0x7f2a7c191628
P 0x7f2a7c19fb08
C 10
R
P 0x7f2a7c191628
C 342
R
P 0x7f2a7c191628
P 0x7f2a7c19bc88
C 10
R
P 0x7f2a7c191628
C 342
R
P 0x7f2a7c191628
P 0x7f2a7c487208
C 10
R
P 0x7f2a7c191628
C 342
R
P 0x7f2a7c191628
P 0x7f2a7c1a1890
C 10
R
P 0x7f2a7c191628
C 342
R
P 0x7f2a7c191628
P 0x7f2a7c487c18
C 10
R
P 0x7f2a7c191628
C 342
R
P 0x7f2a7c191628
P 0x7f2a7c19e4b8
C 10
R
P 0x7f2a7c191628
C 342
R
P 0x7f2a7c191628
P 0x7f2a7c19bc88
C 10
R
P 0x7f2a7c191628
C 342
R
P 0x7f2a7c191628
P 0x7f2a7c19c168
C 10
R
P 0x7f2a7c191628
C 342
R
P 0x7f2a7c191628
P 0x7f2a7c486fa0
C 10
R
P 0x7f2a7c191628
C 342
R
P 0x7f2a7c191628
P 0x7f2a7c1a25e8
C 10
R
P 0x7f2a7c191628
C 342
R
P 0x7f2a7c191628
P 0x7f2a7c4881c8
C 10
R
P 0x7f2a7c191628
C 342
R
P 0x7f2a7c191628
P 0x7f2a7c1a1890
C 10
R
P 0x7f2a7c191628
C 342
R
P 0x7f2a7c191628
P 0x7f2a7c487080
C 10
R
P 0x7f2a7c191628
C 342
R
P 0x7f2a7c191628
P 0x7f2a7c19f948
C 10
R
P 0x7f2a7c191628
C 342
R
P 0x7f2a7c191628
P 0x7f2a7c19c128
C 10
R
P 0x7f2a7c191628
C 342
R
P 0x7f2a7c191628
P 0x7f2a7c19c168
C 10
R
P 0x7f2a7c191628
C 342
R
P 0x7f2a7c191628
P 0x7f2a7c487390
C 10
R
P 0x7f2a7c191628
C 342
R
P 0x7f2a7c191628
P 0x7f2a7c487c18
C 10
R
P 0x7f2a7c191628
C 342
R
P 0x7f2a7c191628
P 0x7f2a7c19bc88
C 10
R
P 0x7f2a7c191628
C 342
R
P 0x7f2a7c191628
P 0x7f2a7c19c1e8
C 10
R
P 0x7f2a7c191628
C 342
R
P 0x7f2a7c191628
P 0x7f2a7c19c2a8
C 10
R
P 0x7f2a7c191628
C 342
R
P 0x7f2a7c191628
P 0x7f2a7c486fd8
C 10
R
P 0x7f2a7c191628
C 342
R
P 0x7f2a7c191628
P 0x7f2a7c19bc88
C 10
R
P 0x7f2a7c191628
C 342
R
P 0x7f2a7c191628
P 0x7f2a7c19c028
C 10
R
P 0x7f2a7c191628
C 342
R
P 0x7f2a7c191628
P 0x7f2a7c487390
C 10
R
P 0x7f2a7c191628
C 342
R
P 0x7f2a7c191628
P 0x7f2a7c476460
C 10
R
P 0x7f2a7c191628
C 342
R
P 0x7f2a7c191628
P 0x7f2a7c19bc88
C 10
R
P 0x7f2a7c191628
C 342
R
P 0x7f2a7c191628
P 0x7f2a7c48a670
C 10
R
P 0x7f2a7c191628
C 342
R
P 0x7f2a7c191628
P 0x7f2a7c19bc88
C 10
R
P 0x7f2a7c191628
C 342
R
P 0x7f2a7c191628
P 0x7f2a7c19bc88
C 10
R
P 0x7f2a7c191628
C 342
R
P 0x7f2a7c191628
P 0x7f2a7c19bca8
C 10
R
P 0x7f2a7c191628
C 342
R
P 0x7f2a7c191628
P 0x7f2a7c19bcc8
C 10
R
P 0x7f2a7c191628
C 342
R
P 0x7f2a7c191628
P 0x7f2a7c487010
C 10
R
P 0x7f2a7c191628
C 342
R
P 0x7f2a7c191628
P 0x7f2a7c19c0a8
C 10
R
P 0x7f2a7c191628
C 342
R
P 0x7f2a7c191628
P 0x7f2a7c19bc88
C 10
R
P 0x7f2a7c191628
C 342
R
P 0x7f2a7c191628
P 0x7f2a7c19bc88
C 10
R
P 0x7f2a7c191628
C 342
R
P 0x7f2a7c191628
P 0x7f2a7c19bfc8
C 10
R
P 0x7f2a7c191628
C 342
R
P 0x7f2a7c191628
P 0x7f2a7c19c1c8
C 10
R
P 0x7f2a7c191628
C 342
R
P 0x7f2a7c191628
P 0x7f2a7c19fa88
C 10
R
P 0x7f2a7c191628
C 342
R
P 0x7f2a7c191628
P 0x7f2a7c19bc88
C 10
R
P 0x7f2a7c191628
C 342
R
P 0x7f2a7c191628
P 0x7f2a7c19bfc8
C 10
R
P 0x7f2a7c191628
C 342
R
P 0x7f2a7c191628
P 0x7f2a7c19c028
C 10
R
P 0x7f2a7c191628
C 342
R
P 0x7f2a7c191628
P 0x7f2a7c19ef98
C 10
R
P 0x7f2a7c191628
C 342
R
P 0x7f2a7c191628
P 0x7f2a7c19f148
C 10
R
P 0x7f2a7c191628
C 342
R
P 0x7f2a7c191628
P 0x7f2a7c486fd8
C 10
R
P 0x7f2a7c191628
C 342
R
P 0x7f2a7c191628
P 0x7f2a7c19bc88
C 10
R
P 0x7f2a7c191628
C 342
R
P 0x7f2a7c191628
P 0x7f2a7c487400
C 10
R
P 0x7f2a7c191628
C 342
R
P 0x7f2a7c191628
P 0x7f2a7c19c048
C 10
R
P 0x7f2a7c191628
C 342
R
P 0x7f2a7c191628
P 0x7f2a7c19bc88
C 10
R
P 0x7f2a7c191628
C 342
R
P 0x7f2a7c191628
P 0x7f2a7c476af0
C 10
R
P 0x7f2a7c191628
C 342
R
P 0x7f2a7c191628
P 0x7f2a7c48ab60
C 10
R
P 0x7f2a7c191628
C 342
R
P 0x7f2a7c191628
P 0x7f2a7c488008
C 10
R
P 0x7f2a7c191628
C 342
R
P 0x7f2a7c191628
P 0x7f2a7c19bce8
C 10
R
P 0x7f2a7c191628
C 342
R
P 0x7f2a7c191628
P 0x7f2a7c473eb8
C 10
R
P 0x7f2a7c191628
C 342
R
P 0x7f2a7c191628
P 0x7f2a7c4872b0
C 10
R
P 0x7f2a7c191628
C 342
R
P 0x7f2a7c191628
P 0x7f2a7c1a18c8
C 10
R
P 0x7f2a7c191628
C 342
R
P 0x7f2a7c191628
P 0x7f2a7c19c0c8
C 10
R
P 0x7f2a7c191628
C 342
R
P 0x7f2a7c191628
P 0x7f2a7c4872b0
C 10
R
P 0x7f2a7c191628
C 342
R
P 0x7f2a7c191628
P 0x7f2a7c19c1c8
C 10
R
P 0x7f2a7c191628
C 342
R
P 0x7f2a7c191628
P 0x7f2a7c19bc88
C 10
R
P 0x7f2a7c191628
C 342
R
P 0x7f2a7c191628
P 0x7f2a7c19c088
C 10
R
P 0x7f2a7c191628
C 342
R
P 0x7f2a7c191628
P 0x7f2a7c4879b0
C 10
R
P 0x7f2a7c191628
C 342
R
P 0x7f2a7c191628
P 0x7f2a7c4771b8
C 10
R
P 0x7f2a7c191628
C 342
R
P 0x7f2a7c191628
P 0x7f2a7c19bc88
C 10
R
P 0x7f2a7c191628
C 342
R
P 0x7f2a7c191628
P 0x7f2a7c1a25e8
C 10
R
P 0x7f2a7c191628
C 342
R
P 0x7f2a7c191628
P 0x7f2a7c19bc88
C 10
R
P 0x7f2a7c191628
C 342
R
P 0x7f2a7c191628
P 0x7f2a7c19fa08
C 10
R
P 0x7f2a7c191628
C 342
R
P 0x7f2a7c191628
P 0x7f2a7c19fa48
C 10
R
P 0x7f2a7c191628
C 342
R
P 0x7f2a7c191628
P 0x7f2a7c488078
C 10
R
P 0x7f2a7c191628
C 342
R
P 0x7f2a7c191628
P 0x7f2a7c487278
C 10
R
P 0x7f2a7c191628
C 342
R
P 0x7f2a7c191628
P 0x7f2a7c19c228
C 10
R
P 0x7f2a7c191628
C 342
R
P 0x7f2a7c191628
P 0x7f2a7c1a1900
C 10
R
P 0x7f2a7c191628
C 342
R
P 0x7f2a7c191628
P 0x7f2a7c488190
C 10
R
P 0x7f2a7c191628
C 342
R
P 0x7f2a7c191628
P 0x7f2a7c478660
C 10
R
P 0x7f2a7c191628
C 342
R
P 0x7f2a7c191628
P 0x7f2a7c19c2a8
C 10
R
P 0x7f2a7c191628
C 342
R
P 0x7f2a7c191628
P 0x7f2a7c19c108
C 10
R
P 0x7f2a7c191628
C 342
R
P 0x7f2a7c191628
P 0x7f2a7c19c148
C 10
R
P 0x7f2a7c191628
C 342
R
P 0x7f2a7c191628
P 0x7f2a7c19bc88
C 10
R
P 0x7f2a7c191628
C 342
R
P 0x7f2a7c191628
P 0x7f2a7c19bc88
C 10
R
P 0x7f2a7c191628
C 342
R
P 0x7f2a7c191628
P 0x7f2a7c19bca8
C 10
R
P 0x7f2a7c191628
C 342
R
P 0x7f2a7c191628
P 0x7f2a7c4873c8
C 10
R
P 0x7f2a7c191628
C 342
R
P 0x7f2a7c191628
P 0x7f2a7c19c028
C 10
R
P 0x7f2a7c191628
C 342
R
P 0x7f2a7c191628
P 0x7f2a7c4738e8
C 10
R
P 0x7f2a7c191628
C 342
R
P 0x7f2a7c191628
P 0x7f2a7c19bc88
C 10
R
P 0x7f2a7c191628
C 342
R
P 0x7f2a7c191628
P 0x7f2a7c488158
C 10
R
P 0x7f2a7c191628
C 342
R
P 0x7f2a7c191628
P 0x7f2a7c4791c0
C 10
R
P 0x7f2a7c191628
C 342
R
P 0x7f2a7c191628
P 0x7f2a7c19bc88
C 10
R
P 0x7f2a7c191628
C 342
R
P 0x7f2a7c191628
P 0x7f2a7c19fa48
C 10
R
P 0x7f2a7c191628
C 342
R
P 0x7f2a7c191628
P 0x7f2a7c19c148
C 10
R
P 0x7f2a7c191628
C 342
R
P 0x7f2a7c191628
P 0x7f2a7c48e038
C 10
R
P 0x7f2a7c191628
C 342
R
P 0x7f2a7c191628
P 0x7f2a7c19bc88
C 10
R
P 0x7f2a7c191628
C 342
R
P 0x7f2a7c191628
P 0x7f2a7c19c1a8
C 10
R
P 0x7f2a7c191628
C 342
R
P 0x7f2a7c191628
P 0x7f2a7c19bc88
C 10
R
P 0x7f2a7c191628
C 342
R
P 0x7f2a7c191628
P 0x7f2a7c19bc88
C 10
R
P 0x7f2a7c191628
C 342
R
P 0x7f2a7c191628
P 0x7f2a7c19c2a8
C 10
R
P 0x7f2a7c191628
C 342
R
P 0x7f2a7c191628
P 0x7f2a7c475270
C 10
R
P 0x7f2a7c191628
C 342
R
P 0x7f2a7c191628
P 0x7f2a7c1a25e8
C 10
R
P 0x7f2a7c191628
C 342
R
P 0x7f2a7c191628
P 0x7f2a7c19bc88
C 10
R
P 0x7f2a7c191628
C 342
R
P 0x7f2a7c191628
P 0x7f2a7c47a148
C 10
R
P 0x7f2a7c191628
C 342
R
P 0x7f2a7c191628
P 0x7f2a7c487390
C 10
R
P 0x7f2a7c191628
C 342
R
P 0x7f2a7c191628
P 0x7f2a7c19bc88
C 10
R
P 0x7f2a7c191628
C 342
R
P 0x7f2a7c191628
P 0x7f2a7c4879b0
C 10
R
P 0x7f2a7c191628
C 342
R
P 0x7f2a7c191628
P 0x7f2a7c1a2888
C 10
R
P 0x7f2a7c191628
C 342
R
P 0x7f2a7c191628
P 0x7f2a7c487908
C 10
R
P 0x7f2a7c191628
C 342
R
P 0x7f2a7c191628
P 0x7f2a7c487010
C 10
R
P 0x7f2a7c191628
C 342
R
P 0x7f2a7c191628
P 0x7f2a7c19c088
C 10
R
P 0x7f2a7c191628
C 342
R
P 0x7f2a7c191628
P 0x7f2a7c487208
C 10
R
P 0x7f2a7c191628
C 342
R
P 0x7f2a7c191628
P 0x7f2a7c488190
C 10
R
P 0x7f2a7c191628
C 342
R
P 0x7f2a7c191628
P 0x7f2a7c19c028
C 10
R
P 0x7f2a7c191628
C 342
R
P 0x7f2a7c191628
P 0x7f2a7c487010
C 10
R
P 0x7f2a7c191628
C 342
R
P 0x7f2a7c191628
P 0x7f2a7c1a1778
C 10
R
P 0x7f2a7c191628
C 342
R
P 0x7f2a7c191628
P 0x7f2a7c1a1890
C 10
R
P 0x7f2a7c191628
C 342
R
P 0x7f2a7c191628
P 0x7f2a7c19c068
C 10
R
P 0x7f2a7c191628
C 342
R
P 0x7f2a7c191628
P 0x7f2a7c19bc88
C 10
R
P 0x7f2a7c191628
C 342
R
P 0x7f2a7c191628
P 0x7f2a7c19c188
C 10
R
P 0x7f2a7c191628
C 342
R
P 0x7f2a7c191628
P 0x7f2a7c19c1a8
C 10
R
P 0x7f2a7c191628
C 342
R
P 0x7f2a7c191628
P 0x7f2a7c4759a8
C 10
R
P 0x7f2a7c191628
C 342
R
P 0x7f2a7c191628
P 0x7f2a7c478dd0
C 10
R
P 0x7f2a7c191628
C 342
R
P 0x7f2a7c191628
P 0x7f2a7c19bc88
C 10
R
P 0x7f2a7c191628
C 342
R
P 0x7f2a7c191628
P 0x7f2a7c487208
C 10
R
P 0x7f2a7c191628
C 342
R
P 0x7f2a7c191628
P 0x7f2a7c4872e8
C 10
R
P 0x7f2a7c191628
C 342
R
P 0x7f2a7c191628
P 0x7f2a7c19bc88
C 10
R
P 0x7f2a7c191628
C 342
R
P 0x7f2a7c191628
P 0x7f2a7c48c290
C 10
R
P 0x7f2a7c191628
C 342
R
P 0x7f2a7c191628
P 0x7f2a7c1a1938
C 10
R
P 0x7f2a7c191628
C 342
R
P 0x7f2a7c191628
P 0x7f2a7c19bc88
C 10
R
P 0x7f2a7c191628
C 342
R
P 0x7f2a7c191628
P 0x7f2a7c487e80
C 10
R
P 0x7f2a7c191628
C 342
R
P 0x7f2a7c191628
P 0x7f2a7c19bc88
C 10
R
P 0x7f2a7c191628
C 342
R
P 0x7f2a7c191628
P 0x7f2a7c19fb08
C 10
R
P 0x7f2a7c191628
C 342
R
P 0x7f2a7c191628
P 0x7f2a7c4879e8
C 10
R
P 0x7f2a7c191628
C 342
R
P 0x7f2a7c191628
P 0x7f2a7c1a17b0
C 10
R
P 0x7f2a7c191628
C 342
R
P 0x7f2a7c191628
P 0x7f2a7c19bcc8
C 10
R
P 0x7f2a7c191628
C 342
R
P 0x7f2a7c191628
P 0x7f2a7c2cc0e0
C 10
R
P 0x7f2a7c191628
C 342
R
P 0x7f2a7c191628
P 0x7f2a7c487208
C 10
R
P 0x7f2a7c191628
C 342
R
P 0x7f2a7c191628
P 0x7f2a7c476268
C 10
R
P 0x7f2a7c191628
C 342
R
P 0x7f2a7c191628
P 0x7f2a7c4872e8
C 10
R
P 0x7f2a7c191628
C 342
R
P 0x7f2a7c191628
P 0x7f2a7c19bc88
C 10
R
P 0x7f2a7c191628
C 342
R
P 0x7f2a7c191628
P 0x7f2a7c19bc88
C 10
R
P 0x7f2a7c191628
C 342
R
P 0x7f2a7c191628
P 0x7f2a7c19c108
C 10
R
P 0x7f2a7c191628
C 342
R
P 0x7f2a7c191628
P 0x7f2a7c487320
C 10
R
P 0x7f2a7c191628
C 342
R
P 0x7f2a7c191628
P 0x7f2a7c19bcc8
C 10
R
P 0x7f2a7c191628
C 342
R
P 0x7f2a7c191628
P 0x7f2a7c19bc88
C 10
R
P 0x7f2a7c191628
C 342
R
P 0x7f2a7c191628
P 0x7f2a7c19c088
C 10
R
P 0x7f2a7c191628
C 342
R
P 0x7f2a7c191628
P 0x7f2a7c19bfc8
C 10
R
P 0x7f2a7c191628
C 342
R
P 0x7f2a7c191628
P 0x7f2a7c19e878
C 10
R
P 0x7f2a7c191628
C 342
R
P 0x7f2a7c191628
P 0x7f2a7c19bf68
C 10
R
P 0x7f2a7c191628
C 342
R
P 0x7f2a7c191628
P 0x7f2a7c19c128
C 10
R
P 0x7f2a7c191628
C 342
R
P 0x7f2a7c191628
P 0x7f2a7c19c048
C 10
R
P 0x7f2a7c191628
C 342
R
P 0x7f2a7c191628
P 0x7f2a7c19bc88
C 10
R
P 0x7f2a7c191628
C 342
R
P 0x7f2a7c191628
P 0x7f2a7c19c2a8
C 10
R
P 0x7f2a7c191628
C 342
R
P 0x7f2a7c191628
P 0x7f2a7c19c168
C 10
R
P 0x7f2a7c191628
C 342
R
P 0x7f2a7c191628
P 0x7f2a7c487390
C 10
R
P 0x7f2a7c191628
C 342
R
P 0x7f2a7c191628
P 0x7f2a7c487f98
C 10
R
P 0x7f2a7c191628
C 342
R
P 0x7f2a7c191628
P 0x7f2a7c1a1e08
C 10
R
P 0x7f2a7c191628
C 342
R
P 0x7f2a7c191628
P 0x7f2a7c479540
C 10
R
P 0x7f2a7c191628
C 342
R
P 0x7f2a7c191628
P 0x7f2a7c19bfc8
C 10
R
P 0x7f2a7c191628
C 342
R
P 0x7f2a7c191628
P 0x7f2a7c1a1890
C 10
R
P 0x7f2a7c191628
C 342
R
P 0x7f2a7c191628
P 0x7f2a7c48c5d8
C 10
R
P 0x7f2a7c191628
C 342
R
P 0x7f2a7c191628
P 0x7f2a7c19bfc8
C 10
R
P 0x7f2a7c191628
C 342
R
P 0x7f2a7c191628
P 0x7f2a7c19bf48
C 10
R
P 0x7f2a7c191628
C 342
R
P 0x7f2a7c191628
P 0x7f2a7c4873c8
C 10
R
P 0x7f2a7c191628
C 342
R
P 0x7f2a7c191628
P 0x7f2a7c19bfc8
C 10
R
P 0x7f2a7c191628
C 342
R
P 0x7f2a7c191628
P 0x7f2a7c487908
C 10
R
P 0x7f2a7c191628
C 342
R
P 0x7f2a7c191628
P 0x7f2a7c19ec98
C 10
R
P 0x7f2a7c191628
C 342
R
P 0x7f2a7c191628
P 0x7f2a7c487f98
C 10
R
P 0x7f2a7c191628
C 342
R
P 0x7f2a7c191628
P 0x7f2a7c19fa48
C 10
R
P 0x7f2a7c191628
C 342
R
P 0x7f2a7c191628
P 0x7f2a7c19bc88
C 10
R
P 0x7f2a7c191628
C 342
R
P 0x7f2a7c191628
P 0x7f2a7c19bc88
C 10
R
P 0x7f2a7c191628
C 342
R
P 0x7f2a7c191628
P 0x7f2a7c19c268
C 10
R
P 0x7f2a7c191628
C 342
R
P 0x7f2a7c191628
P 0x7f2a7c19d7c8
C 10
R
P 0x7f2a7c191628
C 342
R
P 0x7f2a7c191628
P 0x7f2a7c487390
C 10
R
P 0x7f2a7c191628
C 342
R
P 0x7f2a7c191628
P 0x7f2a7c19bf48
C 10
R
P 0x7f2a7c191628
C 342
R
P 0x7f2a7c191628
P 0x7f2a7c2cce70
C 10
R
P 0x7f2a7c191628
C 342
R
P 0x7f2a7c191628
P 0x7f2a7c19c2a8
C 10
R
P 0x7f2a7c191628
C 342
R
P 0x7f2a7c191628
P 0x7f2a7c486910
C 10
R
P 0x7f2a7c191628
C 342
R
P 0x7f2a7c191628
P 0x7f2a7c19bfc8
C 10
R
P 0x7f2a7c191628
C 342
R
P 0x7f2a7c191628
P 0x7f2a7c486fd8
C 10
R
P 0x7f2a7c191628
C 342
R
P 0x7f2a7c191628
P 0x7f2a7c1a21f8
C 10
R
P 0x7f2a7c191628
C 342
R
P 0x7f2a7c191628
P 0x7f2a7c19bc88
C 10
R
P 0x7f2a7c191628
C 342
R
P 0x7f2a7c191628
P 0x7f2a7c19bd08
C 10
R
P 0x7f2a7c191628
C 342
R
P 0x7f2a7c191628
P 0x7f2a7c19bc88
C 10
R
P 0x7f2a7c191628
C 342
R
P 0x7f2a7c191628
P 0x7f2a7c19bfc8
C 10
R
P 0x7f2a7c191628
C 342
R
P 0x7f2a7c191628
P 0x7f2a7c19bc88
C 10
R
P 0x7f2a7c191628
C 342
R
P 0x7f2a7c191628
P 0x7f2a7c19c268
C 10
R
P 0x7f2a7c191628
C 342
R
P 0x7f2a7c191628
P 0x7f2a7c487da0
C 10
R
P 0x7f2a7c191628
C 342
R
P 0x7f2a7c191628
P 0x7f2a7c487be0
C 10
R
P 0x7f2a7c191628
C 342
R
P 0x7f2a7c191628
P 0x7f2a7c19bc88
C 10
R
P 0x7f2a7c191628
C 342
R
P 0x7f2a7c191628
P 0x7f2a7c19bc88
C 10
R
P 0x7f2a7c191628
C 342
R
P 0x7f2a7c191628
P 0x7f2a7c19bfc8
C 10
R
P 0x7f2a7c191628
C 342
R
P 0x7f2a7c191628
P 0x7f2a7c487f98
C 10
R
P 0x7f2a7c191628
C 342
R
P 0x7f2a7c191628
P 0x7f2a7c476150
C 10
R
P 0x7f2a7c191628
C 342
R
P 0x7f2a7c191628
P 0x7f2a7c19bc88
C 10
R
P 0x7f2a7c191628
C 342
R
P 0x7f2a7c191628
P 0x7f2a7c1a1970
C 10
R
P 0x7f2a7c191628
C 342
R
P 0x7f2a7c191628
P 0x7f2a7c4870b8
C 10
R
P 0x7f2a7c191628
C 342
R
P 0x7f2a7c191628
P 0x7f2a7c19ef38
C 10
R
P 0x7f2a7c191628
C 342
R
P 0x7f2a7c191628
P 0x7f2a7c488fe8
C 10
R
P 0x7f2a7c191628
C 342
R
P 0x7f2a7c191628
P 0x7f2a7c19c088
C 10
R
P 0x7f2a7c191628
C 342
R
P 0x7f2a7c191628
P 0x7f2a7c486fa0
C 10
R
P 0x7f2a7c191628
C 342
R
P 0x7f2a7c191628
P 0x7f2a7c489678
C 10
R
P 0x7f2a7c191628
C 342
R
P 0x7f2a7c191628
P 0x7f2a7c488200
C 10
R
P 0x7f2a7c191628
C 342
R
P 0x7f2a7c191628
P 0x7f2a7c19bfe8
C 10
R
P 0x7f2a7c191628
C 342
R
P 0x7f2a7c191628
P 0x7f2a7c19c128
C 10
R
P 0x7f2a7c191628
C 342
R
P 0x7f2a7c191628
P 0x7f2a7c19c1e8
C 10
R
P 0x7f2a7c191628
C 342
R
P 0x7f2a7c191628
P 0x7f2a7c19c1c8
C 10
R
P 0x7f2a7c191628
C 342
R
P 0x7f2a7c191628
P 0x7f2a7c1a17b0
C 10
R
P 0x7f2a7c191628
C 342
R
P 0x7f2a7c191628
P 0x7f2a7c48b880
C 10
R
P 0x7f2a7c191628
C 342
R
P 0x7f2a7c191628
P 0x7f2a7c19c2a8
C 10
R
P 0x7f2a7c191628
C 342
R
P 0x7f2a7c191628
P 0x7f2a7c19bc88
C 10
R
P 0x7f2a7c191628
C 342
R
P 0x7f2a7c191628
P 0x7f2a7c1a17b0
C 10
R
P 0x7f2a7c191628
C 342
R
P 0x7f2a7c191628
P 0x7f2a7c487390
C 10
R
P 0x7f2a7c191628
C 342
R
P 0x7f2a7c191628
P 0x7f2a7c1a17b0
C 10
R
P 0x7f2a7c191628
C 342
R
P 0x7f2a7c191628
P 0x7f2a7c19c148
C 10
R
P 0x7f2a7c191628
C 342
R
P 0x7f2a7c191628
P 0x7f2a7c1a17b0
C 10
R
P 0x7f2a7c191628
C 342
R
P 0x7f2a7c191628
P 0x7f2a7c487400
C 10
R
P 0x7f2a7c191628
C 342
R
P 0x7f2a7c191628
P 0x7f2a7c486fa0
C 10
R
P 0x7f2a7c191628
C 342
R
P 0x7f2a7c191628
P 0x7f2a7c1a17b0
C 10
R
P 0x7f2a7c191628
C 342
R
P 0x7f2a7c191628
P 0x7f2a7c486fd8
C 10
R
P 0x7f2a7c191628
C 342
R
P 0x7f2a7c191628
P 0x7f2a7c1a1970
C 10
R
P 0x7f2a7c191628
C 342
R
P 0x7f2a7c191628
P 0x7f2a7c19c1e8
C 10
R
P 0x7f2a7c191628
C 342
R
P 0x7f2a7c191628
P 0x7f2a7c19c0c8
C 10
R
P 0x7f2a7c191628
C 342
R
P 0x7f2a7c191628
P 0x7f2a7c19c1a8
C 10
R
P 0x7f2a7c191628
C 342
R
P 0x7f2a7c191628
P 0x7f2a7c19c088
C 10
R
P 0x7f2a7c191628
C 342
R
P 0x7f2a7c191628
P 0x7f2a7c4873c8
C 10
R
P 0x7f2a7c191628
C 342
R
P 0x7f2a7c191628
P 0x7f2a7c487d68
C 10
R
P 0x7f2a7c191628
C 342
R
P 0x7f2a7c191628
P 0x7f2a7c1a1938
C 10
R
P 0x7f2a7c191628
C 342
R
P 0x7f2a7c191628
P 0x7f2a7c487da0
C 10
R
P 0x7f2a7c191628
C 342
R
P 0x7f2a7c191628
P 0x7f2a7c19bd08
C 10
R
P 0x7f2a7c191628
C 342
R
P 0x7f2a7c191628
P 0x7f2a7c487208
C 10
R
P 0x7f2a7c191628
C 342
R
P 0x7f2a7c191628
P 0x7f2a7c1a2700
C 10
R
P 0x7f2a7c191628
C 342
R
P 0x7f2a7c191628
P 0x7f2a7c488078
C 10
R
P 0x7f2a7c191628
C 342
R
P 0x7f2a7c191628
P 0x7f2a7c486e50
C 10
R
P 0x7f2a7c191628
C 342
R
P 0x7f2a7c191628
P 0x7f2a7c19bc88
C 10
R
P 0x7f2a7c191628
C 342
R
P 0x7f2a7c191628
P 0x7f2a7c19bc88
C 10
R
P 0x7f2a7c191628
C 342
R
P 0x7f2a7c191628
P 0x7f2a7c1a1970
C 10
R
P 0x7f2a7c191628
C 342
R
P 0x7f2a7c191628
P 0x7f2a7c19e6f8
C 10
R
P 0x7f2a7c191628
C 342
R
P 0x7f2a7c191628
P 0x7f2a7c19ec08
C 10
R
P 0x7f2a7c191628
C 342
R
P 0x7f2a7c191628
P 0x7f2a7c19c208
C 10
R
P 0x7f2a7c191628
C 342
R
P 0x7f2a7c191628
P 0x7f2a7c19bd08
C 10
R
P 0x7f2a7c191628
C 342
R
P 0x7f2a7c191628
P 0x7f2a7c489870
C 10
R
P 0x7f2a7c191628
C 342
R
P 0x7f2a7c191628
P 0x7f2a7c1a20a8
C 10
R
P 0x7f2a7c191628
C 342
R
P 0x7f2a7c191628
P 0x7f2a7c1a1890
C 10
R
P 0x7f2a7c191628
C 342
R
P 0x7f2a7c191628
P 0x7f2a7c487908
C 10
R
P 0x7f2a7c191628
C 342
R
P 0x7f2a7c191628
P 0x7f2a7c19bb68
C 10
R
P 0x7f2a7c191628
C 342
R
P 0x7f2a7c191628
P 0x7f2a7c19bc88
C 10
R
P 0x7f2a7c191628
C 342
R
P 0x7f2a7c191628
P 0x7f2a7c487240
C 10
R
P 0x7f2a7c191628
C 342
R
P 0x7f2a7c191628
P 0x7f2a7c1a2498
C 10
R
P 0x7f2a7c191628
C 342
R
P 0x7f2a7c191628
P 0x7f2a7c479690
C 10
R
P 0x7f2a7c191628
C 342
R
P 0x7f2a7c191628
P 0x7f2a7c19c2a8
C 10
R
P 0x7f2a7c191628
C 342
R
P 0x7f2a7c191628
P 0x7f2a7c4873c8
C 10
R
P 0x7f2a7c191628
C 342
R
P 0x7f2a7c191628
P 0x7f2a7c19c028
C 10
R
P 0x7f2a7c191628
C 342
R
P 0x7f2a7c191628
P 0x7f2a7c19c088
C 10
R
P 0x7f2a7c191628
C 342
R
P 0x7f2a7c191628
P 0x7f2a7c19bc88
C 10
R
P 0x7f2a7c191628
C 342
R
P 0x7f2a7c191628
P 0x7f2a7c19bc88
C 10
R
P 0x7f2a7c191628
C 342
R
P 0x7f2a7c191628
P 0x7f2a7c19bfe8
C 10
R
P 0x7f2a7c191628
C 342
R
P 0x7f2a7c191628
P 0x7f2a7c19ef08
C 10
R
P 0x7f2a7c191628
C 342
R
P 0x7f2a7c191628
P 0x7f2a7c19c148
C 10
R
P 0x7f2a7c191628
C 342
R
P 0x7f2a7c191628
P 0x7f2a7c486fa0
C 10
R
P 0x7f2a7c191628
C 342
R
P 0x7f2a7c191628
P 0x7f2a7c487390
C 10
R
P 0x7f2a7c191628
C 342
R
P 0x7f2a7c191628
P 0x7f2a7c487ba8
C 10
R
P 0x7f2a7c191628
C 342
R
P 0x7f2a7c191628
P 0x7f2a7c19c028
C 10
R
P 0x7f2a7c191628
C 342
R
P 0x7f2a7c191628
P 0x7f2a7c19c028
C 10
R
P 0x7f2a7c191628
C 342
R
P 0x7f2a7c191628
P 0x7f2a7c1a18c8
C 10
R
P 0x7f2a7c191628
C 342
R
P 0x7f2a7c191628
P 0x7f2a7c19bc88
C 10
R
P 0x7f2a7c191628
C 342
R
P 0x7f2a7c191628
P 0x7f2a7c19f888
C 10
R
P 0x7f2a7c191628
C 342
R
P 0x7f2a7c191628
P 0x7f2a7c19c148
C 10
R
P 0x7f2a7c191628
C 342
R
P 0x7f2a7c191628
P 0x7f2a7c19c168
C 10
R
P 0x7f2a7c191628
C 342
R
P 0x7f2a7c191628
P 0x7f2a7c19bd08
C 10
R
P 0x7f2a7c191628
C 342
R
P 0x7f2a7c191628
P 0x7f2a7c48c4c0
C 10
R
P 0x7f2a7c191628
C 342
R
P 0x7f2a7c191628
P 0x7f2a7c487d68
C 10
R
P 0x7f2a7c191628
C 342
R
P 0x7f2a7c191628
P 0x7f2a7c48c728
C 10
R
P 0x7f2a7c191628
C 342
R
P 0x7f2a7c191628
P 0x7f2a7c19bc88
C 10
R
P 0x7f2a7c191628
C 342
R
P 0x7f2a7c191628
P 0x7f2a7c487da0
C 10
R
P 0x7f2a7c191628
C 342
R
P 0x7f2a7c191628
P 0x7f2a7c487208
C 10
R
P 0x7f2a7c191628
C 342
R
P 0x7f2a7c191628
P 0x7f2a7c19c088
C 10
R
P 0x7f2a7c191628
C 342
R
P 0x7f2a7c191628
P 0x7f2a7c19fac8
C 10
R
P 0x7f2a7c191628
C 342
R
P 0x7f2a7c191628
P 0x7f2a7c489288
C 10
R
P 0x7f2a7c191628
C 342
R
P 0x7f2a7c191628
P 0x7f2a7c19fb08
C 10
R
P 0x7f2a7c191628
C 342
R
P 0x7f2a7c191628
P 0x7f2a7c19bc88
C 10
R
P 0x7f2a7c191628
C 342
R
P 0x7f2a7c191628
P 0x7f2a7c19bc88
C 10
R
P 0x7f2a7c191628
C 342
R
P 0x7f2a7c191628
P 0x7f2a7c48b6c0
C 10
R
P 0x7f2a7c191628
C 342
R
P 0x7f2a7c191628
P 0x7f2a7c487278
C 10
R
P 0x7f2a7c191628
C 342
R
P 0x7f2a7c191628
P 0x7f2a7c475468
C 10
R
P 0x7f2a7c191628
C 342
R
P 0x7f2a7c191628
P 0x7f2a7c487908
C 10
R
P 0x7f2a7c191628
C 342
R
P 0x7f2a7c191628
P 0x7f2a7c4735e8
C 10
R
P 0x7f2a7c191628
C 342
R
P 0x7f2a7c191628
P 0x7f2a7c19bc88
C 10
R
P 0x7f2a7c191628
C 342
R
P 0x7f2a7c191628
P 0x7f2a7c488270
C 10
R
P 0x7f2a7c191628
C 342
R
P 0x7f2a7c191628
P 0x7f2a7c19d8e8
C 10
R
P 0x7f2a7c191628
C 342
R
P 0x7f2a7c191628
P 0x7f2a7c19eb78
C 10
R
P 0x7f2a7c191628
C 342
R
P 0x7f2a7c191628
P 0x7f2a7c1a1890
C 10
R
P 0x7f2a7c191628
C 342
R
P 0x7f2a7c191628
P 0x7f2a7c19c148
C 10
R
P 0x7f2a7c191628
C 342
R
P 0x7f2a7c191628
P 0x7f2a7c19fa08
C 10
R
P 0x7f2a7c191628
C 342
R
P 0x7f2a7c191628
P 0x7f2a7c19bcc8
C 10
R
P 0x7f2a7c191628
C 342
R
P 0x7f2a7c191628
P 0x7f2a7c487fd0
C 10
R
P 0x7f2a7c191628
C 342
R
P 0x7f2a7c191628
P 0x7f2a7c19bfc8
C 10
R
P 0x7f2a7c191628
C 342
R
P 0x7f2a7c191628
P 0x7f2a7c19fa48
C 10
R
P 0x7f2a7c191628
C 342
R
P 0x7f2a7c191628
P 0x7f2a7c19bc88
C 10
R
P 0x7f2a7c191628
C 342
R
P 0x7f2a7c191628
P 0x7f2a7c479578
C 10
R
P 0x7f2a7c191628
C 342
R
P 0x7f2a7c191628
P 0x7f2a7c19c028
C 10
R
P 0x7f2a7c191628
C 342
R
P 0x7f2a7c191628
P 0x7f2a7c487208
C 10
R
P 0x7f2a7c191628
C 342
R
P 0x7f2a7c191628
P 0x7f2a7c476188
C 10
R
P 0x7f2a7c191628
C 342
R
P 0x7f2a7c191628
P 0x7f2a7c19bc88
C 10
R
P 0x7f2a7c191628
C 342
R
P 0x7f2a7c191628
P 0x7f2a7c1a20e0
C 10
R
P 0x7f2a7c191628
C 342
R
P 0x7f2a7c191628
P 0x7f2a7c488270
C 10
R
P 0x7f2a7c191628
C 342
R
P 0x7f2a7c191628
P 0x7f2a7c19c2a8
C 10
R
P 0x7f2a7c191628
C 342
R
P 0x7f2a7c191628
P 0x7f2a7c19bc88
C 10
R
P 0x7f2a7c191628
C 342
R
P 0x7f2a7c191628
P 0x7f2a7c19bc88
C 10
R
P 0x7f2a7c191628
C 342
R
P 0x7f2a7c191628
P 0x7f2a7c19c028
C 10
R
P 0x7f2a7c191628
C 342
R
P 0x7f2a7c191628
P 0x7f2a7c19c0e8
C 10
R
P 0x7f2a7c191628
C 342
R
P 0x7f2a7c191628
P 0x7f2a7c19bc88
C 10
R
P 0x7f2a7c191628
C 342
R
P 0x7f2a7c191628
P 0x7f2a7c4873c8
C 10
R
P 0x7f2a7c191628
C 342
R
P 0x7f2a7c191628
P 0x7f2a7c19c1c8
C 10
R
P 0x7f2a7c191628
C 342
R
P 0x7f2a7c191628
P 0x7f2a7c1a17b0
C 10
R
P 0x7f2a7c191628
C 342
R
P 0x7f2a7c191628
P 0x7f2a7c479d58
C 10
R
P 0x7f2a7c191628
C 342
R
P 0x7f2a7c191628
P 0x7f2a7c487048
C 10
R
P 0x7f2a7c191628
C 342
R
P 0x7f2a7c191628
P 0x7f2a7c19c1a8
C 10
R
P 0x7f2a7c191628
C 342
R
P 0x7f2a7c191628
P 0x7f2a7c488158
C 10
R
P 0x7f2a7c191628
C 342
R
P 0x7f2a7c191628
P 0x7f2a7c19c0e8
C 10
R
P 0x7f2a7c191628
C 342
R
P 0x7f2a7c191628
P 0x7f2a7c19bcc8
C 10
R
P 0x7f2a7c191628
C 342
R
P 0x7f2a7c191628
P 0x7f2a7c488190
C 10
R
P 0x7f2a7c191628
C 342
R
P 0x7f2a7c191628
P 0x7f2a7c19f9c8
C 10
R
P 0x7f2a7c191628
C 342
R
P 0x7f2a7c191628
P 0x7f2a7c19c148
C 10
R
P 0x7f2a7c191628
C 342
R
P 0x7f2a7c191628
P 0x7f2a7c19bc88
C 10
R
P 0x7f2a7c191628
C 342
R
P 0x7f2a7c191628
P 0x7f2a7c475548
C 10
R
P 0x7f2a7c191628
C 342
R
P 0x7f2a7c191628
P 0x7f2a7c19bc88
C 10
R
P 0x7f2a7c191628
C 342
R
P 0x7f2a7c191628
P 0x7f2a7c1a1e78
C 10
R
P 0x7f2a7c191628
C 342
R
P 0x7f2a7c191628
P 0x7f2a7c487978
C 10
R
P 0x7f2a7c191628
C 342
R
P 0x7f2a7c191628
P 0x7f2a7c4877f0
C 10
R
P 0x7f2a7c191628
C 342
R
P 0x7f2a7c191628
P 0x7f2a7c487ba8
C 10
R
P 0x7f2a7c191628
C 342
R
P 0x7f2a7c191628
P 0x7f2a7c19c248
C 10
R
P 0x7f2a7c191628
C 342
R
P 0x7f2a7c191628
P 0x7f2a7c19c148
C 10
R
P 0x7f2a7c191628
C 342
R
P 0x7f2a7c191628
P 0x7f2a7c19bd08
C 10
R
P 0x7f2a7c191628
C 342
R
P 0x7f2a7c191628
P 0x7f2a7c487240
C 10
R
P 0x7f2a7c191628
C 342
R
P 0x7f2a7c191628
P 0x7f2a7c19e428
C 10
R
P 0x7f2a7c191628
C 342
R
P 0x7f2a7c191628
P 0x7f2a7c19bd08
C 10
R
P 0x7f2a7c191628
C 342
R
P 0x7f2a7c191628
P 0x7f2a7c19c268
C 10
R
P 0x7f2a7c191628
C 342
R
P 0x7f2a7c191628
P 0x7f2a7c19f988
C 10
R
P 0x7f2a7c191628
C 342
R
P 0x7f2a7c191628
P 0x7f2a7c2cc8f8
C 10
R
P 0x7f2a7c191628
C 342
R
P 0x7f2a7c191628
P 0x7f2a7c1a2460
C 10
R
P 0x7f2a7c191628
C 342
R
P 0x7f2a7c191628
P 0x7f2a7c19bc88
C 10
R
P 0x7f2a7c191628
C 342
R
P 0x7f2a7c191628
P 0x7f2a7c19bc88
C 10
R
P 0x7f2a7c191628
C 342
R
P 0x7f2a7c191628
P 0x7f2a7c1a1970
C 10
R
P 0x7f2a7c191628
C 342
R
P 0x7f2a7c191628
P 0x7f2a7c19bfc8
C 10
R
P 0x7f2a7c191628
C 342
R
P 0x7f2a7c191628
P 0x7f2a7c48b618
C 10
R
P 0x7f2a7c191628
C 342
R
P 0x7f2a7c191628
P 0x7f2a7c19bc88
C 10
R
P 0x7f2a7c191628
C 342
R
P 0x7f2a7c191628
P 0x7f2a7c19c0a8
C 10
R
P 0x7f2a7c191628
C 342
R
P 0x7f2a7c191628
P 0x7f2a7c19fb08
C 10
R
P 0x7f2a7c191628
C 342
R
P 0x7f2a7c191628
P 0x7f2a7c19c1e8
C 10
R
P 0x7f2a7c191628
C 342
R
P 0x7f2a7c191628
P 0x7f2a7c19bcc8
C 10
R
P 0x7f2a7c191628
C 342
R
P 0x7f2a7c191628
P 0x7f2a7c19bc88
C 10
R
P 0x7f2a7c191628
C 342
R
P 0x7f2a7c191628
P 0x7f2a7c19bc88
C 10
R
P 0x7f2a7c191628
C 342
R
P 0x7f2a7c191628
P 0x7f2a7c19c028
C 10
R
P 0x7f2a7c191628
C 342
R
P 0x7f2a7c191628
P 0x7f2a7c19c1e8
C 10
R
P 0x7f2a7c191628
C 342
R
P 0x7f2a7c191628
P 0x7f2a7c19bc88
C 10
R
P 0x7f2a7c191628
C 342
R
P 0x7f2a7c191628
P 0x7f2a7c487438
C 10
R
P 0x7f2a7c191628
C 342
R
P 0x7f2a7c191628
P 0x7f2a7c488158
C 10
R
P 0x7f2a7c191628
C 342
R
P 0x7f2a7c191628
P 0x7f2a7c48d7b0
C 10
R
P 0x7f2a7c191628
C 342
R
P 0x7f2a7c191628
P 0x7f2a7c19f948
C 10
R
P 0x7f2a7c191628
C 342
R
P 0x7f2a7c191628
P 0x7f2a7c19c1a8
C 10
R
P 0x7f2a7c191628
C 342
R
P 0x7f2a7c191628
P 0x7f2a7c487c88
C 10
R
P 0x7f2a7c191628
C 342
R
P 0x7f2a7c191628
P 0x7f2a7c19c2a8
C 10
R
P 0x7f2a7c191628
C 342
R
P 0x7f2a7c191628
P 0x7f2a7c19c268
C 10
R
P 0x7f2a7c191628
C 342
R
P 0x7f2a7c191628
P 0x7f2a7c19bcc8
C 10
R
P 0x7f2a7c191628
C 342
R
P 0x7f2a7c191628
P 0x7f2a7c487ba8
C 10
R
P 0x7f2a7c191628
C 342
R
P 0x7f2a7c191628
P 0x7f2a7c19bc88
C 10
R
P 0x7f2a7c191628
C 342
R
P 0x7f2a7c191628
P 0x7f2a7c4873c8
C 10
R
P 0x7f2a7c191628
C 342
R
P 0x7f2a7c191628
P 0x7f2a7c488200
C 10
R
P 0x7f2a7c191628
C 342
R
P 0x7f2a7c191628
P 0x7f2a7c19c268
C 10
R
P 0x7f2a7c191628
C 342
R
P 0x7f2a7c191628
P 0x7f2a7c487208
C 10
R
P 0x7f2a7c191628
C 342
R
P 0x7f2a7c191628
P 0x7f2a7c487278
C 10
R
P 0x7f2a7c191628
C 342
R
P 0x7f2a7c191628
P 0x7f2a7c19c0e8
C 10
R
P 0x7f2a7c191628
C 342
R
P 0x7f2a7c191628
P 0x7f2a7c19c168
C 10
R
P 0x7f2a7c191628
C 342
R
P 0x7f2a7c191628
P 0x7f2a7c19c108
C 10
R
P 0x7f2a7c191628
C 342
R
P 0x7f2a7c191628
P 0x7f2a7c19bfc8
C 10
R
P 0x7f2a7c191628
C 342
R
P 0x7f2a7c191628
P 0x7f2a7c1a2498
C 10
R
P 0x7f2a7c191628
C 342
R
P 0x7f2a7c191628
P 0x7f2a7c1a17b0
C 10
R
P 0x7f2a7c191628
C 342
R
P 0x7f2a7c191628
P 0x7f2a7c19c0e8
C 10
R
P 0x7f2a7c191628
C 342
R
P 0x7f2a7c191628
P 0x7f2a7c4872b0
C 10
R
P 0x7f2a7c191628
C 342
R
P 0x7f2a7c191628
P 0x7f2a7c4767e0
C 10
R
P 0x7f2a7c191628
C 342
R
P 0x7f2a7c191628
P 0x7f2a7c19bb28
C 10
R
P 0x7f2a7c191628
C 342
R
P 0x7f2a7c191628
P 0x7f2a7c1a1778
C 10
R
P 0x7f2a7c191628
C 342
R
P 0x7f2a7c191628
P 0x7f2a7c19c1c8
C 10
R
P 0x7f2a7c191628
C 342
R
P 0x7f2a7c191628
P 0x7f2a7c19bc88
C 10
R
P 0x7f2a7c191628
C 342
R
P 0x7f2a7c191628
P 0x7f2a7c19bcc8
C 10
R
P 0x7f2a7c191628
C 342
R
P 0x7f2a7c191628
P 0x7f2a7c19bf88
C 10
R
P 0x7f2a7c191628
C 342
R
P 0x7f2a7c191628
P 0x7f2a7c19fa08
C 10
R
P 0x7f2a7c191628
C 342
R
P 0x7f2a7c191628
P 0x7f2a7c19c108
C 10
R
P 0x7f2a7c191628
C 342
R
P 0x7f2a7c191628
P 0x7f2a7c487010
C 10
R
P 0x7f2a7c191628
C 342
R
P 0x7f2a7c191628
P 0x7f2a7c19c188
C 10
R
P 0x7f2a7c191628
C 342
R
P 0x7f2a7c191628
P 0x7f2a7c4888b0
C 10
R
P 0x7f2a7c191628
C 342
R
P 0x7f2a7c191628
P 0x7f2a7c19c248
C 10
R
P 0x7f2a7c191628
C 342
R
P 0x7f2a7c191628
P 0x7f2a7c19c0e8
C 10
R
P 0x7f2a7c191628
C 342
R
P 0x7f2a7c191628
P 0x7f2a7c475430
C 10
R
P 0x7f2a7c191628
C 342
R
P 0x7f2a7c191628
P 0x7f2a7c479188
C 10
R
P 0x7f2a7c191628
C 342
R
P 0x7f2a7c191628
P 0x7f2a7c19bc88
C 10
R
P 0x7f2a7c191628
C 342
R
P 0x7f2a7c191628
P 0x7f2a7c19bf88
C 10
R
P 0x7f2a7c191628
C 342
R
P 0x7f2a7c191628
P 0x7f2a7c489de8
C 10
R
P 0x7f2a7c191628
C 342
R
P 0x7f2a7c191628
P 0x7f2a7c19c148
C 10
R
P 0x7f2a7c191628
C 342
R
P 0x7f2a7c191628
P 0x7f2a7c487978
C 10
R
P 0x7f2a7c191628
C 342
R
P 0x7f2a7c191628
P 0x7f2a7c19bfc8
C 10
R
P 0x7f2a7c191628
C 342
R
P 0x7f2a7c191628
P 0x7f2a7c48a168
C 10
R
P 0x7f2a7c191628
C 342
R
P 0x7f2a7c191628
P 0x7f2a7c19bc88
C 10
R
P 0x7f2a7c191628
C 342
R
P 0x7f2a7c191628
P 0x7f2a7c19bd08
C 10
R
P 0x7f2a7c191628
C 342
R
P 0x7f2a7c191628
P 0x7f2a7c19c048
C 10
R
P 0x7f2a7c191628
C 342
R
P 0x7f2a7c191628
P 0x7f2a7c19c148
C 10
R
P 0x7f2a7c191628
C 342
R
P 0x7f2a7c191628
P 0x7f2a7c19bf48
C 10
R
P 0x7f2a7c191628
C 342
R
P 0x7f2a7c191628
P 0x7f2a7c19bc88
C 10
R
P 0x7f2a7c191628
C 342
R
P 0x7f2a7c191628
P 0x7f2a7c487a58
C 10
R
P 0x7f2a7c191628
C 342
R
P 0x7f2a7c191628
P 0x7f2a7c1a25e8
C 10
R
P 0x7f2a7c191628
C 342
R
P 0x7f2a7c191628
P 0x7f2a7c48e150
C 10
R
P 0x7f2a7c191628
C 342
R
P 0x7f2a7c191628
P 0x7f2a7c19bc88
C 10
R
P 0x7f2a7c191628
C 342
R
P 0x7f2a7c191628
P 0x7f2a7c19bc88
C 10
R
P 0x7f2a7c191628
C 342
R
P 0x7f2a7c191628
P 0x7f2a7c19c088
C 10
R
P 0x7f2a7c191628
C 342
R
P 0x7f2a7c191628
P 0x7f2a7c486fa0
C 10
R
P 0x7f2a7c191628
C 342
R
P 0x7f2a7c191628
P 0x7f2a7c1a1778
C 10
R
P 0x7f2a7c191628
C 342
R
P 0x7f2a7c191628
P 0x7f2a7c1a2620
C 10
R
P 0x7f2a7c191628
C 342
R
P 0x7f2a7c191628
P 0x7f2a7c1a20a8
C 10
R
P 0x7f2a7c191628
C 342
R
P 0x7f2a7c191628
P 0x7f2a7c1a1858
C 10
R
P 0x7f2a7c191628
C 342
R
P 0x7f2a7c191628
P 0x7f2a7c486fd8
C 10
R
P 0x7f2a7c191628
C 342
R
P 0x7f2a7c191628
P 0x7f2a7c1a1890
C 10
R
P 0x7f2a7c191628
C 342
R
P 0x7f2a7c191628
P 0x7f2a7c19bc88
C 10
R
P 0x7f2a7c191628
C 342
R
P 0x7f2a7c191628
P 0x7f2a7c1a1820
C 10
R
P 0x7f2a7c191628
C 342
R
P 0x7f2a7c191628
P 0x7f2a7c487208
C 10
R
P 0x7f2a7c191628
C 342
R
P 0x7f2a7c191628
P 0x7f2a7c19c268
C 10
R
P 0x7f2a7c191628
C 342
R
P 0x7f2a7c191628
P 0x7f2a7c19c148
C 10
R
P 0x7f2a7c191628
C 342
R
P 0x7f2a7c191628
P 0x7f2a7c1a21f8
C 10
R
P 0x7f2a7c191628
C 342
R
P 0x7f2a7c191628
P 0x7f2a7c487c50
C 10
R
P 0x7f2a7c191628
C 342
R
P 0x7f2a7c191628
P 0x7f2a7c487390
C 10
R
P 0x7f2a7c191628
C 342
R
P 0x7f2a7c191628
P 0x7f2a7c19bc88
C 10
R
P 0x7f2a7c191628
C 342
R
P 0x7f2a7c191628
P 0x7f2a7c19bc88
C 10
R
P 0x7f2a7c191628
C 342
R
P 0x7f2a7c191628
P 0x7f2a7c19bd08
C 10
R
P 0x7f2a7c191628
C 342
R
P 0x7f2a7c191628
P 0x7f2a7c1a25e8
C 10
R
P 0x7f2a7c191628
C 342
R
P 0x7f2a7c191628
P 0x7f2a7c19c268
C 10
R
P 0x7f2a7c191628
C 342
R
P 0x7f2a7c191628
P 0x7f2a7c487240
C 10
R
P 0x7f2a7c191628
C 342
R
P 0x7f2a7c191628
P 0x7f2a7c19bfe8
C 10
R
P 0x7f2a7c191628
C 342
R
P 0x7f2a7c191628
P 0x7f2a7c1a2658
C 10
R
P 0x7f2a7c191628
C 342
R
P 0x7f2a7c191628
P 0x7f2a7c1a2a48
C 10
R
P 0x7f2a7c191628
C 342
R
P 0x7f2a7c191628
P 0x7f2a7c4794d0
C 10
R
P 0x7f2a7c191628
C 342
R
P 0x7f2a7c191628
P 0x7f2a7c489330
C 10
R
P 0x7f2a7c191628
C 342
R
P 0x7f2a7c191628
P 0x7f2a7c1a21f8
C 10
R
P 0x7f2a7c191628
C 342
R
P 0x7f2a7c191628
P 0x7f2a7c19c148
C 10
R
P 0x7f2a7c191628
C 342
R
P 0x7f2a7c191628
P 0x7f2a7c1a1938
C 10
R
P 0x7f2a7c191628
C 342
R
P 0x7f2a7c191628
P 0x7f2a7c4759e0
C 10
R
P 0x7f2a7c191628
C 342
R
P 0x7f2a7c191628
P 0x7f2a7c19c228
C 10
R
P 0x7f2a7c191628
C 342
R
P 0x7f2a7c191628
P 0x7f2a7c1a1ee8
C 10
R
P 0x7f2a7c191628
C 342
R
P 0x7f2a7c191628
P 0x7f2a7c488158
C 10
R
P 0x7f2a7c191628
C 342
R
P 0x7f2a7c191628
P 0x7f2a7c487be0
C 10
R
P 0x7f2a7c191628
C 342
R
P 0x7f2a7c191628
P 0x7f2a7c19dc48
C 10
R
P 0x7f2a7c191628
C 342
R
P 0x7f2a7c191628
P 0x7f2a7c489a30
C 10
R
P 0x7f2a7c191628
C 342
R
P 0x7f2a7c191628
P 0x7f2a7c19c048
C 10
R
P 0x7f2a7c191628
C 342
R
P 0x7f2a7c191628
P 0x7f2a7c487b70
C 10
R
P 0x7f2a7c191628
C 342
R
P 0x7f2a7c191628
P 0x7f2a7c2cc1f8
C 10
R
P 0x7f2a7c191628
C 342
R
P 0x7f2a7c191628
P 0x7f2a7c487438
C 10
R
P 0x7f2a7c191628
C 342
R
P 0x7f2a7c191628
P 0x7f2a7c19bc88
C 10
R
P 0x7f2a7c191628
C 342
R
P 0x7f2a7c191628
P 0x7f2a7c19c0e8
C 10
R
P 0x7f2a7c191628
C 342
R
P 0x7f2a7c191628
P 0x7f2a7c1a1938
C 10
R
P 0x7f2a7c191628
C 342
R
P 0x7f2a7c191628
P 0x7f2a7c48d2e0
C 10
R
P 0x7f2a7c191628
C 342
R
P 0x7f2a7c191628
P 0x7f2a7c19bc88
C 10
R
P 0x7f2a7c191628
C 342
R
P 0x7f2a7c191628
P 0x7f2a7c19c0c8
C 10
R
P 0x7f2a7c191628
C 342
R
P 0x7f2a7c191628
P 0x7f2a7c19bd08
C 10
R
P 0x7f2a7c191628
C 342
R
P 0x7f2a7c191628
P 0x7f2a7c489b10
C 10
R
P 0x7f2a7c191628
C 342
R
P 0x7f2a7c191628
P 0x7f2a7c488270
C 10
R
P 0x7f2a7c191628
C 342
R
P 0x7f2a7c191628
P 0x7f2a7c19bc88
C 10
R
P 0x7f2a7c191628
C 342
R
P 0x7f2a7c191628
P 0x7f2a7c19c008
C 10
R
P 0x7f2a7c191628
C 342
R
P 0x7f2a7c191628
P 0x7f2a7c487c18
C 10
R
P 0x7f2a7c191628
C 342
R
P 0x7f2a7c191628
P 0x7f2a7c19e5a8
C 10
R
P 0x7f2a7c191628
C 342
R
P 0x7f2a7c191628
P 0x7f2a7c19c048
C 10
R
P 0x7f2a7c191628
C 342
R
P 0x7f2a7c191628
P 0x7f2a7c19bc88
C 10
R
P 0x7f2a7c191628
C 342
R
P 0x7f2a7c191628
P 0x7f2a7c19bb88
C 10
R
P 0x7f2a7c191628
C 342
R
P 0x7f2a7c191628
P 0x7f2a7c19bc88
C 10
R
P 0x7f2a7c191628
C 342
R
P 0x7f2a7c191628
P 0x7f2a7c19bd08
C 10
R
P 0x7f2a7c191628
C 342
R
P 0x7f2a7c191628
P 0x7f2a7c19c028
C 10
R
P 0x7f2a7c191628
C 342
R
P 0x7f2a7c191628
P 0x7f2a7c19c1c8
C 10
R
P 0x7f2a7c191628
C 342
R
P 0x7f2a7c191628
P 0x7f2a7c487010
C 10
R
P 0x7f2a7c191628
C 342
R
P 0x7f2a7c191628
P 0x7f2a7c2ccaf0
C 10
R
P 0x7f2a7c191628
C 342
R
P 0x7f2a7c191628
P 0x7f2a7c19bc88
C 10
R
P 0x7f2a7c191628
C 342
R
P 0x7f2a7c191628
P 0x7f2a7c473708
C 10
R
P 0x7f2a7c191628
C 342
R
P 0x7f2a7c191628
P 0x7f2a7c488078
C 10
R
P 0x7f2a7c191628
C 342
R
P 0x7f2a7c191628
P 0x7f2a7c4881c8
C 10
R
P 0x7f2a7c191628
C 342
R
P 0x7f2a7c191628
P 0x7f2a7c19bd08
C 10
R
P 0x7f2a7c191628
C 342
R
P 0x7f2a7c191628
P 0x7f2a7c1a1e08
C 10
R
P 0x7f2a7c191628
C 342
R
P 0x7f2a7c191628
P 0x7f2a7c487048
C 10
R
P 0x7f2a7c191628
C 342
R
P 0x7f2a7c191628
P 0x7f2a7c487208
C 10
R
P 0x7f2a7c191628
C 342
R
P 0x7f2a7c191628
P 0x7f2a7c1a1820
C 10
R
P 0x7f2a7c191628
C 342
R
P 0x7f2a7c191628
P 0x7f2a7c19c148
C 10
R
P 0x7f2a7c191628
C 342
R
P 0x7f2a7c191628
P 0x7f2a7c479428
C 10
R
P 0x7f2a7c191628
C 342
R
P 0x7f2a7c191628
P 0x7f2a7c19bf48
C 10
R
P 0x7f2a7c191628
C 342
R
P 0x7f2a7c191628
P 0x7f2a7c19c148
C 10
R
P 0x7f2a7c191628
C 342
R
P 0x7f2a7c191628
P 0x7f2a7c4763f0
C 10
R
P 0x7f2a7c191628
C 342
R
P 0x7f2a7c191628
P 0x7f2a7c487208
C 10
R
P 0x7f2a7c191628
C 342
R
P 0x7f2a7c191628
P 0x7f2a7c489870
C 10
R
P 0x7f2a7c191628
C 342
R
P 0x7f2a7c191628
P 0x7f2a7c487da0
C 10
R
P 0x7f2a7c191628
C 342
R
P 0x7f2a7c191628
P 0x7f2a7c487da0
C 10
R
P 0x7f2a7c191628
C 342
R
P 0x7f2a7c191628
P 0x7f2a7c487240
C 10
R
P 0x7f2a7c191628
C 342
R
P 0x7f2a7c191628
P 0x7f2a7c488548
C 10
R
P 0x7f2a7c191628
C 342
R
P 0x7f2a7c191628
P 0x7f2a7c48d388
C 10
R
P 0x7f2a7c191628
C 342
R
P 0x7f2a7c191628
P 0x7f2a7c487fd0
C 10
R
P 0x7f2a7c191628
C 342
R
P 0x7f2a7c191628
P 0x7f2a7c19c2a8
C 10
R
P 0x7f2a7c191628
C 342
R
P 0x7f2a7c191628
P 0x7f2a7c487da0
C 10
R
P 0x7f2a7c191628
C 342
R
P 0x7f2a7c191628
P 0x7f2a7c19bcc8
C 10
R
P 0x7f2a7c191628
C 342
R
P 0x7f2a7c191628
P 0x7f2a7c19bfe8
C 10
R
P 0x7f2a7c191628
C 342
R
P 0x7f2a7c191628
P 0x7f2a7c1a21f8
C 10
R
P 0x7f2a7c191628
C 342
R
P 0x7f2a7c191628
P 0x7f2a7c19e9f8
C 10
R
P 0x7f2a7c191628
C 342
R
P 0x7f2a7c191628
P 0x7f2a7c486fd8
C 10
R
P 0x7f2a7c191628
C 342
R
P 0x7f2a7c191628
P 0x7f2a7c19bfc8
C 10
R
P 0x7f2a7c191628
C 342
R
P 0x7f2a7c191628
P 0x7f2a7c19c268
C 10
R
P 0x7f2a7c191628
C 342
R
P 0x7f2a7c191628
P 0x7f2a7c2cbc80
C 10
R
P 0x7f2a7c191628
C 342
R
P 0x7f2a7c191628
P 0x7f2a7c19e638
C 10
R
P 0x7f2a7c191628
C 342
R
P 0x7f2a7c191628
P 0x7f2a7c19c0a8
C 10
R
P 0x7f2a7c191628
C 342
R
P 0x7f2a7c191628
P 0x7f2a7c487470
C 10
R
P 0x7f2a7c191628
C 342
R
P 0x7f2a7c191628
P 0x7f2a7c19f948
C 10
R
P 0x7f2a7c191628
C 342
R
P 0x7f2a7c191628
P 0x7f2a7c478318
C 10
R
P 0x7f2a7c191628
C 342
R
P 0x7f2a7c191628
P 0x7f2a7c1a20a8
C 10
R
P 0x7f2a7c191628
C 342
R
P 0x7f2a7c191628
P 0x7f2a7c19bfc8
C 10
R
P 0x7f2a7c191628
C 342
R
P 0x7f2a7c191628
P 0x7f2a7c4879e8
C 10
R
P 0x7f2a7c191628
C 342
R
P 0x7f2a7c191628
P 0x7f2a7c19bc88
C 10
R
P 0x7f2a7c191628
C 342
R
P 0x7f2a7c191628
P 0x7f2a7c487748
C 10
R
P 0x7f2a7c191628
C 342
R
P 0x7f2a7c191628
P 0x7f2a7c19c2a8
C 10
R
P 0x7f2a7c191628
C 342
R
P 0x7f2a7c191628
P 0x7f2a7c19c0c8
C 10
R
P 0x7f2a7c191628
C 342
R
P 0x7f2a7c191628
P 0x7f2a7c1a2f18
C 10
R
P 0x7f2a7c191628
C 342
R
P 0x7f2a7c191628
P 0x7f2a7c19f888
C 10
R
P 0x7f2a7c191628
C 342
R
P 0x7f2a7c191628
P 0x7f2a7c19c0e8
C 10
R
P 0x7f2a7c191628
C 342
R
P 0x7f2a7c191628
P 0x7f2a7c487048
C 10
R
P 0x7f2a7c191628
C 342
R
P 0x7f2a7c191628
P 0x7f2a7c2cc070
C 10
R
P 0x7f2a7c191628
C 342
R
P 0x7f2a7c191628
P 0x7f2a7c19bc88
C 10
R
P 0x7f2a7c191628
C 342
R
P 0x7f2a7c191628
P 0x7f2a7c19c1e8
C 10
R
P 0x7f2a7c191628
C 342
R
P 0x7f2a7c191628
P 0x7f2a7c487908
C 10
R
P 0x7f2a7c191628
C 342
R
P 0x7f2a7c191628
P 0x7f2a7c48c258
C 10
R
P 0x7f2a7c191628
C 342
R
P 0x7f2a7c191628
P 0x7f2a7c19c2a8
C 10
R
P 0x7f2a7c191628
C 342
R
P 0x7f2a7c191628
P 0x7f2a7c487278
C 10
R
P 0x7f2a7c191628
C 342
R
P 0x7f2a7c191628
P 0x7f2a7c1a1890
C 10
R
P 0x7f2a7c191628
C 342
R
P 0x7f2a7c191628
P 0x7f2a7c19fa88
C 10
R
P 0x7f2a7c191628
C 342
R
P 0x7f2a7c191628
P 0x7f2a7c19bc88
C 10
R
P 0x7f2a7c191628
C 342
R
P 0x7f2a7c191628
P 0x7f2a7c487da0
C 10
R
P 0x7f2a7c191628
C 342
R
P 0x7f2a7c191628
P 0x7f2a7c1a1e08
C 10
R
P 0x7f2a7c191628
C 342
R
P 0x7f2a7c191628
P 0x7f2a7c19c028
C 10
R
P 0x7f2a7c191628
C 342
R
P 0x7f2a7c191628
P 0x7f2a7c487240
C 10
R
P 0x7f2a7c191628
C 342
R
P 0x7f2a7c191628
P 0x7f2a7c1a17e8
C 10
R
P 0x7f2a7c191628
C 342
R
P 0x7f2a7c191628
P 0x7f2a7c19bfc8
C 10
R
P 0x7f2a7c191628
C 342
R
P 0x7f2a7c191628
P 0x7f2a7c487f98
C 10
R
P 0x7f2a7c191628
C 342
R
P 0x7f2a7c191628
P 0x7f2a7c19c048
C 10
R
P 0x7f2a7c191628
C 342
R
P 0x7f2a7c191628
P 0x7f2a7c1a1890
C 10
R
P 0x7f2a7c191628
C 342
R
P 0x7f2a7c191628
P 0x7f2a7c473558
C 10
R
P 0x7f2a7c191628
C 342
R
P 0x7f2a7c191628
P 0x7f2a7c486fa0
C 10
R
P 0x7f2a7c191628
C 342
R
P 0x7f2a7c191628
P 0x7f2a7c19bc88
C 10
R
P 0x7f2a7c191628
C 342
R
P 0x7f2a7c191628
P 0x7f2a7c19c088
C 10
R
P 0x7f2a7c191628
C 342
R
P 0x7f2a7c191628
P 0x7f2a7c4872b0
C 10
R
P 0x7f2a7c191628
C 342
R
P 0x7f2a7c191628
P 0x7f2a7c488190
C 10
R
P 0x7f2a7c191628
C 342
R
P 0x7f2a7c191628
P 0x7f2a7c19f088
C 10
R
P 0x7f2a7c191628
C 342
R
P 0x7f2a7c191628
P 0x7f2a7c19c1a8
C 10
R
P 0x7f2a7c191628
C 342
R
P 0x7f2a7c191628
P 0x7f2a7c19c088
C 10
R
P 0x7f2a7c191628
C 342
R
P 0x7f2a7c191628
P 0x7f2a7c487908
C 10
R
P 0x7f2a7c191628
C 342
R
P 0x7f2a7c191628
P 0x7f2a7c1a2498
C 10
R
P 0x7f2a7c191628
C 342
R
P 0x7f2a7c191628
P 0x7f2a7c487438
C 10
R
P 0x7f2a7c191628
C 342
R
P 0x7f2a7c191628
P 0x7f2a7c1a17b0
C 10
R
P 0x7f2a7c191628
C 342
R
P 0x7f2a7c191628
P 0x7f2a7c19bcc8
C 10
R
P 0x7f2a7c191628
C 342
R
P 0x7f2a7c191628
P 0x7f2a7c1a1af8
C 10
R
P 0x7f2a7c191628
C 342
R
P 0x7f2a7c191628
P 0x7f2a7c19bfe8
C 10
R
P 0x7f2a7c191628
C 342
R
P 0x7f2a7c191628
P 0x7f2a7c19bfc8
C 10
R
P 0x7f2a7c191628
C 342
R
P 0x7f2a7c191628
P 0x7f2a7c487978
C 10
R
P 0x7f2a7c191628
C 342
R
P 0x7f2a7c191628
P 0x7f2a7c19bc88
C 10
R
P 0x7f2a7c191628
C 342
R
P 0x7f2a7c191628
P 0x7f2a7c4789a8
C 10
R
P 0x7f2a7c191628
C 342
R
P 0x7f2a7c191628
P 0x7f2a7c4765b0
C 10
R
P 0x7f2a7c191628
C 342
R
P 0x7f2a7c191628
P 0x7f2a7c487048
C 10
R
P 0x7f2a7c191628
C 342
R
P 0x7f2a7c191628
P 0x7f2a7c1a1890
C 10
R
P 0x7f2a7c191628
C 342
R
P 0x7f2a7c191628
P 0x7f2a7c487f98
C 10
R
P 0x7f2a7c191628
C 342
R
P 0x7f2a7c191628
P 0x7f2a7c4873c8
C 10
R
P 0x7f2a7c191628
C 342
R
P 0x7f2a7c191628
P 0x7f2a7c19c048
C 10
R
P 0x7f2a7c191628
C 342
R
P 0x7f2a7c191628
P 0x7f2a7c487b70
C 10
R
P 0x7f2a7c191628
C 342
R
P 0x7f2a7c191628
P 0x7f2a7c4873c8
C 10
R
P 0x7f2a7c191628
C 342
R
P 0x7f2a7c191628
P 0x7f2a7c19bc88
C 10
R
P 0x7f2a7c191628
C 342
R
P 0x7f2a7c191628
P 0x7f2a7c19bc88
C 10
R
P 0x7f2a7c191628
C 342
R
P 0x7f2a7c191628
P 0x7f2a7c478a18
C 10
R
P 0x7f2a7c191628
C 342
R
P 0x7f2a7c191628
P 0x7f2a7c48d040
C 10
R
P 0x7f2a7c191628
C 342
R
P 0x7f2a7c191628
P 0x7f2a7c19c268
C 10
R
P 0x7f2a7c191628
C 342
R
P 0x7f2a7c191628
P 0x7f2a7c1a2150
C 10
R
P 0x7f2a7c191628
C 342
R
P 0x7f2a7c191628
P 0x7f2a7c19c088
C 10
R
P 0x7f2a7c191628
C 342
R
P 0x7f2a7c191628
P 0x7f2a7c487278
C 10
R
P 0x7f2a7c191628
C 342
R
P 0x7f2a7c191628
P 0x7f2a7c19fac8
C 10
R
P 0x7f2a7c191628
C 342
R
P 0x7f2a7c191628
P 0x7f2a7c487d68
C 10
R
P 0x7f2a7c191628
C 342
R
P 0x7f2a7c191628
P 0x7f2a7c4872e8
C 10
R
P 0x7f2a7c191628
C 342
R
P 0x7f2a7c191628
P 0x7f2a7c19bf48
C 10
R
P 0x7f2a7c191628
C 342
R
P 0x7f2a7c191628
P 0x7f2a7c487080
C 10
R
P 0x7f2a7c191628
C 342
R
P 0x7f2a7c191628
P 0x7f2a7c487278
C 10
R
P 0x7f2a7c191628
C 342
R
P 0x7f2a7c191628
P 0x7f2a7c19bc88
C 10
R
P 0x7f2a7c191628
C 342
R
P 0x7f2a7c191628
P 0x7f2a7c487f60
C 10
R
P 0x7f2a7c191628
C 342
R
P 0x7f2a7c191628
P 0x7f2a7c1a1890
C 10
R
P 0x7f2a7c191628
C 342
R
P 0x7f2a7c191628
P 0x7f2a7c19c0e8
C 10
R
P 0x7f2a7c191628
C 342
R
P 0x7f2a7c191628
P 0x7f2a7c19bfc8
C 10
R
P 0x7f2a7c191628
C 342
R
P 0x7f2a7c191628
P 0x7f2a7c1a1890
C 10
R
P 0x7f2a7c191628
C 342
R
P 0x7f2a7c191628
P 0x7f2a7c19c148
C 10
R
P 0x7f2a7c191628
C 342
R
P 0x7f2a7c191628
P 0x7f2a7c19bc88
C 10
R
P 0x7f2a7c191628
C 342
R
P 0x7f2a7c191628
P 0x7f2a7c487048
C 10
R
P 0x7f2a7c191628
C 342
R
P 0x7f2a7c191628
P 0x7f2a7c4873c8
C 10
R
P 0x7f2a7c191628
C 342
R
P 0x7f2a7c191628
P 0x7f2a7c48a1a0
C 10
R
P 0x7f2a7c191628
C 342
R
P 0x7f2a7c191628
P 0x7f2a7c19c268
C 10
R
P 0x7f2a7c191628
C 342
R
P 0x7f2a7c191628
P 0x7f2a7c486fa0
C 10
R
P 0x7f2a7c191628
C 342
R
P 0x7f2a7c191628
P 0x7f2a7c487ba8
C 10
R
P 0x7f2a7c191628
C 342
R
P 0x7f2a7c191628
P 0x7f2a7c19bc88
C 10
R
P 0x7f2a7c191628
C 342
R
P 0x7f2a7c191628
P 0x7f2a7c19f988
C 10
R
P 0x7f2a7c191628
C 342
R
P 0x7f2a7c191628
P 0x7f2a7c4888e8
C 10
R
P 0x7f2a7c191628
C 342
R
P 0x7f2a7c191628
P 0x7f2a7c19f988
C 10
R
P 0x7f2a7c191628
C 342
R
P 0x7f2a7c191628
P 0x7f2a7c19bc88
C 10
R
P 0x7f2a7c191628
C 342
R
P 0x7f2a7c191628
P 0x7f2a7c19c1c8
C 10
R
P 0x7f2a7c191628
C 342
R
P 0x7f2a7c191628
P 0x7f2a7c19c108
C 10
R
P 0x7f2a7c191628
C 342
R
P 0x7f2a7c191628
P 0x7f2a7c19fa08
C 10
R
P 0x7f2a7c191628
C 342
R
P 0x7f2a7c191628
P 0x7f2a7c1a1970
C 10
R
P 0x7f2a7c191628
C 342
R
P 0x7f2a7c191628
P 0x7f2a7c19bc88
C 10
R
P 0x7f2a7c191628
C 342
R
P 0x7f2a7c191628
P 0x7f2a7c19bfc8
C 10
R
P 0x7f2a7c191628
C 342
R
P 0x7f2a7c191628
P 0x7f2a7c19fb08
C 10
R
P 0x7f2a7c191628
C 342
R
P 0x7f2a7c191628
P 0x7f2a7c19c1a8
C 10
R
P 0x7f2a7c191628
C 342
R
P 0x7f2a7c191628
P 0x7f2a7c1a2f50
C 10
R
P 0x7f2a7c191628
C 342
R
P 0x7f2a7c191628
P 0x7f2a7c19c0e8
C 10
R
P 0x7f2a7c191628
C 342
R
P 0x7f2a7c191628
P 0x7f2a7c476000
C 10
R
P 0x7f2a7c191628
C 342
R
P 0x7f2a7c191628
P 0x7f2a7c19e518
C 10
R
P 0x7f2a7c191628
C 342
R
P 0x7f2a7c191628
P 0x7f2a7c486fa0
C 10
R
P 0x7f2a7c191628
C 342
R
P 0x7f2a7c191628
P 0x7f2a7c19bfe8
C 10
R
P 0x7f2a7c191628
C 342
R
P 0x7f2a7c191628
P 0x7f2a7c19c028
C 10
R
P 0x7f2a7c191628
C 342
R
P 0x7f2a7c191628
P 0x7f2a7c1a21f8
C 10
R
P 0x7f2a7c191628
C 342
R
P 0x7f2a7c191628
P 0x7f2a7c19fa88
C 10
R
P 0x7f2a7c191628
C 342
R
P 0x7f2a7c191628
P 0x7f2a7c487fd0
C 10
R
P 0x7f2a7c191628
C 342
R
P 0x7f2a7c191628
P 0x7f2a7c48aa48
C 10
R
P 0x7f2a7c191628
C 342
R
P 0x7f2a7c191628
P 0x7f2a7c48c4f8
C 10
R
P 0x7f2a7c191628
C 342
R
P 0x7f2a7c191628
P 0x7f2a7c486fa0
C 10
R
P 0x7f2a7c191628
C 342
R
P 0x7f2a7c191628
P 0x7f2a7c19c168
C 10
R
P 0x7f2a7c191628
C 342
R
P 0x7f2a7c191628
P 0x7f2a7c19bf68
C 10
R
P 0x7f2a7c191628
C 342
R
P 0x7f2a7c191628
P 0x7f2a7c19bc88
C 10
R
P 0x7f2a7c191628
C 342
R
P 0x7f2a7c191628
P 0x7f2a7c2cbcb8
C 10
R
P 0x7f2a7c191628
C 342
R
P 0x7f2a7c191628
P 0x7f2a7c19bc88
C 10
R
P 0x7f2a7c191628
C 342
R
P 0x7f2a7c191628
P 0x7f2a7c19bc88
C 10
R
P 0x7f2a7c191628
C 342
R
P 0x7f2a7c191628
P 0x7f2a7c19c028
C 10
R
P 0x7f2a7c191628
C 342
R
P 0x7f2a7c191628
P 0x7f2a7c4873c8
C 10
R
P 0x7f2a7c191628
C 342
R
P 0x7f2a7c191628
P 0x7f2a7c1a1778
C 10
R
P 0x7f2a7c191628
C 342
R
P 0x7f2a7c191628
P 0x7f2a7c19bc88
C 10
R
P 0x7f2a7c191628
C 342
R
P 0x7f2a7c191628
P 0x7f2a7c19c148
C 10
R
P 0x7f2a7c191628
C 342
R
P 0x7f2a7c191628
P 0x7f2a7c487dd8
C 10
R
P 0x7f2a7c191628
C 342
R
P 0x7f2a7c191628
P 0x7f2a7c19bc88
C 10
R
P 0x7f2a7c191628
C 342
R
P 0x7f2a7c191628
P 0x7f2a7c1a18c8
C 10
R
P 0x7f2a7c191628
C 342
R
P 0x7f2a7c191628
P 0x7f2a7c487da0
C 10
R
P 0x7f2a7c191628
C 342
R
P 0x7f2a7c191628
P 0x7f2a7c19bcc8
C 10
R
P 0x7f2a7c191628
C 342
R
P 0x7f2a7c191628
P 0x7f2a7c19c128
C 10
R
P 0x7f2a7c191628
C 342
R
P 0x7f2a7c191628
P 0x7f2a7c19bc88
C 10
R
P 0x7f2a7c191628
C 342
R
P 0x7f2a7c191628
P 0x7f2a7c19fb08
C 10
R
P 0x7f2a7c191628
C 342
R
P 0x7f2a7c191628
P 0x7f2a7c19fa08
C 10
R
P 0x7f2a7c191628
C 342
R
P 0x7f2a7c191628
P 0x7f2a7c19f948
C 10
R
P 0x7f2a7c191628
C 342
R
P 0x7f2a7c191628
P 0x7f2a7c487390
C 10
R
P 0x7f2a7c191628
C 342
R
P 0x7f2a7c191628
P 0x7f2a7c19fa88
C 10
R
P 0x7f2a7c191628
C 342
R
P 0x7f2a7c191628
P 0x7f2a7c19f888
C 10
R
P 0x7f2a7c191628
C 342
R
P 0x7f2a7c191628
P 0x7f2a7c19c148
C 10
R
P 0x7f2a7c191628
C 342
R
P 0x7f2a7c191628
P 0x7f2a7c19fa08
C 10
R
P 0x7f2a7c191628
C 342
R
P 0x7f2a7c191628
P 0x7f2a7c19bc88
C 10
R
P 0x7f2a7c191628
C 342
R
P 0x7f2a7c191628
P 0x7f2a7c19c028
C 10
R
P 0x7f2a7c191628
C 342
R
P 0x7f2a7c191628
P 0x7f2a7c19c0e8
C 10
R
P 0x7f2a7c191628
C 342
R
P 0x7f2a7c191628
P 0x7f2a7c19c1a8
C 10
R
P 0x7f2a7c191628
C 342
R
P 0x7f2a7c191628
P 0x7f2a7c19c1c8
C 10
R
P 0x7f2a7c191628
C 342
R
P 0x7f2a7c191628
P 0x7f2a7c487240
C 10
R
P 0x7f2a7c191628
C 342
R
P 0x7f2a7c191628
P 0x7f2a7c486fa0
C 10
R
P 0x7f2a7c191628
C 342
R
P 0x7f2a7c191628
P 0x7f2a7c19c268
C 10
R
P 0x7f2a7c191628
C 342
R
P 0x7f2a7c191628
P 0x7f2a7c476348
C 10
R
P 0x7f2a7c191628
C 342
R
P 0x7f2a7c191628
P 0x7f2a7c487ba8
C 10
R
P 0x7f2a7c191628
C 342
R
P 0x7f2a7c191628
P 0x7f2a7c4795e8
C 10
R
P 0x7f2a7c191628
C 342
R
P 0x7f2a7c191628
P 0x7f2a7c1a18c8
C 10
R
P 0x7f2a7c191628
C 342
R
P 0x7f2a7c191628
P 0x7f2a7c19bfc8
C 10
R
P 0x7f2a7c191628
C 342
R
P 0x7f2a7c191628
P 0x7f2a7c487208
C 10
R
P 0x7f2a7c191628
C 342
R
P 0x7f2a7c191628
P 0x7f2a7c19c028
C 10
R
P 0x7f2a7c191628
C 342
R
P 0x7f2a7c191628
P 0x7f2a7c19bcc8
C 10
R
P 0x7f2a7c191628
C 342
R
P 0x7f2a7c191628
P 0x7f2a7c19bc88
C 10
R
P 0x7f2a7c191628
C 342
R
P 0x7f2a7c191628
P 0x7f2a7c1a20a8
C 10
R
P 0x7f2a7c191628
C 342
R
P 0x7f2a7c191628
P 0x7f2a7c4896b0
C 10
R
P 0x7f2a7c191628
C 342
R
P 0x7f2a7c191628
P 0x7f2a7c19bcc8
C 10
R
P 0x7f2a7c191628
C 342
R
P 0x7f2a7c191628
P 0x7f2a7c487908
C 10
R
P 0x7f2a7c191628
C 342
R
P 0x7f2a7c191628
P 0x7f2a7c487470
C 10
R
P 0x7f2a7c191628
C 342
R
P 0x7f2a7c191628
P 0x7f2a7c19c148
C 10
R
P 0x7f2a7c191628
C 342
R
P 0x7f2a7c191628
P 0x7f2a7c48d580
C 10
R
P 0x7f2a7c191628
C 342
R
P 0x7f2a7c191628
P 0x7f2a7c19fac8
C 10
R
P 0x7f2a7c191628
C 342
R
P 0x7f2a7c191628
P 0x7f2a7c19f9c8
C 10
R
P 0x7f2a7c191628
C 342
R
P 0x7f2a7c191628
P 0x7f2a7c19bc88
C 10
R
P 0x7f2a7c191628
C 342
R
P 0x7f2a7c191628
P 0x7f2a7c19c0a8
C 10
R
P 0x7f2a7c191628
C 342
R
P 0x7f2a7c191628
P 0x7f2a7c19c048
C 10
R
P 0x7f2a7c191628
C 342
R
P 0x7f2a7c191628
P 0x7f2a7c19bc88
C 10
R
P 0x7f2a7c191628
C 342
R
P 0x7f2a7c191628
P 0x7f2a7c488270
C 10
R
P 0x7f2a7c191628
C 342
R
P 0x7f2a7c191628
P 0x7f2a7c19bc88
C 10
R
P 0x7f2a7c191628
C 342
R
P 0x7f2a7c191628
P 0x7f2a7c19c268
C 10
R
P 0x7f2a7c191628
C 342
R
P 0x7f2a7c191628
P 0x7f2a7c473ee8
C 10
R
P 0x7f2a7c191628
C 342
R
P 0x7f2a7c191628
P 0x7f2a7c487240
C 10
R
P 0x7f2a7c191628
C 342
R
P 0x7f2a7c191628
P 0x7f2a7c19bc88
C 10
R
P 0x7f2a7c191628
C 342
R
P 0x7f2a7c191628
P 0x7f2a7c19c2a8
C 10
R
P 0x7f2a7c191628
C 342
R
P 0x7f2a7c191628
P 0x7f2a7c19bc88
C 10
R
P 0x7f2a7c191628
C 342
R
P 0x7f2a7c191628
P 0x7f2a7c19c088
C 10
R
P 0x7f2a7c191628
C 342
R
P 0x7f2a7c191628
P 0x7f2a7c487b70
C 10
R
P 0x7f2a7c191628
C 342
R
P 0x7f2a7c191628
P 0x7f2a7c19bc88
C 10
R
P 0x7f2a7c191628
C 342
R
P 0x7f2a7c191628
P 0x7f2a7c19c028
C 10
R
P 0x7f2a7c191628
C 342
R
P 0x7f2a7c191628
P 0x7f2a7c487240
C 10
R
P 0x7f2a7c191628
C 342
R
P 0x7f2a7c191628
P 0x7f2a7c19c1a8
C 10
R
P 0x7f2a7c191628
C 342
R
P 0x7f2a7c191628
P 0x7f2a7c19c028
C 10
R
P 0x7f2a7c191628
C 342
R
P 0x7f2a7c191628
P 0x7f2a7c19c1a8
C 10
R
P 0x7f2a7c191628
C 342
R
P 0x7f2a7c191628
P 0x7f2a7c4873c8
C 10
R
P 0x7f2a7c191628
C 342
R
P 0x7f2a7c191628
P 0x7f2a7c19bc88
C 10
R
P 0x7f2a7c191628
C 342
R
P 0x7f2a7c191628
P 0x7f2a7c19bcc8
C 10
R
P 0x7f2a7c191628
C 342
R
P 0x7f2a7c191628
P 0x7f2a7c19c028
C 10
R
P 0x7f2a7c191628
C 342
R
P 0x7f2a7c191628
P 0x7f2a7c19bfc8
C 10
R
P 0x7f2a7c191628
C 342
R
P 0x7f2a7c191628
P 0x7f2a7c19c108
C 10
R
P 0x7f2a7c191628
C 342
R
P 0x7f2a7c191628
P 0x7f2a7c473c18
C 10
R
P 0x7f2a7c191628
C 342
R
P 0x7f2a7c191628
P 0x7f2a7c47a068
C 10
R
P 0x7f2a7c191628
C 342
R
P 0x7f2a7c191628
P 0x7f2a7c488f78
C 10
R
P 0x7f2a7c191628
C 342
R
P 0x7f2a7c191628
P 0x7f2a7c19bc88
C 10
R
P 0x7f2a7c191628
C 342
R
P 0x7f2a7c191628
P 0x7f2a7c19c028
C 10
R
P 0x7f2a7c191628
C 342
R
P 0x7f2a7c191628
P 0x7f2a7c19c028
C 10
R
P 0x7f2a7c191628
C 342
R
P 0x7f2a7c191628
P 0x7f2a7c1a18c8
C 10
R
P 0x7f2a7c191628
C 342
R
P 0x7f2a7c191628
P 0x7f2a7c19c248
C 10
R
P 0x7f2a7c191628
C 342
R
P 0x7f2a7c191628
P 0x7f2a7c1a1890
C 10
R
P 0x7f2a7c191628
C 342
R
P 0x7f2a7c191628
P 0x7f2a7c476f18
C 10
R
P 0x7f2a7c191628
C 342
R
P 0x7f2a7c191628
P 0x7f2a7c19c148
C 10
R
P 0x7f2a7c191628
C 342
R
P 0x7f2a7c191628
P 0x7f2a7c487080
C 10
R
P 0x7f2a7c191628
C 342
R
P 0x7f2a7c191628
P 0x7f2a7c19bc88
C 10
R
P 0x7f2a7c191628
C 342
R
P 0x7f2a7c191628
P 0x7f2a7c1a1938
C 10
R
P 0x7f2a7c191628
C 342
R
P 0x7f2a7c191628
P 0x7f2a7c487908
C 10
R
P 0x7f2a7c191628
C 342
R
P 0x7f2a7c191628
P 0x7f2a7c2cb778
C 10
R
P 0x7f2a7c191628
C 342
R
P 0x7f2a7c191628
P 0x7f2a7c476930
C 10
R
P 0x7f2a7c191628
C 342
R
P 0x7f2a7c191628
P 0x7f2a7c19c0c8
C 10
R
P 0x7f2a7c191628
C 342
R
P 0x7f2a7c191628
P 0x7f2a7c486fa0
C 10
R
P 0x7f2a7c191628
C 342
R
P 0x7f2a7c191628
P 0x7f2a7c19bd08
C 10
R
P 0x7f2a7c191628
C 342
R
P 0x7f2a7c191628
P 0x7f2a7c1a1970
C 10
R
P 0x7f2a7c191628
C 342
R
P 0x7f2a7c191628
P 0x7f2a7c19bc88
C 10
R
P 0x7f2a7c191628
C 342
R
P 0x7f2a7c191628
P 0x7f2a7c4872b0
C 10
R
P 0x7f2a7c191628
C 342
R
P 0x7f2a7c191628
P 0x7f2a7c47a180
C 10
R
P 0x7f2a7c191628
C 342
R
P 0x7f2a7c191628
P 0x7f2a7c19c1a8
C 10
R
P 0x7f2a7c191628
C 342
R
P 0x7f2a7c191628
P 0x7f2a7c19bfc8
C 10
R
P 0x7f2a7c191628
C 342
R
P 0x7f2a7c191628
P 0x7f2a7c19bc88
C 10
R
P 0x7f2a7c191628
C 342
R
P 0x7f2a7c191628
P 0x7f2a7c19c2a8
C 10
R
P 0x7f2a7c191628
C 342
R
P 0x7f2a7c191628
P 0x7f2a7c19bcc8
C 10
R
P 0x7f2a7c191628
C 342
R
P 0x7f2a7c191628
P 0x7f2a7c19bc88
C 10
R
P 0x7f2a7c191628
C 342
R
P 0x7f2a7c191628
P 0x7f2a7c19c0e8
C 10
R
P 0x7f2a7c191628
C 342
R
P 0x7f2a7c191628
P 0x7f2a7c19bc88
C 10
R
P 0x7f2a7c191628
C 342
R
P 0x7f2a7c191628
P 0x7f2a7c19c1a8
C 10
R
P 0x7f2a7c191628
C 342
R
P 0x7f2a7c191628
P 0x7f2a7c19e1b8
C 10
R
P 0x7f2a7c191628
C 342
R
P 0x7f2a7c191628
P 0x7f2a7c488190
C 10
R
P 0x7f2a7c191628
C 342
R
P 0x7f2a7c191628
P 0x7f2a7c473408
C 10
R
P 0x7f2a7c191628
C 342
R
P 0x7f2a7c191628
P 0x7f2a7c19bc88
C 10
R
P 0x7f2a7c191628
C 342
R
P 0x7f2a7c191628
P 0x7f2a7c19bc88
C 10
R
P 0x7f2a7c191628
C 342
R
P 0x7f2a7c191628
P 0x7f2a7c19bc88
C 10
R
P 0x7f2a7c191628
C 342
R
P 0x7f2a7c191628
P 0x7f2a7c19c1c8
C 10
R
P 0x7f2a7c191628
C 342
R
P 0x7f2a7c191628
P 0x7f2a7c1a17b0
C 10
R
P 0x7f2a7c191628
C 342
R
P 0x7f2a7c191628
P 0x7f2a7c19bc88
C 10
R
P 0x7f2a7c191628
C 342
R
P 0x7f2a7c191628
P 0x7f2a7c1a17e8
C 10
R
P 0x7f2a7c191628
C 342
R
P 0x7f2a7c191628
P 0x7f2a7c487b70
C 10
R
P 0x7f2a7c191628
C 342
R
P 0x7f2a7c191628
P 0x7f2a7c487240
C 10
R
P 0x7f2a7c191628
C 342
R
P 0x7f2a7c191628
P 0x7f2a7c1a1778
C 10
R
P 0x7f2a7c191628
C 342
R
P 0x7f2a7c191628
P 0x7f2a7c487470
C 10
R
P 0x7f2a7c191628
C 342
R
P 0x7f2a7c191628
P 0x7f2a7c19c028
C 10
R
P 0x7f2a7c191628
C 342
R
P 0x7f2a7c191628
P 0x7f2a7c4765e8
C 10
R
P 0x7f2a7c191628
C 342
R
P 0x7f2a7c191628
P 0x7f2a7c19bc88
C 10
R
P 0x7f2a7c191628
C 342
R
P 0x7f2a7c191628
P 0x7f2a7c19bd08
C 10
R
P 0x7f2a7c191628
C 342
R
P 0x7f2a7c191628
P 0x7f2a7c487da0
C 10
R
P 0x7f2a7c191628
C 342
R
P 0x7f2a7c191628
P 0x7f2a7c1a21f8
C 10
R
P 0x7f2a7c191628
C 342
R
P 0x7f2a7c191628
P 0x7f2a7c2cc380
C 10
R
P 0x7f2a7c191628
C 342
R
P 0x7f2a7c191628
P 0x7f2a7c19c2a8
C 10
R
P 0x7f2a7c191628
C 342
R
P 0x7f2a7c191628
P 0x7f2a7c19c268
C 10
R
P 0x7f2a7c191628
C 342
R
P 0x7f2a7c191628
P 0x7f2a7c19bf68
C 10
R
P 0x7f2a7c191628
C 342
R
P 0x7f2a7c191628
P 0x7f2a7c19bfc8
C 10
R
P 0x7f2a7c191628
C 342
R
P 0x7f2a7c191628
P 0x7f2a7c19c048
C 10
R
P 0x7f2a7c191628
C 342
R
P 0x7f2a7c191628
P 0x7f2a7c19c108
C 10
R
P 0x7f2a7c191628
C 342
R
P 0x7f2a7c191628
P 0x7f2a7c19c128
C 10
R
P 0x7f2a7c191628
C 342
R
P 0x7f2a7c191628
P 0x7f2a7c19bc88
C 10
R
P 0x7f2a7c191628
C 342
R
P 0x7f2a7c191628
P 0x7f2a7c19c028
C 10
R
P 0x7f2a7c191628
C 342
R
P 0x7f2a7c191628
P 0x7f2a7c19bc88
C 10
R
P 0x7f2a7c191628
C 342
R
P 0x7f2a7c191628
P 0x7f2a7c19c168
C 10
R
P 0x7f2a7c191628
C 342
R
P 0x7f2a7c191628
P 0x7f2a7c19c268
C 10
R
P 0x7f2a7c191628
C 342
R
P 0x7f2a7c191628
P 0x7f2a7c19bc88
C 10
R
P 0x7f2a7c191628
C 342
R
P 0x7f2a7c191628
P 0x7f2a7c19bc88
C 10
R
P 0x7f2a7c191628
C 342
R
P 0x7f2a7c191628
P 0x7f2a7c19f9c8
C 10
R
P 0x7f2a7c191628
C 342
R
P 0x7f2a7c191628
P 0x7f2a7c4879b0
C 10
R
P 0x7f2a7c191628
C 342
R
P 0x7f2a7c191628
P 0x7f2a7c19c028
C 10
R
P 0x7f2a7c191628
C 342
R
P 0x7f2a7c191628
P 0x7f2a7c19c0a8
C 10
R
P 0x7f2a7c191628
C 342
R
P 0x7f2a7c191628
P 0x7f2a7c19c008
C 10
R
P 0x7f2a7c191628
C 342
R
P 0x7f2a7c191628
P 0x7f2a7c475c48
C 10
R
P 0x7f2a7c191628
C 342
R
P 0x7f2a7c191628
P 0x7f2a7c19c1c8
C 10
R
P 0x7f2a7c191628
C 342
R
P 0x7f2a7c191628
P 0x7f2a7c487f98
C 10
R
P 0x7f2a7c191628
C 342
R
P 0x7f2a7c191628
P 0x7f2a7c19c1a8
C 10
R
P 0x7f2a7c191628
C 342
R
P 0x7f2a7c191628
P 0x7f2a7c19bc88
C 10
R
P 0x7f2a7c191628
C 342
R
P 0x7f2a7c191628
P 0x7f2a7c489250
C 10
R
P 0x7f2a7c191628
C 342
R
P 0x7f2a7c191628
P 0x7f2a7c19bc88
C 10
R
P 0x7f2a7c191628
C 342
R
P 0x7f2a7c191628
P 0x7f2a7c19dd98
C 10
R
P 0x7f2a7c191628
C 342
R
P 0x7f2a7c191628
P 0x7f2a7c1a2348
C 10
R
P 0x7f2a7c191628
C 342
R
P 0x7f2a7c191628
P 0x7f2a7c19fa48
C 10
R
P 0x7f2a7c191628
C 342
R
P 0x7f2a7c191628
P 0x7f2a7c19c0a8
C 10
R
P 0x7f2a7c191628
C 342
R
P 0x7f2a7c191628
P 0x7f2a7c19bcc8
C 10
R
P 0x7f2a7c191628
C 342
R
P 0x7f2a7c191628
P 0x7f2a7c19bf88
C 10
R
P 0x7f2a7c191628
C 342
R
P 0x7f2a7c191628
P 0x7f2a7c478e08
C 10
R
P 0x7f2a7c191628
C 342
R
P 0x7f2a7c191628
P 0x7f2a7c473a38
C 10
R
P 0x7f2a7c191628
C 342
R
P 0x7f2a7c191628
P 0x7f2a7c19bc88
C 10
R
P 0x7f2a7c191628
C 342
R
P 0x7f2a7c191628
P 0x7f2a7c19c2a8
C 10
R
P 0x7f2a7c191628
C 342
R
P 0x7f2a7c191628
P 0x7f2a7c487ba8
C 10
R
P 0x7f2a7c191628
C 342
R
P 0x7f2a7c191628
P 0x7f2a7c19bc88
C 10
R
P 0x7f2a7c191628
C 342
R
P 0x7f2a7c191628
P 0x7f2a7c19c0c8
C 10
R
P 0x7f2a7c191628
C 342
R
P 0x7f2a7c191628
P 0x7f2a7c19bc88
C 10
R
P 0x7f2a7c191628
C 342
R
P 0x7f2a7c191628
P 0x7f2a7c4754a0
C 10
R
P 0x7f2a7c191628
C 342
R
P 0x7f2a7c191628
P 0x7f2a7c2cb938
C 10
R
P 0x7f2a7c191628
C 342
R
P 0x7f2a7c191628
P 0x7f2a7c19bc88
C 10
R
P 0x7f2a7c191628
C 342
R
P 0x7f2a7c191628
P 0x7f2a7c19bcc8
C 10
R
P 0x7f2a7c191628
C 342
R
P 0x7f2a7c191628
P 0x7f2a7c1a18c8
C 10
R
P 0x7f2a7c191628
C 342
R
P 0x7f2a7c191628
P 0x7f2a7c1a17b0
C 10
R
P 0x7f2a7c191628
C 342
R
P 0x7f2a7c191628
P 0x7f2a7c487240
C 10
R
P 0x7f2a7c191628
C 342
R
P 0x7f2a7c191628
P 0x7f2a7c487dd8
C 10
R
P 0x7f2a7c191628
C 342
R
P 0x7f2a7c191628
P 0x7f2a7c4735b8
C 10
R
P 0x7f2a7c191628
C 342
R
P 0x7f2a7c191628
P 0x7f2a7c19bc88
C 10
R
P 0x7f2a7c191628
C 342
R
P 0x7f2a7c191628
P 0x7f2a7c19bc88
C 10
R
P 0x7f2a7c191628
C 342
R
P 0x7f2a7c191628
P 0x7f2a7c487208
C 10
R
P 0x7f2a7c191628
C 342
R
P 0x7f2a7c191628
P 0x7f2a7c19bd08
C 10
R
P 0x7f2a7c191628
C 342
R
P 0x7f2a7c191628
P 0x7f2a7c19bf88
C 10
R
P 0x7f2a7c191628
C 342
R
P 0x7f2a7c191628
P 0x7f2a7c487390
C 10
R
P 0x7f2a7c191628
C 342
R
P 0x7f2a7c191628
P 0x7f2a7c19f988
C 10
R
P 0x7f2a7c191628
C 342
R
P 0x7f2a7c191628
P 0x7f2a7c19bf68
C 10
R
P 0x7f2a7c191628
C 342
R
P 0x7f2a7c191628
P 0x7f2a7c19bfc8
C 10
R
P 0x7f2a7c191628
C 342
R
P 0x7f2a7c191628
P 0x7f2a7c19c028
C 10
R
P 0x7f2a7c191628
C 342
R
P 0x7f2a7c191628
P 0x7f2a7c19c048
C 10
R
P 0x7f2a7c191628
C 342
R
P 0x7f2a7c191628
P 0x7f2a7c19c0e8
C 10
R
P 0x7f2a7c191628
C 342
R
P 0x7f2a7c191628
P 0x7f2a7c1a1f58
C 10
R
P 0x7f2a7c191628
C 342
R
P 0x7f2a7c191628
P 0x7f2a7c487208
C 10
R
P 0x7f2a7c191628
C 342
R
P 0x7f2a7c191628
P 0x7f2a7c48daf8
C 10
R
P 0x7f2a7c191628
C 342
R
P 0x7f2a7c191628
P 0x7f2a7c19c268
C 10
R
P 0x7f2a7c191628
C 342
R
P 0x7f2a7c191628
P 0x7f2a7c19c448
C 10
R
P 0x7f2a7c191628
C 342
R
P 0x7f2a7c191628
P 0x7f2a7c19bfe8
C 10
R
P 0x7f2a7c191628
C 342
R
P 0x7f2a7c191628
P 0x7f2a7c19fb08
C 10
R
P 0x7f2a7c191628
C 342
R
P 0x7f2a7c191628
P 0x7f2a7c19c088
C 10
R
P 0x7f2a7c191628
C 342
R
P 0x7f2a7c191628
P 0x7f2a7c19c148
C 10
R
P 0x7f2a7c191628
C 342
R
P 0x7f2a7c191628
P 0x7f2a7c1a1890
C 10
R
P 0x7f2a7c191628
C 342
R
P 0x7f2a7c191628
P 0x7f2a7c19c268
C 10
R
P 0x7f2a7c191628
C 342
R
P 0x7f2a7c191628
P 0x7f2a7c488158
C 10
R
P 0x7f2a7c191628
C 342
R
P 0x7f2a7c191628
P 0x7f2a7c1a20a8
C 10
R
P 0x7f2a7c191628
C 342
R
P 0x7f2a7c191628
P 0x7f2a7c486fa0
C 10
R
P 0x7f2a7c191628
C 342
R
P 0x7f2a7c191628
P 0x7f2a7c4872e8
C 10
R
P 0x7f2a7c191628
C 342
R
P 0x7f2a7c191628
P 0x7f2a7c19bcc8
C 10
R
P 0x7f2a7c191628
C 342
R
P 0x7f2a7c191628
P 0x7f2a7c19bc88
C 10
R
P 0x7f2a7c191628
C 342
R
P 0x7f2a7c191628
P 0x7f2a7c487f98
C 10
R
P 0x7f2a7c191628
C 342
R
P 0x7f2a7c191628
P 0x7f2a7c2cc620
C 10
R
P 0x7f2a7c191628
C 342
R
P 0x7f2a7c191628
P 0x7f2a7c19c228
C 10
R
P 0x7f2a7c191628
C 342
R
P 0x7f2a7c191628
P 0x7f2a7c19c088
C 10
R
P 0x7f2a7c191628
C 342
R
P 0x7f2a7c191628
P 0x7f2a7c1a20a8
C 10
R
P 0x7f2a7c191628
C 342
R
P 0x7f2a7c191628
P 0x7f2a7c19c148
C 10
R
P 0x7f2a7c191628
C 342
R
P 0x7f2a7c191628
P 0x7f2a7c1a1970
C 10
R
P 0x7f2a7c191628
C 342
R
P 0x7f2a7c191628
P 0x7f2a7c19bc88
C 10
R
P 0x7f2a7c191628
C 342
R
P 0x7f2a7c191628
P 0x7f2a7c1a1f58
C 10
R
P 0x7f2a7c191628
C 342
R
P 0x7f2a7c191628
P 0x7f2a7c1a25e8
C 10
R
P 0x7f2a7c191628
C 342
R
P 0x7f2a7c191628
P 0x7f2a7c19c228
C 10
R
P 0x7f2a7c191628
C 342
R
P 0x7f2a7c191628
P 0x7f2a7c19bc88
C 10
R
P 0x7f2a7c191628
C 342
R
P 0x7f2a7c191628
P 0x7f2a7c19c128
C 10
R
P 0x7f2a7c191628
C 342
R
P 0x7f2a7c191628
P 0x7f2a7c19c028
C 10
R
P 0x7f2a7c191628
C 342
R
P 0x7f2a7c191628
P 0x7f2a7c19c0a8
C 10
R
P 0x7f2a7c191628
C 342
R
P 0x7f2a7c191628
P 0x7f2a7c48dac0
C 10
R
P 0x7f2a7c191628
C 342
R
P 0x7f2a7c191628
P 0x7f2a7c487080
C 10
R
P 0x7f2a7c191628
C 342
R
P 0x7f2a7c191628
P 0x7f2a7c487978
C 10
R
P 0x7f2a7c191628
C 342
R
P 0x7f2a7c191628
P 0x7f2a7c19bc88
C 10
R
P 0x7f2a7c191628
C 342
R
P 0x7f2a7c191628
P 0x7f2a7c489560
C 10
R
P 0x7f2a7c191628
C 342
R
P 0x7f2a7c191628
P 0x7f2a7c19c028
C 10
R
P 0x7f2a7c191628
C 342
R
P 0x7f2a7c191628
P 0x7f2a7c19c108
C 10
R
P 0x7f2a7c191628
C 342
R
P 0x7f2a7c191628
P 0x7f2a7c487390
C 10
R
P 0x7f2a7c191628
C 342
R
P 0x7f2a7c191628
P 0x7f2a7c19c2a8
C 10
R
P 0x7f2a7c191628
C 342
R
P 0x7f2a7c191628
P 0x7f2a7c19bd08
C 10
R
P 0x7f2a7c191628
C 342
R
P 0x7f2a7c191628
P 0x7f2a7c489f38
C 10
R
P 0x7f2a7c191628
C 342
R
P 0x7f2a7c191628
P 0x7f2a7c487278
C 10
R
P 0x7f2a7c191628
C 342
R
P 0x7f2a7c191628
P 0x7f2a7c1a2d20
C 10
R
P 0x7f2a7c191628
C 342
R
P 0x7f2a7c191628
P 0x7f2a7c19c048
C 10
R
P 0x7f2a7c191628
C 342
R
P 0x7f2a7c191628
P 0x7f2a7c487fd0
C 10
R
P 0x7f2a7c191628
C 342
R
P 0x7f2a7c191628
P 0x7f2a7c19bd08
C 10
R
P 0x7f2a7c191628
C 342
R
P 0x7f2a7c191628
P 0x7f2a7c487d68
C 10
R
P 0x7f2a7c191628
C 342
R
P 0x7f2a7c191628
P 0x7f2a7c19bc88
C 10
R
P 0x7f2a7c191628
C 342
R
P 0x7f2a7c191628
P 0x7f2a7c2ccdc8
C 10
R
P 0x7f2a7c191628
C 342
R
P 0x7f2a7c191628
P 0x7f2a7c19c268
C 10
R
P 0x7f2a7c191628
C 342
R
P 0x7f2a7c191628
P 0x7f2a7c487390
C 10
R
P 0x7f2a7c191628
C 342
R
P 0x7f2a7c191628
P 0x7f2a7c486fa0
C 10
R
P 0x7f2a7c191628
C 342
R
P 0x7f2a7c191628
P 0x7f2a7c19bc88
C 10
R
P 0x7f2a7c191628
C 342
R
P 0x7f2a7c191628
P 0x7f2a7c2ccc40
C 10
R
P 0x7f2a7c191628
C 342
R
P 0x7f2a7c191628
P 0x7f2a7c19bc88
C 10
R
P 0x7f2a7c191628
C 342
R
P 0x7f2a7c191628
P 0x7f2a7c1a1938
C 10
R
P 0x7f2a7c191628
C 342
R
P 0x7f2a7c191628
P 0x7f2a7c2cb628
C 10
R
P 0x7f2a7c191628
C 342
R
P 0x7f2a7c191628
P 0x7f2a7c19bc88
C 10
R
P 0x7f2a7c191628
C 342
R
P 0x7f2a7c191628
P 0x7f2a7c19c2a8
C 10
R
P 0x7f2a7c191628
C 342
R
P 0x7f2a7c191628
P 0x7f2a7c476cb0
C 10
R
P 0x7f2a7c191628
C 342
R
P 0x7f2a7c191628
P 0x7f2a7c487390
C 10
R
P 0x7f2a7c191628
C 342
R
P 0x7f2a7c191628
P 0x7f2a7c19bf88
C 10
R
P 0x7f2a7c191628
C 342
R
P 0x7f2a7c191628
P 0x7f2a7c19fa08
C 10
R
P 0x7f2a7c191628
C 342
R
P 0x7f2a7c191628
P 0x7f2a7c19d7f8
C 10
R
P 0x7f2a7c191628
C 342
R
P 0x7f2a7c191628
P 0x7f2a7c488158
C 10
R
P 0x7f2a7c191628
C 342
R
P 0x7f2a7c191628
P 0x7f2a7c19bfe8
C 10
R
P 0x7f2a7c191628
C 342
R
P 0x7f2a7c191628
P 0x7f2a7c19bfc8
C 10
R
P 0x7f2a7c191628
C 342
R
P 0x7f2a7c191628
P 0x7f2a7c19fa08
C 10
R
P 0x7f2a7c191628
C 342
R
P 0x7f2a7c191628
P 0x7f2a7c19deb8
C 10
R
P 0x7f2a7c191628
C 342
R
P 0x7f2a7c191628
P 0x7f2a7c19bf88
C 10
R
P 0x7f2a7c191628
C 342
R
P 0x7f2a7c191628
P 0x7f2a7c488f08
C 10
R
P 0x7f2a7c191628
C 342
R
P 0x7f2a7c191628
P 0x7f2a7c19bc88
C 10
R
P 0x7f2a7c191628
C 342
R
P 0x7f2a7c191628
P 0x7f2a7c19c0e8
C 10
R
P 0x7f2a7c191628
C 342
R
P 0x7f2a7c191628
P 0x7f2a7c19bc88
C 10
R
P 0x7f2a7c191628
C 342
R
P 0x7f2a7c191628
P 0x7f2a7c19bcc8
C 10
R
P 0x7f2a7c191628
C 342
R
P 0x7f2a7c191628
P 0x7f2a7c19fa48
C 10
R
P 0x7f2a7c191628
C 342
R
P 0x7f2a7c191628
P 0x7f2a7c487390
C 10
R
P 0x7f2a7c191628
C 342
R
P 0x7f2a7c191628
P 0x7f2a7c476690
C 10
R
P 0x7f2a7c191628
C 342
R
P 0x7f2a7c191628
P 0x7f2a7c1a20a8
C 10
R
P 0x7f2a7c191628
C 342
R
P 0x7f2a7c191628
P 0x7f2a7c4873c8
C 10
R
P 0x7f2a7c191628
C 342
R
P 0x7f2a7c191628
P 0x7f2a7c478d28
C 10
R
P 0x7f2a7c191628
C 342
R
P 0x7f2a7c191628
P 0x7f2a7c487208
C 10
R
P 0x7f2a7c191628
C 342
R
P 0x7f2a7c191628
P 0x7f2a7c19c028
C 10
R
P 0x7f2a7c191628
C 342
R
P 0x7f2a7c191628
P 0x7f2a7c19bfc8
C 10
R
P 0x7f2a7c191628
C 342
R
P 0x7f2a7c191628
P 0x7f2a7c19bc88
C 10
R
P 0x7f2a7c191628
C 342
R
P 0x7f2a7c191628
P 0x7f2a7c19c148
C 10
R
P 0x7f2a7c191628
C 342
R
P 0x7f2a7c191628
P 0x7f2a7c1a18c8
C 10
R
P 0x7f2a7c191628
C 342
R
P 0x7f2a7c191628
P 0x7f2a7c1a1e08
C 10
R
P 0x7f2a7c191628
C 342
R
P 0x7f2a7c191628
P 0x7f2a7c19bc88
C 10
R
P 0x7f2a7c191628
C 342
R
P 0x7f2a7c191628
P 0x7f2a7c19c1a8
C 10
R
P 0x7f2a7c191628
C 342
R
P 0x7f2a7c191628
P 0x7f2a7c1a1858
C 10
R
P 0x7f2a7c191628
C 342
R
P 0x7f2a7c191628
P 0x7f2a7c488078
C 10
R
P 0x7f2a7c191628
C 342
R
P 0x7f2a7c191628
P 0x7f2a7c19c148
C 10
R
P 0x7f2a7c191628
C 342
R
P 0x7f2a7c191628
P 0x7f2a7c19bc88
C 10
R
P 0x7f2a7c191628
C 342
R
P 0x7f2a7c191628
P 0x7f2a7c48c4f8
C 10
R
P 0x7f2a7c191628
C 342
R
P 0x7f2a7c191628
P 0x7f2a7c19c108
C 10
R
P 0x7f2a7c191628
C 342
R
P 0x7f2a7c191628
P 0x7f2a7c19bf88
C 10
R
P 0x7f2a7c191628
C 342
R
P 0x7f2a7c191628
P 0x7f2a7c19c148
C 10
R
P 0x7f2a7c191628
C 342
R
P 0x7f2a7c191628
P 0x7f2a7c1a1890
C 10
R
P 0x7f2a7c191628
C 342
R
P 0x7f2a7c191628
P 0x7f2a7c19c128
C 10
R
P 0x7f2a7c191628
C 342
R
P 0x7f2a7c191628
P 0x7f2a7c19fb08
C 10
R
P 0x7f2a7c191628
C 342
R
P 0x7f2a7c191628
P 0x7f2a7c48c4f8
C 10
R
P 0x7f2a7c191628
C 342
R
P 0x7f2a7c191628
P 0x7f2a7c487d68
C 10
R
P 0x7f2a7c191628
C 342
R
P 0x7f2a7c191628
P 0x7f2a7c19f848
C 10
R
P 0x7f2a7c191628
C 342
R
P 0x7f2a7c191628
P 0x7f2a7c487908
C 10
R
P 0x7f2a7c191628
C 342
R
P 0x7f2a7c191628
P 0x7f2a7c19bc88
C 10
R
P 0x7f2a7c191628
C 342
R
P 0x7f2a7c191628
P 0x7f2a7c19c028
C 10
R
P 0x7f2a7c191628
C 342
R
P 0x7f2a7c191628
P 0x7f2a7c473528
C 10
R
P 0x7f2a7c191628
C 342
R
P 0x7f2a7c191628
P 0x7f2a7c19c028
C 10
R
P 0x7f2a7c191628
C 342
R
P 0x7f2a7c191628
P 0x7f2a7c19ea28
C 10
R
P 0x7f2a7c191628
C 342
R
P 0x7f2a7c191628
P 0x7f2a7c48a2f0
C 10
R
P 0x7f2a7c191628
C 342
R
P 0x7f2a7c191628
P 0x7f2a7c19c1a8
C 10
R
P 0x7f2a7c191628
C 342
R
P 0x7f2a7c191628
P 0x7f2a7c19bc88
C 10
R
P 0x7f2a7c191628
C 342
R
P 0x7f2a7c191628
P 0x7f2a7c19bf88
C 10
R
P 0x7f2a7c191628
C 342
R
P 0x7f2a7c191628
P 0x7f2a7c4873c8
C 10
R
P 0x7f2a7c191628
C 342
R
P 0x7f2a7c191628
P 0x7f2a7c19fa08
C 10
R
P 0x7f2a7c191628
C 342
R
P 0x7f2a7c191628
P 0x7f2a7c19c1c8
C 10
R
P 0x7f2a7c191628
C 342
R
P 0x7f2a7c191628
P 0x7f2a7c1a2348
C 10
R
P 0x7f2a7c191628
C 342
R
P 0x7f2a7c191628
P 0x7f2a7c19bc88
C 10
R
P 0x7f2a7c191628
C 342
R
P 0x7f2a7c191628
P 0x7f2a7c487ba8
C 10
R
P 0x7f2a7c191628
C 342
R
P 0x7f2a7c191628
P 0x7f2a7c19c088
C 10
R
P 0x7f2a7c191628
C 342
R
P 0x7f2a7c191628
P 0x7f2a7c487fd0
C 10
R
P 0x7f2a7c191628
C 342
R
P 0x7f2a7c191628
P 0x7f2a7c19bd08
C 10
R
P 0x7f2a7c191628
C 342
R
P 0x7f2a7c191628
P 0x7f2a7c2cd3e8
C 10
R
P 0x7f2a7c191628
C 342
R
P 0x7f2a7c191628
P 0x7f2a7c489bf0
C 10
R
P 0x7f2a7c191628
C 342
R
P 0x7f2a7c191628
P 0x7f2a7c487908
C 10
R
P 0x7f2a7c191628
C 342
R
P 0x7f2a7c191628
P 0x7f2a7c19fb08
C 10
R
P 0x7f2a7c191628
C 342
R
P 0x7f2a7c191628
P 0x7f2a7c48bf10
C 10
R
P 0x7f2a7c191628
C 342
R
P 0x7f2a7c191628
P 0x7f2a7c19bfc8
C 10
R
P 0x7f2a7c191628
C 342
R
P 0x7f2a7c191628
P 0x7f2a7c479968
C 10
R
P 0x7f2a7c191628
C 342
R
P 0x7f2a7c191628
P 0x7f2a7c19c1a8
C 10
R
P 0x7f2a7c191628
C 342
R
P 0x7f2a7c191628
P 0x7f2a7c486fa0
C 10
R
P 0x7f2a7c191628
C 342
R
P 0x7f2a7c191628
P 0x7f2a7c19bfa8
C 10
R
P 0x7f2a7c191628
C 342
R
P 0x7f2a7c191628
P 0x7f2a7c19bfe8
C 10
R
P 0x7f2a7c191628
C 342
R
P 0x7f2a7c191628
P 0x7f2a7c486fa0
C 10
R
P 0x7f2a7c191628
C 342
R
P 0x7f2a7c191628
P 0x7f2a7c19c028
C 10
R
P 0x7f2a7c191628
C 342
R
P 0x7f2a7c191628
P 0x7f2a7c19bfa8
C 10
R
P 0x7f2a7c191628
C 342
R
P 0x7f2a7c191628
P 0x7f2a7c19c228
C 10
R
P 0x7f2a7c191628
C 342
R
P 0x7f2a7c191628
P 0x7f2a7c4873c8
C 10
R
P 0x7f2a7c191628
C 342
R
P 0x7f2a7c191628
P 0x7f2a7c19bf88
C 10
R
P 0x7f2a7c191628
C 342
R
P 0x7f2a7c191628
P 0x7f2a7c19bfc8
C 10
R
P 0x7f2a7c191628
C 342
R
P 0x7f2a7c191628
P 0x7f2a7c19c1c8
C 10
R
P 0x7f2a7c191628
C 342
R
P 0x7f2a7c191628
P 0x7f2a7c19c268
C 10
R
P 0x7f2a7c191628
C 342
R
P 0x7f2a7c191628
P 0x7f2a7c19bfe8
C 10
R
P 0x7f2a7c191628
C 342
R
P 0x7f2a7c191628
P 0x7f2a7c19f9c8
C 10
R
P 0x7f2a7c191628
C 342
R
P 0x7f2a7c191628
P 0x7f2a7c487390
C 10
R
P 0x7f2a7c191628
C 342
R
P 0x7f2a7c191628
P 0x7f2a7c19c208
C 10
R
P 0x7f2a7c191628
C 342
R
P 0x7f2a7c191628
P 0x7f2a7c19fb08
C 10
R
P 0x7f2a7c191628
C 342
R
P 0x7f2a7c191628
P 0x7f2a7c19c0c8
C 10
R
P 0x7f2a7c191628
C 342
R
P 0x7f2a7c191628
P 0x7f2a7c19c028
C 10
R
P 0x7f2a7c191628
C 342
R
P 0x7f2a7c191628
P 0x7f2a7c19bc88
C 10
R
P 0x7f2a7c191628
C 342
R
P 0x7f2a7c191628
P 0x7f2a7c19c028
C 10
R
P 0x7f2a7c191628
C 342
R
P 0x7f2a7c191628
P 0x7f2a7c486fd8
C 10
R
P 0x7f2a7c191628
C 342
R
P 0x7f2a7c191628
P 0x7f2a7c19bc88
C 10
R
P 0x7f2a7c191628
C 342
R
P 0x7f2a7c191628
P 0x7f2a7c487908
C 10
R
P 0x7f2a7c191628
C 342
R
P 0x7f2a7c191628
P 0x7f2a7c19bf88
C 10
R
P 0x7f2a7c191628
C 342
R
P 0x7f2a7c191628
P 0x7f2a7c487f98
C 10
R
P 0x7f2a7c191628
C 342
R
P 0x7f2a7c191628
P 0x7f2a7c4874a8
C 10
R
P 0x7f2a7c191628
C 342
R
P 0x7f2a7c191628
P 0x7f2a7c19c048
C 10
R
P 0x7f2a7c191628
C 342
R
P 0x7f2a7c191628
P 0x7f2a7c19bca8
C 10
R
P 0x7f2a7c191628
C 342
R
P 0x7f2a7c191628
P 0x7f2a7c19bfe8
C 10
R
P 0x7f2a7c191628
C 342
R
P 0x7f2a7c191628
P 0x7f2a7c487c88
C 10
R
P 0x7f2a7c191628
C 342
R
P 0x7f2a7c191628
P 0x7f2a7c1a17e8
C 10
R
P 0x7f2a7c191628
C 342
R
P 0x7f2a7c191628
P 0x7f2a7c19bca8
C 10
R
P 0x7f2a7c191628
C 342
R
P 0x7f2a7c191628
P 0x7f2a7c19bc88
C 10
R
P 0x7f2a7c191628
C 342
R
P 0x7f2a7c191628
P 0x7f2a7c48da88
C 10
R
P 0x7f2a7c191628
C 342
R
P 0x7f2a7c191628
P 0x7f2a7c487908
C 10
R
P 0x7f2a7c191628
C 342
R
P 0x7f2a7c191628
P 0x7f2a7c1a20a8
C 10
R
P 0x7f2a7c191628
C 342
R
P 0x7f2a7c191628
P 0x7f2a7c486fa0
C 10
R
P 0x7f2a7c191628
C 342
R
P 0x7f2a7c191628
P 0x7f2a7c487f60
C 10
R
P 0x7f2a7c191628
C 342
R
P 0x7f2a7c191628
P 0x7f2a7c1a21f8
C 10
R
P 0x7f2a7c191628
C 342
R
P 0x7f2a7c191628
P 0x7f2a7c19c0c8
C 10
R
P 0x7f2a7c191628
C 342
R
P 0x7f2a7c191628
P 0x7f2a7c487208
C 10
R
P 0x7f2a7c191628
C 342
R
P 0x7f2a7c191628
P 0x7f2a7c19c2a8
C 10
R
P 0x7f2a7c191628
C 342
R
P 0x7f2a7c191628
P 0x7f2a7c19c028
C 10
R
P 0x7f2a7c191628
C 342
R
P 0x7f2a7c191628
P 0x7f2a7c487f60
C 10
R
P 0x7f2a7c191628
C 342
R
P 0x7f2a7c191628
P 0x7f2a7c487b70
C 10
R
P 0x7f2a7c191628
C 342
R
P 0x7f2a7c191628
P 0x7f2a7c1a2348
C 10
R
P 0x7f2a7c191628
C 342
R
P 0x7f2a7c191628
P 0x7f2a7c19c148
C 10
R
P 0x7f2a7c191628
C 342
R
P 0x7f2a7c191628
P 0x7f2a7c1a2498
C 10
R
P 0x7f2a7c191628
C 342
R
P 0x7f2a7c191628
P 0x7f2a7c1a1970
C 10
R
P 0x7f2a7c191628
C 342
R
P 0x7f2a7c191628
P 0x7f2a7c487940
C 10
R
P 0x7f2a7c191628
C 342
R
P 0x7f2a7c191628
P 0x7f2a7c19c028
C 10
R
P 0x7f2a7c191628
C 342
R
P 0x7f2a7c191628
P 0x7f2a7c2cd3b0
C 10
R
P 0x7f2a7c191628
C 342
R
P 0x7f2a7c191628
P 0x7f2a7c19bfc8
C 10
R
P 0x7f2a7c191628
C 342
R
P 0x7f2a7c191628
P 0x7f2a7c19c268
C 10
R
P 0x7f2a7c191628
C 342
R
P 0x7f2a7c191628
P 0x7f2a7c19d7f8
C 10
R
P 0x7f2a7c191628
C 342
R
P 0x7f2a7c191628
P 0x7f2a7c19bc88
C 10
R
P 0x7f2a7c191628
C 342
R
P 0x7f2a7c191628
P 0x7f2a7c4881c8
C 10
R
P 0x7f2a7c191628
C 342
R
P 0x7f2a7c191628
P 0x7f2a7c19c028
C 10
R
P 0x7f2a7c191628
C 342
R
P 0x7f2a7c191628
P 0x7f2a7c19bc88
C 10
R
P 0x7f2a7c191628
C 342
R
P 0x7f2a7c191628
P 0x7f2a7c19bc88
C 10
R
P 0x7f2a7c191628
C 342
R
P 0x7f2a7c191628
P 0x7f2a7c19bc88
C 10
R
P 0x7f2a7c191628
C 342
R
P 0x7f2a7c191628
P 0x7f2a7c486fd8
C 10
R
P 0x7f2a7c191628
C 342
R
P 0x7f2a7c191628
P 0x7f2a7c487390
C 10
R
P 0x7f2a7c191628
C 342
R
P 0x7f2a7c191628
P 0x7f2a7c19bc88
C 10
R
P 0x7f2a7c191628
C 342
R
P 0x7f2a7c191628
P 0x7f2a7c487390
C 10
R
P 0x7f2a7c191628
C 342
R
P 0x7f2a7c191628
P 0x7f2a7c19edb8
C 10
R
P 0x7f2a7c191628
C 342
R
P 0x7f2a7c191628
P 0x7f2a7c19c1a8
C 10
R
P 0x7f2a7c191628
C 342
R
P 0x7f2a7c191628
P 0x7f2a7c4872b0
C 10
R
P 0x7f2a7c191628
C 342
R
P 0x7f2a7c191628
P 0x7f2a7c19bf88
C 10
R
P 0x7f2a7c191628
C 342
R
P 0x7f2a7c191628
P 0x7f2a7c19c148
C 10
R
P 0x7f2a7c191628
C 342
R
P 0x7f2a7c191628
P 0x7f2a7c19c0e8
C 10
R
P 0x7f2a7c191628
C 342
R
P 0x7f2a7c191628
P 0x7f2a7c19bcc8
C 10
R
P 0x7f2a7c191628
C 342
R
P 0x7f2a7c191628
P 0x7f2a7c19bc88
C 10
R
P 0x7f2a7c191628
C 342
R
P 0x7f2a7c191628
P 0x7f2a7c19f848
C 10
R
P 0x7f2a7c191628
C 342
R
P 0x7f2a7c191628
P 0x7f2a7c19bc88
C 10
R
P 0x7f2a7c191628
C 342
R
P 0x7f2a7c191628
P 0x7f2a7c1a1f58
C 10
R
P 0x7f2a7c191628
C 342
R
P 0x7f2a7c191628
P 0x7f2a7c478cf0
C 10
R
P 0x7f2a7c191628
C 342
R
P 0x7f2a7c191628
P 0x7f2a7c4872b0
C 10
R
P 0x7f2a7c191628
C 342
R
P 0x7f2a7c191628
P 0x7f2a7c1a1938
C 10
R
P 0x7f2a7c191628
C 342
R
P 0x7f2a7c191628
P 0x7f2a7c1a1c10
C 10
R
P 0x7f2a7c191628
C 342
R
P 0x7f2a7c191628
P 0x7f2a7c19c268
C 10
R
P 0x7f2a7c191628
C 342
R
P 0x7f2a7c191628
P 0x7f2a7c19bc88
C 10
R
P 0x7f2a7c191628
C 342
R
P 0x7f2a7c191628
P 0x7f2a7c19de58
C 10
R
P 0x7f2a7c191628
C 342
R
P 0x7f2a7c191628
P 0x7f2a7c1a1cb8
C 10
R
P 0x7f2a7c191628
C 342
R
P 0x7f2a7c191628
P 0x7f2a7c487470
C 10
R
P 0x7f2a7c191628
C 342
R
P 0x7f2a7c191628
P 0x7f2a7c19f9c8
C 10
R
P 0x7f2a7c191628
C 342
R
P 0x7f2a7c191628
P 0x7f2a7c1a3030
C 10
R
P 0x7f2a7c191628
C 342
R
P 0x7f2a7c191628
P 0x7f2a7c2cb970
C 10
R
P 0x7f2a7c191628
C 342
R
P 0x7f2a7c191628
P 0x7f2a7c19c0c8
C 10
R
P 0x7f2a7c191628
C 342
R
P 0x7f2a7c191628
P 0x7f2a7c19c228
C 10
R
P 0x7f2a7c191628
C 342
R
P 0x7f2a7c191628
P 0x7f2a7c487438
C 10
R
P 0x7f2a7c191628
C 342
R
P 0x7f2a7c191628
P 0x7f2a7c2cb970
C 10
R
P 0x7f2a7c191628
C 342
R
P 0x7f2a7c191628
P 0x7f2a7c487080
C 10
R
P 0x7f2a7c191628
C 342
R
P 0x7f2a7c191628
P 0x7f2a7c19bc88
C 10
R
P 0x7f2a7c191628
C 342
R
P 0x7f2a7c191628
P 0x7f2a7c1a2b98
C 10
R
P 0x7f2a7c191628
C 342
R
P 0x7f2a7c191628
P 0x7f2a7c19c0a8
C 10
R
P 0x7f2a7c191628
C 342
R
P 0x7f2a7c191628
P 0x7f2a7c19c028
C 10
R
P 0x7f2a7c191628
C 342
R
P 0x7f2a7c191628
P 0x7f2a7c19f9c8
C 10
R
P 0x7f2a7c191628
C 342
R
P 0x7f2a7c191628
P 0x7f2a7c1a18c8
C 10
R
P 0x7f2a7c191628
C 342
R
P 0x7f2a7c191628
P 0x7f2a7c487b70
C 10
R
P 0x7f2a7c191628
C 342
R
P 0x7f2a7c191628
P 0x7f2a7c4881c8
C 10
R
P 0x7f2a7c191628
C 342
R
P 0x7f2a7c191628
P 0x7f2a7c1a18c8
C 10
R
P 0x7f2a7c191628
C 342
R
P 0x7f2a7c191628
P 0x7f2a7c487278
C 10
R
P 0x7f2a7c191628
C 342
R
P 0x7f2a7c191628
P 0x7f2a7c19bfe8
C 10
R
P 0x7f2a7c191628
C 342
R
P 0x7f2a7c191628
P 0x7f2a7c1a1820
C 10
R
P 0x7f2a7c191628
C 342
R
P 0x7f2a7c191628
P 0x7f2a7c1a1e08
C 10
R
P 0x7f2a7c191628
C 342
R
P 0x7f2a7c191628
P 0x7f2a7c19c148
C 10
R
P 0x7f2a7c191628
C 342
R
P 0x7f2a7c191628
P 0x7f2a7c487dd8
C 10
R
P 0x7f2a7c191628
C 342
R
P 0x7f2a7c191628
P 0x7f2a7c19bc88
C 10
R
P 0x7f2a7c191628
C 342
R
P 0x7f2a7c191628
P 0x7f2a7c19bc88
C 10
R
P 0x7f2a7c191628
C 342
R
P 0x7f2a7c191628
P 0x7f2a7c19c0e8
C 10
R
P 0x7f2a7c191628
C 342
R
P 0x7f2a7c191628
P 0x7f2a7c19c1c8
C 10
R
P 0x7f2a7c191628
C 342
R
P 0x7f2a7c191628
P 0x7f2a7c19bc88
C 10
R
P 0x7f2a7c191628
C 342
R
P 0x7f2a7c191628
P 0x7f2a7c48cfd0
C 10
R
P 0x7f2a7c191628
C 342
R
P 0x7f2a7c191628
P 0x7f2a7c1a1890
C 10
R
P 0x7f2a7c191628
C 342
R
P 0x7f2a7c191628
P 0x7f2a7c19c2a8
C 10
R
P 0x7f2a7c191628
C 342
R
P 0x7f2a7c191628
P 0x7f2a7c19f9c8
C 10
R
P 0x7f2a7c191628
C 342
R
P 0x7f2a7c191628
P 0x7f2a7c19bcc8
C 10
R
P 0x7f2a7c191628
C 342
R
P 0x7f2a7c191628
P 0x7f2a7c19c1e8
C 10
R
P 0x7f2a7c191628
C 342
R
P 0x7f2a7c191628
P 0x7f2a7c48ad20
C 10
R
P 0x7f2a7c191628
C 342
R
P 0x7f2a7c191628
P 0x7f2a7c4896b0
C 10
R
P 0x7f2a7c191628
C 342
R
P 0x7f2a7c191628
P 0x7f2a7c19c028
C 10
R
P 0x7f2a7c191628
C 342
R
P 0x7f2a7c191628
P 0x7f2a7c1a1900
C 10
R
P 0x7f2a7c191628
C 342
R
P 0x7f2a7c191628
P 0x7f2a7c1a22d8
C 10
R
P 0x7f2a7c191628
C 342
R
P 0x7f2a7c191628
P 0x7f2a7c19c1c8
C 10
R
P 0x7f2a7c191628
C 342
R
P 0x7f2a7c191628
P 0x7f2a7c487da0
C 10
R
P 0x7f2a7c191628
C 342
R
P 0x7f2a7c191628
P 0x7f2a7c19fa48
C 10
R
P 0x7f2a7c191628
C 342
R
P 0x7f2a7c191628
P 0x7f2a7c487080
C 10
R
P 0x7f2a7c191628
C 342
R
P 0x7f2a7c191628
P 0x7f2a7c19bc88
C 10
R
P 0x7f2a7c191628
C 342
R
P 0x7f2a7c191628
P 0x7f2a7c488cd8
C 10
R
P 0x7f2a7c191628
C 342
R
P 0x7f2a7c191628
P 0x7f2a7c19bc88
C 10
R
P 0x7f2a7c191628
C 342
R
P 0x7f2a7c191628
P 0x7f2a7c1a1778
C 10
R
P 0x7f2a7c191628
C 342
R
P 0x7f2a7c191628
P 0x7f2a7c19c0e8
C 10
R
P 0x7f2a7c191628
C 342
R
P 0x7f2a7c191628
P 0x7f2a7c19bc88
C 10
R
P 0x7f2a7c191628
C 342
R
P 0x7f2a7c191628
P 0x7f2a7c19bc88
C 10
R
P 0x7f2a7c191628
C 342
R
P 0x7f2a7c191628
P 0x7f2a7c488158
C 10
R
P 0x7f2a7c191628
C 342
R
P 0x7f2a7c191628
P 0x7f2a7c19bc88
C 10
R
P 0x7f2a7c191628
C 342
R
P 0x7f2a7c191628
P 0x7f2a7c4872b0
C 10
R
P 0x7f2a7c191628
C 342
R
P 0x7f2a7c191628
P 0x7f2a7c3813d8
C 10
R
P 0x7f2a7c191628
C 342
R
P 0x7f2a7c191628
P 0x7f2a7c487ba8
C 10
R
P 0x7f2a7c191628
C 342
R
P 0x7f2a7c191628
P 0x7f2a7c19bc88
C 10
R
P 0x7f2a7c191628
C 342
R
P 0x7f2a7c191628
P 0x7f2a7c19bc88
C 10
R
P 0x7f2a7c191628
C 342
R
P 0x7f2a7c191628
P 0x7f2a7c487c88
C 10
R
P 0x7f2a7c191628
C 342
R
P 0x7f2a7c191628
P 0x7f2a7c19c2a8
C 10
R
P 0x7f2a7c191628
C 342
R
P 0x7f2a7c191628
P 0x7f2a7c487f60
C 10
R
P 0x7f2a7c191628
C 342
R
P 0x7f2a7c191628
P 0x7f2a7c19bc88
C 10
R
P 0x7f2a7c191628
C 342
R
P 0x7f2a7c191628
P 0x7f2a7c19bfc8
C 10
R
P 0x7f2a7c191628
C 342
R
P 0x7f2a7c191628
P 0x7f2a7c19bc88
C 10
R
P 0x7f2a7c191628
C 342
R
P 0x7f2a7c191628
P 0x7f2a7c4883f8
C 10
R
P 0x7f2a7c191628
C 342
R
P 0x7f2a7c191628
P 0x7f2a7c19bc88
C 10
R
P 0x7f2a7c191628
C 342
R
P 0x7f2a7c191628
P 0x7f2a7c1a1858
C 10
R
P 0x7f2a7c191628
C 342
R
P 0x7f2a7c191628
P 0x7f2a7c19bc88
C 10
R
P 0x7f2a7c191628
C 342
R
P 0x7f2a7c191628
P 0x7f2a7c19c028
C 10
R
P 0x7f2a7c191628
C 342
R
P 0x7f2a7c191628
P 0x7f2a7c19c2a8
C 10
R
P 0x7f2a7c191628
C 342
R
P 0x7f2a7c191628
P 0x7f2a7c1a1778
C 10
R
P 0x7f2a7c191628
C 342
R
P 0x7f2a7c191628
P 0x7f2a7c48bf80
C 10
R
P 0x7f2a7c191628
C 342
R
P 0x7f2a7c191628
P 0x7f2a7c19c148
C 10
R
P 0x7f2a7c191628
C 342
R
P 0x7f2a7c191628
P 0x7f2a7c19f848
C 10
R
P 0x7f2a7c191628
C 342
R
P 0x7f2a7c191628
P 0x7f2a7c488158
C 10
R
P 0x7f2a7c191628
C 342
R
P 0x7f2a7c191628
P 0x7f2a7c479d90
C 10
R
P 0x7f2a7c191628
C 342
R
P 0x7f2a7c191628
P 0x7f2a7c19bfc8
C 10
R
P 0x7f2a7c191628
C 342
R
P 0x7f2a7c191628
P 0x7f2a7c19bd08
C 10
R
P 0x7f2a7c191628
C 342
R
P 0x7f2a7c191628
P 0x7f2a7c19c028
C 10
R
P 0x7f2a7c191628
C 342
R
P 0x7f2a7c191628
P 0x7f2a7c19bc88
C 10
R
P 0x7f2a7c191628
C 342
R
P 0x7f2a7c191628
P 0x7f2a7c4879b0
C 10
R
P 0x7f2a7c191628
C 342
R
P 0x7f2a7c191628
P 0x7f2a7c19c0e8
C 10
R
P 0x7f2a7c191628
C 342
R
P 0x7f2a7c191628
P 0x7f2a7c19c2a8
C 10
R
P 0x7f2a7c191628
C 342
R
P 0x7f2a7c191628
P 0x7f2a7c486fa0
C 10
R
P 0x7f2a7c191628
C 342
R
P 0x7f2a7c191628
P 0x7f2a7c488078
C 10
R
P 0x7f2a7c191628
C 342
R
P 0x7f2a7c191628
P 0x7f2a7c489f70
C 10
R
P 0x7f2a7c191628
C 342
R
P 0x7f2a7c191628
P 0x7f2a7c4873c8
C 10
R
P 0x7f2a7c191628
C 342
R
P 0x7f2a7c191628
P 0x7f2a7c4738e8
C 10
R
P 0x7f2a7c191628
C 342
R
P 0x7f2a7c191628
P 0x7f2a7c4879b0
C 10
R
P 0x7f2a7c191628
C 342
R
P 0x7f2a7c191628
P 0x7f2a7c19c128
C 10
R
P 0x7f2a7c191628
C 342
R
P 0x7f2a7c191628
P 0x7f2a7c19c148
C 10
R
P 0x7f2a7c191628
C 342
R
P 0x7f2a7c191628
P 0x7f2a7c19bfc8
C 10
R
P 0x7f2a7c191628
C 342
R
P 0x7f2a7c191628
P 0x7f2a7c19bfe8
C 10
R
P 0x7f2a7c191628
C 342
R
P 0x7f2a7c191628
P 0x7f2a7c486fd8
C 10
R
P 0x7f2a7c191628
C 342
R
P 0x7f2a7c191628
P 0x7f2a7c487da0
C 10
R
P 0x7f2a7c191628
C 342
R
P 0x7f2a7c191628
P 0x7f2a7c487390
C 10
R
P 0x7f2a7c191628
C 342
R
P 0x7f2a7c191628
P 0x7f2a7c19bc88
C 10
R
P 0x7f2a7c191628
C 342
R
P 0x7f2a7c191628
P 0x7f2a7c19bfc8
C 10
R
P 0x7f2a7c191628
C 342
R
P 0x7f2a7c191628
P 0x7f2a7c1a1cb8
C 10
R
P 0x7f2a7c191628
C 342
R
P 0x7f2a7c191628
P 0x7f2a7c4881c8
C 10
R
P 0x7f2a7c191628
C 342
R
P 0x7f2a7c191628
P 0x7f2a7c19c2a8
C 10
R
P 0x7f2a7c191628
C 342
R
P 0x7f2a7c191628
P 0x7f2a7c486fd8
C 10
R
P 0x7f2a7c191628
C 342
R
P 0x7f2a7c191628
P 0x7f2a7c489870
C 10
R
P 0x7f2a7c191628
C 342
R
P 0x7f2a7c191628
P 0x7f2a7c19c008
C 10
R
P 0x7f2a7c191628
C 342
R
P 0x7f2a7c191628
P 0x7f2a7c19c148
C 10
R
P 0x7f2a7c191628
C 342
R
P 0x7f2a7c191628
P 0x7f2a7c487ba8
C 10
R
P 0x7f2a7c191628
C 342
R
P 0x7f2a7c191628
P 0x7f2a7c478a50
C 10
R
P 0x7f2a7c191628
C 342
R
P 0x7f2a7c191628
P 0x7f2a7c473fa8
C 10
R
P 0x7f2a7c191628
C 342
R
P 0x7f2a7c191628
P 0x7f2a7c4873c8
C 10
R
P 0x7f2a7c191628
C 342
R
P 0x7f2a7c191628
P 0x7f2a7c487278
C 10
R
P 0x7f2a7c191628
C 342
R
P 0x7f2a7c191628
P 0x7f2a7c1a1890
C 10
R
P 0x7f2a7c191628
C 342
R
P 0x7f2a7c191628
P 0x7f2a7c19c048
C 10
R
P 0x7f2a7c191628
C 342
R
P 0x7f2a7c191628
P 0x7f2a7c19f888
C 10
R
P 0x7f2a7c191628
C 342
R
P 0x7f2a7c191628
P 0x7f2a7c19c188
C 10
R
P 0x7f2a7c191628
C 342
R
P 0x7f2a7c191628
P 0x7f2a7c487010
C 10
R
P 0x7f2a7c191628
C 342
R
P 0x7f2a7c191628
P 0x7f2a7c48b810
C 10
R
P 0x7f2a7c191628
C 342
R
P 0x7f2a7c191628
P 0x7f2a7c19bc88
C 10
R
P 0x7f2a7c191628
C 342
R
P 0x7f2a7c191628
P 0x7f2a7c19bc88
C 10
R
P 0x7f2a7c191628
C 342
R
P 0x7f2a7c191628
P 0x7f2a7c19bfc8
C 10
R
P 0x7f2a7c191628
C 342
R
P 0x7f2a7c191628
P 0x7f2a7c487e10
C 10
R
P 0x7f2a7c191628
C 342
R
P 0x7f2a7c191628
P 0x7f2a7c1a1f58
C 10
R
P 0x7f2a7c191628
C 342
R
P 0x7f2a7c191628
P 0x7f2a7c48ccf8
C 10
R
P 0x7f2a7c191628
C 342
R
P 0x7f2a7c191628
P 0x7f2a7c19bfa8
C 10
R
P 0x7f2a7c191628
C 342
R
P 0x7f2a7c191628
P 0x7f2a7c19c188
C 10
R
P 0x7f2a7c191628
C 342
R
P 0x7f2a7c191628
P 0x7f2a7c19c028
C 10
R
P 0x7f2a7c191628
C 342
R
P 0x7f2a7c191628
P 0x7f2a7c19c0e8
C 10
R
P 0x7f2a7c191628
C 342
R
P 0x7f2a7c191628
P 0x7f2a7c19fac8
C 10
R
P 0x7f2a7c191628
C 342
R
P 0x7f2a7c191628
P 0x7f2a7c4881c8
C 10
R
P 0x7f2a7c191628
C 342
R
P 0x7f2a7c191628
P 0x7f2a7c487470
C 10
R
P 0x7f2a7c191628
C 342
R
P 0x7f2a7c191628
P 0x7f2a7c19bc88
C 10
R
P 0x7f2a7c191628
C 342
R
P 0x7f2a7c191628
P 0x7f2a7c19bc88
C 10
R
P 0x7f2a7c191628
C 342
R
P 0x7f2a7c191628
P 0x7f2a7c19fa08
C 10
R
P 0x7f2a7c191628
C 342
R
P 0x7f2a7c191628
P 0x7f2a7c19bc88
C 10
R
P 0x7f2a7c191628
C 342
R
P 0x7f2a7c191628
P 0x7f2a7c19bc88
C 10
R
P 0x7f2a7c191628
C 342
R
P 0x7f2a7c191628
P 0x7f2a7c489870
C 10
R
P 0x7f2a7c191628
C 342
R
P 0x7f2a7c191628
P 0x7f2a7c19bc88
C 10
R
P 0x7f2a7c191628
C 342
R
P 0x7f2a7c191628
P 0x7f2a7c48b0d8
C 10
R
P 0x7f2a7c191628
C 342
R
P 0x7f2a7c191628
P 0x7f2a7c19c1a8
C 10
R
P 0x7f2a7c191628
C 342
R
P 0x7f2a7c191628
P 0x7f2a7c486ad0
C 10
R
P 0x7f2a7c191628
C 342
R
P 0x7f2a7c191628
P 0x7f2a7c19bfc8
C 10
R
P 0x7f2a7c191628
C 342
R
P 0x7f2a7c191628
P 0x7f2a7c19ed28
C 10
R
P 0x7f2a7c191628
C 342
R
P 0x7f2a7c191628
P 0x7f2a7c487940
C 10
R
P 0x7f2a7c191628
C 342
R
P 0x7f2a7c191628
P 0x7f2a7c19fb08
C 10
R
P 0x7f2a7c191628
C 342
R
P 0x7f2a7c191628
P 0x7f2a7c19bc88
C 10
R
P 0x7f2a7c191628
C 342
R
P 0x7f2a7c191628
P 0x7f2a7c2cd148
C 10
R
P 0x7f2a7c191628
C 342
R
P 0x7f2a7c191628
P 0x7f2a7c19c008
C 10
R
P 0x7f2a7c191628
C 342
R
P 0x7f2a7c191628
P 0x7f2a7c487b70
C 10
R
P 0x7f2a7c191628
C 342
R
P 0x7f2a7c191628
P 0x7f2a7c19bc88
C 10
R
P 0x7f2a7c191628
C 342
R
P 0x7f2a7c191628
P 0x7f2a7c48c6b8
C 10
R
P 0x7f2a7c191628
C 342
R
P 0x7f2a7c191628
P 0x7f2a7c1a18c8
C 10
R
P 0x7f2a7c191628
C 342
R
P 0x7f2a7c191628
P 0x7f2a7c488158
C 10
R
P 0x7f2a7c191628
C 342
R
P 0x7f2a7c191628
P 0x7f2a7c486fd8
C 10
R
P 0x7f2a7c191628
C 342
R
P 0x7f2a7c191628
P 0x7f2a7c487080
C 10
R
P 0x7f2a7c191628
C 342
R
P 0x7f2a7c191628
P 0x7f2a7c1a1f58
C 10
R
P 0x7f2a7c191628
C 342
R
P 0x7f2a7c191628
P 0x7f2a7c4768c0
C 10
R
P 0x7f2a7c191628
C 342
R
P 0x7f2a7c191628
P 0x7f2a7c19bc88
C 10
R
P 0x7f2a7c191628
C 342
R
P 0x7f2a7c191628
P 0x7f2a7c1a25e8
C 10
R
P 0x7f2a7c191628
C 342
R
P 0x7f2a7c191628
P 0x7f2a7c19c2a8
C 10
R
P 0x7f2a7c191628
C 342
R
P 0x7f2a7c191628
P 0x7f2a7c19bd08
C 10
R
P 0x7f2a7c191628
C 342
R
P 0x7f2a7c191628
P 0x7f2a7c1a1890
C 10
R
P 0x7f2a7c191628
C 342
R
P 0x7f2a7c191628
P 0x7f2a7c1a1778
C 10
R
P 0x7f2a7c191628
C 342
R
P 0x7f2a7c191628
P 0x7f2a7c19c2a8
C 10
R
P 0x7f2a7c191628
C 342
R
P 0x7f2a7c191628
P 0x7f2a7c487da0
C 10
R
P 0x7f2a7c191628
C 342
R
P 0x7f2a7c191628
P 0x7f2a7c19c2a8
C 10
R
P 0x7f2a7c191628
C 342
R
P 0x7f2a7c191628
P 0x7f2a7c487278
C 10
R
P 0x7f2a7c191628
C 342
R
P 0x7f2a7c191628
P 0x7f2a7c19bd08
C 10
R
P 0x7f2a7c191628
C 342
R
P 0x7f2a7c191628
P 0x7f2a7c487f98
C 10
R
P 0x7f2a7c191628
C 342
R
P 0x7f2a7c191628
P 0x7f2a7c19bc88
C 10
R
P 0x7f2a7c191628
C 342
R
P 0x7f2a7c191628
P 0x7f2a7c479268
C 10
R
P 0x7f2a7c191628
C 342
R
P 0x7f2a7c191628
P 0x7f2a7c19bc88
C 10
R
P 0x7f2a7c191628
C 342
R
P 0x7f2a7c191628
P 0x7f2a7c486ef8
C 10
R
P 0x7f2a7c191628
C 342
R
P 0x7f2a7c191628
P 0x7f2a7c1a17e8
C 10
R
P 0x7f2a7c191628
C 342
R
P 0x7f2a7c191628
P 0x7f2a7c4796c8
C 10
R
P 0x7f2a7c191628
C 342
R
P 0x7f2a7c191628
P 0x7f2a7c1a1858
C 10
R
P 0x7f2a7c191628
C 342
R
P 0x7f2a7c191628
P 0x7f2a7c1a1820
C 10
R
P 0x7f2a7c191628
C 342
R
P 0x7f2a7c191628
P 0x7f2a7c488190
C 10
R
P 0x7f2a7c191628
C 342
R
P 0x7f2a7c191628
P 0x7f2a7c487c18
C 10
R
P 0x7f2a7c191628
C 342
R
P 0x7f2a7c191628
P 0x7f2a7c4873c8
C 10
R
P 0x7f2a7c191628
C 342
R
P 0x7f2a7c191628
P 0x7f2a7c19bc88
C 10
R
P 0x7f2a7c191628
C 342
R
P 0x7f2a7c191628
P 0x7f2a7c1a1970
C 10
R
P 0x7f2a7c191628
C 342
R
P 0x7f2a7c191628
P 0x7f2a7c4732e8
C 10
R
P 0x7f2a7c191628
C 342
R
P 0x7f2a7c191628
P 0x7f2a7c1a1858
C 10
R
P 0x7f2a7c191628
C 342
R
P 0x7f2a7c191628
P 0x7f2a7c19f848
C 10
R
P 0x7f2a7c191628
C 342
R
P 0x7f2a7c191628
P 0x7f2a7c19bc88
C 10
R
P 0x7f2a7c191628
C 342
R
P 0x7f2a7c191628
P 0x7f2a7c4881c8
C 10
R
P 0x7f2a7c191628
C 342
R
P 0x7f2a7c191628
P 0x7f2a7c19bf88
C 10
R
P 0x7f2a7c191628
C 342
R
P 0x7f2a7c191628
P 0x7f2a7c4733d8
C 10
R
P 0x7f2a7c191628
C 342
R
P 0x7f2a7c191628
P 0x7f2a7c19bf48
C 10
R
P 0x7f2a7c191628
C 342
R
P 0x7f2a7c191628
P 0x7f2a7c19e188
C 10
R
P 0x7f2a7c191628
C 342
R
P 0x7f2a7c191628
P 0x7f2a7c487080
C 10
R
P 0x7f2a7c191628
C 342
R
P 0x7f2a7c191628
P 0x7f2a7c48aff8
C 10
R
P 0x7f2a7c191628
C 342
R
P 0x7f2a7c191628
P 0x7f2a7c487390
C 10
R
P 0x7f2a7c191628
C 342
R
P 0x7f2a7c191628
P 0x7f2a7c19bc88
C 10
R
P 0x7f2a7c191628
C 342
R
P 0x7f2a7c191628
P 0x7f2a7c19c068
C 10
R
P 0x7f2a7c191628
C 342
R
P 0x7f2a7c191628
P 0x7f2a7c19c088
C 10
R
P 0x7f2a7c191628
C 342
R
P 0x7f2a7c191628
P 0x7f2a7c1a1f58
C 10
R
P 0x7f2a7c191628
C 342
R
P 0x7f2a7c191628
P 0x7f2a7c19bc88
C 10
R
P 0x7f2a7c191628
C 342
R
P 0x7f2a7c191628
P 0x7f2a7c19bc88
C 10
R
P 0x7f2a7c191628
C 342
R
P 0x7f2a7c191628
P 0x7f2a7c19fac8
C 10
R
P 0x7f2a7c191628
C 342
R
P 0x7f2a7c191628
P 0x7f2a7c488a38
C 10
R
P 0x7f2a7c191628
C 342
R
P 0x7f2a7c191628
P 0x7f2a7c19c2a8
C 10
R
P 0x7f2a7c191628
C 342
R
P 0x7f2a7c191628
P 0x7f2a7c19bf88
C 10
R
P 0x7f2a7c191628
C 342
R
P 0x7f2a7c191628
P 0x7f2a7c487390
C 10
R
P 0x7f2a7c191628
C 342
R
P 0x7f2a7c191628
P 0x7f2a7c487240
C 10
R
P 0x7f2a7c191628
C 342
R
P 0x7f2a7c191628
P 0x7f2a7c19c0e8
C 10
R
P 0x7f2a7c191628
C 342
R
P 0x7f2a7c191628
P 0x7f2a7c19bc88
C 10
R
P 0x7f2a7c191628
C 342
R
P 0x7f2a7c191628
P 0x7f2a7c19bc88
C 10
R
P 0x7f2a7c191628
C 342
R
P 0x7f2a7c191628
P 0x7f2a7c19bc88
C 10
R
P 0x7f2a7c191628
C 342
R
P 0x7f2a7c191628
P 0x7f2a7c1a1820
C 10
R
P 0x7f2a7c191628
C 342
R
P 0x7f2a7c191628
P 0x7f2a7c2cc3b8
C 10
R
P 0x7f2a7c191628
C 342
R
P 0x7f2a7c191628
P 0x7f2a7c19c028
C 10
R
P 0x7f2a7c191628
C 342
R
P 0x7f2a7c191628
P 0x7f2a7c476818
C 10
R
P 0x7f2a7c191628
C 342
R
P 0x7f2a7c191628
P 0x7f2a7c1a3110
C 10
R
P 0x7f2a7c191628
C 342
R
P 0x7f2a7c191628
P 0x7f2a7c19c028
C 10
R
P 0x7f2a7c191628
C 342
R
P 0x7f2a7c191628
P 0x7f2a7c19bc88
C 10
R
P 0x7f2a7c191628
C 342
R
P 0x7f2a7c191628
P 0x7f2a7c48a9a0
C 10
R
P 0x7f2a7c191628
C 342
R
P 0x7f2a7c191628
P 0x7f2a7c487908
C 10
R
P 0x7f2a7c191628
C 342
R
P 0x7f2a7c191628
P 0x7f2a7c2cc2a0
C 10
R
P 0x7f2a7c191628
C 342
R
P 0x7f2a7c191628
P 0x7f2a7c2cc460
C 10
R
P 0x7f2a7c191628
C 342
R
P 0x7f2a7c191628
P 0x7f2a7c19c0e8
C 10
R
P 0x7f2a7c191628
C 342
R
P 0x7f2a7c191628
P 0x7f2a7c487438
C 10
R
P 0x7f2a7c191628
C 342
R
P 0x7f2a7c191628
P 0x7f2a7c19c008
C 10
R
P 0x7f2a7c191628
C 342
R
P 0x7f2a7c191628
P 0x7f2a7c19c028
C 10
R
P 0x7f2a7c191628
C 342
R
P 0x7f2a7c191628
P 0x7f2a7c487d68
C 10
R
P 0x7f2a7c191628
C 342
R
P 0x7f2a7c191628
P 0x7f2a7c1a18c8
C 10
R
P 0x7f2a7c191628
C 342
R
P 0x7f2a7c191628
P 0x7f2a7c4873c8
C 10
R
P 0x7f2a7c191628
C 342
R
P 0x7f2a7c191628
P 0x7f2a7c19bcc8
C 10
R
P 0x7f2a7c191628
C 342
R
P 0x7f2a7c191628
P 0x7f2a7c476118
C 10
R
P 0x7f2a7c191628
C 342
R
P 0x7f2a7c191628
P 0x7f2a7c19bc88
C 10
R
P 0x7f2a7c191628
C 342
R
P 0x7f2a7c191628
P 0x7f2a7c487ba8
C 10
R
P 0x7f2a7c191628
C 342
R
P 0x7f2a7c191628
P 0x7f2a7c487da0
C 10
R
P 0x7f2a7c191628
C 342
R
P 0x7f2a7c191628
P 0x7f2a7c1a2bd0
C 10
R
P 0x7f2a7c191628
C 342
R
P 0x7f2a7c191628
P 0x7f2a7c19bc88
C 10
R
P 0x7f2a7c191628
C 342
R
P 0x7f2a7c191628
P 0x7f2a7c19bca8
C 10
R
P 0x7f2a7c191628
C 342
R
P 0x7f2a7c191628
P 0x7f2a7c19c068
C 10
R
P 0x7f2a7c191628
C 342
R
P 0x7f2a7c191628
P 0x7f2a7c486a98
C 10
R
P 0x7f2a7c191628
C 342
R
P 0x7f2a7c191628
P 0x7f2a7c19e6f8
C 10
R
P 0x7f2a7c191628
C 342
R
P 0x7f2a7c191628
P 0x7f2a7c19bf48
C 10
R
P 0x7f2a7c191628
C 342
R
P 0x7f2a7c191628
P 0x7f2a7c1a1900
C 10
R
P 0x7f2a7c191628
C 342
R
P 0x7f2a7c191628
P 0x7f2a7c487f60
C 10
R
P 0x7f2a7c191628
C 342
R
P 0x7f2a7c191628
P 0x7f2a7c19fa08
C 10
R
P 0x7f2a7c191628
C 342
R
P 0x7f2a7c191628
P 0x7f2a7c4873c8
C 10
R
P 0x7f2a7c191628
C 342
R
P 0x7f2a7c191628
P 0x7f2a7c1a1890
C 10
R
P 0x7f2a7c191628
C 342
R
P 0x7f2a7c191628
P 0x7f2a7c19fb08
C 10
R
P 0x7f2a7c191628
C 342
R
P 0x7f2a7c191628
P 0x7f2a7c19c188
C 10
R
P 0x7f2a7c191628
C 342
R
P 0x7f2a7c191628
P 0x7f2a7c487128
C 10
R
P 0x7f2a7c191628
C 342
R
P 0x7f2a7c191628
P 0x7f2a7c48c9b0
C 10
R
P 0x7f2a7c191628
C 342
R
P 0x7f2a7c191628
P 0x7f2a7c19fa48
C 10
R
P 0x7f2a7c191628
C 342
R
P 0x7f2a7c191628
P 0x7f2a7c1a18c8
C 10
R
P 0x7f2a7c191628
C 342
R
P 0x7f2a7c191628
P 0x7f2a7c19c088
C 10
R
P 0x7f2a7c191628
C 342
R
P 0x7f2a7c191628
P 0x7f2a7c19c0a8
C 10
R
P 0x7f2a7c191628
C 342
R
P 0x7f2a7c191628
P 0x7f2a7c19bcc8
C 10
R
P 0x7f2a7c191628
C 342
R
P 0x7f2a7c191628
P 0x7f2a7c487908
C 10
R
P 0x7f2a7c191628
C 342
R
P 0x7f2a7c191628
P 0x7f2a7c19c1a8
C 10
R
P 0x7f2a7c191628
C 342
R
P 0x7f2a7c191628
P 0x7f2a7c19f848
C 10
R
P 0x7f2a7c191628
C 342
R
P 0x7f2a7c191628
P 0x7f2a7c19bc88
C 10
R
P 0x7f2a7c191628
C 342
R
P 0x7f2a7c191628
P 0x7f2a7c19bc88
C 10
R
P 0x7f2a7c191628
C 342
R
P 0x7f2a7c191628
P 0x7f2a7c486f68
C 10
R
P 0x7f2a7c191628
C 342
R
P 0x7f2a7c191628
P 0x7f2a7c19bcc8
C 10
R
P 0x7f2a7c191628
C 342
R
P 0x7f2a7c191628
P 0x7f2a7c19c028
C 10
R
P 0x7f2a7c191628
C 342
R
P 0x7f2a7c191628
P 0x7f2a7c48b570
C 10
R
P 0x7f2a7c191628
C 342
R
P 0x7f2a7c191628
P 0x7f2a7c19bfe8
C 10
R
P 0x7f2a7c191628
C 342
R
P 0x7f2a7c191628
P 0x7f2a7c489a30
C 10
R
P 0x7f2a7c191628
C 342
R
P 0x7f2a7c191628
P 0x7f2a7c19c268
C 10
R
P 0x7f2a7c191628
C 342
R
P 0x7f2a7c191628
P 0x7f2a7c4896b0
C 10
R
P 0x7f2a7c191628
C 342
R
P 0x7f2a7c191628
P 0x7f2a7c19bc88
C 10
R
P 0x7f2a7c191628
C 342
R
P 0x7f2a7c191628
P 0x7f2a7c4873c8
C 10
R
P 0x7f2a7c191628
C 342
R
P 0x7f2a7c191628
P 0x7f2a7c1a1778
C 10
R
P 0x7f2a7c191628
C 342
R
P 0x7f2a7c191628
P 0x7f2a7c2cb7b0
C 10
R
P 0x7f2a7c191628
C 342
R
P 0x7f2a7c191628
P 0x7f2a7c1a1f58
C 10
R
P 0x7f2a7c191628
C 342
R
P 0x7f2a7c191628
P 0x7f2a7c19bcc8
C 10
R
P 0x7f2a7c191628
C 342
R
P 0x7f2a7c191628
P 0x7f2a7c19c2a8
C 10
R
P 0x7f2a7c191628
C 342
R
P 0x7f2a7c191628
P 0x7f2a7c487208
C 10
R
P 0x7f2a7c191628
C 342
R
P 0x7f2a7c191628
P 0x7f2a7c19f888
C 10
R
P 0x7f2a7c191628
C 342
R
P 0x7f2a7c191628
P 0x7f2a7c19c248
C 10
R
P 0x7f2a7c191628
C 342
R
P 0x7f2a7c191628
P 0x7f2a7c487da0
C 10
R
P 0x7f2a7c191628
C 342
R
P 0x7f2a7c191628
P 0x7f2a7c19c028
C 10
R
P 0x7f2a7c191628
C 342
R
P 0x7f2a7c191628
P 0x7f2a7c19f848
C 10
R
P 0x7f2a7c191628
C 342
R
P 0x7f2a7c191628
P 0x7f2a7c19e368
C 10
R
P 0x7f2a7c191628
C 342
R
P 0x7f2a7c191628
P 0x7f2a7c19bf88
C 10
R
P 0x7f2a7c191628
C 342
R
P 0x7f2a7c191628
P 0x7f2a7c19bcc8
C 10
R
P 0x7f2a7c191628
C 342
R
P 0x7f2a7c191628
P 0x7f2a7c19fb08
C 10
R
P 0x7f2a7c191628
C 342
R
P 0x7f2a7c191628
P 0x7f2a7c48bed8
C 10
R
P 0x7f2a7c191628
C 342
R
P 0x7f2a7c191628
P 0x7f2a7c19bc88
C 10
R
P 0x7f2a7c191628
C 342
R
P 0x7f2a7c191628
P 0x7f2a7c487278
C 10
R
P 0x7f2a7c191628
C 342
R
P 0x7f2a7c191628
P 0x7f2a7c19bfc8
C 10
R
P 0x7f2a7c191628
C 342
R
P 0x7f2a7c191628
P 0x7f2a7c19bcc8
C 10
R
P 0x7f2a7c191628
C 342
R
P 0x7f2a7c191628
P 0x7f2a7c19bc88
C 10
R
P 0x7f2a7c191628
C 342
R
P 0x7f2a7c191628
P 0x7f2a7c487908
C 10
R
P 0x7f2a7c191628
C 342
R
P 0x7f2a7c191628
P 0x7f2a7c4873c8
C 10
R
P 0x7f2a7c191628
C 342
R
P 0x7f2a7c191628
P 0x7f2a7c2cc9d8
C 10
R
P 0x7f2a7c191628
C 342
R
P 0x7f2a7c191628
P 0x7f2a7c48bea0
C 10
R
P 0x7f2a7c191628
C 342
R
P 0x7f2a7c191628
P 0x7f2a7c19c088
C 10
R
P 0x7f2a7c191628
C 342
R
P 0x7f2a7c191628
P 0x7f2a7c487940
C 10
R
P 0x7f2a7c191628
C 342
R
P 0x7f2a7c191628
P 0x7f2a7c48e0e0
C 10
R
P 0x7f2a7c191628
C 342
R
P 0x7f2a7c191628
P 0x7f2a7c19c0a8
C 10
R
P 0x7f2a7c191628
C 342
R
P 0x7f2a7c191628
P 0x7f2a7c19bfc8
C 10
R
P 0x7f2a7c191628
C 342
R
P 0x7f2a7c191628
P 0x7f2a7c19fb08
C 10
R
P 0x7f2a7c191628
C 342
R
P 0x7f2a7c191628
P 0x7f2a7c487908
C 10
R
P 0x7f2a7c191628
C 342
R
P 0x7f2a7c191628
P 0x7f2a7c19c048
C 10
R
P 0x7f2a7c191628
C 342
R
P 0x7f2a7c191628
P 0x7f2a7c478628
C 10
R
P 0x7f2a7c191628
C 342
R
P 0x7f2a7c191628
P 0x7f2a7c1a21f8
C 10
R
P 0x7f2a7c191628
C 342
R
P 0x7f2a7c191628
P 0x7f2a7c487da0
C 10
R
P 0x7f2a7c191628
C 342
R
P 0x7f2a7c191628
P 0x7f2a7c487010
C 10
R
P 0x7f2a7c191628
C 342
R
P 0x7f2a7c191628
P 0x7f2a7c19db58
C 10
R
P 0x7f2a7c191628
C 342
R
P 0x7f2a7c191628
P 0x7f2a7c19bfc8
C 10
R
P 0x7f2a7c191628
C 342
R
P 0x7f2a7c191628
P 0x7f2a7c19c0a8
C 10
R
P 0x7f2a7c191628
C 342
R
P 0x7f2a7c191628
P 0x7f2a7c19bcc8
C 10
R
P 0x7f2a7c191628
C 342
R
P 0x7f2a7c191628
P 0x7f2a7c19c068
C 10
R
P 0x7f2a7c191628
C 342
R
P 0x7f2a7c191628
P 0x7f2a7c1a1900
C 10
R
P 0x7f2a7c191628
C 342
R
P 0x7f2a7c191628
P 0x7f2a7c487da0
C 10
R
P 0x7f2a7c191628
C 342
R
P 0x7f2a7c191628
P 0x7f2a7c1a1f90
C 10
R
P 0x7f2a7c191628
C 342
R
P 0x7f2a7c191628
P 0x7f2a7c19c168
C 10
R
P 0x7f2a7c191628
C 342
R
P 0x7f2a7c191628
P 0x7f2a7c1a18c8
C 10
R
P 0x7f2a7c191628
C 342
R
P 0x7f2a7c191628
P 0x7f2a7c489c98
C 10
R
P 0x7f2a7c191628
C 342
R
P 0x7f2a7c191628
P 0x7f2a7c487ba8
C 10
R
P 0x7f2a7c191628
C 342
R
P 0x7f2a7c191628
P 0x7f2a7c19c088
C 10
R
P 0x7f2a7c191628
C 342
R
P 0x7f2a7c191628
P 0x7f2a7c19c128
C 10
R
P 0x7f2a7c191628
C 342
R
P 0x7f2a7c191628
P 0x7f2a7c19c188
C 10
R
P 0x7f2a7c191628
C 342
R
P 0x7f2a7c191628
P 0x7f2a7c19bfe8
C 10
R
P 0x7f2a7c191628
C 342
R
P 0x7f2a7c191628
P 0x7f2a7c19bcc8
C 10
R
P 0x7f2a7c191628
C 342
R
P 0x7f2a7c191628
P 0x7f2a7c19bc88
C 10
R
P 0x7f2a7c191628
C 342
R
P 0x7f2a7c191628
P 0x7f2a7c19c108
C 10
R
P 0x7f2a7c191628
C 342
R
P 0x7f2a7c191628
P 0x7f2a7c4799a0
C 10
R
P 0x7f2a7c191628
C 342
R
P 0x7f2a7c191628
P 0x7f2a7c19bfe8
C 10
R
P 0x7f2a7c191628
C 342
R
P 0x7f2a7c191628
P 0x7f2a7c19bc88
C 10
R
P 0x7f2a7c191628
C 342
R
P 0x7f2a7c191628
P 0x7f2a7c1a2498
C 10
R
P 0x7f2a7c191628
C 342
R
P 0x7f2a7c191628
P 0x7f2a7c473918
C 10
R
P 0x7f2a7c191628
C 342
R
P 0x7f2a7c191628
P 0x7f2a7c1a1778
C 10
R
P 0x7f2a7c191628
C 342
R
P 0x7f2a7c191628
P 0x7f2a7c19c008
C 10
R
P 0x7f2a7c191628
C 342
R
P 0x7f2a7c191628
P 0x7f2a7c19bce8
C 10
R
P 0x7f2a7c191628
C 342
R
P 0x7f2a7c191628
P 0x7f2a7c19f888
C 10
R
P 0x7f2a7c191628
C 342
R
P 0x7f2a7c191628
P 0x7f2a7c19bca8
C 10
R
P 0x7f2a7c191628
C 342
R
P 0x7f2a7c191628
P 0x7f2a7c19ea88
C 10
R
P 0x7f2a7c191628
C 342
R
P 0x7f2a7c191628
P 0x7f2a7c19c2a8
C 10
R
P 0x7f2a7c191628
C 342
R
P 0x7f2a7c191628
P 0x7f2a7c19bc88
C 10
R
P 0x7f2a7c191628
C 342
R
P 0x7f2a7c191628
P 0x7f2a7c19c048
C 10
R
P 0x7f2a7c191628
C 342
R
P 0x7f2a7c191628
P 0x7f2a7c19c028
C 10
R
P 0x7f2a7c191628
C 342
R
P 0x7f2a7c191628
P 0x7f2a7c19bcc8
C 10
R
P 0x7f2a7c191628
C 342
R
P 0x7f2a7c191628
P 0x7f2a7c19bcc8
C 10
R
P 0x7f2a7c191628
C 342
R
P 0x7f2a7c191628
P 0x7f2a7c19bfc8
C 10
R
P 0x7f2a7c191628
C 342
R
P 0x7f2a7c191628
P 0x7f2a7c19c0e8
C 10
R
P 0x7f2a7c191628
C 342
R
P 0x7f2a7c191628
P 0x7f2a7c19c0e8
C 10
R
P 0x7f2a7c191628
C 342
R
P 0x7f2a7c191628
P 0x7f2a7c1a1858
C 10
R
P 0x7f2a7c191628
C 342
R
P 0x7f2a7c191628
P 0x7f2a7c487fd0
C 10
R
P 0x7f2a7c191628
C 342
R
P 0x7f2a7c191628
P 0x7f2a7c1a1890
C 10
R
P 0x7f2a7c191628
C 342
R
P 0x7f2a7c191628
P 0x7f2a7c4881c8
C 10
R
P 0x7f2a7c191628
C 342
R
P 0x7f2a7c191628
P 0x7f2a7c19f9c8
C 10
R
P 0x7f2a7c191628
C 342
R
P 0x7f2a7c191628
P 0x7f2a7c19bfc8
C 10
R
P 0x7f2a7c191628
C 342
R
P 0x7f2a7c191628
P 0x7f2a7c473678
C 10
R
P 0x7f2a7c191628
C 342
R
P 0x7f2a7c191628
P 0x7f2a7c19bc88
C 10
R
P 0x7f2a7c191628
C 342
R
P 0x7f2a7c191628
P 0x7f2a7c4793b8
C 10
R
P 0x7f2a7c191628
C 342
R
P 0x7f2a7c191628
P 0x7f2a7c19bc88
C 10
R
P 0x7f2a7c191628
C 342
R
P 0x7f2a7c191628
P 0x7f2a7c1a17e8
C 10
R
P 0x7f2a7c191628
C 342
R
P 0x7f2a7c191628
P 0x7f2a7c19f888
C 10
R
P 0x7f2a7c191628
C 342
R
P 0x7f2a7c191628
P 0x7f2a7c1a1900
C 10
R
P 0x7f2a7c191628
C 342
R
P 0x7f2a7c191628
P 0x7f2a7c487240
C 10
R
P 0x7f2a7c191628
C 342
R
P 0x7f2a7c191628
P 0x7f2a7c1a1778
C 10
R
P 0x7f2a7c191628
C 342
R
P 0x7f2a7c191628
P 0x7f2a7c19fb08
C 10
R
P 0x7f2a7c191628
C 342
R
P 0x7f2a7c191628
P 0x7f2a7c19c028
C 10
R
P 0x7f2a7c191628
C 342
R
P 0x7f2a7c191628
P 0x7f2a7c19bc88
C 10
R
P 0x7f2a7c191628
C 342
R
P 0x7f2a7c191628
P 0x7f2a7c19c148
C 10
R
P 0x7f2a7c191628
C 342
R
P 0x7f2a7c191628
P 0x7f2a7c4785f0
C 10
R
P 0x7f2a7c191628
C 342
R
P 0x7f2a7c191628
P 0x7f2a7c19c2a8
C 10
R
P 0x7f2a7c191628
C 342
R
P 0x7f2a7c191628
P 0x7f2a7c1a1970
C 10
R
P 0x7f2a7c191628
C 342
R
P 0x7f2a7c191628
P 0x7f2a7c19c028
C 10
R
P 0x7f2a7c191628
C 342
R
P 0x7f2a7c191628
P 0x7f2a7c476850
C 10
R
P 0x7f2a7c191628
C 342
R
P 0x7f2a7c191628
P 0x7f2a7c19bc88
C 10
R
P 0x7f2a7c191628
C 342
R
P 0x7f2a7c191628
P 0x7f2a7c2cc038
C 10
R
P 0x7f2a7c191628
C 342
R
P 0x7f2a7c191628
P 0x7f2a7c48c610
C 10
R
P 0x7f2a7c191628
C 342
R
P 0x7f2a7c191628
P 0x7f2a7c19bc88
C 10
R
P 0x7f2a7c191628
C 342
R
P 0x7f2a7c191628
P 0x7f2a7c1a1cb8
C 10
R
P 0x7f2a7c191628
C 342
R
P 0x7f2a7c191628
P 0x7f2a7c19c048
C 10
R
P 0x7f2a7c191628
C 342
R
P 0x7f2a7c191628
P 0x7f2a7c19c088
C 10
R
P 0x7f2a7c191628
C 342
R
P 0x7f2a7c191628
P 0x7f2a7c487d68
C 10
R
P 0x7f2a7c191628
C 342
R
P 0x7f2a7c191628
P 0x7f2a7c487390
C 10
R
P 0x7f2a7c191628
C 342
R
P 0x7f2a7c191628
P 0x7f2a7c486b78
C 10
R
P 0x7f2a7c191628
C 342
R
P 0x7f2a7c191628
P 0x7f2a7c19bc88
C 10
R
P 0x7f2a7c191628
C 342
R
P 0x7f2a7c191628
P 0x7f2a7c19bc88
C 10
R
P 0x7f2a7c191628
C 342
R
P 0x7f2a7c191628
P 0x7f2a7c19fb08
C 10
R
P 0x7f2a7c191628
C 342
R
P 0x7f2a7c191628
P 0x7f2a7c19c1c8
C 10
R
P 0x7f2a7c191628
C 342
R
P 0x7f2a7c191628
P 0x7f2a7c19bc88
C 10
R
P 0x7f2a7c191628
C 342
R
P 0x7f2a7c191628
P 0x7f2a7c487d68
C 10
R
P 0x7f2a7c191628
C 342
R
P 0x7f2a7c191628
P 0x7f2a7c19c2a8
C 10
R
P 0x7f2a7c191628
C 342
R
P 0x7f2a7c191628
P 0x7f2a7c19bc88
C 10
R
P 0x7f2a7c191628
C 342
R
P 0x7f2a7c191628
P 0x7f2a7c19bc88
C 10
R
P 0x7f2a7c191628
C 342
R
P 0x7f2a7c191628
P 0x7f2a7c487908
C 10
R
P 0x7f2a7c191628
C 342
R
P 0x7f2a7c191628
P 0x7f2a7c19bc88
C 10
R
P 0x7f2a7c191628
C 342
R
P 0x7f2a7c191628
P 0x7f2a7c19bd08
C 10
R
P 0x7f2a7c191628
C 342
R
P 0x7f2a7c191628
P 0x7f2a7c19c148
C 10
R
P 0x7f2a7c191628
C 342
R
P 0x7f2a7c191628
P 0x7f2a7c19bc88
C 10
R
P 0x7f2a7c191628
C 342
R
P 0x7f2a7c191628
P 0x7f2a7c489e20
C 10
R
P 0x7f2a7c191628
C 342
R
P 0x7f2a7c191628
P 0x7f2a7c19f988
C 10
R
P 0x7f2a7c191628
C 342
R
P 0x7f2a7c191628
P 0x7f2a7c19c028
C 10
R
P 0x7f2a7c191628
C 342
R
P 0x7f2a7c191628
P 0x7f2a7c1a20a8
C 10
R
P 0x7f2a7c191628
C 342
R
P 0x7f2a7c191628
P 0x7f2a7c19bd08
C 10
R
P 0x7f2a7c191628
C 342
R
P 0x7f2a7c191628
P 0x7f2a7c48c300
C 10
R
P 0x7f2a7c191628
C 342
R
P 0x7f2a7c191628
P 0x7f2a7c4782a8
C 10
R
P 0x7f2a7c191628
C 342
R
P 0x7f2a7c191628
P 0x7f2a7c487400
C 10
R
P 0x7f2a7c191628
C 342
R
P 0x7f2a7c191628
P 0x7f2a7c19bcc8
C 10
R
P 0x7f2a7c191628
C 342
R
P 0x7f2a7c191628
P 0x7f2a7c487208
C 10
R
P 0x7f2a7c191628
C 342
R
P 0x7f2a7c191628
P 0x7f2a7c487c88
C 10
R
P 0x7f2a7c191628
C 342
R
P 0x7f2a7c191628
P 0x7f2a7c19f848
C 10
R
P 0x7f2a7c191628
C 342
R
P 0x7f2a7c191628
P 0x7f2a7c19bd08
C 10
R
P 0x7f2a7c191628
C 342
R
P 0x7f2a7c191628
P 0x7f2a7c19bc88
C 10
R
P 0x7f2a7c191628
C 342
R
P 0x7f2a7c191628
P 0x7f2a7c487ba8
C 10
R
P 0x7f2a7c191628
C 342
R
P 0x7f2a7c191628
P 0x7f2a7c486fa0
C 10
R
P 0x7f2a7c191628
C 342
R
P 0x7f2a7c191628
P 0x7f2a7c19c1a8
C 10
R
P 0x7f2a7c191628
C 342
R
P 0x7f2a7c191628
P 0x7f2a7c19bcc8
C 10
R
P 0x7f2a7c191628
C 342
R
P 0x7f2a7c191628
P 0x7f2a7c19bcc8
C 10
R
P 0x7f2a7c191628
C 342
R
P 0x7f2a7c191628
P 0x7f2a7c19c148
C 10
R
P 0x7f2a7c191628
C 342
R
P 0x7f2a7c191628
P 0x7f2a7c487390
C 10
R
P 0x7f2a7c191628
C 342
R
P 0x7f2a7c191628
P 0x7f2a7c19bf88
C 10
R
P 0x7f2a7c191628
C 342
R
P 0x7f2a7c191628
P 0x7f2a7c19bc88
C 10
R
P 0x7f2a7c191628
C 342
R
P 0x7f2a7c191628
P 0x7f2a7c19c1c8
C 10
R
P 0x7f2a7c191628
C 342
R
P 0x7f2a7c191628
P 0x7f2a7c19fac8
C 10
R
P 0x7f2a7c191628
C 342
R
P 0x7f2a7c191628
P 0x7f2a7c487b70
C 10
R
P 0x7f2a7c191628
C 342
R
P 0x7f2a7c191628
P 0x7f2a7c1a1f58
C 10
R
P 0x7f2a7c191628
C 342
R
P 0x7f2a7c191628
P 0x7f2a7c19bc88
C 10
R
P 0x7f2a7c191628
C 342
R
P 0x7f2a7c191628
P 0x7f2a7c487940
C 10
R
P 0x7f2a7c191628
C 342
R
P 0x7f2a7c191628
P 0x7f2a7c19c068
C 10
R
P 0x7f2a7c191628
C 342
R
P 0x7f2a7c191628
P 0x7f2a7c19bc88
C 10
R
P 0x7f2a7c191628
C 342
R
P 0x7f2a7c191628
P 0x7f2a7c19bc88
C 10
R
P 0x7f2a7c191628
C 342
R
P 0x7f2a7c191628
P 0x7f2a7c19bfc8
C 10
R
P 0x7f2a7c191628
C 342
R
P 0x7f2a7c191628
P 0x7f2a7c487ba8
C 10
R
P 0x7f2a7c191628
C 342
R
P 0x7f2a7c191628
P 0x7f2a7c19c088
C 10
R
P 0x7f2a7c191628
C 342
R
P 0x7f2a7c191628
P 0x7f2a7c2cc888
C 10
R
P 0x7f2a7c191628
C 342
R
P 0x7f2a7c191628
P 0x7f2a7c4739d8
C 10
R
P 0x7f2a7c191628
C 342
R
P 0x7f2a7c191628
P 0x7f2a7c487ba8
C 10
R
P 0x7f2a7c191628
C 342
R
P 0x7f2a7c191628
P 0x7f2a7c19c0e8
C 10
R
P 0x7f2a7c191628
C 342
R
P 0x7f2a7c191628
P 0x7f2a7c19bfc8
C 10
R
P 0x7f2a7c191628
C 342
R
P 0x7f2a7c191628
P 0x7f2a7c19c028
C 10
R
P 0x7f2a7c191628
C 342
R
P 0x7f2a7c191628
P 0x7f2a7c48b030
C 10
R
P 0x7f2a7c191628
C 342
R
P 0x7f2a7c191628
P 0x7f2a7c19c028
C 10
R
P 0x7f2a7c191628
C 342
R
P 0x7f2a7c191628
P 0x7f2a7c489db0
C 10
R
P 0x7f2a7c191628
C 342
R
P 0x7f2a7c191628
P 0x7f2a7c19bc88
C 10
R
P 0x7f2a7c191628
C 342
R
P 0x7f2a7c191628
P 0x7f2a7c19c0a8
C 10
R
P 0x7f2a7c191628
C 342
R
P 0x7f2a7c191628
P 0x7f2a7c19c1a8
C 10
R
P 0x7f2a7c191628
C 342
R
P 0x7f2a7c191628
P 0x7f2a7c19bc88
C 10
R
P 0x7f2a7c191628
C 342
R
P 0x7f2a7c191628
P 0x7f2a7c19bcc8
C 10
R
P 0x7f2a7c191628
C 342
R
P 0x7f2a7c191628
P 0x7f2a7c19c168
C 10
R
P 0x7f2a7c191628
C 342
R
P 0x7f2a7c191628
P 0x7f2a7c1a1e08
C 10
R
P 0x7f2a7c191628
C 342
R
P 0x7f2a7c191628
P 0x7f2a7c487208
C 10
R
P 0x7f2a7c191628
C 342
R
P 0x7f2a7c191628
P 0x7f2a7c4873c8
C 10
R
P 0x7f2a7c191628
C 342
R
P 0x7f2a7c191628
P 0x7f2a7c19bf68
C 10
R
P 0x7f2a7c191628
C 342
R
P 0x7f2a7c191628
P 0x7f2a7c19c1a8
C 10
R
P 0x7f2a7c191628
C 342
R
P 0x7f2a7c191628
P 0x7f2a7c19c028
C 10
R
P 0x7f2a7c191628
C 342
R
P 0x7f2a7c191628
P 0x7f2a7c1a2578
C 10
R
P 0x7f2a7c191628
C 342
R
P 0x7f2a7c191628
P 0x7f2a7c487240
C 10
R
P 0x7f2a7c191628
C 342
R
P 0x7f2a7c191628
P 0x7f2a7c4873c8
C 10
R
P 0x7f2a7c191628
C 342
R
P 0x7f2a7c191628
P 0x7f2a7c488078
C 10
R
P 0x7f2a7c191628
C 342
R
P 0x7f2a7c191628
P 0x7f2a7c19c028
C 10
R
P 0x7f2a7c191628
C 342
R
P 0x7f2a7c191628
P 0x7f2a7c19c108
C 10
R
P 0x7f2a7c191628
C 342
R
P 0x7f2a7c191628
P 0x7f2a7c476e70
C 10
R
P 0x7f2a7c191628
C 342
R
P 0x7f2a7c191628
P 0x7f2a7c489170
C 10
R
P 0x7f2a7c191628
C 342
R
P 0x7f2a7c191628
P 0x7f2a7c19c088
C 10
R
P 0x7f2a7c191628
C 342
R
P 0x7f2a7c191628
P 0x7f2a7c4896b0
C 10
R
P 0x7f2a7c191628
C 342
R
P 0x7f2a7c191628
P 0x7f2a7c19bc88
C 10
R
P 0x7f2a7c191628
C 342
R
P 0x7f2a7c191628
P 0x7f2a7c487b70
C 10
R
P 0x7f2a7c191628
C 342
R
P 0x7f2a7c191628
P 0x7f2a7c19c0c8
C 10
R
P 0x7f2a7c191628
C 342
R
P 0x7f2a7c191628
P 0x7f2a7c19bc88
C 10
R
P 0x7f2a7c191628
C 342
R
P 0x7f2a7c191628
P 0x7f2a7c487278
C 10
R
P 0x7f2a7c191628
C 342
R
P 0x7f2a7c191628
P 0x7f2a7c2cd110
C 10
R
P 0x7f2a7c191628
C 342
R
P 0x7f2a7c191628
P 0x7f2a7c19bf88
C 10
R
P 0x7f2a7c191628
C 342
R
P 0x7f2a7c191628
P 0x7f2a7c19bfc8
C 10
R
P 0x7f2a7c191628
C 342
R
P 0x7f2a7c191628
P 0x7f2a7c1a2348
C 10
R
P 0x7f2a7c191628
C 342
R
P 0x7f2a7c191628
P 0x7f2a7c2cc498
C 10
R
P 0x7f2a7c191628
C 342
R
P 0x7f2a7c191628
P 0x7f2a7c19c148
C 10
R
P 0x7f2a7c191628
C 342
R
P 0x7f2a7c191628
P 0x7f2a7c19bc88
C 10
R
P 0x7f2a7c191628
C 342
R
P 0x7f2a7c191628
P 0x7f2a7c487940
C 10
R
P 0x7f2a7c191628
C 342
R
P 0x7f2a7c191628
P 0x7f2a7c487048
C 10
R
P 0x7f2a7c191628
C 342
R
P 0x7f2a7c191628
P 0x7f2a7c19bc88
C 10
R
P 0x7f2a7c191628
C 342
R
P 0x7f2a7c191628
P 0x7f2a7c487400
C 10
R
P 0x7f2a7c191628
C 342
R
P 0x7f2a7c191628
P 0x7f2a7c19c0e8
C 10
R
P 0x7f2a7c191628
C 342
R
P 0x7f2a7c191628
P 0x7f2a7c1a1938
C 10
R
P 0x7f2a7c191628
C 342
R
P 0x7f2a7c191628
P 0x7f2a7c487208
C 10
R
P 0x7f2a7c191628
C 342
R
P 0x7f2a7c191628
P 0x7f2a7c19c1a8
C 10
R
P 0x7f2a7c191628
C 342
R
P 0x7f2a7c191628
P 0x7f2a7c487390
C 10
R
P 0x7f2a7c191628
C 342
R
P 0x7f2a7c191628
P 0x7f2a7c1a1e08
C 10
R
P 0x7f2a7c191628
C 342
R
P 0x7f2a7c191628
P 0x7f2a7c19bf48
C 10
R
P 0x7f2a7c191628
C 342
R
P 0x7f2a7c191628
P 0x7f2a7c19c2a8
C 10
R
P 0x7f2a7c191628
C 342
R
P 0x7f2a7c191628
P 0x7f2a7c48c108
C 10
R
P 0x7f2a7c191628
C 342
R
P 0x7f2a7c191628
P 0x7f2a7c19bcc8
C 10
R
P 0x7f2a7c191628
C 342
R
P 0x7f2a7c191628
P 0x7f2a7c19c108
C 10
R
P 0x7f2a7c191628
C 342
R
P 0x7f2a7c191628
P 0x7f2a7c19bc88
C 10
R
P 0x7f2a7c191628
C 342
R
P 0x7f2a7c191628
P 0x7f2a7c1a25e8
C 10
R
P 0x7f2a7c191628
C 342
R
P 0x7f2a7c191628
P 0x7f2a7c487e10
C 10
R
P 0x7f2a7c191628
C 342
R
P 0x7f2a7c191628
P 0x7f2a7c1a1f20
C 10
R
P 0x7f2a7c191628
C 342
R
P 0x7f2a7c191628
P 0x7f2a7c488158
C 10
R
P 0x7f2a7c191628
C 342
R
P 0x7f2a7c191628
P 0x7f2a7c19c108
C 10
R
P 0x7f2a7c191628
C 342
R
P 0x7f2a7c191628
P 0x7f2a7c19c1a8
C 10
R
P 0x7f2a7c191628
C 342
R
P 0x7f2a7c191628
P 0x7f2a7c19c1a8
C 10
R
P 0x7f2a7c191628
C 342
R
P 0x7f2a7c191628
P 0x7f2a7c487240
C 10
R
P 0x7f2a7c191628
C 342
R
P 0x7f2a7c191628
P 0x7f2a7c487ba8
C 10
R
P 0x7f2a7c191628
C 342
R
P 0x7f2a7c191628
P 0x7f2a7c19bc88
C 10
R
P 0x7f2a7c191628
C 342
R
P 0x7f2a7c191628
P 0x7f2a7c476658
C 10
R
P 0x7f2a7c191628
C 342
R
P 0x7f2a7c191628
P 0x7f2a7c19c0e8
C 10
R
P 0x7f2a7c191628
C 342
R
P 0x7f2a7c191628
P 0x7f2a7c19c0a8
C 10
R
P 0x7f2a7c191628
C 342
R
P 0x7f2a7c191628
P 0x7f2a7c19c088
C 10
R
P 0x7f2a7c191628
C 342
R
P 0x7f2a7c191628
P 0x7f2a7c487a58
C 10
R
P 0x7f2a7c191628
C 342
R
P 0x7f2a7c191628
P 0x7f2a7c19bc88
C 10
R
P 0x7f2a7c191628
C 342
R
P 0x7f2a7c191628
P 0x7f2a7c19eb18
C 10
R
P 0x7f2a7c191628
C 342
R
P 0x7f2a7c191628
P 0x7f2a7c19c148
C 10
R
P 0x7f2a7c191628
C 342
R
P 0x7f2a7c191628
P 0x7f2a7c19bf88
C 10
R
P 0x7f2a7c191628
C 342
R
P 0x7f2a7c191628
P 0x7f2a7c19c1a8
C 10
R
P 0x7f2a7c191628
C 342
R
P 0x7f2a7c191628
P 0x7f2a7c2ccdc8
C 10
R
P 0x7f2a7c191628
C 342
R
P 0x7f2a7c191628
P 0x7f2a7c19f848
C 10
R
P 0x7f2a7c191628
C 342
R
P 0x7f2a7c191628
P 0x7f2a7c19bc88
C 10
R
P 0x7f2a7c191628
C 342
R
P 0x7f2a7c191628
P 0x7f2a7c19bc88
C 10
R
P 0x7f2a7c191628
C 342
R
P 0x7f2a7c191628
P 0x7f2a7c487d68
C 10
R
P 0x7f2a7c191628
C 342
R
P 0x7f2a7c191628
P 0x7f2a7c1a1820
C 10
R
P 0x7f2a7c191628
C 342
R
P 0x7f2a7c191628
P 0x7f2a7c1a1778
C 10
R
P 0x7f2a7c191628
C 342
R
P 0x7f2a7c191628
P 0x7f2a7c19bf88
C 10
R
P 0x7f2a7c191628
C 342
R
P 0x7f2a7c191628
P 0x7f2a7c1a17b0
C 10
R
P 0x7f2a7c191628
C 342
R
P 0x7f2a7c191628
P 0x7f2a7c19bcc8
C 10
R
P 0x7f2a7c191628
C 342
R
P 0x7f2a7c191628
P 0x7f2a7c1a1900
C 10
R
P 0x7f2a7c191628
C 342
R
P 0x7f2a7c191628
P 0x7f2a7c487470
C 10
R
P 0x7f2a7c191628
C 342
R
P 0x7f2a7c191628
P 0x7f2a7c19c028
C 10
R
P 0x7f2a7c191628
C 342
R
P 0x7f2a7c191628
P 0x7f2a7c487470
C 10
R
P 0x7f2a7c191628
C 342
R
P 0x7f2a7c191628
P 0x7f2a7c1a20a8
C 10
R
P 0x7f2a7c191628
C 342
R
P 0x7f2a7c191628
P 0x7f2a7c19bc88
C 10
R
P 0x7f2a7c191628
C 342
R
P 0x7f2a7c191628
P 0x7f2a7c19bc88
C 10
R
P 0x7f2a7c191628
C 342
R
P 0x7f2a7c191628
P 0x7f2a7c487b70
C 10
R
P 0x7f2a7c191628
C 342
R
P 0x7f2a7c191628
P 0x7f2a7c19f988
C 10
R
P 0x7f2a7c191628
C 342
R
P 0x7f2a7c191628
P 0x7f2a7c478e40
C 10
R
P 0x7f2a7c191628
C 342
R
P 0x7f2a7c191628
P 0x7f2a7c19f848
C 10
R
P 0x7f2a7c191628
C 342
R
P 0x7f2a7c191628
P 0x7f2a7c19c028
C 10
R
P 0x7f2a7c191628
C 342
R
P 0x7f2a7c191628
P 0x7f2a7c48c568
C 10
R
P 0x7f2a7c191628
C 342
R
P 0x7f2a7c191628
P 0x7f2a7c19c1c8
C 10
R
P 0x7f2a7c191628
C 342
R
P 0x7f2a7c191628
P 0x7f2a7c1a17b0
C 10
R
P 0x7f2a7c191628
C 342
R
P 0x7f2a7c191628
P 0x7f2a7c19bc88
C 10
R
P 0x7f2a7c191628
C 342
R
P 0x7f2a7c191628
P 0x7f2a7c487ba8
C 10
R
P 0x7f2a7c191628
C 342
R
P 0x7f2a7c191628
P 0x7f2a7c19fa08
C 10
R
P 0x7f2a7c191628
C 342
R
P 0x7f2a7c191628
P 0x7f2a7c48c4c0
C 10
R
P 0x7f2a7c191628
C 342
R
P 0x7f2a7c191628
P 0x7f2a7c19ed88
C 10
R
P 0x7f2a7c191628
C 342
R
P 0x7f2a7c191628
P 0x7f2a7c48e1f8
C 10
R
P 0x7f2a7c191628
C 342
R
P 0x7f2a7c191628
P 0x7f2a7c4872e8
C 10
R
P 0x7f2a7c191628
C 342
R
P 0x7f2a7c191628
P 0x7f2a7c475660
C 10
R
P 0x7f2a7c191628
C 342
R
P 0x7f2a7c191628
P 0x7f2a7c19bc88
C 10
R
P 0x7f2a7c191628
C 342
R
P 0x7f2a7c191628
P 0x7f2a7c487240
C 10
R
P 0x7f2a7c191628
C 342
R
P 0x7f2a7c191628
P 0x7f2a7c19c208
C 10
R
P 0x7f2a7c191628
C 342
R
P 0x7f2a7c191628
P 0x7f2a7c4883f8
C 10
R
P 0x7f2a7c191628
C 342
R
P 0x7f2a7c191628
P 0x7f2a7c19f948
C 10
R
P 0x7f2a7c191628
C 342
R
P 0x7f2a7c191628
P 0x7f2a7c19bfe8
C 10
R
P 0x7f2a7c191628
C 342
R
P 0x7f2a7c191628
P 0x7f2a7c19bc88
C 10
R
P 0x7f2a7c191628
C 342
R
P 0x7f2a7c191628
P 0x7f2a7c487be0
C 10
R
P 0x7f2a7c191628
C 342
R
P 0x7f2a7c191628
P 0x7f2a7c1a1858
C 10
R
P 0x7f2a7c191628
C 342
R
P 0x7f2a7c191628
P 0x7f2a7c19bfc8
C 10
R
P 0x7f2a7c191628
C 342
R
P 0x7f2a7c191628
P 0x7f2a7c19fb08
C 10
R
P 0x7f2a7c191628
C 342
R
P 0x7f2a7c191628
P 0x7f2a7c487940
C 10
R
P 0x7f2a7c191628
C 342
R
P 0x7f2a7c191628
P 0x7f2a7c48b7d8
C 10
R
P 0x7f2a7c191628
C 342
R
P 0x7f2a7c191628
P 0x7f2a7c1a25e8
C 10
R
P 0x7f2a7c191628
C 342
R
P 0x7f2a7c191628
P 0x7f2a7c19bcc8
C 10
R
P 0x7f2a7c191628
C 342
R
P 0x7f2a7c191628
P 0x7f2a7c19bc88
C 10
R
P 0x7f2a7c191628
C 342
R
P 0x7f2a7c191628
P 0x7f2a7c476428
C 10
R
P 0x7f2a7c191628
C 342
R
P 0x7f2a7c191628
P 0x7f2a7c19c1e8
C 10
R
P 0x7f2a7c191628
C 342
R
P 0x7f2a7c191628
P 0x7f2a7c488ed0
C 10
R
P 0x7f2a7c191628
C 342
R
P 0x7f2a7c191628
P 0x7f2a7c488d80
C 10
R
P 0x7f2a7c191628
C 342
R
P 0x7f2a7c191628
P 0x7f2a7c19f9c8
C 10
R
P 0x7f2a7c191628
C 342
R
P 0x7f2a7c191628
P 0x7f2a7c48ceb8
C 10
R
P 0x7f2a7c191628
C 342
R
P 0x7f2a7c191628
P 0x7f2a7c19c028
C 10
R
P 0x7f2a7c191628
C 342
R
P 0x7f2a7c191628
P 0x7f2a7c1a1778
C 10
R
P 0x7f2a7c191628
C 342
R
P 0x7f2a7c191628
P 0x7f2a7c19c2a8
C 10
R
P 0x7f2a7c191628
C 342
R
P 0x7f2a7c191628
P 0x7f2a7c19c028
C 10
R
P 0x7f2a7c191628
C 342
R
P 0x7f2a7c191628
P 0x7f2a7c475f90
C 10
R
P 0x7f2a7c191628
C 342
R
P 0x7f2a7c191628
P 0x7f2a7c19e458
C 10
R
P 0x7f2a7c191628
C 342
R
P 0x7f2a7c191628
P 0x7f2a7c19bcc8
C 10
R
P 0x7f2a7c191628
C 342
R
P 0x7f2a7c191628
P 0x7f2a7c19bfc8
C 10
R
P 0x7f2a7c191628
C 342
R
P 0x7f2a7c191628
P 0x7f2a7c488b88
C 10
R
P 0x7f2a7c191628
C 342
R
P 0x7f2a7c191628
P 0x7f2a7c19bcc8
C 10
R
P 0x7f2a7c191628
C 342
R
P 0x7f2a7c191628
P 0x7f2a7c1a18c8
C 10
R
P 0x7f2a7c191628
C 342
R
P 0x7f2a7c191628
P 0x7f2a7c19bc88
C 10
R
P 0x7f2a7c191628
C 342
R
P 0x7f2a7c191628
P 0x7f2a7c19c028
C 10
R
P 0x7f2a7c191628
C 342
R
P 0x7f2a7c191628
P 0x7f2a7c19c2a8
C 10
R
P 0x7f2a7c191628
C 342
R
P 0x7f2a7c191628
P 0x7f2a7c19c148
C 10
R
P 0x7f2a7c191628
C 342
R
P 0x7f2a7c191628
P 0x7f2a7c2cc818
C 10
R
P 0x7f2a7c191628
C 342
R
P 0x7f2a7c191628
P 0x7f2a7c19bfc8
C 10
R
P 0x7f2a7c191628
C 342
R
P 0x7f2a7c191628
P 0x7f2a7c19bce8
C 10
R
P 0x7f2a7c191628
C 342
R
P 0x7f2a7c191628
P 0x7f2a7c19bc88
C 10
R
P 0x7f2a7c191628
C 342
R
P 0x7f2a7c191628
P 0x7f2a7c1a18c8
C 10
R
P 0x7f2a7c191628
C 342
R
P 0x7f2a7c191628
P 0x7f2a7c19c028
C 10
R
P 0x7f2a7c191628
C 342
R
P 0x7f2a7c191628
P 0x7f2a7c19bf48
C 10
R
P 0x7f2a7c191628
C 342
R
P 0x7f2a7c191628
P 0x7f2a7c487dd8
C 10
R
P 0x7f2a7c191628
C 342
R
P 0x7f2a7c191628
P 0x7f2a7c4764d0
C 10
R
P 0x7f2a7c191628
C 342
R
P 0x7f2a7c191628
P 0x7f2a7c19c2a8
C 10
R
P 0x7f2a7c191628
C 342
R
P 0x7f2a7c191628
P 0x7f2a7c19f848
C 10
R
P 0x7f2a7c191628
C 342
R
P 0x7f2a7c191628
P 0x7f2a7c19c2a8
C 10
R
P 0x7f2a7c191628
C 342
R
P 0x7f2a7c191628
P 0x7f2a7c19c0e8
C 10
R
P 0x7f2a7c191628
C 342
R
P 0x7f2a7c191628
P 0x7f2a7c19c268
C 10
R
P 0x7f2a7c191628
C 342
R
P 0x7f2a7c191628
P 0x7f2a7c19bc88
C 10
R
P 0x7f2a7c191628
C 342
R
P 0x7f2a7c191628
P 0x7f2a7c478548
C 10
R
P 0x7f2a7c191628
C 342
R
P 0x7f2a7c191628
P 0x7f2a7c473ca8
C 10
R
P 0x7f2a7c191628
C 342
R
P 0x7f2a7c191628
P 0x7f2a7c1a2498
C 10
R
P 0x7f2a7c191628
C 342
R
P 0x7f2a7c191628
P 0x7f2a7c19c2a8
C 10
R
P 0x7f2a7c191628
C 342
R
P 0x7f2a7c191628
P 0x7f2a7c489bf0
C 10
R
P 0x7f2a7c191628
C 342
R
P 0x7f2a7c191628
P 0x7f2a7c487dd8
C 10
R
P 0x7f2a7c191628
C 342
R
P 0x7f2a7c191628
P 0x7f2a7c19c1a8
C 10
R
P 0x7f2a7c191628
C 342
R
P 0x7f2a7c191628
P 0x7f2a7c19bc88
C 10
R
P 0x7f2a7c191628
C 342
R
P 0x7f2a7c191628
P 0x7f2a7c48ac40
C 10
R
P 0x7f2a7c191628
C 342
R
P 0x7f2a7c191628
P 0x7f2a7c488200
C 10
R
P 0x7f2a7c191628
C 342
R
P 0x7f2a7c191628
P 0x7f2a7c19bc88
C 10
R
P 0x7f2a7c191628
C 342
R
P 0x7f2a7c191628
P 0x7f2a7c19bc88
C 10
R
P 0x7f2a7c191628
C 342
R
P 0x7f2a7c191628
P 0x7f2a7c1a2b60
C 10
R
P 0x7f2a7c191628
C 342
R
P 0x7f2a7c191628
P 0x7f2a7c19c0a8
C 10
R
P 0x7f2a7c191628
C 342
R
P 0x7f2a7c191628
P 0x7f2a7c487208
C 10
R
P 0x7f2a7c191628
C 342
R
P 0x7f2a7c191628
P 0x7f2a7c4873c8
C 10
R
P 0x7f2a7c191628
C 342
R
P 0x7f2a7c191628
P 0x7f2a7c19c268
C 10
R
P 0x7f2a7c191628
C 342
R
P 0x7f2a7c191628
P 0x7f2a7c487400
C 10
R
P 0x7f2a7c191628
C 342
R
P 0x7f2a7c191628
P 0x7f2a7c19c148
C 10
R
P 0x7f2a7c191628
C 342
R
P 0x7f2a7c191628
P 0x7f2a7c19bc88
C 10
R
P 0x7f2a7c191628
C 342
R
P 0x7f2a7c191628
P 0x7f2a7c19bcc8
C 10
R
P 0x7f2a7c191628
C 342
R
P 0x7f2a7c191628
P 0x7f2a7c19e398
C 10
R
P 0x7f2a7c191628
C 342
R
P 0x7f2a7c191628
P 0x7f2a7c1a1900
C 10
R
P 0x7f2a7c191628
C 342
R
P 0x7f2a7c191628
P 0x7f2a7c19fb08
C 10
R
P 0x7f2a7c191628
C 342
R
P 0x7f2a7c191628
P 0x7f2a7c19bc88
C 10
R
P 0x7f2a7c191628
C 342
R
P 0x7f2a7c191628
P 0x7f2a7c487278
C 10
R
P 0x7f2a7c191628
C 342
R
P 0x7f2a7c191628
P 0x7f2a7c19f888
C 10
R
P 0x7f2a7c191628
C 342
R
P 0x7f2a7c191628
P 0x7f2a7c19bfc8
C 10
R
P 0x7f2a7c191628
C 342
R
P 0x7f2a7c191628
P 0x7f2a7c19bfe8
C 10
R
P 0x7f2a7c191628
C 342
R
P 0x7f2a7c191628
P 0x7f2a7c1a1858
C 10
R
P 0x7f2a7c191628
C 342
R
P 0x7f2a7c191628
P 0x7f2a7c1a1890
C 10
R
P 0x7f2a7c191628
C 342
R
P 0x7f2a7c191628
P 0x7f2a7c487ba8
C 10
R
P 0x7f2a7c191628
C 342
R
P 0x7f2a7c191628
P 0x7f2a7c19c0e8
C 10
R
P 0x7f2a7c191628
C 342
R
P 0x7f2a7c191628
P 0x7f2a7c19c168
C 10
R
P 0x7f2a7c191628
C 342
R
P 0x7f2a7c191628
P 0x7f2a7c2cc8c0
C 10
R
P 0x7f2a7c191628
C 342
R
P 0x7f2a7c191628
P 0x7f2a7c19bc88
C 10
R
P 0x7f2a7c191628
C 342
R
P 0x7f2a7c191628
P 0x7f2a7c48cb38
C 10
R
P 0x7f2a7c191628
C 342
R
P 0x7f2a7c191628
P 0x7f2a7c4874a8
C 10
R
P 0x7f2a7c191628
C 342
R
P 0x7f2a7c191628
P 0x7f2a7c488190
C 10
R
P 0x7f2a7c191628
C 342
R
P 0x7f2a7c191628
P 0x7f2a7c487c88
C 10
R
P 0x7f2a7c191628
C 342
R
P 0x7f2a7c191628
P 0x7f2a7c487908
C 10
R
P 0x7f2a7c191628
C 342
R
P 0x7f2a7c191628
P 0x7f2a7c19bfa8
C 10
R
P 0x7f2a7c191628
C 342
R
P 0x7f2a7c191628
P 0x7f2a7c487e10
C 10
R
P 0x7f2a7c191628
C 342
R
P 0x7f2a7c191628
P 0x7f2a7c487438
C 10
R
P 0x7f2a7c191628
C 342
R
P 0x7f2a7c191628
P 0x7f2a7c489058
C 10
R
P 0x7f2a7c191628
C 342
R
P 0x7f2a7c191628
P 0x7f2a7c487d68
C 10
R
P 0x7f2a7c191628
C 342
R
P 0x7f2a7c191628
P 0x7f2a7c19c028
C 10
R
P 0x7f2a7c191628
C 342
R
P 0x7f2a7c191628
P 0x7f2a7c19c168
C 10
R
P 0x7f2a7c191628
C 342
R
P 0x7f2a7c191628
P 0x7f2a7c488238
C 10
R
P 0x7f2a7c191628
C 342
R
P 0x7f2a7c191628
P 0x7f2a7c19fa48
C 10
R
P 0x7f2a7c191628
C 342
R
P 0x7f2a7c191628
P 0x7f2a7c19bfc8
C 10
R
P 0x7f2a7c191628
C 342
R
P 0x7f2a7c191628
P 0x7f2a7c488158
C 10
R
P 0x7f2a7c191628
C 342
R
P 0x7f2a7c191628
P 0x7f2a7c487438
C 10
R
P 0x7f2a7c191628
C 342
R
P 0x7f2a7c191628
P 0x7f2a7c487d68
C 10
R
P 0x7f2a7c191628
C 342
R
P 0x7f2a7c191628
P 0x7f2a7c19bc88
C 10
R
P 0x7f2a7c191628
C 342
R
P 0x7f2a7c191628
P 0x7f2a7c19bf68
C 10
R
P 0x7f2a7c191628
C 342
R
P 0x7f2a7c191628
P 0x7f2a7c4873c8
C 10
R
P 0x7f2a7c191628
C 342
R
P 0x7f2a7c191628
P 0x7f2a7c19bc88
C 10
R
P 0x7f2a7c191628
C 342
R
P 0x7f2a7c191628
P 0x7f2a7c48c760
C 10
R
P 0x7f2a7c191628
C 342
R
P 0x7f2a7c191628
P 0x7f2a7c487048
C 10
R
P 0x7f2a7c191628
C 342
R
P 0x7f2a7c191628
P 0x7f2a7c1a1778
C 10
R
P 0x7f2a7c191628
C 342
R
P 0x7f2a7c191628
P 0x7f2a7c487c88
C 10
R
P 0x7f2a7c191628
C 342
R
P 0x7f2a7c191628
P 0x7f2a7c48b0d8
C 10
R
P 0x7f2a7c191628
C 342
R
P 0x7f2a7c191628
P 0x7f2a7c19bc88
C 10
R
P 0x7f2a7c191628
C 342
R
P 0x7f2a7c191628
P 0x7f2a7c2cbba0
C 10
R
P 0x7f2a7c191628
C 342
R
P 0x7f2a7c191628
P 0x7f2a7c487080
C 10
R
P 0x7f2a7c191628
C 342
R
P 0x7f2a7c191628
P 0x7f2a7c19f988
C 10
R
P 0x7f2a7c191628
C 342
R
P 0x7f2a7c191628
P 0x7f2a7c19bc88
C 10
R
P 0x7f2a7c191628
C 342
R
P 0x7f2a7c191628
P 0x7f2a7c19bd08
C 10
R
P 0x7f2a7c191628
C 342
R
P 0x7f2a7c191628
P 0x7f2a7c473b88
C 10
R
P 0x7f2a7c191628
C 342
R
P 0x7f2a7c191628
P 0x7f2a7c19bc88
C 10
R
P 0x7f2a7c191628
C 342
R
P 0x7f2a7c191628
P 0x7f2a7c19c108
C 10
R
P 0x7f2a7c191628
C 342
R
P 0x7f2a7c191628
P 0x7f2a7c19c088
C 10
R
P 0x7f2a7c191628
C 342
R
P 0x7f2a7c191628
P 0x7f2a7c1a1f58
C 10
R
P 0x7f2a7c191628
C 342
R
P 0x7f2a7c191628
P 0x7f2a7c19c188
C 10
R
P 0x7f2a7c191628
C 342
R
P 0x7f2a7c191628
P 0x7f2a7c486868
C 10
R
P 0x7f2a7c191628
C 342
R
P 0x7f2a7c191628
P 0x7f2a7c19c148
C 10
R
P 0x7f2a7c191628
C 342
R
P 0x7f2a7c191628
P 0x7f2a7c19c248
C 10
R
P 0x7f2a7c191628
C 342
R
P 0x7f2a7c191628
P 0x7f2a7c2cd308
C 10
R
P 0x7f2a7c191628
C 342
R
P 0x7f2a7c191628
P 0x7f2a7c19c028
C 10
R
P 0x7f2a7c191628
C 342
R
P 0x7f2a7c191628
P 0x7f2a7c19c0e8
C 10
R
P 0x7f2a7c191628
C 342
R
P 0x7f2a7c191628
P 0x7f2a7c487908
C 10
R
P 0x7f2a7c191628
C 342
R
P 0x7f2a7c191628
P 0x7f2a7c19c2a8
C 10
R
P 0x7f2a7c191628
C 342
R
P 0x7f2a7c191628
P 0x7f2a7c19c108
C 10
R
P 0x7f2a7c191628
C 342
R
P 0x7f2a7c191628
P 0x7f2a7c489e90
C 10
R
P 0x7f2a7c191628
C 342
R
P 0x7f2a7c191628
P 0x7f2a7c4736a8
C 10
R
P 0x7f2a7c191628
C 342
R
P 0x7f2a7c191628
P 0x7f2a7c19bcc8
C 10
R
P 0x7f2a7c191628
C 342
R
P 0x7f2a7c191628
P 0x7f2a7c19c0e8
C 10
R
P 0x7f2a7c191628
C 342
R
P 0x7f2a7c191628
P 0x7f2a7c487a58
C 10
R
P 0x7f2a7c191628
C 342
R
P 0x7f2a7c191628
P 0x7f2a7c19bcc8
C 10
R
P 0x7f2a7c191628
C 342
R
P 0x7f2a7c191628
P 0x7f2a7c19c2a8
C 10
R
P 0x7f2a7c191628
C 342
R
P 0x7f2a7c191628
P 0x7f2a7c19c088
C 10
R
P 0x7f2a7c191628
C 342
R
P 0x7f2a7c191628
P 0x7f2a7c48c418
C 10
R
P 0x7f2a7c191628
C 342
R
P 0x7f2a7c191628
P 0x7f2a7c19fa48
C 10
R
P 0x7f2a7c191628
C 342
R
P 0x7f2a7c191628
P 0x7f2a7c19bc88
C 10
R
P 0x7f2a7c191628
C 342
R
P 0x7f2a7c191628
P 0x7f2a7c1a1890
C 10
R
P 0x7f2a7c191628
C 342
R
P 0x7f2a7c191628
P 0x7f2a7c487208
C 10
R
P 0x7f2a7c191628
C 342
R
P 0x7f2a7c191628
P 0x7f2a7c1a1e08
C 10
R
P 0x7f2a7c191628
C 342
R
P 0x7f2a7c191628
P 0x7f2a7c488628
C 10
R
P 0x7f2a7c191628
C 342
R
P 0x7f2a7c191628
P 0x7f2a7c19bfc8
C 10
R
P 0x7f2a7c191628
C 342
R
P 0x7f2a7c191628
P 0x7f2a7c4872e8
C 10
R
P 0x7f2a7c191628
C 342
R
P 0x7f2a7c191628
P 0x7f2a7c19bc88
C 10
R
P 0x7f2a7c191628
C 342
R
P 0x7f2a7c191628
P 0x7f2a7c48d8c8
C 10
R
P 0x7f2a7c191628
C 342
R
P 0x7f2a7c191628
P 0x7f2a7c19c1a8
C 10
R
P 0x7f2a7c191628
C 342
R
P 0x7f2a7c191628
P 0x7f2a7c19c1c8
C 10
R
P 0x7f2a7c191628
C 342
R
P 0x7f2a7c191628
P 0x7f2a7c19f888
C 10
R
P 0x7f2a7c191628
C 342
R
P 0x7f2a7c191628
P 0x7f2a7c19c0c8
C 10
R
P 0x7f2a7c191628
C 342
R
P 0x7f2a7c191628
P 0x7f2a7c1a1778
C 10
R
P 0x7f2a7c191628
C 342
R
P 0x7f2a7c191628
P 0x7f2a7c19c248
C 10
R
P 0x7f2a7c191628
C 342
R
P 0x7f2a7c191628
P 0x7f2a7c1a1820
C 10
R
P 0x7f2a7c191628
C 342
R
P 0x7f2a7c191628
P 0x7f2a7c488158
C 10
R
P 0x7f2a7c191628
C 342
R
P 0x7f2a7c191628
P 0x7f2a7c19c148
C 10
R
P 0x7f2a7c191628
C 342
R
P 0x7f2a7c191628
P 0x7f2a7c19bc88
C 10
R
P 0x7f2a7c191628
C 342
R
P 0x7f2a7c191628
P 0x7f2a7c19eb18
C 10
R
P 0x7f2a7c191628
C 342
R
P 0x7f2a7c191628
P 0x7f2a7c4872e8
C 10
R
P 0x7f2a7c191628
C 342
R
P 0x7f2a7c191628
P 0x7f2a7c4899f8
C 10
R
P 0x7f2a7c191628
C 342
R
P 0x7f2a7c191628
P 0x7f2a7c1a1fc8
C 10
R
P 0x7f2a7c191628
C 342
R
P 0x7f2a7c191628
P 0x7f2a7c487240
C 10
R
P 0x7f2a7c191628
C 342
R
P 0x7f2a7c191628
P 0x7f2a7c19bfc8
C 10
R
P 0x7f2a7c191628
C 342
R
P 0x7f2a7c191628
P 0x7f2a7c19c028
C 10
R
P 0x7f2a7c191628
C 342
R
P 0x7f2a7c191628
P 0x7f2a7c19bc88
C 10
R
P 0x7f2a7c191628
C 342
R
P 0x7f2a7c191628
P 0x7f2a7c19bfa8
C 10
R
P 0x7f2a7c191628
C 342
R
P 0x7f2a7c191628
P 0x7f2a7c487908
C 10
R
P 0x7f2a7c191628
C 342
R
P 0x7f2a7c191628
P 0x7f2a7c19bcc8
C 10
R
P 0x7f2a7c191628
C 342
R
P 0x7f2a7c191628
P 0x7f2a7c19c268
C 10
R
P 0x7f2a7c191628
C 342
R
P 0x7f2a7c191628
P 0x7f2a7c19c148
C 10
R
P 0x7f2a7c191628
C 342
R
P 0x7f2a7c191628
P 0x7f2a7c19c108
C 10
R
P 0x7f2a7c191628
C 342
R
P 0x7f2a7c191628
P 0x7f2a7c19c1a8
C 10
R
P 0x7f2a7c191628
C 342
R
P 0x7f2a7c191628
P 0x7f2a7c486fd8
C 10
R
P 0x7f2a7c191628
C 342
R
P 0x7f2a7c191628
P 0x7f2a7c1a1938
C 10
R
P 0x7f2a7c191628
C 342
R
P 0x7f2a7c191628
P 0x7f2a7c19bc88
C 10
R
P 0x7f2a7c191628
C 342
R
P 0x7f2a7c191628
P 0x7f2a7c19c128
C 10
R
P 0x7f2a7c191628
C 342
R
P 0x7f2a7c191628
P 0x7f2a7c487978
C 10
R
P 0x7f2a7c191628
C 342
R
P 0x7f2a7c191628
P 0x7f2a7c19c068
C 10
R
P 0x7f2a7c191628
C 342
R
P 0x7f2a7c191628
P 0x7f2a7c1a20a8
C 10
R
P 0x7f2a7c191628
C 342
R
P 0x7f2a7c191628
P 0x7f2a7c19bc88
C 10
R
P 0x7f2a7c191628
C 342
R
P 0x7f2a7c191628
P 0x7f2a7c2cc850
C 10
R
P 0x7f2a7c191628
C 342
R
P 0x7f2a7c191628
P 0x7f2a7c475548
C 10
R
P 0x7f2a7c191628
C 342
R
P 0x7f2a7c191628
P 0x7f2a7c19c028
C 10
R
P 0x7f2a7c191628
C 342
R
P 0x7f2a7c191628
P 0x7f2a7c19bf68
C 10
R
P 0x7f2a7c191628
C 342
R
P 0x7f2a7c191628
P 0x7f2a7c19bd08
C 10
R
P 0x7f2a7c191628
C 342
R
P 0x7f2a7c191628
P 0x7f2a7c19bc88
C 10
R
P 0x7f2a7c191628
C 342
R
P 0x7f2a7c191628
P 0x7f2a7c19bcc8
C 10
R
P 0x7f2a7c191628
C 342
R
P 0x7f2a7c191628
P 0x7f2a7c19bc88
C 10
R
P 0x7f2a7c191628
C 342
R
P 0x7f2a7c191628
P 0x7f2a7c487a58
C 10
R
P 0x7f2a7c191628
C 342
R
P 0x7f2a7c191628
P 0x7f2a7c1a1970
C 10
R
P 0x7f2a7c191628
C 342
R
P 0x7f2a7c191628
P 0x7f2a7c19c2a8
C 10
R
P 0x7f2a7c191628
C 342
R
P 0x7f2a7c191628
P 0x7f2a7c19bc88
C 10
R
P 0x7f2a7c191628
C 342
R
P 0x7f2a7c191628
P 0x7f2a7c19c0e8
C 10
R
P 0x7f2a7c191628
C 342
R
P 0x7f2a7c191628
P 0x7f2a7c4879b0
C 10
R
P 0x7f2a7c191628
C 342
R
P 0x7f2a7c191628
P 0x7f2a7c19bc88
C 10
R
P 0x7f2a7c191628
C 342
R
P 0x7f2a7c191628
P 0x7f2a7c19bc88
C 10
R
P 0x7f2a7c191628
C 342
R
P 0x7f2a7c191628
P 0x7f2a7c19bc88
C 10
R
P 0x7f2a7c191628
C 342
R
P 0x7f2a7c191628
P 0x7f2a7c19bcc8
C 10
R
P 0x7f2a7c191628
C 342
R
P 0x7f2a7c191628
P 0x7f2a7c19bc88
C 10
R
P 0x7f2a7c191628
C 342
R
P 0x7f2a7c191628
P 0x7f2a7c487438
C 10
R
P 0x7f2a7c191628
C 342
R
P 0x7f2a7c191628
P 0x7f2a7c19fa08
C 10
R
P 0x7f2a7c191628
C 342
R
P 0x7f2a7c191628
P 0x7f2a7c19bfc8
C 10
R
P 0x7f2a7c191628
C 342
R
P 0x7f2a7c191628
P 0x7f2a7c19c268
C 10
R
P 0x7f2a7c191628
C 342
R
P 0x7f2a7c191628
P 0x7f2a7c19c228
C 10
R
P 0x7f2a7c191628
C 342
R
P 0x7f2a7c191628
P 0x7f2a7c19c008
C 10
R
P 0x7f2a7c191628
C 342
R
P 0x7f2a7c191628
P 0x7f2a7c19c0e8
C 10
R
P 0x7f2a7c191628
C 342
R
P 0x7f2a7c191628
P 0x7f2a7c19bc88
C 10
R
P 0x7f2a7c191628
C 342
R
P 0x7f2a7c191628
P 0x7f2a7c488d48
C 10
R
P 0x7f2a7c191628
C 342
R
P 0x7f2a7c191628
P 0x7f2a7c4881c8
C 10
R
P 0x7f2a7c191628
C 342
R
P 0x7f2a7c191628
P 0x7f2a7c19c2a8
C 10
R
P 0x7f2a7c191628
C 342
R
P 0x7f2a7c191628
P 0x7f2a7c487240
C 10
R
P 0x7f2a7c191628
C 342
R
P 0x7f2a7c191628
P 0x7f2a7c2cc7a8
C 10
R
P 0x7f2a7c191628
C 342
R
P 0x7f2a7c191628
P 0x7f2a7c19c088
C 10
R
P 0x7f2a7c191628
C 342
R
P 0x7f2a7c191628
P 0x7f2a7c475430
C 10
R
P 0x7f2a7c191628
C 342
R
P 0x7f2a7c191628
P 0x7f2a7c19c1a8
C 10
R
P 0x7f2a7c191628
C 342
R
P 0x7f2a7c191628
P 0x7f2a7c19c1c8
C 10
R
P 0x7f2a7c191628
C 342
R
P 0x7f2a7c191628
P 0x7f2a7c1a1b68
C 10
R
P 0x7f2a7c191628
C 342
R
P 0x7f2a7c191628
P 0x7f2a7c487908
C 10
R
P 0x7f2a7c191628
C 342
R
P 0x7f2a7c191628
P 0x7f2a7c19e2a8
C 10
R
P 0x7f2a7c191628
C 342
R
P 0x7f2a7c191628
P 0x7f2a7c19c228
C 10
R
P 0x7f2a7c191628
C 342
R
P 0x7f2a7c191628
P 0x7f2a7c19bfc8
C 10
R
P 0x7f2a7c191628
C 342
R
P 0x7f2a7c191628
P 0x7f2a7c1a17b0
C 10
R
P 0x7f2a7c191628
C 342
R
P 0x7f2a7c191628
P 0x7f2a7c19c028
C 10
R
P 0x7f2a7c191628
C 342
R
P 0x7f2a7c191628
P 0x7f2a7c487978
C 10
R
P 0x7f2a7c191628
C 342
R
P 0x7f2a7c191628
P 0x7f2a7c19c028
C 10
R
P 0x7f2a7c191628
C 342
R
P 0x7f2a7c191628
P 0x7f2a7c1a21f8
C 10
R
P 0x7f2a7c191628
C 342
R
P 0x7f2a7c191628
P 0x7f2a7c487da0
C 10
R
P 0x7f2a7c191628
C 342
R
P 0x7f2a7c191628
P 0x7f2a7c486b08
C 10
R
P 0x7f2a7c191628
C 342
R
P 0x7f2a7c191628
P 0x7f2a7c19bcc8
C 10
R
P 0x7f2a7c191628
C 342
R
P 0x7f2a7c191628
P 0x7f2a7c476cb0
C 10
R
P 0x7f2a7c191628
C 342
R
P 0x7f2a7c191628
P 0x7f2a7c19fb48
C 10
R
P 0x7f2a7c191628
C 342
R
P 0x7f2a7c191628
P 0x7f2a7c19c088
C 10
R
P 0x7f2a7c191628
C 342
R
P 0x7f2a7c191628
P 0x7f2a7c19bc88
C 10
R
P 0x7f2a7c191628
C 342
R
P 0x7f2a7c191628
P 0x7f2a7c487f60
C 10
R
P 0x7f2a7c191628
C 342
R
P 0x7f2a7c191628
P 0x7f2a7c48bc38
C 10
R
P 0x7f2a7c191628
C 342
R
P 0x7f2a7c191628
P 0x7f2a7c19bc88
C 10
R
P 0x7f2a7c191628
C 342
R
P 0x7f2a7c191628
P 0x7f2a7c48a788
C 10
R
P 0x7f2a7c191628
C 342
R
P 0x7f2a7c191628
P 0x7f2a7c19c028
C 10
R
P 0x7f2a7c191628
C 342
R
P 0x7f2a7c191628
P 0x7f2a7c487ac8
C 10
R
P 0x7f2a7c191628
C 342
R
P 0x7f2a7c191628
P 0x7f2a7c19f988
C 10
R
P 0x7f2a7c191628
C 342
R
P 0x7f2a7c191628
P 0x7f2a7c19bc88
C 10
R
P 0x7f2a7c191628
C 342
R
P 0x7f2a7c191628
P 0x7f2a7c4873c8
C 10
R
P 0x7f2a7c191628
C 342
R
P 0x7f2a7c191628
P 0x7f2a7c19c088
C 10
R
P 0x7f2a7c191628
C 342
R
P 0x7f2a7c191628
P 0x7f2a7c4873c8
C 10
R
P 0x7f2a7c191628
C 342
R
P 0x7f2a7c191628
P 0x7f2a7c19c048
C 10
R
P 0x7f2a7c191628
C 342
R
P 0x7f2a7c191628
P 0x7f2a7c1a18c8
C 10
R
P 0x7f2a7c191628
C 342
R
P 0x7f2a7c191628
P 0x7f2a7c48ca90
C 10
R
P 0x7f2a7c191628
C 342
R
P 0x7f2a7c191628
P 0x7f2a7c19c0a8
C 10
R
P 0x7f2a7c191628
C 342
R
P 0x7f2a7c191628
P 0x7f2a7c19c088
C 10
R
P 0x7f2a7c191628
C 342
R
P 0x7f2a7c191628
P 0x7f2a7c19bc88
C 10
R
P 0x7f2a7c191628
C 342
R
P 0x7f2a7c191628
P 0x7f2a7c19c028
C 10
R
P 0x7f2a7c191628
C 342
R
P 0x7f2a7c191628
P 0x7f2a7c19bfc8
C 10
R
P 0x7f2a7c191628
C 342
R
P 0x7f2a7c191628
P 0x7f2a7c487668
C 10
R
P 0x7f2a7c191628
C 342
R
P 0x7f2a7c191628
P 0x7f2a7c19c028
C 10
R
P 0x7f2a7c191628
C 342
R
P 0x7f2a7c191628
P 0x7f2a7c19c228
C 10
R
P 0x7f2a7c191628
C 342
R
P 0x7f2a7c191628
P 0x7f2a7c19bf48
C 10
R
P 0x7f2a7c191628
C 342
R
P 0x7f2a7c191628
P 0x7f2a7c1a21f8
C 10
R
P 0x7f2a7c191628
C 342
R
P 0x7f2a7c191628
P 0x7f2a7c487128
C 10
R
P 0x7f2a7c191628
C 342
R
P 0x7f2a7c191628
P 0x7f2a7c19fb08
C 10
R
P 0x7f2a7c191628
C 342
R
P 0x7f2a7c191628
P 0x7f2a7c19c028
C 10
R
P 0x7f2a7c191628
C 342
R
P 0x7f2a7c191628
P 0x7f2a7c487208
C 10
R
P 0x7f2a7c191628
C 342
R
P 0x7f2a7c191628
P 0x7f2a7c19bcc8
C 10
R
P 0x7f2a7c191628
C 342
R
P 0x7f2a7c191628
P 0x7f2a7c19bc88
C 10
R
P 0x7f2a7c191628
C 342
R
P 0x7f2a7c191628
P 0x7f2a7c48ce48
C 10
R
P 0x7f2a7c191628
C 342
R
P 0x7f2a7c191628
P 0x7f2a7c19bc88
C 10
R
P 0x7f2a7c191628
C 342
R
P 0x7f2a7c191628
P 0x7f2a7c19fa88
C 10
R
P 0x7f2a7c191628
C 342
R
P 0x7f2a7c191628
P 0x7f2a7c1a2348
C 10
R
P 0x7f2a7c191628
C 342
R
P 0x7f2a7c191628
P 0x7f2a7c19e488
C 10
R
P 0x7f2a7c191628
C 342
R
P 0x7f2a7c191628
P 0x7f2a7c487278
C 10
R
P 0x7f2a7c191628
C 342
R
P 0x7f2a7c191628
P 0x7f2a7c1a1890
C 10
R
P 0x7f2a7c191628
C 342
R
P 0x7f2a7c191628
P 0x7f2a7c487010
C 10
R
P 0x7f2a7c191628
C 342
R
P 0x7f2a7c191628
P 0x7f2a7c489bf0
C 10
R
P 0x7f2a7c191628
C 342
R
P 0x7f2a7c191628
P 0x7f2a7c19c0c8
C 10
R
P 0x7f2a7c191628
C 342
R
P 0x7f2a7c191628
P 0x7f2a7c19bfc8
C 10
R
P 0x7f2a7c191628
C 342
R
P 0x7f2a7c191628
P 0x7f2a7c19fa48
C 10
R
P 0x7f2a7c191628
C 342
R
P 0x7f2a7c191628
P 0x7f2a7c19c068
C 10
R
P 0x7f2a7c191628
C 342
R
P 0x7f2a7c191628
P 0x7f2a7c487240
C 10
R
P 0x7f2a7c191628
C 342
R
P 0x7f2a7c191628
P 0x7f2a7c48bc00
C 10
R
P 0x7f2a7c191628
C 342
R
P 0x7f2a7c191628
P 0x7f2a7c487208
C 10
R
P 0x7f2a7c191628
C 342
R
P 0x7f2a7c191628
P 0x7f2a7c19bfc8
C 10
R
P 0x7f2a7c191628
C 342
R
P 0x7f2a7c191628
P 0x7f2a7c1a1858
C 10
R
P 0x7f2a7c191628
C 342
R
P 0x7f2a7c191628
P 0x7f2a7c1a18c8
C 10
R
P 0x7f2a7c191628
C 342
R
P 0x7f2a7c191628
P 0x7f2a7c19bc88
C 10
R
P 0x7f2a7c191628
C 342
R
P 0x7f2a7c191628
P 0x7f2a7c19bc88
C 10
R
P 0x7f2a7c191628
C 342
R
P 0x7f2a7c191628
P 0x7f2a7c1a1858
C 10
R
P 0x7f2a7c191628
C 342
R
P 0x7f2a7c191628
P 0x7f2a7c1a1938
C 10
R
P 0x7f2a7c191628
C 342
R
P 0x7f2a7c191628
P 0x7f2a7c487940
C 10
R
P 0x7f2a7c191628
C 342
R
P 0x7f2a7c191628
P 0x7f2a7c487048
C 10
R
P 0x7f2a7c191628
C 342
R
P 0x7f2a7c191628
P 0x7f2a7c4872e8
C 10
R
P 0x7f2a7c191628
C 342
R
P 0x7f2a7c191628
P 0x7f2a7c19c068
C 10
R
P 0x7f2a7c191628
C 342
R
P 0x7f2a7c191628
P 0x7f2a7c19c028
C 10
R
P 0x7f2a7c191628
C 342
R
P 0x7f2a7c191628
P 0x7f2a7c19c0e8
C 10
R
P 0x7f2a7c191628
C 342
R
P 0x7f2a7c191628
P 0x7f2a7c487208
C 10
R
P 0x7f2a7c191628
C 342
R
P 0x7f2a7c191628
P 0x7f2a7c19c128
C 10
R
P 0x7f2a7c191628
C 342
R
P 0x7f2a7c191628
P 0x7f2a7c19f848
C 10
R
P 0x7f2a7c191628
C 342
R
P 0x7f2a7c191628
P 0x7f2a7c48bca8
C 10
R
P 0x7f2a7c191628
C 342
R
P 0x7f2a7c191628
P 0x7f2a7c486fd8
C 10
R
P 0x7f2a7c191628
C 342
R
P 0x7f2a7c191628
P 0x7f2a7c19bc88
C 10
R
P 0x7f2a7c191628
C 342
R
P 0x7f2a7c191628
P 0x7f2a7c19c0e8
C 10
R
P 0x7f2a7c191628
C 342
R
P 0x7f2a7c191628
P 0x7f2a7c19c148
C 10
R
P 0x7f2a7c191628
C 342
R
P 0x7f2a7c191628
P 0x7f2a7c19c268
C 10
R
P 0x7f2a7c191628
C 342
R
P 0x7f2a7c191628
P 0x7f2a7c19bd08
C 10
R
P 0x7f2a7c191628
C 342
R
P 0x7f2a7c191628
P 0x7f2a7c19bc88
C 10
R
P 0x7f2a7c191628
C 342
R
P 0x7f2a7c191628
P 0x7f2a7c19bc88
C 10
R
P 0x7f2a7c191628
C 342
R
P 0x7f2a7c191628
P 0x7f2a7c48e0a8
C 10
R
P 0x7f2a7c191628
C 342
R
P 0x7f2a7c191628
P 0x7f2a7c19bfc8
C 10
R
P 0x7f2a7c191628
C 342
R
P 0x7f2a7c191628
P 0x7f2a7c1a1938
C 10
R
P 0x7f2a7c191628
C 342
R
P 0x7f2a7c191628
P 0x7f2a7c19c0e8
C 10
R
P 0x7f2a7c191628
C 342
R
P 0x7f2a7c191628
P 0x7f2a7c19bd08
C 10
R
P 0x7f2a7c191628
C 342
R
P 0x7f2a7c191628
P 0x7f2a7c19c2a8
C 10
R
P 0x7f2a7c191628
C 342
R
P 0x7f2a7c191628
P 0x7f2a7c19bc88
C 10
R
P 0x7f2a7c191628
C 342
R
P 0x7f2a7c191628
P 0x7f2a7c19c1a8
C 10
R
P 0x7f2a7c191628
C 342
R
P 0x7f2a7c191628
P 0x7f2a7c19bf88
C 10
R
P 0x7f2a7c191628
C 342
R
P 0x7f2a7c191628
P 0x7f2a7c486fa0
C 10
R
P 0x7f2a7c191628
C 342
R
P 0x7f2a7c191628
P 0x7f2a7c1a17b0
C 10
R
P 0x7f2a7c191628
C 342
R
P 0x7f2a7c191628
P 0x7f2a7c19c1a8
C 10
R
P 0x7f2a7c191628
C 342
R
P 0x7f2a7c191628
P 0x7f2a7c19bc88
C 10
R
P 0x7f2a7c191628
C 342
R
P 0x7f2a7c191628
P 0x7f2a7c487f98
C 10
R
P 0x7f2a7c191628
C 342
R
P 0x7f2a7c191628
P 0x7f2a7c487208
C 10
R
P 0x7f2a7c191628
C 342
R
P 0x7f2a7c191628
P 0x7f2a7c48b880
C 10
R
P 0x7f2a7c191628
C 342
R
P 0x7f2a7c191628
P 0x7f2a7c19eea8
C 10
R
P 0x7f2a7c191628
C 342
R
P 0x7f2a7c191628
P 0x7f2a7c19bc88
C 10
R
P 0x7f2a7c191628
C 342
R
P 0x7f2a7c191628
P 0x7f2a7c19bc88
C 10
R
P 0x7f2a7c191628
C 342
R
P 0x7f2a7c191628
P 0x7f2a7c473708
C 10
R
P 0x7f2a7c191628
C 342
R
P 0x7f2a7c191628
P 0x7f2a7c19c168
C 10
R
P 0x7f2a7c191628
C 342
R
P 0x7f2a7c191628
P 0x7f2a7c487470
C 10
R
P 0x7f2a7c191628
C 342
R
P 0x7f2a7c191628
P 0x7f2a7c487dd8
C 10
R
P 0x7f2a7c191628
C 342
R
P 0x7f2a7c191628
P 0x7f2a7c486fa0
C 10
R
P 0x7f2a7c191628
C 342
R
P 0x7f2a7c191628
P 0x7f2a7c19c028
C 10
R
P 0x7f2a7c191628
C 342
R
P 0x7f2a7c191628
P 0x7f2a7c1a20a8
C 10
R
P 0x7f2a7c191628
C 342
R
P 0x7f2a7c191628
P 0x7f2a7c1a1cb8
C 10
R
P 0x7f2a7c191628
C 342
R
P 0x7f2a7c191628
P 0x7f2a7c487390
C 10
R
P 0x7f2a7c191628
C 342
R
P 0x7f2a7c191628
P 0x7f2a7c1a2ea8
C 10
R
P 0x7f2a7c191628
C 342
R
P 0x7f2a7c191628
P 0x7f2a7c19bc88
C 10
R
P 0x7f2a7c191628
C 342
R
P 0x7f2a7c191628
P 0x7f2a7c4873c8
C 10
R
P 0x7f2a7c191628
C 342
R
P 0x7f2a7c191628
P 0x7f2a7c1a1900
C 10
R
P 0x7f2a7c191628
C 342
R
P 0x7f2a7c191628
P 0x7f2a7c1a1778
C 10
R
P 0x7f2a7c191628
C 342
R
P 0x7f2a7c191628
P 0x7f2a7c1a1820
C 10
R
P 0x7f2a7c191628
C 342
R
P 0x7f2a7c191628
P 0x7f2a7c19bf48
C 10
R
P 0x7f2a7c191628
C 342
R
P 0x7f2a7c191628
P 0x7f2a7c4872e8
C 10
R
P 0x7f2a7c191628
C 342
R
P 0x7f2a7c191628
P 0x7f2a7c19bb48
C 10
R
P 0x7f2a7c191628
C 342
R
P 0x7f2a7c191628
P 0x7f2a7c487240
C 10
R
P 0x7f2a7c191628
C 342
R
P 0x7f2a7c191628
P 0x7f2a7c19bc88
C 10
R
P 0x7f2a7c191628
C 342
R
P 0x7f2a7c191628
P 0x7f2a7c479c08
C 10
R
P 0x7f2a7c191628
C 342
R
P 0x7f2a7c191628
P 0x7f2a7c19bc88
C 10
R
P 0x7f2a7c191628
C 342
R
P 0x7f2a7c191628
P 0x7f2a7c487a58
C 10
R
P 0x7f2a7c191628
C 342
R
P 0x7f2a7c191628
P 0x7f2a7c19e608
C 10
R
P 0x7f2a7c191628
C 342
R
P 0x7f2a7c191628
P 0x7f2a7c19fb08
C 10
R
P 0x7f2a7c191628
C 342
R
P 0x7f2a7c191628
P 0x7f2a7c19bc88
C 10
R
P 0x7f2a7c191628
C 342
R
P 0x7f2a7c191628
P 0x7f2a7c4755b8
C 10
R
P 0x7f2a7c191628
C 342
R
P 0x7f2a7c191628
P 0x7f2a7c486fd8
C 10
R
P 0x7f2a7c191628
C 342
R
P 0x7f2a7c191628
P 0x7f2a7c19bc88
C 10
R
P 0x7f2a7c191628
C 342
R
P 0x7f2a7c191628
P 0x7f2a7c19bc88
C 10
R
P 0x7f2a7c191628
C 342
R
P 0x7f2a7c191628
P 0x7f2a7c19bc88
C 10
R
P 0x7f2a7c191628
C 342
R
P 0x7f2a7c191628
P 0x7f2a7c19bcc8
C 10
R
P 0x7f2a7c191628
C 342
R
P 0x7f2a7c191628
P 0x7f2a7c19c088
C 10
R
P 0x7f2a7c191628
C 342
R
P 0x7f2a7c191628
P 0x7f2a7c19bc88
C 10
R
P 0x7f2a7c191628
C 342
R
P 0x7f2a7c191628
P 0x7f2a7c487240
C 10
R
P 0x7f2a7c191628
C 342
R
P 0x7f2a7c191628
P 0x7f2a7c488158
C 10
R
P 0x7f2a7c191628
C 342
R
P 0x7f2a7c191628
P 0x7f2a7c19fa88
C 10
R
P 0x7f2a7c191628
C 342
R
P 0x7f2a7c191628
P 0x7f2a7c487208
C 10
R
P 0x7f2a7c191628
C 342
R
P 0x7f2a7c191628
P 0x7f2a7c19c088
C 10
R
P 0x7f2a7c191628
C 342
R
P 0x7f2a7c191628
P 0x7f2a7c487278
C 10
R
P 0x7f2a7c191628
C 342
R
P 0x7f2a7c191628
P 0x7f2a7c1a1900
C 10
R
P 0x7f2a7c191628
C 342
R
P 0x7f2a7c191628
P 0x7f2a7c19c2a8
C 10
R
P 0x7f2a7c191628
C 342
R
P 0x7f2a7c191628
P 0x7f2a7c487470
C 10
R
P 0x7f2a7c191628
C 342
R
P 0x7f2a7c191628
P 0x7f2a7c19bfe8
C 10
R
P 0x7f2a7c191628
C 342
R
P 0x7f2a7c191628
P 0x7f2a7c487390
C 10
R
P 0x7f2a7c191628
C 342
R
P 0x7f2a7c191628
P 0x7f2a7c19c168
C 10
R
P 0x7f2a7c191628
C 342
R
P 0x7f2a7c191628
P 0x7f2a7c19bc88
C 10
R
P 0x7f2a7c191628
C 342
R
P 0x7f2a7c191628
P 0x7f2a7c473c78
C 10
R
P 0x7f2a7c191628
C 342
R
P 0x7f2a7c191628
P 0x7f2a7c19c068
C 10
R
P 0x7f2a7c191628
C 342
R
P 0x7f2a7c191628
P 0x7f2a7c19bc88
C 10
R
P 0x7f2a7c191628
C 342
R
P 0x7f2a7c191628
P 0x7f2a7c1a1820
C 10
R
P 0x7f2a7c191628
C 342
R
P 0x7f2a7c191628
P 0x7f2a7c19c028
C 10
R
P 0x7f2a7c191628
C 342
R
P 0x7f2a7c191628
P 0x7f2a7c478778
C 10
R
P 0x7f2a7c191628
C 342
R
P 0x7f2a7c191628
P 0x7f2a7c19bfc8
C 10
R
P 0x7f2a7c191628
C 342
R
P 0x7f2a7c191628
P 0x7f2a7c19c2a8
C 10
R
P 0x7f2a7c191628
C 342
R
P 0x7f2a7c191628
P 0x7f2a7c19bc88
C 10
R
P 0x7f2a7c191628
C 342
R
P 0x7f2a7c191628
P 0x7f2a7c19bc88
C 10
R
P 0x7f2a7c191628
C 342
R
P 0x7f2a7c191628
P 0x7f2a7c487400
C 10
R
P 0x7f2a7c191628
C 342
R
P 0x7f2a7c191628
P 0x7f2a7c19bfc8
C 10
R
P 0x7f2a7c191628
C 342
R
P 0x7f2a7c191628
P 0x7f2a7c19bc88
C 10
R
P 0x7f2a7c191628
C 342
R
P 0x7f2a7c191628
P 0x7f2a7c475af8
C 10
R
P 0x7f2a7c191628
C 342
R
P 0x7f2a7c191628
P 0x7f2a7c489db0
C 10
R
P 0x7f2a7c191628
C 342
R
P 0x7f2a7c191628
P 0x7f2a7c487438
C 10
R
P 0x7f2a7c191628
C 342
R
P 0x7f2a7c191628
P 0x7f2a7c4876d8
C 10
R
P 0x7f2a7c191628
C 342
R
P 0x7f2a7c191628
P 0x7f2a7c488270
C 10
R
P 0x7f2a7c191628
C 342
R
P 0x7f2a7c191628
P 0x7f2a7c19bc88
C 10
R
P 0x7f2a7c191628
C 342
R
P 0x7f2a7c191628
P 0x7f2a7c19c268
C 10
R
P 0x7f2a7c191628
C 342
R
P 0x7f2a7c191628
P 0x7f2a7c487da0
C 10
R
P 0x7f2a7c191628
C 342
R
P 0x7f2a7c191628
P 0x7f2a7c487f60
C 10
R
P 0x7f2a7c191628
C 342
R
P 0x7f2a7c191628
P 0x7f2a7c19bcc8
C 10
R
P 0x7f2a7c191628
C 342
R
P 0x7f2a7c191628
P 0x7f2a7c19c268
C 10
R
P 0x7f2a7c191628
C 342
R
P 0x7f2a7c191628
P 0x7f2a7c487320
C 10
R
P 0x7f2a7c191628
C 342
R
P 0x7f2a7c191628
P 0x7f2a7c19bca8
C 10
R
P 0x7f2a7c191628
C 342
R
P 0x7f2a7c191628
P 0x7f2a7c19bc88
C 10
R
P 0x7f2a7c191628
C 342
R
P 0x7f2a7c191628
P 0x7f2a7c1a2380
C 10
R
P 0x7f2a7c191628
C 342
R
P 0x7f2a7c191628
P 0x7f2a7c487080
C 10
R
P 0x7f2a7c191628
C 342
R
P 0x7f2a7c191628
P 0x7f2a7c19c228
C 10
R
P 0x7f2a7c191628
C 342
R
P 0x7f2a7c191628
P 0x7f2a7c19bc88
C 10
R
P 0x7f2a7c191628
C 342
R
P 0x7f2a7c191628
P 0x7f2a7c487fd0
C 10
R
P 0x7f2a7c191628
C 342
R
P 0x7f2a7c191628
P 0x7f2a7c19fb08
C 10
R
P 0x7f2a7c191628
C 342
R
P 0x7f2a7c191628
P 0x7f2a7c19c028
C 10
R
P 0x7f2a7c191628
C 342
R
P 0x7f2a7c191628
P 0x7f2a7c2cc7e0
C 10
R
P 0x7f2a7c191628
C 342
R
P 0x7f2a7c191628
P 0x7f2a7c486fd8
C 10
R
P 0x7f2a7c191628
C 342
R
P 0x7f2a7c191628
P 0x7f2a7c19fa48
C 10
R
P 0x7f2a7c191628
C 342
R
P 0x7f2a7c191628
P 0x7f2a7c487400
C 10
R
P 0x7f2a7c191628
C 342
R
P 0x7f2a7c191628
P 0x7f2a7c2cc188
C 10
R
P 0x7f2a7c191628
C 342
R
P 0x7f2a7c191628
P 0x7f2a7c19bc88
C 10
R
P 0x7f2a7c191628
C 342
R
P 0x7f2a7c191628
P 0x7f2a7c19bc88
C 10
R
P 0x7f2a7c191628
C 342
R
P 0x7f2a7c191628
P 0x7f2a7c48b650
C 10
R
P 0x7f2a7c191628
C 342
R
P 0x7f2a7c191628
P 0x7f2a7c486fd8
C 10
R
P 0x7f2a7c191628
C 342
R
P 0x7f2a7c191628
P 0x7f2a7c1a1890
C 10
R
P 0x7f2a7c191628
C 342
R
P 0x7f2a7c191628
P 0x7f2a7c487438
C 10
R
P 0x7f2a7c191628
C 342
R
P 0x7f2a7c191628
P 0x7f2a7c479460
C 10
R
P 0x7f2a7c191628
C 342
R
P 0x7f2a7c191628
P 0x7f2a7c1a1890
C 10
R
P 0x7f2a7c191628
C 342
R
P 0x7f2a7c191628
P 0x7f2a7c19bd08
C 10
R
P 0x7f2a7c191628
C 342
R
P 0x7f2a7c191628
P 0x7f2a7c19bfc8
C 10
R
P 0x7f2a7c191628
C 342
R
P 0x7f2a7c191628
P 0x7f2a7c479e70
C 10
R
P 0x7f2a7c191628
C 342
R
P 0x7f2a7c191628
P 0x7f2a7c19c2a8
C 10
R
P 0x7f2a7c191628
C 342
R
P 0x7f2a7c191628
P 0x7f2a7c19bc88
C 10
R
P 0x7f2a7c191628
C 342
R
P 0x7f2a7c191628
P 0x7f2a7c19bc88
C 10
R
P 0x7f2a7c191628
C 342
R
P 0x7f2a7c191628
P 0x7f2a7c19f888
C 10
R
P 0x7f2a7c191628
C 342
R
P 0x7f2a7c191628
P 0x7f2a7c487390
C 10
R
P 0x7f2a7c191628
C 342
R
P 0x7f2a7c191628
P 0x7f2a7c488e28
C 10
R
P 0x7f2a7c191628
C 342
R
P 0x7f2a7c191628
P 0x7f2a7c19bf48
C 10
R
P 0x7f2a7c191628
C 342
R
P 0x7f2a7c191628
P 0x7f2a7c4872b0
C 10
R
P 0x7f2a7c191628
C 342
R
P 0x7f2a7c191628
P 0x7f2a7c19bc88
C 10
R
P 0x7f2a7c191628
C 342
R
P 0x7f2a7c191628
P 0x7f2a7c19bc88
C 10
R
P 0x7f2a7c191628
C 342
R
P 0x7f2a7c191628
P 0x7f2a7c48a4e8
C 10
R
P 0x7f2a7c191628
C 342
R
P 0x7f2a7c191628
P 0x7f2a7c1a2348
C 10
R
P 0x7f2a7c191628
C 342
R
P 0x7f2a7c191628
P 0x7f2a7c19bc88
C 10
R
P 0x7f2a7c191628
C 342
R
P 0x7f2a7c191628
P 0x7f2a7c19c2a8
C 10
R
P 0x7f2a7c191628
C 342
R
P 0x7f2a7c191628
P 0x7f2a7c19c2a8
C 10
R
P 0x7f2a7c191628
C 342
R
P 0x7f2a7c191628
P 0x7f2a7c4873c8
C 10
R
P 0x7f2a7c191628
C 342
R
P 0x7f2a7c191628
P 0x7f2a7c19bc88
C 10
R
P 0x7f2a7c191628
C 342
R
P 0x7f2a7c191628
P 0x7f2a7c19bc88
C 10
R
P 0x7f2a7c191628
C 342
R
P 0x7f2a7c191628
P 0x7f2a7c19e308
C 10
R
P 0x7f2a7c191628
C 342
R
P 0x7f2a7c191628
P 0x7f2a7c1a1f58
C 10
R
P 0x7f2a7c191628
C 342
R
P 0x7f2a7c191628
P 0x7f2a7c19c0a8
C 10
R
P 0x7f2a7c191628
C 342
R
P 0x7f2a7c191628
P 0x7f2a7c19c0c8
C 10
R
P 0x7f2a7c191628
C 342
R
P 0x7f2a7c191628
P 0x7f2a7c1a1938
C 10
R
P 0x7f2a7c191628
C 342
R
P 0x7f2a7c191628
P 0x7f2a7c4888e8
C 10
R
P 0x7f2a7c191628
C 342
R
P 0x7f2a7c191628
P 0x7f2a7c19bca8
C 10
R
P 0x7f2a7c191628
C 342
R
P 0x7f2a7c191628
P 0x7f2a7c19bfc8
C 10
R
P 0x7f2a7c191628
C 342
R
P 0x7f2a7c191628
P 0x7f2a7c19bfc8
C 10
R
P 0x7f2a7c191628
C 342
R
P 0x7f2a7c191628
P 0x7f2a7c1a1858
C 10
R
P 0x7f2a7c191628
C 342
R
P 0x7f2a7c191628
P 0x7f2a7c487f98
C 10
R
P 0x7f2a7c191628
C 342
R
P 0x7f2a7c191628
P 0x7f2a7c19bc88
C 10
R
P 0x7f2a7c191628
C 342
R
P 0x7f2a7c191628
P 0x7f2a7c19fac8
C 10
R
P 0x7f2a7c191628
C 342
R
P 0x7f2a7c191628
P 0x7f2a7c487940
C 10
R
P 0x7f2a7c191628
C 342
R
P 0x7f2a7c191628
P 0x7f2a7c19c028
C 10
R
P 0x7f2a7c191628
C 342
R
P 0x7f2a7c191628
P 0x7f2a7c19bf68
C 10
R
P 0x7f2a7c191628
C 342
R
P 0x7f2a7c191628
P 0x7f2a7c1a24d0
C 10
R
P 0x7f2a7c191628
C 342
R
P 0x7f2a7c191628
P 0x7f2a7c19bc88
C 10
R
P 0x7f2a7c191628
C 342
R
P 0x7f2a7c191628
P 0x7f2a7c19bc88
C 10
R
P 0x7f2a7c191628
C 342
R
P 0x7f2a7c191628
P 0x7f2a7c19c0e8
C 10
R
P 0x7f2a7c191628
C 342
R
P 0x7f2a7c191628
P 0x7f2a7c1a1820
C 10
R
P 0x7f2a7c191628
C 342
R
P 0x7f2a7c191628
P 0x7f2a7c48be68
C 10
R
P 0x7f2a7c191628
C 342
R
P 0x7f2a7c191628
P 0x7f2a7c19bce8
C 10
R
P 0x7f2a7c191628
C 342
R
P 0x7f2a7c191628
P 0x7f2a7c19c2a8
C 10
R
P 0x7f2a7c191628
C 342
R
P 0x7f2a7c191628
P 0x7f2a7c19e338
C 10
R
P 0x7f2a7c191628
C 342
R
P 0x7f2a7c191628
P 0x7f2a7c478318
C 10
R
P 0x7f2a7c191628
C 342
R
P 0x7f2a7c191628
P 0x7f2a7c19bc88
C 10
R
P 0x7f2a7c191628
C 342
R
P 0x7f2a7c191628
P 0x7f2a7c473df8
C 10
R
P 0x7f2a7c191628
C 342
R
P 0x7f2a7c191628
P 0x7f2a7c489db0
C 10
R
P 0x7f2a7c191628
C 342
R
P 0x7f2a7c191628
P 0x7f2a7c19bcc8
C 10
R
P 0x7f2a7c191628
C 342
R
P 0x7f2a7c191628
P 0x7f2a7c19bc08
C 10
R
P 0x7f2a7c191628
C 342
R
P 0x7f2a7c191628
P 0x7f2a7c1a1820
C 10
R
P 0x7f2a7c191628
C 342
R
P 0x7f2a7c191628
P 0x7f2a7c19c108
C 10
R
P 0x7f2a7c191628
C 342
R
P 0x7f2a7c191628
P 0x7f2a7c19f0b8
C 10
R
P 0x7f2a7c191628
C 342
R
P 0x7f2a7c191628
P 0x7f2a7c4873c8
C 10
R
P 0x7f2a7c191628
C 342
R
P 0x7f2a7c191628
P 0x7f2a7c486fa0
C 10
R
P 0x7f2a7c191628
C 342
R
P 0x7f2a7c191628
P 0x7f2a7c19bc88
C 10
R
P 0x7f2a7c191628
C 342
R
P 0x7f2a7c191628
P 0x7f2a7c487390
C 10
R
P 0x7f2a7c191628
C 342
R
P 0x7f2a7c191628
P 0x7f2a7c19c108
C 10
R
P 0x7f2a7c191628
C 342
R
P 0x7f2a7c191628
P 0x7f2a7c19c168
C 10
R
P 0x7f2a7c191628
C 342
R
P 0x7f2a7c191628
P 0x7f2a7c487908
C 10
R
P 0x7f2a7c191628
C 342
R
P 0x7f2a7c191628
P 0x7f2a7c19c028
C 10
R
P 0x7f2a7c191628
C 342
R
P 0x7f2a7c191628
P 0x7f2a7c1a2818
C 10
R
P 0x7f2a7c191628
C 342
R
P 0x7f2a7c191628
P 0x7f2a7c1a2428
C 10
R
P 0x7f2a7c191628
C 342
R
P 0x7f2a7c191628
P 0x7f2a7c19bfc8
C 10
R
P 0x7f2a7c191628
C 342
R
P 0x7f2a7c191628
P 0x7f2a7c487a58
C 10
R
P 0x7f2a7c191628
C 342
R
P 0x7f2a7c191628
P 0x7f2a7c19bc88
C 10
R
P 0x7f2a7c191628
C 342
R
P 0x7f2a7c191628
P 0x7f2a7c19c068
C 10
R
P 0x7f2a7c191628
C 342
R
P 0x7f2a7c191628
P 0x7f2a7c486d38
C 10
R
P 0x7f2a7c191628
C 342
R
P 0x7f2a7c191628
P 0x7f2a7c19bd08
C 10
R
P 0x7f2a7c191628
C 342
R
P 0x7f2a7c191628
P 0x7f2a7c19f848
C 10
R
P 0x7f2a7c191628
C 342
R
P 0x7f2a7c191628
P 0x7f2a7c487240
C 10
R
P 0x7f2a7c191628
C 342
R
P 0x7f2a7c191628
P 0x7f2a7c19bfa8
C 10
R
P 0x7f2a7c191628
C 342
R
P 0x7f2a7c191628
P 0x7f2a7c488d80
C 10
R
P 0x7f2a7c191628
C 342
R
P 0x7f2a7c191628
P 0x7f2a7c19c148
C 10
R
P 0x7f2a7c191628
C 342
R
P 0x7f2a7c191628
P 0x7f2a7c47a1b8
C 10
R
P 0x7f2a7c191628
C 342
R
P 0x7f2a7c191628
P 0x7f2a7c19bc68
C 10
R
P 0x7f2a7c191628
C 342
R
P 0x7f2a7c191628
P 0x7f2a7c19c168
C 10
R
P 0x7f2a7c191628
C 342
R
P 0x7f2a7c191628
P 0x7f2a7c1a18c8
C 10
R
P 0x7f2a7c191628
C 342
R
P 0x7f2a7c191628
P 0x7f2a7c19fb08
C 10
R
P 0x7f2a7c191628
C 342
R
P 0x7f2a7c191628
P 0x7f2a7c19dac8
C 10
R
P 0x7f2a7c191628
C 342
R
P 0x7f2a7c191628
P 0x7f2a7c4896e8
C 10
R
P 0x7f2a7c191628
C 342
R
P 0x7f2a7c191628
P 0x7f2a7c19c268
C 10
R
P 0x7f2a7c191628
C 342
R
P 0x7f2a7c191628
P 0x7f2a7c19bc88
C 10
R
P 0x7f2a7c191628
C 342
R
P 0x7f2a7c191628
P 0x7f2a7c2cc380
C 10
R
P 0x7f2a7c191628
C 342
R
P 0x7f2a7c191628
P 0x7f2a7c19bc88
C 10
R
P 0x7f2a7c191628
C 342
R
P 0x7f2a7c191628
P 0x7f2a7c19dee8
C 10
R
P 0x7f2a7c191628
C 342
R
P 0x7f2a7c191628
P 0x7f2a7c487208
C 10
R
P 0x7f2a7c191628
C 342
R
P 0x7f2a7c191628
P 0x7f2a7c1a2230
C 10
R
P 0x7f2a7c191628
C 342
R
P 0x7f2a7c191628
P 0x7f2a7c4873c8
C 10
R
P 0x7f2a7c191628
C 342
R
P 0x7f2a7c191628
P 0x7f2a7c19c128
C 10
R
P 0x7f2a7c191628
C 342
R
P 0x7f2a7c191628
P 0x7f2a7c48b8f0
C 10
R
P 0x7f2a7c191628
C 342
R
P 0x7f2a7c191628
P 0x7f2a7c473768
C 10
R
P 0x7f2a7c191628
C 342
R
P 0x7f2a7c191628
P 0x7f2a7c19e1b8
C 10
R
P 0x7f2a7c191628
C 342
R
P 0x7f2a7c191628
P 0x7f2a7c19bf68
C 10
R
P 0x7f2a7c191628
C 342
R
P 0x7f2a7c191628
P 0x7f2a7c19c028
C 10
R
P 0x7f2a7c191628
C 342
R
P 0x7f2a7c191628
P 0x7f2a7c19f988
C 10
R
P 0x7f2a7c191628
C 342
R
P 0x7f2a7c191628
P 0x7f2a7c19c028
C 10
R
P 0x7f2a7c191628
C 342
R
P 0x7f2a7c191628
P 0x7f2a7c19bc88
C 10
R
P 0x7f2a7c191628
C 342
R
P 0x7f2a7c191628
P 0x7f2a7c487010
C 10
R
P 0x7f2a7c191628
C 342
R
P 0x7f2a7c191628
P 0x7f2a7c19c2a8
C 10
R
P 0x7f2a7c191628
C 342
R
P 0x7f2a7c191628
P 0x7f2a7c19bc88
C 10
R
P 0x7f2a7c191628
C 342
R
P 0x7f2a7c191628
P 0x7f2a7c19c1a8
C 10
R
P 0x7f2a7c191628
C 342
R
P 0x7f2a7c191628
P 0x7f2a7c48b148
C 10
R
P 0x7f2a7c191628
C 342
R
P 0x7f2a7c191628
P 0x7f2a7c487908
C 10
R
P 0x7f2a7c191628
C 342
R
P 0x7f2a7c191628
P 0x7f2a7c19c0e8
C 10
R
P 0x7f2a7c191628
C 342
R
P 0x7f2a7c191628
P 0x7f2a7c19bfc8
C 10
R
P 0x7f2a7c191628
C 342
R
P 0x7f2a7c191628
P 0x7f2a7c19c0e8
C 10
R
P 0x7f2a7c191628
C 342
R
P 0x7f2a7c191628
P 0x7f2a7c19c1c8
C 10
R
P 0x7f2a7c191628
C 342
R
P 0x7f2a7c191628
P 0x7f2a7c19c1a8
C 10
R
P 0x7f2a7c191628
C 342
R
P 0x7f2a7c191628
P 0x7f2a7c19bcc8
C 10
R
P 0x7f2a7c191628
C 342
R
P 0x7f2a7c191628
P 0x7f2a7c1a1970
C 10
R
P 0x7f2a7c191628
C 342
R
P 0x7f2a7c191628
P 0x7f2a7c1a2968
C 10
R
P 0x7f2a7c191628
C 342
R
P 0x7f2a7c191628
P 0x7f2a7c487f98
C 10
R
P 0x7f2a7c191628
C 342
R
P 0x7f2a7c191628
P 0x7f2a7c487470
C 10
R
P 0x7f2a7c191628
C 342
R
P 0x7f2a7c191628
P 0x7f2a7c1a1938
C 10
R
P 0x7f2a7c191628
C 342
R
P 0x7f2a7c191628
P 0x7f2a7c19bd08
C 10
R
P 0x7f2a7c191628
C 342
R
P 0x7f2a7c191628
P 0x7f2a7c19c028
C 10
R
P 0x7f2a7c191628
C 342
R
P 0x7f2a7c191628
P 0x7f2a7c19c248
C 10
R
P 0x7f2a7c191628
C 342
R
P 0x7f2a7c191628
P 0x7f2a7c19bc88
C 10
R
P 0x7f2a7c191628
C 342
R
P 0x7f2a7c191628
P 0x7f2a7c478ee8
C 10
R
P 0x7f2a7c191628
C 342
R
P 0x7f2a7c191628
P 0x7f2a7c19bc88
C 10
R
P 0x7f2a7c191628
C 342
R
P 0x7f2a7c191628
P 0x7f2a7c48b768
C 10
R
P 0x7f2a7c191628
C 342
R
P 0x7f2a7c191628
P 0x7f2a7c19c068
C 10
R
P 0x7f2a7c191628
C 342
R
P 0x7f2a7c191628
P 0x7f2a7c4872b0
C 10
R
P 0x7f2a7c191628
C 342
R
P 0x7f2a7c191628
P 0x7f2a7c1a1858
C 10
R
P 0x7f2a7c191628
C 342
R
P 0x7f2a7c191628
P 0x7f2a7c19c068
C 10
R
P 0x7f2a7c191628
C 342
R
P 0x7f2a7c191628
P 0x7f2a7c1a2930
C 10
R
P 0x7f2a7c191628
C 342
R
P 0x7f2a7c191628
P 0x7f2a7c487f60
C 10
R
P 0x7f2a7c191628
C 342
R
P 0x7f2a7c191628
P 0x7f2a7c19c0e8
C 10
R
P 0x7f2a7c191628
C 342
R
P 0x7f2a7c191628
P 0x7f2a7c19bfc8
C 10
R
P 0x7f2a7c191628
C 342
R
P 0x7f2a7c191628
P 0x7f2a7c2ccd90
C 10
R
P 0x7f2a7c191628
C 342
R
P 0x7f2a7c191628
P 0x7f2a7c19bcc8
C 10
R
P 0x7f2a7c191628
C 342
R
P 0x7f2a7c191628
P 0x7f2a7c478740
C 10
R
P 0x7f2a7c191628
C 342
R
P 0x7f2a7c191628
P 0x7f2a7c48c338
C 10
R
P 0x7f2a7c191628
C 342
R
P 0x7f2a7c191628
P 0x7f2a7c1a1cb8
C 10
R
P 0x7f2a7c191628
C 342
R
P 0x7f2a7c191628
P 0x7f2a7c48b378
C 10
R
P 0x7f2a7c191628
C 342
R
P 0x7f2a7c191628
P 0x7f2a7c19f988
C 10
R
P 0x7f2a7c191628
C 342
R
P 0x7f2a7c191628
P 0x7f2a7c4797a8
C 10
R
P 0x7f2a7c191628
C 342
R
P 0x7f2a7c191628
P 0x7f2a7c19bf68
C 10
R
P 0x7f2a7c191628
C 342
R
P 0x7f2a7c191628
P 0x7f2a7c19c228
C 10
R
P 0x7f2a7c191628
C 342
R
P 0x7f2a7c191628
P 0x7f2a7c2cd228
C 10
R
P 0x7f2a7c191628
C 342
R
P 0x7f2a7c191628
P 0x7f2a7c19c028
C 10
R
P 0x7f2a7c191628
C 342
R
P 0x7f2a7c191628
P 0x7f2a7c1a2348
C 10
R
P 0x7f2a7c191628
C 342
R
P 0x7f2a7c191628
P 0x7f2a7c19bfc8
C 10
R
P 0x7f2a7c191628
C 342
R
P 0x7f2a7c191628
P 0x7f2a7c487a90
C 10
R
P 0x7f2a7c191628
C 342
R
P 0x7f2a7c191628
P 0x7f2a7c1a1970
C 10
R
P 0x7f2a7c191628
C 342
R
P 0x7f2a7c191628
P 0x7f2a7c4770d8
C 10
R
P 0x7f2a7c191628
C 342
R
P 0x7f2a7c191628
P 0x7f2a7c4873c8
C 10
R
P 0x7f2a7c191628
C 342
R
P 0x7f2a7c191628
P 0x7f2a7c19fac8
C 10
R
P 0x7f2a7c191628
C 342
R
P 0x7f2a7c191628
P 0x7f2a7c19c2a8
C 10
R
P 0x7f2a7c191628
C 342
R
P 0x7f2a7c191628
P 0x7f2a7c19bf48
C 10
R
P 0x7f2a7c191628
C 342
R
P 0x7f2a7c191628
P 0x7f2a7c19f948
C 10
R
P 0x7f2a7c191628
C 342
R
P 0x7f2a7c191628
P 0x7f2a7c19c148
C 10
R
P 0x7f2a7c191628
C 342
R
P 0x7f2a7c191628
P 0x7f2a7c19f888
C 10
R
P 0x7f2a7c191628
C 342
R
P 0x7f2a7c191628
P 0x7f2a7c19bc88
C 10
R
P 0x7f2a7c191628
C 342
R
P 0x7f2a7c191628
P 0x7f2a7c19c168
C 10
R
P 0x7f2a7c191628
C 342
R
P 0x7f2a7c191628
P 0x7f2a7c19c148
C 10
R
P 0x7f2a7c191628
C 342
R
P 0x7f2a7c191628
P 0x7f2a7c487dd8
C 10
R
P 0x7f2a7c191628
C 342
R
P 0x7f2a7c191628
P 0x7f2a7c19bd08
C 10
R
P 0x7f2a7c191628
C 342
R
P 0x7f2a7c191628
P 0x7f2a7c1a1890
C 10
R
P 0x7f2a7c191628
C 342
R
P 0x7f2a7c191628
P 0x7f2a7c19bfc8
C 10
R
P 0x7f2a7c191628
C 342
R
P 0x7f2a7c191628
P 0x7f2a7c488158
C 10
R
P 0x7f2a7c191628
C 342
R
P 0x7f2a7c191628
P 0x7f2a7c1a1778
C 10
R
P 0x7f2a7c191628
C 342
R
P 0x7f2a7c191628
P 0x7f2a7c487208
C 10
R
P 0x7f2a7c191628
C 342
R
P 0x7f2a7c191628
P 0x7f2a7c19c1a8
C 10
R
P 0x7f2a7c191628
C 342
R
P 0x7f2a7c191628
P 0x7f2a7c1a1778
C 10
R
P 0x7f2a7c191628
C 342
R
P 0x7f2a7c191628
P 0x7f2a7c487b70
C 10
R
P 0x7f2a7c191628
C 342
R
P 0x7f2a7c191628
P 0x7f2a7c1a18c8
C 10
R
P 0x7f2a7c191628
C 342
R
P 0x7f2a7c191628
P 0x7f2a7c19bc88
C 10
R
P 0x7f2a7c191628
C 342
R
P 0x7f2a7c191628
P 0x7f2a7c1a1858
C 10
R
P 0x7f2a7c191628
C 342
R
P 0x7f2a7c191628
P 0x7f2a7c19c188
C 10
R
P 0x7f2a7c191628
C 342
R
P 0x7f2a7c191628
P 0x7f2a7c48c140
C 10
R
P 0x7f2a7c191628
C 342
R
P 0x7f2a7c191628
P 0x7f2a7c19bf48
C 10
R
P 0x7f2a7c191628
C 342
R
P 0x7f2a7c191628
P 0x7f2a7c19c268
C 10
R
P 0x7f2a7c191628
C 342
R
P 0x7f2a7c191628
P 0x7f2a7c487390
C 10
R
P 0x7f2a7c191628
C 342
R
P 0x7f2a7c191628
P 0x7f2a7c19bf48
C 10
R
P 0x7f2a7c191628
C 342
R
P 0x7f2a7c191628
P 0x7f2a7c1a1cb8
C 10
R
P 0x7f2a7c191628
C 342
R
P 0x7f2a7c191628
P 0x7f2a7c19bfc8
C 10
R
P 0x7f2a7c191628
C 342
R
P 0x7f2a7c191628
P 0x7f2a7c19fa88
C 10
R
P 0x7f2a7c191628
C 342
R
P 0x7f2a7c191628
P 0x7f2a7c19c1a8
C 10
R
P 0x7f2a7c191628
C 342
R
P 0x7f2a7c191628
P 0x7f2a7c487f60
C 10
R
P 0x7f2a7c191628
C 342
R
P 0x7f2a7c191628
P 0x7f2a7c19f888
C 10
R
P 0x7f2a7c191628
C 342
R
P 0x7f2a7c191628
P 0x7f2a7c48bd50
C 10
R
P 0x7f2a7c191628
C 342
R
P 0x7f2a7c191628
P 0x7f2a7c19e158
C 10
R
P 0x7f2a7c191628
C 342
R
P 0x7f2a7c191628
P 0x7f2a7c1a1820
C 10
R
P 0x7f2a7c191628
C 342
R
P 0x7f2a7c191628
P 0x7f2a7c19bfa8
C 10
R
P 0x7f2a7c191628
C 342
R
P 0x7f2a7c191628
P 0x7f2a7c1a1890
C 10
R
P 0x7f2a7c191628
C 342
R
P 0x7f2a7c191628
P 0x7f2a7c487438
C 10
R
P 0x7f2a7c191628
C 342
R
P 0x7f2a7c191628
P 0x7f2a7c19c2a8
C 10
R
P 0x7f2a7c191628
C 342
R
P 0x7f2a7c191628
P 0x7f2a7c1a17b0
C 10
R
P 0x7f2a7c191628
C 342
R
P 0x7f2a7c191628
P 0x7f2a7c19c248
C 10
R
P 0x7f2a7c191628
C 342
R
P 0x7f2a7c191628
P 0x7f2a7c4888e8
C 10
R
P 0x7f2a7c191628
C 342
R
P 0x7f2a7c191628
P 0x7f2a7c1a1cb8
C 10
R
P 0x7f2a7c191628
C 342
R
P 0x7f2a7c191628
P 0x7f2a7c19bf48
C 10
R
P 0x7f2a7c191628
C 342
R
P 0x7f2a7c191628
P 0x7f2a7c48dbd8
C 10
R
P 0x7f2a7c191628
C 342
R
P 0x7f2a7c191628
P 0x7f2a7c19e218
C 10
R
P 0x7f2a7c191628
C 342
R
P 0x7f2a7c191628
P 0x7f2a7c4883f8
C 10
R
P 0x7f2a7c191628
C 342
R
P 0x7f2a7c191628
P 0x7f2a7c19c2a8
C 10
R
P 0x7f2a7c191628
C 342
R
P 0x7f2a7c191628
P 0x7f2a7c473d08
C 10
R
P 0x7f2a7c191628
C 342
R
P 0x7f2a7c191628
P 0x7f2a7c19bcc8
C 10
R
P 0x7f2a7c191628
C 342
R
P 0x7f2a7c191628
P 0x7f2a7c19c0c8
C 10
R
P 0x7f2a7c191628
C 342
R
P 0x7f2a7c191628
P 0x7f2a7c19bc88
C 10
R
P 0x7f2a7c191628
C 342
R
P 0x7f2a7c191628
P 0x7f2a7c19c2a8
C 10
R
P 0x7f2a7c191628
C 342
R
P 0x7f2a7c191628
P 0x7f2a7c19bc88
C 10
R
P 0x7f2a7c191628
C 342
R
P 0x7f2a7c191628
P 0x7f2a7c1a1d98
C 10
R
P 0x7f2a7c191628
C 342
R
P 0x7f2a7c191628
P 0x7f2a7c1a2348
C 10
R
P 0x7f2a7c191628
C 342
R
P 0x7f2a7c191628
P 0x7f2a7c48a440
C 10
R
P 0x7f2a7c191628
C 342
R
P 0x7f2a7c191628
P 0x7f2a7c19c2a8
C 10
R
P 0x7f2a7c191628
C 342
R
P 0x7f2a7c191628
P 0x7f2a7c487908
C 10
R
P 0x7f2a7c191628
C 342
R
P 0x7f2a7c191628
P 0x7f2a7c488ae0
C 10
R
P 0x7f2a7c191628
C 342
R
P 0x7f2a7c191628
P 0x7f2a7c48a7c0
C 10
R
P 0x7f2a7c191628
C 342
R
P 0x7f2a7c191628
P 0x7f2a7c4732e8
C 10
R
P 0x7f2a7c191628
C 342
R
P 0x7f2a7c191628
P 0x7f2a7c19c168
C 10
R
P 0x7f2a7c191628
C 342
R
P 0x7f2a7c191628
P 0x7f2a7c19bc88
C 10
R
P 0x7f2a7c191628
C 342
R
P 0x7f2a7c191628
P 0x7f2a7c19bc88
C 10
R
P 0x7f2a7c191628
C 342
R
P 0x7f2a7c191628
P 0x7f2a7c477030
C 10
R
P 0x7f2a7c191628
C 342
R
P 0x7f2a7c191628
P 0x7f2a7c19bc88
C 10
R
P 0x7f2a7c191628
C 342
R
P 0x7f2a7c191628
P 0x7f2a7c487e80
C 10
R
P 0x7f2a7c191628
C 342
R
P 0x7f2a7c191628
P 0x7f2a7c19bd08
C 10
R
P 0x7f2a7c191628
C 342
R
P 0x7f2a7c191628
P 0x7f2a7c19bc88
C 10
R
P 0x7f2a7c191628
C 342
R
P 0x7f2a7c191628
P 0x7f2a7c1a2348
C 10
R
P 0x7f2a7c191628
C 342
R
P 0x7f2a7c191628
P 0x7f2a7c19f848
C 10
R
P 0x7f2a7c191628
C 342
R
P 0x7f2a7c191628
P 0x7f2a7c487470
C 10
R
P 0x7f2a7c191628
C 342
R
P 0x7f2a7c191628
P 0x7f2a7c19c268
C 10
R
P 0x7f2a7c191628
C 342
R
P 0x7f2a7c191628
P 0x7f2a7c19c1a8
C 10
R
P 0x7f2a7c191628
C 342
R
P 0x7f2a7c191628
P 0x7f2a7c19bc88
C 10
R
P 0x7f2a7c191628
C 342
R
P 0x7f2a7c191628
P 0x7f2a7c19bcc8
C 10
R
P 0x7f2a7c191628
C 342
R
P 0x7f2a7c191628
P 0x7f2a7c19c0e8
C 10
R
P 0x7f2a7c191628
C 342
R
P 0x7f2a7c191628
P 0x7f2a7c19bd08
C 10
R
P 0x7f2a7c191628
C 342
R
P 0x7f2a7c191628
P 0x7f2a7c487390
C 10
R
P 0x7f2a7c191628
C 342
R
P 0x7f2a7c191628
P 0x7f2a7c2cbf90
C 10
R
P 0x7f2a7c191628
C 342
R
P 0x7f2a7c191628
P 0x7f2a7c487ba8
C 10
R
P 0x7f2a7c191628
C 342
R
P 0x7f2a7c191628
P 0x7f2a7c19bc88
C 10
R
P 0x7f2a7c191628
C 342
R
P 0x7f2a7c191628
P 0x7f2a7c19c148
C 10
R
P 0x7f2a7c191628
C 342
R
P 0x7f2a7c191628
P 0x7f2a7c478a88
C 10
R
P 0x7f2a7c191628
C 342
R
P 0x7f2a7c191628
P 0x7f2a7c48d008
C 10
R
P 0x7f2a7c191628
C 342
R
P 0x7f2a7c191628
P 0x7f2a7c48adc8
C 10
R
P 0x7f2a7c191628
C 342
R
P 0x7f2a7c191628
P 0x7f2a7c19bcc8
C 10
R
P 0x7f2a7c191628
C 342
R
P 0x7f2a7c191628
P 0x7f2a7c476ff8
C 10
R
P 0x7f2a7c191628
C 342
R
P 0x7f2a7c191628
P 0x7f2a7c1a25e8
C 10
R
P 0x7f2a7c191628
C 342
R
P 0x7f2a7c191628
P 0x7f2a7c19bc88
C 10
R
P 0x7f2a7c191628
C 342
R
P 0x7f2a7c191628
P 0x7f2a7c19fa88
C 10
R
P 0x7f2a7c191628
C 342
R
P 0x7f2a7c191628
P 0x7f2a7c487f98
C 10
R
P 0x7f2a7c191628
C 342
R
P 0x7f2a7c191628
P 0x7f2a7c19c2a8
C 10
R
P 0x7f2a7c191628
C 342
R
P 0x7f2a7c191628
P 0x7f2a7c486868
C 10
R
P 0x7f2a7c191628
C 342
R
P 0x7f2a7c191628
P 0x7f2a7c486fd8
C 10
R
P 0x7f2a7c191628
C 342
R
P 0x7f2a7c191628
P 0x7f2a7c4873c8
C 10
R
P 0x7f2a7c191628
C 342
R
P 0x7f2a7c191628
P 0x7f2a7c19c148
C 10
R
P 0x7f2a7c191628
C 342
R
P 0x7f2a7c191628
P 0x7f2a7c1a2d58
C 10
R
P 0x7f2a7c191628
C 342
R
P 0x7f2a7c191628
P 0x7f2a7c48afc0
C 10
R
P 0x7f2a7c191628
C 342
R
P 0x7f2a7c191628
P 0x7f2a7c19bd08
C 10
R
P 0x7f2a7c191628
C 342
R
P 0x7f2a7c191628
P 0x7f2a7c1a1890
C 10
R
P 0x7f2a7c191628
C 342
R
P 0x7f2a7c191628
P 0x7f2a7c19bc88
C 10
R
P 0x7f2a7c191628
C 342
R
P 0x7f2a7c191628
P 0x7f2a7c4896b0
C 10
R
P 0x7f2a7c191628
C 342
R
P 0x7f2a7c191628
P 0x7f2a7c1a17b0
C 10
R
P 0x7f2a7c191628
C 342
R
P 0x7f2a7c191628
P 0x7f2a7c4872e8
C 10
R
P 0x7f2a7c191628
C 342
R
P 0x7f2a7c191628
P 0x7f2a7c19bf48
C 10
R
P 0x7f2a7c191628
C 342
R
P 0x7f2a7c191628
P 0x7f2a7c19bcc8
C 10
R
P 0x7f2a7c191628
C 342
R
P 0x7f2a7c191628
P 0x7f2a7c486fd8
C 10
R
P 0x7f2a7c191628
C 342
R
P 0x7f2a7c191628
P 0x7f2a7c19bfc8
C 10
R
P 0x7f2a7c191628
C 342
R
P 0x7f2a7c191628
P 0x7f2a7c487d68
C 10
R
P 0x7f2a7c191628
C 342
R
P 0x7f2a7c191628
P 0x7f2a7c487f98
C 10
R
P 0x7f2a7c191628
C 342
R
P 0x7f2a7c191628
P 0x7f2a7c19bc88
C 10
R
P 0x7f2a7c191628
C 342
R
P 0x7f2a7c191628
P 0x7f2a7c487470
C 10
R
P 0x7f2a7c191628
C 342
R
P 0x7f2a7c191628
P 0x7f2a7c19c1c8
C 10
R
P 0x7f2a7c191628
C 342
R
P 0x7f2a7c191628
P 0x7f2a7c487438
C 10
R
P 0x7f2a7c191628
C 342
R
P 0x7f2a7c191628
P 0x7f2a7c19fa48
C 10
R
P 0x7f2a7c191628
C 342
R
P 0x7f2a7c191628
P 0x7f2a7c2cc540
C 10
R
P 0x7f2a7c191628
C 342
R
P 0x7f2a7c191628
P 0x7f2a7c1a2850
C 10
R
P 0x7f2a7c191628
C 342
R
P 0x7f2a7c191628
P 0x7f2a7c1a1778
C 10
R
P 0x7f2a7c191628
C 342
R
P 0x7f2a7c191628
P 0x7f2a7c19e8d8
C 10
R
P 0x7f2a7c191628
C 342
R
P 0x7f2a7c191628
P 0x7f2a7c19bc88
C 10
R
P 0x7f2a7c191628
C 342
R
P 0x7f2a7c191628
P 0x7f2a7c19bd08
C 10
R
P 0x7f2a7c191628
C 342
R
P 0x7f2a7c191628
P 0x7f2a7c19c168
C 10
R
P 0x7f2a7c191628
C 342
R
P 0x7f2a7c191628
P 0x7f2a7c487ba8
C 10
R
P 0x7f2a7c191628
C 342
R
P 0x7f2a7c191628
P 0x7f2a7c1a2348
C 10
R
P 0x7f2a7c191628
C 342
R
P 0x7f2a7c191628
P 0x7f2a7c19bc88
C 10
R
P 0x7f2a7c191628
C 342
R
P 0x7f2a7c191628
P 0x7f2a7c19bf48
C 10
R
P 0x7f2a7c191628
C 342
R
P 0x7f2a7c191628
P 0x7f2a7c1a2038
C 10
R
P 0x7f2a7c191628
C 342
R
P 0x7f2a7c191628
P 0x7f2a7c19e0f8
C 10
R
P 0x7f2a7c191628
C 342
R
P 0x7f2a7c191628
P 0x7f2a7c19c148
C 10
R
P 0x7f2a7c191628
C 342
R
P 0x7f2a7c191628
P 0x7f2a7c1a2e70
C 10
R
P 0x7f2a7c191628
C 342
R
P 0x7f2a7c191628
P 0x7f2a7c19c028
C 10
R
P 0x7f2a7c191628
C 342
R
P 0x7f2a7c191628
P 0x7f2a7c476000
C 10
R
P 0x7f2a7c191628
C 342
R
P 0x7f2a7c191628
P 0x7f2a7c487d68
C 10
R
P 0x7f2a7c191628
C 342
R
P 0x7f2a7c191628
P 0x7f2a7c487240
C 10
R
P 0x7f2a7c191628
C 342
R
P 0x7f2a7c191628
P 0x7f2a7c19c108
C 10
R
P 0x7f2a7c191628
C 342
R
P 0x7f2a7c191628
P 0x7f2a7c19c0e8
C 10
R
P 0x7f2a7c191628
C 342
R
P 0x7f2a7c191628
P 0x7f2a7c19c248
C 10
R
P 0x7f2a7c191628
C 342
R
P 0x7f2a7c191628
P 0x7f2a7c48c290
C 10
R
P 0x7f2a7c191628
C 342
R
P 0x7f2a7c191628
P 0x7f2a7c19bfc8
C 10
R
P 0x7f2a7c191628
C 342
R
P 0x7f2a7c191628
P 0x7f2a7c19bfc8
C 10
R
P 0x7f2a7c191628
C 342
R
P 0x7f2a7c191628
P 0x7f2a7c487b00
C 10
R
P 0x7f2a7c191628
C 342
R
P 0x7f2a7c191628
P 0x7f2a7c19e548
C 10
R
P 0x7f2a7c191628
C 342
R
P 0x7f2a7c191628
P 0x7f2a7c2cbcf0
C 10
R
P 0x7f2a7c191628
C 342
R
P 0x7f2a7c191628
P 0x7f2a7c19f848
C 10
R
P 0x7f2a7c191628
C 342
R
P 0x7f2a7c191628
P 0x7f2a7c487b70
C 10
R
P 0x7f2a7c191628
C 342
R
P 0x7f2a7c191628
P 0x7f2a7c19bc88
C 10
R
P 0x7f2a7c191628
C 342
R
P 0x7f2a7c191628
P 0x7f2a7c19c028
C 10
R
P 0x7f2a7c191628
C 342
R
P 0x7f2a7c191628
P 0x7f2a7c19c008
C 10
R
P 0x7f2a7c191628
C 342
R
P 0x7f2a7c191628
P 0x7f2a7c1a1f58
C 10
R
P 0x7f2a7c191628
C 342
R
P 0x7f2a7c191628
P 0x7f2a7c478510
C 10
R
P 0x7f2a7c191628
C 342
R
P 0x7f2a7c191628
P 0x7f2a7c487128
C 10
R
P 0x7f2a7c191628
C 342
R
P 0x7f2a7c191628
P 0x7f2a7c488190
C 10
R
P 0x7f2a7c191628
C 342
R
P 0x7f2a7c191628
P 0x7f2a7c1a17b0
C 10
R
P 0x7f2a7c191628
C 342
R
P 0x7f2a7c191628
P 0x7f2a7c19c028
C 10
R
P 0x7f2a7c191628
C 342
R
P 0x7f2a7c191628
P 0x7f2a7c19c648
C 10
R
P 0x7f2a7c191628
C 342
R
P 0x7f2a7c191628
P 0x7f2a7c19bc88
C 10
R
P 0x7f2a7c191628
C 342
R
P 0x7f2a7c191628
P 0x7f2a7c19bc88
C 10
R
P 0x7f2a7c191628
C 342
R
P 0x7f2a7c191628
P 0x7f2a7c19fa88
C 10
R
P 0x7f2a7c191628
C 342
R
P 0x7f2a7c191628
P 0x7f2a7c487be0
C 10
R
P 0x7f2a7c191628
C 342
R
P 0x7f2a7c191628
P 0x7f2a7c486fa0
C 10
R
P 0x7f2a7c191628
C 342
R
P 0x7f2a7c191628
P 0x7f2a7c479ea8
C 10
R
P 0x7f2a7c191628
C 342
R
P 0x7f2a7c191628
P 0x7f2a7c19fa48
C 10
R
P 0x7f2a7c191628
C 342
R
P 0x7f2a7c191628
P 0x7f2a7c19bc88
C 10
R
P 0x7f2a7c191628
C 342
R
P 0x7f2a7c191628
P 0x7f2a7c486fd8
C 10
R
P 0x7f2a7c191628
C 342
R
P 0x7f2a7c191628
P 0x7f2a7c473498
C 10
R
P 0x7f2a7c191628
C 342
R
P 0x7f2a7c191628
P 0x7f2a7c19bcc8
C 10
R
P 0x7f2a7c191628
C 342
R
P 0x7f2a7c191628
P 0x7f2a7c488db8
C 10
R
P 0x7f2a7c191628
C 342
R
P 0x7f2a7c191628
P 0x7f2a7c19fa88
C 10
R
P 0x7f2a7c191628
C 342
R
P 0x7f2a7c191628
P 0x7f2a7c19bc88
C 10
R
P 0x7f2a7c191628
C 342
R
P 0x7f2a7c191628
P 0x7f2a7c19bc88
C 10
R
P 0x7f2a7c191628
C 342
R
P 0x7f2a7c191628
P 0x7f2a7c487010
C 10
R
P 0x7f2a7c191628
C 342
R
P 0x7f2a7c191628
P 0x7f2a7c487128
C 10
R
P 0x7f2a7c191628
C 342
R
P 0x7f2a7c191628
P 0x7f2a7c488270
C 10
R
P 0x7f2a7c191628
C 342
R
P 0x7f2a7c191628
P 0x7f2a7c19c028
C 10
R
P 0x7f2a7c191628
C 342
R
P 0x7f2a7c191628
P 0x7f2a7c19bc88
C 10
R
P 0x7f2a7c191628
C 342
R
P 0x7f2a7c191628
P 0x7f2a7c19c1a8
C 10
R
P 0x7f2a7c191628
C 342
R
P 0x7f2a7c191628
P 0x7f2a7c487d68
C 10
R
P 0x7f2a7c191628
C 342
R
P 0x7f2a7c191628
P 0x7f2a7c486fa0
C 10
R
P 0x7f2a7c191628
C 342
R
P 0x7f2a7c191628
P 0x7f2a7c19c2a8
C 10
R
P 0x7f2a7c191628
C 342
R
P 0x7f2a7c191628
P 0x7f2a7c19c028
C 10
R
P 0x7f2a7c191628
C 342
R
P 0x7f2a7c191628
P 0x7f2a7c1a1f58
C 10
R
P 0x7f2a7c191628
C 342
R
P 0x7f2a7c191628
P 0x7f2a7c488158
C 10
R
P 0x7f2a7c191628
C 342
R
P 0x7f2a7c191628
P 0x7f2a7c19bc88
C 10
R
P 0x7f2a7c191628
C 342
R
P 0x7f2a7c191628
P 0x7f2a7c19bcc8
C 10
R
P 0x7f2a7c191628
C 342
R
P 0x7f2a7c191628
P 0x7f2a7c473948
C 10
R
P 0x7f2a7c191628
C 342
R
P 0x7f2a7c191628
P 0x7f2a7c19c148
C 10
R
P 0x7f2a7c191628
C 342
R
P 0x7f2a7c191628
P 0x7f2a7c19c0e8
C 10
R
P 0x7f2a7c191628
C 342
R
P 0x7f2a7c191628
P 0x7f2a7c2cd3b0
C 10
R
P 0x7f2a7c191628
C 342
R
P 0x7f2a7c191628
P 0x7f2a7c4879b0
C 10
R
P 0x7f2a7c191628
C 342
R
P 0x7f2a7c191628
P 0x7f2a7c1a1e08
C 10
R
P 0x7f2a7c191628
C 342
R
P 0x7f2a7c191628
P 0x7f2a7c476498
C 10
R
P 0x7f2a7c191628
C 342
R
P 0x7f2a7c191628
P 0x7f2a7c487278
C 10
R
P 0x7f2a7c191628
C 342
R
P 0x7f2a7c191628
P 0x7f2a7c1a17e8
C 10
R
P 0x7f2a7c191628
C 342
R
P 0x7f2a7c191628
P 0x7f2a7c4873c8
C 10
R
P 0x7f2a7c191628
C 342
R
P 0x7f2a7c191628
P 0x7f2a7c1a20a8
C 10
R
P 0x7f2a7c191628
C 342
R
P 0x7f2a7c191628
P 0x7f2a7c19bc88
C 10
R
P 0x7f2a7c191628
C 342
R
P 0x7f2a7c191628
P 0x7f2a7c476d58
C 10
R
P 0x7f2a7c191628
C 342
R
P 0x7f2a7c191628
P 0x7f2a7c476380
C 10
R
P 0x7f2a7c191628
C 342
R
P 0x7f2a7c191628
P 0x7f2a7c486fa0
C 10
R
P 0x7f2a7c191628
C 342
R
P 0x7f2a7c191628
P 0x7f2a7c1a17b0
C 10
R
P 0x7f2a7c191628
C 342
R
P 0x7f2a7c191628
P 0x7f2a7c487f60
C 10
R
P 0x7f2a7c191628
C 342
R
P 0x7f2a7c191628
P 0x7f2a7c19bcc8
C 10
R
P 0x7f2a7c191628
C 342
R
P 0x7f2a7c191628
P 0x7f2a7c19c168
C 10
R
P 0x7f2a7c191628
C 342
R
P 0x7f2a7c191628
P 0x7f2a7c487f98
C 10
R
P 0x7f2a7c191628
C 342
R
P 0x7f2a7c191628
P 0x7f2a7c476ab8
C 10
R
P 0x7f2a7c191628
C 342
R
P 0x7f2a7c191628
P 0x7f2a7c487278
C 10
R
P 0x7f2a7c191628
C 342
R
P 0x7f2a7c191628
P 0x7f2a7c19bbc8
C 10
R
P 0x7f2a7c191628
C 342
R
P 0x7f2a7c191628
P 0x7f2a7c19bfc8
C 10
R
P 0x7f2a7c191628
C 342
R
P 0x7f2a7c191628
P 0x7f2a7c19fb08
C 10
R
P 0x7f2a7c191628
C 342
R
P 0x7f2a7c191628
P 0x7f2a7c19c148
C 10
R
P 0x7f2a7c191628
C 342
R
P 0x7f2a7c191628
P 0x7f2a7c19f948
C 10
R
P 0x7f2a7c191628
C 342
R
P 0x7f2a7c191628
P 0x7f2a7c19c148
C 10
R
P 0x7f2a7c191628
C 342
R
P 0x7f2a7c191628
P 0x7f2a7c1a2498
C 10
R
P 0x7f2a7c191628
C 342
R
P 0x7f2a7c191628
P 0x7f2a7c48d190
C 10
R
P 0x7f2a7c191628
C 342
R
P 0x7f2a7c191628
P 0x7f2a7c4872b0
C 10
R
P 0x7f2a7c191628
C 342
R
P 0x7f2a7c191628
P 0x7f2a7c487198
C 10
R
P 0x7f2a7c191628
C 342
R
P 0x7f2a7c191628
P 0x7f2a7c19bb68
C 10
R
P 0x7f2a7c191628
C 342
R
P 0x7f2a7c191628
P 0x7f2a7c19bca8
C 10
R
P 0x7f2a7c191628
C 342
R
P 0x7f2a7c191628
P 0x7f2a7c1a2380
C 10
R
P 0x7f2a7c191628
C 342
R
P 0x7f2a7c191628
P 0x7f2a7c479508
C 10
R
P 0x7f2a7c191628
C 342
R
P 0x7f2a7c191628
P 0x7f2a7c487080
C 10
R
P 0x7f2a7c191628
C 342
R
P 0x7f2a7c191628
P 0x7f2a7c1a1820
C 10
R
P 0x7f2a7c191628
C 342
R
P 0x7f2a7c191628
P 0x7f2a7c4885f0
C 10
R
P 0x7f2a7c191628
C 342
R
P 0x7f2a7c191628
P 0x7f2a7c19f988
C 10
R
P 0x7f2a7c191628
C 342
R
P 0x7f2a7c191628
P 0x7f2a7c487438
C 10
R
P 0x7f2a7c191628
C 342
R
P 0x7f2a7c191628
P 0x7f2a7c2cc4d0
C 10
R
P 0x7f2a7c191628
C 342
R
P 0x7f2a7c191628
P 0x7f2a7c1a2dc8
C 10
R
P 0x7f2a7c191628
C 342
R
P 0x7f2a7c191628
P 0x7f2a7c486fa0
C 10
R
P 0x7f2a7c191628
C 342
R
P 0x7f2a7c191628
P 0x7f2a7c487940
C 10
R
P 0x7f2a7c191628
C 342
R
P 0x7f2a7c191628
P 0x7f2a7c19bd08
C 10
R
P 0x7f2a7c191628
C 342
R
P 0x7f2a7c191628
P 0x7f2a7c1a1778
C 10
R
P 0x7f2a7c191628
C 342
R
P 0x7f2a7c191628
P 0x7f2a7c19c148
C 10
R
P 0x7f2a7c191628
C 342
R
P 0x7f2a7c191628
P 0x7f2a7c1a17e8
C 10
R
P 0x7f2a7c191628
C 342
R
P 0x7f2a7c191628
P 0x7f2a7c1a17b0
C 10
R
P 0x7f2a7c191628
C 342
R
P 0x7f2a7c191628
P 0x7f2a7c4799d8
C 10
R
P 0x7f2a7c191628
C 342
R
P 0x7f2a7c191628
P 0x7f2a7c19c2a8
C 10
R
P 0x7f2a7c191628
C 342
R
P 0x7f2a7c191628
P 0x7f2a7c48c108
C 10
R
P 0x7f2a7c191628
C 342
R
P 0x7f2a7c191628
P 0x7f2a7c19c088
C 10
R
P 0x7f2a7c191628
C 342
R
P 0x7f2a7c191628
P 0x7f2a7c19c0e8
C 10
R
P 0x7f2a7c191628
C 342
R
P 0x7f2a7c191628
P 0x7f2a7c475c80
C 10
R
P 0x7f2a7c191628
C 342
R
P 0x7f2a7c191628
P 0x7f2a7c4790a8
C 10
R
P 0x7f2a7c191628
C 342
R
P 0x7f2a7c191628
P 0x7f2a7c19bcc8
C 10
R
P 0x7f2a7c191628
C 342
R
P 0x7f2a7c191628
P 0x7f2a7c487c88
C 10
R
P 0x7f2a7c191628
C 342
R
P 0x7f2a7c191628
P 0x7f2a7c487e10
C 10
R
P 0x7f2a7c191628
C 342
R
P 0x7f2a7c191628
P 0x7f2a7c488008
C 10
R
P 0x7f2a7c191628
C 342
R
P 0x7f2a7c191628
P 0x7f2a7c1a1938
C 10
R
P 0x7f2a7c191628
C 342
R
P 0x7f2a7c191628
P 0x7f2a7c1a1900
C 10
R
P 0x7f2a7c191628
C 342
R
P 0x7f2a7c191628
P 0x7f2a7c487f98
C 10
R
P 0x7f2a7c191628
C 342
R
P 0x7f2a7c191628
P 0x7f2a7c2cb580
C 10
R
P 0x7f2a7c191628
C 342
R
P 0x7f2a7c191628
P 0x7f2a7c1a1890
C 10
R
P 0x7f2a7c191628
C 342
R
P 0x7f2a7c191628
P 0x7f2a7c19c028
C 10
R
P 0x7f2a7c191628
C 342
R
P 0x7f2a7c191628
P 0x7f2a7c1a2c78
C 10
R
P 0x7f2a7c191628
C 342
R
P 0x7f2a7c191628
P 0x7f2a7c19c0a8
C 10
R
P 0x7f2a7c191628
C 342
R
P 0x7f2a7c191628
P 0x7f2a7c19bc88
C 10
R
P 0x7f2a7c191628
C 342
R
P 0x7f2a7c191628
P 0x7f2a7c19fa48
C 10
R
P 0x7f2a7c191628
C 342
R
P 0x7f2a7c191628
P 0x7f2a7c19bd08
C 10
R
P 0x7f2a7c191628
C 342
R
P 0x7f2a7c191628
P 0x7f2a7c19bc88
C 10
R
P 0x7f2a7c191628
C 342
R
P 0x7f2a7c191628
P 0x7f2a7c19bfc8
C 10
R
P 0x7f2a7c191628
C 342
R
P 0x7f2a7c191628
P 0x7f2a7c19de88
C 10
R
P 0x7f2a7c191628
C 342
R
P 0x7f2a7c191628
P 0x7f2a7c19f988
C 10
R
P 0x7f2a7c191628
C 342
R
P 0x7f2a7c191628
P 0x7f2a7c487908
C 10
R
P 0x7f2a7c191628
C 342
R
P 0x7f2a7c191628
P 0x7f2a7c486fd8
C 10
R
P 0x7f2a7c191628
C 342
R
P 0x7f2a7c191628
P 0x7f2a7c487f60
C 10
R
P 0x7f2a7c191628
C 342
R
P 0x7f2a7c191628
P 0x7f2a7c19c088
C 10
R
P 0x7f2a7c191628
C 342
R
P 0x7f2a7c191628
P 0x7f2a7c1a2348
C 10
R
P 0x7f2a7c191628
C 342
R
P 0x7f2a7c191628
P 0x7f2a7c473af8
C 10
R
P 0x7f2a7c191628
C 342
R
P 0x7f2a7c191628
P 0x7f2a7c479a10
C 10
R
P 0x7f2a7c191628
C 342
R
P 0x7f2a7c191628
P 0x7f2a7c19f948
C 10
R
P 0x7f2a7c191628
C 342
R
P 0x7f2a7c191628
P 0x7f2a7c488190
C 10
R
P 0x7f2a7c191628
C 342
R
P 0x7f2a7c191628
P 0x7f2a7c19f988
C 10
R
P 0x7f2a7c191628
C 342
R
P 0x7f2a7c191628
P 0x7f2a7c487208
C 10
R
P 0x7f2a7c191628
C 342
R
P 0x7f2a7c191628
P 0x7f2a7c1a17b0
C 10
R
P 0x7f2a7c191628
C 342
R
P 0x7f2a7c191628
P 0x7f2a7c19c028
C 10
R
P 0x7f2a7c191628
C 342
R
P 0x7f2a7c191628
P 0x7f2a7c19c028
C 10
R
P 0x7f2a7c191628
C 342
R
P 0x7f2a7c191628
P 0x7f2a7c19bf88
C 10
R
P 0x7f2a7c191628
C 342
R
P 0x7f2a7c191628
P 0x7f2a7c19bc88
C 10
R
P 0x7f2a7c191628
C 342
R
P 0x7f2a7c191628
P 0x7f2a7c19fa48
C 10
R
P 0x7f2a7c191628
C 342
R
P 0x7f2a7c191628
P 0x7f2a7c1a2188
C 10
R
P 0x7f2a7c191628
C 342
R
P 0x7f2a7c191628
P 0x7f2a7c19bc88
C 10
R
P 0x7f2a7c191628
C 342
R
P 0x7f2a7c191628
P 0x7f2a7c1a2348
C 10
R
P 0x7f2a7c191628
C 342
R
P 0x7f2a7c191628
P 0x7f2a7c487390
C 10
R
P 0x7f2a7c191628
C 342
R
P 0x7f2a7c191628
P 0x7f2a7c19bc88
C 10
R
P 0x7f2a7c191628
C 342
R
P 0x7f2a7c191628
P 0x7f2a7c48dc48
C 10
R
P 0x7f2a7c191628
C 342
R
P 0x7f2a7c191628
P 0x7f2a7c19c0e8
C 10
R
P 0x7f2a7c191628
C 342
R
P 0x7f2a7c191628
P 0x7f2a7c488b50
C 10
R
P 0x7f2a7c191628
C 342
R
P 0x7f2a7c191628
P 0x7f2a7c19bc88
C 10
R
P 0x7f2a7c191628
C 342
R
P 0x7f2a7c191628
P 0x7f2a7c19bcc8
C 10
R
P 0x7f2a7c191628
C 342
R
P 0x7f2a7c191628
P 0x7f2a7c487278
C 10
R
P 0x7f2a7c191628
C 342
R
P 0x7f2a7c191628
P 0x7f2a7c19bc88
C 10
R
P 0x7f2a7c191628
C 342
R
P 0x7f2a7c191628
P 0x7f2a7c487f98
C 10
R
P 0x7f2a7c191628
C 342
R
P 0x7f2a7c191628
P 0x7f2a7c4873c8
C 10
R
P 0x7f2a7c191628
C 342
R
P 0x7f2a7c191628
P 0x7f2a7c19c028
C 10
R
P 0x7f2a7c191628
C 342
R
P 0x7f2a7c191628
P 0x7f2a7c19bc88
C 10
R
P 0x7f2a7c191628
C 342
R
P 0x7f2a7c191628
P 0x7f2a7c48d938
C 10
R
P 0x7f2a7c191628
C 342
R
P 0x7f2a7c191628
P 0x7f2a7c487b70
C 10
R
P 0x7f2a7c191628
C 342
R
P 0x7f2a7c191628
P 0x7f2a7c48cc88
C 10
R
P 0x7f2a7c191628
C 342
R
P 0x7f2a7c191628
P 0x7f2a7c19bc88
C 10
R
P 0x7f2a7c191628
C 342
R
P 0x7f2a7c191628
P 0x7f2a7c19bf88
C 10
R
P 0x7f2a7c191628
C 342
R
P 0x7f2a7c191628
P 0x7f2a7c19c1a8
C 10
R
P 0x7f2a7c191628
C 342
R
P 0x7f2a7c191628
P 0x7f2a7c487ba8
C 10
R
P 0x7f2a7c191628
C 342
R
P 0x7f2a7c191628
P 0x7f2a7c487940
C 10
R
P 0x7f2a7c191628
C 342
R
P 0x7f2a7c191628
P 0x7f2a7c19c048
C 10
R
P 0x7f2a7c191628
C 342
R
P 0x7f2a7c191628
P 0x7f2a7c19c0e8
C 10
R
P 0x7f2a7c191628
C 342
R
P 0x7f2a7c191628
P 0x7f2a7c19bc88
C 10
R
P 0x7f2a7c191628
C 342
R
P 0x7f2a7c191628
P 0x7f2a7c19bc88
C 10
R
P 0x7f2a7c191628
C 342
R
P 0x7f2a7c191628
P 0x7f2a7c19fa48
C 10
R
P 0x7f2a7c191628
C 342
R
P 0x7f2a7c191628
P 0x7f2a7c487080
C 10
R
P 0x7f2a7c191628
C 342
R
P 0x7f2a7c191628
P 0x7f2a7c1a1890
C 10
R
P 0x7f2a7c191628
C 342
R
P 0x7f2a7c191628
P 0x7f2a7c1a17e8
C 10
R
P 0x7f2a7c191628
C 342
R
P 0x7f2a7c191628
P 0x7f2a7c486fd8
C 10
R
P 0x7f2a7c191628
C 342
R
P 0x7f2a7c191628
P 0x7f2a7c19c148
C 10
R
P 0x7f2a7c191628
C 342
R
P 0x7f2a7c191628
P 0x7f2a7c19c1c8
C 10
R
P 0x7f2a7c191628
C 342
R
P 0x7f2a7c191628
P 0x7f2a7c4872e8
C 10
R
P 0x7f2a7c191628
C 342
R
P 0x7f2a7c191628
P 0x7f2a7c19c108
C 10
R
P 0x7f2a7c191628
C 342
R
P 0x7f2a7c191628
P 0x7f2a7c487908
C 10
R
P 0x7f2a7c191628
C 342
R
P 0x7f2a7c191628
P 0x7f2a7c19bcc8
C 10
R
P 0x7f2a7c191628
C 342
R
P 0x7f2a7c191628
P 0x7f2a7c487470
C 10
R
P 0x7f2a7c191628
C 342
R
P 0x7f2a7c191628
P 0x7f2a7c19bc88
C 10
R
P 0x7f2a7c191628
C 342
R
P 0x7f2a7c191628
P 0x7f2a7c19bc88
C 10
R
P 0x7f2a7c191628
C 342
R
P 0x7f2a7c191628
P 0x7f2a7c4873c8
C 10
R
P 0x7f2a7c191628
C 342
R
P 0x7f2a7c191628
P 0x7f2a7c19c268
C 10
R
P 0x7f2a7c191628
C 342
R
P 0x7f2a7c191628
P 0x7f2a7c19eff8
C 10
R
P 0x7f2a7c191628
C 342
R
P 0x7f2a7c191628
P 0x7f2a7c19bfc8
C 10
R
P 0x7f2a7c191628
C 342
R
P 0x7f2a7c191628
P 0x7f2a7c19eb78
C 10
R
P 0x7f2a7c191628
C 342
R
P 0x7f2a7c191628
P 0x7f2a7c19c1c8
C 10
R
P 0x7f2a7c191628
C 342
R
P 0x7f2a7c191628
P 0x7f2a7c19c028
C 10
R
P 0x7f2a7c191628
C 342
R
P 0x7f2a7c191628
P 0x7f2a7c487908
C 10
R
P 0x7f2a7c191628
C 342
R
P 0x7f2a7c191628
P 0x7f2a7c19bf88
C 10
R
P 0x7f2a7c191628
C 342
R
P 0x7f2a7c191628
P 0x7f2a7c19c2a8
C 10
R
P 0x7f2a7c191628
C 342
R
P 0x7f2a7c191628
P 0x7f2a7c19bcc8
C 10
R
P 0x7f2a7c191628
C 342
R
P 0x7f2a7c191628
P 0x7f2a7c19fa08
C 10
R
P 0x7f2a7c191628
C 342
R
P 0x7f2a7c191628
P 0x7f2a7c19c188
C 10
R
P 0x7f2a7c191628
C 342
R
P 0x7f2a7c191628
P 0x7f2a7c473828
C 10
R
P 0x7f2a7c191628
C 342
R
P 0x7f2a7c191628
P 0x7f2a7c487f60
C 10
R
P 0x7f2a7c191628
C 342
R
P 0x7f2a7c191628
P 0x7f2a7c19bcc8
C 10
R
P 0x7f2a7c191628
C 342
R
P 0x7f2a7c191628
P 0x7f2a7c19c108
C 10
R
P 0x7f2a7c191628
C 342
R
P 0x7f2a7c191628
P 0x7f2a7c487be0
C 10
R
P 0x7f2a7c191628
C 342
R
P 0x7f2a7c191628
P 0x7f2a7c4879e8
C 10
R
P 0x7f2a7c191628
C 342
R
P 0x7f2a7c191628
P 0x7f2a7c487208
C 10
R
P 0x7f2a7c191628
C 342
R
P 0x7f2a7c191628
P 0x7f2a7c4877b8
C 10
R
P 0x7f2a7c191628
C 342
R
P 0x7f2a7c191628
P 0x7f2a7c19c2a8
C 10
R
P 0x7f2a7c191628
C 342
R
P 0x7f2a7c191628
P 0x7f2a7c1a1820
C 10
R
P 0x7f2a7c191628
C 342
R
P 0x7f2a7c191628
P 0x7f2a7c19c248
C 10
R
P 0x7f2a7c191628
C 342
R
P 0x7f2a7c191628
P 0x7f2a7c19c0e8
C 10
R
P 0x7f2a7c191628
C 342
R
P 0x7f2a7c191628
P 0x7f2a7c487390
C 10
R
P 0x7f2a7c191628
C 342
R
P 0x7f2a7c191628
P 0x7f2a7c487390
C 10
R
P 0x7f2a7c191628
C 342
R
P 0x7f2a7c191628
P 0x7f2a7c486fd8
C 10
R
P 0x7f2a7c191628
C 342
R
P 0x7f2a7c191628
P 0x7f2a7c487c88
C 10
R
P 0x7f2a7c191628
C 342
R
P 0x7f2a7c191628
P 0x7f2a7c1a1778
C 10
R
P 0x7f2a7c191628
C 342
R
P 0x7f2a7c191628
P 0x7f2a7c1a1970
C 10
R
P 0x7f2a7c191628
C 342
R
P 0x7f2a7c191628
P 0x7f2a7c19c048
C 10
R
P 0x7f2a7c191628
C 342
R
P 0x7f2a7c191628
P 0x7f2a7c1a1970
C 10
R
P 0x7f2a7c191628
C 342
R
P 0x7f2a7c191628
P 0x7f2a7c19bfc8
C 10
R
P 0x7f2a7c191628
C 342
R
P 0x7f2a7c191628
P 0x7f2a7c478f90
C 10
R
P 0x7f2a7c191628
C 342
R
P 0x7f2a7c191628
P 0x7f2a7c19bcc8
C 10
R
P 0x7f2a7c191628
C 342
R
P 0x7f2a7c191628
P 0x7f2a7c19bd08
C 10
R
P 0x7f2a7c191628
C 342
R
P 0x7f2a7c191628
P 0x7f2a7c19bc88
C 10
R
P 0x7f2a7c191628
C 342
R
P 0x7f2a7c191628
P 0x7f2a7c19bd08
C 10
R
P 0x7f2a7c191628
C 342
R
P 0x7f2a7c191628
P 0x7f2a7c19c0a8
C 10
R
P 0x7f2a7c191628
C 342
R
P 0x7f2a7c191628
P 0x7f2a7c487f98
C 10
R
P 0x7f2a7c191628
C 342
R
P 0x7f2a7c191628
P 0x7f2a7c19c028
C 10
R
P 0x7f2a7c191628
C 342
R
P 0x7f2a7c191628
P 0x7f2a7c19bcc8
C 10
R
P 0x7f2a7c191628
C 342
R
P 0x7f2a7c191628
P 0x7f2a7c19c028
C 10
R
P 0x7f2a7c191628
C 342
R
P 0x7f2a7c191628
P 0x7f2a7c487390
C 10
R
P 0x7f2a7c191628
C 342
R
P 0x7f2a7c191628
P 0x7f2a7c19c108
C 10
R
P 0x7f2a7c191628
C 342
R
P 0x7f2a7c191628
P 0x7f2a7c19bc88
C 10
R
P 0x7f2a7c191628
C 342
R
P 0x7f2a7c191628
P 0x7f2a7c19bc88
C 10
R
P 0x7f2a7c191628
C 342
R
P 0x7f2a7c191628
P 0x7f2a7c1a20a8
C 10
R
P 0x7f2a7c191628
C 342
R
P 0x7f2a7c191628
P 0x7f2a7c19c1a8
C 10
R
P 0x7f2a7c191628
C 342
R
P 0x7f2a7c191628
P 0x7f2a7c19bfc8
C 10
R
P 0x7f2a7c191628
C 342
R
P 0x7f2a7c191628
P 0x7f2a7c1a17b0
C 10
R
P 0x7f2a7c191628
C 342
R
P 0x7f2a7c191628
P 0x7f2a7c479f88
C 10
R
P 0x7f2a7c191628
C 342
R
P 0x7f2a7c191628
P 0x7f2a7c48a210
C 10
R
P 0x7f2a7c191628
C 342
R
P 0x7f2a7c191628
P 0x7f2a7c19bcc8
C 10
R
P 0x7f2a7c191628
C 342
R
P 0x7f2a7c191628
P 0x7f2a7c19c188
C 10
R
P 0x7f2a7c191628
C 342
R
P 0x7f2a7c191628
P 0x7f2a7c477110
C 10
R
P 0x7f2a7c191628
C 342
R
P 0x7f2a7c191628
P 0x7f2a7c19c108
C 10
R
P 0x7f2a7c191628
C 342
R
P 0x7f2a7c191628
P 0x7f2a7c19bcc8
C 10
R
P 0x7f2a7c191628
C 342
R
P 0x7f2a7c191628
P 0x7f2a7c19bc88
C 10
R
P 0x7f2a7c191628
C 342
R
P 0x7f2a7c191628
P 0x7f2a7c1a18c8
C 10
R
P 0x7f2a7c191628
C 342
R
P 0x7f2a7c191628
P 0x7f2a7c48cf60
C 10
R
P 0x7f2a7c191628
C 342
R
P 0x7f2a7c191628
P 0x7f2a7c487160
C 10
R
P 0x7f2a7c191628
C 342
R
P 0x7f2a7c191628
P 0x7f2a7c19c2a8
C 10
R
P 0x7f2a7c191628
C 342
R
P 0x7f2a7c191628
P 0x7f2a7c19bc88
C 10
R
P 0x7f2a7c191628
C 342
R
P 0x7f2a7c191628
P 0x7f2a7c19bc88
C 10
R
P 0x7f2a7c191628
C 342
R
P 0x7f2a7c191628
P 0x7f2a7c473288
C 10
R
P 0x7f2a7c191628
C 342
R
P 0x7f2a7c191628
P 0x7f2a7c19fa48
C 10
R
P 0x7f2a7c191628
C 342
R
P 0x7f2a7c191628
P 0x7f2a7c4881c8
C 10
R
P 0x7f2a7c191628
C 342
R
P 0x7f2a7c191628
P 0x7f2a7c19fb08
C 10
R
P 0x7f2a7c191628
C 342
R
P 0x7f2a7c191628
P 0x7f2a7c19c188
C 10
R
P 0x7f2a7c191628
C 342
R
P 0x7f2a7c191628
P 0x7f2a7c48a018
C 10
R
P 0x7f2a7c191628
C 342
R
P 0x7f2a7c191628
P 0x7f2a7c489100
C 10
R
P 0x7f2a7c191628
C 342
R
P 0x7f2a7c191628
P 0x7f2a7c19f9c8
C 10
R
P 0x7f2a7c191628
C 342
R
P 0x7f2a7c191628
P 0x7f2a7c19bc88
C 10
R
P 0x7f2a7c191628
C 342
R
P 0x7f2a7c191628
P 0x7f2a7c486fd8
C 10
R
P 0x7f2a7c191628
C 342
R
P 0x7f2a7c191628
P 0x7f2a7c487e10
C 10
R
P 0x7f2a7c191628
C 342
R
P 0x7f2a7c191628
P 0x7f2a7c4891e0
C 10
R
P 0x7f2a7c191628
C 342
R
P 0x7f2a7c191628
P 0x7f2a7c486fd8
C 10
R
P 0x7f2a7c191628
C 342
R
P 0x7f2a7c191628
P 0x7f2a7c19fa88
C 10
R
P 0x7f2a7c191628
C 342
R
P 0x7f2a7c191628
P 0x7f2a7c1a1890
C 10
R
P 0x7f2a7c191628
C 342
R
P 0x7f2a7c191628
P 0x7f2a7c48ae38
C 10
R
P 0x7f2a7c191628
C 342
R
P 0x7f2a7c191628
P 0x7f2a7c487438
C 10
R
P 0x7f2a7c191628
C 342
R
P 0x7f2a7c191628
P 0x7f2a7c4876a0
C 10
R
P 0x7f2a7c191628
C 342
R
P 0x7f2a7c191628
P 0x7f2a7c19c2a8
C 10
R
P 0x7f2a7c191628
C 342
R
P 0x7f2a7c191628
P 0x7f2a7c19bcc8
C 10
R
P 0x7f2a7c191628
C 342
R
P 0x7f2a7c191628
P 0x7f2a7c19c048
C 10
R
P 0x7f2a7c191628
C 342
R
P 0x7f2a7c191628
P 0x7f2a7c486fd8
C 10
R
P 0x7f2a7c191628
C 342
R
P 0x7f2a7c191628
P 0x7f2a7c489790
C 10
R
P 0x7f2a7c191628
C 342
R
P 0x7f2a7c191628
P 0x7f2a7c19c268
C 10
R
P 0x7f2a7c191628
C 342
R
P 0x7f2a7c191628
P 0x7f2a7c19bc88
C 10
R
P 0x7f2a7c191628
C 342
R
P 0x7f2a7c191628
P 0x7f2a7c19c268
C 10
R
P 0x7f2a7c191628
C 342
R
P 0x7f2a7c191628
P 0x7f2a7c4870f0
C 10
R
P 0x7f2a7c191628
C 342
R
P 0x7f2a7c191628
P 0x7f2a7c19fa88
C 10
R
P 0x7f2a7c191628
C 342
R
P 0x7f2a7c191628
P 0x7f2a7c19bc88
C 10
R
P 0x7f2a7c191628
C 342
R
P 0x7f2a7c191628
P 0x7f2a7c19bfe8
C 10
R
P 0x7f2a7c191628
C 342
R
P 0x7f2a7c191628
P 0x7f2a7c1a1cb8
C 10
R
P 0x7f2a7c191628
C 342
R
P 0x7f2a7c191628
P 0x7f2a7c473b28
C 10
R
P 0x7f2a7c191628
C 342
R
P 0x7f2a7c191628
P 0x7f2a7c19bd08
C 10
R
P 0x7f2a7c191628
C 342
R
P 0x7f2a7c191628
P 0x7f2a7c1a1858
C 10
R
P 0x7f2a7c191628
C 342
R
P 0x7f2a7c191628
P 0x7f2a7c19bd08
C 10
R
P 0x7f2a7c191628
C 342
R
P 0x7f2a7c191628
P 0x7f2a7c1a1cb8
C 10
R
P 0x7f2a7c191628
C 342
R
P 0x7f2a7c191628
P 0x7f2a7c19bc88
C 10
R
P 0x7f2a7c191628
C 342
R
P 0x7f2a7c191628
P 0x7f2a7c476f50
C 10
R
P 0x7f2a7c191628
C 342
R
P 0x7f2a7c191628
P 0x7f2a7c487940
C 10
R
P 0x7f2a7c191628
C 342
R
P 0x7f2a7c191628
P 0x7f2a7c19c028
C 10
R
P 0x7f2a7c191628
C 342
R
P 0x7f2a7c191628
P 0x7f2a7c19bcc8
C 10
R
P 0x7f2a7c191628
C 342
R
P 0x7f2a7c191628
P 0x7f2a7c19c1a8
C 10
R
P 0x7f2a7c191628
C 342
R
P 0x7f2a7c191628
P 0x7f2a7c1a1e08
C 10
R
P 0x7f2a7c191628
C 342
R
P 0x7f2a7c191628
P 0x7f2a7c19c148
C 10
R
P 0x7f2a7c191628
C 342
R
P 0x7f2a7c191628
P 0x7f2a7c19c068
C 10
R
P 0x7f2a7c191628
C 342
R
P 0x7f2a7c191628
P 0x7f2a7c19bcc8
C 10
R
P 0x7f2a7c191628
C 342
R
P 0x7f2a7c191628
P 0x7f2a7c1a1858
C 10
R
P 0x7f2a7c191628
C 342
R
P 0x7f2a7c191628
P 0x7f2a7c1a17e8
C 10
R
P 0x7f2a7c191628
C 342
R
P 0x7f2a7c191628
P 0x7f2a7c19bcc8
C 10
R
P 0x7f2a7c191628
C 342
R
P 0x7f2a7c191628
P 0x7f2a7c2cc818
C 10
R
P 0x7f2a7c191628
C 342
R
P 0x7f2a7c191628
P 0x7f2a7c19bc88
C 10
R
P 0x7f2a7c191628
C 342
R
P 0x7f2a7c191628
P 0x7f2a7c19f9c8
C 10
R
P 0x7f2a7c191628
C 342
R
P 0x7f2a7c191628
P 0x7f2a7c487240
C 10
R
P 0x7f2a7c191628
C 342
R
P 0x7f2a7c191628
P 0x7f2a7c19c088
C 10
R
P 0x7f2a7c191628
C 342
R
P 0x7f2a7c191628
P 0x7f2a7c19f848
C 10
R
P 0x7f2a7c191628
C 342
R
P 0x7f2a7c191628
P 0x7f2a7c19c028
C 10
R
P 0x7f2a7c191628
C 342
R
P 0x7f2a7c191628
P 0x7f2a7c48d660
C 10
R
P 0x7f2a7c191628
C 342
R
P 0x7f2a7c191628
P 0x7f2a7c19c168
C 10
R
P 0x7f2a7c191628
C 342
R
P 0x7f2a7c191628
P 0x7f2a7c1a1890
C 10
R
P 0x7f2a7c191628
C 342
R
P 0x7f2a7c191628
P 0x7f2a7c487b70
C 10
R
P 0x7f2a7c191628
C 342
R
P 0x7f2a7c191628
P 0x7f2a7c19c088
C 10
R
P 0x7f2a7c191628
C 342
R
P 0x7f2a7c191628
P 0x7f2a7c19c008
C 10
R
P 0x7f2a7c191628
C 342
R
P 0x7f2a7c191628
P 0x7f2a7c4883c0
C 10
R
P 0x7f2a7c191628
C 342
R
P 0x7f2a7c191628
P 0x7f2a7c19c0e8
C 10
R
P 0x7f2a7c191628
C 342
R
P 0x7f2a7c191628
P 0x7f2a7c19c088
C 10
R
P 0x7f2a7c191628
C 342
R
P 0x7f2a7c191628
P 0x7f2a7c19e5d8
C 10
R
P 0x7f2a7c191628
C 342
R
P 0x7f2a7c191628
P 0x7f2a7c48bdf8
C 10
R
P 0x7f2a7c191628
C 342
R
P 0x7f2a7c191628
P 0x7f2a7c4887b0
C 10
R
P 0x7f2a7c191628
C 342
R
P 0x7f2a7c191628
P 0x7f2a7c487a58
C 10
R
P 0x7f2a7c191628
C 342
R
P 0x7f2a7c191628
P 0x7f2a7c487390
C 10
R
P 0x7f2a7c191628
C 342
R
P 0x7f2a7c191628
P 0x7f2a7c48ccc0
C 10
R
P 0x7f2a7c191628
C 342
R
P 0x7f2a7c191628
P 0x7f2a7c487b70
C 10
R
P 0x7f2a7c191628
C 342
R
P 0x7f2a7c191628
P 0x7f2a7c19bfa8
C 10
R
P 0x7f2a7c191628
C 342
R
P 0x7f2a7c191628
P 0x7f2a7c19bfe8
C 10
R
P 0x7f2a7c191628
C 342
R
P 0x7f2a7c191628
P 0x7f2a7c1a17b0
C 10
R
P 0x7f2a7c191628
C 342
R
P 0x7f2a7c191628
P 0x7f2a7c1a1890
C 10
R
P 0x7f2a7c191628
C 342
R
P 0x7f2a7c191628
P 0x7f2a7c1a17b0
C 10
R
P 0x7f2a7c191628
C 342
R
P 0x7f2a7c191628
P 0x7f2a7c19c168
C 10
R
P 0x7f2a7c191628
C 342
R
P 0x7f2a7c191628
P 0x7f2a7c19c1a8
C 10
R
P 0x7f2a7c191628
C 342
R
P 0x7f2a7c191628
P 0x7f2a7c19bc88
C 10
R
P 0x7f2a7c191628
C 342
R
P 0x7f2a7c191628
P 0x7f2a7c19bcc8
C 10
R
P 0x7f2a7c191628
C 342
R
P 0x7f2a7c191628
P 0x7f2a7c19bc88
C 10
R
P 0x7f2a7c191628
C 342
R
P 0x7f2a7c191628
P 0x7f2a7c19bc88
C 10
R
P 0x7f2a7c191628
C 342
R
P 0x7f2a7c191628
P 0x7f2a7c19c028
C 10
R
P 0x7f2a7c191628
C 342
R
P 0x7f2a7c191628
P 0x7f2a7c19c148
C 10
R
P 0x7f2a7c191628
C 342
R
P 0x7f2a7c191628
P 0x7f2a7c487010
C 10
R
P 0x7f2a7c191628
C 342
R
P 0x7f2a7c191628
P 0x7f2a7c19c108
C 10
R
P 0x7f2a7c191628
C 342
R
P 0x7f2a7c191628
P 0x7f2a7c487dd8
C 10
R
P 0x7f2a7c191628
C 342
R
P 0x7f2a7c191628
P 0x7f2a7c487908
C 10
R
P 0x7f2a7c191628
C 342
R
P 0x7f2a7c191628
P 0x7f2a7c488190
C 10
R
P 0x7f2a7c191628
C 342
R
P 0x7f2a7c191628
P 0x7f2a7c19bc88
C 10
R
P 0x7f2a7c191628
C 342
R
P 0x7f2a7c191628
P 0x7f2a7c487240
C 10
R
P 0x7f2a7c191628
C 342
R
P 0x7f2a7c191628
P 0x7f2a7c19fa08
C 10
R
P 0x7f2a7c191628
C 342
R
P 0x7f2a7c191628
P 0x7f2a7c48a280
C 10
R
P 0x7f2a7c191628
C 342
R
P 0x7f2a7c191628
P 0x7f2a7c19bc88
C 10
R
P 0x7f2a7c191628
C 342
R
P 0x7f2a7c191628
P 0x7f2a7c48c978
C 10
R
P 0x7f2a7c191628
C 342
R
P 0x7f2a7c191628
P 0x7f2a7c4872e8
C 10
R
P 0x7f2a7c191628
C 342
R
P 0x7f2a7c191628
P 0x7f2a7c19bcc8
C 10
R
P 0x7f2a7c191628
C 342
R
P 0x7f2a7c191628
P 0x7f2a7c486948
C 10
R
P 0x7f2a7c191628
C 342
R
P 0x7f2a7c191628
P 0x7f2a7c19c0c8
C 10
R
P 0x7f2a7c191628
C 342
R
P 0x7f2a7c191628
P 0x7f2a7c487f60
C 10
R
P 0x7f2a7c191628
C 342
R
P 0x7f2a7c191628
P 0x7f2a7c19c0e8
C 10
R
P 0x7f2a7c191628
C 342
R
P 0x7f2a7c191628
P 0x7f2a7c1a2af0
C 10
R
P 0x7f2a7c191628
C 342
R
P 0x7f2a7c191628
P 0x7f2a7c4879e8
C 10
R
P 0x7f2a7c191628
C 342
R
P 0x7f2a7c191628
P 0x7f2a7c19c028
C 10
R
P 0x7f2a7c191628
C 342
R
P 0x7f2a7c191628
P 0x7f2a7c48dba0
C 10
R
P 0x7f2a7c191628
C 342
R
P 0x7f2a7c191628
P 0x7f2a7c19c088
C 10
R
P 0x7f2a7c191628
C 342
R
P 0x7f2a7c191628
P 0x7f2a7c19c268
C 10
R
P 0x7f2a7c191628
C 342
R
P 0x7f2a7c191628
P 0x7f2a7c19c2a8
C 10
R
P 0x7f2a7c191628
C 342
R
P 0x7f2a7c191628
P 0x7f2a7c489a30
C 10
R
P 0x7f2a7c191628
C 342
R
P 0x7f2a7c191628
P 0x7f2a7c487f60
C 10
R
P 0x7f2a7c191628
C 342
R
P 0x7f2a7c191628
P 0x7f2a7c487240
C 10
R
P 0x7f2a7c191628
C 342
R
P 0x7f2a7c191628
P 0x7f2a7c487940
C 10
R
P 0x7f2a7c191628
C 342
R
P 0x7f2a7c191628
P 0x7f2a7c486fa0
C 10
R
P 0x7f2a7c191628
C 342
R
P 0x7f2a7c191628
P 0x7f2a7c19bca8
C 10
R
P 0x7f2a7c191628
C 342
R
P 0x7f2a7c191628
P 0x7f2a7c1a17b0
C 10
R
P 0x7f2a7c191628
C 342
R
P 0x7f2a7c191628
P 0x7f2a7c487400
C 10
R
P 0x7f2a7c191628
C 342
R
P 0x7f2a7c191628
P 0x7f2a7c19fa48
C 10
R
P 0x7f2a7c191628
C 342
R
P 0x7f2a7c191628
P 0x7f2a7c487080
C 10
R
P 0x7f2a7c191628
C 342
R
P 0x7f2a7c191628
P 0x7f2a7c19c028
C 10
R
P 0x7f2a7c191628
C 342
R
P 0x7f2a7c191628
P 0x7f2a7c19bc88
C 10
R
P 0x7f2a7c191628
C 342
R
P 0x7f2a7c191628
P 0x7f2a7c1a17b0
C 10
R
P 0x7f2a7c191628
C 342
R
P 0x7f2a7c191628
P 0x7f2a7c1a1900
C 10
R
P 0x7f2a7c191628
C 342
R
P 0x7f2a7c191628
P 0x7f2a7c19c188
C 10
R
P 0x7f2a7c191628
C 342
R
P 0x7f2a7c191628
P 0x7f2a7c4874a8
C 10
R
P 0x7f2a7c191628
C 342
R
P 0x7f2a7c191628
P 0x7f2a7c4783f8
C 10
R
P 0x7f2a7c191628
C 342
R
P 0x7f2a7c191628
P 0x7f2a7c19bf48
C 10
R
P 0x7f2a7c191628
C 342
R
P 0x7f2a7c191628
P 0x7f2a7c19fac8
C 10
R
P 0x7f2a7c191628
C 342
R
P 0x7f2a7c191628
P 0x7f2a7c488190
C 10
R
P 0x7f2a7c191628
C 342
R
P 0x7f2a7c191628
P 0x7f2a7c19c088
C 10
R
P 0x7f2a7c191628
C 342
R
P 0x7f2a7c191628
P 0x7f2a7c19c148
C 10
R
P 0x7f2a7c191628
C 342
R
P 0x7f2a7c191628
P 0x7f2a7c19dca8
C 10
R
P 0x7f2a7c191628
C 342
R
P 0x7f2a7c191628
P 0x7f2a7c19c088
C 10
R
P 0x7f2a7c191628
C 342
R
P 0x7f2a7c191628
P 0x7f2a7c19bfc8
C 10
R
P 0x7f2a7c191628
C 342
R
P 0x7f2a7c191628
P 0x7f2a7c487240
C 10
R
P 0x7f2a7c191628
C 342
R
P 0x7f2a7c191628
P 0x7f2a7c487438
C 10
R
P 0x7f2a7c191628
C 342
R
P 0x7f2a7c191628
P 0x7f2a7c487f98
C 10
R
P 0x7f2a7c191628
C 342
R
P 0x7f2a7c191628
P 0x7f2a7c19c108
C 10
R
P 0x7f2a7c191628
C 342
R
P 0x7f2a7c191628
P 0x7f2a7c19bfc8
C 10
R
P 0x7f2a7c191628
C 342
R
P 0x7f2a7c191628
P 0x7f2a7c19bfc8
C 10
R
P 0x7f2a7c191628
C 342
R
P 0x7f2a7c191628
P 0x7f2a7c19bc88
C 10
R
P 0x7f2a7c191628
C 342
R
P 0x7f2a7c191628
P 0x7f2a7c19bb48
C 10
R
P 0x7f2a7c191628
C 342
R
P 0x7f2a7c191628
P 0x7f2a7c4739a8
C 10
R
P 0x7f2a7c191628
C 342
R
P 0x7f2a7c191628
P 0x7f2a7c19bc88
C 10
R
P 0x7f2a7c191628
C 342
R
P 0x7f2a7c191628
P 0x7f2a7c19bf48
C 10
R
P 0x7f2a7c191628
C 342
R
P 0x7f2a7c191628
P 0x7f2a7c1a1820
C 10
R
P 0x7f2a7c191628
C 342
R
P 0x7f2a7c191628
P 0x7f2a7c487240
C 10
R
P 0x7f2a7c191628
C 342
R
P 0x7f2a7c191628
P 0x7f2a7c19c088
C 10
R
P 0x7f2a7c191628
C 342
R
P 0x7f2a7c191628
P 0x7f2a7c2cc770
C 10
R
P 0x7f2a7c191628
C 342
R
P 0x7f2a7c191628
P 0x7f2a7c19c0a8
C 10
R
P 0x7f2a7c191628
C 342
R
P 0x7f2a7c191628
P 0x7f2a7c19ede8
C 10
R
P 0x7f2a7c191628
C 342
R
P 0x7f2a7c191628
P 0x7f2a7c19c028
C 10
R
P 0x7f2a7c191628
C 342
R
P 0x7f2a7c191628
P 0x7f2a7c19bca8
C 10
R
P 0x7f2a7c191628
C 342
R
P 0x7f2a7c191628
P 0x7f2a7c487940
C 10
R
P 0x7f2a7c191628
C 342
R
P 0x7f2a7c191628
P 0x7f2a7c1a25e8
C 10
R
P 0x7f2a7c191628
C 342
R
P 0x7f2a7c191628
P 0x7f2a7c19c028
C 10
R
P 0x7f2a7c191628
C 342
R
P 0x7f2a7c191628
P 0x7f2a7c48c3e0
C 10
R
P 0x7f2a7c191628
C 342
R
P 0x7f2a7c191628
P 0x7f2a7c19c048
C 10
R
P 0x7f2a7c191628
C 342
R
P 0x7f2a7c191628
P 0x7f2a7c487278
C 10
R
P 0x7f2a7c191628
C 342
R
P 0x7f2a7c191628
P 0x7f2a7c19bc88
C 10
R
P 0x7f2a7c191628
C 342
R
P 0x7f2a7c191628
P 0x7f2a7c48e118
C 10
R
P 0x7f2a7c191628
C 342
R
P 0x7f2a7c191628
P 0x7f2a7c486fa0
C 10
R
P 0x7f2a7c191628
C 342
R
P 0x7f2a7c191628
P 0x7f2a7c19bc88
C 10
R
P 0x7f2a7c191628
C 342
R
P 0x7f2a7c191628
P 0x7f2a7c19bcc8
C 10
R
P 0x7f2a7c191628
C 342
R
P 0x7f2a7c191628
P 0x7f2a7c487208
C 10
R
P 0x7f2a7c191628
C 342
R
P 0x7f2a7c191628
P 0x7f2a7c19bc88
C 10
R
P 0x7f2a7c191628
C 342
R
P 0x7f2a7c191628
P 0x7f2a7c19bd08
C 10
R
P 0x7f2a7c191628
C 342
R
P 0x7f2a7c191628
P 0x7f2a7c19bcc8
C 10
R
P 0x7f2a7c191628
C 342
R
P 0x7f2a7c191628
P 0x7f2a7c487ba8
C 10
R
P 0x7f2a7c191628
C 342
R
P 0x7f2a7c191628
P 0x7f2a7c486fd8
C 10
R
P 0x7f2a7c191628
C 342
R
P 0x7f2a7c191628
P 0x7f2a7c19bfe8
C 10
R
P 0x7f2a7c191628
C 342
R
P 0x7f2a7c191628
P 0x7f2a7c19bc88
C 10
R
P 0x7f2a7c191628
C 342
R
P 0x7f2a7c191628
P 0x7f2a7c487908
C 10
R
P 0x7f2a7c191628
C 342
R
P 0x7f2a7c191628
P 0x7f2a7c489bf0
C 10
R
P 0x7f2a7c191628
C 342
R
P 0x7f2a7c191628
P 0x7f2a7c4881c8
C 10
R
P 0x7f2a7c191628
C 342
R
P 0x7f2a7c191628
P 0x7f2a7c19f988
C 10
R
P 0x7f2a7c191628
C 342
R
P 0x7f2a7c191628
P 0x7f2a7c19bd08
C 10
R
P 0x7f2a7c191628
C 342
R
P 0x7f2a7c191628
P 0x7f2a7c1a2508
C 10
R
P 0x7f2a7c191628
C 342
R
P 0x7f2a7c191628
P 0x7f2a7c19c0e8
C 10
R
P 0x7f2a7c191628
C 342
R
P 0x7f2a7c191628
P 0x7f2a7c19c088
C 10
R
P 0x7f2a7c191628
C 342
R
P 0x7f2a7c191628
P 0x7f2a7c19c148
C 10
R
P 0x7f2a7c191628
C 342
R
P 0x7f2a7c191628
P 0x7f2a7c19c168
C 10
R
P 0x7f2a7c191628
C 342
R
P 0x7f2a7c191628
P 0x7f2a7c1a1938
C 10
R
P 0x7f2a7c191628
C 342
R
P 0x7f2a7c191628
P 0x7f2a7c487630
C 10
R
P 0x7f2a7c191628
C 342
R
P 0x7f2a7c191628
P 0x7f2a7c19bcc8
C 10
R
P 0x7f2a7c191628
C 342
R
P 0x7f2a7c191628
P 0x7f2a7c19bc88
C 10
R
P 0x7f2a7c191628
C 342
R
P 0x7f2a7c191628
P 0x7f2a7c19bc88
C 10
R
P 0x7f2a7c191628
C 342
R
P 0x7f2a7c191628
P 0x7f2a7c19c2a8
C 10
R
P 0x7f2a7c191628
C 342
R
P 0x7f2a7c191628
P 0x7f2a7c19c028
C 10
R
P 0x7f2a7c191628
C 342
R
P 0x7f2a7c191628
P 0x7f2a7c19bc88
C 10
R
P 0x7f2a7c191628
C 342
R
P 0x7f2a7c191628
P 0x7f2a7c487ba8
C 10
R
P 0x7f2a7c191628
C 342
R
P 0x7f2a7c191628
P 0x7f2a7c2cbdd0
C 10
R
P 0x7f2a7c191628
C 342
R
P 0x7f2a7c191628
P 0x7f2a7c48d858
C 10
R
P 0x7f2a7c191628
C 342
R
P 0x7f2a7c191628
P 0x7f2a7c488d80
C 10
R
P 0x7f2a7c191628
C 342
R
P 0x7f2a7c191628
P 0x7f2a7c19fb08
C 10
R
P 0x7f2a7c191628
C 342
R
P 0x7f2a7c191628
P 0x7f2a7c19c068
C 10
R
P 0x7f2a7c191628
C 342
R
P 0x7f2a7c191628
P 0x7f2a7c48a4b0
C 10
R
P 0x7f2a7c191628
C 342
R
P 0x7f2a7c191628
P 0x7f2a7c19bcc8
C 10
R
P 0x7f2a7c191628
C 342
R
P 0x7f2a7c191628
P 0x7f2a7c19c088
C 10
R
P 0x7f2a7c191628
C 342
R
P 0x7f2a7c191628
P 0x7f2a7c48deb0
C 10
R
P 0x7f2a7c191628
C 342
R
P 0x7f2a7c191628
P 0x7f2a7c1a25e8
C 10
R
P 0x7f2a7c191628
C 342
R
P 0x7f2a7c191628
P 0x7f2a7c48af88
C 10
R
P 0x7f2a7c191628
C 342
R
P 0x7f2a7c191628
P 0x7f2a7c19c1a8
C 10
R
P 0x7f2a7c191628
C 342
R
P 0x7f2a7c191628
P 0x7f2a7c488008
C 10
R
P 0x7f2a7c191628
C 342
R
P 0x7f2a7c191628
P 0x7f2a7c19bc88
C 10
R
P 0x7f2a7c191628
C 342
R
P 0x7f2a7c191628
P 0x7f2a7c19e728
C 10
R
P 0x7f2a7c191628
C 342
R
P 0x7f2a7c191628
P 0x7f2a7c1a17b0
C 10
R
P 0x7f2a7c191628
C 342
R
P 0x7f2a7c191628
P 0x7f2a7c19c208
C 10
R
P 0x7f2a7c191628
C 342
R
P 0x7f2a7c191628
P 0x7f2a7c19bc88
C 10
R
P 0x7f2a7c191628
C 342
R
P 0x7f2a7c191628
P 0x7f2a7c487cf8
C 10
R
P 0x7f2a7c191628
C 342
R
P 0x7f2a7c191628
P 0x7f2a7c2cbf58
C 10
R
P 0x7f2a7c191628
C 342
R
P 0x7f2a7c191628
P 0x7f2a7c487010
C 10
R
P 0x7f2a7c191628
C 342
R
P 0x7f2a7c191628
P 0x7f2a7c19c268
C 10
R
P 0x7f2a7c191628
C 342
R
P 0x7f2a7c191628
P 0x7f2a7c19c148
C 10
R
P 0x7f2a7c191628
C 342
R
P 0x7f2a7c191628
P 0x7f2a7c48bd18
C 10
R
P 0x7f2a7c191628
C 342
R
P 0x7f2a7c191628
P 0x7f2a7c487978
C 10
R
P 0x7f2a7c191628
C 342
R
P 0x7f2a7c191628
P 0x7f2a7c19bfc8
C 10
R
P 0x7f2a7c191628
C 342
R
P 0x7f2a7c191628
P 0x7f2a7c487278
C 10
R
P 0x7f2a7c191628
C 342
R
P 0x7f2a7c191628
P 0x7f2a7c48aa10
C 10
R
P 0x7f2a7c191628
C 342
R
P 0x7f2a7c191628
P 0x7f2a7c488580
C 10
R
P 0x7f2a7c191628
C 342
R
P 0x7f2a7c191628
P 0x7f2a7c1a1f58
C 10
R
P 0x7f2a7c191628
C 342
R
P 0x7f2a7c191628
P 0x7f2a7c19bc88
C 10
R
P 0x7f2a7c191628
C 342
R
P 0x7f2a7c191628
P 0x7f2a7c19bc88
C 10
R
P 0x7f2a7c191628
C 342
R
P 0x7f2a7c191628
P 0x7f2a7c19f9c8
C 10
R
P 0x7f2a7c191628
C 342
R
P 0x7f2a7c191628
P 0x7f2a7c19c028
C 10
R
P 0x7f2a7c191628
C 342
R
P 0x7f2a7c191628
P 0x7f2a7c19c128
C 10
R
P 0x7f2a7c191628
C 342
R
P 0x7f2a7c191628
P 0x7f2a7c487e10
C 10
R
P 0x7f2a7c191628
C 342
R
P 0x7f2a7c191628
P 0x7f2a7c19c268
C 10
R
P 0x7f2a7c191628
C 342
R
P 0x7f2a7c191628
P 0x7f2a7c19bc88
C 10
R
P 0x7f2a7c191628
C 342
R
P 0x7f2a7c191628
P 0x7f2a7c486fd8
C 10
R
P 0x7f2a7c191628
C 342
R
P 0x7f2a7c191628
P 0x7f2a7c19c268
C 10
R
P 0x7f2a7c191628
C 342
R
P 0x7f2a7c191628
P 0x7f2a7c19c068
C 10
R
P 0x7f2a7c191628
C 342
R
P 0x7f2a7c191628
P 0x7f2a7c48d468
C 10
R
P 0x7f2a7c191628
C 342
R
P 0x7f2a7c191628
P 0x7f2a7c487ba8
C 10
R
P 0x7f2a7c191628
C 342
R
P 0x7f2a7c191628
P 0x7f2a7c487010
C 10
R
P 0x7f2a7c191628
C 342
R
P 0x7f2a7c191628
P 0x7f2a7c487940
C 10
R
P 0x7f2a7c191628
C 342
R
P 0x7f2a7c191628
P 0x7f2a7c48a0c0
C 10
R
P 0x7f2a7c191628
C 342
R
P 0x7f2a7c191628
P 0x7f2a7c487d68
C 10
R
P 0x7f2a7c191628
C 342
R
P 0x7f2a7c191628
P 0x7f2a7c19bc88
C 10
R
P 0x7f2a7c191628
C 342
R
P 0x7f2a7c191628
P 0x7f2a7c19bfc8
C 10
R
P 0x7f2a7c191628
C 342
R
P 0x7f2a7c191628
P 0x7f2a7c19bcc8
C 10
R
P 0x7f2a7c191628
C 342
R
P 0x7f2a7c191628
P 0x7f2a7c489138
C 10
R
P 0x7f2a7c191628
C 342
R
P 0x7f2a7c191628
P 0x7f2a7c19c2a8
C 10
R
P 0x7f2a7c191628
C 342
R
P 0x7f2a7c191628
P 0x7f2a7c1a1e08
C 10
R
P 0x7f2a7c191628
C 342
R
P 0x7f2a7c191628
P 0x7f2a7c19bcc8
C 10
R
P 0x7f2a7c191628
C 342
R
P 0x7f2a7c191628
P 0x7f2a7c487ba8
C 10
R
P 0x7f2a7c191628
C 342
R
P 0x7f2a7c191628
P 0x7f2a7c487908
C 10
R
P 0x7f2a7c191628
C 342
R
P 0x7f2a7c191628
P 0x7f2a7c19bc88
C 10
R
P 0x7f2a7c191628
C 342
R
P 0x7f2a7c191628
P 0x7f2a7c19bc88
C 10
R
P 0x7f2a7c191628
C 342
R
P 0x7f2a7c191628
P 0x7f2a7c19c148
C 10
R
P 0x7f2a7c191628
C 342
R
P 0x7f2a7c191628
P 0x7f2a7c19bfe8
C 10
R
P 0x7f2a7c191628
C 342
R
P 0x7f2a7c191628
P 0x7f2a7c4753f8
C 10
R
P 0x7f2a7c191628
C 342
R
P 0x7f2a7c191628
P 0x7f2a7c473a08
C 10
R
P 0x7f2a7c191628
C 342
R
P 0x7f2a7c191628
P 0x7f2a7c478388
C 10
R
P 0x7f2a7c191628
C 342
R
P 0x7f2a7c191628
P 0x7f2a7c4894b8
C 10
R
P 0x7f2a7c191628
C 342
R
P 0x7f2a7c191628
P 0x7f2a7c487400
C 10
R
P 0x7f2a7c191628
C 342
R
P 0x7f2a7c191628
P 0x7f2a7c19bc88
C 10
R
P 0x7f2a7c191628
C 342
R
P 0x7f2a7c191628
P 0x7f2a7c475778
C 10
R
P 0x7f2a7c191628
C 342
R
P 0x7f2a7c191628
P 0x7f2a7c19fac8
C 10
R
P 0x7f2a7c191628
C 342
R
P 0x7f2a7c191628
P 0x7f2a7c1a18c8
C 10
R
P 0x7f2a7c191628
C 342
R
P 0x7f2a7c191628
P 0x7f2a7c19bcc8
C 10
R
P 0x7f2a7c191628
C 342
R
P 0x7f2a7c191628
P 0x7f2a7c19c088
C 10
R
P 0x7f2a7c191628
C 342
R
P 0x7f2a7c191628
P 0x7f2a7c1a1e08
C 10
R
P 0x7f2a7c191628
C 342
R
P 0x7f2a7c191628
P 0x7f2a7c19bd08
C 10
R
P 0x7f2a7c191628
C 342
R
P 0x7f2a7c191628
P 0x7f2a7c1a1900
C 10
R
P 0x7f2a7c191628
C 342
R
P 0x7f2a7c191628
P 0x7f2a7c19bd08
C 10
R
P 0x7f2a7c191628
C 342
R
P 0x7f2a7c191628
P 0x7f2a7c19bc88
C 10
R
P 0x7f2a7c191628
C 342
R
P 0x7f2a7c191628
P 0x7f2a7c1a17e8
C 10
R
P 0x7f2a7c191628
C 342
R
P 0x7f2a7c191628
P 0x7f2a7c19c168
C 10
R
P 0x7f2a7c191628
C 342
R
P 0x7f2a7c191628
P 0x7f2a7c19bcc8
C 10
R
P 0x7f2a7c191628
C 342
R
P 0x7f2a7c191628
P 0x7f2a7c1a25e8
C 10
R
P 0x7f2a7c191628
C 342
R
P 0x7f2a7c191628
P 0x7f2a7c1a1970
C 10
R
P 0x7f2a7c191628
C 342
R
P 0x7f2a7c191628
P 0x7f2a7c487dd8
C 10
R
P 0x7f2a7c191628
C 342
R
P 0x7f2a7c191628
P 0x7f2a7c19bcc8
C 10
R
P 0x7f2a7c191628
C 342
R
P 0x7f2a7c191628
P 0x7f2a7c19c028
C 10
R
P 0x7f2a7c191628
C 342
R
P 0x7f2a7c191628
P 0x7f2a7c19bc88
C 10
R
P 0x7f2a7c191628
C 342
R
P 0x7f2a7c191628
P 0x7f2a7c487240
C 10
R
P 0x7f2a7c191628
C 342
R
P 0x7f2a7c191628
P 0x7f2a7c48d4a0
C 10
R
P 0x7f2a7c191628
C 342
R
P 0x7f2a7c191628
P 0x7f2a7c19bcc8
C 10
R
P 0x7f2a7c191628
C 342
R
P 0x7f2a7c191628
P 0x7f2a7c48b180
C 10
R
P 0x7f2a7c191628
C 342
R
P 0x7f2a7c191628
P 0x7f2a7c19bc88
C 10
R
P 0x7f2a7c191628
C 342
R
P 0x7f2a7c191628
P 0x7f2a7c487be0
C 10
R
P 0x7f2a7c191628
C 342
R
P 0x7f2a7c191628
P 0x7f2a7c19bd08
C 10
R
P 0x7f2a7c191628
C 342
R
P 0x7f2a7c191628
P 0x7f2a7c19c028
C 10
R
P 0x7f2a7c191628
C 342
R
P 0x7f2a7c191628
P 0x7f2a7c19bfc8
C 10
R
P 0x7f2a7c191628
C 342
R
P 0x7f2a7c191628
P 0x7f2a7c19c268
C 10
R
P 0x7f2a7c191628
C 342
R
P 0x7f2a7c191628
P 0x7f2a7c487ba8
C 10
R
P 0x7f2a7c191628
C 342
R
P 0x7f2a7c191628
P 0x7f2a7c19bfc8
C 10
R
P 0x7f2a7c191628
C 342
R
P 0x7f2a7c191628
P 0x7f2a7c19bc88
C 10
R
P 0x7f2a7c191628
C 342
R
P 0x7f2a7c191628
P 0x7f2a7c488190
C 10
R
P 0x7f2a7c191628
C 342
R
P 0x7f2a7c191628
P 0x7f2a7c479700
C 10
R
P 0x7f2a7c191628
C 342
R
P 0x7f2a7c191628
P 0x7f2a7c1a25e8
C 10
R
P 0x7f2a7c191628
C 342
R
P 0x7f2a7c191628
P 0x7f2a7c19c048
C 10
R
P 0x7f2a7c191628
C 342
R
P 0x7f2a7c191628
P 0x7f2a7c475e08
C 10
R
P 0x7f2a7c191628
C 342
R
P 0x7f2a7c191628
P 0x7f2a7c488f40
C 10
R
P 0x7f2a7c191628
C 342
R
P 0x7f2a7c191628
P 0x7f2a7c19bc88
C 10
R
P 0x7f2a7c191628
C 342
R
P 0x7f2a7c191628
P 0x7f2a7c1a1890
C 10
R
P 0x7f2a7c191628
C 342
R
P 0x7f2a7c191628
P 0x7f2a7c48bf48
C 10
R
P 0x7f2a7c191628
C 342
R
P 0x7f2a7c191628
P 0x7f2a7c4890c8
C 10
R
P 0x7f2a7c191628
C 342
R
P 0x7f2a7c191628
P 0x7f2a7c19fac8
C 10
R
P 0x7f2a7c191628
C 342
R
P 0x7f2a7c191628
P 0x7f2a7c488190
C 10
R
P 0x7f2a7c191628
C 342
R
P 0x7f2a7c191628
P 0x7f2a7c1a1938
C 10
R
P 0x7f2a7c191628
C 342
R
P 0x7f2a7c191628
P 0x7f2a7c19fa08
C 10
R
P 0x7f2a7c191628
C 342
R
P 0x7f2a7c191628
P 0x7f2a7c473d68
C 10
R
P 0x7f2a7c191628
C 342
R
P 0x7f2a7c191628
P 0x7f2a7c1a1858
C 10
R
P 0x7f2a7c191628
C 342
R
P 0x7f2a7c191628
P 0x7f2a7c19bc88
C 10
R
P 0x7f2a7c191628
C 342
R
P 0x7f2a7c191628
P 0x7f2a7c4893d8
C 10
R
P 0x7f2a7c191628
C 342
R
P 0x7f2a7c191628
P 0x7f2a7c19bfc8
C 10
R
P 0x7f2a7c191628
C 342
R
P 0x7f2a7c191628
P 0x7f2a7c4761c0
C 10
R
P 0x7f2a7c191628
C 342
R
P 0x7f2a7c191628
P 0x7f2a7c487240
C 10
R
P 0x7f2a7c191628
C 342
R
P 0x7f2a7c191628
P 0x7f2a7c19c088
C 10
R
P 0x7f2a7c191628
C 342
R
P 0x7f2a7c191628
P 0x7f2a7c19c108
C 10
R
P 0x7f2a7c191628
C 342
R
P 0x7f2a7c191628
P 0x7f2a7c19bfc8
C 10
R
P 0x7f2a7c191628
C 342
R
P 0x7f2a7c191628
P 0x7f2a7c48c450
C 10
R
P 0x7f2a7c191628
C 342
R
P 0x7f2a7c191628
P 0x7f2a7c19c148
C 10
R
P 0x7f2a7c191628
C 342
R
P 0x7f2a7c191628
P 0x7f2a7c487390
C 10
R
P 0x7f2a7c191628
C 342
R
P 0x7f2a7c191628
P 0x7f2a7c19bc88
C 10
R
P 0x7f2a7c191628
C 342
R
P 0x7f2a7c191628
P 0x7f2a7c487208
C 10
R
P 0x7f2a7c191628
C 342
R
P 0x7f2a7c191628
P 0x7f2a7c19c2a8
C 10
R
P 0x7f2a7c191628
C 342
R
P 0x7f2a7c191628
P 0x7f2a7c19bf88
C 10
R
P 0x7f2a7c191628
C 342
R
P 0x7f2a7c191628
P 0x7f2a7c19bc88
C 10
R
P 0x7f2a7c191628
C 342
R
P 0x7f2a7c191628
P 0x7f2a7c2ccff8
C 10
R
P 0x7f2a7c191628
C 342
R
P 0x7f2a7c191628
P 0x7f2a7c48ba08
C 10
R
P 0x7f2a7c191628
C 342
R
P 0x7f2a7c191628
P 0x7f2a7c19bc88
C 10
R
P 0x7f2a7c191628
C 342
R
P 0x7f2a7c191628
P 0x7f2a7c19bfc8
C 10
R
P 0x7f2a7c191628
C 342
R
P 0x7f2a7c191628
P 0x7f2a7c487be0
C 10
R
P 0x7f2a7c191628
C 342
R
P 0x7f2a7c191628
P 0x7f2a7c475dd0
C 10
R
P 0x7f2a7c191628
C 342
R
P 0x7f2a7c191628
P 0x7f2a7c19bc88
C 10
R
P 0x7f2a7c191628
C 342
R
P 0x7f2a7c191628
P 0x7f2a7c1a17b0
C 10
R
P 0x7f2a7c191628
C 342
R
P 0x7f2a7c191628
P 0x7f2a7c19c128
C 10
R
P 0x7f2a7c191628
C 342
R
P 0x7f2a7c191628
P 0x7f2a7c19c2a8
C 10
R
P 0x7f2a7c191628
C 342
R
P 0x7f2a7c191628
P 0x7f2a7c486fd8
C 10
R
P 0x7f2a7c191628
C 342
R
P 0x7f2a7c191628
P 0x7f2a7c1a1cb8
C 10
R
P 0x7f2a7c191628
C 342
R
P 0x7f2a7c191628
P 0x7f2a7c19bc88
C 10
R
P 0x7f2a7c191628
C 342
R
P 0x7f2a7c191628
P 0x7f2a7c19c148
C 10
R
P 0x7f2a7c191628
C 342
R
P 0x7f2a7c191628
P 0x7f2a7c1a1890
C 10
R
P 0x7f2a7c191628
C 342
R
P 0x7f2a7c191628
P 0x7f2a7c19bc88
C 10
R
P 0x7f2a7c191628
C 342
R
P 0x7f2a7c191628
P 0x7f2a7c478c80
C 10
R
P 0x7f2a7c191628
C 342
R
P 0x7f2a7c191628
P 0x7f2a7c487908
C 10
R
P 0x7f2a7c191628
C 342
R
P 0x7f2a7c191628
P 0x7f2a7c473dc8
C 10
R
P 0x7f2a7c191628
C 342
R
P 0x7f2a7c191628
P 0x7f2a7c19bcc8
C 10
R
P 0x7f2a7c191628
C 342
R
P 0x7f2a7c191628
P 0x7f2a7c19bcc8
C 10
R
P 0x7f2a7c191628
C 342
R
P 0x7f2a7c191628
P 0x7f2a7c19bf48
C 10
R
P 0x7f2a7c191628
C 342
R
P 0x7f2a7c191628
P 0x7f2a7c487f98
C 10
R
P 0x7f2a7c191628
C 342
R
P 0x7f2a7c191628
P 0x7f2a7c19c268
C 10
R
P 0x7f2a7c191628
C 342
R
P 0x7f2a7c191628
P 0x7f2a7c19bfc8
C 10
R
P 0x7f2a7c191628
C 342
R
P 0x7f2a7c191628
P 0x7f2a7c48c4c0
C 10
R
P 0x7f2a7c191628
C 342
R
P 0x7f2a7c191628
P 0x7f2a7c1a1778
C 10
R
P 0x7f2a7c191628
C 342
R
P 0x7f2a7c191628
P 0x7f2a7c19c268
C 10
R
P 0x7f2a7c191628
C 342
R
P 0x7f2a7c191628
P 0x7f2a7c19c128
C 10
R
P 0x7f2a7c191628
C 342
R
P 0x7f2a7c191628
P 0x7f2a7c19c0c8
C 10
R
P 0x7f2a7c191628
C 342
R
P 0x7f2a7c191628
P 0x7f2a7c487240
C 10
R
P 0x7f2a7c191628
C 342
R
P 0x7f2a7c191628
P 0x7f2a7c489a30
C 10
R
P 0x7f2a7c191628
C 342
R
P 0x7f2a7c191628
P 0x7f2a7c2cc1c0
C 10
R
P 0x7f2a7c191628
C 342
R
P 0x7f2a7c191628
P 0x7f2a7c19bc88
C 10
R
P 0x7f2a7c191628
C 342
R
P 0x7f2a7c191628
P 0x7f2a7c19c088
C 10
R
P 0x7f2a7c191628
C 342
R
P 0x7f2a7c191628
P 0x7f2a7c19c028
C 10
R
P 0x7f2a7c191628
C 342
R
P 0x7f2a7c191628
P 0x7f2a7c19c1c8
C 10
R
P 0x7f2a7c191628
C 342
R
P 0x7f2a7c191628
P 0x7f2a7c19ed58
C 10
R
P 0x7f2a7c191628
C 342
R
P 0x7f2a7c191628
P 0x7f2a7c1a1890
C 10
R
P 0x7f2a7c191628
C 342
R
P 0x7f2a7c191628
P 0x7f2a7c4879b0
C 10
R
P 0x7f2a7c191628
C 342
R
P 0x7f2a7c191628
P 0x7f2a7c19c2a8
C 10
R
P 0x7f2a7c191628
C 342
R
P 0x7f2a7c191628
P 0x7f2a7c488270
C 10
R
P 0x7f2a7c191628
C 342
R
P 0x7f2a7c191628
P 0x7f2a7c487438
C 10
R
P 0x7f2a7c191628
C 342
R
P 0x7f2a7c191628
P 0x7f2a7c48dc10
C 10
R
P 0x7f2a7c191628
C 342
R
P 0x7f2a7c191628
P 0x7f2a7c487ba8
C 10
R
P 0x7f2a7c191628
C 342
R
P 0x7f2a7c191628
P 0x7f2a7c488158
C 10
R
P 0x7f2a7c191628
C 342
R
P 0x7f2a7c191628
P 0x7f2a7c19f888
C 10
R
P 0x7f2a7c191628
C 342
R
P 0x7f2a7c191628
P 0x7f2a7c19bc88
C 10
R
P 0x7f2a7c191628
C 342
R
P 0x7f2a7c191628
P 0x7f2a7c19bc88
C 10
R
P 0x7f2a7c191628
C 342
R
P 0x7f2a7c191628
P 0x7f2a7c19bc88
C 10
R
P 0x7f2a7c191628
C 342
R
P 0x7f2a7c191628
P 0x7f2a7c478778
C 10
R
P 0x7f2a7c191628
C 342
R
P 0x7f2a7c191628
P 0x7f2a7c19c048
C 10
R
P 0x7f2a7c191628
C 342
R
P 0x7f2a7c191628
P 0x7f2a7c487390
C 10
R
P 0x7f2a7c191628
C 342
R
P 0x7f2a7c191628
P 0x7f2a7c19c0a8
C 10
R
P 0x7f2a7c191628
C 342
R
P 0x7f2a7c191628
P 0x7f2a7c1a1858
C 10
R
P 0x7f2a7c191628
C 342
R
P 0x7f2a7c191628
P 0x7f2a7c19c0e8
C 10
R
P 0x7f2a7c191628
C 342
R
P 0x7f2a7c191628
P 0x7f2a7c19c148
C 10
R
P 0x7f2a7c191628
C 342
R
P 0x7f2a7c191628
P 0x7f2a7c19c148
C 10
R
P 0x7f2a7c191628
C 342
R
P 0x7f2a7c191628
P 0x7f2a7c486980
C 10
R
P 0x7f2a7c191628
C 342
R
P 0x7f2a7c191628
P 0x7f2a7c473e88
C 10
R
P 0x7f2a7c191628
C 342
R
P 0x7f2a7c191628
P 0x7f2a7c1a18c8
C 10
R
P 0x7f2a7c191628
C 342
R
P 0x7f2a7c191628
P 0x7f2a7c19bc88
C 10
R
P 0x7f2a7c191628
C 342
R
P 0x7f2a7c191628
P 0x7f2a7c4879b0
C 10
R
P 0x7f2a7c191628
C 342
R
P 0x7f2a7c191628
P 0x7f2a7c48ce10
C 10
R
P 0x7f2a7c191628
C 342
R
P 0x7f2a7c191628
P 0x7f2a7c19bc88
C 10
R
P 0x7f2a7c191628
C 342
R
P 0x7f2a7c191628
P 0x7f2a7c19bf48
C 10
R
P 0x7f2a7c191628
C 342
R
P 0x7f2a7c191628
P 0x7f2a7c473f48
C 10
R
P 0x7f2a7c191628
C 342
R
P 0x7f2a7c191628
P 0x7f2a7c487b70
C 10
R
P 0x7f2a7c191628
C 342
R
P 0x7f2a7c191628
P 0x7f2a7c19c008
C 10
R
P 0x7f2a7c191628
C 342
R
P 0x7f2a7c191628
P 0x7f2a7c4879b0
C 10
R
P 0x7f2a7c191628
C 342
R
P 0x7f2a7c191628
P 0x7f2a7c19bcc8
C 10
R
P 0x7f2a7c191628
C 342
R
P 0x7f2a7c191628
P 0x7f2a7c19c048
C 10
R
P 0x7f2a7c191628
C 342
R
P 0x7f2a7c191628
P 0x7f2a7c19bc88
C 10
R
P 0x7f2a7c191628
C 342
R
P 0x7f2a7c191628
P 0x7f2a7c487908
C 10
R
P 0x7f2a7c191628
C 342
R
P 0x7f2a7c191628
P 0x7f2a7c486fa0
C 10
R
P 0x7f2a7c191628
C 342
R
P 0x7f2a7c191628
P 0x7f2a7c19fb08
C 10
R
P 0x7f2a7c191628
C 342
R
P 0x7f2a7c191628
P 0x7f2a7c1a1858
C 10
R
P 0x7f2a7c191628
C 342
R
P 0x7f2a7c191628
P 0x7f2a7c19bf48
C 10
R
P 0x7f2a7c191628
C 342
R
P 0x7f2a7c191628
P 0x7f2a7c1a1778
C 10
R
P 0x7f2a7c191628
C 342
R
P 0x7f2a7c191628
P 0x7f2a7c1a21f8
C 10
R
P 0x7f2a7c191628
C 342
R
P 0x7f2a7c191628
P 0x7f2a7c487240
C 10
R
P 0x7f2a7c191628
C 342
R
P 0x7f2a7c191628
P 0x7f2a7c19bcc8
C 10
R
P 0x7f2a7c191628
C 342
R
P 0x7f2a7c191628
P 0x7f2a7c1a2498
C 10
R
P 0x7f2a7c191628
C 342
R
P 0x7f2a7c191628
P 0x7f2a7c48e1c0
C 10
R
P 0x7f2a7c191628
C 342
R
P 0x7f2a7c191628
P 0x7f2a7c19bf88
C 10
R
P 0x7f2a7c191628
C 342
R
P 0x7f2a7c191628
P 0x7f2a7c19c0e8
C 10
R
P 0x7f2a7c191628
C 342
R
P 0x7f2a7c191628
P 0x7f2a7c487978
C 10
R
P 0x7f2a7c191628
C 342
R
P 0x7f2a7c191628
P 0x7f2a7c488078
C 10
R
P 0x7f2a7c191628
C 342
R
P 0x7f2a7c191628
P 0x7f2a7c1a18c8
C 10
R
P 0x7f2a7c191628
C 342
R
P 0x7f2a7c191628
P 0x7f2a7c1a17e8
C 10
R
P 0x7f2a7c191628
C 342
R
P 0x7f2a7c191628
P 0x7f2a7c487da0
C 10
R
P 0x7f2a7c191628
C 342
R
P 0x7f2a7c191628
P 0x7f2a7c489a68
C 10
R
P 0x7f2a7c191628
C 342
R
P 0x7f2a7c191628
P 0x7f2a7c19bfc8
C 10
R
P 0x7f2a7c191628
C 342
R
P 0x7f2a7c191628
P 0x7f2a7c19f9c8
C 10
R
P 0x7f2a7c191628
C 342
R
P 0x7f2a7c191628
P 0x7f2a7c19c128
C 10
R
P 0x7f2a7c191628
C 342
R
P 0x7f2a7c191628
P 0x7f2a7c19bc88
C 10
R
P 0x7f2a7c191628
C 342
R
P 0x7f2a7c191628
P 0x7f2a7c1a1890
C 10
R
P 0x7f2a7c191628
C 342
R
P 0x7f2a7c191628
P 0x7f2a7c487080
C 10
R
P 0x7f2a7c191628
C 342
R
P 0x7f2a7c191628
P 0x7f2a7c2cc348
C 10
R
P 0x7f2a7c191628
C 342
R
P 0x7f2a7c191628
P 0x7f2a7c19bfe8
C 10
R
P 0x7f2a7c191628
C 342
R
P 0x7f2a7c191628
P 0x7f2a7c19bc88
C 10
R
P 0x7f2a7c191628
C 342
R
P 0x7f2a7c191628
P 0x7f2a7c19c088
C 10
R
P 0x7f2a7c191628
C 342
R
P 0x7f2a7c191628
P 0x7f2a7c476d90
C 10
R
P 0x7f2a7c191628
C 342
R
P 0x7f2a7c191628
P 0x7f2a7c1a1858
C 10
R
P 0x7f2a7c191628
C 342
R
P 0x7f2a7c191628
P 0x7f2a7c488190
C 10
R
P 0x7f2a7c191628
C 342
R
P 0x7f2a7c191628
P 0x7f2a7c19c1a8
C 10
R
P 0x7f2a7c191628
C 342
R
P 0x7f2a7c191628
P 0x7f2a7c19bcc8
C 10
R
P 0x7f2a7c191628
C 342
R
P 0x7f2a7c191628
P 0x7f2a7c19c088
C 10
R
P 0x7f2a7c191628
C 342
R
P 0x7f2a7c191628
P 0x7f2a7c487d68
C 10
R
P 0x7f2a7c191628
C 342
R
P 0x7f2a7c191628
P 0x7f2a7c19bc88
C 10
R
P 0x7f2a7c191628
C 342
R
P 0x7f2a7c191628
P 0x7f2a7c487048
C 10
R
P 0x7f2a7c191628
C 342
R
P 0x7f2a7c191628
P 0x7f2a7c487e10
C 10
R
P 0x7f2a7c191628
C 342
R
P 0x7f2a7c191628
P 0x7f2a7c19bce8
C 10
R
P 0x7f2a7c191628
C 342
R
P 0x7f2a7c191628
P 0x7f2a7c19bc88
C 10
R
P 0x7f2a7c191628
C 342
R
P 0x7f2a7c191628
P 0x7f2a7c19c088
C 10
R
P 0x7f2a7c191628
C 342
R
P 0x7f2a7c191628
P 0x7f2a7c19c028
C 10
R
P 0x7f2a7c191628
C 342
R
P 0x7f2a7c191628
P 0x7f2a7c19bc88
C 10
R
P 0x7f2a7c191628
C 342
R
P 0x7f2a7c191628
P 0x7f2a7c487080
C 10
R
P 0x7f2a7c191628
C 342
R
P 0x7f2a7c191628
P 0x7f2a7c476b28
C 10
R
P 0x7f2a7c191628
C 342
R
P 0x7f2a7c191628
P 0x7f2a7c19bf68
C 10
R
P 0x7f2a7c191628
C 342
R
P 0x7f2a7c191628
P 0x7f2a7c19bc88
C 10
R
P 0x7f2a7c191628
C 342
R
P 0x7f2a7c191628
P 0x7f2a7c19c028
C 10
R
P 0x7f2a7c191628
C 342
R
P 0x7f2a7c191628
P 0x7f2a7c4899c0
C 10
R
P 0x7f2a7c191628
C 342
R
P 0x7f2a7c191628
P 0x7f2a7c19c168
C 10
R
P 0x7f2a7c191628
C 342
R
P 0x7f2a7c191628
P 0x7f2a7c2cbaf8
C 10
R
P 0x7f2a7c191628
C 342
R
P 0x7f2a7c191628
P 0x7f2a7c19fa08
C 10
R
P 0x7f2a7c191628
C 342
R
P 0x7f2a7c191628
P 0x7f2a7c1a2af0
C 10
R
P 0x7f2a7c191628
C 342
R
P 0x7f2a7c191628
P 0x7f2a7c487940
C 10
R
P 0x7f2a7c191628
C 342
R
P 0x7f2a7c191628
P 0x7f2a7c489db0
C 10
R
P 0x7f2a7c191628
C 342
R
P 0x7f2a7c191628
P 0x7f2a7c1a17b0
C 10
R
P 0x7f2a7c191628
C 342
R
P 0x7f2a7c191628
P 0x7f2a7c19c268
C 10
R
P 0x7f2a7c191628
C 342
R
P 0x7f2a7c191628
P 0x7f2a7c487240
C 10
R
P 0x7f2a7c191628
C 342
R
P 0x7f2a7c191628
P 0x7f2a7c19bcc8
C 10
R
P 0x7f2a7c191628
C 342
R
P 0x7f2a7c191628
P 0x7f2a7c19bcc8
C 10
R
P 0x7f2a7c191628
C 342
R
P 0x7f2a7c191628
P 0x7f2a7c48b260
C 10
R
P 0x7f2a7c191628
C 342
R
P 0x7f2a7c191628
P 0x7f2a7c19c028
C 10
R
P 0x7f2a7c191628
C 342
R
P 0x7f2a7c191628
P 0x7f2a7c1a20a8
C 10
R
P 0x7f2a7c191628
C 342
R
P 0x7f2a7c191628
P 0x7f2a7c19bcc8
C 10
R
P 0x7f2a7c191628
C 342
R
P 0x7f2a7c191628
P 0x7f2a7c19c088
C 10
R
P 0x7f2a7c191628
C 342
R
P 0x7f2a7c191628
P 0x7f2a7c19c148
C 10
R
P 0x7f2a7c191628
C 342
R
P 0x7f2a7c191628
P 0x7f2a7c19bc88
C 10
R
P 0x7f2a7c191628
C 342
R
P 0x7f2a7c191628
P 0x7f2a7c19fa88
C 10
R
P 0x7f2a7c191628
C 342
R
P 0x7f2a7c191628
P 0x7f2a7c19c0e8
C 10
R
P 0x7f2a7c191628
C 342
R
P 0x7f2a7c191628
P 0x7f2a7c19c088
C 10
R
P 0x7f2a7c191628
C 342
R
P 0x7f2a7c191628
P 0x7f2a7c1a2348
C 10
R
P 0x7f2a7c191628
C 342
R
P 0x7f2a7c191628
P 0x7f2a7c19c0a8
C 10
R
P 0x7f2a7c191628
C 342
R
P 0x7f2a7c191628
P 0x7f2a7c488158
C 10
R
P 0x7f2a7c191628
C 342
R
P 0x7f2a7c191628
P 0x7f2a7c19c1c8
C 10
R
P 0x7f2a7c191628
C 342
R
P 0x7f2a7c191628
P 0x7f2a7c4769a0
C 10
R
P 0x7f2a7c191628
C 342
R
P 0x7f2a7c191628
P 0x7f2a7c19fa88
C 10
R
P 0x7f2a7c191628
C 342
R
P 0x7f2a7c191628
P 0x7f2a7c1a18c8
C 10
R
P 0x7f2a7c191628
C 342
R
P 0x7f2a7c191628
P 0x7f2a7c19c0e8
C 10
R
P 0x7f2a7c191628
C 342
R
P 0x7f2a7c191628
P 0x7f2a7c19c008
C 10
R
P 0x7f2a7c191628
C 342
R
P 0x7f2a7c191628
P 0x7f2a7c19bc88
C 10
R
P 0x7f2a7c191628
C 342
R
P 0x7f2a7c191628
P 0x7f2a7c19bca8
C 10
R
P 0x7f2a7c191628
C 342
R
P 0x7f2a7c191628
P 0x7f2a7c488158
C 10
R
P 0x7f2a7c191628
C 342
R
P 0x7f2a7c191628
P 0x7f2a7c48a590
C 10
R
P 0x7f2a7c191628
C 342
R
P 0x7f2a7c191628
P 0x7f2a7c19bc88
C 10
R
P 0x7f2a7c191628
C 342
R
P 0x7f2a7c191628
P 0x7f2a7c19f948
C 10
R
P 0x7f2a7c191628
C 342
R
P 0x7f2a7c191628
P 0x7f2a7c19bcc8
C 10
R
P 0x7f2a7c191628
C 342
R
P 0x7f2a7c191628
P 0x7f2a7c19bc88
C 10
R
P 0x7f2a7c191628
C 342
R
P 0x7f2a7c191628
P 0x7f2a7c48a888
C 10
R
P 0x7f2a7c191628
C 342
R
P 0x7f2a7c191628
P 0x7f2a7c19bc88
C 10
R
P 0x7f2a7c191628
C 342
R
P 0x7f2a7c191628
P 0x7f2a7c19bc88
C 10
R
P 0x7f2a7c191628
C 342
R
P 0x7f2a7c191628
P 0x7f2a7c19bfc8
C 10
R
P 0x7f2a7c191628
C 342
R
P 0x7f2a7c191628
P 0x7f2a7c19bc88
C 10
R
P 0x7f2a7c191628
C 342
R
P 0x7f2a7c191628
P 0x7f2a7c487908
C 10
R
P 0x7f2a7c191628
C 342
R
P 0x7f2a7c191628
P 0x7f2a7c19bc88
C 10
R
P 0x7f2a7c191628
C 342
R
P 0x7f2a7c191628
P 0x7f2a7c19dca8
C 10
R
P 0x7f2a7c191628
C 342
R
P 0x7f2a7c191628
P 0x7f2a7c487358
C 10
R
P 0x7f2a7c191628
C 342
R
P 0x7f2a7c191628
P 0x7f2a7c19bc88
C 10
R
P 0x7f2a7c191628
C 342
R
P 0x7f2a7c191628
P 0x7f2a7c19c028
C 10
R
P 0x7f2a7c191628
C 342
R
P 0x7f2a7c191628
P 0x7f2a7c2cc968
C 10
R
P 0x7f2a7c191628
C 342
R
P 0x7f2a7c191628
P 0x7f2a7c19f888
C 10
R
P 0x7f2a7c191628
C 342
R
P 0x7f2a7c191628
P 0x7f2a7c19bc88
C 10
R
P 0x7f2a7c191628
C 342
R
P 0x7f2a7c191628
P 0x7f2a7c19c2a8
C 10
R
P 0x7f2a7c191628
C 342
R
P 0x7f2a7c191628
P 0x7f2a7c19bfc8
C 10
R
P 0x7f2a7c191628
C 342
R
P 0x7f2a7c191628
P 0x7f2a7c19bc88
C 10
R
P 0x7f2a7c191628
C 342
R
P 0x7f2a7c191628
P 0x7f2a7c19c0e8
C 10
R
P 0x7f2a7c191628
C 342
R
P 0x7f2a7c191628
P 0x7f2a7c473f18
C 10
R
P 0x7f2a7c191628
C 342
R
P 0x7f2a7c191628
P 0x7f2a7c476c78
C 10
R
P 0x7f2a7c191628
C 342
R
P 0x7f2a7c191628
P 0x7f2a7c19c2a8
C 10
R
P 0x7f2a7c191628
C 342
R
P 0x7f2a7c191628
P 0x7f2a7c19c068
C 10
R
P 0x7f2a7c191628
C 342
R
P 0x7f2a7c191628
P 0x7f2a7c19c168
C 10
R
P 0x7f2a7c191628
C 342
R
P 0x7f2a7c191628
P 0x7f2a7c487908
C 10
R
P 0x7f2a7c191628
C 342
R
P 0x7f2a7c191628
P 0x7f2a7c19c088
C 10
R
P 0x7f2a7c191628
C 342
R
P 0x7f2a7c191628
P 0x7f2a7c487908
C 10
R
P 0x7f2a7c191628
C 342
R
P 0x7f2a7c191628
P 0x7f2a7c487470
C 10
R
P 0x7f2a7c191628
C 342
R
P 0x7f2a7c191628
P 0x7f2a7c19c1a8
C 10
R
P 0x7f2a7c191628
C 342
R
P 0x7f2a7c191628
P 0x7f2a7c19c2a8
C 10
R
P 0x7f2a7c191628
C 342
R
P 0x7f2a7c191628
P 0x7f2a7c1a1f58
C 10
R
P 0x7f2a7c191628
C 342
R
P 0x7f2a7c191628
P 0x7f2a7c4873c8
C 10
R
P 0x7f2a7c191628
C 342
R
P 0x7f2a7c191628
P 0x7f2a7c487fd0
C 10
R
P 0x7f2a7c191628
C 342
R
P 0x7f2a7c191628
P 0x7f2a7c487400
C 10
R
P 0x7f2a7c191628
C 342
R
P 0x7f2a7c191628
P 0x7f2a7c487da0
C 10
R
P 0x7f2a7c191628
C 342
R
P 0x7f2a7c191628
P 0x7f2a7c1a18c8
C 10
R
P 0x7f2a7c191628
C 342
R
P 0x7f2a7c191628
P 0x7f2a7c19fac8
C 10
R
P 0x7f2a7c191628
C 342
R
P 0x7f2a7c191628
P 0x7f2a7c487908
C 10
R
P 0x7f2a7c191628
C 342
R
P 0x7f2a7c191628
P 0x7f2a7c19bfc8
C 10
R
P 0x7f2a7c191628
C 342
R
P 0x7f2a7c191628
P 0x7f2a7c48aea8
C 10
R
P 0x7f2a7c191628
C 342
R
P 0x7f2a7c191628
P 0x7f2a7c1a2498
C 10
R
P 0x7f2a7c191628
C 342
R
P 0x7f2a7c191628
P 0x7f2a7c488740
C 10
R
P 0x7f2a7c191628
C 342
R
P 0x7f2a7c191628
P 0x7f2a7c19fa48
C 10
R
P 0x7f2a7c191628
C 342
R
P 0x7f2a7c191628
P 0x7f2a7c19c0e8
C 10
R
P 0x7f2a7c191628
C 342
R
P 0x7f2a7c191628
P 0x7f2a7c19c2a8
C 10
R
P 0x7f2a7c191628
C 342
R
P 0x7f2a7c191628
P 0x7f2a7c487da0
C 10
R
P 0x7f2a7c191628
C 342
R
P 0x7f2a7c191628
P 0x7f2a7c19f118
C 10
R
P 0x7f2a7c191628
C 342
R
P 0x7f2a7c191628
P 0x7f2a7c476a80
C 10
R
P 0x7f2a7c191628
C 342
R
P 0x7f2a7c191628
P 0x7f2a7c19f948
C 10
R
P 0x7f2a7c191628
C 342
R
P 0x7f2a7c191628
P 0x7f2a7c4881c8
C 10
R
P 0x7f2a7c191628
C 342
R
P 0x7f2a7c191628
P 0x7f2a7c4873c8
C 10
R
P 0x7f2a7c191628
C 342
R
P 0x7f2a7c191628
P 0x7f2a7c19f9c8
C 10
R
P 0x7f2a7c191628
C 342
R
P 0x7f2a7c191628
P 0x7f2a7c19bd08
C 10
R
P 0x7f2a7c191628
C 342
R
P 0x7f2a7c191628
P 0x7f2a7c19bfc8
C 10
R
P 0x7f2a7c191628
C 342
R
P 0x7f2a7c191628
P 0x7f2a7c19c088
C 10
R
P 0x7f2a7c191628
C 342
R
P 0x7f2a7c191628
P 0x7f2a7c487940
C 10
R
P 0x7f2a7c191628
C 342
R
P 0x7f2a7c191628
P 0x7f2a7c19bf88
C 10
R
P 0x7f2a7c191628
C 342
R
P 0x7f2a7c191628
P 0x7f2a7c487010
C 10
R
P 0x7f2a7c191628
C 342
R
P 0x7f2a7c191628
P 0x7f2a7c19c148
C 10
R
P 0x7f2a7c191628
C 342
R
P 0x7f2a7c191628
P 0x7f2a7c478b30
C 10
R
P 0x7f2a7c191628
C 342
R
P 0x7f2a7c191628
P 0x7f2a7c19bc88
C 10
R
P 0x7f2a7c191628
C 342
R
P 0x7f2a7c191628
P 0x7f2a7c489918
C 10
R
P 0x7f2a7c191628
C 342
R
P 0x7f2a7c191628
P 0x7f2a7c19c028
C 10
R
P 0x7f2a7c191628
C 342
R
P 0x7f2a7c191628
P 0x7f2a7c487278
C 10
R
P 0x7f2a7c191628
C 342
R
P 0x7f2a7c191628
P 0x7f2a7c4752e0
C 10
R
P 0x7f2a7c191628
C 342
R
P 0x7f2a7c191628
P 0x7f2a7c475900
C 10
R
P 0x7f2a7c191628
C 342
R
P 0x7f2a7c191628
P 0x7f2a7c488708
C 10
R
P 0x7f2a7c191628
C 342
R
P 0x7f2a7c191628
P 0x7f2a7c4873c8
C 10
R
P 0x7f2a7c191628
C 342
R
P 0x7f2a7c191628
P 0x7f2a7c4785f0
C 10
R
P 0x7f2a7c191628
C 342
R
P 0x7f2a7c191628
P 0x7f2a7c19bfc8
C 10
R
P 0x7f2a7c191628
C 342
R
P 0x7f2a7c191628
P 0x7f2a7c19fa08
C 10
R
P 0x7f2a7c191628
C 342
R
P 0x7f2a7c191628
P 0x7f2a7c19fa08
C 10
R
P 0x7f2a7c191628
C 342
R
P 0x7f2a7c191628
P 0x7f2a7c19c088
C 10
R
P 0x7f2a7c191628
C 342
R
P 0x7f2a7c191628
P 0x7f2a7c486fd8
C 10
R
P 0x7f2a7c191628
C 342
R
P 0x7f2a7c191628
P 0x7f2a7c48c108
C 10
R
P 0x7f2a7c191628
C 342
R
P 0x7f2a7c191628
P 0x7f2a7c486da8
C 10
R
P 0x7f2a7c191628
C 342
R
P 0x7f2a7c191628
P 0x7f2a7c1a17b0
C 10
R
P 0x7f2a7c191628
C 342
R
P 0x7f2a7c191628
P 0x7f2a7c19c248
C 10
R
P 0x7f2a7c191628
C 342
R
P 0x7f2a7c191628
P 0x7f2a7c19c088
C 10
R
P 0x7f2a7c191628
C 342
R
P 0x7f2a7c191628
P 0x7f2a7c4881c8
C 10
R
P 0x7f2a7c191628
C 342
R
P 0x7f2a7c191628
P 0x7f2a7c1a1778
C 10
R
P 0x7f2a7c191628
C 342
R
P 0x7f2a7c191628
P 0x7f2a7c487b70
C 10
R
P 0x7f2a7c191628
C 342
R
P 0x7f2a7c191628
P 0x7f2a7c19c1a8
C 10
R
P 0x7f2a7c191628
C 342
R
P 0x7f2a7c191628
P 0x7f2a7c1a1890
C 10
R
P 0x7f2a7c191628
C 342
R
P 0x7f2a7c191628
P 0x7f2a7c19bd08
C 10
R
P 0x7f2a7c191628
C 342
R
P 0x7f2a7c191628
P 0x7f2a7c19bc88
C 10
R
P 0x7f2a7c191628
C 342
R
P 0x7f2a7c191628
P 0x7f2a7c19bc88
C 10
R
P 0x7f2a7c191628
C 342
R
P 0x7f2a7c191628
P 0x7f2a7c487240
C 10
R
P 0x7f2a7c191628
C 342
R
P 0x7f2a7c191628
P 0x7f2a7c19bc88
C 10
R
P 0x7f2a7c191628
C 342
R
P 0x7f2a7c191628
P 0x7f2a7c488078
C 10
R
P 0x7f2a7c191628
C 342
R
P 0x7f2a7c191628
P 0x7f2a7c488df0
C 10
R
P 0x7f2a7c191628
C 342
R
P 0x7f2a7c191628
P 0x7f2a7c48aee0
C 10
R
P 0x7f2a7c191628
C 342
R
P 0x7f2a7c191628
P 0x7f2a7c19bd08
C 10
R
P 0x7f2a7c191628
C 342
R
P 0x7f2a7c191628
P 0x7f2a7c4788c8
C 10
R
P 0x7f2a7c191628
C 342
R
P 0x7f2a7c191628
P 0x7f2a7c475708
C 10
R
P 0x7f2a7c191628
C 342
R
P 0x7f2a7c191628
P 0x7f2a7c1a17e8
C 10
R
P 0x7f2a7c191628
C 342
R
P 0x7f2a7c191628
P 0x7f2a7c475c10
C 10
R
P 0x7f2a7c191628
C 342
R
P 0x7f2a7c191628
P 0x7f2a7c19f988
C 10
R
P 0x7f2a7c191628
C 342
R
P 0x7f2a7c191628
P 0x7f2a7c19bc88
C 10
R
P 0x7f2a7c191628
C 342
R
P 0x7f2a7c191628
P 0x7f2a7c19bf88
C 10
R
P 0x7f2a7c191628
C 342
R
P 0x7f2a7c191628
P 0x7f2a7c487da0
C 10
R
P 0x7f2a7c191628
C 342
R
P 0x7f2a7c191628
P 0x7f2a7c486fd8
C 10
R
P 0x7f2a7c191628
C 342
R
P 0x7f2a7c191628
P 0x7f2a7c47a0d8
C 10
R
P 0x7f2a7c191628
C 342
R
P 0x7f2a7c191628
P 0x7f2a7c19c0e8
C 10
R
P 0x7f2a7c191628
C 342
R
P 0x7f2a7c191628
P 0x7f2a7c19c008
C 10
R
P 0x7f2a7c191628
C 342
R
P 0x7f2a7c191628
P 0x7f2a7c488190
C 10
R
P 0x7f2a7c191628
C 342
R
P 0x7f2a7c191628
P 0x7f2a7c19bfc8
C 10
R
P 0x7f2a7c191628
C 342
R
P 0x7f2a7c191628
P 0x7f2a7c487390
C 10
R
P 0x7f2a7c191628
C 342
R
P 0x7f2a7c191628
P 0x7f2a7c19bc88
C 10
R
P 0x7f2a7c191628
C 342
R
P 0x7f2a7c191628
P 0x7f2a7c1a2fc0
C 10
R
P 0x7f2a7c191628
C 342
R
P 0x7f2a7c191628
P 0x7f2a7c1a3180
C 10
R
P 0x7f2a7c191628
C 342
R
P 0x7f2a7c191628
P 0x7f2a7c487dd8
C 10
R
P 0x7f2a7c191628
C 342
R
P 0x7f2a7c191628
P 0x7f2a7c487208
C 10
R
P 0x7f2a7c191628
C 342
R
P 0x7f2a7c191628
P 0x7f2a7c19bc88
C 10
R
P 0x7f2a7c191628
C 342
R
P 0x7f2a7c191628
P 0x7f2a7c19c248
C 10
R
P 0x7f2a7c191628
C 342
R
P 0x7f2a7c191628
P 0x7f2a7c19c028
C 10
R
P 0x7f2a7c191628
C 342
R
P 0x7f2a7c191628
P 0x7f2a7c19f848
C 10
R
P 0x7f2a7c191628
C 342
R
P 0x7f2a7c191628
P 0x7f2a7c487908
C 10
R
P 0x7f2a7c191628
C 342
R
P 0x7f2a7c191628
P 0x7f2a7c19c1a8
C 10
R
P 0x7f2a7c191628
C 342
R
P 0x7f2a7c191628
P 0x7f2a7c1a1cb8
C 10
R
P 0x7f2a7c191628
C 342
R
P 0x7f2a7c191628
P 0x7f2a7c2cc508
C 10
R
P 0x7f2a7c191628
C 342
R
P 0x7f2a7c191628
P 0x7f2a7c4873c8
C 10
R
P 0x7f2a7c191628
C 342
R
P 0x7f2a7c191628
P 0x7f2a7c48a130
C 10
R
P 0x7f2a7c191628
C 342
R
P 0x7f2a7c191628
P 0x7f2a7c486fa0
C 10
R
P 0x7f2a7c191628
C 342
R
P 0x7f2a7c191628
P 0x7f2a7c19ebd8
C 10
R
P 0x7f2a7c191628
C 342
R
P 0x7f2a7c191628
P 0x7f2a7c19c1a8
C 10
R
P 0x7f2a7c191628
C 342
R
P 0x7f2a7c191628
P 0x7f2a7c487390
C 10
R
P 0x7f2a7c191628
C 342
R
P 0x7f2a7c191628
P 0x7f2a7c19bc88
C 10
R
P 0x7f2a7c191628
C 342
R
P 0x7f2a7c191628
P 0x7f2a7c2cd1f0
C 10
R
P 0x7f2a7c191628
C 342
R
P 0x7f2a7c191628
P 0x7f2a7c486e88
C 10
R
P 0x7f2a7c191628
C 342
R
P 0x7f2a7c191628
P 0x7f2a7c19f948
C 10
R
P 0x7f2a7c191628
C 342
R
P 0x7f2a7c191628
P 0x7f2a7c1a1900
C 10
R
P 0x7f2a7c191628
C 342
R
P 0x7f2a7c191628
P 0x7f2a7c19c168
C 10
R
P 0x7f2a7c191628
C 342
R
P 0x7f2a7c191628
P 0x7f2a7c1a20a8
C 10
R
P 0x7f2a7c191628
C 342
R
P 0x7f2a7c191628
P 0x7f2a7c1a2348
C 10
R
P 0x7f2a7c191628
C 342
R
P 0x7f2a7c191628
P 0x7f2a7c4873c8
C 10
R
P 0x7f2a7c191628
C 342
R
P 0x7f2a7c191628
P 0x7f2a7c19bc88
C 10
R
P 0x7f2a7c191628
C 342
R
P 0x7f2a7c191628
P 0x7f2a7c19c148
C 10
R
P 0x7f2a7c191628
C 342
R
P 0x7f2a7c191628
P 0x7f2a7c486fa0
C 10
R
P 0x7f2a7c191628
C 342
R
P 0x7f2a7c191628
P 0x7f2a7c1a1820
C 10
R
P 0x7f2a7c191628
C 342
R
P 0x7f2a7c191628
P 0x7f2a7c19c088
C 10
R
P 0x7f2a7c191628
C 342
R
P 0x7f2a7c191628
P 0x7f2a7c19c1c8
C 10
R
P 0x7f2a7c191628
C 342
R
P 0x7f2a7c191628
P 0x7f2a7c19bd08
C 10
R
P 0x7f2a7c191628
C 342
R
P 0x7f2a7c191628
P 0x7f2a7c1a18c8
C 10
R
P 0x7f2a7c191628
C 342
R
P 0x7f2a7c191628
P 0x7f2a7c479ab8
C 10
R
P 0x7f2a7c191628
C 342
R
P 0x7f2a7c191628
P 0x7f2a7c19bc88
C 10
R
P 0x7f2a7c191628
C 342
R
P 0x7f2a7c191628
P 0x7f2a7c19c0a8
C 10
R
P 0x7f2a7c191628
C 342
R
P 0x7f2a7c191628
P 0x7f2a7c19c1c8
C 10
R
P 0x7f2a7c191628
C 342
R
P 0x7f2a7c191628
P 0x7f2a7c19c028
C 10
R
P 0x7f2a7c191628
C 342
R
P 0x7f2a7c191628
P 0x7f2a7c487278
C 10
R
P 0x7f2a7c191628
C 342
R
P 0x7f2a7c191628
P 0x7f2a7c475d98
C 10
R
P 0x7f2a7c191628
C 342
R
P 0x7f2a7c191628
P 0x7f2a7c487da0
C 10
R
P 0x7f2a7c191628
C 342
R
P 0x7f2a7c191628
P 0x7f2a7c19bcc8
C 10
R
P 0x7f2a7c191628
C 342
R
P 0x7f2a7c191628
P 0x7f2a7c1a1cb8
C 10
R
P 0x7f2a7c191628
C 342
R
P 0x7f2a7c191628
P 0x7f2a7c19c028
C 10
R
P 0x7f2a7c191628
C 342
R
P 0x7f2a7c191628
P 0x7f2a7c19c028
C 10
R
P 0x7f2a7c191628
C 342
R
P 0x7f2a7c191628
P 0x7f2a7c48dfc8
C 10
R
P 0x7f2a7c191628
C 342
R
P 0x7f2a7c191628
P 0x7f2a7c488190
C 10
R
P 0x7f2a7c191628
C 342
R
P 0x7f2a7c191628
P 0x7f2a7c1a3110
C 10
R
P 0x7f2a7c191628
C 342
R
P 0x7f2a7c191628
P 0x7f2a7c19c028
C 10
R
P 0x7f2a7c191628
C 342
R
P 0x7f2a7c191628
P 0x7f2a7c1a1820
C 10
R
P 0x7f2a7c191628
C 342
R
P 0x7f2a7c191628
P 0x7f2a7c4786d0
C 10
R
P 0x7f2a7c191628
C 342
R
P 0x7f2a7c191628
P 0x7f2a7c487390
C 10
R
P 0x7f2a7c191628
C 342
R
P 0x7f2a7c191628
P 0x7f2a7c1a2498
C 10
R
P 0x7f2a7c191628
C 342
R
P 0x7f2a7c191628
P 0x7f2a7c19bc88
C 10
R
P 0x7f2a7c191628
C 342
R
P 0x7f2a7c191628
P 0x7f2a7c487048
C 10
R
P 0x7f2a7c191628
C 342
R
P 0x7f2a7c191628
P 0x7f2a7c19bfc8
C 10
R
P 0x7f2a7c191628
C 342
R
P 0x7f2a7c191628
P 0x7f2a7c487390
C 10
R
P 0x7f2a7c191628
C 342
R
P 0x7f2a7c191628
P 0x7f2a7c19c088
C 10
R
P 0x7f2a7c191628
C 342
R
P 0x7f2a7c191628
P 0x7f2a7c4782e0
C 10
R
P 0x7f2a7c191628
C 342
R
P 0x7f2a7c191628
P 0x7f2a7c487240
C 10
R
P 0x7f2a7c191628
C 342
R
P 0x7f2a7c191628
P 0x7f2a7c19bfc8
C 10
R
P 0x7f2a7c191628
C 342
R
P 0x7f2a7c191628
P 0x7f2a7c486fa0
C 10
R
P 0x7f2a7c191628
C 342
R
P 0x7f2a7c191628
P 0x7f2a7c19bd08
C 10
R
P 0x7f2a7c191628
C 342
R
P 0x7f2a7c191628
P 0x7f2a7c476bd0
C 10
R
P 0x7f2a7c191628
C 342
R
P 0x7f2a7c191628
P 0x7f2a7c487828
C 10
R
P 0x7f2a7c191628
C 342
R
P 0x7f2a7c191628
P 0x7f2a7c487c88
C 10
R
P 0x7f2a7c191628
C 342
R
P 0x7f2a7c191628
P 0x7f2a7c4870b8
C 10
R
P 0x7f2a7c191628
C 342
R
P 0x7f2a7c191628
P 0x7f2a7c19c248
C 10
R
P 0x7f2a7c191628
C 342
R
P 0x7f2a7c191628
P 0x7f2a7c487400
C 10
R
P 0x7f2a7c191628
C 342
R
P 0x7f2a7c191628
P 0x7f2a7c19c168
C 10
R
P 0x7f2a7c191628
C 342
R
P 0x7f2a7c191628
P 0x7f2a7c48d510
C 10
R
P 0x7f2a7c191628
C 342
R
P 0x7f2a7c191628
P 0x7f2a7c487940
C 10
R
P 0x7f2a7c191628
C 342
R
P 0x7f2a7c191628
P 0x7f2a7c48a328
C 10
R
P 0x7f2a7c191628
C 342
R
P 0x7f2a7c191628
P 0x7f2a7c19c008
C 10
R
P 0x7f2a7c191628
C 342
R
P 0x7f2a7c191628
P 0x7f2a7c487da0
C 10
R
P 0x7f2a7c191628
C 342
R
P 0x7f2a7c191628
P 0x7f2a7c19bcc8
C 10
R
P 0x7f2a7c191628
C 342
R
P 0x7f2a7c191628
P 0x7f2a7c4873c8
C 10
R
P 0x7f2a7c191628
C 342
R
P 0x7f2a7c191628
P 0x7f2a7c1a2a10
C 10
R
P 0x7f2a7c191628
C 342
R
P 0x7f2a7c191628
P 0x7f2a7c19bfc8
C 10
R
P 0x7f2a7c191628
C 342
R
P 0x7f2a7c191628
P 0x7f2a7c48df20
C 10
R
P 0x7f2a7c191628
C 342
R
P 0x7f2a7c191628
P 0x7f2a7c19b208
C 10
R
P 0x7f2a7c191628
C 342
R
P 0x7f2a7c191628
P 0x7f2a7c19bf88
C 10
R
P 0x7f2a7c191628
C 342
R
P 0x7f2a7c191628
P 0x7f2a7c19c0c8
C 10
R
P 0x7f2a7c191628
C 342
R
P 0x7f2a7c191628
P 0x7f2a7c487940
C 10
R
P 0x7f2a7c191628
C 342
R
P 0x7f2a7c191628
P 0x7f2a7c1a2348
C 10
R
P 0x7f2a7c191628
C 342
R
P 0x7f2a7c191628
P 0x7f2a7c48b420
C 10
R
P 0x7f2a7c191628
C 342
R
P 0x7f2a7c191628
P 0x7f2a7c19c028
C 10
R
P 0x7f2a7c191628
C 342
R
P 0x7f2a7c191628
P 0x7f2a7c487f28
C 10
R
P 0x7f2a7c191628
C 342
R
P 0x7f2a7c191628
P 0x7f2a7c1a18c8
C 10
R
P 0x7f2a7c191628
C 342
R
P 0x7f2a7c191628
P 0x7f2a7c19bc88
C 10
R
P 0x7f2a7c191628
C 342
R
P 0x7f2a7c191628
P 0x7f2a7c19c108
C 10
R
P 0x7f2a7c191628
C 342
R
P 0x7f2a7c191628
P 0x7f2a7c473468
C 10
R
P 0x7f2a7c191628
C 342
R
P 0x7f2a7c191628
P 0x7f2a7c19c148
C 10
R
P 0x7f2a7c191628
C 342
R
P 0x7f2a7c191628
P 0x7f2a7c487390
C 10
R
P 0x7f2a7c191628
C 342
R
P 0x7f2a7c191628
P 0x7f2a7c19bc88
C 10
R
P 0x7f2a7c191628
C 342
R
P 0x7f2a7c191628
P 0x7f2a7c487908
C 10
R
P 0x7f2a7c191628
C 342
R
P 0x7f2a7c191628
P 0x7f2a7c19c0e8
C 10
R
P 0x7f2a7c191628
C 342
R
P 0x7f2a7c191628
P 0x7f2a7c19c208
C 10
R
P 0x7f2a7c191628
C 342
R
P 0x7f2a7c191628
P 0x7f2a7c19c0a8
C 10
R
P 0x7f2a7c191628
C 342
R
P 0x7f2a7c191628
P 0x7f2a7c19c1a8
C 10
R
P 0x7f2a7c191628
C 342
R
P 0x7f2a7c191628
P 0x7f2a7c19c0c8
C 10
R
P 0x7f2a7c191628
C 342
R
P 0x7f2a7c191628
P 0x7f2a7c19eb48
C 10
R
P 0x7f2a7c191628
C 342
R
P 0x7f2a7c191628
P 0x7f2a7c488200
C 10
R
P 0x7f2a7c191628
C 342
R
P 0x7f2a7c191628
P 0x7f2a7c489bf0
C 10
R
P 0x7f2a7c191628
C 342
R
P 0x7f2a7c191628
P 0x7f2a7c19c148
C 10
R
P 0x7f2a7c191628
C 342
R
P 0x7f2a7c191628
P 0x7f2a7c19bd08
C 10
R
P 0x7f2a7c191628
C 342
R
P 0x7f2a7c191628
P 0x7f2a7c487940
C 10
R
P 0x7f2a7c191628
C 342
R
P 0x7f2a7c191628
P 0x7f2a7c19fa88
C 10
R
P 0x7f2a7c191628
C 342
R
P 0x7f2a7c191628
P 0x7f2a7c2cbf20
C 10
R
P 0x7f2a7c191628
C 342
R
P 0x7f2a7c191628
P 0x7f2a7c1a1e08
C 10
R
P 0x7f2a7c191628
C 342
R
P 0x7f2a7c191628
P 0x7f2a7c19bc88
C 10
R
P 0x7f2a7c191628
C 342
R
P 0x7f2a7c191628
P 0x7f2a7c19bc88
C 10
R
P 0x7f2a7c191628
C 342
R
P 0x7f2a7c191628
P 0x7f2a7c19fb08
C 10
R
P 0x7f2a7c191628
C 342
R
P 0x7f2a7c191628
P 0x7f2a7c489db0
C 10
R
P 0x7f2a7c191628
C 342
R
P 0x7f2a7c191628
P 0x7f2a7c48b688
C 10
R
P 0x7f2a7c191628
C 342
R
P 0x7f2a7c191628
P 0x7f2a7c48dd98
C 10
R
P 0x7f2a7c191628
C 342
R
P 0x7f2a7c191628
P 0x7f2a7c488158
C 10
R
P 0x7f2a7c191628
C 342
R
P 0x7f2a7c191628
P 0x7f2a7c1a1970
C 10
R
P 0x7f2a7c191628
C 342
R
P 0x7f2a7c191628
P 0x7f2a7c19bfc8
C 10
R
P 0x7f2a7c191628
C 342
R
P 0x7f2a7c191628
P 0x7f2a7c19bc88
C 10
R
P 0x7f2a7c191628
C 342
R
P 0x7f2a7c191628
P 0x7f2a7c2cc7a8
C 10
R
P 0x7f2a7c191628
C 342
R
P 0x7f2a7c191628
P 0x7f2a7c19bfa8
C 10
R
P 0x7f2a7c191628
C 342
R
P 0x7f2a7c191628
P 0x7f2a7c4872b0
C 10
R
P 0x7f2a7c191628
C 342
R
P 0x7f2a7c191628
P 0x7f2a7c19bc88
C 10
R
P 0x7f2a7c191628
C 342
R
P 0x7f2a7c191628
P 0x7f2a7c2cc6c8
C 10
R
P 0x7f2a7c191628
C 342
R
P 0x7f2a7c191628
P 0x7f2a7c19bc88
C 10
R
P 0x7f2a7c191628
C 342
R
P 0x7f2a7c191628
P 0x7f2a7c19bcc8
C 10
R
P 0x7f2a7c191628
C 342
R
P 0x7f2a7c191628
P 0x7f2a7c19c1a8
C 10
R
P 0x7f2a7c191628
C 342
R
P 0x7f2a7c191628
P 0x7f2a7c19bc88
C 10
R
P 0x7f2a7c191628
C 342
R
P 0x7f2a7c191628
P 0x7f2a7c487940
C 10
R
P 0x7f2a7c191628
C 342
R
P 0x7f2a7c191628
P 0x7f2a7c19bfc8
C 10
R
P 0x7f2a7c191628
C 342
R
P 0x7f2a7c191628
P 0x7f2a7c19c068
C 10
R
P 0x7f2a7c191628
C 342
R
P 0x7f2a7c191628
P 0x7f2a7c487400
C 10
R
P 0x7f2a7c191628
C 342
R
P 0x7f2a7c191628
P 0x7f2a7c19c268
C 10
R
P 0x7f2a7c191628
C 342
R
P 0x7f2a7c191628
P 0x7f2a7c473ca8
C 10
R
P 0x7f2a7c191628
C 342
R
P 0x7f2a7c191628
P 0x7f2a7c2cbd98
C 10
R
P 0x7f2a7c191628
C 342
R
P 0x7f2a7c191628
P 0x7f2a7c1a21f8
C 10
R
P 0x7f2a7c191628
C 342
R
P 0x7f2a7c191628
P 0x7f2a7c1a25e8
C 10
R
P 0x7f2a7c191628
C 342
R
P 0x7f2a7c191628
P 0x7f2a7c1a17b0
C 10
R
P 0x7f2a7c191628
C 342
R
P 0x7f2a7c191628
P 0x7f2a7c19bfc8
C 10
R
P 0x7f2a7c191628
C 342
R
P 0x7f2a7c191628
P 0x7f2a7c1a1cb8
C 10
R
P 0x7f2a7c191628
C 342
R
P 0x7f2a7c191628
P 0x7f2a7c19c248
C 10
R
P 0x7f2a7c191628
C 342
R
P 0x7f2a7c191628
P 0x7f2a7c487390
C 10
R
P 0x7f2a7c191628
C 342
R
P 0x7f2a7c191628
P 0x7f2a7c19c028
C 10
R
P 0x7f2a7c191628
C 342
R
P 0x7f2a7c191628
P 0x7f2a7c19c1c8
C 10
R
P 0x7f2a7c191628
C 342
R
P 0x7f2a7c191628
P 0x7f2a7c1a18c8
C 10
R
P 0x7f2a7c191628
C 342
R
P 0x7f2a7c191628
P 0x7f2a7c479000
C 10
R
P 0x7f2a7c191628
C 342
R
P 0x7f2a7c191628
P 0x7f2a7c487b70
C 10
R
P 0x7f2a7c191628
C 342
R
P 0x7f2a7c191628
P 0x7f2a7c19bcc8
C 10
R
P 0x7f2a7c191628
C 342
R
P 0x7f2a7c191628
P 0x7f2a7c2cd378
C 10
R
P 0x7f2a7c191628
C 342
R
P 0x7f2a7c191628
P 0x7f2a7c1a20a8
C 10
R
P 0x7f2a7c191628
C 342
R
P 0x7f2a7c191628
P 0x7f2a7c19bc88
C 10
R
P 0x7f2a7c191628
C 342
R
P 0x7f2a7c191628
P 0x7f2a7c478270
C 10
R
P 0x7f2a7c191628
C 342
R
P 0x7f2a7c191628
P 0x7f2a7c48a6a8
C 10
R
P 0x7f2a7c191628
C 342
R
P 0x7f2a7c191628
P 0x7f2a7c19bc88
C 10
R
P 0x7f2a7c191628
C 342
R
P 0x7f2a7c191628
P 0x7f2a7c486cc8
C 10
R
P 0x7f2a7c191628
C 342
R
P 0x7f2a7c191628
P 0x7f2a7c1a17e8
C 10
R
P 0x7f2a7c191628
C 342
R
P 0x7f2a7c191628
P 0x7f2a7c4898a8
C 10
R
P 0x7f2a7c191628
C 342
R
P 0x7f2a7c191628
P 0x7f2a7c19bc88
C 10
R
P 0x7f2a7c191628
C 342
R
P 0x7f2a7c191628
P 0x7f2a7c19fac8
C 10
R
P 0x7f2a7c191628
C 342
R
P 0x7f2a7c191628
P 0x7f2a7c19bcc8
C 10
R
P 0x7f2a7c191628
C 342
R
P 0x7f2a7c191628
P 0x7f2a7c19c268
C 10
R
P 0x7f2a7c191628
C 342
R
P 0x7f2a7c191628
P 0x7f2a7c19c028
C 10
R
P 0x7f2a7c191628
C 342
R
P 0x7f2a7c191628
P 0x7f2a7c2cbbd8
C 10
R
P 0x7f2a7c191628
C 342
R
P 0x7f2a7c191628
P 0x7f2a7c19bd08
C 10
R
P 0x7f2a7c191628
C 342
R
P 0x7f2a7c191628
P 0x7f2a7c19c108
C 10
R
P 0x7f2a7c191628
C 342
R
P 0x7f2a7c191628
P 0x7f2a7c476230
C 10
R
P 0x7f2a7c191628
C 342
R
P 0x7f2a7c191628
P 0x7f2a7c19c028
C 10
R
P 0x7f2a7c191628
C 342
R
P 0x7f2a7c191628
P 0x7f2a7c487c88
C 10
R
P 0x7f2a7c191628
C 342
R
P 0x7f2a7c191628
P 0x7f2a7c4874a8
C 10
R
P 0x7f2a7c191628
C 342
R
P 0x7f2a7c191628
P 0x7f2a7c488190
C 10
R
P 0x7f2a7c191628
C 342
R
P 0x7f2a7c191628
P 0x7f2a7c19bf48
C 10
R
P 0x7f2a7c191628
C 342
R
P 0x7f2a7c191628
P 0x7f2a7c487240
C 10
R
P 0x7f2a7c191628
C 342
R
P 0x7f2a7c191628
P 0x7f2a7c4872b0
C 10
R
P 0x7f2a7c191628
C 342
R
P 0x7f2a7c191628
P 0x7f2a7c19c1c8
C 10
R
P 0x7f2a7c191628
C 342
R
P 0x7f2a7c191628
P 0x7f2a7c487048
C 10
R
P 0x7f2a7c191628
C 342
R
P 0x7f2a7c191628
P 0x7f2a7c48d238
C 10
R
P 0x7f2a7c191628
C 342
R
P 0x7f2a7c191628
P 0x7f2a7c19c148
C 10
R
P 0x7f2a7c191628
C 342
R
P 0x7f2a7c191628
P 0x7f2a7c19bf48
C 10
R
P 0x7f2a7c191628
C 342
R
P 0x7f2a7c191628
P 0x7f2a7c479850
C 10
R
P 0x7f2a7c191628
C 342
R
P 0x7f2a7c191628
P 0x7f2a7c19bc88
C 10
R
P 0x7f2a7c191628
C 342
R
P 0x7f2a7c191628
P 0x7f2a7c48c530
C 10
R
P 0x7f2a7c191628
C 342
R
P 0x7f2a7c191628
P 0x7f2a7c486fa0
C 10
R
P 0x7f2a7c191628
C 342
R
P 0x7f2a7c191628
P 0x7f2a7c19bcc8
C 10
R
P 0x7f2a7c191628
C 342
R
P 0x7f2a7c191628
P 0x7f2a7c19bc88
C 10
R
P 0x7f2a7c191628
C 342
R
P 0x7f2a7c191628
P 0x7f2a7c487240
C 10
R
P 0x7f2a7c191628
C 342
R
P 0x7f2a7c191628
P 0x7f2a7c486fd8
C 10
R
P 0x7f2a7c191628
C 342
R
P 0x7f2a7c191628
P 0x7f2a7c4873c8
C 10
R
P 0x7f2a7c191628
C 342
R
P 0x7f2a7c191628
P 0x7f2a7c19c028
C 10
R
P 0x7f2a7c191628
C 342
R
P 0x7f2a7c191628
P 0x7f2a7c19c2a8
C 10
R
P 0x7f2a7c191628
C 342
R
P 0x7f2a7c191628
P 0x7f2a7c19bf48
C 10
R
P 0x7f2a7c191628
C 342
R
P 0x7f2a7c191628
P 0x7f2a7c473e58
C 10
R
P 0x7f2a7c191628
C 342
R
P 0x7f2a7c191628
P 0x7f2a7c19bc88
C 10
R
P 0x7f2a7c191628
C 342
R
P 0x7f2a7c191628
P 0x7f2a7c19bc88
C 10
R
P 0x7f2a7c191628
C 342
R
P 0x7f2a7c191628
P 0x7f2a7c19c088
C 10
R
P 0x7f2a7c191628
C 342
R
P 0x7f2a7c191628
P 0x7f2a7c19bc88
C 10
R
P 0x7f2a7c191628
C 342
R
P 0x7f2a7c191628
P 0x7f2a7c19bce8
C 10
R
P 0x7f2a7c191628
C 342
R
P 0x7f2a7c191628
P 0x7f2a7c19bd08
C 10
R
P 0x7f2a7c191628
C 342
R
P 0x7f2a7c191628
P 0x7f2a7c19bca8
C 10
R
P 0x7f2a7c191628
C 342
R
P 0x7f2a7c191628
P 0x7f2a7c2cb698
C 10
R
P 0x7f2a7c191628
C 342
R
P 0x7f2a7c191628
P 0x7f2a7c4762d8
C 10
R
P 0x7f2a7c191628
C 342
R
P 0x7f2a7c191628
P 0x7f2a7c487208
C 10
R
P 0x7f2a7c191628
C 342
R
P 0x7f2a7c191628
P 0x7f2a7c19c008
C 10
R
P 0x7f2a7c191628
C 342
R
P 0x7f2a7c191628
P 0x7f2a7c4758c8
C 10
R
P 0x7f2a7c191628
C 342
R
P 0x7f2a7c191628
P 0x7f2a7c19bc88
C 10
R
P 0x7f2a7c191628
C 342
R
P 0x7f2a7c191628
P 0x7f2a7c19bcc8
C 10
R
P 0x7f2a7c191628
C 342
R
P 0x7f2a7c191628
P 0x7f2a7c1a1858
C 10
R
P 0x7f2a7c191628
C 342
R
P 0x7f2a7c191628
P 0x7f2a7c19c148
C 10
R
P 0x7f2a7c191628
C 342
R
P 0x7f2a7c191628
P 0x7f2a7c2cbee8
C 10
R
P 0x7f2a7c191628
C 342
R
P 0x7f2a7c191628
P 0x7f2a7c19bfc8
C 10
R
P 0x7f2a7c191628
C 342
R
P 0x7f2a7c191628
P 0x7f2a7c1a1e40
C 10
R
P 0x7f2a7c191628
C 342
R
P 0x7f2a7c191628
P 0x7f2a7c19c0a8
C 10
R
P 0x7f2a7c191628
C 342
R
P 0x7f2a7c191628
P 0x7f2a7c1a21f8
C 10
R
P 0x7f2a7c191628
C 342
R
P 0x7f2a7c191628
P 0x7f2a7c1a20a8
C 10
R
P 0x7f2a7c191628
C 342
R
P 0x7f2a7c191628
P 0x7f2a7c487a58
C 10
R
P 0x7f2a7c191628
C 342
R
P 0x7f2a7c191628
P 0x7f2a7c19c2a8
C 10
R
P 0x7f2a7c191628
C 342
R
P 0x7f2a7c191628
P 0x7f2a7c19e4b8
C 10
R
P 0x7f2a7c191628
C 342
R
P 0x7f2a7c191628
P 0x7f2a7c19e998
C 10
R
P 0x7f2a7c191628
C 342
R
P 0x7f2a7c191628
P 0x7f2a7c19bc88
C 10
R
P 0x7f2a7c191628
C 342
R
P 0x7f2a7c191628
P 0x7f2a7c19bc88
C 10
R
P 0x7f2a7c191628
C 342
R
P 0x7f2a7c191628
P 0x7f2a7c19bcc8
C 10
R
P 0x7f2a7c191628
C 342
R
P 0x7f2a7c191628
P 0x7f2a7c19c1a8
C 10
R
P 0x7f2a7c191628
C 342
R
P 0x7f2a7c191628
P 0x7f2a7c4873c8
C 10
R
P 0x7f2a7c191628
C 342
R
P 0x7f2a7c191628
P 0x7f2a7c19c028
C 10
R
P 0x7f2a7c191628
C 342
R
P 0x7f2a7c191628
P 0x7f2a7c19bcc8
C 10
R
P 0x7f2a7c191628
C 342
R
P 0x7f2a7c191628
P 0x7f2a7c19bc88
C 10
R
P 0x7f2a7c191628
C 342
R
P 0x7f2a7c191628
P 0x7f2a7c475238
C 10
R
P 0x7f2a7c191628
C 342
R
P 0x7f2a7c191628
P 0x7f2a7c19c148
C 10
R
P 0x7f2a7c191628
C 342
R
P 0x7f2a7c191628
P 0x7f2a7c19bc88
C 10
R
P 0x7f2a7c191628
C 342
R
P 0x7f2a7c191628
P 0x7f2a7c487908
C 10
R
P 0x7f2a7c191628
C 342
R
P 0x7f2a7c191628
P 0x7f2a7c488190
C 10
R
P 0x7f2a7c191628
C 342
R
P 0x7f2a7c191628
P 0x7f2a7c19c228
C 10
R
P 0x7f2a7c191628
C 342
R
P 0x7f2a7c191628
P 0x7f2a7c48bdf8
C 10
R
P 0x7f2a7c191628
C 342
R
P 0x7f2a7c191628
P 0x7f2a7c488158
C 10
R
P 0x7f2a7c191628
C 342
R
P 0x7f2a7c191628
P 0x7f2a7c48d7e8
C 10
R
P 0x7f2a7c191628
C 342
R
P 0x7f2a7c191628
P 0x7f2a7c1a2000
C 10
R
P 0x7f2a7c191628
C 342
R
P 0x7f2a7c191628
P 0x7f2a7c19bcc8
C 10
R
P 0x7f2a7c191628
C 342
R
P 0x7f2a7c191628
P 0x7f2a7c1a1890
C 10
R
P 0x7f2a7c191628
C 342
R
P 0x7f2a7c191628
P 0x7f2a7c1a2348
C 10
R
P 0x7f2a7c191628
C 342
R
P 0x7f2a7c191628
P 0x7f2a7c19f848
C 10
R
P 0x7f2a7c191628
C 342
R
P 0x7f2a7c191628
P 0x7f2a7c19bfc8
C 10
R
P 0x7f2a7c191628
C 342
R
P 0x7f2a7c191628
P 0x7f2a7c19c088
C 10
R
P 0x7f2a7c191628
C 342
R
P 0x7f2a7c191628
P 0x7f2a7c19bd08
C 10
R
P 0x7f2a7c191628
C 342
R
P 0x7f2a7c191628
P 0x7f2a7c19bc88
C 10
R
P 0x7f2a7c191628
C 342
R
P 0x7f2a7c191628
P 0x7f2a7c19bc88
C 10
R
P 0x7f2a7c191628
C 342
R
P 0x7f2a7c191628
P 0x7f2a7c1a1778
C 10
R
P 0x7f2a7c191628
C 342
R
P 0x7f2a7c191628
P 0x7f2a7c19c108
C 10
R
P 0x7f2a7c191628
C 342
R
P 0x7f2a7c191628
P 0x7f2a7c19bc88
C 10
R
P 0x7f2a7c191628
C 342
R
P 0x7f2a7c191628
P 0x7f2a7c19c0a8
C 10
R
P 0x7f2a7c191628
C 342
R
P 0x7f2a7c191628
P 0x7f2a7c19c068
C 10
R
P 0x7f2a7c191628
C 342
R
P 0x7f2a7c191628
P 0x7f2a7c478ac0
C 10
R
P 0x7f2a7c191628
C 342
R
P 0x7f2a7c191628
P 0x7f2a7c19c148
C 10
R
P 0x7f2a7c191628
C 342
R
P 0x7f2a7c191628
P 0x7f2a7c19f988
C 10
R
P 0x7f2a7c191628
C 342
R
P 0x7f2a7c191628
P 0x7f2a7c487908
C 10
R
P 0x7f2a7c191628
C 342
R
P 0x7f2a7c191628
P 0x7f2a7c487240
C 10
R
P 0x7f2a7c191628
C 342
R
P 0x7f2a7c191628
P 0x7f2a7c1a1778
C 10
R
P 0x7f2a7c191628
C 342
R
P 0x7f2a7c191628
P 0x7f2a7c48b260
C 10
R
P 0x7f2a7c191628
C 342
R
P 0x7f2a7c191628
P 0x7f2a7c478e78
C 10
R
P 0x7f2a7c191628
C 342
R
P 0x7f2a7c191628
P 0x7f2a7c486fd8
C 10
R
P 0x7f2a7c191628
C 342
R
P 0x7f2a7c191628
P 0x7f2a7c19c1a8
C 10
R
P 0x7f2a7c191628
C 342
R
P 0x7f2a7c191628
P 0x7f2a7c19eab8
C 10
R
P 0x7f2a7c191628
C 342
R
P 0x7f2a7c191628
P 0x7f2a7c487dd8
C 10
R
P 0x7f2a7c191628
C 342
R
P 0x7f2a7c191628
P 0x7f2a7c4783c0
C 10
R
P 0x7f2a7c191628
C 342
R
P 0x7f2a7c191628
P 0x7f2a7c19bc88
C 10
R
P 0x7f2a7c191628
C 342
R
P 0x7f2a7c191628
P 0x7f2a7c19bfc8
C 10
R
P 0x7f2a7c191628
C 342
R
P 0x7f2a7c191628
P 0x7f2a7c19bc88
C 10
R
P 0x7f2a7c191628
C 342
R
P 0x7f2a7c191628
P 0x7f2a7c19bc88
C 10
R
P 0x7f2a7c191628
C 342
R
P 0x7f2a7c191628
P 0x7f2a7c4868d8
C 10
R
P 0x7f2a7c191628
C 342
R
P 0x7f2a7c191628
P 0x7f2a7c19bc88
C 10
R
P 0x7f2a7c191628
C 342
R
P 0x7f2a7c191628
P 0x7f2a7c19c268
C 10
R
P 0x7f2a7c191628
C 342
R
P 0x7f2a7c191628
P 0x7f2a7c19c2a8
C 10
R
P 0x7f2a7c191628
C 342
R
P 0x7f2a7c191628
P 0x7f2a7c19c088
C 10
R
P 0x7f2a7c191628
C 342
R
P 0x7f2a7c191628
P 0x7f2a7c488d10
C 10
R
P 0x7f2a7c191628
C 342
R
P 0x7f2a7c191628
P 0x7f2a7c19c088
C 10
R
P 0x7f2a7c191628
C 342
R
P 0x7f2a7c191628
P 0x7f2a7c1a18c8
C 10
R
P 0x7f2a7c191628
C 342
R
P 0x7f2a7c191628
P 0x7f2a7c1a1778
C 10
R
P 0x7f2a7c191628
C 342
R
P 0x7f2a7c191628
P 0x7f2a7c19bfc8
C 10
R
P 0x7f2a7c191628
C 342
R
P 0x7f2a7c191628
P 0x7f2a7c487400
C 10
R
P 0x7f2a7c191628
C 342
R
P 0x7f2a7c191628
P 0x7f2a7c19bc88
C 10
R
P 0x7f2a7c191628
C 342
R
P 0x7f2a7c191628
P 0x7f2a7c19bce8
C 10
R
P 0x7f2a7c191628
C 342
R
P 0x7f2a7c191628
P 0x7f2a7c19bcc8
C 10
R
P 0x7f2a7c191628
C 342
R
P 0x7f2a7c191628
P 0x7f2a7c4881c8
C 10
R
P 0x7f2a7c191628
C 342
R
P 0x7f2a7c191628
P 0x7f2a7c473d98
C 10
R
P 0x7f2a7c191628
C 342
R
P 0x7f2a7c191628
P 0x7f2a7c19bc88
C 10
R
P 0x7f2a7c191628
C 342
R
P 0x7f2a7c191628
P 0x7f2a7c19bfc8
C 10
R
P 0x7f2a7c191628
C 342
R
P 0x7f2a7c191628
P 0x7f2a7c19c028
C 10
R
P 0x7f2a7c191628
C 342
R
P 0x7f2a7c191628
P 0x7f2a7c2cd068
C 10
R
P 0x7f2a7c191628
C 342
R
P 0x7f2a7c191628
P 0x7f2a7c19c148
C 10
R
P 0x7f2a7c191628
C 342
R
P 0x7f2a7c191628
P 0x7f2a7c19bc88
C 10
R
P 0x7f2a7c191628
C 342
R
P 0x7f2a7c191628
P 0x7f2a7c19c1e8
C 10
R
P 0x7f2a7c191628
C 342
R
P 0x7f2a7c191628
P 0x7f2a7c19bf48
C 10
R
P 0x7f2a7c191628
C 342
R
P 0x7f2a7c191628
P 0x7f2a7c4752e0
C 10
R
P 0x7f2a7c191628
C 342
R
P 0x7f2a7c191628
P 0x7f2a7c19bc88
C 10
R
P 0x7f2a7c191628
C 342
R
P 0x7f2a7c191628
P 0x7f2a7c1a1778
C 10
R
P 0x7f2a7c191628
C 342
R
P 0x7f2a7c191628
P 0x7f2a7c4872b0
C 10
R
P 0x7f2a7c191628
C 342
R
P 0x7f2a7c191628
P 0x7f2a7c2cbc10
C 10
R
P 0x7f2a7c191628
C 342
R
P 0x7f2a7c191628
P 0x7f2a7c487470
C 10
R
P 0x7f2a7c191628
C 342
R
P 0x7f2a7c191628
P 0x7f2a7c48c530
C 10
R
P 0x7f2a7c191628
C 342
R
P 0x7f2a7c191628
P 0x7f2a7c4881c8
C 10
R
P 0x7f2a7c191628
C 342
R
P 0x7f2a7c191628
P 0x7f2a7c19e578
C 10
R
P 0x7f2a7c191628
C 342
R
P 0x7f2a7c191628
P 0x7f2a7c19bc88
C 10
R
P 0x7f2a7c191628
C 342
R
P 0x7f2a7c191628
P 0x7f2a7c19c088
C 10
R
P 0x7f2a7c191628
C 342
R
P 0x7f2a7c191628
P 0x7f2a7c19e818
C 10
R
P 0x7f2a7c191628
C 342
R
P 0x7f2a7c191628
P 0x7f2a7c487400
C 10
R
P 0x7f2a7c191628
C 342
R
P 0x7f2a7c191628
P 0x7f2a7c19c108
C 10
R
P 0x7f2a7c191628
C 342
R
P 0x7f2a7c191628
P 0x7f2a7c1a25e8
C 10
R
P 0x7f2a7c191628
C 342
R
P 0x7f2a7c191628
P 0x7f2a7c488fb0
C 10
R
P 0x7f2a7c191628
C 342
R
P 0x7f2a7c191628
P 0x7f2a7c48d4d8
C 10
R
P 0x7f2a7c191628
C 342
R
P 0x7f2a7c191628
P 0x7f2a7c1a2498
C 10
R
P 0x7f2a7c191628
C 342
R
P 0x7f2a7c191628
P 0x7f2a7c486fa0
C 10
R
P 0x7f2a7c191628
C 342
R
P 0x7f2a7c191628
P 0x7f2a7c19c0a8
C 10
R
P 0x7f2a7c191628
C 342
R
P 0x7f2a7c191628
P 0x7f2a7c48c5a0
C 10
R
P 0x7f2a7c191628
C 342
R
P 0x7f2a7c191628
P 0x7f2a7c487390
C 10
R
P 0x7f2a7c191628
C 342
R
P 0x7f2a7c191628
P 0x7f2a7c19c028
C 10
R
P 0x7f2a7c191628
C 342
R
P 0x7f2a7c191628
P 0x7f2a7c48d778
C 10
R
P 0x7f2a7c191628
C 342
R
P 0x7f2a7c191628
P 0x7f2a7c486b40
C 10
R
P 0x7f2a7c191628
C 342
R
P 0x7f2a7c191628
P 0x7f2a7c48de40
C 10
R
P 0x7f2a7c191628
C 342
R
P 0x7f2a7c191628
P 0x7f2a7c48b340
C 10
R
P 0x7f2a7c191628
C 342
R
P 0x7f2a7c191628
P 0x7f2a7c488008
C 10
R
P 0x7f2a7c191628
C 342
R
P 0x7f2a7c191628
P 0x7f2a7c19c128
C 10
R
P 0x7f2a7c191628
C 342
R
P 0x7f2a7c191628
P 0x7f2a7c479f18
C 10
R
P 0x7f2a7c191628
C 342
R
P 0x7f2a7c191628
P 0x7f2a7c487278
C 10
R
P 0x7f2a7c191628
C 342
R
P 0x7f2a7c191628
P 0x7f2a7c487390
C 10
R
P 0x7f2a7c191628
C 342
R
P 0x7f2a7c191628
P 0x7f2a7c1a1778
C 10
R
P 0x7f2a7c191628
C 342
R
P 0x7f2a7c191628
P 0x7f2a7c19c168
C 10
R
P 0x7f2a7c191628
C 342
R
P 0x7f2a7c191628
P 0x7f2a7c486fa0
C 10
R
P 0x7f2a7c191628
C 342
R
P 0x7f2a7c191628
P 0x7f2a7c48b298
C 10
R
P 0x7f2a7c191628
C 342
R
P 0x7f2a7c191628
P 0x7f2a7c48a8f8
C 10
R
P 0x7f2a7c191628
C 342
R
P 0x7f2a7c191628
P 0x7f2a7c4791f8
C 10
R
P 0x7f2a7c191628
C 342
R
P 0x7f2a7c191628
P 0x7f2a7c2cc9a0
C 10
R
P 0x7f2a7c191628
C 342
R
P 0x7f2a7c191628
P 0x7f2a7c19fa88
C 10
R
P 0x7f2a7c191628
C 342
R
P 0x7f2a7c191628
P 0x7f2a7c19c228
C 10
R
P 0x7f2a7c191628
C 342
R
P 0x7f2a7c191628
P 0x7f2a7c48a2b8
C 10
R
P 0x7f2a7c191628
C 342
R
P 0x7f2a7c191628
P 0x7f2a7c19bce8
C 10
R
P 0x7f2a7c191628
C 342
R
P 0x7f2a7c191628
P 0x7f2a7c488d80
C 10
R
P 0x7f2a7c191628
C 342
R
P 0x7f2a7c191628
P 0x7f2a7c19bc88
C 10
R
P 0x7f2a7c191628
C 342
R
P 0x7f2a7c191628
P 0x7f2a7c486948
C 10
R
P 0x7f2a7c191628
C 342
R
P 0x7f2a7c191628
P 0x7f2a7c19fa88
C 10
R
P 0x7f2a7c191628
C 342
R
P 0x7f2a7c191628
P 0x7f2a7c19c228
C 10
R
P 0x7f2a7c191628
C 342
R
P 0x7f2a7c191628
P 0x7f2a7c473348
C 10
R
P 0x7f2a7c191628
C 342
R
P 0x7f2a7c191628
P 0x7f2a7c48b998
C 10
R
P 0x7f2a7c191628
C 342
R
P 0x7f2a7c191628
P 0x7f2a7c487f60
C 10
R
P 0x7f2a7c191628
C 342
R
P 0x7f2a7c191628
P 0x7f2a7c487b70
C 10
R
P 0x7f2a7c191628
C 342
R
P 0x7f2a7c191628
P 0x7f2a7c19bfc8
C 10
R
P 0x7f2a7c191628
C 342
R
P 0x7f2a7c191628
P 0x7f2a7c19bd08
C 10
R
P 0x7f2a7c191628
C 342
R
P 0x7f2a7c191628
P 0x7f2a7c19c228
C 10
R
P 0x7f2a7c191628
C 342
R
P 0x7f2a7c191628
P 0x7f2a7c487fd0
C 10
R
P 0x7f2a7c191628
C 342
R
P 0x7f2a7c191628
P 0x7f2a7c19c1a8
C 10
R
P 0x7f2a7c191628
C 342
R
P 0x7f2a7c191628
P 0x7f2a7c19c1a8
C 10
R
P 0x7f2a7c191628
C 342
R
P 0x7f2a7c191628
P 0x7f2a7c19bc88
C 10
R
P 0x7f2a7c191628
C 342
R
P 0x7f2a7c191628
P 0x7f2a7c19c048
C 10
R
P 0x7f2a7c191628
C 342
R
P 0x7f2a7c191628
P 0x7f2a7c19bc88
C 10
R
P 0x7f2a7c191628
C 342
R
P 0x7f2a7c191628
P 0x7f2a7c19bc88
C 10
R
P 0x7f2a7c191628
C 342
R
P 0x7f2a7c191628
P 0x7f2a7c19bfc8
C 10
R
P 0x7f2a7c191628
C 342
R
P 0x7f2a7c191628
P 0x7f2a7c19bce8
C 10
R
P 0x7f2a7c191628
C 342
R
P 0x7f2a7c191628
P 0x7f2a7c1a17b0
C 10
R
P 0x7f2a7c191628
C 342
R
P 0x7f2a7c191628
P 0x7f2a7c487f60
C 10
R
P 0x7f2a7c191628
C 342
R
P 0x7f2a7c191628
P 0x7f2a7c19f988
C 10
R
P 0x7f2a7c191628
C 342
R
P 0x7f2a7c191628
P 0x7f2a7c19fac8
C 10
R
P 0x7f2a7c191628
C 342
R
P 0x7f2a7c191628
P 0x7f2a7c1a1e08
C 10
R
P 0x7f2a7c191628
C 342
R
P 0x7f2a7c191628
P 0x7f2a7c1a1778
C 10
R
P 0x7f2a7c191628
C 342
R
P 0x7f2a7c191628
P 0x7f2a7c19f888
C 10
R
P 0x7f2a7c191628
C 342
R
P 0x7f2a7c191628
P 0x7f2a7c19bd08
C 10
R
P 0x7f2a7c191628
C 342
R
P 0x7f2a7c191628
P 0x7f2a7c1a1e08
C 10
R
P 0x7f2a7c191628
C 342
R
P 0x7f2a7c191628
P 0x7f2a7c19c088
C 10
R
P 0x7f2a7c191628
C 342
R
P 0x7f2a7c191628
P 0x7f2a7c1a17b0
C 10
R
P 0x7f2a7c191628
C 342
R
P 0x7f2a7c191628
P 0x7f2a7c2cbe08
C 10
R
P 0x7f2a7c191628
C 342
R
P 0x7f2a7c191628
P 0x7f2a7c487ba8
C 10
R
P 0x7f2a7c191628
C 342
R
P 0x7f2a7c191628
P 0x7f2a7c1a20a8
C 10
R
P 0x7f2a7c191628
C 342
R
P 0x7f2a7c191628
P 0x7f2a7c1a1778
C 10
R
P 0x7f2a7c191628
C 342
R
P 0x7f2a7c191628
P 0x7f2a7c1a18c8
C 10
R
P 0x7f2a7c191628
C 342
R
P 0x7f2a7c191628
P 0x7f2a7c48c5a0
C 10
R
P 0x7f2a7c191628
C 342
R
P 0x7f2a7c191628
P 0x7f2a7c489db0
C 10
R
P 0x7f2a7c191628
C 342
R
P 0x7f2a7c191628
P 0x7f2a7c486fd8
C 10
R
P 0x7f2a7c191628
C 342
R
P 0x7f2a7c191628
P 0x7f2a7c19bcc8
C 10
R
P 0x7f2a7c191628
C 342
R
P 0x7f2a7c191628
P 0x7f2a7c1a17b0
C 10
R
P 0x7f2a7c191628
C 342
R
P 0x7f2a7c191628
P 0x7f2a7c19c248
C 10
R
P 0x7f2a7c191628
C 342
R
P 0x7f2a7c191628
P 0x7f2a7c19e638
C 10
R
P 0x7f2a7c191628
C 342
R
P 0x7f2a7c191628
P 0x7f2a7c4872b0
C 10
R
P 0x7f2a7c191628
C 342
R
P 0x7f2a7c191628
P 0x7f2a7c19bc88
C 10
R
P 0x7f2a7c191628
C 342
R
P 0x7f2a7c191628
P 0x7f2a7c48c290
C 10
R
P 0x7f2a7c191628
C 342
R
P 0x7f2a7c191628
P 0x7f2a7c19c028
C 10
R
P 0x7f2a7c191628
C 342
R
P 0x7f2a7c191628
P 0x7f2a7c487e80
C 10
R
P 0x7f2a7c191628
C 342
R
P 0x7f2a7c191628
P 0x7f2a7c1a1820
C 10
R
P 0x7f2a7c191628
C 342
R
P 0x7f2a7c191628
P 0x7f2a7c19fac8
C 10
R
P 0x7f2a7c191628
C 342
R
P 0x7f2a7c191628
P 0x7f2a7c19c028
C 10
R
P 0x7f2a7c191628
C 342
R
P 0x7f2a7c191628
P 0x7f2a7c48c418
C 10
R
P 0x7f2a7c191628
C 342
R
P 0x7f2a7c191628
P 0x7f2a7c48c418
C 10
R
P 0x7f2a7c191628
C 342
R
P 0x7f2a7c191628
P 0x7f2a7c489988
C 10
R
P 0x7f2a7c191628
C 342
R
P 0x7f2a7c191628
P 0x7f2a7c19c028
C 10
R
P 0x7f2a7c191628
C 342
R
P 0x7f2a7c191628
P 0x7f2a7c488158
C 10
R
P 0x7f2a7c191628
C 342
R
P 0x7f2a7c191628
P 0x7f2a7c475e40
C 10
R
P 0x7f2a7c191628
C 342
R
P 0x7f2a7c191628
P 0x7f2a7c19bd08
C 10
R
P 0x7f2a7c191628
C 342
R
P 0x7f2a7c191628
P 0x7f2a7c19bc88
C 10
R
P 0x7f2a7c191628
C 342
R
P 0x7f2a7c191628
P 0x7f2a7c487908
C 10
R
P 0x7f2a7c191628
C 342
R
P 0x7f2a7c191628
P 0x7f2a7c19c0a8
C 10
R
P 0x7f2a7c191628
C 342
R
P 0x7f2a7c191628
P 0x7f2a7c19bfa8
C 10
R
P 0x7f2a7c191628
C 342
R
P 0x7f2a7c191628
P 0x7f2a7c4873c8
C 10
R
P 0x7f2a7c191628
C 342
R
P 0x7f2a7c191628
P 0x7f2a7c1a2ce8
C 10
R
P 0x7f2a7c191628
C 342
R
P 0x7f2a7c191628
P 0x7f2a7c19c008
C 10
R
P 0x7f2a7c191628
C 342
R
P 0x7f2a7c191628
P 0x7f2a7c489368
C 10
R
P 0x7f2a7c191628
C 342
R
P 0x7f2a7c191628
P 0x7f2a7c19bfc8
C 10
R
P 0x7f2a7c191628
C 342
R
P 0x7f2a7c191628
P 0x7f2a7c48bf80
C 10
R
P 0x7f2a7c191628
C 342
R
P 0x7f2a7c191628
P 0x7f2a7c487278
C 10
R
P 0x7f2a7c191628
C 342
R
P 0x7f2a7c191628
P 0x7f2a7c19c2a8
C 10
R
P 0x7f2a7c191628
C 342
R
P 0x7f2a7c191628
P 0x7f2a7c1a1900
C 10
R
P 0x7f2a7c191628
C 342
R
P 0x7f2a7c191628
P 0x7f2a7c489d08
C 10
R
P 0x7f2a7c191628
C 342
R
P 0x7f2a7c191628
P 0x7f2a7c19bc88
C 10
R
P 0x7f2a7c191628
C 342
R
P 0x7f2a7c191628
P 0x7f2a7c4873c8
C 10
R
P 0x7f2a7c191628
C 342
R
P 0x7f2a7c191628
P 0x7f2a7c19f948
C 10
R
P 0x7f2a7c191628
C 342
R
P 0x7f2a7c191628
P 0x7f2a7c19c028
C 10
R
P 0x7f2a7c191628
C 342
R
P 0x7f2a7c191628
P 0x7f2a7c487208
C 10
R
P 0x7f2a7c191628
C 342
R
P 0x7f2a7c191628
P 0x7f2a7c487978
C 10
R
P 0x7f2a7c191628
C 342
R
P 0x7f2a7c191628
P 0x7f2a7c4888e8
C 10
R
P 0x7f2a7c191628
C 342
R
P 0x7f2a7c191628
P 0x7f2a7c473438
C 10
R
P 0x7f2a7c191628
C 342
R
P 0x7f2a7c191628
P 0x7f2a7c487c18
C 10
R
P 0x7f2a7c191628
C 342
R
P 0x7f2a7c191628
P 0x7f2a7c1a17e8
C 10
R
P 0x7f2a7c191628
C 342
R
P 0x7f2a7c191628
P 0x7f2a7c489640
C 10
R
P 0x7f2a7c191628
C 342
R
P 0x7f2a7c191628
P 0x7f2a7c487400
C 10
R
P 0x7f2a7c191628
C 342
R
P 0x7f2a7c191628
P 0x7f2a7c479700
C 10
R
P 0x7f2a7c191628
C 342
R
P 0x7f2a7c191628
P 0x7f2a7c19bc88
C 10
R
P 0x7f2a7c191628
C 342
R
P 0x7f2a7c191628
P 0x7f2a7c19dd38
C 10
R
P 0x7f2a7c191628
C 342
R
P 0x7f2a7c191628
P 0x7f2a7c19f988
C 10
R
P 0x7f2a7c191628
C 342
R
P 0x7f2a7c191628
P 0x7f2a7c19c188
C 10
R
P 0x7f2a7c191628
C 342
R
P 0x7f2a7c191628
P 0x7f2a7c1a1778
C 10
R
P 0x7f2a7c191628
C 342
R
P 0x7f2a7c191628
P 0x7f2a7c19bfc8
C 10
R
P 0x7f2a7c191628
C 342
R
P 0x7f2a7c191628
P 0x7f2a7c19bc88
C 10
R
P 0x7f2a7c191628
C 342
R
P 0x7f2a7c191628
P 0x7f2a7c1a1890
C 10
R
P 0x7f2a7c191628
C 342
R
P 0x7f2a7c191628
P 0x7f2a7c487438
C 10
R
P 0x7f2a7c191628
C 342
R
P 0x7f2a7c191628
P 0x7f2a7c19c1a8
C 10
R
P 0x7f2a7c191628
C 342
R
P 0x7f2a7c191628
P 0x7f2a7c487f60
C 10
R
P 0x7f2a7c191628
C 342
R
P 0x7f2a7c191628
P 0x7f2a7c19c2a8
C 10
R
P 0x7f2a7c191628
C 342
R
P 0x7f2a7c191628
P 0x7f2a7c19bcc8
C 10
R
P 0x7f2a7c191628
C 342
R
P 0x7f2a7c191628
P 0x7f2a7c19c0e8
C 10
R
P 0x7f2a7c191628
C 342
R
P 0x7f2a7c191628
P 0x7f2a7c1a1cb8
C 10
R
P 0x7f2a7c191628
C 342
R
P 0x7f2a7c191628
P 0x7f2a7c487208
C 10
R
P 0x7f2a7c191628
C 342
R
P 0x7f2a7c191628
P 0x7f2a7c19f9c8
C 10
R
P 0x7f2a7c191628
C 342
R
P 0x7f2a7c191628
P 0x7f2a7c473318
C 10
R
P 0x7f2a7c191628
C 342
R
P 0x7f2a7c191628
P 0x7f2a7c19c128
C 10
R
P 0x7f2a7c191628
C 342
R
P 0x7f2a7c191628
P 0x7f2a7c19f848
C 10
R
P 0x7f2a7c191628
C 342
R
P 0x7f2a7c191628
P 0x7f2a7c19c2a8
C 10
R
P 0x7f2a7c191628
C 342
R
P 0x7f2a7c191628
P 0x7f2a7c2cd490
C 10
R
P 0x7f2a7c191628
C 342
R
P 0x7f2a7c191628
P 0x7f2a7c19c108
C 10
R
P 0x7f2a7c191628
C 342
R
P 0x7f2a7c191628
P 0x7f2a7c487dd8
C 10
R
P 0x7f2a7c191628
C 342
R
P 0x7f2a7c191628
P 0x7f2a7c487940
C 10
R
P 0x7f2a7c191628
C 342
R
P 0x7f2a7c191628
P 0x7f2a7c1a17b0
C 10
R
P 0x7f2a7c191628
C 342
R
P 0x7f2a7c191628
P 0x7f2a7c486fa0
C 10
R
P 0x7f2a7c191628
C 342
R
P 0x7f2a7c191628
P 0x7f2a7c487240
C 10
R
P 0x7f2a7c191628
C 342
R
P 0x7f2a7c191628
P 0x7f2a7c19c2a8
C 10
R
P 0x7f2a7c191628
C 342
R
P 0x7f2a7c191628
P 0x7f2a7c48bb20
C 10
R
P 0x7f2a7c191628
C 342
R
P 0x7f2a7c191628
P 0x7f2a7c2cc690
C 10
R
P 0x7f2a7c191628
C 342
R
P 0x7f2a7c191628
P 0x7f2a7c19c028
C 10
R
P 0x7f2a7c191628
C 342
R
P 0x7f2a7c191628
P 0x7f2a7c488778
C 10
R
P 0x7f2a7c191628
C 342
R
P 0x7f2a7c191628
P 0x7f2a7c19f848
C 10
R
P 0x7f2a7c191628
C 342
R
P 0x7f2a7c191628
P 0x7f2a7c19bc88
C 10
R
P 0x7f2a7c191628
C 342
R
P 0x7f2a7c191628
P 0x7f2a7c19bd08
C 10
R
P 0x7f2a7c191628
C 342
R
P 0x7f2a7c191628
P 0x7f2a7c487f98
C 10
R
P 0x7f2a7c191628
C 342
R
P 0x7f2a7c191628
P 0x7f2a7c19bc88
C 10
R
P 0x7f2a7c191628
C 342
R
P 0x7f2a7c191628
P 0x7f2a7c4783c0
C 10
R
P 0x7f2a7c191628
C 342
R
P 0x7f2a7c191628
P 0x7f2a7c19c0e8
C 10
R
P 0x7f2a7c191628
C 342
R
P 0x7f2a7c191628
P 0x7f2a7c4882e0
C 10
R
P 0x7f2a7c191628
C 342
R
P 0x7f2a7c191628
P 0x7f2a7c489a30
C 10
R
P 0x7f2a7c191628
C 342
R
P 0x7f2a7c191628
P 0x7f2a7c1a18c8
C 10
R
P 0x7f2a7c191628
C 342
R
P 0x7f2a7c191628
P 0x7f2a7c478cb8
C 10
R
P 0x7f2a7c191628
C 342
R
P 0x7f2a7c191628
P 0x7f2a7c4881c8
C 10
R
P 0x7f2a7c191628
C 342
R
P 0x7f2a7c191628
P 0x7f2a7c487940
C 10
R
P 0x7f2a7c191628
C 342
R
P 0x7f2a7c191628
P 0x7f2a7c2cc3f0
C 10
R
P 0x7f2a7c191628
C 342
R
P 0x7f2a7c191628
P 0x7f2a7c487b70
C 10
R
P 0x7f2a7c191628
C 342
R
P 0x7f2a7c191628
P 0x7f2a7c19bc88
C 10
R
P 0x7f2a7c191628
C 342
R
P 0x7f2a7c191628
P 0x7f2a7c486c58
C 10
R
P 0x7f2a7c191628
C 342
R
P 0x7f2a7c191628
P 0x7f2a7c19c0e8
C 10
R
P 0x7f2a7c191628
C 342
R
P 0x7f2a7c191628
P 0x7f2a7c2cba50
C 10
R
P 0x7f2a7c191628
C 342
R
P 0x7f2a7c191628
P 0x7f2a7c19c0e8
C 10
R
P 0x7f2a7c191628
C 342
R
P 0x7f2a7c191628
P 0x7f2a7c48c568
C 10
R
P 0x7f2a7c191628
C 342
R
P 0x7f2a7c191628
P 0x7f2a7c19bf48
C 10
R
P 0x7f2a7c191628
C 342
R
P 0x7f2a7c191628
P 0x7f2a7c487fd0
C 10
R
P 0x7f2a7c191628
C 342
R
P 0x7f2a7c191628
P 0x7f2a7c19bc88
C 10
R
P 0x7f2a7c191628
C 342
R
P 0x7f2a7c191628
P 0x7f2a7c19c088
C 10
R
P 0x7f2a7c191628
C 342
R
P 0x7f2a7c191628
P 0x7f2a7c4882a8
C 10
R
P 0x7f2a7c191628
C 342
R
P 0x7f2a7c191628
P 0x7f2a7c19bc88
C 10
R
P 0x7f2a7c191628
C 342
R
P 0x7f2a7c191628
P 0x7f2a7c19c1a8
C 10
R
P 0x7f2a7c191628
C 342
R
P 0x7f2a7c191628
P 0x7f2a7c19bc88
C 10
R
P 0x7f2a7c191628
C 342
R
P 0x7f2a7c191628
P 0x7f2a7c19c188
C 10
R
P 0x7f2a7c191628
C 342
R
P 0x7f2a7c191628
P 0x7f2a7c19bcc8
C 10
R
P 0x7f2a7c191628
C 342
R
P 0x7f2a7c191628
P 0x7f2a7c19c128
C 10
R
P 0x7f2a7c191628
C 342
R
P 0x7f2a7c191628
P 0x7f2a7c4880b0
C 10
R
P 0x7f2a7c191628
C 342
R
P 0x7f2a7c191628
P 0x7f2a7c19bfe8
C 10
R
P 0x7f2a7c191628
C 342
R
P 0x7f2a7c191628
P 0x7f2a7c19bcc8
C 10
R
P 0x7f2a7c191628
C 342
R
P 0x7f2a7c191628
P 0x7f2a7c1a2498
C 10
R
P 0x7f2a7c191628
C 342
R
P 0x7f2a7c191628
P 0x7f2a7c1a18c8
C 10
R
P 0x7f2a7c191628
C 342
R
P 0x7f2a7c191628
P 0x7f2a7c19bc88
C 10
R
P 0x7f2a7c191628
C 342
R
P 0x7f2a7c191628
P 0x7f2a7c487438
C 10
R
P 0x7f2a7c191628
C 342
R
P 0x7f2a7c191628
P 0x7f2a7c1a18c8
C 10
R
P 0x7f2a7c191628
C 342
R
P 0x7f2a7c191628
P 0x7f2a7c1a1858
C 10
R
P 0x7f2a7c191628
C 342
R
P 0x7f2a7c191628
P 0x7f2a7c5e2e08
C 10
R
P 0x7f2a7c191628
C 342
R
P 0x7f2a7c191628
P 0x7f2a7c19c148
C 10
R
P 0x7f2a7c191628
C 342
R
P 0x7f2a7c191628
P 0x7f2a7c475510
C 10
R
P 0x7f2a7c191628
C 342
R
P 0x7f2a7c191628
P 0x7f2a7c48a600
C 10
R
P 0x7f2a7c191628
C 342
R
P 0x7f2a7c191628
P 0x7f2a7c487f60
C 10
R
P 0x7f2a7c191628
C 342
R
P 0x7f2a7c191628
P 0x7f2a7c19bf68
C 10
R
P 0x7f2a7c191628
C 342
R
P 0x7f2a7c191628
P 0x7f2a7c487f98
C 10
R
P 0x7f2a7c191628
C 342
R
P 0x7f2a7c191628
P 0x7f2a7c487908
C 10
R
P 0x7f2a7c191628
C 342
R
P 0x7f2a7c191628
P 0x7f2a7c487be0
C 10
R
P 0x7f2a7c191628
C 342
R
P 0x7f2a7c191628
P 0x7f2a7c19bf88
C 10
R
P 0x7f2a7c191628
C 342
R
P 0x7f2a7c191628
P 0x7f2a7c19bc88
C 10
R
P 0x7f2a7c191628
C 342
R
P 0x7f2a7c191628
P 0x7f2a7c487d68
C 10
R
P 0x7f2a7c191628
C 342
R
P 0x7f2a7c191628
P 0x7f2a7c19c1c8
C 10
R
P 0x7f2a7c191628
C 342
R
P 0x7f2a7c191628
P 0x7f2a7c487240
C 10
R
P 0x7f2a7c191628
C 342
R
P 0x7f2a7c191628
P 0x7f2a7c487e80
C 10
R
P 0x7f2a7c191628
C 342
R
P 0x7f2a7c191628
P 0x7f2a7c489870
C 10
R
P 0x7f2a7c191628
C 342
R
P 0x7f2a7c191628
P 0x7f2a7c48cba8
C 10
R
P 0x7f2a7c191628
C 342
R
P 0x7f2a7c191628
P 0x7f2a7c19bfc8
C 10
R
P 0x7f2a7c191628
C 342
R
P 0x7f2a7c191628
P 0x7f2a7c19bc88
C 10
R
P 0x7f2a7c191628
C 342
R
P 0x7f2a7c191628
P 0x7f2a7c19c2a8
C 10
R
P 0x7f2a7c191628
C 342
R
P 0x7f2a7c191628
P 0x7f2a7c48af18
C 10
R
P 0x7f2a7c191628
C 342
R
P 0x7f2a7c191628
P 0x7f2a7c486fd8
C 10
R
P 0x7f2a7c191628
C 342
R
P 0x7f2a7c191628
P 0x7f2a7c488190
C 10
R
P 0x7f2a7c191628
C 342
R
P 0x7f2a7c191628
P 0x7f2a7c19bfc8
C 10
R
P 0x7f2a7c191628
C 342
R
P 0x7f2a7c191628
P 0x7f2a7c487390
C 10
R
P 0x7f2a7c191628
C 342
R
P 0x7f2a7c191628
P 0x7f2a7c1a21c0
C 10
R
P 0x7f2a7c191628
C 342
R
P 0x7f2a7c191628
P 0x7f2a7c488190
C 10
R
P 0x7f2a7c191628
C 342
R
P 0x7f2a7c191628
P 0x7f2a7c19c108
C 10
R
P 0x7f2a7c191628
C 342
R
P 0x7f2a7c191628
P 0x7f2a7c19c068
C 10
R
P 0x7f2a7c191628
C 342
R
P 0x7f2a7c191628
P 0x7f2a7c19c028
C 10
R
P 0x7f2a7c191628
C 342
R
P 0x7f2a7c191628
P 0x7f2a7c487d68
C 10
R
P 0x7f2a7c191628
C 342
R
P 0x7f2a7c191628
P 0x7f2a7c48ba40
C 10
R
P 0x7f2a7c191628
C 342
R
P 0x7f2a7c191628
P 0x7f2a7c19c1a8
C 10
R
P 0x7f2a7c191628
C 342
R
P 0x7f2a7c191628
P 0x7f2a7c19bba8
C 10
R
P 0x7f2a7c191628
C 342
R
P 0x7f2a7c191628
P 0x7f2a7c4790e0
C 10
R
P 0x7f2a7c191628
C 342
R
P 0x7f2a7c191628
P 0x7f2a7c1a2230
C 10
R
P 0x7f2a7c191628
C 342
R
P 0x7f2a7c191628
P 0x7f2a7c1a1778
C 10
R
P 0x7f2a7c191628
C 342
R
P 0x7f2a7c191628
P 0x7f2a7c1a1778
C 10
R
P 0x7f2a7c191628
C 342
R
P 0x7f2a7c191628
P 0x7f2a7c19e9f8
C 10
R
P 0x7f2a7c191628
C 342
R
P 0x7f2a7c191628
P 0x7f2a7c19c1a8
C 10
R
P 0x7f2a7c191628
C 342
R
P 0x7f2a7c191628
P 0x7f2a7c487048
C 10
R
P 0x7f2a7c191628
C 342
R
P 0x7f2a7c191628
P 0x7f2a7c48ac08
C 10
R
P 0x7f2a7c191628
C 342
R
P 0x7f2a7c191628
P 0x7f2a7c1a1820
C 10
R
P 0x7f2a7c191628
C 342
R
P 0x7f2a7c191628
P 0x7f2a7c19bfe8
C 10
R
P 0x7f2a7c191628
C 342
R
P 0x7f2a7c191628
P 0x7f2a7c487470
C 10
R
P 0x7f2a7c191628
C 342
R
P 0x7f2a7c191628
P 0x7f2a7c2cd260
C 10
R
P 0x7f2a7c191628
C 342
R
P 0x7f2a7c191628
P 0x7f2a7c1a1e08
C 10
R
P 0x7f2a7c191628
C 342
R
P 0x7f2a7c191628
P 0x7f2a7c1a1900
C 10
R
P 0x7f2a7c191628
C 342
R
P 0x7f2a7c191628
P 0x7f2a7c487978
C 10
R
P 0x7f2a7c191628
C 342
R
P 0x7f2a7c191628
P 0x7f2a7c19c028
C 10
R
P 0x7f2a7c191628
C 342
R
P 0x7f2a7c191628
P 0x7f2a7c19bfc8
C 10
R
P 0x7f2a7c191628
C 342
R
P 0x7f2a7c191628
P 0x7f2a7c488b18
C 10
R
P 0x7f2a7c191628
C 342
R
P 0x7f2a7c191628
P 0x7f2a7c487d68
C 10
R
P 0x7f2a7c191628
C 342
R
P 0x7f2a7c191628
P 0x7f2a7c19bc88
C 10
R
P 0x7f2a7c191628
C 342
R
P 0x7f2a7c191628
P 0x7f2a7c19c108
C 10
R
P 0x7f2a7c191628
C 342
R
P 0x7f2a7c191628
P 0x7f2a7c19bc88
C 10
R
P 0x7f2a7c191628
C 342
R
P 0x7f2a7c191628
P 0x7f2a7c2ccee0
C 10
R
P 0x7f2a7c191628
C 342
R
P 0x7f2a7c191628
P 0x7f2a7c489870
C 10
R
P 0x7f2a7c191628
C 342
R
P 0x7f2a7c191628
P 0x7f2a7c19bc88
C 10
R
P 0x7f2a7c191628
C 342
R
P 0x7f2a7c191628
P 0x7f2a7c488158
C 10
R
P 0x7f2a7c191628
C 342
R
P 0x7f2a7c191628
P 0x7f2a7c1a17e8
C 10
R
P 0x7f2a7c191628
C 342
R
P 0x7f2a7c191628
P 0x7f2a7c1a18c8
C 10
R
P 0x7f2a7c191628
C 342
R
P 0x7f2a7c191628
P 0x7f2a7c19c028
C 10
R
P 0x7f2a7c191628
C 342
R
P 0x7f2a7c191628
P 0x7f2a7c475580
C 10
R
P 0x7f2a7c191628
C 342
R
P 0x7f2a7c191628
P 0x7f2a7c19bcc8
C 10
R
P 0x7f2a7c191628
C 342
R
P 0x7f2a7c191628
P 0x7f2a7c19c0a8
C 10
R
P 0x7f2a7c191628
C 342
R
P 0x7f2a7c191628
P 0x7f2a7c1a18c8
C 10
R
P 0x7f2a7c191628
C 342
R
P 0x7f2a7c191628
P 0x7f2a7c19bc88
C 10
R
P 0x7f2a7c191628
C 342
R
P 0x7f2a7c191628
P 0x7f2a7c19c088
C 10
R
P 0x7f2a7c191628
C 342
R
P 0x7f2a7c191628
P 0x7f2a7c19e9c8
C 10
R
P 0x7f2a7c191628
C 342
R
P 0x7f2a7c191628
P 0x7f2a7c487240
C 10
R
P 0x7f2a7c191628
C 342
R
P 0x7f2a7c191628
P 0x7f2a7c1a1778
C 10
R
P 0x7f2a7c191628
C 342
R
P 0x7f2a7c191628
P 0x7f2a7c487400
C 10
R
P 0x7f2a7c191628
C 342
R
P 0x7f2a7c191628
P 0x7f2a7c1a1900
C 10
R
P 0x7f2a7c191628
C 342
R
P 0x7f2a7c191628
P 0x7f2a7c487438
C 10
R
P 0x7f2a7c191628
C 342
R
P 0x7f2a7c191628
P 0x7f2a7c19f848
C 10
R
P 0x7f2a7c191628
C 342
R
P 0x7f2a7c191628
P 0x7f2a7c19f888
C 10
R
P 0x7f2a7c191628
C 342
R
P 0x7f2a7c191628
P 0x7f2a7c19bc88
C 10
R
P 0x7f2a7c191628
C 342
R
P 0x7f2a7c191628
P 0x7f2a7c19c048
C 10
R
P 0x7f2a7c191628
C 342
R
P 0x7f2a7c191628
P 0x7f2a7c487978
C 10
R
P 0x7f2a7c191628
C 342
R
P 0x7f2a7c191628
P 0x7f2a7c1a2070
C 10
R
P 0x7f2a7c191628
C 342
R
P 0x7f2a7c191628
P 0x7f2a7c19bcc8
C 10
R
P 0x7f2a7c191628
C 342
R
P 0x7f2a7c191628
P 0x7f2a7c19bf48
C 10
R
P 0x7f2a7c191628
C 342
R
P 0x7f2a7c191628
P 0x7f2a7c1a18c8
C 10
R
P 0x7f2a7c191628
C 342
R
P 0x7f2a7c191628
P 0x7f2a7c19bc88
C 10
R
P 0x7f2a7c191628
C 342
R
P 0x7f2a7c191628
P 0x7f2a7c489c28
C 10
R
P 0x7f2a7c191628
C 342
R
P 0x7f2a7c191628
P 0x7f2a7c19f9c8
C 10
R
P 0x7f2a7c191628
C 342
R
P 0x7f2a7c191628
P 0x7f2a7c487e10
C 10
R
P 0x7f2a7c191628
C 342
R
P 0x7f2a7c191628
P 0x7f2a7c1a1820
C 10
R
P 0x7f2a7c191628
C 342
R
P 0x7f2a7c191628
P 0x7f2a7c19bd08
C 10
R
P 0x7f2a7c191628
C 342
R
P 0x7f2a7c191628
P 0x7f2a7c48a930
C 10
R
P 0x7f2a7c191628
C 342
R
P 0x7f2a7c191628
P 0x7f2a7c487ef0
C 10
R
P 0x7f2a7c191628
C 342
R
P 0x7f2a7c191628
P 0x7f2a7c487240
C 10
R
P 0x7f2a7c191628
C 342
R
P 0x7f2a7c191628
P 0x7f2a7c19c268
C 10
R
P 0x7f2a7c191628
C 342
R
P 0x7f2a7c191628
P 0x7f2a7c19fb48
C 10
R
P 0x7f2a7c191628
C 342
R
P 0x7f2a7c191628
P 0x7f2a7c486fd8
C 10
R
P 0x7f2a7c191628
C 342
R
P 0x7f2a7c191628
P 0x7f2a7c488158
C 10
R
P 0x7f2a7c191628
C 342
R
P 0x7f2a7c191628
P 0x7f2a7c19c2a8
C 10
R
P 0x7f2a7c191628
C 342
R
P 0x7f2a7c191628
P 0x7f2a7c1a1778
C 10
R
P 0x7f2a7c191628
C 342
R
P 0x7f2a7c191628
P 0x7f2a7c487080
C 10
R
P 0x7f2a7c191628
C 342
R
P 0x7f2a7c191628
P 0x7f2a7c19bfe8
C 10
R
P 0x7f2a7c191628
C 342
R
P 0x7f2a7c191628
P 0x7f2a7c19c0e8
C 10
R
P 0x7f2a7c191628
C 342
R
P 0x7f2a7c191628
P 0x7f2a7c19f948
C 10
R
P 0x7f2a7c191628
C 342
R
P 0x7f2a7c191628
P 0x7f2a7c19bc88
C 10
R
P 0x7f2a7c191628
C 342
R
P 0x7f2a7c191628
P 0x7f2a7c487978
C 10
R
P 0x7f2a7c191628
C 342
R
P 0x7f2a7c191628
P 0x7f2a7c1a1e08
C 10
R
P 0x7f2a7c191628
C 342
R
P 0x7f2a7c191628
P 0x7f2a7c486fd8
C 10
R
P 0x7f2a7c191628
C 342
R
P 0x7f2a7c191628
P 0x7f2a7c19bf48
C 10
R
P 0x7f2a7c191628
C 342
R
P 0x7f2a7c191628
P 0x7f2a7c487978
C 10
R
P 0x7f2a7c191628
C 342
R
P 0x7f2a7c191628
P 0x7f2a7c19c1e8
C 10
R
P 0x7f2a7c191628
C 342
R
P 0x7f2a7c191628
P 0x7f2a7c19dac8
C 10
R
P 0x7f2a7c191628
C 342
R
P 0x7f2a7c191628
P 0x7f2a7c1a2348
C 10
R
P 0x7f2a7c191628
C 342
R
P 0x7f2a7c191628
P 0x7f2a7c1a1f58
C 10
R
P 0x7f2a7c191628
C 342
R
P 0x7f2a7c191628
P 0x7f2a7c19bc88
C 10
R
P 0x7f2a7c191628
C 342
R
P 0x7f2a7c191628
P 0x7f2a7c487d68
C 10
R
P 0x7f2a7c191628
C 342
R
P 0x7f2a7c191628
P 0x7f2a7c1a1778
C 10
R
P 0x7f2a7c191628
C 342
R
P 0x7f2a7c191628
P 0x7f2a7c19c048
C 10
R
P 0x7f2a7c191628
C 342
R
P 0x7f2a7c191628
P 0x7f2a7c19bc88
C 10
R
P 0x7f2a7c191628
C 342
R
P 0x7f2a7c191628
P 0x7f2a7c19bd08
C 10
R
P 0x7f2a7c191628
C 342
R
P 0x7f2a7c191628
P 0x7f2a7c19c188
C 10
R
P 0x7f2a7c191628
C 342
R
P 0x7f2a7c191628
P 0x7f2a7c4873c8
C 10
R
P 0x7f2a7c191628
C 342
R
P 0x7f2a7c191628
P 0x7f2a7c1a2498
C 10
R
P 0x7f2a7c191628
C 342
R
P 0x7f2a7c191628
P 0x7f2a7c19c028
C 10
R
P 0x7f2a7c191628
C 342
R
P 0x7f2a7c191628
P 0x7f2a7c19c1c8
C 10
R
P 0x7f2a7c191628
C 342
R
P 0x7f2a7c191628
P 0x7f2a7c1a17e8
C 10
R
P 0x7f2a7c191628
C 342
R
P 0x7f2a7c191628
P 0x7f2a7c1a18c8
C 10
R
P 0x7f2a7c191628
C 342
R
P 0x7f2a7c191628
P 0x7f2a7c19c228
C 10
R
P 0x7f2a7c191628
C 342
R
P 0x7f2a7c191628
P 0x7f2a7c486fd8
C 10
R
P 0x7f2a7c191628
C 342
R
P 0x7f2a7c191628
P 0x7f2a7c19f988
C 10
R
P 0x7f2a7c191628
C 342
R
P 0x7f2a7c191628
P 0x7f2a7c1a18c8
C 10
R
P 0x7f2a7c191628
C 342
R
P 0x7f2a7c191628
P 0x7f2a7c487b70
C 10
R
P 0x7f2a7c191628
C 342
R
P 0x7f2a7c191628
P 0x7f2a7c19bc88
C 10
R
P 0x7f2a7c191628
C 342
R
P 0x7f2a7c191628
P 0x7f2a7c19fa48
C 10
R
P 0x7f2a7c191628
C 342
R
P 0x7f2a7c191628
P 0x7f2a7c19bfc8
C 10
R
P 0x7f2a7c191628
C 342
R
P 0x7f2a7c191628
P 0x7f2a7c19bc88
C 10
R
P 0x7f2a7c191628
C 342
R
P 0x7f2a7c191628
P 0x7f2a7c487f60
C 10
R
P 0x7f2a7c191628
C 342
R
P 0x7f2a7c191628
P 0x7f2a7c487da0
C 10
R
P 0x7f2a7c191628
C 342
R
P 0x7f2a7c191628
P 0x7f2a7c487be0
C 10
R
P 0x7f2a7c191628
C 342
R
P 0x7f2a7c191628
P 0x7f2a7c19bfc8
C 10
R
P 0x7f2a7c191628
C 342
R
P 0x7f2a7c191628
P 0x7f2a7c19c028
C 10
R
P 0x7f2a7c191628
C 342
R
P 0x7f2a7c191628
P 0x7f2a7c19fac8
C 10
R
P 0x7f2a7c191628
C 342
R
P 0x7f2a7c191628
P 0x7f2a7c19c0e8
C 10
R
P 0x7f2a7c191628
C 342
R
P 0x7f2a7c191628
P 0x7f2a7c4872e8
C 10
R
P 0x7f2a7c191628
C 342
R
P 0x7f2a7c191628
P 0x7f2a7c4873c8
C 10
R
P 0x7f2a7c191628
C 342
R
P 0x7f2a7c191628
P 0x7f2a7c2ccc78
C 10
R
P 0x7f2a7c191628
C 342
R
P 0x7f2a7c191628
P 0x7f2a7c4872e8
C 10
R
P 0x7f2a7c191628
C 342
R
P 0x7f2a7c191628
P 0x7f2a7c19c2a8
C 10
R
P 0x7f2a7c191628
C 342
R
P 0x7f2a7c191628
P 0x7f2a7c488158
C 10
R
P 0x7f2a7c191628
C 342
R
P 0x7f2a7c191628
P 0x7f2a7c487978
C 10
R
P 0x7f2a7c191628
C 342
R
P 0x7f2a7c191628
P 0x7f2a7c19bf68
C 10
R
P 0x7f2a7c191628
C 342
R
P 0x7f2a7c191628
P 0x7f2a7c1a17b0
C 10
R
P 0x7f2a7c191628
C 342
R
P 0x7f2a7c191628
P 0x7f2a7c1a1cb8
C 10
R
P 0x7f2a7c191628
C 342
R
P 0x7f2a7c191628
P 0x7f2a7c19bc88
C 10
R
P 0x7f2a7c191628
C 342
R
P 0x7f2a7c191628
P 0x7f2a7c487208
C 10
R
P 0x7f2a7c191628
C 342
R
P 0x7f2a7c191628
P 0x7f2a7c486fd8
C 10
R
P 0x7f2a7c191628
C 342
R
P 0x7f2a7c191628
P 0x7f2a7c19c1a8
C 10
R
P 0x7f2a7c191628
C 342
R
P 0x7f2a7c191628
P 0x7f2a7c19bfc8
C 10
R
P 0x7f2a7c191628
C 342
R
P 0x7f2a7c191628
P 0x7f2a7c19bc88
C 10
R
P 0x7f2a7c191628
C 342
R
P 0x7f2a7c191628
P 0x7f2a7c19bc88
C 10
R
P 0x7f2a7c191628
C 342
R
P 0x7f2a7c191628
P 0x7f2a7c487dd8
C 10
R
P 0x7f2a7c191628
C 342
R
P 0x7f2a7c191628
P 0x7f2a7c19bc88
C 10
R
P 0x7f2a7c191628
C 342
R
P 0x7f2a7c191628
P 0x7f2a7c486a60
C 10
R
P 0x7f2a7c191628
C 342
R
P 0x7f2a7c191628
P 0x7f2a7c487c88
C 10
R
P 0x7f2a7c191628
C 342
R
P 0x7f2a7c191628
P 0x7f2a7c19c208
C 10
R
P 0x7f2a7c191628
C 342
R
P 0x7f2a7c191628
P 0x7f2a7c48bbc8
C 10
R
P 0x7f2a7c191628
C 342
R
P 0x7f2a7c191628
P 0x7f2a7c19bfe8
C 10
R
P 0x7f2a7c191628
C 342
R
P 0x7f2a7c191628
P 0x7f2a7c2cb548
C 10
R
P 0x7f2a7c191628
C 342
R
P 0x7f2a7c191628
P 0x7f2a7c1a1900
C 10
R
P 0x7f2a7c191628
C 342
R
P 0x7f2a7c191628
P 0x7f2a7c19bc88
C 10
R
P 0x7f2a7c191628
C 342
R
P 0x7f2a7c191628
P 0x7f2a7c476fc0
C 10
R
P 0x7f2a7c191628
C 342
R
P 0x7f2a7c191628
P 0x7f2a7c487010
C 10
R
P 0x7f2a7c191628
C 342
R
P 0x7f2a7c191628
P 0x7f2a7c19c088
C 10
R
P 0x7f2a7c191628
C 342
R
P 0x7f2a7c191628
P 0x7f2a7c1a1900
C 10
R
P 0x7f2a7c191628
C 342
R
P 0x7f2a7c191628
P 0x7f2a7c1a1778
C 10
R
P 0x7f2a7c191628
C 342
R
P 0x7f2a7c191628
P 0x7f2a7c1a1858
C 10
R
P 0x7f2a7c191628
C 342
R
P 0x7f2a7c191628
P 0x7f2a7c19c148
C 10
R
P 0x7f2a7c191628
C 342
R
P 0x7f2a7c191628
P 0x7f2a7c4792d8
C 10
R
P 0x7f2a7c191628
C 342
R
P 0x7f2a7c191628
P 0x7f2a7c487400
C 10
R
P 0x7f2a7c191628
C 342
R
P 0x7f2a7c191628
P 0x7f2a7c1a2c40
C 10
R
P 0x7f2a7c191628
C 342
R
P 0x7f2a7c191628
P 0x7f2a7c19e758
C 10
R
P 0x7f2a7c191628
C 342
R
P 0x7f2a7c191628
P 0x7f2a7c479e38
C 10
R
P 0x7f2a7c191628
C 342
R
P 0x7f2a7c191628
P 0x7f2a7c48cf28
C 10
R
P 0x7f2a7c191628
C 342
R
P 0x7f2a7c191628
P 0x7f2a7c19c0e8
C 10
R
P 0x7f2a7c191628
C 342
R
P 0x7f2a7c191628
P 0x7f2a7c48a558
C 10
R
P 0x7f2a7c191628
C 342
R
P 0x7f2a7c191628
P 0x7f2a7c4870b8
C 10
R
P 0x7f2a7c191628
C 342
R
P 0x7f2a7c191628
P 0x7f2a7c19bc88
C 10
R
P 0x7f2a7c191628
C 342
R
P 0x7f2a7c191628
P 0x7f2a7c19bc88
C 10
R
P 0x7f2a7c191628
C 342
R
P 0x7f2a7c191628
P 0x7f2a7c488190
C 10
R
P 0x7f2a7c191628
C 342
R
P 0x7f2a7c191628
P 0x7f2a7c476ce8
C 10
R
P 0x7f2a7c191628
C 342
R
P 0x7f2a7c191628
P 0x7f2a7c19fa88
C 10
R
P 0x7f2a7c191628
C 342
R
P 0x7f2a7c191628
P 0x7f2a7c487208
C 10
R
P 0x7f2a7c191628
C 342
R
P 0x7f2a7c191628
P 0x7f2a7c487390
C 10
R
P 0x7f2a7c191628
C 342
R
P 0x7f2a7c191628
P 0x7f2a7c19bc88
C 10
R
P 0x7f2a7c191628
C 342
R
P 0x7f2a7c191628
P 0x7f2a7c19c028
C 10
R
P 0x7f2a7c191628
C 342
R
P 0x7f2a7c191628
P 0x7f2a7c19bcc8
C 10
R
P 0x7f2a7c191628
C 342
R
P 0x7f2a7c191628
P 0x7f2a7c1a1e08
C 10
R
P 0x7f2a7c191628
C 342
R
P 0x7f2a7c191628
P 0x7f2a7c1a1890
C 10
R
P 0x7f2a7c191628
C 342
R
P 0x7f2a7c191628
P 0x7f2a7c19fa48
C 10
R
P 0x7f2a7c191628
C 342
R
P 0x7f2a7c191628
P 0x7f2a7c487390
C 10
R
P 0x7f2a7c191628
C 342
R
P 0x7f2a7c191628
P 0x7f2a7c487438
C 10
R
P 0x7f2a7c191628
C 342
R
P 0x7f2a7c191628
P 0x7f2a7c19bc88
C 10
R
P 0x7f2a7c191628
C 342
R
P 0x7f2a7c191628
P 0x7f2a7c1a1778
C 10
R
P 0x7f2a7c191628
C 342
R
P 0x7f2a7c191628
P 0x7f2a7c1a1890
C 10
R
P 0x7f2a7c191628
C 342
R
P 0x7f2a7c191628
P 0x7f2a7c19bfa8
C 10
R
P 0x7f2a7c191628
C 342
R
P 0x7f2a7c191628
P 0x7f2a7c19bc88
C 10
R
P 0x7f2a7c191628
C 342
R
P 0x7f2a7c191628
P 0x7f2a7c2cc5e8
C 10
R
P 0x7f2a7c191628
C 342
R
P 0x7f2a7c191628
P 0x7f2a7c19f988
C 10
R
P 0x7f2a7c191628
C 342
R
P 0x7f2a7c191628
P 0x7f2a7c48a3d0
C 10
R
P 0x7f2a7c191628
C 342
R
P 0x7f2a7c191628
P 0x7f2a7c19fac8
C 10
R
P 0x7f2a7c191628
C 342
R
P 0x7f2a7c191628
P 0x7f2a7c48cb70
C 10
R
P 0x7f2a7c191628
C 342
R
P 0x7f2a7c191628
P 0x7f2a7c48c060
C 10
R
P 0x7f2a7c191628
C 342
R
P 0x7f2a7c191628
P 0x7f2a7c19bd08
C 10
R
P 0x7f2a7c191628
C 342
R
P 0x7f2a7c191628
P 0x7f2a7c19bfc8
C 10
R
P 0x7f2a7c191628
C 342
R
P 0x7f2a7c191628
P 0x7f2a7c19bc88
C 10
R
P 0x7f2a7c191628
C 342
R
P 0x7f2a7c191628
P 0x7f2a7c479ee0
C 10
R
P 0x7f2a7c191628
C 342
R
P 0x7f2a7c191628
P 0x7f2a7c19c028
C 10
R
P 0x7f2a7c191628
C 342
R
P 0x7f2a7c191628
P 0x7f2a7c48a0f8
C 10
R
P 0x7f2a7c191628
C 342
R
P 0x7f2a7c191628
P 0x7f2a7c19f988
C 10
R
P 0x7f2a7c191628
C 342
R
P 0x7f2a7c191628
P 0x7f2a7c486fa0
C 10
R
P 0x7f2a7c191628
C 342
R
P 0x7f2a7c191628
P 0x7f2a7c473228
C 10
R
P 0x7f2a7c191628
C 342
R
P 0x7f2a7c191628
P 0x7f2a7c1a1778
C 10
R
P 0x7f2a7c191628
C 342
R
P 0x7f2a7c191628
P 0x7f2a7c19e1e8
C 10
R
P 0x7f2a7c191628
C 342
R
P 0x7f2a7c191628
P 0x7f2a7c489218
C 10
R
P 0x7f2a7c191628
C 342
R
P 0x7f2a7c191628
P 0x7f2a7c19bc88
C 10
R
P 0x7f2a7c191628
C 342
R
P 0x7f2a7c191628
P 0x7f2a7c19bc88
C 10
R
P 0x7f2a7c191628
C 342
R
P 0x7f2a7c191628
P 0x7f2a7c19bc88
C 10
R
P 0x7f2a7c191628
C 342
R
P 0x7f2a7c191628
P 0x7f2a7c488190
C 10
R
P 0x7f2a7c191628
C 342
R
P 0x7f2a7c191628
P 0x7f2a7c19c028
C 10
R
P 0x7f2a7c191628
C 342
R
P 0x7f2a7c191628
P 0x7f2a7c1a1890
C 10
R
P 0x7f2a7c191628
C 342
R
P 0x7f2a7c191628
P 0x7f2a7c19f948
C 10
R
P 0x7f2a7c191628
C 342
R
P 0x7f2a7c191628
P 0x7f2a7c19bc88
C 10
R
P 0x7f2a7c191628
C 342
R
P 0x7f2a7c191628
P 0x7f2a7c19c208
C 10
R
P 0x7f2a7c191628
C 342
R
P 0x7f2a7c191628
P 0x7f2a7c19bcc8
C 10
R
P 0x7f2a7c191628
C 342
R
P 0x7f2a7c191628
P 0x7f2a7c19c088
C 10
R
P 0x7f2a7c191628
C 342
R
P 0x7f2a7c191628
P 0x7f2a7c487278
C 10
R
P 0x7f2a7c191628
C 342
R
P 0x7f2a7c191628
P 0x7f2a7c486fa0
C 10
R
P 0x7f2a7c191628
C 342
R
P 0x7f2a7c191628
P 0x7f2a7c19bc88
C 10
R
P 0x7f2a7c191628
C 342
R
P 0x7f2a7c191628
P 0x7f2a7c19c268
C 10
R
P 0x7f2a7c191628
C 342
R
P 0x7f2a7c191628
P 0x7f2a7c48e070
C 10
R
P 0x7f2a7c191628
C 342
R
P 0x7f2a7c191628
P 0x7f2a7c1a1820
C 10
R
P 0x7f2a7c191628
C 342
R
P 0x7f2a7c191628
P 0x7f2a7c19bfc8
C 10
R
P 0x7f2a7c191628
C 342
R
P 0x7f2a7c191628
P 0x7f2a7c488158
C 10
R
P 0x7f2a7c191628
C 342
R
P 0x7f2a7c191628
P 0x7f2a7c19bc88
C 10
R
P 0x7f2a7c191628
C 342
R
P 0x7f2a7c191628
P 0x7f2a7c1a22a0
C 10
R
P 0x7f2a7c191628
C 342
R
P 0x7f2a7c191628
P 0x7f2a7c19bfc8
C 10
R
P 0x7f2a7c191628
C 342
R
P 0x7f2a7c191628
P 0x7f2a7c19c088
C 10
R
P 0x7f2a7c191628
C 342
R
P 0x7f2a7c191628
P 0x7f2a7c19bc88
C 10
R
P 0x7f2a7c191628
C 342
R
P 0x7f2a7c191628
P 0x7f2a7c487b70
C 10
R
P 0x7f2a7c191628
C 342
R
P 0x7f2a7c191628
P 0x7f2a7c19c1a8
C 10
R
P 0x7f2a7c191628
C 342
R
P 0x7f2a7c191628
P 0x7f2a7c487d68
C 10
R
P 0x7f2a7c191628
C 342
R
P 0x7f2a7c191628
P 0x7f2a7c4753c0
C 10
R
P 0x7f2a7c191628
C 342
R
P 0x7f2a7c191628
P 0x7f2a7c477110
C 10
R
P 0x7f2a7c191628
C 342
R
P 0x7f2a7c191628
P 0x7f2a7c488078
C 10
R
P 0x7f2a7c191628
C 342
R
P 0x7f2a7c191628
P 0x7f2a7c19c088
C 10
R
P 0x7f2a7c191628
C 342
R
P 0x7f2a7c191628
P 0x7f2a7c19bc88
C 10
R
P 0x7f2a7c191628
C 342
R
P 0x7f2a7c191628
P 0x7f2a7c486fa0
C 10
R
P 0x7f2a7c191628
C 342
R
P 0x7f2a7c191628
P 0x7f2a7c19bfc8
C 10
R
P 0x7f2a7c191628
C 342
R
P 0x7f2a7c191628
P 0x7f2a7c4763b8
C 10
R
P 0x7f2a7c191628
C 342
R
P 0x7f2a7c191628
P 0x7f2a7c19fa48
C 10
R
P 0x7f2a7c191628
C 342
R
P 0x7f2a7c191628
P 0x7f2a7c19bc88
C 10
R
P 0x7f2a7c191628
C 342
R
P 0x7f2a7c191628
P 0x7f2a7c487240
C 10
R
P 0x7f2a7c191628
C 342
R
P 0x7f2a7c191628
P 0x7f2a7c19c168
C 10
R
P 0x7f2a7c191628
C 342
R
P 0x7f2a7c191628
P 0x7f2a7c19bc88
C 10
R
P 0x7f2a7c191628
C 342
R
P 0x7f2a7c191628
P 0x7f2a7c487908
C 10
R
P 0x7f2a7c191628
C 342
R
P 0x7f2a7c191628
P 0x7f2a7c19c2a8
C 10
R
P 0x7f2a7c191628
C 342
R
P 0x7f2a7c191628
P 0x7f2a7c19bc88
C 10
R
P 0x7f2a7c191628
C 342
R
P 0x7f2a7c191628
P 0x7f2a7c19bc88
C 10
R
P 0x7f2a7c191628
C 342
R
P 0x7f2a7c191628
P 0x7f2a7c1a25e8
C 10
R
P 0x7f2a7c191628
C 342
R
P 0x7f2a7c191628
P 0x7f2a7c19bf48
C 10
R
P 0x7f2a7c191628
C 342
R
P 0x7f2a7c191628
P 0x7f2a7c19bcc8
C 10
R
P 0x7f2a7c191628
C 342
R
P 0x7f2a7c191628
P 0x7f2a7c19bfc8
C 10
R
P 0x7f2a7c191628
C 342
R
P 0x7f2a7c191628
P 0x7f2a7c19c0e8
C 10
R
P 0x7f2a7c191628
C 342
R
P 0x7f2a7c191628
P 0x7f2a7c19bc88
C 10
R
P 0x7f2a7c191628
C 342
R
P 0x7f2a7c191628
P 0x7f2a7c1a1890
C 10
R
P 0x7f2a7c191628
C 342
R
P 0x7f2a7c191628
P 0x7f2a7c48df58
C 10
R
P 0x7f2a7c191628
C 342
R
P 0x7f2a7c191628
P 0x7f2a7c19bd08
C 10
R
P 0x7f2a7c191628
C 342
R
P 0x7f2a7c191628
P 0x7f2a7c19fa88
C 10
R
P 0x7f2a7c191628
C 342
R
P 0x7f2a7c191628
P 0x7f2a7c487390
C 10
R
P 0x7f2a7c191628
C 342
R
P 0x7f2a7c191628
P 0x7f2a7c19c0e8
C 10
R
P 0x7f2a7c191628
C 342
R
P 0x7f2a7c191628
P 0x7f2a7c19c1c8
C 10
R
P 0x7f2a7c191628
C 342
R
P 0x7f2a7c191628
P 0x7f2a7c19bc88
C 10
R
P 0x7f2a7c191628
C 342
R
P 0x7f2a7c191628
P 0x7f2a7c19c2a8
C 10
R
P 0x7f2a7c191628
C 342
R
P 0x7f2a7c191628
P 0x7f2a7c19bc88
C 10
R
P 0x7f2a7c191628
C 342
R
P 0x7f2a7c191628
P 0x7f2a7c489870
C 10
R
P 0x7f2a7c191628
C 342
R
P 0x7f2a7c191628
P 0x7f2a7c19bc88
C 10
R
P 0x7f2a7c191628
C 342
R
P 0x7f2a7c191628
P 0x7f2a7c4872e8
C 10
R
P 0x7f2a7c191628
C 342
R
P 0x7f2a7c191628
P 0x7f2a7c19bf88
C 10
R
P 0x7f2a7c191628
C 342
R
P 0x7f2a7c191628
P 0x7f2a7c19bfa8
C 10
R
P 0x7f2a7c191628
C 342
R
P 0x7f2a7c191628
P 0x7f2a7c1a1820
C 10
R
P 0x7f2a7c191628
C 342
R
P 0x7f2a7c191628
P 0x7f2a7c48aaf0
C 10
R
P 0x7f2a7c191628
C 342
R
P 0x7f2a7c191628
P 0x7f2a7c19c048
C 10
R
P 0x7f2a7c191628
C 342
R
P 0x7f2a7c191628
P 0x7f2a7c1a1cb8
C 10
R
P 0x7f2a7c191628
C 342
R
P 0x7f2a7c191628
P 0x7f2a7c19c1c8
C 10
R
P 0x7f2a7c191628
C 342
R
P 0x7f2a7c191628
P 0x7f2a7c19bc88
C 10
R
P 0x7f2a7c191628
C 342
R
P 0x7f2a7c191628
P 0x7f2a7c19bc88
C 10
R
P 0x7f2a7c191628
C 342
R
P 0x7f2a7c191628
P 0x7f2a7c19fa08
C 10
R
P 0x7f2a7c191628
C 342
R
P 0x7f2a7c191628
P 0x7f2a7c488078
C 10
R
P 0x7f2a7c191628
C 342
R
P 0x7f2a7c191628
P 0x7f2a7c19c168
C 10
R
P 0x7f2a7c191628
C 342
R
P 0x7f2a7c191628
P 0x7f2a7c1a2498
C 10
R
P 0x7f2a7c191628
C 342
R
P 0x7f2a7c191628
P 0x7f2a7c1a17e8
C 10
R
P 0x7f2a7c191628
C 342
R
P 0x7f2a7c191628
P 0x7f2a7c19bc88
C 10
R
P 0x7f2a7c191628
C 342
R
P 0x7f2a7c191628
P 0x7f2a7c19f988
C 10
R
P 0x7f2a7c191628
C 342
R
P 0x7f2a7c191628
P 0x7f2a7c4874e0
C 10
R
P 0x7f2a7c191628
C 342
R
P 0x7f2a7c191628
P 0x7f2a7c487208
C 10
R
P 0x7f2a7c191628
C 342
R
P 0x7f2a7c191628
P 0x7f2a7c477180
C 10
R
P 0x7f2a7c191628
C 342
R
P 0x7f2a7c191628
P 0x7f2a7c4873c8
C 10
R
P 0x7f2a7c191628
C 342
R
P 0x7f2a7c191628
P 0x7f2a7c19c0e8
C 10
R
P 0x7f2a7c191628
C 342
R
P 0x7f2a7c191628
P 0x7f2a7c19bfa8
C 10
R
P 0x7f2a7c191628
C 342
R
P 0x7f2a7c191628
P 0x7f2a7c19bd08
C 10
R
P 0x7f2a7c191628
C 342
R
P 0x7f2a7c191628
P 0x7f2a7c4873c8
C 10
R
P 0x7f2a7c191628
C 342
R
P 0x7f2a7c191628
P 0x7f2a7c48c4c0
C 10
R
P 0x7f2a7c191628
C 342
R
P 0x7f2a7c191628
P 0x7f2a7c2cd0d8
C 10
R
P 0x7f2a7c191628
C 342
R
P 0x7f2a7c191628
P 0x7f2a7c19f948
C 10
R
P 0x7f2a7c191628
C 342
R
P 0x7f2a7c191628
P 0x7f2a7c19bf48
C 10
R
P 0x7f2a7c191628
C 342
R
P 0x7f2a7c191628
P 0x7f2a7c479a48
C 10
R
P 0x7f2a7c191628
C 342
R
P 0x7f2a7c191628
P 0x7f2a7c487b70
C 10
R
P 0x7f2a7c191628
C 342
R
P 0x7f2a7c191628
P 0x7f2a7c479ff8
C 10
R
P 0x7f2a7c191628
C 342
R
P 0x7f2a7c191628
P 0x7f2a7c1a21f8
C 10
R
P 0x7f2a7c191628
C 342
R
P 0x7f2a7c191628
P 0x7f2a7c487e80
C 10
R
P 0x7f2a7c191628
C 342
R
P 0x7f2a7c191628
P 0x7f2a7c4872b0
C 10
R
P 0x7f2a7c191628
C 342
R
P 0x7f2a7c191628
P 0x7f2a7c487940
C 10
R
P 0x7f2a7c191628
C 342
R
P 0x7f2a7c191628
P 0x7f2a7c48bdf8
C 10
R
P 0x7f2a7c191628
C 342
R
P 0x7f2a7c191628
P 0x7f2a7c1a2428
C 10
R
P 0x7f2a7c191628
C 342
R
P 0x7f2a7c191628
P 0x7f2a7c19bc88
C 10
R
P 0x7f2a7c191628
C 342
R
P 0x7f2a7c191628
P 0x7f2a7c487390
C 10
R
P 0x7f2a7c191628
C 342
R
P 0x7f2a7c191628
P 0x7f2a7c1a1a50
C 10
R
P 0x7f2a7c191628
C 342
R
P 0x7f2a7c191628
P 0x7f2a7c1a1900
C 10
R
P 0x7f2a7c191628
C 342
R
P 0x7f2a7c191628
P 0x7f2a7c1a1890
C 10
R
P 0x7f2a7c191628
C 342
R
P 0x7f2a7c191628
P 0x7f2a7c19bc88
C 10
R
P 0x7f2a7c191628
C 342
R
P 0x7f2a7c191628
P 0x7f2a7c1a1f58
C 10
R
P 0x7f2a7c191628
C 342
R
P 0x7f2a7c191628
P 0x7f2a7c19bc88
C 10
R
P 0x7f2a7c191628
C 342
R
P 0x7f2a7c191628
P 0x7f2a7c19bc88
C 10
R
P 0x7f2a7c191628
C 342
R
P 0x7f2a7c191628
P 0x7f2a7c19bc88
C 10
R
P 0x7f2a7c191628
C 342
R
P 0x7f2a7c191628
P 0x7f2a7c19c148
C 10
R
P 0x7f2a7c191628
C 342
R
P 0x7f2a7c191628
P 0x7f2a7c19fa88
C 10
R
P 0x7f2a7c191628
C 342
R
P 0x7f2a7c191628
P 0x7f2a7c1a18c8
C 10
R
P 0x7f2a7c191628
C 342
R
P 0x7f2a7c191628
P 0x7f2a7c19f888
C 10
R
P 0x7f2a7c191628
C 342
R
P 0x7f2a7c191628
P 0x7f2a7c1a18c8
C 10
R
P 0x7f2a7c191628
C 342
R
P 0x7f2a7c191628
P 0x7f2a7c19bfe8
C 10
R
P 0x7f2a7c191628
C 342
R
P 0x7f2a7c191628
P 0x7f2a7c19bcc8
C 10
R
P 0x7f2a7c191628
C 342
R
P 0x7f2a7c191628
P 0x7f2a7c19bfc8
C 10
R
P 0x7f2a7c191628
C 342
R
P 0x7f2a7c191628
P 0x7f2a7c19fa08
C 10
R
P 0x7f2a7c191628
C 342
R
P 0x7f2a7c191628
P 0x7f2a7c19bfc8
C 10
R
P 0x7f2a7c191628
C 342
R
P 0x7f2a7c191628
P 0x7f2a7c48bf80
C 10
R
P 0x7f2a7c191628
C 342
R
P 0x7f2a7c191628
P 0x7f2a7c19c108
C 10
R
P 0x7f2a7c191628
C 342
R
P 0x7f2a7c191628
P 0x7f2a7c19bc88
C 10
R
P 0x7f2a7c191628
C 342
R
P 0x7f2a7c191628
P 0x7f2a7c19bc88
C 10
R
P 0x7f2a7c191628
C 342
R
P 0x7f2a7c191628
P 0x7f2a7c1a18c8
C 10
R
P 0x7f2a7c191628
C 342
R
P 0x7f2a7c191628
P 0x7f2a7c487ba8
C 10
R
P 0x7f2a7c191628
C 342
R
P 0x7f2a7c191628
P 0x7f2a7c48a638
C 10
R
P 0x7f2a7c191628
C 342
R
P 0x7f2a7c191628
P 0x7f2a7c19c028
C 10
R
P 0x7f2a7c191628
C 342
R
P 0x7f2a7c191628
P 0x7f2a7c19bd08
C 10
R
P 0x7f2a7c191628
C 342
R
P 0x7f2a7c191628
P 0x7f2a7c19bd08
C 10
R
P 0x7f2a7c191628
C 342
R
P 0x7f2a7c191628
P 0x7f2a7c1a1778
C 10
R
P 0x7f2a7c191628
C 342
R
P 0x7f2a7c191628
P 0x7f2a7c19c0a8
C 10
R
P 0x7f2a7c191628
C 342
R
P 0x7f2a7c191628
P 0x7f2a7c19c168
C 10
R
P 0x7f2a7c191628
C 342
R
P 0x7f2a7c191628
P 0x7f2a7c19f9c8
C 10
R
P 0x7f2a7c191628
C 342
R
P 0x7f2a7c191628
P 0x7f2a7c487da0
C 10
R
P 0x7f2a7c191628
C 342
R
P 0x7f2a7c191628
P 0x7f2a7c48d158
C 10
R
P 0x7f2a7c191628
C 342
R
P 0x7f2a7c191628
P 0x7f2a7c488008
C 10
R
P 0x7f2a7c191628
C 342
R
P 0x7f2a7c191628
P 0x7f2a7c479b98
C 10
R
P 0x7f2a7c191628
C 342
R
P 0x7f2a7c191628
P 0x7f2a7c48d970
C 10
R
P 0x7f2a7c191628
C 342
R
P 0x7f2a7c191628
P 0x7f2a7c48abd0
C 10
R
P 0x7f2a7c191628
C 342
R
P 0x7f2a7c191628
P 0x7f2a7c19f888
C 10
R
P 0x7f2a7c191628
C 342
R
P 0x7f2a7c191628
P 0x7f2a7c19c0e8
C 10
R
P 0x7f2a7c191628
C 342
R
P 0x7f2a7c191628
P 0x7f2a7c19c1c8
C 10
R
P 0x7f2a7c191628
C 342
R
P 0x7f2a7c191628
P 0x7f2a7c19bcc8
C 10
R
P 0x7f2a7c191628
C 342
R
P 0x7f2a7c191628
P 0x7f2a7c473888
C 10
R
P 0x7f2a7c191628
C 342
R
P 0x7f2a7c191628
P 0x7f2a7c19c0e8
C 10
R
P 0x7f2a7c191628
C 342
R
P 0x7f2a7c191628
P 0x7f2a7c487240
C 10
R
P 0x7f2a7c191628
C 342
R
P 0x7f2a7c191628
P 0x7f2a7c19bd08
C 10
R
P 0x7f2a7c191628
C 342
R
P 0x7f2a7c191628
P 0x7f2a7c19fb08
C 10
R
P 0x7f2a7c191628
C 342
R
P 0x7f2a7c191628
P 0x7f2a7c19fa88
C 10
R
P 0x7f2a7c191628
C 342
R
P 0x7f2a7c191628
P 0x7f2a7c19bc88
C 10
R
P 0x7f2a7c191628
C 342
R
P 0x7f2a7c191628
P 0x7f2a7c487400
C 10
R
P 0x7f2a7c191628
C 342
R
P 0x7f2a7c191628
P 0x7f2a7c4872b0
C 10
R
P 0x7f2a7c191628
C 342
R
P 0x7f2a7c191628
P 0x7f2a7c1a17b0
C 10
R
P 0x7f2a7c191628
C 342
R
P 0x7f2a7c191628
P 0x7f2a7c488158
C 10
R
P 0x7f2a7c191628
C 342
R
P 0x7f2a7c191628
P 0x7f2a7c1a18c8
C 10
R
P 0x7f2a7c191628
C 342
R
P 0x7f2a7c191628
P 0x7f2a7c19c208
C 10
R
P 0x7f2a7c191628
C 342
R
P 0x7f2a7c191628
P 0x7f2a7c1a2348
C 10
R
P 0x7f2a7c191628
C 342
R
P 0x7f2a7c191628
P 0x7f2a7c1a1938
C 10
R
P 0x7f2a7c191628
C 342
R
P 0x7f2a7c191628
P 0x7f2a7c4898e0
C 10
R
P 0x7f2a7c191628
C 342
R
P 0x7f2a7c191628
P 0x7f2a7c487390
C 10
R
P 0x7f2a7c191628
C 342
R
P 0x7f2a7c191628
P 0x7f2a7c19bc88
C 10
R
P 0x7f2a7c191628
C 342
R
P 0x7f2a7c191628
P 0x7f2a7c1a1900
C 10
R
P 0x7f2a7c191628
C 342
R
P 0x7f2a7c191628
P 0x7f2a7c19ec68
C 10
R
P 0x7f2a7c191628
C 342
R
P 0x7f2a7c191628
P 0x7f2a7c2ccc08
C 10
R
P 0x7f2a7c191628
C 342
R
P 0x7f2a7c191628
P 0x7f2a7c1a17e8
C 10
R
P 0x7f2a7c191628
C 342
R
P 0x7f2a7c191628
P 0x7f2a7c19bfc8
C 10
R
P 0x7f2a7c191628
C 342
R
P 0x7f2a7c191628
P 0x7f2a7c1a2348
C 10
R
P 0x7f2a7c191628
C 342
R
P 0x7f2a7c191628
P 0x7f2a7c19bc88
C 10
R
P 0x7f2a7c191628
C 342
R
P 0x7f2a7c191628
P 0x7f2a7c19c028
C 10
R
P 0x7f2a7c191628
C 342
R
P 0x7f2a7c191628
P 0x7f2a7c19bc88
C 10
R
P 0x7f2a7c191628
C 342
R
P 0x7f2a7c191628
P 0x7f2a7c487dd8
C 10
R
P 0x7f2a7c191628
C 342
R
P 0x7f2a7c191628
P 0x7f2a7c19c088
C 10
R
P 0x7f2a7c191628
C 342
R
P 0x7f2a7c191628
P 0x7f2a7c19c1a8
C 10
R
P 0x7f2a7c191628
C 342
R
P 0x7f2a7c191628
P 0x7f2a7c488158
C 10
R
P 0x7f2a7c191628
C 342
R
P 0x7f2a7c191628
P 0x7f2a7c19bc88
C 10
R
P 0x7f2a7c191628
C 342
R
P 0x7f2a7c191628
P 0x7f2a7c19f9c8
C 10
R
P 0x7f2a7c191628
C 342
R
P 0x7f2a7c191628
P 0x7f2a7c19bc88
C 10
R
P 0x7f2a7c191628
C 342
R
P 0x7f2a7c191628
P 0x7f2a7c19c2a8
C 10
R
P 0x7f2a7c191628
C 342
R
P 0x7f2a7c191628
P 0x7f2a7c488158
C 10
R
P 0x7f2a7c191628
C 342
R
P 0x7f2a7c191628
P 0x7f2a7c19bc88
C 10
R
P 0x7f2a7c191628
C 342
R
P 0x7f2a7c191628
P 0x7f2a7c487cc0
C 10
R
P 0x7f2a7c191628
C 342
R
P 0x7f2a7c191628
P 0x7f2a7c4795b0
C 10
R
P 0x7f2a7c191628
C 342
R
P 0x7f2a7c191628
P 0x7f2a7c1a21f8
C 10
R
P 0x7f2a7c191628
C 342
R
P 0x7f2a7c191628
P 0x7f2a7c19fb08
C 10
R
P 0x7f2a7c191628
C 342
R
P 0x7f2a7c191628
P 0x7f2a7c19bc88
C 10
R
P 0x7f2a7c191628
C 342
R
P 0x7f2a7c191628
P 0x7f2a7c475fc8
C 10
R
P 0x7f2a7c191628
C 342
R
P 0x7f2a7c191628
P 0x7f2a7c19c048
C 10
R
P 0x7f2a7c191628
C 342
R
P 0x7f2a7c191628
P 0x7f2a7c19c168
C 10
R
P 0x7f2a7c191628
C 342
R
P 0x7f2a7c191628
P 0x7f2a7c489480
C 10
R
P 0x7f2a7c191628
C 342
R
P 0x7f2a7c191628
P 0x7f2a7c487470
C 10
R
P 0x7f2a7c191628
C 342
R
P 0x7f2a7c191628
P 0x7f2a7c1a1900
C 10
R
P 0x7f2a7c191628
C 342
R
P 0x7f2a7c191628
P 0x7f2a7c19bc88
C 10
R
P 0x7f2a7c191628
C 342
R
P 0x7f2a7c191628
P 0x7f2a7c19c028
C 10
R
P 0x7f2a7c191628
C 342
R
P 0x7f2a7c191628
P 0x7f2a7c19c108
C 10
R
P 0x7f2a7c191628
C 342
R
P 0x7f2a7c191628
P 0x7f2a7c1a3180
C 10
R
P 0x7f2a7c191628
C 342
R
P 0x7f2a7c191628
P 0x7f2a7c19c028
C 10
R
P 0x7f2a7c191628
C 342
R
P 0x7f2a7c191628
P 0x7f2a7c19fa08
C 10
R
P 0x7f2a7c191628
C 342
R
P 0x7f2a7c191628
P 0x7f2a7c48c5a0
C 10
R
P 0x7f2a7c191628
C 342
R
P 0x7f2a7c191628
P 0x7f2a7c19bd08
C 10
R
P 0x7f2a7c191628
C 342
R
P 0x7f2a7c191628
P 0x7f2a7c19bcc8
C 10
R
P 0x7f2a7c191628
C 342
R
P 0x7f2a7c191628
P 0x7f2a7c487400
C 10
R
P 0x7f2a7c191628
C 342
R
P 0x7f2a7c191628
P 0x7f2a7c487438
C 10
R
P 0x7f2a7c191628
C 342
R
P 0x7f2a7c191628
P 0x7f2a7c19c028
C 10
R
P 0x7f2a7c191628
C 342
R
P 0x7f2a7c191628
P 0x7f2a7c19bfc8
C 10
R
P 0x7f2a7c191628
C 342
R
P 0x7f2a7c191628
P 0x7f2a7c19bc88
C 10
R
P 0x7f2a7c191628
C 342
R
P 0x7f2a7c191628
P 0x7f2a7c1a1970
C 10
R
P 0x7f2a7c191628
C 342
R
P 0x7f2a7c191628
P 0x7f2a7c486fd8
C 10
R
P 0x7f2a7c191628
C 342
R
P 0x7f2a7c191628
P 0x7f2a7c19bcc8
C 10
R
P 0x7f2a7c191628
C 342
R
P 0x7f2a7c191628
P 0x7f2a7c19bf48
C 10
R
P 0x7f2a7c191628
C 342
R
P 0x7f2a7c191628
P 0x7f2a7c19bc88
C 10
R
P 0x7f2a7c191628
C 342
R
P 0x7f2a7c191628
P 0x7f2a7c19c028
C 10
R
P 0x7f2a7c191628
C 342
R
P 0x7f2a7c191628
P 0x7f2a7c19c148
C 10
R
P 0x7f2a7c191628
C 342
R
P 0x7f2a7c191628
P 0x7f2a7c19f9c8
C 10
R
P 0x7f2a7c191628
C 342
R
P 0x7f2a7c191628
P 0x7f2a7c19c208
C 10
R
P 0x7f2a7c191628
C 342
R
P 0x7f2a7c191628
P 0x7f2a7c2cb7e8
C 10
R
P 0x7f2a7c191628
C 342
R
P 0x7f2a7c191628
P 0x7f2a7c19c2a8
C 10
R
P 0x7f2a7c191628
C 342
R
P 0x7f2a7c191628
P 0x7f2a7c2cc118
C 10
R
P 0x7f2a7c191628
C 342
R
P 0x7f2a7c191628
P 0x7f2a7c488190
C 10
R
P 0x7f2a7c191628
C 342
R
P 0x7f2a7c191628
P 0x7f2a7c487f60
C 10
R
P 0x7f2a7c191628
C 342
R
P 0x7f2a7c191628
P 0x7f2a7c19c0e8
C 10
R
P 0x7f2a7c191628
C 342
R
P 0x7f2a7c191628
P 0x7f2a7c2cc4d0
C 10
R
P 0x7f2a7c191628
C 342
R
P 0x7f2a7c191628
P 0x7f2a7c19c048
C 10
R
P 0x7f2a7c191628
C 342
R
P 0x7f2a7c191628
P 0x7f2a7c19bc88
C 10
R
P 0x7f2a7c191628
C 342
R
P 0x7f2a7c191628
P 0x7f2a7c1a1c48
C 10
R
P 0x7f2a7c191628
C 342
R
P 0x7f2a7c191628
P 0x7f2a7c487908
C 10
R
P 0x7f2a7c191628
C 342
R
P 0x7f2a7c191628
P 0x7f2a7c473dc8
C 10
R
P 0x7f2a7c191628
C 342
R
P 0x7f2a7c191628
P 0x7f2a7c487438
C 10
R
P 0x7f2a7c191628
C 342
R
P 0x7f2a7c191628
P 0x7f2a7c19c1a8
C 10
R
P 0x7f2a7c191628
C 342
R
P 0x7f2a7c191628
P 0x7f2a7c487390
C 10
R
P 0x7f2a7c191628
C 342
R
P 0x7f2a7c191628
P 0x7f2a7c1a2620
C 10
R
P 0x7f2a7c191628
C 342
R
P 0x7f2a7c191628
P 0x7f2a7c19c108
C 10
R
P 0x7f2a7c191628
C 342
R
P 0x7f2a7c191628
P 0x7f2a7c1a1778
C 10
R
P 0x7f2a7c191628
C 342
R
P 0x7f2a7c191628
P 0x7f2a7c1a1890
C 10
R
P 0x7f2a7c191628
C 342
R
P 0x7f2a7c191628
P 0x7f2a7c19bfa8
C 10
R
P 0x7f2a7c191628
C 342
R
P 0x7f2a7c191628
P 0x7f2a7c19bcc8
C 10
R
P 0x7f2a7c191628
C 342
R
P 0x7f2a7c191628
P 0x7f2a7c48d628
C 10
R
P 0x7f2a7c191628
C 342
R
P 0x7f2a7c191628
P 0x7f2a7c486fa0
C 10
R
P 0x7f2a7c191628
C 342
R
P 0x7f2a7c191628
P 0x7f2a7c19bc88
C 10
R
P 0x7f2a7c191628
C 342
R
P 0x7f2a7c191628
P 0x7f2a7c1a18c8
C 10
R
P 0x7f2a7c191628
C 342
R
P 0x7f2a7c191628
P 0x7f2a7c4787b0
C 10
R
P 0x7f2a7c191628
C 342
R
P 0x7f2a7c191628
P 0x7f2a7c19c028
C 10
R
P 0x7f2a7c191628
C 342
R
P 0x7f2a7c191628
P 0x7f2a7c19c148
C 10
R
P 0x7f2a7c191628
C 342
R
P 0x7f2a7c191628
P 0x7f2a7c19c0a8
C 10
R
P 0x7f2a7c191628
C 342
R
P 0x7f2a7c191628
P 0x7f2a7c4896b0
C 10
R
P 0x7f2a7c191628
C 342
R
P 0x7f2a7c191628
P 0x7f2a7c19bfa8
C 10
R
P 0x7f2a7c191628
C 342
R
P 0x7f2a7c191628
P 0x7f2a7c19c1a8
C 10
R
P 0x7f2a7c191628
C 342
R
P 0x7f2a7c191628
P 0x7f2a7c479cb0
C 10
R
P 0x7f2a7c191628
C 342
R
P 0x7f2a7c191628
P 0x7f2a7c19c148
C 10
R
P 0x7f2a7c191628
C 342
R
P 0x7f2a7c191628
P 0x7f2a7c19fa48
C 10
R
P 0x7f2a7c191628
C 342
R
P 0x7f2a7c191628
P 0x7f2a7c19bc88
C 10
R
P 0x7f2a7c191628
C 342
R
P 0x7f2a7c191628
P 0x7f2a7c488e98
C 10
R
P 0x7f2a7c191628
C 342
R
P 0x7f2a7c191628
P 0x7f2a7c19bcc8
C 10
R
P 0x7f2a7c191628
C 342
R
P 0x7f2a7c191628
P 0x7f2a7c2ccce8
C 10
R
P 0x7f2a7c191628
C 342
R
P 0x7f2a7c191628
P 0x7f2a7c19c028
C 10
R
P 0x7f2a7c191628
C 342
R
P 0x7f2a7c191628
P 0x7f2a7c4872b0
C 10
R
P 0x7f2a7c191628
C 342
R
P 0x7f2a7c191628
P 0x7f2a7c19bd08
C 10
R
P 0x7f2a7c191628
C 342
R
P 0x7f2a7c191628
P 0x7f2a7c1a1858
C 10
R
P 0x7f2a7c191628
C 342
R
P 0x7f2a7c191628
P 0x7f2a7c19bc88
C 10
R
P 0x7f2a7c191628
C 342
R
P 0x7f2a7c191628
P 0x7f2a7c19c1e8
C 10
R
P 0x7f2a7c191628
C 342
R
P 0x7f2a7c191628
P 0x7f2a7c1a25e8
C 10
R
P 0x7f2a7c191628
C 342
R
P 0x7f2a7c191628
P 0x7f2a7c19f848
C 10
R
P 0x7f2a7c191628
C 342
R
P 0x7f2a7c191628
P 0x7f2a7c19c188
C 10
R
P 0x7f2a7c191628
C 342
R
P 0x7f2a7c191628
P 0x7f2a7c19c0c8
C 10
R
P 0x7f2a7c191628
C 342
R
P 0x7f2a7c191628
P 0x7f2a7c1a21f8
C 10
R
P 0x7f2a7c191628
C 342
R
P 0x7f2a7c191628
P 0x7f2a7c1a1890
C 10
R
P 0x7f2a7c191628
C 342
R
P 0x7f2a7c191628
P 0x7f2a7c487da0
C 10
R
P 0x7f2a7c191628
C 342
R
P 0x7f2a7c191628
P 0x7f2a7c19c088
C 10
R
P 0x7f2a7c191628
C 342
R
P 0x7f2a7c191628
P 0x7f2a7c1a2498
C 10
R
P 0x7f2a7c191628
C 342
R
P 0x7f2a7c191628
P 0x7f2a7c487f98
C 10
R
P 0x7f2a7c191628
C 342
R
P 0x7f2a7c191628
P 0x7f2a7c19fa88
C 10
R
P 0x7f2a7c191628
C 342
R
P 0x7f2a7c191628
P 0x7f2a7c19c148
C 10
R
P 0x7f2a7c191628
C 342
R
P 0x7f2a7c191628
P 0x7f2a7c4761f8
C 10
R
P 0x7f2a7c191628
C 342
R
P 0x7f2a7c191628
P 0x7f2a7c19bfc8
C 10
R
P 0x7f2a7c191628
C 342
R
P 0x7f2a7c191628
P 0x7f2a7c488040
C 10
R
P 0x7f2a7c191628
C 342
R
P 0x7f2a7c191628
P 0x7f2a7c19fa08
C 10
R
P 0x7f2a7c191628
C 342
R
P 0x7f2a7c191628
P 0x7f2a7c19bfc8
C 10
R
P 0x7f2a7c191628
C 342
R
P 0x7f2a7c191628
P 0x7f2a7c19bfc8
C 10
R
P 0x7f2a7c191628
C 342
R
P 0x7f2a7c191628
P 0x7f2a7c1a1778
C 10
R
P 0x7f2a7c191628
C 342
R
P 0x7f2a7c191628
P 0x7f2a7c1a1778
C 10
R
P 0x7f2a7c191628
C 342
R
P 0x7f2a7c191628
P 0x7f2a7c48a398
C 10
R
P 0x7f2a7c191628
C 342
R
P 0x7f2a7c191628
P 0x7f2a7c487d68
C 10
R
P 0x7f2a7c191628
C 342
R
P 0x7f2a7c191628
P 0x7f2a7c1a1cb8
C 10
R
P 0x7f2a7c191628
C 342
R
P 0x7f2a7c191628
P 0x7f2a7c1a18c8
C 10
R
P 0x7f2a7c191628
C 342
R
P 0x7f2a7c191628
P 0x7f2a7c487ba8
C 10
R
P 0x7f2a7c191628
C 342
R
P 0x7f2a7c191628
P 0x7f2a7c4872b0
C 10
R
P 0x7f2a7c191628
C 342
R
P 0x7f2a7c191628
P 0x7f2a7c1a1890
C 10
R
P 0x7f2a7c191628
C 342
R
P 0x7f2a7c191628
P 0x7f2a7c2cbd28
C 10
R
P 0x7f2a7c191628
C 342
R
P 0x7f2a7c191628
P 0x7f2a7c1a24d0
C 10
R
P 0x7f2a7c191628
C 342
R
P 0x7f2a7c191628
P 0x7f2a7c4798c0
C 10
R
P 0x7f2a7c191628
C 342
R
P 0x7f2a7c191628
P 0x7f2a7c487588
C 10
R
P 0x7f2a7c191628
C 342
R
P 0x7f2a7c191628
P 0x7f2a7c19c208
C 10
R
P 0x7f2a7c191628
C 342
R
P 0x7f2a7c191628
P 0x7f2a7c19bd08
C 10
R
P 0x7f2a7c191628
C 342
R
P 0x7f2a7c191628
P 0x7f2a7c487278
C 10
R
P 0x7f2a7c191628
C 342
R
P 0x7f2a7c191628
P 0x7f2a7c19bd08
C 10
R
P 0x7f2a7c191628
C 342
R
P 0x7f2a7c191628
P 0x7f2a7c488078
C 10
R
P 0x7f2a7c191628
C 342
R
P 0x7f2a7c191628
P 0x7f2a7c19ea58
C 10
R
P 0x7f2a7c191628
C 342
R
P 0x7f2a7c191628
P 0x7f2a7c19bcc8
C 10
R
P 0x7f2a7c191628
C 342
R
P 0x7f2a7c191628
P 0x7f2a7c19bc88
C 10
R
P 0x7f2a7c191628
C 342
R
P 0x7f2a7c191628
P 0x7f2a7c479a80
C 10
R
P 0x7f2a7c191628
C 342
R
P 0x7f2a7c191628
P 0x7f2a7c4873c8
C 10
R
P 0x7f2a7c191628
C 342
R
P 0x7f2a7c191628
P 0x7f2a7c19c148
C 10
R
P 0x7f2a7c191628
C 342
R
P 0x7f2a7c191628
P 0x7f2a7c19bc88
C 10
R
P 0x7f2a7c191628
C 342
R
P 0x7f2a7c191628
P 0x7f2a7c19fac8
C 10
R
P 0x7f2a7c191628
C 342
R
P 0x7f2a7c191628
P 0x7f2a7c488158
C 10
R
P 0x7f2a7c191628
C 342
R
P 0x7f2a7c191628
P 0x7f2a7c473fd8
C 10
R
P 0x7f2a7c191628
C 342
R
P 0x7f2a7c191628
P 0x7f2a7c487f60
C 10
R
P 0x7f2a7c191628
C 342
R
P 0x7f2a7c191628
P 0x7f2a7c488e60
C 10
R
P 0x7f2a7c191628
C 342
R
P 0x7f2a7c191628
P 0x7f2a7c487ba8
C 10
R
P 0x7f2a7c191628
C 342
R
P 0x7f2a7c191628
P 0x7f2a7c19c028
C 10
R
P 0x7f2a7c191628
C 342
R
P 0x7f2a7c191628
P 0x7f2a7c473a68
C 10
R
P 0x7f2a7c191628
C 342
R
P 0x7f2a7c191628
P 0x7f2a7c19bfe8
C 10
R
P 0x7f2a7c191628
C 342
R
P 0x7f2a7c191628
P 0x7f2a7c1a25e8
C 10
R
P 0x7f2a7c191628
C 342
R
P 0x7f2a7c191628
P 0x7f2a7c19c088
C 10
R
P 0x7f2a7c191628
C 342
R
P 0x7f2a7c191628
P 0x7f2a7c487390
C 10
R
P 0x7f2a7c191628
C 342
R
P 0x7f2a7c191628
P 0x7f2a7c486fa0
C 10
R
P 0x7f2a7c191628
C 342
R
P 0x7f2a7c191628
P 0x7f2a7c4872b0
C 10
R
P 0x7f2a7c191628
C 342
R
P 0x7f2a7c191628
P 0x7f2a7c487940
C 10
R
P 0x7f2a7c191628
C 342
R
P 0x7f2a7c191628
P 0x7f2a7c19bc88
C 10
R
P 0x7f2a7c191628
C 342
R
P 0x7f2a7c191628
P 0x7f2a7c19c008
C 10
R
P 0x7f2a7c191628
C 342
R
P 0x7f2a7c191628
P 0x7f2a7c2cc700
C 10
R
P 0x7f2a7c191628
C 342
R
P 0x7f2a7c191628
P 0x7f2a7c19c168
C 10
R
P 0x7f2a7c191628
C 342
R
P 0x7f2a7c191628
P 0x7f2a7c19bd08
C 10
R
P 0x7f2a7c191628
C 342
R
P 0x7f2a7c191628
P 0x7f2a7c19bc88
C 10
R
P 0x7f2a7c191628
C 342
R
P 0x7f2a7c191628
P 0x7f2a7c1a18c8
C 10
R
P 0x7f2a7c191628
C 342
R
P 0x7f2a7c191628
P 0x7f2a7c19bc88
C 10
R
P 0x7f2a7c191628
C 342
R
P 0x7f2a7c191628
P 0x7f2a7c19bcc8
C 10
R
P 0x7f2a7c191628
C 342
R
P 0x7f2a7c191628
P 0x7f2a7c19bc88
C 10
R
P 0x7f2a7c191628
C 342
R
P 0x7f2a7c191628
P 0x7f2a7c19c0a8
C 10
R
P 0x7f2a7c191628
C 342
R
P 0x7f2a7c191628
P 0x7f2a7c19bd08
C 10
R
P 0x7f2a7c191628
C 342
R
P 0x7f2a7c191628
P 0x7f2a7c487f98
C 10
R
P 0x7f2a7c191628
C 342
R
P 0x7f2a7c191628
P 0x7f2a7c19c0e8
C 10
R
P 0x7f2a7c191628
C 342
R
P 0x7f2a7c191628
P 0x7f2a7c19c228
C 10
R
P 0x7f2a7c191628
C 342
R
P 0x7f2a7c191628
P 0x7f2a7c19e278
C 10
R
P 0x7f2a7c191628
C 342
R
P 0x7f2a7c191628
P 0x7f2a7c1a18c8
C 10
R
P 0x7f2a7c191628
C 342
R
P 0x7f2a7c191628
P 0x7f2a7c1a1cb8
C 10
R
P 0x7f2a7c191628
C 342
R
P 0x7f2a7c191628
P 0x7f2a7c19bc88
C 10
R
P 0x7f2a7c191628
C 342
R
P 0x7f2a7c191628
P 0x7f2a7c19bc88
C 10
R
P 0x7f2a7c191628
C 342
R
P 0x7f2a7c191628
P 0x7f2a7c486fd8
C 10
R
P 0x7f2a7c191628
C 342
R
P 0x7f2a7c191628
P 0x7f2a7c19c268
C 10
R
P 0x7f2a7c191628
C 342
R
P 0x7f2a7c191628
P 0x7f2a7c19bc88
C 10
R
P 0x7f2a7c191628
C 342
R
P 0x7f2a7c191628
P 0x7f2a7c19bc88
C 10
R
P 0x7f2a7c191628
C 342
R
P 0x7f2a7c191628
P 0x7f2a7c19bc88
C 10
R
P 0x7f2a7c191628
C 342
R
P 0x7f2a7c191628
P 0x7f2a7c19c1a8
C 10
R
P 0x7f2a7c191628
C 342
R
P 0x7f2a7c191628
P 0x7f2a7c487e80
C 10
R
P 0x7f2a7c191628
C 342
R
P 0x7f2a7c191628
P 0x7f2a7c1a1890
C 10
R
P 0x7f2a7c191628
C 342
R
P 0x7f2a7c191628
P 0x7f2a7c19bc88
C 10
R
P 0x7f2a7c191628
C 342
R
P 0x7f2a7c191628
P 0x7f2a7c19bca8
C 10
R
P 0x7f2a7c191628
C 342
R
P 0x7f2a7c191628
P 0x7f2a7c48bdf8
C 10
R
P 0x7f2a7c191628
C 342
R
P 0x7f2a7c191628
P 0x7f2a7c1a1778
C 10
R
P 0x7f2a7c191628
C 342
R
P 0x7f2a7c191628
P 0x7f2a7c19c168
C 10
R
P 0x7f2a7c191628
C 342
R
P 0x7f2a7c191628
P 0x7f2a7c4737c8
C 10
R
P 0x7f2a7c191628
C 342
R
P 0x7f2a7c191628
P 0x7f2a7c19c0a8
C 10
R
P 0x7f2a7c191628
C 342
R
P 0x7f2a7c191628
P 0x7f2a7c1a17b0
C 10
R
P 0x7f2a7c191628
C 342
R
P 0x7f2a7c191628
P 0x7f2a7c486fd8
C 10
R
P 0x7f2a7c191628
C 342
R
P 0x7f2a7c191628
P 0x7f2a7c19bcc8
C 10
R
P 0x7f2a7c191628
C 342
R
P 0x7f2a7c191628
P 0x7f2a7c4873c8
C 10
R
P 0x7f2a7c191628
C 342
R
P 0x7f2a7c191628
P 0x7f2a7c19bcc8
C 10
R
P 0x7f2a7c191628
C 342
R
P 0x7f2a7c191628
P 0x7f2a7c19c1c8
C 10
R
P 0x7f2a7c191628
C 342
R
P 0x7f2a7c191628
P 0x7f2a7c4881c8
C 10
R
P 0x7f2a7c191628
C 342
R
P 0x7f2a7c191628
P 0x7f2a7c19c268
C 10
R
P 0x7f2a7c191628
C 342
R
P 0x7f2a7c191628
P 0x7f2a7c19bcc8
C 10
R
P 0x7f2a7c191628
C 342
R
P 0x7f2a7c191628
P 0x7f2a7c19bcc8
C 10
R
P 0x7f2a7c191628
C 342
R
P 0x7f2a7c191628
P 0x7f2a7c19c0a8
C 10
R
P 0x7f2a7c191628
C 342
R
P 0x7f2a7c191628
P 0x7f2a7c479f18
C 10
R
P 0x7f2a7c191628
C 342
R
P 0x7f2a7c191628
P 0x7f2a7c19bce8
C 10
R
P 0x7f2a7c191628
C 342
R
P 0x7f2a7c191628
P 0x7f2a7c19bc88
C 10
R
P 0x7f2a7c191628
C 342
R
P 0x7f2a7c191628
P 0x7f2a7c19c2a8
C 10
R
P 0x7f2a7c191628
C 342
R
P 0x7f2a7c191628
P 0x7f2a7c487c88
C 10
R
P 0x7f2a7c191628
C 342
R
P 0x7f2a7c191628
P 0x7f2a7c2cca80
C 10
R
P 0x7f2a7c191628
C 342
R
P 0x7f2a7c191628
P 0x7f2a7c1a29a0
C 10
R
P 0x7f2a7c191628
C 342
R
P 0x7f2a7c191628
P 0x7f2a7c19bc88
C 10
R
P 0x7f2a7c191628
C 342
R
P 0x7f2a7c191628
P 0x7f2a7c19c188
C 10
R
P 0x7f2a7c191628
C 342
R
P 0x7f2a7c191628
P 0x7f2a7c19c048
C 10
R
P 0x7f2a7c191628
C 342
R
P 0x7f2a7c191628
P 0x7f2a7c19bf88
C 10
R
P 0x7f2a7c191628
C 342
R
P 0x7f2a7c191628
P 0x7f2a7c19fac8
C 10
R
P 0x7f2a7c191628
C 342
R
P 0x7f2a7c191628
P 0x7f2a7c1a18c8
C 10
R
P 0x7f2a7c191628
C 342
R
P 0x7f2a7c191628
P 0x7f2a7c19c1e8
C 10
R
P 0x7f2a7c191628
C 342
R
P 0x7f2a7c191628
P 0x7f2a7c486fa0
C 10
R
P 0x7f2a7c191628
C 342
R
P 0x7f2a7c191628
P 0x7f2a7c19bc88
C 10
R
P 0x7f2a7c191628
C 342
R
P 0x7f2a7c191628
P 0x7f2a7c3a2228
C 10
R
P 0x7f2a7c191628
C 342
R
P 0x7f2a7c191628
P 0x7f2a7c48c4c0
C 10
R
P 0x7f2a7c191628
C 342
R
P 0x7f2a7c191628
P 0x7f2a7c19f948
C 10
R
P 0x7f2a7c191628
C 342
R
P 0x7f2a7c191628
P 0x7f2a7c19bd08
C 10
R
P 0x7f2a7c191628
C 342
R
P 0x7f2a7c191628
P 0x7f2a7c478548
C 10
R
P 0x7f2a7c191628
C 342
R
P 0x7f2a7c191628
P 0x7f2a7c19c1a8
C 10
R
P 0x7f2a7c191628
C 342
R
P 0x7f2a7c191628
P 0x7f2a7c48d0e8
C 10
R
P 0x7f2a7c191628
C 342
R
P 0x7f2a7c191628
P 0x7f2a7c1a18c8
C 10
R
P 0x7f2a7c191628
C 342
R
P 0x7f2a7c191628
P 0x7f2a7c19c188
C 10
R
P 0x7f2a7c191628
C 342
R
P 0x7f2a7c191628
P 0x7f2a7c4873c8
C 10
R
P 0x7f2a7c191628
C 342
R
P 0x7f2a7c191628
P 0x7f2a7c489218
C 10
R
P 0x7f2a7c191628
C 342
R
P 0x7f2a7c191628
P 0x7f2a7c19c228
C 10
R
P 0x7f2a7c191628
C 342
R
P 0x7f2a7c191628
P 0x7f2a7c487208
C 10
R
P 0x7f2a7c191628
C 342
R
P 0x7f2a7c191628
P 0x7f2a7c1a1bd8
C 10
R
P 0x7f2a7c191628
C 342
R
P 0x7f2a7c191628
P 0x7f2a7c19f948
C 10
R
P 0x7f2a7c191628
C 342
R
P 0x7f2a7c191628
P 0x7f2a7c487010
C 10
R
P 0x7f2a7c191628
C 342
R
P 0x7f2a7c191628
P 0x7f2a7c19bd08
C 10
R
P 0x7f2a7c191628
C 342
R
P 0x7f2a7c191628
P 0x7f2a7c19bcc8
C 10
R
P 0x7f2a7c191628
C 342
R
P 0x7f2a7c191628
P 0x7f2a7c19fac8
C 10
R
P 0x7f2a7c191628
C 342
R
P 0x7f2a7c191628
P 0x7f2a7c1a17e8
C 10
R
P 0x7f2a7c191628
C 342
R
P 0x7f2a7c191628
P 0x7f2a7c19bd08
C 10
R
P 0x7f2a7c191628
C 342
R
P 0x7f2a7c191628
P 0x7f2a7c19bc88
C 10
R
P 0x7f2a7c191628
C 342
R
P 0x7f2a7c191628
P 0x7f2a7c19f9c8
C 10
R
P 0x7f2a7c191628
C 342
R
P 0x7f2a7c191628
P 0x7f2a7c19c028
C 10
R
P 0x7f2a7c191628
C 342
R
P 0x7f2a7c191628
P 0x7f2a7c487240
C 10
R
P 0x7f2a7c191628
C 342
R
P 0x7f2a7c191628
P 0x7f2a7c19fa08
C 10
R
P 0x7f2a7c191628
C 342
R
P 0x7f2a7c191628
P 0x7f2a7c19c148
C 10
R
P 0x7f2a7c191628
C 342
R
P 0x7f2a7c191628
P 0x7f2a7c19c148
C 10
R
P 0x7f2a7c191628
C 342
R
P 0x7f2a7c191628
P 0x7f2a7c19bc88
C 10
R
P 0x7f2a7c191628
C 342
R
P 0x7f2a7c191628
P 0x7f2a7c1a2a80
C 10
R
P 0x7f2a7c191628
C 342
R
P 0x7f2a7c191628
P 0x7f2a7c19bd08
C 10
R
P 0x7f2a7c191628
C 342
R
P 0x7f2a7c191628
P 0x7f2a7c19bcc8
C 10
R
P 0x7f2a7c191628
C 342
R
P 0x7f2a7c191628
P 0x7f2a7c1a2188
C 10
R
P 0x7f2a7c191628
C 342
R
P 0x7f2a7c191628
P 0x7f2a7c48e000
C 10
R
P 0x7f2a7c191628
C 342
R
P 0x7f2a7c191628
P 0x7f2a7c487048
C 10
R
P 0x7f2a7c191628
C 342
R
P 0x7f2a7c191628
P 0x7f2a7c19c0c8
C 10
R
P 0x7f2a7c191628
C 342
R
P 0x7f2a7c191628
P 0x7f2a7c19bd08
C 10
R
P 0x7f2a7c191628
C 342
R
P 0x7f2a7c191628
P 0x7f2a7c19c2a8
C 10
R
P 0x7f2a7c191628
C 342
R
P 0x7f2a7c191628
P 0x7f2a7c1a1e08
C 10
R
P 0x7f2a7c191628
C 342
R
P 0x7f2a7c191628
P 0x7f2a7c48a750
C 10
R
P 0x7f2a7c191628
C 342
R
P 0x7f2a7c191628
P 0x7f2a7c487f98
C 10
R
P 0x7f2a7c191628
C 342
R
P 0x7f2a7c191628
P 0x7f2a7c487400
C 10
R
P 0x7f2a7c191628
C 342
R
P 0x7f2a7c191628
P 0x7f2a7c487b70
C 10
R
P 0x7f2a7c191628
C 342
R
P 0x7f2a7c191628
P 0x7f2a7c4873c8
C 10
R
P 0x7f2a7c191628
C 342
R
P 0x7f2a7c191628
P 0x7f2a7c19bc88
C 10
R
P 0x7f2a7c191628
C 342
R
P 0x7f2a7c191628
P 0x7f2a7c4738b8
C 10
R
P 0x7f2a7c191628
C 342
R
P 0x7f2a7c191628
P 0x7f2a7c19bc88
C 10
R
P 0x7f2a7c191628
C 342
R
P 0x7f2a7c191628
P 0x7f2a7c479fc0
C 10
R
P 0x7f2a7c191628
C 342
R
P 0x7f2a7c191628
P 0x7f2a7c1a1900
C 10
R
P 0x7f2a7c191628
C 342
R
P 0x7f2a7c191628
P 0x7f2a7c1a1938
C 10
R
P 0x7f2a7c191628
C 342
R
P 0x7f2a7c191628
P 0x7f2a7c487be0
C 10
R
P 0x7f2a7c191628
C 342
R
P 0x7f2a7c191628
P 0x7f2a7c19c2a8
C 10
R
P 0x7f2a7c191628
C 342
R
P 0x7f2a7c191628
P 0x7f2a7c486fa0
C 10
R
P 0x7f2a7c191628
C 342
R
P 0x7f2a7c191628
P 0x7f2a7c4879b0
C 10
R
P 0x7f2a7c191628
C 342
R
P 0x7f2a7c191628
P 0x7f2a7c48c290
C 10
R
P 0x7f2a7c191628
C 342
R
P 0x7f2a7c191628
P 0x7f2a7c19c1a8
C 10
R
P 0x7f2a7c191628
C 342
R
P 0x7f2a7c191628
P 0x7f2a7c487080
C 10
R
P 0x7f2a7c191628
C 342
R
P 0x7f2a7c191628
P 0x7f2a7c19c048
C 10
R
P 0x7f2a7c191628
C 342
R
P 0x7f2a7c191628
P 0x7f2a7c487208
C 10
R
P 0x7f2a7c191628
C 342
R
P 0x7f2a7c191628
P 0x7f2a7c4755f0
C 10
R
P 0x7f2a7c191628
C 342
R
P 0x7f2a7c191628
P 0x7f2a7c19bc88
C 10
R
P 0x7f2a7c191628
C 342
R
P 0x7f2a7c191628
P 0x7f2a7c2ccd58
C 10
R
P 0x7f2a7c191628
C 342
R
P 0x7f2a7c191628
P 0x7f2a7c486fd8
C 10
R
P 0x7f2a7c191628
C 342
R
P 0x7f2a7c191628
P 0x7f2a7c475af8
C 10
R
P 0x7f2a7c191628
C 342
R
P 0x7f2a7c191628
P 0x7f2a7c1a1970
C 10
R
P 0x7f2a7c191628
C 342
R
P 0x7f2a7c191628
P 0x7f2a7c19bd08
C 10
R
P 0x7f2a7c191628
C 342
R
P 0x7f2a7c191628
P 0x7f2a7c48e188
C 10
R
P 0x7f2a7c191628
C 342
R
P 0x7f2a7c191628
P 0x7f2a7c487080
C 10
R
P 0x7f2a7c191628
C 342
R
P 0x7f2a7c191628
P 0x7f2a7c19bc88
C 10
R
P 0x7f2a7c191628
C 342
R
P 0x7f2a7c191628
P 0x7f2a7c19bd08
C 10
R
P 0x7f2a7c191628
C 342
R
P 0x7f2a7c191628
P 0x7f2a7c19bc88
C 10
R
P 0x7f2a7c191628
C 342
R
P 0x7f2a7c191628
P 0x7f2a7c19c2a8
C 10
R
P 0x7f2a7c191628
C 342
R
P 0x7f2a7c191628
P 0x7f2a7c487080
C 10
R
P 0x7f2a7c191628
C 342
R
P 0x7f2a7c191628
P 0x7f2a7c19c1c8
C 10
R
P 0x7f2a7c191628
C 342
R
P 0x7f2a7c191628
P 0x7f2a7c19bc88
C 10
R
P 0x7f2a7c191628
C 342
R
P 0x7f2a7c191628
P 0x7f2a7c48c418
C 10
R
P 0x7f2a7c191628
C 342
R
P 0x7f2a7c191628
P 0x7f2a7c487da0
C 10
R
P 0x7f2a7c191628
C 342
R
P 0x7f2a7c191628
P 0x7f2a7c19bf68
C 10
R
P 0x7f2a7c191628
C 342
R
P 0x7f2a7c191628
P 0x7f2a7c19de28
C 10
R
P 0x7f2a7c191628
C 342
R
P 0x7f2a7c191628
P 0x7f2a7c19bc88
C 10
R
P 0x7f2a7c191628
C 342
R
P 0x7f2a7c191628
P 0x7f2a7c19bfc8
C 10
R
P 0x7f2a7c191628
C 342
R
P 0x7f2a7c191628
P 0x7f2a7c488388
C 10
R
P 0x7f2a7c191628
C 342
R
P 0x7f2a7c191628
P 0x7f2a7c487908
C 10
R
P 0x7f2a7c191628
C 342
R
P 0x7f2a7c191628
P 0x7f2a7c19c108
C 10
R
P 0x7f2a7c191628
C 342
R
P 0x7f2a7c191628
P 0x7f2a7c4871d0
C 10
R
P 0x7f2a7c191628
C 342
R
P 0x7f2a7c191628
P 0x7f2a7c489c60
C 10
R
P 0x7f2a7c191628
C 342
R
P 0x7f2a7c191628
P 0x7f2a7c19bfa8
C 10
R
P 0x7f2a7c191628
C 342
R
P 0x7f2a7c191628
P 0x7f2a7c1a3068
C 10
R
P 0x7f2a7c191628
C 342
R
P 0x7f2a7c191628
P 0x7f2a7c19bc88
C 10
R
P 0x7f2a7c191628
C 342
R
P 0x7f2a7c191628
P 0x7f2a7c19bc88
C 10
R
P 0x7f2a7c191628
C 342
R
P 0x7f2a7c191628
P 0x7f2a7c19bcc8
C 10
R
P 0x7f2a7c191628
C 342
R
P 0x7f2a7c191628
P 0x7f2a7c487240
C 10
R
P 0x7f2a7c191628
C 342
R
P 0x7f2a7c191628
P 0x7f2a7c19f848
C 10
R
P 0x7f2a7c191628
C 342
R
P 0x7f2a7c191628
P 0x7f2a7c19c1a8
C 10
R
P 0x7f2a7c191628
C 342
R
P 0x7f2a7c191628
P 0x7f2a7c19c1a8
C 10
R
P 0x7f2a7c191628
C 342
R
P 0x7f2a7c191628
P 0x7f2a7c19bcc8
C 10
R
P 0x7f2a7c191628
C 342
R
P 0x7f2a7c191628
P 0x7f2a7c19bc88
C 10
R
P 0x7f2a7c191628
C 342
R
P 0x7f2a7c191628
P 0x7f2a7c19bc88
C 10
R
P 0x7f2a7c191628
C 342
R
P 0x7f2a7c191628
P 0x7f2a7c19bc88
C 10
R
P 0x7f2a7c191628
C 342
R
P 0x7f2a7c191628
P 0x7f2a7c19bc88
C 10
R
P 0x7f2a7c191628
C 342
R
P 0x7f2a7c191628
P 0x7f2a7c19c148
C 10
R
P 0x7f2a7c191628
C 342
R
P 0x7f2a7c191628
P 0x7f2a7c19bc88
C 10
R
P 0x7f2a7c191628
C 342
R
P 0x7f2a7c191628
P 0x7f2a7c479ff8
C 10
R
P 0x7f2a7c191628
C 342
R
P 0x7f2a7c191628
P 0x7f2a7c19c088
C 10
R
P 0x7f2a7c191628
C 342
R
P 0x7f2a7c191628
P 0x7f2a7c479460
C 10
R
P 0x7f2a7c191628
C 342
R
P 0x7f2a7c191628
P 0x7f2a7c19c0e8
C 10
R
P 0x7f2a7c191628
C 342
R
P 0x7f2a7c191628
P 0x7f2a7c19c0e8
C 10
R
P 0x7f2a7c191628
C 342
R
P 0x7f2a7c191628
P 0x7f2a7c1a2ff8
C 10
R
P 0x7f2a7c191628
C 342
R
P 0x7f2a7c191628
P 0x7f2a7c19bc88
C 10
R
P 0x7f2a7c191628
C 342
R
P 0x7f2a7c191628
P 0x7f2a7c19c0e8
C 10
R
P 0x7f2a7c191628
C 342
R
P 0x7f2a7c191628
P 0x7f2a7c487240
C 10
R
P 0x7f2a7c191628
C 342
R
P 0x7f2a7c191628
P 0x7f2a7c19bce8
C 10
R
P 0x7f2a7c191628
C 342
R
P 0x7f2a7c191628
P 0x7f2a7c486fa0
C 10
R
P 0x7f2a7c191628
C 342
R
P 0x7f2a7c191628
P 0x7f2a7c488078
C 10
R
P 0x7f2a7c191628
C 342
R
P 0x7f2a7c191628
P 0x7f2a7c19c1c8
C 10
R
P 0x7f2a7c191628
C 342
R
P 0x7f2a7c191628
P 0x7f2a7c19c168
C 10
R
P 0x7f2a7c191628
C 342
R
P 0x7f2a7c191628
P 0x7f2a7c487b70
C 10
R
P 0x7f2a7c191628
C 342
R
P 0x7f2a7c191628
P 0x7f2a7c19bc88
C 10
R
P 0x7f2a7c191628
C 342
R
P 0x7f2a7c191628
P 0x7f2a7c486fa0
C 10
R
P 0x7f2a7c191628
C 342
R
P 0x7f2a7c191628
P 0x7f2a7c488200
C 10
R
P 0x7f2a7c191628
C 342
R
P 0x7f2a7c191628
P 0x7f2a7c488190
C 10
R
P 0x7f2a7c191628
C 342
R
P 0x7f2a7c191628
P 0x7f2a7c487390
C 10
R
P 0x7f2a7c191628
C 342
R
P 0x7f2a7c191628
P 0x7f2a7c48c648
C 10
R
P 0x7f2a7c191628
C 342
R
P 0x7f2a7c191628
P 0x7f2a7c1a1938
C 10
R
P 0x7f2a7c191628
C 342
R
P 0x7f2a7c191628
P 0x7f2a7c1a2498
C 10
R
P 0x7f2a7c191628
C 342
R
P 0x7f2a7c191628
P 0x7f2a7c19e068
C 10
R
P 0x7f2a7c191628
C 342
R
P 0x7f2a7c191628
P 0x7f2a7c1a1900
C 10
R
P 0x7f2a7c191628
C 342
R
P 0x7f2a7c191628
P 0x7f2a7c487f60
C 10
R
P 0x7f2a7c191628
C 342
R
P 0x7f2a7c191628
P 0x7f2a7c19c2a8
C 10
R
P 0x7f2a7c191628
C 342
R
P 0x7f2a7c191628
P 0x7f2a7c48b1b8
C 10
R
P 0x7f2a7c191628
C 342
R
P 0x7f2a7c191628
P 0x7f2a7c19c148
C 10
R
P 0x7f2a7c191628
C 342
R
P 0x7f2a7c191628
P 0x7f2a7c19c208
C 10
R
P 0x7f2a7c191628
C 342
R
P 0x7f2a7c191628
P 0x7f2a7c19fac8
C 10
R
P 0x7f2a7c191628
C 342
R
P 0x7f2a7c191628
P 0x7f2a7c19fb08
C 10
R
P 0x7f2a7c191628
C 342
R
P 0x7f2a7c191628
P 0x7f2a7c19f948
C 10
R
P 0x7f2a7c191628
C 342
R
P 0x7f2a7c191628
P 0x7f2a7c19e248
C 10
R
P 0x7f2a7c191628
C 342
R
P 0x7f2a7c191628
P 0x7f2a7c19bc88
C 10
R
P 0x7f2a7c191628
C 342
R
P 0x7f2a7c191628
P 0x7f2a7c4896b0
C 10
R
P 0x7f2a7c191628
C 342
R
P 0x7f2a7c191628
P 0x7f2a7c487a58
C 10
R
P 0x7f2a7c191628
C 342
R
P 0x7f2a7c191628
P 0x7f2a7c487208
C 10
R
P 0x7f2a7c191628
C 342
R
P 0x7f2a7c191628
P 0x7f2a7c2ccb98
C 10
R
P 0x7f2a7c191628
C 342
R
P 0x7f2a7c191628
P 0x7f2a7c19bf68
C 10
R
P 0x7f2a7c191628
C 342
R
P 0x7f2a7c191628
P 0x7f2a7c1a1d60
C 10
R
P 0x7f2a7c191628
C 342
R
P 0x7f2a7c191628
P 0x7f2a7c19f948
C 10
R
P 0x7f2a7c191628
C 342
R
P 0x7f2a7c191628
P 0x7f2a7c19fa88
C 10
R
P 0x7f2a7c191628
C 342
R
P 0x7f2a7c191628
P 0x7f2a7c19c268
C 10
R
P 0x7f2a7c191628
C 342
R
P 0x7f2a7c191628
P 0x7f2a7c19fa08
C 10
R
P 0x7f2a7c191628
C 342
R
P 0x7f2a7c191628
P 0x7f2a7c48c5a0
C 10
R
P 0x7f2a7c191628
C 342
R
P 0x7f2a7c191628
P 0x7f2a7c487048
C 10
R
P 0x7f2a7c191628
C 342
R
P 0x7f2a7c191628
P 0x7f2a7c1a1f58
C 10
R
P 0x7f2a7c191628
C 342
R
P 0x7f2a7c191628
P 0x7f2a7c486fa0
C 10
R
P 0x7f2a7c191628
C 342
R
P 0x7f2a7c191628
P 0x7f2a7c19bca8
C 10
R
P 0x7f2a7c191628
C 342
R
P 0x7f2a7c191628
P 0x7f2a7c473738
C 10
R
P 0x7f2a7c191628
C 342
R
P 0x7f2a7c191628
P 0x7f2a7c4872b0
C 10
R
P 0x7f2a7c191628
C 342
R
P 0x7f2a7c191628
P 0x7f2a7c19bc88
C 10
R
P 0x7f2a7c191628
C 342
R
P 0x7f2a7c191628
P 0x7f2a7c19c088
C 10
R
P 0x7f2a7c191628
C 342
R
P 0x7f2a7c191628
P 0x7f2a7c4e9f28
C 301
R
P 0x7f2a7c191628
C 342
R
P 0x7f2a7c191628
P 0x7f2a7c1e1fc8
C 422
R
P 0x7f2a7c191628
C 342
R
P 0x7f2a7c191628
C 8
